[2025-11-29T09:03:32.521+0000][0.042s][info][gc] Using G1
[2025-11-29T09:03:32.528+0000][0.049s][info][gc,init] Version: 17.0.16+8-Debian-1deb12u1 (release)
[2025-11-29T09:03:32.528+0000][0.049s][info][gc,init] CPUs: 16 total, 16 available
[2025-11-29T09:03:32.529+0000][0.049s][info][gc,init] Memory: 7590M
[2025-11-29T09:03:32.529+0000][0.049s][info][gc,init] Large Page Support: Disabled
[2025-11-29T09:03:32.529+0000][0.049s][info][gc,init] NUMA Support: Disabled
[2025-11-29T09:03:32.529+0000][0.049s][info][gc,init] Compressed Oops: Enabled (32-bit)
[2025-11-29T09:03:32.529+0000][0.049s][info][gc,init] Heap Region Size: 1M
[2025-11-29T09:03:32.529+0000][0.049s][info][gc,init] Heap Min Capacity: 8M
[2025-11-29T09:03:32.529+0000][0.049s][info][gc,init] Heap Initial Capacity: 120M
[2025-11-29T09:03:32.529+0000][0.049s][info][gc,init] Heap Max Capacity: 1898M
[2025-11-29T09:03:32.529+0000][0.049s][info][gc,init] Pre-touch: Disabled
[2025-11-29T09:03:32.529+0000][0.049s][info][gc,init] Parallel Workers: 13
[2025-11-29T09:03:32.529+0000][0.049s][info][gc,init] Concurrent Workers: 3
[2025-11-29T09:03:32.529+0000][0.049s][info][gc,init] Concurrent Refinement Workers: 13
[2025-11-29T09:03:32.529+0000][0.049s][info][gc,init] Periodic GC: Disabled
[2025-11-29T09:03:32.565+0000][0.085s][info][gc,metaspace] CDS archive(s) mapped at: [0x0000758ca7000000-0x0000758ca7bca000-0x0000758ca7bca000), size 12361728, SharedBaseAddress: 0x0000758ca7000000, ArchiveRelocationMode: 1.
[2025-11-29T09:03:32.565+0000][0.085s][info][gc,metaspace] Compressed class space mapped at: 0x0000758ca8000000-0x0000758ce8000000, reserved size: 1073741824
[2025-11-29T09:03:32.565+0000][0.085s][info][gc,metaspace] Narrow klass base: 0x0000758ca7000000, Narrow klass shift: 0, Narrow klass range: 0x100000000
[2025-11-29T09:03:32.589+0000][0.110s][info][cds,heap    ] initialize_from_archived_subgraph java.lang.Module$ArchivedData 0x0000758ca71837f0 (early)
[2025-11-29T09:03:32.590+0000][0.110s][info][cds,heap    ] initialize_from_archived_subgraph java.util.ImmutableCollections 0x0000758ca7072308 (early)
[2025-11-29T09:03:32.593+0000][0.113s][info][cds,heap    ] initialize_from_archived_subgraph java.lang.Integer$IntegerCache 0x0000758ca7037660 (early)
[2025-11-29T09:03:32.605+0000][0.125s][info][cds,heap    ] initialize_from_archived_subgraph java.lang.module.Configuration 0x0000758ca7171770 (early)
[2025-11-29T09:03:32.605+0000][0.125s][info][cds,heap    ] initialize_from_archived_subgraph java.lang.ModuleLayer 0x0000758ca7145ba8 (early)
[2025-11-29T09:03:32.605+0000][0.126s][info][cds,heap    ] initialize_from_archived_subgraph jdk.internal.loader.ArchivedClassLoaders 0x0000758ca71a7e68 (early)
[2025-11-29T09:03:32.605+0000][0.126s][info][cds,heap    ] initialize_from_archived_subgraph jdk.internal.module.ArchivedBootLayer 0x0000758ca71783b0 (early)
[2025-11-29T09:03:32.610+0000][0.130s][info][cds,heap    ] initialize_from_archived_subgraph sun.util.locale.BaseLocale 0x0000758ca726ebf0
[2025-11-29T09:03:32.628+0000][0.148s][info][cds,heap    ] initialize_from_archived_subgraph java.util.jar.Attributes$Name 0x0000758ca71998d0
[2025-11-29T09:03:32.673+0000][0.193s][info][cds,heap    ] initialize_from_archived_subgraph java.lang.Long$LongCache 0x0000758ca7020f98
[2025-11-29T09:03:32.807+0000][0.328s][info][cds,heap    ] initialize_from_archived_subgraph java.lang.Character$CharacterCache 0x0000758ca703a9e8
[2025-11-29T09:03:33.286+0000][0.806s][debug][safepoint   ] Safepoint synchronization initiated using futex wait barrier. (19 threads)
[2025-11-29T09:03:33.286+0000][0.806s][info ][safepoint   ] Safepoint "ICBufferFull", Time since last: 699602480 ns, Reaching safepoint: 162362 ns, Cleanup: 128136 ns, At safepoint: 45537 ns, Total: 336035 ns
[2025-11-29T09:03:33.747+0000][1.268s][debug][safepoint   ] Safepoint synchronization initiated using futex wait barrier. (21 threads)
[2025-11-29T09:03:33.748+0000][1.268s][info ][gc,start    ] GC(0) Pause Young (Normal) (G1 Evacuation Pause)
[2025-11-29T09:03:33.748+0000][1.268s][info ][gc,task     ] GC(0) Using 2 workers of 13 for evacuation
[2025-11-29T09:03:33.762+0000][1.283s][info ][gc,phases   ] GC(0)   Pre Evacuate Collection Set: 0.1ms
[2025-11-29T09:03:33.762+0000][1.283s][info ][gc,phases   ] GC(0)   Merge Heap Roots: 0.2ms
[2025-11-29T09:03:33.762+0000][1.283s][info ][gc,phases   ] GC(0)   Evacuate Collection Set: 11.3ms
[2025-11-29T09:03:33.762+0000][1.283s][info ][gc,phases   ] GC(0)   Post Evacuate Collection Set: 2.4ms
[2025-11-29T09:03:33.762+0000][1.283s][info ][gc,phases   ] GC(0)   Other: 0.6ms
[2025-11-29T09:03:33.762+0000][1.283s][info ][gc,heap     ] GC(0) Eden regions: 56->0(58)
[2025-11-29T09:03:33.762+0000][1.283s][info ][gc,heap     ] GC(0) Survivor regions: 0->7(7)
[2025-11-29T09:03:33.762+0000][1.283s][info ][gc,heap     ] GC(0) Old regions: 0->2
[2025-11-29T09:03:33.762+0000][1.283s][info ][gc,heap     ] GC(0) Archive regions: 2->2
[2025-11-29T09:03:33.762+0000][1.283s][info ][gc,heap     ] GC(0) Humongous regions: 0->0
[2025-11-29T09:03:33.762+0000][1.283s][info ][gc,metaspace] GC(0) Metaspace: 2706K(2880K)->2706K(2880K) NonClass: 2456K(2560K)->2456K(2560K) Class: 249K(320K)->249K(320K)
[2025-11-29T09:03:33.762+0000][1.283s][info ][gc          ] GC(0) Pause Young (Normal) (G1 Evacuation Pause) 56M->9M(122M) 14.694ms
[2025-11-29T09:03:33.762+0000][1.283s][info ][gc,cpu      ] GC(0) User=0.03s Sys=0.01s Real=0.01s
[2025-11-29T09:03:33.762+0000][1.283s][info ][safepoint   ] Safepoint "G1CollectForAllocation", Time since last: 461308756 ns, Reaching safepoint: 90724 ns, Cleanup: 57871 ns, At safepoint: 14979370 ns, Total: 15127965 ns
[2025-11-29T09:03:34.296+0000][1.817s][debug][safepoint   ] Safepoint synchronization initiated using futex wait barrier. (21 threads)
[2025-11-29T09:03:34.297+0000][1.817s][info ][gc,start    ] GC(1) Pause Young (Normal) (G1 Evacuation Pause)
[2025-11-29T09:03:34.297+0000][1.817s][info ][gc,task     ] GC(1) Using 2 workers of 13 for evacuation
[2025-11-29T09:03:34.312+0000][1.832s][info ][gc,phases   ] GC(1)   Pre Evacuate Collection Set: 0.1ms
[2025-11-29T09:03:34.312+0000][1.833s][info ][gc,phases   ] GC(1)   Merge Heap Roots: 0.1ms
[2025-11-29T09:03:34.312+0000][1.833s][info ][gc,phases   ] GC(1)   Evacuate Collection Set: 11.8ms
[2025-11-29T09:03:34.312+0000][1.833s][info ][gc,phases   ] GC(1)   Post Evacuate Collection Set: 3.4ms
[2025-11-29T09:03:34.312+0000][1.833s][info ][gc,phases   ] GC(1)   Other: 0.1ms
[2025-11-29T09:03:34.312+0000][1.833s][info ][gc,heap     ] GC(1) Eden regions: 58->0(65)
[2025-11-29T09:03:34.312+0000][1.833s][info ][gc,heap     ] GC(1) Survivor regions: 7->3(9)
[2025-11-29T09:03:34.312+0000][1.833s][info ][gc,heap     ] GC(1) Old regions: 2->9
[2025-11-29T09:03:34.312+0000][1.833s][info ][gc,heap     ] GC(1) Archive regions: 2->2
[2025-11-29T09:03:34.312+0000][1.833s][info ][gc,heap     ] GC(1) Humongous regions: 0->0
[2025-11-29T09:03:34.312+0000][1.833s][info ][gc,metaspace] GC(1) Metaspace: 4619K(4864K)->4619K(4864K) NonClass: 4081K(4224K)->4081K(4224K) Class: 537K(640K)->537K(640K)
[2025-11-29T09:03:34.312+0000][1.833s][info ][gc          ] GC(1) Pause Young (Normal) (G1 Evacuation Pause) 67M->11M(122M) 15.623ms
[2025-11-29T09:03:34.312+0000][1.833s][info ][gc,cpu      ] GC(1) User=0.02s Sys=0.02s Real=0.01s
[2025-11-29T09:03:34.312+0000][1.833s][info ][safepoint   ] Safepoint "G1CollectForAllocation", Time since last: 533898235 ns, Reaching safepoint: 57059 ns, Cleanup: 85114 ns, At safepoint: 15778582 ns, Total: 15920755 ns
[2025-11-29T09:03:34.766+0000][2.287s][debug][safepoint   ] Safepoint synchronization initiated using futex wait barrier. (19 threads)
[2025-11-29T09:03:34.767+0000][2.287s][info ][safepoint   ] Safepoint "ICBufferFull", Time since last: 453915888 ns, Reaching safepoint: 48673 ns, Cleanup: 276129 ns, At safepoint: 37873 ns, Total: 362675 ns
[2025-11-29T09:03:34.852+0000][2.372s][debug][safepoint   ] Safepoint synchronization initiated using futex wait barrier. (19 threads)
[2025-11-29T09:03:34.852+0000][2.372s][info ][gc,start    ] GC(2) Pause Young (Normal) (G1 Evacuation Pause)
[2025-11-29T09:03:34.852+0000][2.372s][info ][gc,task     ] GC(2) Using 2 workers of 13 for evacuation
[2025-11-29T09:03:34.860+0000][2.380s][info ][gc,phases   ] GC(2)   Pre Evacuate Collection Set: 0.2ms
[2025-11-29T09:03:34.860+0000][2.380s][info ][gc,phases   ] GC(2)   Merge Heap Roots: 0.2ms
[2025-11-29T09:03:34.860+0000][2.380s][info ][gc,phases   ] GC(2)   Evacuate Collection Set: 6.3ms
[2025-11-29T09:03:34.860+0000][2.380s][info ][gc,phases   ] GC(2)   Post Evacuate Collection Set: 1.0ms
[2025-11-29T09:03:34.860+0000][2.380s][info ][gc,phases   ] GC(2)   Other: 0.1ms
[2025-11-29T09:03:34.860+0000][2.380s][info ][gc,heap     ] GC(2) Eden regions: 65->0(67)
[2025-11-29T09:03:34.860+0000][2.380s][info ][gc,heap     ] GC(2) Survivor regions: 3->5(9)
[2025-11-29T09:03:34.860+0000][2.380s][info ][gc,heap     ] GC(2) Old regions: 9->9
[2025-11-29T09:03:34.860+0000][2.380s][info ][gc,heap     ] GC(2) Archive regions: 2->2
[2025-11-29T09:03:34.860+0000][2.380s][info ][gc,heap     ] GC(2) Humongous regions: 0->0
[2025-11-29T09:03:34.860+0000][2.380s][info ][gc,metaspace] GC(2) Metaspace: 7627K(7872K)->7627K(7872K) NonClass: 6659K(6784K)->6659K(6784K) Class: 967K(1088K)->967K(1088K)
[2025-11-29T09:03:34.860+0000][2.380s][info ][gc          ] GC(2) Pause Young (Normal) (G1 Evacuation Pause) 76M->13M(122M) 7.869ms
[2025-11-29T09:03:34.860+0000][2.380s][info ][gc,cpu      ] GC(2) User=0.02s Sys=0.01s Real=0.01s
[2025-11-29T09:03:34.860+0000][2.380s][info ][safepoint   ] Safepoint "G1CollectForAllocation", Time since last: 84917954 ns, Reaching safepoint: 167371 ns, Cleanup: 30879 ns, At safepoint: 8016405 ns, Total: 8214655 ns
[2025-11-29T09:03:35.351+0000][2.872s][debug][safepoint   ] Safepoint synchronization initiated using futex wait barrier. (19 threads)
[2025-11-29T09:03:35.352+0000][2.872s][info ][gc,start    ] GC(3) Pause Young (Normal) (G1 Evacuation Pause)
[2025-11-29T09:03:35.352+0000][2.872s][info ][gc,task     ] GC(3) Using 2 workers of 13 for evacuation
[2025-11-29T09:03:35.359+0000][2.880s][info ][gc,phases   ] GC(3)   Pre Evacuate Collection Set: 0.1ms
[2025-11-29T09:03:35.359+0000][2.880s][info ][gc,phases   ] GC(3)   Merge Heap Roots: 0.1ms
[2025-11-29T09:03:35.359+0000][2.880s][info ][gc,phases   ] GC(3)   Evacuate Collection Set: 6.2ms
[2025-11-29T09:03:35.359+0000][2.880s][info ][gc,phases   ] GC(3)   Post Evacuate Collection Set: 1.2ms
[2025-11-29T09:03:35.359+0000][2.880s][info ][gc,phases   ] GC(3)   Other: 0.1ms
[2025-11-29T09:03:35.359+0000][2.880s][info ][gc,heap     ] GC(3) Eden regions: 67->0(67)
[2025-11-29T09:03:35.359+0000][2.880s][info ][gc,heap     ] GC(3) Survivor regions: 5->5(9)
[2025-11-29T09:03:35.359+0000][2.880s][info ][gc,heap     ] GC(3) Old regions: 9->9
[2025-11-29T09:03:35.359+0000][2.880s][info ][gc,heap     ] GC(3) Archive regions: 2->2
[2025-11-29T09:03:35.359+0000][2.880s][info ][gc,heap     ] GC(3) Humongous regions: 0->0
[2025-11-29T09:03:35.359+0000][2.880s][info ][gc,metaspace] GC(3) Metaspace: 11019K(11328K)->11019K(11328K) NonClass: 9574K(9728K)->9574K(9728K) Class: 1445K(1600K)->1445K(1600K)
[2025-11-29T09:03:35.359+0000][2.880s][info ][gc          ] GC(3) Pause Young (Normal) (G1 Evacuation Pause) 80M->14M(122M) 7.822ms
[2025-11-29T09:03:35.359+0000][2.880s][info ][gc,cpu      ] GC(3) User=0.00s Sys=0.02s Real=0.01s
[2025-11-29T09:03:35.360+0000][2.880s][info ][safepoint   ] Safepoint "G1CollectForAllocation", Time since last: 491659679 ns, Reaching safepoint: 44495 ns, Cleanup: 105723 ns, At safepoint: 7994381 ns, Total: 8144599 ns
[2025-11-29T09:03:35.638+0000][3.159s][debug][safepoint   ] Safepoint synchronization initiated using futex wait barrier. (19 threads)
[2025-11-29T09:03:35.639+0000][3.159s][info ][safepoint   ] Safepoint "ICBufferFull", Time since last: 278716007 ns, Reaching safepoint: 83951 ns, Cleanup: 127174 ns, At safepoint: 135751 ns, Total: 346876 ns
[2025-11-29T09:03:35.751+0000][3.271s][debug][safepoint   ] Safepoint synchronization initiated using futex wait barrier. (19 threads)
[2025-11-29T09:03:35.751+0000][3.272s][info ][gc,start    ] GC(4) Pause Young (Normal) (G1 Evacuation Pause)
[2025-11-29T09:03:35.751+0000][3.272s][info ][gc,task     ] GC(4) Using 2 workers of 13 for evacuation
[2025-11-29T09:03:35.762+0000][3.282s][info ][gc,phases   ] GC(4)   Pre Evacuate Collection Set: 0.1ms
[2025-11-29T09:03:35.762+0000][3.283s][info ][gc,phases   ] GC(4)   Merge Heap Roots: 0.1ms
[2025-11-29T09:03:35.762+0000][3.283s][info ][gc,phases   ] GC(4)   Evacuate Collection Set: 8.9ms
[2025-11-29T09:03:35.762+0000][3.283s][info ][gc,phases   ] GC(4)   Post Evacuate Collection Set: 1.8ms
[2025-11-29T09:03:35.762+0000][3.283s][info ][gc,phases   ] GC(4)   Other: 0.2ms
[2025-11-29T09:03:35.762+0000][3.283s][info ][gc,heap     ] GC(4) Eden regions: 67->0(83)
[2025-11-29T09:03:35.762+0000][3.283s][info ][gc,heap     ] GC(4) Survivor regions: 5->5(9)
[2025-11-29T09:03:35.762+0000][3.283s][info ][gc,heap     ] GC(4) Old regions: 9->11
[2025-11-29T09:03:35.762+0000][3.283s][info ][gc,heap     ] GC(4) Archive regions: 2->2
[2025-11-29T09:03:35.762+0000][3.283s][info ][gc,heap     ] GC(4) Humongous regions: 0->0
[2025-11-29T09:03:35.762+0000][3.283s][info ][gc,metaspace] GC(4) Metaspace: 12602K(12928K)->12602K(12928K) NonClass: 10965K(11136K)->10965K(11136K) Class: 1636K(1792K)->1636K(1792K)
[2025-11-29T09:03:35.762+0000][3.283s][info ][gc          ] GC(4) Pause Young (Normal) (G1 Evacuation Pause) 81M->16M(147M) 11.104ms
[2025-11-29T09:03:35.762+0000][3.283s][info ][gc,cpu      ] GC(4) User=0.05s Sys=0.00s Real=0.01s
[2025-11-29T09:03:35.762+0000][3.283s][info ][safepoint   ] Safepoint "G1CollectForAllocation", Time since last: 112188335 ns, Reaching safepoint: 180992 ns, Cleanup: 97127 ns, At safepoint: 11367292 ns, Total: 11645411 ns
[2025-11-29T09:03:36.044+0000][3.564s][debug][safepoint   ] Safepoint synchronization initiated using futex wait barrier. (21 threads)
[2025-11-29T09:03:36.044+0000][3.564s][info ][gc,start    ] GC(5) Pause Young (Normal) (G1 Evacuation Pause)
[2025-11-29T09:03:36.044+0000][3.564s][info ][gc,task     ] GC(5) Using 4 workers of 13 for evacuation
[2025-11-29T09:03:36.049+0000][3.569s][info ][gc,phases   ] GC(5)   Pre Evacuate Collection Set: 0.2ms
[2025-11-29T09:03:36.049+0000][3.569s][info ][gc,phases   ] GC(5)   Merge Heap Roots: 0.1ms
[2025-11-29T09:03:36.049+0000][3.569s][info ][gc,phases   ] GC(5)   Evacuate Collection Set: 3.5ms
[2025-11-29T09:03:36.049+0000][3.569s][info ][gc,phases   ] GC(5)   Post Evacuate Collection Set: 0.9ms
[2025-11-29T09:03:36.049+0000][3.569s][info ][gc,phases   ] GC(5)   Other: 0.1ms
[2025-11-29T09:03:36.049+0000][3.569s][info ][gc,heap     ] GC(5) Eden regions: 83->0(82)
[2025-11-29T09:03:36.049+0000][3.569s][info ][gc,heap     ] GC(5) Survivor regions: 5->6(11)
[2025-11-29T09:03:36.049+0000][3.569s][info ][gc,heap     ] GC(5) Old regions: 11->11
[2025-11-29T09:03:36.049+0000][3.569s][info ][gc,heap     ] GC(5) Archive regions: 2->2
[2025-11-29T09:03:36.049+0000][3.569s][info ][gc,heap     ] GC(5) Humongous regions: 0->0
[2025-11-29T09:03:36.049+0000][3.569s][info ][gc,metaspace] GC(5) Metaspace: 15556K(15936K)->15556K(15936K) NonClass: 13505K(13696K)->13505K(13696K) Class: 2050K(2240K)->2050K(2240K)
[2025-11-29T09:03:36.049+0000][3.569s][info ][gc          ] GC(5) Pause Young (Normal) (G1 Evacuation Pause) 99M->17M(147M) 4.936ms
[2025-11-29T09:03:36.049+0000][3.569s][info ][gc,cpu      ] GC(5) User=0.02s Sys=0.00s Real=0.01s
[2025-11-29T09:03:36.049+0000][3.569s][info ][safepoint   ] Safepoint "G1CollectForAllocation", Time since last: 281384048 ns, Reaching safepoint: 139898 ns, Cleanup: 78781 ns, At safepoint: 5010159 ns, Total: 5228838 ns
[2025-11-29T09:03:36.113+0000][3.633s][info ][cds,heap    ] initialize_from_archived_subgraph java.lang.Byte$ByteCache 0x0000758ca703abf8
[2025-11-29T09:03:36.113+0000][3.633s][info ][cds,heap    ] initialize_from_archived_subgraph java.lang.Short$ShortCache 0x0000758ca70412e8
[2025-11-29T09:03:36.234+0000][3.754s][debug][safepoint   ] Safepoint synchronization initiated using futex wait barrier. (22 threads)
[2025-11-29T09:03:36.234+0000][3.754s][debug][safepoint   ] ... found polling page loop exception at pc = 0x0000758d091ac21d, stub =0x0000758d08a04400
[2025-11-29T09:03:36.234+0000][3.754s][info ][gc,start    ] GC(6) Pause Young (Normal) (G1 Evacuation Pause)
[2025-11-29T09:03:36.234+0000][3.754s][info ][gc,task     ] GC(6) Using 4 workers of 13 for evacuation
[2025-11-29T09:03:36.239+0000][3.759s][info ][gc,phases   ] GC(6)   Pre Evacuate Collection Set: 0.1ms
[2025-11-29T09:03:36.239+0000][3.759s][info ][gc,phases   ] GC(6)   Merge Heap Roots: 0.1ms
[2025-11-29T09:03:36.239+0000][3.759s][info ][gc,phases   ] GC(6)   Evacuate Collection Set: 3.9ms
[2025-11-29T09:03:36.239+0000][3.759s][info ][gc,phases   ] GC(6)   Post Evacuate Collection Set: 0.9ms
[2025-11-29T09:03:36.239+0000][3.759s][info ][gc,phases   ] GC(6)   Other: 0.1ms
[2025-11-29T09:03:36.239+0000][3.759s][info ][gc,heap     ] GC(6) Eden regions: 82->0(80)
[2025-11-29T09:03:36.239+0000][3.759s][info ][gc,heap     ] GC(6) Survivor regions: 6->8(11)
[2025-11-29T09:03:36.239+0000][3.759s][info ][gc,heap     ] GC(6) Old regions: 11->11
[2025-11-29T09:03:36.239+0000][3.759s][info ][gc,heap     ] GC(6) Archive regions: 2->2
[2025-11-29T09:03:36.239+0000][3.759s][info ][gc,heap     ] GC(6) Humongous regions: 0->0
[2025-11-29T09:03:36.239+0000][3.759s][info ][gc,metaspace] GC(6) Metaspace: 17583K(17920K)->17583K(17920K) NonClass: 15174K(15360K)->15174K(15360K) Class: 2408K(2560K)->2408K(2560K)
[2025-11-29T09:03:36.239+0000][3.759s][info ][gc          ] GC(6) Pause Young (Normal) (G1 Evacuation Pause) 99M->18M(147M) 5.111ms
[2025-11-29T09:03:36.239+0000][3.759s][info ][gc,cpu      ] GC(6) User=0.02s Sys=0.00s Real=0.01s
[2025-11-29T09:03:36.239+0000][3.760s][info ][safepoint   ] Safepoint "G1CollectForAllocation", Time since last: 184560239 ns, Reaching safepoint: 163543 ns, Cleanup: 64233 ns, At safepoint: 5309264 ns, Total: 5537040 ns
[2025-11-29T09:03:36.512+0000][4.035s][debug][safepoint   ] Safepoint synchronization initiated using futex wait barrier. (24 threads)
[2025-11-29T09:03:36.513+0000][4.036s][info ][gc,start    ] GC(7) Pause Young (Concurrent Start) (Metadata GC Threshold)
[2025-11-29T09:03:36.513+0000][4.036s][info ][gc,task     ] GC(7) Using 4 workers of 13 for evacuation
[2025-11-29T09:03:36.521+0000][4.044s][info ][gc,phases   ] GC(7)   Pre Evacuate Collection Set: 0.1ms
[2025-11-29T09:03:36.521+0000][4.044s][info ][gc,phases   ] GC(7)   Merge Heap Roots: 0.2ms
[2025-11-29T09:03:36.521+0000][4.044s][info ][gc,phases   ] GC(7)   Evacuate Collection Set: 6.5ms
[2025-11-29T09:03:36.521+0000][4.044s][info ][gc,phases   ] GC(7)   Post Evacuate Collection Set: 1.0ms
[2025-11-29T09:03:36.521+0000][4.044s][info ][gc,phases   ] GC(7)   Other: 0.4ms
[2025-11-29T09:03:36.521+0000][4.044s][info ][gc,heap     ] GC(7) Eden regions: 77->0(79)
[2025-11-29T09:03:36.521+0000][4.044s][info ][gc,heap     ] GC(7) Survivor regions: 8->9(11)
[2025-11-29T09:03:36.521+0000][4.044s][info ][gc,heap     ] GC(7) Old regions: 11->13
[2025-11-29T09:03:36.521+0000][4.044s][info ][gc,heap     ] GC(7) Archive regions: 2->2
[2025-11-29T09:03:36.521+0000][4.044s][info ][gc,heap     ] GC(7) Humongous regions: 0->0
[2025-11-29T09:03:36.521+0000][4.044s][info ][gc,metaspace] GC(7) Metaspace: 21200K(21504K)->21200K(21504K) NonClass: 18428K(18560K)->18428K(18560K) Class: 2772K(2944K)->2772K(2944K)
[2025-11-29T09:03:36.521+0000][4.044s][info ][gc          ] GC(7) Pause Young (Concurrent Start) (Metadata GC Threshold) 95M->22M(147M) 8.294ms
[2025-11-29T09:03:36.521+0000][4.044s][info ][gc,cpu      ] GC(7) User=0.04s Sys=0.01s Real=0.00s
[2025-11-29T09:03:36.521+0000][4.044s][info ][gc          ] GC(8) Concurrent Mark Cycle
[2025-11-29T09:03:36.521+0000][4.044s][info ][gc,marking  ] GC(8) Concurrent Clear Claimed Marks
[2025-11-29T09:03:36.521+0000][4.044s][info ][gc,marking  ] GC(8) Concurrent Clear Claimed Marks 0.055ms
[2025-11-29T09:03:36.521+0000][4.044s][info ][gc,marking  ] GC(8) Concurrent Scan Root Regions
[2025-11-29T09:03:36.521+0000][4.044s][info ][safepoint   ] Safepoint "CollectForMetadataAllocation", Time since last: 275711988 ns, Reaching safepoint: 299484 ns, Cleanup: 82659 ns, At safepoint: 8643327 ns, Total: 9025470 ns
[2025-11-29T09:03:36.525+0000][4.047s][info ][gc,marking  ] GC(8) Concurrent Scan Root Regions 3.198ms
[2025-11-29T09:03:36.525+0000][4.047s][info ][gc,marking  ] GC(8) Concurrent Mark
[2025-11-29T09:03:36.525+0000][4.047s][info ][gc,marking  ] GC(8) Concurrent Mark From Roots
[2025-11-29T09:03:36.525+0000][4.047s][info ][gc,task     ] GC(8) Using 3 workers of 3 for marking
[2025-11-29T09:03:36.532+0000][4.055s][info ][gc,marking  ] GC(8) Concurrent Mark From Roots 7.594ms
[2025-11-29T09:03:36.532+0000][4.055s][info ][gc,marking  ] GC(8) Concurrent Preclean
[2025-11-29T09:03:36.532+0000][4.055s][info ][gc,marking  ] GC(8) Concurrent Preclean 0.216ms
[2025-11-29T09:03:36.532+0000][4.055s][debug][safepoint   ] Safepoint synchronization initiated using futex wait barrier. (24 threads)
[2025-11-29T09:03:36.533+0000][4.055s][info ][gc,start    ] GC(8) Pause Remark
[2025-11-29T09:03:36.536+0000][4.058s][info ][gc          ] GC(8) Pause Remark 23M->23M(87M) 2.914ms
[2025-11-29T09:03:36.536+0000][4.058s][info ][gc,cpu      ] GC(8) User=0.01s Sys=0.00s Real=0.01s
[2025-11-29T09:03:36.536+0000][4.059s][info ][safepoint   ] Safepoint "G1PauseRemark", Time since last: 11009646 ns, Reaching safepoint: 126542 ns, Cleanup: 3116 ns, At safepoint: 3113091 ns, Total: 3242749 ns
[2025-11-29T09:03:36.536+0000][4.059s][info ][gc,marking  ] GC(8) Concurrent Mark 11.276ms
[2025-11-29T09:03:36.536+0000][4.059s][info ][gc,marking  ] GC(8) Concurrent Rebuild Remembered Sets
[2025-11-29T09:03:36.539+0000][4.062s][info ][gc,marking  ] GC(8) Concurrent Rebuild Remembered Sets 3.629ms
[2025-11-29T09:03:36.548+0000][4.070s][debug][safepoint   ] Safepoint synchronization initiated using futex wait barrier. (24 threads)
[2025-11-29T09:03:36.548+0000][4.071s][info ][gc,start    ] GC(8) Pause Cleanup
[2025-11-29T09:03:36.548+0000][4.071s][info ][gc          ] GC(8) Pause Cleanup 24M->24M(87M) 0.185ms
[2025-11-29T09:03:36.548+0000][4.071s][info ][gc,cpu      ] GC(8) User=0.00s Sys=0.00s Real=0.00s
[2025-11-29T09:03:36.549+0000][4.071s][info ][safepoint   ] Safepoint "G1PauseCleanup", Time since last: 3861045 ns, Reaching safepoint: 8416954 ns, Cleanup: 6722 ns, At safepoint: 475763 ns, Total: 8899439 ns
[2025-11-29T09:03:36.549+0000][4.071s][info ][gc,marking  ] GC(8) Concurrent Cleanup for Next Mark
[2025-11-29T09:03:36.550+0000][4.072s][info ][gc,marking  ] GC(8) Concurrent Cleanup for Next Mark 1.029ms
[2025-11-29T09:03:36.550+0000][4.072s][info ][gc          ] GC(8) Concurrent Mark Cycle 28.397ms
[2025-11-29T09:03:36.748+0000][4.271s][debug][safepoint   ] Safepoint synchronization initiated using futex wait barrier. (24 threads)
[2025-11-29T09:03:36.750+0000][4.272s][info ][gc,start    ] GC(9) Pause Young (Prepare Mixed) (G1 Preventive Collection)
[2025-11-29T09:03:36.750+0000][4.272s][info ][gc,task     ] GC(9) Using 4 workers of 13 for evacuation
[2025-11-29T09:03:36.758+0000][4.280s][info ][gc,phases   ] GC(9)   Pre Evacuate Collection Set: 0.1ms
[2025-11-29T09:03:36.758+0000][4.281s][info ][gc,phases   ] GC(9)   Merge Heap Roots: 0.1ms
[2025-11-29T09:03:36.758+0000][4.281s][info ][gc,phases   ] GC(9)   Evacuate Collection Set: 6.5ms
[2025-11-29T09:03:36.758+0000][4.281s][info ][gc,phases   ] GC(9)   Post Evacuate Collection Set: 1.2ms
[2025-11-29T09:03:36.758+0000][4.281s][info ][gc,phases   ] GC(9)   Other: 0.1ms
[2025-11-29T09:03:36.758+0000][4.281s][info ][gc,heap     ] GC(9) Eden regions: 51->0(1)
[2025-11-29T09:03:36.758+0000][4.281s][info ][gc,heap     ] GC(9) Survivor regions: 9->8(11)
[2025-11-29T09:03:36.758+0000][4.281s][info ][gc,heap     ] GC(9) Old regions: 13->16
[2025-11-29T09:03:36.758+0000][4.281s][info ][gc,heap     ] GC(9) Archive regions: 2->2
[2025-11-29T09:03:36.758+0000][4.281s][info ][gc,heap     ] GC(9) Humongous regions: 0->0
[2025-11-29T09:03:36.758+0000][4.281s][info ][gc,metaspace] GC(9) Metaspace: 23675K(24064K)->23675K(24064K) NonClass: 20562K(20800K)->20562K(20800K) Class: 3112K(3264K)->3112K(3264K)
[2025-11-29T09:03:36.758+0000][4.281s][info ][gc          ] GC(9) Pause Young (Prepare Mixed) (G1 Preventive Collection) 73M->24M(105M) 8.267ms
[2025-11-29T09:03:36.758+0000][4.281s][info ][gc,cpu      ] GC(9) User=0.04s Sys=0.01s Real=0.01s
[2025-11-29T09:03:36.758+0000][4.281s][info ][safepoint   ] Safepoint "G1CollectForAllocation", Time since last: 199824103 ns, Reaching safepoint: 1036168 ns, Cleanup: 131802 ns, At safepoint: 8428010 ns, Total: 9595980 ns
[2025-11-29T09:03:36.759+0000][4.282s][debug][safepoint   ] Safepoint synchronization initiated using futex wait barrier. (24 threads)
[2025-11-29T09:03:36.759+0000][4.282s][info ][gc,start    ] GC(10) Pause Young (Mixed) (G1 Evacuation Pause)
[2025-11-29T09:03:36.759+0000][4.282s][info ][gc,task     ] GC(10) Using 4 workers of 13 for evacuation
[2025-11-29T09:03:36.764+0000][4.287s][info ][gc,phases   ] GC(10)   Pre Evacuate Collection Set: 0.1ms
[2025-11-29T09:03:36.764+0000][4.287s][info ][gc,phases   ] GC(10)   Merge Heap Roots: 0.2ms
[2025-11-29T09:03:36.764+0000][4.287s][info ][gc,phases   ] GC(10)   Evacuate Collection Set: 3.2ms
[2025-11-29T09:03:36.764+0000][4.287s][info ][gc,phases   ] GC(10)   Post Evacuate Collection Set: 0.8ms
[2025-11-29T09:03:36.764+0000][4.287s][info ][gc,phases   ] GC(10)   Other: 0.1ms
[2025-11-29T09:03:36.764+0000][4.287s][info ][gc,heap     ] GC(10) Eden regions: 1->0(58)
[2025-11-29T09:03:36.764+0000][4.287s][info ][gc,heap     ] GC(10) Survivor regions: 8->2(2)
[2025-11-29T09:03:36.764+0000][4.287s][info ][gc,heap     ] GC(10) Old regions: 16->23
[2025-11-29T09:03:36.764+0000][4.287s][info ][gc,heap     ] GC(10) Archive regions: 2->2
[2025-11-29T09:03:36.764+0000][4.287s][info ][gc,heap     ] GC(10) Humongous regions: 0->0
[2025-11-29T09:03:36.764+0000][4.287s][info ][gc,metaspace] GC(10) Metaspace: 23685K(24064K)->23685K(24064K) NonClass: 20571K(20800K)->20571K(20800K) Class: 3113K(3264K)->3113K(3264K)
[2025-11-29T09:03:36.764+0000][4.287s][info ][gc          ] GC(10) Pause Young (Mixed) (G1 Evacuation Pause) 25M->25M(105M) 4.496ms
[2025-11-29T09:03:36.764+0000][4.287s][info ][gc,cpu      ] GC(10) User=0.02s Sys=0.00s Real=0.00s
[2025-11-29T09:03:36.764+0000][4.287s][info ][safepoint   ] Safepoint "G1CollectForAllocation", Time since last: 1407745 ns, Reaching safepoint: 44907 ns, Cleanup: 3146 ns, At safepoint: 4649406 ns, Total: 4697459 ns
[2025-11-29T09:03:37.003+0000][4.526s][debug][safepoint   ] Safepoint synchronization initiated using futex wait barrier. (23 threads)
[2025-11-29T09:03:37.003+0000][4.526s][info ][gc,start    ] GC(11) Pause Young (Normal) (G1 Evacuation Pause)
[2025-11-29T09:03:37.003+0000][4.526s][info ][gc,task     ] GC(11) Using 3 workers of 13 for evacuation
[2025-11-29T09:03:37.008+0000][4.530s][info ][gc,phases   ] GC(11)   Pre Evacuate Collection Set: 0.1ms
[2025-11-29T09:03:37.008+0000][4.530s][info ][gc,phases   ] GC(11)   Merge Heap Roots: 0.1ms
[2025-11-29T09:03:37.008+0000][4.530s][info ][gc,phases   ] GC(11)   Evacuate Collection Set: 3.1ms
[2025-11-29T09:03:37.008+0000][4.530s][info ][gc,phases   ] GC(11)   Post Evacuate Collection Set: 1.0ms
[2025-11-29T09:03:37.008+0000][4.530s][info ][gc,phases   ] GC(11)   Other: 0.1ms
[2025-11-29T09:03:37.008+0000][4.530s][info ][gc,heap     ] GC(11) Eden regions: 58->0(56)
[2025-11-29T09:03:37.008+0000][4.530s][info ][gc,heap     ] GC(11) Survivor regions: 2->4(8)
[2025-11-29T09:03:37.008+0000][4.530s][info ][gc,heap     ] GC(11) Old regions: 23->23
[2025-11-29T09:03:37.008+0000][4.530s][info ][gc,heap     ] GC(11) Archive regions: 2->2
[2025-11-29T09:03:37.008+0000][4.530s][info ][gc,heap     ] GC(11) Humongous regions: 0->0
[2025-11-29T09:03:37.008+0000][4.530s][info ][gc,metaspace] GC(11) Metaspace: 25120K(25408K)->25120K(25408K) NonClass: 21844K(22016K)->21844K(22016K) Class: 3276K(3392K)->3276K(3392K)
[2025-11-29T09:03:37.008+0000][4.530s][info ][gc          ] GC(11) Pause Young (Normal) (G1 Evacuation Pause) 83M->27M(105M) 4.384ms
[2025-11-29T09:03:37.008+0000][4.530s][info ][gc,cpu      ] GC(11) User=0.02s Sys=0.00s Real=0.01s
[2025-11-29T09:03:37.008+0000][4.531s][info ][safepoint   ] Safepoint "G1CollectForAllocation", Time since last: 239062880 ns, Reaching safepoint: 60687 ns, Cleanup: 107135 ns, At safepoint: 4534778 ns, Total: 4702600 ns
[2025-11-29T09:03:37.212+0000][4.735s][debug][safepoint   ] Safepoint synchronization initiated using futex wait barrier. (23 threads)
[2025-11-29T09:03:37.212+0000][4.735s][info ][gc,start    ] GC(12) Pause Young (Normal) (G1 Evacuation Pause)
[2025-11-29T09:03:37.212+0000][4.735s][info ][gc,task     ] GC(12) Using 2 workers of 13 for evacuation
[2025-11-29T09:03:37.223+0000][4.746s][info ][gc,phases   ] GC(12)   Pre Evacuate Collection Set: 0.2ms
[2025-11-29T09:03:37.223+0000][4.746s][info ][gc,phases   ] GC(12)   Merge Heap Roots: 0.2ms
[2025-11-29T09:03:37.223+0000][4.746s][info ][gc,phases   ] GC(12)   Evacuate Collection Set: 8.8ms
[2025-11-29T09:03:37.223+0000][4.746s][info ][gc,phases   ] GC(12)   Post Evacuate Collection Set: 1.4ms
[2025-11-29T09:03:37.223+0000][4.746s][info ][gc,phases   ] GC(12)   Other: 0.1ms
[2025-11-29T09:03:37.223+0000][4.746s][info ][gc,heap     ] GC(12) Eden regions: 56->0(47)
[2025-11-29T09:03:37.223+0000][4.746s][info ][gc,heap     ] GC(12) Survivor regions: 4->8(8)
[2025-11-29T09:03:37.223+0000][4.746s][info ][gc,heap     ] GC(12) Old regions: 23->26
[2025-11-29T09:03:37.223+0000][4.746s][info ][gc,heap     ] GC(12) Archive regions: 2->2
[2025-11-29T09:03:37.223+0000][4.746s][info ][gc,heap     ] GC(12) Humongous regions: 0->0
[2025-11-29T09:03:37.223+0000][4.746s][info ][gc,metaspace] GC(12) Metaspace: 25175K(25472K)->25175K(25472K) NonClass: 21885K(22016K)->21885K(22016K) Class: 3289K(3456K)->3289K(3456K)
[2025-11-29T09:03:37.223+0000][4.746s][info ][gc          ] GC(12) Pause Young (Normal) (G1 Evacuation Pause) 83M->34M(105M) 10.728ms
[2025-11-29T09:03:37.223+0000][4.746s][info ][gc,cpu      ] GC(12) User=0.03s Sys=0.00s Real=0.01s
[2025-11-29T09:03:37.223+0000][4.746s][info ][safepoint   ] Safepoint "G1CollectForAllocation", Time since last: 204566708 ns, Reaching safepoint: 50497 ns, Cleanup: 41910 ns, At safepoint: 10788522 ns, Total: 10880929 ns
[2025-11-29T09:03:37.277+0000][4.800s][debug][safepoint   ] Safepoint synchronization initiated using futex wait barrier. (21 threads)
[2025-11-29T09:03:37.277+0000][4.800s][info ][gc,start    ] GC(13) Pause Young (Normal) (G1 Evacuation Pause)
[2025-11-29T09:03:37.277+0000][4.800s][info ][gc,task     ] GC(13) Using 2 workers of 13 for evacuation
[2025-11-29T09:03:37.294+0000][4.817s][info ][gc,phases   ] GC(13)   Pre Evacuate Collection Set: 0.2ms
[2025-11-29T09:03:37.294+0000][4.817s][info ][gc,phases   ] GC(13)   Merge Heap Roots: 0.2ms
[2025-11-29T09:03:37.294+0000][4.817s][info ][gc,phases   ] GC(13)   Evacuate Collection Set: 11.6ms
[2025-11-29T09:03:37.294+0000][4.817s][info ][gc,phases   ] GC(13)   Post Evacuate Collection Set: 4.7ms
[2025-11-29T09:03:37.294+0000][4.817s][info ][gc,phases   ] GC(13)   Other: 0.1ms
[2025-11-29T09:03:37.294+0000][4.817s][info ][gc,heap     ] GC(13) Eden regions: 47->0(151)
[2025-11-29T09:03:37.294+0000][4.817s][info ][gc,heap     ] GC(13) Survivor regions: 8->7(7)
[2025-11-29T09:03:37.294+0000][4.817s][info ][gc,heap     ] GC(13) Old regions: 26->34
[2025-11-29T09:03:37.294+0000][4.817s][info ][gc,heap     ] GC(13) Archive regions: 2->2
[2025-11-29T09:03:37.294+0000][4.817s][info ][gc,heap     ] GC(13) Humongous regions: 0->0
[2025-11-29T09:03:37.294+0000][4.817s][info ][gc,metaspace] GC(13) Metaspace: 25175K(25472K)->25175K(25472K) NonClass: 21885K(22016K)->21885K(22016K) Class: 3289K(3456K)->3289K(3456K)
[2025-11-29T09:03:37.294+0000][4.817s][info ][gc          ] GC(13) Pause Young (Normal) (G1 Evacuation Pause) 81M->41M(264M) 16.836ms
[2025-11-29T09:03:37.294+0000][4.817s][info ][gc,cpu      ] GC(13) User=0.05s Sys=0.01s Real=0.02s
[2025-11-29T09:03:37.294+0000][4.817s][info ][safepoint   ] Safepoint "G1CollectForAllocation", Time since last: 53974648 ns, Reaching safepoint: 53282 ns, Cleanup: 9829 ns, At safepoint: 16943497 ns, Total: 17006608 ns
[2025-11-29T09:03:37.989+0000][5.512s][debug][safepoint   ] Safepoint synchronization initiated using futex wait barrier. (18 threads)
[2025-11-29T09:03:37.989+0000][5.512s][info ][safepoint   ] Safepoint "ICBufferFull", Time since last: 694513961 ns, Reaching safepoint: 85534 ns, Cleanup: 116914 ns, At safepoint: 4188 ns, Total: 206636 ns
[2025-11-29T09:03:38.192+0000][5.715s][debug][safepoint   ] Safepoint synchronization initiated using futex wait barrier. (18 threads)
[2025-11-29T09:03:38.192+0000][5.715s][info ][gc,start    ] GC(14) Pause Young (Normal) (G1 Evacuation Pause)
[2025-11-29T09:03:38.192+0000][5.715s][info ][gc,task     ] GC(14) Using 6 workers of 13 for evacuation
[2025-11-29T09:03:38.203+0000][5.726s][info ][gc,phases   ] GC(14)   Pre Evacuate Collection Set: 0.3ms
[2025-11-29T09:03:38.203+0000][5.726s][info ][gc,phases   ] GC(14)   Merge Heap Roots: 0.2ms
[2025-11-29T09:03:38.203+0000][5.726s][info ][gc,phases   ] GC(14)   Evacuate Collection Set: 9.3ms
[2025-11-29T09:03:38.203+0000][5.726s][info ][gc,phases   ] GC(14)   Post Evacuate Collection Set: 1.2ms
[2025-11-29T09:03:38.203+0000][5.726s][info ][gc,phases   ] GC(14)   Other: 0.2ms
[2025-11-29T09:03:38.203+0000][5.726s][info ][gc,heap     ] GC(14) Eden regions: 151->0(140)
[2025-11-29T09:03:38.203+0000][5.726s][info ][gc,heap     ] GC(14) Survivor regions: 7->18(20)
[2025-11-29T09:03:38.203+0000][5.726s][info ][gc,heap     ] GC(14) Old regions: 34->34
[2025-11-29T09:03:38.203+0000][5.726s][info ][gc,heap     ] GC(14) Archive regions: 2->2
[2025-11-29T09:03:38.203+0000][5.726s][info ][gc,heap     ] GC(14) Humongous regions: 0->0
[2025-11-29T09:03:38.203+0000][5.726s][info ][gc,metaspace] GC(14) Metaspace: 25844K(26176K)->25844K(26176K) NonClass: 22471K(22656K)->22471K(22656K) Class: 3372K(3520K)->3372K(3520K)
[2025-11-29T09:03:38.203+0000][5.726s][info ][gc          ] GC(14) Pause Young (Normal) (G1 Evacuation Pause) 192M->52M(264M) 11.270ms
[2025-11-29T09:03:38.203+0000][5.726s][info ][gc,cpu      ] GC(14) User=0.05s Sys=0.02s Real=0.01s
[2025-11-29T09:03:38.203+0000][5.726s][info ][safepoint   ] Safepoint "G1CollectForAllocation", Time since last: 202945621 ns, Reaching safepoint: 54965 ns, Cleanup: 85955 ns, At safepoint: 11443178 ns, Total: 11584098 ns
[2025-11-29T09:03:38.508+0000][6.030s][debug][safepoint   ] Safepoint synchronization initiated using futex wait barrier. (20 threads)
[2025-11-29T09:03:38.508+0000][6.031s][info ][safepoint   ] Safepoint "ICBufferFull", Time since last: 304140933 ns, Reaching safepoint: 153966 ns, Cleanup: 113297 ns, At safepoint: 103980 ns, Total: 371243 ns
[2025-11-29T09:03:38.702+0000][6.225s][debug][safepoint   ] Safepoint synchronization initiated using futex wait barrier. (20 threads)
[2025-11-29T09:03:38.702+0000][6.225s][info ][gc,start    ] GC(15) Pause Young (Normal) (G1 Evacuation Pause)
[2025-11-29T09:03:38.702+0000][6.225s][info ][gc,task     ] GC(15) Using 6 workers of 13 for evacuation
[2025-11-29T09:03:38.712+0000][6.235s][info ][gc,phases   ] GC(15)   Pre Evacuate Collection Set: 0.2ms
[2025-11-29T09:03:38.712+0000][6.235s][info ][gc,phases   ] GC(15)   Merge Heap Roots: 0.2ms
[2025-11-29T09:03:38.712+0000][6.235s][info ][gc,phases   ] GC(15)   Evacuate Collection Set: 7.3ms
[2025-11-29T09:03:38.712+0000][6.235s][info ][gc,phases   ] GC(15)   Post Evacuate Collection Set: 2.1ms
[2025-11-29T09:03:38.712+0000][6.235s][info ][gc,phases   ] GC(15)   Other: 0.1ms
[2025-11-29T09:03:38.712+0000][6.235s][info ][gc,heap     ] GC(15) Eden regions: 140->0(143)
[2025-11-29T09:03:38.712+0000][6.235s][info ][gc,heap     ] GC(15) Survivor regions: 18->7(20)
[2025-11-29T09:03:38.712+0000][6.235s][info ][gc,heap     ] GC(15) Old regions: 34->51
[2025-11-29T09:03:38.712+0000][6.235s][info ][gc,heap     ] GC(15) Archive regions: 2->2
[2025-11-29T09:03:38.712+0000][6.235s][info ][gc,heap     ] GC(15) Humongous regions: 0->0
[2025-11-29T09:03:38.712+0000][6.235s][info ][gc,metaspace] GC(15) Metaspace: 26071K(26368K)->26071K(26368K) NonClass: 22680K(22848K)->22680K(22848K) Class: 3390K(3520K)->3390K(3520K)
[2025-11-29T09:03:38.712+0000][6.235s][info ][gc          ] GC(15) Pause Young (Normal) (G1 Evacuation Pause) 192M->58M(264M) 9.975ms
[2025-11-29T09:03:38.712+0000][6.235s][info ][gc,cpu      ] GC(15) User=0.07s Sys=0.02s Real=0.01s
[2025-11-29T09:03:38.712+0000][6.235s][info ][safepoint   ] Safepoint "G1CollectForAllocation", Time since last: 193872949 ns, Reaching safepoint: 50988 ns, Cleanup: 28194 ns, At safepoint: 10102085 ns, Total: 10181267 ns
[2025-11-29T09:03:39.039+0000][6.562s][debug][safepoint   ] Safepoint synchronization initiated using futex wait barrier. (21 threads)
[2025-11-29T09:03:39.039+0000][6.562s][info ][gc,start    ] GC(16) Pause Young (Normal) (G1 Evacuation Pause)
[2025-11-29T09:03:39.039+0000][6.562s][info ][gc,task     ] GC(16) Using 6 workers of 13 for evacuation
[2025-11-29T09:03:39.043+0000][6.566s][info ][gc,phases   ] GC(16)   Pre Evacuate Collection Set: 0.2ms
[2025-11-29T09:03:39.043+0000][6.566s][info ][gc,phases   ] GC(16)   Merge Heap Roots: 0.1ms
[2025-11-29T09:03:39.043+0000][6.566s][info ][gc,phases   ] GC(16)   Evacuate Collection Set: 2.3ms
[2025-11-29T09:03:39.043+0000][6.566s][info ][gc,phases   ] GC(16)   Post Evacuate Collection Set: 0.9ms
[2025-11-29T09:03:39.043+0000][6.566s][info ][gc,phases   ] GC(16)   Other: 0.1ms
[2025-11-29T09:03:39.043+0000][6.566s][info ][gc,heap     ] GC(16) Eden regions: 143->0(149)
[2025-11-29T09:03:39.043+0000][6.566s][info ][gc,heap     ] GC(16) Survivor regions: 7->9(19)
[2025-11-29T09:03:39.043+0000][6.566s][info ][gc,heap     ] GC(16) Old regions: 51->51
[2025-11-29T09:03:39.043+0000][6.566s][info ][gc,heap     ] GC(16) Archive regions: 2->2
[2025-11-29T09:03:39.043+0000][6.566s][info ][gc,heap     ] GC(16) Humongous regions: 0->0
[2025-11-29T09:03:39.043+0000][6.566s][info ][gc,metaspace] GC(16) Metaspace: 27721K(28096K)->27721K(28096K) NonClass: 24205K(24448K)->24205K(24448K) Class: 3516K(3648K)->3516K(3648K)
[2025-11-29T09:03:39.043+0000][6.566s][info ][gc          ] GC(16) Pause Young (Normal) (G1 Evacuation Pause) 201M->59M(264M) 3.643ms
[2025-11-29T09:03:39.043+0000][6.566s][info ][gc,cpu      ] GC(16) User=0.02s Sys=0.00s Real=0.00s
[2025-11-29T09:03:39.043+0000][6.566s][info ][safepoint   ] Safepoint "G1CollectForAllocation", Time since last: 326997228 ns, Reaching safepoint: 181599 ns, Cleanup: 47090 ns, At safepoint: 3761073 ns, Total: 3989762 ns
[2025-11-29T09:03:39.610+0000][7.133s][debug][safepoint   ] Safepoint synchronization initiated using futex wait barrier. (20 threads)
[2025-11-29T09:03:39.611+0000][7.133s][info ][gc,start    ] GC(17) Pause Young (Normal) (G1 Evacuation Pause)
[2025-11-29T09:03:39.611+0000][7.133s][info ][gc,task     ] GC(17) Using 6 workers of 13 for evacuation
[2025-11-29T09:03:39.616+0000][7.139s][info ][gc,phases   ] GC(17)   Pre Evacuate Collection Set: 0.2ms
[2025-11-29T09:03:39.616+0000][7.139s][info ][gc,phases   ] GC(17)   Merge Heap Roots: 0.2ms
[2025-11-29T09:03:39.616+0000][7.139s][info ][gc,phases   ] GC(17)   Evacuate Collection Set: 3.8ms
[2025-11-29T09:03:39.616+0000][7.139s][info ][gc,phases   ] GC(17)   Post Evacuate Collection Set: 1.7ms
[2025-11-29T09:03:39.616+0000][7.139s][info ][gc,phases   ] GC(17)   Other: 0.1ms
[2025-11-29T09:03:39.616+0000][7.139s][info ][gc,heap     ] GC(17) Eden regions: 149->0(148)
[2025-11-29T09:03:39.616+0000][7.139s][info ][gc,heap     ] GC(17) Survivor regions: 9->10(20)
[2025-11-29T09:03:39.616+0000][7.139s][info ][gc,heap     ] GC(17) Old regions: 51->51
[2025-11-29T09:03:39.616+0000][7.139s][info ][gc,heap     ] GC(17) Archive regions: 2->2
[2025-11-29T09:03:39.617+0000][7.139s][info ][gc,heap     ] GC(17) Humongous regions: 0->0
[2025-11-29T09:03:39.617+0000][7.139s][info ][gc,metaspace] GC(17) Metaspace: 33632K(33984K)->33632K(33984K) NonClass: 29498K(29696K)->29498K(29696K) Class: 4133K(4288K)->4133K(4288K)
[2025-11-29T09:03:39.617+0000][7.139s][info ][gc          ] GC(17) Pause Young (Normal) (G1 Evacuation Pause) 208M->61M(264M) 5.992ms
[2025-11-29T09:03:39.617+0000][7.139s][info ][gc,cpu      ] GC(17) User=0.03s Sys=0.00s Real=0.01s
[2025-11-29T09:03:39.617+0000][7.139s][info ][safepoint   ] Safepoint "G1CollectForAllocation", Time since last: 567256115 ns, Reaching safepoint: 54395 ns, Cleanup: 174166 ns, At safepoint: 6186232 ns, Total: 6414793 ns
[2025-11-29T09:03:40.236+0000][7.759s][debug][safepoint   ] Safepoint synchronization initiated using futex wait barrier. (20 threads)
[2025-11-29T09:03:40.237+0000][7.759s][info ][gc,start    ] GC(18) Pause Young (Concurrent Start) (Metadata GC Threshold)
[2025-11-29T09:03:40.237+0000][7.759s][info ][gc,task     ] GC(18) Using 6 workers of 13 for evacuation
[2025-11-29T09:03:40.242+0000][7.765s][info ][gc,phases   ] GC(18)   Pre Evacuate Collection Set: 0.3ms
[2025-11-29T09:03:40.243+0000][7.765s][info ][gc,phases   ] GC(18)   Merge Heap Roots: 0.2ms
[2025-11-29T09:03:40.243+0000][7.765s][info ][gc,phases   ] GC(18)   Evacuate Collection Set: 3.8ms
[2025-11-29T09:03:40.243+0000][7.765s][info ][gc,phases   ] GC(18)   Post Evacuate Collection Set: 1.5ms
[2025-11-29T09:03:40.243+0000][7.765s][info ][gc,phases   ] GC(18)   Other: 0.2ms
[2025-11-29T09:03:40.243+0000][7.765s][info ][gc,heap     ] GC(18) Eden regions: 118->0(146)
[2025-11-29T09:03:40.243+0000][7.765s][info ][gc,heap     ] GC(18) Survivor regions: 10->12(20)
[2025-11-29T09:03:40.243+0000][7.765s][info ][gc,heap     ] GC(18) Old regions: 51->51
[2025-11-29T09:03:40.243+0000][7.765s][info ][gc,heap     ] GC(18) Archive regions: 2->2
[2025-11-29T09:03:40.243+0000][7.765s][info ][gc,heap     ] GC(18) Humongous regions: 0->0
[2025-11-29T09:03:40.243+0000][7.765s][info ][gc,metaspace] GC(18) Metaspace: 35798K(36160K)->35798K(36160K) NonClass: 31378K(31552K)->31378K(31552K) Class: 4420K(4608K)->4420K(4608K)
[2025-11-29T09:03:40.243+0000][7.765s][info ][gc          ] GC(18) Pause Young (Concurrent Start) (Metadata GC Threshold) 178M->63M(264M) 6.068ms
[2025-11-29T09:03:40.243+0000][7.765s][info ][gc,cpu      ] GC(18) User=0.04s Sys=0.01s Real=0.00s
[2025-11-29T09:03:40.243+0000][7.765s][info ][gc          ] GC(19) Concurrent Mark Cycle
[2025-11-29T09:03:40.243+0000][7.765s][info ][gc,marking  ] GC(19) Concurrent Clear Claimed Marks
[2025-11-29T09:03:40.243+0000][7.766s][info ][gc,marking  ] GC(19) Concurrent Clear Claimed Marks 0.051ms
[2025-11-29T09:03:40.243+0000][7.766s][info ][gc,marking  ] GC(19) Concurrent Scan Root Regions
[2025-11-29T09:03:40.243+0000][7.766s][info ][safepoint   ] Safepoint "CollectForMetadataAllocation", Time since last: 619439988 ns, Reaching safepoint: 195367 ns, Cleanup: 171451 ns, At safepoint: 6347694 ns, Total: 6714512 ns
[2025-11-29T09:03:40.245+0000][7.768s][info ][gc,marking  ] GC(19) Concurrent Scan Root Regions 2.106ms
[2025-11-29T09:03:40.245+0000][7.768s][info ][gc,marking  ] GC(19) Concurrent Mark
[2025-11-29T09:03:40.245+0000][7.768s][info ][gc,marking  ] GC(19) Concurrent Mark From Roots
[2025-11-29T09:03:40.245+0000][7.768s][info ][gc,task     ] GC(19) Using 3 workers of 3 for marking
[2025-11-29T09:03:40.267+0000][7.789s][info ][gc,marking  ] GC(19) Concurrent Mark From Roots 21.641ms
[2025-11-29T09:03:40.267+0000][7.789s][info ][gc,marking  ] GC(19) Concurrent Preclean
[2025-11-29T09:03:40.267+0000][7.790s][info ][gc,marking  ] GC(19) Concurrent Preclean 0.383ms
[2025-11-29T09:03:40.267+0000][7.790s][debug][safepoint   ] Safepoint synchronization initiated using futex wait barrier. (20 threads)
[2025-11-29T09:03:40.267+0000][7.790s][debug][safepoint   ] ... found polling page loop exception at pc = 0x0000758d0926adb6, stub =0x0000758d08a04400
[2025-11-29T09:03:40.267+0000][7.790s][info ][gc,start    ] GC(19) Pause Remark
[2025-11-29T09:03:40.271+0000][7.793s][info ][gc          ] GC(19) Pause Remark 67M->67M(230M) 3.398ms
[2025-11-29T09:03:40.271+0000][7.794s][info ][gc,cpu      ] GC(19) User=0.02s Sys=0.00s Real=0.00s
[2025-11-29T09:03:40.271+0000][7.794s][info ][safepoint   ] Safepoint "G1PauseRemark", Time since last: 24239252 ns, Reaching safepoint: 170359 ns, Cleanup: 11372 ns, At safepoint: 3552612 ns, Total: 3734343 ns
[2025-11-29T09:03:40.271+0000][7.794s][info ][gc,marking  ] GC(19) Concurrent Mark 26.017ms
[2025-11-29T09:03:40.271+0000][7.794s][info ][gc,marking  ] GC(19) Concurrent Rebuild Remembered Sets
[2025-11-29T09:03:40.281+0000][7.803s][info ][gc,marking  ] GC(19) Concurrent Rebuild Remembered Sets 9.694ms
[2025-11-29T09:03:40.281+0000][7.804s][debug][safepoint   ] Safepoint synchronization initiated using futex wait barrier. (20 threads)
[2025-11-29T09:03:40.281+0000][7.804s][info ][gc,start    ] GC(19) Pause Cleanup
[2025-11-29T09:03:40.281+0000][7.804s][info ][gc          ] GC(19) Pause Cleanup 69M->69M(230M) 0.210ms
[2025-11-29T09:03:40.281+0000][7.804s][info ][gc,cpu      ] GC(19) User=0.00s Sys=0.00s Real=0.00s
[2025-11-29T09:03:40.281+0000][7.804s][info ][safepoint   ] Safepoint "G1PauseCleanup", Time since last: 10084177 ns, Reaching safepoint: 147925 ns, Cleanup: 4018 ns, At safepoint: 273017 ns, Total: 424960 ns
[2025-11-29T09:03:40.281+0000][7.804s][info ][gc,marking  ] GC(19) Concurrent Cleanup for Next Mark
[2025-11-29T09:03:40.283+0000][7.806s][info ][gc,marking  ] GC(19) Concurrent Cleanup for Next Mark 2.057ms
[2025-11-29T09:03:40.283+0000][7.806s][info ][gc          ] GC(19) Concurrent Mark Cycle 40.786ms
[2025-11-29T09:03:40.816+0000][8.339s][debug][safepoint   ] Safepoint synchronization initiated using futex wait barrier. (20 threads)
[2025-11-29T09:03:40.817+0000][8.339s][info ][gc,start    ] GC(20) Pause Young (Prepare Mixed) (G1 Evacuation Pause)
[2025-11-29T09:03:40.817+0000][8.339s][info ][gc,task     ] GC(20) Using 5 workers of 13 for evacuation
[2025-11-29T09:03:40.823+0000][8.345s][info ][gc,phases   ] GC(20)   Pre Evacuate Collection Set: 0.2ms
[2025-11-29T09:03:40.823+0000][8.345s][info ][gc,phases   ] GC(20)   Merge Heap Roots: 0.2ms
[2025-11-29T09:03:40.823+0000][8.345s][info ][gc,phases   ] GC(20)   Evacuate Collection Set: 4.3ms
[2025-11-29T09:03:40.823+0000][8.345s][info ][gc,phases   ] GC(20)   Post Evacuate Collection Set: 1.2ms
[2025-11-29T09:03:40.823+0000][8.345s][info ][gc,phases   ] GC(20)   Other: 0.1ms
[2025-11-29T09:03:40.823+0000][8.345s][info ][gc,heap     ] GC(20) Eden regions: 126->0(5)
[2025-11-29T09:03:40.823+0000][8.345s][info ][gc,heap     ] GC(20) Survivor regions: 12->6(18)
[2025-11-29T09:03:40.823+0000][8.345s][info ][gc,heap     ] GC(20) Old regions: 51->55
[2025-11-29T09:03:40.823+0000][8.345s][info ][gc,heap     ] GC(20) Archive regions: 2->2
[2025-11-29T09:03:40.823+0000][8.345s][info ][gc,heap     ] GC(20) Humongous regions: 0->0
[2025-11-29T09:03:40.823+0000][8.345s][info ][gc,metaspace] GC(20) Metaspace: 37655K(38080K)->37655K(38080K) NonClass: 32972K(33152K)->32972K(33152K) Class: 4682K(4928K)->4682K(4928K)
[2025-11-29T09:03:40.823+0000][8.345s][info ][gc          ] GC(20) Pause Young (Prepare Mixed) (G1 Evacuation Pause) 189M->61M(230M) 6.010ms
[2025-11-29T09:03:40.823+0000][8.345s][info ][gc,cpu      ] GC(20) User=0.03s Sys=0.00s Real=0.00s
[2025-11-29T09:03:40.823+0000][8.346s][info ][safepoint   ] Safepoint "G1CollectForAllocation", Time since last: 535049440 ns, Reaching safepoint: 45598 ns, Cleanup: 153477 ns, At safepoint: 6152987 ns, Total: 6352062 ns
[2025-11-29T09:03:40.864+0000][8.386s][debug][safepoint   ] Safepoint synchronization initiated using futex wait barrier. (20 threads)
[2025-11-29T09:03:40.864+0000][8.386s][info ][gc,start    ] GC(21) Pause Young (Mixed) (G1 Evacuation Pause)
[2025-11-29T09:03:40.864+0000][8.386s][info ][gc,task     ] GC(21) Using 5 workers of 13 for evacuation
[2025-11-29T09:03:40.868+0000][8.391s][info ][gc,phases   ] GC(21)   Pre Evacuate Collection Set: 0.2ms
[2025-11-29T09:03:40.868+0000][8.391s][info ][gc,phases   ] GC(21)   Merge Heap Roots: 0.1ms
[2025-11-29T09:03:40.868+0000][8.391s][info ][gc,phases   ] GC(21)   Evacuate Collection Set: 3.2ms
[2025-11-29T09:03:40.868+0000][8.391s][info ][gc,phases   ] GC(21)   Post Evacuate Collection Set: 0.9ms
[2025-11-29T09:03:40.868+0000][8.391s][info ][gc,phases   ] GC(21)   Other: 0.1ms
[2025-11-29T09:03:40.868+0000][8.391s][info ][gc,heap     ] GC(21) Eden regions: 5->0(131)
[2025-11-29T09:03:40.868+0000][8.391s][info ][gc,heap     ] GC(21) Survivor regions: 6->2(2)
[2025-11-29T09:03:40.868+0000][8.391s][info ][gc,heap     ] GC(21) Old regions: 55->59
[2025-11-29T09:03:40.868+0000][8.391s][info ][gc,heap     ] GC(21) Archive regions: 2->2
[2025-11-29T09:03:40.868+0000][8.391s][info ][gc,heap     ] GC(21) Humongous regions: 0->0
[2025-11-29T09:03:40.868+0000][8.391s][info ][gc,metaspace] GC(21) Metaspace: 37836K(38208K)->37836K(38208K) NonClass: 33111K(33280K)->33111K(33280K) Class: 4725K(4928K)->4725K(4928K)
[2025-11-29T09:03:40.868+0000][8.391s][info ][gc          ] GC(21) Pause Young (Mixed) (G1 Evacuation Pause) 66M->61M(230M) 4.586ms
[2025-11-29T09:03:40.868+0000][8.391s][info ][gc,cpu      ] GC(21) User=0.02s Sys=0.00s Real=0.01s
[2025-11-29T09:03:40.868+0000][8.391s][info ][safepoint   ] Safepoint "G1CollectForAllocation", Time since last: 40862707 ns, Reaching safepoint: 51429 ns, Cleanup: 3406 ns, At safepoint: 4683080 ns, Total: 4737915 ns
[2025-11-29T09:03:41.399+0000][8.921s][debug][safepoint   ] Safepoint synchronization initiated using futex wait barrier. (20 threads)
[2025-11-29T09:03:41.399+0000][8.922s][info ][gc,start    ] GC(22) Pause Young (Normal) (G1 Evacuation Pause)
[2025-11-29T09:03:41.399+0000][8.922s][info ][gc,task     ] GC(22) Using 5 workers of 13 for evacuation
[2025-11-29T09:03:41.402+0000][8.925s][info ][gc,phases   ] GC(22)   Pre Evacuate Collection Set: 0.1ms
[2025-11-29T09:03:41.402+0000][8.925s][info ][gc,phases   ] GC(22)   Merge Heap Roots: 0.1ms
[2025-11-29T09:03:41.402+0000][8.925s][info ][gc,phases   ] GC(22)   Evacuate Collection Set: 2.2ms
[2025-11-29T09:03:41.402+0000][8.925s][info ][gc,phases   ] GC(22)   Post Evacuate Collection Set: 1.1ms
[2025-11-29T09:03:41.402+0000][8.925s][info ][gc,phases   ] GC(22)   Other: 0.1ms
[2025-11-29T09:03:41.402+0000][8.925s][info ][gc,heap     ] GC(22) Eden regions: 131->0(131)
[2025-11-29T09:03:41.402+0000][8.925s][info ][gc,heap     ] GC(22) Survivor regions: 2->3(17)
[2025-11-29T09:03:41.402+0000][8.925s][info ][gc,heap     ] GC(22) Old regions: 59->59
[2025-11-29T09:03:41.402+0000][8.925s][info ][gc,heap     ] GC(22) Archive regions: 2->2
[2025-11-29T09:03:41.402+0000][8.925s][info ][gc,heap     ] GC(22) Humongous regions: 0->0
[2025-11-29T09:03:41.402+0000][8.925s][info ][gc,metaspace] GC(22) Metaspace: 40595K(41024K)->40595K(41024K) NonClass: 35496K(35712K)->35496K(35712K) Class: 5099K(5312K)->5099K(5312K)
[2025-11-29T09:03:41.402+0000][8.925s][info ][gc          ] GC(22) Pause Young (Normal) (G1 Evacuation Pause) 192M->62M(230M) 3.643ms
[2025-11-29T09:03:41.403+0000][8.925s][info ][gc,cpu      ] GC(22) User=0.02s Sys=0.00s Real=0.00s
[2025-11-29T09:03:41.403+0000][8.925s][info ][safepoint   ] Safepoint "G1CollectForAllocation", Time since last: 530336849 ns, Reaching safepoint: 36029 ns, Cleanup: 118239 ns, At safepoint: 3815630 ns, Total: 3969898 ns
[2025-11-29T09:03:42.174+0000][9.697s][debug][safepoint   ] Safepoint synchronization initiated using futex wait barrier. (20 threads)
[2025-11-29T09:03:42.174+0000][9.697s][info ][gc,start    ] GC(23) Pause Young (Normal) (G1 Evacuation Pause)
[2025-11-29T09:03:42.174+0000][9.697s][info ][gc,task     ] GC(23) Using 5 workers of 13 for evacuation
[2025-11-29T09:03:42.178+0000][9.701s][info ][gc,phases   ] GC(23)   Pre Evacuate Collection Set: 0.2ms
[2025-11-29T09:03:42.178+0000][9.701s][info ][gc,phases   ] GC(23)   Merge Heap Roots: 0.2ms
[2025-11-29T09:03:42.178+0000][9.701s][info ][gc,phases   ] GC(23)   Evacuate Collection Set: 2.2ms
[2025-11-29T09:03:42.178+0000][9.701s][info ][gc,phases   ] GC(23)   Post Evacuate Collection Set: 1.1ms
[2025-11-29T09:03:42.178+0000][9.701s][info ][gc,phases   ] GC(23)   Other: 0.1ms
[2025-11-29T09:03:42.178+0000][9.701s][info ][gc,heap     ] GC(23) Eden regions: 131->0(131)
[2025-11-29T09:03:42.178+0000][9.701s][info ][gc,heap     ] GC(23) Survivor regions: 3->5(17)
[2025-11-29T09:03:42.178+0000][9.701s][info ][gc,heap     ] GC(23) Old regions: 59->59
[2025-11-29T09:03:42.178+0000][9.701s][info ][gc,heap     ] GC(23) Archive regions: 2->2
[2025-11-29T09:03:42.178+0000][9.701s][info ][gc,heap     ] GC(23) Humongous regions: 0->0
[2025-11-29T09:03:42.178+0000][9.701s][info ][gc,metaspace] GC(23) Metaspace: 43111K(43520K)->43111K(43520K) NonClass: 37674K(37888K)->37674K(37888K) Class: 5436K(5632K)->5436K(5632K)
[2025-11-29T09:03:42.178+0000][9.701s][info ][gc          ] GC(23) Pause Young (Normal) (G1 Evacuation Pause) 193M->64M(230M) 3.861ms
[2025-11-29T09:03:42.178+0000][9.701s][info ][gc,cpu      ] GC(23) User=0.01s Sys=0.01s Real=0.00s
[2025-11-29T09:03:42.178+0000][9.701s][info ][safepoint   ] Safepoint "G1CollectForAllocation", Time since last: 771191225 ns, Reaching safepoint: 52692 ns, Cleanup: 171892 ns, At safepoint: 3950129 ns, Total: 4174713 ns
[2025-11-29T09:03:42.810+0000][10.333s][debug][safepoint   ] Safepoint synchronization initiated using futex wait barrier. (19 threads)
[2025-11-29T09:03:42.810+0000][10.333s][info ][safepoint   ] Safepoint "ICBufferFull", Time since last: 631928926 ns, Reaching safepoint: 85635 ns, Cleanup: 328545 ns, At safepoint: 28164 ns, Total: 442344 ns
[2025-11-29T09:03:43.014+0000][10.536s][debug][safepoint   ] Safepoint synchronization initiated using futex wait barrier. (19 threads)
[2025-11-29T09:03:43.014+0000][10.536s][info ][gc,start    ] GC(24) Pause Young (Normal) (G1 Evacuation Pause)
[2025-11-29T09:03:43.014+0000][10.536s][info ][gc,task     ] GC(24) Using 5 workers of 13 for evacuation
[2025-11-29T09:03:43.019+0000][10.541s][info ][gc,phases   ] GC(24)   Pre Evacuate Collection Set: 0.2ms
[2025-11-29T09:03:43.019+0000][10.541s][info ][gc,phases   ] GC(24)   Merge Heap Roots: 0.1ms
[2025-11-29T09:03:43.019+0000][10.541s][info ][gc,phases   ] GC(24)   Evacuate Collection Set: 3.4ms
[2025-11-29T09:03:43.019+0000][10.541s][info ][gc,phases   ] GC(24)   Post Evacuate Collection Set: 1.0ms
[2025-11-29T09:03:43.019+0000][10.541s][info ][gc,phases   ] GC(24)   Other: 0.1ms
[2025-11-29T09:03:43.019+0000][10.541s][info ][gc,heap     ] GC(24) Eden regions: 131->0(129)
[2025-11-29T09:03:43.019+0000][10.541s][info ][gc,heap     ] GC(24) Survivor regions: 5->7(17)
[2025-11-29T09:03:43.019+0000][10.541s][info ][gc,heap     ] GC(24) Old regions: 59->59
[2025-11-29T09:03:43.019+0000][10.541s][info ][gc,heap     ] GC(24) Archive regions: 2->2
[2025-11-29T09:03:43.019+0000][10.541s][info ][gc,heap     ] GC(24) Humongous regions: 0->0
[2025-11-29T09:03:43.019+0000][10.541s][info ][gc,metaspace] GC(24) Metaspace: 46778K(47232K)->46778K(47232K) NonClass: 40838K(41088K)->40838K(41088K) Class: 5940K(6144K)->5940K(6144K)
[2025-11-29T09:03:43.019+0000][10.541s][info ][gc          ] GC(24) Pause Young (Normal) (G1 Evacuation Pause) 195M->66M(230M) 4.916ms
[2025-11-29T09:03:43.019+0000][10.541s][info ][gc,cpu      ] GC(24) User=0.03s Sys=0.00s Real=0.00s
[2025-11-29T09:03:43.019+0000][10.542s][info ][safepoint   ] Safepoint "G1CollectForAllocation", Time since last: 203201914 ns, Reaching safepoint: 45568 ns, Cleanup: 60206 ns, At safepoint: 5062663 ns, Total: 5168437 ns
[2025-11-29T09:03:43.837+0000][11.360s][debug][safepoint   ] Safepoint synchronization initiated using futex wait barrier. (20 threads)
[2025-11-29T09:03:43.837+0000][11.360s][info ][gc,start    ] GC(25) Pause Young (Normal) (G1 Evacuation Pause)
[2025-11-29T09:03:43.837+0000][11.360s][info ][gc,task     ] GC(25) Using 5 workers of 13 for evacuation
[2025-11-29T09:03:43.844+0000][11.367s][info ][gc,phases   ] GC(25)   Pre Evacuate Collection Set: 0.1ms
[2025-11-29T09:03:43.844+0000][11.367s][info ][gc,phases   ] GC(25)   Merge Heap Roots: 0.2ms
[2025-11-29T09:03:43.844+0000][11.367s][info ][gc,phases   ] GC(25)   Evacuate Collection Set: 5.0ms
[2025-11-29T09:03:43.844+0000][11.367s][info ][gc,phases   ] GC(25)   Post Evacuate Collection Set: 1.4ms
[2025-11-29T09:03:43.844+0000][11.367s][info ][gc,phases   ] GC(25)   Other: 0.1ms
[2025-11-29T09:03:43.844+0000][11.367s][info ][gc,heap     ] GC(25) Eden regions: 129->0(127)
[2025-11-29T09:03:43.844+0000][11.367s][info ][gc,heap     ] GC(25) Survivor regions: 7->9(17)
[2025-11-29T09:03:43.844+0000][11.367s][info ][gc,heap     ] GC(25) Old regions: 59->59
[2025-11-29T09:03:43.844+0000][11.367s][info ][gc,heap     ] GC(25) Archive regions: 2->2
[2025-11-29T09:03:43.844+0000][11.367s][info ][gc,heap     ] GC(25) Humongous regions: 0->0
[2025-11-29T09:03:43.844+0000][11.367s][info ][gc,metaspace] GC(25) Metaspace: 51352K(51776K)->51352K(51776K) NonClass: 44790K(44992K)->44790K(44992K) Class: 6561K(6784K)->6561K(6784K)
[2025-11-29T09:03:43.844+0000][11.367s][info ][gc          ] GC(25) Pause Young (Normal) (G1 Evacuation Pause) 195M->68M(230M) 6.934ms
[2025-11-29T09:03:43.844+0000][11.367s][info ][gc,cpu      ] GC(25) User=0.04s Sys=0.00s Real=0.00s
[2025-11-29T09:03:43.844+0000][11.367s][info ][safepoint   ] Safepoint "G1CollectForAllocation", Time since last: 818034019 ns, Reaching safepoint: 88270 ns, Cleanup: 152174 ns, At safepoint: 7051051 ns, Total: 7291495 ns
[2025-11-29T09:03:45.331+0000][12.854s][debug][safepoint   ] Safepoint synchronization initiated using futex wait barrier. (22 threads)
[2025-11-29T09:03:45.332+0000][12.854s][info ][safepoint   ] Safepoint "Cleanup", Time since last: 1487172233 ns, Reaching safepoint: 90585 ns, Cleanup: 318755 ns, At safepoint: 6262 ns, Total: 415602 ns
[2025-11-29T09:03:45.858+0000][13.381s][debug][safepoint   ] Safepoint synchronization initiated using futex wait barrier. (23 threads)
[2025-11-29T09:03:45.858+0000][13.381s][info ][gc,start    ] GC(26) Pause Young (Normal) (G1 Evacuation Pause)
[2025-11-29T09:03:45.858+0000][13.381s][info ][gc,task     ] GC(26) Using 5 workers of 13 for evacuation
[2025-11-29T09:03:45.865+0000][13.388s][info ][gc,phases   ] GC(26)   Pre Evacuate Collection Set: 0.2ms
[2025-11-29T09:03:45.865+0000][13.388s][info ][gc,phases   ] GC(26)   Merge Heap Roots: 0.2ms
[2025-11-29T09:03:45.865+0000][13.388s][info ][gc,phases   ] GC(26)   Evacuate Collection Set: 5.4ms
[2025-11-29T09:03:45.865+0000][13.388s][info ][gc,phases   ] GC(26)   Post Evacuate Collection Set: 1.3ms
[2025-11-29T09:03:45.865+0000][13.388s][info ][gc,phases   ] GC(26)   Other: 0.1ms
[2025-11-29T09:03:45.865+0000][13.388s][info ][gc,heap     ] GC(26) Eden regions: 127->0(122)
[2025-11-29T09:03:45.865+0000][13.388s][info ][gc,heap     ] GC(26) Survivor regions: 9->12(17)
[2025-11-29T09:03:45.865+0000][13.388s][info ][gc,heap     ] GC(26) Old regions: 59->59
[2025-11-29T09:03:45.865+0000][13.388s][info ][gc,heap     ] GC(26) Archive regions: 2->2
[2025-11-29T09:03:45.865+0000][13.388s][info ][gc,heap     ] GC(26) Humongous regions: 0->0
[2025-11-29T09:03:45.865+0000][13.388s][info ][gc,metaspace] GC(26) Metaspace: 57365K(57792K)->57365K(57792K) NonClass: 50143K(50368K)->50143K(50368K) Class: 7222K(7424K)->7222K(7424K)
[2025-11-29T09:03:45.865+0000][13.388s][info ][gc          ] GC(26) Pause Young (Normal) (G1 Evacuation Pause) 195M->71M(230M) 7.168ms
[2025-11-29T09:03:45.865+0000][13.388s][info ][gc,cpu      ] GC(26) User=0.01s Sys=0.03s Real=0.01s
[2025-11-29T09:03:45.865+0000][13.388s][info ][safepoint   ] Safepoint "G1CollectForAllocation", Time since last: 526325949 ns, Reaching safepoint: 51419 ns, Cleanup: 141112 ns, At safepoint: 7281512 ns, Total: 7474043 ns
[2025-11-29T09:03:46.293+0000][13.816s][debug][safepoint   ] Safepoint synchronization initiated using futex wait barrier. (19 threads)
[2025-11-29T09:03:46.294+0000][13.816s][info ][gc,start    ] GC(27) Pause Young (Concurrent Start) (Metadata GC Threshold)
[2025-11-29T09:03:46.294+0000][13.816s][info ][gc,task     ] GC(27) Using 5 workers of 13 for evacuation
[2025-11-29T09:03:46.302+0000][13.825s][info ][gc,phases   ] GC(27)   Pre Evacuate Collection Set: 0.3ms
[2025-11-29T09:03:46.302+0000][13.825s][info ][gc,phases   ] GC(27)   Merge Heap Roots: 0.1ms
[2025-11-29T09:03:46.302+0000][13.825s][info ][gc,phases   ] GC(27)   Evacuate Collection Set: 6.2ms
[2025-11-29T09:03:46.302+0000][13.825s][info ][gc,phases   ] GC(27)   Post Evacuate Collection Set: 1.5ms
[2025-11-29T09:03:46.302+0000][13.825s][info ][gc,phases   ] GC(27)   Other: 0.2ms
[2025-11-29T09:03:46.302+0000][13.825s][info ][gc,heap     ] GC(27) Eden regions: 107->0(124)
[2025-11-29T09:03:46.302+0000][13.825s][info ][gc,heap     ] GC(27) Survivor regions: 12->9(17)
[2025-11-29T09:03:46.302+0000][13.825s][info ][gc,heap     ] GC(27) Old regions: 59->63
[2025-11-29T09:03:46.302+0000][13.825s][info ][gc,heap     ] GC(27) Archive regions: 2->2
[2025-11-29T09:03:46.302+0000][13.825s][info ][gc,heap     ] GC(27) Humongous regions: 0->0
[2025-11-29T09:03:46.302+0000][13.825s][info ][gc,metaspace] GC(27) Metaspace: 59994K(60416K)->59994K(60416K) NonClass: 52332K(52544K)->52332K(52544K) Class: 7661K(7872K)->7661K(7872K)
[2025-11-29T09:03:46.302+0000][13.825s][info ][gc          ] GC(27) Pause Young (Concurrent Start) (Metadata GC Threshold) 177M->72M(230M) 8.322ms
[2025-11-29T09:03:46.302+0000][13.825s][info ][gc,cpu      ] GC(27) User=0.03s Sys=0.01s Real=0.00s
[2025-11-29T09:03:46.302+0000][13.825s][info ][gc          ] GC(28) Concurrent Mark Cycle
[2025-11-29T09:03:46.302+0000][13.825s][info ][gc,marking  ] GC(28) Concurrent Clear Claimed Marks
[2025-11-29T09:03:46.302+0000][13.825s][info ][gc,marking  ] GC(28) Concurrent Clear Claimed Marks 0.071ms
[2025-11-29T09:03:46.302+0000][13.825s][info ][gc,marking  ] GC(28) Concurrent Scan Root Regions
[2025-11-29T09:03:46.302+0000][13.825s][info ][safepoint   ] Safepoint "CollectForMetadataAllocation", Time since last: 427991550 ns, Reaching safepoint: 45818 ns, Cleanup: 44035 ns, At safepoint: 8526168 ns, Total: 8616021 ns
[2025-11-29T09:03:46.308+0000][13.831s][info ][gc,marking  ] GC(28) Concurrent Scan Root Regions 5.899ms
[2025-11-29T09:03:46.308+0000][13.831s][info ][gc,marking  ] GC(28) Concurrent Mark
[2025-11-29T09:03:46.308+0000][13.831s][info ][gc,marking  ] GC(28) Concurrent Mark From Roots
[2025-11-29T09:03:46.308+0000][13.831s][info ][gc,task     ] GC(28) Using 3 workers of 3 for marking
[2025-11-29T09:03:46.342+0000][13.865s][info ][gc,marking  ] GC(28) Concurrent Mark From Roots 34.352ms
[2025-11-29T09:03:46.342+0000][13.865s][info ][gc,marking  ] GC(28) Concurrent Preclean
[2025-11-29T09:03:46.343+0000][13.866s][info ][gc,marking  ] GC(28) Concurrent Preclean 0.337ms
[2025-11-29T09:03:46.343+0000][13.866s][debug][safepoint   ] Safepoint synchronization initiated using futex wait barrier. (19 threads)
[2025-11-29T09:03:46.343+0000][13.866s][info ][gc,start    ] GC(28) Pause Remark
[2025-11-29T09:03:46.347+0000][13.870s][info ][gc          ] GC(28) Pause Remark 75M->75M(230M) 4.236ms
[2025-11-29T09:03:46.347+0000][13.870s][info ][gc,cpu      ] GC(28) User=0.02s Sys=0.00s Real=0.01s
[2025-11-29T09:03:46.347+0000][13.870s][info ][safepoint   ] Safepoint "G1PauseRemark", Time since last: 40795747 ns, Reaching safepoint: 25509 ns, Cleanup: 39697 ns, At safepoint: 4417948 ns, Total: 4483154 ns
[2025-11-29T09:03:46.347+0000][13.870s][info ][gc,marking  ] GC(28) Concurrent Mark 39.417ms
[2025-11-29T09:03:46.347+0000][13.870s][info ][gc,marking  ] GC(28) Concurrent Rebuild Remembered Sets
[2025-11-29T09:03:46.363+0000][13.885s][info ][gc,marking  ] GC(28) Concurrent Rebuild Remembered Sets 15.206ms
[2025-11-29T09:03:46.363+0000][13.886s][debug][safepoint   ] Safepoint synchronization initiated using futex wait barrier. (19 threads)
[2025-11-29T09:03:46.363+0000][13.886s][info ][gc,start    ] GC(28) Pause Cleanup
[2025-11-29T09:03:46.363+0000][13.886s][info ][gc          ] GC(28) Pause Cleanup 76M->76M(230M) 0.229ms
[2025-11-29T09:03:46.363+0000][13.886s][info ][gc,cpu      ] GC(28) User=0.01s Sys=0.00s Real=0.00s
[2025-11-29T09:03:46.363+0000][13.886s][info ][safepoint   ] Safepoint "G1PauseCleanup", Time since last: 15474580 ns, Reaching safepoint: 116014 ns, Cleanup: 3106 ns, At safepoint: 289940 ns, Total: 409060 ns
[2025-11-29T09:03:46.363+0000][13.886s][info ][gc,marking  ] GC(28) Concurrent Cleanup for Next Mark
[2025-11-29T09:03:46.365+0000][13.888s][info ][gc,marking  ] GC(28) Concurrent Cleanup for Next Mark 1.438ms
[2025-11-29T09:03:46.365+0000][13.888s][info ][gc          ] GC(28) Concurrent Mark Cycle 62.814ms
[2025-11-29T09:03:46.984+0000][14.507s][debug][safepoint   ] Safepoint synchronization initiated using futex wait barrier. (21 threads)
[2025-11-29T09:03:46.987+0000][14.510s][info ][gc,start    ] GC(29) Pause Young (Prepare Mixed) (G1 Evacuation Pause)
[2025-11-29T09:03:46.987+0000][14.510s][info ][gc,task     ] GC(29) Using 5 workers of 13 for evacuation
[2025-11-29T09:03:46.994+0000][14.517s][info ][gc,phases   ] GC(29)   Pre Evacuate Collection Set: 0.3ms
[2025-11-29T09:03:46.994+0000][14.517s][info ][gc,phases   ] GC(29)   Merge Heap Roots: 0.2ms
[2025-11-29T09:03:46.994+0000][14.517s][info ][gc,phases   ] GC(29)   Evacuate Collection Set: 5.6ms
[2025-11-29T09:03:46.994+0000][14.517s][info ][gc,phases   ] GC(29)   Post Evacuate Collection Set: 1.2ms
[2025-11-29T09:03:46.994+0000][14.517s][info ][gc,phases   ] GC(29)   Other: 0.2ms
[2025-11-29T09:03:46.995+0000][14.517s][info ][gc,heap     ] GC(29) Eden regions: 124->0(1)
[2025-11-29T09:03:46.995+0000][14.517s][info ][gc,heap     ] GC(29) Survivor regions: 9->11(17)
[2025-11-29T09:03:46.995+0000][14.517s][info ][gc,heap     ] GC(29) Old regions: 63->63
[2025-11-29T09:03:46.995+0000][14.517s][info ][gc,heap     ] GC(29) Archive regions: 2->2
[2025-11-29T09:03:46.995+0000][14.517s][info ][gc,heap     ] GC(29) Humongous regions: 0->0
[2025-11-29T09:03:46.995+0000][14.517s][info ][gc,metaspace] GC(29) Metaspace: 64113K(64640K)->64113K(64640K) NonClass: 55913K(56192K)->55913K(56192K) Class: 8200K(8448K)->8200K(8448K)
[2025-11-29T09:03:46.995+0000][14.517s][info ][gc          ] GC(29) Pause Young (Prepare Mixed) (G1 Evacuation Pause) 196M->73M(230M) 7.539ms
[2025-11-29T09:03:46.995+0000][14.517s][info ][gc,cpu      ] GC(29) User=0.03s Sys=0.00s Real=0.01s
[2025-11-29T09:03:46.995+0000][14.517s][info ][safepoint   ] Safepoint "G1CollectForAllocation", Time since last: 621153700 ns, Reaching safepoint: 80666 ns, Cleanup: 2477221 ns, At safepoint: 7664751 ns, Total: 10222638 ns
[2025-11-29T09:03:46.999+0000][14.522s][debug][safepoint   ] Safepoint synchronization initiated using futex wait barrier. (21 threads)
[2025-11-29T09:03:46.999+0000][14.522s][info ][gc,start    ] GC(30) Pause Young (Mixed) (G1 Evacuation Pause)
[2025-11-29T09:03:46.999+0000][14.522s][info ][gc,task     ] GC(30) Using 5 workers of 13 for evacuation
[2025-11-29T09:03:47.006+0000][14.529s][info ][gc,phases   ] GC(30)   Pre Evacuate Collection Set: 0.2ms
[2025-11-29T09:03:47.006+0000][14.529s][info ][gc,phases   ] GC(30)   Merge Heap Roots: 0.3ms
[2025-11-29T09:03:47.006+0000][14.529s][info ][gc,phases   ] GC(30)   Evacuate Collection Set: 5.8ms
[2025-11-29T09:03:47.006+0000][14.529s][info ][gc,phases   ] GC(30)   Post Evacuate Collection Set: 0.9ms
[2025-11-29T09:03:47.006+0000][14.529s][info ][gc,phases   ] GC(30)   Other: 0.1ms
[2025-11-29T09:03:47.006+0000][14.529s][info ][gc,heap     ] GC(30) Eden regions: 1->0(125)
[2025-11-29T09:03:47.006+0000][14.529s][info ][gc,heap     ] GC(30) Survivor regions: 11->2(2)
[2025-11-29T09:03:47.006+0000][14.529s][info ][gc,heap     ] GC(30) Old regions: 63->70
[2025-11-29T09:03:47.006+0000][14.529s][info ][gc,heap     ] GC(30) Archive regions: 2->2
[2025-11-29T09:03:47.006+0000][14.529s][info ][gc,heap     ] GC(30) Humongous regions: 0->0
[2025-11-29T09:03:47.006+0000][14.529s][info ][gc,metaspace] GC(30) Metaspace: 64122K(64640K)->64122K(64640K) NonClass: 55919K(56192K)->55919K(56192K) Class: 8202K(8448K)->8202K(8448K)
[2025-11-29T09:03:47.006+0000][14.529s][info ][gc          ] GC(30) Pause Young (Mixed) (G1 Evacuation Pause) 74M->72M(230M) 7.259ms
[2025-11-29T09:03:47.006+0000][14.529s][info ][gc,cpu      ] GC(30) User=0.03s Sys=0.00s Real=0.01s
[2025-11-29T09:03:47.006+0000][14.529s][info ][safepoint   ] Safepoint "G1CollectForAllocation", Time since last: 4449880 ns, Reaching safepoint: 37933 ns, Cleanup: 3317 ns, At safepoint: 7352120 ns, Total: 7393370 ns
[2025-11-29T09:03:47.369+0000][14.892s][debug][safepoint   ] Safepoint synchronization initiated using futex wait barrier. (21 threads)
[2025-11-29T09:03:47.369+0000][14.892s][info ][gc,start    ] GC(31) Pause Young (Normal) (G1 Evacuation Pause)
[2025-11-29T09:03:47.369+0000][14.892s][info ][gc,task     ] GC(31) Using 5 workers of 13 for evacuation
[2025-11-29T09:03:47.373+0000][14.895s][info ][gc,phases   ] GC(31)   Pre Evacuate Collection Set: 0.2ms
[2025-11-29T09:03:47.373+0000][14.895s][info ][gc,phases   ] GC(31)   Merge Heap Roots: 0.2ms
[2025-11-29T09:03:47.373+0000][14.895s][info ][gc,phases   ] GC(31)   Evacuate Collection Set: 1.6ms
[2025-11-29T09:03:47.373+0000][14.895s][info ][gc,phases   ] GC(31)   Post Evacuate Collection Set: 1.3ms
[2025-11-29T09:03:47.373+0000][14.895s][info ][gc,phases   ] GC(31)   Other: 0.1ms
[2025-11-29T09:03:47.373+0000][14.895s][info ][gc,heap     ] GC(31) Eden regions: 125->0(127)
[2025-11-29T09:03:47.373+0000][14.895s][info ][gc,heap     ] GC(31) Survivor regions: 2->1(16)
[2025-11-29T09:03:47.373+0000][14.895s][info ][gc,heap     ] GC(31) Old regions: 70->70
[2025-11-29T09:03:47.373+0000][14.895s][info ][gc,heap     ] GC(31) Archive regions: 2->2
[2025-11-29T09:03:47.373+0000][14.895s][info ][gc,heap     ] GC(31) Humongous regions: 0->0
[2025-11-29T09:03:47.373+0000][14.895s][info ][gc,metaspace] GC(31) Metaspace: 66246K(66688K)->66246K(66688K) NonClass: 57650K(57856K)->57650K(57856K) Class: 8596K(8832K)->8596K(8832K)
[2025-11-29T09:03:47.373+0000][14.895s][info ][gc          ] GC(31) Pause Young (Normal) (G1 Evacuation Pause) 197M->71M(230M) 3.506ms
[2025-11-29T09:03:47.373+0000][14.896s][info ][gc,cpu      ] GC(31) User=0.01s Sys=0.00s Real=0.00s
[2025-11-29T09:03:47.373+0000][14.896s][info ][safepoint   ] Safepoint "G1CollectForAllocation", Time since last: 362589283 ns, Reaching safepoint: 53053 ns, Cleanup: 54144 ns, At safepoint: 3670702 ns, Total: 3777899 ns
[2025-11-29T09:03:47.742+0000][15.264s][debug][safepoint   ] Safepoint synchronization initiated using futex wait barrier. (22 threads)
[2025-11-29T09:03:47.742+0000][15.265s][info ][safepoint   ] Safepoint "ICBufferFull", Time since last: 368735726 ns, Reaching safepoint: 63453 ns, Cleanup: 121795 ns, At safepoint: 38354 ns, Total: 223602 ns
[2025-11-29T09:03:48.136+0000][15.659s][debug][safepoint   ] Safepoint synchronization initiated using futex wait barrier. (29 threads)
[2025-11-29T09:03:48.136+0000][15.659s][info ][gc,start    ] GC(32) Pause Young (Normal) (G1 Evacuation Pause)
[2025-11-29T09:03:48.136+0000][15.659s][info ][gc,task     ] GC(32) Using 5 workers of 13 for evacuation
[2025-11-29T09:03:48.141+0000][15.664s][info ][gc,phases   ] GC(32)   Pre Evacuate Collection Set: 0.2ms
[2025-11-29T09:03:48.141+0000][15.664s][info ][gc,phases   ] GC(32)   Merge Heap Roots: 0.2ms
[2025-11-29T09:03:48.141+0000][15.664s][info ][gc,phases   ] GC(32)   Evacuate Collection Set: 3.0ms
[2025-11-29T09:03:48.141+0000][15.664s][info ][gc,phases   ] GC(32)   Post Evacuate Collection Set: 1.2ms
[2025-11-29T09:03:48.141+0000][15.664s][info ][gc,phases   ] GC(32)   Other: 0.1ms
[2025-11-29T09:03:48.141+0000][15.664s][info ][gc,heap     ] GC(32) Eden regions: 127->0(122)
[2025-11-29T09:03:48.141+0000][15.664s][info ][gc,heap     ] GC(32) Survivor regions: 1->5(16)
[2025-11-29T09:03:48.141+0000][15.664s][info ][gc,heap     ] GC(32) Old regions: 70->70
[2025-11-29T09:03:48.141+0000][15.664s][info ][gc,heap     ] GC(32) Archive regions: 2->2
[2025-11-29T09:03:48.141+0000][15.664s][info ][gc,heap     ] GC(32) Humongous regions: 0->0
[2025-11-29T09:03:48.141+0000][15.664s][info ][gc,metaspace] GC(32) Metaspace: 70006K(70464K)->70006K(70464K) NonClass: 60988K(61248K)->60988K(61248K) Class: 9018K(9216K)->9018K(9216K)
[2025-11-29T09:03:48.141+0000][15.664s][info ][gc          ] GC(32) Pause Young (Normal) (G1 Evacuation Pause) 198M->75M(230M) 4.752ms
[2025-11-29T09:03:48.141+0000][15.664s][info ][gc,cpu      ] GC(32) User=0.05s Sys=0.02s Real=0.00s
[2025-11-29T09:03:48.141+0000][15.664s][info ][safepoint   ] Safepoint "G1CollectForAllocation", Time since last: 394334890 ns, Reaching safepoint: 64394 ns, Cleanup: 198864 ns, At safepoint: 4893877 ns, Total: 5157135 ns
[2025-11-29T09:03:48.510+0000][16.033s][debug][safepoint   ] Safepoint synchronization initiated using futex wait barrier. (29 threads)
[2025-11-29T09:03:48.511+0000][16.034s][info ][safepoint   ] Safepoint "ICBufferFull", Time since last: 369209577 ns, Reaching safepoint: 174337 ns, Cleanup: 159167 ns, At safepoint: 117176 ns, Total: 450680 ns
[2025-11-29T09:03:48.765+0000][16.288s][debug][safepoint   ] Safepoint synchronization initiated using futex wait barrier. (29 threads)
[2025-11-29T09:03:48.766+0000][16.288s][info ][gc,start    ] GC(33) Pause Young (Normal) (G1 Evacuation Pause)
[2025-11-29T09:03:48.766+0000][16.288s][info ][gc,task     ] GC(33) Using 5 workers of 13 for evacuation
[2025-11-29T09:03:48.771+0000][16.293s][info ][gc,phases   ] GC(33)   Pre Evacuate Collection Set: 0.2ms
[2025-11-29T09:03:48.771+0000][16.293s][info ][gc,phases   ] GC(33)   Merge Heap Roots: 0.1ms
[2025-11-29T09:03:48.771+0000][16.293s][info ][gc,phases   ] GC(33)   Evacuate Collection Set: 3.6ms
[2025-11-29T09:03:48.771+0000][16.293s][info ][gc,phases   ] GC(33)   Post Evacuate Collection Set: 1.0ms
[2025-11-29T09:03:48.771+0000][16.293s][info ][gc,phases   ] GC(33)   Other: 0.1ms
[2025-11-29T09:03:48.771+0000][16.293s][info ][gc,heap     ] GC(33) Eden regions: 122->0(120)
[2025-11-29T09:03:48.771+0000][16.293s][info ][gc,heap     ] GC(33) Survivor regions: 5->7(16)
[2025-11-29T09:03:48.771+0000][16.293s][info ][gc,heap     ] GC(33) Old regions: 70->70
[2025-11-29T09:03:48.771+0000][16.293s][info ][gc,heap     ] GC(33) Archive regions: 2->2
[2025-11-29T09:03:48.771+0000][16.293s][info ][gc,heap     ] GC(33) Humongous regions: 0->0
[2025-11-29T09:03:48.771+0000][16.293s][info ][gc,metaspace] GC(33) Metaspace: 72627K(73216K)->72627K(73216K) NonClass: 63265K(63552K)->63265K(63552K) Class: 9362K(9664K)->9362K(9664K)
[2025-11-29T09:03:48.771+0000][16.294s][info ][gc          ] GC(33) Pause Young (Normal) (G1 Evacuation Pause) 197M->77M(230M) 5.060ms
[2025-11-29T09:03:48.771+0000][16.294s][info ][gc,cpu      ] GC(33) User=0.03s Sys=0.00s Real=0.00s
[2025-11-29T09:03:48.771+0000][16.294s][info ][safepoint   ] Safepoint "G1CollectForAllocation", Time since last: 254527501 ns, Reaching safepoint: 70095 ns, Cleanup: 119621 ns, At safepoint: 5275381 ns, Total: 5465097 ns
[2025-11-29T09:03:48.917+0000][16.439s][debug][safepoint   ] Safepoint synchronization initiated using futex wait barrier. (24 threads)
[2025-11-29T09:03:48.917+0000][16.440s][info ][safepoint   ] Safepoint "ICBufferFull", Time since last: 145742937 ns, Reaching safepoint: 127366 ns, Cleanup: 116355 ns, At safepoint: 22934 ns, Total: 266655 ns
[2025-11-29T09:03:49.430+0000][16.953s][debug][safepoint   ] Safepoint synchronization initiated using futex wait barrier. (23 threads)
[2025-11-29T09:03:49.430+0000][16.953s][info ][gc,start    ] GC(34) Pause Young (Normal) (G1 Evacuation Pause)
[2025-11-29T09:03:49.430+0000][16.953s][info ][gc,task     ] GC(34) Using 5 workers of 13 for evacuation
[2025-11-29T09:03:49.436+0000][16.959s][info ][gc,phases   ] GC(34)   Pre Evacuate Collection Set: 0.2ms
[2025-11-29T09:03:49.436+0000][16.959s][info ][gc,phases   ] GC(34)   Merge Heap Roots: 0.2ms
[2025-11-29T09:03:49.436+0000][16.959s][info ][gc,phases   ] GC(34)   Evacuate Collection Set: 4.1ms
[2025-11-29T09:03:49.436+0000][16.959s][info ][gc,phases   ] GC(34)   Post Evacuate Collection Set: 1.1ms
[2025-11-29T09:03:49.436+0000][16.959s][info ][gc,phases   ] GC(34)   Other: 0.1ms
[2025-11-29T09:03:49.436+0000][16.959s][info ][gc,heap     ] GC(34) Eden regions: 120->0(119)
[2025-11-29T09:03:49.436+0000][16.959s][info ][gc,heap     ] GC(34) Survivor regions: 7->8(16)
[2025-11-29T09:03:49.436+0000][16.959s][info ][gc,heap     ] GC(34) Old regions: 70->70
[2025-11-29T09:03:49.436+0000][16.959s][info ][gc,heap     ] GC(34) Archive regions: 2->2
[2025-11-29T09:03:49.436+0000][16.959s][info ][gc,heap     ] GC(34) Humongous regions: 0->0
[2025-11-29T09:03:49.436+0000][16.959s][info ][gc,metaspace] GC(34) Metaspace: 77573K(78144K)->77573K(78144K) NonClass: 67513K(67776K)->67513K(67776K) Class: 10059K(10368K)->10059K(10368K)
[2025-11-29T09:03:49.436+0000][16.959s][info ][gc          ] GC(34) Pause Young (Normal) (G1 Evacuation Pause) 197M->78M(230M) 5.792ms
[2025-11-29T09:03:49.436+0000][16.959s][info ][gc,cpu      ] GC(34) User=0.02s Sys=0.00s Real=0.01s
[2025-11-29T09:03:49.436+0000][16.959s][info ][safepoint   ] Safepoint "G1CollectForAllocation", Time since last: 513359293 ns, Reaching safepoint: 47572 ns, Cleanup: 65456 ns, At safepoint: 5874221 ns, Total: 5987249 ns
[2025-11-29T09:03:49.820+0000][17.343s][debug][safepoint   ] Safepoint synchronization initiated using futex wait barrier. (23 threads)
[2025-11-29T09:03:49.821+0000][17.343s][info ][gc,start    ] GC(35) Pause Young (Normal) (G1 Evacuation Pause)
[2025-11-29T09:03:49.821+0000][17.343s][info ][gc,task     ] GC(35) Using 5 workers of 13 for evacuation
[2025-11-29T09:03:49.828+0000][17.350s][info ][gc,phases   ] GC(35)   Pre Evacuate Collection Set: 0.3ms
[2025-11-29T09:03:49.828+0000][17.350s][info ][gc,phases   ] GC(35)   Merge Heap Roots: 0.2ms
[2025-11-29T09:03:49.828+0000][17.350s][info ][gc,phases   ] GC(35)   Evacuate Collection Set: 5.0ms
[2025-11-29T09:03:49.828+0000][17.350s][info ][gc,phases   ] GC(35)   Post Evacuate Collection Set: 1.3ms
[2025-11-29T09:03:49.828+0000][17.350s][info ][gc,phases   ] GC(35)   Other: 0.2ms
[2025-11-29T09:03:49.828+0000][17.350s][info ][gc,heap     ] GC(35) Eden regions: 119->0(117)
[2025-11-29T09:03:49.828+0000][17.350s][info ][gc,heap     ] GC(35) Survivor regions: 8->9(16)
[2025-11-29T09:03:49.828+0000][17.350s][info ][gc,heap     ] GC(35) Old regions: 70->70
[2025-11-29T09:03:49.828+0000][17.350s][info ][gc,heap     ] GC(35) Archive regions: 2->2
[2025-11-29T09:03:49.828+0000][17.350s][info ][gc,heap     ] GC(35) Humongous regions: 0->0
[2025-11-29T09:03:49.828+0000][17.350s][info ][gc,metaspace] GC(35) Metaspace: 79412K(80000K)->79412K(80000K) NonClass: 68972K(69248K)->68972K(69248K) Class: 10439K(10752K)->10439K(10752K)
[2025-11-29T09:03:49.828+0000][17.350s][info ][gc          ] GC(35) Pause Young (Normal) (G1 Evacuation Pause) 197M->79M(230M) 7.074ms
[2025-11-29T09:03:49.828+0000][17.350s][info ][gc,cpu      ] GC(35) User=0.03s Sys=0.01s Real=0.01s
[2025-11-29T09:03:49.828+0000][17.351s][info ][safepoint   ] Safepoint "G1CollectForAllocation", Time since last: 383955145 ns, Reaching safepoint: 91767 ns, Cleanup: 174197 ns, At safepoint: 7227304 ns, Total: 7493268 ns
[2025-11-29T09:03:50.008+0000][17.531s][debug][safepoint   ] Safepoint synchronization initiated using futex wait barrier. (23 threads)
[2025-11-29T09:03:50.008+0000][17.531s][info ][safepoint   ] Safepoint "ICBufferFull", Time since last: 180405524 ns, Reaching safepoint: 51109 ns, Cleanup: 152454 ns, At safepoint: 58333 ns, Total: 261896 ns
[2025-11-29T09:03:50.085+0000][17.608s][debug][safepoint   ] Safepoint synchronization initiated using futex wait barrier. (23 threads)
[2025-11-29T09:03:50.085+0000][17.608s][info ][safepoint   ] Safepoint "ICBufferFull", Time since last: 76456548 ns, Reaching safepoint: 53503 ns, Cleanup: 117507 ns, At safepoint: 32723 ns, Total: 203733 ns
[2025-11-29T09:03:50.133+0000][17.655s][debug][safepoint   ] Safepoint synchronization initiated using futex wait barrier. (24 threads)
[2025-11-29T09:03:50.133+0000][17.656s][info ][safepoint   ] Safepoint "ICBufferFull", Time since last: 47565425 ns, Reaching safepoint: 55577 ns, Cleanup: 207321 ns, At safepoint: 25298 ns, Total: 288196 ns
[2025-11-29T09:03:50.133+0000][17.656s][debug][safepoint   ] Safepoint synchronization initiated using futex wait barrier. (24 threads)
[2025-11-29T09:03:50.133+0000][17.656s][info ][safepoint   ] Safepoint "ICBufferFull", Time since last: 120373 ns, Reaching safepoint: 102798 ns, Cleanup: 5511 ns, At safepoint: 60076 ns, Total: 168385 ns
[2025-11-29T09:03:50.207+0000][17.729s][debug][safepoint   ] Safepoint synchronization initiated using futex wait barrier. (24 threads)
[2025-11-29T09:03:50.207+0000][17.730s][info ][safepoint   ] Safepoint "ICBufferFull", Time since last: 73315834 ns, Reaching safepoint: 160169 ns, Cleanup: 133989 ns, At safepoint: 59124 ns, Total: 353282 ns
[2025-11-29T09:03:50.363+0000][17.886s][debug][safepoint   ] Safepoint synchronization initiated using futex wait barrier. (24 threads)
[2025-11-29T09:03:50.363+0000][17.886s][info ][safepoint   ] Safepoint "ICBufferFull", Time since last: 156119656 ns, Reaching safepoint: 169478 ns, Cleanup: 102538 ns, At safepoint: 23856 ns, Total: 295872 ns
[2025-11-29T09:03:50.501+0000][18.024s][debug][safepoint   ] Safepoint synchronization initiated using futex wait barrier. (24 threads)
[2025-11-29T09:03:50.502+0000][18.024s][info ][gc,start    ] GC(36) Pause Young (Normal) (G1 Evacuation Pause)
[2025-11-29T09:03:50.502+0000][18.024s][info ][gc,task     ] GC(36) Using 5 workers of 13 for evacuation
[2025-11-29T09:03:50.508+0000][18.030s][info ][gc,phases   ] GC(36)   Pre Evacuate Collection Set: 0.2ms
[2025-11-29T09:03:50.508+0000][18.031s][info ][gc,phases   ] GC(36)   Merge Heap Roots: 0.2ms
[2025-11-29T09:03:50.508+0000][18.031s][info ][gc,phases   ] GC(36)   Evacuate Collection Set: 4.6ms
[2025-11-29T09:03:50.508+0000][18.031s][info ][gc,phases   ] GC(36)   Post Evacuate Collection Set: 1.1ms
[2025-11-29T09:03:50.508+0000][18.031s][info ][gc,phases   ] GC(36)   Other: 0.1ms
[2025-11-29T09:03:50.508+0000][18.031s][info ][gc,heap     ] GC(36) Eden regions: 117->0(115)
[2025-11-29T09:03:50.508+0000][18.031s][info ][gc,heap     ] GC(36) Survivor regions: 9->10(16)
[2025-11-29T09:03:50.508+0000][18.031s][info ][gc,heap     ] GC(36) Old regions: 70->70
[2025-11-29T09:03:50.508+0000][18.031s][info ][gc,heap     ] GC(36) Archive regions: 2->2
[2025-11-29T09:03:50.508+0000][18.031s][info ][gc,heap     ] GC(36) Humongous regions: 0->0
[2025-11-29T09:03:50.508+0000][18.031s][info ][gc,metaspace] GC(36) Metaspace: 81247K(81856K)->81247K(81856K) NonClass: 70611K(70912K)->70611K(70912K) Class: 10636K(10944K)->10636K(10944K)
[2025-11-29T09:03:50.508+0000][18.031s][info ][gc          ] GC(36) Pause Young (Normal) (G1 Evacuation Pause) 196M->80M(230M) 6.217ms
[2025-11-29T09:03:50.508+0000][18.031s][info ][gc,cpu      ] GC(36) User=0.03s Sys=0.00s Real=0.01s
[2025-11-29T09:03:50.508+0000][18.031s][info ][safepoint   ] Safepoint "G1CollectForAllocation", Time since last: 138138682 ns, Reaching safepoint: 66759 ns, Cleanup: 85094 ns, At safepoint: 6273051 ns, Total: 6424904 ns
[2025-11-29T09:03:50.739+0000][18.261s][debug][safepoint   ] Safepoint synchronization initiated using futex wait barrier. (24 threads)
[2025-11-29T09:03:50.739+0000][18.261s][info ][safepoint   ] Safepoint "ICBufferFull", Time since last: 230683507 ns, Reaching safepoint: 49034 ns, Cleanup: 118459 ns, At safepoint: 1673 ns, Total: 169166 ns
[2025-11-29T09:03:51.069+0000][18.592s][debug][safepoint   ] Safepoint synchronization initiated using futex wait barrier. (22 threads)
[2025-11-29T09:03:51.069+0000][18.592s][info ][gc,start    ] GC(37) Pause Young (Normal) (G1 Evacuation Pause)
[2025-11-29T09:03:51.069+0000][18.592s][info ][gc,task     ] GC(37) Using 5 workers of 13 for evacuation
[2025-11-29T09:03:51.078+0000][18.601s][info ][gc,phases   ] GC(37)   Pre Evacuate Collection Set: 0.2ms
[2025-11-29T09:03:51.078+0000][18.601s][info ][gc,phases   ] GC(37)   Merge Heap Roots: 0.2ms
[2025-11-29T09:03:51.078+0000][18.601s][info ][gc,phases   ] GC(37)   Evacuate Collection Set: 7.3ms
[2025-11-29T09:03:51.078+0000][18.601s][info ][gc,phases   ] GC(37)   Post Evacuate Collection Set: 1.2ms
[2025-11-29T09:03:51.078+0000][18.601s][info ][gc,phases   ] GC(37)   Other: 0.1ms
[2025-11-29T09:03:51.079+0000][18.601s][info ][gc,heap     ] GC(37) Eden regions: 115->0(115)
[2025-11-29T09:03:51.079+0000][18.601s][info ][gc,heap     ] GC(37) Survivor regions: 10->8(16)
[2025-11-29T09:03:51.079+0000][18.601s][info ][gc,heap     ] GC(37) Old regions: 70->74
[2025-11-29T09:03:51.079+0000][18.601s][info ][gc,heap     ] GC(37) Archive regions: 2->2
[2025-11-29T09:03:51.079+0000][18.601s][info ][gc,heap     ] GC(37) Humongous regions: 0->0
[2025-11-29T09:03:51.079+0000][18.601s][info ][gc,metaspace] GC(37) Metaspace: 84047K(84672K)->84047K(84672K) NonClass: 73019K(73344K)->73019K(73344K) Class: 11028K(11328K)->11028K(11328K)
[2025-11-29T09:03:51.079+0000][18.601s][info ][gc          ] GC(37) Pause Young (Normal) (G1 Evacuation Pause) 195M->82M(230M) 9.199ms
[2025-11-29T09:03:51.079+0000][18.601s][info ][gc,cpu      ] GC(37) User=0.04s Sys=0.00s Real=0.01s
[2025-11-29T09:03:51.079+0000][18.601s][info ][safepoint   ] Safepoint "G1CollectForAllocation", Time since last: 330492997 ns, Reaching safepoint: 59244 ns, Cleanup: 71388 ns, At safepoint: 9288868 ns, Total: 9419500 ns
[2025-11-29T09:03:51.454+0000][18.977s][debug][safepoint   ] Safepoint synchronization initiated using futex wait barrier. (24 threads)
[2025-11-29T09:03:51.454+0000][18.977s][info ][gc,start    ] GC(38) Pause Young (Normal) (G1 Evacuation Pause)
[2025-11-29T09:03:51.454+0000][18.977s][info ][gc,task     ] GC(38) Using 5 workers of 13 for evacuation
[2025-11-29T09:03:51.461+0000][18.983s][info ][gc,phases   ] GC(38)   Pre Evacuate Collection Set: 0.1ms
[2025-11-29T09:03:51.461+0000][18.983s][info ][gc,phases   ] GC(38)   Merge Heap Roots: 0.1ms
[2025-11-29T09:03:51.461+0000][18.984s][info ][gc,phases   ] GC(38)   Evacuate Collection Set: 5.1ms
[2025-11-29T09:03:51.461+0000][18.984s][info ][gc,phases   ] GC(38)   Post Evacuate Collection Set: 1.2ms
[2025-11-29T09:03:51.461+0000][18.984s][info ][gc,phases   ] GC(38)   Other: 0.1ms
[2025-11-29T09:03:51.461+0000][18.984s][info ][gc,heap     ] GC(38) Eden regions: 115->0(113)
[2025-11-29T09:03:51.461+0000][18.984s][info ][gc,heap     ] GC(38) Survivor regions: 8->9(16)
[2025-11-29T09:03:51.461+0000][18.984s][info ][gc,heap     ] GC(38) Old regions: 74->74
[2025-11-29T09:03:51.461+0000][18.984s][info ][gc,heap     ] GC(38) Archive regions: 2->2
[2025-11-29T09:03:51.461+0000][18.984s][info ][gc,heap     ] GC(38) Humongous regions: 0->0
[2025-11-29T09:03:51.461+0000][18.984s][info ][gc,metaspace] GC(38) Metaspace: 85690K(86272K)->85690K(86272K) NonClass: 74481K(74752K)->74481K(74752K) Class: 11209K(11520K)->11209K(11520K)
[2025-11-29T09:03:51.461+0000][18.984s][info ][gc          ] GC(38) Pause Young (Normal) (G1 Evacuation Pause) 197M->83M(230M) 6.877ms
[2025-11-29T09:03:51.461+0000][18.984s][info ][gc,cpu      ] GC(38) User=0.04s Sys=0.00s Real=0.00s
[2025-11-29T09:03:51.461+0000][18.984s][info ][safepoint   ] Safepoint "G1CollectForAllocation", Time since last: 375130352 ns, Reaching safepoint: 51089 ns, Cleanup: 157935 ns, At safepoint: 6979730 ns, Total: 7188754 ns
[2025-11-29T09:03:51.900+0000][19.423s][debug][safepoint   ] Safepoint synchronization initiated using futex wait barrier. (26 threads)
[2025-11-29T09:03:51.900+0000][19.423s][info ][safepoint   ] Safepoint "ICBufferFull", Time since last: 438999689 ns, Reaching safepoint: 67830 ns, Cleanup: 214605 ns, At safepoint: 44466 ns, Total: 326901 ns
[2025-11-29T09:03:52.196+0000][19.718s][debug][safepoint   ] Safepoint synchronization initiated using futex wait barrier. (26 threads)
[2025-11-29T09:03:52.196+0000][19.719s][info ][gc,start    ] GC(39) Pause Young (Normal) (G1 Evacuation Pause)
[2025-11-29T09:03:52.196+0000][19.719s][info ][gc,task     ] GC(39) Using 5 workers of 13 for evacuation
[2025-11-29T09:03:52.205+0000][19.727s][info ][gc,phases   ] GC(39)   Pre Evacuate Collection Set: 0.3ms
[2025-11-29T09:03:52.205+0000][19.727s][info ][gc,phases   ] GC(39)   Merge Heap Roots: 0.3ms
[2025-11-29T09:03:52.205+0000][19.727s][info ][gc,phases   ] GC(39)   Evacuate Collection Set: 6.6ms
[2025-11-29T09:03:52.205+0000][19.727s][info ][gc,phases   ] GC(39)   Post Evacuate Collection Set: 1.3ms
[2025-11-29T09:03:52.205+0000][19.727s][info ][gc,phases   ] GC(39)   Other: 0.2ms
[2025-11-29T09:03:52.205+0000][19.727s][info ][gc,heap     ] GC(39) Eden regions: 113->0(111)
[2025-11-29T09:03:52.205+0000][19.727s][info ][gc,heap     ] GC(39) Survivor regions: 9->9(16)
[2025-11-29T09:03:52.205+0000][19.727s][info ][gc,heap     ] GC(39) Old regions: 74->76
[2025-11-29T09:03:52.205+0000][19.727s][info ][gc,heap     ] GC(39) Archive regions: 2->2
[2025-11-29T09:03:52.205+0000][19.727s][info ][gc,heap     ] GC(39) Humongous regions: 0->0
[2025-11-29T09:03:52.205+0000][19.727s][info ][gc,metaspace] GC(39) Metaspace: 90061K(90624K)->90061K(90624K) NonClass: 78181K(78464K)->78181K(78464K) Class: 11879K(12160K)->11879K(12160K)
[2025-11-29T09:03:52.205+0000][19.727s][info ][gc          ] GC(39) Pause Young (Normal) (G1 Evacuation Pause) 196M->85M(230M) 8.766ms
[2025-11-29T09:03:52.205+0000][19.727s][info ][gc,cpu      ] GC(39) User=0.03s Sys=0.00s Real=0.00s
[2025-11-29T09:03:52.205+0000][19.728s][info ][safepoint   ] Safepoint "G1CollectForAllocation", Time since last: 295351886 ns, Reaching safepoint: 88120 ns, Cleanup: 129400 ns, At safepoint: 8939328 ns, Total: 9156848 ns
[2025-11-29T09:03:52.403+0000][19.925s][debug][safepoint   ] Safepoint synchronization initiated using futex wait barrier. (25 threads)
[2025-11-29T09:03:52.403+0000][19.926s][info ][safepoint   ] Safepoint "ICBufferFull", Time since last: 197867618 ns, Reaching safepoint: 103610 ns, Cleanup: 153837 ns, At safepoint: 47322 ns, Total: 304769 ns
[2025-11-29T09:03:52.579+0000][20.102s][debug][safepoint   ] Safepoint synchronization initiated using futex wait barrier. (26 threads)
[2025-11-29T09:03:52.579+0000][20.102s][info ][gc,start    ] GC(40) Pause Young (Normal) (G1 Evacuation Pause)
[2025-11-29T09:03:52.579+0000][20.102s][info ][gc,task     ] GC(40) Using 5 workers of 13 for evacuation
[2025-11-29T09:03:52.594+0000][20.116s][info ][gc,phases   ] GC(40)   Pre Evacuate Collection Set: 0.2ms
[2025-11-29T09:03:52.594+0000][20.116s][info ][gc,phases   ] GC(40)   Merge Heap Roots: 0.1ms
[2025-11-29T09:03:52.594+0000][20.116s][info ][gc,phases   ] GC(40)   Evacuate Collection Set: 12.7ms
[2025-11-29T09:03:52.594+0000][20.116s][info ][gc,phases   ] GC(40)   Post Evacuate Collection Set: 1.2ms
[2025-11-29T09:03:52.594+0000][20.116s][info ][gc,phases   ] GC(40)   Other: 0.1ms
[2025-11-29T09:03:52.594+0000][20.116s][info ][gc,heap     ] GC(40) Eden regions: 111->0(76)
[2025-11-29T09:03:52.594+0000][20.116s][info ][gc,heap     ] GC(40) Survivor regions: 9->15(15)
[2025-11-29T09:03:52.594+0000][20.116s][info ][gc,heap     ] GC(40) Old regions: 76->89
[2025-11-29T09:03:52.594+0000][20.116s][info ][gc,heap     ] GC(40) Archive regions: 2->2
[2025-11-29T09:03:52.594+0000][20.116s][info ][gc,heap     ] GC(40) Humongous regions: 1->1
[2025-11-29T09:03:52.594+0000][20.116s][info ][gc,metaspace] GC(40) Metaspace: 91385K(91904K)->91385K(91904K) NonClass: 79220K(79488K)->79220K(79488K) Class: 12165K(12416K)->12165K(12416K)
[2025-11-29T09:03:52.594+0000][20.117s][info ][gc          ] GC(40) Pause Young (Normal) (G1 Evacuation Pause) 197M->105M(230M) 14.422ms
[2025-11-29T09:03:52.594+0000][20.117s][info ][gc,cpu      ] GC(40) User=0.10s Sys=0.00s Real=0.02s
[2025-11-29T09:03:52.594+0000][20.117s][info ][safepoint   ] Safepoint "G1CollectForAllocation", Time since last: 176212099 ns, Reaching safepoint: 70957 ns, Cleanup: 64785 ns, At safepoint: 14530475 ns, Total: 14666217 ns
[2025-11-29T09:03:52.726+0000][20.248s][debug][safepoint   ] Safepoint synchronization initiated using futex wait barrier. (26 threads)
[2025-11-29T09:03:52.726+0000][20.249s][info ][gc,start    ] GC(41) Pause Young (Concurrent Start) (G1 Evacuation Pause)
[2025-11-29T09:03:52.726+0000][20.249s][info ][gc,task     ] GC(41) Using 5 workers of 13 for evacuation
[2025-11-29T09:03:52.736+0000][20.258s][info ][gc,phases   ] GC(41)   Pre Evacuate Collection Set: 0.3ms
[2025-11-29T09:03:52.736+0000][20.259s][info ][gc,phases   ] GC(41)   Merge Heap Roots: 0.2ms
[2025-11-29T09:03:52.736+0000][20.259s][info ][gc,phases   ] GC(41)   Evacuate Collection Set: 8.3ms
[2025-11-29T09:03:52.736+0000][20.259s][info ][gc,phases   ] GC(41)   Post Evacuate Collection Set: 1.0ms
[2025-11-29T09:03:52.736+0000][20.259s][info ][gc,phases   ] GC(41)   Other: 0.1ms
[2025-11-29T09:03:52.736+0000][20.259s][info ][gc,heap     ] GC(41) Eden regions: 76->0(75)
[2025-11-29T09:03:52.736+0000][20.259s][info ][gc,heap     ] GC(41) Survivor regions: 15->4(12)
[2025-11-29T09:03:52.736+0000][20.259s][info ][gc,heap     ] GC(41) Old regions: 89->104
[2025-11-29T09:03:52.736+0000][20.259s][info ][gc,heap     ] GC(41) Archive regions: 2->2
[2025-11-29T09:03:52.736+0000][20.259s][info ][gc,heap     ] GC(41) Humongous regions: 1->1
[2025-11-29T09:03:52.736+0000][20.259s][info ][gc,metaspace] GC(41) Metaspace: 91408K(91968K)->91408K(91968K) NonClass: 79243K(79552K)->79243K(79552K) Class: 12165K(12416K)->12165K(12416K)
[2025-11-29T09:03:52.736+0000][20.259s][info ][gc          ] GC(41) Pause Young (Concurrent Start) (G1 Evacuation Pause) 181M->109M(230M) 10.048ms
[2025-11-29T09:03:52.736+0000][20.259s][info ][gc,cpu      ] GC(41) User=0.05s Sys=0.00s Real=0.01s
[2025-11-29T09:03:52.736+0000][20.259s][info ][gc          ] GC(42) Concurrent Mark Cycle
[2025-11-29T09:03:52.736+0000][20.259s][info ][gc,marking  ] GC(42) Concurrent Clear Claimed Marks
[2025-11-29T09:03:52.736+0000][20.259s][info ][safepoint   ] Safepoint "G1CollectForAllocation", Time since last: 131805134 ns, Reaching safepoint: 59945 ns, Cleanup: 35649 ns, At safepoint: 10198881 ns, Total: 10294475 ns
[2025-11-29T09:03:52.736+0000][20.259s][info ][gc,marking  ] GC(42) Concurrent Clear Claimed Marks 0.087ms
[2025-11-29T09:03:52.736+0000][20.259s][info ][gc,marking  ] GC(42) Concurrent Scan Root Regions
[2025-11-29T09:03:52.740+0000][20.263s][info ][gc,marking  ] GC(42) Concurrent Scan Root Regions 4.311ms
[2025-11-29T09:03:52.740+0000][20.263s][info ][gc,marking  ] GC(42) Concurrent Mark
[2025-11-29T09:03:52.740+0000][20.263s][info ][gc,marking  ] GC(42) Concurrent Mark From Roots
[2025-11-29T09:03:52.740+0000][20.263s][info ][gc,task     ] GC(42) Using 3 workers of 3 for marking
[2025-11-29T09:03:52.784+0000][20.307s][info ][gc,marking  ] GC(42) Concurrent Mark From Roots 43.367ms
[2025-11-29T09:03:52.784+0000][20.307s][info ][gc,marking  ] GC(42) Concurrent Preclean
[2025-11-29T09:03:52.785+0000][20.307s][info ][gc,marking  ] GC(42) Concurrent Preclean 0.827ms
[2025-11-29T09:03:52.785+0000][20.308s][debug][safepoint   ] Safepoint synchronization initiated using futex wait barrier. (25 threads)
[2025-11-29T09:03:52.789+0000][20.311s][info ][gc,start    ] GC(42) Pause Remark
[2025-11-29T09:03:52.795+0000][20.318s][info ][gc          ] GC(42) Pause Remark 122M->121M(230M) 6.065ms
[2025-11-29T09:03:52.795+0000][20.318s][info ][gc,cpu      ] GC(42) User=0.02s Sys=0.00s Real=0.01s
[2025-11-29T09:03:52.795+0000][20.318s][info ][safepoint   ] Safepoint "G1PauseRemark", Time since last: 49501551 ns, Reaching safepoint: 3221009 ns, Cleanup: 23576 ns, At safepoint: 6220699 ns, Total: 9465284 ns
[2025-11-29T09:03:52.795+0000][20.318s][info ][gc,marking  ] GC(42) Concurrent Mark 54.568ms
[2025-11-29T09:03:52.795+0000][20.318s][info ][gc,marking  ] GC(42) Concurrent Rebuild Remembered Sets
[2025-11-29T09:03:52.826+0000][20.348s][info ][gc,marking  ] GC(42) Concurrent Rebuild Remembered Sets 30.744ms
[2025-11-29T09:03:52.826+0000][20.349s][debug][safepoint   ] Safepoint synchronization initiated using futex wait barrier. (25 threads)
[2025-11-29T09:03:52.826+0000][20.349s][info ][gc,start    ] GC(42) Pause Cleanup
[2025-11-29T09:03:52.826+0000][20.349s][info ][gc          ] GC(42) Pause Cleanup 126M->126M(230M) 0.206ms
[2025-11-29T09:03:52.826+0000][20.349s][info ][gc,cpu      ] GC(42) User=0.00s Sys=0.00s Real=0.00s
[2025-11-29T09:03:52.826+0000][20.349s][info ][safepoint   ] Safepoint "G1PauseCleanup", Time since last: 30980985 ns, Reaching safepoint: 22544 ns, Cleanup: 12394 ns, At safepoint: 281152 ns, Total: 316090 ns
[2025-11-29T09:03:52.826+0000][20.349s][info ][gc,marking  ] GC(42) Concurrent Cleanup for Next Mark
[2025-11-29T09:03:52.827+0000][20.350s][info ][gc,marking  ] GC(42) Concurrent Cleanup for Next Mark 0.525ms
[2025-11-29T09:03:52.827+0000][20.350s][info ][gc          ] GC(42) Concurrent Mark Cycle 90.914ms
[2025-11-29T09:03:52.951+0000][20.473s][debug][safepoint   ] Safepoint synchronization initiated using futex wait barrier. (21 threads)
[2025-11-29T09:03:52.951+0000][20.474s][info ][gc,start    ] GC(43) Pause Young (Prepare Mixed) (G1 Evacuation Pause)
[2025-11-29T09:03:52.951+0000][20.474s][info ][gc,task     ] GC(43) Using 5 workers of 13 for evacuation
[2025-11-29T09:03:52.960+0000][20.483s][info ][gc,phases   ] GC(43)   Pre Evacuate Collection Set: 0.3ms
[2025-11-29T09:03:52.960+0000][20.483s][info ][gc,phases   ] GC(43)   Merge Heap Roots: 0.2ms
[2025-11-29T09:03:52.960+0000][20.483s][info ][gc,phases   ] GC(43)   Evacuate Collection Set: 7.6ms
[2025-11-29T09:03:52.960+0000][20.483s][info ][gc,phases   ] GC(43)   Post Evacuate Collection Set: 1.0ms
[2025-11-29T09:03:52.960+0000][20.483s][info ][gc,phases   ] GC(43)   Other: 0.1ms
[2025-11-29T09:03:52.960+0000][20.483s][info ][gc,heap     ] GC(43) Eden regions: 75->0(1)
[2025-11-29T09:03:52.960+0000][20.483s][info ][gc,heap     ] GC(43) Survivor regions: 4->10(10)
[2025-11-29T09:03:52.960+0000][20.483s][info ][gc,heap     ] GC(43) Old regions: 104->104
[2025-11-29T09:03:52.960+0000][20.483s][info ][gc,heap     ] GC(43) Archive regions: 2->2
[2025-11-29T09:03:52.960+0000][20.483s][info ][gc,heap     ] GC(43) Humongous regions: 0->0
[2025-11-29T09:03:52.960+0000][20.483s][info ][gc,metaspace] GC(43) Metaspace: 92848K(93376K)->92848K(93376K) NonClass: 80307K(80576K)->80307K(80576K) Class: 12541K(12800K)->12541K(12800K)
[2025-11-29T09:03:52.960+0000][20.483s][info ][gc          ] GC(43) Pause Young (Prepare Mixed) (G1 Evacuation Pause) 183M->114M(230M) 9.246ms
[2025-11-29T09:03:52.960+0000][20.483s][info ][gc,cpu      ] GC(43) User=0.04s Sys=0.00s Real=0.01s
[2025-11-29T09:03:52.960+0000][20.483s][info ][safepoint   ] Safepoint "G1CollectForAllocation", Time since last: 124494028 ns, Reaching safepoint: 64344 ns, Cleanup: 21241 ns, At safepoint: 9356125 ns, Total: 9441710 ns
[2025-11-29T09:03:52.962+0000][20.485s][debug][safepoint   ] Safepoint synchronization initiated using futex wait barrier. (21 threads)
[2025-11-29T09:03:52.962+0000][20.485s][info ][gc,start    ] GC(44) Pause Young (Mixed) (G1 Evacuation Pause)
[2025-11-29T09:03:52.962+0000][20.485s][info ][gc,task     ] GC(44) Using 5 workers of 13 for evacuation
[2025-11-29T09:03:52.970+0000][20.493s][info ][gc,phases   ] GC(44)   Pre Evacuate Collection Set: 0.2ms
[2025-11-29T09:03:52.970+0000][20.493s][info ][gc,phases   ] GC(44)   Merge Heap Roots: 0.1ms
[2025-11-29T09:03:52.970+0000][20.493s][info ][gc,phases   ] GC(44)   Evacuate Collection Set: 6.8ms
[2025-11-29T09:03:52.970+0000][20.493s][info ][gc,phases   ] GC(44)   Post Evacuate Collection Set: 1.0ms
[2025-11-29T09:03:52.970+0000][20.493s][info ][gc,phases   ] GC(44)   Other: 0.1ms
[2025-11-29T09:03:52.970+0000][20.493s][info ][gc,heap     ] GC(44) Eden regions: 1->0(67)
[2025-11-29T09:03:52.970+0000][20.493s][info ][gc,heap     ] GC(44) Survivor regions: 10->2(2)
[2025-11-29T09:03:52.970+0000][20.493s][info ][gc,heap     ] GC(44) Old regions: 104->113
[2025-11-29T09:03:52.970+0000][20.493s][info ][gc,heap     ] GC(44) Archive regions: 2->2
[2025-11-29T09:03:52.970+0000][20.493s][info ][gc,heap     ] GC(44) Humongous regions: 0->0
[2025-11-29T09:03:52.970+0000][20.493s][info ][gc,metaspace] GC(44) Metaspace: 92848K(93376K)->92848K(93376K) NonClass: 80307K(80576K)->80307K(80576K) Class: 12541K(12800K)->12541K(12800K)
[2025-11-29T09:03:52.970+0000][20.493s][info ][gc          ] GC(44) Pause Young (Mixed) (G1 Evacuation Pause) 115M->114M(230M) 8.234ms
[2025-11-29T09:03:52.970+0000][20.493s][info ][gc,cpu      ] GC(44) User=0.04s Sys=0.00s Real=0.01s
[2025-11-29T09:03:52.970+0000][20.493s][info ][safepoint   ] Safepoint "G1CollectForAllocation", Time since last: 1906330 ns, Reaching safepoint: 50868 ns, Cleanup: 4038 ns, At safepoint: 8314713 ns, Total: 8369619 ns
[2025-11-29T09:03:53.059+0000][20.582s][debug][safepoint   ] Safepoint synchronization initiated using futex wait barrier. (22 threads)
[2025-11-29T09:03:53.060+0000][20.582s][info ][gc,start    ] GC(45) Pause Young (Normal) (G1 Evacuation Pause)
[2025-11-29T09:03:53.060+0000][20.582s][info ][gc,task     ] GC(45) Using 5 workers of 13 for evacuation
[2025-11-29T09:03:53.072+0000][20.594s][info ][gc,phases   ] GC(45)   Pre Evacuate Collection Set: 0.2ms
[2025-11-29T09:03:53.072+0000][20.594s][info ][gc,phases   ] GC(45)   Merge Heap Roots: 0.1ms
[2025-11-29T09:03:53.072+0000][20.594s][info ][gc,phases   ] GC(45)   Evacuate Collection Set: 10.9ms
[2025-11-29T09:03:53.072+0000][20.595s][info ][gc,phases   ] GC(45)   Post Evacuate Collection Set: 0.8ms
[2025-11-29T09:03:53.072+0000][20.595s][info ][gc,phases   ] GC(45)   Other: 0.1ms
[2025-11-29T09:03:53.072+0000][20.595s][info ][gc,heap     ] GC(45) Eden regions: 67->0(42)
[2025-11-29T09:03:53.072+0000][20.595s][info ][gc,heap     ] GC(45) Survivor regions: 2->9(9)
[2025-11-29T09:03:53.072+0000][20.595s][info ][gc,heap     ] GC(45) Old regions: 113->124
[2025-11-29T09:03:53.072+0000][20.595s][info ][gc,heap     ] GC(45) Archive regions: 2->2
[2025-11-29T09:03:53.072+0000][20.595s][info ][gc,heap     ] GC(45) Humongous regions: 1->1
[2025-11-29T09:03:53.072+0000][20.595s][info ][gc,metaspace] GC(45) Metaspace: 92858K(93376K)->92858K(93376K) NonClass: 80316K(80576K)->80316K(80576K) Class: 12541K(12800K)->12541K(12800K)
[2025-11-29T09:03:53.072+0000][20.595s][info ][gc          ] GC(45) Pause Young (Normal) (G1 Evacuation Pause) 182M->134M(230M) 12.215ms
[2025-11-29T09:03:53.072+0000][20.595s][info ][gc,cpu      ] GC(45) User=0.08s Sys=0.00s Real=0.01s
[2025-11-29T09:03:53.072+0000][20.595s][info ][safepoint   ] Safepoint "G1CollectForAllocation", Time since last: 89079803 ns, Reaching safepoint: 63433 ns, Cleanup: 17153 ns, At safepoint: 12323162 ns, Total: 12403748 ns
[2025-11-29T09:03:53.132+0000][20.655s][debug][safepoint   ] Safepoint synchronization initiated using futex wait barrier. (23 threads)
[2025-11-29T09:03:53.132+0000][20.655s][info ][gc,start    ] GC(46) Pause Young (Normal) (G1 Evacuation Pause)
[2025-11-29T09:03:53.132+0000][20.655s][info ][gc,task     ] GC(46) Using 5 workers of 13 for evacuation
[2025-11-29T09:03:53.146+0000][20.669s][info ][gc,phases   ] GC(46)   Pre Evacuate Collection Set: 0.2ms
[2025-11-29T09:03:53.146+0000][20.669s][info ][gc,phases   ] GC(46)   Merge Heap Roots: 0.2ms
[2025-11-29T09:03:53.146+0000][20.669s][info ][gc,phases   ] GC(46)   Evacuate Collection Set: 12.7ms
[2025-11-29T09:03:53.146+0000][20.669s][info ][gc,phases   ] GC(46)   Post Evacuate Collection Set: 0.7ms
[2025-11-29T09:03:53.146+0000][20.669s][info ][gc,phases   ] GC(46)   Other: 0.1ms
[2025-11-29T09:03:53.146+0000][20.669s][info ][gc,heap     ] GC(46) Eden regions: 42->0(28)
[2025-11-29T09:03:53.146+0000][20.669s][info ][gc,heap     ] GC(46) Survivor regions: 9->7(7)
[2025-11-29T09:03:53.146+0000][20.669s][info ][gc,heap     ] GC(46) Old regions: 124->143
[2025-11-29T09:03:53.146+0000][20.669s][info ][gc,heap     ] GC(46) Archive regions: 2->2
[2025-11-29T09:03:53.146+0000][20.669s][info ][gc,heap     ] GC(46) Humongous regions: 3->3
[2025-11-29T09:03:53.146+0000][20.669s][info ][gc,metaspace] GC(46) Metaspace: 92858K(93376K)->92858K(93376K) NonClass: 80316K(80576K)->80316K(80576K) Class: 12541K(12800K)->12541K(12800K)
[2025-11-29T09:03:53.146+0000][20.669s][info ][gc          ] GC(46) Pause Young (Normal) (G1 Evacuation Pause) 178M->153M(230M) 14.059ms
[2025-11-29T09:03:53.146+0000][20.669s][info ][gc,cpu      ] GC(46) User=0.10s Sys=0.01s Real=0.02s
[2025-11-29T09:03:53.146+0000][20.669s][info ][safepoint   ] Safepoint "G1CollectForAllocation", Time since last: 60267568 ns, Reaching safepoint: 66618 ns, Cleanup: 15610 ns, At safepoint: 14183565 ns, Total: 14265793 ns
[2025-11-29T09:03:53.175+0000][20.697s][debug][safepoint   ] Safepoint synchronization initiated using futex wait barrier. (23 threads)
[2025-11-29T09:03:53.175+0000][20.698s][info ][gc,start    ] GC(47) Pause Young (Normal) (G1 Evacuation Pause)
[2025-11-29T09:03:53.175+0000][20.698s][info ][gc,task     ] GC(47) Using 5 workers of 13 for evacuation
[2025-11-29T09:03:53.196+0000][20.719s][info ][gc,phases   ] GC(47)   Pre Evacuate Collection Set: 0.2ms
[2025-11-29T09:03:53.196+0000][20.719s][info ][gc,phases   ] GC(47)   Merge Heap Roots: 0.2ms
[2025-11-29T09:03:53.196+0000][20.719s][info ][gc,phases   ] GC(47)   Evacuate Collection Set: 12.3ms
[2025-11-29T09:03:53.196+0000][20.719s][info ][gc,phases   ] GC(47)   Post Evacuate Collection Set: 8.5ms
[2025-11-29T09:03:53.196+0000][20.719s][info ][gc,phases   ] GC(47)   Other: 0.1ms
[2025-11-29T09:03:53.196+0000][20.719s][info ][gc,heap     ] GC(47) Eden regions: 28->0(240)
[2025-11-29T09:03:53.196+0000][20.719s][info ][gc,heap     ] GC(47) Survivor regions: 7->5(5)
[2025-11-29T09:03:53.196+0000][20.719s][info ][gc,heap     ] GC(47) Old regions: 143->157
[2025-11-29T09:03:53.196+0000][20.719s][info ][gc,heap     ] GC(47) Archive regions: 2->2
[2025-11-29T09:03:53.196+0000][20.719s][info ][gc,heap     ] GC(47) Humongous regions: 3->3
[2025-11-29T09:03:53.196+0000][20.719s][info ][gc,metaspace] GC(47) Metaspace: 92861K(93376K)->92861K(93376K) NonClass: 80319K(80576K)->80319K(80576K) Class: 12541K(12800K)->12541K(12800K)
[2025-11-29T09:03:53.196+0000][20.719s][info ][gc          ] GC(47) Pause Young (Normal) (G1 Evacuation Pause) 181M->165M(690M) 21.416ms
[2025-11-29T09:03:53.196+0000][20.719s][info ][gc,cpu      ] GC(47) User=0.07s Sys=0.01s Real=0.02s
[2025-11-29T09:03:53.196+0000][20.719s][info ][safepoint   ] Safepoint "G1CollectForAllocation", Time since last: 28237246 ns, Reaching safepoint: 73502 ns, Cleanup: 15320 ns, At safepoint: 21512204 ns, Total: 21601026 ns
[2025-11-29T09:03:54.354+0000][21.877s][debug][safepoint   ] Safepoint synchronization initiated using futex wait barrier. (24 threads)
[2025-11-29T09:03:54.354+0000][21.877s][info ][safepoint   ] Safepoint "Cleanup", Time since last: 1157767317 ns, Reaching safepoint: 155770 ns, Cleanup: 92138 ns, At safepoint: 92779 ns, Total: 340687 ns
[2025-11-29T09:03:54.749+0000][22.272s][debug][safepoint   ] Safepoint synchronization initiated using futex wait barrier. (24 threads)
[2025-11-29T09:03:54.749+0000][22.272s][info ][gc,start    ] GC(48) Pause Young (Normal) (G1 Evacuation Pause)
[2025-11-29T09:03:54.749+0000][22.272s][info ][gc,task     ] GC(48) Using 13 workers of 13 for evacuation
[2025-11-29T09:03:54.784+0000][22.307s][info ][gc,phases   ] GC(48)   Pre Evacuate Collection Set: 0.4ms
[2025-11-29T09:03:54.784+0000][22.307s][info ][gc,phases   ] GC(48)   Merge Heap Roots: 0.3ms
[2025-11-29T09:03:54.784+0000][22.307s][info ][gc,phases   ] GC(48)   Evacuate Collection Set: 32.6ms
[2025-11-29T09:03:54.784+0000][22.307s][info ][gc,phases   ] GC(48)   Post Evacuate Collection Set: 1.6ms
[2025-11-29T09:03:54.784+0000][22.307s][info ][gc,phases   ] GC(48)   Other: 0.2ms
[2025-11-29T09:03:54.784+0000][22.307s][info ][gc,heap     ] GC(48) Eden regions: 240->0(237)
[2025-11-29T09:03:54.784+0000][22.307s][info ][gc,heap     ] GC(48) Survivor regions: 5->28(31)
[2025-11-29T09:03:54.784+0000][22.307s][info ][gc,heap     ] GC(48) Old regions: 157->157
[2025-11-29T09:03:54.784+0000][22.307s][info ][gc,heap     ] GC(48) Archive regions: 2->2
[2025-11-29T09:03:54.784+0000][22.307s][info ][gc,heap     ] GC(48) Humongous regions: 4->4
[2025-11-29T09:03:54.784+0000][22.307s][info ][gc,metaspace] GC(48) Metaspace: 98419K(99008K)->98419K(99008K) NonClass: 85087K(85376K)->85087K(85376K) Class: 13331K(13632K)->13331K(13632K)
[2025-11-29T09:03:54.784+0000][22.307s][info ][gc          ] GC(48) Pause Young (Normal) (G1 Evacuation Pause) 406M->189M(690M) 35.221ms
[2025-11-29T09:03:54.784+0000][22.307s][info ][gc,cpu      ] GC(48) User=0.27s Sys=0.20s Real=0.03s
[2025-11-29T09:03:54.784+0000][22.307s][info ][safepoint   ] Safepoint "G1CollectForAllocation", Time since last: 394557765 ns, Reaching safepoint: 65136 ns, Cleanup: 55708 ns, At safepoint: 35343748 ns, Total: 35464592 ns
[2025-11-29T09:03:55.427+0000][22.950s][debug][safepoint   ] Safepoint synchronization initiated using futex wait barrier. (26 threads)
[2025-11-29T09:03:55.428+0000][22.950s][info ][safepoint   ] Safepoint "ICBufferFull", Time since last: 642759422 ns, Reaching safepoint: 181036 ns, Cleanup: 224584 ns, At safepoint: 51479 ns, Total: 457099 ns
[2025-11-29T09:03:56.280+0000][23.803s][debug][safepoint   ] Safepoint synchronization initiated using futex wait barrier. (30 threads)
[2025-11-29T09:03:56.280+0000][23.803s][info ][safepoint   ] Safepoint "ICBufferFull", Time since last: 852137248 ns, Reaching safepoint: 165931 ns, Cleanup: 124210 ns, At safepoint: 47171 ns, Total: 337312 ns
[2025-11-29T09:03:56.438+0000][23.961s][debug][safepoint   ] Safepoint synchronization initiated using futex wait barrier. (30 threads)
[2025-11-29T09:03:56.438+0000][23.961s][info ][gc,start    ] GC(49) Pause Young (Normal) (G1 Evacuation Pause)
[2025-11-29T09:03:56.438+0000][23.961s][info ][gc,task     ] GC(49) Using 13 workers of 13 for evacuation
[2025-11-29T09:03:56.456+0000][23.979s][info ][gc,phases   ] GC(49)   Pre Evacuate Collection Set: 0.4ms
[2025-11-29T09:03:56.456+0000][23.979s][info ][gc,phases   ] GC(49)   Merge Heap Roots: 0.4ms
[2025-11-29T09:03:56.456+0000][23.979s][info ][gc,phases   ] GC(49)   Evacuate Collection Set: 15.3ms
[2025-11-29T09:03:56.456+0000][23.979s][info ][gc,phases   ] GC(49)   Post Evacuate Collection Set: 1.9ms
[2025-11-29T09:03:56.456+0000][23.979s][info ][gc,phases   ] GC(49)   Other: 0.2ms
[2025-11-29T09:03:56.456+0000][23.979s][info ][gc,heap     ] GC(49) Eden regions: 237->0(257)
[2025-11-29T09:03:56.456+0000][23.979s][info ][gc,heap     ] GC(49) Survivor regions: 28->10(34)
[2025-11-29T09:03:56.456+0000][23.979s][info ][gc,heap     ] GC(49) Old regions: 157->185
[2025-11-29T09:03:56.456+0000][23.979s][info ][gc,heap     ] GC(49) Archive regions: 2->2
[2025-11-29T09:03:56.456+0000][23.979s][info ][gc,heap     ] GC(49) Humongous regions: 4->4
[2025-11-29T09:03:56.456+0000][23.979s][info ][gc,metaspace] GC(49) Metaspace: 104580K(105216K)->104580K(105216K) NonClass: 90743K(91072K)->90743K(91072K) Class: 13836K(14144K)->13836K(14144K)
[2025-11-29T09:03:56.456+0000][23.979s][info ][gc          ] GC(49) Pause Young (Normal) (G1 Evacuation Pause) 426M->199M(690M) 18.259ms
[2025-11-29T09:03:56.456+0000][23.979s][info ][gc,cpu      ] GC(49) User=0.12s Sys=0.04s Real=0.02s
[2025-11-29T09:03:56.456+0000][23.979s][info ][safepoint   ] Safepoint "G1CollectForAllocation", Time since last: 157668368 ns, Reaching safepoint: 175649 ns, Cleanup: 37081 ns, At safepoint: 18403002 ns, Total: 18615732 ns
[2025-11-29T09:03:57.582+0000][25.105s][debug][safepoint   ] Safepoint synchronization initiated using futex wait barrier. (32 threads)
[2025-11-29T09:03:57.582+0000][25.105s][info ][safepoint   ] Safepoint "Cleanup", Time since last: 1125415576 ns, Reaching safepoint: 230976 ns, Cleanup: 87309 ns, At safepoint: 23495 ns, Total: 341780 ns
[2025-11-29T09:03:58.283+0000][25.806s][debug][safepoint   ] Safepoint synchronization initiated using futex wait barrier. (35 threads)
[2025-11-29T09:03:58.283+0000][25.806s][info ][gc,start    ] GC(50) Pause Young (Normal) (G1 Evacuation Pause)
[2025-11-29T09:03:58.283+0000][25.806s][info ][gc,task     ] GC(50) Using 13 workers of 13 for evacuation
[2025-11-29T09:03:58.295+0000][25.817s][info ][gc,phases   ] GC(50)   Pre Evacuate Collection Set: 0.3ms
[2025-11-29T09:03:58.295+0000][25.818s][info ][gc,phases   ] GC(50)   Merge Heap Roots: 0.3ms
[2025-11-29T09:03:58.295+0000][25.818s][info ][gc,phases   ] GC(50)   Evacuate Collection Set: 8.7ms
[2025-11-29T09:03:58.295+0000][25.818s][info ][gc,phases   ] GC(50)   Post Evacuate Collection Set: 2.1ms
[2025-11-29T09:03:58.295+0000][25.818s][info ][gc,phases   ] GC(50)   Other: 0.1ms
[2025-11-29T09:03:58.295+0000][25.818s][info ][gc,heap     ] GC(50) Eden regions: 257->0(302)
[2025-11-29T09:03:58.295+0000][25.818s][info ][gc,heap     ] GC(50) Survivor regions: 10->14(34)
[2025-11-29T09:03:58.295+0000][25.818s][info ][gc,heap     ] GC(50) Old regions: 185->185
[2025-11-29T09:03:58.295+0000][25.818s][info ][gc,heap     ] GC(50) Archive regions: 2->2
[2025-11-29T09:03:58.295+0000][25.818s][info ][gc,heap     ] GC(50) Humongous regions: 4->4
[2025-11-29T09:03:58.295+0000][25.818s][info ][gc,metaspace] GC(50) Metaspace: 111709K(112384K)->111709K(112384K) NonClass: 97057K(97408K)->97057K(97408K) Class: 14652K(14976K)->14652K(14976K)
[2025-11-29T09:03:58.295+0000][25.818s][info ][gc          ] GC(50) Pause Young (Normal) (G1 Evacuation Pause) 456M->203M(690M) 11.659ms
[2025-11-29T09:03:58.295+0000][25.818s][info ][gc,cpu      ] GC(50) User=0.09s Sys=0.03s Real=0.02s
[2025-11-29T09:03:58.295+0000][25.818s][info ][safepoint   ] Safepoint "G1CollectForAllocation", Time since last: 700839989 ns, Reaching safepoint: 61519 ns, Cleanup: 106716 ns, At safepoint: 11817926 ns, Total: 11986161 ns
[2025-11-29T09:03:59.251+0000][26.774s][debug][safepoint   ] Safepoint synchronization initiated using futex wait barrier. (43 threads)
[2025-11-29T09:03:59.252+0000][26.775s][info ][safepoint   ] Safepoint "ICBufferFull", Time since last: 956468683 ns, Reaching safepoint: 191539 ns, Cleanup: 192162 ns, At safepoint: 99532 ns, Total: 483233 ns
[2025-11-29T09:04:00.070+0000][27.593s][debug][safepoint   ] Safepoint synchronization initiated using futex wait barrier. (46 threads)
[2025-11-29T09:04:00.071+0000][27.593s][info ][gc,start    ] GC(51) Pause Young (Normal) (G1 Evacuation Pause)
[2025-11-29T09:04:00.071+0000][27.593s][info ][gc,task     ] GC(51) Using 13 workers of 13 for evacuation
[2025-11-29T09:04:00.087+0000][27.610s][info ][gc,phases   ] GC(51)   Pre Evacuate Collection Set: 0.5ms
[2025-11-29T09:04:00.087+0000][27.610s][info ][gc,phases   ] GC(51)   Merge Heap Roots: 0.3ms
[2025-11-29T09:04:00.087+0000][27.610s][info ][gc,phases   ] GC(51)   Evacuate Collection Set: 13.8ms
[2025-11-29T09:04:00.087+0000][27.610s][info ][gc,phases   ] GC(51)   Post Evacuate Collection Set: 1.9ms
[2025-11-29T09:04:00.087+0000][27.610s][info ][gc,phases   ] GC(51)   Other: 0.2ms
[2025-11-29T09:04:00.087+0000][27.610s][info ][gc,heap     ] GC(51) Eden regions: 302->0(318)
[2025-11-29T09:04:00.087+0000][27.610s][info ][gc,heap     ] GC(51) Survivor regions: 14->20(40)
[2025-11-29T09:04:00.087+0000][27.610s][info ][gc,heap     ] GC(51) Old regions: 185->185
[2025-11-29T09:04:00.087+0000][27.610s][info ][gc,heap     ] GC(51) Archive regions: 2->2
[2025-11-29T09:04:00.087+0000][27.610s][info ][gc,heap     ] GC(51) Humongous regions: 4->4
[2025-11-29T09:04:00.087+0000][27.610s][info ][gc,metaspace] GC(51) Metaspace: 118495K(119232K)->118495K(119232K) NonClass: 103162K(103552K)->103162K(103552K) Class: 15333K(15680K)->15333K(15680K)
[2025-11-29T09:04:00.087+0000][27.610s][info ][gc          ] GC(51) Pause Young (Normal) (G1 Evacuation Pause) 505M->209M(690M) 16.712ms
[2025-11-29T09:04:00.087+0000][27.610s][info ][gc,cpu      ] GC(51) User=0.06s Sys=0.11s Real=0.02s
[2025-11-29T09:04:00.088+0000][27.610s][info ][safepoint   ] Safepoint "G1CollectForAllocation", Time since last: 818376030 ns, Reaching safepoint: 111996 ns, Cleanup: 139359 ns, At safepoint: 17002038 ns, Total: 17253393 ns
[2025-11-29T09:04:00.454+0000][27.976s][debug][safepoint   ] Safepoint synchronization initiated using futex wait barrier. (44 threads)
[2025-11-29T09:04:00.454+0000][27.977s][info ][safepoint   ] Safepoint "ICBufferFull", Time since last: 366064899 ns, Reaching safepoint: 49766 ns, Cleanup: 121384 ns, At safepoint: 1884 ns, Total: 173034 ns
[2025-11-29T09:04:00.770+0000][28.293s][debug][safepoint   ] Safepoint synchronization initiated using futex wait barrier. (44 threads)
[2025-11-29T09:04:00.770+0000][28.293s][info ][safepoint   ] Safepoint "ICBufferFull", Time since last: 315996371 ns, Reaching safepoint: 73232 ns, Cleanup: 233360 ns, At safepoint: 2675 ns, Total: 309267 ns
[2025-11-29T09:04:01.669+0000][29.192s][debug][safepoint   ] Safepoint synchronization initiated using futex wait barrier. (45 threads)
[2025-11-29T09:04:01.669+0000][29.192s][info ][safepoint   ] Safepoint "ICBufferFull", Time since last: 898675559 ns, Reaching safepoint: 61469 ns, Cleanup: 150320 ns, At safepoint: 44476 ns, Total: 256265 ns
[2025-11-29T09:04:02.333+0000][29.856s][debug][safepoint   ] Safepoint synchronization initiated using futex wait barrier. (48 threads)
[2025-11-29T09:04:02.333+0000][29.856s][info ][gc,start    ] GC(52) Pause Young (Normal) (G1 Evacuation Pause)
[2025-11-29T09:04:02.333+0000][29.856s][info ][gc,task     ] GC(52) Using 13 workers of 13 for evacuation
[2025-11-29T09:04:02.354+0000][29.877s][info ][gc,phases   ] GC(52)   Pre Evacuate Collection Set: 0.4ms
[2025-11-29T09:04:02.354+0000][29.877s][info ][gc,phases   ] GC(52)   Merge Heap Roots: 0.4ms
[2025-11-29T09:04:02.355+0000][29.877s][info ][gc,phases   ] GC(52)   Evacuate Collection Set: 17.7ms
[2025-11-29T09:04:02.355+0000][29.877s][info ][gc,phases   ] GC(52)   Post Evacuate Collection Set: 2.4ms
[2025-11-29T09:04:02.355+0000][29.877s][info ][gc,phases   ] GC(52)   Other: 0.2ms
[2025-11-29T09:04:02.355+0000][29.877s][info ][gc,heap     ] GC(52) Eden regions: 318->0(328)
[2025-11-29T09:04:02.355+0000][29.877s][info ][gc,heap     ] GC(52) Survivor regions: 20->27(43)
[2025-11-29T09:04:02.355+0000][29.877s][info ][gc,heap     ] GC(52) Old regions: 185->185
[2025-11-29T09:04:02.355+0000][29.877s][info ][gc,heap     ] GC(52) Archive regions: 2->2
[2025-11-29T09:04:02.355+0000][29.877s][info ][gc,heap     ] GC(52) Humongous regions: 4->4
[2025-11-29T09:04:02.355+0000][29.877s][info ][gc,metaspace] GC(52) Metaspace: 125527K(126400K)->125527K(126400K) NonClass: 109438K(109888K)->109438K(109888K) Class: 16089K(16512K)->16089K(16512K)
[2025-11-29T09:04:02.355+0000][29.877s][info ][gc          ] GC(52) Pause Young (Normal) (G1 Evacuation Pause) 527M->216M(690M) 21.206ms
[2025-11-29T09:04:02.355+0000][29.877s][info ][gc,cpu      ] GC(52) User=0.14s Sys=0.11s Real=0.02s
[2025-11-29T09:04:02.355+0000][29.878s][info ][safepoint   ] Safepoint "G1CollectForAllocation", Time since last: 664187940 ns, Reaching safepoint: 53272 ns, Cleanup: 114421 ns, At safepoint: 21462470 ns, Total: 21630163 ns
[2025-11-29T09:04:03.706+0000][31.228s][debug][safepoint   ] Safepoint synchronization initiated using futex wait barrier. (56 threads)
[2025-11-29T09:04:03.706+0000][31.228s][info ][safepoint   ] Safepoint "ICBufferFull", Time since last: 1350699856 ns, Reaching safepoint: 57561 ns, Cleanup: 117718 ns, At safepoint: 2464 ns, Total: 177743 ns
[2025-11-29T09:04:04.301+0000][31.824s][debug][safepoint   ] Safepoint synchronization initiated using futex wait barrier. (61 threads)
[2025-11-29T09:04:04.301+0000][31.824s][info ][safepoint   ] Safepoint "ICBufferFull", Time since last: 595075906 ns, Reaching safepoint: 65205 ns, Cleanup: 136865 ns, At safepoint: 3246 ns, Total: 205316 ns
[2025-11-29T09:04:04.903+0000][32.426s][debug][safepoint   ] Safepoint synchronization initiated using futex wait barrier. (59 threads)
[2025-11-29T09:04:04.903+0000][32.426s][info ][gc,start    ] GC(53) Pause Young (Normal) (G1 Evacuation Pause)
[2025-11-29T09:04:04.903+0000][32.426s][info ][gc,task     ] GC(53) Using 13 workers of 13 for evacuation
[2025-11-29T09:04:04.921+0000][32.444s][info ][gc,phases   ] GC(53)   Pre Evacuate Collection Set: 0.3ms
[2025-11-29T09:04:04.921+0000][32.444s][info ][gc,phases   ] GC(53)   Merge Heap Roots: 0.3ms
[2025-11-29T09:04:04.921+0000][32.444s][info ][gc,phases   ] GC(53)   Evacuate Collection Set: 14.4ms
[2025-11-29T09:04:04.921+0000][32.444s][info ][gc,phases   ] GC(53)   Post Evacuate Collection Set: 2.6ms
[2025-11-29T09:04:04.921+0000][32.444s][info ][gc,phases   ] GC(53)   Other: 0.2ms
[2025-11-29T09:04:04.921+0000][32.444s][info ][gc,heap     ] GC(53) Eden regions: 328->0(325)
[2025-11-29T09:04:04.921+0000][32.444s][info ][gc,heap     ] GC(53) Survivor regions: 27->31(45)
[2025-11-29T09:04:04.921+0000][32.444s][info ][gc,heap     ] GC(53) Old regions: 185->191
[2025-11-29T09:04:04.921+0000][32.444s][info ][gc,heap     ] GC(53) Archive regions: 2->2
[2025-11-29T09:04:04.921+0000][32.444s][info ][gc,heap     ] GC(53) Humongous regions: 5->4
[2025-11-29T09:04:04.921+0000][32.444s][info ][gc,metaspace] GC(53) Metaspace: 138461K(139584K)->138461K(139584K) NonClass: 121194K(121792K)->121194K(121792K) Class: 17267K(17792K)->17267K(17792K)
[2025-11-29T09:04:04.921+0000][32.444s][info ][gc          ] GC(53) Pause Young (Normal) (G1 Evacuation Pause) 545M->226M(690M) 17.890ms
[2025-11-29T09:04:04.921+0000][32.444s][info ][gc,cpu      ] GC(53) User=0.15s Sys=0.07s Real=0.02s
[2025-11-29T09:04:04.921+0000][32.444s][info ][safepoint   ] Safepoint "G1CollectForAllocation", Time since last: 602046837 ns, Reaching safepoint: 53183 ns, Cleanup: 36380 ns, At safepoint: 18301768 ns, Total: 18391331 ns
[2025-11-29T09:04:05.922+0000][33.444s][debug][safepoint   ] Safepoint synchronization initiated using futex wait barrier. (58 threads)
[2025-11-29T09:04:05.922+0000][33.445s][info ][safepoint   ] Safepoint "Cleanup", Time since last: 1000186640 ns, Reaching safepoint: 169988 ns, Cleanup: 68162 ns, At safepoint: 29056 ns, Total: 267206 ns
[2025-11-29T09:04:06.818+0000][34.343s][info ][cds,heap    ] initialize_from_archived_subgraph jdk.internal.math.FDBigInteger 0x0000758ca714dd58
[2025-11-29T09:04:06.919+0000][34.443s][debug][safepoint   ] Safepoint synchronization initiated using futex wait barrier. (68 threads)
[2025-11-29T09:04:06.919+0000][34.443s][info ][gc,start    ] GC(54) Pause Young (Normal) (G1 Evacuation Pause)
[2025-11-29T09:04:06.919+0000][34.443s][info ][gc,task     ] GC(54) Using 13 workers of 13 for evacuation
[2025-11-29T09:04:06.933+0000][34.458s][info ][gc,phases   ] GC(54)   Pre Evacuate Collection Set: 0.6ms
[2025-11-29T09:04:06.934+0000][34.458s][info ][gc,phases   ] GC(54)   Merge Heap Roots: 0.3ms
[2025-11-29T09:04:06.934+0000][34.458s][info ][gc,phases   ] GC(54)   Evacuate Collection Set: 10.5ms
[2025-11-29T09:04:06.934+0000][34.458s][info ][gc,phases   ] GC(54)   Post Evacuate Collection Set: 2.8ms
[2025-11-29T09:04:06.934+0000][34.458s][info ][gc,phases   ] GC(54)   Other: 0.3ms
[2025-11-29T09:04:06.934+0000][34.458s][info ][gc,heap     ] GC(54) Eden regions: 325->0(326)
[2025-11-29T09:04:06.934+0000][34.458s][info ][gc,heap     ] GC(54) Survivor regions: 31->29(45)
[2025-11-29T09:04:06.934+0000][34.458s][info ][gc,heap     ] GC(54) Old regions: 191->201
[2025-11-29T09:04:06.934+0000][34.458s][info ][gc,heap     ] GC(54) Archive regions: 2->2
[2025-11-29T09:04:06.934+0000][34.458s][info ][gc,heap     ] GC(54) Humongous regions: 4->4
[2025-11-29T09:04:06.934+0000][34.458s][info ][gc,metaspace] GC(54) Metaspace: 148373K(149504K)->148373K(149504K) NonClass: 130302K(130880K)->130302K(130880K) Class: 18070K(18624K)->18070K(18624K)
[2025-11-29T09:04:06.934+0000][34.458s][info ][gc          ] GC(54) Pause Young (Normal) (G1 Evacuation Pause) 551M->234M(690M) 14.498ms
[2025-11-29T09:04:06.934+0000][34.458s][info ][gc,cpu      ] GC(54) User=0.15s Sys=0.01s Real=0.02s
[2025-11-29T09:04:06.934+0000][34.458s][info ][safepoint   ] Safepoint "G1CollectForAllocation", Time since last: 998578995 ns, Reaching safepoint: 64765 ns, Cleanup: 108449 ns, At safepoint: 14947507 ns, Total: 15120721 ns
[2025-11-29T09:04:08.097+0000][35.622s][debug][safepoint   ] Safepoint synchronization initiated using futex wait barrier. (79 threads)
[2025-11-29T09:04:08.098+0000][35.622s][info ][safepoint   ] Safepoint "Cleanup", Time since last: 1163349368 ns, Reaching safepoint: 159387 ns, Cleanup: 134800 ns, At safepoint: 72931 ns, Total: 367118 ns
[2025-11-29T09:04:08.170+0000][35.695s][debug][safepoint   ] Safepoint synchronization initiated using futex wait barrier. (80 threads)
[2025-11-29T09:04:08.170+0000][35.695s][info ][gc,start    ] GC(55) Pause Young (Concurrent Start) (Metadata GC Threshold)
[2025-11-29T09:04:08.170+0000][35.695s][info ][gc,task     ] GC(55) Using 13 workers of 13 for evacuation
[2025-11-29T09:04:08.186+0000][35.710s][info ][gc,phases   ] GC(55)   Pre Evacuate Collection Set: 0.8ms
[2025-11-29T09:04:08.186+0000][35.710s][info ][gc,phases   ] GC(55)   Merge Heap Roots: 0.3ms
[2025-11-29T09:04:08.186+0000][35.710s][info ][gc,phases   ] GC(55)   Evacuate Collection Set: 10.8ms
[2025-11-29T09:04:08.186+0000][35.710s][info ][gc,phases   ] GC(55)   Post Evacuate Collection Set: 3.2ms
[2025-11-29T09:04:08.186+0000][35.710s][info ][gc,phases   ] GC(55)   Other: 0.2ms
[2025-11-29T09:04:08.186+0000][35.710s][info ][gc,heap     ] GC(55) Eden regions: 231->0(332)
[2025-11-29T09:04:08.186+0000][35.710s][info ][gc,heap     ] GC(55) Survivor regions: 29->26(45)
[2025-11-29T09:04:08.186+0000][35.710s][info ][gc,heap     ] GC(55) Old regions: 201->208
[2025-11-29T09:04:08.186+0000][35.710s][info ][gc,heap     ] GC(55) Archive regions: 2->2
[2025-11-29T09:04:08.186+0000][35.710s][info ][gc,heap     ] GC(55) Humongous regions: 4->4
[2025-11-29T09:04:08.186+0000][35.710s][info ][gc,metaspace] GC(55) Metaspace: 153256K(154368K)->153256K(154368K) NonClass: 134586K(135168K)->134586K(135168K) Class: 18669K(19200K)->18669K(19200K)
[2025-11-29T09:04:08.186+0000][35.710s][info ][gc          ] GC(55) Pause Young (Concurrent Start) (Metadata GC Threshold) 464M->237M(690M) 15.404ms
[2025-11-29T09:04:08.186+0000][35.710s][info ][gc,cpu      ] GC(55) User=0.11s Sys=0.01s Real=0.02s
[2025-11-29T09:04:08.186+0000][35.710s][info ][gc          ] GC(56) Concurrent Mark Cycle
[2025-11-29T09:04:08.186+0000][35.710s][info ][gc,marking  ] GC(56) Concurrent Clear Claimed Marks
[2025-11-29T09:04:08.186+0000][35.710s][info ][safepoint   ] Safepoint "CollectForMetadataAllocation", Time since last: 72676964 ns, Reaching safepoint: 58613 ns, Cleanup: 9799 ns, At safepoint: 15688478 ns, Total: 15756890 ns
[2025-11-29T09:04:08.186+0000][35.711s][info ][gc,marking  ] GC(56) Concurrent Clear Claimed Marks 0.219ms
[2025-11-29T09:04:08.186+0000][35.711s][info ][gc,marking  ] GC(56) Concurrent Scan Root Regions
[2025-11-29T09:04:08.186+0000][35.711s][debug][safepoint   ] Safepoint synchronization initiated using futex wait barrier. (80 threads)
[2025-11-29T09:04:08.187+0000][35.711s][info ][safepoint   ] Safepoint "CollectForMetadataAllocation", Time since last: 276694 ns, Reaching safepoint: 173966 ns, Cleanup: 3406 ns, At safepoint: 106496 ns, Total: 283868 ns
[2025-11-29T09:04:08.195+0000][35.720s][info ][gc,marking  ] GC(56) Concurrent Scan Root Regions 9.147ms
[2025-11-29T09:04:08.195+0000][35.720s][info ][gc,marking  ] GC(56) Concurrent Mark
[2025-11-29T09:04:08.195+0000][35.720s][info ][gc,marking  ] GC(56) Concurrent Mark From Roots
[2025-11-29T09:04:08.195+0000][35.720s][info ][gc,task     ] GC(56) Using 3 workers of 3 for marking
[2025-11-29T09:04:08.203+0000][35.727s][debug][safepoint   ] Safepoint synchronization initiated using futex wait barrier. (80 threads)
[2025-11-29T09:04:08.203+0000][35.727s][info ][safepoint   ] Safepoint "CollectForMetadataAllocation", Time since last: 15880036 ns, Reaching safepoint: 119361 ns, Cleanup: 4348 ns, At safepoint: 143888 ns, Total: 267597 ns
[2025-11-29T09:04:08.203+0000][35.727s][debug][safepoint   ] Safepoint synchronization initiated using futex wait barrier. (80 threads)
[2025-11-29T09:04:08.203+0000][35.728s][info ][safepoint   ] Safepoint "CollectForMetadataAllocation", Time since last: 183153 ns, Reaching safepoint: 162655 ns, Cleanup: 2695 ns, At safepoint: 119260 ns, Total: 284610 ns
[2025-11-29T09:04:08.229+0000][35.753s][debug][safepoint   ] Safepoint synchronization initiated using futex wait barrier. (80 threads)
[2025-11-29T09:04:08.229+0000][35.753s][debug][safepoint   ] ... found polling page loop exception at pc = 0x0000758d094fed68, stub =0x0000758d08a04400
[2025-11-29T09:04:08.229+0000][35.753s][info ][safepoint   ] Safepoint "CollectForMetadataAllocation", Time since last: 25186614 ns, Reaching safepoint: 317603 ns, Cleanup: 3807 ns, At safepoint: 138979 ns, Total: 460389 ns
[2025-11-29T09:04:08.248+0000][35.773s][debug][safepoint   ] Safepoint synchronization initiated using futex wait barrier. (80 threads)
[2025-11-29T09:04:08.248+0000][35.773s][info ][safepoint   ] Safepoint "CollectForMetadataAllocation", Time since last: 19289979 ns, Reaching safepoint: 135230 ns, Cleanup: 3377 ns, At safepoint: 112587 ns, Total: 251194 ns
[2025-11-29T09:04:08.249+0000][35.773s][debug][safepoint   ] Safepoint synchronization initiated using futex wait barrier. (80 threads)
[2025-11-29T09:04:08.249+0000][35.773s][debug][safepoint   ] ... found polling page loop exception at pc = 0x0000758d0988d014, stub =0x0000758d08a04400
[2025-11-29T09:04:08.249+0000][35.773s][info ][safepoint   ] Safepoint "CollectForMetadataAllocation", Time since last: 151994 ns, Reaching safepoint: 151462 ns, Cleanup: 1282 ns, At safepoint: 98741 ns, Total: 251485 ns
[2025-11-29T09:04:08.253+0000][35.777s][info ][gc,marking  ] GC(56) Concurrent Mark From Roots 57.100ms
[2025-11-29T09:04:08.253+0000][35.777s][info ][gc,marking  ] GC(56) Concurrent Preclean
[2025-11-29T09:04:08.253+0000][35.777s][info ][gc,marking  ] GC(56) Concurrent Preclean 0.330ms
[2025-11-29T09:04:08.253+0000][35.777s][debug][safepoint   ] Safepoint synchronization initiated using futex wait barrier. (80 threads)
[2025-11-29T09:04:08.253+0000][35.778s][debug][safepoint   ] ... found polling page loop exception at pc = 0x0000758d0919adfc, stub =0x0000758d08a04400
[2025-11-29T09:04:08.253+0000][35.778s][info ][gc,start    ] GC(56) Pause Remark
[2025-11-29T09:04:08.260+0000][35.784s][info ][gc          ] GC(56) Pause Remark 262M->212M(690M) 6.414ms
[2025-11-29T09:04:08.260+0000][35.784s][info ][gc,cpu      ] GC(56) User=0.04s Sys=0.00s Real=0.00s
[2025-11-29T09:04:08.260+0000][35.784s][info ][safepoint   ] Safepoint "G1PauseRemark", Time since last: 4175562 ns, Reaching safepoint: 142074 ns, Cleanup: 4429 ns, At safepoint: 6608057 ns, Total: 6754560 ns
[2025-11-29T09:04:08.260+0000][35.784s][info ][gc,marking  ] GC(56) Concurrent Mark 64.445ms
[2025-11-29T09:04:08.260+0000][35.784s][info ][gc,marking  ] GC(56) Concurrent Rebuild Remembered Sets
[2025-11-29T09:04:08.297+0000][35.822s][info ][gc,marking  ] GC(56) Concurrent Rebuild Remembered Sets 37.226ms
[2025-11-29T09:04:08.297+0000][35.822s][debug][safepoint   ] Safepoint synchronization initiated using futex wait barrier. (80 threads)
[2025-11-29T09:04:08.297+0000][35.822s][debug][safepoint   ] ... found polling page loop exception at pc = 0x0000758d094fec5c, stub =0x0000758d08a04400
[2025-11-29T09:04:08.298+0000][35.822s][info ][gc,start    ] GC(56) Pause Cleanup
[2025-11-29T09:04:08.298+0000][35.822s][info ][gc          ] GC(56) Pause Cleanup 224M->224M(690M) 0.410ms
[2025-11-29T09:04:08.298+0000][35.822s][info ][gc,cpu      ] GC(56) User=0.00s Sys=0.00s Real=0.00s
[2025-11-29T09:04:08.298+0000][35.822s][info ][safepoint   ] Safepoint "G1PauseCleanup", Time since last: 37476117 ns, Reaching safepoint: 146854 ns, Cleanup: 37162 ns, At safepoint: 561774 ns, Total: 745790 ns
[2025-11-29T09:04:08.298+0000][35.822s][info ][gc,marking  ] GC(56) Concurrent Cleanup for Next Mark
[2025-11-29T09:04:08.303+0000][35.827s][info ][gc,marking  ] GC(56) Concurrent Cleanup for Next Mark 4.868ms
[2025-11-29T09:04:08.303+0000][35.827s][info ][gc          ] GC(56) Concurrent Mark Cycle 117.008ms
[2025-11-29T09:04:08.790+0000][36.315s][debug][safepoint   ] Safepoint synchronization initiated using futex wait barrier. (83 threads)
[2025-11-29T09:04:08.790+0000][36.315s][debug][safepoint   ] ... found polling page loop exception at pc = 0x0000758d094fec5c, stub =0x0000758d08a04400
[2025-11-29T09:04:08.791+0000][36.315s][info ][safepoint   ] Safepoint "ICBufferFull", Time since last: 492190363 ns, Reaching safepoint: 165881 ns, Cleanup: 154939 ns, At safepoint: 29978 ns, Total: 350798 ns
[2025-11-29T09:04:09.688+0000][37.212s][debug][safepoint   ] Safepoint synchronization initiated using futex wait barrier. (82 threads)
[2025-11-29T09:04:09.688+0000][37.213s][info ][gc,start    ] GC(57) Pause Young (Prepare Mixed) (G1 Evacuation Pause)
[2025-11-29T09:04:09.688+0000][37.213s][info ][gc,task     ] GC(57) Using 13 workers of 13 for evacuation
[2025-11-29T09:04:09.704+0000][37.228s][info ][gc,phases   ] GC(57)   Pre Evacuate Collection Set: 0.4ms
[2025-11-29T09:04:09.704+0000][37.229s][info ][gc,phases   ] GC(57)   Merge Heap Roots: 0.3ms
[2025-11-29T09:04:09.704+0000][37.229s][info ][gc,phases   ] GC(57)   Evacuate Collection Set: 12.8ms
[2025-11-29T09:04:09.704+0000][37.229s][info ][gc,phases   ] GC(57)   Post Evacuate Collection Set: 2.4ms
[2025-11-29T09:04:09.704+0000][37.229s][info ][gc,phases   ] GC(57)   Other: 0.2ms
[2025-11-29T09:04:09.704+0000][37.229s][info ][gc,heap     ] GC(57) Eden regions: 332->0(10)
[2025-11-29T09:04:09.704+0000][37.229s][info ][gc,heap     ] GC(57) Survivor regions: 26->24(45)
[2025-11-29T09:04:09.704+0000][37.229s][info ][gc,heap     ] GC(57) Old regions: 162->173
[2025-11-29T09:04:09.704+0000][37.229s][info ][gc,heap     ] GC(57) Archive regions: 2->2
[2025-11-29T09:04:09.704+0000][37.229s][info ][gc,heap     ] GC(57) Humongous regions: 0->0
[2025-11-29T09:04:09.704+0000][37.229s][info ][gc,metaspace] GC(57) Metaspace: 157854K(159040K)->157854K(159040K) NonClass: 138483K(139072K)->138483K(139072K) Class: 19371K(19968K)->19371K(19968K)
[2025-11-29T09:04:09.704+0000][37.229s][info ][gc          ] GC(57) Pause Young (Prepare Mixed) (G1 Evacuation Pause) 519M->196M(690M) 16.050ms
[2025-11-29T09:04:09.704+0000][37.229s][info ][gc,cpu      ] GC(57) User=0.11s Sys=0.03s Real=0.02s
[2025-11-29T09:04:09.704+0000][37.229s][info ][safepoint   ] Safepoint "G1CollectForAllocation", Time since last: 897319296 ns, Reaching safepoint: 56670 ns, Cleanup: 153747 ns, At safepoint: 16352354 ns, Total: 16562771 ns
[2025-11-29T09:04:09.744+0000][37.268s][debug][safepoint   ] Safepoint synchronization initiated using futex wait barrier. (82 threads)
[2025-11-29T09:04:09.744+0000][37.268s][info ][gc,start    ] GC(58) Pause Young (Mixed) (G1 Evacuation Pause)
[2025-11-29T09:04:09.744+0000][37.268s][info ][gc,task     ] GC(58) Using 13 workers of 13 for evacuation
[2025-11-29T09:04:09.753+0000][37.278s][info ][gc,phases   ] GC(58)   Pre Evacuate Collection Set: 0.4ms
[2025-11-29T09:04:09.754+0000][37.278s][info ][gc,phases   ] GC(58)   Merge Heap Roots: 0.3ms
[2025-11-29T09:04:09.754+0000][37.278s][info ][gc,phases   ] GC(58)   Evacuate Collection Set: 7.0ms
[2025-11-29T09:04:09.754+0000][37.278s][info ][gc,phases   ] GC(58)   Post Evacuate Collection Set: 1.8ms
[2025-11-29T09:04:09.754+0000][37.278s][info ][gc,phases   ] GC(58)   Other: 0.1ms
[2025-11-29T09:04:09.754+0000][37.278s][info ][gc,heap     ] GC(58) Eden regions: 10->0(399)
[2025-11-29T09:04:09.754+0000][37.278s][info ][gc,heap     ] GC(58) Survivor regions: 24->4(5)
[2025-11-29T09:04:09.754+0000][37.278s][info ][gc,heap     ] GC(58) Old regions: 173->170
[2025-11-29T09:04:09.754+0000][37.278s][info ][gc,heap     ] GC(58) Archive regions: 2->2
[2025-11-29T09:04:09.754+0000][37.278s][info ][gc,heap     ] GC(58) Humongous regions: 0->0
[2025-11-29T09:04:09.754+0000][37.278s][info ][gc,metaspace] GC(58) Metaspace: 157865K(159040K)->157865K(159040K) NonClass: 138493K(139072K)->138493K(139072K) Class: 19371K(19968K)->19371K(19968K)
[2025-11-29T09:04:09.754+0000][37.278s][info ][gc          ] GC(58) Pause Young (Mixed) (G1 Evacuation Pause) 206M->174M(690M) 9.721ms
[2025-11-29T09:04:09.754+0000][37.278s][info ][gc,cpu      ] GC(58) User=0.07s Sys=0.01s Real=0.01s
[2025-11-29T09:04:09.754+0000][37.278s][info ][safepoint   ] Safepoint "G1CollectForAllocation", Time since last: 39292414 ns, Reaching safepoint: 53293 ns, Cleanup: 13035 ns, At safepoint: 9876648 ns, Total: 9942976 ns
[2025-11-29T09:04:10.503+0000][38.027s][debug][safepoint   ] Safepoint synchronization initiated using futex wait barrier. (81 threads)
[2025-11-29T09:04:10.503+0000][38.028s][info ][safepoint   ] Safepoint "ICBufferFull", Time since last: 749326745 ns, Reaching safepoint: 60426 ns, Cleanup: 211970 ns, At safepoint: 4278 ns, Total: 276674 ns
[2025-11-29T09:04:11.515+0000][39.039s][debug][safepoint   ] Safepoint synchronization initiated using futex wait barrier. (130 threads)
[2025-11-29T09:04:11.515+0000][39.040s][info ][safepoint   ] Safepoint "ICBufferFull", Time since last: 1011744434 ns, Reaching safepoint: 235471 ns, Cleanup: 138287 ns, At safepoint: 67510 ns, Total: 441268 ns
[2025-11-29T09:04:11.705+0000][39.229s][debug][safepoint   ] Safepoint synchronization initiated using futex wait barrier. (146 threads)
[2025-11-29T09:04:11.705+0000][39.229s][info ][gc,start    ] GC(59) Pause Young (Concurrent Start) (G1 Evacuation Pause)
[2025-11-29T09:04:11.705+0000][39.229s][info ][gc,task     ] GC(59) Using 13 workers of 13 for evacuation
[2025-11-29T09:04:11.716+0000][39.240s][info ][gc,phases   ] GC(59)   Pre Evacuate Collection Set: 0.6ms
[2025-11-29T09:04:11.716+0000][39.240s][info ][gc,phases   ] GC(59)   Merge Heap Roots: 0.3ms
[2025-11-29T09:04:11.716+0000][39.240s][info ][gc,phases   ] GC(59)   Evacuate Collection Set: 7.9ms
[2025-11-29T09:04:11.716+0000][39.240s][info ][gc,phases   ] GC(59)   Post Evacuate Collection Set: 1.9ms
[2025-11-29T09:04:11.716+0000][39.240s][info ][gc,phases   ] GC(59)   Other: 0.2ms
[2025-11-29T09:04:11.716+0000][39.240s][info ][gc,heap     ] GC(59) Eden regions: 399->0(398)
[2025-11-29T09:04:11.716+0000][39.240s][info ][gc,heap     ] GC(59) Survivor regions: 4->8(51)
[2025-11-29T09:04:11.716+0000][39.240s][info ][gc,heap     ] GC(59) Old regions: 170->170
[2025-11-29T09:04:11.716+0000][39.240s][info ][gc,heap     ] GC(59) Archive regions: 2->2
[2025-11-29T09:04:11.716+0000][39.240s][info ][gc,heap     ] GC(59) Humongous regions: 0->0
[2025-11-29T09:04:11.716+0000][39.240s][info ][gc,metaspace] GC(59) Metaspace: 164791K(166144K)->164791K(166144K) NonClass: 144447K(145152K)->144447K(145152K) Class: 20344K(20992K)->20344K(20992K)
[2025-11-29T09:04:11.716+0000][39.240s][info ][gc          ] GC(59) Pause Young (Concurrent Start) (G1 Evacuation Pause) 573M->178M(690M) 10.912ms
[2025-11-29T09:04:11.716+0000][39.240s][info ][gc,cpu      ] GC(59) User=0.08s Sys=0.04s Real=0.01s
[2025-11-29T09:04:11.716+0000][39.240s][info ][gc          ] GC(60) Concurrent Mark Cycle
[2025-11-29T09:04:11.716+0000][39.240s][info ][gc,marking  ] GC(60) Concurrent Clear Claimed Marks
[2025-11-29T09:04:11.716+0000][39.240s][info ][gc,marking  ] GC(60) Concurrent Clear Claimed Marks 0.233ms
[2025-11-29T09:04:11.716+0000][39.240s][info ][gc,marking  ] GC(60) Concurrent Scan Root Regions
[2025-11-29T09:04:11.716+0000][39.241s][info ][safepoint   ] Safepoint "G1CollectForAllocation", Time since last: 189025523 ns, Reaching safepoint: 160510 ns, Cleanup: 88290 ns, At safepoint: 11382885 ns, Total: 11631685 ns
[2025-11-29T09:04:11.720+0000][39.245s][info ][gc,marking  ] GC(60) Concurrent Scan Root Regions 4.119ms
[2025-11-29T09:04:11.720+0000][39.245s][info ][gc,marking  ] GC(60) Concurrent Mark
[2025-11-29T09:04:11.720+0000][39.245s][info ][gc,marking  ] GC(60) Concurrent Mark From Roots
[2025-11-29T09:04:11.720+0000][39.245s][info ][gc,task     ] GC(60) Using 3 workers of 3 for marking
[2025-11-29T09:04:11.784+0000][39.309s][info ][gc,marking  ] GC(60) Concurrent Mark From Roots 63.953ms
[2025-11-29T09:04:11.784+0000][39.309s][info ][gc,marking  ] GC(60) Concurrent Preclean
[2025-11-29T09:04:11.785+0000][39.309s][info ][gc,marking  ] GC(60) Concurrent Preclean 0.641ms
[2025-11-29T09:04:11.785+0000][39.309s][debug][safepoint   ] Safepoint synchronization initiated using futex wait barrier. (145 threads)
[2025-11-29T09:04:11.785+0000][39.309s][debug][safepoint   ] ... found polling page loop exception at pc = 0x0000758d094fed68, stub =0x0000758d08a04400
[2025-11-29T09:04:11.785+0000][39.310s][info ][gc,start    ] GC(60) Pause Remark
[2025-11-29T09:04:11.791+0000][39.315s][info ][gc          ] GC(60) Pause Remark 216M->216M(690M) 5.305ms
[2025-11-29T09:04:11.791+0000][39.315s][info ][gc,cpu      ] GC(60) User=0.04s Sys=0.01s Real=0.00s
[2025-11-29T09:04:11.791+0000][39.315s][info ][safepoint   ] Safepoint "G1PauseRemark", Time since last: 68882193 ns, Reaching safepoint: 137725 ns, Cleanup: 73592 ns, At safepoint: 5519206 ns, Total: 5730523 ns
[2025-11-29T09:04:11.791+0000][39.315s][info ][gc,marking  ] GC(60) Concurrent Mark 70.563ms
[2025-11-29T09:04:11.791+0000][39.315s][info ][gc,marking  ] GC(60) Concurrent Rebuild Remembered Sets
[2025-11-29T09:04:11.822+0000][39.346s][debug][safepoint   ] ... found polling page loop exception at pc = 0x0000758d0919adfc, stub =0x0000758d08a04400
[2025-11-29T09:04:11.847+0000][39.372s][info ][gc,marking  ] GC(60) Concurrent Rebuild Remembered Sets 56.266ms
[2025-11-29T09:04:11.847+0000][39.372s][debug][safepoint   ] Safepoint synchronization initiated using futex wait barrier. (145 threads)
[2025-11-29T09:04:11.848+0000][39.372s][info ][gc,start    ] GC(60) Pause Cleanup
[2025-11-29T09:04:11.848+0000][39.373s][info ][gc          ] GC(60) Pause Cleanup 230M->230M(690M) 0.627ms
[2025-11-29T09:04:11.848+0000][39.373s][info ][gc,cpu      ] GC(60) User=0.00s Sys=0.00s Real=0.00s
[2025-11-29T09:04:11.848+0000][39.373s][info ][safepoint   ] Safepoint "G1PauseCleanup", Time since last: 56510487 ns, Reaching safepoint: 247598 ns, Cleanup: 56850 ns, At safepoint: 920467 ns, Total: 1224915 ns
[2025-11-29T09:04:11.849+0000][39.373s][info ][gc,marking  ] GC(60) Concurrent Cleanup for Next Mark
[2025-11-29T09:04:11.856+0000][39.381s][info ][gc,marking  ] GC(60) Concurrent Cleanup for Next Mark 7.914ms
[2025-11-29T09:04:11.857+0000][39.381s][info ][gc          ] GC(60) Concurrent Mark Cycle 140.813ms
[2025-11-29T09:04:12.226+0000][39.750s][debug][safepoint   ] Safepoint synchronization initiated using futex wait barrier. (142 threads)
[2025-11-29T09:04:12.227+0000][39.751s][info ][gc,start    ] GC(61) Pause Young (Prepare Mixed) (G1 Evacuation Pause)
[2025-11-29T09:04:12.227+0000][39.751s][info ][gc,task     ] GC(61) Using 13 workers of 13 for evacuation
[2025-11-29T09:04:12.272+0000][39.797s][info ][gc,phases   ] GC(61)   Pre Evacuate Collection Set: 0.3ms
[2025-11-29T09:04:12.272+0000][39.797s][info ][gc,phases   ] GC(61)   Merge Heap Roots: 0.3ms
[2025-11-29T09:04:12.272+0000][39.797s][info ][gc,phases   ] GC(61)   Evacuate Collection Set: 42.5ms
[2025-11-29T09:04:12.272+0000][39.797s][info ][gc,phases   ] GC(61)   Post Evacuate Collection Set: 2.1ms
[2025-11-29T09:04:12.272+0000][39.797s][info ][gc,phases   ] GC(61)   Other: 0.2ms
[2025-11-29T09:04:12.272+0000][39.797s][info ][gc,heap     ] GC(61) Eden regions: 398->0(1)
[2025-11-29T09:04:12.272+0000][39.797s][info ][gc,heap     ] GC(61) Survivor regions: 8->51(51)
[2025-11-29T09:04:12.272+0000][39.797s][info ][gc,heap     ] GC(61) Old regions: 170->196
[2025-11-29T09:04:12.272+0000][39.797s][info ][gc,heap     ] GC(61) Archive regions: 2->2
[2025-11-29T09:04:12.272+0000][39.797s][info ][gc,heap     ] GC(61) Humongous regions: 4->4
[2025-11-29T09:04:12.272+0000][39.797s][info ][gc,metaspace] GC(61) Metaspace: 167892K(169152K)->167892K(169152K) NonClass: 147161K(147840K)->147161K(147840K) Class: 20730K(21312K)->20730K(21312K)
[2025-11-29T09:04:12.272+0000][39.797s][info ][gc          ] GC(61) Pause Young (Prepare Mixed) (G1 Evacuation Pause) 580M->251M(690M) 45.438ms
[2025-11-29T09:04:12.272+0000][39.797s][info ][gc,cpu      ] GC(61) User=0.26s Sys=0.27s Real=0.05s
[2025-11-29T09:04:12.273+0000][39.797s][info ][safepoint   ] Safepoint "G1CollectForAllocation", Time since last: 377534250 ns, Reaching safepoint: 780878 ns, Cleanup: 33775 ns, At safepoint: 46141158 ns, Total: 46955811 ns
[2025-11-29T09:04:12.275+0000][39.799s][debug][safepoint   ] Safepoint synchronization initiated using futex wait barrier. (142 threads)
[2025-11-29T09:04:12.276+0000][39.800s][info ][gc,start    ] GC(62) Pause Young (Mixed) (G1 Evacuation Pause)
[2025-11-29T09:04:12.276+0000][39.800s][info ][gc,task     ] GC(62) Using 13 workers of 13 for evacuation
[2025-11-29T09:04:12.301+0000][39.825s][info ][gc,phases   ] GC(62)   Pre Evacuate Collection Set: 0.4ms
[2025-11-29T09:04:12.301+0000][39.825s][info ][gc,phases   ] GC(62)   Merge Heap Roots: 0.3ms
[2025-11-29T09:04:12.301+0000][39.825s][info ][gc,phases   ] GC(62)   Evacuate Collection Set: 22.5ms
[2025-11-29T09:04:12.301+0000][39.825s][info ][gc,phases   ] GC(62)   Post Evacuate Collection Set: 2.0ms
[2025-11-29T09:04:12.301+0000][39.825s][info ][gc,phases   ] GC(62)   Other: 0.2ms
[2025-11-29T09:04:12.301+0000][39.825s][info ][gc,heap     ] GC(62) Eden regions: 1->0(307)
[2025-11-29T09:04:12.301+0000][39.825s][info ][gc,heap     ] GC(62) Survivor regions: 51->5(7)
[2025-11-29T09:04:12.301+0000][39.825s][info ][gc,heap     ] GC(62) Old regions: 196->217
[2025-11-29T09:04:12.301+0000][39.825s][info ][gc,heap     ] GC(62) Archive regions: 2->2
[2025-11-29T09:04:12.301+0000][39.825s][info ][gc,heap     ] GC(62) Humongous regions: 4->4
[2025-11-29T09:04:12.301+0000][39.825s][info ][gc,metaspace] GC(62) Metaspace: 167903K(169152K)->167903K(169152K) NonClass: 147171K(147840K)->147171K(147840K) Class: 20731K(21312K)->20731K(21312K)
[2025-11-29T09:04:12.301+0000][39.825s][info ][gc          ] GC(62) Pause Young (Mixed) (G1 Evacuation Pause) 252M->226M(690M) 25.414ms
[2025-11-29T09:04:12.301+0000][39.825s][info ][gc,cpu      ] GC(62) User=0.20s Sys=0.06s Real=0.02s
[2025-11-29T09:04:12.302+0000][39.826s][info ][safepoint   ] Safepoint "G1CollectForAllocation", Time since last: 2074385 ns, Reaching safepoint: 458946 ns, Cleanup: 10771 ns, At safepoint: 26138051 ns, Total: 26607768 ns
[2025-11-29T09:04:12.578+0000][40.102s][debug][safepoint   ] Safepoint synchronization initiated using futex wait barrier. (162 threads)
[2025-11-29T09:04:12.578+0000][40.103s][info ][safepoint   ] Safepoint "ICBufferFull", Time since last: 276067963 ns, Reaching safepoint: 303907 ns, Cleanup: 166051 ns, At safepoint: 276503 ns, Total: 746461 ns
[2025-11-29T09:04:12.772+0000][40.297s][debug][safepoint   ] Safepoint synchronization initiated using futex wait barrier. (240 threads)
[2025-11-29T09:04:12.773+0000][40.297s][info ][gc,start    ] GC(63) Pause Young (Normal) (G1 Evacuation Pause)
[2025-11-29T09:04:12.773+0000][40.297s][info ][gc,task     ] GC(63) Using 13 workers of 13 for evacuation
[2025-11-29T09:04:12.781+0000][40.305s][info ][gc,phases   ] GC(63)   Pre Evacuate Collection Set: 0.4ms
[2025-11-29T09:04:12.781+0000][40.305s][info ][gc,phases   ] GC(63)   Merge Heap Roots: 0.3ms
[2025-11-29T09:04:12.781+0000][40.305s][info ][gc,phases   ] GC(63)   Evacuate Collection Set: 5.1ms
[2025-11-29T09:04:12.781+0000][40.305s][info ][gc,phases   ] GC(63)   Post Evacuate Collection Set: 1.9ms
[2025-11-29T09:04:12.781+0000][40.305s][info ][gc,phases   ] GC(63)   Other: 0.2ms
[2025-11-29T09:04:12.781+0000][40.305s][info ][gc,heap     ] GC(63) Eden regions: 307->0(308)
[2025-11-29T09:04:12.781+0000][40.305s][info ][gc,heap     ] GC(63) Survivor regions: 5->13(39)
[2025-11-29T09:04:12.781+0000][40.305s][info ][gc,heap     ] GC(63) Old regions: 217->217
[2025-11-29T09:04:12.781+0000][40.305s][info ][gc,heap     ] GC(63) Archive regions: 2->2
[2025-11-29T09:04:12.781+0000][40.305s][info ][gc,heap     ] GC(63) Humongous regions: 4->4
[2025-11-29T09:04:12.781+0000][40.305s][info ][gc,metaspace] GC(63) Metaspace: 173592K(174912K)->173592K(174912K) NonClass: 152129K(152832K)->152129K(152832K) Class: 21463K(22080K)->21463K(22080K)
[2025-11-29T09:04:12.781+0000][40.305s][info ][gc          ] GC(63) Pause Young (Normal) (G1 Evacuation Pause) 533M->234M(690M) 7.961ms
[2025-11-29T09:04:12.781+0000][40.305s][info ][gc,cpu      ] GC(63) User=0.08s Sys=0.00s Real=0.00s
[2025-11-29T09:04:12.782+0000][40.306s][info ][safepoint   ] Safepoint "G1CollectForAllocation", Time since last: 193806628 ns, Reaching safepoint: 551394 ns, Cleanup: 130682 ns, At safepoint: 8794720 ns, Total: 9476796 ns
[2025-11-29T09:04:13.078+0000][40.603s][debug][safepoint   ] Safepoint synchronization initiated using futex wait barrier. (247 threads)
[2025-11-29T09:04:13.079+0000][40.603s][info ][safepoint   ] Safepoint "ICBufferFull", Time since last: 296593486 ns, Reaching safepoint: 74143 ns, Cleanup: 188645 ns, At safepoint: 113028 ns, Total: 375816 ns
[2025-11-29T09:04:13.255+0000][40.779s][debug][safepoint   ] Safepoint synchronization initiated using futex wait barrier. (247 threads)
[2025-11-29T09:04:13.255+0000][40.779s][info ][gc,start    ] GC(64) Pause Young (Normal) (G1 Evacuation Pause)
[2025-11-29T09:04:13.255+0000][40.779s][info ][gc,task     ] GC(64) Using 13 workers of 13 for evacuation
[2025-11-29T09:04:13.262+0000][40.786s][info ][gc,phases   ] GC(64)   Pre Evacuate Collection Set: 0.4ms
[2025-11-29T09:04:13.262+0000][40.786s][info ][gc,phases   ] GC(64)   Merge Heap Roots: 0.3ms
[2025-11-29T09:04:13.262+0000][40.786s][info ][gc,phases   ] GC(64)   Evacuate Collection Set: 4.6ms
[2025-11-29T09:04:13.262+0000][40.787s][info ][gc,phases   ] GC(64)   Post Evacuate Collection Set: 1.7ms
[2025-11-29T09:04:13.262+0000][40.787s][info ][gc,phases   ] GC(64)   Other: 0.2ms
[2025-11-29T09:04:13.262+0000][40.787s][info ][gc,heap     ] GC(64) Eden regions: 308->0(315)
[2025-11-29T09:04:13.262+0000][40.787s][info ][gc,heap     ] GC(64) Survivor regions: 13->15(41)
[2025-11-29T09:04:13.262+0000][40.787s][info ][gc,heap     ] GC(64) Old regions: 217->217
[2025-11-29T09:04:13.262+0000][40.787s][info ][gc,heap     ] GC(64) Archive regions: 2->2
[2025-11-29T09:04:13.262+0000][40.787s][info ][gc,heap     ] GC(64) Humongous regions: 4->4
[2025-11-29T09:04:13.262+0000][40.787s][info ][gc,metaspace] GC(64) Metaspace: 176461K(177792K)->176461K(177792K) NonClass: 154615K(155328K)->154615K(155328K) Class: 21846K(22464K)->21846K(22464K)
[2025-11-29T09:04:13.262+0000][40.787s][info ][gc          ] GC(64) Pause Young (Normal) (G1 Evacuation Pause) 542M->236M(690M) 7.194ms
[2025-11-29T09:04:13.262+0000][40.787s][info ][gc,cpu      ] GC(64) User=0.05s Sys=0.00s Real=0.00s
[2025-11-29T09:04:13.263+0000][40.787s][info ][safepoint   ] Safepoint "G1CollectForAllocation", Time since last: 175964996 ns, Reaching safepoint: 182858 ns, Cleanup: 80716 ns, At safepoint: 8001202 ns, Total: 8264776 ns
[2025-11-29T09:04:13.607+0000][41.131s][debug][safepoint   ] Safepoint synchronization initiated using futex wait barrier. (247 threads)
[2025-11-29T09:04:13.607+0000][41.132s][info ][safepoint   ] Safepoint "ICBufferFull", Time since last: 343698614 ns, Reaching safepoint: 191100 ns, Cleanup: 146552 ns, At safepoint: 128028 ns, Total: 465680 ns
[2025-11-29T09:04:13.706+0000][41.230s][debug][safepoint   ] Safepoint synchronization initiated using futex wait barrier. (260 threads)
[2025-11-29T09:04:13.707+0000][41.231s][info ][safepoint   ] Safepoint "ICBufferFull", Time since last: 98923434 ns, Reaching safepoint: 214199 ns, Cleanup: 116745 ns, At safepoint: 175710 ns, Total: 506654 ns
[2025-11-29T09:04:13.922+0000][41.446s][debug][safepoint   ] Safepoint synchronization initiated using futex wait barrier. (264 threads)
[2025-11-29T09:04:13.922+0000][41.446s][info ][gc,start    ] GC(65) Pause Young (Normal) (G1 Evacuation Pause)
[2025-11-29T09:04:13.922+0000][41.446s][info ][gc,task     ] GC(65) Using 13 workers of 13 for evacuation
[2025-11-29T09:04:13.939+0000][41.463s][info ][gc,phases   ] GC(65)   Pre Evacuate Collection Set: 0.4ms
[2025-11-29T09:04:13.939+0000][41.463s][info ][gc,phases   ] GC(65)   Merge Heap Roots: 0.3ms
[2025-11-29T09:04:13.939+0000][41.463s][info ][gc,phases   ] GC(65)   Evacuate Collection Set: 14.2ms
[2025-11-29T09:04:13.939+0000][41.463s][info ][gc,phases   ] GC(65)   Post Evacuate Collection Set: 1.9ms
[2025-11-29T09:04:13.939+0000][41.463s][info ][gc,phases   ] GC(65)   Other: 0.2ms
[2025-11-29T09:04:13.939+0000][41.463s][info ][gc,heap     ] GC(65) Eden regions: 315->0(279)
[2025-11-29T09:04:13.939+0000][41.463s][info ][gc,heap     ] GC(65) Survivor regions: 15->42(42)
[2025-11-29T09:04:13.939+0000][41.463s][info ][gc,heap     ] GC(65) Old regions: 217->223
[2025-11-29T09:04:13.939+0000][41.463s][info ][gc,heap     ] GC(65) Archive regions: 2->2
[2025-11-29T09:04:13.939+0000][41.463s][info ][gc,heap     ] GC(65) Humongous regions: 7->7
[2025-11-29T09:04:13.939+0000][41.463s][info ][gc,metaspace] GC(65) Metaspace: 181668K(183040K)->181668K(183040K) NonClass: 159334K(160064K)->159334K(160064K) Class: 22334K(22976K)->22334K(22976K)
[2025-11-29T09:04:13.939+0000][41.463s][info ][gc          ] GC(65) Pause Young (Normal) (G1 Evacuation Pause) 554M->272M(690M) 17.071ms
[2025-11-29T09:04:13.939+0000][41.464s][info ][gc,cpu      ] GC(65) User=0.24s Sys=0.01s Real=0.02s
[2025-11-29T09:04:13.940+0000][41.464s][info ][safepoint   ] Safepoint "G1CollectForAllocation", Time since last: 215187409 ns, Reaching safepoint: 61399 ns, Cleanup: 91537 ns, At safepoint: 17978434 ns, Total: 18131370 ns
[2025-11-29T09:04:15.109+0000][42.633s][debug][safepoint   ] Safepoint synchronization initiated using futex wait barrier. (261 threads)
[2025-11-29T09:04:15.109+0000][42.633s][info ][safepoint   ] Safepoint "Cleanup", Time since last: 1168890865 ns, Reaching safepoint: 82710 ns, Cleanup: 129049 ns, At safepoint: 66859 ns, Total: 278618 ns
[2025-11-29T09:04:16.225+0000][43.749s][debug][safepoint   ] Safepoint synchronization initiated using futex wait barrier. (259 threads)
[2025-11-29T09:04:16.225+0000][43.750s][info ][safepoint   ] Safepoint "Cleanup", Time since last: 1115974121 ns, Reaching safepoint: 189516 ns, Cleanup: 38244 ns, At safepoint: 61538 ns, Total: 289298 ns
[2025-11-29T09:04:17.225+0000][44.750s][debug][safepoint   ] Safepoint synchronization initiated using futex wait barrier. (261 threads)
[2025-11-29T09:04:17.226+0000][44.750s][info ][safepoint   ] Safepoint "Cleanup", Time since last: 1000177978 ns, Reaching safepoint: 134269 ns, Cleanup: 72360 ns, At safepoint: 6542 ns, Total: 213171 ns
[2025-11-29T09:04:18.516+0000][46.040s][debug][safepoint   ] Safepoint synchronization initiated using futex wait barrier. (262 threads)
[2025-11-29T09:04:18.516+0000][46.041s][info ][safepoint   ] Safepoint "Cleanup", Time since last: 1290395996 ns, Reaching safepoint: 95655 ns, Cleanup: 168996 ns, At safepoint: 70105 ns, Total: 334756 ns
[2025-11-29T09:04:19.571+0000][47.095s][debug][safepoint   ] Safepoint synchronization initiated using futex wait barrier. (261 threads)
[2025-11-29T09:04:19.571+0000][47.096s][info ][gc,start    ] GC(66) Pause Young (Concurrent Start) (G1 Humongous Allocation)
[2025-11-29T09:04:19.571+0000][47.096s][info ][gc,task     ] GC(66) Using 13 workers of 13 for evacuation
[2025-11-29T09:04:19.599+0000][47.124s][info ][gc,phases   ] GC(66)   Pre Evacuate Collection Set: 0.9ms
[2025-11-29T09:04:19.600+0000][47.124s][info ][gc,phases   ] GC(66)   Merge Heap Roots: 0.4ms
[2025-11-29T09:04:19.600+0000][47.124s][info ][gc,phases   ] GC(66)   Evacuate Collection Set: 19.0ms
[2025-11-29T09:04:19.600+0000][47.124s][info ][gc,phases   ] GC(66)   Post Evacuate Collection Set: 7.7ms
[2025-11-29T09:04:19.600+0000][47.124s][info ][gc,phases   ] GC(66)   Other: 0.5ms
[2025-11-29T09:04:19.600+0000][47.124s][info ][gc,heap     ] GC(66) Eden regions: 150->0(279)
[2025-11-29T09:04:19.600+0000][47.124s][info ][gc,heap     ] GC(66) Survivor regions: 42->8(41)
[2025-11-29T09:04:19.600+0000][47.124s][info ][gc,heap     ] GC(66) Old regions: 223->265
[2025-11-29T09:04:19.600+0000][47.124s][info ][gc,heap     ] GC(66) Archive regions: 2->2
[2025-11-29T09:04:19.600+0000][47.124s][info ][gc,heap     ] GC(66) Humongous regions: 70->11
[2025-11-29T09:04:19.600+0000][47.124s][info ][gc,metaspace] GC(66) Metaspace: 188350K(189696K)->188350K(189696K) NonClass: 165229K(165952K)->165229K(165952K) Class: 23121K(23744K)->23121K(23744K)
[2025-11-29T09:04:19.600+0000][47.124s][info ][gc          ] GC(66) Pause Young (Concurrent Start) (G1 Humongous Allocation) 485M->284M(690M) 28.431ms
[2025-11-29T09:04:19.600+0000][47.124s][info ][gc,cpu      ] GC(66) User=0.13s Sys=0.03s Real=0.02s
[2025-11-29T09:04:19.600+0000][47.124s][info ][gc          ] GC(67) Concurrent Undo Cycle
[2025-11-29T09:04:19.600+0000][47.124s][info ][gc,marking  ] GC(67) Concurrent Cleanup for Next Mark
[2025-11-29T09:04:19.601+0000][47.126s][info ][safepoint   ] Safepoint "G1TryInitiateConcMark", Time since last: 1054465030 ns, Reaching safepoint: 100223 ns, Cleanup: 42813 ns, At safepoint: 30406093 ns, Total: 30549129 ns
[2025-11-29T09:04:19.602+0000][47.127s][info ][gc,marking  ] GC(67) Concurrent Cleanup for Next Mark 2.334ms
[2025-11-29T09:04:19.602+0000][47.127s][info ][gc          ] GC(67) Concurrent Undo Cycle 2.420ms
[2025-11-29T09:04:20.602+0000][48.126s][debug][safepoint   ] Safepoint synchronization initiated using futex wait barrier. (263 threads)
[2025-11-29T09:04:20.602+0000][48.126s][info ][safepoint   ] Safepoint "Cleanup", Time since last: 1000264552 ns, Reaching safepoint: 164858 ns, Cleanup: 65166 ns, At safepoint: 38324 ns, Total: 268348 ns
[2025-11-29T09:04:20.660+0000][48.185s][debug][safepoint   ] Safepoint synchronization initiated using futex wait barrier. (263 threads)
[2025-11-29T09:04:20.661+0000][48.185s][info ][gc,start    ] GC(68) Pause Young (Normal) (G1 Evacuation Pause)
[2025-11-29T09:04:20.661+0000][48.185s][info ][gc,task     ] GC(68) Using 13 workers of 13 for evacuation
[2025-11-29T09:04:20.706+0000][48.230s][info ][gc,phases   ] GC(68)   Pre Evacuate Collection Set: 0.5ms
[2025-11-29T09:04:20.706+0000][48.230s][info ][gc,phases   ] GC(68)   Merge Heap Roots: 0.3ms
[2025-11-29T09:04:20.706+0000][48.230s][info ][gc,phases   ] GC(68)   Evacuate Collection Set: 42.2ms
[2025-11-29T09:04:20.706+0000][48.230s][info ][gc,phases   ] GC(68)   Post Evacuate Collection Set: 1.7ms
[2025-11-29T09:04:20.706+0000][48.230s][info ][gc,phases   ] GC(68)   Other: 0.3ms
[2025-11-29T09:04:20.706+0000][48.230s][info ][gc,heap     ] GC(68) Eden regions: 279->0(177)
[2025-11-29T09:04:20.706+0000][48.230s][info ][gc,heap     ] GC(68) Survivor regions: 8->36(36)
[2025-11-29T09:04:20.706+0000][48.230s][info ][gc,heap     ] GC(68) Old regions: 265->322
[2025-11-29T09:04:20.706+0000][48.230s][info ][gc,heap     ] GC(68) Archive regions: 2->2
[2025-11-29T09:04:20.706+0000][48.230s][info ][gc,heap     ] GC(68) Humongous regions: 57->16
[2025-11-29T09:04:20.706+0000][48.230s][info ][gc,metaspace] GC(68) Metaspace: 188874K(190208K)->188874K(190208K) NonClass: 165695K(166400K)->165695K(166400K) Class: 23179K(23808K)->23179K(23808K)
[2025-11-29T09:04:20.706+0000][48.230s][info ][gc          ] GC(68) Pause Young (Normal) (G1 Evacuation Pause) 609M->374M(704M) 45.156ms
[2025-11-29T09:04:20.706+0000][48.230s][info ][gc,cpu      ] GC(68) User=0.38s Sys=0.06s Real=0.05s
[2025-11-29T09:04:20.708+0000][48.232s][info ][safepoint   ] Safepoint "G1CollectForAllocation", Time since last: 58401567 ns, Reaching safepoint: 108921 ns, Cleanup: 6883 ns, At safepoint: 47392998 ns, Total: 47508802 ns
[2025-11-29T09:04:21.341+0000][48.865s][debug][safepoint   ] Safepoint synchronization initiated using futex wait barrier. (264 threads)
[2025-11-29T09:04:21.341+0000][48.865s][info ][gc,start    ] GC(69) Pause Young (Normal) (G1 Evacuation Pause)
[2025-11-29T09:04:21.341+0000][48.865s][info ][gc,task     ] GC(69) Using 13 workers of 13 for evacuation
[2025-11-29T09:04:21.384+0000][48.908s][info ][gc,phases   ] GC(69)   Pre Evacuate Collection Set: 0.5ms
[2025-11-29T09:04:21.384+0000][48.908s][info ][gc,phases   ] GC(69)   Merge Heap Roots: 0.3ms
[2025-11-29T09:04:21.384+0000][48.908s][info ][gc,phases   ] GC(69)   Evacuate Collection Set: 39.8ms
[2025-11-29T09:04:21.384+0000][48.908s][info ][gc,phases   ] GC(69)   Post Evacuate Collection Set: 1.8ms
[2025-11-29T09:04:21.384+0000][48.908s][info ][gc,phases   ] GC(69)   Other: 0.3ms
[2025-11-29T09:04:21.384+0000][48.908s][info ][gc,heap     ] GC(69) Eden regions: 177->0(125)
[2025-11-29T09:04:21.384+0000][48.908s][info ][gc,heap     ] GC(69) Survivor regions: 36->27(27)
[2025-11-29T09:04:21.384+0000][48.908s][info ][gc,heap     ] GC(69) Old regions: 322->387
[2025-11-29T09:04:21.384+0000][48.908s][info ][gc,heap     ] GC(69) Archive regions: 2->2
[2025-11-29T09:04:21.384+0000][48.908s][info ][gc,heap     ] GC(69) Humongous regions: 35->17
[2025-11-29T09:04:21.384+0000][48.908s][info ][gc,metaspace] GC(69) Metaspace: 189393K(190784K)->189393K(190784K) NonClass: 166160K(166912K)->166160K(166912K) Class: 23232K(23872K)->23232K(23872K)
[2025-11-29T09:04:21.384+0000][48.908s][info ][gc          ] GC(69) Pause Young (Normal) (G1 Evacuation Pause) 570M->431M(704M) 42.855ms
[2025-11-29T09:04:21.384+0000][48.908s][info ][gc,cpu      ] GC(69) User=0.49s Sys=0.02s Real=0.05s
[2025-11-29T09:04:21.385+0000][48.910s][info ][safepoint   ] Safepoint "G1CollectForAllocation", Time since last: 632757932 ns, Reaching safepoint: 111486 ns, Cleanup: 193192 ns, At safepoint: 44461950 ns, Total: 44766628 ns
[2025-11-29T09:04:22.386+0000][49.910s][debug][safepoint   ] Safepoint synchronization initiated using futex wait barrier. (265 threads)
[2025-11-29T09:04:22.874+0000][50.399s][info ][safepoint   ] Safepoint "Cleanup", Time since last: 1000267036 ns, Reaching safepoint: 488232524 ns, Cleanup: 126334 ns, At safepoint: 159958 ns, Total: 488518816 ns
[2025-11-29T09:04:24.687+0000][52.212s][debug][safepoint   ] Safepoint synchronization initiated using futex wait barrier. (271 threads)
[2025-11-29T09:04:24.688+0000][52.212s][info ][safepoint   ] Safepoint "Cleanup", Time since last: 1812969159 ns, Reaching safepoint: 110173 ns, Cleanup: 242218 ns, At safepoint: 69504 ns, Total: 421895 ns
[2025-11-29T09:04:25.664+0000][53.189s][debug][safepoint   ] Safepoint synchronization initiated using futex wait barrier. (265 threads)
[2025-11-29T09:04:25.664+0000][53.189s][info ][gc,start    ] GC(70) Pause Young (Normal) (G1 Evacuation Pause)
[2025-11-29T09:04:25.664+0000][53.189s][info ][gc,task     ] GC(70) Using 13 workers of 13 for evacuation
[2025-11-29T09:04:25.692+0000][53.216s][info ][gc,phases   ] GC(70)   Pre Evacuate Collection Set: 0.4ms
[2025-11-29T09:04:25.692+0000][53.216s][info ][gc,phases   ] GC(70)   Merge Heap Roots: 0.4ms
[2025-11-29T09:04:25.692+0000][53.216s][info ][gc,phases   ] GC(70)   Evacuate Collection Set: 24.7ms
[2025-11-29T09:04:25.692+0000][53.216s][info ][gc,phases   ] GC(70)   Post Evacuate Collection Set: 1.9ms
[2025-11-29T09:04:25.692+0000][53.216s][info ][gc,phases   ] GC(70)   Other: 0.2ms
[2025-11-29T09:04:25.692+0000][53.216s][info ][gc,heap     ] GC(70) Eden regions: 125->0(126)
[2025-11-29T09:04:25.692+0000][53.216s][info ][gc,heap     ] GC(70) Survivor regions: 27->9(19)
[2025-11-29T09:04:25.692+0000][53.216s][info ][gc,heap     ] GC(70) Old regions: 387->416
[2025-11-29T09:04:25.692+0000][53.216s][info ][gc,heap     ] GC(70) Archive regions: 2->2
[2025-11-29T09:04:25.692+0000][53.216s][info ][gc,heap     ] GC(70) Humongous regions: 17->17
[2025-11-29T09:04:25.692+0000][53.216s][info ][gc,metaspace] GC(70) Metaspace: 192185K(193600K)->192185K(193600K) NonClass: 168706K(169472K)->168706K(169472K) Class: 23478K(24128K)->23478K(24128K)
[2025-11-29T09:04:25.692+0000][53.216s][info ][gc          ] GC(70) Pause Young (Normal) (G1 Evacuation Pause) 556M->442M(704M) 27.711ms
[2025-11-29T09:04:25.692+0000][53.217s][info ][gc,cpu      ] GC(70) User=0.32s Sys=0.00s Real=0.03s
[2025-11-29T09:04:25.694+0000][53.218s][info ][safepoint   ] Safepoint "G1CollectForAllocation", Time since last: 976646887 ns, Reaching safepoint: 72320 ns, Cleanup: 4478 ns, At safepoint: 29209473 ns, Total: 29286271 ns
[2025-11-29T09:04:26.549+0000][54.074s][debug][safepoint   ] Safepoint synchronization initiated using futex wait barrier. (267 threads)
[2025-11-29T09:04:26.550+0000][54.074s][info ][gc,start    ] GC(71) Pause Young (Normal) (G1 Evacuation Pause)
[2025-11-29T09:04:26.550+0000][54.074s][info ][gc,task     ] GC(71) Using 13 workers of 13 for evacuation
[2025-11-29T09:04:26.581+0000][54.105s][info ][gc,phases   ] GC(71)   Pre Evacuate Collection Set: 0.4ms
[2025-11-29T09:04:26.581+0000][54.105s][info ][gc,phases   ] GC(71)   Merge Heap Roots: 0.3ms
[2025-11-29T09:04:26.581+0000][54.105s][info ][gc,phases   ] GC(71)   Evacuate Collection Set: 28.2ms
[2025-11-29T09:04:26.581+0000][54.105s][info ][gc,phases   ] GC(71)   Post Evacuate Collection Set: 2.0ms
[2025-11-29T09:04:26.581+0000][54.105s][info ][gc,phases   ] GC(71)   Other: 0.3ms
[2025-11-29T09:04:26.581+0000][54.105s][info ][gc,heap     ] GC(71) Eden regions: 126->0(133)
[2025-11-29T09:04:26.581+0000][54.105s][info ][gc,heap     ] GC(71) Survivor regions: 9->10(17)
[2025-11-29T09:04:26.581+0000][54.105s][info ][gc,heap     ] GC(71) Old regions: 416->416
[2025-11-29T09:04:26.581+0000][54.105s][info ][gc,heap     ] GC(71) Archive regions: 2->2
[2025-11-29T09:04:26.581+0000][54.105s][info ][gc,heap     ] GC(71) Humongous regions: 17->17
[2025-11-29T09:04:26.581+0000][54.105s][info ][gc,metaspace] GC(71) Metaspace: 195094K(196480K)->195094K(196480K) NonClass: 171189K(171904K)->171189K(171904K) Class: 23904K(24576K)->23904K(24576K)
[2025-11-29T09:04:26.581+0000][54.105s][info ][gc          ] GC(71) Pause Young (Normal) (G1 Evacuation Pause) 568M->443M(704M) 31.233ms
[2025-11-29T09:04:26.581+0000][54.105s][info ][gc,cpu      ] GC(71) User=0.26s Sys=0.01s Real=0.03s
[2025-11-29T09:04:26.582+0000][54.107s][info ][safepoint   ] Safepoint "G1CollectForAllocation", Time since last: 855630466 ns, Reaching safepoint: 124571 ns, Cleanup: 207891 ns, At safepoint: 32712338 ns, Total: 33044800 ns
[2025-11-29T09:04:27.257+0000][54.781s][debug][safepoint   ] Safepoint synchronization initiated using futex wait barrier. (266 threads)
[2025-11-29T09:04:27.257+0000][54.781s][info ][gc,start    ] GC(72) Pause Young (Normal) (G1 Evacuation Pause)
[2025-11-29T09:04:27.257+0000][54.781s][info ][gc,task     ] GC(72) Using 13 workers of 13 for evacuation
[2025-11-29T09:04:27.436+0000][54.961s][info ][gc,phases   ] GC(72)   Pre Evacuate Collection Set: 0.5ms
[2025-11-29T09:04:27.436+0000][54.961s][info ][gc,phases   ] GC(72)   Merge Heap Roots: 0.3ms
[2025-11-29T09:04:27.436+0000][54.961s][info ][gc,phases   ] GC(72)   Evacuate Collection Set: 176.6ms
[2025-11-29T09:04:27.436+0000][54.961s][info ][gc,phases   ] GC(72)   Post Evacuate Collection Set: 1.7ms
[2025-11-29T09:04:27.436+0000][54.961s][info ][gc,phases   ] GC(72)   Other: 0.2ms
[2025-11-29T09:04:27.436+0000][54.961s][info ][gc,heap     ] GC(72) Eden regions: 133->0(140)
[2025-11-29T09:04:27.436+0000][54.961s][info ][gc,heap     ] GC(72) Survivor regions: 10->11(18)
[2025-11-29T09:04:27.436+0000][54.961s][info ][gc,heap     ] GC(72) Old regions: 416->416
[2025-11-29T09:04:27.436+0000][54.961s][info ][gc,heap     ] GC(72) Archive regions: 2->2
[2025-11-29T09:04:27.436+0000][54.961s][info ][gc,heap     ] GC(72) Humongous regions: 17->17
[2025-11-29T09:04:27.436+0000][54.961s][info ][gc,metaspace] GC(72) Metaspace: 195100K(196544K)->195100K(196544K) NonClass: 171195K(171968K)->171195K(171968K) Class: 23905K(24576K)->23905K(24576K)
[2025-11-29T09:04:27.436+0000][54.961s][info ][gc          ] GC(72) Pause Young (Normal) (G1 Evacuation Pause) 576M->444M(704M) 179.458ms
[2025-11-29T09:04:27.437+0000][54.961s][info ][gc,cpu      ] GC(72) User=1.58s Sys=0.14s Real=0.18s
[2025-11-29T09:04:27.438+0000][54.962s][info ][safepoint   ] Safepoint "G1CollectForAllocation", Time since last: 674556621 ns, Reaching safepoint: 104071 ns, Cleanup: 22463 ns, At safepoint: 181166471 ns, Total: 181293005 ns
[2025-11-29T09:04:28.438+0000][55.963s][debug][safepoint   ] Safepoint synchronization initiated using futex wait barrier. (270 threads)
[2025-11-29T09:04:28.471+0000][55.996s][info ][safepoint   ] Safepoint "Cleanup", Time since last: 1000252904 ns, Reaching safepoint: 31492952 ns, Cleanup: 68422 ns, At safepoint: 1554431 ns, Total: 33115805 ns
[2025-11-29T09:04:29.472+0000][56.996s][debug][safepoint   ] Safepoint synchronization initiated using futex wait barrier. (271 threads)
[2025-11-29T09:04:29.472+0000][56.996s][info ][safepoint   ] Safepoint "Cleanup", Time since last: 1000285160 ns, Reaching safepoint: 134280 ns, Cleanup: 39446 ns, At safepoint: 4949 ns, Total: 178675 ns
[2025-11-29T09:04:34.692+0000][62.217s][debug][safepoint   ] Safepoint synchronization initiated using futex wait barrier. (272 threads)
[2025-11-29T09:04:34.954+0000][62.479s][info ][safepoint   ] Safepoint "Cleanup", Time since last: 5220537347 ns, Reaching safepoint: 259457303 ns, Cleanup: 28305 ns, At safepoint: 2230726 ns, Total: 261716334 ns
[2025-11-29T09:04:35.954+0000][63.479s][debug][safepoint   ] Safepoint synchronization initiated using futex wait barrier. (274 threads)
[2025-11-29T09:04:35.955+0000][63.479s][info ][safepoint   ] Safepoint "Cleanup", Time since last: 1000198179 ns, Reaching safepoint: 99702 ns, Cleanup: 37232 ns, At safepoint: 57330 ns, Total: 194264 ns
[2025-11-29T09:04:36.952+0000][64.479s][debug][safepoint   ] Safepoint synchronization initiated using futex wait barrier. (272 threads)
[2025-11-29T09:04:36.952+0000][64.479s][info ][safepoint   ] Safepoint "Cleanup", Time since last: 1000226085 ns, Reaching safepoint: 155960 ns, Cleanup: 19618 ns, At safepoint: 6432 ns, Total: 182010 ns
[2025-11-29T09:04:41.953+0000][69.480s][debug][safepoint   ] Safepoint synchronization initiated using futex wait barrier. (274 threads)
[2025-11-29T09:04:41.953+0000][69.480s][info ][safepoint   ] Safepoint "Cleanup", Time since last: 5000666746 ns, Reaching safepoint: 205565 ns, Cleanup: 12655 ns, At safepoint: 27643 ns, Total: 245863 ns
[2025-11-29T09:04:45.954+0000][73.481s][debug][safepoint   ] Safepoint synchronization initiated using futex wait barrier. (274 threads)
[2025-11-29T09:04:45.954+0000][73.481s][info ][safepoint   ] Safepoint "Cleanup", Time since last: 4000537106 ns, Reaching safepoint: 123759 ns, Cleanup: 13776 ns, At safepoint: 4750 ns, Total: 142285 ns
[2025-11-29T09:04:46.954+0000][74.481s][debug][safepoint   ] Safepoint synchronization initiated using futex wait barrier. (275 threads)
[2025-11-29T09:04:46.954+0000][74.481s][info ][safepoint   ] Safepoint "Cleanup", Time since last: 1000150240 ns, Reaching safepoint: 137074 ns, Cleanup: 57782 ns, At safepoint: 4198 ns, Total: 199054 ns
[2025-11-29T09:04:47.955+0000][75.481s][debug][safepoint   ] Safepoint synchronization initiated using futex wait barrier. (275 threads)
[2025-11-29T09:04:47.955+0000][75.482s][info ][safepoint   ] Safepoint "Cleanup", Time since last: 1000139055 ns, Reaching safepoint: 104922 ns, Cleanup: 16632 ns, At safepoint: 2846 ns, Total: 124400 ns
[2025-11-29T09:04:51.955+0000][79.482s][debug][safepoint   ] Safepoint synchronization initiated using futex wait barrier. (275 threads)
[2025-11-29T09:04:51.955+0000][79.482s][info ][safepoint   ] Safepoint "Cleanup", Time since last: 4000474978 ns, Reaching safepoint: 127687 ns, Cleanup: 36270 ns, At safepoint: 5340 ns, Total: 169297 ns
[2025-11-29T09:04:53.956+0000][81.482s][debug][safepoint   ] Safepoint synchronization initiated using futex wait barrier. (275 threads)
[2025-11-29T09:04:53.956+0000][81.483s][info ][safepoint   ] Safepoint "Cleanup", Time since last: 2000299526 ns, Reaching safepoint: 90565 ns, Cleanup: 11742 ns, At safepoint: 3187 ns, Total: 105494 ns
[2025-11-29T09:04:56.956+0000][84.483s][debug][safepoint   ] Safepoint synchronization initiated using futex wait barrier. (276 threads)
[2025-11-29T09:04:56.956+0000][84.483s][info ][safepoint   ] Safepoint "Cleanup", Time since last: 3000392888 ns, Reaching safepoint: 229353 ns, Cleanup: 17233 ns, At safepoint: 68853 ns, Total: 315439 ns
[2025-11-29T09:04:57.957+0000][85.483s][debug][safepoint   ] Safepoint synchronization initiated using futex wait barrier. (276 threads)
[2025-11-29T09:04:57.957+0000][85.484s][info ][safepoint   ] Safepoint "Cleanup", Time since last: 1000171089 ns, Reaching safepoint: 147835 ns, Cleanup: 15801 ns, At safepoint: 5140 ns, Total: 168776 ns
[2025-11-29T09:05:01.957+0000][89.484s][debug][safepoint   ] Safepoint synchronization initiated using futex wait barrier. (277 threads)
[2025-11-29T09:05:01.958+0000][89.484s][info ][safepoint   ] Safepoint "Cleanup", Time since last: 4000573480 ns, Reaching safepoint: 162664 ns, Cleanup: 29277 ns, At safepoint: 6593 ns, Total: 198534 ns
[2025-11-29T09:05:08.188+0000][95.717s][debug][safepoint   ] Safepoint synchronization initiated using futex wait barrier. (278 threads)
[2025-11-29T09:05:08.189+0000][95.718s][info ][gc,start    ] GC(73) Pause Young (Normal) (G1 Evacuation Pause)
[2025-11-29T09:05:08.189+0000][95.718s][info ][gc,task     ] GC(73) Using 13 workers of 13 for evacuation
[2025-11-29T09:05:08.204+0000][95.733s][info ][gc,phases   ] GC(73)   Pre Evacuate Collection Set: 0.6ms
[2025-11-29T09:05:08.204+0000][95.733s][info ][gc,phases   ] GC(73)   Merge Heap Roots: 0.3ms
[2025-11-29T09:05:08.205+0000][95.733s][info ][gc,phases   ] GC(73)   Evacuate Collection Set: 10.5ms
[2025-11-29T09:05:08.205+0000][95.733s][info ][gc,phases   ] GC(73)   Post Evacuate Collection Set: 3.9ms
[2025-11-29T09:05:08.205+0000][95.733s][info ][gc,phases   ] GC(73)   Other: 0.7ms
[2025-11-29T09:05:08.205+0000][95.733s][info ][gc,heap     ] GC(73) Eden regions: 140->0(178)
[2025-11-29T09:05:08.205+0000][95.733s][info ][gc,heap     ] GC(73) Survivor regions: 11->6(19)
[2025-11-29T09:05:08.205+0000][95.733s][info ][gc,heap     ] GC(73) Old regions: 416->423
[2025-11-29T09:05:08.205+0000][95.733s][info ][gc,heap     ] GC(73) Archive regions: 2->2
[2025-11-29T09:05:08.205+0000][95.734s][info ][gc,heap     ] GC(73) Humongous regions: 17->17
[2025-11-29T09:05:08.205+0000][95.734s][info ][gc,metaspace] GC(73) Metaspace: 195958K(197376K)->195958K(197376K) NonClass: 171958K(172736K)->171958K(172736K) Class: 23999K(24640K)->23999K(24640K)
[2025-11-29T09:05:08.205+0000][95.734s][info ][gc          ] GC(73) Pause Young (Normal) (G1 Evacuation Pause) 584M->446M(752M) 16.060ms
[2025-11-29T09:05:08.205+0000][95.734s][info ][gc,cpu      ] GC(73) User=0.12s Sys=0.01s Real=0.01s
[2025-11-29T09:05:08.205+0000][95.734s][info ][safepoint   ] Safepoint "G1CollectForAllocation", Time since last: 6232770111 ns, Reaching safepoint: 140787 ns, Cleanup: 5821 ns, At safepoint: 16794206 ns, Total: 16940814 ns
[2025-11-29T09:05:09.205+0000][96.734s][debug][safepoint   ] Safepoint synchronization initiated using futex wait barrier. (278 threads)
[2025-11-29T09:05:09.206+0000][96.735s][info ][safepoint   ] Safepoint "Cleanup", Time since last: 1000209893 ns, Reaching safepoint: 192855 ns, Cleanup: 80693 ns, At safepoint: 45206 ns, Total: 318754 ns
[2025-11-29T09:05:12.206+0000][99.735s][debug][safepoint   ] Safepoint synchronization initiated using futex wait barrier. (278 threads)
[2025-11-29T09:05:12.206+0000][99.735s][info ][safepoint   ] Safepoint "Cleanup", Time since last: 3000366949 ns, Reaching safepoint: 92726 ns, Cleanup: 82837 ns, At safepoint: 5500 ns, Total: 181063 ns
[2025-11-29T09:05:14.207+0000][101.735s][debug][safepoint   ] Safepoint synchronization initiated using futex wait barrier. (272 threads)
[2025-11-29T09:05:14.207+0000][101.736s][info ][safepoint   ] Safepoint "Cleanup", Time since last: 2000264868 ns, Reaching safepoint: 124917 ns, Cleanup: 14928 ns, At safepoint: 3898 ns, Total: 143743 ns
[2025-11-29T09:05:15.207+0000][102.736s][debug][safepoint   ] Safepoint synchronization initiated using futex wait barrier. (272 threads)
[2025-11-29T09:05:15.207+0000][102.736s][info ][safepoint   ] Safepoint "Cleanup", Time since last: 1000143964 ns, Reaching safepoint: 76297 ns, Cleanup: 13225 ns, At safepoint: 3257 ns, Total: 92779 ns
[2025-11-29T09:05:16.207+0000][103.736s][debug][safepoint   ] Safepoint synchronization initiated using futex wait barrier. (272 threads)
[2025-11-29T09:05:16.207+0000][103.736s][info ][safepoint   ] Safepoint "Cleanup", Time since last: 1000168721 ns, Reaching safepoint: 135754 ns, Cleanup: 18166 ns, At safepoint: 5160 ns, Total: 159080 ns
[2025-11-29T09:05:17.207+0000][104.736s][debug][safepoint   ] Safepoint synchronization initiated using futex wait barrier. (272 threads)
[2025-11-29T09:05:17.207+0000][104.736s][info ][safepoint   ] Safepoint "Cleanup", Time since last: 1000136793 ns, Reaching safepoint: 105446 ns, Cleanup: 19999 ns, At safepoint: 5631 ns, Total: 131076 ns
[2025-11-29T09:05:21.208+0000][108.737s][debug][safepoint   ] Safepoint synchronization initiated using futex wait barrier. (271 threads)
[2025-11-29T09:05:21.208+0000][108.737s][info ][safepoint   ] Safepoint "Cleanup", Time since last: 4000609772 ns, Reaching safepoint: 69525 ns, Cleanup: 13677 ns, At safepoint: 2415 ns, Total: 85617 ns
[2025-11-29T09:05:22.208+0000][109.737s][debug][safepoint   ] Safepoint synchronization initiated using futex wait barrier. (271 threads)
[2025-11-29T09:05:22.208+0000][109.737s][info ][safepoint   ] Safepoint "Cleanup", Time since last: 1000146374 ns, Reaching safepoint: 91469 ns, Cleanup: 14768 ns, At safepoint: 3758 ns, Total: 109995 ns
[2025-11-29T09:05:27.209+0000][114.738s][debug][safepoint   ] Safepoint synchronization initiated using futex wait barrier. (270 threads)
[2025-11-29T09:05:27.209+0000][114.738s][info ][safepoint   ] Safepoint "Cleanup", Time since last: 5000659757 ns, Reaching safepoint: 89092 ns, Cleanup: 20089 ns, At safepoint: 5110 ns, Total: 114291 ns
[2025-11-29T09:05:32.210+0000][119.739s][debug][safepoint   ] Safepoint synchronization initiated using futex wait barrier. (269 threads)
[2025-11-29T09:05:32.210+0000][119.739s][info ][safepoint   ] Safepoint "Cleanup", Time since last: 5000739638 ns, Reaching safepoint: 93219 ns, Cleanup: 20389 ns, At safepoint: 3687 ns, Total: 117295 ns
[2025-11-29T09:05:34.722+0000][122.251s][debug][safepoint   ] Safepoint synchronization initiated using futex wait barrier. (269 threads)
[2025-11-29T09:05:34.722+0000][122.251s][info ][safepoint   ] Safepoint "Cleanup", Time since last: 2512285100 ns, Reaching safepoint: 97127 ns, Cleanup: 14828 ns, At safepoint: 4278 ns, Total: 116233 ns
[2025-11-29T09:05:36.721+0000][124.252s][debug][safepoint   ] Safepoint synchronization initiated using futex wait barrier. (269 threads)
[2025-11-29T09:05:36.721+0000][124.252s][info ][safepoint   ] Safepoint "Cleanup", Time since last: 2000327573 ns, Reaching safepoint: 133688 ns, Cleanup: 19968 ns, At safepoint: 3306 ns, Total: 156962 ns
[2025-11-29T09:05:41.722+0000][129.253s][debug][safepoint   ] Safepoint synchronization initiated using futex wait barrier. (268 threads)
[2025-11-29T09:05:41.722+0000][129.253s][info ][safepoint   ] Safepoint "Cleanup", Time since last: 5000725734 ns, Reaching safepoint: 128138 ns, Cleanup: 18445 ns, At safepoint: 3928 ns, Total: 150511 ns
[2025-11-29T09:05:43.722+0000][131.253s][debug][safepoint   ] Safepoint synchronization initiated using futex wait barrier. (268 threads)
[2025-11-29T09:05:43.723+0000][131.253s][info ][safepoint   ] Safepoint "Cleanup", Time since last: 2000311069 ns, Reaching safepoint: 129239 ns, Cleanup: 15360 ns, At safepoint: 6062 ns, Total: 150661 ns
[2025-11-29T09:05:47.723+0000][135.254s][debug][safepoint   ] Safepoint synchronization initiated using futex wait barrier. (268 threads)
[2025-11-29T09:05:47.723+0000][135.254s][info ][safepoint   ] Safepoint "Cleanup", Time since last: 4000791376 ns, Reaching safepoint: 104963 ns, Cleanup: 16511 ns, At safepoint: 3507 ns, Total: 124981 ns
[2025-11-29T09:05:51.724+0000][139.255s][debug][safepoint   ] Safepoint synchronization initiated using futex wait barrier. (268 threads)
[2025-11-29T09:05:51.724+0000][139.255s][info ][safepoint   ] Safepoint "Cleanup", Time since last: 4000564996 ns, Reaching safepoint: 129129 ns, Cleanup: 32543 ns, At safepoint: 6913 ns, Total: 168585 ns
[2025-11-29T09:05:54.725+0000][142.255s][debug][safepoint   ] Safepoint synchronization initiated using futex wait barrier. (268 threads)
[2025-11-29T09:05:54.725+0000][142.256s][info ][safepoint   ] Safepoint "Cleanup", Time since last: 3000473548 ns, Reaching safepoint: 120192 ns, Cleanup: 13346 ns, At safepoint: 4618 ns, Total: 138156 ns
[2025-11-29T09:05:56.725+0000][144.256s][debug][safepoint   ] Safepoint synchronization initiated using futex wait barrier. (268 threads)
[2025-11-29T09:05:56.725+0000][144.256s][info ][safepoint   ] Safepoint "Cleanup", Time since last: 2000324283 ns, Reaching safepoint: 140842 ns, Cleanup: 13606 ns, At safepoint: 4418 ns, Total: 158866 ns
[2025-11-29T09:06:06.725+0000][154.258s][debug][safepoint   ] Safepoint synchronization initiated using futex wait barrier. (268 threads)
[2025-11-29T09:06:06.725+0000][154.258s][info ][safepoint   ] Safepoint "Cleanup", Time since last: 10001520593 ns, Reaching safepoint: 307071 ns, Cleanup: 24788 ns, At safepoint: 3407 ns, Total: 335266 ns
[2025-11-29T09:06:11.726+0000][159.259s][debug][safepoint   ] Safepoint synchronization initiated using futex wait barrier. (268 threads)
[2025-11-29T09:06:11.726+0000][159.259s][info ][safepoint   ] Safepoint "Cleanup", Time since last: 5000733122 ns, Reaching safepoint: 193113 ns, Cleanup: 41510 ns, At safepoint: 5751 ns, Total: 240374 ns
[2025-11-29T09:06:15.726+0000][163.259s][debug][safepoint   ] Safepoint synchronization initiated using futex wait barrier. (264 threads)
[2025-11-29T09:06:15.726+0000][163.259s][info ][safepoint   ] Safepoint "Cleanup", Time since last: 4000558235 ns, Reaching safepoint: 97598 ns, Cleanup: 17644 ns, At safepoint: 4789 ns, Total: 120031 ns
[2025-11-29T09:06:16.727+0000][164.260s][debug][safepoint   ] Safepoint synchronization initiated using futex wait barrier. (264 threads)
[2025-11-29T09:06:16.727+0000][164.260s][info ][safepoint   ] Safepoint "Cleanup", Time since last: 1000210202 ns, Reaching safepoint: 100233 ns, Cleanup: 13957 ns, At safepoint: 18115 ns, Total: 132305 ns
[2025-11-29T09:06:22.728+0000][170.261s][debug][safepoint   ] Safepoint synchronization initiated using futex wait barrier. (264 threads)
[2025-11-29T09:06:22.728+0000][170.261s][info ][safepoint   ] Safepoint "Cleanup", Time since last: 6000773851 ns, Reaching safepoint: 159678 ns, Cleanup: 25910 ns, At safepoint: 5120 ns, Total: 190708 ns
[2025-11-29T09:06:26.728+0000][174.261s][debug][safepoint   ] Safepoint synchronization initiated using futex wait barrier. (264 threads)
[2025-11-29T09:06:26.728+0000][174.261s][info ][safepoint   ] Safepoint "Cleanup", Time since last: 4000525112 ns, Reaching safepoint: 110333 ns, Cleanup: 19628 ns, At safepoint: 5220 ns, Total: 135181 ns
[2025-11-29T09:06:27.729+0000][175.262s][debug][safepoint   ] Safepoint synchronization initiated using futex wait barrier. (263 threads)
[2025-11-29T09:06:27.729+0000][175.262s][info ][safepoint   ] Safepoint "Cleanup", Time since last: 1000192582 ns, Reaching safepoint: 188543 ns, Cleanup: 12184 ns, At safepoint: 3427 ns, Total: 204154 ns
[2025-11-29T09:06:34.730+0000][182.263s][debug][safepoint   ] Safepoint synchronization initiated using futex wait barrier. (263 threads)
[2025-11-29T09:06:34.730+0000][182.263s][info ][safepoint   ] Safepoint "Cleanup", Time since last: 7001029057 ns, Reaching safepoint: 90785 ns, Cleanup: 16742 ns, At safepoint: 3827 ns, Total: 111354 ns
[2025-11-29T09:06:36.728+0000][184.263s][debug][safepoint   ] Safepoint synchronization initiated using futex wait barrier. (263 threads)
[2025-11-29T09:06:36.729+0000][184.263s][info ][safepoint   ] Safepoint "Cleanup", Time since last: 2000338722 ns, Reaching safepoint: 98530 ns, Cleanup: 28065 ns, At safepoint: 4658 ns, Total: 131253 ns
[2025-11-29T09:06:39.729+0000][187.264s][debug][safepoint   ] Safepoint synchronization initiated using futex wait barrier. (263 threads)
[2025-11-29T09:06:39.729+0000][187.264s][info ][safepoint   ] Safepoint "Cleanup", Time since last: 3000412352 ns, Reaching safepoint: 89513 ns, Cleanup: 15890 ns, At safepoint: 3066 ns, Total: 108469 ns
[2025-11-29T09:06:41.729+0000][189.264s][debug][safepoint   ] Safepoint synchronization initiated using futex wait barrier. (263 threads)
[2025-11-29T09:06:41.730+0000][189.264s][info ][safepoint   ] Safepoint "Cleanup", Time since last: 2000372262 ns, Reaching safepoint: 102728 ns, Cleanup: 32052 ns, At safepoint: 4659 ns, Total: 139439 ns
[2025-11-29T09:06:46.731+0000][194.266s][debug][safepoint   ] Safepoint synchronization initiated using futex wait barrier. (263 threads)
[2025-11-29T09:06:46.731+0000][194.266s][info ][safepoint   ] Safepoint "Cleanup", Time since last: 5001204378 ns, Reaching safepoint: 77289 ns, Cleanup: 17223 ns, At safepoint: 3086 ns, Total: 97598 ns
