[2025-12-05T04:04:07.922+0000][0.024s][info][gc] Using G1
[2025-12-05T04:04:07.927+0000][0.029s][info][gc,init] Version: 17.0.16+8-Debian-1deb12u1 (release)
[2025-12-05T04:04:07.927+0000][0.029s][info][gc,init] CPUs: 16 total, 16 available
[2025-12-05T04:04:07.927+0000][0.029s][info][gc,init] Memory: 7590M
[2025-12-05T04:04:07.927+0000][0.029s][info][gc,init] Large Page Support: Disabled
[2025-12-05T04:04:07.927+0000][0.029s][info][gc,init] NUMA Support: Disabled
[2025-12-05T04:04:07.927+0000][0.029s][info][gc,init] Compressed Oops: Enabled (32-bit)
[2025-12-05T04:04:07.927+0000][0.029s][info][gc,init] Heap Region Size: 1M
[2025-12-05T04:04:07.927+0000][0.029s][info][gc,init] Heap Min Capacity: 8M
[2025-12-05T04:04:07.927+0000][0.029s][info][gc,init] Heap Initial Capacity: 120M
[2025-12-05T04:04:07.927+0000][0.029s][info][gc,init] Heap Max Capacity: 1898M
[2025-12-05T04:04:07.927+0000][0.029s][info][gc,init] Pre-touch: Disabled
[2025-12-05T04:04:07.927+0000][0.029s][info][gc,init] Parallel Workers: 13
[2025-12-05T04:04:07.927+0000][0.029s][info][gc,init] Concurrent Workers: 3
[2025-12-05T04:04:07.927+0000][0.029s][info][gc,init] Concurrent Refinement Workers: 13
[2025-12-05T04:04:07.927+0000][0.029s][info][gc,init] Periodic GC: Disabled
[2025-12-05T04:04:08.082+0000][0.184s][info][gc,metaspace] CDS archive(s) mapped at: [0x00007fe67f000000-0x00007fe67fbca000-0x00007fe67fbca000), size 12361728, SharedBaseAddress: 0x00007fe67f000000, ArchiveRelocationMode: 1.
[2025-12-05T04:04:08.082+0000][0.184s][info][gc,metaspace] Compressed class space mapped at: 0x00007fe680000000-0x00007fe6c0000000, reserved size: 1073741824
[2025-12-05T04:04:08.082+0000][0.184s][info][gc,metaspace] Narrow klass base: 0x00007fe67f000000, Narrow klass shift: 0, Narrow klass range: 0x100000000
[2025-12-05T04:04:08.115+0000][0.217s][info][cds,heap    ] initialize_from_archived_subgraph java.lang.Module$ArchivedData 0x00007fe67f1837f0 (early)
[2025-12-05T04:04:08.116+0000][0.219s][info][cds,heap    ] initialize_from_archived_subgraph java.util.ImmutableCollections 0x00007fe67f072308 (early)
[2025-12-05T04:04:08.123+0000][0.225s][info][cds,heap    ] initialize_from_archived_subgraph java.lang.Integer$IntegerCache 0x00007fe67f037660 (early)
[2025-12-05T04:04:08.133+0000][0.235s][info][cds,heap    ] initialize_from_archived_subgraph java.lang.module.Configuration 0x00007fe67f171770 (early)
[2025-12-05T04:04:08.133+0000][0.235s][info][cds,heap    ] initialize_from_archived_subgraph java.lang.ModuleLayer 0x00007fe67f145ba8 (early)
[2025-12-05T04:04:08.133+0000][0.236s][info][cds,heap    ] initialize_from_archived_subgraph jdk.internal.loader.ArchivedClassLoaders 0x00007fe67f1a7e68 (early)
[2025-12-05T04:04:08.133+0000][0.236s][info][cds,heap    ] initialize_from_archived_subgraph jdk.internal.module.ArchivedBootLayer 0x00007fe67f1783b0 (early)
[2025-12-05T04:04:08.137+0000][0.239s][info][cds,heap    ] initialize_from_archived_subgraph sun.util.locale.BaseLocale 0x00007fe67f26ebf0
[2025-12-05T04:04:08.161+0000][0.263s][info][cds,heap    ] initialize_from_archived_subgraph java.util.jar.Attributes$Name 0x00007fe67f1998d0
[2025-12-05T04:04:08.204+0000][0.307s][info][cds,heap    ] initialize_from_archived_subgraph java.lang.Long$LongCache 0x00007fe67f020f98
[2025-12-05T04:04:08.335+0000][0.438s][info][cds,heap    ] initialize_from_archived_subgraph java.lang.Character$CharacterCache 0x00007fe67f03a9e8
[2025-12-05T04:04:08.894+0000][0.996s][debug][safepoint   ] Safepoint synchronization initiated using futex wait barrier. (17 threads)
[2025-12-05T04:04:08.894+0000][0.996s][info ][safepoint   ] Safepoint "ICBufferFull", Time since last: 781265852 ns, Reaching safepoint: 76137 ns, Cleanup: 152985 ns, At safepoint: 32944 ns, Total: 262066 ns
[2025-12-05T04:04:09.140+0000][1.242s][debug][safepoint   ] Safepoint synchronization initiated using futex wait barrier. (20 threads)
[2025-12-05T04:04:09.140+0000][1.243s][info ][gc,start    ] GC(0) Pause Young (Normal) (G1 Evacuation Pause)
[2025-12-05T04:04:09.141+0000][1.243s][info ][gc,task     ] GC(0) Using 2 workers of 13 for evacuation
[2025-12-05T04:04:09.162+0000][1.264s][info ][gc,phases   ] GC(0)   Pre Evacuate Collection Set: 0.2ms
[2025-12-05T04:04:09.162+0000][1.264s][info ][gc,phases   ] GC(0)   Merge Heap Roots: 0.3ms
[2025-12-05T04:04:09.162+0000][1.264s][info ][gc,phases   ] GC(0)   Evacuate Collection Set: 16.4ms
[2025-12-05T04:04:09.162+0000][1.264s][info ][gc,phases   ] GC(0)   Post Evacuate Collection Set: 3.6ms
[2025-12-05T04:04:09.162+0000][1.264s][info ][gc,phases   ] GC(0)   Other: 0.8ms
[2025-12-05T04:04:09.162+0000][1.264s][info ][gc,heap     ] GC(0) Eden regions: 56->0(58)
[2025-12-05T04:04:09.162+0000][1.264s][info ][gc,heap     ] GC(0) Survivor regions: 0->7(7)
[2025-12-05T04:04:09.162+0000][1.264s][info ][gc,heap     ] GC(0) Old regions: 0->2
[2025-12-05T04:04:09.162+0000][1.264s][info ][gc,heap     ] GC(0) Archive regions: 2->2
[2025-12-05T04:04:09.162+0000][1.264s][info ][gc,heap     ] GC(0) Humongous regions: 0->0
[2025-12-05T04:04:09.162+0000][1.264s][info ][gc,metaspace] GC(0) Metaspace: 2698K(2880K)->2698K(2880K) NonClass: 2448K(2560K)->2448K(2560K) Class: 249K(320K)->249K(320K)
[2025-12-05T04:04:09.162+0000][1.264s][info ][gc          ] GC(0) Pause Young (Normal) (G1 Evacuation Pause) 56M->9M(122M) 21.516ms
[2025-12-05T04:04:09.162+0000][1.264s][info ][gc,cpu      ] GC(0) User=0.03s Sys=0.03s Real=0.02s
[2025-12-05T04:04:09.162+0000][1.265s][info ][safepoint   ] Safepoint "G1CollectForAllocation", Time since last: 245974905 ns, Reaching safepoint: 53133 ns, Cleanup: 58332 ns, At safepoint: 21929841 ns, Total: 22041306 ns
[2025-12-05T04:04:09.605+0000][1.707s][debug][safepoint   ] Safepoint synchronization initiated using futex wait barrier. (20 threads)
[2025-12-05T04:04:09.605+0000][1.707s][info ][gc,start    ] GC(1) Pause Young (Normal) (G1 Evacuation Pause)
[2025-12-05T04:04:09.605+0000][1.707s][info ][gc,task     ] GC(1) Using 2 workers of 13 for evacuation
[2025-12-05T04:04:09.624+0000][1.727s][info ][gc,phases   ] GC(1)   Pre Evacuate Collection Set: 0.2ms
[2025-12-05T04:04:09.624+0000][1.727s][info ][gc,phases   ] GC(1)   Merge Heap Roots: 0.1ms
[2025-12-05T04:04:09.624+0000][1.727s][info ][gc,phases   ] GC(1)   Evacuate Collection Set: 16.2ms
[2025-12-05T04:04:09.624+0000][1.727s][info ][gc,phases   ] GC(1)   Post Evacuate Collection Set: 2.9ms
[2025-12-05T04:04:09.624+0000][1.727s][info ][gc,phases   ] GC(1)   Other: 0.1ms
[2025-12-05T04:04:09.624+0000][1.727s][info ][gc,heap     ] GC(1) Eden regions: 58->0(65)
[2025-12-05T04:04:09.624+0000][1.727s][info ][gc,heap     ] GC(1) Survivor regions: 7->3(9)
[2025-12-05T04:04:09.624+0000][1.727s][info ][gc,heap     ] GC(1) Old regions: 2->9
[2025-12-05T04:04:09.624+0000][1.727s][info ][gc,heap     ] GC(1) Archive regions: 2->2
[2025-12-05T04:04:09.624+0000][1.727s][info ][gc,heap     ] GC(1) Humongous regions: 0->0
[2025-12-05T04:04:09.624+0000][1.727s][info ][gc,metaspace] GC(1) Metaspace: 4657K(4928K)->4657K(4928K) NonClass: 4110K(4224K)->4110K(4224K) Class: 546K(704K)->546K(704K)
[2025-12-05T04:04:09.624+0000][1.727s][info ][gc          ] GC(1) Pause Young (Normal) (G1 Evacuation Pause) 67M->11M(122M) 19.580ms
[2025-12-05T04:04:09.624+0000][1.727s][info ][gc,cpu      ] GC(1) User=0.12s Sys=0.02s Real=0.02s
[2025-12-05T04:04:09.624+0000][1.727s][info ][safepoint   ] Safepoint "G1CollectForAllocation", Time since last: 442410920 ns, Reaching safepoint: 64254 ns, Cleanup: 98390 ns, At safepoint: 19716631 ns, Total: 19879275 ns
[2025-12-05T04:04:10.160+0000][2.263s][debug][safepoint   ] Safepoint synchronization initiated using futex wait barrier. (21 threads)
[2025-12-05T04:04:10.161+0000][2.263s][info ][gc,start    ] GC(2) Pause Young (Normal) (G1 Evacuation Pause)
[2025-12-05T04:04:10.161+0000][2.263s][info ][gc,task     ] GC(2) Using 2 workers of 13 for evacuation
[2025-12-05T04:04:10.172+0000][2.274s][info ][gc,phases   ] GC(2)   Pre Evacuate Collection Set: 0.1ms
[2025-12-05T04:04:10.172+0000][2.274s][info ][gc,phases   ] GC(2)   Merge Heap Roots: 0.1ms
[2025-12-05T04:04:10.172+0000][2.274s][info ][gc,phases   ] GC(2)   Evacuate Collection Set: 10.2ms
[2025-12-05T04:04:10.172+0000][2.275s][info ][gc,phases   ] GC(2)   Post Evacuate Collection Set: 1.0ms
[2025-12-05T04:04:10.172+0000][2.275s][info ][gc,phases   ] GC(2)   Other: 0.1ms
[2025-12-05T04:04:10.172+0000][2.275s][info ][gc,heap     ] GC(2) Eden regions: 65->0(67)
[2025-12-05T04:04:10.172+0000][2.275s][info ][gc,heap     ] GC(2) Survivor regions: 3->5(9)
[2025-12-05T04:04:10.172+0000][2.275s][info ][gc,heap     ] GC(2) Old regions: 9->9
[2025-12-05T04:04:10.172+0000][2.275s][info ][gc,heap     ] GC(2) Archive regions: 2->2
[2025-12-05T04:04:10.172+0000][2.275s][info ][gc,heap     ] GC(2) Humongous regions: 0->0
[2025-12-05T04:04:10.172+0000][2.275s][info ][gc,metaspace] GC(2) Metaspace: 7917K(8192K)->7917K(8192K) NonClass: 6908K(7040K)->6908K(7040K) Class: 1009K(1152K)->1009K(1152K)
[2025-12-05T04:04:10.172+0000][2.275s][info ][gc          ] GC(2) Pause Young (Normal) (G1 Evacuation Pause) 76M->13M(122M) 11.574ms
[2025-12-05T04:04:10.172+0000][2.275s][info ][gc,cpu      ] GC(2) User=0.05s Sys=0.01s Real=0.01s
[2025-12-05T04:04:10.172+0000][2.275s][info ][safepoint   ] Safepoint "G1CollectForAllocation", Time since last: 535813032 ns, Reaching safepoint: 47863 ns, Cleanup: 308827 ns, At safepoint: 11763989 ns, Total: 12120679 ns
[2025-12-05T04:04:10.557+0000][2.660s][debug][safepoint   ] Safepoint synchronization initiated using futex wait barrier. (21 threads)
[2025-12-05T04:04:10.557+0000][2.660s][info ][safepoint   ] Safepoint "ICBufferFull", Time since last: 384816614 ns, Reaching safepoint: 45799 ns, Cleanup: 128368 ns, At safepoint: 43734 ns, Total: 217901 ns
[2025-12-05T04:04:10.628+0000][2.731s][debug][safepoint   ] Safepoint synchronization initiated using futex wait barrier. (21 threads)
[2025-12-05T04:04:10.628+0000][2.731s][info ][gc,start    ] GC(3) Pause Young (Normal) (G1 Evacuation Pause)
[2025-12-05T04:04:10.628+0000][2.731s][info ][gc,task     ] GC(3) Using 2 workers of 13 for evacuation
[2025-12-05T04:04:10.639+0000][2.741s][info ][gc,phases   ] GC(3)   Pre Evacuate Collection Set: 0.2ms
[2025-12-05T04:04:10.639+0000][2.741s][info ][gc,phases   ] GC(3)   Merge Heap Roots: 0.2ms
[2025-12-05T04:04:10.639+0000][2.741s][info ][gc,phases   ] GC(3)   Evacuate Collection Set: 8.1ms
[2025-12-05T04:04:10.639+0000][2.741s][info ][gc,phases   ] GC(3)   Post Evacuate Collection Set: 2.1ms
[2025-12-05T04:04:10.639+0000][2.741s][info ][gc,phases   ] GC(3)   Other: 0.1ms
[2025-12-05T04:04:10.639+0000][2.741s][info ][gc,heap     ] GC(3) Eden regions: 67->0(67)
[2025-12-05T04:04:10.639+0000][2.741s][info ][gc,heap     ] GC(3) Survivor regions: 5->5(9)
[2025-12-05T04:04:10.639+0000][2.741s][info ][gc,heap     ] GC(3) Old regions: 9->9
[2025-12-05T04:04:10.639+0000][2.741s][info ][gc,heap     ] GC(3) Archive regions: 2->2
[2025-12-05T04:04:10.639+0000][2.741s][info ][gc,heap     ] GC(3) Humongous regions: 0->0
[2025-12-05T04:04:10.639+0000][2.741s][info ][gc,metaspace] GC(3) Metaspace: 11115K(11520K)->11115K(11520K) NonClass: 9654K(9856K)->9654K(9856K) Class: 1461K(1664K)->1461K(1664K)
[2025-12-05T04:04:10.639+0000][2.742s][info ][gc          ] GC(3) Pause Young (Normal) (G1 Evacuation Pause) 80M->14M(122M) 10.765ms
[2025-12-05T04:04:10.639+0000][2.742s][info ][gc,cpu      ] GC(3) User=0.02s Sys=0.01s Real=0.01s
[2025-12-05T04:04:10.639+0000][2.742s][info ][safepoint   ] Safepoint "G1CollectForAllocation", Time since last: 70867068 ns, Reaching safepoint: 57802 ns, Cleanup: 18967 ns, At safepoint: 10879590 ns, Total: 10956359 ns
[2025-12-05T04:04:10.901+0000][3.003s][debug][safepoint   ] Safepoint synchronization initiated using futex wait barrier. (20 threads)
[2025-12-05T04:04:10.901+0000][3.004s][info ][safepoint   ] Safepoint "ICBufferFull", Time since last: 261416465 ns, Reaching safepoint: 224378 ns, Cleanup: 179016 ns, At safepoint: 117266 ns, Total: 520660 ns
[2025-12-05T04:04:11.041+0000][3.144s][debug][safepoint   ] Safepoint synchronization initiated using futex wait barrier. (21 threads)
[2025-12-05T04:04:11.041+0000][3.144s][debug][safepoint   ] ... found polling page loop exception at pc = 0x00007fe6e52be377, stub =0x00007fe6e4a04400
[2025-12-05T04:04:11.042+0000][3.144s][info ][gc,start    ] GC(4) Pause Young (Normal) (G1 Evacuation Pause)
[2025-12-05T04:04:11.042+0000][3.144s][info ][gc,task     ] GC(4) Using 4 workers of 13 for evacuation
[2025-12-05T04:04:11.051+0000][3.153s][info ][gc,phases   ] GC(4)   Pre Evacuate Collection Set: 0.1ms
[2025-12-05T04:04:11.051+0000][3.153s][info ][gc,phases   ] GC(4)   Merge Heap Roots: 0.1ms
[2025-12-05T04:04:11.051+0000][3.153s][info ][gc,phases   ] GC(4)   Evacuate Collection Set: 7.6ms
[2025-12-05T04:04:11.051+0000][3.153s][info ][gc,phases   ] GC(4)   Post Evacuate Collection Set: 1.5ms
[2025-12-05T04:04:11.051+0000][3.153s][info ][gc,phases   ] GC(4)   Other: 0.1ms
[2025-12-05T04:04:11.051+0000][3.153s][info ][gc,heap     ] GC(4) Eden regions: 67->0(82)
[2025-12-05T04:04:11.051+0000][3.153s][info ][gc,heap     ] GC(4) Survivor regions: 5->6(9)
[2025-12-05T04:04:11.051+0000][3.153s][info ][gc,heap     ] GC(4) Old regions: 9->11
[2025-12-05T04:04:11.051+0000][3.153s][info ][gc,heap     ] GC(4) Archive regions: 2->2
[2025-12-05T04:04:11.051+0000][3.153s][info ][gc,heap     ] GC(4) Humongous regions: 0->0
[2025-12-05T04:04:11.051+0000][3.153s][info ][gc,metaspace] GC(4) Metaspace: 13157K(13504K)->13157K(13504K) NonClass: 11452K(11648K)->11452K(11648K) Class: 1704K(1856K)->1704K(1856K)
[2025-12-05T04:04:11.051+0000][3.153s][info ][gc          ] GC(4) Pause Young (Normal) (G1 Evacuation Pause) 81M->16M(147M) 9.495ms
[2025-12-05T04:04:11.051+0000][3.153s][info ][gc,cpu      ] GC(4) User=0.03s Sys=0.02s Real=0.01s
[2025-12-05T04:04:11.051+0000][3.154s][info ][safepoint   ] Safepoint "G1CollectForAllocation", Time since last: 140054658 ns, Reaching safepoint: 164638 ns, Cleanup: 91677 ns, At safepoint: 9662600 ns, Total: 9918915 ns
[2025-12-05T04:04:11.283+0000][3.385s][debug][safepoint   ] Safepoint synchronization initiated using futex wait barrier. (21 threads)
[2025-12-05T04:04:11.283+0000][3.385s][info ][gc,start    ] GC(5) Pause Young (Normal) (G1 Evacuation Pause)
[2025-12-05T04:04:11.283+0000][3.385s][info ][gc,task     ] GC(5) Using 4 workers of 13 for evacuation
[2025-12-05T04:04:11.287+0000][3.389s][info ][gc,phases   ] GC(5)   Pre Evacuate Collection Set: 0.3ms
[2025-12-05T04:04:11.287+0000][3.390s][info ][gc,phases   ] GC(5)   Merge Heap Roots: 0.1ms
[2025-12-05T04:04:11.287+0000][3.390s][info ][gc,phases   ] GC(5)   Evacuate Collection Set: 2.8ms
[2025-12-05T04:04:11.287+0000][3.390s][info ][gc,phases   ] GC(5)   Post Evacuate Collection Set: 0.8ms
[2025-12-05T04:04:11.287+0000][3.390s][info ][gc,phases   ] GC(5)   Other: 0.1ms
[2025-12-05T04:04:11.287+0000][3.390s][info ][gc,heap     ] GC(5) Eden regions: 82->0(82)
[2025-12-05T04:04:11.287+0000][3.390s][info ][gc,heap     ] GC(5) Survivor regions: 6->6(11)
[2025-12-05T04:04:11.287+0000][3.390s][info ][gc,heap     ] GC(5) Old regions: 11->11
[2025-12-05T04:04:11.287+0000][3.390s][info ][gc,heap     ] GC(5) Archive regions: 2->2
[2025-12-05T04:04:11.287+0000][3.390s][info ][gc,heap     ] GC(5) Humongous regions: 0->0
[2025-12-05T04:04:11.287+0000][3.390s][info ][gc,metaspace] GC(5) Metaspace: 15781K(16128K)->15781K(16128K) NonClass: 13673K(13824K)->13673K(13824K) Class: 2108K(2304K)->2108K(2304K)
[2025-12-05T04:04:11.287+0000][3.390s][info ][gc          ] GC(5) Pause Young (Normal) (G1 Evacuation Pause) 98M->17M(147M) 4.145ms
[2025-12-05T04:04:11.287+0000][3.390s][info ][gc,cpu      ] GC(5) User=0.01s Sys=0.00s Real=0.01s
[2025-12-05T04:04:11.287+0000][3.390s][info ][safepoint   ] Safepoint "G1CollectForAllocation", Time since last: 231800662 ns, Reaching safepoint: 51520 ns, Cleanup: 65987 ns, At safepoint: 4252591 ns, Total: 4370098 ns
[2025-12-05T04:04:11.327+0000][3.429s][info ][cds,heap    ] initialize_from_archived_subgraph java.lang.Byte$ByteCache 0x00007fe67f03abf8
[2025-12-05T04:04:11.327+0000][3.429s][info ][cds,heap    ] initialize_from_archived_subgraph java.lang.Short$ShortCache 0x00007fe67f0412e8
[2025-12-05T04:04:11.465+0000][3.568s][debug][safepoint   ] Safepoint synchronization initiated using futex wait barrier. (22 threads)
[2025-12-05T04:04:11.465+0000][3.568s][debug][safepoint   ] ... found polling page loop exception at pc = 0x00007fe6e51ae89d, stub =0x00007fe6e4a04400
[2025-12-05T04:04:11.466+0000][3.568s][info ][gc,start    ] GC(6) Pause Young (Normal) (G1 Evacuation Pause)
[2025-12-05T04:04:11.466+0000][3.568s][info ][gc,task     ] GC(6) Using 4 workers of 13 for evacuation
[2025-12-05T04:04:11.473+0000][3.575s][info ][gc,phases   ] GC(6)   Pre Evacuate Collection Set: 0.1ms
[2025-12-05T04:04:11.473+0000][3.575s][info ][gc,phases   ] GC(6)   Merge Heap Roots: 0.1ms
[2025-12-05T04:04:11.473+0000][3.575s][info ][gc,phases   ] GC(6)   Evacuate Collection Set: 5.9ms
[2025-12-05T04:04:11.473+0000][3.575s][info ][gc,phases   ] GC(6)   Post Evacuate Collection Set: 1.0ms
[2025-12-05T04:04:11.473+0000][3.575s][info ][gc,phases   ] GC(6)   Other: 0.1ms
[2025-12-05T04:04:11.473+0000][3.575s][info ][gc,heap     ] GC(6) Eden regions: 82->0(81)
[2025-12-05T04:04:11.473+0000][3.575s][info ][gc,heap     ] GC(6) Survivor regions: 6->7(11)
[2025-12-05T04:04:11.473+0000][3.575s][info ][gc,heap     ] GC(6) Old regions: 11->12
[2025-12-05T04:04:11.473+0000][3.575s][info ][gc,heap     ] GC(6) Archive regions: 2->2
[2025-12-05T04:04:11.473+0000][3.575s][info ][gc,heap     ] GC(6) Humongous regions: 0->0
[2025-12-05T04:04:11.473+0000][3.575s][info ][gc,metaspace] GC(6) Metaspace: 17769K(18048K)->17769K(18048K) NonClass: 15342K(15488K)->15342K(15488K) Class: 2426K(2560K)->2426K(2560K)
[2025-12-05T04:04:11.473+0000][3.575s][info ][gc          ] GC(6) Pause Young (Normal) (G1 Evacuation Pause) 99M->19M(147M) 7.326ms
[2025-12-05T04:04:11.473+0000][3.575s][info ][gc,cpu      ] GC(6) User=0.05s Sys=0.01s Real=0.00s
[2025-12-05T04:04:11.473+0000][3.575s][info ][safepoint   ] Safepoint "G1CollectForAllocation", Time since last: 178017356 ns, Reaching safepoint: 157975 ns, Cleanup: 68082 ns, At safepoint: 7460282 ns, Total: 7686339 ns
[2025-12-05T04:04:11.650+0000][3.752s][debug][safepoint   ] Safepoint synchronization initiated using futex wait barrier. (22 threads)
[2025-12-05T04:04:11.650+0000][3.752s][info ][gc,start    ] GC(7) Pause Young (Concurrent Start) (Metadata GC Threshold)
[2025-12-05T04:04:11.650+0000][3.752s][info ][gc,task     ] GC(7) Using 4 workers of 13 for evacuation
[2025-12-05T04:04:11.658+0000][3.760s][info ][gc,phases   ] GC(7)   Pre Evacuate Collection Set: 0.1ms
[2025-12-05T04:04:11.658+0000][3.760s][info ][gc,phases   ] GC(7)   Merge Heap Roots: 0.1ms
[2025-12-05T04:04:11.658+0000][3.760s][info ][gc,phases   ] GC(7)   Evacuate Collection Set: 5.4ms
[2025-12-05T04:04:11.658+0000][3.760s][info ][gc,phases   ] GC(7)   Post Evacuate Collection Set: 0.9ms
[2025-12-05T04:04:11.658+0000][3.760s][info ][gc,phases   ] GC(7)   Other: 1.2ms
[2025-12-05T04:04:11.658+0000][3.760s][info ][gc,heap     ] GC(7) Eden regions: 63->0(81)
[2025-12-05T04:04:11.658+0000][3.760s][info ][gc,heap     ] GC(7) Survivor regions: 7->7(11)
[2025-12-05T04:04:11.658+0000][3.760s][info ][gc,heap     ] GC(7) Old regions: 12->16
[2025-12-05T04:04:11.658+0000][3.760s][info ][gc,heap     ] GC(7) Archive regions: 2->2
[2025-12-05T04:04:11.658+0000][3.760s][info ][gc,heap     ] GC(7) Humongous regions: 0->0
[2025-12-05T04:04:11.658+0000][3.760s][info ][gc,metaspace] GC(7) Metaspace: 21202K(21504K)->21202K(21504K) NonClass: 18421K(18560K)->18421K(18560K) Class: 2781K(2944K)->2781K(2944K)
[2025-12-05T04:04:11.658+0000][3.760s][info ][gc          ] GC(7) Pause Young (Concurrent Start) (Metadata GC Threshold) 82M->22M(147M) 7.899ms
[2025-12-05T04:04:11.658+0000][3.760s][info ][gc,cpu      ] GC(7) User=0.04s Sys=0.01s Real=0.01s
[2025-12-05T04:04:11.658+0000][3.760s][info ][gc          ] GC(8) Concurrent Mark Cycle
[2025-12-05T04:04:11.658+0000][3.760s][info ][gc,marking  ] GC(8) Concurrent Clear Claimed Marks
[2025-12-05T04:04:11.658+0000][3.760s][info ][gc,marking  ] GC(8) Concurrent Clear Claimed Marks 0.045ms
[2025-12-05T04:04:11.658+0000][3.760s][info ][gc,marking  ] GC(8) Concurrent Scan Root Regions
[2025-12-05T04:04:11.658+0000][3.760s][info ][safepoint   ] Safepoint "CollectForMetadataAllocation", Time since last: 176521251 ns, Reaching safepoint: 172013 ns, Cleanup: 76898 ns, At safepoint: 8108680 ns, Total: 8357591 ns
[2025-12-05T04:04:11.661+0000][3.763s][info ][gc,marking  ] GC(8) Concurrent Scan Root Regions 2.592ms
[2025-12-05T04:04:11.661+0000][3.763s][info ][gc,marking  ] GC(8) Concurrent Mark
[2025-12-05T04:04:11.661+0000][3.763s][info ][gc,marking  ] GC(8) Concurrent Mark From Roots
[2025-12-05T04:04:11.661+0000][3.763s][info ][gc,task     ] GC(8) Using 3 workers of 3 for marking
[2025-12-05T04:04:11.668+0000][3.770s][info ][gc,marking  ] GC(8) Concurrent Mark From Roots 7.038ms
[2025-12-05T04:04:11.668+0000][3.770s][info ][gc,marking  ] GC(8) Concurrent Preclean
[2025-12-05T04:04:11.668+0000][3.770s][info ][gc,marking  ] GC(8) Concurrent Preclean 0.395ms
[2025-12-05T04:04:11.668+0000][3.770s][debug][safepoint   ] Safepoint synchronization initiated using futex wait barrier. (22 threads)
[2025-12-05T04:04:11.668+0000][3.771s][info ][gc,start    ] GC(8) Pause Remark
[2025-12-05T04:04:11.671+0000][3.773s][info ][gc          ] GC(8) Pause Remark 24M->24M(90M) 2.748ms
[2025-12-05T04:04:11.671+0000][3.773s][info ][gc,cpu      ] GC(8) User=0.01s Sys=0.00s Real=0.00s
[2025-12-05T04:04:11.671+0000][3.774s][info ][safepoint   ] Safepoint "G1PauseRemark", Time since last: 10224264 ns, Reaching safepoint: 120503 ns, Cleanup: 8516 ns, At safepoint: 3112281 ns, Total: 3241300 ns
[2025-12-05T04:04:11.672+0000][3.774s][info ][gc,marking  ] GC(8) Concurrent Mark 11.189ms
[2025-12-05T04:04:11.672+0000][3.774s][info ][gc,marking  ] GC(8) Concurrent Rebuild Remembered Sets
[2025-12-05T04:04:11.676+0000][3.778s][info ][gc,marking  ] GC(8) Concurrent Rebuild Remembered Sets 4.044ms
[2025-12-05T04:04:11.682+0000][3.785s][debug][safepoint   ] Safepoint synchronization initiated using futex wait barrier. (22 threads)
[2025-12-05T04:04:11.682+0000][3.785s][info ][gc,start    ] GC(8) Pause Cleanup
[2025-12-05T04:04:11.683+0000][3.785s][info ][gc          ] GC(8) Pause Cleanup 24M->24M(90M) 0.178ms
[2025-12-05T04:04:11.683+0000][3.785s][info ][gc,cpu      ] GC(8) User=0.00s Sys=0.00s Real=0.00s
[2025-12-05T04:04:11.683+0000][3.785s][info ][safepoint   ] Safepoint "G1PauseCleanup", Time since last: 4546601 ns, Reaching safepoint: 6408707 ns, Cleanup: 10610 ns, At safepoint: 351128 ns, Total: 6770445 ns
[2025-12-05T04:04:11.683+0000][3.785s][info ][gc,marking  ] GC(8) Concurrent Cleanup for Next Mark
[2025-12-05T04:04:11.684+0000][3.786s][info ][gc,marking  ] GC(8) Concurrent Cleanup for Next Mark 1.006ms
[2025-12-05T04:04:11.684+0000][3.786s][info ][gc          ] GC(8) Concurrent Mark Cycle 26.017ms
[2025-12-05T04:04:11.860+0000][3.963s][debug][safepoint   ] Safepoint synchronization initiated using futex wait barrier. (22 threads)
[2025-12-05T04:04:11.861+0000][3.963s][info ][gc,start    ] GC(9) Pause Young (Normal) (G1 Preventive Collection)
[2025-12-05T04:04:11.861+0000][3.963s][info ][gc,task     ] GC(9) Using 4 workers of 13 for evacuation
[2025-12-05T04:04:11.867+0000][3.970s][info ][gc,phases   ] GC(9)   Pre Evacuate Collection Set: 0.2ms
[2025-12-05T04:04:11.867+0000][3.970s][info ][gc,phases   ] GC(9)   Merge Heap Roots: 0.2ms
[2025-12-05T04:04:11.867+0000][3.970s][info ][gc,phases   ] GC(9)   Evacuate Collection Set: 5.2ms
[2025-12-05T04:04:11.867+0000][3.970s][info ][gc,phases   ] GC(9)   Post Evacuate Collection Set: 1.2ms
[2025-12-05T04:04:11.867+0000][3.970s][info ][gc,phases   ] GC(9)   Other: 0.1ms
[2025-12-05T04:04:11.867+0000][3.970s][info ][gc,heap     ] GC(9) Eden regions: 54->0(56)
[2025-12-05T04:04:11.867+0000][3.970s][info ][gc,heap     ] GC(9) Survivor regions: 7->8(11)
[2025-12-05T04:04:11.867+0000][3.970s][info ][gc,heap     ] GC(9) Old regions: 16->17
[2025-12-05T04:04:11.867+0000][3.970s][info ][gc,heap     ] GC(9) Archive regions: 2->2
[2025-12-05T04:04:11.867+0000][3.970s][info ][gc,heap     ] GC(9) Humongous regions: 0->0
[2025-12-05T04:04:11.867+0000][3.970s][info ][gc,metaspace] GC(9) Metaspace: 23738K(24064K)->23738K(24064K) NonClass: 20616K(20800K)->20616K(20800K) Class: 3122K(3264K)->3122K(3264K)
[2025-12-05T04:04:11.867+0000][3.970s][info ][gc          ] GC(9) Pause Young (Normal) (G1 Preventive Collection) 76M->24M(108M) 6.940ms
[2025-12-05T04:04:11.867+0000][3.970s][info ][gc,cpu      ] GC(9) User=0.03s Sys=0.01s Real=0.01s
[2025-12-05T04:04:11.868+0000][3.970s][info ][safepoint   ] Safepoint "G1CollectForAllocation", Time since last: 177485929 ns, Reaching safepoint: 167764 ns, Cleanup: 98841 ns, At safepoint: 7026860 ns, Total: 7293465 ns
[2025-12-05T04:04:12.091+0000][4.194s][debug][safepoint   ] Safepoint synchronization initiated using futex wait barrier. (21 threads)
[2025-12-05T04:04:12.091+0000][4.194s][info ][gc,start    ] GC(10) Pause Young (Normal) (G1 Evacuation Pause)
[2025-12-05T04:04:12.091+0000][4.194s][info ][gc,task     ] GC(10) Using 3 workers of 13 for evacuation
[2025-12-05T04:04:12.099+0000][4.201s][info ][gc,phases   ] GC(10)   Pre Evacuate Collection Set: 0.1ms
[2025-12-05T04:04:12.099+0000][4.201s][info ][gc,phases   ] GC(10)   Merge Heap Roots: 0.1ms
[2025-12-05T04:04:12.099+0000][4.201s][info ][gc,phases   ] GC(10)   Evacuate Collection Set: 6.3ms
[2025-12-05T04:04:12.099+0000][4.201s][info ][gc,phases   ] GC(10)   Post Evacuate Collection Set: 1.1ms
[2025-12-05T04:04:12.099+0000][4.201s][info ][gc,phases   ] GC(10)   Other: 0.1ms
[2025-12-05T04:04:12.099+0000][4.201s][info ][gc,heap     ] GC(10) Eden regions: 56->0(56)
[2025-12-05T04:04:12.099+0000][4.201s][info ][gc,heap     ] GC(10) Survivor regions: 8->7(8)
[2025-12-05T04:04:12.099+0000][4.201s][info ][gc,heap     ] GC(10) Old regions: 17->22
[2025-12-05T04:04:12.099+0000][4.201s][info ][gc,heap     ] GC(10) Archive regions: 2->2
[2025-12-05T04:04:12.099+0000][4.202s][info ][gc,heap     ] GC(10) Humongous regions: 0->0
[2025-12-05T04:04:12.099+0000][4.202s][info ][gc,metaspace] GC(10) Metaspace: 25118K(25472K)->25118K(25472K) NonClass: 21844K(22016K)->21844K(22016K) Class: 3274K(3456K)->3274K(3456K)
[2025-12-05T04:04:12.099+0000][4.202s][info ][gc          ] GC(10) Pause Young (Normal) (G1 Evacuation Pause) 80M->28M(108M) 7.741ms
[2025-12-05T04:04:12.099+0000][4.202s][info ][gc,cpu      ] GC(10) User=0.04s Sys=0.01s Real=0.01s
[2025-12-05T04:04:12.099+0000][4.202s][info ][safepoint   ] Safepoint "G1CollectForAllocation", Time since last: 223790732 ns, Reaching safepoint: 45839 ns, Cleanup: 107127 ns, At safepoint: 7874317 ns, Total: 8027283 ns
[2025-12-05T04:04:12.231+0000][4.333s][debug][safepoint   ] Safepoint synchronization initiated using futex wait barrier. (21 threads)
[2025-12-05T04:04:12.231+0000][4.334s][info ][gc,start    ] GC(11) Pause Young (Normal) (G1 Evacuation Pause)
[2025-12-05T04:04:12.231+0000][4.334s][info ][gc,task     ] GC(11) Using 2 workers of 13 for evacuation
[2025-12-05T04:04:12.246+0000][4.349s][info ][gc,phases   ] GC(11)   Pre Evacuate Collection Set: 0.1ms
[2025-12-05T04:04:12.246+0000][4.349s][info ][gc,phases   ] GC(11)   Merge Heap Roots: 0.1ms
[2025-12-05T04:04:12.246+0000][4.349s][info ][gc,phases   ] GC(11)   Evacuate Collection Set: 13.2ms
[2025-12-05T04:04:12.246+0000][4.349s][info ][gc,phases   ] GC(11)   Post Evacuate Collection Set: 1.4ms
[2025-12-05T04:04:12.246+0000][4.349s][info ][gc,phases   ] GC(11)   Other: 0.1ms
[2025-12-05T04:04:12.246+0000][4.349s][info ][gc,heap     ] GC(11) Eden regions: 56->0(49)
[2025-12-05T04:04:12.246+0000][4.349s][info ][gc,heap     ] GC(11) Survivor regions: 7->8(8)
[2025-12-05T04:04:12.246+0000][4.349s][info ][gc,heap     ] GC(11) Old regions: 22->27
[2025-12-05T04:04:12.246+0000][4.349s][info ][gc,heap     ] GC(11) Archive regions: 2->2
[2025-12-05T04:04:12.246+0000][4.349s][info ][gc,heap     ] GC(11) Humongous regions: 0->0
[2025-12-05T04:04:12.246+0000][4.349s][info ][gc,metaspace] GC(11) Metaspace: 25168K(25472K)->25168K(25472K) NonClass: 21880K(22016K)->21880K(22016K) Class: 3287K(3456K)->3287K(3456K)
[2025-12-05T04:04:12.246+0000][4.349s][info ][gc          ] GC(11) Pause Young (Normal) (G1 Evacuation Pause) 84M->34M(108M) 15.068ms
[2025-12-05T04:04:12.246+0000][4.349s][info ][gc,cpu      ] GC(11) User=0.10s Sys=0.00s Real=0.02s
[2025-12-05T04:04:12.246+0000][4.349s][info ][safepoint   ] Safepoint "G1CollectForAllocation", Time since last: 131818136 ns, Reaching safepoint: 52180 ns, Cleanup: 31201 ns, At safepoint: 15190186 ns, Total: 15273567 ns
[2025-12-05T04:04:12.325+0000][4.428s][debug][safepoint   ] Safepoint synchronization initiated using futex wait barrier. (21 threads)
[2025-12-05T04:04:12.326+0000][4.428s][info ][gc,start    ] GC(12) Pause Young (Normal) (G1 Evacuation Pause)
[2025-12-05T04:04:12.326+0000][4.428s][info ][gc,task     ] GC(12) Using 2 workers of 13 for evacuation
[2025-12-05T04:04:12.344+0000][4.447s][info ][gc,phases   ] GC(12)   Pre Evacuate Collection Set: 0.1ms
[2025-12-05T04:04:12.344+0000][4.447s][info ][gc,phases   ] GC(12)   Merge Heap Roots: 0.1ms
[2025-12-05T04:04:12.344+0000][4.447s][info ][gc,phases   ] GC(12)   Evacuate Collection Set: 17.0ms
[2025-12-05T04:04:12.344+0000][4.447s][info ][gc,phases   ] GC(12)   Post Evacuate Collection Set: 1.4ms
[2025-12-05T04:04:12.344+0000][4.447s][info ][gc,phases   ] GC(12)   Other: 0.1ms
[2025-12-05T04:04:12.344+0000][4.447s][info ][gc,heap     ] GC(12) Eden regions: 49->0(42)
[2025-12-05T04:04:12.344+0000][4.447s][info ][gc,heap     ] GC(12) Survivor regions: 8->7(8)
[2025-12-05T04:04:12.344+0000][4.447s][info ][gc,heap     ] GC(12) Old regions: 27->35
[2025-12-05T04:04:12.344+0000][4.447s][info ][gc,heap     ] GC(12) Archive regions: 2->2
[2025-12-05T04:04:12.344+0000][4.447s][info ][gc,heap     ] GC(12) Humongous regions: 0->0
[2025-12-05T04:04:12.344+0000][4.447s][info ][gc,metaspace] GC(12) Metaspace: 25221K(25536K)->25221K(25536K) NonClass: 21932K(22080K)->21932K(22080K) Class: 3288K(3456K)->3288K(3456K)
[2025-12-05T04:04:12.344+0000][4.447s][info ][gc          ] GC(12) Pause Young (Normal) (G1 Evacuation Pause) 83M->41M(108M) 18.822ms
[2025-12-05T04:04:12.344+0000][4.447s][info ][gc,cpu      ] GC(12) User=0.08s Sys=0.00s Real=0.02s
[2025-12-05T04:04:12.345+0000][4.447s][info ][safepoint   ] Safepoint "G1CollectForAllocation", Time since last: 78937682 ns, Reaching safepoint: 174588 ns, Cleanup: 20900 ns, At safepoint: 19097973 ns, Total: 19293461 ns
[2025-12-05T04:04:12.515+0000][4.617s][debug][safepoint   ] Safepoint synchronization initiated using futex wait barrier. (21 threads)
[2025-12-05T04:04:12.515+0000][4.617s][info ][gc,start    ] GC(13) Pause Young (Normal) (G1 Evacuation Pause)
[2025-12-05T04:04:12.515+0000][4.617s][info ][gc,task     ] GC(13) Using 2 workers of 13 for evacuation
[2025-12-05T04:04:12.525+0000][4.627s][info ][gc,phases   ] GC(13)   Pre Evacuate Collection Set: 0.1ms
[2025-12-05T04:04:12.525+0000][4.627s][info ][gc,phases   ] GC(13)   Merge Heap Roots: 0.1ms
[2025-12-05T04:04:12.525+0000][4.627s][info ][gc,phases   ] GC(13)   Evacuate Collection Set: 7.0ms
[2025-12-05T04:04:12.525+0000][4.627s][info ][gc,phases   ] GC(13)   Post Evacuate Collection Set: 2.8ms
[2025-12-05T04:04:12.525+0000][4.627s][info ][gc,phases   ] GC(13)   Other: 0.1ms
[2025-12-05T04:04:12.525+0000][4.627s][info ][gc,heap     ] GC(13) Eden regions: 42->0(122)
[2025-12-05T04:04:12.525+0000][4.627s][info ][gc,heap     ] GC(13) Survivor regions: 7->4(7)
[2025-12-05T04:04:12.525+0000][4.627s][info ][gc,heap     ] GC(13) Old regions: 35->41
[2025-12-05T04:04:12.525+0000][4.627s][info ][gc,heap     ] GC(13) Archive regions: 2->2
[2025-12-05T04:04:12.525+0000][4.627s][info ][gc,heap     ] GC(13) Humongous regions: 0->0
[2025-12-05T04:04:12.525+0000][4.627s][info ][gc,metaspace] GC(13) Metaspace: 25432K(25792K)->25432K(25792K) NonClass: 22120K(22336K)->22120K(22336K) Class: 3311K(3456K)->3311K(3456K)
[2025-12-05T04:04:12.525+0000][4.627s][info ][gc          ] GC(13) Pause Young (Normal) (G1 Evacuation Pause) 83M->45M(216M) 10.155ms
[2025-12-05T04:04:12.525+0000][4.627s][info ][gc,cpu      ] GC(13) User=0.02s Sys=0.00s Real=0.02s
[2025-12-05T04:04:12.525+0000][4.627s][info ][safepoint   ] Safepoint "G1CollectForAllocation", Time since last: 169943913 ns, Reaching safepoint: 43935 ns, Cleanup: 84002 ns, At safepoint: 10237712 ns, Total: 10365649 ns
[2025-12-05T04:04:13.039+0000][5.141s][debug][safepoint   ] Safepoint synchronization initiated using futex wait barrier. (19 threads)
[2025-12-05T04:04:13.039+0000][5.142s][info ][safepoint   ] Safepoint "ICBufferFull", Time since last: 514089044 ns, Reaching safepoint: 122046 ns, Cleanup: 258349 ns, At safepoint: 35609 ns, Total: 416004 ns
[2025-12-05T04:04:13.374+0000][5.476s][debug][safepoint   ] Safepoint synchronization initiated using futex wait barrier. (20 threads)
[2025-12-05T04:04:13.374+0000][5.477s][info ][gc,start    ] GC(14) Pause Young (Normal) (G1 Evacuation Pause)
[2025-12-05T04:04:13.374+0000][5.477s][info ][gc,task     ] GC(14) Using 5 workers of 13 for evacuation
[2025-12-05T04:04:13.388+0000][5.491s][info ][gc,phases   ] GC(14)   Pre Evacuate Collection Set: 0.4ms
[2025-12-05T04:04:13.388+0000][5.491s][info ][gc,phases   ] GC(14)   Merge Heap Roots: 0.3ms
[2025-12-05T04:04:13.388+0000][5.491s][info ][gc,phases   ] GC(14)   Evacuate Collection Set: 10.6ms
[2025-12-05T04:04:13.388+0000][5.491s][info ][gc,phases   ] GC(14)   Post Evacuate Collection Set: 2.1ms
[2025-12-05T04:04:13.388+0000][5.491s][info ][gc,phases   ] GC(14)   Other: 0.7ms
[2025-12-05T04:04:13.388+0000][5.491s][info ][gc,heap     ] GC(14) Eden regions: 122->0(109)
[2025-12-05T04:04:13.388+0000][5.491s][info ][gc,heap     ] GC(14) Survivor regions: 4->13(16)
[2025-12-05T04:04:13.388+0000][5.491s][info ][gc,heap     ] GC(14) Old regions: 41->41
[2025-12-05T04:04:13.388+0000][5.491s][info ][gc,heap     ] GC(14) Archive regions: 2->2
[2025-12-05T04:04:13.388+0000][5.491s][info ][gc,heap     ] GC(14) Humongous regions: 0->0
[2025-12-05T04:04:13.388+0000][5.491s][info ][gc,metaspace] GC(14) Metaspace: 25881K(26240K)->25881K(26240K) NonClass: 22511K(22720K)->22511K(22720K) Class: 3370K(3520K)->3370K(3520K)
[2025-12-05T04:04:13.388+0000][5.491s][info ][gc          ] GC(14) Pause Young (Normal) (G1 Evacuation Pause) 167M->53M(216M) 14.005ms
[2025-12-05T04:04:13.388+0000][5.491s][info ][gc,cpu      ] GC(14) User=0.13s Sys=0.01s Real=0.02s
[2025-12-05T04:04:13.389+0000][5.491s][info ][safepoint   ] Safepoint "G1CollectForAllocation", Time since last: 334446300 ns, Reaching safepoint: 138938 ns, Cleanup: 144820 ns, At safepoint: 14329452 ns, Total: 14613210 ns
[2025-12-05T04:04:13.828+0000][5.930s][debug][safepoint   ] Safepoint synchronization initiated using futex wait barrier. (20 threads)
[2025-12-05T04:04:13.828+0000][5.930s][info ][gc,start    ] GC(15) Pause Young (Normal) (G1 Evacuation Pause)
[2025-12-05T04:04:13.828+0000][5.931s][info ][gc,task     ] GC(15) Using 5 workers of 13 for evacuation
[2025-12-05T04:04:13.839+0000][5.941s][info ][gc,phases   ] GC(15)   Pre Evacuate Collection Set: 0.2ms
[2025-12-05T04:04:13.839+0000][5.941s][info ][gc,phases   ] GC(15)   Merge Heap Roots: 0.1ms
[2025-12-05T04:04:13.839+0000][5.941s][info ][gc,phases   ] GC(15)   Evacuate Collection Set: 8.8ms
[2025-12-05T04:04:13.839+0000][5.941s][info ][gc,phases   ] GC(15)   Post Evacuate Collection Set: 1.6ms
[2025-12-05T04:04:13.839+0000][5.941s][info ][gc,phases   ] GC(15)   Other: 0.2ms
[2025-12-05T04:04:13.839+0000][5.941s][info ][gc,heap     ] GC(15) Eden regions: 109->0(108)
[2025-12-05T04:04:13.839+0000][5.941s][info ][gc,heap     ] GC(15) Survivor regions: 13->6(16)
[2025-12-05T04:04:13.839+0000][5.941s][info ][gc,heap     ] GC(15) Old regions: 41->53
[2025-12-05T04:04:13.839+0000][5.941s][info ][gc,heap     ] GC(15) Archive regions: 2->2
[2025-12-05T04:04:13.839+0000][5.941s][info ][gc,heap     ] GC(15) Humongous regions: 0->0
[2025-12-05T04:04:13.839+0000][5.941s][info ][gc,metaspace] GC(15) Metaspace: 26066K(26368K)->26066K(26368K) NonClass: 22677K(22848K)->22677K(22848K) Class: 3388K(3520K)->3388K(3520K)
[2025-12-05T04:04:13.839+0000][5.941s][info ][gc          ] GC(15) Pause Young (Normal) (G1 Evacuation Pause) 162M->58M(216M) 10.958ms
[2025-12-05T04:04:13.839+0000][5.941s][info ][gc,cpu      ] GC(15) User=0.08s Sys=0.00s Real=0.01s
[2025-12-05T04:04:13.839+0000][5.942s][info ][safepoint   ] Safepoint "G1CollectForAllocation", Time since last: 439265736 ns, Reaching safepoint: 225285 ns, Cleanup: 96767 ns, At safepoint: 11109956 ns, Total: 11432008 ns
[2025-12-05T04:04:14.109+0000][6.211s][debug][safepoint   ] Safepoint synchronization initiated using futex wait barrier. (21 threads)
[2025-12-05T04:04:14.109+0000][6.211s][debug][safepoint   ] ... found polling page loop exception at pc = 0x00007fe6e52754d9, stub =0x00007fe6e4a04400
[2025-12-05T04:04:14.109+0000][6.211s][info ][gc,start    ] GC(16) Pause Young (Normal) (G1 Evacuation Pause)
[2025-12-05T04:04:14.109+0000][6.212s][info ][gc,task     ] GC(16) Using 5 workers of 13 for evacuation
[2025-12-05T04:04:14.114+0000][6.217s][info ][gc,phases   ] GC(16)   Pre Evacuate Collection Set: 0.1ms
[2025-12-05T04:04:14.114+0000][6.217s][info ][gc,phases   ] GC(16)   Merge Heap Roots: 0.2ms
[2025-12-05T04:04:14.114+0000][6.217s][info ][gc,phases   ] GC(16)   Evacuate Collection Set: 3.9ms
[2025-12-05T04:04:14.115+0000][6.217s][info ][gc,phases   ] GC(16)   Post Evacuate Collection Set: 0.9ms
[2025-12-05T04:04:14.115+0000][6.217s][info ][gc,phases   ] GC(16)   Other: 0.1ms
[2025-12-05T04:04:14.115+0000][6.217s][info ][gc,heap     ] GC(16) Eden regions: 108->0(112)
[2025-12-05T04:04:14.115+0000][6.217s][info ][gc,heap     ] GC(16) Survivor regions: 6->7(15)
[2025-12-05T04:04:14.115+0000][6.217s][info ][gc,heap     ] GC(16) Old regions: 53->53
[2025-12-05T04:04:14.115+0000][6.217s][info ][gc,heap     ] GC(16) Archive regions: 2->2
[2025-12-05T04:04:14.115+0000][6.217s][info ][gc,heap     ] GC(16) Humongous regions: 0->0
[2025-12-05T04:04:14.115+0000][6.217s][info ][gc,metaspace] GC(16) Metaspace: 27715K(28096K)->27715K(28096K) NonClass: 24201K(24448K)->24201K(24448K) Class: 3514K(3648K)->3514K(3648K)
[2025-12-05T04:04:14.115+0000][6.217s][info ][gc          ] GC(16) Pause Young (Normal) (G1 Evacuation Pause) 166M->59M(216M) 5.371ms
[2025-12-05T04:04:14.115+0000][6.217s][info ][gc,cpu      ] GC(16) User=0.03s Sys=0.00s Real=0.00s
[2025-12-05T04:04:14.115+0000][6.217s][info ][safepoint   ] Safepoint "G1CollectForAllocation", Time since last: 269643458 ns, Reaching safepoint: 161447 ns, Cleanup: 121465 ns, At safepoint: 5515340 ns, Total: 5798252 ns
[2025-12-05T04:04:14.319+0000][6.421s][debug][safepoint   ] Safepoint synchronization initiated using futex wait barrier. (20 threads)
[2025-12-05T04:04:14.319+0000][6.421s][info ][gc,start    ] GC(17) Pause Young (Normal) (G1 Evacuation Pause)
[2025-12-05T04:04:14.319+0000][6.421s][info ][gc,task     ] GC(17) Using 5 workers of 13 for evacuation
[2025-12-05T04:04:14.324+0000][6.426s][info ][gc,phases   ] GC(17)   Pre Evacuate Collection Set: 0.2ms
[2025-12-05T04:04:14.324+0000][6.426s][info ][gc,phases   ] GC(17)   Merge Heap Roots: 0.1ms
[2025-12-05T04:04:14.324+0000][6.426s][info ][gc,phases   ] GC(17)   Evacuate Collection Set: 3.3ms
[2025-12-05T04:04:14.324+0000][6.426s][info ][gc,phases   ] GC(17)   Post Evacuate Collection Set: 1.1ms
[2025-12-05T04:04:14.324+0000][6.426s][info ][gc,phases   ] GC(17)   Other: 0.1ms
[2025-12-05T04:04:14.324+0000][6.426s][info ][gc,heap     ] GC(17) Eden regions: 112->0(115)
[2025-12-05T04:04:14.324+0000][6.426s][info ][gc,heap     ] GC(17) Survivor regions: 7->8(15)
[2025-12-05T04:04:14.324+0000][6.426s][info ][gc,heap     ] GC(17) Old regions: 53->53
[2025-12-05T04:04:14.324+0000][6.426s][info ][gc,heap     ] GC(17) Archive regions: 2->2
[2025-12-05T04:04:14.324+0000][6.426s][info ][gc,heap     ] GC(17) Humongous regions: 0->0
[2025-12-05T04:04:14.324+0000][6.426s][info ][gc,metaspace] GC(17) Metaspace: 28026K(28416K)->28026K(28416K) NonClass: 24470K(24704K)->24470K(24704K) Class: 3555K(3712K)->3555K(3712K)
[2025-12-05T04:04:14.324+0000][6.426s][info ][gc          ] GC(17) Pause Young (Normal) (G1 Evacuation Pause) 171M->61M(216M) 4.928ms
[2025-12-05T04:04:14.324+0000][6.426s][info ][gc,cpu      ] GC(17) User=0.04s Sys=0.00s Real=0.01s
[2025-12-05T04:04:14.324+0000][6.426s][info ][safepoint   ] Safepoint "G1CollectForAllocation", Time since last: 204270988 ns, Reaching safepoint: 46760 ns, Cleanup: 74684 ns, At safepoint: 5079518 ns, Total: 5200962 ns
[2025-12-05T04:04:14.887+0000][6.989s][debug][safepoint   ] Safepoint synchronization initiated using futex wait barrier. (17 threads)
[2025-12-05T04:04:14.887+0000][6.990s][info ][gc,start    ] GC(18) Pause Young (Normal) (G1 Evacuation Pause)
[2025-12-05T04:04:14.887+0000][6.990s][info ][gc,task     ] GC(18) Using 5 workers of 13 for evacuation
[2025-12-05T04:04:14.893+0000][6.996s][info ][gc,phases   ] GC(18)   Pre Evacuate Collection Set: 0.2ms
[2025-12-05T04:04:14.893+0000][6.996s][info ][gc,phases   ] GC(18)   Merge Heap Roots: 0.1ms
[2025-12-05T04:04:14.893+0000][6.996s][info ][gc,phases   ] GC(18)   Evacuate Collection Set: 3.3ms
[2025-12-05T04:04:14.893+0000][6.996s][info ][gc,phases   ] GC(18)   Post Evacuate Collection Set: 2.5ms
[2025-12-05T04:04:14.893+0000][6.996s][info ][gc,phases   ] GC(18)   Other: 0.1ms
[2025-12-05T04:04:14.893+0000][6.996s][info ][gc,heap     ] GC(18) Eden regions: 115->0(148)
[2025-12-05T04:04:14.893+0000][6.996s][info ][gc,heap     ] GC(18) Survivor regions: 8->8(16)
[2025-12-05T04:04:14.893+0000][6.996s][info ][gc,heap     ] GC(18) Old regions: 53->53
[2025-12-05T04:04:14.893+0000][6.996s][info ][gc,heap     ] GC(18) Archive regions: 2->2
[2025-12-05T04:04:14.893+0000][6.996s][info ][gc,heap     ] GC(18) Humongous regions: 0->0
[2025-12-05T04:04:14.893+0000][6.996s][info ][gc,metaspace] GC(18) Metaspace: 34898K(35200K)->34898K(35200K) NonClass: 30602K(30784K)->30602K(30784K) Class: 4296K(4416K)->4296K(4416K)
[2025-12-05T04:04:14.893+0000][6.996s][info ][gc          ] GC(18) Pause Young (Normal) (G1 Evacuation Pause) 176M->60M(260M) 6.280ms
[2025-12-05T04:04:14.894+0000][6.996s][info ][gc,cpu      ] GC(18) User=0.03s Sys=0.00s Real=0.00s
[2025-12-05T04:04:14.894+0000][6.996s][info ][safepoint   ] Safepoint "G1CollectForAllocation", Time since last: 562928553 ns, Reaching safepoint: 50077 ns, Cleanup: 55036 ns, At safepoint: 6343391 ns, Total: 6448504 ns
[2025-12-05T04:04:15.285+0000][7.387s][debug][safepoint   ] Safepoint synchronization initiated using futex wait barrier. (18 threads)
[2025-12-05T04:04:15.285+0000][7.388s][info ][gc,start    ] GC(19) Pause Young (Concurrent Start) (Metadata GC Threshold)
[2025-12-05T04:04:15.285+0000][7.388s][info ][gc,task     ] GC(19) Using 6 workers of 13 for evacuation
[2025-12-05T04:04:15.291+0000][7.393s][info ][gc,phases   ] GC(19)   Pre Evacuate Collection Set: 0.3ms
[2025-12-05T04:04:15.291+0000][7.393s][info ][gc,phases   ] GC(19)   Merge Heap Roots: 0.1ms
[2025-12-05T04:04:15.291+0000][7.393s][info ][gc,phases   ] GC(19)   Evacuate Collection Set: 3.4ms
[2025-12-05T04:04:15.291+0000][7.393s][info ][gc,phases   ] GC(19)   Post Evacuate Collection Set: 1.1ms
[2025-12-05T04:04:15.291+0000][7.393s][info ][gc,phases   ] GC(19)   Other: 0.3ms
[2025-12-05T04:04:15.291+0000][7.393s][info ][gc,heap     ] GC(19) Eden regions: 75->0(147)
[2025-12-05T04:04:15.291+0000][7.393s][info ][gc,heap     ] GC(19) Survivor regions: 8->9(20)
[2025-12-05T04:04:15.291+0000][7.393s][info ][gc,heap     ] GC(19) Old regions: 53->53
[2025-12-05T04:04:15.291+0000][7.393s][info ][gc,heap     ] GC(19) Archive regions: 2->2
[2025-12-05T04:04:15.291+0000][7.393s][info ][gc,heap     ] GC(19) Humongous regions: 0->0
[2025-12-05T04:04:15.291+0000][7.393s][info ][gc,metaspace] GC(19) Metaspace: 35835K(36160K)->35835K(36160K) NonClass: 31408K(31616K)->31408K(31616K) Class: 4426K(4544K)->4426K(4544K)
[2025-12-05T04:04:15.291+0000][7.393s][info ][gc          ] GC(19) Pause Young (Concurrent Start) (Metadata GC Threshold) 135M->61M(260M) 5.410ms
[2025-12-05T04:04:15.291+0000][7.393s][info ][gc,cpu      ] GC(19) User=0.03s Sys=0.00s Real=0.00s
[2025-12-05T04:04:15.291+0000][7.393s][info ][gc          ] GC(20) Concurrent Mark Cycle
[2025-12-05T04:04:15.291+0000][7.393s][info ][gc,marking  ] GC(20) Concurrent Clear Claimed Marks
[2025-12-05T04:04:15.291+0000][7.393s][info ][safepoint   ] Safepoint "CollectForMetadataAllocation", Time since last: 391545540 ns, Reaching safepoint: 53122 ns, Cleanup: 111215 ns, At safepoint: 5625288 ns, Total: 5789625 ns
[2025-12-05T04:04:15.291+0000][7.393s][info ][gc,marking  ] GC(20) Concurrent Clear Claimed Marks 0.054ms
[2025-12-05T04:04:15.291+0000][7.393s][info ][gc,marking  ] GC(20) Concurrent Scan Root Regions
[2025-12-05T04:04:15.294+0000][7.396s][info ][gc,marking  ] GC(20) Concurrent Scan Root Regions 3.014ms
[2025-12-05T04:04:15.294+0000][7.396s][info ][gc,marking  ] GC(20) Concurrent Mark
[2025-12-05T04:04:15.294+0000][7.396s][info ][gc,marking  ] GC(20) Concurrent Mark From Roots
[2025-12-05T04:04:15.294+0000][7.396s][info ][gc,task     ] GC(20) Using 3 workers of 3 for marking
[2025-12-05T04:04:15.324+0000][7.426s][info ][gc,marking  ] GC(20) Concurrent Mark From Roots 29.928ms
[2025-12-05T04:04:15.324+0000][7.426s][info ][gc,marking  ] GC(20) Concurrent Preclean
[2025-12-05T04:04:15.324+0000][7.427s][info ][gc,marking  ] GC(20) Concurrent Preclean 0.422ms
[2025-12-05T04:04:15.324+0000][7.427s][debug][safepoint   ] Safepoint synchronization initiated using futex wait barrier. (18 threads)
[2025-12-05T04:04:15.325+0000][7.427s][info ][gc,start    ] GC(20) Pause Remark
[2025-12-05T04:04:15.329+0000][7.431s][info ][gc          ] GC(20) Pause Remark 68M->68M(237M) 3.909ms
[2025-12-05T04:04:15.329+0000][7.431s][info ][gc,cpu      ] GC(20) User=0.02s Sys=0.00s Real=0.00s
[2025-12-05T04:04:15.329+0000][7.431s][info ][safepoint   ] Safepoint "G1PauseRemark", Time since last: 33619642 ns, Reaching safepoint: 130211 ns, Cleanup: 4459 ns, At safepoint: 4047477 ns, Total: 4182147 ns
[2025-12-05T04:04:15.329+0000][7.431s][info ][gc,marking  ] GC(20) Concurrent Mark 34.775ms
[2025-12-05T04:04:15.329+0000][7.431s][info ][gc,marking  ] GC(20) Concurrent Rebuild Remembered Sets
[2025-12-05T04:04:15.351+0000][7.453s][info ][gc,marking  ] GC(20) Concurrent Rebuild Remembered Sets 22.061ms
[2025-12-05T04:04:15.351+0000][7.453s][debug][safepoint   ] Safepoint synchronization initiated using futex wait barrier. (18 threads)
[2025-12-05T04:04:15.351+0000][7.453s][info ][gc,start    ] GC(20) Pause Cleanup
[2025-12-05T04:04:15.351+0000][7.454s][info ][gc          ] GC(20) Pause Cleanup 73M->73M(237M) 0.249ms
[2025-12-05T04:04:15.351+0000][7.454s][info ][gc,cpu      ] GC(20) User=0.00s Sys=0.00s Real=0.00s
[2025-12-05T04:04:15.351+0000][7.454s][info ][safepoint   ] Safepoint "G1PauseCleanup", Time since last: 22300095 ns, Reaching safepoint: 132596 ns, Cleanup: 11493 ns, At safepoint: 325949 ns, Total: 470038 ns
[2025-12-05T04:04:15.351+0000][7.454s][info ][gc,marking  ] GC(20) Concurrent Cleanup for Next Mark
[2025-12-05T04:04:15.354+0000][7.456s][info ][gc,marking  ] GC(20) Concurrent Cleanup for Next Mark 2.506ms
[2025-12-05T04:04:15.354+0000][7.456s][info ][gc          ] GC(20) Concurrent Mark Cycle 63.257ms
[2025-12-05T04:04:15.988+0000][8.091s][debug][safepoint   ] Safepoint synchronization initiated using futex wait barrier. (18 threads)
[2025-12-05T04:04:15.989+0000][8.091s][info ][gc,start    ] GC(21) Pause Young (Prepare Mixed) (G1 Evacuation Pause)
[2025-12-05T04:04:15.989+0000][8.091s][info ][gc,task     ] GC(21) Using 5 workers of 13 for evacuation
[2025-12-05T04:04:15.997+0000][8.099s][info ][gc,phases   ] GC(21)   Pre Evacuate Collection Set: 0.2ms
[2025-12-05T04:04:15.997+0000][8.099s][info ][gc,phases   ] GC(21)   Merge Heap Roots: 0.2ms
[2025-12-05T04:04:15.997+0000][8.099s][info ][gc,phases   ] GC(21)   Evacuate Collection Set: 5.9ms
[2025-12-05T04:04:15.997+0000][8.099s][info ][gc,phases   ] GC(21)   Post Evacuate Collection Set: 1.2ms
[2025-12-05T04:04:15.997+0000][8.099s][info ][gc,phases   ] GC(21)   Other: 0.6ms
[2025-12-05T04:04:15.997+0000][8.099s][info ][gc,heap     ] GC(21) Eden regions: 133->0(1)
[2025-12-05T04:04:15.997+0000][8.099s][info ][gc,heap     ] GC(21) Survivor regions: 9->10(18)
[2025-12-05T04:04:15.997+0000][8.099s][info ][gc,heap     ] GC(21) Old regions: 53->53
[2025-12-05T04:04:15.997+0000][8.099s][info ][gc,heap     ] GC(21) Archive regions: 2->2
[2025-12-05T04:04:15.997+0000][8.099s][info ][gc,heap     ] GC(21) Humongous regions: 0->0
[2025-12-05T04:04:15.997+0000][8.099s][info ][gc,metaspace] GC(21) Metaspace: 38300K(38720K)->38300K(38720K) NonClass: 33471K(33664K)->33471K(33664K) Class: 4829K(5056K)->4829K(5056K)
[2025-12-05T04:04:15.997+0000][8.099s][info ][gc          ] GC(21) Pause Young (Prepare Mixed) (G1 Evacuation Pause) 194M->62M(237M) 8.120ms
[2025-12-05T04:04:15.997+0000][8.099s][info ][gc,cpu      ] GC(21) User=0.03s Sys=0.00s Real=0.01s
[2025-12-05T04:04:15.997+0000][8.099s][info ][safepoint   ] Safepoint "G1CollectForAllocation", Time since last: 636791917 ns, Reaching safepoint: 72019 ns, Cleanup: 235976 ns, At safepoint: 8222198 ns, Total: 8530193 ns
[2025-12-05T04:04:16.006+0000][8.108s][debug][safepoint   ] Safepoint synchronization initiated using futex wait barrier. (18 threads)
[2025-12-05T04:04:16.006+0000][8.108s][info ][gc,start    ] GC(22) Pause Young (Mixed) (G1 Evacuation Pause)
[2025-12-05T04:04:16.006+0000][8.109s][info ][gc,task     ] GC(22) Using 5 workers of 13 for evacuation
[2025-12-05T04:04:16.013+0000][8.116s][info ][gc,phases   ] GC(22)   Pre Evacuate Collection Set: 0.2ms
[2025-12-05T04:04:16.013+0000][8.116s][info ][gc,phases   ] GC(22)   Merge Heap Roots: 0.2ms
[2025-12-05T04:04:16.013+0000][8.116s][info ][gc,phases   ] GC(22)   Evacuate Collection Set: 5.8ms
[2025-12-05T04:04:16.013+0000][8.116s][info ][gc,phases   ] GC(22)   Post Evacuate Collection Set: 0.9ms
[2025-12-05T04:04:16.013+0000][8.116s][info ][gc,phases   ] GC(22)   Other: 0.1ms
[2025-12-05T04:04:16.013+0000][8.116s][info ][gc,heap     ] GC(22) Eden regions: 1->0(137)
[2025-12-05T04:04:16.013+0000][8.116s][info ][gc,heap     ] GC(22) Survivor regions: 10->2(2)
[2025-12-05T04:04:16.013+0000][8.116s][info ][gc,heap     ] GC(22) Old regions: 53->60
[2025-12-05T04:04:16.013+0000][8.116s][info ][gc,heap     ] GC(22) Archive regions: 2->2
[2025-12-05T04:04:16.013+0000][8.116s][info ][gc,heap     ] GC(22) Humongous regions: 0->0
[2025-12-05T04:04:16.013+0000][8.116s][info ][gc,metaspace] GC(22) Metaspace: 38383K(38784K)->38383K(38784K) NonClass: 33541K(33728K)->33541K(33728K) Class: 4842K(5056K)->4842K(5056K)
[2025-12-05T04:04:16.013+0000][8.116s][info ][gc          ] GC(22) Pause Young (Mixed) (G1 Evacuation Pause) 63M->62M(237M) 7.297ms
[2025-12-05T04:04:16.014+0000][8.116s][info ][gc,cpu      ] GC(22) User=0.03s Sys=0.01s Real=0.00s
[2025-12-05T04:04:16.014+0000][8.116s][info ][safepoint   ] Safepoint "G1CollectForAllocation", Time since last: 9326662 ns, Reaching safepoint: 72209 ns, Cleanup: 3878 ns, At safepoint: 7433966 ns, Total: 7510053 ns
[2025-12-05T04:04:16.479+0000][8.581s][debug][safepoint   ] Safepoint synchronization initiated using futex wait barrier. (18 threads)
[2025-12-05T04:04:16.479+0000][8.581s][info ][safepoint   ] Safepoint "ICBufferFull", Time since last: 464926863 ns, Reaching safepoint: 63593 ns, Cleanup: 193364 ns, At safepoint: 2374 ns, Total: 259331 ns
[2025-12-05T04:04:16.660+0000][8.762s][debug][safepoint   ] ... found polling page loop exception at pc = 0x00007fe6e52d5e1d, stub =0x00007fe6e4a04400
[2025-12-05T04:04:16.716+0000][8.818s][debug][safepoint   ] Safepoint synchronization initiated using futex wait barrier. (19 threads)
[2025-12-05T04:04:16.716+0000][8.819s][info ][gc,start    ] GC(23) Pause Young (Normal) (G1 Evacuation Pause)
[2025-12-05T04:04:16.716+0000][8.819s][info ][gc,task     ] GC(23) Using 5 workers of 13 for evacuation
[2025-12-05T04:04:16.721+0000][8.823s][info ][gc,phases   ] GC(23)   Pre Evacuate Collection Set: 0.1ms
[2025-12-05T04:04:16.721+0000][8.823s][info ][gc,phases   ] GC(23)   Merge Heap Roots: 0.1ms
[2025-12-05T04:04:16.721+0000][8.823s][info ][gc,phases   ] GC(23)   Evacuate Collection Set: 2.5ms
[2025-12-05T04:04:16.721+0000][8.823s][info ][gc,phases   ] GC(23)   Post Evacuate Collection Set: 1.4ms
[2025-12-05T04:04:16.721+0000][8.823s][info ][gc,phases   ] GC(23)   Other: 0.1ms
[2025-12-05T04:04:16.721+0000][8.823s][info ][gc,heap     ] GC(23) Eden regions: 137->0(137)
[2025-12-05T04:04:16.721+0000][8.823s][info ][gc,heap     ] GC(23) Survivor regions: 2->3(18)
[2025-12-05T04:04:16.721+0000][8.823s][info ][gc,heap     ] GC(23) Old regions: 60->60
[2025-12-05T04:04:16.721+0000][8.823s][info ][gc,heap     ] GC(23) Archive regions: 2->2
[2025-12-05T04:04:16.721+0000][8.823s][info ][gc,heap     ] GC(23) Humongous regions: 0->0
[2025-12-05T04:04:16.721+0000][8.823s][info ][gc,metaspace] GC(23) Metaspace: 41229K(41664K)->41229K(41664K) NonClass: 36049K(36288K)->36049K(36288K) Class: 5180K(5376K)->5180K(5376K)
[2025-12-05T04:04:16.721+0000][8.823s][info ][gc          ] GC(23) Pause Young (Normal) (G1 Evacuation Pause) 199M->63M(237M) 4.431ms
[2025-12-05T04:04:16.721+0000][8.823s][info ][gc,cpu      ] GC(23) User=0.02s Sys=0.00s Real=0.00s
[2025-12-05T04:04:16.721+0000][8.823s][info ][safepoint   ] Safepoint "G1CollectForAllocation", Time since last: 237400266 ns, Reaching safepoint: 172062 ns, Cleanup: 109481 ns, At safepoint: 4596858 ns, Total: 4878401 ns
[2025-12-05T04:04:17.547+0000][9.651s][debug][safepoint   ] Safepoint synchronization initiated using futex wait barrier. (19 threads)
[2025-12-05T04:04:17.547+0000][9.651s][info ][gc,start    ] GC(24) Pause Young (Normal) (G1 Evacuation Pause)
[2025-12-05T04:04:17.548+0000][9.651s][info ][gc,task     ] GC(24) Using 5 workers of 13 for evacuation
[2025-12-05T04:04:17.551+0000][9.655s][info ][gc,phases   ] GC(24)   Pre Evacuate Collection Set: 0.3ms
[2025-12-05T04:04:17.551+0000][9.655s][info ][gc,phases   ] GC(24)   Merge Heap Roots: 0.2ms
[2025-12-05T04:04:17.551+0000][9.655s][info ][gc,phases   ] GC(24)   Evacuate Collection Set: 2.3ms
[2025-12-05T04:04:17.551+0000][9.655s][info ][gc,phases   ] GC(24)   Post Evacuate Collection Set: 1.0ms
[2025-12-05T04:04:17.551+0000][9.655s][info ][gc,phases   ] GC(24)   Other: 0.1ms
[2025-12-05T04:04:17.551+0000][9.655s][info ][gc,heap     ] GC(24) Eden regions: 137->0(137)
[2025-12-05T04:04:17.551+0000][9.655s][info ][gc,heap     ] GC(24) Survivor regions: 3->5(18)
[2025-12-05T04:04:17.551+0000][9.655s][info ][gc,heap     ] GC(24) Old regions: 60->60
[2025-12-05T04:04:17.551+0000][9.655s][info ][gc,heap     ] GC(24) Archive regions: 2->2
[2025-12-05T04:04:17.551+0000][9.655s][info ][gc,heap     ] GC(24) Humongous regions: 0->0
[2025-12-05T04:04:17.551+0000][9.655s][info ][gc,metaspace] GC(24) Metaspace: 43451K(43840K)->43451K(43840K) NonClass: 37957K(38144K)->37957K(38144K) Class: 5494K(5696K)->5494K(5696K)
[2025-12-05T04:04:17.551+0000][9.655s][info ][gc          ] GC(24) Pause Young (Normal) (G1 Evacuation Pause) 200M->65M(237M) 3.961ms
[2025-12-05T04:04:17.551+0000][9.655s][info ][gc,cpu      ] GC(24) User=0.01s Sys=0.00s Real=0.00s
[2025-12-05T04:04:17.551+0000][9.655s][info ][safepoint   ] Safepoint "G1CollectForAllocation", Time since last: 827736365 ns, Reaching safepoint: 67079 ns, Cleanup: 136093 ns, At safepoint: 4029962 ns, Total: 4233134 ns
[2025-12-05T04:04:18.039+0000][10.143s][debug][safepoint   ] Safepoint synchronization initiated using futex wait barrier. (17 threads)
[2025-12-05T04:04:18.039+0000][10.143s][info ][safepoint   ] Safepoint "ICBufferFull", Time since last: 487306396 ns, Reaching safepoint: 70115 ns, Cleanup: 245254 ns, At safepoint: 2294 ns, Total: 317663 ns
[2025-12-05T04:04:18.527+0000][10.631s][debug][safepoint   ] Safepoint synchronization initiated using futex wait barrier. (20 threads)
[2025-12-05T04:04:18.527+0000][10.631s][info ][gc,start    ] GC(25) Pause Young (Normal) (G1 Evacuation Pause)
[2025-12-05T04:04:18.527+0000][10.631s][info ][gc,task     ] GC(25) Using 5 workers of 13 for evacuation
[2025-12-05T04:04:18.534+0000][10.638s][info ][gc,phases   ] GC(25)   Pre Evacuate Collection Set: 0.2ms
[2025-12-05T04:04:18.534+0000][10.638s][info ][gc,phases   ] GC(25)   Merge Heap Roots: 0.1ms
[2025-12-05T04:04:18.534+0000][10.638s][info ][gc,phases   ] GC(25)   Evacuate Collection Set: 5.1ms
[2025-12-05T04:04:18.534+0000][10.638s][info ][gc,phases   ] GC(25)   Post Evacuate Collection Set: 1.2ms
[2025-12-05T04:04:18.534+0000][10.638s][info ][gc,phases   ] GC(25)   Other: 0.1ms
[2025-12-05T04:04:18.534+0000][10.638s][info ][gc,heap     ] GC(25) Eden regions: 137->0(132)
[2025-12-05T04:04:18.534+0000][10.638s][info ][gc,heap     ] GC(25) Survivor regions: 5->8(18)
[2025-12-05T04:04:18.534+0000][10.638s][info ][gc,heap     ] GC(25) Old regions: 60->60
[2025-12-05T04:04:18.534+0000][10.638s][info ][gc,heap     ] GC(25) Archive regions: 2->2
[2025-12-05T04:04:18.534+0000][10.638s][info ][gc,heap     ] GC(25) Humongous regions: 0->0
[2025-12-05T04:04:18.534+0000][10.638s][info ][gc,metaspace] GC(25) Metaspace: 48003K(48512K)->48003K(48512K) NonClass: 41877K(42112K)->41877K(42112K) Class: 6126K(6400K)->6126K(6400K)
[2025-12-05T04:04:18.534+0000][10.638s][info ][gc          ] GC(25) Pause Young (Normal) (G1 Evacuation Pause) 202M->68M(237M) 6.937ms
[2025-12-05T04:04:18.534+0000][10.638s][info ][gc,cpu      ] GC(25) User=0.05s Sys=0.00s Real=0.01s
[2025-12-05T04:04:18.534+0000][10.638s][info ][safepoint   ] Safepoint "G1CollectForAllocation", Time since last: 487975082 ns, Reaching safepoint: 85134 ns, Cleanup: 187101 ns, At safepoint: 7098521 ns, Total: 7370756 ns
[2025-12-05T04:04:19.541+0000][11.645s][debug][safepoint   ] Safepoint synchronization initiated using futex wait barrier. (22 threads)
[2025-12-05T04:04:19.542+0000][11.646s][info ][safepoint   ] Safepoint "Cleanup", Time since last: 1006901467 ns, Reaching safepoint: 181701 ns, Cleanup: 194025 ns, At safepoint: 49275 ns, Total: 425001 ns
[2025-12-05T04:04:19.662+0000][11.766s][debug][safepoint   ] Safepoint synchronization initiated using futex wait barrier. (24 threads)
[2025-12-05T04:04:19.662+0000][11.766s][info ][gc,start    ] GC(26) Pause Young (Normal) (G1 Evacuation Pause)
[2025-12-05T04:04:19.662+0000][11.766s][info ][gc,task     ] GC(26) Using 5 workers of 13 for evacuation
[2025-12-05T04:04:19.669+0000][11.773s][info ][gc,phases   ] GC(26)   Pre Evacuate Collection Set: 0.3ms
[2025-12-05T04:04:19.669+0000][11.773s][info ][gc,phases   ] GC(26)   Merge Heap Roots: 0.2ms
[2025-12-05T04:04:19.669+0000][11.773s][info ][gc,phases   ] GC(26)   Evacuate Collection Set: 4.9ms
[2025-12-05T04:04:19.669+0000][11.773s][info ][gc,phases   ] GC(26)   Post Evacuate Collection Set: 1.4ms
[2025-12-05T04:04:19.669+0000][11.773s][info ][gc,phases   ] GC(26)   Other: 0.1ms
[2025-12-05T04:04:19.669+0000][11.773s][info ][gc,heap     ] GC(26) Eden regions: 132->0(131)
[2025-12-05T04:04:19.669+0000][11.773s][info ][gc,heap     ] GC(26) Survivor regions: 8->10(18)
[2025-12-05T04:04:19.669+0000][11.773s][info ][gc,heap     ] GC(26) Old regions: 60->60
[2025-12-05T04:04:19.669+0000][11.773s][info ][gc,heap     ] GC(26) Archive regions: 2->2
[2025-12-05T04:04:19.669+0000][11.773s][info ][gc,heap     ] GC(26) Humongous regions: 0->0
[2025-12-05T04:04:19.669+0000][11.773s][info ][gc,metaspace] GC(26) Metaspace: 54830K(55296K)->54830K(55296K) NonClass: 47910K(48128K)->47910K(48128K) Class: 6920K(7168K)->6920K(7168K)
[2025-12-05T04:04:19.669+0000][11.773s][info ][gc          ] GC(26) Pause Young (Normal) (G1 Evacuation Pause) 200M->70M(237M) 7.051ms
[2025-12-05T04:04:19.669+0000][11.773s][info ][gc,cpu      ] GC(26) User=0.06s Sys=0.00s Real=0.01s
[2025-12-05T04:04:19.669+0000][11.773s][info ][safepoint   ] Safepoint "G1CollectForAllocation", Time since last: 120056681 ns, Reaching safepoint: 45568 ns, Cleanup: 91086 ns, At safepoint: 7176897 ns, Total: 7313551 ns
[2025-12-05T04:04:20.708+0000][12.812s][debug][safepoint   ] Safepoint synchronization initiated using futex wait barrier. (24 threads)
[2025-12-05T04:04:20.708+0000][12.812s][info ][safepoint   ] Safepoint "Cleanup", Time since last: 1038487550 ns, Reaching safepoint: 484645 ns, Cleanup: 82880 ns, At safepoint: 27574 ns, Total: 595099 ns
[2025-12-05T04:04:20.955+0000][13.059s][debug][safepoint   ] Safepoint synchronization initiated using futex wait barrier. (21 threads)
[2025-12-05T04:04:20.956+0000][13.059s][info ][safepoint   ] Safepoint "ICBufferFull", Time since last: 247021170 ns, Reaching safepoint: 151923 ns, Cleanup: 164808 ns, At safepoint: 32884 ns, Total: 349615 ns
[2025-12-05T04:04:21.484+0000][13.587s][debug][safepoint   ] Safepoint synchronization initiated using futex wait barrier. (22 threads)
[2025-12-05T04:04:21.484+0000][13.588s][info ][gc,start    ] GC(27) Pause Young (Normal) (G1 Evacuation Pause)
[2025-12-05T04:04:21.484+0000][13.588s][info ][gc,task     ] GC(27) Using 5 workers of 13 for evacuation
[2025-12-05T04:04:21.492+0000][13.596s][info ][gc,phases   ] GC(27)   Pre Evacuate Collection Set: 0.1ms
[2025-12-05T04:04:21.492+0000][13.596s][info ][gc,phases   ] GC(27)   Merge Heap Roots: 0.1ms
[2025-12-05T04:04:21.492+0000][13.596s][info ][gc,phases   ] GC(27)   Evacuate Collection Set: 6.3ms
[2025-12-05T04:04:21.492+0000][13.596s][info ][gc,phases   ] GC(27)   Post Evacuate Collection Set: 1.2ms
[2025-12-05T04:04:21.492+0000][13.596s][info ][gc,phases   ] GC(27)   Other: 0.1ms
[2025-12-05T04:04:21.492+0000][13.596s][info ][gc,heap     ] GC(27) Eden regions: 131->0(127)
[2025-12-05T04:04:21.492+0000][13.596s][info ][gc,heap     ] GC(27) Survivor regions: 10->12(18)
[2025-12-05T04:04:21.492+0000][13.596s][info ][gc,heap     ] GC(27) Old regions: 60->60
[2025-12-05T04:04:21.492+0000][13.596s][info ][gc,heap     ] GC(27) Archive regions: 2->2
[2025-12-05T04:04:21.492+0000][13.596s][info ][gc,heap     ] GC(27) Humongous regions: 0->0
[2025-12-05T04:04:21.492+0000][13.596s][info ][gc,metaspace] GC(27) Metaspace: 58592K(59072K)->58592K(59072K) NonClass: 51178K(51392K)->51178K(51392K) Class: 7414K(7680K)->7414K(7680K)
[2025-12-05T04:04:21.492+0000][13.596s][info ][gc          ] GC(27) Pause Young (Normal) (G1 Evacuation Pause) 201M->72M(237M) 8.051ms
[2025-12-05T04:04:21.492+0000][13.596s][info ][gc,cpu      ] GC(27) User=0.03s Sys=0.00s Real=0.00s
[2025-12-05T04:04:21.492+0000][13.596s][info ][safepoint   ] Safepoint "G1CollectForAllocation", Time since last: 528053502 ns, Reaching safepoint: 51299 ns, Cleanup: 80987 ns, At safepoint: 8174122 ns, Total: 8306408 ns
[2025-12-05T04:04:21.657+0000][13.761s][debug][safepoint   ] Safepoint synchronization initiated using futex wait barrier. (21 threads)
[2025-12-05T04:04:21.657+0000][13.761s][info ][gc,start    ] GC(28) Pause Young (Concurrent Start) (Metadata GC Threshold)
[2025-12-05T04:04:21.657+0000][13.761s][info ][gc,task     ] GC(28) Using 5 workers of 13 for evacuation
[2025-12-05T04:04:21.667+0000][13.771s][info ][gc,phases   ] GC(28)   Pre Evacuate Collection Set: 0.3ms
[2025-12-05T04:04:21.667+0000][13.771s][info ][gc,phases   ] GC(28)   Merge Heap Roots: 0.2ms
[2025-12-05T04:04:21.667+0000][13.771s][info ][gc,phases   ] GC(28)   Evacuate Collection Set: 8.4ms
[2025-12-05T04:04:21.667+0000][13.771s][info ][gc,phases   ] GC(28)   Post Evacuate Collection Set: 1.1ms
[2025-12-05T04:04:21.667+0000][13.771s][info ][gc,phases   ] GC(28)   Other: 0.2ms
[2025-12-05T04:04:21.667+0000][13.771s][info ][gc,heap     ] GC(28) Eden regions: 51->0(129)
[2025-12-05T04:04:21.667+0000][13.771s][info ][gc,heap     ] GC(28) Survivor regions: 12->10(18)
[2025-12-05T04:04:21.667+0000][13.771s][info ][gc,heap     ] GC(28) Old regions: 60->62
[2025-12-05T04:04:21.667+0000][13.771s][info ][gc,heap     ] GC(28) Archive regions: 2->2
[2025-12-05T04:04:21.667+0000][13.771s][info ][gc,heap     ] GC(28) Humongous regions: 0->0
[2025-12-05T04:04:21.667+0000][13.771s][info ][gc,metaspace] GC(28) Metaspace: 59989K(60416K)->59989K(60416K) NonClass: 52328K(52544K)->52328K(52544K) Class: 7660K(7872K)->7660K(7872K)
[2025-12-05T04:04:21.667+0000][13.771s][info ][gc          ] GC(28) Pause Young (Concurrent Start) (Metadata GC Threshold) 122M->72M(237M) 10.285ms
[2025-12-05T04:04:21.667+0000][13.771s][info ][gc,cpu      ] GC(28) User=0.03s Sys=0.01s Real=0.01s
[2025-12-05T04:04:21.667+0000][13.771s][info ][gc          ] GC(29) Concurrent Mark Cycle
[2025-12-05T04:04:21.667+0000][13.771s][info ][gc,marking  ] GC(29) Concurrent Clear Claimed Marks
[2025-12-05T04:04:21.667+0000][13.771s][info ][safepoint   ] Safepoint "CollectForMetadataAllocation", Time since last: 164731933 ns, Reaching safepoint: 68923 ns, Cleanup: 35709 ns, At safepoint: 10443835 ns, Total: 10548467 ns
[2025-12-05T04:04:21.667+0000][13.771s][info ][gc,marking  ] GC(29) Concurrent Clear Claimed Marks 0.057ms
[2025-12-05T04:04:21.667+0000][13.771s][info ][gc,marking  ] GC(29) Concurrent Scan Root Regions
[2025-12-05T04:04:21.671+0000][13.775s][info ][gc,marking  ] GC(29) Concurrent Scan Root Regions 3.442ms
[2025-12-05T04:04:21.671+0000][13.775s][info ][gc,marking  ] GC(29) Concurrent Mark
[2025-12-05T04:04:21.671+0000][13.775s][info ][gc,marking  ] GC(29) Concurrent Mark From Roots
[2025-12-05T04:04:21.671+0000][13.775s][info ][gc,task     ] GC(29) Using 3 workers of 3 for marking
[2025-12-05T04:04:21.690+0000][13.793s][debug][safepoint   ] Safepoint synchronization initiated using futex wait barrier. (21 threads)
[2025-12-05T04:04:21.690+0000][13.794s][info ][safepoint   ] Safepoint "CollectForMetadataAllocation", Time since last: 22289990 ns, Reaching safepoint: 137175 ns, Cleanup: 11903 ns, At safepoint: 166601 ns, Total: 315679 ns
[2025-12-05T04:04:21.697+0000][13.800s][info ][gc,marking  ] GC(29) Concurrent Mark From Roots 25.729ms
[2025-12-05T04:04:21.697+0000][13.800s][info ][gc,marking  ] GC(29) Concurrent Preclean
[2025-12-05T04:04:21.697+0000][13.801s][info ][gc,marking  ] GC(29) Concurrent Preclean 0.261ms
[2025-12-05T04:04:21.697+0000][13.801s][debug][safepoint   ] Safepoint synchronization initiated using futex wait barrier. (20 threads)
[2025-12-05T04:04:21.697+0000][13.801s][info ][gc,start    ] GC(29) Pause Remark
[2025-12-05T04:04:21.702+0000][13.806s][info ][gc          ] GC(29) Pause Remark 76M->76M(237M) 5.483ms
[2025-12-05T04:04:21.702+0000][13.806s][info ][gc,cpu      ] GC(29) User=0.03s Sys=0.00s Real=0.01s
[2025-12-05T04:04:21.703+0000][13.806s][info ][safepoint   ] Safepoint "G1PauseRemark", Time since last: 7027609 ns, Reaching safepoint: 17194 ns, Cleanup: 10310 ns, At safepoint: 5632605 ns, Total: 5660109 ns
[2025-12-05T04:04:21.703+0000][13.806s][info ][gc,marking  ] GC(29) Concurrent Mark 31.865ms
[2025-12-05T04:04:21.703+0000][13.806s][info ][gc,marking  ] GC(29) Concurrent Rebuild Remembered Sets
[2025-12-05T04:04:21.725+0000][13.829s][info ][gc,marking  ] GC(29) Concurrent Rebuild Remembered Sets 22.235ms
[2025-12-05T04:04:21.725+0000][13.829s][debug][safepoint   ] Safepoint synchronization initiated using futex wait barrier. (19 threads)
[2025-12-05T04:04:21.725+0000][13.829s][info ][gc,start    ] GC(29) Pause Cleanup
[2025-12-05T04:04:21.725+0000][13.829s][info ][gc          ] GC(29) Pause Cleanup 80M->80M(237M) 0.150ms
[2025-12-05T04:04:21.725+0000][13.829s][info ][gc,cpu      ] GC(29) User=0.00s Sys=0.00s Real=0.00s
[2025-12-05T04:04:21.725+0000][13.829s][info ][safepoint   ] Safepoint "G1PauseCleanup", Time since last: 22467631 ns, Reaching safepoint: 119210 ns, Cleanup: 10070 ns, At safepoint: 222359 ns, Total: 351639 ns
[2025-12-05T04:04:21.725+0000][13.829s][info ][gc,marking  ] GC(29) Concurrent Cleanup for Next Mark
[2025-12-05T04:04:21.727+0000][13.831s][info ][gc,marking  ] GC(29) Concurrent Cleanup for Next Mark 1.413ms
[2025-12-05T04:04:21.727+0000][13.831s][info ][gc          ] GC(29) Concurrent Mark Cycle 59.654ms
[2025-12-05T04:04:22.186+0000][14.290s][debug][safepoint   ] Safepoint synchronization initiated using futex wait barrier. (21 threads)
[2025-12-05T04:04:22.189+0000][14.293s][info ][gc,start    ] GC(30) Pause Young (Prepare Mixed) (G1 Evacuation Pause)
[2025-12-05T04:04:22.189+0000][14.293s][info ][gc,task     ] GC(30) Using 5 workers of 13 for evacuation
[2025-12-05T04:04:22.200+0000][14.304s][info ][gc,phases   ] GC(30)   Pre Evacuate Collection Set: 0.2ms
[2025-12-05T04:04:22.200+0000][14.304s][info ][gc,phases   ] GC(30)   Merge Heap Roots: 0.2ms
[2025-12-05T04:04:22.200+0000][14.304s][info ][gc,phases   ] GC(30)   Evacuate Collection Set: 8.8ms
[2025-12-05T04:04:22.200+0000][14.304s][info ][gc,phases   ] GC(30)   Post Evacuate Collection Set: 1.9ms
[2025-12-05T04:04:22.200+0000][14.304s][info ][gc,phases   ] GC(30)   Other: 0.2ms
[2025-12-05T04:04:22.200+0000][14.304s][info ][gc,heap     ] GC(30) Eden regions: 129->0(1)
[2025-12-05T04:04:22.200+0000][14.304s][info ][gc,heap     ] GC(30) Survivor regions: 10->11(18)
[2025-12-05T04:04:22.200+0000][14.304s][info ][gc,heap     ] GC(30) Old regions: 62->62
[2025-12-05T04:04:22.200+0000][14.304s][info ][gc,heap     ] GC(30) Archive regions: 2->2
[2025-12-05T04:04:22.200+0000][14.304s][info ][gc,heap     ] GC(30) Humongous regions: 0->0
[2025-12-05T04:04:22.200+0000][14.304s][info ][gc,metaspace] GC(30) Metaspace: 64212K(64704K)->64212K(64704K) NonClass: 55991K(56256K)->55991K(56256K) Class: 8221K(8448K)->8221K(8448K)
[2025-12-05T04:04:22.200+0000][14.304s][info ][gc          ] GC(30) Pause Young (Prepare Mixed) (G1 Evacuation Pause) 201M->73M(237M) 11.397ms
[2025-12-05T04:04:22.200+0000][14.304s][info ][gc,cpu      ] GC(30) User=0.04s Sys=0.00s Real=0.01s
[2025-12-05T04:04:22.200+0000][14.304s][info ][safepoint   ] Safepoint "G1CollectForAllocation", Time since last: 460832399 ns, Reaching safepoint: 196911 ns, Cleanup: 2547037 ns, At safepoint: 11479235 ns, Total: 14223183 ns
[2025-12-05T04:04:22.203+0000][14.307s][debug][safepoint   ] Safepoint synchronization initiated using futex wait barrier. (21 threads)
[2025-12-05T04:04:22.203+0000][14.307s][info ][gc,start    ] GC(31) Pause Young (Mixed) (G1 Evacuation Pause)
[2025-12-05T04:04:22.203+0000][14.307s][info ][gc,task     ] GC(31) Using 5 workers of 13 for evacuation
[2025-12-05T04:04:22.212+0000][14.316s][info ][gc,phases   ] GC(31)   Pre Evacuate Collection Set: 0.2ms
[2025-12-05T04:04:22.212+0000][14.316s][info ][gc,phases   ] GC(31)   Merge Heap Roots: 0.2ms
[2025-12-05T04:04:22.212+0000][14.316s][info ][gc,phases   ] GC(31)   Evacuate Collection Set: 7.4ms
[2025-12-05T04:04:22.212+0000][14.316s][info ][gc,phases   ] GC(31)   Post Evacuate Collection Set: 1.0ms
[2025-12-05T04:04:22.212+0000][14.316s][info ][gc,phases   ] GC(31)   Other: 0.1ms
[2025-12-05T04:04:22.212+0000][14.316s][info ][gc,heap     ] GC(31) Eden regions: 1->0(131)
[2025-12-05T04:04:22.212+0000][14.316s][info ][gc,heap     ] GC(31) Survivor regions: 11->2(2)
[2025-12-05T04:04:22.212+0000][14.316s][info ][gc,heap     ] GC(31) Old regions: 62->71
[2025-12-05T04:04:22.212+0000][14.316s][info ][gc,heap     ] GC(31) Archive regions: 2->2
[2025-12-05T04:04:22.212+0000][14.316s][info ][gc,heap     ] GC(31) Humongous regions: 0->0
[2025-12-05T04:04:22.212+0000][14.316s][info ][gc,metaspace] GC(31) Metaspace: 64227K(64704K)->64227K(64704K) NonClass: 56003K(56256K)->56003K(56256K) Class: 8224K(8448K)->8224K(8448K)
[2025-12-05T04:04:22.212+0000][14.316s][info ][gc          ] GC(31) Pause Young (Mixed) (G1 Evacuation Pause) 74M->73M(237M) 8.860ms
[2025-12-05T04:04:22.212+0000][14.316s][info ][gc,cpu      ] GC(31) User=0.04s Sys=0.00s Real=0.00s
[2025-12-05T04:04:22.212+0000][14.316s][info ][safepoint   ] Safepoint "G1CollectForAllocation", Time since last: 2878527 ns, Reaching safepoint: 34367 ns, Cleanup: 3126 ns, At safepoint: 8962655 ns, Total: 9000148 ns
[2025-12-05T04:04:22.607+0000][14.711s][debug][safepoint   ] Safepoint synchronization initiated using futex wait barrier. (21 threads)
[2025-12-05T04:04:22.607+0000][14.711s][info ][gc,start    ] GC(32) Pause Young (Concurrent Start) (G1 Evacuation Pause)
[2025-12-05T04:04:22.607+0000][14.711s][info ][gc,task     ] GC(32) Using 5 workers of 13 for evacuation
[2025-12-05T04:04:22.610+0000][14.714s][info ][gc,phases   ] GC(32)   Pre Evacuate Collection Set: 0.2ms
[2025-12-05T04:04:22.610+0000][14.714s][info ][gc,phases   ] GC(32)   Merge Heap Roots: 0.1ms
[2025-12-05T04:04:22.610+0000][14.714s][info ][gc,phases   ] GC(32)   Evacuate Collection Set: 1.6ms
[2025-12-05T04:04:22.610+0000][14.714s][info ][gc,phases   ] GC(32)   Post Evacuate Collection Set: 1.3ms
[2025-12-05T04:04:22.610+0000][14.714s][info ][gc,phases   ] GC(32)   Other: 0.1ms
[2025-12-05T04:04:22.610+0000][14.714s][info ][gc,heap     ] GC(32) Eden regions: 131->0(131)
[2025-12-05T04:04:22.610+0000][14.714s][info ][gc,heap     ] GC(32) Survivor regions: 2->2(17)
[2025-12-05T04:04:22.610+0000][14.714s][info ][gc,heap     ] GC(32) Old regions: 71->71
[2025-12-05T04:04:22.610+0000][14.714s][info ][gc,heap     ] GC(32) Archive regions: 2->2
[2025-12-05T04:04:22.610+0000][14.714s][info ][gc,heap     ] GC(32) Humongous regions: 0->0
[2025-12-05T04:04:22.610+0000][14.714s][info ][gc,metaspace] GC(32) Metaspace: 67542K(67968K)->67542K(67968K) NonClass: 58792K(59008K)->58792K(59008K) Class: 8750K(8960K)->8750K(8960K)
[2025-12-05T04:04:22.610+0000][14.714s][info ][gc          ] GC(32) Pause Young (Concurrent Start) (G1 Evacuation Pause) 204M->72M(237M) 3.534ms
[2025-12-05T04:04:22.610+0000][14.714s][info ][gc,cpu      ] GC(32) User=0.01s Sys=0.00s Real=0.00s
[2025-12-05T04:04:22.611+0000][14.714s][info ][gc          ] GC(33) Concurrent Mark Cycle
[2025-12-05T04:04:22.611+0000][14.714s][info ][gc,marking  ] GC(33) Concurrent Clear Claimed Marks
[2025-12-05T04:04:22.611+0000][14.714s][info ][gc,marking  ] GC(33) Concurrent Clear Claimed Marks 0.073ms
[2025-12-05T04:04:22.611+0000][14.714s][info ][gc,marking  ] GC(33) Concurrent Scan Root Regions
[2025-12-05T04:04:22.611+0000][14.714s][info ][safepoint   ] Safepoint "G1CollectForAllocation", Time since last: 394518958 ns, Reaching safepoint: 53704 ns, Cleanup: 27543 ns, At safepoint: 3684354 ns, Total: 3765601 ns
[2025-12-05T04:04:22.612+0000][14.716s][info ][gc,marking  ] GC(33) Concurrent Scan Root Regions 1.833ms
[2025-12-05T04:04:22.613+0000][14.716s][info ][gc,marking  ] GC(33) Concurrent Mark
[2025-12-05T04:04:22.613+0000][14.716s][info ][gc,marking  ] GC(33) Concurrent Mark From Roots
[2025-12-05T04:04:22.613+0000][14.716s][info ][gc,task     ] GC(33) Using 3 workers of 3 for marking
[2025-12-05T04:04:22.665+0000][14.769s][info ][gc,marking  ] GC(33) Concurrent Mark From Roots 52.463ms
[2025-12-05T04:04:22.665+0000][14.769s][info ][gc,marking  ] GC(33) Concurrent Preclean
[2025-12-05T04:04:22.665+0000][14.769s][info ][gc,marking  ] GC(33) Concurrent Preclean 0.367ms
[2025-12-05T04:04:22.666+0000][14.769s][debug][safepoint   ] Safepoint synchronization initiated using futex wait barrier. (21 threads)
[2025-12-05T04:04:22.666+0000][14.769s][info ][gc,start    ] GC(33) Pause Remark
[2025-12-05T04:04:22.671+0000][14.775s][info ][gc          ] GC(33) Pause Remark 78M->78M(237M) 5.687ms
[2025-12-05T04:04:22.671+0000][14.775s][info ][gc,cpu      ] GC(33) User=0.03s Sys=0.01s Real=0.00s
[2025-12-05T04:04:22.671+0000][14.775s][info ][safepoint   ] Safepoint "G1PauseRemark", Time since last: 54961613 ns, Reaching safepoint: 26912 ns, Cleanup: 46550 ns, At safepoint: 5872007 ns, Total: 5945469 ns
[2025-12-05T04:04:22.672+0000][14.775s][info ][gc,marking  ] GC(33) Concurrent Mark 59.047ms
[2025-12-05T04:04:22.672+0000][14.775s][info ][gc,marking  ] GC(33) Concurrent Rebuild Remembered Sets
[2025-12-05T04:04:22.705+0000][14.809s][info ][gc,marking  ] GC(33) Concurrent Rebuild Remembered Sets 33.103ms
[2025-12-05T04:04:22.705+0000][14.809s][debug][safepoint   ] Safepoint synchronization initiated using futex wait barrier. (22 threads)
[2025-12-05T04:04:22.705+0000][14.809s][info ][gc,start    ] GC(33) Pause Cleanup
[2025-12-05T04:04:22.705+0000][14.809s][info ][gc          ] GC(33) Pause Cleanup 82M->82M(237M) 0.184ms
[2025-12-05T04:04:22.705+0000][14.809s][info ][gc,cpu      ] GC(33) User=0.00s Sys=0.00s Real=0.00s
[2025-12-05T04:04:22.705+0000][14.809s][info ][safepoint   ] Safepoint "G1PauseCleanup", Time since last: 33308034 ns, Reaching safepoint: 126634 ns, Cleanup: 37883 ns, At safepoint: 261485 ns, Total: 426002 ns
[2025-12-05T04:04:22.705+0000][14.809s][info ][gc,marking  ] GC(33) Concurrent Cleanup for Next Mark
[2025-12-05T04:04:22.706+0000][14.810s][info ][gc,marking  ] GC(33) Concurrent Cleanup for Next Mark 0.618ms
[2025-12-05T04:04:22.706+0000][14.810s][info ][gc          ] GC(33) Concurrent Mark Cycle 95.409ms
[2025-12-05T04:04:23.005+0000][15.109s][debug][safepoint   ] Safepoint synchronization initiated using futex wait barrier. (25 threads)
[2025-12-05T04:04:23.005+0000][15.109s][info ][safepoint   ] Safepoint "ICBufferFull", Time since last: 299837060 ns, Reaching safepoint: 51649 ns, Cleanup: 110774 ns, At safepoint: 25279 ns, Total: 187702 ns
[2025-12-05T04:04:23.592+0000][15.696s][debug][safepoint   ] Safepoint synchronization initiated using futex wait barrier. (29 threads)
[2025-12-05T04:04:23.593+0000][15.697s][info ][gc,start    ] GC(34) Pause Young (Prepare Mixed) (G1 Evacuation Pause)
[2025-12-05T04:04:23.593+0000][15.697s][info ][gc,task     ] GC(34) Using 5 workers of 13 for evacuation
[2025-12-05T04:04:23.601+0000][15.705s][info ][gc,phases   ] GC(34)   Pre Evacuate Collection Set: 0.3ms
[2025-12-05T04:04:23.601+0000][15.705s][info ][gc,phases   ] GC(34)   Merge Heap Roots: 0.3ms
[2025-12-05T04:04:23.601+0000][15.705s][info ][gc,phases   ] GC(34)   Evacuate Collection Set: 5.1ms
[2025-12-05T04:04:23.601+0000][15.705s][info ][gc,phases   ] GC(34)   Post Evacuate Collection Set: 1.5ms
[2025-12-05T04:04:23.601+0000][15.705s][info ][gc,phases   ] GC(34)   Other: 0.5ms
[2025-12-05T04:04:23.601+0000][15.705s][info ][gc,heap     ] GC(34) Eden regions: 131->0(5)
[2025-12-05T04:04:23.601+0000][15.705s][info ][gc,heap     ] GC(34) Survivor regions: 2->6(17)
[2025-12-05T04:04:23.601+0000][15.705s][info ][gc,heap     ] GC(34) Old regions: 71->71
[2025-12-05T04:04:23.601+0000][15.705s][info ][gc,heap     ] GC(34) Archive regions: 2->2
[2025-12-05T04:04:23.601+0000][15.705s][info ][gc,heap     ] GC(34) Humongous regions: 0->0
[2025-12-05T04:04:23.601+0000][15.705s][info ][gc,metaspace] GC(34) Metaspace: 70096K(70592K)->70096K(70592K) NonClass: 61052K(61312K)->61052K(61312K) Class: 9043K(9280K)->9043K(9280K)
[2025-12-05T04:04:23.601+0000][15.705s][info ][gc          ] GC(34) Pause Young (Prepare Mixed) (G1 Evacuation Pause) 203M->76M(237M) 7.871ms
[2025-12-05T04:04:23.601+0000][15.705s][info ][gc,cpu      ] GC(34) User=0.07s Sys=0.00s Real=0.01s
[2025-12-05T04:04:23.601+0000][15.705s][info ][safepoint   ] Safepoint "G1CollectForAllocation", Time since last: 587214033 ns, Reaching safepoint: 171882 ns, Cleanup: 233741 ns, At safepoint: 8115169 ns, Total: 8520792 ns
[2025-12-05T04:04:23.641+0000][15.745s][debug][safepoint   ] Safepoint synchronization initiated using futex wait barrier. (29 threads)
[2025-12-05T04:04:23.642+0000][15.745s][info ][gc,start    ] GC(35) Pause Young (Mixed) (G1 Evacuation Pause)
[2025-12-05T04:04:23.642+0000][15.745s][info ][gc,task     ] GC(35) Using 5 workers of 13 for evacuation
[2025-12-05T04:04:23.649+0000][15.753s][info ][gc,phases   ] GC(35)   Pre Evacuate Collection Set: 0.2ms
[2025-12-05T04:04:23.649+0000][15.753s][info ][gc,phases   ] GC(35)   Merge Heap Roots: 0.2ms
[2025-12-05T04:04:23.649+0000][15.753s][info ][gc,phases   ] GC(35)   Evacuate Collection Set: 5.4ms
[2025-12-05T04:04:23.649+0000][15.753s][info ][gc,phases   ] GC(35)   Post Evacuate Collection Set: 1.3ms
[2025-12-05T04:04:23.649+0000][15.753s][info ][gc,phases   ] GC(35)   Other: 0.2ms
[2025-12-05T04:04:23.649+0000][15.753s][info ][gc,heap     ] GC(35) Eden regions: 5->0(126)
[2025-12-05T04:04:23.649+0000][15.753s][info ][gc,heap     ] GC(35) Survivor regions: 6->1(2)
[2025-12-05T04:04:23.649+0000][15.753s][info ][gc,heap     ] GC(35) Old regions: 71->75
[2025-12-05T04:04:23.649+0000][15.753s][info ][gc,heap     ] GC(35) Archive regions: 2->2
[2025-12-05T04:04:23.649+0000][15.753s][info ][gc,heap     ] GC(35) Humongous regions: 0->0
[2025-12-05T04:04:23.649+0000][15.753s][info ][gc,metaspace] GC(35) Metaspace: 70121K(70592K)->70121K(70592K) NonClass: 61076K(61312K)->61076K(61312K) Class: 9045K(9280K)->9045K(9280K)
[2025-12-05T04:04:23.649+0000][15.753s][info ][gc          ] GC(35) Pause Young (Mixed) (G1 Evacuation Pause) 81M->76M(237M) 7.298ms
[2025-12-05T04:04:23.649+0000][15.753s][info ][gc,cpu      ] GC(35) User=0.09s Sys=0.00s Real=0.01s
[2025-12-05T04:04:23.649+0000][15.753s][info ][safepoint   ] Safepoint "G1CollectForAllocation", Time since last: 40229217 ns, Reaching safepoint: 229914 ns, Cleanup: 38705 ns, At safepoint: 7470163 ns, Total: 7738782 ns
[2025-12-05T04:04:24.137+0000][16.241s][debug][safepoint   ] Safepoint synchronization initiated using futex wait barrier. (22 threads)
[2025-12-05T04:04:24.138+0000][16.241s][info ][safepoint   ] Safepoint "ICBufferFull", Time since last: 488072816 ns, Reaching safepoint: 156772 ns, Cleanup: 279009 ns, At safepoint: 162273 ns, Total: 598054 ns
[2025-12-05T04:04:24.349+0000][16.453s][debug][safepoint   ] Safepoint synchronization initiated using futex wait barrier. (25 threads)
[2025-12-05T04:04:24.350+0000][16.454s][info ][safepoint   ] Safepoint "ICBufferFull", Time since last: 211657770 ns, Reaching safepoint: 229934 ns, Cleanup: 149068 ns, At safepoint: 33184 ns, Total: 412186 ns
[2025-12-05T04:04:24.556+0000][16.660s][debug][safepoint   ] Safepoint synchronization initiated using futex wait barrier. (26 threads)
[2025-12-05T04:04:24.557+0000][16.660s][info ][gc,start    ] GC(36) Pause Young (Normal) (G1 Evacuation Pause)
[2025-12-05T04:04:24.557+0000][16.661s][info ][gc,task     ] GC(36) Using 5 workers of 13 for evacuation
[2025-12-05T04:04:24.561+0000][16.665s][info ][gc,phases   ] GC(36)   Pre Evacuate Collection Set: 0.2ms
[2025-12-05T04:04:24.561+0000][16.665s][info ][gc,phases   ] GC(36)   Merge Heap Roots: 0.2ms
[2025-12-05T04:04:24.561+0000][16.665s][info ][gc,phases   ] GC(36)   Evacuate Collection Set: 2.7ms
[2025-12-05T04:04:24.561+0000][16.665s][info ][gc,phases   ] GC(36)   Post Evacuate Collection Set: 1.4ms
[2025-12-05T04:04:24.561+0000][16.665s][info ][gc,phases   ] GC(36)   Other: 0.2ms
[2025-12-05T04:04:24.561+0000][16.665s][info ][gc,heap     ] GC(36) Eden regions: 126->0(125)
[2025-12-05T04:04:24.561+0000][16.665s][info ][gc,heap     ] GC(36) Survivor regions: 1->3(16)
[2025-12-05T04:04:24.561+0000][16.665s][info ][gc,heap     ] GC(36) Old regions: 75->75
[2025-12-05T04:04:24.561+0000][16.665s][info ][gc,heap     ] GC(36) Archive regions: 2->2
[2025-12-05T04:04:24.561+0000][16.665s][info ][gc,heap     ] GC(36) Humongous regions: 0->0
[2025-12-05T04:04:24.561+0000][16.665s][info ][gc,metaspace] GC(36) Metaspace: 73474K(73984K)->73474K(73984K) NonClass: 64035K(64256K)->64035K(64256K) Class: 9439K(9728K)->9439K(9728K)
[2025-12-05T04:04:24.561+0000][16.665s][info ][gc          ] GC(36) Pause Young (Normal) (G1 Evacuation Pause) 202M->77M(237M) 4.656ms
[2025-12-05T04:04:24.561+0000][16.665s][info ][gc,cpu      ] GC(36) User=0.03s Sys=0.00s Real=0.00s
[2025-12-05T04:04:24.561+0000][16.665s][info ][safepoint   ] Safepoint "G1CollectForAllocation", Time since last: 206697387 ns, Reaching safepoint: 56218 ns, Cleanup: 79574 ns, At safepoint: 4903894 ns, Total: 5039686 ns
[2025-12-05T04:04:25.203+0000][17.307s][debug][safepoint   ] Safepoint synchronization initiated using futex wait barrier. (22 threads)
[2025-12-05T04:04:25.203+0000][17.307s][info ][gc,start    ] GC(37) Pause Young (Normal) (G1 Evacuation Pause)
[2025-12-05T04:04:25.203+0000][17.307s][info ][gc,task     ] GC(37) Using 5 workers of 13 for evacuation
[2025-12-05T04:04:25.208+0000][17.312s][info ][gc,phases   ] GC(37)   Pre Evacuate Collection Set: 0.2ms
[2025-12-05T04:04:25.208+0000][17.312s][info ][gc,phases   ] GC(37)   Merge Heap Roots: 0.1ms
[2025-12-05T04:04:25.208+0000][17.312s][info ][gc,phases   ] GC(37)   Evacuate Collection Set: 3.3ms
[2025-12-05T04:04:25.208+0000][17.312s][info ][gc,phases   ] GC(37)   Post Evacuate Collection Set: 1.4ms
[2025-12-05T04:04:25.208+0000][17.312s][info ][gc,phases   ] GC(37)   Other: 0.1ms
[2025-12-05T04:04:25.208+0000][17.312s][info ][gc,heap     ] GC(37) Eden regions: 125->0(125)
[2025-12-05T04:04:25.208+0000][17.312s][info ][gc,heap     ] GC(37) Survivor regions: 3->4(16)
[2025-12-05T04:04:25.208+0000][17.312s][info ][gc,heap     ] GC(37) Old regions: 75->75
[2025-12-05T04:04:25.208+0000][17.312s][info ][gc,heap     ] GC(37) Archive regions: 2->2
[2025-12-05T04:04:25.208+0000][17.312s][info ][gc,heap     ] GC(37) Humongous regions: 0->0
[2025-12-05T04:04:25.208+0000][17.312s][info ][gc,metaspace] GC(37) Metaspace: 78305K(78848K)->78305K(78848K) NonClass: 68061K(68352K)->68061K(68352K) Class: 10243K(10496K)->10243K(10496K)
[2025-12-05T04:04:25.208+0000][17.312s][info ][gc          ] GC(37) Pause Young (Normal) (G1 Evacuation Pause) 202M->78M(237M) 5.315ms
[2025-12-05T04:04:25.208+0000][17.312s][info ][gc,cpu      ] GC(37) User=0.02s Sys=0.00s Real=0.00s
[2025-12-05T04:04:25.209+0000][17.312s][info ][safepoint   ] Safepoint "G1CollectForAllocation", Time since last: 641567821 ns, Reaching safepoint: 58273 ns, Cleanup: 41851 ns, At safepoint: 5420698 ns, Total: 5520822 ns
[2025-12-05T04:04:25.735+0000][17.839s][debug][safepoint   ] Safepoint synchronization initiated using futex wait barrier. (23 threads)
[2025-12-05T04:04:25.735+0000][17.839s][info ][safepoint   ] Safepoint "ICBufferFull", Time since last: 526256368 ns, Reaching safepoint: 53273 ns, Cleanup: 117006 ns, At safepoint: 26110 ns, Total: 196389 ns
[2025-12-05T04:04:25.829+0000][17.933s][debug][safepoint   ] Safepoint synchronization initiated using futex wait barrier. (23 threads)
[2025-12-05T04:04:25.829+0000][17.933s][info ][safepoint   ] Safepoint "ICBufferFull", Time since last: 94020111 ns, Reaching safepoint: 83340 ns, Cleanup: 218733 ns, At safepoint: 3597 ns, Total: 305670 ns
[2025-12-05T04:04:25.890+0000][17.994s][debug][safepoint   ] Safepoint synchronization initiated using futex wait barrier. (23 threads)
[2025-12-05T04:04:25.891+0000][17.995s][info ][safepoint   ] Safepoint "ICBufferFull", Time since last: 60979856 ns, Reaching safepoint: 216458 ns, Cleanup: 204285 ns, At safepoint: 39566 ns, Total: 460309 ns
[2025-12-05T04:04:25.925+0000][18.029s][debug][safepoint   ] Safepoint synchronization initiated using futex wait barrier. (23 threads)
[2025-12-05T04:04:25.925+0000][18.029s][info ][safepoint   ] Safepoint "ICBufferFull", Time since last: 34310267 ns, Reaching safepoint: 157174 ns, Cleanup: 143076 ns, At safepoint: 47642 ns, Total: 347892 ns
[2025-12-05T04:04:26.026+0000][18.130s][debug][safepoint   ] Safepoint synchronization initiated using futex wait barrier. (24 threads)
[2025-12-05T04:04:26.027+0000][18.130s][info ][safepoint   ] Safepoint "ICBufferFull", Time since last: 100792110 ns, Reaching safepoint: 201429 ns, Cleanup: 124981 ns, At safepoint: 81217 ns, Total: 407627 ns
[2025-12-05T04:04:26.037+0000][18.140s][debug][safepoint   ] Safepoint synchronization initiated using futex wait barrier. (24 threads)
[2025-12-05T04:04:26.037+0000][18.141s][info ][gc,start    ] GC(38) Pause Young (Normal) (G1 Evacuation Pause)
[2025-12-05T04:04:26.037+0000][18.141s][info ][gc,task     ] GC(38) Using 5 workers of 13 for evacuation
[2025-12-05T04:04:26.043+0000][18.147s][info ][gc,phases   ] GC(38)   Pre Evacuate Collection Set: 0.2ms
[2025-12-05T04:04:26.043+0000][18.147s][info ][gc,phases   ] GC(38)   Merge Heap Roots: 0.2ms
[2025-12-05T04:04:26.043+0000][18.147s][info ][gc,phases   ] GC(38)   Evacuate Collection Set: 4.5ms
[2025-12-05T04:04:26.043+0000][18.147s][info ][gc,phases   ] GC(38)   Post Evacuate Collection Set: 1.5ms
[2025-12-05T04:04:26.043+0000][18.147s][info ][gc,phases   ] GC(38)   Other: 0.1ms
[2025-12-05T04:04:26.043+0000][18.147s][info ][gc,heap     ] GC(38) Eden regions: 125->0(126)
[2025-12-05T04:04:26.043+0000][18.147s][info ][gc,heap     ] GC(38) Survivor regions: 4->4(17)
[2025-12-05T04:04:26.043+0000][18.147s][info ][gc,heap     ] GC(38) Old regions: 75->75
[2025-12-05T04:04:26.043+0000][18.147s][info ][gc,heap     ] GC(38) Archive regions: 2->2
[2025-12-05T04:04:26.043+0000][18.147s][info ][gc,heap     ] GC(38) Humongous regions: 0->0
[2025-12-05T04:04:26.043+0000][18.147s][info ][gc,metaspace] GC(38) Metaspace: 80680K(81216K)->80680K(81216K) NonClass: 70106K(70336K)->70106K(70336K) Class: 10574K(10880K)->10574K(10880K)
[2025-12-05T04:04:26.043+0000][18.147s][info ][gc          ] GC(38) Pause Young (Normal) (G1 Evacuation Pause) 203M->79M(237M) 6.639ms
[2025-12-05T04:04:26.043+0000][18.147s][info ][gc,cpu      ] GC(38) User=0.04s Sys=0.00s Real=0.01s
[2025-12-05T04:04:26.043+0000][18.147s][info ][safepoint   ] Safepoint "G1CollectForAllocation", Time since last: 9948324 ns, Reaching safepoint: 73522 ns, Cleanup: 47522 ns, At safepoint: 6753353 ns, Total: 6874397 ns
[2025-12-05T04:04:26.220+0000][18.324s][debug][safepoint   ] Safepoint synchronization initiated using futex wait barrier. (24 threads)
[2025-12-05T04:04:26.220+0000][18.324s][info ][safepoint   ] Safepoint "ICBufferFull", Time since last: 176673004 ns, Reaching safepoint: 79835 ns, Cleanup: 244392 ns, At safepoint: 34707 ns, Total: 358934 ns
[2025-12-05T04:04:26.478+0000][18.582s][debug][safepoint   ] Safepoint synchronization initiated using futex wait barrier. (24 threads)
[2025-12-05T04:04:26.478+0000][18.582s][info ][safepoint   ] Safepoint "ICBufferFull", Time since last: 257594506 ns, Reaching safepoint: 101737 ns, Cleanup: 259992 ns, At safepoint: 40969 ns, Total: 402698 ns
[2025-12-05T04:04:26.653+0000][18.757s][debug][safepoint   ] Safepoint synchronization initiated using futex wait barrier. (24 threads)
[2025-12-05T04:04:26.653+0000][18.757s][info ][gc,start    ] GC(39) Pause Young (Normal) (G1 Evacuation Pause)
[2025-12-05T04:04:26.653+0000][18.757s][info ][gc,task     ] GC(39) Using 5 workers of 13 for evacuation
[2025-12-05T04:04:26.658+0000][18.762s][info ][gc,phases   ] GC(39)   Pre Evacuate Collection Set: 0.1ms
[2025-12-05T04:04:26.658+0000][18.762s][info ][gc,phases   ] GC(39)   Merge Heap Roots: 0.1ms
[2025-12-05T04:04:26.658+0000][18.762s][info ][gc,phases   ] GC(39)   Evacuate Collection Set: 3.3ms
[2025-12-05T04:04:26.658+0000][18.762s][info ][gc,phases   ] GC(39)   Post Evacuate Collection Set: 1.1ms
[2025-12-05T04:04:26.658+0000][18.762s][info ][gc,phases   ] GC(39)   Other: 0.1ms
[2025-12-05T04:04:26.658+0000][18.762s][info ][gc,heap     ] GC(39) Eden regions: 126->0(125)
[2025-12-05T04:04:26.658+0000][18.762s][info ][gc,heap     ] GC(39) Survivor regions: 4->5(17)
[2025-12-05T04:04:26.658+0000][18.762s][info ][gc,heap     ] GC(39) Old regions: 75->75
[2025-12-05T04:04:26.658+0000][18.762s][info ][gc,heap     ] GC(39) Archive regions: 2->2
[2025-12-05T04:04:26.658+0000][18.762s][info ][gc,heap     ] GC(39) Humongous regions: 0->0
[2025-12-05T04:04:26.658+0000][18.762s][info ][gc,metaspace] GC(39) Metaspace: 82132K(82752K)->82132K(82752K) NonClass: 71376K(71680K)->71376K(71680K) Class: 10756K(11072K)->10756K(11072K)
[2025-12-05T04:04:26.658+0000][18.762s][info ][gc          ] GC(39) Pause Young (Normal) (G1 Evacuation Pause) 205M->80M(237M) 4.879ms
[2025-12-05T04:04:26.658+0000][18.762s][info ][gc,cpu      ] GC(39) User=0.02s Sys=0.00s Real=0.01s
[2025-12-05T04:04:26.658+0000][18.762s][info ][safepoint   ] Safepoint "G1CollectForAllocation", Time since last: 174541869 ns, Reaching safepoint: 166221 ns, Cleanup: 64725 ns, At safepoint: 5072586 ns, Total: 5303532 ns
[2025-12-05T04:04:27.141+0000][19.245s][debug][safepoint   ] Safepoint synchronization initiated using futex wait barrier. (22 threads)
[2025-12-05T04:04:27.141+0000][19.245s][info ][gc,start    ] GC(40) Pause Young (Normal) (G1 Evacuation Pause)
[2025-12-05T04:04:27.141+0000][19.245s][info ][gc,task     ] GC(40) Using 5 workers of 13 for evacuation
[2025-12-05T04:04:27.151+0000][19.254s][info ][gc,phases   ] GC(40)   Pre Evacuate Collection Set: 0.2ms
[2025-12-05T04:04:27.151+0000][19.254s][info ][gc,phases   ] GC(40)   Merge Heap Roots: 0.2ms
[2025-12-05T04:04:27.151+0000][19.254s][info ][gc,phases   ] GC(40)   Evacuate Collection Set: 7.4ms
[2025-12-05T04:04:27.151+0000][19.254s][info ][gc,phases   ] GC(40)   Post Evacuate Collection Set: 1.3ms
[2025-12-05T04:04:27.151+0000][19.254s][info ][gc,phases   ] GC(40)   Other: 0.2ms
[2025-12-05T04:04:27.151+0000][19.254s][info ][gc,heap     ] GC(40) Eden regions: 125->0(120)
[2025-12-05T04:04:27.151+0000][19.254s][info ][gc,heap     ] GC(40) Survivor regions: 5->8(17)
[2025-12-05T04:04:27.151+0000][19.254s][info ][gc,heap     ] GC(40) Old regions: 75->75
[2025-12-05T04:04:27.151+0000][19.254s][info ][gc,heap     ] GC(40) Archive regions: 2->2
[2025-12-05T04:04:27.151+0000][19.254s][info ][gc,heap     ] GC(40) Humongous regions: 0->0
[2025-12-05T04:04:27.151+0000][19.254s][info ][gc,metaspace] GC(40) Metaspace: 84660K(85312K)->84660K(85312K) NonClass: 73538K(73856K)->73538K(73856K) Class: 11122K(11456K)->11122K(11456K)
[2025-12-05T04:04:27.151+0000][19.255s][info ][gc          ] GC(40) Pause Young (Normal) (G1 Evacuation Pause) 205M->82M(237M) 9.251ms
[2025-12-05T04:04:27.151+0000][19.255s][info ][gc,cpu      ] GC(40) User=0.04s Sys=0.01s Real=0.01s
[2025-12-05T04:04:27.151+0000][19.255s][info ][safepoint   ] Safepoint "G1CollectForAllocation", Time since last: 482799258 ns, Reaching safepoint: 78010 ns, Cleanup: 198925 ns, At safepoint: 9386672 ns, Total: 9663607 ns
[2025-12-05T04:04:27.439+0000][19.543s][debug][safepoint   ] Safepoint synchronization initiated using futex wait barrier. (24 threads)
[2025-12-05T04:04:27.440+0000][19.543s][info ][safepoint   ] Safepoint "ICBufferFull", Time since last: 288540501 ns, Reaching safepoint: 65587 ns, Cleanup: 189025 ns, At safepoint: 45007 ns, Total: 299619 ns
[2025-12-05T04:04:27.879+0000][19.983s][debug][safepoint   ] Safepoint synchronization initiated using futex wait barrier. (23 threads)
[2025-12-05T04:04:27.879+0000][19.983s][info ][gc,start    ] GC(41) Pause Young (Normal) (G1 Evacuation Pause)
[2025-12-05T04:04:27.879+0000][19.983s][info ][gc,task     ] GC(41) Using 5 workers of 13 for evacuation
[2025-12-05T04:04:27.889+0000][19.992s][info ][gc,phases   ] GC(41)   Pre Evacuate Collection Set: 0.2ms
[2025-12-05T04:04:27.889+0000][19.992s][info ][gc,phases   ] GC(41)   Merge Heap Roots: 0.2ms
[2025-12-05T04:04:27.889+0000][19.992s][info ][gc,phases   ] GC(41)   Evacuate Collection Set: 6.9ms
[2025-12-05T04:04:27.889+0000][19.992s][info ][gc,phases   ] GC(41)   Post Evacuate Collection Set: 1.7ms
[2025-12-05T04:04:27.889+0000][19.992s][info ][gc,phases   ] GC(41)   Other: 0.1ms
[2025-12-05T04:04:27.889+0000][19.992s][info ][gc,heap     ] GC(41) Eden regions: 120->0(116)
[2025-12-05T04:04:27.889+0000][19.992s][info ][gc,heap     ] GC(41) Survivor regions: 8->10(16)
[2025-12-05T04:04:27.889+0000][19.992s][info ][gc,heap     ] GC(41) Old regions: 75->75
[2025-12-05T04:04:27.889+0000][19.992s][info ][gc,heap     ] GC(41) Archive regions: 2->2
[2025-12-05T04:04:27.889+0000][19.992s][info ][gc,heap     ] GC(41) Humongous regions: 0->0
[2025-12-05T04:04:27.889+0000][19.992s][info ][gc,metaspace] GC(41) Metaspace: 89184K(89792K)->89184K(89792K) NonClass: 77454K(77760K)->77454K(77760K) Class: 11729K(12032K)->11729K(12032K)
[2025-12-05T04:04:27.889+0000][19.993s][info ][gc          ] GC(41) Pause Young (Normal) (G1 Evacuation Pause) 202M->85M(237M) 9.245ms
[2025-12-05T04:04:27.889+0000][19.993s][info ][gc,cpu      ] GC(41) User=0.05s Sys=0.00s Real=0.01s
[2025-12-05T04:04:27.889+0000][19.993s][info ][safepoint   ] Safepoint "G1CollectForAllocation", Time since last: 439510809 ns, Reaching safepoint: 73211 ns, Cleanup: 207000 ns, At safepoint: 9354131 ns, Total: 9634342 ns
[2025-12-05T04:04:28.239+0000][20.343s][debug][safepoint   ] Safepoint synchronization initiated using futex wait barrier. (27 threads)
[2025-12-05T04:04:28.239+0000][20.343s][info ][safepoint   ] Safepoint "ICBufferFull", Time since last: 350229456 ns, Reaching safepoint: 196450 ns, Cleanup: 156983 ns, At safepoint: 144298 ns, Total: 497731 ns
[2025-12-05T04:04:28.377+0000][20.480s][debug][safepoint   ] Safepoint synchronization initiated using futex wait barrier. (27 threads)
[2025-12-05T04:04:28.377+0000][20.481s][info ][gc,start    ] GC(42) Pause Young (Normal) (G1 Evacuation Pause)
[2025-12-05T04:04:28.377+0000][20.481s][info ][gc,task     ] GC(42) Using 5 workers of 13 for evacuation
[2025-12-05T04:04:28.392+0000][20.496s][info ][gc,phases   ] GC(42)   Pre Evacuate Collection Set: 0.2ms
[2025-12-05T04:04:28.392+0000][20.496s][info ][gc,phases   ] GC(42)   Merge Heap Roots: 0.2ms
[2025-12-05T04:04:28.392+0000][20.496s][info ][gc,phases   ] GC(42)   Evacuate Collection Set: 13.1ms
[2025-12-05T04:04:28.392+0000][20.496s][info ][gc,phases   ] GC(42)   Post Evacuate Collection Set: 1.5ms
[2025-12-05T04:04:28.392+0000][20.496s][info ][gc,phases   ] GC(42)   Other: 0.1ms
[2025-12-05T04:04:28.392+0000][20.496s][info ][gc,heap     ] GC(42) Eden regions: 116->0(93)
[2025-12-05T04:04:28.392+0000][20.496s][info ][gc,heap     ] GC(42) Survivor regions: 10->16(16)
[2025-12-05T04:04:28.392+0000][20.496s][info ][gc,heap     ] GC(42) Old regions: 75->82
[2025-12-05T04:04:28.392+0000][20.496s][info ][gc,heap     ] GC(42) Archive regions: 2->2
[2025-12-05T04:04:28.392+0000][20.496s][info ][gc,heap     ] GC(42) Humongous regions: 0->0
[2025-12-05T04:04:28.392+0000][20.496s][info ][gc,metaspace] GC(42) Metaspace: 91277K(91840K)->91277K(91840K) NonClass: 79119K(79424K)->79119K(79424K) Class: 12158K(12416K)->12158K(12416K)
[2025-12-05T04:04:28.392+0000][20.496s][info ][gc          ] GC(42) Pause Young (Normal) (G1 Evacuation Pause) 201M->98M(237M) 15.267ms
[2025-12-05T04:04:28.392+0000][20.496s][info ][gc,cpu      ] GC(42) User=0.07s Sys=0.00s Real=0.01s
[2025-12-05T04:04:28.392+0000][20.496s][info ][safepoint   ] Safepoint "G1CollectForAllocation", Time since last: 137062081 ns, Reaching safepoint: 64244 ns, Cleanup: 105383 ns, At safepoint: 15423119 ns, Total: 15592746 ns
[2025-12-05T04:04:28.537+0000][20.640s][debug][safepoint   ] Safepoint synchronization initiated using futex wait barrier. (27 threads)
[2025-12-05T04:04:28.537+0000][20.641s][info ][gc,start    ] GC(43) Pause Young (Concurrent Start) (G1 Evacuation Pause)
[2025-12-05T04:04:28.537+0000][20.641s][info ][gc,task     ] GC(43) Using 5 workers of 13 for evacuation
[2025-12-05T04:04:28.551+0000][20.655s][info ][gc,phases   ] GC(43)   Pre Evacuate Collection Set: 0.3ms
[2025-12-05T04:04:28.551+0000][20.655s][info ][gc,phases   ] GC(43)   Merge Heap Roots: 0.2ms
[2025-12-05T04:04:28.551+0000][20.655s][info ][gc,phases   ] GC(43)   Evacuate Collection Set: 12.7ms
[2025-12-05T04:04:28.551+0000][20.655s][info ][gc,phases   ] GC(43)   Post Evacuate Collection Set: 1.1ms
[2025-12-05T04:04:28.551+0000][20.655s][info ][gc,phases   ] GC(43)   Other: 0.2ms
[2025-12-05T04:04:28.551+0000][20.655s][info ][gc,heap     ] GC(43) Eden regions: 93->0(81)
[2025-12-05T04:04:28.551+0000][20.655s][info ][gc,heap     ] GC(43) Survivor regions: 16->11(14)
[2025-12-05T04:04:28.551+0000][20.655s][info ][gc,heap     ] GC(43) Old regions: 82->98
[2025-12-05T04:04:28.551+0000][20.655s][info ][gc,heap     ] GC(43) Archive regions: 2->2
[2025-12-05T04:04:28.551+0000][20.655s][info ][gc,heap     ] GC(43) Humongous regions: 1->1
[2025-12-05T04:04:28.551+0000][20.655s][info ][gc,metaspace] GC(43) Metaspace: 91301K(91840K)->91301K(91840K) NonClass: 79143K(79424K)->79143K(79424K) Class: 12158K(12416K)->12158K(12416K)
[2025-12-05T04:04:28.551+0000][20.655s][info ][gc          ] GC(43) Pause Young (Concurrent Start) (G1 Evacuation Pause) 192M->110M(237M) 14.667ms
[2025-12-05T04:04:28.551+0000][20.655s][info ][gc,cpu      ] GC(43) User=0.10s Sys=0.01s Real=0.01s
[2025-12-05T04:04:28.552+0000][20.655s][info ][safepoint   ] Safepoint "G1CollectForAllocation", Time since last: 144500647 ns, Reaching safepoint: 80135 ns, Cleanup: 37493 ns, At safepoint: 14873516 ns, Total: 14991144 ns
[2025-12-05T04:04:28.552+0000][20.655s][info ][gc          ] GC(44) Concurrent Mark Cycle
[2025-12-05T04:04:28.552+0000][20.655s][info ][gc,marking  ] GC(44) Concurrent Clear Claimed Marks
[2025-12-05T04:04:28.552+0000][20.656s][info ][gc,marking  ] GC(44) Concurrent Clear Claimed Marks 0.098ms
[2025-12-05T04:04:28.552+0000][20.656s][info ][gc,marking  ] GC(44) Concurrent Scan Root Regions
[2025-12-05T04:04:28.558+0000][20.662s][info ][gc,marking  ] GC(44) Concurrent Scan Root Regions 6.060ms
[2025-12-05T04:04:28.558+0000][20.662s][info ][gc,marking  ] GC(44) Concurrent Mark
[2025-12-05T04:04:28.558+0000][20.662s][info ][gc,marking  ] GC(44) Concurrent Mark From Roots
[2025-12-05T04:04:28.558+0000][20.662s][info ][gc,task     ] GC(44) Using 3 workers of 3 for marking
[2025-12-05T04:04:28.602+0000][20.706s][info ][gc,marking  ] GC(44) Concurrent Mark From Roots 44.056ms
[2025-12-05T04:04:28.602+0000][20.706s][info ][gc,marking  ] GC(44) Concurrent Preclean
[2025-12-05T04:04:28.602+0000][20.706s][info ][gc,marking  ] GC(44) Concurrent Preclean 0.452ms
[2025-12-05T04:04:28.603+0000][20.707s][debug][safepoint   ] Safepoint synchronization initiated using futex wait barrier. (27 threads)
[2025-12-05T04:04:28.606+0000][20.710s][info ][gc,start    ] GC(44) Pause Remark
[2025-12-05T04:04:28.612+0000][20.716s][info ][gc          ] GC(44) Pause Remark 120M->119M(237M) 5.966ms
[2025-12-05T04:04:28.612+0000][20.716s][info ][gc,cpu      ] GC(44) User=0.04s Sys=0.00s Real=0.00s
[2025-12-05T04:04:28.613+0000][20.716s][info ][safepoint   ] Safepoint "G1PauseRemark", Time since last: 51373402 ns, Reaching safepoint: 3333849 ns, Cleanup: 57731 ns, At safepoint: 6156753 ns, Total: 9548333 ns
[2025-12-05T04:04:28.613+0000][20.716s][info ][gc,marking  ] GC(44) Concurrent Mark 54.745ms
[2025-12-05T04:04:28.613+0000][20.716s][info ][gc,marking  ] GC(44) Concurrent Rebuild Remembered Sets
[2025-12-05T04:04:28.655+0000][20.759s][info ][gc,marking  ] GC(44) Concurrent Rebuild Remembered Sets 42.728ms
[2025-12-05T04:04:28.656+0000][20.759s][debug][safepoint   ] Safepoint synchronization initiated using futex wait barrier. (27 threads)
[2025-12-05T04:04:28.656+0000][20.760s][info ][gc,start    ] GC(44) Pause Cleanup
[2025-12-05T04:04:28.656+0000][20.760s][info ][gc          ] GC(44) Pause Cleanup 126M->126M(237M) 0.264ms
[2025-12-05T04:04:28.656+0000][20.760s][info ][gc,cpu      ] GC(44) User=0.00s Sys=0.00s Real=0.00s
[2025-12-05T04:04:28.656+0000][20.760s][info ][safepoint   ] Safepoint "G1PauseCleanup", Time since last: 42987004 ns, Reaching safepoint: 146804 ns, Cleanup: 11933 ns, At safepoint: 350767 ns, Total: 509504 ns
[2025-12-05T04:04:28.656+0000][20.760s][info ][gc,marking  ] GC(44) Concurrent Cleanup for Next Mark
[2025-12-05T04:04:28.656+0000][20.760s][info ][gc,marking  ] GC(44) Concurrent Cleanup for Next Mark 0.359ms
[2025-12-05T04:04:28.656+0000][20.760s][info ][gc          ] GC(44) Concurrent Mark Cycle 104.851ms
[2025-12-05T04:04:28.801+0000][20.905s][debug][safepoint   ] Safepoint synchronization initiated using futex wait barrier. (26 threads)
[2025-12-05T04:04:28.801+0000][20.905s][info ][gc,start    ] GC(45) Pause Young (Prepare Mixed) (G1 Evacuation Pause)
[2025-12-05T04:04:28.801+0000][20.905s][info ][gc,task     ] GC(45) Using 5 workers of 13 for evacuation
[2025-12-05T04:04:28.810+0000][20.914s][info ][gc,phases   ] GC(45)   Pre Evacuate Collection Set: 0.2ms
[2025-12-05T04:04:28.810+0000][20.914s][info ][gc,phases   ] GC(45)   Merge Heap Roots: 0.3ms
[2025-12-05T04:04:28.810+0000][20.914s][info ][gc,phases   ] GC(45)   Evacuate Collection Set: 7.1ms
[2025-12-05T04:04:28.810+0000][20.914s][info ][gc,phases   ] GC(45)   Post Evacuate Collection Set: 1.4ms
[2025-12-05T04:04:28.810+0000][20.914s][info ][gc,phases   ] GC(45)   Other: 0.2ms
[2025-12-05T04:04:28.810+0000][20.914s][info ][gc,heap     ] GC(45) Eden regions: 81->0(8)
[2025-12-05T04:04:28.810+0000][20.914s][info ][gc,heap     ] GC(45) Survivor regions: 11->3(12)
[2025-12-05T04:04:28.810+0000][20.914s][info ][gc,heap     ] GC(45) Old regions: 98->105
[2025-12-05T04:04:28.810+0000][20.914s][info ][gc,heap     ] GC(45) Archive regions: 2->2
[2025-12-05T04:04:28.810+0000][20.914s][info ][gc,heap     ] GC(45) Humongous regions: 0->0
[2025-12-05T04:04:28.810+0000][20.914s][info ][gc,metaspace] GC(45) Metaspace: 92755K(93312K)->92755K(93312K) NonClass: 80221K(80512K)->80221K(80512K) Class: 12534K(12800K)->12534K(12800K)
[2025-12-05T04:04:28.810+0000][20.914s][info ][gc          ] GC(45) Pause Young (Prepare Mixed) (G1 Evacuation Pause) 190M->108M(237M) 9.307ms
[2025-12-05T04:04:28.811+0000][20.914s][info ][gc,cpu      ] GC(45) User=0.04s Sys=0.00s Real=0.01s
[2025-12-05T04:04:28.811+0000][20.914s][info ][safepoint   ] Safepoint "G1CollectForAllocation", Time since last: 144941349 ns, Reaching safepoint: 92629 ns, Cleanup: 54345 ns, At safepoint: 9459589 ns, Total: 9606563 ns
[2025-12-05T04:04:28.829+0000][20.933s][debug][safepoint   ] Safepoint synchronization initiated using futex wait barrier. (26 threads)
[2025-12-05T04:04:28.829+0000][20.933s][info ][gc,start    ] GC(46) Pause Young (Mixed) (G1 Evacuation Pause)
[2025-12-05T04:04:28.829+0000][20.933s][info ][gc,task     ] GC(46) Using 5 workers of 13 for evacuation
[2025-12-05T04:04:28.833+0000][20.937s][info ][gc,phases   ] GC(46)   Pre Evacuate Collection Set: 0.2ms
[2025-12-05T04:04:28.833+0000][20.937s][info ][gc,phases   ] GC(46)   Merge Heap Roots: 0.1ms
[2025-12-05T04:04:28.833+0000][20.937s][info ][gc,phases   ] GC(46)   Evacuate Collection Set: 2.8ms
[2025-12-05T04:04:28.833+0000][20.937s][info ][gc,phases   ] GC(46)   Post Evacuate Collection Set: 0.8ms
[2025-12-05T04:04:28.833+0000][20.937s][info ][gc,phases   ] GC(46)   Other: 0.1ms
[2025-12-05T04:04:28.833+0000][20.937s][info ][gc,heap     ] GC(46) Eden regions: 8->0(87)
[2025-12-05T04:04:28.833+0000][20.937s][info ][gc,heap     ] GC(46) Survivor regions: 3->1(2)
[2025-12-05T04:04:28.833+0000][20.937s][info ][gc,heap     ] GC(46) Old regions: 105->106
[2025-12-05T04:04:28.833+0000][20.937s][info ][gc,heap     ] GC(46) Archive regions: 2->2
[2025-12-05T04:04:28.833+0000][20.937s][info ][gc,heap     ] GC(46) Humongous regions: 0->0
[2025-12-05T04:04:28.833+0000][20.937s][info ][gc,metaspace] GC(46) Metaspace: 92761K(93312K)->92761K(93312K) NonClass: 80226K(80512K)->80226K(80512K) Class: 12534K(12800K)->12534K(12800K)
[2025-12-05T04:04:28.833+0000][20.937s][info ][gc          ] GC(46) Pause Young (Mixed) (G1 Evacuation Pause) 116M->107M(237M) 4.031ms
[2025-12-05T04:04:28.833+0000][20.937s][info ][gc,cpu      ] GC(46) User=0.02s Sys=0.00s Real=0.00s
[2025-12-05T04:04:28.833+0000][20.937s][info ][safepoint   ] Safepoint "G1CollectForAllocation", Time since last: 18262413 ns, Reaching safepoint: 105003 ns, Cleanup: 16021 ns, At safepoint: 4218287 ns, Total: 4339311 ns
[2025-12-05T04:04:29.014+0000][21.118s][debug][safepoint   ] Safepoint synchronization initiated using futex wait barrier. (26 threads)
[2025-12-05T04:04:29.014+0000][21.118s][info ][gc,start    ] GC(47) Pause Young (Normal) (G1 Evacuation Pause)
[2025-12-05T04:04:29.014+0000][21.118s][info ][gc,task     ] GC(47) Using 5 workers of 13 for evacuation
[2025-12-05T04:04:29.032+0000][21.136s][info ][gc,phases   ] GC(47)   Pre Evacuate Collection Set: 0.2ms
[2025-12-05T04:04:29.032+0000][21.136s][info ][gc,phases   ] GC(47)   Merge Heap Roots: 0.3ms
[2025-12-05T04:04:29.032+0000][21.136s][info ][gc,phases   ] GC(47)   Evacuate Collection Set: 15.8ms
[2025-12-05T04:04:29.032+0000][21.136s][info ][gc,phases   ] GC(47)   Post Evacuate Collection Set: 1.8ms
[2025-12-05T04:04:29.032+0000][21.136s][info ][gc,phases   ] GC(47)   Other: 0.1ms
[2025-12-05T04:04:29.032+0000][21.136s][info ][gc,heap     ] GC(47) Eden regions: 87->0(72)
[2025-12-05T04:04:29.032+0000][21.136s][info ][gc,heap     ] GC(47) Survivor regions: 1->11(11)
[2025-12-05T04:04:29.032+0000][21.136s][info ][gc,heap     ] GC(47) Old regions: 106->129
[2025-12-05T04:04:29.032+0000][21.136s][info ][gc,heap     ] GC(47) Archive regions: 2->2
[2025-12-05T04:04:29.032+0000][21.136s][info ][gc,heap     ] GC(47) Humongous regions: 3->3
[2025-12-05T04:04:29.032+0000][21.136s][info ][gc,metaspace] GC(47) Metaspace: 92762K(93312K)->92762K(93312K) NonClass: 80228K(80512K)->80228K(80512K) Class: 12534K(12800K)->12534K(12800K)
[2025-12-05T04:04:29.032+0000][21.136s][info ][gc          ] GC(47) Pause Young (Normal) (G1 Evacuation Pause) 197M->143M(285M) 18.379ms
[2025-12-05T04:04:29.032+0000][21.136s][info ][gc,cpu      ] GC(47) User=0.13s Sys=0.02s Real=0.02s
[2025-12-05T04:04:29.032+0000][21.136s][info ][safepoint   ] Safepoint "G1CollectForAllocation", Time since last: 180731733 ns, Reaching safepoint: 62160 ns, Cleanup: 15951 ns, At safepoint: 18462159 ns, Total: 18540270 ns
[2025-12-05T04:04:29.186+0000][21.290s][debug][safepoint   ] Safepoint synchronization initiated using futex wait barrier. (24 threads)
[2025-12-05T04:04:29.186+0000][21.290s][info ][gc,start    ] GC(48) Pause Young (Normal) (G1 Evacuation Pause)
[2025-12-05T04:04:29.186+0000][21.290s][info ][gc,task     ] GC(48) Using 6 workers of 13 for evacuation
[2025-12-05T04:04:29.226+0000][21.329s][info ][gc,phases   ] GC(48)   Pre Evacuate Collection Set: 0.3ms
[2025-12-05T04:04:29.226+0000][21.330s][info ][gc,phases   ] GC(48)   Merge Heap Roots: 0.4ms
[2025-12-05T04:04:29.226+0000][21.330s][info ][gc,phases   ] GC(48)   Evacuate Collection Set: 37.8ms
[2025-12-05T04:04:29.226+0000][21.330s][info ][gc,phases   ] GC(48)   Post Evacuate Collection Set: 1.1ms
[2025-12-05T04:04:29.226+0000][21.330s][info ][gc,phases   ] GC(48)   Other: 0.3ms
[2025-12-05T04:04:29.226+0000][21.330s][info ][gc,heap     ] GC(48) Eden regions: 72->0(47)
[2025-12-05T04:04:29.226+0000][21.330s][info ][gc,heap     ] GC(48) Survivor regions: 11->11(11)
[2025-12-05T04:04:29.226+0000][21.330s][info ][gc,heap     ] GC(48) Old regions: 129->157
[2025-12-05T04:04:29.226+0000][21.330s][info ][gc,heap     ] GC(48) Archive regions: 2->2
[2025-12-05T04:04:29.226+0000][21.330s][info ][gc,heap     ] GC(48) Humongous regions: 4->4
[2025-12-05T04:04:29.226+0000][21.330s][info ][gc,metaspace] GC(48) Metaspace: 92766K(93312K)->92766K(93312K) NonClass: 80231K(80512K)->80231K(80512K) Class: 12534K(12800K)->12534K(12800K)
[2025-12-05T04:04:29.226+0000][21.330s][info ][gc          ] GC(48) Pause Young (Normal) (G1 Evacuation Pause) 216M->172M(285M) 39.978ms
[2025-12-05T04:04:29.226+0000][21.330s][info ][gc,cpu      ] GC(48) User=0.18s Sys=0.01s Real=0.04s
[2025-12-05T04:04:29.226+0000][21.330s][info ][safepoint   ] Safepoint "G1CollectForAllocation", Time since last: 153267148 ns, Reaching safepoint: 55186 ns, Cleanup: 16632 ns, At safepoint: 40057548 ns, Total: 40129366 ns
[2025-12-05T04:04:29.290+0000][21.394s][debug][safepoint   ] Safepoint synchronization initiated using futex wait barrier. (24 threads)
[2025-12-05T04:04:29.290+0000][21.394s][info ][gc,start    ] GC(49) Pause Young (Concurrent Start) (G1 Evacuation Pause)
[2025-12-05T04:04:29.290+0000][21.394s][info ][gc,task     ] GC(49) Using 6 workers of 13 for evacuation
[2025-12-05T04:04:29.311+0000][21.415s][info ][gc,phases   ] GC(49)   Pre Evacuate Collection Set: 0.5ms
[2025-12-05T04:04:29.311+0000][21.415s][info ][gc,phases   ] GC(49)   Merge Heap Roots: 0.4ms
[2025-12-05T04:04:29.311+0000][21.415s][info ][gc,phases   ] GC(49)   Evacuate Collection Set: 18.5ms
[2025-12-05T04:04:29.311+0000][21.415s][info ][gc,phases   ] GC(49)   Post Evacuate Collection Set: 1.1ms
[2025-12-05T04:04:29.311+0000][21.415s][info ][gc,phases   ] GC(49)   Other: 0.2ms
[2025-12-05T04:04:29.311+0000][21.415s][info ][gc,heap     ] GC(49) Eden regions: 47->0(42)
[2025-12-05T04:04:29.311+0000][21.415s][info ][gc,heap     ] GC(49) Survivor regions: 11->8(8)
[2025-12-05T04:04:29.311+0000][21.415s][info ][gc,heap     ] GC(49) Old regions: 157->170
[2025-12-05T04:04:29.311+0000][21.415s][info ][gc,heap     ] GC(49) Archive regions: 2->2
[2025-12-05T04:04:29.311+0000][21.415s][info ][gc,heap     ] GC(49) Humongous regions: 4->4
[2025-12-05T04:04:29.311+0000][21.415s][info ][gc,metaspace] GC(49) Metaspace: 92767K(93312K)->92767K(93312K) NonClass: 80233K(80512K)->80233K(80512K) Class: 12534K(12800K)->12534K(12800K)
[2025-12-05T04:04:29.311+0000][21.415s][info ][gc          ] GC(49) Pause Young (Concurrent Start) (G1 Evacuation Pause) 219M->182M(285M) 20.746ms
[2025-12-05T04:04:29.311+0000][21.415s][info ][gc,cpu      ] GC(49) User=0.11s Sys=0.00s Real=0.02s
[2025-12-05T04:04:29.311+0000][21.415s][info ][safepoint   ] Safepoint "G1CollectForAllocation", Time since last: 64416925 ns, Reaching safepoint: 97268 ns, Cleanup: 34196 ns, At safepoint: 20865599 ns, Total: 20997063 ns
[2025-12-05T04:04:29.311+0000][21.415s][info ][gc          ] GC(50) Concurrent Mark Cycle
[2025-12-05T04:04:29.311+0000][21.415s][info ][gc,marking  ] GC(50) Concurrent Clear Claimed Marks
[2025-12-05T04:04:29.311+0000][21.415s][info ][gc,marking  ] GC(50) Concurrent Clear Claimed Marks 0.088ms
[2025-12-05T04:04:29.311+0000][21.415s][info ][gc,marking  ] GC(50) Concurrent Scan Root Regions
[2025-12-05T04:04:29.316+0000][21.420s][info ][gc,marking  ] GC(50) Concurrent Scan Root Regions 4.328ms
[2025-12-05T04:04:29.316+0000][21.420s][info ][gc,marking  ] GC(50) Concurrent Mark
[2025-12-05T04:04:29.316+0000][21.420s][info ][gc,marking  ] GC(50) Concurrent Mark From Roots
[2025-12-05T04:04:29.316+0000][21.420s][info ][gc,task     ] GC(50) Using 3 workers of 3 for marking
[2025-12-05T04:04:29.405+0000][21.509s][info ][gc,marking  ] GC(50) Concurrent Mark From Roots 88.923ms
[2025-12-05T04:04:29.405+0000][21.509s][info ][gc,marking  ] GC(50) Concurrent Preclean
[2025-12-05T04:04:29.405+0000][21.509s][info ][gc,marking  ] GC(50) Concurrent Preclean 0.533ms
[2025-12-05T04:04:29.406+0000][21.509s][debug][safepoint   ] Safepoint synchronization initiated using futex wait barrier. (24 threads)
[2025-12-05T04:04:29.406+0000][21.510s][info ][gc,start    ] GC(50) Pause Remark
[2025-12-05T04:04:29.413+0000][21.517s][info ][gc          ] GC(50) Pause Remark 218M->206M(347M) 6.734ms
[2025-12-05T04:04:29.413+0000][21.517s][info ][gc,cpu      ] GC(50) User=0.03s Sys=0.00s Real=0.00s
[2025-12-05T04:04:29.413+0000][21.517s][info ][safepoint   ] Safepoint "G1PauseRemark", Time since last: 94296094 ns, Reaching safepoint: 453736 ns, Cleanup: 13236 ns, At safepoint: 6903092 ns, Total: 7370064 ns
[2025-12-05T04:04:29.413+0000][21.517s][info ][gc,marking  ] GC(50) Concurrent Mark 97.218ms
[2025-12-05T04:04:29.413+0000][21.517s][info ][gc,marking  ] GC(50) Concurrent Rebuild Remembered Sets
[2025-12-05T04:04:29.469+0000][21.573s][info ][gc,marking  ] GC(50) Concurrent Rebuild Remembered Sets 56.257ms
[2025-12-05T04:04:29.469+0000][21.573s][debug][safepoint   ] Safepoint synchronization initiated using futex wait barrier. (24 threads)
[2025-12-05T04:04:29.470+0000][21.574s][info ][gc,start    ] GC(50) Pause Cleanup
[2025-12-05T04:04:29.470+0000][21.574s][info ][gc          ] GC(50) Pause Cleanup 212M->212M(347M) 0.343ms
[2025-12-05T04:04:29.470+0000][21.574s][info ][gc,cpu      ] GC(50) User=0.00s Sys=0.00s Real=0.00s
[2025-12-05T04:04:29.470+0000][21.574s][info ][safepoint   ] Safepoint "G1PauseCleanup", Time since last: 56488301 ns, Reaching safepoint: 514123 ns, Cleanup: 4358 ns, At safepoint: 422897 ns, Total: 941378 ns
[2025-12-05T04:04:29.470+0000][21.574s][info ][gc,marking  ] GC(50) Concurrent Cleanup for Next Mark
[2025-12-05T04:04:29.472+0000][21.576s][info ][gc,marking  ] GC(50) Concurrent Cleanup for Next Mark 1.556ms
[2025-12-05T04:04:29.472+0000][21.576s][info ][gc          ] GC(50) Concurrent Mark Cycle 160.727ms
[2025-12-05T04:04:29.473+0000][21.577s][debug][safepoint   ] Safepoint synchronization initiated using futex wait barrier. (24 threads)
[2025-12-05T04:04:29.473+0000][21.577s][info ][gc,start    ] GC(51) Pause Young (Prepare Mixed) (G1 Evacuation Pause)
[2025-12-05T04:04:29.473+0000][21.577s][info ][gc,task     ] GC(51) Using 8 workers of 13 for evacuation
[2025-12-05T04:04:29.480+0000][21.584s][info ][gc,phases   ] GC(51)   Pre Evacuate Collection Set: 0.3ms
[2025-12-05T04:04:29.480+0000][21.584s][info ][gc,phases   ] GC(51)   Merge Heap Roots: 0.2ms
[2025-12-05T04:04:29.480+0000][21.584s][info ][gc,phases   ] GC(51)   Evacuate Collection Set: 5.2ms
[2025-12-05T04:04:29.480+0000][21.584s][info ][gc,phases   ] GC(51)   Post Evacuate Collection Set: 1.4ms
[2025-12-05T04:04:29.480+0000][21.584s][info ][gc,phases   ] GC(51)   Other: 0.1ms
[2025-12-05T04:04:29.480+0000][21.584s][info ][gc,heap     ] GC(51) Eden regions: 42->0(13)
[2025-12-05T04:04:29.480+0000][21.584s][info ][gc,heap     ] GC(51) Survivor regions: 8->4(7)
[2025-12-05T04:04:29.480+0000][21.584s][info ][gc,heap     ] GC(51) Old regions: 162->170
[2025-12-05T04:04:29.480+0000][21.584s][info ][gc,heap     ] GC(51) Archive regions: 2->2
[2025-12-05T04:04:29.480+0000][21.584s][info ][gc,heap     ] GC(51) Humongous regions: 0->0
[2025-12-05T04:04:29.480+0000][21.584s][info ][gc,metaspace] GC(51) Metaspace: 93482K(94080K)->93482K(94080K) NonClass: 80821K(81152K)->80821K(81152K) Class: 12660K(12928K)->12660K(12928K)
[2025-12-05T04:04:29.480+0000][21.584s][info ][gc          ] GC(51) Pause Young (Prepare Mixed) (G1 Evacuation Pause) 212M->174M(347M) 7.220ms
[2025-12-05T04:04:29.480+0000][21.584s][info ][gc,cpu      ] GC(51) User=0.04s Sys=0.00s Real=0.01s
[2025-12-05T04:04:29.480+0000][21.584s][info ][safepoint   ] Safepoint "G1CollectForAllocation", Time since last: 2702680 ns, Reaching safepoint: 18225 ns, Cleanup: 2966 ns, At safepoint: 7296954 ns, Total: 7318145 ns
[2025-12-05T04:04:29.560+0000][21.664s][debug][safepoint   ] Safepoint synchronization initiated using futex wait barrier. (21 threads)
[2025-12-05T04:04:29.560+0000][21.664s][info ][gc,start    ] GC(52) Pause Young (Mixed) (G1 Evacuation Pause)
[2025-12-05T04:04:29.560+0000][21.664s][info ][gc,task     ] GC(52) Using 8 workers of 13 for evacuation
[2025-12-05T04:04:29.565+0000][21.669s][info ][gc,phases   ] GC(52)   Pre Evacuate Collection Set: 0.4ms
[2025-12-05T04:04:29.565+0000][21.669s][info ][gc,phases   ] GC(52)   Merge Heap Roots: 0.3ms
[2025-12-05T04:04:29.565+0000][21.669s][info ][gc,phases   ] GC(52)   Evacuate Collection Set: 2.7ms
[2025-12-05T04:04:29.565+0000][21.669s][info ][gc,phases   ] GC(52)   Post Evacuate Collection Set: 1.1ms
[2025-12-05T04:04:29.565+0000][21.669s][info ][gc,phases   ] GC(52)   Other: 0.1ms
[2025-12-05T04:04:29.565+0000][21.669s][info ][gc,heap     ] GC(52) Eden regions: 13->0(82)
[2025-12-05T04:04:29.565+0000][21.669s][info ][gc,heap     ] GC(52) Survivor regions: 4->1(3)
[2025-12-05T04:04:29.565+0000][21.669s][info ][gc,heap     ] GC(52) Old regions: 170->168
[2025-12-05T04:04:29.565+0000][21.669s][info ][gc,heap     ] GC(52) Archive regions: 2->2
[2025-12-05T04:04:29.565+0000][21.669s][info ][gc,heap     ] GC(52) Humongous regions: 0->0
[2025-12-05T04:04:29.565+0000][21.669s][info ][gc,metaspace] GC(52) Metaspace: 94235K(94848K)->94235K(94848K) NonClass: 81459K(81792K)->81459K(81792K) Class: 12776K(13056K)->12776K(13056K)
[2025-12-05T04:04:29.565+0000][21.669s][info ][gc          ] GC(52) Pause Young (Mixed) (G1 Evacuation Pause) 187M->169M(347M) 4.750ms
[2025-12-05T04:04:29.565+0000][21.669s][info ][gc,cpu      ] GC(52) User=0.02s Sys=0.00s Real=0.01s
[2025-12-05T04:04:29.565+0000][21.669s][info ][safepoint   ] Safepoint "G1CollectForAllocation", Time since last: 79954172 ns, Reaching safepoint: 54645 ns, Cleanup: 16733 ns, At safepoint: 4809429 ns, Total: 4880807 ns
[2025-12-05T04:04:30.161+0000][22.265s][debug][safepoint   ] Safepoint synchronization initiated using futex wait barrier. (26 threads)
[2025-12-05T04:04:30.162+0000][22.266s][info ][gc,start    ] GC(53) Pause Young (Normal) (G1 Evacuation Pause)
[2025-12-05T04:04:30.162+0000][22.266s][info ][gc,task     ] GC(53) Using 8 workers of 13 for evacuation
[2025-12-05T04:04:30.180+0000][22.283s][info ][gc,phases   ] GC(53)   Pre Evacuate Collection Set: 0.4ms
[2025-12-05T04:04:30.180+0000][22.283s][info ][gc,phases   ] GC(53)   Merge Heap Roots: 0.3ms
[2025-12-05T04:04:30.180+0000][22.283s][info ][gc,phases   ] GC(53)   Evacuate Collection Set: 1.7ms
[2025-12-05T04:04:30.180+0000][22.283s][info ][gc,phases   ] GC(53)   Post Evacuate Collection Set: 15.4ms
[2025-12-05T04:04:30.180+0000][22.283s][info ][gc,phases   ] GC(53)   Other: 0.2ms
[2025-12-05T04:04:30.180+0000][22.284s][info ][gc,heap     ] GC(53) Eden regions: 82->0(393)
[2025-12-05T04:04:30.180+0000][22.284s][info ][gc,heap     ] GC(53) Survivor regions: 1->2(11)
[2025-12-05T04:04:30.180+0000][22.284s][info ][gc,heap     ] GC(53) Old regions: 168->168
[2025-12-05T04:04:30.180+0000][22.284s][info ][gc,heap     ] GC(53) Archive regions: 2->2
[2025-12-05T04:04:30.180+0000][22.284s][info ][gc,heap     ] GC(53) Humongous regions: 0->0
[2025-12-05T04:04:30.180+0000][22.284s][info ][gc,metaspace] GC(53) Metaspace: 97903K(98496K)->97903K(98496K) NonClass: 84628K(84928K)->84628K(84928K) Class: 13275K(13568K)->13275K(13568K)
[2025-12-05T04:04:30.180+0000][22.284s][info ][gc          ] GC(53) Pause Young (Normal) (G1 Evacuation Pause) 251M->170M(904M) 18.071ms
[2025-12-05T04:04:30.180+0000][22.284s][info ][gc,cpu      ] GC(53) User=0.07s Sys=0.02s Real=0.02s
[2025-12-05T04:04:30.180+0000][22.284s][info ][safepoint   ] Safepoint "G1CollectForAllocation", Time since last: 596284732 ns, Reaching safepoint: 48423 ns, Cleanup: 97008 ns, At safepoint: 18313259 ns, Total: 18458690 ns
[2025-12-05T04:04:30.977+0000][23.081s][debug][safepoint   ] Safepoint synchronization initiated using futex wait barrier. (26 threads)
[2025-12-05T04:04:30.978+0000][23.081s][info ][safepoint   ] Safepoint "ICBufferFull", Time since last: 797316792 ns, Reaching safepoint: 54205 ns, Cleanup: 210085 ns, At safepoint: 3467 ns, Total: 267757 ns
[2025-12-05T04:04:31.993+0000][24.097s][debug][safepoint   ] Safepoint synchronization initiated using futex wait barrier. (28 threads)
[2025-12-05T04:04:31.994+0000][24.098s][info ][safepoint   ] Safepoint "Cleanup", Time since last: 1008882414 ns, Reaching safepoint: 7240039 ns, Cleanup: 142195 ns, At safepoint: 110133 ns, Total: 7492367 ns
[2025-12-05T04:04:33.098+0000][25.202s][debug][safepoint   ] Safepoint synchronization initiated using futex wait barrier. (31 threads)
[2025-12-05T04:04:33.099+0000][25.203s][info ][safepoint   ] Safepoint "Cleanup", Time since last: 1104543090 ns, Reaching safepoint: 176230 ns, Cleanup: 170269 ns, At safepoint: 31942 ns, Total: 378441 ns
[2025-12-05T04:04:33.266+0000][25.370s][debug][safepoint   ] ... found polling page loop exception at pc = 0x00007fe6e551771a, stub =0x00007fe6e4a04400
[2025-12-05T04:04:33.683+0000][25.786s][debug][safepoint   ] Safepoint synchronization initiated using futex wait barrier. (31 threads)
[2025-12-05T04:04:33.683+0000][25.787s][info ][gc,start    ] GC(54) Pause Young (Normal) (G1 Evacuation Pause)
[2025-12-05T04:04:33.683+0000][25.787s][info ][gc,task     ] GC(54) Using 13 workers of 13 for evacuation
[2025-12-05T04:04:33.695+0000][25.799s][info ][gc,phases   ] GC(54)   Pre Evacuate Collection Set: 0.5ms
[2025-12-05T04:04:33.696+0000][25.799s][info ][gc,phases   ] GC(54)   Merge Heap Roots: 0.4ms
[2025-12-05T04:04:33.696+0000][25.799s][info ][gc,phases   ] GC(54)   Evacuate Collection Set: 9.2ms
[2025-12-05T04:04:33.696+0000][25.799s][info ][gc,phases   ] GC(54)   Post Evacuate Collection Set: 2.3ms
[2025-12-05T04:04:33.696+0000][25.799s][info ][gc,phases   ] GC(54)   Other: 0.4ms
[2025-12-05T04:04:33.696+0000][25.799s][info ][gc,heap     ] GC(54) Eden regions: 393->0(508)
[2025-12-05T04:04:33.696+0000][25.799s][info ][gc,heap     ] GC(54) Survivor regions: 2->12(50)
[2025-12-05T04:04:33.696+0000][25.799s][info ][gc,heap     ] GC(54) Old regions: 168->168
[2025-12-05T04:04:33.696+0000][25.799s][info ][gc,heap     ] GC(54) Archive regions: 2->2
[2025-12-05T04:04:33.696+0000][25.799s][info ][gc,heap     ] GC(54) Humongous regions: 0->0
[2025-12-05T04:04:33.696+0000][25.799s][info ][gc,metaspace] GC(54) Metaspace: 109169K(109888K)->109169K(109888K) NonClass: 94757K(95104K)->94757K(95104K) Class: 14412K(14784K)->14412K(14784K)
[2025-12-05T04:04:33.696+0000][25.799s][info ][gc          ] GC(54) Pause Young (Normal) (G1 Evacuation Pause) 563M->180M(904M) 12.746ms
[2025-12-05T04:04:33.696+0000][25.799s][info ][gc,cpu      ] GC(54) User=0.07s Sys=0.03s Real=0.01s
[2025-12-05T04:04:33.696+0000][25.799s][info ][safepoint   ] Safepoint "G1CollectForAllocation", Time since last: 583821721 ns, Reaching safepoint: 53353 ns, Cleanup: 103350 ns, At safepoint: 12852030 ns, Total: 13008733 ns
[2025-12-05T04:04:34.745+0000][26.849s][debug][safepoint   ] Safepoint synchronization initiated using futex wait barrier. (40 threads)
[2025-12-05T04:04:34.745+0000][26.849s][info ][safepoint   ] Safepoint "ICBufferFull", Time since last: 1049251985 ns, Reaching safepoint: 90745 ns, Cleanup: 259261 ns, At safepoint: 3086 ns, Total: 353092 ns
[2025-12-05T04:04:35.276+0000][27.380s][debug][safepoint   ] Safepoint synchronization initiated using futex wait barrier. (45 threads)
[2025-12-05T04:04:35.276+0000][27.380s][info ][safepoint   ] Safepoint "ICBufferFull", Time since last: 530799886 ns, Reaching safepoint: 65366 ns, Cleanup: 192322 ns, At safepoint: 2986 ns, Total: 260674 ns
[2025-12-05T04:04:36.014+0000][28.118s][debug][safepoint   ] Safepoint synchronization initiated using futex wait barrier. (45 threads)
[2025-12-05T04:04:36.014+0000][28.118s][info ][safepoint   ] Safepoint "ICBufferFull", Time since last: 737581405 ns, Reaching safepoint: 41320 ns, Cleanup: 142515 ns, At safepoint: 2244 ns, Total: 186079 ns
[2025-12-05T04:04:36.297+0000][28.401s][debug][safepoint   ] Safepoint synchronization initiated using futex wait barrier. (44 threads)
[2025-12-05T04:04:36.297+0000][28.401s][info ][safepoint   ] Safepoint "ICBufferFull", Time since last: 283062086 ns, Reaching safepoint: 47652 ns, Cleanup: 130983 ns, At safepoint: 2445 ns, Total: 181080 ns
[2025-12-05T04:04:36.720+0000][28.824s][debug][safepoint   ] Safepoint synchronization initiated using futex wait barrier. (44 threads)
[2025-12-05T04:04:36.720+0000][28.824s][info ][gc,start    ] GC(55) Pause Young (Normal) (G1 Evacuation Pause)
[2025-12-05T04:04:36.720+0000][28.824s][info ][gc,task     ] GC(55) Using 13 workers of 13 for evacuation
[2025-12-05T04:04:36.739+0000][28.843s][info ][gc,phases   ] GC(55)   Pre Evacuate Collection Set: 0.4ms
[2025-12-05T04:04:36.739+0000][28.843s][info ][gc,phases   ] GC(55)   Merge Heap Roots: 0.3ms
[2025-12-05T04:04:36.739+0000][28.843s][info ][gc,phases   ] GC(55)   Evacuate Collection Set: 15.5ms
[2025-12-05T04:04:36.739+0000][28.843s][info ][gc,phases   ] GC(55)   Post Evacuate Collection Set: 2.5ms
[2025-12-05T04:04:36.739+0000][28.843s][info ][gc,phases   ] GC(55)   Other: 0.1ms
[2025-12-05T04:04:36.739+0000][28.843s][info ][gc,heap     ] GC(55) Eden regions: 508->0(519)
[2025-12-05T04:04:36.739+0000][28.843s][info ][gc,heap     ] GC(55) Survivor regions: 12->23(65)
[2025-12-05T04:04:36.739+0000][28.843s][info ][gc,heap     ] GC(55) Old regions: 168->168
[2025-12-05T04:04:36.739+0000][28.843s][info ][gc,heap     ] GC(55) Archive regions: 2->2
[2025-12-05T04:04:36.739+0000][28.843s][info ][gc,heap     ] GC(55) Humongous regions: 0->0
[2025-12-05T04:04:36.739+0000][28.843s][info ][gc,metaspace] GC(55) Metaspace: 120981K(121728K)->120981K(121728K) NonClass: 105390K(105792K)->105390K(105792K) Class: 15590K(15936K)->15590K(15936K)
[2025-12-05T04:04:36.739+0000][28.843s][info ][gc          ] GC(55) Pause Young (Normal) (G1 Evacuation Pause) 688M->191M(904M) 18.897ms
[2025-12-05T04:04:36.739+0000][28.843s][info ][gc,cpu      ] GC(55) User=0.09s Sys=0.11s Real=0.02s
[2025-12-05T04:04:36.739+0000][28.843s][info ][safepoint   ] Safepoint "G1CollectForAllocation", Time since last: 422331474 ns, Reaching safepoint: 55607 ns, Cleanup: 115663 ns, At safepoint: 19061326 ns, Total: 19232596 ns
[2025-12-05T04:04:37.569+0000][29.673s][debug][safepoint   ] Safepoint synchronization initiated using futex wait barrier. (48 threads)
[2025-12-05T04:04:37.569+0000][29.673s][info ][safepoint   ] Safepoint "ICBufferFull", Time since last: 830102166 ns, Reaching safepoint: 60056 ns, Cleanup: 195237 ns, At safepoint: 78872 ns, Total: 334165 ns
[2025-12-05T04:04:38.588+0000][30.691s][debug][safepoint   ] Safepoint synchronization initiated using futex wait barrier. (54 threads)
[2025-12-05T04:04:38.588+0000][30.692s][info ][safepoint   ] Safepoint "ICBufferFull", Time since last: 1018306769 ns, Reaching safepoint: 76357 ns, Cleanup: 144409 ns, At safepoint: 64825 ns, Total: 285591 ns
[2025-12-05T04:04:39.119+0000][31.223s][debug][safepoint   ] ... found polling page loop exception at pc = 0x00007fe6e55ee621, stub =0x00007fe6e4a04400
[2025-12-05T04:04:39.318+0000][31.422s][debug][safepoint   ] Safepoint synchronization initiated using futex wait barrier. (60 threads)
[2025-12-05T04:04:39.318+0000][31.422s][info ][safepoint   ] Safepoint "ICBufferFull", Time since last: 730238565 ns, Reaching safepoint: 82529 ns, Cleanup: 171942 ns, At safepoint: 31551 ns, Total: 286022 ns
[2025-12-05T04:04:39.785+0000][31.889s][debug][safepoint   ] Safepoint synchronization initiated using futex wait barrier. (60 threads)
[2025-12-05T04:04:39.785+0000][31.889s][info ][gc,start    ] GC(56) Pause Young (Normal) (G1 Evacuation Pause)
[2025-12-05T04:04:39.785+0000][31.889s][info ][gc,task     ] GC(56) Using 13 workers of 13 for evacuation
[2025-12-05T04:04:39.809+0000][31.913s][info ][gc,phases   ] GC(56)   Pre Evacuate Collection Set: 0.4ms
[2025-12-05T04:04:39.809+0000][31.913s][info ][gc,phases   ] GC(56)   Merge Heap Roots: 0.3ms
[2025-12-05T04:04:39.809+0000][31.913s][info ][gc,phases   ] GC(56)   Evacuate Collection Set: 20.4ms
[2025-12-05T04:04:39.809+0000][31.913s][info ][gc,phases   ] GC(56)   Post Evacuate Collection Set: 2.6ms
[2025-12-05T04:04:39.809+0000][31.913s][info ][gc,phases   ] GC(56)   Other: 0.3ms
[2025-12-05T04:04:39.809+0000][31.913s][info ][gc,heap     ] GC(56) Eden regions: 519->0(504)
[2025-12-05T04:04:39.809+0000][31.913s][info ][gc,heap     ] GC(56) Survivor regions: 23->38(68)
[2025-12-05T04:04:39.809+0000][31.913s][info ][gc,heap     ] GC(56) Old regions: 168->168
[2025-12-05T04:04:39.809+0000][31.913s][info ][gc,heap     ] GC(56) Archive regions: 2->2
[2025-12-05T04:04:39.809+0000][31.913s][info ][gc,heap     ] GC(56) Humongous regions: 1->0
[2025-12-05T04:04:39.809+0000][31.913s][info ][gc,metaspace] GC(56) Metaspace: 138200K(139328K)->138200K(139328K) NonClass: 120949K(121536K)->120949K(121536K) Class: 17250K(17792K)->17250K(17792K)
[2025-12-05T04:04:39.809+0000][31.913s][info ][gc          ] GC(56) Pause Young (Normal) (G1 Evacuation Pause) 711M->206M(904M) 24.163ms
[2025-12-05T04:04:39.809+0000][31.913s][info ][gc,cpu      ] GC(56) User=0.20s Sys=0.11s Real=0.02s
[2025-12-05T04:04:39.810+0000][31.914s][info ][safepoint   ] Safepoint "G1CollectForAllocation", Time since last: 466660921 ns, Reaching safepoint: 70977 ns, Cleanup: 46620 ns, At safepoint: 24433199 ns, Total: 24550796 ns
[2025-12-05T04:04:40.810+0000][32.914s][debug][safepoint   ] Safepoint synchronization initiated using futex wait barrier. (60 threads)
[2025-12-05T04:04:40.810+0000][32.914s][info ][safepoint   ] Safepoint "Cleanup", Time since last: 1000210238 ns, Reaching safepoint: 294288 ns, Cleanup: 154779 ns, At safepoint: 127175 ns, Total: 576242 ns
[2025-12-05T04:04:41.545+0000][33.648s][info ][cds,heap    ] initialize_from_archived_subgraph jdk.internal.math.FDBigInteger 0x00007fe67f14dd58
[2025-12-05T04:04:42.068+0000][34.172s][debug][safepoint   ] Safepoint synchronization initiated using futex wait barrier. (79 threads)
[2025-12-05T04:04:42.069+0000][34.172s][info ][safepoint   ] Safepoint "Cleanup", Time since last: 1257729664 ns, Reaching safepoint: 57992 ns, Cleanup: 177061 ns, At safepoint: 103320 ns, Total: 338373 ns
[2025-12-05T04:04:42.421+0000][34.524s][debug][safepoint   ] Safepoint synchronization initiated using futex wait barrier. (80 threads)
[2025-12-05T04:04:42.421+0000][34.525s][info ][gc,start    ] GC(57) Pause Young (Normal) (G1 Evacuation Pause)
[2025-12-05T04:04:42.421+0000][34.525s][info ][gc,task     ] GC(57) Using 13 workers of 13 for evacuation
[2025-12-05T04:04:42.439+0000][34.543s][info ][gc,phases   ] GC(57)   Pre Evacuate Collection Set: 0.5ms
[2025-12-05T04:04:42.439+0000][34.543s][info ][gc,phases   ] GC(57)   Merge Heap Roots: 0.4ms
[2025-12-05T04:04:42.439+0000][34.543s][info ][gc,phases   ] GC(57)   Evacuate Collection Set: 14.2ms
[2025-12-05T04:04:42.439+0000][34.543s][info ][gc,phases   ] GC(57)   Post Evacuate Collection Set: 2.7ms
[2025-12-05T04:04:42.439+0000][34.543s][info ][gc,phases   ] GC(57)   Other: 0.2ms
[2025-12-05T04:04:42.439+0000][34.543s][info ][gc,heap     ] GC(57) Eden regions: 504->0(501)
[2025-12-05T04:04:42.439+0000][34.543s][info ][gc,heap     ] GC(57) Survivor regions: 38->41(68)
[2025-12-05T04:04:42.439+0000][34.543s][info ][gc,heap     ] GC(57) Old regions: 168->179
[2025-12-05T04:04:42.439+0000][34.543s][info ][gc,heap     ] GC(57) Archive regions: 2->2
[2025-12-05T04:04:42.439+0000][34.543s][info ][gc,heap     ] GC(57) Humongous regions: 0->0
[2025-12-05T04:04:42.439+0000][34.543s][info ][gc,metaspace] GC(57) Metaspace: 152112K(153280K)->152112K(153280K) NonClass: 133601K(134208K)->133601K(134208K) Class: 18511K(19072K)->18511K(19072K)
[2025-12-05T04:04:42.439+0000][34.543s][info ][gc          ] GC(57) Pause Young (Normal) (G1 Evacuation Pause) 710M->220M(904M) 18.142ms
[2025-12-05T04:04:42.439+0000][34.543s][info ][gc,cpu      ] GC(57) User=0.18s Sys=0.00s Real=0.02s
[2025-12-05T04:04:42.439+0000][34.543s][info ][safepoint   ] Safepoint "G1CollectForAllocation", Time since last: 352102508 ns, Reaching safepoint: 75455 ns, Cleanup: 99953 ns, At safepoint: 18391047 ns, Total: 18566455 ns
[2025-12-05T04:04:43.249+0000][35.353s][debug][safepoint   ] Safepoint synchronization initiated using futex wait barrier. (82 threads)
[2025-12-05T04:04:43.249+0000][35.353s][info ][safepoint   ] Safepoint "ICBufferFull", Time since last: 809905559 ns, Reaching safepoint: 49986 ns, Cleanup: 147235 ns, At safepoint: 48213 ns, Total: 245434 ns
[2025-12-05T04:04:43.672+0000][35.776s][debug][safepoint   ] Safepoint synchronization initiated using futex wait barrier. (82 threads)
[2025-12-05T04:04:43.672+0000][35.776s][info ][gc,start    ] GC(58) Pause Young (Concurrent Start) (Metadata GC Threshold)
[2025-12-05T04:04:43.672+0000][35.776s][info ][gc,task     ] GC(58) Using 13 workers of 13 for evacuation
[2025-12-05T04:04:43.688+0000][35.792s][info ][gc,phases   ] GC(58)   Pre Evacuate Collection Set: 0.5ms
[2025-12-05T04:04:43.688+0000][35.792s][info ][gc,phases   ] GC(58)   Merge Heap Roots: 0.3ms
[2025-12-05T04:04:43.688+0000][35.792s][info ][gc,phases   ] GC(58)   Evacuate Collection Set: 11.4ms
[2025-12-05T04:04:43.688+0000][35.792s][info ][gc,phases   ] GC(58)   Post Evacuate Collection Set: 2.9ms
[2025-12-05T04:04:43.688+0000][35.792s][info ][gc,phases   ] GC(58)   Other: 0.2ms
[2025-12-05T04:04:43.688+0000][35.792s][info ][gc,heap     ] GC(58) Eden regions: 271->0(504)
[2025-12-05T04:04:43.688+0000][35.792s][info ][gc,heap     ] GC(58) Survivor regions: 41->38(68)
[2025-12-05T04:04:43.688+0000][35.792s][info ][gc,heap     ] GC(58) Old regions: 179->189
[2025-12-05T04:04:43.688+0000][35.792s][info ][gc,heap     ] GC(58) Archive regions: 2->2
[2025-12-05T04:04:43.688+0000][35.792s][info ][gc,heap     ] GC(58) Humongous regions: 0->0
[2025-12-05T04:04:43.688+0000][35.792s][info ][gc,metaspace] GC(58) Metaspace: 155022K(156160K)->155022K(156160K) NonClass: 136089K(136704K)->136089K(136704K) Class: 18932K(19456K)->18932K(19456K)
[2025-12-05T04:04:43.688+0000][35.792s][info ][gc          ] GC(58) Pause Young (Concurrent Start) (Metadata GC Threshold) 491M->226M(904M) 15.477ms
[2025-12-05T04:04:43.688+0000][35.792s][info ][gc,cpu      ] GC(58) User=0.16s Sys=0.00s Real=0.02s
[2025-12-05T04:04:43.688+0000][35.792s][info ][gc          ] GC(59) Concurrent Mark Cycle
[2025-12-05T04:04:43.688+0000][35.792s][info ][gc,marking  ] GC(59) Concurrent Clear Claimed Marks
[2025-12-05T04:04:43.688+0000][35.792s][info ][safepoint   ] Safepoint "CollectForMetadataAllocation", Time since last: 422876359 ns, Reaching safepoint: 58863 ns, Cleanup: 88120 ns, At safepoint: 15821518 ns, Total: 15968501 ns
[2025-12-05T04:04:43.688+0000][35.792s][info ][gc,marking  ] GC(59) Concurrent Clear Claimed Marks 0.223ms
[2025-12-05T04:04:43.688+0000][35.792s][info ][gc,marking  ] GC(59) Concurrent Scan Root Regions
[2025-12-05T04:04:43.700+0000][35.804s][info ][gc,marking  ] GC(59) Concurrent Scan Root Regions 12.039ms
[2025-12-05T04:04:43.700+0000][35.804s][info ][gc,marking  ] GC(59) Concurrent Mark
[2025-12-05T04:04:43.700+0000][35.804s][info ][gc,marking  ] GC(59) Concurrent Mark From Roots
[2025-12-05T04:04:43.700+0000][35.804s][info ][gc,task     ] GC(59) Using 3 workers of 3 for marking
[2025-12-05T04:04:43.753+0000][35.857s][info ][gc,marking  ] GC(59) Concurrent Mark From Roots 52.427ms
[2025-12-05T04:04:43.753+0000][35.857s][info ][gc,marking  ] GC(59) Concurrent Preclean
[2025-12-05T04:04:43.753+0000][35.857s][info ][gc,marking  ] GC(59) Concurrent Preclean 0.373ms
[2025-12-05T04:04:43.753+0000][35.857s][debug][safepoint   ] Safepoint synchronization initiated using futex wait barrier. (82 threads)
[2025-12-05T04:04:43.753+0000][35.857s][info ][gc,start    ] GC(59) Pause Remark
[2025-12-05T04:04:43.759+0000][35.863s][info ][gc          ] GC(59) Pause Remark 238M->226M(764M) 5.841ms
[2025-12-05T04:04:43.759+0000][35.863s][info ][gc,cpu      ] GC(59) User=0.04s Sys=0.01s Real=0.01s
[2025-12-05T04:04:43.759+0000][35.863s][info ][safepoint   ] Safepoint "G1PauseRemark", Time since last: 65136293 ns, Reaching safepoint: 23495 ns, Cleanup: 8857 ns, At safepoint: 6053362 ns, Total: 6085714 ns
[2025-12-05T04:04:43.759+0000][35.863s][info ][gc,marking  ] GC(59) Concurrent Mark 59.085ms
[2025-12-05T04:04:43.759+0000][35.863s][info ][gc,marking  ] GC(59) Concurrent Rebuild Remembered Sets
[2025-12-05T04:04:43.806+0000][35.909s][info ][gc,marking  ] GC(59) Concurrent Rebuild Remembered Sets 46.011ms
[2025-12-05T04:04:43.806+0000][35.909s][debug][safepoint   ] Safepoint synchronization initiated using futex wait barrier. (82 threads)
[2025-12-05T04:04:43.806+0000][35.910s][info ][gc,start    ] GC(59) Pause Cleanup
[2025-12-05T04:04:43.806+0000][35.910s][info ][gc          ] GC(59) Pause Cleanup 235M->235M(764M) 0.525ms
[2025-12-05T04:04:43.806+0000][35.910s][info ][gc,cpu      ] GC(59) User=0.02s Sys=0.00s Real=0.00s
[2025-12-05T04:04:43.806+0000][35.910s][info ][safepoint   ] Safepoint "G1PauseCleanup", Time since last: 46225223 ns, Reaching safepoint: 49506 ns, Cleanup: 62881 ns, At safepoint: 716272 ns, Total: 828659 ns
[2025-12-05T04:04:43.807+0000][35.910s][info ][gc,marking  ] GC(59) Concurrent Cleanup for Next Mark
[2025-12-05T04:04:43.812+0000][35.916s][info ][gc,marking  ] GC(59) Concurrent Cleanup for Next Mark 5.907ms
[2025-12-05T04:04:43.813+0000][35.916s][info ][gc          ] GC(59) Concurrent Mark Cycle 124.497ms
[2025-12-05T04:04:44.820+0000][36.924s][debug][safepoint   ] Safepoint synchronization initiated using futex wait barrier. (81 threads)
[2025-12-05T04:04:44.820+0000][36.924s][info ][safepoint   ] Safepoint "ICBufferFull", Time since last: 1013474720 ns, Reaching safepoint: 49736 ns, Cleanup: 157133 ns, At safepoint: 1884 ns, Total: 208753 ns
[2025-12-05T04:04:45.562+0000][37.666s][debug][safepoint   ] Safepoint synchronization initiated using futex wait barrier. (98 threads)
[2025-12-05T04:04:45.562+0000][37.666s][info ][gc,start    ] GC(60) Pause Young (Prepare Mixed) (G1 Evacuation Pause)
[2025-12-05T04:04:45.562+0000][37.666s][info ][gc,task     ] GC(60) Using 13 workers of 13 for evacuation
[2025-12-05T04:04:45.580+0000][37.684s][info ][gc,phases   ] GC(60)   Pre Evacuate Collection Set: 0.4ms
[2025-12-05T04:04:45.580+0000][37.684s][info ][gc,phases   ] GC(60)   Merge Heap Roots: 0.3ms
[2025-12-05T04:04:45.580+0000][37.684s][info ][gc,phases   ] GC(60)   Evacuate Collection Set: 14.1ms
[2025-12-05T04:04:45.580+0000][37.684s][info ][gc,phases   ] GC(60)   Post Evacuate Collection Set: 3.1ms
[2025-12-05T04:04:45.580+0000][37.684s][info ][gc,phases   ] GC(60)   Other: 0.2ms
[2025-12-05T04:04:45.580+0000][37.684s][info ][gc,heap     ] GC(60) Eden regions: 420->0(8)
[2025-12-05T04:04:45.580+0000][37.684s][info ][gc,heap     ] GC(60) Survivor regions: 38->30(58)
[2025-12-05T04:04:45.580+0000][37.684s][info ][gc,heap     ] GC(60) Old regions: 177->192
[2025-12-05T04:04:45.580+0000][37.684s][info ][gc,heap     ] GC(60) Archive regions: 2->2
[2025-12-05T04:04:45.580+0000][37.684s][info ][gc,heap     ] GC(60) Humongous regions: 0->0
[2025-12-05T04:04:45.580+0000][37.684s][info ][gc,metaspace] GC(60) Metaspace: 160723K(161984K)->160723K(161984K) NonClass: 140892K(141568K)->140892K(141568K) Class: 19830K(20416K)->19830K(20416K)
[2025-12-05T04:04:45.581+0000][37.684s][info ][gc          ] GC(60) Pause Young (Prepare Mixed) (G1 Evacuation Pause) 634M->221M(764M) 18.212ms
[2025-12-05T04:04:45.581+0000][37.684s][info ][gc,cpu      ] GC(60) User=0.17s Sys=0.01s Real=0.01s
[2025-12-05T04:04:45.581+0000][37.685s][info ][safepoint   ] Safepoint "G1CollectForAllocation", Time since last: 741943046 ns, Reaching safepoint: 49937 ns, Cleanup: 118809 ns, At safepoint: 18510107 ns, Total: 18678853 ns
[2025-12-05T04:04:45.611+0000][37.715s][debug][safepoint   ] Safepoint synchronization initiated using futex wait barrier. (98 threads)
[2025-12-05T04:04:45.611+0000][37.715s][info ][gc,start    ] GC(61) Pause Young (Mixed) (G1 Evacuation Pause)
[2025-12-05T04:04:45.611+0000][37.715s][info ][gc,task     ] GC(61) Using 13 workers of 13 for evacuation
[2025-12-05T04:04:45.622+0000][37.726s][info ][gc,phases   ] GC(61)   Pre Evacuate Collection Set: 0.5ms
[2025-12-05T04:04:45.622+0000][37.726s][info ][gc,phases   ] GC(61)   Merge Heap Roots: 0.3ms
[2025-12-05T04:04:45.622+0000][37.726s][info ][gc,phases   ] GC(61)   Evacuate Collection Set: 8.0ms
[2025-12-05T04:04:45.622+0000][37.726s][info ][gc,phases   ] GC(61)   Post Evacuate Collection Set: 1.7ms
[2025-12-05T04:04:45.622+0000][37.726s][info ][gc,phases   ] GC(61)   Other: 0.1ms
[2025-12-05T04:04:45.622+0000][37.726s][info ][gc,heap     ] GC(61) Eden regions: 8->0(453)
[2025-12-05T04:04:45.622+0000][37.726s][info ][gc,heap     ] GC(61) Survivor regions: 30->5(5)
[2025-12-05T04:04:45.622+0000][37.726s][info ][gc,heap     ] GC(61) Old regions: 192->179
[2025-12-05T04:04:45.622+0000][37.726s][info ][gc,heap     ] GC(61) Archive regions: 2->2
[2025-12-05T04:04:45.622+0000][37.726s][info ][gc,heap     ] GC(61) Humongous regions: 0->0
[2025-12-05T04:04:45.622+0000][37.726s][info ][gc,metaspace] GC(61) Metaspace: 160980K(162240K)->160980K(162240K) NonClass: 141113K(141760K)->141113K(141760K) Class: 19867K(20480K)->19867K(20480K)
[2025-12-05T04:04:45.622+0000][37.726s][info ][gc          ] GC(61) Pause Young (Mixed) (G1 Evacuation Pause) 229M->183M(764M) 10.844ms
[2025-12-05T04:04:45.622+0000][37.726s][info ][gc,cpu      ] GC(61) User=0.10s Sys=0.00s Real=0.01s
[2025-12-05T04:04:45.622+0000][37.726s][info ][safepoint   ] Safepoint "G1CollectForAllocation", Time since last: 30356135 ns, Reaching safepoint: 54545 ns, Cleanup: 22824 ns, At safepoint: 11063567 ns, Total: 11140936 ns
[2025-12-05T04:04:46.066+0000][38.170s][debug][safepoint   ] Safepoint synchronization initiated using futex wait barrier. (145 threads)
[2025-12-05T04:04:46.066+0000][38.170s][info ][safepoint   ] Safepoint "ICBufferFull", Time since last: 443927689 ns, Reaching safepoint: 104521 ns, Cleanup: 166511 ns, At safepoint: 22243 ns, Total: 293275 ns
[2025-12-05T04:04:46.461+0000][38.565s][debug][safepoint   ] Safepoint synchronization initiated using futex wait barrier. (146 threads)
[2025-12-05T04:04:46.461+0000][38.565s][info ][gc,start    ] GC(62) Pause Young (Normal) (G1 Evacuation Pause)
[2025-12-05T04:04:46.461+0000][38.565s][info ][gc,task     ] GC(62) Using 13 workers of 13 for evacuation
[2025-12-05T04:04:46.494+0000][38.598s][info ][gc,phases   ] GC(62)   Pre Evacuate Collection Set: 0.5ms
[2025-12-05T04:04:46.494+0000][38.598s][info ][gc,phases   ] GC(62)   Merge Heap Roots: 0.3ms
[2025-12-05T04:04:46.494+0000][38.598s][info ][gc,phases   ] GC(62)   Evacuate Collection Set: 30.4ms
[2025-12-05T04:04:46.494+0000][38.598s][info ][gc,phases   ] GC(62)   Post Evacuate Collection Set: 2.1ms
[2025-12-05T04:04:46.494+0000][38.598s][info ][gc,phases   ] GC(62)   Other: 0.2ms
[2025-12-05T04:04:46.494+0000][38.598s][info ][gc,heap     ] GC(62) Eden regions: 453->0(331)
[2025-12-05T04:04:46.494+0000][38.598s][info ][gc,heap     ] GC(62) Survivor regions: 5->58(58)
[2025-12-05T04:04:46.494+0000][38.598s][info ][gc,heap     ] GC(62) Old regions: 179->195
[2025-12-05T04:04:46.494+0000][38.598s][info ][gc,heap     ] GC(62) Archive regions: 2->2
[2025-12-05T04:04:46.494+0000][38.598s][info ][gc,heap     ] GC(62) Humongous regions: 4->4
[2025-12-05T04:04:46.494+0000][38.598s][info ][gc,metaspace] GC(62) Metaspace: 166885K(168128K)->166885K(168128K) NonClass: 146286K(146944K)->146286K(146944K) Class: 20598K(21184K)->20598K(21184K)
[2025-12-05T04:04:46.495+0000][38.598s][info ][gc          ] GC(62) Pause Young (Normal) (G1 Evacuation Pause) 640M->256M(764M) 33.542ms
[2025-12-05T04:04:46.495+0000][38.598s][info ][gc,cpu      ] GC(62) User=0.33s Sys=0.02s Real=0.04s
[2025-12-05T04:04:46.495+0000][38.599s][info ][safepoint   ] Safepoint "G1CollectForAllocation", Time since last: 394255424 ns, Reaching safepoint: 53714 ns, Cleanup: 131634 ns, At safepoint: 33985938 ns, Total: 34171286 ns
[2025-12-05T04:04:46.758+0000][38.862s][debug][safepoint   ] Safepoint synchronization initiated using futex wait barrier. (159 threads)
[2025-12-05T04:04:46.758+0000][38.862s][debug][safepoint   ] ... found polling page loop exception at pc = 0x00007fe6deee3696, stub =0x00007fe6e4a04400
[2025-12-05T04:04:46.758+0000][38.862s][debug][safepoint   ] ... found polling page loop exception at pc = 0x00007fe6deee3696, stub =0x00007fe6e4a04400
[2025-12-05T04:04:46.758+0000][38.862s][debug][safepoint   ] ... found polling page loop exception at pc = 0x00007fe6deee3696, stub =0x00007fe6e4a04400
[2025-12-05T04:04:46.759+0000][38.863s][info ][safepoint   ] Safepoint "ICBufferFull", Time since last: 263065505 ns, Reaching safepoint: 331871 ns, Cleanup: 186740 ns, At safepoint: 243219 ns, Total: 761830 ns
[2025-12-05T04:04:46.962+0000][39.066s][debug][safepoint   ] Safepoint synchronization initiated using futex wait barrier. (237 threads)
[2025-12-05T04:04:46.962+0000][39.066s][info ][safepoint   ] Safepoint "ICBufferFull", Time since last: 203279872 ns, Reaching safepoint: 61779 ns, Cleanup: 180308 ns, At safepoint: 29707 ns, Total: 271794 ns
[2025-12-05T04:04:47.019+0000][39.123s][debug][safepoint   ] Safepoint synchronization initiated using futex wait barrier. (237 threads)
[2025-12-05T04:04:47.020+0000][39.124s][info ][gc,start    ] GC(63) Pause Young (Normal) (G1 Evacuation Pause)
[2025-12-05T04:04:47.020+0000][39.124s][info ][gc,task     ] GC(63) Using 13 workers of 13 for evacuation
[2025-12-05T04:04:47.038+0000][39.141s][info ][gc,phases   ] GC(63)   Pre Evacuate Collection Set: 0.4ms
[2025-12-05T04:04:47.038+0000][39.141s][info ][gc,phases   ] GC(63)   Merge Heap Roots: 0.3ms
[2025-12-05T04:04:47.038+0000][39.141s][info ][gc,phases   ] GC(63)   Evacuate Collection Set: 14.9ms
[2025-12-05T04:04:47.038+0000][39.141s][info ][gc,phases   ] GC(63)   Post Evacuate Collection Set: 1.8ms
[2025-12-05T04:04:47.038+0000][39.141s][info ][gc,phases   ] GC(63)   Other: 0.2ms
[2025-12-05T04:04:47.038+0000][39.141s][info ][gc,heap     ] GC(63) Eden regions: 331->0(328)
[2025-12-05T04:04:47.038+0000][39.141s][info ][gc,heap     ] GC(63) Survivor regions: 58->15(49)
[2025-12-05T04:04:47.038+0000][39.141s][info ][gc,heap     ] GC(63) Old regions: 195->254
[2025-12-05T04:04:47.038+0000][39.141s][info ][gc,heap     ] GC(63) Archive regions: 2->2
[2025-12-05T04:04:47.038+0000][39.141s][info ][gc,heap     ] GC(63) Humongous regions: 4->4
[2025-12-05T04:04:47.038+0000][39.141s][info ][gc,metaspace] GC(63) Metaspace: 173402K(174656K)->173402K(174656K) NonClass: 152005K(152640K)->152005K(152640K) Class: 21396K(22016K)->21396K(22016K)
[2025-12-05T04:04:47.038+0000][39.142s][info ][gc          ] GC(63) Pause Young (Normal) (G1 Evacuation Pause) 587M->272M(764M) 17.627ms
[2025-12-05T04:04:47.038+0000][39.142s][info ][gc,cpu      ] GC(63) User=0.19s Sys=0.00s Real=0.02s
[2025-12-05T04:04:47.039+0000][39.143s][info ][safepoint   ] Safepoint "G1CollectForAllocation", Time since last: 57189674 ns, Reaching safepoint: 434063 ns, Cleanup: 51439 ns, At safepoint: 18773515 ns, Total: 19259017 ns
[2025-12-05T04:04:47.154+0000][39.258s][debug][safepoint   ] ... found polling page loop exception at pc = 0x00007fe6e58f8639, stub =0x00007fe6e4a04400
[2025-12-05T04:04:47.154+0000][39.258s][debug][safepoint   ] ... found polling page loop exception at pc = 0x00007fe6e58c15a0, stub =0x00007fe6e4a04400
[2025-12-05T04:04:47.460+0000][39.567s][debug][safepoint   ] ... found polling page loop exception at pc = 0x00007fe6e581cf80, stub =0x00007fe6e4a04400
[2025-12-05T04:04:47.477+0000][39.583s][debug][safepoint   ] Safepoint synchronization initiated using futex wait barrier. (245 threads)
[2025-12-05T04:04:47.477+0000][39.583s][info ][gc,start    ] GC(64) Pause Young (Normal) (G1 Evacuation Pause)
[2025-12-05T04:04:47.477+0000][39.583s][info ][gc,task     ] GC(64) Using 13 workers of 13 for evacuation
[2025-12-05T04:04:47.499+0000][39.605s][info ][gc,phases   ] GC(64)   Pre Evacuate Collection Set: 0.5ms
[2025-12-05T04:04:47.499+0000][39.605s][info ][gc,phases   ] GC(64)   Merge Heap Roots: 0.4ms
[2025-12-05T04:04:47.499+0000][39.605s][info ][gc,phases   ] GC(64)   Evacuate Collection Set: 18.8ms
[2025-12-05T04:04:47.499+0000][39.605s][info ][gc,phases   ] GC(64)   Post Evacuate Collection Set: 1.8ms
[2025-12-05T04:04:47.499+0000][39.605s][info ][gc,phases   ] GC(64)   Other: 0.2ms
[2025-12-05T04:04:47.499+0000][39.605s][info ][gc,heap     ] GC(64) Eden regions: 328->0(278)
[2025-12-05T04:04:47.499+0000][39.605s][info ][gc,heap     ] GC(64) Survivor regions: 15->43(43)
[2025-12-05T04:04:47.499+0000][39.605s][info ][gc,heap     ] GC(64) Old regions: 254->263
[2025-12-05T04:04:47.499+0000][39.605s][info ][gc,heap     ] GC(64) Archive regions: 2->2
[2025-12-05T04:04:47.499+0000][39.605s][info ][gc,heap     ] GC(64) Humongous regions: 7->7
[2025-12-05T04:04:47.499+0000][39.605s][info ][gc,metaspace] GC(64) Metaspace: 177090K(178368K)->177090K(178368K) NonClass: 155187K(155840K)->155187K(155840K) Class: 21902K(22528K)->21902K(22528K)
[2025-12-05T04:04:47.499+0000][39.605s][info ][gc          ] GC(64) Pause Young (Normal) (G1 Evacuation Pause) 603M->312M(764M) 21.791ms
[2025-12-05T04:04:47.499+0000][39.605s][info ][gc,cpu      ] GC(64) User=0.19s Sys=0.02s Real=0.02s
[2025-12-05T04:04:47.500+0000][39.606s][info ][safepoint   ] Safepoint "G1CollectForAllocation", Time since last: 440612082 ns, Reaching safepoint: 68201 ns, Cleanup: 90615 ns, At safepoint: 22949612 ns, Total: 23108428 ns
[2025-12-05T04:04:47.701+0000][39.808s][debug][safepoint   ] ... found polling page loop exception at pc = 0x00007fe6e58c15a0, stub =0x00007fe6e4a04400
[2025-12-05T04:04:47.732+0000][39.838s][debug][safepoint   ] Safepoint synchronization initiated using futex wait barrier. (247 threads)
[2025-12-05T04:04:47.732+0000][39.839s][info ][safepoint   ] Safepoint "ICBufferFull", Time since last: 232132631 ns, Reaching safepoint: 75836 ns, Cleanup: 153236 ns, At safepoint: 63312 ns, Total: 292384 ns
[2025-12-05T04:04:47.761+0000][39.867s][debug][safepoint   ] ... found polling page loop exception at pc = 0x00007fe6e550dc9a, stub =0x00007fe6e4a04400
[2025-12-05T04:04:47.877+0000][39.984s][debug][safepoint   ] ... found polling page loop exception at pc = 0x00007fe6e5c9aa5b, stub =0x00007fe6e4a04400
[2025-12-05T04:04:47.889+0000][39.996s][debug][safepoint   ] Safepoint synchronization initiated using futex wait barrier. (255 threads)
[2025-12-05T04:04:47.889+0000][39.996s][debug][safepoint   ] ... found polling page loop exception at pc = 0x00007fe6e5150fef, stub =0x00007fe6e4a04400
[2025-12-05T04:04:47.890+0000][39.997s][info ][safepoint   ] Safepoint "ICBufferFull", Time since last: 156936466 ns, Reaching safepoint: 407566 ns, Cleanup: 142034 ns, At safepoint: 297424 ns, Total: 847024 ns
[2025-12-05T04:04:47.890+0000][39.997s][debug][safepoint   ] Safepoint synchronization initiated using futex wait barrier. (255 threads)
[2025-12-05T04:04:47.890+0000][39.997s][debug][safepoint   ] ... found polling page loop exception at pc = 0x00007fe6e53b3319, stub =0x00007fe6e4a04400
[2025-12-05T04:04:47.891+0000][39.998s][info ][safepoint   ] Safepoint "ICBufferFull", Time since last: 291913 ns, Reaching safepoint: 352491 ns, Cleanup: 2585 ns, At safepoint: 372879 ns, Total: 727955 ns
[2025-12-05T04:04:47.891+0000][39.998s][debug][safepoint   ] Safepoint synchronization initiated using futex wait barrier. (255 threads)
[2025-12-05T04:04:47.892+0000][39.998s][info ][safepoint   ] Safepoint "ICBufferFull", Time since last: 109972 ns, Reaching safepoint: 371487 ns, Cleanup: 20319 ns, At safepoint: 399702 ns, Total: 791508 ns
[2025-12-05T04:04:47.959+0000][40.066s][debug][safepoint   ] Safepoint synchronization initiated using futex wait barrier. (262 threads)
[2025-12-05T04:04:47.959+0000][40.066s][info ][safepoint   ] Safepoint "ICBufferFull", Time since last: 67095173 ns, Reaching safepoint: 195116 ns, Cleanup: 140772 ns, At safepoint: 165178 ns, Total: 501066 ns
[2025-12-05T04:04:47.990+0000][40.097s][debug][safepoint   ] ... found polling page loop exception at pc = 0x00007fe6e5b9dc57, stub =0x00007fe6e4a04400
[2025-12-05T04:04:48.030+0000][40.137s][debug][safepoint   ] Safepoint synchronization initiated using futex wait barrier. (262 threads)
[2025-12-05T04:04:48.031+0000][40.137s][info ][gc,start    ] GC(65) Pause Young (Normal) (G1 Evacuation Pause)
[2025-12-05T04:04:48.031+0000][40.137s][info ][gc,task     ] GC(65) Using 13 workers of 13 for evacuation
[2025-12-05T04:04:48.045+0000][40.151s][info ][gc,phases   ] GC(65)   Pre Evacuate Collection Set: 0.4ms
[2025-12-05T04:04:48.045+0000][40.151s][info ][gc,phases   ] GC(65)   Merge Heap Roots: 0.3ms
[2025-12-05T04:04:48.045+0000][40.151s][info ][gc,phases   ] GC(65)   Evacuate Collection Set: 11.6ms
[2025-12-05T04:04:48.045+0000][40.151s][info ][gc,phases   ] GC(65)   Post Evacuate Collection Set: 1.7ms
[2025-12-05T04:04:48.045+0000][40.151s][info ][gc,phases   ] GC(65)   Other: 0.2ms
[2025-12-05T04:04:48.045+0000][40.151s][info ][gc,heap     ] GC(65) Eden regions: 278->0(269)
[2025-12-05T04:04:48.045+0000][40.151s][info ][gc,heap     ] GC(65) Survivor regions: 43->18(41)
[2025-12-05T04:04:48.045+0000][40.151s][info ][gc,heap     ] GC(65) Old regions: 263->307
[2025-12-05T04:04:48.045+0000][40.151s][info ][gc,heap     ] GC(65) Archive regions: 2->2
[2025-12-05T04:04:48.045+0000][40.151s][info ][gc,heap     ] GC(65) Humongous regions: 17->9
[2025-12-05T04:04:48.045+0000][40.151s][info ][gc,metaspace] GC(65) Metaspace: 183142K(184448K)->183142K(184448K) NonClass: 160468K(161152K)->160468K(161152K) Class: 22673K(23296K)->22673K(23296K)
[2025-12-05T04:04:48.045+0000][40.151s][info ][gc          ] GC(65) Pause Young (Normal) (G1 Evacuation Pause) 600M->333M(764M) 14.221ms
[2025-12-05T04:04:48.045+0000][40.152s][info ][gc,cpu      ] GC(65) User=0.17s Sys=0.01s Real=0.02s
[2025-12-05T04:04:48.045+0000][40.152s][info ][safepoint   ] Safepoint "G1CollectForAllocation", Time since last: 71014115 ns, Reaching safepoint: 67540 ns, Cleanup: 52762 ns, At safepoint: 14692961 ns, Total: 14813263 ns
[2025-12-05T04:04:48.318+0000][40.425s][debug][safepoint   ] Safepoint synchronization initiated using futex wait barrier. (264 threads)
[2025-12-05T04:04:48.318+0000][40.425s][info ][gc,start    ] GC(66) Pause Young (Normal) (G1 Evacuation Pause)
[2025-12-05T04:04:48.318+0000][40.425s][info ][gc,task     ] GC(66) Using 13 workers of 13 for evacuation
[2025-12-05T04:04:48.340+0000][40.447s][info ][gc,phases   ] GC(66)   Pre Evacuate Collection Set: 0.5ms
[2025-12-05T04:04:48.340+0000][40.447s][info ][gc,phases   ] GC(66)   Merge Heap Roots: 0.3ms
[2025-12-05T04:04:48.340+0000][40.447s][info ][gc,phases   ] GC(66)   Evacuate Collection Set: 19.2ms
[2025-12-05T04:04:48.340+0000][40.447s][info ][gc,phases   ] GC(66)   Post Evacuate Collection Set: 1.8ms
[2025-12-05T04:04:48.340+0000][40.447s][info ][gc,phases   ] GC(66)   Other: 0.2ms
[2025-12-05T04:04:48.340+0000][40.447s][info ][gc,heap     ] GC(66) Eden regions: 269->0(198)
[2025-12-05T04:04:48.340+0000][40.447s][info ][gc,heap     ] GC(66) Survivor regions: 18->36(36)
[2025-12-05T04:04:48.340+0000][40.447s][info ][gc,heap     ] GC(66) Old regions: 307->350
[2025-12-05T04:04:48.340+0000][40.447s][info ][gc,heap     ] GC(66) Archive regions: 2->2
[2025-12-05T04:04:48.340+0000][40.447s][info ][gc,heap     ] GC(66) Humongous regions: 11->11
[2025-12-05T04:04:48.340+0000][40.447s][info ][gc,metaspace] GC(66) Metaspace: 185210K(186560K)->185210K(186560K) NonClass: 162318K(163008K)->162318K(163008K) Class: 22891K(23552K)->22891K(23552K)
[2025-12-05T04:04:48.340+0000][40.447s][info ][gc          ] GC(66) Pause Young (Normal) (G1 Evacuation Pause) 604M->396M(764M) 22.083ms
[2025-12-05T04:04:48.340+0000][40.447s][info ][gc,cpu      ] GC(66) User=0.27s Sys=0.01s Real=0.03s
[2025-12-05T04:04:48.341+0000][40.448s][info ][safepoint   ] Safepoint "G1CollectForAllocation", Time since last: 272694656 ns, Reaching safepoint: 68503 ns, Cleanup: 101616 ns, At safepoint: 23249601 ns, Total: 23419720 ns
[2025-12-05T04:04:48.510+0000][40.617s][debug][safepoint   ] ... found polling page loop exception at pc = 0x00007fe6e5e6dac9, stub =0x00007fe6e4a04400
[2025-12-05T04:04:48.582+0000][40.689s][debug][safepoint   ] Safepoint synchronization initiated using futex wait barrier. (264 threads)
[2025-12-05T04:04:48.582+0000][40.689s][info ][gc,start    ] GC(67) Pause Young (Normal) (G1 Evacuation Pause)
[2025-12-05T04:04:48.582+0000][40.689s][info ][gc,task     ] GC(67) Using 13 workers of 13 for evacuation
[2025-12-05T04:04:48.612+0000][40.719s][info ][gc,phases   ] GC(67)   Pre Evacuate Collection Set: 0.5ms
[2025-12-05T04:04:48.612+0000][40.719s][info ][gc,phases   ] GC(67)   Merge Heap Roots: 0.3ms
[2025-12-05T04:04:48.612+0000][40.719s][info ][gc,phases   ] GC(67)   Evacuate Collection Set: 27.3ms
[2025-12-05T04:04:48.612+0000][40.719s][info ][gc,phases   ] GC(67)   Post Evacuate Collection Set: 1.6ms
[2025-12-05T04:04:48.612+0000][40.719s][info ][gc,phases   ] GC(67)   Other: 0.3ms
[2025-12-05T04:04:48.612+0000][40.719s][info ][gc,heap     ] GC(67) Eden regions: 198->0(135)
[2025-12-05T04:04:48.612+0000][40.719s][info ][gc,heap     ] GC(67) Survivor regions: 36->30(30)
[2025-12-05T04:04:48.612+0000][40.719s][info ][gc,heap     ] GC(67) Old regions: 350->422
[2025-12-05T04:04:48.612+0000][40.719s][info ][gc,heap     ] GC(67) Archive regions: 2->2
[2025-12-05T04:04:48.612+0000][40.719s][info ][gc,heap     ] GC(67) Humongous regions: 15->15
[2025-12-05T04:04:48.612+0000][40.719s][info ][gc,metaspace] GC(67) Metaspace: 185995K(187392K)->185995K(187392K) NonClass: 163029K(163776K)->163029K(163776K) Class: 22965K(23616K)->22965K(23616K)
[2025-12-05T04:04:48.612+0000][40.719s][info ][gc          ] GC(67) Pause Young (Normal) (G1 Evacuation Pause) 598M->467M(764M) 30.133ms
[2025-12-05T04:04:48.613+0000][40.719s][info ][gc,cpu      ] GC(67) User=0.40s Sys=0.01s Real=0.03s
[2025-12-05T04:04:48.614+0000][40.720s][info ][safepoint   ] Safepoint "G1CollectForAllocation", Time since last: 240654634 ns, Reaching safepoint: 76798 ns, Cleanup: 73742 ns, At safepoint: 31486626 ns, Total: 31637166 ns
[2025-12-05T04:04:48.805+0000][40.911s][debug][safepoint   ] Safepoint synchronization initiated using futex wait barrier. (261 threads)
[2025-12-05T04:04:48.805+0000][40.912s][info ][gc,start    ] GC(68) Pause Young (Concurrent Start) (G1 Evacuation Pause)
[2025-12-05T04:04:48.805+0000][40.912s][info ][gc,task     ] GC(68) Using 13 workers of 13 for evacuation
[2025-12-05T04:04:48.827+0000][40.934s][info ][gc,phases   ] GC(68)   Pre Evacuate Collection Set: 1.0ms
[2025-12-05T04:04:48.827+0000][40.934s][info ][gc,phases   ] GC(68)   Merge Heap Roots: 0.5ms
[2025-12-05T04:04:48.827+0000][40.934s][info ][gc,phases   ] GC(68)   Evacuate Collection Set: 18.2ms
[2025-12-05T04:04:48.827+0000][40.934s][info ][gc,phases   ] GC(68)   Post Evacuate Collection Set: 1.6ms
[2025-12-05T04:04:48.827+0000][40.934s][info ][gc,phases   ] GC(68)   Other: 0.5ms
[2025-12-05T04:04:48.827+0000][40.934s][info ][gc,heap     ] GC(68) Eden regions: 135->0(122)
[2025-12-05T04:04:48.827+0000][40.934s][info ][gc,heap     ] GC(68) Survivor regions: 30->21(21)
[2025-12-05T04:04:48.827+0000][40.934s][info ][gc,heap     ] GC(68) Old regions: 422->456
[2025-12-05T04:04:48.827+0000][40.934s][info ][gc,heap     ] GC(68) Archive regions: 2->2
[2025-12-05T04:04:48.827+0000][40.934s][info ][gc,heap     ] GC(68) Humongous regions: 25->17
[2025-12-05T04:04:48.827+0000][40.934s][info ][gc,metaspace] GC(68) Metaspace: 186398K(187776K)->186398K(187776K) NonClass: 163386K(164096K)->163386K(164096K) Class: 23011K(23680K)->23011K(23680K)
[2025-12-05T04:04:48.827+0000][40.934s][info ][gc          ] GC(68) Pause Young (Concurrent Start) (G1 Evacuation Pause) 612M->493M(764M) 21.755ms
[2025-12-05T04:04:48.827+0000][40.934s][info ][gc,cpu      ] GC(68) User=0.18s Sys=0.01s Real=0.02s
[2025-12-05T04:04:48.827+0000][40.934s][info ][gc          ] GC(69) Concurrent Mark Cycle
[2025-12-05T04:04:48.827+0000][40.934s][info ][gc,marking  ] GC(69) Concurrent Clear Claimed Marks
[2025-12-05T04:04:48.828+0000][40.934s][info ][gc,marking  ] GC(69) Concurrent Clear Claimed Marks 0.239ms
[2025-12-05T04:04:48.828+0000][40.934s][info ][gc,marking  ] GC(69) Concurrent Scan Root Regions
[2025-12-05T04:04:48.828+0000][40.935s][info ][safepoint   ] Safepoint "G1CollectForAllocation", Time since last: 191176503 ns, Reaching safepoint: 135180 ns, Cleanup: 255884 ns, At safepoint: 23120743 ns, Total: 23511807 ns
[2025-12-05T04:04:48.836+0000][40.943s][info ][gc,marking  ] GC(69) Concurrent Scan Root Regions 8.378ms
[2025-12-05T04:04:48.836+0000][40.943s][info ][gc,marking  ] GC(69) Concurrent Mark
[2025-12-05T04:04:48.836+0000][40.943s][info ][gc,marking  ] GC(69) Concurrent Mark From Roots
[2025-12-05T04:04:48.836+0000][40.943s][info ][gc,task     ] GC(69) Using 3 workers of 3 for marking
[2025-12-05T04:04:48.863+0000][40.969s][debug][safepoint   ] ... found polling page loop exception at pc = 0x00007fe6e5a6a209, stub =0x00007fe6e4a04400
[2025-12-05T04:04:48.935+0000][41.042s][info ][gc,marking  ] GC(69) Concurrent Mark From Roots 99.215ms
[2025-12-05T04:04:48.935+0000][41.042s][info ][gc,marking  ] GC(69) Concurrent Preclean
[2025-12-05T04:04:48.936+0000][41.042s][info ][gc,marking  ] GC(69) Concurrent Preclean 0.421ms
[2025-12-05T04:04:48.936+0000][41.042s][debug][safepoint   ] Safepoint synchronization initiated using futex wait barrier. (258 threads)
[2025-12-05T04:04:48.936+0000][41.043s][info ][gc,start    ] GC(69) Pause Remark
[2025-12-05T04:04:48.952+0000][41.058s][info ][gc          ] GC(69) Pause Remark 582M->482M(809M) 15.479ms
[2025-12-05T04:04:48.952+0000][41.059s][info ][gc,cpu      ] GC(69) User=0.12s Sys=0.01s Real=0.02s
[2025-12-05T04:04:48.952+0000][41.059s][info ][safepoint   ] Safepoint "G1PauseRemark", Time since last: 107386582 ns, Reaching safepoint: 515034 ns, Cleanup: 20910 ns, At safepoint: 15845302 ns, Total: 16381246 ns
[2025-12-05T04:04:48.952+0000][41.059s][info ][gc,marking  ] GC(69) Concurrent Mark 116.225ms
[2025-12-05T04:04:48.952+0000][41.059s][info ][gc,marking  ] GC(69) Concurrent Rebuild Remembered Sets
[2025-12-05T04:04:49.049+0000][41.155s][info ][gc,marking  ] GC(69) Concurrent Rebuild Remembered Sets 96.575ms
[2025-12-05T04:04:49.049+0000][41.156s][debug][safepoint   ] Safepoint synchronization initiated using futex wait barrier. (258 threads)
[2025-12-05T04:04:49.055+0000][41.161s][info ][gc,start    ] GC(69) Pause Cleanup
[2025-12-05T04:04:49.055+0000][41.162s][info ][gc          ] GC(69) Pause Cleanup 508M->508M(809M) 0.572ms
[2025-12-05T04:04:49.055+0000][41.162s][info ][gc,cpu      ] GC(69) User=0.01s Sys=0.00s Real=0.00s
[2025-12-05T04:04:49.056+0000][41.163s][info ][safepoint   ] Safepoint "G1PauseCleanup", Time since last: 96805751 ns, Reaching safepoint: 5570041 ns, Cleanup: 26210 ns, At safepoint: 1871763 ns, Total: 7468014 ns
[2025-12-05T04:04:49.057+0000][41.163s][info ][gc,marking  ] GC(69) Concurrent Cleanup for Next Mark
[2025-12-05T04:04:49.061+0000][41.168s][info ][gc,marking  ] GC(69) Concurrent Cleanup for Next Mark 4.917ms
[2025-12-05T04:04:49.061+0000][41.168s][info ][gc          ] GC(69) Concurrent Mark Cycle 234.166ms
[2025-12-05T04:04:49.078+0000][41.184s][debug][safepoint   ] Safepoint synchronization initiated using futex wait barrier. (258 threads)
[2025-12-05T04:04:49.078+0000][41.184s][debug][safepoint   ] ... found polling page loop exception at pc = 0x00007fe6e5e6e78a, stub =0x00007fe6e4a04400
[2025-12-05T04:04:49.082+0000][41.189s][info ][gc,start    ] GC(70) Pause Young (Prepare Mixed) (G1 Evacuation Pause)
[2025-12-05T04:04:49.082+0000][41.189s][info ][gc,task     ] GC(70) Using 13 workers of 13 for evacuation
[2025-12-05T04:04:49.093+0000][41.200s][info ][gc,phases   ] GC(70)   Pre Evacuate Collection Set: 0.4ms
[2025-12-05T04:04:49.093+0000][41.200s][info ][gc,phases   ] GC(70)   Merge Heap Roots: 0.3ms
[2025-12-05T04:04:49.093+0000][41.200s][info ][gc,phases   ] GC(70)   Evacuate Collection Set: 8.6ms
[2025-12-05T04:04:49.093+0000][41.200s][info ][gc,phases   ] GC(70)   Post Evacuate Collection Set: 1.6ms
[2025-12-05T04:04:49.093+0000][41.200s][info ][gc,phases   ] GC(70)   Other: 0.3ms
[2025-12-05T04:04:49.093+0000][41.200s][info ][gc,heap     ] GC(70) Eden regions: 122->0(34)
[2025-12-05T04:04:49.093+0000][41.200s][info ][gc,heap     ] GC(70) Survivor regions: 21->6(18)
[2025-12-05T04:04:49.093+0000][41.200s][info ][gc,heap     ] GC(70) Old regions: 371->391
[2025-12-05T04:04:49.093+0000][41.200s][info ][gc,heap     ] GC(70) Archive regions: 2->2
[2025-12-05T04:04:49.093+0000][41.200s][info ][gc,heap     ] GC(70) Humongous regions: 2->2
[2025-12-05T04:04:49.093+0000][41.200s][info ][gc,metaspace] GC(70) Metaspace: 187986K(189312K)->187986K(189312K) NonClass: 164767K(165440K)->164767K(165440K) Class: 23218K(23872K)->23218K(23872K)
[2025-12-05T04:04:49.093+0000][41.200s][info ][gc          ] GC(70) Pause Young (Prepare Mixed) (G1 Evacuation Pause) 515M->398M(809M) 11.064ms
[2025-12-05T04:04:49.093+0000][41.200s][info ][gc,cpu      ] GC(70) User=0.10s Sys=0.03s Real=0.01s
[2025-12-05T04:04:49.094+0000][41.201s][info ][safepoint   ] Safepoint "G1CollectForAllocation", Time since last: 21158594 ns, Reaching safepoint: 4361648 ns, Cleanup: 15590 ns, At safepoint: 12440671 ns, Total: 16817909 ns
[2025-12-05T04:04:49.150+0000][41.256s][debug][safepoint   ] Safepoint synchronization initiated using futex wait barrier. (258 threads)
[2025-12-05T04:04:49.150+0000][41.256s][debug][safepoint   ] ... found polling page loop exception at pc = 0x00007fe6df0a3235, stub =0x00007fe6e4a04400
[2025-12-05T04:04:49.150+0000][41.257s][info ][gc,start    ] GC(71) Pause Young (Mixed) (G1 Evacuation Pause)
[2025-12-05T04:04:49.150+0000][41.257s][info ][gc,task     ] GC(71) Using 13 workers of 13 for evacuation
[2025-12-05T04:04:49.161+0000][41.268s][info ][gc,phases   ] GC(71)   Pre Evacuate Collection Set: 0.4ms
[2025-12-05T04:04:49.162+0000][41.268s][info ][gc,phases   ] GC(71)   Merge Heap Roots: 0.3ms
[2025-12-05T04:04:49.162+0000][41.268s][info ][gc,phases   ] GC(71)   Evacuate Collection Set: 4.9ms
[2025-12-05T04:04:49.162+0000][41.268s][info ][gc,phases   ] GC(71)   Post Evacuate Collection Set: 5.8ms
[2025-12-05T04:04:49.162+0000][41.268s][info ][gc,phases   ] GC(71)   Other: 0.2ms
[2025-12-05T04:04:49.162+0000][41.268s][info ][gc,heap     ] GC(71) Eden regions: 34->0(48)
[2025-12-05T04:04:49.162+0000][41.268s][info ][gc,heap     ] GC(71) Survivor regions: 6->3(5)
[2025-12-05T04:04:49.162+0000][41.268s][info ][gc,heap     ] GC(71) Old regions: 391->318
[2025-12-05T04:04:49.162+0000][41.268s][info ][gc,heap     ] GC(71) Archive regions: 2->2
[2025-12-05T04:04:49.162+0000][41.268s][info ][gc,heap     ] GC(71) Humongous regions: 2->2
[2025-12-05T04:04:49.162+0000][41.268s][info ][gc,metaspace] GC(71) Metaspace: 188601K(189952K)->188601K(189952K) NonClass: 165315K(166016K)->165315K(166016K) Class: 23286K(23936K)->23286K(23936K)
[2025-12-05T04:04:49.162+0000][41.268s][info ][gc          ] GC(71) Pause Young (Mixed) (G1 Evacuation Pause) 432M->323M(1027M) 11.656ms
[2025-12-05T04:04:49.162+0000][41.268s][info ][gc,cpu      ] GC(71) User=0.06s Sys=0.00s Real=0.02s
[2025-12-05T04:04:49.162+0000][41.268s][info ][safepoint   ] Safepoint "G1CollectForAllocation", Time since last: 55268626 ns, Reaching safepoint: 185939 ns, Cleanup: 30649 ns, At safepoint: 12011533 ns, Total: 12228121 ns
[2025-12-05T04:04:49.421+0000][41.527s][debug][safepoint   ] Safepoint synchronization initiated using futex wait barrier. (260 threads)
[2025-12-05T04:04:49.421+0000][41.528s][info ][gc,start    ] GC(72) Pause Young (Mixed) (G1 Evacuation Pause)
[2025-12-05T04:04:49.421+0000][41.528s][info ][gc,task     ] GC(72) Using 13 workers of 13 for evacuation
[2025-12-05T04:04:49.437+0000][41.543s][info ][gc,phases   ] GC(72)   Pre Evacuate Collection Set: 0.5ms
[2025-12-05T04:04:49.437+0000][41.543s][info ][gc,phases   ] GC(72)   Merge Heap Roots: 0.5ms
[2025-12-05T04:04:49.437+0000][41.543s][info ][gc,phases   ] GC(72)   Evacuate Collection Set: 12.8ms
[2025-12-05T04:04:49.437+0000][41.543s][info ][gc,phases   ] GC(72)   Post Evacuate Collection Set: 1.7ms
[2025-12-05T04:04:49.437+0000][41.543s][info ][gc,phases   ] GC(72)   Other: 0.2ms
[2025-12-05T04:04:49.437+0000][41.543s][info ][gc,heap     ] GC(72) Eden regions: 48->0(470)
[2025-12-05T04:04:49.437+0000][41.543s][info ][gc,heap     ] GC(72) Survivor regions: 3->4(7)
[2025-12-05T04:04:49.437+0000][41.543s][info ][gc,heap     ] GC(72) Old regions: 318->279
[2025-12-05T04:04:49.437+0000][41.543s][info ][gc,heap     ] GC(72) Archive regions: 2->2
[2025-12-05T04:04:49.437+0000][41.543s][info ][gc,heap     ] GC(72) Humongous regions: 10->2
[2025-12-05T04:04:49.437+0000][41.543s][info ][gc,metaspace] GC(72) Metaspace: 189477K(190848K)->189477K(190848K) NonClass: 166113K(166784K)->166113K(166784K) Class: 23363K(24064K)->23363K(24064K)
[2025-12-05T04:04:49.437+0000][41.543s][info ][gc          ] GC(72) Pause Young (Mixed) (G1 Evacuation Pause) 379M->284M(1027M) 15.729ms
[2025-12-05T04:04:49.437+0000][41.543s][info ][gc,cpu      ] GC(72) User=0.15s Sys=0.01s Real=0.01s
[2025-12-05T04:04:49.438+0000][41.544s][info ][safepoint   ] Safepoint "G1CollectForAllocation", Time since last: 258759877 ns, Reaching safepoint: 104552 ns, Cleanup: 166431 ns, At safepoint: 16789654 ns, Total: 17060637 ns
[2025-12-05T04:04:49.887+0000][41.994s][debug][safepoint   ] Safepoint synchronization initiated using futex wait barrier. (262 threads)
[2025-12-05T04:04:49.887+0000][41.994s][info ][safepoint   ] Safepoint "ICBufferFull", Time since last: 449320514 ns, Reaching safepoint: 58002 ns, Cleanup: 161842 ns, At safepoint: 3577 ns, Total: 223421 ns
[2025-12-05T04:04:50.958+0000][43.064s][debug][safepoint   ] Safepoint synchronization initiated using futex wait barrier. (259 threads)
[2025-12-05T04:04:50.958+0000][43.064s][info ][safepoint   ] Safepoint "Cleanup", Time since last: 1070505138 ns, Reaching safepoint: 87038 ns, Cleanup: 76298 ns, At safepoint: 4077 ns, Total: 167413 ns
[2025-12-05T04:04:51.958+0000][44.065s][debug][safepoint   ] Safepoint synchronization initiated using futex wait barrier. (259 threads)
[2025-12-05T04:04:51.959+0000][44.065s][info ][safepoint   ] Safepoint "Cleanup", Time since last: 1000203446 ns, Reaching safepoint: 242578 ns, Cleanup: 45438 ns, At safepoint: 84623 ns, Total: 372639 ns
[2025-12-05T04:04:55.959+0000][48.066s][debug][safepoint   ] Safepoint synchronization initiated using futex wait barrier. (257 threads)
[2025-12-05T04:04:55.959+0000][48.066s][info ][safepoint   ] Safepoint "Cleanup", Time since last: 4000648906 ns, Reaching safepoint: 132706 ns, Cleanup: 22684 ns, At safepoint: 4478 ns, Total: 159868 ns
[2025-12-05T04:04:58.960+0000][51.066s][debug][safepoint   ] Safepoint synchronization initiated using futex wait barrier. (256 threads)
[2025-12-05T04:04:58.960+0000][51.067s][info ][safepoint   ] Safepoint "Cleanup", Time since last: 3000500636 ns, Reaching safepoint: 110654 ns, Cleanup: 22764 ns, At safepoint: 3737 ns, Total: 137155 ns
[2025-12-05T04:05:01.960+0000][54.067s][debug][safepoint   ] Safepoint synchronization initiated using futex wait barrier. (256 threads)
[2025-12-05T04:05:01.961+0000][54.067s][info ][safepoint   ] Safepoint "Cleanup", Time since last: 3000419907 ns, Reaching safepoint: 112808 ns, Cleanup: 41821 ns, At safepoint: 4929 ns, Total: 159558 ns
[2025-12-05T04:05:09.913+0000][62.019s][debug][safepoint   ] Safepoint synchronization initiated using futex wait barrier. (257 threads)
[2025-12-05T04:05:09.913+0000][62.019s][info ][safepoint   ] Safepoint "Cleanup", Time since last: 7952097150 ns, Reaching safepoint: 91206 ns, Cleanup: 14999 ns, At safepoint: 5160 ns, Total: 111365 ns
[2025-12-05T04:05:10.913+0000][63.019s][debug][safepoint   ] Safepoint synchronization initiated using futex wait barrier. (258 threads)
[2025-12-05T04:05:10.913+0000][63.020s][info ][safepoint   ] Safepoint "Cleanup", Time since last: 1000128027 ns, Reaching safepoint: 122496 ns, Cleanup: 18646 ns, At safepoint: 50909 ns, Total: 192051 ns
[2025-12-05T04:05:18.912+0000][71.021s][debug][safepoint   ] Safepoint synchronization initiated using futex wait barrier. (258 threads)
[2025-12-05T04:05:18.913+0000][71.021s][info ][safepoint   ] Safepoint "Cleanup", Time since last: 8001236516 ns, Reaching safepoint: 249161 ns, Cleanup: 26611 ns, At safepoint: 5491 ns, Total: 281263 ns
[2025-12-05T04:05:23.913+0000][76.022s][debug][safepoint   ] Safepoint synchronization initiated using futex wait barrier. (259 threads)
[2025-12-05T04:05:23.914+0000][76.022s][info ][safepoint   ] Safepoint "Cleanup", Time since last: 5000717682 ns, Reaching safepoint: 91787 ns, Cleanup: 22263 ns, At safepoint: 3607 ns, Total: 117657 ns
[2025-12-05T04:05:25.914+0000][78.022s][debug][safepoint   ] Safepoint synchronization initiated using futex wait barrier. (259 threads)
[2025-12-05T04:05:25.914+0000][78.022s][info ][safepoint   ] Safepoint "Cleanup", Time since last: 2000261815 ns, Reaching safepoint: 216047 ns, Cleanup: 22453 ns, At safepoint: 6072 ns, Total: 244572 ns
[2025-12-05T04:05:26.914+0000][79.023s][debug][safepoint   ] Safepoint synchronization initiated using futex wait barrier. (259 threads)
[2025-12-05T04:05:26.914+0000][79.023s][info ][safepoint   ] Safepoint "Cleanup", Time since last: 1000190535 ns, Reaching safepoint: 162233 ns, Cleanup: 29247 ns, At safepoint: 4669 ns, Total: 196149 ns
[2025-12-05T04:05:30.916+0000][83.024s][debug][safepoint   ] Safepoint synchronization initiated using futex wait barrier. (259 threads)
[2025-12-05T04:05:30.916+0000][83.024s][info ][safepoint   ] Safepoint "Cleanup", Time since last: 4001229392 ns, Reaching safepoint: 128127 ns, Cleanup: 20069 ns, At safepoint: 4719 ns, Total: 152915 ns
[2025-12-05T04:05:35.916+0000][88.025s][debug][safepoint   ] Safepoint synchronization initiated using futex wait barrier. (259 threads)
[2025-12-05T04:05:35.917+0000][88.025s][info ][safepoint   ] Safepoint "Cleanup", Time since last: 5000594251 ns, Reaching safepoint: 98691 ns, Cleanup: 15450 ns, At safepoint: 55136 ns, Total: 169277 ns
[2025-12-05T04:05:45.918+0000][98.027s][debug][safepoint   ] Safepoint synchronization initiated using futex wait barrier. (260 threads)
[2025-12-05T04:05:45.918+0000][98.027s][info ][safepoint   ] Safepoint "Cleanup", Time since last: 10001583997 ns, Reaching safepoint: 161582 ns, Cleanup: 41821 ns, At safepoint: 5581 ns, Total: 208984 ns
[2025-12-05T04:05:48.916+0000][101.027s][debug][safepoint   ] Safepoint synchronization initiated using futex wait barrier. (248 threads)
[2025-12-05T04:05:48.917+0000][101.027s][info ][safepoint   ] Safepoint "Cleanup", Time since last: 3000474962 ns, Reaching safepoint: 127196 ns, Cleanup: 43013 ns, At safepoint: 4569 ns, Total: 174778 ns
[2025-12-05T04:05:52.917+0000][105.028s][debug][safepoint   ] Safepoint synchronization initiated using futex wait barrier. (245 threads)
[2025-12-05T04:05:52.918+0000][105.028s][info ][safepoint   ] Safepoint "Cleanup", Time since last: 4000692850 ns, Reaching safepoint: 187833 ns, Cleanup: 32813 ns, At safepoint: 26962 ns, Total: 247608 ns
[2025-12-05T04:05:54.068+0000][106.179s][debug][safepoint   ] Safepoint synchronization initiated using futex wait barrier. (245 threads)
[2025-12-05T04:05:54.068+0000][106.179s][info ][safepoint   ] Safepoint "Cleanup", Time since last: 1150091581 ns, Reaching safepoint: 153185 ns, Cleanup: 145461 ns, At safepoint: 5872 ns, Total: 304518 ns
[2025-12-05T04:06:00.069+0000][112.180s][debug][safepoint   ] Safepoint synchronization initiated using futex wait barrier. (246 threads)
[2025-12-05T04:06:00.069+0000][112.180s][info ][safepoint   ] Safepoint "Cleanup", Time since last: 6000746282 ns, Reaching safepoint: 81407 ns, Cleanup: 39957 ns, At safepoint: 3677 ns, Total: 125041 ns
[2025-12-05T04:06:02.069+0000][114.180s][debug][safepoint   ] Safepoint synchronization initiated using futex wait barrier. (246 threads)
[2025-12-05T04:06:02.069+0000][114.180s][info ][safepoint   ] Safepoint "Cleanup", Time since last: 2000266604 ns, Reaching safepoint: 81057 ns, Cleanup: 13646 ns, At safepoint: 3797 ns, Total: 98500 ns
[2025-12-05T04:06:03.069+0000][115.180s][debug][safepoint   ] Safepoint synchronization initiated using futex wait barrier. (247 threads)
[2025-12-05T04:06:03.069+0000][115.180s][info ][safepoint   ] Safepoint "Cleanup", Time since last: 1000129295 ns, Reaching safepoint: 65817 ns, Cleanup: 11382 ns, At safepoint: 2745 ns, Total: 79944 ns
[2025-12-05T04:06:06.070+0000][118.181s][debug][safepoint   ] Safepoint synchronization initiated using futex wait barrier. (248 threads)
[2025-12-05T04:06:06.070+0000][118.181s][info ][safepoint   ] Safepoint "Cleanup", Time since last: 3000376823 ns, Reaching safepoint: 80275 ns, Cleanup: 13266 ns, At safepoint: 3887 ns, Total: 97428 ns
[2025-12-05T04:06:25.944+0000][138.056s][debug][safepoint   ] Safepoint synchronization initiated using futex wait barrier. (249 threads)
[2025-12-05T04:06:25.944+0000][138.057s][info ][safepoint   ] Safepoint "Cleanup", Time since last: 19875662301 ns, Reaching safepoint: 144599 ns, Cleanup: 26943 ns, At safepoint: 4969 ns, Total: 176511 ns
[2025-12-05T04:06:27.944+0000][140.057s][debug][safepoint   ] Safepoint synchronization initiated using futex wait barrier. (249 threads)
[2025-12-05T04:06:27.945+0000][140.057s][info ][safepoint   ] Safepoint "Cleanup", Time since last: 2000317453 ns, Reaching safepoint: 164567 ns, Cleanup: 20059 ns, At safepoint: 4028 ns, Total: 188654 ns
[2025-12-05T04:06:29.945+0000][142.057s][debug][safepoint   ] Safepoint synchronization initiated using futex wait barrier. (249 threads)
[2025-12-05T04:06:29.945+0000][142.057s][info ][safepoint   ] Safepoint "Cleanup", Time since last: 2000271647 ns, Reaching safepoint: 132536 ns, Cleanup: 12263 ns, At safepoint: 3627 ns, Total: 148426 ns
[2025-12-05T04:06:48.945+0000][161.060s][debug][safepoint   ] Safepoint synchronization initiated using futex wait barrier. (246 threads)
[2025-12-05T04:06:48.945+0000][161.060s][info ][safepoint   ] Safepoint "Cleanup", Time since last: 19002401717 ns, Reaching safepoint: 157353 ns, Cleanup: 33344 ns, At safepoint: 5721 ns, Total: 196418 ns
[2025-12-05T04:06:49.945+0000][162.060s][debug][safepoint   ] Safepoint synchronization initiated using futex wait barrier. (245 threads)
[2025-12-05T04:06:49.946+0000][162.060s][info ][safepoint   ] Safepoint "Cleanup", Time since last: 1000160706 ns, Reaching safepoint: 93309 ns, Cleanup: 16081 ns, At safepoint: 3617 ns, Total: 113007 ns
[2025-12-05T04:06:54.946+0000][167.061s][debug][safepoint   ] Safepoint synchronization initiated using futex wait barrier. (244 threads)
[2025-12-05T04:06:54.946+0000][167.061s][info ][safepoint   ] Safepoint "Cleanup", Time since last: 5000630461 ns, Reaching safepoint: 82329 ns, Cleanup: 17904 ns, At safepoint: 3637 ns, Total: 103870 ns
[2025-12-05T04:06:59.947+0000][172.062s][debug][safepoint   ] Safepoint synchronization initiated using futex wait barrier. (244 threads)
[2025-12-05T04:06:59.947+0000][172.062s][info ][safepoint   ] Safepoint "Cleanup", Time since last: 5000685992 ns, Reaching safepoint: 85945 ns, Cleanup: 19448 ns, At safepoint: 3036 ns, Total: 108429 ns
[2025-12-05T04:07:05.948+0000][178.063s][debug][safepoint   ] Safepoint synchronization initiated using futex wait barrier. (244 threads)
[2025-12-05T04:07:05.948+0000][178.063s][info ][safepoint   ] Safepoint "Cleanup", Time since last: 6000767719 ns, Reaching safepoint: 99522 ns, Cleanup: 9488 ns, At safepoint: 3557 ns, Total: 112567 ns
[2025-12-05T04:07:08.979+0000][181.094s][debug][safepoint   ] Safepoint synchronization initiated using futex wait barrier. (244 threads)
[2025-12-05T04:07:08.979+0000][181.094s][info ][safepoint   ] Safepoint "Cleanup", Time since last: 3030755367 ns, Reaching safepoint: 125512 ns, Cleanup: 19638 ns, At safepoint: 4949 ns, Total: 150099 ns
[2025-12-05T04:07:10.979+0000][183.094s][debug][safepoint   ] Safepoint synchronization initiated using futex wait barrier. (246 threads)
[2025-12-05T04:07:10.979+0000][183.094s][info ][safepoint   ] Safepoint "Cleanup", Time since last: 2000290503 ns, Reaching safepoint: 157764 ns, Cleanup: 86166 ns, At safepoint: 7364 ns, Total: 251294 ns
[2025-12-05T04:07:11.980+0000][184.094s][debug][safepoint   ] Safepoint synchronization initiated using futex wait barrier. (246 threads)
[2025-12-05T04:07:11.980+0000][184.094s][info ][safepoint   ] Safepoint "Cleanup", Time since last: 1000152621 ns, Reaching safepoint: 80055 ns, Cleanup: 12875 ns, At safepoint: 3486 ns, Total: 96416 ns
