[2025-11-29T08:30:21.863+0000][0.038s][info][gc] Using G1
[2025-11-29T08:30:21.870+0000][0.044s][info][gc,init] Version: 17.0.16+8-Debian-1deb12u1 (release)
[2025-11-29T08:30:21.870+0000][0.044s][info][gc,init] CPUs: 16 total, 16 available
[2025-11-29T08:30:21.870+0000][0.045s][info][gc,init] Memory: 7590M
[2025-11-29T08:30:21.870+0000][0.045s][info][gc,init] Large Page Support: Disabled
[2025-11-29T08:30:21.870+0000][0.045s][info][gc,init] NUMA Support: Disabled
[2025-11-29T08:30:21.870+0000][0.045s][info][gc,init] Compressed Oops: Enabled (32-bit)
[2025-11-29T08:30:21.870+0000][0.045s][info][gc,init] Heap Region Size: 1M
[2025-11-29T08:30:21.870+0000][0.045s][info][gc,init] Heap Min Capacity: 8M
[2025-11-29T08:30:21.870+0000][0.045s][info][gc,init] Heap Initial Capacity: 120M
[2025-11-29T08:30:21.870+0000][0.045s][info][gc,init] Heap Max Capacity: 1898M
[2025-11-29T08:30:21.870+0000][0.045s][info][gc,init] Pre-touch: Disabled
[2025-11-29T08:30:21.870+0000][0.045s][info][gc,init] Parallel Workers: 13
[2025-11-29T08:30:21.870+0000][0.045s][info][gc,init] Concurrent Workers: 3
[2025-11-29T08:30:21.870+0000][0.045s][info][gc,init] Concurrent Refinement Workers: 13
[2025-11-29T08:30:21.870+0000][0.045s][info][gc,init] Periodic GC: Disabled
[2025-11-29T08:30:21.904+0000][0.079s][info][gc,metaspace] CDS archive(s) mapped at: [0x00007dbc7b000000-0x00007dbc7bbca000-0x00007dbc7bbca000), size 12361728, SharedBaseAddress: 0x00007dbc7b000000, ArchiveRelocationMode: 1.
[2025-11-29T08:30:21.904+0000][0.079s][info][gc,metaspace] Compressed class space mapped at: 0x00007dbc7c000000-0x00007dbcbc000000, reserved size: 1073741824
[2025-11-29T08:30:21.904+0000][0.079s][info][gc,metaspace] Narrow klass base: 0x00007dbc7b000000, Narrow klass shift: 0, Narrow klass range: 0x100000000
[2025-11-29T08:30:21.928+0000][0.102s][info][cds,heap    ] initialize_from_archived_subgraph java.lang.Module$ArchivedData 0x00007dbc7b1837f0 (early)
[2025-11-29T08:30:21.928+0000][0.103s][info][cds,heap    ] initialize_from_archived_subgraph java.util.ImmutableCollections 0x00007dbc7b072308 (early)
[2025-11-29T08:30:21.931+0000][0.106s][info][cds,heap    ] initialize_from_archived_subgraph java.lang.Integer$IntegerCache 0x00007dbc7b037660 (early)
[2025-11-29T08:30:21.942+0000][0.117s][info][cds,heap    ] initialize_from_archived_subgraph java.lang.module.Configuration 0x00007dbc7b171770 (early)
[2025-11-29T08:30:21.942+0000][0.117s][info][cds,heap    ] initialize_from_archived_subgraph java.lang.ModuleLayer 0x00007dbc7b145ba8 (early)
[2025-11-29T08:30:21.943+0000][0.118s][info][cds,heap    ] initialize_from_archived_subgraph jdk.internal.loader.ArchivedClassLoaders 0x00007dbc7b1a7e68 (early)
[2025-11-29T08:30:21.943+0000][0.118s][info][cds,heap    ] initialize_from_archived_subgraph jdk.internal.module.ArchivedBootLayer 0x00007dbc7b1783b0 (early)
[2025-11-29T08:30:21.948+0000][0.122s][info][cds,heap    ] initialize_from_archived_subgraph sun.util.locale.BaseLocale 0x00007dbc7b26ebf0
[2025-11-29T08:30:21.966+0000][0.141s][info][cds,heap    ] initialize_from_archived_subgraph java.util.jar.Attributes$Name 0x00007dbc7b1998d0
[2025-11-29T08:30:22.019+0000][0.193s][info][cds,heap    ] initialize_from_archived_subgraph java.lang.Long$LongCache 0x00007dbc7b020f98
[2025-11-29T08:30:22.149+0000][0.324s][info][cds,heap    ] initialize_from_archived_subgraph java.lang.Character$CharacterCache 0x00007dbc7b03a9e8
[2025-11-29T08:30:22.631+0000][0.805s][debug][safepoint   ] Safepoint synchronization initiated using futex wait barrier. (20 threads)
[2025-11-29T08:30:22.631+0000][0.806s][info ][safepoint   ] Safepoint "ICBufferFull", Time since last: 706382251 ns, Reaching safepoint: 40485 ns, Cleanup: 111068 ns, At safepoint: 96470 ns, Total: 248023 ns
[2025-11-29T08:30:23.134+0000][1.308s][debug][safepoint   ] Safepoint synchronization initiated using futex wait barrier. (19 threads)
[2025-11-29T08:30:23.134+0000][1.308s][info ][gc,start    ] GC(0) Pause Young (Normal) (G1 Evacuation Pause)
[2025-11-29T08:30:23.134+0000][1.309s][info ][gc,task     ] GC(0) Using 2 workers of 13 for evacuation
[2025-11-29T08:30:23.149+0000][1.323s][info ][gc,phases   ] GC(0)   Pre Evacuate Collection Set: 0.1ms
[2025-11-29T08:30:23.149+0000][1.323s][info ][gc,phases   ] GC(0)   Merge Heap Roots: 0.3ms
[2025-11-29T08:30:23.149+0000][1.323s][info ][gc,phases   ] GC(0)   Evacuate Collection Set: 11.4ms
[2025-11-29T08:30:23.149+0000][1.323s][info ][gc,phases   ] GC(0)   Post Evacuate Collection Set: 2.5ms
[2025-11-29T08:30:23.149+0000][1.323s][info ][gc,phases   ] GC(0)   Other: 0.5ms
[2025-11-29T08:30:23.149+0000][1.323s][info ][gc,heap     ] GC(0) Eden regions: 56->0(58)
[2025-11-29T08:30:23.149+0000][1.323s][info ][gc,heap     ] GC(0) Survivor regions: 0->7(7)
[2025-11-29T08:30:23.149+0000][1.323s][info ][gc,heap     ] GC(0) Old regions: 0->2
[2025-11-29T08:30:23.149+0000][1.323s][info ][gc,heap     ] GC(0) Archive regions: 2->2
[2025-11-29T08:30:23.149+0000][1.323s][info ][gc,heap     ] GC(0) Humongous regions: 0->0
[2025-11-29T08:30:23.149+0000][1.323s][info ][gc,metaspace] GC(0) Metaspace: 2702K(2880K)->2702K(2880K) NonClass: 2452K(2560K)->2452K(2560K) Class: 249K(320K)->249K(320K)
[2025-11-29T08:30:23.149+0000][1.323s][info ][gc          ] GC(0) Pause Young (Normal) (G1 Evacuation Pause) 56M->9M(122M) 15.004ms
[2025-11-29T08:30:23.149+0000][1.323s][info ][gc,cpu      ] GC(0) User=0.04s Sys=0.01s Real=0.02s
[2025-11-29T08:30:23.149+0000][1.323s][info ][safepoint   ] Safepoint "G1CollectForAllocation", Time since last: 502605201 ns, Reaching safepoint: 50564 ns, Cleanup: 60323 ns, At safepoint: 15200981 ns, Total: 15311868 ns
[2025-11-29T08:30:23.638+0000][1.812s][debug][safepoint   ] Safepoint synchronization initiated using futex wait barrier. (20 threads)
[2025-11-29T08:30:23.638+0000][1.813s][info ][gc,start    ] GC(1) Pause Young (Normal) (G1 Evacuation Pause)
[2025-11-29T08:30:23.638+0000][1.813s][info ][gc,task     ] GC(1) Using 2 workers of 13 for evacuation
[2025-11-29T08:30:23.654+0000][1.828s][info ][gc,phases   ] GC(1)   Pre Evacuate Collection Set: 0.2ms
[2025-11-29T08:30:23.654+0000][1.829s][info ][gc,phases   ] GC(1)   Merge Heap Roots: 0.2ms
[2025-11-29T08:30:23.654+0000][1.829s][info ][gc,phases   ] GC(1)   Evacuate Collection Set: 12.7ms
[2025-11-29T08:30:23.654+0000][1.829s][info ][gc,phases   ] GC(1)   Post Evacuate Collection Set: 2.9ms
[2025-11-29T08:30:23.654+0000][1.829s][info ][gc,phases   ] GC(1)   Other: 0.1ms
[2025-11-29T08:30:23.654+0000][1.829s][info ][gc,heap     ] GC(1) Eden regions: 58->0(65)
[2025-11-29T08:30:23.654+0000][1.829s][info ][gc,heap     ] GC(1) Survivor regions: 7->3(9)
[2025-11-29T08:30:23.654+0000][1.829s][info ][gc,heap     ] GC(1) Old regions: 2->9
[2025-11-29T08:30:23.654+0000][1.829s][info ][gc,heap     ] GC(1) Archive regions: 2->2
[2025-11-29T08:30:23.654+0000][1.829s][info ][gc,heap     ] GC(1) Humongous regions: 0->0
[2025-11-29T08:30:23.654+0000][1.829s][info ][gc,metaspace] GC(1) Metaspace: 4618K(4864K)->4618K(4864K) NonClass: 4081K(4224K)->4081K(4224K) Class: 537K(640K)->537K(640K)
[2025-11-29T08:30:23.654+0000][1.829s][info ][gc          ] GC(1) Pause Young (Normal) (G1 Evacuation Pause) 67M->11M(122M) 16.105ms
[2025-11-29T08:30:23.654+0000][1.829s][info ][gc,cpu      ] GC(1) User=0.02s Sys=0.01s Real=0.01s
[2025-11-29T08:30:23.654+0000][1.829s][info ][safepoint   ] Safepoint "G1CollectForAllocation", Time since last: 488904617 ns, Reaching safepoint: 50404 ns, Cleanup: 83015 ns, At safepoint: 16263265 ns, Total: 16396684 ns
[2025-11-29T08:30:24.221+0000][2.396s][debug][safepoint   ] Safepoint synchronization initiated using futex wait barrier. (21 threads)
[2025-11-29T08:30:24.221+0000][2.396s][info ][gc,start    ] GC(2) Pause Young (Normal) (G1 Evacuation Pause)
[2025-11-29T08:30:24.221+0000][2.396s][info ][gc,task     ] GC(2) Using 2 workers of 13 for evacuation
[2025-11-29T08:30:24.229+0000][2.404s][info ][gc,phases   ] GC(2)   Pre Evacuate Collection Set: 0.1ms
[2025-11-29T08:30:24.229+0000][2.404s][info ][gc,phases   ] GC(2)   Merge Heap Roots: 0.2ms
[2025-11-29T08:30:24.229+0000][2.404s][info ][gc,phases   ] GC(2)   Evacuate Collection Set: 6.4ms
[2025-11-29T08:30:24.229+0000][2.404s][info ][gc,phases   ] GC(2)   Post Evacuate Collection Set: 1.0ms
[2025-11-29T08:30:24.229+0000][2.404s][info ][gc,phases   ] GC(2)   Other: 0.1ms
[2025-11-29T08:30:24.229+0000][2.404s][info ][gc,heap     ] GC(2) Eden regions: 65->0(68)
[2025-11-29T08:30:24.229+0000][2.404s][info ][gc,heap     ] GC(2) Survivor regions: 3->4(9)
[2025-11-29T08:30:24.229+0000][2.404s][info ][gc,heap     ] GC(2) Old regions: 9->9
[2025-11-29T08:30:24.229+0000][2.404s][info ][gc,heap     ] GC(2) Archive regions: 2->2
[2025-11-29T08:30:24.229+0000][2.404s][info ][gc,heap     ] GC(2) Humongous regions: 0->0
[2025-11-29T08:30:24.229+0000][2.404s][info ][gc,metaspace] GC(2) Metaspace: 7641K(7872K)->7641K(7872K) NonClass: 6671K(6784K)->6671K(6784K) Class: 969K(1088K)->969K(1088K)
[2025-11-29T08:30:24.229+0000][2.404s][info ][gc          ] GC(2) Pause Young (Normal) (G1 Evacuation Pause) 76M->13M(122M) 7.877ms
[2025-11-29T08:30:24.229+0000][2.404s][info ][gc,cpu      ] GC(2) User=0.02s Sys=0.01s Real=0.01s
[2025-11-29T08:30:24.229+0000][2.404s][info ][safepoint   ] Safepoint "G1CollectForAllocation", Time since last: 566869541 ns, Reaching safepoint: 53059 ns, Cleanup: 265410 ns, At safepoint: 8031922 ns, Total: 8350391 ns
[2025-11-29T08:30:24.753+0000][2.927s][debug][safepoint   ] Safepoint synchronization initiated using futex wait barrier. (18 threads)
[2025-11-29T08:30:24.753+0000][2.927s][info ][gc,start    ] GC(3) Pause Young (Normal) (G1 Evacuation Pause)
[2025-11-29T08:30:24.753+0000][2.927s][info ][gc,task     ] GC(3) Using 2 workers of 13 for evacuation
[2025-11-29T08:30:24.762+0000][2.937s][info ][gc,phases   ] GC(3)   Pre Evacuate Collection Set: 0.2ms
[2025-11-29T08:30:24.762+0000][2.937s][info ][gc,phases   ] GC(3)   Merge Heap Roots: 0.2ms
[2025-11-29T08:30:24.762+0000][2.937s][info ][gc,phases   ] GC(3)   Evacuate Collection Set: 7.9ms
[2025-11-29T08:30:24.762+0000][2.937s][info ][gc,phases   ] GC(3)   Post Evacuate Collection Set: 1.0ms
[2025-11-29T08:30:24.762+0000][2.937s][info ][gc,phases   ] GC(3)   Other: 0.1ms
[2025-11-29T08:30:24.762+0000][2.937s][info ][gc,heap     ] GC(3) Eden regions: 68->0(67)
[2025-11-29T08:30:24.762+0000][2.937s][info ][gc,heap     ] GC(3) Survivor regions: 4->5(9)
[2025-11-29T08:30:24.762+0000][2.937s][info ][gc,heap     ] GC(3) Old regions: 9->9
[2025-11-29T08:30:24.762+0000][2.937s][info ][gc,heap     ] GC(3) Archive regions: 2->2
[2025-11-29T08:30:24.762+0000][2.937s][info ][gc,heap     ] GC(3) Humongous regions: 0->0
[2025-11-29T08:30:24.762+0000][2.937s][info ][gc,metaspace] GC(3) Metaspace: 11039K(11392K)->11039K(11392K) NonClass: 9588K(9792K)->9588K(9792K) Class: 1450K(1600K)->1450K(1600K)
[2025-11-29T08:30:24.762+0000][2.937s][info ][gc          ] GC(3) Pause Young (Normal) (G1 Evacuation Pause) 81M->14M(122M) 9.427ms
[2025-11-29T08:30:24.762+0000][2.937s][info ][gc,cpu      ] GC(3) User=0.01s Sys=0.01s Real=0.01s
[2025-11-29T08:30:24.762+0000][2.937s][info ][safepoint   ] Safepoint "G1CollectForAllocation", Time since last: 523252652 ns, Reaching safepoint: 49638 ns, Cleanup: 119249 ns, At safepoint: 9501315 ns, Total: 9670202 ns
[2025-11-29T08:30:25.059+0000][3.233s][debug][safepoint   ] Safepoint synchronization initiated using futex wait barrier. (18 threads)
[2025-11-29T08:30:25.059+0000][3.234s][info ][safepoint   ] Safepoint "ICBufferFull", Time since last: 296472174 ns, Reaching safepoint: 158841 ns, Cleanup: 87452 ns, At safepoint: 80801 ns, Total: 327094 ns
[2025-11-29T08:30:25.186+0000][3.360s][debug][safepoint   ] Safepoint synchronization initiated using futex wait barrier. (19 threads)
[2025-11-29T08:30:25.186+0000][3.360s][info ][gc,start    ] GC(4) Pause Young (Normal) (G1 Evacuation Pause)
[2025-11-29T08:30:25.186+0000][3.360s][info ][gc,task     ] GC(4) Using 4 workers of 13 for evacuation
[2025-11-29T08:30:25.194+0000][3.368s][info ][gc,phases   ] GC(4)   Pre Evacuate Collection Set: 0.1ms
[2025-11-29T08:30:25.194+0000][3.368s][info ][gc,phases   ] GC(4)   Merge Heap Roots: 0.2ms
[2025-11-29T08:30:25.194+0000][3.368s][info ][gc,phases   ] GC(4)   Evacuate Collection Set: 5.3ms
[2025-11-29T08:30:25.194+0000][3.368s][info ][gc,phases   ] GC(4)   Post Evacuate Collection Set: 1.9ms
[2025-11-29T08:30:25.194+0000][3.368s][info ][gc,phases   ] GC(4)   Other: 0.2ms
[2025-11-29T08:30:25.194+0000][3.368s][info ][gc,heap     ] GC(4) Eden regions: 67->0(82)
[2025-11-29T08:30:25.194+0000][3.368s][info ][gc,heap     ] GC(4) Survivor regions: 5->6(9)
[2025-11-29T08:30:25.194+0000][3.368s][info ][gc,heap     ] GC(4) Old regions: 9->11
[2025-11-29T08:30:25.194+0000][3.368s][info ][gc,heap     ] GC(4) Archive regions: 2->2
[2025-11-29T08:30:25.194+0000][3.368s][info ][gc,heap     ] GC(4) Humongous regions: 0->0
[2025-11-29T08:30:25.194+0000][3.368s][info ][gc,metaspace] GC(4) Metaspace: 12621K(12992K)->12621K(12992K) NonClass: 10980K(11200K)->10980K(11200K) Class: 1641K(1792K)->1641K(1792K)
[2025-11-29T08:30:25.194+0000][3.368s][info ][gc          ] GC(4) Pause Young (Normal) (G1 Evacuation Pause) 81M->16M(147M) 7.831ms
[2025-11-29T08:30:25.194+0000][3.368s][info ][gc,cpu      ] GC(4) User=0.03s Sys=0.01s Real=0.01s
[2025-11-29T08:30:25.194+0000][3.368s][info ][safepoint   ] Safepoint "G1CollectForAllocation", Time since last: 126519095 ns, Reaching safepoint: 152755 ns, Cleanup: 83485 ns, At safepoint: 7983143 ns, Total: 8219383 ns
[2025-11-29T08:30:25.476+0000][3.650s][debug][safepoint   ] Safepoint synchronization initiated using futex wait barrier. (21 threads)
[2025-11-29T08:30:25.476+0000][3.651s][info ][gc,start    ] GC(5) Pause Young (Normal) (G1 Evacuation Pause)
[2025-11-29T08:30:25.476+0000][3.651s][info ][gc,task     ] GC(5) Using 4 workers of 13 for evacuation
[2025-11-29T08:30:25.480+0000][3.655s][info ][gc,phases   ] GC(5)   Pre Evacuate Collection Set: 0.1ms
[2025-11-29T08:30:25.480+0000][3.655s][info ][gc,phases   ] GC(5)   Merge Heap Roots: 0.1ms
[2025-11-29T08:30:25.480+0000][3.655s][info ][gc,phases   ] GC(5)   Evacuate Collection Set: 2.9ms
[2025-11-29T08:30:25.480+0000][3.655s][info ][gc,phases   ] GC(5)   Post Evacuate Collection Set: 0.9ms
[2025-11-29T08:30:25.480+0000][3.655s][info ][gc,phases   ] GC(5)   Other: 0.2ms
[2025-11-29T08:30:25.480+0000][3.655s][info ][gc,heap     ] GC(5) Eden regions: 82->0(82)
[2025-11-29T08:30:25.480+0000][3.655s][info ][gc,heap     ] GC(5) Survivor regions: 6->6(11)
[2025-11-29T08:30:25.480+0000][3.655s][info ][gc,heap     ] GC(5) Old regions: 11->11
[2025-11-29T08:30:25.480+0000][3.655s][info ][gc,heap     ] GC(5) Archive regions: 2->2
[2025-11-29T08:30:25.480+0000][3.655s][info ][gc,heap     ] GC(5) Humongous regions: 0->0
[2025-11-29T08:30:25.480+0000][3.655s][info ][gc,metaspace] GC(5) Metaspace: 15531K(15936K)->15531K(15936K) NonClass: 13483K(13696K)->13483K(13696K) Class: 2047K(2240K)->2047K(2240K)
[2025-11-29T08:30:25.480+0000][3.655s][info ][gc          ] GC(5) Pause Young (Normal) (G1 Evacuation Pause) 98M->17M(147M) 4.301ms
[2025-11-29T08:30:25.480+0000][3.655s][info ][gc,cpu      ] GC(5) User=0.02s Sys=0.01s Real=0.01s
[2025-11-29T08:30:25.481+0000][3.655s][info ][safepoint   ] Safepoint "G1CollectForAllocation", Time since last: 281899540 ns, Reaching safepoint: 161561 ns, Cleanup: 66173 ns, At safepoint: 4596234 ns, Total: 4823968 ns
[2025-11-29T08:30:25.552+0000][3.726s][info ][cds,heap    ] initialize_from_archived_subgraph java.lang.Byte$ByteCache 0x00007dbc7b03abf8
[2025-11-29T08:30:25.552+0000][3.727s][info ][cds,heap    ] initialize_from_archived_subgraph java.lang.Short$ShortCache 0x00007dbc7b0412e8
[2025-11-29T08:30:25.670+0000][3.845s][debug][safepoint   ] Safepoint synchronization initiated using futex wait barrier. (21 threads)
[2025-11-29T08:30:25.671+0000][3.845s][info ][gc,start    ] GC(6) Pause Young (Normal) (G1 Evacuation Pause)
[2025-11-29T08:30:25.671+0000][3.845s][info ][gc,task     ] GC(6) Using 4 workers of 13 for evacuation
[2025-11-29T08:30:25.676+0000][3.851s][info ][gc,phases   ] GC(6)   Pre Evacuate Collection Set: 0.2ms
[2025-11-29T08:30:25.676+0000][3.851s][info ][gc,phases   ] GC(6)   Merge Heap Roots: 0.1ms
[2025-11-29T08:30:25.676+0000][3.851s][info ][gc,phases   ] GC(6)   Evacuate Collection Set: 3.8ms
[2025-11-29T08:30:25.676+0000][3.851s][info ][gc,phases   ] GC(6)   Post Evacuate Collection Set: 1.1ms
[2025-11-29T08:30:25.676+0000][3.851s][info ][gc,phases   ] GC(6)   Other: 0.1ms
[2025-11-29T08:30:25.676+0000][3.851s][info ][gc,heap     ] GC(6) Eden regions: 82->0(80)
[2025-11-29T08:30:25.676+0000][3.851s][info ][gc,heap     ] GC(6) Survivor regions: 6->8(11)
[2025-11-29T08:30:25.676+0000][3.851s][info ][gc,heap     ] GC(6) Old regions: 11->11
[2025-11-29T08:30:25.676+0000][3.851s][info ][gc,heap     ] GC(6) Archive regions: 2->2
[2025-11-29T08:30:25.676+0000][3.851s][info ][gc,heap     ] GC(6) Humongous regions: 0->0
[2025-11-29T08:30:25.676+0000][3.851s][info ][gc,metaspace] GC(6) Metaspace: 17649K(17984K)->17649K(17984K) NonClass: 15234K(15424K)->15234K(15424K) Class: 2415K(2560K)->2415K(2560K)
[2025-11-29T08:30:25.676+0000][3.851s][info ][gc          ] GC(6) Pause Young (Normal) (G1 Evacuation Pause) 99M->19M(147M) 5.450ms
[2025-11-29T08:30:25.676+0000][3.851s][info ][gc,cpu      ] GC(6) User=0.03s Sys=0.00s Real=0.01s
[2025-11-29T08:30:25.677+0000][3.851s][info ][safepoint   ] Safepoint "G1CollectForAllocation", Time since last: 189496321 ns, Reaching safepoint: 669194 ns, Cleanup: 108261 ns, At safepoint: 5683838 ns, Total: 6461293 ns
[2025-11-29T08:30:25.987+0000][4.162s][debug][safepoint   ] Safepoint synchronization initiated using futex wait barrier. (23 threads)
[2025-11-29T08:30:25.988+0000][4.162s][info ][gc,start    ] GC(7) Pause Young (Concurrent Start) (Metadata GC Threshold)
[2025-11-29T08:30:25.988+0000][4.162s][info ][gc,task     ] GC(7) Using 4 workers of 13 for evacuation
[2025-11-29T08:30:25.997+0000][4.172s][info ][gc,phases   ] GC(7)   Pre Evacuate Collection Set: 0.2ms
[2025-11-29T08:30:25.997+0000][4.172s][info ][gc,phases   ] GC(7)   Merge Heap Roots: 0.2ms
[2025-11-29T08:30:25.997+0000][4.172s][info ][gc,phases   ] GC(7)   Evacuate Collection Set: 7.7ms
[2025-11-29T08:30:25.997+0000][4.172s][info ][gc,phases   ] GC(7)   Post Evacuate Collection Set: 1.2ms
[2025-11-29T08:30:25.997+0000][4.172s][info ][gc,phases   ] GC(7)   Other: 0.4ms
[2025-11-29T08:30:25.997+0000][4.172s][info ][gc,heap     ] GC(7) Eden regions: 76->0(79)
[2025-11-29T08:30:25.997+0000][4.172s][info ][gc,heap     ] GC(7) Survivor regions: 8->9(11)
[2025-11-29T08:30:25.997+0000][4.172s][info ][gc,heap     ] GC(7) Old regions: 11->13
[2025-11-29T08:30:25.997+0000][4.172s][info ][gc,heap     ] GC(7) Archive regions: 2->2
[2025-11-29T08:30:25.997+0000][4.172s][info ][gc,heap     ] GC(7) Humongous regions: 0->0
[2025-11-29T08:30:25.997+0000][4.172s][info ][gc,metaspace] GC(7) Metaspace: 21204K(21504K)->21204K(21504K) NonClass: 18425K(18560K)->18425K(18560K) Class: 2779K(2944K)->2779K(2944K)
[2025-11-29T08:30:25.997+0000][4.172s][info ][gc          ] GC(7) Pause Young (Concurrent Start) (Metadata GC Threshold) 95M->22M(147M) 9.659ms
[2025-11-29T08:30:25.997+0000][4.172s][info ][gc,cpu      ] GC(7) User=0.02s Sys=0.01s Real=0.02s
[2025-11-29T08:30:25.998+0000][4.172s][info ][gc          ] GC(8) Concurrent Mark Cycle
[2025-11-29T08:30:25.998+0000][4.172s][info ][gc,marking  ] GC(8) Concurrent Clear Claimed Marks
[2025-11-29T08:30:25.998+0000][4.172s][info ][safepoint   ] Safepoint "CollectForMetadataAllocation", Time since last: 310760037 ns, Reaching safepoint: 174534 ns, Cleanup: 102521 ns, At safepoint: 9989882 ns, Total: 10266937 ns
[2025-11-29T08:30:25.998+0000][4.172s][info ][gc,marking  ] GC(8) Concurrent Clear Claimed Marks 0.064ms
[2025-11-29T08:30:25.998+0000][4.172s][info ][gc,marking  ] GC(8) Concurrent Scan Root Regions
[2025-11-29T08:30:25.998+0000][4.172s][debug][safepoint   ] Safepoint synchronization initiated using futex wait barrier. (23 threads)
[2025-11-29T08:30:25.998+0000][4.173s][info ][safepoint   ] Safepoint "CollectForMetadataAllocation", Time since last: 241389 ns, Reaching safepoint: 125022 ns, Cleanup: 3466 ns, At safepoint: 76863 ns, Total: 205351 ns
[2025-11-29T08:30:26.003+0000][4.177s][info ][gc,marking  ] GC(8) Concurrent Scan Root Regions 5.243ms
[2025-11-29T08:30:26.003+0000][4.177s][info ][gc,marking  ] GC(8) Concurrent Mark
[2025-11-29T08:30:26.003+0000][4.178s][info ][gc,marking  ] GC(8) Concurrent Mark From Roots
[2025-11-29T08:30:26.003+0000][4.178s][info ][gc,task     ] GC(8) Using 3 workers of 3 for marking
[2025-11-29T08:30:26.012+0000][4.187s][info ][gc,marking  ] GC(8) Concurrent Mark From Roots 9.094ms
[2025-11-29T08:30:26.012+0000][4.187s][info ][gc,marking  ] GC(8) Concurrent Preclean
[2025-11-29T08:30:26.012+0000][4.187s][info ][gc,marking  ] GC(8) Concurrent Preclean 0.269ms
[2025-11-29T08:30:26.012+0000][4.187s][debug][safepoint   ] Safepoint synchronization initiated using futex wait barrier. (23 threads)
[2025-11-29T08:30:26.013+0000][4.187s][info ][gc,start    ] GC(8) Pause Remark
[2025-11-29T08:30:26.017+0000][4.192s][info ][gc          ] GC(8) Pause Remark 24M->24M(87M) 4.479ms
[2025-11-29T08:30:26.017+0000][4.192s][info ][gc,cpu      ] GC(8) User=0.01s Sys=0.00s Real=0.01s
[2025-11-29T08:30:26.018+0000][4.192s][info ][safepoint   ] Safepoint "G1PauseRemark", Time since last: 14496592 ns, Reaching safepoint: 312941 ns, Cleanup: 22252 ns, At safepoint: 4840388 ns, Total: 5175581 ns
[2025-11-29T08:30:26.018+0000][4.192s][info ][gc,marking  ] GC(8) Concurrent Mark 14.857ms
[2025-11-29T08:30:26.018+0000][4.192s][info ][gc,marking  ] GC(8) Concurrent Rebuild Remembered Sets
[2025-11-29T08:30:26.021+0000][4.195s][info ][gc,marking  ] GC(8) Concurrent Rebuild Remembered Sets 2.838ms
[2025-11-29T08:30:26.030+0000][4.205s][debug][safepoint   ] Safepoint synchronization initiated using futex wait barrier. (23 threads)
[2025-11-29T08:30:26.030+0000][4.205s][info ][gc,start    ] GC(8) Pause Cleanup
[2025-11-29T08:30:26.031+0000][4.205s][info ][gc          ] GC(8) Pause Cleanup 24M->24M(87M) 0.231ms
[2025-11-29T08:30:26.031+0000][4.205s][info ][gc,cpu      ] GC(8) User=0.00s Sys=0.00s Real=0.00s
[2025-11-29T08:30:26.031+0000][4.206s][info ][safepoint   ] Safepoint "G1PauseCleanup", Time since last: 3077632 ns, Reaching safepoint: 9606691 ns, Cleanup: 5040 ns, At safepoint: 616626 ns, Total: 10228357 ns
[2025-11-29T08:30:26.031+0000][4.206s][info ][gc,marking  ] GC(8) Concurrent Cleanup for Next Mark
[2025-11-29T08:30:26.033+0000][4.207s][info ][gc,marking  ] GC(8) Concurrent Cleanup for Next Mark 1.446ms
[2025-11-29T08:30:26.033+0000][4.207s][info ][gc          ] GC(8) Concurrent Mark Cycle 35.070ms
[2025-11-29T08:30:26.280+0000][4.454s][debug][safepoint   ] Safepoint synchronization initiated using futex wait barrier. (23 threads)
[2025-11-29T08:30:26.280+0000][4.455s][info ][gc,start    ] GC(9) Pause Young (Prepare Mixed) (G1 Preventive Collection)
[2025-11-29T08:30:26.280+0000][4.455s][info ][gc,task     ] GC(9) Using 4 workers of 13 for evacuation
[2025-11-29T08:30:26.290+0000][4.465s][info ][gc,phases   ] GC(9)   Pre Evacuate Collection Set: 0.1ms
[2025-11-29T08:30:26.290+0000][4.465s][info ][gc,phases   ] GC(9)   Merge Heap Roots: 0.3ms
[2025-11-29T08:30:26.290+0000][4.465s][info ][gc,phases   ] GC(9)   Evacuate Collection Set: 7.6ms
[2025-11-29T08:30:26.290+0000][4.465s][info ][gc,phases   ] GC(9)   Post Evacuate Collection Set: 1.7ms
[2025-11-29T08:30:26.290+0000][4.465s][info ][gc,phases   ] GC(9)   Other: 0.2ms
[2025-11-29T08:30:26.290+0000][4.465s][info ][gc,heap     ] GC(9) Eden regions: 51->0(1)
[2025-11-29T08:30:26.290+0000][4.465s][info ][gc,heap     ] GC(9) Survivor regions: 9->8(11)
[2025-11-29T08:30:26.290+0000][4.465s][info ][gc,heap     ] GC(9) Old regions: 13->16
[2025-11-29T08:30:26.290+0000][4.465s][info ][gc,heap     ] GC(9) Archive regions: 2->2
[2025-11-29T08:30:26.290+0000][4.465s][info ][gc,heap     ] GC(9) Humongous regions: 0->0
[2025-11-29T08:30:26.290+0000][4.465s][info ][gc,metaspace] GC(9) Metaspace: 23666K(24000K)->23666K(24000K) NonClass: 20558K(20736K)->20558K(20736K) Class: 3108K(3264K)->3108K(3264K)
[2025-11-29T08:30:26.290+0000][4.465s][info ][gc          ] GC(9) Pause Young (Prepare Mixed) (G1 Preventive Collection) 73M->24M(105M) 9.873ms
[2025-11-29T08:30:26.290+0000][4.465s][info ][gc,cpu      ] GC(9) User=0.04s Sys=0.01s Real=0.01s
[2025-11-29T08:30:26.290+0000][4.465s][info ][safepoint   ] Safepoint "G1CollectForAllocation", Time since last: 248842794 ns, Reaching safepoint: 64811 ns, Cleanup: 258901 ns, At safepoint: 10039534 ns, Total: 10363246 ns
[2025-11-29T08:30:26.293+0000][4.467s][debug][safepoint   ] Safepoint synchronization initiated using futex wait barrier. (23 threads)
[2025-11-29T08:30:26.293+0000][4.468s][info ][gc,start    ] GC(10) Pause Young (Mixed) (G1 Evacuation Pause)
[2025-11-29T08:30:26.293+0000][4.468s][info ][gc,task     ] GC(10) Using 4 workers of 13 for evacuation
[2025-11-29T08:30:26.298+0000][4.473s][info ][gc,phases   ] GC(10)   Pre Evacuate Collection Set: 0.1ms
[2025-11-29T08:30:26.298+0000][4.473s][info ][gc,phases   ] GC(10)   Merge Heap Roots: 0.1ms
[2025-11-29T08:30:26.298+0000][4.473s][info ][gc,phases   ] GC(10)   Evacuate Collection Set: 3.7ms
[2025-11-29T08:30:26.298+0000][4.473s][info ][gc,phases   ] GC(10)   Post Evacuate Collection Set: 1.0ms
[2025-11-29T08:30:26.298+0000][4.473s][info ][gc,phases   ] GC(10)   Other: 0.1ms
[2025-11-29T08:30:26.298+0000][4.473s][info ][gc,heap     ] GC(10) Eden regions: 1->0(58)
[2025-11-29T08:30:26.298+0000][4.473s][info ][gc,heap     ] GC(10) Survivor regions: 8->2(2)
[2025-11-29T08:30:26.298+0000][4.473s][info ][gc,heap     ] GC(10) Old regions: 16->23
[2025-11-29T08:30:26.298+0000][4.473s][info ][gc,heap     ] GC(10) Archive regions: 2->2
[2025-11-29T08:30:26.298+0000][4.473s][info ][gc,heap     ] GC(10) Humongous regions: 0->0
[2025-11-29T08:30:26.298+0000][4.473s][info ][gc,metaspace] GC(10) Metaspace: 23679K(24000K)->23679K(24000K) NonClass: 20568K(20736K)->20568K(20736K) Class: 3111K(3264K)->3111K(3264K)
[2025-11-29T08:30:26.298+0000][4.473s][info ][gc          ] GC(10) Pause Young (Mixed) (G1 Evacuation Pause) 25M->25M(105M) 5.089ms
[2025-11-29T08:30:26.298+0000][4.473s][info ][gc,cpu      ] GC(10) User=0.03s Sys=0.00s Real=0.01s
[2025-11-29T08:30:26.298+0000][4.473s][info ][safepoint   ] Safepoint "G1CollectForAllocation", Time since last: 2519835 ns, Reaching safepoint: 245226 ns, Cleanup: 3075 ns, At safepoint: 5402084 ns, Total: 5650385 ns
[2025-11-29T08:30:26.473+0000][4.647s][debug][safepoint   ] ... found polling page loop exception at pc = 0x00007dbcdd10d77c, stub =0x00007dbcdca04400
[2025-11-29T08:30:26.560+0000][4.735s][debug][safepoint   ] Safepoint synchronization initiated using futex wait barrier. (22 threads)
[2025-11-29T08:30:26.561+0000][4.735s][info ][gc,start    ] GC(11) Pause Young (Normal) (G1 Evacuation Pause)
[2025-11-29T08:30:26.561+0000][4.735s][info ][gc,task     ] GC(11) Using 3 workers of 13 for evacuation
[2025-11-29T08:30:26.566+0000][4.740s][info ][gc,phases   ] GC(11)   Pre Evacuate Collection Set: 0.1ms
[2025-11-29T08:30:26.566+0000][4.740s][info ][gc,phases   ] GC(11)   Merge Heap Roots: 0.2ms
[2025-11-29T08:30:26.566+0000][4.740s][info ][gc,phases   ] GC(11)   Evacuate Collection Set: 3.6ms
[2025-11-29T08:30:26.566+0000][4.740s][info ][gc,phases   ] GC(11)   Post Evacuate Collection Set: 1.0ms
[2025-11-29T08:30:26.566+0000][4.740s][info ][gc,phases   ] GC(11)   Other: 0.1ms
[2025-11-29T08:30:26.566+0000][4.740s][info ][gc,heap     ] GC(11) Eden regions: 58->0(56)
[2025-11-29T08:30:26.566+0000][4.740s][info ][gc,heap     ] GC(11) Survivor regions: 2->4(8)
[2025-11-29T08:30:26.566+0000][4.740s][info ][gc,heap     ] GC(11) Old regions: 23->23
[2025-11-29T08:30:26.566+0000][4.740s][info ][gc,heap     ] GC(11) Archive regions: 2->2
[2025-11-29T08:30:26.566+0000][4.740s][info ][gc,heap     ] GC(11) Humongous regions: 0->0
[2025-11-29T08:30:26.566+0000][4.740s][info ][gc,metaspace] GC(11) Metaspace: 25105K(25408K)->25105K(25408K) NonClass: 21832K(22016K)->21832K(22016K) Class: 3272K(3392K)->3272K(3392K)
[2025-11-29T08:30:26.566+0000][4.740s][info ][gc          ] GC(11) Pause Young (Normal) (G1 Evacuation Pause) 83M->27M(105M) 5.198ms
[2025-11-29T08:30:26.566+0000][4.740s][info ][gc,cpu      ] GC(11) User=0.02s Sys=0.00s Real=0.00s
[2025-11-29T08:30:26.566+0000][4.741s][info ][safepoint   ] Safepoint "G1CollectForAllocation", Time since last: 262023508 ns, Reaching safepoint: 65462 ns, Cleanup: 158475 ns, At safepoint: 5404096 ns, Total: 5628033 ns
[2025-11-29T08:30:26.797+0000][4.972s][debug][safepoint   ] Safepoint synchronization initiated using futex wait barrier. (22 threads)
[2025-11-29T08:30:26.798+0000][4.972s][info ][gc,start    ] GC(12) Pause Young (Normal) (G1 Evacuation Pause)
[2025-11-29T08:30:26.798+0000][4.972s][info ][gc,task     ] GC(12) Using 2 workers of 13 for evacuation
[2025-11-29T08:30:26.807+0000][4.982s][info ][gc,phases   ] GC(12)   Pre Evacuate Collection Set: 0.1ms
[2025-11-29T08:30:26.808+0000][4.982s][info ][gc,phases   ] GC(12)   Merge Heap Roots: 0.1ms
[2025-11-29T08:30:26.808+0000][4.982s][info ][gc,phases   ] GC(12)   Evacuate Collection Set: 8.4ms
[2025-11-29T08:30:26.808+0000][4.982s][info ][gc,phases   ] GC(12)   Post Evacuate Collection Set: 1.1ms
[2025-11-29T08:30:26.808+0000][4.982s][info ][gc,phases   ] GC(12)   Other: 0.1ms
[2025-11-29T08:30:26.808+0000][4.982s][info ][gc,heap     ] GC(12) Eden regions: 56->0(48)
[2025-11-29T08:30:26.808+0000][4.982s][info ][gc,heap     ] GC(12) Survivor regions: 4->8(8)
[2025-11-29T08:30:26.808+0000][4.982s][info ][gc,heap     ] GC(12) Old regions: 23->25
[2025-11-29T08:30:26.808+0000][4.982s][info ][gc,heap     ] GC(12) Archive regions: 2->2
[2025-11-29T08:30:26.808+0000][4.982s][info ][gc,heap     ] GC(12) Humongous regions: 0->0
[2025-11-29T08:30:26.808+0000][4.982s][info ][gc,metaspace] GC(12) Metaspace: 25169K(25536K)->25169K(25536K) NonClass: 21883K(22080K)->21883K(22080K) Class: 3286K(3456K)->3286K(3456K)
[2025-11-29T08:30:26.808+0000][4.982s][info ][gc          ] GC(12) Pause Young (Normal) (G1 Evacuation Pause) 83M->33M(105M) 10.032ms
[2025-11-29T08:30:26.808+0000][4.982s][info ][gc,cpu      ] GC(12) User=0.03s Sys=0.00s Real=0.00s
[2025-11-29T08:30:26.808+0000][4.982s][info ][safepoint   ] Safepoint "G1CollectForAllocation", Time since last: 231407991 ns, Reaching safepoint: 100486 ns, Cleanup: 40896 ns, At safepoint: 10125715 ns, Total: 10267097 ns
[2025-11-29T08:30:26.863+0000][5.037s][debug][safepoint   ] Safepoint synchronization initiated using futex wait barrier. (22 threads)
[2025-11-29T08:30:26.863+0000][5.038s][info ][gc,start    ] GC(13) Pause Young (Normal) (G1 Evacuation Pause)
[2025-11-29T08:30:26.863+0000][5.038s][info ][gc,task     ] GC(13) Using 2 workers of 13 for evacuation
[2025-11-29T08:30:26.880+0000][5.054s][info ][gc,phases   ] GC(13)   Pre Evacuate Collection Set: 0.2ms
[2025-11-29T08:30:26.880+0000][5.054s][info ][gc,phases   ] GC(13)   Merge Heap Roots: 0.2ms
[2025-11-29T08:30:26.880+0000][5.054s][info ][gc,phases   ] GC(13)   Evacuate Collection Set: 12.2ms
[2025-11-29T08:30:26.880+0000][5.054s][info ][gc,phases   ] GC(13)   Post Evacuate Collection Set: 4.0ms
[2025-11-29T08:30:26.880+0000][5.054s][info ][gc,phases   ] GC(13)   Other: 0.1ms
[2025-11-29T08:30:26.880+0000][5.054s][info ][gc,heap     ] GC(13) Eden regions: 48->0(140)
[2025-11-29T08:30:26.880+0000][5.054s][info ][gc,heap     ] GC(13) Survivor regions: 8->7(7)
[2025-11-29T08:30:26.880+0000][5.054s][info ][gc,heap     ] GC(13) Old regions: 25->33
[2025-11-29T08:30:26.880+0000][5.054s][info ][gc,heap     ] GC(13) Archive regions: 2->2
[2025-11-29T08:30:26.880+0000][5.054s][info ][gc,heap     ] GC(13) Humongous regions: 0->0
[2025-11-29T08:30:26.880+0000][5.054s][info ][gc,metaspace] GC(13) Metaspace: 25169K(25536K)->25169K(25536K) NonClass: 21883K(22080K)->21883K(22080K) Class: 3286K(3456K)->3286K(3456K)
[2025-11-29T08:30:26.880+0000][5.054s][info ][gc          ] GC(13) Pause Young (Normal) (G1 Evacuation Pause) 81M->40M(246M) 16.706ms
[2025-11-29T08:30:26.880+0000][5.054s][info ][gc,cpu      ] GC(13) User=0.05s Sys=0.00s Real=0.02s
[2025-11-29T08:30:26.880+0000][5.054s][info ][safepoint   ] Safepoint "G1CollectForAllocation", Time since last: 55201459 ns, Reaching safepoint: 54912 ns, Cleanup: 11762 ns, At safepoint: 16829869 ns, Total: 16896543 ns
[2025-11-29T08:30:27.586+0000][5.760s][debug][safepoint   ] Safepoint synchronization initiated using futex wait barrier. (21 threads)
[2025-11-29T08:30:27.586+0000][5.761s][info ][safepoint   ] Safepoint "ICBufferFull", Time since last: 705932197 ns, Reaching safepoint: 298786 ns, Cleanup: 254343 ns, At safepoint: 72124 ns, Total: 625253 ns
[2025-11-29T08:30:27.744+0000][5.919s][debug][safepoint   ] Safepoint synchronization initiated using futex wait barrier. (21 threads)
[2025-11-29T08:30:27.745+0000][5.919s][info ][gc,start    ] GC(14) Pause Young (Normal) (G1 Evacuation Pause)
[2025-11-29T08:30:27.745+0000][5.919s][info ][gc,task     ] GC(14) Using 5 workers of 13 for evacuation
[2025-11-29T08:30:27.755+0000][5.929s][info ][gc,phases   ] GC(14)   Pre Evacuate Collection Set: 0.3ms
[2025-11-29T08:30:27.755+0000][5.929s][info ][gc,phases   ] GC(14)   Merge Heap Roots: 0.2ms
[2025-11-29T08:30:27.755+0000][5.929s][info ][gc,phases   ] GC(14)   Evacuate Collection Set: 8.3ms
[2025-11-29T08:30:27.755+0000][5.929s][info ][gc,phases   ] GC(14)   Post Evacuate Collection Set: 1.3ms
[2025-11-29T08:30:27.755+0000][5.929s][info ][gc,phases   ] GC(14)   Other: 0.2ms
[2025-11-29T08:30:27.755+0000][5.929s][info ][gc,heap     ] GC(14) Eden regions: 140->0(129)
[2025-11-29T08:30:27.755+0000][5.929s][info ][gc,heap     ] GC(14) Survivor regions: 7->18(19)
[2025-11-29T08:30:27.755+0000][5.930s][info ][gc,heap     ] GC(14) Old regions: 33->33
[2025-11-29T08:30:27.755+0000][5.930s][info ][gc,heap     ] GC(14) Archive regions: 2->2
[2025-11-29T08:30:27.755+0000][5.930s][info ][gc,heap     ] GC(14) Humongous regions: 0->0
[2025-11-29T08:30:27.755+0000][5.930s][info ][gc,metaspace] GC(14) Metaspace: 25795K(26112K)->25795K(26112K) NonClass: 22427K(22592K)->22427K(22592K) Class: 3367K(3520K)->3367K(3520K)
[2025-11-29T08:30:27.755+0000][5.930s][info ][gc          ] GC(14) Pause Young (Normal) (G1 Evacuation Pause) 180M->51M(246M) 10.381ms
[2025-11-29T08:30:27.755+0000][5.930s][info ][gc,cpu      ] GC(14) User=0.08s Sys=0.00s Real=0.01s
[2025-11-29T08:30:27.755+0000][5.930s][info ][safepoint   ] Safepoint "G1CollectForAllocation", Time since last: 157962339 ns, Reaching safepoint: 107660 ns, Cleanup: 91941 ns, At safepoint: 10554537 ns, Total: 10754138 ns
[2025-11-29T08:30:28.190+0000][6.365s][debug][safepoint   ] Safepoint synchronization initiated using futex wait barrier. (21 threads)
[2025-11-29T08:30:28.191+0000][6.365s][info ][safepoint   ] Safepoint "ICBufferFull", Time since last: 435246615 ns, Reaching safepoint: 57848 ns, Cleanup: 179003 ns, At safepoint: 3116 ns, Total: 239967 ns
[2025-11-29T08:30:28.220+0000][6.395s][debug][safepoint   ] ... found polling page loop exception at pc = 0x00007dbcdd2463ff, stub =0x00007dbcdca04400
[2025-11-29T08:30:28.253+0000][6.428s][debug][safepoint   ] Safepoint synchronization initiated using futex wait barrier. (21 threads)
[2025-11-29T08:30:28.253+0000][6.428s][info ][gc,start    ] GC(15) Pause Young (Normal) (G1 Evacuation Pause)
[2025-11-29T08:30:28.253+0000][6.428s][info ][gc,task     ] GC(15) Using 5 workers of 13 for evacuation
[2025-11-29T08:30:28.263+0000][6.438s][info ][gc,phases   ] GC(15)   Pre Evacuate Collection Set: 0.1ms
[2025-11-29T08:30:28.263+0000][6.438s][info ][gc,phases   ] GC(15)   Merge Heap Roots: 0.2ms
[2025-11-29T08:30:28.263+0000][6.438s][info ][gc,phases   ] GC(15)   Evacuate Collection Set: 7.5ms
[2025-11-29T08:30:28.263+0000][6.438s][info ][gc,phases   ] GC(15)   Post Evacuate Collection Set: 2.1ms
[2025-11-29T08:30:28.263+0000][6.438s][info ][gc,phases   ] GC(15)   Other: 0.1ms
[2025-11-29T08:30:28.263+0000][6.438s][info ][gc,heap     ] GC(15) Eden regions: 129->0(130)
[2025-11-29T08:30:28.263+0000][6.438s][info ][gc,heap     ] GC(15) Survivor regions: 18->8(19)
[2025-11-29T08:30:28.263+0000][6.438s][info ][gc,heap     ] GC(15) Old regions: 33->50
[2025-11-29T08:30:28.263+0000][6.438s][info ][gc,heap     ] GC(15) Archive regions: 2->2
[2025-11-29T08:30:28.263+0000][6.438s][info ][gc,heap     ] GC(15) Humongous regions: 0->0
[2025-11-29T08:30:28.263+0000][6.438s][info ][gc,metaspace] GC(15) Metaspace: 26069K(26368K)->26069K(26368K) NonClass: 22681K(22848K)->22681K(22848K) Class: 3387K(3520K)->3387K(3520K)
[2025-11-29T08:30:28.263+0000][6.438s][info ][gc          ] GC(15) Pause Young (Normal) (G1 Evacuation Pause) 180M->58M(246M) 10.162ms
[2025-11-29T08:30:28.263+0000][6.438s][info ][gc,cpu      ] GC(15) User=0.08s Sys=0.00s Real=0.01s
[2025-11-29T08:30:28.263+0000][6.438s][info ][safepoint   ] Safepoint "G1CollectForAllocation", Time since last: 62406372 ns, Reaching safepoint: 49262 ns, Cleanup: 44482 ns, At safepoint: 10228415 ns, Total: 10322159 ns
[2025-11-29T08:30:28.581+0000][6.756s][debug][safepoint   ] Safepoint synchronization initiated using futex wait barrier. (22 threads)
[2025-11-29T08:30:28.581+0000][6.756s][info ][gc,start    ] GC(16) Pause Young (Normal) (G1 Evacuation Pause)
[2025-11-29T08:30:28.581+0000][6.756s][info ][gc,task     ] GC(16) Using 5 workers of 13 for evacuation
[2025-11-29T08:30:28.586+0000][6.760s][info ][gc,phases   ] GC(16)   Pre Evacuate Collection Set: 0.1ms
[2025-11-29T08:30:28.586+0000][6.760s][info ][gc,phases   ] GC(16)   Merge Heap Roots: 0.1ms
[2025-11-29T08:30:28.586+0000][6.760s][info ][gc,phases   ] GC(16)   Evacuate Collection Set: 3.1ms
[2025-11-29T08:30:28.586+0000][6.760s][info ][gc,phases   ] GC(16)   Post Evacuate Collection Set: 1.0ms
[2025-11-29T08:30:28.586+0000][6.760s][info ][gc,phases   ] GC(16)   Other: 0.1ms
[2025-11-29T08:30:28.586+0000][6.760s][info ][gc,heap     ] GC(16) Eden regions: 130->0(136)
[2025-11-29T08:30:28.586+0000][6.760s][info ][gc,heap     ] GC(16) Survivor regions: 8->9(18)
[2025-11-29T08:30:28.586+0000][6.760s][info ][gc,heap     ] GC(16) Old regions: 50->50
[2025-11-29T08:30:28.586+0000][6.760s][info ][gc,heap     ] GC(16) Archive regions: 2->2
[2025-11-29T08:30:28.586+0000][6.760s][info ][gc,heap     ] GC(16) Humongous regions: 0->0
[2025-11-29T08:30:28.586+0000][6.760s][info ][gc,metaspace] GC(16) Metaspace: 27719K(28096K)->27719K(28096K) NonClass: 24206K(24448K)->24206K(24448K) Class: 3513K(3648K)->3513K(3648K)
[2025-11-29T08:30:28.586+0000][6.760s][info ][gc          ] GC(16) Pause Young (Normal) (G1 Evacuation Pause) 188M->59M(246M) 4.545ms
[2025-11-29T08:30:28.586+0000][6.760s][info ][gc,cpu      ] GC(16) User=0.03s Sys=0.00s Real=0.00s
[2025-11-29T08:30:28.586+0000][6.760s][info ][safepoint   ] Safepoint "G1CollectForAllocation", Time since last: 317690818 ns, Reaching safepoint: 43661 ns, Cleanup: 51226 ns, At safepoint: 4616677 ns, Total: 4711564 ns
[2025-11-29T08:30:28.981+0000][7.156s][debug][safepoint   ] Safepoint synchronization initiated using futex wait barrier. (21 threads)
[2025-11-29T08:30:28.981+0000][7.156s][info ][gc,start    ] GC(17) Pause Young (Normal) (G1 Evacuation Pause)
[2025-11-29T08:30:28.981+0000][7.156s][info ][gc,task     ] GC(17) Using 5 workers of 13 for evacuation
[2025-11-29T08:30:28.986+0000][7.161s][info ][gc,phases   ] GC(17)   Pre Evacuate Collection Set: 0.2ms
[2025-11-29T08:30:28.986+0000][7.161s][info ][gc,phases   ] GC(17)   Merge Heap Roots: 0.2ms
[2025-11-29T08:30:28.986+0000][7.161s][info ][gc,phases   ] GC(17)   Evacuate Collection Set: 3.6ms
[2025-11-29T08:30:28.986+0000][7.161s][info ][gc,phases   ] GC(17)   Post Evacuate Collection Set: 1.1ms
[2025-11-29T08:30:28.986+0000][7.161s][info ][gc,phases   ] GC(17)   Other: 0.1ms
[2025-11-29T08:30:28.986+0000][7.161s][info ][gc,heap     ] GC(17) Eden regions: 136->0(136)
[2025-11-29T08:30:28.986+0000][7.161s][info ][gc,heap     ] GC(17) Survivor regions: 9->11(19)
[2025-11-29T08:30:28.986+0000][7.161s][info ][gc,heap     ] GC(17) Old regions: 50->50
[2025-11-29T08:30:28.986+0000][7.161s][info ][gc,heap     ] GC(17) Archive regions: 2->2
[2025-11-29T08:30:28.986+0000][7.161s][info ][gc,heap     ] GC(17) Humongous regions: 0->0
[2025-11-29T08:30:28.986+0000][7.161s][info ][gc,metaspace] GC(17) Metaspace: 31229K(31552K)->31229K(31552K) NonClass: 27328K(27520K)->27328K(27520K) Class: 3901K(4032K)->3901K(4032K)
[2025-11-29T08:30:28.986+0000][7.161s][info ][gc          ] GC(17) Pause Young (Normal) (G1 Evacuation Pause) 195M->61M(246M) 5.160ms
[2025-11-29T08:30:28.986+0000][7.161s][info ][gc,cpu      ] GC(17) User=0.03s Sys=0.00s Real=0.00s
[2025-11-29T08:30:28.987+0000][7.161s][info ][safepoint   ] Safepoint "G1CollectForAllocation", Time since last: 395364965 ns, Reaching safepoint: 191822 ns, Cleanup: 73717 ns, At safepoint: 5244291 ns, Total: 5509830 ns
[2025-11-29T08:30:29.561+0000][7.735s][debug][safepoint   ] Safepoint synchronization initiated using futex wait barrier. (20 threads)
[2025-11-29T08:30:29.561+0000][7.735s][info ][gc,start    ] GC(18) Pause Young (Normal) (G1 Evacuation Pause)
[2025-11-29T08:30:29.561+0000][7.735s][info ][gc,task     ] GC(18) Using 5 workers of 13 for evacuation
[2025-11-29T08:30:29.567+0000][7.742s][info ][gc,phases   ] GC(18)   Pre Evacuate Collection Set: 0.2ms
[2025-11-29T08:30:29.567+0000][7.742s][info ][gc,phases   ] GC(18)   Merge Heap Roots: 0.2ms
[2025-11-29T08:30:29.567+0000][7.742s][info ][gc,phases   ] GC(18)   Evacuate Collection Set: 4.6ms
[2025-11-29T08:30:29.567+0000][7.742s][info ][gc,phases   ] GC(18)   Post Evacuate Collection Set: 1.4ms
[2025-11-29T08:30:29.567+0000][7.742s][info ][gc,phases   ] GC(18)   Other: 0.1ms
[2025-11-29T08:30:29.567+0000][7.742s][info ][gc,heap     ] GC(18) Eden regions: 136->0(141)
[2025-11-29T08:30:29.567+0000][7.742s][info ][gc,heap     ] GC(18) Survivor regions: 11->6(19)
[2025-11-29T08:30:29.567+0000][7.742s][info ][gc,heap     ] GC(18) Old regions: 50->56
[2025-11-29T08:30:29.567+0000][7.742s][info ][gc,heap     ] GC(18) Archive regions: 2->2
[2025-11-29T08:30:29.567+0000][7.742s][info ][gc,heap     ] GC(18) Humongous regions: 0->0
[2025-11-29T08:30:29.567+0000][7.742s][info ][gc,metaspace] GC(18) Metaspace: 35555K(35904K)->35555K(35904K) NonClass: 31174K(31360K)->31174K(31360K) Class: 4380K(4544K)->4380K(4544K)
[2025-11-29T08:30:29.567+0000][7.742s][info ][gc          ] GC(18) Pause Young (Normal) (G1 Evacuation Pause) 197M->62M(246M) 6.566ms
[2025-11-29T08:30:29.567+0000][7.742s][info ][gc,cpu      ] GC(18) User=0.04s Sys=0.00s Real=0.00s
[2025-11-29T08:30:29.568+0000][7.742s][info ][safepoint   ] Safepoint "G1CollectForAllocation", Time since last: 574139395 ns, Reaching safepoint: 54752 ns, Cleanup: 110054 ns, At safepoint: 6668249 ns, Total: 6833055 ns
[2025-11-29T08:30:29.712+0000][7.886s][debug][safepoint   ] Safepoint synchronization initiated using futex wait barrier. (20 threads)
[2025-11-29T08:30:29.712+0000][7.886s][info ][gc,start    ] GC(19) Pause Young (Concurrent Start) (Metadata GC Threshold)
[2025-11-29T08:30:29.712+0000][7.886s][info ][gc,task     ] GC(19) Using 5 workers of 13 for evacuation
[2025-11-29T08:30:29.716+0000][7.890s][info ][gc,phases   ] GC(19)   Pre Evacuate Collection Set: 0.2ms
[2025-11-29T08:30:29.716+0000][7.891s][info ][gc,phases   ] GC(19)   Merge Heap Roots: 0.2ms
[2025-11-29T08:30:29.716+0000][7.891s][info ][gc,phases   ] GC(19)   Evacuate Collection Set: 2.8ms
[2025-11-29T08:30:29.716+0000][7.891s][info ][gc,phases   ] GC(19)   Post Evacuate Collection Set: 1.0ms
[2025-11-29T08:30:29.716+0000][7.891s][info ][gc,phases   ] GC(19)   Other: 0.1ms
[2025-11-29T08:30:29.716+0000][7.891s][info ][gc,heap     ] GC(19) Eden regions: 32->0(141)
[2025-11-29T08:30:29.716+0000][7.891s][info ][gc,heap     ] GC(19) Survivor regions: 6->6(19)
[2025-11-29T08:30:29.716+0000][7.891s][info ][gc,heap     ] GC(19) Old regions: 56->56
[2025-11-29T08:30:29.716+0000][7.891s][info ][gc,heap     ] GC(19) Archive regions: 2->2
[2025-11-29T08:30:29.716+0000][7.891s][info ][gc,heap     ] GC(19) Humongous regions: 0->0
[2025-11-29T08:30:29.716+0000][7.891s][info ][gc,metaspace] GC(19) Metaspace: 35813K(36160K)->35813K(36160K) NonClass: 31394K(31552K)->31394K(31552K) Class: 4419K(4608K)->4419K(4608K)
[2025-11-29T08:30:29.716+0000][7.891s][info ][gc          ] GC(19) Pause Young (Concurrent Start) (Metadata GC Threshold) 94M->62M(246M) 4.266ms
[2025-11-29T08:30:29.716+0000][7.891s][info ][gc,cpu      ] GC(19) User=0.03s Sys=0.01s Real=0.00s
[2025-11-29T08:30:29.716+0000][7.891s][info ][gc          ] GC(20) Concurrent Mark Cycle
[2025-11-29T08:30:29.716+0000][7.891s][info ][gc,marking  ] GC(20) Concurrent Clear Claimed Marks
[2025-11-29T08:30:29.716+0000][7.891s][info ][gc,marking  ] GC(20) Concurrent Clear Claimed Marks 0.069ms
[2025-11-29T08:30:29.716+0000][7.891s][info ][gc,marking  ] GC(20) Concurrent Scan Root Regions
[2025-11-29T08:30:29.716+0000][7.891s][info ][safepoint   ] Safepoint "CollectForMetadataAllocation", Time since last: 144068193 ns, Reaching safepoint: 49993 ns, Cleanup: 51776 ns, At safepoint: 4491635 ns, Total: 4593404 ns
[2025-11-29T08:30:29.718+0000][7.893s][info ][gc,marking  ] GC(20) Concurrent Scan Root Regions 1.891ms
[2025-11-29T08:30:29.718+0000][7.893s][info ][gc,marking  ] GC(20) Concurrent Mark
[2025-11-29T08:30:29.718+0000][7.893s][info ][gc,marking  ] GC(20) Concurrent Mark From Roots
[2025-11-29T08:30:29.718+0000][7.893s][info ][gc,task     ] GC(20) Using 3 workers of 3 for marking
[2025-11-29T08:30:29.744+0000][7.919s][info ][gc,marking  ] GC(20) Concurrent Mark From Roots 26.260ms
[2025-11-29T08:30:29.744+0000][7.919s][info ][gc,marking  ] GC(20) Concurrent Preclean
[2025-11-29T08:30:29.745+0000][7.919s][info ][gc,marking  ] GC(20) Concurrent Preclean 0.402ms
[2025-11-29T08:30:29.745+0000][7.919s][debug][safepoint   ] Safepoint synchronization initiated using futex wait barrier. (20 threads)
[2025-11-29T08:30:29.745+0000][7.920s][info ][gc,start    ] GC(20) Pause Remark
[2025-11-29T08:30:29.749+0000][7.923s][info ][gc          ] GC(20) Pause Remark 67M->67M(230M) 3.431ms
[2025-11-29T08:30:29.749+0000][7.923s][info ][gc,cpu      ] GC(20) User=0.02s Sys=0.01s Real=0.01s
[2025-11-29T08:30:29.749+0000][7.923s][info ][safepoint   ] Safepoint "G1PauseRemark", Time since last: 28721232 ns, Reaching safepoint: 132421 ns, Cleanup: 15429 ns, At safepoint: 3596803 ns, Total: 3744653 ns
[2025-11-29T08:30:29.749+0000][7.923s][info ][gc,marking  ] GC(20) Concurrent Mark 30.652ms
[2025-11-29T08:30:29.749+0000][7.923s][info ][gc,marking  ] GC(20) Concurrent Rebuild Remembered Sets
[2025-11-29T08:30:29.761+0000][7.936s][info ][gc,marking  ] GC(20) Concurrent Rebuild Remembered Sets 12.579ms
[2025-11-29T08:30:29.761+0000][7.936s][debug][safepoint   ] Safepoint synchronization initiated using futex wait barrier. (20 threads)
[2025-11-29T08:30:29.762+0000][7.936s][info ][gc,start    ] GC(20) Pause Cleanup
[2025-11-29T08:30:29.762+0000][7.936s][info ][gc          ] GC(20) Pause Cleanup 70M->70M(230M) 0.188ms
[2025-11-29T08:30:29.762+0000][7.936s][info ][gc,cpu      ] GC(20) User=0.00s Sys=0.00s Real=0.00s
[2025-11-29T08:30:29.762+0000][7.936s][info ][safepoint   ] Safepoint "G1PauseCleanup", Time since last: 12816627 ns, Reaching safepoint: 134710 ns, Cleanup: 3487 ns, At safepoint: 250015 ns, Total: 388212 ns
[2025-11-29T08:30:29.762+0000][7.937s][info ][gc,marking  ] GC(20) Concurrent Cleanup for Next Mark
[2025-11-29T08:30:29.763+0000][7.938s][info ][gc,marking  ] GC(20) Concurrent Cleanup for Next Mark 1.567ms
[2025-11-29T08:30:29.764+0000][7.938s][info ][gc          ] GC(20) Concurrent Mark Cycle 47.476ms
[2025-11-29T08:30:30.410+0000][8.585s][debug][safepoint   ] Safepoint synchronization initiated using futex wait barrier. (20 threads)
[2025-11-29T08:30:30.411+0000][8.585s][info ][gc,start    ] GC(21) Pause Young (Prepare Mixed) (G1 Evacuation Pause)
[2025-11-29T08:30:30.411+0000][8.585s][info ][gc,task     ] GC(21) Using 5 workers of 13 for evacuation
[2025-11-29T08:30:30.417+0000][8.591s][info ][gc,phases   ] GC(21)   Pre Evacuate Collection Set: 0.2ms
[2025-11-29T08:30:30.417+0000][8.591s][info ][gc,phases   ] GC(21)   Merge Heap Roots: 0.2ms
[2025-11-29T08:30:30.417+0000][8.591s][info ][gc,phases   ] GC(21)   Evacuate Collection Set: 4.3ms
[2025-11-29T08:30:30.417+0000][8.591s][info ][gc,phases   ] GC(21)   Post Evacuate Collection Set: 1.3ms
[2025-11-29T08:30:30.417+0000][8.591s][info ][gc,phases   ] GC(21)   Other: 0.1ms
[2025-11-29T08:30:30.417+0000][8.591s][info ][gc,heap     ] GC(21) Eden regions: 141->0(4)
[2025-11-29T08:30:30.417+0000][8.591s][info ][gc,heap     ] GC(21) Survivor regions: 6->7(19)
[2025-11-29T08:30:30.417+0000][8.591s][info ][gc,heap     ] GC(21) Old regions: 56->56
[2025-11-29T08:30:30.417+0000][8.591s][info ][gc,heap     ] GC(21) Archive regions: 2->2
[2025-11-29T08:30:30.417+0000][8.591s][info ][gc,heap     ] GC(21) Humongous regions: 0->0
[2025-11-29T08:30:30.417+0000][8.591s][info ][gc,metaspace] GC(21) Metaspace: 38475K(38912K)->38475K(38912K) NonClass: 33616K(33856K)->33616K(33856K) Class: 4858K(5056K)->4858K(5056K)
[2025-11-29T08:30:30.417+0000][8.591s][info ][gc          ] GC(21) Pause Young (Prepare Mixed) (G1 Evacuation Pause) 203M->63M(230M) 6.226ms
[2025-11-29T08:30:30.417+0000][8.591s][info ][gc,cpu      ] GC(21) User=0.04s Sys=0.00s Real=0.01s
[2025-11-29T08:30:30.417+0000][8.591s][info ][safepoint   ] Safepoint "G1CollectForAllocation", Time since last: 648422559 ns, Reaching safepoint: 57136 ns, Cleanup: 176007 ns, At safepoint: 6333725 ns, Total: 6566868 ns
[2025-11-29T08:30:30.432+0000][8.607s][debug][safepoint   ] Safepoint synchronization initiated using futex wait barrier. (20 threads)
[2025-11-29T08:30:30.432+0000][8.607s][info ][gc,start    ] GC(22) Pause Young (Mixed) (G1 Evacuation Pause)
[2025-11-29T08:30:30.432+0000][8.607s][info ][gc,task     ] GC(22) Using 5 workers of 13 for evacuation
[2025-11-29T08:30:30.438+0000][8.613s][info ][gc,phases   ] GC(22)   Pre Evacuate Collection Set: 0.2ms
[2025-11-29T08:30:30.438+0000][8.613s][info ][gc,phases   ] GC(22)   Merge Heap Roots: 0.2ms
[2025-11-29T08:30:30.438+0000][8.613s][info ][gc,phases   ] GC(22)   Evacuate Collection Set: 4.6ms
[2025-11-29T08:30:30.438+0000][8.613s][info ][gc,phases   ] GC(22)   Post Evacuate Collection Set: 0.8ms
[2025-11-29T08:30:30.438+0000][8.613s][info ][gc,phases   ] GC(22)   Other: 0.1ms
[2025-11-29T08:30:30.438+0000][8.613s][info ][gc,heap     ] GC(22) Eden regions: 4->0(132)
[2025-11-29T08:30:30.438+0000][8.613s][info ][gc,heap     ] GC(22) Survivor regions: 7->1(2)
[2025-11-29T08:30:30.438+0000][8.613s][info ][gc,heap     ] GC(22) Old regions: 56->61
[2025-11-29T08:30:30.438+0000][8.613s][info ][gc,heap     ] GC(22) Archive regions: 2->2
[2025-11-29T08:30:30.438+0000][8.613s][info ][gc,heap     ] GC(22) Humongous regions: 0->0
[2025-11-29T08:30:30.438+0000][8.613s][info ][gc,metaspace] GC(22) Metaspace: 38640K(39104K)->38640K(39104K) NonClass: 33735K(33984K)->33735K(33984K) Class: 4904K(5120K)->4904K(5120K)
[2025-11-29T08:30:30.438+0000][8.613s][info ][gc          ] GC(22) Pause Young (Mixed) (G1 Evacuation Pause) 67M->62M(230M) 5.997ms
[2025-11-29T08:30:30.438+0000][8.613s][info ][gc,cpu      ] GC(22) User=0.03s Sys=0.00s Real=0.01s
[2025-11-29T08:30:30.438+0000][8.613s][info ][safepoint   ] Safepoint "G1CollectForAllocation", Time since last: 15270471 ns, Reaching safepoint: 93273 ns, Cleanup: 5280 ns, At safepoint: 6092397 ns, Total: 6190950 ns
[2025-11-29T08:30:30.488+0000][8.662s][debug][safepoint   ] ... found polling page loop exception at pc = 0x00007dbcdd24dffb, stub =0x00007dbcdca04400
[2025-11-29T08:30:30.853+0000][9.027s][debug][safepoint   ] Safepoint synchronization initiated using futex wait barrier. (18 threads)
[2025-11-29T08:30:30.853+0000][9.028s][info ][safepoint   ] Safepoint "ICBufferFull", Time since last: 414590671 ns, Reaching safepoint: 176398 ns, Cleanup: 242401 ns, At safepoint: 102730 ns, Total: 521529 ns
[2025-11-29T08:30:31.012+0000][9.187s][debug][safepoint   ] Safepoint synchronization initiated using futex wait barrier. (19 threads)
[2025-11-29T08:30:31.013+0000][9.187s][info ][gc,start    ] GC(23) Pause Young (Normal) (G1 Evacuation Pause)
[2025-11-29T08:30:31.013+0000][9.187s][info ][gc,task     ] GC(23) Using 5 workers of 13 for evacuation
[2025-11-29T08:30:31.017+0000][9.192s][info ][gc,phases   ] GC(23)   Pre Evacuate Collection Set: 0.2ms
[2025-11-29T08:30:31.017+0000][9.192s][info ][gc,phases   ] GC(23)   Merge Heap Roots: 0.2ms
[2025-11-29T08:30:31.017+0000][9.192s][info ][gc,phases   ] GC(23)   Evacuate Collection Set: 2.7ms
[2025-11-29T08:30:31.017+0000][9.192s][info ][gc,phases   ] GC(23)   Post Evacuate Collection Set: 1.3ms
[2025-11-29T08:30:31.017+0000][9.192s][info ][gc,phases   ] GC(23)   Other: 0.2ms
[2025-11-29T08:30:31.017+0000][9.192s][info ][gc,heap     ] GC(23) Eden regions: 132->0(131)
[2025-11-29T08:30:31.017+0000][9.192s][info ][gc,heap     ] GC(23) Survivor regions: 1->3(17)
[2025-11-29T08:30:31.017+0000][9.192s][info ][gc,heap     ] GC(23) Old regions: 61->61
[2025-11-29T08:30:31.017+0000][9.192s][info ][gc,heap     ] GC(23) Archive regions: 2->2
[2025-11-29T08:30:31.017+0000][9.192s][info ][gc,heap     ] GC(23) Humongous regions: 0->0
[2025-11-29T08:30:31.017+0000][9.192s][info ][gc,metaspace] GC(23) Metaspace: 41107K(41536K)->41107K(41536K) NonClass: 35944K(36160K)->35944K(36160K) Class: 5163K(5376K)->5163K(5376K)
[2025-11-29T08:30:31.017+0000][9.192s][info ][gc          ] GC(23) Pause Young (Normal) (G1 Evacuation Pause) 194M->64M(230M) 4.799ms
[2025-11-29T08:30:31.017+0000][9.192s][info ][gc,cpu      ] GC(23) User=0.02s Sys=0.01s Real=0.01s
[2025-11-29T08:30:31.018+0000][9.192s][info ][safepoint   ] Safepoint "G1CollectForAllocation", Time since last: 158822465 ns, Reaching safepoint: 139539 ns, Cleanup: 199662 ns, At safepoint: 5045665 ns, Total: 5384866 ns
[2025-11-29T08:30:31.888+0000][10.063s][debug][safepoint   ] Safepoint synchronization initiated using futex wait barrier. (20 threads)
[2025-11-29T08:30:31.889+0000][10.063s][info ][gc,start    ] GC(24) Pause Young (Normal) (G1 Evacuation Pause)
[2025-11-29T08:30:31.889+0000][10.063s][info ][gc,task     ] GC(24) Using 5 workers of 13 for evacuation
[2025-11-29T08:30:31.893+0000][10.068s][info ][gc,phases   ] GC(24)   Pre Evacuate Collection Set: 0.1ms
[2025-11-29T08:30:31.893+0000][10.068s][info ][gc,phases   ] GC(24)   Merge Heap Roots: 0.2ms
[2025-11-29T08:30:31.893+0000][10.068s][info ][gc,phases   ] GC(24)   Evacuate Collection Set: 3.0ms
[2025-11-29T08:30:31.894+0000][10.068s][info ][gc,phases   ] GC(24)   Post Evacuate Collection Set: 1.3ms
[2025-11-29T08:30:31.894+0000][10.068s][info ][gc,phases   ] GC(24)   Other: 0.1ms
[2025-11-29T08:30:31.894+0000][10.068s][info ][gc,heap     ] GC(24) Eden regions: 131->0(130)
[2025-11-29T08:30:31.894+0000][10.068s][info ][gc,heap     ] GC(24) Survivor regions: 3->5(17)
[2025-11-29T08:30:31.894+0000][10.068s][info ][gc,heap     ] GC(24) Old regions: 61->61
[2025-11-29T08:30:31.894+0000][10.068s][info ][gc,heap     ] GC(24) Archive regions: 2->2
[2025-11-29T08:30:31.894+0000][10.068s][info ][gc,heap     ] GC(24) Humongous regions: 0->0
[2025-11-29T08:30:31.894+0000][10.068s][info ][gc,metaspace] GC(24) Metaspace: 43297K(43712K)->43297K(43712K) NonClass: 37833K(38016K)->37833K(38016K) Class: 5463K(5696K)->5463K(5696K)
[2025-11-29T08:30:31.894+0000][10.068s][info ][gc          ] GC(24) Pause Young (Normal) (G1 Evacuation Pause) 195M->65M(230M) 4.893ms
[2025-11-29T08:30:31.894+0000][10.068s][info ][gc,cpu      ] GC(24) User=0.02s Sys=0.01s Real=0.00s
[2025-11-29T08:30:31.894+0000][10.068s][info ][safepoint   ] Safepoint "G1CollectForAllocation", Time since last: 870734143 ns, Reaching safepoint: 185816 ns, Cleanup: 102400 ns, At safepoint: 5010755 ns, Total: 5298971 ns
[2025-11-29T08:30:32.594+0000][10.769s][debug][safepoint   ] Safepoint synchronization initiated using futex wait barrier. (19 threads)
[2025-11-29T08:30:32.594+0000][10.769s][info ][safepoint   ] Safepoint "ICBufferFull", Time since last: 700327965 ns, Reaching safepoint: 179989 ns, Cleanup: 162422 ns, At safepoint: 147294 ns, Total: 489705 ns
[2025-11-29T08:30:32.982+0000][11.157s][debug][safepoint   ] Safepoint synchronization initiated using futex wait barrier. (20 threads)
[2025-11-29T08:30:32.982+0000][11.157s][info ][gc,start    ] GC(25) Pause Young (Normal) (G1 Evacuation Pause)
[2025-11-29T08:30:32.982+0000][11.157s][info ][gc,task     ] GC(25) Using 5 workers of 13 for evacuation
[2025-11-29T08:30:32.992+0000][11.166s][info ][gc,phases   ] GC(25)   Pre Evacuate Collection Set: 0.2ms
[2025-11-29T08:30:32.992+0000][11.166s][info ][gc,phases   ] GC(25)   Merge Heap Roots: 0.2ms
[2025-11-29T08:30:32.992+0000][11.166s][info ][gc,phases   ] GC(25)   Evacuate Collection Set: 7.1ms
[2025-11-29T08:30:32.992+0000][11.166s][info ][gc,phases   ] GC(25)   Post Evacuate Collection Set: 1.7ms
[2025-11-29T08:30:32.992+0000][11.166s][info ][gc,phases   ] GC(25)   Other: 0.1ms
[2025-11-29T08:30:32.992+0000][11.166s][info ][gc,heap     ] GC(25) Eden regions: 130->0(126)
[2025-11-29T08:30:32.992+0000][11.166s][info ][gc,heap     ] GC(25) Survivor regions: 5->8(17)
[2025-11-29T08:30:32.992+0000][11.166s][info ][gc,heap     ] GC(25) Old regions: 61->61
[2025-11-29T08:30:32.992+0000][11.166s][info ][gc,heap     ] GC(25) Archive regions: 2->2
[2025-11-29T08:30:32.992+0000][11.166s][info ][gc,heap     ] GC(25) Humongous regions: 0->0
[2025-11-29T08:30:32.992+0000][11.166s][info ][gc,metaspace] GC(25) Metaspace: 47362K(47872K)->47362K(47872K) NonClass: 41349K(41600K)->41349K(41600K) Class: 6013K(6272K)->6013K(6272K)
[2025-11-29T08:30:32.992+0000][11.167s][info ][gc          ] GC(25) Pause Young (Normal) (G1 Evacuation Pause) 195M->68M(230M) 9.463ms
[2025-11-29T08:30:32.992+0000][11.167s][info ][gc,cpu      ] GC(25) User=0.07s Sys=0.00s Real=0.01s
[2025-11-29T08:30:32.992+0000][11.167s][info ][safepoint   ] Safepoint "G1CollectForAllocation", Time since last: 387784337 ns, Reaching safepoint: 65041 ns, Cleanup: 108672 ns, At safepoint: 9591540 ns, Total: 9765253 ns
[2025-11-29T08:30:33.878+0000][12.052s][debug][safepoint   ] Safepoint synchronization initiated using futex wait barrier. (20 threads)
[2025-11-29T08:30:33.878+0000][12.053s][info ][safepoint   ] Safepoint "ICBufferFull", Time since last: 885700085 ns, Reaching safepoint: 165823 ns, Cleanup: 134890 ns, At safepoint: 27642 ns, Total: 328355 ns
[2025-11-29T08:30:33.926+0000][12.101s][debug][safepoint   ] Safepoint synchronization initiated using futex wait barrier. (20 threads)
[2025-11-29T08:30:33.927+0000][12.101s][info ][gc,start    ] GC(26) Pause Young (Normal) (G1 Evacuation Pause)
[2025-11-29T08:30:33.927+0000][12.101s][info ][gc,task     ] GC(26) Using 5 workers of 13 for evacuation
[2025-11-29T08:30:33.935+0000][12.110s][info ][gc,phases   ] GC(26)   Pre Evacuate Collection Set: 0.3ms
[2025-11-29T08:30:33.935+0000][12.110s][info ][gc,phases   ] GC(26)   Merge Heap Roots: 0.3ms
[2025-11-29T08:30:33.935+0000][12.110s][info ][gc,phases   ] GC(26)   Evacuate Collection Set: 5.8ms
[2025-11-29T08:30:33.935+0000][12.110s][info ][gc,phases   ] GC(26)   Post Evacuate Collection Set: 2.1ms
[2025-11-29T08:30:33.935+0000][12.110s][info ][gc,phases   ] GC(26)   Other: 0.1ms
[2025-11-29T08:30:33.935+0000][12.110s][info ][gc,heap     ] GC(26) Eden regions: 126->0(124)
[2025-11-29T08:30:33.935+0000][12.110s][info ][gc,heap     ] GC(26) Survivor regions: 8->10(17)
[2025-11-29T08:30:33.935+0000][12.110s][info ][gc,heap     ] GC(26) Old regions: 61->61
[2025-11-29T08:30:33.935+0000][12.110s][info ][gc,heap     ] GC(26) Archive regions: 2->2
[2025-11-29T08:30:33.935+0000][12.110s][info ][gc,heap     ] GC(26) Humongous regions: 0->0
[2025-11-29T08:30:33.935+0000][12.110s][info ][gc,metaspace] GC(26) Metaspace: 52215K(52608K)->52215K(52608K) NonClass: 45573K(45760K)->45573K(45760K) Class: 6642K(6848K)->6642K(6848K)
[2025-11-29T08:30:33.935+0000][12.110s][info ][gc          ] GC(26) Pause Young (Normal) (G1 Evacuation Pause) 194M->70M(230M) 8.751ms
[2025-11-29T08:30:33.935+0000][12.110s][info ][gc,cpu      ] GC(26) User=0.07s Sys=0.00s Real=0.01s
[2025-11-29T08:30:33.935+0000][12.110s][info ][safepoint   ] Safepoint "G1CollectForAllocation", Time since last: 48304047 ns, Reaching safepoint: 96279 ns, Cleanup: 101428 ns, At safepoint: 8934059 ns, Total: 9131766 ns
[2025-11-29T08:30:35.459+0000][13.634s][debug][safepoint   ] Safepoint synchronization initiated using futex wait barrier. (24 threads)
[2025-11-29T08:30:35.459+0000][13.634s][info ][safepoint   ] Safepoint "Cleanup", Time since last: 1523553807 ns, Reaching safepoint: 64860 ns, Cleanup: 215360 ns, At safepoint: 5049 ns, Total: 285269 ns
[2025-11-29T08:30:35.868+0000][14.043s][debug][safepoint   ] Safepoint synchronization initiated using futex wait barrier. (23 threads)
[2025-11-29T08:30:35.869+0000][14.043s][info ][safepoint   ] Safepoint "ICBufferFull", Time since last: 408859872 ns, Reaching safepoint: 65552 ns, Cleanup: 194902 ns, At safepoint: 76722 ns, Total: 337176 ns
[2025-11-29T08:30:36.168+0000][14.343s][debug][safepoint   ] Safepoint synchronization initiated using futex wait barrier. (23 threads)
[2025-11-29T08:30:36.168+0000][14.343s][info ][gc,start    ] GC(27) Pause Young (Normal) (G1 Evacuation Pause)
[2025-11-29T08:30:36.168+0000][14.343s][info ][gc,task     ] GC(27) Using 5 workers of 13 for evacuation
[2025-11-29T08:30:36.176+0000][14.351s][info ][gc,phases   ] GC(27)   Pre Evacuate Collection Set: 0.2ms
[2025-11-29T08:30:36.176+0000][14.351s][info ][gc,phases   ] GC(27)   Merge Heap Roots: 0.1ms
[2025-11-29T08:30:36.176+0000][14.351s][info ][gc,phases   ] GC(27)   Evacuate Collection Set: 6.0ms
[2025-11-29T08:30:36.176+0000][14.351s][info ][gc,phases   ] GC(27)   Post Evacuate Collection Set: 1.3ms
[2025-11-29T08:30:36.176+0000][14.351s][info ][gc,phases   ] GC(27)   Other: 0.1ms
[2025-11-29T08:30:36.176+0000][14.351s][info ][gc,heap     ] GC(27) Eden regions: 124->0(120)
[2025-11-29T08:30:36.176+0000][14.351s][info ][gc,heap     ] GC(27) Survivor regions: 10->12(17)
[2025-11-29T08:30:36.176+0000][14.351s][info ][gc,heap     ] GC(27) Old regions: 61->61
[2025-11-29T08:30:36.176+0000][14.351s][info ][gc,heap     ] GC(27) Archive regions: 2->2
[2025-11-29T08:30:36.176+0000][14.351s][info ][gc,heap     ] GC(27) Humongous regions: 0->0
[2025-11-29T08:30:36.176+0000][14.351s][info ][gc,metaspace] GC(27) Metaspace: 57556K(58048K)->57556K(58048K) NonClass: 50306K(50560K)->50306K(50560K) Class: 7250K(7488K)->7250K(7488K)
[2025-11-29T08:30:36.176+0000][14.351s][info ][gc          ] GC(27) Pause Young (Normal) (G1 Evacuation Pause) 194M->72M(230M) 7.932ms
[2025-11-29T08:30:36.176+0000][14.351s][info ][gc,cpu      ] GC(27) User=0.05s Sys=0.00s Real=0.01s
[2025-11-29T08:30:36.176+0000][14.351s][info ][safepoint   ] Safepoint "G1CollectForAllocation", Time since last: 299524121 ns, Reaching safepoint: 44743 ns, Cleanup: 110466 ns, At safepoint: 8071684 ns, Total: 8226893 ns
[2025-11-29T08:30:36.705+0000][14.881s][debug][safepoint   ] Safepoint synchronization initiated using futex wait barrier. (19 threads)
[2025-11-29T08:30:36.705+0000][14.881s][info ][gc,start    ] GC(28) Pause Young (Concurrent Start) (Metadata GC Threshold)
[2025-11-29T08:30:36.705+0000][14.881s][info ][gc,task     ] GC(28) Using 5 workers of 13 for evacuation
[2025-11-29T08:30:36.714+0000][14.889s][info ][gc,phases   ] GC(28)   Pre Evacuate Collection Set: 0.4ms
[2025-11-29T08:30:36.714+0000][14.889s][info ][gc,phases   ] GC(28)   Merge Heap Roots: 0.2ms
[2025-11-29T08:30:36.714+0000][14.889s][info ][gc,phases   ] GC(28)   Evacuate Collection Set: 6.3ms
[2025-11-29T08:30:36.714+0000][14.889s][info ][gc,phases   ] GC(28)   Post Evacuate Collection Set: 1.3ms
[2025-11-29T08:30:36.714+0000][14.889s][info ][gc,phases   ] GC(28)   Other: 0.2ms
[2025-11-29T08:30:36.714+0000][14.889s][info ][gc,heap     ] GC(28) Eden regions: 98->0(123)
[2025-11-29T08:30:36.714+0000][14.889s][info ][gc,heap     ] GC(28) Survivor regions: 12->9(17)
[2025-11-29T08:30:36.714+0000][14.889s][info ][gc,heap     ] GC(28) Old regions: 61->64
[2025-11-29T08:30:36.714+0000][14.889s][info ][gc,heap     ] GC(28) Archive regions: 2->2
[2025-11-29T08:30:36.714+0000][14.889s][info ][gc,heap     ] GC(28) Humongous regions: 0->0
[2025-11-29T08:30:36.714+0000][14.889s][info ][gc,metaspace] GC(28) Metaspace: 60006K(60416K)->60006K(60416K) NonClass: 52345K(52544K)->52345K(52544K) Class: 7660K(7872K)->7660K(7872K)
[2025-11-29T08:30:36.714+0000][14.889s][info ][gc          ] GC(28) Pause Young (Concurrent Start) (Metadata GC Threshold) 169M->72M(230M) 8.459ms
[2025-11-29T08:30:36.714+0000][14.889s][info ][gc,cpu      ] GC(28) User=0.04s Sys=0.00s Real=0.01s
[2025-11-29T08:30:36.714+0000][14.889s][info ][gc          ] GC(29) Concurrent Mark Cycle
[2025-11-29T08:30:36.714+0000][14.889s][info ][gc,marking  ] GC(29) Concurrent Clear Claimed Marks
[2025-11-29T08:30:36.714+0000][14.889s][info ][safepoint   ] Safepoint "CollectForMetadataAllocation", Time since last: 529905593 ns, Reaching safepoint: 62316 ns, Cleanup: 42178 ns, At safepoint: 8612871 ns, Total: 8717365 ns
[2025-11-29T08:30:36.714+0000][14.890s][info ][gc,marking  ] GC(29) Concurrent Clear Claimed Marks 0.074ms
[2025-11-29T08:30:36.714+0000][14.890s][info ][gc,marking  ] GC(29) Concurrent Scan Root Regions
[2025-11-29T08:30:36.718+0000][14.893s][info ][gc,marking  ] GC(29) Concurrent Scan Root Regions 3.759ms
[2025-11-29T08:30:36.718+0000][14.893s][info ][gc,marking  ] GC(29) Concurrent Mark
[2025-11-29T08:30:36.718+0000][14.893s][info ][gc,marking  ] GC(29) Concurrent Mark From Roots
[2025-11-29T08:30:36.718+0000][14.893s][info ][gc,task     ] GC(29) Using 3 workers of 3 for marking
[2025-11-29T08:30:36.748+0000][14.924s][debug][safepoint   ] Safepoint synchronization initiated using futex wait barrier. (19 threads)
[2025-11-29T08:30:36.748+0000][14.924s][info ][gc,marking  ] GC(29) Concurrent Mark From Roots 30.690ms
[2025-11-29T08:30:36.748+0000][14.924s][info ][gc,marking  ] GC(29) Concurrent Preclean
[2025-11-29T08:30:36.748+0000][14.924s][info ][safepoint   ] Safepoint "CollectForMetadataAllocation", Time since last: 34580747 ns, Reaching safepoint: 88264 ns, Cleanup: 11502 ns, At safepoint: 65000 ns, Total: 164766 ns
[2025-11-29T08:30:36.749+0000][14.925s][info ][gc,marking  ] GC(29) Concurrent Preclean 0.411ms
[2025-11-29T08:30:36.749+0000][14.925s][debug][safepoint   ] Safepoint synchronization initiated using futex wait barrier. (19 threads)
[2025-11-29T08:30:36.749+0000][14.925s][info ][gc,start    ] GC(29) Pause Remark
[2025-11-29T08:30:36.754+0000][14.930s][info ][gc          ] GC(29) Pause Remark 76M->76M(230M) 5.211ms
[2025-11-29T08:30:36.754+0000][14.930s][info ][gc,cpu      ] GC(29) User=0.02s Sys=0.00s Real=0.00s
[2025-11-29T08:30:36.754+0000][14.930s][info ][safepoint   ] Safepoint "G1PauseRemark", Time since last: 449074 ns, Reaching safepoint: 111908 ns, Cleanup: 2154 ns, At safepoint: 5390494 ns, Total: 5504556 ns
[2025-11-29T08:30:36.755+0000][14.930s][info ][gc,marking  ] GC(29) Concurrent Mark 36.891ms
[2025-11-29T08:30:36.755+0000][14.930s][info ][gc,marking  ] GC(29) Concurrent Rebuild Remembered Sets
[2025-11-29T08:30:36.770+0000][14.945s][info ][gc,marking  ] GC(29) Concurrent Rebuild Remembered Sets 14.992ms
[2025-11-29T08:30:36.770+0000][14.945s][debug][safepoint   ] Safepoint synchronization initiated using futex wait barrier. (19 threads)
[2025-11-29T08:30:36.770+0000][14.945s][info ][gc,start    ] GC(29) Pause Cleanup
[2025-11-29T08:30:36.770+0000][14.946s][info ][gc          ] GC(29) Pause Cleanup 77M->77M(230M) 0.195ms
[2025-11-29T08:30:36.770+0000][14.946s][info ][gc,cpu      ] GC(29) User=0.00s Sys=0.00s Real=0.00s
[2025-11-29T08:30:36.770+0000][14.946s][info ][safepoint   ] Safepoint "G1PauseCleanup", Time since last: 15193760 ns, Reaching safepoint: 15839 ns, Cleanup: 16010 ns, At safepoint: 272266 ns, Total: 304115 ns
[2025-11-29T08:30:36.770+0000][14.946s][info ][gc,marking  ] GC(29) Concurrent Cleanup for Next Mark
[2025-11-29T08:30:36.772+0000][14.948s][info ][gc,marking  ] GC(29) Concurrent Cleanup for Next Mark 1.820ms
[2025-11-29T08:30:36.772+0000][14.948s][info ][gc          ] GC(29) Concurrent Mark Cycle 58.169ms
[2025-11-29T08:30:37.696+0000][15.871s][debug][safepoint   ] Safepoint synchronization initiated using futex wait barrier. (21 threads)
[2025-11-29T08:30:37.697+0000][15.873s][info ][gc,start    ] GC(30) Pause Young (Prepare Mixed) (G1 Evacuation Pause)
[2025-11-29T08:30:37.697+0000][15.873s][info ][gc,task     ] GC(30) Using 5 workers of 13 for evacuation
[2025-11-29T08:30:37.705+0000][15.881s][info ][gc,phases   ] GC(30)   Pre Evacuate Collection Set: 0.2ms
[2025-11-29T08:30:37.705+0000][15.881s][info ][gc,phases   ] GC(30)   Merge Heap Roots: 0.2ms
[2025-11-29T08:30:37.705+0000][15.881s][info ][gc,phases   ] GC(30)   Evacuate Collection Set: 5.7ms
[2025-11-29T08:30:37.705+0000][15.881s][info ][gc,phases   ] GC(30)   Post Evacuate Collection Set: 1.4ms
[2025-11-29T08:30:37.705+0000][15.881s][info ][gc,phases   ] GC(30)   Other: 0.2ms
[2025-11-29T08:30:37.705+0000][15.881s][info ][gc,heap     ] GC(30) Eden regions: 123->0(1)
[2025-11-29T08:30:37.705+0000][15.881s][info ][gc,heap     ] GC(30) Survivor regions: 9->11(17)
[2025-11-29T08:30:37.705+0000][15.881s][info ][gc,heap     ] GC(30) Old regions: 64->64
[2025-11-29T08:30:37.705+0000][15.881s][info ][gc,heap     ] GC(30) Archive regions: 2->2
[2025-11-29T08:30:37.705+0000][15.881s][info ][gc,heap     ] GC(30) Humongous regions: 0->0
[2025-11-29T08:30:37.705+0000][15.881s][info ][gc,metaspace] GC(30) Metaspace: 64092K(64512K)->64092K(64512K) NonClass: 55898K(56128K)->55898K(56128K) Class: 8193K(8384K)->8193K(8384K)
[2025-11-29T08:30:37.705+0000][15.881s][info ][gc          ] GC(30) Pause Young (Prepare Mixed) (G1 Evacuation Pause) 195M->74M(230M) 7.802ms
[2025-11-29T08:30:37.705+0000][15.881s][info ][gc,cpu      ] GC(30) User=0.03s Sys=0.00s Real=0.00s
[2025-11-29T08:30:37.705+0000][15.881s][info ][safepoint   ] Safepoint "G1CollectForAllocation", Time since last: 925659234 ns, Reaching safepoint: 52588 ns, Cleanup: 1440380 ns, At safepoint: 7907247 ns, Total: 9400215 ns
[2025-11-29T08:30:37.711+0000][15.886s][debug][safepoint   ] Safepoint synchronization initiated using futex wait barrier. (21 threads)
[2025-11-29T08:30:37.711+0000][15.887s][info ][gc,start    ] GC(31) Pause Young (Mixed) (G1 Evacuation Pause)
[2025-11-29T08:30:37.711+0000][15.887s][info ][gc,task     ] GC(31) Using 5 workers of 13 for evacuation
[2025-11-29T08:30:37.719+0000][15.895s][info ][gc,phases   ] GC(31)   Pre Evacuate Collection Set: 0.3ms
[2025-11-29T08:30:37.719+0000][15.895s][info ][gc,phases   ] GC(31)   Merge Heap Roots: 0.2ms
[2025-11-29T08:30:37.719+0000][15.895s][info ][gc,phases   ] GC(31)   Evacuate Collection Set: 6.9ms
[2025-11-29T08:30:37.719+0000][15.895s][info ][gc,phases   ] GC(31)   Post Evacuate Collection Set: 1.0ms
[2025-11-29T08:30:37.719+0000][15.895s][info ][gc,phases   ] GC(31)   Other: 0.2ms
[2025-11-29T08:30:37.719+0000][15.895s][info ][gc,heap     ] GC(31) Eden regions: 1->0(124)
[2025-11-29T08:30:37.719+0000][15.895s][info ][gc,heap     ] GC(31) Survivor regions: 11->2(2)
[2025-11-29T08:30:37.719+0000][15.895s][info ][gc,heap     ] GC(31) Old regions: 64->71
[2025-11-29T08:30:37.719+0000][15.895s][info ][gc,heap     ] GC(31) Archive regions: 2->2
[2025-11-29T08:30:37.719+0000][15.895s][info ][gc,heap     ] GC(31) Humongous regions: 0->0
[2025-11-29T08:30:37.719+0000][15.895s][info ][gc,metaspace] GC(31) Metaspace: 64105K(64512K)->64105K(64512K) NonClass: 55908K(56128K)->55908K(56128K) Class: 8197K(8384K)->8197K(8384K)
[2025-11-29T08:30:37.719+0000][15.895s][info ][gc          ] GC(31) Pause Young (Mixed) (G1 Evacuation Pause) 75M->73M(230M) 8.573ms
[2025-11-29T08:30:37.719+0000][15.895s][info ][gc,cpu      ] GC(31) User=0.03s Sys=0.01s Real=0.01s
[2025-11-29T08:30:37.720+0000][15.895s][info ][safepoint   ] Safepoint "G1CollectForAllocation", Time since last: 5696142 ns, Reaching safepoint: 103492 ns, Cleanup: 6382 ns, At safepoint: 8730811 ns, Total: 8840685 ns
[2025-11-29T08:30:38.435+0000][16.611s][debug][safepoint   ] Safepoint synchronization initiated using futex wait barrier. (21 threads)
[2025-11-29T08:30:38.435+0000][16.611s][info ][gc,start    ] GC(32) Pause Young (Concurrent Start) (G1 Evacuation Pause)
[2025-11-29T08:30:38.435+0000][16.611s][info ][gc,task     ] GC(32) Using 5 workers of 13 for evacuation
[2025-11-29T08:30:38.438+0000][16.614s][info ][gc,phases   ] GC(32)   Pre Evacuate Collection Set: 0.2ms
[2025-11-29T08:30:38.438+0000][16.614s][info ][gc,phases   ] GC(32)   Merge Heap Roots: 0.2ms
[2025-11-29T08:30:38.438+0000][16.614s][info ][gc,phases   ] GC(32)   Evacuate Collection Set: 1.7ms
[2025-11-29T08:30:38.438+0000][16.614s][info ][gc,phases   ] GC(32)   Post Evacuate Collection Set: 1.1ms
[2025-11-29T08:30:38.438+0000][16.614s][info ][gc,phases   ] GC(32)   Other: 0.1ms
[2025-11-29T08:30:38.438+0000][16.614s][info ][gc,heap     ] GC(32) Eden regions: 124->0(127)
[2025-11-29T08:30:38.438+0000][16.614s][info ][gc,heap     ] GC(32) Survivor regions: 2->1(16)
[2025-11-29T08:30:38.438+0000][16.614s][info ][gc,heap     ] GC(32) Old regions: 71->71
[2025-11-29T08:30:38.438+0000][16.614s][info ][gc,heap     ] GC(32) Archive regions: 2->2
[2025-11-29T08:30:38.438+0000][16.614s][info ][gc,heap     ] GC(32) Humongous regions: 0->0
[2025-11-29T08:30:38.438+0000][16.614s][info ][gc,metaspace] GC(32) Metaspace: 66178K(66624K)->66178K(66624K) NonClass: 57596K(57856K)->57596K(57856K) Class: 8581K(8768K)->8581K(8768K)
[2025-11-29T08:30:38.438+0000][16.614s][info ][gc          ] GC(32) Pause Young (Concurrent Start) (G1 Evacuation Pause) 197M->72M(230M) 3.376ms
[2025-11-29T08:30:38.438+0000][16.614s][info ][gc,cpu      ] GC(32) User=0.01s Sys=0.00s Real=0.00s
[2025-11-29T08:30:38.439+0000][16.614s][info ][gc          ] GC(33) Concurrent Mark Cycle
[2025-11-29T08:30:38.439+0000][16.614s][info ][gc,marking  ] GC(33) Concurrent Clear Claimed Marks
[2025-11-29T08:30:38.439+0000][16.614s][info ][safepoint   ] Safepoint "G1CollectForAllocation", Time since last: 715362559 ns, Reaching safepoint: 50153 ns, Cleanup: 86581 ns, At safepoint: 3504241 ns, Total: 3640975 ns
[2025-11-29T08:30:38.439+0000][16.614s][info ][gc,marking  ] GC(33) Concurrent Clear Claimed Marks 0.059ms
[2025-11-29T08:30:38.439+0000][16.614s][info ][gc,marking  ] GC(33) Concurrent Scan Root Regions
[2025-11-29T08:30:38.440+0000][16.616s][info ][gc,marking  ] GC(33) Concurrent Scan Root Regions 1.345ms
[2025-11-29T08:30:38.440+0000][16.616s][info ][gc,marking  ] GC(33) Concurrent Mark
[2025-11-29T08:30:38.440+0000][16.616s][info ][gc,marking  ] GC(33) Concurrent Mark From Roots
[2025-11-29T08:30:38.440+0000][16.616s][info ][gc,task     ] GC(33) Using 3 workers of 3 for marking
[2025-11-29T08:30:38.474+0000][16.650s][info ][gc,marking  ] GC(33) Concurrent Mark From Roots 34.465ms
[2025-11-29T08:30:38.475+0000][16.650s][info ][gc,marking  ] GC(33) Concurrent Preclean
[2025-11-29T08:30:38.475+0000][16.651s][info ][gc,marking  ] GC(33) Concurrent Preclean 0.298ms
[2025-11-29T08:30:38.475+0000][16.651s][debug][safepoint   ] Safepoint synchronization initiated using futex wait barrier. (21 threads)
[2025-11-29T08:30:38.475+0000][16.651s][info ][gc,start    ] GC(33) Pause Remark
[2025-11-29T08:30:38.479+0000][16.654s][info ][gc          ] GC(33) Pause Remark 76M->76M(230M) 3.747ms
[2025-11-29T08:30:38.479+0000][16.654s][info ][gc,cpu      ] GC(33) User=0.01s Sys=0.01s Real=0.01s
[2025-11-29T08:30:38.479+0000][16.655s][info ][safepoint   ] Safepoint "G1PauseRemark", Time since last: 36340937 ns, Reaching safepoint: 24735 ns, Cleanup: 16772 ns, At safepoint: 3873014 ns, Total: 3914521 ns
[2025-11-29T08:30:38.479+0000][16.655s][info ][gc,marking  ] GC(33) Concurrent Mark 38.879ms
[2025-11-29T08:30:38.479+0000][16.655s][info ][gc,marking  ] GC(33) Concurrent Rebuild Remembered Sets
[2025-11-29T08:30:38.495+0000][16.671s][info ][gc,marking  ] GC(33) Concurrent Rebuild Remembered Sets 16.497ms
[2025-11-29T08:30:38.496+0000][16.671s][debug][safepoint   ] Safepoint synchronization initiated using futex wait barrier. (21 threads)
[2025-11-29T08:30:38.496+0000][16.671s][info ][gc,start    ] GC(33) Pause Cleanup
[2025-11-29T08:30:38.496+0000][16.671s][info ][gc          ] GC(33) Pause Cleanup 76M->76M(230M) 0.175ms
[2025-11-29T08:30:38.496+0000][16.671s][info ][gc,cpu      ] GC(33) User=0.00s Sys=0.00s Real=0.00s
[2025-11-29T08:30:38.496+0000][16.671s][info ][safepoint   ] Safepoint "G1PauseCleanup", Time since last: 16705709 ns, Reaching safepoint: 19355 ns, Cleanup: 3567 ns, At safepoint: 211593 ns, Total: 234515 ns
[2025-11-29T08:30:38.496+0000][16.672s][info ][gc,marking  ] GC(33) Concurrent Cleanup for Next Mark
[2025-11-29T08:30:38.496+0000][16.672s][info ][gc,marking  ] GC(33) Concurrent Cleanup for Next Mark 0.312ms
[2025-11-29T08:30:38.496+0000][16.672s][info ][gc          ] GC(33) Concurrent Mark Cycle 57.623ms
[2025-11-29T08:30:39.086+0000][17.262s][debug][safepoint   ] Safepoint synchronization initiated using futex wait barrier. (24 threads)
[2025-11-29T08:30:39.087+0000][17.262s][info ][safepoint   ] Safepoint "ICBufferFull", Time since last: 590553086 ns, Reaching safepoint: 60463 ns, Cleanup: 160167 ns, At safepoint: 27181 ns, Total: 247811 ns
[2025-11-29T08:30:39.562+0000][17.738s][debug][safepoint   ] Safepoint synchronization initiated using futex wait barrier. (29 threads)
[2025-11-29T08:30:39.563+0000][17.739s][info ][gc,start    ] GC(34) Pause Young (Prepare Mixed) (G1 Evacuation Pause)
[2025-11-29T08:30:39.563+0000][17.739s][info ][gc,task     ] GC(34) Using 5 workers of 13 for evacuation
[2025-11-29T08:30:39.568+0000][17.744s][info ][gc,phases   ] GC(34)   Pre Evacuate Collection Set: 0.2ms
[2025-11-29T08:30:39.568+0000][17.744s][info ][gc,phases   ] GC(34)   Merge Heap Roots: 0.1ms
[2025-11-29T08:30:39.568+0000][17.744s][info ][gc,phases   ] GC(34)   Evacuate Collection Set: 3.8ms
[2025-11-29T08:30:39.568+0000][17.744s][info ][gc,phases   ] GC(34)   Post Evacuate Collection Set: 1.3ms
[2025-11-29T08:30:39.568+0000][17.744s][info ][gc,phases   ] GC(34)   Other: 0.1ms
[2025-11-29T08:30:39.568+0000][17.744s][info ][gc,heap     ] GC(34) Eden regions: 127->0(7)
[2025-11-29T08:30:39.568+0000][17.744s][info ][gc,heap     ] GC(34) Survivor regions: 1->4(16)
[2025-11-29T08:30:39.568+0000][17.744s][info ][gc,heap     ] GC(34) Old regions: 71->71
[2025-11-29T08:30:39.568+0000][17.744s][info ][gc,heap     ] GC(34) Archive regions: 2->2
[2025-11-29T08:30:39.568+0000][17.744s][info ][gc,heap     ] GC(34) Humongous regions: 0->0
[2025-11-29T08:30:39.568+0000][17.744s][info ][gc,metaspace] GC(34) Metaspace: 69923K(70400K)->69923K(70400K) NonClass: 60911K(61184K)->60911K(61184K) Class: 9011K(9216K)->9011K(9216K)
[2025-11-29T08:30:39.568+0000][17.744s][info ][gc          ] GC(34) Pause Young (Prepare Mixed) (G1 Evacuation Pause) 199M->75M(230M) 5.640ms
[2025-11-29T08:30:39.569+0000][17.744s][info ][gc,cpu      ] GC(34) User=0.07s Sys=0.01s Real=0.01s
[2025-11-29T08:30:39.569+0000][17.744s][info ][safepoint   ] Safepoint "G1CollectForAllocation", Time since last: 475925793 ns, Reaching safepoint: 180646 ns, Cleanup: 152924 ns, At safepoint: 5757949 ns, Total: 6091519 ns
[2025-11-29T08:30:39.621+0000][17.797s][debug][safepoint   ] Safepoint synchronization initiated using futex wait barrier. (29 threads)
[2025-11-29T08:30:39.621+0000][17.797s][info ][gc,start    ] GC(35) Pause Young (Mixed) (G1 Evacuation Pause)
[2025-11-29T08:30:39.621+0000][17.797s][info ][gc,task     ] GC(35) Using 5 workers of 13 for evacuation
[2025-11-29T08:30:39.628+0000][17.803s][info ][gc,phases   ] GC(35)   Pre Evacuate Collection Set: 0.2ms
[2025-11-29T08:30:39.628+0000][17.803s][info ][gc,phases   ] GC(35)   Merge Heap Roots: 0.1ms
[2025-11-29T08:30:39.628+0000][17.803s][info ][gc,phases   ] GC(35)   Evacuate Collection Set: 4.3ms
[2025-11-29T08:30:39.628+0000][17.803s][info ][gc,phases   ] GC(35)   Post Evacuate Collection Set: 1.4ms
[2025-11-29T08:30:39.628+0000][17.803s][info ][gc,phases   ] GC(35)   Other: 0.1ms
[2025-11-29T08:30:39.628+0000][17.803s][info ][gc,heap     ] GC(35) Eden regions: 7->0(122)
[2025-11-29T08:30:39.628+0000][17.803s][info ][gc,heap     ] GC(35) Survivor regions: 4->1(2)
[2025-11-29T08:30:39.628+0000][17.803s][info ][gc,heap     ] GC(35) Old regions: 71->74
[2025-11-29T08:30:39.628+0000][17.803s][info ][gc,heap     ] GC(35) Archive regions: 2->2
[2025-11-29T08:30:39.628+0000][17.803s][info ][gc,heap     ] GC(35) Humongous regions: 0->0
[2025-11-29T08:30:39.628+0000][17.803s][info ][gc,metaspace] GC(35) Metaspace: 69935K(70400K)->69935K(70400K) NonClass: 60923K(61184K)->60923K(61184K) Class: 9011K(9216K)->9011K(9216K)
[2025-11-29T08:30:39.628+0000][17.803s][info ][gc          ] GC(35) Pause Young (Mixed) (G1 Evacuation Pause) 82M->75M(230M) 6.238ms
[2025-11-29T08:30:39.628+0000][17.803s][info ][gc,cpu      ] GC(35) User=0.08s Sys=0.01s Real=0.01s
[2025-11-29T08:30:39.628+0000][17.803s][info ][safepoint   ] Safepoint "G1CollectForAllocation", Time since last: 52708907 ns, Reaching safepoint: 60933 ns, Cleanup: 41377 ns, At safepoint: 6332556 ns, Total: 6434866 ns
[2025-11-29T08:30:40.108+0000][18.284s][debug][safepoint   ] Safepoint synchronization initiated using futex wait barrier. (28 threads)
[2025-11-29T08:30:40.108+0000][18.284s][info ][safepoint   ] Safepoint "ICBufferFull", Time since last: 480326548 ns, Reaching safepoint: 55137 ns, Cleanup: 135923 ns, At safepoint: 70287 ns, Total: 261347 ns
[2025-11-29T08:30:40.433+0000][18.609s][debug][safepoint   ] Safepoint synchronization initiated using futex wait barrier. (22 threads)
[2025-11-29T08:30:40.433+0000][18.609s][info ][gc,start    ] GC(36) Pause Young (Normal) (G1 Evacuation Pause)
[2025-11-29T08:30:40.433+0000][18.609s][info ][gc,task     ] GC(36) Using 5 workers of 13 for evacuation
[2025-11-29T08:30:40.437+0000][18.613s][info ][gc,phases   ] GC(36)   Pre Evacuate Collection Set: 0.2ms
[2025-11-29T08:30:40.437+0000][18.613s][info ][gc,phases   ] GC(36)   Merge Heap Roots: 0.1ms
[2025-11-29T08:30:40.437+0000][18.613s][info ][gc,phases   ] GC(36)   Evacuate Collection Set: 2.4ms
[2025-11-29T08:30:40.437+0000][18.613s][info ][gc,phases   ] GC(36)   Post Evacuate Collection Set: 1.1ms
[2025-11-29T08:30:40.437+0000][18.613s][info ][gc,phases   ] GC(36)   Other: 0.1ms
[2025-11-29T08:30:40.437+0000][18.613s][info ][gc,heap     ] GC(36) Eden regions: 122->0(120)
[2025-11-29T08:30:40.437+0000][18.613s][info ][gc,heap     ] GC(36) Survivor regions: 1->3(16)
[2025-11-29T08:30:40.437+0000][18.613s][info ][gc,heap     ] GC(36) Old regions: 74->74
[2025-11-29T08:30:40.437+0000][18.613s][info ][gc,heap     ] GC(36) Archive regions: 2->2
[2025-11-29T08:30:40.437+0000][18.613s][info ][gc,heap     ] GC(36) Humongous regions: 0->0
[2025-11-29T08:30:40.437+0000][18.613s][info ][gc,metaspace] GC(36) Metaspace: 72767K(73344K)->72767K(73344K) NonClass: 63380K(63680K)->63380K(63680K) Class: 9386K(9664K)->9386K(9664K)
[2025-11-29T08:30:40.437+0000][18.613s][info ][gc          ] GC(36) Pause Young (Normal) (G1 Evacuation Pause) 197M->77M(230M) 3.889ms
[2025-11-29T08:30:40.437+0000][18.613s][info ][gc,cpu      ] GC(36) User=0.01s Sys=0.00s Real=0.01s
[2025-11-29T08:30:40.437+0000][18.613s][info ][safepoint   ] Safepoint "G1CollectForAllocation", Time since last: 324750153 ns, Reaching safepoint: 100404 ns, Cleanup: 82009 ns, At safepoint: 3984498 ns, Total: 4166911 ns
[2025-11-29T08:30:40.589+0000][18.764s][debug][safepoint   ] Safepoint synchronization initiated using futex wait barrier. (26 threads)
[2025-11-29T08:30:40.589+0000][18.765s][info ][safepoint   ] Safepoint "ICBufferFull", Time since last: 151316130 ns, Reaching safepoint: 55808 ns, Cleanup: 142747 ns, At safepoint: 73081 ns, Total: 271636 ns
[2025-11-29T08:30:41.275+0000][19.451s][debug][safepoint   ] Safepoint synchronization initiated using futex wait barrier. (22 threads)
[2025-11-29T08:30:41.275+0000][19.451s][info ][gc,start    ] GC(37) Pause Young (Normal) (G1 Evacuation Pause)
[2025-11-29T08:30:41.275+0000][19.451s][info ][gc,task     ] GC(37) Using 5 workers of 13 for evacuation
[2025-11-29T08:30:41.280+0000][19.455s][info ][gc,phases   ] GC(37)   Pre Evacuate Collection Set: 0.2ms
[2025-11-29T08:30:41.280+0000][19.455s][info ][gc,phases   ] GC(37)   Merge Heap Roots: 0.2ms
[2025-11-29T08:30:41.280+0000][19.455s][info ][gc,phases   ] GC(37)   Evacuate Collection Set: 3.0ms
[2025-11-29T08:30:41.280+0000][19.455s][info ][gc,phases   ] GC(37)   Post Evacuate Collection Set: 1.2ms
[2025-11-29T08:30:41.280+0000][19.455s][info ][gc,phases   ] GC(37)   Other: 0.1ms
[2025-11-29T08:30:41.280+0000][19.455s][info ][gc,heap     ] GC(37) Eden regions: 120->0(120)
[2025-11-29T08:30:41.280+0000][19.455s][info ][gc,heap     ] GC(37) Survivor regions: 3->4(16)
[2025-11-29T08:30:41.280+0000][19.455s][info ][gc,heap     ] GC(37) Old regions: 74->74
[2025-11-29T08:30:41.280+0000][19.455s][info ][gc,heap     ] GC(37) Archive regions: 2->2
[2025-11-29T08:30:41.280+0000][19.455s][info ][gc,heap     ] GC(37) Humongous regions: 0->0
[2025-11-29T08:30:41.280+0000][19.455s][info ][gc,metaspace] GC(37) Metaspace: 77606K(78208K)->77606K(78208K) NonClass: 67534K(67840K)->67534K(67840K) Class: 10072K(10368K)->10072K(10368K)
[2025-11-29T08:30:41.280+0000][19.455s][info ][gc          ] GC(37) Pause Young (Normal) (G1 Evacuation Pause) 197M->78M(230M) 4.660ms
[2025-11-29T08:30:41.280+0000][19.455s][info ][gc,cpu      ] GC(37) User=0.02s Sys=0.00s Real=0.00s
[2025-11-29T08:30:41.280+0000][19.456s][info ][safepoint   ] Safepoint "G1CollectForAllocation", Time since last: 686071235 ns, Reaching safepoint: 50427 ns, Cleanup: 107509 ns, At safepoint: 4744854 ns, Total: 4902790 ns
[2025-11-29T08:30:41.738+0000][19.914s][debug][safepoint   ] Safepoint synchronization initiated using futex wait barrier. (23 threads)
[2025-11-29T08:30:41.738+0000][19.914s][info ][gc,start    ] GC(38) Pause Young (Normal) (G1 Evacuation Pause)
[2025-11-29T08:30:41.738+0000][19.914s][info ][gc,task     ] GC(38) Using 5 workers of 13 for evacuation
[2025-11-29T08:30:41.743+0000][19.918s][info ][gc,phases   ] GC(38)   Pre Evacuate Collection Set: 0.2ms
[2025-11-29T08:30:41.743+0000][19.918s][info ][gc,phases   ] GC(38)   Merge Heap Roots: 0.2ms
[2025-11-29T08:30:41.743+0000][19.918s][info ][gc,phases   ] GC(38)   Evacuate Collection Set: 2.9ms
[2025-11-29T08:30:41.743+0000][19.918s][info ][gc,phases   ] GC(38)   Post Evacuate Collection Set: 0.9ms
[2025-11-29T08:30:41.743+0000][19.918s][info ][gc,phases   ] GC(38)   Other: 0.1ms
[2025-11-29T08:30:41.743+0000][19.918s][info ][gc,heap     ] GC(38) Eden regions: 120->0(120)
[2025-11-29T08:30:41.743+0000][19.918s][info ][gc,heap     ] GC(38) Survivor regions: 4->5(16)
[2025-11-29T08:30:41.743+0000][19.918s][info ][gc,heap     ] GC(38) Old regions: 74->74
[2025-11-29T08:30:41.743+0000][19.918s][info ][gc,heap     ] GC(38) Archive regions: 2->2
[2025-11-29T08:30:41.743+0000][19.918s][info ][gc,heap     ] GC(38) Humongous regions: 0->0
[2025-11-29T08:30:41.743+0000][19.918s][info ][gc,metaspace] GC(38) Metaspace: 79438K(80000K)->79438K(80000K) NonClass: 68988K(69248K)->68988K(69248K) Class: 10449K(10752K)->10449K(10752K)
[2025-11-29T08:30:41.743+0000][19.918s][info ][gc          ] GC(38) Pause Young (Normal) (G1 Evacuation Pause) 198M->78M(230M) 4.431ms
[2025-11-29T08:30:41.743+0000][19.918s][info ][gc,cpu      ] GC(38) User=0.01s Sys=0.00s Real=0.00s
[2025-11-29T08:30:41.743+0000][19.918s][info ][safepoint   ] Safepoint "G1CollectForAllocation", Time since last: 458312912 ns, Reaching safepoint: 46329 ns, Cleanup: 97870 ns, At safepoint: 4514744 ns, Total: 4658943 ns
[2025-11-29T08:30:41.938+0000][20.114s][debug][safepoint   ] Safepoint synchronization initiated using futex wait barrier. (23 threads)
[2025-11-29T08:30:41.938+0000][20.114s][info ][safepoint   ] Safepoint "ICBufferFull", Time since last: 195031737 ns, Reaching safepoint: 48143 ns, Cleanup: 145292 ns, At safepoint: 44686 ns, Total: 238121 ns
[2025-11-29T08:30:41.992+0000][20.168s][debug][safepoint   ] Safepoint synchronization initiated using futex wait barrier. (23 threads)
[2025-11-29T08:30:41.992+0000][20.168s][info ][safepoint   ] Safepoint "ICBufferFull", Time since last: 53752646 ns, Reaching safepoint: 156473 ns, Cleanup: 131555 ns, At safepoint: 43594 ns, Total: 331622 ns
[2025-11-29T08:30:42.049+0000][20.225s][debug][safepoint   ] Safepoint synchronization initiated using futex wait barrier. (24 threads)
[2025-11-29T08:30:42.049+0000][20.225s][info ][safepoint   ] Safepoint "ICBufferFull", Time since last: 56810930 ns, Reaching safepoint: 94964 ns, Cleanup: 187113 ns, At safepoint: 51559 ns, Total: 333636 ns
[2025-11-29T08:30:42.199+0000][20.375s][debug][safepoint   ] Safepoint synchronization initiated using futex wait barrier. (25 threads)
[2025-11-29T08:30:42.199+0000][20.375s][info ][safepoint   ] Safepoint "ICBufferFull", Time since last: 149786038 ns, Reaching safepoint: 110203 ns, Cleanup: 153988 ns, At safepoint: 30750 ns, Total: 294941 ns
[2025-11-29T08:30:42.376+0000][20.551s][debug][safepoint   ] Safepoint synchronization initiated using futex wait barrier. (25 threads)
[2025-11-29T08:30:42.376+0000][20.551s][info ][safepoint   ] Safepoint "ICBufferFull", Time since last: 176222362 ns, Reaching safepoint: 49677 ns, Cleanup: 131384 ns, At safepoint: 25239 ns, Total: 206300 ns
[2025-11-29T08:30:42.581+0000][20.757s][debug][safepoint   ] Safepoint synchronization initiated using futex wait barrier. (25 threads)
[2025-11-29T08:30:42.581+0000][20.757s][info ][gc,start    ] GC(39) Pause Young (Normal) (G1 Evacuation Pause)
[2025-11-29T08:30:42.581+0000][20.757s][info ][gc,task     ] GC(39) Using 5 workers of 13 for evacuation
[2025-11-29T08:30:42.586+0000][20.761s][info ][gc,phases   ] GC(39)   Pre Evacuate Collection Set: 0.1ms
[2025-11-29T08:30:42.586+0000][20.762s][info ][gc,phases   ] GC(39)   Merge Heap Roots: 0.1ms
[2025-11-29T08:30:42.586+0000][20.762s][info ][gc,phases   ] GC(39)   Evacuate Collection Set: 3.1ms
[2025-11-29T08:30:42.586+0000][20.762s][info ][gc,phases   ] GC(39)   Post Evacuate Collection Set: 1.1ms
[2025-11-29T08:30:42.586+0000][20.762s][info ][gc,phases   ] GC(39)   Other: 0.1ms
[2025-11-29T08:30:42.586+0000][20.762s][info ][gc,heap     ] GC(39) Eden regions: 120->0(119)
[2025-11-29T08:30:42.586+0000][20.762s][info ][gc,heap     ] GC(39) Survivor regions: 5->6(16)
[2025-11-29T08:30:42.586+0000][20.762s][info ][gc,heap     ] GC(39) Old regions: 74->74
[2025-11-29T08:30:42.586+0000][20.762s][info ][gc,heap     ] GC(39) Archive regions: 2->2
[2025-11-29T08:30:42.586+0000][20.762s][info ][gc,heap     ] GC(39) Humongous regions: 0->0
[2025-11-29T08:30:42.586+0000][20.762s][info ][gc,metaspace] GC(39) Metaspace: 81215K(81792K)->81215K(81792K) NonClass: 70581K(70848K)->70581K(70848K) Class: 10633K(10944K)->10633K(10944K)
[2025-11-29T08:30:42.586+0000][20.762s][info ][gc          ] GC(39) Pause Young (Normal) (G1 Evacuation Pause) 198M->80M(230M) 4.804ms
[2025-11-29T08:30:42.586+0000][20.762s][info ][gc,cpu      ] GC(39) User=0.02s Sys=0.00s Real=0.00s
[2025-11-29T08:30:42.586+0000][20.762s][info ][safepoint   ] Safepoint "G1CollectForAllocation", Time since last: 205131238 ns, Reaching safepoint: 44727 ns, Cleanup: 159298 ns, At safepoint: 4871607 ns, Total: 5075632 ns
[2025-11-29T08:30:43.115+0000][21.290s][debug][safepoint   ] Safepoint synchronization initiated using futex wait barrier. (21 threads)
[2025-11-29T08:30:43.115+0000][21.291s][info ][safepoint   ] Safepoint "ICBufferFull", Time since last: 528659944 ns, Reaching safepoint: 60537 ns, Cleanup: 170410 ns, At safepoint: 5010 ns, Total: 235957 ns
[2025-11-29T08:30:43.343+0000][21.519s][debug][safepoint   ] Safepoint synchronization initiated using futex wait barrier. (21 threads)
[2025-11-29T08:30:43.344+0000][21.519s][info ][gc,start    ] GC(40) Pause Young (Normal) (G1 Evacuation Pause)
[2025-11-29T08:30:43.344+0000][21.519s][info ][gc,task     ] GC(40) Using 5 workers of 13 for evacuation
[2025-11-29T08:30:43.352+0000][21.527s][info ][gc,phases   ] GC(40)   Pre Evacuate Collection Set: 0.1ms
[2025-11-29T08:30:43.352+0000][21.527s][info ][gc,phases   ] GC(40)   Merge Heap Roots: 0.3ms
[2025-11-29T08:30:43.352+0000][21.527s][info ][gc,phases   ] GC(40)   Evacuate Collection Set: 5.3ms
[2025-11-29T08:30:43.352+0000][21.527s][info ][gc,phases   ] GC(40)   Post Evacuate Collection Set: 2.0ms
[2025-11-29T08:30:43.352+0000][21.527s][info ][gc,phases   ] GC(40)   Other: 0.1ms
[2025-11-29T08:30:43.352+0000][21.527s][info ][gc,heap     ] GC(40) Eden regions: 119->0(115)
[2025-11-29T08:30:43.352+0000][21.527s][info ][gc,heap     ] GC(40) Survivor regions: 6->8(16)
[2025-11-29T08:30:43.352+0000][21.527s][info ][gc,heap     ] GC(40) Old regions: 74->74
[2025-11-29T08:30:43.352+0000][21.527s][info ][gc,heap     ] GC(40) Archive regions: 2->2
[2025-11-29T08:30:43.352+0000][21.527s][info ][gc,heap     ] GC(40) Humongous regions: 0->0
[2025-11-29T08:30:43.352+0000][21.527s][info ][gc,metaspace] GC(40) Metaspace: 84389K(84992K)->84389K(84992K) NonClass: 73321K(73600K)->73321K(73600K) Class: 11067K(11392K)->11067K(11392K)
[2025-11-29T08:30:43.352+0000][21.527s][info ][gc          ] GC(40) Pause Young (Normal) (G1 Evacuation Pause) 199M->82M(230M) 7.983ms
[2025-11-29T08:30:43.352+0000][21.527s][info ][gc,cpu      ] GC(40) User=0.04s Sys=0.00s Real=0.01s
[2025-11-29T08:30:43.352+0000][21.527s][info ][safepoint   ] Safepoint "G1CollectForAllocation", Time since last: 228590950 ns, Reaching safepoint: 57060 ns, Cleanup: 115243 ns, At safepoint: 8080717 ns, Total: 8253020 ns
[2025-11-29T08:30:43.928+0000][22.104s][debug][safepoint   ] Safepoint synchronization initiated using futex wait barrier. (24 threads)
[2025-11-29T08:30:43.929+0000][22.105s][info ][gc,start    ] GC(41) Pause Young (Normal) (G1 Evacuation Pause)
[2025-11-29T08:30:43.929+0000][22.105s][info ][gc,task     ] GC(41) Using 5 workers of 13 for evacuation
[2025-11-29T08:30:43.937+0000][22.113s][info ][gc,phases   ] GC(41)   Pre Evacuate Collection Set: 0.2ms
[2025-11-29T08:30:43.938+0000][22.113s][info ][gc,phases   ] GC(41)   Merge Heap Roots: 0.2ms
[2025-11-29T08:30:43.938+0000][22.113s][info ][gc,phases   ] GC(41)   Evacuate Collection Set: 6.7ms
[2025-11-29T08:30:43.938+0000][22.113s][info ][gc,phases   ] GC(41)   Post Evacuate Collection Set: 1.5ms
[2025-11-29T08:30:43.938+0000][22.113s][info ][gc,phases   ] GC(41)   Other: 0.1ms
[2025-11-29T08:30:43.938+0000][22.113s][info ][gc,heap     ] GC(41) Eden regions: 115->0(113)
[2025-11-29T08:30:43.938+0000][22.113s][info ][gc,heap     ] GC(41) Survivor regions: 8->9(16)
[2025-11-29T08:30:43.938+0000][22.113s][info ][gc,heap     ] GC(41) Old regions: 74->74
[2025-11-29T08:30:43.938+0000][22.113s][info ][gc,heap     ] GC(41) Archive regions: 2->2
[2025-11-29T08:30:43.938+0000][22.113s][info ][gc,heap     ] GC(41) Humongous regions: 0->0
[2025-11-29T08:30:43.938+0000][22.113s][info ][gc,metaspace] GC(41) Metaspace: 85824K(86464K)->85824K(86464K) NonClass: 74604K(74944K)->74604K(74944K) Class: 11219K(11520K)->11219K(11520K)
[2025-11-29T08:30:43.938+0000][22.113s][info ][gc          ] GC(41) Pause Young (Normal) (G1 Evacuation Pause) 197M->83M(230M) 8.811ms
[2025-11-29T08:30:43.938+0000][22.113s][info ][gc,cpu      ] GC(41) User=0.05s Sys=0.00s Real=0.01s
[2025-11-29T08:30:43.938+0000][22.113s][info ][safepoint   ] Safepoint "G1CollectForAllocation", Time since last: 576537426 ns, Reaching safepoint: 309690 ns, Cleanup: 197352 ns, At safepoint: 9004602 ns, Total: 9511644 ns
[2025-11-29T08:30:44.790+0000][22.966s][debug][safepoint   ] Safepoint synchronization initiated using futex wait barrier. (25 threads)
[2025-11-29T08:30:44.791+0000][22.966s][info ][safepoint   ] Safepoint "ICBufferFull", Time since last: 852170091 ns, Reaching safepoint: 61940 ns, Cleanup: 537040 ns, At safepoint: 5852 ns, Total: 604832 ns
[2025-11-29T08:30:44.862+0000][23.038s][debug][safepoint   ] ... found polling page loop exception at pc = 0x00007dbcdd4e08d0, stub =0x00007dbcdca04400
[2025-11-29T08:30:45.126+0000][23.301s][debug][safepoint   ] Safepoint synchronization initiated using futex wait barrier. (25 threads)
[2025-11-29T08:30:45.126+0000][23.302s][info ][gc,start    ] GC(42) Pause Young (Normal) (G1 Evacuation Pause)
[2025-11-29T08:30:45.126+0000][23.302s][info ][gc,task     ] GC(42) Using 5 workers of 13 for evacuation
[2025-11-29T08:30:45.134+0000][23.310s][info ][gc,phases   ] GC(42)   Pre Evacuate Collection Set: 0.2ms
[2025-11-29T08:30:45.134+0000][23.310s][info ][gc,phases   ] GC(42)   Merge Heap Roots: 0.2ms
[2025-11-29T08:30:45.134+0000][23.310s][info ][gc,phases   ] GC(42)   Evacuate Collection Set: 5.9ms
[2025-11-29T08:30:45.134+0000][23.310s][info ][gc,phases   ] GC(42)   Post Evacuate Collection Set: 1.5ms
[2025-11-29T08:30:45.134+0000][23.310s][info ][gc,phases   ] GC(42)   Other: 0.1ms
[2025-11-29T08:30:45.134+0000][23.310s][info ][gc,heap     ] GC(42) Eden regions: 113->0(111)
[2025-11-29T08:30:45.134+0000][23.310s][info ][gc,heap     ] GC(42) Survivor regions: 9->9(16)
[2025-11-29T08:30:45.134+0000][23.310s][info ][gc,heap     ] GC(42) Old regions: 74->76
[2025-11-29T08:30:45.134+0000][23.310s][info ][gc,heap     ] GC(42) Archive regions: 2->2
[2025-11-29T08:30:45.134+0000][23.310s][info ][gc,heap     ] GC(42) Humongous regions: 0->0
[2025-11-29T08:30:45.134+0000][23.310s][info ][gc,metaspace] GC(42) Metaspace: 90191K(90816K)->90191K(90816K) NonClass: 78253K(78592K)->78253K(78592K) Class: 11937K(12224K)->11937K(12224K)
[2025-11-29T08:30:45.134+0000][23.310s][info ][gc          ] GC(42) Pause Young (Normal) (G1 Evacuation Pause) 196M->85M(230M) 8.124ms
[2025-11-29T08:30:45.134+0000][23.310s][info ][gc,cpu      ] GC(42) User=0.04s Sys=0.00s Real=0.01s
[2025-11-29T08:30:45.134+0000][23.310s][info ][safepoint   ] Safepoint "G1CollectForAllocation", Time since last: 335163049 ns, Reaching safepoint: 51666 ns, Cleanup: 139249 ns, At safepoint: 8279615 ns, Total: 8470530 ns
[2025-11-29T08:30:45.535+0000][23.711s][debug][safepoint   ] Safepoint synchronization initiated using futex wait barrier. (27 threads)
[2025-11-29T08:30:45.535+0000][23.711s][info ][safepoint   ] Safepoint "ICBufferFull", Time since last: 400757658 ns, Reaching safepoint: 109714 ns, Cleanup: 96750 ns, At safepoint: 42970 ns, Total: 249434 ns
[2025-11-29T08:30:45.551+0000][23.727s][debug][safepoint   ] Safepoint synchronization initiated using futex wait barrier. (27 threads)
[2025-11-29T08:30:45.551+0000][23.727s][info ][gc,start    ] GC(43) Pause Young (Normal) (G1 Evacuation Pause)
[2025-11-29T08:30:45.551+0000][23.727s][info ][gc,task     ] GC(43) Using 5 workers of 13 for evacuation
[2025-11-29T08:30:45.569+0000][23.745s][info ][gc,phases   ] GC(43)   Pre Evacuate Collection Set: 0.2ms
[2025-11-29T08:30:45.569+0000][23.745s][info ][gc,phases   ] GC(43)   Merge Heap Roots: 0.2ms
[2025-11-29T08:30:45.569+0000][23.745s][info ][gc,phases   ] GC(43)   Evacuate Collection Set: 16.1ms
[2025-11-29T08:30:45.569+0000][23.745s][info ][gc,phases   ] GC(43)   Post Evacuate Collection Set: 1.4ms
[2025-11-29T08:30:45.569+0000][23.745s][info ][gc,phases   ] GC(43)   Other: 0.2ms
[2025-11-29T08:30:45.569+0000][23.745s][info ][gc,heap     ] GC(43) Eden regions: 111->0(72)
[2025-11-29T08:30:45.569+0000][23.745s][info ][gc,heap     ] GC(43) Survivor regions: 9->15(15)
[2025-11-29T08:30:45.569+0000][23.745s][info ][gc,heap     ] GC(43) Old regions: 76->91
[2025-11-29T08:30:45.569+0000][23.745s][info ][gc,heap     ] GC(43) Archive regions: 2->2
[2025-11-29T08:30:45.569+0000][23.745s][info ][gc,heap     ] GC(43) Humongous regions: 1->1
[2025-11-29T08:30:45.569+0000][23.745s][info ][gc,metaspace] GC(43) Metaspace: 91306K(91840K)->91306K(91840K) NonClass: 79151K(79424K)->79151K(79424K) Class: 12154K(12416K)->12154K(12416K)
[2025-11-29T08:30:45.569+0000][23.745s][info ][gc          ] GC(43) Pause Young (Normal) (G1 Evacuation Pause) 197M->107M(230M) 18.210ms
[2025-11-29T08:30:45.569+0000][23.745s][info ][gc,cpu      ] GC(43) User=0.12s Sys=0.00s Real=0.02s
[2025-11-29T08:30:45.569+0000][23.745s][info ][safepoint   ] Safepoint "G1CollectForAllocation", Time since last: 15728877 ns, Reaching safepoint: 165057 ns, Cleanup: 32531 ns, At safepoint: 18368040 ns, Total: 18565628 ns
[2025-11-29T08:30:45.680+0000][23.856s][debug][safepoint   ] Safepoint synchronization initiated using futex wait barrier. (27 threads)
[2025-11-29T08:30:45.681+0000][23.856s][info ][gc,start    ] GC(44) Pause Young (Concurrent Start) (G1 Evacuation Pause)
[2025-11-29T08:30:45.681+0000][23.856s][info ][gc,task     ] GC(44) Using 5 workers of 13 for evacuation
[2025-11-29T08:30:45.696+0000][23.871s][info ][gc,phases   ] GC(44)   Pre Evacuate Collection Set: 0.3ms
[2025-11-29T08:30:45.696+0000][23.871s][info ][gc,phases   ] GC(44)   Merge Heap Roots: 0.3ms
[2025-11-29T08:30:45.696+0000][23.871s][info ][gc,phases   ] GC(44)   Evacuate Collection Set: 13.3ms
[2025-11-29T08:30:45.696+0000][23.871s][info ][gc,phases   ] GC(44)   Post Evacuate Collection Set: 1.0ms
[2025-11-29T08:30:45.696+0000][23.871s][info ][gc,phases   ] GC(44)   Other: 0.2ms
[2025-11-29T08:30:45.696+0000][23.871s][info ][gc,heap     ] GC(44) Eden regions: 72->0(58)
[2025-11-29T08:30:45.696+0000][23.871s][info ][gc,heap     ] GC(44) Survivor regions: 15->11(11)
[2025-11-29T08:30:45.696+0000][23.871s][info ][gc,heap     ] GC(44) Old regions: 91->108
[2025-11-29T08:30:45.696+0000][23.871s][info ][gc,heap     ] GC(44) Archive regions: 2->2
[2025-11-29T08:30:45.696+0000][23.871s][info ][gc,heap     ] GC(44) Humongous regions: 1->1
[2025-11-29T08:30:45.696+0000][23.871s][info ][gc,metaspace] GC(44) Metaspace: 91323K(91904K)->91323K(91904K) NonClass: 79169K(79488K)->79169K(79488K) Class: 12154K(12416K)->12154K(12416K)
[2025-11-29T08:30:45.696+0000][23.871s][info ][gc          ] GC(44) Pause Young (Concurrent Start) (G1 Evacuation Pause) 179M->120M(230M) 15.160ms
[2025-11-29T08:30:45.696+0000][23.872s][info ][gc,cpu      ] GC(44) User=0.10s Sys=0.00s Real=0.02s
[2025-11-29T08:30:45.696+0000][23.872s][info ][gc          ] GC(45) Concurrent Mark Cycle
[2025-11-29T08:30:45.696+0000][23.872s][info ][gc,marking  ] GC(45) Concurrent Clear Claimed Marks
[2025-11-29T08:30:45.696+0000][23.872s][info ][gc,marking  ] GC(45) Concurrent Clear Claimed Marks 0.081ms
[2025-11-29T08:30:45.696+0000][23.872s][info ][gc,marking  ] GC(45) Concurrent Scan Root Regions
[2025-11-29T08:30:45.696+0000][23.872s][info ][safepoint   ] Safepoint "G1CollectForAllocation", Time since last: 110783081 ns, Reaching safepoint: 257790 ns, Cleanup: 51917 ns, At safepoint: 15531460 ns, Total: 15841167 ns
[2025-11-29T08:30:45.704+0000][23.880s][info ][gc,marking  ] GC(45) Concurrent Scan Root Regions 8.192ms
[2025-11-29T08:30:45.704+0000][23.880s][info ][gc,marking  ] GC(45) Concurrent Mark
[2025-11-29T08:30:45.704+0000][23.880s][info ][gc,marking  ] GC(45) Concurrent Mark From Roots
[2025-11-29T08:30:45.704+0000][23.880s][info ][gc,task     ] GC(45) Using 3 workers of 3 for marking
[2025-11-29T08:30:45.757+0000][23.933s][info ][gc,marking  ] GC(45) Concurrent Mark From Roots 52.547ms
[2025-11-29T08:30:45.757+0000][23.933s][info ][gc,marking  ] GC(45) Concurrent Preclean
[2025-11-29T08:30:45.757+0000][23.933s][info ][gc,marking  ] GC(45) Concurrent Preclean 0.468ms
[2025-11-29T08:30:45.758+0000][23.933s][debug][safepoint   ] Safepoint synchronization initiated using futex wait barrier. (27 threads)
[2025-11-29T08:30:45.758+0000][23.933s][debug][safepoint   ] ... found polling page loop exception at pc = 0x00007dbcdd31ccdc, stub =0x00007dbcdca04400
[2025-11-29T08:30:45.758+0000][23.934s][info ][gc,start    ] GC(45) Pause Remark
[2025-11-29T08:30:45.765+0000][23.940s][info ][gc          ] GC(45) Pause Remark 129M->128M(230M) 6.678ms
[2025-11-29T08:30:45.765+0000][23.940s][info ][gc,cpu      ] GC(45) User=0.03s Sys=0.00s Real=0.00s
[2025-11-29T08:30:45.765+0000][23.940s][info ][safepoint   ] Safepoint "G1PauseRemark", Time since last: 61545568 ns, Reaching safepoint: 133819 ns, Cleanup: 53659 ns, At safepoint: 6903152 ns, Total: 7090630 ns
[2025-11-29T08:30:45.765+0000][23.941s][info ][gc,marking  ] GC(45) Concurrent Mark 60.442ms
[2025-11-29T08:30:45.765+0000][23.941s][info ][gc,marking  ] GC(45) Concurrent Rebuild Remembered Sets
[2025-11-29T08:30:45.796+0000][23.971s][info ][gc,marking  ] GC(45) Concurrent Rebuild Remembered Sets 30.695ms
[2025-11-29T08:30:45.796+0000][23.971s][debug][safepoint   ] Safepoint synchronization initiated using futex wait barrier. (27 threads)
[2025-11-29T08:30:45.796+0000][23.972s][info ][gc,start    ] GC(45) Pause Cleanup
[2025-11-29T08:30:45.796+0000][23.972s][info ][gc          ] GC(45) Pause Cleanup 131M->131M(230M) 0.204ms
[2025-11-29T08:30:45.796+0000][23.972s][info ][gc,cpu      ] GC(45) User=0.00s Sys=0.00s Real=0.00s
[2025-11-29T08:30:45.796+0000][23.972s][info ][safepoint   ] Safepoint "G1PauseCleanup", Time since last: 30990795 ns, Reaching safepoint: 136925 ns, Cleanup: 11441 ns, At safepoint: 291587 ns, Total: 439953 ns
[2025-11-29T08:30:45.796+0000][23.972s][info ][gc,marking  ] GC(45) Concurrent Cleanup for Next Mark
[2025-11-29T08:30:45.797+0000][23.972s][info ][gc,marking  ] GC(45) Concurrent Cleanup for Next Mark 0.379ms
[2025-11-29T08:30:45.797+0000][23.972s][info ][gc          ] GC(45) Concurrent Mark Cycle 100.656ms
[2025-11-29T08:30:45.935+0000][24.110s][debug][safepoint   ] Safepoint synchronization initiated using futex wait barrier. (26 threads)
[2025-11-29T08:30:45.935+0000][24.111s][info ][gc,start    ] GC(46) Pause Young (Prepare Mixed) (G1 Evacuation Pause)
[2025-11-29T08:30:45.935+0000][24.111s][info ][gc,task     ] GC(46) Using 5 workers of 13 for evacuation
[2025-11-29T08:30:45.942+0000][24.118s][info ][gc,phases   ] GC(46)   Pre Evacuate Collection Set: 0.2ms
[2025-11-29T08:30:45.942+0000][24.118s][info ][gc,phases   ] GC(46)   Merge Heap Roots: 0.1ms
[2025-11-29T08:30:45.942+0000][24.118s][info ][gc,phases   ] GC(46)   Evacuate Collection Set: 6.0ms
[2025-11-29T08:30:45.942+0000][24.118s][info ][gc,phases   ] GC(46)   Post Evacuate Collection Set: 1.1ms
[2025-11-29T08:30:45.942+0000][24.118s][info ][gc,phases   ] GC(46)   Other: 0.1ms
[2025-11-29T08:30:45.942+0000][24.118s][info ][gc,heap     ] GC(46) Eden regions: 58->0(5)
[2025-11-29T08:30:45.942+0000][24.118s][info ][gc,heap     ] GC(46) Survivor regions: 11->6(9)
[2025-11-29T08:30:45.942+0000][24.118s][info ][gc,heap     ] GC(46) Old regions: 108->119
[2025-11-29T08:30:45.943+0000][24.118s][info ][gc,heap     ] GC(46) Archive regions: 2->2
[2025-11-29T08:30:45.943+0000][24.118s][info ][gc,heap     ] GC(46) Humongous regions: 0->0
[2025-11-29T08:30:45.943+0000][24.118s][info ][gc,metaspace] GC(46) Metaspace: 92792K(93376K)->92792K(93376K) NonClass: 80260K(80576K)->80260K(80576K) Class: 12532K(12800K)->12532K(12800K)
[2025-11-29T08:30:45.943+0000][24.118s][info ][gc          ] GC(46) Pause Young (Prepare Mixed) (G1 Evacuation Pause) 177M->125M(230M) 7.717ms
[2025-11-29T08:30:45.943+0000][24.118s][info ][gc,cpu      ] GC(46) User=0.03s Sys=0.00s Real=0.01s
[2025-11-29T08:30:45.943+0000][24.118s][info ][safepoint   ] Safepoint "G1CollectForAllocation", Time since last: 138470290 ns, Reaching safepoint: 154156 ns, Cleanup: 18324 ns, At safepoint: 7875740 ns, Total: 8048220 ns
[2025-11-29T08:30:45.953+0000][24.128s][debug][safepoint   ] Safepoint synchronization initiated using futex wait barrier. (26 threads)
[2025-11-29T08:30:45.953+0000][24.129s][info ][gc,start    ] GC(47) Pause Young (Mixed) (G1 Evacuation Pause)
[2025-11-29T08:30:45.953+0000][24.129s][info ][gc,task     ] GC(47) Using 5 workers of 13 for evacuation
[2025-11-29T08:30:45.958+0000][24.134s][info ][gc,phases   ] GC(47)   Pre Evacuate Collection Set: 0.2ms
[2025-11-29T08:30:45.959+0000][24.134s][info ][gc,phases   ] GC(47)   Merge Heap Roots: 0.2ms
[2025-11-29T08:30:45.959+0000][24.134s][info ][gc,phases   ] GC(47)   Evacuate Collection Set: 4.3ms
[2025-11-29T08:30:45.959+0000][24.134s][info ][gc,phases   ] GC(47)   Post Evacuate Collection Set: 0.9ms
[2025-11-29T08:30:45.959+0000][24.134s][info ][gc,phases   ] GC(47)   Other: 0.1ms
[2025-11-29T08:30:45.959+0000][24.134s][info ][gc,heap     ] GC(47) Eden regions: 5->0(56)
[2025-11-29T08:30:45.959+0000][24.134s][info ][gc,heap     ] GC(47) Survivor regions: 6->2(2)
[2025-11-29T08:30:45.959+0000][24.134s][info ][gc,heap     ] GC(47) Old regions: 119->123
[2025-11-29T08:30:45.959+0000][24.134s][info ][gc,heap     ] GC(47) Archive regions: 2->2
[2025-11-29T08:30:45.959+0000][24.134s][info ][gc,heap     ] GC(47) Humongous regions: 0->0
[2025-11-29T08:30:45.959+0000][24.134s][info ][gc,metaspace] GC(47) Metaspace: 92792K(93376K)->92792K(93376K) NonClass: 80260K(80576K)->80260K(80576K) Class: 12532K(12800K)->12532K(12800K)
[2025-11-29T08:30:45.959+0000][24.134s][info ][gc          ] GC(47) Pause Young (Mixed) (G1 Evacuation Pause) 130M->125M(230M) 5.769ms
[2025-11-29T08:30:45.959+0000][24.134s][info ][gc,cpu      ] GC(47) User=0.03s Sys=0.00s Real=0.01s
[2025-11-29T08:30:45.959+0000][24.134s][info ][safepoint   ] Safepoint "G1CollectForAllocation", Time since last: 10043058 ns, Reaching safepoint: 60312 ns, Cleanup: 4659 ns, At safepoint: 5880230 ns, Total: 5945201 ns
[2025-11-29T08:30:46.066+0000][24.241s][debug][safepoint   ] Safepoint synchronization initiated using futex wait barrier. (26 threads)
[2025-11-29T08:30:46.066+0000][24.241s][info ][gc,start    ] GC(48) Pause Young (Normal) (G1 Evacuation Pause)
[2025-11-29T08:30:46.066+0000][24.241s][info ][gc,task     ] GC(48) Using 5 workers of 13 for evacuation
[2025-11-29T08:30:46.078+0000][24.254s][info ][gc,phases   ] GC(48)   Pre Evacuate Collection Set: 0.2ms
[2025-11-29T08:30:46.078+0000][24.254s][info ][gc,phases   ] GC(48)   Merge Heap Roots: 0.2ms
[2025-11-29T08:30:46.078+0000][24.254s][info ][gc,phases   ] GC(48)   Evacuate Collection Set: 10.7ms
[2025-11-29T08:30:46.078+0000][24.254s][info ][gc,phases   ] GC(48)   Post Evacuate Collection Set: 0.9ms
[2025-11-29T08:30:46.078+0000][24.254s][info ][gc,phases   ] GC(48)   Other: 0.1ms
[2025-11-29T08:30:46.078+0000][24.254s][info ][gc,heap     ] GC(48) Eden regions: 56->0(42)
[2025-11-29T08:30:46.078+0000][24.254s][info ][gc,heap     ] GC(48) Survivor regions: 2->8(8)
[2025-11-29T08:30:46.078+0000][24.254s][info ][gc,heap     ] GC(48) Old regions: 123->133
[2025-11-29T08:30:46.078+0000][24.254s][info ][gc,heap     ] GC(48) Archive regions: 2->2
[2025-11-29T08:30:46.078+0000][24.254s][info ][gc,heap     ] GC(48) Humongous regions: 0->0
[2025-11-29T08:30:46.078+0000][24.254s][info ][gc,metaspace] GC(48) Metaspace: 92801K(93376K)->92801K(93376K) NonClass: 80269K(80576K)->80269K(80576K) Class: 12532K(12800K)->12532K(12800K)
[2025-11-29T08:30:46.078+0000][24.254s][info ][gc          ] GC(48) Pause Young (Normal) (G1 Evacuation Pause) 181M->141M(230M) 12.221ms
[2025-11-29T08:30:46.078+0000][24.254s][info ][gc,cpu      ] GC(48) User=0.07s Sys=0.00s Real=0.02s
[2025-11-29T08:30:46.078+0000][24.254s][info ][safepoint   ] Safepoint "G1CollectForAllocation", Time since last: 106857624 ns, Reaching safepoint: 60151 ns, Cleanup: 82734 ns, At safepoint: 12339577 ns, Total: 12482462 ns
[2025-11-29T08:30:46.181+0000][24.357s][debug][safepoint   ] Safepoint synchronization initiated using futex wait barrier. (25 threads)
[2025-11-29T08:30:46.181+0000][24.357s][info ][gc,start    ] GC(49) Pause Young (Normal) (G1 Evacuation Pause)
[2025-11-29T08:30:46.181+0000][24.357s][info ][gc,task     ] GC(49) Using 5 workers of 13 for evacuation
[2025-11-29T08:30:46.202+0000][24.378s][info ][gc,phases   ] GC(49)   Pre Evacuate Collection Set: 0.2ms
[2025-11-29T08:30:46.202+0000][24.378s][info ][gc,phases   ] GC(49)   Merge Heap Roots: 0.2ms
[2025-11-29T08:30:46.202+0000][24.378s][info ][gc,phases   ] GC(49)   Evacuate Collection Set: 13.5ms
[2025-11-29T08:30:46.202+0000][24.378s][info ][gc,phases   ] GC(49)   Post Evacuate Collection Set: 6.8ms
[2025-11-29T08:30:46.202+0000][24.378s][info ][gc,phases   ] GC(49)   Other: 0.2ms
[2025-11-29T08:30:46.202+0000][24.378s][info ][gc,heap     ] GC(49) Eden regions: 42->0(144)
[2025-11-29T08:30:46.202+0000][24.378s][info ][gc,heap     ] GC(49) Survivor regions: 8->7(7)
[2025-11-29T08:30:46.202+0000][24.378s][info ][gc,heap     ] GC(49) Old regions: 133->151
[2025-11-29T08:30:46.202+0000][24.378s][info ][gc,heap     ] GC(49) Archive regions: 2->2
[2025-11-29T08:30:46.202+0000][24.378s][info ][gc,heap     ] GC(49) Humongous regions: 1->1
[2025-11-29T08:30:46.202+0000][24.378s][info ][gc,metaspace] GC(49) Metaspace: 92801K(93376K)->92801K(93376K) NonClass: 80269K(80576K)->80269K(80576K) Class: 12532K(12800K)->12532K(12800K)
[2025-11-29T08:30:46.203+0000][24.378s][info ][gc          ] GC(49) Pause Young (Normal) (G1 Evacuation Pause) 184M->159M(462M) 21.131ms
[2025-11-29T08:30:46.203+0000][24.378s][info ][gc,cpu      ] GC(49) User=0.11s Sys=0.01s Real=0.02s
[2025-11-29T08:30:46.203+0000][24.378s][info ][safepoint   ] Safepoint "G1CollectForAllocation", Time since last: 103159771 ns, Reaching safepoint: 93103 ns, Cleanup: 79678 ns, At safepoint: 21314104 ns, Total: 21486885 ns
[2025-11-29T08:30:46.682+0000][24.858s][debug][safepoint   ] Safepoint synchronization initiated using futex wait barrier. (21 threads)
[2025-11-29T08:30:46.683+0000][24.858s][info ][gc,start    ] GC(50) Pause Young (Normal) (G1 Evacuation Pause)
[2025-11-29T08:30:46.683+0000][24.858s][info ][gc,task     ] GC(50) Using 11 workers of 13 for evacuation
[2025-11-29T08:30:46.708+0000][24.883s][info ][gc,phases   ] GC(50)   Pre Evacuate Collection Set: 0.7ms
[2025-11-29T08:30:46.708+0000][24.883s][info ][gc,phases   ] GC(50)   Merge Heap Roots: 0.4ms
[2025-11-29T08:30:46.708+0000][24.883s][info ][gc,phases   ] GC(50)   Evacuate Collection Set: 22.4ms
[2025-11-29T08:30:46.708+0000][24.883s][info ][gc,phases   ] GC(50)   Post Evacuate Collection Set: 1.3ms
[2025-11-29T08:30:46.708+0000][24.883s][info ][gc,phases   ] GC(50)   Other: 0.2ms
[2025-11-29T08:30:46.708+0000][24.883s][info ][gc,heap     ] GC(50) Eden regions: 144->0(121)
[2025-11-29T08:30:46.708+0000][24.884s][info ][gc,heap     ] GC(50) Survivor regions: 7->19(19)
[2025-11-29T08:30:46.708+0000][24.884s][info ][gc,heap     ] GC(50) Old regions: 151->179
[2025-11-29T08:30:46.708+0000][24.884s][info ][gc,heap     ] GC(50) Archive regions: 2->2
[2025-11-29T08:30:46.708+0000][24.884s][info ][gc,heap     ] GC(50) Humongous regions: 4->4
[2025-11-29T08:30:46.708+0000][24.884s][info ][gc,metaspace] GC(50) Metaspace: 92806K(93376K)->92806K(93376K) NonClass: 80274K(80576K)->80274K(80576K) Class: 12532K(12800K)->12532K(12800K)
[2025-11-29T08:30:46.708+0000][24.884s][info ][gc          ] GC(50) Pause Young (Normal) (G1 Evacuation Pause) 306M->202M(462M) 25.113ms
[2025-11-29T08:30:46.708+0000][24.884s][info ][gc,cpu      ] GC(50) User=0.18s Sys=0.07s Real=0.03s
[2025-11-29T08:30:46.708+0000][24.884s][info ][safepoint   ] Safepoint "G1CollectForAllocation", Time since last: 479837043 ns, Reaching safepoint: 167852 ns, Cleanup: 20398 ns, At safepoint: 25218255 ns, Total: 25406505 ns
[2025-11-29T08:30:47.392+0000][25.568s][debug][safepoint   ] Safepoint synchronization initiated using futex wait barrier. (24 threads)
[2025-11-29T08:30:47.393+0000][25.568s][info ][gc,start    ] GC(51) Pause Young (Normal) (G1 Evacuation Pause)
[2025-11-29T08:30:47.393+0000][25.568s][info ][gc,task     ] GC(51) Using 11 workers of 13 for evacuation
[2025-11-29T08:30:47.406+0000][25.581s][info ][gc,phases   ] GC(51)   Pre Evacuate Collection Set: 0.4ms
[2025-11-29T08:30:47.406+0000][25.581s][info ][gc,phases   ] GC(51)   Merge Heap Roots: 0.4ms
[2025-11-29T08:30:47.406+0000][25.581s][info ][gc,phases   ] GC(51)   Evacuate Collection Set: 10.5ms
[2025-11-29T08:30:47.406+0000][25.581s][info ][gc,phases   ] GC(51)   Post Evacuate Collection Set: 1.4ms
[2025-11-29T08:30:47.406+0000][25.581s][info ][gc,phases   ] GC(51)   Other: 0.1ms
[2025-11-29T08:30:47.406+0000][25.581s][info ][gc,heap     ] GC(51) Eden regions: 121->0(126)
[2025-11-29T08:30:47.406+0000][25.581s][info ][gc,heap     ] GC(51) Survivor regions: 19->5(18)
[2025-11-29T08:30:47.406+0000][25.581s][info ][gc,heap     ] GC(51) Old regions: 179->200
[2025-11-29T08:30:47.406+0000][25.581s][info ][gc,heap     ] GC(51) Archive regions: 2->2
[2025-11-29T08:30:47.406+0000][25.581s][info ][gc,heap     ] GC(51) Humongous regions: 4->4
[2025-11-29T08:30:47.406+0000][25.581s][info ][gc,metaspace] GC(51) Metaspace: 97106K(97728K)->97106K(97728K) NonClass: 83933K(84288K)->83933K(84288K) Class: 13173K(13440K)->13173K(13440K)
[2025-11-29T08:30:47.406+0000][25.582s][info ][gc          ] GC(51) Pause Young (Normal) (G1 Evacuation Pause) 323M->208M(462M) 13.058ms
[2025-11-29T08:30:47.406+0000][25.582s][info ][gc,cpu      ] GC(51) User=0.14s Sys=0.00s Real=0.01s
[2025-11-29T08:30:47.406+0000][25.582s][info ][safepoint   ] Safepoint "G1CollectForAllocation", Time since last: 684536472 ns, Reaching safepoint: 149848 ns, Cleanup: 102190 ns, At safepoint: 13184357 ns, Total: 13436395 ns
[2025-11-29T08:30:48.254+0000][26.430s][debug][safepoint   ] Safepoint synchronization initiated using futex wait barrier. (26 threads)
[2025-11-29T08:30:48.254+0000][26.430s][info ][safepoint   ] Safepoint "ICBufferFull", Time since last: 848226189 ns, Reaching safepoint: 61278 ns, Cleanup: 239932 ns, At safepoint: 4459 ns, Total: 305669 ns
[2025-11-29T08:30:48.436+0000][26.612s][debug][safepoint   ] Safepoint synchronization initiated using futex wait barrier. (26 threads)
[2025-11-29T08:30:48.437+0000][26.612s][info ][gc,start    ] GC(52) Pause Young (Normal) (G1 Evacuation Pause)
[2025-11-29T08:30:48.437+0000][26.612s][info ][gc,task     ] GC(52) Using 11 workers of 13 for evacuation
[2025-11-29T08:30:48.442+0000][26.618s][info ][gc,phases   ] GC(52)   Pre Evacuate Collection Set: 0.4ms
[2025-11-29T08:30:48.442+0000][26.618s][info ][gc,phases   ] GC(52)   Merge Heap Roots: 0.3ms
[2025-11-29T08:30:48.442+0000][26.618s][info ][gc,phases   ] GC(52)   Evacuate Collection Set: 3.3ms
[2025-11-29T08:30:48.442+0000][26.618s][info ][gc,phases   ] GC(52)   Post Evacuate Collection Set: 1.3ms
[2025-11-29T08:30:48.442+0000][26.618s][info ][gc,phases   ] GC(52)   Other: 0.1ms
[2025-11-29T08:30:48.442+0000][26.618s][info ][gc,heap     ] GC(52) Eden regions: 126->0(133)
[2025-11-29T08:30:48.442+0000][26.618s][info ][gc,heap     ] GC(52) Survivor regions: 5->7(17)
[2025-11-29T08:30:48.442+0000][26.618s][info ][gc,heap     ] GC(52) Old regions: 200->200
[2025-11-29T08:30:48.442+0000][26.618s][info ][gc,heap     ] GC(52) Archive regions: 2->2
[2025-11-29T08:30:48.442+0000][26.618s][info ][gc,heap     ] GC(52) Humongous regions: 4->4
[2025-11-29T08:30:48.442+0000][26.618s][info ][gc,metaspace] GC(52) Metaspace: 101452K(102016K)->101452K(102016K) NonClass: 87843K(88128K)->87843K(88128K) Class: 13608K(13888K)->13608K(13888K)
[2025-11-29T08:30:48.442+0000][26.618s][info ][gc          ] GC(52) Pause Young (Normal) (G1 Evacuation Pause) 334M->211M(462M) 5.611ms
[2025-11-29T08:30:48.442+0000][26.618s][info ][gc,cpu      ] GC(52) User=0.04s Sys=0.00s Real=0.00s
[2025-11-29T08:30:48.442+0000][26.618s][info ][safepoint   ] Safepoint "G1CollectForAllocation", Time since last: 182103240 ns, Reaching safepoint: 54884 ns, Cleanup: 70377 ns, At safepoint: 5719122 ns, Total: 5844383 ns
[2025-11-29T08:30:49.305+0000][27.481s][debug][safepoint   ] Safepoint synchronization initiated using futex wait barrier. (29 threads)
[2025-11-29T08:30:49.305+0000][27.481s][debug][safepoint   ] ... found polling page loop exception at pc = 0x00007dbcdd21ae9e, stub =0x00007dbcdca04400
[2025-11-29T08:30:49.305+0000][27.481s][info ][safepoint   ] Safepoint "ICBufferFull", Time since last: 862506869 ns, Reaching safepoint: 176629 ns, Cleanup: 124631 ns, At safepoint: 24401 ns, Total: 325661 ns
[2025-11-29T08:30:49.315+0000][27.491s][debug][safepoint   ] Safepoint synchronization initiated using futex wait barrier. (29 threads)
[2025-11-29T08:30:49.315+0000][27.491s][info ][gc,start    ] GC(53) Pause Young (Normal) (G1 Evacuation Pause)
[2025-11-29T08:30:49.315+0000][27.491s][info ][gc,task     ] GC(53) Using 11 workers of 13 for evacuation
[2025-11-29T08:30:49.321+0000][27.497s][info ][gc,phases   ] GC(53)   Pre Evacuate Collection Set: 0.3ms
[2025-11-29T08:30:49.321+0000][27.497s][info ][gc,phases   ] GC(53)   Merge Heap Roots: 0.3ms
[2025-11-29T08:30:49.321+0000][27.497s][info ][gc,phases   ] GC(53)   Evacuate Collection Set: 3.3ms
[2025-11-29T08:30:49.321+0000][27.497s][info ][gc,phases   ] GC(53)   Post Evacuate Collection Set: 1.4ms
[2025-11-29T08:30:49.321+0000][27.497s][info ][gc,phases   ] GC(53)   Other: 0.1ms
[2025-11-29T08:30:49.321+0000][27.497s][info ][gc,heap     ] GC(53) Eden regions: 133->0(139)
[2025-11-29T08:30:49.321+0000][27.497s][info ][gc,heap     ] GC(53) Survivor regions: 7->11(18)
[2025-11-29T08:30:49.321+0000][27.497s][info ][gc,heap     ] GC(53) Old regions: 200->200
[2025-11-29T08:30:49.321+0000][27.497s][info ][gc,heap     ] GC(53) Archive regions: 2->2
[2025-11-29T08:30:49.321+0000][27.497s][info ][gc,heap     ] GC(53) Humongous regions: 4->4
[2025-11-29T08:30:49.321+0000][27.497s][info ][gc,metaspace] GC(53) Metaspace: 104610K(105216K)->104610K(105216K) NonClass: 90779K(91072K)->90779K(91072K) Class: 13830K(14144K)->13830K(14144K)
[2025-11-29T08:30:49.321+0000][27.497s][info ][gc          ] GC(53) Pause Young (Normal) (G1 Evacuation Pause) 344M->214M(462M) 5.523ms
[2025-11-29T08:30:49.321+0000][27.497s][info ][gc,cpu      ] GC(53) User=0.03s Sys=0.00s Real=0.00s
[2025-11-29T08:30:49.321+0000][27.497s][info ][safepoint   ] Safepoint "G1CollectForAllocation", Time since last: 10113715 ns, Reaching safepoint: 50195 ns, Cleanup: 17115 ns, At safepoint: 5595094 ns, Total: 5662404 ns
[2025-11-29T08:30:50.249+0000][28.425s][debug][safepoint   ] Safepoint synchronization initiated using futex wait barrier. (31 threads)
[2025-11-29T08:30:50.249+0000][28.425s][info ][gc,start    ] GC(54) Pause Young (Normal) (G1 Evacuation Pause)
[2025-11-29T08:30:50.249+0000][28.425s][info ][gc,task     ] GC(54) Using 13 workers of 13 for evacuation
[2025-11-29T08:30:50.256+0000][28.432s][info ][gc,phases   ] GC(54)   Pre Evacuate Collection Set: 0.3ms
[2025-11-29T08:30:50.256+0000][28.432s][info ][gc,phases   ] GC(54)   Merge Heap Roots: 0.3ms
[2025-11-29T08:30:50.256+0000][28.432s][info ][gc,phases   ] GC(54)   Evacuate Collection Set: 3.8ms
[2025-11-29T08:30:50.256+0000][28.432s][info ][gc,phases   ] GC(54)   Post Evacuate Collection Set: 2.1ms
[2025-11-29T08:30:50.256+0000][28.432s][info ][gc,phases   ] GC(54)   Other: 0.1ms
[2025-11-29T08:30:50.256+0000][28.432s][info ][gc,heap     ] GC(54) Eden regions: 139->0(144)
[2025-11-29T08:30:50.256+0000][28.432s][info ][gc,heap     ] GC(54) Survivor regions: 11->11(19)
[2025-11-29T08:30:50.256+0000][28.432s][info ][gc,heap     ] GC(54) Old regions: 200->203
[2025-11-29T08:30:50.256+0000][28.432s][info ][gc,heap     ] GC(54) Archive regions: 2->2
[2025-11-29T08:30:50.256+0000][28.432s][info ][gc,heap     ] GC(54) Humongous regions: 4->4
[2025-11-29T08:30:50.256+0000][28.432s][info ][gc,metaspace] GC(54) Metaspace: 108878K(109568K)->108878K(109568K) NonClass: 94511K(94848K)->94511K(94848K) Class: 14366K(14720K)->14366K(14720K)
[2025-11-29T08:30:50.256+0000][28.432s][info ][gc          ] GC(54) Pause Young (Normal) (G1 Evacuation Pause) 353M->217M(462M) 6.711ms
[2025-11-29T08:30:50.256+0000][28.432s][info ][gc,cpu      ] GC(54) User=0.06s Sys=0.00s Real=0.01s
[2025-11-29T08:30:50.256+0000][28.432s][info ][safepoint   ] Safepoint "G1CollectForAllocation", Time since last: 928172627 ns, Reaching safepoint: 50105 ns, Cleanup: 136194 ns, At safepoint: 6794980 ns, Total: 6981279 ns
[2025-11-29T08:30:51.150+0000][29.326s][debug][safepoint   ] Safepoint synchronization initiated using futex wait barrier. (33 threads)
[2025-11-29T08:30:51.150+0000][29.326s][info ][gc,start    ] GC(55) Pause Young (Normal) (G1 Evacuation Pause)
[2025-11-29T08:30:51.150+0000][29.326s][info ][gc,task     ] GC(55) Using 13 workers of 13 for evacuation
[2025-11-29T08:30:51.160+0000][29.336s][info ][gc,phases   ] GC(55)   Pre Evacuate Collection Set: 0.4ms
[2025-11-29T08:30:51.160+0000][29.336s][info ][gc,phases   ] GC(55)   Merge Heap Roots: 0.4ms
[2025-11-29T08:30:51.160+0000][29.336s][info ][gc,phases   ] GC(55)   Evacuate Collection Set: 7.6ms
[2025-11-29T08:30:51.160+0000][29.336s][info ][gc,phases   ] GC(55)   Post Evacuate Collection Set: 1.9ms
[2025-11-29T08:30:51.160+0000][29.336s][info ][gc,phases   ] GC(55)   Other: 0.1ms
[2025-11-29T08:30:51.160+0000][29.336s][info ][gc,heap     ] GC(55) Eden regions: 144->0(148)
[2025-11-29T08:30:51.160+0000][29.336s][info ][gc,heap     ] GC(55) Survivor regions: 11->14(20)
[2025-11-29T08:30:51.160+0000][29.336s][info ][gc,heap     ] GC(55) Old regions: 203->203
[2025-11-29T08:30:51.160+0000][29.336s][info ][gc,heap     ] GC(55) Archive regions: 2->2
[2025-11-29T08:30:51.160+0000][29.336s][info ][gc,heap     ] GC(55) Humongous regions: 4->4
[2025-11-29T08:30:51.160+0000][29.336s][info ][gc,metaspace] GC(55) Metaspace: 111865K(112576K)->111865K(112576K) NonClass: 97213K(97600K)->97213K(97600K) Class: 14651K(14976K)->14651K(14976K)
[2025-11-29T08:30:51.160+0000][29.336s][info ][gc          ] GC(55) Pause Young (Normal) (G1 Evacuation Pause) 361M->221M(462M) 10.452ms
[2025-11-29T08:30:51.160+0000][29.336s][info ][gc,cpu      ] GC(55) User=0.05s Sys=0.06s Real=0.01s
[2025-11-29T08:30:51.161+0000][29.336s][info ][safepoint   ] Safepoint "G1CollectForAllocation", Time since last: 893728036 ns, Reaching safepoint: 49764 ns, Cleanup: 94547 ns, At safepoint: 10559067 ns, Total: 10703378 ns
[2025-11-29T08:30:52.058+0000][30.233s][debug][safepoint   ] Safepoint synchronization initiated using futex wait barrier. (39 threads)
[2025-11-29T08:30:52.058+0000][30.233s][info ][gc,start    ] GC(56) Pause Young (Normal) (G1 Evacuation Pause)
[2025-11-29T08:30:52.058+0000][30.233s][info ][gc,task     ] GC(56) Using 13 workers of 13 for evacuation
[2025-11-29T08:30:52.076+0000][30.252s][info ][gc,phases   ] GC(56)   Pre Evacuate Collection Set: 0.4ms
[2025-11-29T08:30:52.076+0000][30.252s][info ][gc,phases   ] GC(56)   Merge Heap Roots: 0.3ms
[2025-11-29T08:30:52.076+0000][30.252s][info ][gc,phases   ] GC(56)   Evacuate Collection Set: 15.0ms
[2025-11-29T08:30:52.076+0000][30.252s][info ][gc,phases   ] GC(56)   Post Evacuate Collection Set: 2.4ms
[2025-11-29T08:30:52.076+0000][30.252s][info ][gc,phases   ] GC(56)   Other: 0.1ms
[2025-11-29T08:30:52.076+0000][30.252s][info ][gc,heap     ] GC(56) Eden regions: 148->0(153)
[2025-11-29T08:30:52.076+0000][30.252s][info ][gc,heap     ] GC(56) Survivor regions: 14->14(21)
[2025-11-29T08:30:52.076+0000][30.252s][info ][gc,heap     ] GC(56) Old regions: 203->206
[2025-11-29T08:30:52.076+0000][30.252s][info ][gc,heap     ] GC(56) Archive regions: 2->2
[2025-11-29T08:30:52.076+0000][30.252s][info ][gc,heap     ] GC(56) Humongous regions: 4->4
[2025-11-29T08:30:52.076+0000][30.252s][info ][gc,metaspace] GC(56) Metaspace: 115725K(116416K)->115725K(116416K) NonClass: 100652K(100992K)->100652K(100992K) Class: 15072K(15424K)->15072K(15424K)
[2025-11-29T08:30:52.076+0000][30.252s][info ][gc          ] GC(56) Pause Young (Normal) (G1 Evacuation Pause) 369M->224M(462M) 18.390ms
[2025-11-29T08:30:52.076+0000][30.252s][info ][gc,cpu      ] GC(56) User=0.07s Sys=0.05s Real=0.02s
[2025-11-29T08:30:52.076+0000][30.252s][info ][safepoint   ] Safepoint "G1CollectForAllocation", Time since last: 896990697 ns, Reaching safepoint: 52528 ns, Cleanup: 87733 ns, At safepoint: 18543204 ns, Total: 18683465 ns
[2025-11-29T08:30:52.556+0000][30.732s][debug][safepoint   ] Safepoint synchronization initiated using futex wait barrier. (45 threads)
[2025-11-29T08:30:52.556+0000][30.732s][info ][safepoint   ] Safepoint "ICBufferFull", Time since last: 479861279 ns, Reaching safepoint: 86811 ns, Cleanup: 222955 ns, At safepoint: 24756 ns, Total: 334522 ns
[2025-11-29T08:30:52.961+0000][31.137s][debug][safepoint   ] Safepoint synchronization initiated using futex wait barrier. (43 threads)
[2025-11-29T08:30:52.962+0000][31.137s][info ][gc,start    ] GC(57) Pause Young (Normal) (G1 Evacuation Pause)
[2025-11-29T08:30:52.962+0000][31.137s][info ][gc,task     ] GC(57) Using 13 workers of 13 for evacuation
[2025-11-29T08:30:52.972+0000][31.148s][info ][gc,phases   ] GC(57)   Pre Evacuate Collection Set: 0.5ms
[2025-11-29T08:30:52.973+0000][31.148s][info ][gc,phases   ] GC(57)   Merge Heap Roots: 0.4ms
[2025-11-29T08:30:52.973+0000][31.148s][info ][gc,phases   ] GC(57)   Evacuate Collection Set: 7.6ms
[2025-11-29T08:30:52.973+0000][31.148s][info ][gc,phases   ] GC(57)   Post Evacuate Collection Set: 2.2ms
[2025-11-29T08:30:52.973+0000][31.148s][info ][gc,phases   ] GC(57)   Other: 0.1ms
[2025-11-29T08:30:52.973+0000][31.148s][info ][gc,heap     ] GC(57) Eden regions: 153->0(154)
[2025-11-29T08:30:52.973+0000][31.148s][info ][gc,heap     ] GC(57) Survivor regions: 14->15(21)
[2025-11-29T08:30:52.973+0000][31.148s][info ][gc,heap     ] GC(57) Old regions: 206->209
[2025-11-29T08:30:52.973+0000][31.148s][info ][gc,heap     ] GC(57) Archive regions: 2->2
[2025-11-29T08:30:52.973+0000][31.148s][info ][gc,heap     ] GC(57) Humongous regions: 4->4
[2025-11-29T08:30:52.973+0000][31.148s][info ][gc,metaspace] GC(57) Metaspace: 118464K(119232K)->118464K(119232K) NonClass: 103142K(103552K)->103142K(103552K) Class: 15321K(15680K)->15321K(15680K)
[2025-11-29T08:30:52.973+0000][31.148s][info ][gc          ] GC(57) Pause Young (Normal) (G1 Evacuation Pause) 377M->228M(462M) 10.969ms
[2025-11-29T08:30:52.973+0000][31.148s][info ][gc,cpu      ] GC(57) User=0.08s Sys=0.02s Real=0.01s
[2025-11-29T08:30:52.973+0000][31.148s][info ][safepoint   ] Safepoint "G1CollectForAllocation", Time since last: 405076536 ns, Reaching safepoint: 68988 ns, Cleanup: 53309 ns, At safepoint: 11094035 ns, Total: 11216332 ns
[2025-11-29T08:30:53.354+0000][31.529s][debug][safepoint   ] Safepoint synchronization initiated using futex wait barrier. (43 threads)
[2025-11-29T08:30:53.354+0000][31.530s][info ][safepoint   ] Safepoint "ICBufferFull", Time since last: 380848192 ns, Reaching safepoint: 95297 ns, Cleanup: 165498 ns, At safepoint: 2254 ns, Total: 263049 ns
[2025-11-29T08:30:53.691+0000][31.867s][debug][safepoint   ] Safepoint synchronization initiated using futex wait barrier. (43 threads)
[2025-11-29T08:30:53.691+0000][31.867s][info ][safepoint   ] Safepoint "ICBufferFull", Time since last: 337192080 ns, Reaching safepoint: 195122 ns, Cleanup: 155700 ns, At safepoint: 59300 ns, Total: 410122 ns
[2025-11-29T08:30:54.493+0000][32.669s][debug][safepoint   ] Safepoint synchronization initiated using futex wait barrier. (44 threads)
[2025-11-29T08:30:54.493+0000][32.669s][info ][gc,start    ] GC(58) Pause Young (Normal) (G1 Evacuation Pause)
[2025-11-29T08:30:54.493+0000][32.669s][info ][gc,task     ] GC(58) Using 13 workers of 13 for evacuation
[2025-11-29T08:30:54.502+0000][32.677s][info ][gc,phases   ] GC(58)   Pre Evacuate Collection Set: 0.4ms
[2025-11-29T08:30:54.502+0000][32.677s][info ][gc,phases   ] GC(58)   Merge Heap Roots: 0.3ms
[2025-11-29T08:30:54.502+0000][32.677s][info ][gc,phases   ] GC(58)   Evacuate Collection Set: 5.5ms
[2025-11-29T08:30:54.502+0000][32.677s][info ][gc,phases   ] GC(58)   Post Evacuate Collection Set: 2.1ms
[2025-11-29T08:30:54.502+0000][32.677s][info ][gc,phases   ] GC(58)   Other: 0.1ms
[2025-11-29T08:30:54.502+0000][32.677s][info ][gc,heap     ] GC(58) Eden regions: 154->0(155)
[2025-11-29T08:30:54.502+0000][32.677s][info ][gc,heap     ] GC(58) Survivor regions: 15->11(22)
[2025-11-29T08:30:54.502+0000][32.677s][info ][gc,heap     ] GC(58) Old regions: 209->216
[2025-11-29T08:30:54.502+0000][32.677s][info ][gc,heap     ] GC(58) Archive regions: 2->2
[2025-11-29T08:30:54.502+0000][32.677s][info ][gc,heap     ] GC(58) Humongous regions: 4->4
[2025-11-29T08:30:54.502+0000][32.677s][info ][gc,metaspace] GC(58) Metaspace: 122448K(123200K)->122448K(123200K) NonClass: 106756K(107136K)->106756K(107136K) Class: 15691K(16064K)->15691K(16064K)
[2025-11-29T08:30:54.502+0000][32.677s][info ][gc          ] GC(58) Pause Young (Normal) (G1 Evacuation Pause) 382M->230M(462M) 8.495ms
[2025-11-29T08:30:54.502+0000][32.677s][info ][gc,cpu      ] GC(58) User=0.07s Sys=0.00s Real=0.01s
[2025-11-29T08:30:54.502+0000][32.678s][info ][safepoint   ] Safepoint "G1CollectForAllocation", Time since last: 801572152 ns, Reaching safepoint: 68467 ns, Cleanup: 117749 ns, At safepoint: 8804433 ns, Total: 8990649 ns
[2025-11-29T08:30:55.548+0000][33.724s][debug][safepoint   ] Safepoint synchronization initiated using futex wait barrier. (48 threads)
[2025-11-29T08:30:55.549+0000][33.724s][info ][safepoint   ] Safepoint "Cleanup", Time since last: 1046105954 ns, Reaching safepoint: 206460 ns, Cleanup: 152533 ns, At safepoint: 76803 ns, Total: 435796 ns
[2025-11-29T08:30:55.574+0000][33.750s][debug][safepoint   ] Safepoint synchronization initiated using futex wait barrier. (48 threads)
[2025-11-29T08:30:55.574+0000][33.750s][info ][gc,start    ] GC(59) Pause Young (Normal) (G1 Evacuation Pause)
[2025-11-29T08:30:55.574+0000][33.750s][info ][gc,task     ] GC(59) Using 13 workers of 13 for evacuation
[2025-11-29T08:30:55.583+0000][33.759s][info ][gc,phases   ] GC(59)   Pre Evacuate Collection Set: 0.5ms
[2025-11-29T08:30:55.583+0000][33.759s][info ][gc,phases   ] GC(59)   Merge Heap Roots: 0.4ms
[2025-11-29T08:30:55.583+0000][33.759s][info ][gc,phases   ] GC(59)   Evacuate Collection Set: 6.1ms
[2025-11-29T08:30:55.583+0000][33.759s][info ][gc,phases   ] GC(59)   Post Evacuate Collection Set: 2.2ms
[2025-11-29T08:30:55.583+0000][33.759s][info ][gc,phases   ] GC(59)   Other: 0.2ms
[2025-11-29T08:30:55.583+0000][33.759s][info ][gc,heap     ] GC(59) Eden regions: 155->0(156)
[2025-11-29T08:30:55.583+0000][33.759s][info ][gc,heap     ] GC(59) Survivor regions: 11->13(21)
[2025-11-29T08:30:55.583+0000][33.759s][info ][gc,heap     ] GC(59) Old regions: 216->216
[2025-11-29T08:30:55.584+0000][33.759s][info ][gc,heap     ] GC(59) Archive regions: 2->2
[2025-11-29T08:30:55.584+0000][33.759s][info ][gc,heap     ] GC(59) Humongous regions: 4->4
[2025-11-29T08:30:55.584+0000][33.759s][info ][gc,metaspace] GC(59) Metaspace: 126615K(127680K)->126615K(127680K) NonClass: 110372K(110912K)->110372K(110912K) Class: 16243K(16768K)->16243K(16768K)
[2025-11-29T08:30:55.584+0000][33.759s][info ][gc          ] GC(59) Pause Young (Normal) (G1 Evacuation Pause) 385M->233M(462M) 9.472ms
[2025-11-29T08:30:55.584+0000][33.759s][info ][gc,cpu      ] GC(59) User=0.05s Sys=0.02s Real=0.01s
[2025-11-29T08:30:55.584+0000][33.759s][info ][safepoint   ] Safepoint "G1CollectForAllocation", Time since last: 25401790 ns, Reaching safepoint: 50424 ns, Cleanup: 40435 ns, At safepoint: 9633149 ns, Total: 9724008 ns
[2025-11-29T08:30:57.108+0000][35.284s][debug][safepoint   ] Safepoint synchronization initiated using futex wait barrier. (60 threads)
[2025-11-29T08:30:57.108+0000][35.284s][info ][safepoint   ] Safepoint "Cleanup", Time since last: 1524390701 ns, Reaching safepoint: 66767 ns, Cleanup: 142691 ns, At safepoint: 40076 ns, Total: 249534 ns
[2025-11-29T08:30:57.227+0000][35.403s][debug][safepoint   ] Safepoint synchronization initiated using futex wait barrier. (60 threads)
[2025-11-29T08:30:57.227+0000][35.403s][info ][gc,start    ] GC(60) Pause Young (Normal) (G1 Evacuation Pause)
[2025-11-29T08:30:57.227+0000][35.403s][info ][gc,task     ] GC(60) Using 13 workers of 13 for evacuation
[2025-11-29T08:30:57.239+0000][35.415s][info ][gc,phases   ] GC(60)   Pre Evacuate Collection Set: 0.4ms
[2025-11-29T08:30:57.239+0000][35.415s][info ][gc,phases   ] GC(60)   Merge Heap Roots: 0.3ms
[2025-11-29T08:30:57.239+0000][35.415s][info ][gc,phases   ] GC(60)   Evacuate Collection Set: 9.2ms
[2025-11-29T08:30:57.239+0000][35.415s][info ][gc,phases   ] GC(60)   Post Evacuate Collection Set: 1.9ms
[2025-11-29T08:30:57.239+0000][35.415s][info ][gc,phases   ] GC(60)   Other: 0.2ms
[2025-11-29T08:30:57.239+0000][35.415s][info ][gc,heap     ] GC(60) Eden regions: 156->0(151)
[2025-11-29T08:30:57.239+0000][35.415s][info ][gc,heap     ] GC(60) Survivor regions: 13->16(22)
[2025-11-29T08:30:57.239+0000][35.415s][info ][gc,heap     ] GC(60) Old regions: 216->219
[2025-11-29T08:30:57.239+0000][35.415s][info ][gc,heap     ] GC(60) Archive regions: 2->2
[2025-11-29T08:30:57.239+0000][35.415s][info ][gc,heap     ] GC(60) Humongous regions: 5->4
[2025-11-29T08:30:57.239+0000][35.415s][info ][gc,metaspace] GC(60) Metaspace: 135412K(136512K)->135412K(136512K) NonClass: 118280K(118848K)->118280K(118848K) Class: 17131K(17664K)->17131K(17664K)
[2025-11-29T08:30:57.239+0000][35.415s][info ][gc          ] GC(60) Pause Young (Normal) (G1 Evacuation Pause) 390M->238M(462M) 12.045ms
[2025-11-29T08:30:57.239+0000][35.415s][info ][gc,cpu      ] GC(60) User=0.12s Sys=0.01s Real=0.01s
[2025-11-29T08:30:57.240+0000][35.415s][info ][safepoint   ] Safepoint "G1CollectForAllocation", Time since last: 119004513 ns, Reaching safepoint: 51789 ns, Cleanup: 25418 ns, At safepoint: 12234083 ns, Total: 12311290 ns
[2025-11-29T08:30:57.365+0000][35.540s][debug][safepoint   ] ... found polling page loop exception at pc = 0x00007dbcdd6a787a, stub =0x00007dbcdca04400
[2025-11-29T08:30:58.106+0000][36.282s][debug][safepoint   ] Safepoint synchronization initiated using futex wait barrier. (59 threads)
[2025-11-29T08:30:58.106+0000][36.282s][info ][gc,start    ] GC(61) Pause Young (Normal) (G1 Evacuation Pause)
[2025-11-29T08:30:58.106+0000][36.282s][info ][gc,task     ] GC(61) Using 13 workers of 13 for evacuation
[2025-11-29T08:30:58.129+0000][36.305s][info ][gc,phases   ] GC(61)   Pre Evacuate Collection Set: 0.4ms
[2025-11-29T08:30:58.129+0000][36.305s][info ][gc,phases   ] GC(61)   Merge Heap Roots: 0.4ms
[2025-11-29T08:30:58.129+0000][36.305s][info ][gc,phases   ] GC(61)   Evacuate Collection Set: 19.5ms
[2025-11-29T08:30:58.129+0000][36.305s][info ][gc,phases   ] GC(61)   Post Evacuate Collection Set: 2.1ms
[2025-11-29T08:30:58.129+0000][36.305s][info ][gc,phases   ] GC(61)   Other: 0.2ms
[2025-11-29T08:30:58.129+0000][36.305s][info ][gc,heap     ] GC(61) Eden regions: 151->0(147)
[2025-11-29T08:30:58.129+0000][36.305s][info ][gc,heap     ] GC(61) Survivor regions: 16->16(21)
[2025-11-29T08:30:58.129+0000][36.305s][info ][gc,heap     ] GC(61) Old regions: 219->225
[2025-11-29T08:30:58.129+0000][36.305s][info ][gc,heap     ] GC(61) Archive regions: 2->2
[2025-11-29T08:30:58.129+0000][36.305s][info ][gc,heap     ] GC(61) Humongous regions: 4->4
[2025-11-29T08:30:58.129+0000][36.305s][info ][gc,metaspace] GC(61) Metaspace: 138442K(139520K)->138442K(139520K) NonClass: 121187K(121728K)->121187K(121728K) Class: 17255K(17792K)->17255K(17792K)
[2025-11-29T08:30:58.129+0000][36.305s][info ][gc          ] GC(61) Pause Young (Normal) (G1 Evacuation Pause) 389M->244M(462M) 22.686ms
[2025-11-29T08:30:58.129+0000][36.305s][info ][gc,cpu      ] GC(61) User=0.18s Sys=0.08s Real=0.03s
[2025-11-29T08:30:58.129+0000][36.305s][info ][safepoint   ] Safepoint "G1CollectForAllocation", Time since last: 866327866 ns, Reaching safepoint: 198718 ns, Cleanup: 145035 ns, At safepoint: 23107033 ns, Total: 23450786 ns
[2025-11-29T08:30:58.914+0000][37.090s][debug][safepoint   ] Safepoint synchronization initiated using futex wait barrier. (58 threads)
[2025-11-29T08:30:58.915+0000][37.090s][info ][gc,start    ] GC(62) Pause Young (Normal) (G1 Evacuation Pause)
[2025-11-29T08:30:58.915+0000][37.090s][info ][gc,task     ] GC(62) Using 13 workers of 13 for evacuation
[2025-11-29T08:30:58.929+0000][37.105s][info ][gc,phases   ] GC(62)   Pre Evacuate Collection Set: 0.7ms
[2025-11-29T08:30:58.929+0000][37.105s][info ][gc,phases   ] GC(62)   Merge Heap Roots: 0.5ms
[2025-11-29T08:30:58.929+0000][37.105s][info ][gc,phases   ] GC(62)   Evacuate Collection Set: 11.2ms
[2025-11-29T08:30:58.929+0000][37.105s][info ][gc,phases   ] GC(62)   Post Evacuate Collection Set: 2.0ms
[2025-11-29T08:30:58.929+0000][37.105s][info ][gc,phases   ] GC(62)   Other: 0.4ms
[2025-11-29T08:30:58.929+0000][37.105s][info ][gc,heap     ] GC(62) Eden regions: 147->0(143)
[2025-11-29T08:30:58.929+0000][37.105s][info ][gc,heap     ] GC(62) Survivor regions: 16->12(21)
[2025-11-29T08:30:58.929+0000][37.105s][info ][gc,heap     ] GC(62) Old regions: 225->234
[2025-11-29T08:30:58.929+0000][37.105s][info ][gc,heap     ] GC(62) Archive regions: 2->2
[2025-11-29T08:30:58.929+0000][37.105s][info ][gc,heap     ] GC(62) Humongous regions: 4->4
[2025-11-29T08:30:58.929+0000][37.105s][info ][gc,metaspace] GC(62) Metaspace: 141209K(142400K)->141209K(142400K) NonClass: 123871K(124480K)->123871K(124480K) Class: 17337K(17920K)->17337K(17920K)
[2025-11-29T08:30:58.929+0000][37.105s][info ][gc          ] GC(62) Pause Young (Normal) (G1 Evacuation Pause) 391M->249M(462M) 14.655ms
[2025-11-29T08:30:58.929+0000][37.105s][info ][gc,cpu      ] GC(62) User=0.06s Sys=0.07s Real=0.02s
[2025-11-29T08:30:58.929+0000][37.105s][info ][safepoint   ] Safepoint "G1CollectForAllocation", Time since last: 784973285 ns, Reaching safepoint: 80032 ns, Cleanup: 85452 ns, At safepoint: 14982824 ns, Total: 15148308 ns
[2025-11-29T08:30:59.844+0000][38.020s][debug][safepoint   ] Safepoint synchronization initiated using futex wait barrier. (60 threads)
[2025-11-29T08:30:59.844+0000][38.020s][info ][gc,start    ] GC(63) Pause Young (Normal) (G1 Evacuation Pause)
[2025-11-29T08:30:59.844+0000][38.020s][info ][gc,task     ] GC(63) Using 13 workers of 13 for evacuation
[2025-11-29T08:30:59.854+0000][38.030s][info ][gc,phases   ] GC(63)   Pre Evacuate Collection Set: 0.3ms
[2025-11-29T08:30:59.854+0000][38.030s][info ][gc,phases   ] GC(63)   Merge Heap Roots: 0.3ms
[2025-11-29T08:30:59.854+0000][38.030s][info ][gc,phases   ] GC(63)   Evacuate Collection Set: 6.7ms
[2025-11-29T08:30:59.854+0000][38.030s][info ][gc,phases   ] GC(63)   Post Evacuate Collection Set: 2.1ms
[2025-11-29T08:30:59.854+0000][38.030s][info ][gc,phases   ] GC(63)   Other: 0.1ms
[2025-11-29T08:30:59.854+0000][38.030s][info ][gc,heap     ] GC(63) Eden regions: 143->0(141)
[2025-11-29T08:30:59.854+0000][38.030s][info ][gc,heap     ] GC(63) Survivor regions: 12->10(20)
[2025-11-29T08:30:59.854+0000][38.030s][info ][gc,heap     ] GC(63) Old regions: 234->240
[2025-11-29T08:30:59.854+0000][38.030s][info ][gc,heap     ] GC(63) Archive regions: 2->2
[2025-11-29T08:30:59.854+0000][38.030s][info ][gc,heap     ] GC(63) Humongous regions: 4->4
[2025-11-29T08:30:59.854+0000][38.030s][info ][gc,metaspace] GC(63) Metaspace: 146591K(147712K)->146591K(147712K) NonClass: 128733K(129280K)->128733K(129280K) Class: 17857K(18432K)->17857K(18432K)
[2025-11-29T08:30:59.854+0000][38.030s][info ][gc          ] GC(63) Pause Young (Normal) (G1 Evacuation Pause) 392M->254M(462M) 9.587ms
[2025-11-29T08:30:59.854+0000][38.030s][info ][gc,cpu      ] GC(63) User=0.05s Sys=0.04s Real=0.01s
[2025-11-29T08:30:59.854+0000][38.030s][info ][safepoint   ] Safepoint "G1CollectForAllocation", Time since last: 914661446 ns, Reaching safepoint: 44374 ns, Cleanup: 93628 ns, At safepoint: 9704680 ns, Total: 9842682 ns
[2025-11-29T08:31:00.055+0000][38.230s][info ][cds,heap    ] initialize_from_archived_subgraph jdk.internal.math.FDBigInteger 0x00007dbc7b14dd58
[2025-11-29T08:31:00.885+0000][39.061s][debug][safepoint   ] Safepoint synchronization initiated using futex wait barrier. (79 threads)
[2025-11-29T08:31:00.885+0000][39.061s][info ][safepoint   ] Safepoint "ICBufferFull", Time since last: 1030873354 ns, Reaching safepoint: 61717 ns, Cleanup: 143402 ns, At safepoint: 2635 ns, Total: 207754 ns
[2025-11-29T08:31:01.006+0000][39.182s][debug][safepoint   ] Safepoint synchronization initiated using futex wait barrier. (80 threads)
[2025-11-29T08:31:01.006+0000][39.182s][info ][gc,start    ] GC(64) Pause Young (Normal) (G1 Evacuation Pause)
[2025-11-29T08:31:01.006+0000][39.182s][info ][gc,task     ] GC(64) Using 13 workers of 13 for evacuation
[2025-11-29T08:31:01.014+0000][39.190s][info ][gc,phases   ] GC(64)   Pre Evacuate Collection Set: 0.5ms
[2025-11-29T08:31:01.014+0000][39.190s][info ][gc,phases   ] GC(64)   Merge Heap Roots: 0.4ms
[2025-11-29T08:31:01.014+0000][39.190s][info ][gc,phases   ] GC(64)   Evacuate Collection Set: 3.7ms
[2025-11-29T08:31:01.014+0000][39.190s][info ][gc,phases   ] GC(64)   Post Evacuate Collection Set: 3.0ms
[2025-11-29T08:31:01.014+0000][39.190s][info ][gc,phases   ] GC(64)   Other: 0.2ms
[2025-11-29T08:31:01.014+0000][39.190s][info ][gc,heap     ] GC(64) Eden regions: 141->0(140)
[2025-11-29T08:31:01.014+0000][39.190s][info ][gc,heap     ] GC(64) Survivor regions: 10->13(19)
[2025-11-29T08:31:01.014+0000][39.190s][info ][gc,heap     ] GC(64) Old regions: 240->240
[2025-11-29T08:31:01.014+0000][39.190s][info ][gc,heap     ] GC(64) Archive regions: 2->2
[2025-11-29T08:31:01.014+0000][39.190s][info ][gc,heap     ] GC(64) Humongous regions: 4->4
[2025-11-29T08:31:01.014+0000][39.190s][info ][gc,metaspace] GC(64) Metaspace: 151780K(152896K)->151780K(152896K) NonClass: 133324K(133888K)->133324K(133888K) Class: 18456K(19008K)->18456K(19008K)
[2025-11-29T08:31:01.014+0000][39.190s][info ][gc          ] GC(64) Pause Young (Normal) (G1 Evacuation Pause) 395M->256M(462M) 7.902ms
[2025-11-29T08:31:01.014+0000][39.190s][info ][gc,cpu      ] GC(64) User=0.06s Sys=0.01s Real=0.01s
[2025-11-29T08:31:01.014+0000][39.190s][info ][safepoint   ] Safepoint "G1CollectForAllocation", Time since last: 120957211 ns, Reaching safepoint: 67408 ns, Cleanup: 34005 ns, At safepoint: 8146941 ns, Total: 8248354 ns
[2025-11-29T08:31:01.418+0000][39.594s][debug][safepoint   ] Safepoint synchronization initiated using futex wait barrier. (81 threads)
[2025-11-29T08:31:01.419+0000][39.595s][info ][gc,start    ] GC(65) Pause Young (Concurrent Start) (Metadata GC Threshold)
[2025-11-29T08:31:01.419+0000][39.595s][info ][gc,task     ] GC(65) Using 13 workers of 13 for evacuation
[2025-11-29T08:31:01.455+0000][39.631s][info ][gc,phases   ] GC(65)   Pre Evacuate Collection Set: 0.7ms
[2025-11-29T08:31:01.455+0000][39.631s][info ][gc,phases   ] GC(65)   Merge Heap Roots: 0.4ms
[2025-11-29T08:31:01.455+0000][39.631s][info ][gc,phases   ] GC(65)   Evacuate Collection Set: 30.9ms
[2025-11-29T08:31:01.455+0000][39.631s][info ][gc,phases   ] GC(65)   Post Evacuate Collection Set: 3.5ms
[2025-11-29T08:31:01.455+0000][39.631s][info ][gc,phases   ] GC(65)   Other: 0.3ms
[2025-11-29T08:31:01.455+0000][39.631s][info ][gc,heap     ] GC(65) Eden regions: 65->0(142)
[2025-11-29T08:31:01.455+0000][39.631s][info ][gc,heap     ] GC(65) Survivor regions: 13->9(20)
[2025-11-29T08:31:01.455+0000][39.631s][info ][gc,heap     ] GC(65) Old regions: 240->244
[2025-11-29T08:31:01.456+0000][39.632s][info ][gc,heap     ] GC(65) Archive regions: 2->2
[2025-11-29T08:31:01.456+0000][39.632s][info ][gc,heap     ] GC(65) Humongous regions: 4->4
[2025-11-29T08:31:01.456+0000][39.632s][info ][gc,metaspace] GC(65) Metaspace: 153126K(154240K)->153126K(154240K) NonClass: 134489K(135040K)->134489K(135040K) Class: 18637K(19200K)->18637K(19200K)
[2025-11-29T08:31:01.456+0000][39.632s][info ][gc          ] GC(65) Pause Young (Concurrent Start) (Metadata GC Threshold) 320M->257M(462M) 36.755ms
[2025-11-29T08:31:01.456+0000][39.632s][info ][gc,cpu      ] GC(65) User=0.26s Sys=0.12s Real=0.04s
[2025-11-29T08:31:01.456+0000][39.632s][info ][gc          ] GC(66) Concurrent Mark Cycle
[2025-11-29T08:31:01.456+0000][39.632s][info ][gc,marking  ] GC(66) Concurrent Clear Claimed Marks
[2025-11-29T08:31:01.457+0000][39.632s][info ][safepoint   ] Safepoint "CollectForMetadataAllocation", Time since last: 403868798 ns, Reaching safepoint: 1084901 ns, Cleanup: 94940 ns, At safepoint: 37385319 ns, Total: 38565160 ns
[2025-11-29T08:31:01.457+0000][39.633s][info ][gc,marking  ] GC(66) Concurrent Clear Claimed Marks 0.483ms
[2025-11-29T08:31:01.457+0000][39.633s][info ][gc,marking  ] GC(66) Concurrent Scan Root Regions
[2025-11-29T08:31:01.465+0000][39.641s][info ][gc,marking  ] GC(66) Concurrent Scan Root Regions 8.528ms
[2025-11-29T08:31:01.465+0000][39.641s][info ][gc,marking  ] GC(66) Concurrent Mark
[2025-11-29T08:31:01.465+0000][39.641s][info ][gc,marking  ] GC(66) Concurrent Mark From Roots
[2025-11-29T08:31:01.465+0000][39.641s][info ][gc,task     ] GC(66) Using 3 workers of 3 for marking
[2025-11-29T08:31:01.619+0000][39.794s][info ][gc,marking  ] GC(66) Concurrent Mark From Roots 153.329ms
[2025-11-29T08:31:01.619+0000][39.795s][info ][gc,marking  ] GC(66) Concurrent Preclean
[2025-11-29T08:31:01.619+0000][39.795s][info ][gc,marking  ] GC(66) Concurrent Preclean 0.446ms
[2025-11-29T08:31:01.619+0000][39.795s][debug][safepoint   ] Safepoint synchronization initiated using futex wait barrier. (81 threads)
[2025-11-29T08:31:01.620+0000][39.796s][info ][gc,start    ] GC(66) Pause Remark
[2025-11-29T08:31:01.627+0000][39.803s][info ][gc          ] GC(66) Pause Remark 275M->219M(462M) 7.001ms
[2025-11-29T08:31:01.627+0000][39.803s][info ][gc,cpu      ] GC(66) User=0.06s Sys=0.00s Real=0.01s
[2025-11-29T08:31:01.627+0000][39.803s][info ][safepoint   ] Safepoint "G1PauseRemark", Time since last: 162630487 ns, Reaching safepoint: 452431 ns, Cleanup: 19487 ns, At safepoint: 7361663 ns, Total: 7833581 ns
[2025-11-29T08:31:01.627+0000][39.803s][info ][gc,marking  ] GC(66) Concurrent Mark 161.849ms
[2025-11-29T08:31:01.627+0000][39.803s][info ][gc,marking  ] GC(66) Concurrent Rebuild Remembered Sets
[2025-11-29T08:31:01.675+0000][39.851s][info ][gc,marking  ] GC(66) Concurrent Rebuild Remembered Sets 48.078ms
[2025-11-29T08:31:01.676+0000][39.851s][debug][safepoint   ] Safepoint synchronization initiated using futex wait barrier. (81 threads)
[2025-11-29T08:31:01.676+0000][39.851s][info ][gc,start    ] GC(66) Pause Cleanup
[2025-11-29T08:31:01.676+0000][39.852s][info ][gc          ] GC(66) Pause Cleanup 225M->225M(462M) 0.620ms
[2025-11-29T08:31:01.676+0000][39.852s][info ][gc,cpu      ] GC(66) User=0.00s Sys=0.00s Real=0.00s
[2025-11-29T08:31:01.676+0000][39.852s][info ][safepoint   ] Safepoint "G1PauseCleanup", Time since last: 48322090 ns, Reaching safepoint: 137421 ns, Cleanup: 3927 ns, At safepoint: 762168 ns, Total: 903516 ns
[2025-11-29T08:31:01.676+0000][39.852s][info ][gc,marking  ] GC(66) Concurrent Cleanup for Next Mark
[2025-11-29T08:31:01.680+0000][39.856s][info ][gc,marking  ] GC(66) Concurrent Cleanup for Next Mark 3.589ms
[2025-11-29T08:31:01.680+0000][39.856s][info ][gc          ] GC(66) Concurrent Mark Cycle 223.852ms
[2025-11-29T08:31:02.349+0000][40.524s][debug][safepoint   ] Safepoint synchronization initiated using futex wait barrier. (82 threads)
[2025-11-29T08:31:02.349+0000][40.524s][info ][gc,start    ] GC(67) Pause Young (Prepare Mixed) (G1 Evacuation Pause)
[2025-11-29T08:31:02.349+0000][40.524s][info ][gc,task     ] GC(67) Using 13 workers of 13 for evacuation
[2025-11-29T08:31:02.355+0000][40.531s][info ][gc,phases   ] GC(67)   Pre Evacuate Collection Set: 0.4ms
[2025-11-29T08:31:02.355+0000][40.531s][info ][gc,phases   ] GC(67)   Merge Heap Roots: 0.3ms
[2025-11-29T08:31:02.355+0000][40.531s][info ][gc,phases   ] GC(67)   Evacuate Collection Set: 3.8ms
[2025-11-29T08:31:02.355+0000][40.531s][info ][gc,phases   ] GC(67)   Post Evacuate Collection Set: 1.9ms
[2025-11-29T08:31:02.355+0000][40.531s][info ][gc,phases   ] GC(67)   Other: 0.2ms
[2025-11-29T08:31:02.355+0000][40.531s][info ][gc,heap     ] GC(67) Eden regions: 142->0(12)
[2025-11-29T08:31:02.355+0000][40.531s][info ][gc,heap     ] GC(67) Survivor regions: 9->11(19)
[2025-11-29T08:31:02.355+0000][40.531s][info ][gc,heap     ] GC(67) Old regions: 192->192
[2025-11-29T08:31:02.355+0000][40.531s][info ][gc,heap     ] GC(67) Archive regions: 2->2
[2025-11-29T08:31:02.355+0000][40.531s][info ][gc,heap     ] GC(67) Humongous regions: 0->0
[2025-11-29T08:31:02.355+0000][40.531s][info ][gc,metaspace] GC(67) Metaspace: 154950K(156032K)->154950K(156032K) NonClass: 136022K(136576K)->136022K(136576K) Class: 18928K(19456K)->18928K(19456K)
[2025-11-29T08:31:02.355+0000][40.531s][info ][gc          ] GC(67) Pause Young (Prepare Mixed) (G1 Evacuation Pause) 343M->203M(462M) 6.538ms
[2025-11-29T08:31:02.355+0000][40.531s][info ][gc,cpu      ] GC(67) User=0.05s Sys=0.01s Real=0.01s
[2025-11-29T08:31:02.355+0000][40.531s][info ][safepoint   ] Safepoint "G1CollectForAllocation", Time since last: 672129763 ns, Reaching safepoint: 67559 ns, Cleanup: 62799 ns, At safepoint: 6715633 ns, Total: 6845991 ns
[2025-11-29T08:31:02.392+0000][40.567s][debug][safepoint   ] Safepoint synchronization initiated using futex wait barrier. (82 threads)
[2025-11-29T08:31:02.392+0000][40.568s][info ][gc,start    ] GC(68) Pause Young (Mixed) (G1 Evacuation Pause)
[2025-11-29T08:31:02.392+0000][40.568s][info ][gc,task     ] GC(68) Using 13 workers of 13 for evacuation
[2025-11-29T08:31:02.398+0000][40.574s][info ][gc,phases   ] GC(68)   Pre Evacuate Collection Set: 0.3ms
[2025-11-29T08:31:02.398+0000][40.574s][info ][gc,phases   ] GC(68)   Merge Heap Roots: 0.3ms
[2025-11-29T08:31:02.398+0000][40.574s][info ][gc,phases   ] GC(68)   Evacuate Collection Set: 4.0ms
[2025-11-29T08:31:02.398+0000][40.574s][info ][gc,phases   ] GC(68)   Post Evacuate Collection Set: 1.7ms
[2025-11-29T08:31:02.398+0000][40.574s][info ][gc,phases   ] GC(68)   Other: 0.1ms
[2025-11-29T08:31:02.398+0000][40.574s][info ][gc,heap     ] GC(68) Eden regions: 12->0(21)
[2025-11-29T08:31:02.398+0000][40.574s][info ][gc,heap     ] GC(68) Survivor regions: 11->2(3)
[2025-11-29T08:31:02.398+0000][40.574s][info ][gc,heap     ] GC(68) Old regions: 192->156
[2025-11-29T08:31:02.398+0000][40.574s][info ][gc,heap     ] GC(68) Archive regions: 2->2
[2025-11-29T08:31:02.398+0000][40.574s][info ][gc,heap     ] GC(68) Humongous regions: 0->0
[2025-11-29T08:31:02.398+0000][40.574s][info ][gc,metaspace] GC(68) Metaspace: 154984K(156096K)->154984K(156096K) NonClass: 136055K(136640K)->136055K(136640K) Class: 18928K(19456K)->18928K(19456K)
[2025-11-29T08:31:02.398+0000][40.574s][info ][gc          ] GC(68) Pause Young (Mixed) (G1 Evacuation Pause) 215M->157M(462M) 6.594ms
[2025-11-29T08:31:02.398+0000][40.574s][info ][gc,cpu      ] GC(68) User=0.05s Sys=0.00s Real=0.01s
[2025-11-29T08:31:02.399+0000][40.574s][info ][safepoint   ] Safepoint "G1CollectForAllocation", Time since last: 36335866 ns, Reaching safepoint: 51568 ns, Cleanup: 11001 ns, At safepoint: 6799552 ns, Total: 6862121 ns
[2025-11-29T08:31:02.458+0000][40.633s][debug][safepoint   ] Safepoint synchronization initiated using futex wait barrier. (82 threads)
[2025-11-29T08:31:02.458+0000][40.633s][info ][gc,start    ] GC(69) Pause Young (Mixed) (G1 Evacuation Pause)
[2025-11-29T08:31:02.458+0000][40.633s][info ][gc,task     ] GC(69) Using 13 workers of 13 for evacuation
[2025-11-29T08:31:02.462+0000][40.638s][info ][gc,phases   ] GC(69)   Pre Evacuate Collection Set: 0.4ms
[2025-11-29T08:31:02.462+0000][40.638s][info ][gc,phases   ] GC(69)   Merge Heap Roots: 0.4ms
[2025-11-29T08:31:02.462+0000][40.638s][info ][gc,phases   ] GC(69)   Evacuate Collection Set: 2.2ms
[2025-11-29T08:31:02.462+0000][40.638s][info ][gc,phases   ] GC(69)   Post Evacuate Collection Set: 1.6ms
[2025-11-29T08:31:02.462+0000][40.638s][info ][gc,phases   ] GC(69)   Other: 0.1ms
[2025-11-29T08:31:02.462+0000][40.638s][info ][gc,heap     ] GC(69) Eden regions: 21->0(239)
[2025-11-29T08:31:02.462+0000][40.638s][info ][gc,heap     ] GC(69) Survivor regions: 2->3(3)
[2025-11-29T08:31:02.462+0000][40.638s][info ][gc,heap     ] GC(69) Old regions: 156->153
[2025-11-29T08:31:02.462+0000][40.638s][info ][gc,heap     ] GC(69) Archive regions: 2->2
[2025-11-29T08:31:02.462+0000][40.638s][info ][gc,heap     ] GC(69) Humongous regions: 0->0
[2025-11-29T08:31:02.462+0000][40.638s][info ][gc,metaspace] GC(69) Metaspace: 155055K(156224K)->155055K(156224K) NonClass: 136121K(136704K)->136121K(136704K) Class: 18934K(19520K)->18934K(19520K)
[2025-11-29T08:31:02.462+0000][40.638s][info ][gc          ] GC(69) Pause Young (Mixed) (G1 Evacuation Pause) 178M->155M(462M) 4.789ms
[2025-11-29T08:31:02.463+0000][40.638s][info ][gc,cpu      ] GC(69) User=0.04s Sys=0.00s Real=0.00s
[2025-11-29T08:31:02.463+0000][40.639s][info ][safepoint   ] Safepoint "G1CollectForAllocation", Time since last: 58974288 ns, Reaching safepoint: 73981 ns, Cleanup: 36038 ns, At safepoint: 5145042 ns, Total: 5255061 ns
[2025-11-29T08:31:03.596+0000][41.772s][debug][safepoint   ] Safepoint synchronization initiated using futex wait barrier. (80 threads)
[2025-11-29T08:31:03.596+0000][41.772s][info ][safepoint   ] Safepoint "ICBufferFull", Time since last: 1133316198 ns, Reaching safepoint: 108342 ns, Cleanup: 221472 ns, At safepoint: 4849 ns, Total: 334663 ns
[2025-11-29T08:31:03.931+0000][42.107s][debug][safepoint   ] Safepoint synchronization initiated using futex wait barrier. (81 threads)
[2025-11-29T08:31:03.931+0000][42.107s][info ][gc,start    ] GC(70) Pause Young (Normal) (G1 Evacuation Pause)
[2025-11-29T08:31:03.931+0000][42.107s][info ][gc,task     ] GC(70) Using 13 workers of 13 for evacuation
[2025-11-29T08:31:03.938+0000][42.114s][info ][gc,phases   ] GC(70)   Pre Evacuate Collection Set: 0.5ms
[2025-11-29T08:31:03.938+0000][42.114s][info ][gc,phases   ] GC(70)   Merge Heap Roots: 0.4ms
[2025-11-29T08:31:03.938+0000][42.114s][info ][gc,phases   ] GC(70)   Evacuate Collection Set: 4.1ms
[2025-11-29T08:31:03.938+0000][42.114s][info ][gc,phases   ] GC(70)   Post Evacuate Collection Set: 2.0ms
[2025-11-29T08:31:03.938+0000][42.114s][info ][gc,phases   ] GC(70)   Other: 0.2ms
[2025-11-29T08:31:03.938+0000][42.114s][info ][gc,heap     ] GC(70) Eden regions: 239->0(229)
[2025-11-29T08:31:03.938+0000][42.114s][info ][gc,heap     ] GC(70) Survivor regions: 3->8(31)
[2025-11-29T08:31:03.938+0000][42.114s][info ][gc,heap     ] GC(70) Old regions: 153->153
[2025-11-29T08:31:03.938+0000][42.114s][info ][gc,heap     ] GC(70) Archive regions: 2->2
[2025-11-29T08:31:03.938+0000][42.114s][info ][gc,heap     ] GC(70) Humongous regions: 0->0
[2025-11-29T08:31:03.938+0000][42.114s][info ][gc,metaspace] GC(70) Metaspace: 158001K(159168K)->158001K(159168K) NonClass: 138614K(139200K)->138614K(139200K) Class: 19386K(19968K)->19386K(19968K)
[2025-11-29T08:31:03.938+0000][42.114s][info ][gc          ] GC(70) Pause Young (Normal) (G1 Evacuation Pause) 394M->161M(462M) 7.229ms
[2025-11-29T08:31:03.938+0000][42.114s][info ][gc,cpu      ] GC(70) User=0.04s Sys=0.00s Real=0.01s
[2025-11-29T08:31:03.938+0000][42.114s][info ][safepoint   ] Safepoint "G1CollectForAllocation", Time since last: 334365070 ns, Reaching safepoint: 62286 ns, Cleanup: 34134 ns, At safepoint: 7418539 ns, Total: 7514959 ns
[2025-11-29T08:31:04.923+0000][43.099s][debug][safepoint   ] Safepoint synchronization initiated using futex wait barrier. (97 threads)
[2025-11-29T08:31:04.924+0000][43.099s][info ][safepoint   ] Safepoint "ICBufferFull", Time since last: 985083088 ns, Reaching safepoint: 52809 ns, Cleanup: 166171 ns, At safepoint: 38121 ns, Total: 257101 ns
[2025-11-29T08:31:05.154+0000][43.329s][debug][safepoint   ] Safepoint synchronization initiated using futex wait barrier. (97 threads)
[2025-11-29T08:31:05.154+0000][43.330s][info ][gc,start    ] GC(71) Pause Young (Normal) (G1 Evacuation Pause)
[2025-11-29T08:31:05.154+0000][43.330s][info ][gc,task     ] GC(71) Using 13 workers of 13 for evacuation
[2025-11-29T08:31:05.162+0000][43.337s][info ][gc,phases   ] GC(71)   Pre Evacuate Collection Set: 0.3ms
[2025-11-29T08:31:05.162+0000][43.337s][info ][gc,phases   ] GC(71)   Merge Heap Roots: 0.3ms
[2025-11-29T08:31:05.162+0000][43.337s][info ][gc,phases   ] GC(71)   Evacuate Collection Set: 4.7ms
[2025-11-29T08:31:05.162+0000][43.337s][info ][gc,phases   ] GC(71)   Post Evacuate Collection Set: 2.3ms
[2025-11-29T08:31:05.162+0000][43.337s][info ][gc,phases   ] GC(71)   Other: 0.1ms
[2025-11-29T08:31:05.162+0000][43.337s][info ][gc,heap     ] GC(71) Eden regions: 229->0(227)
[2025-11-29T08:31:05.162+0000][43.337s][info ][gc,heap     ] GC(71) Survivor regions: 8->13(30)
[2025-11-29T08:31:05.162+0000][43.337s][info ][gc,heap     ] GC(71) Old regions: 153->153
[2025-11-29T08:31:05.162+0000][43.337s][info ][gc,heap     ] GC(71) Archive regions: 2->2
[2025-11-29T08:31:05.162+0000][43.337s][info ][gc,heap     ] GC(71) Humongous regions: 0->0
[2025-11-29T08:31:05.162+0000][43.337s][info ][gc,metaspace] GC(71) Metaspace: 161486K(162688K)->161486K(162688K) NonClass: 141566K(142208K)->141566K(142208K) Class: 19919K(20480K)->19919K(20480K)
[2025-11-29T08:31:05.162+0000][43.337s][info ][gc          ] GC(71) Pause Young (Normal) (G1 Evacuation Pause) 390M->165M(462M) 7.890ms
[2025-11-29T08:31:05.162+0000][43.338s][info ][gc,cpu      ] GC(71) User=0.05s Sys=0.01s Real=0.01s
[2025-11-29T08:31:05.162+0000][43.338s][info ][safepoint   ] Safepoint "G1CollectForAllocation", Time since last: 230050836 ns, Reaching safepoint: 47459 ns, Cleanup: 36398 ns, At safepoint: 8033487 ns, Total: 8117344 ns
[2025-11-29T08:31:05.738+0000][43.914s][debug][safepoint   ] Safepoint synchronization initiated using futex wait barrier. (145 threads)
[2025-11-29T08:31:05.738+0000][43.914s][info ][safepoint   ] Safepoint "ICBufferFull", Time since last: 576376348 ns, Reaching safepoint: 61565 ns, Cleanup: 185998 ns, At safepoint: 3216 ns, Total: 250779 ns
[2025-11-29T08:31:06.006+0000][44.182s][debug][safepoint   ] Safepoint synchronization initiated using futex wait barrier. (146 threads)
[2025-11-29T08:31:06.007+0000][44.182s][info ][gc,start    ] GC(72) Pause Young (Normal) (G1 Evacuation Pause)
[2025-11-29T08:31:06.007+0000][44.182s][info ][gc,task     ] GC(72) Using 13 workers of 13 for evacuation
[2025-11-29T08:31:06.018+0000][44.193s][info ][gc,phases   ] GC(72)   Pre Evacuate Collection Set: 0.4ms
[2025-11-29T08:31:06.018+0000][44.193s][info ][gc,phases   ] GC(72)   Merge Heap Roots: 0.3ms
[2025-11-29T08:31:06.018+0000][44.193s][info ][gc,phases   ] GC(72)   Evacuate Collection Set: 7.9ms
[2025-11-29T08:31:06.018+0000][44.193s][info ][gc,phases   ] GC(72)   Post Evacuate Collection Set: 2.2ms
[2025-11-29T08:31:06.018+0000][44.193s][info ][gc,phases   ] GC(72)   Other: 0.2ms
[2025-11-29T08:31:06.018+0000][44.193s][info ][gc,heap     ] GC(72) Eden regions: 227->0(208)
[2025-11-29T08:31:06.018+0000][44.193s][info ][gc,heap     ] GC(72) Survivor regions: 13->26(30)
[2025-11-29T08:31:06.018+0000][44.193s][info ][gc,heap     ] GC(72) Old regions: 153->153
[2025-11-29T08:31:06.018+0000][44.193s][info ][gc,heap     ] GC(72) Archive regions: 2->2
[2025-11-29T08:31:06.018+0000][44.193s][info ][gc,heap     ] GC(72) Humongous regions: 0->0
[2025-11-29T08:31:06.018+0000][44.193s][info ][gc,metaspace] GC(72) Metaspace: 166095K(167360K)->166095K(167360K) NonClass: 145619K(146304K)->145619K(146304K) Class: 20476K(21056K)->20476K(21056K)
[2025-11-29T08:31:06.018+0000][44.193s][info ][gc          ] GC(72) Pause Young (Normal) (G1 Evacuation Pause) 392M->178M(462M) 11.095ms
[2025-11-29T08:31:06.018+0000][44.194s][info ][gc,cpu      ] GC(72) User=0.12s Sys=0.02s Real=0.02s
[2025-11-29T08:31:06.018+0000][44.194s][info ][safepoint   ] Safepoint "G1CollectForAllocation", Time since last: 267916943 ns, Reaching safepoint: 74329 ns, Cleanup: 139220 ns, At safepoint: 11381558 ns, Total: 11595107 ns
[2025-11-29T08:31:06.265+0000][44.440s][debug][safepoint   ] Safepoint synchronization initiated using futex wait barrier. (146 threads)
[2025-11-29T08:31:06.265+0000][44.441s][info ][gc,start    ] GC(73) Pause Young (Normal) (G1 Evacuation Pause)
[2025-11-29T08:31:06.265+0000][44.441s][info ][gc,task     ] GC(73) Using 13 workers of 13 for evacuation
[2025-11-29T08:31:06.298+0000][44.473s][info ][gc,phases   ] GC(73)   Pre Evacuate Collection Set: 0.4ms
[2025-11-29T08:31:06.298+0000][44.473s][info ][gc,phases   ] GC(73)   Merge Heap Roots: 0.3ms
[2025-11-29T08:31:06.298+0000][44.473s][info ][gc,phases   ] GC(73)   Evacuate Collection Set: 29.6ms
[2025-11-29T08:31:06.298+0000][44.473s][info ][gc,phases   ] GC(73)   Post Evacuate Collection Set: 2.1ms
[2025-11-29T08:31:06.298+0000][44.473s][info ][gc,phases   ] GC(73)   Other: 0.2ms
[2025-11-29T08:31:06.298+0000][44.473s][info ][gc,heap     ] GC(73) Eden regions: 208->0(136)
[2025-11-29T08:31:06.298+0000][44.473s][info ][gc,heap     ] GC(73) Survivor regions: 26->30(30)
[2025-11-29T08:31:06.298+0000][44.473s][info ][gc,heap     ] GC(73) Old regions: 153->196
[2025-11-29T08:31:06.298+0000][44.473s][info ][gc,heap     ] GC(73) Archive regions: 2->2
[2025-11-29T08:31:06.298+0000][44.473s][info ][gc,heap     ] GC(73) Humongous regions: 4->4
[2025-11-29T08:31:06.298+0000][44.473s][info ][gc,metaspace] GC(73) Metaspace: 167404K(168640K)->167404K(168640K) NonClass: 146747K(147392K)->146747K(147392K) Class: 20656K(21248K)->20656K(21248K)
[2025-11-29T08:31:06.298+0000][44.473s][info ][gc          ] GC(73) Pause Young (Normal) (G1 Evacuation Pause) 390M->230M(466M) 32.755ms
[2025-11-29T08:31:06.298+0000][44.474s][info ][gc,cpu      ] GC(73) User=0.30s Sys=0.05s Real=0.04s
[2025-11-29T08:31:06.299+0000][44.475s][info ][safepoint   ] Safepoint "G1CollectForAllocation", Time since last: 246710447 ns, Reaching safepoint: 169827 ns, Cleanup: 64200 ns, At safepoint: 33897003 ns, Total: 34131030 ns
[2025-11-29T08:31:06.433+0000][44.610s][debug][safepoint   ] Safepoint synchronization initiated using futex wait barrier. (141 threads)
[2025-11-29T08:31:06.433+0000][44.610s][info ][gc,start    ] GC(74) Pause Young (Concurrent Start) (G1 Evacuation Pause)
[2025-11-29T08:31:06.433+0000][44.610s][info ][gc,task     ] GC(74) Using 13 workers of 13 for evacuation
[2025-11-29T08:31:06.446+0000][44.623s][info ][gc,phases   ] GC(74)   Pre Evacuate Collection Set: 0.5ms
[2025-11-29T08:31:06.446+0000][44.623s][info ][gc,phases   ] GC(74)   Merge Heap Roots: 0.4ms
[2025-11-29T08:31:06.446+0000][44.623s][info ][gc,phases   ] GC(74)   Evacuate Collection Set: 10.7ms
[2025-11-29T08:31:06.446+0000][44.623s][info ][gc,phases   ] GC(74)   Post Evacuate Collection Set: 1.4ms
[2025-11-29T08:31:06.446+0000][44.623s][info ][gc,phases   ] GC(74)   Other: 0.2ms
[2025-11-29T08:31:06.446+0000][44.623s][info ][gc,heap     ] GC(74) Eden regions: 136->0(123)
[2025-11-29T08:31:06.446+0000][44.623s][info ][gc,heap     ] GC(74) Survivor regions: 30->14(21)
[2025-11-29T08:31:06.446+0000][44.623s][info ][gc,heap     ] GC(74) Old regions: 196->229
[2025-11-29T08:31:06.446+0000][44.623s][info ][gc,heap     ] GC(74) Archive regions: 2->2
[2025-11-29T08:31:06.446+0000][44.623s][info ][gc,heap     ] GC(74) Humongous regions: 4->4
[2025-11-29T08:31:06.446+0000][44.623s][info ][gc,metaspace] GC(74) Metaspace: 168289K(169536K)->168289K(169536K) NonClass: 147513K(148160K)->147513K(148160K) Class: 20775K(21376K)->20775K(21376K)
[2025-11-29T08:31:06.446+0000][44.623s][info ][gc          ] GC(74) Pause Young (Concurrent Start) (G1 Evacuation Pause) 366M->247M(466M) 13.196ms
[2025-11-29T08:31:06.446+0000][44.623s][info ][gc,cpu      ] GC(74) User=0.12s Sys=0.01s Real=0.02s
[2025-11-29T08:31:06.447+0000][44.623s][info ][gc          ] GC(75) Concurrent Mark Cycle
[2025-11-29T08:31:06.447+0000][44.623s][info ][gc,marking  ] GC(75) Concurrent Clear Claimed Marks
[2025-11-29T08:31:06.447+0000][44.623s][info ][safepoint   ] Safepoint "G1CollectForAllocation", Time since last: 134935609 ns, Reaching safepoint: 170689 ns, Cleanup: 24747 ns, At safepoint: 13414732 ns, Total: 13610168 ns
[2025-11-29T08:31:06.447+0000][44.623s][info ][gc,marking  ] GC(75) Concurrent Clear Claimed Marks 0.200ms
[2025-11-29T08:31:06.447+0000][44.623s][info ][gc,marking  ] GC(75) Concurrent Scan Root Regions
[2025-11-29T08:31:06.456+0000][44.632s][info ][gc,marking  ] GC(75) Concurrent Scan Root Regions 8.860ms
[2025-11-29T08:31:06.456+0000][44.632s][info ][gc,marking  ] GC(75) Concurrent Mark
[2025-11-29T08:31:06.456+0000][44.632s][info ][gc,marking  ] GC(75) Concurrent Mark From Roots
[2025-11-29T08:31:06.456+0000][44.632s][info ][gc,task     ] GC(75) Using 3 workers of 3 for marking
[2025-11-29T08:31:06.537+0000][44.714s][info ][gc,marking  ] GC(75) Concurrent Mark From Roots 81.782ms
[2025-11-29T08:31:06.538+0000][44.714s][info ][gc,marking  ] GC(75) Concurrent Preclean
[2025-11-29T08:31:06.538+0000][44.715s][info ][gc,marking  ] GC(75) Concurrent Preclean 0.629ms
[2025-11-29T08:31:06.538+0000][44.715s][debug][safepoint   ] Safepoint synchronization initiated using futex wait barrier. (144 threads)
[2025-11-29T08:31:06.539+0000][44.715s][info ][gc,start    ] GC(75) Pause Remark
[2025-11-29T08:31:06.545+0000][44.722s][info ][gc          ] GC(75) Pause Remark 287M->283M(475M) 6.493ms
[2025-11-29T08:31:06.545+0000][44.722s][info ][gc,cpu      ] GC(75) User=0.04s Sys=0.00s Real=0.00s
[2025-11-29T08:31:06.545+0000][44.722s][info ][safepoint   ] Safepoint "G1PauseRemark", Time since last: 91789617 ns, Reaching safepoint: 157374 ns, Cleanup: 49984 ns, At safepoint: 6750285 ns, Total: 6957643 ns
[2025-11-29T08:31:06.546+0000][44.722s][info ][gc,marking  ] GC(75) Concurrent Mark 90.045ms
[2025-11-29T08:31:06.546+0000][44.722s][info ][gc,marking  ] GC(75) Concurrent Rebuild Remembered Sets
[2025-11-29T08:31:06.610+0000][44.786s][info ][gc,marking  ] GC(75) Concurrent Rebuild Remembered Sets 63.873ms
[2025-11-29T08:31:06.610+0000][44.786s][debug][safepoint   ] Safepoint synchronization initiated using futex wait barrier. (152 threads)
[2025-11-29T08:31:06.610+0000][44.787s][info ][gc,start    ] GC(75) Pause Cleanup
[2025-11-29T08:31:06.610+0000][44.787s][info ][gc          ] GC(75) Pause Cleanup 305M->305M(475M) 0.459ms
[2025-11-29T08:31:06.611+0000][44.787s][info ][gc,cpu      ] GC(75) User=0.00s Sys=0.00s Real=0.00s
[2025-11-29T08:31:06.611+0000][44.787s][info ][safepoint   ] Safepoint "G1PauseCleanup", Time since last: 64357456 ns, Reaching safepoint: 226533 ns, Cleanup: 62187 ns, At safepoint: 960006 ns, Total: 1248726 ns
[2025-11-29T08:31:06.611+0000][44.788s][info ][gc,marking  ] GC(75) Concurrent Cleanup for Next Mark
[2025-11-29T08:31:06.615+0000][44.791s][info ][gc,marking  ] GC(75) Concurrent Cleanup for Next Mark 3.339ms
[2025-11-29T08:31:06.615+0000][44.791s][info ][gc          ] GC(75) Concurrent Mark Cycle 168.119ms
[2025-11-29T08:31:06.718+0000][44.894s][debug][safepoint   ] Safepoint synchronization initiated using futex wait barrier. (161 threads)
[2025-11-29T08:31:06.718+0000][44.895s][info ][gc,start    ] GC(76) Pause Young (Prepare Mixed) (G1 Evacuation Pause)
[2025-11-29T08:31:06.718+0000][44.895s][info ][gc,task     ] GC(76) Using 13 workers of 13 for evacuation
[2025-11-29T08:31:06.726+0000][44.902s][info ][gc,phases   ] GC(76)   Pre Evacuate Collection Set: 0.3ms
[2025-11-29T08:31:06.726+0000][44.902s][info ][gc,phases   ] GC(76)   Merge Heap Roots: 0.3ms
[2025-11-29T08:31:06.726+0000][44.902s][info ][gc,phases   ] GC(76)   Evacuate Collection Set: 5.5ms
[2025-11-29T08:31:06.726+0000][44.902s][info ][gc,phases   ] GC(76)   Post Evacuate Collection Set: 1.5ms
[2025-11-29T08:31:06.726+0000][44.902s][info ][gc,phases   ] GC(76)   Other: 0.1ms
[2025-11-29T08:31:06.726+0000][44.902s][info ][gc,heap     ] GC(76) Eden regions: 123->0(17)
[2025-11-29T08:31:06.726+0000][44.902s][info ][gc,heap     ] GC(76) Survivor regions: 14->6(18)
[2025-11-29T08:31:06.726+0000][44.902s][info ][gc,heap     ] GC(76) Old regions: 229->244
[2025-11-29T08:31:06.726+0000][44.902s][info ][gc,heap     ] GC(76) Archive regions: 2->2
[2025-11-29T08:31:06.726+0000][44.902s][info ][gc,heap     ] GC(76) Humongous regions: 0->0
[2025-11-29T08:31:06.726+0000][44.902s][info ][gc,metaspace] GC(76) Metaspace: 171511K(172800K)->171511K(172800K) NonClass: 150286K(150976K)->150286K(150976K) Class: 21225K(21824K)->21225K(21824K)
[2025-11-29T08:31:06.726+0000][44.903s][info ][gc          ] GC(76) Pause Young (Prepare Mixed) (G1 Evacuation Pause) 366M->249M(475M) 7.948ms
[2025-11-29T08:31:06.726+0000][44.903s][info ][gc,cpu      ] GC(76) User=0.07s Sys=0.00s Real=0.00s
[2025-11-29T08:31:06.726+0000][44.903s][info ][safepoint   ] Safepoint "G1CollectForAllocation", Time since last: 106789564 ns, Reaching safepoint: 158767 ns, Cleanup: 96070 ns, At safepoint: 8369804 ns, Total: 8624641 ns
[2025-11-29T08:31:06.759+0000][44.935s][debug][safepoint   ] Safepoint synchronization initiated using futex wait barrier. (174 threads)
[2025-11-29T08:31:06.759+0000][44.936s][info ][gc,start    ] GC(77) Pause Young (Mixed) (G1 Evacuation Pause)
[2025-11-29T08:31:06.759+0000][44.936s][info ][gc,task     ] GC(77) Using 13 workers of 13 for evacuation
[2025-11-29T08:31:06.774+0000][44.950s][info ][gc,phases   ] GC(77)   Pre Evacuate Collection Set: 0.4ms
[2025-11-29T08:31:06.774+0000][44.950s][info ][gc,phases   ] GC(77)   Merge Heap Roots: 0.3ms
[2025-11-29T08:31:06.774+0000][44.950s][info ][gc,phases   ] GC(77)   Evacuate Collection Set: 5.9ms
[2025-11-29T08:31:06.774+0000][44.950s][info ][gc,phases   ] GC(77)   Post Evacuate Collection Set: 7.5ms
[2025-11-29T08:31:06.774+0000][44.950s][info ][gc,phases   ] GC(77)   Other: 0.2ms
[2025-11-29T08:31:06.774+0000][44.950s][info ][gc,heap     ] GC(77) Eden regions: 17->0(332)
[2025-11-29T08:31:06.774+0000][44.950s][info ][gc,heap     ] GC(77) Survivor regions: 6->3(3)
[2025-11-29T08:31:06.774+0000][44.950s][info ][gc,heap     ] GC(77) Old regions: 244->216
[2025-11-29T08:31:06.774+0000][44.950s][info ][gc,heap     ] GC(77) Archive regions: 2->2
[2025-11-29T08:31:06.774+0000][44.950s][info ][gc,heap     ] GC(77) Humongous regions: 0->0
[2025-11-29T08:31:06.774+0000][44.950s][info ][gc,metaspace] GC(77) Metaspace: 171774K(173056K)->171774K(173056K) NonClass: 150520K(151168K)->150520K(151168K) Class: 21253K(21888K)->21253K(21888K)
[2025-11-29T08:31:06.774+0000][44.950s][info ][gc          ] GC(77) Pause Young (Mixed) (G1 Evacuation Pause) 266M->219M(703M) 14.401ms
[2025-11-29T08:31:06.774+0000][44.950s][info ][gc,cpu      ] GC(77) User=0.08s Sys=0.00s Real=0.01s
[2025-11-29T08:31:06.774+0000][44.951s][info ][safepoint   ] Safepoint "G1CollectForAllocation", Time since last: 32409801 ns, Reaching safepoint: 362859 ns, Cleanup: 70943 ns, At safepoint: 14817946 ns, Total: 15251748 ns
[2025-11-29T08:31:07.205+0000][45.381s][debug][safepoint   ] ... found polling page loop exception at pc = 0x00007dbcdde92c9f, stub =0x00007dbcdca04400
[2025-11-29T08:31:07.513+0000][45.690s][debug][safepoint   ] Safepoint synchronization initiated using futex wait barrier. (239 threads)
[2025-11-29T08:31:07.513+0000][45.690s][info ][safepoint   ] Safepoint "ICBufferFull", Time since last: 739032335 ns, Reaching safepoint: 194193 ns, Cleanup: 135593 ns, At safepoint: 49122 ns, Total: 378908 ns
[2025-11-29T08:31:07.651+0000][45.827s][debug][safepoint   ] Safepoint synchronization initiated using futex wait barrier. (239 threads)
[2025-11-29T08:31:07.651+0000][45.828s][info ][gc,start    ] GC(78) Pause Young (Normal) (G1 Evacuation Pause)
[2025-11-29T08:31:07.651+0000][45.828s][info ][gc,task     ] GC(78) Using 13 workers of 13 for evacuation
[2025-11-29T08:31:07.663+0000][45.840s][info ][gc,phases   ] GC(78)   Pre Evacuate Collection Set: 0.5ms
[2025-11-29T08:31:07.663+0000][45.840s][info ][gc,phases   ] GC(78)   Merge Heap Roots: 0.3ms
[2025-11-29T08:31:07.663+0000][45.840s][info ][gc,phases   ] GC(78)   Evacuate Collection Set: 9.2ms
[2025-11-29T08:31:07.663+0000][45.840s][info ][gc,phases   ] GC(78)   Post Evacuate Collection Set: 2.0ms
[2025-11-29T08:31:07.663+0000][45.840s][info ][gc,phases   ] GC(78)   Other: 0.2ms
[2025-11-29T08:31:07.663+0000][45.840s][info ][gc,heap     ] GC(78) Eden regions: 332->0(305)
[2025-11-29T08:31:07.663+0000][45.840s][info ][gc,heap     ] GC(78) Survivor regions: 3->32(42)
[2025-11-29T08:31:07.663+0000][45.840s][info ][gc,heap     ] GC(78) Old regions: 216->216
[2025-11-29T08:31:07.663+0000][45.840s][info ][gc,heap     ] GC(78) Archive regions: 2->2
[2025-11-29T08:31:07.663+0000][45.840s][info ][gc,heap     ] GC(78) Humongous regions: 1->1
[2025-11-29T08:31:07.663+0000][45.840s][info ][gc,metaspace] GC(78) Metaspace: 177414K(178816K)->177414K(178816K) NonClass: 155431K(156160K)->155431K(156160K) Class: 21983K(22656K)->21983K(22656K)
[2025-11-29T08:31:07.663+0000][45.840s][info ][gc          ] GC(78) Pause Young (Normal) (G1 Evacuation Pause) 552M->248M(703M) 12.270ms
[2025-11-29T08:31:07.663+0000][45.840s][info ][gc,cpu      ] GC(78) User=0.11s Sys=0.00s Real=0.01s
[2025-11-29T08:31:07.664+0000][45.841s][info ][safepoint   ] Safepoint "G1CollectForAllocation", Time since last: 137369263 ns, Reaching safepoint: 97222 ns, Cleanup: 55644 ns, At safepoint: 13272233 ns, Total: 13425099 ns
[2025-11-29T08:31:07.995+0000][46.172s][debug][safepoint   ] Safepoint synchronization initiated using futex wait barrier. (241 threads)
[2025-11-29T08:31:07.996+0000][46.172s][info ][safepoint   ] Safepoint "ICBufferFull", Time since last: 331036857 ns, Reaching safepoint: 271387 ns, Cleanup: 188393 ns, At safepoint: 88766 ns, Total: 548546 ns
[2025-11-29T08:31:08.316+0000][46.493s][debug][safepoint   ] Safepoint synchronization initiated using futex wait barrier. (250 threads)
[2025-11-29T08:31:08.316+0000][46.493s][debug][safepoint   ] ... found polling page loop exception at pc = 0x00007dbcddab07bd, stub =0x00007dbcdca04400
[2025-11-29T08:31:08.317+0000][46.493s][info ][safepoint   ] Safepoint "ICBufferFull", Time since last: 320421627 ns, Reaching safepoint: 182753 ns, Cleanup: 150772 ns, At safepoint: 49683 ns, Total: 383208 ns
[2025-11-29T08:31:08.327+0000][46.503s][debug][safepoint   ] Safepoint synchronization initiated using futex wait barrier. (250 threads)
[2025-11-29T08:31:08.327+0000][46.504s][info ][gc,start    ] GC(79) Pause Young (Normal) (G1 Evacuation Pause)
[2025-11-29T08:31:08.327+0000][46.504s][info ][gc,task     ] GC(79) Using 13 workers of 13 for evacuation
[2025-11-29T08:31:08.345+0000][46.521s][info ][gc,phases   ] GC(79)   Pre Evacuate Collection Set: 0.8ms
[2025-11-29T08:31:08.345+0000][46.521s][info ][gc,phases   ] GC(79)   Merge Heap Roots: 0.5ms
[2025-11-29T08:31:08.345+0000][46.521s][info ][gc,phases   ] GC(79)   Evacuate Collection Set: 14.2ms
[2025-11-29T08:31:08.345+0000][46.521s][info ][gc,phases   ] GC(79)   Post Evacuate Collection Set: 2.0ms
[2025-11-29T08:31:08.345+0000][46.521s][info ][gc,phases   ] GC(79)   Other: 0.2ms
[2025-11-29T08:31:08.345+0000][46.521s][info ][gc,heap     ] GC(79) Eden regions: 305->0(279)
[2025-11-29T08:31:08.345+0000][46.521s][info ][gc,heap     ] GC(79) Survivor regions: 32->28(43)
[2025-11-29T08:31:08.345+0000][46.521s][info ][gc,heap     ] GC(79) Old regions: 216->247
[2025-11-29T08:31:08.345+0000][46.521s][info ][gc,heap     ] GC(79) Archive regions: 2->2
[2025-11-29T08:31:08.345+0000][46.521s][info ][gc,heap     ] GC(79) Humongous regions: 13->5
[2025-11-29T08:31:08.345+0000][46.521s][info ][gc,metaspace] GC(79) Metaspace: 180473K(181824K)->180473K(181824K) NonClass: 158177K(158912K)->158177K(158912K) Class: 22295K(22912K)->22295K(22912K)
[2025-11-29T08:31:08.345+0000][46.522s][info ][gc          ] GC(79) Pause Young (Normal) (G1 Evacuation Pause) 565M->279M(703M) 17.928ms
[2025-11-29T08:31:08.345+0000][46.522s][info ][gc,cpu      ] GC(79) User=0.21s Sys=0.01s Real=0.01s
[2025-11-29T08:31:08.346+0000][46.522s][info ][safepoint   ] Safepoint "G1CollectForAllocation", Time since last: 10049598 ns, Reaching safepoint: 316161 ns, Cleanup: 26439 ns, At safepoint: 18803472 ns, Total: 19146072 ns
[2025-11-29T08:31:08.598+0000][46.775s][debug][safepoint   ] Safepoint synchronization initiated using futex wait barrier. (250 threads)
[2025-11-29T08:31:08.598+0000][46.775s][info ][gc,start    ] GC(80) Pause Young (Normal) (G1 Evacuation Pause)
[2025-11-29T08:31:08.598+0000][46.775s][info ][gc,task     ] GC(80) Using 13 workers of 13 for evacuation
[2025-11-29T08:31:08.627+0000][46.804s][info ][gc,phases   ] GC(80)   Pre Evacuate Collection Set: 0.4ms
[2025-11-29T08:31:08.627+0000][46.804s][info ][gc,phases   ] GC(80)   Merge Heap Roots: 0.3ms
[2025-11-29T08:31:08.627+0000][46.804s][info ][gc,phases   ] GC(80)   Evacuate Collection Set: 26.3ms
[2025-11-29T08:31:08.627+0000][46.804s][info ][gc,phases   ] GC(80)   Post Evacuate Collection Set: 1.6ms
[2025-11-29T08:31:08.627+0000][46.804s][info ][gc,phases   ] GC(80)   Other: 0.2ms
[2025-11-29T08:31:08.627+0000][46.804s][info ][gc,heap     ] GC(80) Eden regions: 279->0(189)
[2025-11-29T08:31:08.627+0000][46.804s][info ][gc,heap     ] GC(80) Survivor regions: 28->39(39)
[2025-11-29T08:31:08.627+0000][46.804s][info ][gc,heap     ] GC(80) Old regions: 247->306
[2025-11-29T08:31:08.627+0000][46.804s][info ][gc,heap     ] GC(80) Archive regions: 2->2
[2025-11-29T08:31:08.627+0000][46.804s][info ][gc,heap     ] GC(80) Humongous regions: 10->10
[2025-11-29T08:31:08.627+0000][46.804s][info ][gc,metaspace] GC(80) Metaspace: 182943K(184256K)->182943K(184256K) NonClass: 160391K(161088K)->160391K(161088K) Class: 22552K(23168K)->22552K(23168K)
[2025-11-29T08:31:08.627+0000][46.804s][info ][gc          ] GC(80) Pause Young (Normal) (G1 Evacuation Pause) 563M->355M(703M) 28.900ms
[2025-11-29T08:31:08.627+0000][46.804s][info ][gc,cpu      ] GC(80) User=0.32s Sys=0.00s Real=0.03s
[2025-11-29T08:31:08.629+0000][46.805s][info ][safepoint   ] Safepoint "G1CollectForAllocation", Time since last: 252291886 ns, Reaching safepoint: 176841 ns, Cleanup: 89638 ns, At safepoint: 30307137 ns, Total: 30573616 ns
[2025-11-29T08:31:08.822+0000][46.999s][debug][safepoint   ] Safepoint synchronization initiated using futex wait barrier. (249 threads)
[2025-11-29T08:31:08.822+0000][46.999s][debug][safepoint   ] ... found polling page loop exception at pc = 0x00007dbcdd8d0090, stub =0x00007dbcdca04400
[2025-11-29T08:31:08.823+0000][46.999s][info ][gc,start    ] GC(81) Pause Young (Normal) (G1 Evacuation Pause)
[2025-11-29T08:31:08.823+0000][46.999s][info ][gc,task     ] GC(81) Using 13 workers of 13 for evacuation
[2025-11-29T08:31:08.851+0000][47.028s][info ][gc,phases   ] GC(81)   Pre Evacuate Collection Set: 0.4ms
[2025-11-29T08:31:08.851+0000][47.028s][info ][gc,phases   ] GC(81)   Merge Heap Roots: 0.3ms
[2025-11-29T08:31:08.851+0000][47.028s][info ][gc,phases   ] GC(81)   Evacuate Collection Set: 26.0ms
[2025-11-29T08:31:08.851+0000][47.028s][info ][gc,phases   ] GC(81)   Post Evacuate Collection Set: 1.6ms
[2025-11-29T08:31:08.851+0000][47.028s][info ][gc,phases   ] GC(81)   Other: 0.2ms
[2025-11-29T08:31:08.851+0000][47.028s][info ][gc,heap     ] GC(81) Eden regions: 189->0(131)
[2025-11-29T08:31:08.851+0000][47.028s][info ][gc,heap     ] GC(81) Survivor regions: 39->29(29)
[2025-11-29T08:31:08.851+0000][47.028s][info ][gc,heap     ] GC(81) Old regions: 306->374
[2025-11-29T08:31:08.851+0000][47.028s][info ][gc,heap     ] GC(81) Archive regions: 2->2
[2025-11-29T08:31:08.851+0000][47.028s][info ][gc,heap     ] GC(81) Humongous regions: 13->13
[2025-11-29T08:31:08.851+0000][47.028s][info ][gc,metaspace] GC(81) Metaspace: 183937K(185216K)->183937K(185216K) NonClass: 161280K(161920K)->161280K(161920K) Class: 22657K(23296K)->22657K(23296K)
[2025-11-29T08:31:08.851+0000][47.028s][info ][gc          ] GC(81) Pause Young (Normal) (G1 Evacuation Pause) 547M->416M(703M) 28.607ms
[2025-11-29T08:31:08.851+0000][47.028s][info ][gc,cpu      ] GC(81) User=0.33s Sys=0.01s Real=0.03s
[2025-11-29T08:31:08.853+0000][47.029s][info ][safepoint   ] Safepoint "G1CollectForAllocation", Time since last: 193711967 ns, Reaching safepoint: 169077 ns, Cleanup: 25788 ns, At safepoint: 30008939 ns, Total: 30203804 ns
[2025-11-29T08:31:09.020+0000][47.196s][debug][safepoint   ] Safepoint synchronization initiated using futex wait barrier. (257 threads)
[2025-11-29T08:31:09.021+0000][47.197s][info ][safepoint   ] Safepoint "ICBufferFull", Time since last: 167308210 ns, Reaching safepoint: 216044 ns, Cleanup: 172853 ns, At safepoint: 309599 ns, Total: 698496 ns
[2025-11-29T08:31:09.344+0000][47.520s][debug][safepoint   ] Safepoint synchronization initiated using futex wait barrier. (267 threads)
[2025-11-29T08:31:09.344+0000][47.521s][info ][safepoint   ] Safepoint "ICBufferFull", Time since last: 323281049 ns, Reaching safepoint: 80440 ns, Cleanup: 190046 ns, At safepoint: 123320 ns, Total: 393806 ns
[2025-11-29T08:31:09.368+0000][47.544s][debug][safepoint   ] Safepoint synchronization initiated using futex wait barrier. (268 threads)
[2025-11-29T08:31:09.368+0000][47.545s][info ][gc,start    ] GC(82) Pause Young (Normal) (G1 Evacuation Pause)
[2025-11-29T08:31:09.368+0000][47.545s][info ][gc,task     ] GC(82) Using 13 workers of 13 for evacuation
[2025-11-29T08:31:09.385+0000][47.561s][info ][gc,phases   ] GC(82)   Pre Evacuate Collection Set: 0.6ms
[2025-11-29T08:31:09.385+0000][47.561s][info ][gc,phases   ] GC(82)   Merge Heap Roots: 0.4ms
[2025-11-29T08:31:09.385+0000][47.561s][info ][gc,phases   ] GC(82)   Evacuate Collection Set: 14.0ms
[2025-11-29T08:31:09.385+0000][47.561s][info ][gc,phases   ] GC(82)   Post Evacuate Collection Set: 1.6ms
[2025-11-29T08:31:09.385+0000][47.561s][info ][gc,phases   ] GC(82)   Other: 0.2ms
[2025-11-29T08:31:09.385+0000][47.561s][info ][gc,heap     ] GC(82) Eden regions: 131->0(128)
[2025-11-29T08:31:09.385+0000][47.561s][info ][gc,heap     ] GC(82) Survivor regions: 29->12(20)
[2025-11-29T08:31:09.385+0000][47.561s][info ][gc,heap     ] GC(82) Old regions: 374->408
[2025-11-29T08:31:09.385+0000][47.561s][info ][gc,heap     ] GC(82) Archive regions: 2->2
[2025-11-29T08:31:09.385+0000][47.561s][info ][gc,heap     ] GC(82) Humongous regions: 29->11
[2025-11-29T08:31:09.385+0000][47.561s][info ][gc,metaspace] GC(82) Metaspace: 188301K(189696K)->188301K(189696K) NonClass: 165151K(165888K)->165151K(165888K) Class: 23150K(23808K)->23150K(23808K)
[2025-11-29T08:31:09.385+0000][47.561s][info ][gc          ] GC(82) Pause Young (Normal) (G1 Evacuation Pause) 563M->430M(703M) 16.853ms
[2025-11-29T08:31:09.385+0000][47.562s][info ][gc,cpu      ] GC(82) User=0.18s Sys=0.00s Real=0.01s
[2025-11-29T08:31:09.386+0000][47.562s][info ][safepoint   ] Safepoint "G1CollectForAllocation", Time since last: 23630865 ns, Reaching safepoint: 60663 ns, Cleanup: 30347 ns, At safepoint: 17791984 ns, Total: 17882994 ns
[2025-11-29T08:31:09.738+0000][47.914s][debug][safepoint   ] Safepoint synchronization initiated using futex wait barrier. (269 threads)
[2025-11-29T08:31:09.738+0000][47.915s][info ][safepoint   ] Safepoint "ICBufferFull", Time since last: 351734269 ns, Reaching safepoint: 88315 ns, Cleanup: 147687 ns, At safepoint: 535812 ns, Total: 771814 ns
[2025-11-29T08:31:11.078+0000][49.255s][debug][safepoint   ] Safepoint synchronization initiated using futex wait barrier. (267 threads)
[2025-11-29T08:31:11.079+0000][49.255s][info ][safepoint   ] Safepoint "Cleanup", Time since last: 1340091803 ns, Reaching safepoint: 185096 ns, Cleanup: 298899 ns, At safepoint: 13676 ns, Total: 497671 ns
[2025-11-29T08:31:13.643+0000][51.820s][debug][safepoint   ] Safepoint synchronization initiated using futex wait barrier. (265 threads)
[2025-11-29T08:31:13.644+0000][51.820s][info ][gc,start    ] GC(83) Pause Young (Normal) (G1 Evacuation Pause)
[2025-11-29T08:31:13.644+0000][51.820s][info ][gc,task     ] GC(83) Using 13 workers of 13 for evacuation
[2025-11-29T08:31:13.658+0000][51.835s][info ][gc,phases   ] GC(83)   Pre Evacuate Collection Set: 0.3ms
[2025-11-29T08:31:13.658+0000][51.835s][info ][gc,phases   ] GC(83)   Merge Heap Roots: 0.3ms
[2025-11-29T08:31:13.658+0000][51.835s][info ][gc,phases   ] GC(83)   Evacuate Collection Set: 11.7ms
[2025-11-29T08:31:13.658+0000][51.835s][info ][gc,phases   ] GC(83)   Post Evacuate Collection Set: 1.9ms
[2025-11-29T08:31:13.658+0000][51.835s][info ][gc,phases   ] GC(83)   Other: 0.4ms
[2025-11-29T08:31:13.658+0000][51.835s][info ][gc,heap     ] GC(83) Eden regions: 128->0(136)
[2025-11-29T08:31:13.658+0000][51.835s][info ][gc,heap     ] GC(83) Survivor regions: 12->15(18)
[2025-11-29T08:31:13.658+0000][51.835s][info ][gc,heap     ] GC(83) Old regions: 408->408
[2025-11-29T08:31:13.658+0000][51.835s][info ][gc,heap     ] GC(83) Archive regions: 2->2
[2025-11-29T08:31:13.658+0000][51.835s][info ][gc,heap     ] GC(83) Humongous regions: 11->11
[2025-11-29T08:31:13.658+0000][51.835s][info ][gc,metaspace] GC(83) Metaspace: 191031K(192448K)->191031K(192448K) NonClass: 167649K(168384K)->167649K(168384K) Class: 23381K(24064K)->23381K(24064K)
[2025-11-29T08:31:13.658+0000][51.835s][info ][gc          ] GC(83) Pause Young (Normal) (G1 Evacuation Pause) 558M->433M(703M) 14.545ms
[2025-11-29T08:31:13.658+0000][51.835s][info ][gc,cpu      ] GC(83) User=0.13s Sys=0.01s Real=0.02s
[2025-11-29T08:31:13.659+0000][51.835s][info ][safepoint   ] Safepoint "G1CollectForAllocation", Time since last: 2564387363 ns, Reaching safepoint: 210098 ns, Cleanup: 30280 ns, At safepoint: 15194877 ns, Total: 15435255 ns
[2025-11-29T08:31:15.659+0000][53.836s][debug][safepoint   ] Safepoint synchronization initiated using futex wait barrier. (264 threads)
[2025-11-29T08:31:15.659+0000][53.836s][info ][safepoint   ] Safepoint "Cleanup", Time since last: 2000295895 ns, Reaching safepoint: 157694 ns, Cleanup: 28056 ns, At safepoint: 76923 ns, Total: 262673 ns
[2025-11-29T08:31:18.660+0000][56.837s][debug][safepoint   ] Safepoint synchronization initiated using futex wait barrier. (264 threads)
[2025-11-29T08:31:18.661+0000][56.837s][info ][safepoint   ] Safepoint "Cleanup", Time since last: 3000734823 ns, Reaching safepoint: 404555 ns, Cleanup: 71014 ns, At safepoint: 25428 ns, Total: 500997 ns
[2025-11-29T08:31:20.661+0000][58.838s][debug][safepoint   ] Safepoint synchronization initiated using futex wait barrier. (264 threads)
[2025-11-29T08:31:20.662+0000][58.839s][info ][safepoint   ] Safepoint "Cleanup", Time since last: 2000612015 ns, Reaching safepoint: 739461 ns, Cleanup: 108506 ns, At safepoint: 27432 ns, Total: 875399 ns
[2025-11-29T08:31:23.983+0000][62.159s][debug][safepoint   ] Safepoint synchronization initiated using futex wait barrier. (265 threads)
[2025-11-29T08:31:23.983+0000][62.159s][info ][safepoint   ] Safepoint "Cleanup", Time since last: 3320447378 ns, Reaching safepoint: 399016 ns, Cleanup: 63430 ns, At safepoint: 5851 ns, Total: 468297 ns
[2025-11-29T08:31:24.983+0000][63.160s][debug][safepoint   ] Safepoint synchronization initiated using futex wait barrier. (265 threads)
[2025-11-29T08:31:24.983+0000][63.160s][info ][safepoint   ] Safepoint "Cleanup", Time since last: 1000207781 ns, Reaching safepoint: 116100 ns, Cleanup: 23063 ns, At safepoint: 3828 ns, Total: 142991 ns
[2025-11-29T08:31:28.984+0000][67.160s][debug][safepoint   ] Safepoint synchronization initiated using futex wait barrier. (267 threads)
[2025-11-29T08:31:28.984+0000][67.161s][info ][safepoint   ] Safepoint "Cleanup", Time since last: 4000575488 ns, Reaching safepoint: 310029 ns, Cleanup: 36288 ns, At safepoint: 3957 ns, Total: 350274 ns
[2025-11-29T08:31:33.985+0000][72.161s][debug][safepoint   ] Safepoint synchronization initiated using futex wait barrier. (267 threads)
[2025-11-29T08:31:33.985+0000][72.162s][info ][safepoint   ] Safepoint "Cleanup", Time since last: 5000722144 ns, Reaching safepoint: 201947 ns, Cleanup: 32641 ns, At safepoint: 4749 ns, Total: 239337 ns
[2025-11-29T08:31:39.985+0000][78.163s][debug][safepoint   ] Safepoint synchronization initiated using futex wait barrier. (268 threads)
[2025-11-29T08:31:39.986+0000][78.164s][info ][safepoint   ] Safepoint "Cleanup", Time since last: 6001803775 ns, Reaching safepoint: 187355 ns, Cleanup: 28513 ns, At safepoint: 6081 ns, Total: 221949 ns
[2025-11-29T08:31:42.986+0000][81.164s][debug][safepoint   ] Safepoint synchronization initiated using futex wait barrier. (268 threads)
[2025-11-29T08:31:42.987+0000][81.165s][info ][safepoint   ] Safepoint "Cleanup", Time since last: 3000777197 ns, Reaching safepoint: 292632 ns, Cleanup: 86613 ns, At safepoint: 120798 ns, Total: 500043 ns
[2025-11-29T08:31:43.988+0000][82.166s][debug][safepoint   ] Safepoint synchronization initiated using futex wait barrier. (269 threads)
[2025-11-29T08:31:43.988+0000][82.166s][info ][safepoint   ] Safepoint "Cleanup", Time since last: 1000699154 ns, Reaching safepoint: 107984 ns, Cleanup: 27121 ns, At safepoint: 4288 ns, Total: 139393 ns
[2025-11-29T08:31:45.988+0000][84.166s][debug][safepoint   ] Safepoint synchronization initiated using futex wait barrier. (269 threads)
[2025-11-29T08:31:45.988+0000][84.166s][info ][safepoint   ] Safepoint "Cleanup", Time since last: 2000384316 ns, Reaching safepoint: 175596 ns, Cleanup: 16424 ns, At safepoint: 4539 ns, Total: 196559 ns
[2025-11-29T08:31:48.989+0000][87.167s][debug][safepoint   ] Safepoint synchronization initiated using futex wait barrier. (270 threads)
[2025-11-29T08:31:48.989+0000][87.167s][info ][safepoint   ] Safepoint "Cleanup", Time since last: 3000586468 ns, Reaching safepoint: 135917 ns, Cleanup: 41219 ns, At safepoint: 5610 ns, Total: 182746 ns
[2025-11-29T08:31:53.990+0000][92.168s][debug][safepoint   ] Safepoint synchronization initiated using futex wait barrier. (271 threads)
[2025-11-29T08:31:53.990+0000][92.168s][info ][safepoint   ] Safepoint "Cleanup", Time since last: 5000987269 ns, Reaching safepoint: 153399 ns, Cleanup: 34256 ns, At safepoint: 5762 ns, Total: 193417 ns
[2025-11-29T08:31:58.991+0000][97.169s][debug][safepoint   ] Safepoint synchronization initiated using futex wait barrier. (271 threads)
[2025-11-29T08:31:58.991+0000][97.169s][info ][safepoint   ] Safepoint "Cleanup", Time since last: 5000835126 ns, Reaching safepoint: 265676 ns, Cleanup: 27814 ns, At safepoint: 8266 ns, Total: 301756 ns
[2025-11-29T08:32:03.992+0000][102.170s][debug][safepoint   ] Safepoint synchronization initiated using futex wait barrier. (272 threads)
[2025-11-29T08:32:03.992+0000][102.171s][info ][safepoint   ] Safepoint "Cleanup", Time since last: 5000936520 ns, Reaching safepoint: 175283 ns, Cleanup: 36759 ns, At safepoint: 7725 ns, Total: 219767 ns
[2025-11-29T08:32:05.993+0000][104.171s][debug][safepoint   ] Safepoint synchronization initiated using futex wait barrier. (270 threads)
[2025-11-29T08:32:05.993+0000][104.171s][info ][safepoint   ] Safepoint "Cleanup", Time since last: 2000355804 ns, Reaching safepoint: 183850 ns, Cleanup: 127392 ns, At safepoint: 7925 ns, Total: 319167 ns
[2025-11-29T08:32:07.991+0000][106.172s][debug][safepoint   ] Safepoint synchronization initiated using futex wait barrier. (266 threads)
[2025-11-29T08:32:07.991+0000][106.172s][info ][safepoint   ] Safepoint "Cleanup", Time since last: 2000789377 ns, Reaching safepoint: 134956 ns, Cleanup: 23605 ns, At safepoint: 4318 ns, Total: 162879 ns
[2025-11-29T08:32:08.992+0000][107.172s][debug][safepoint   ] Safepoint synchronization initiated using futex wait barrier. (265 threads)
[2025-11-29T08:32:08.992+0000][107.173s][info ][safepoint   ] Safepoint "Cleanup", Time since last: 1000153488 ns, Reaching safepoint: 174292 ns, Cleanup: 31260 ns, At safepoint: 5931 ns, Total: 211483 ns
[2025-11-29T08:32:09.993+0000][108.174s][debug][safepoint   ] Safepoint synchronization initiated using futex wait barrier. (264 threads)
[2025-11-29T08:32:09.994+0000][108.175s][info ][safepoint   ] Safepoint "Cleanup", Time since last: 1001329877 ns, Reaching safepoint: 313529 ns, Cleanup: 34376 ns, At safepoint: 351671 ns, Total: 699576 ns
[2025-11-29T08:32:11.994+0000][110.175s][debug][safepoint   ] Safepoint synchronization initiated using futex wait barrier. (264 threads)
[2025-11-29T08:32:11.995+0000][110.175s][info ][safepoint   ] Safepoint "Cleanup", Time since last: 2000507025 ns, Reaching safepoint: 132212 ns, Cleanup: 23495 ns, At safepoint: 4599 ns, Total: 160306 ns
[2025-11-29T08:32:13.995+0000][112.176s][debug][safepoint   ] Safepoint synchronization initiated using futex wait barrier. (262 threads)
[2025-11-29T08:32:13.995+0000][112.176s][info ][safepoint   ] Safepoint "Cleanup", Time since last: 2000382637 ns, Reaching safepoint: 198118 ns, Cleanup: 37732 ns, At safepoint: 5931 ns, Total: 241781 ns
[2025-11-29T08:32:18.996+0000][117.177s][debug][safepoint   ] Safepoint synchronization initiated using futex wait barrier. (262 threads)
[2025-11-29T08:32:18.997+0000][117.177s][info ][safepoint   ] Safepoint "Cleanup", Time since last: 5001140595 ns, Reaching safepoint: 190494 ns, Cleanup: 30029 ns, At safepoint: 5992 ns, Total: 226515 ns
[2025-11-29T08:32:20.997+0000][119.178s][debug][safepoint   ] Safepoint synchronization initiated using futex wait barrier. (262 threads)
[2025-11-29T08:32:20.997+0000][119.178s][info ][safepoint   ] Safepoint "Cleanup", Time since last: 2000334262 ns, Reaching safepoint: 72683 ns, Cleanup: 12254 ns, At safepoint: 2856 ns, Total: 87793 ns
[2025-11-29T08:32:24.022+0000][122.203s][debug][safepoint   ] Safepoint synchronization initiated using futex wait barrier. (262 threads)
[2025-11-29T08:32:24.022+0000][122.203s][info ][safepoint   ] Safepoint "Cleanup", Time since last: 3025441689 ns, Reaching safepoint: 70859 ns, Cleanup: 15060 ns, At safepoint: 2986 ns, Total: 88905 ns
[2025-11-29T08:32:25.023+0000][123.203s][debug][safepoint   ] Safepoint synchronization initiated using futex wait barrier. (263 threads)
[2025-11-29T08:32:25.023+0000][123.204s][info ][safepoint   ] Safepoint "Cleanup", Time since last: 1000203466 ns, Reaching safepoint: 118120 ns, Cleanup: 21932 ns, At safepoint: 4870 ns, Total: 144922 ns
[2025-11-29T08:32:26.023+0000][124.204s][debug][safepoint   ] Safepoint synchronization initiated using futex wait barrier. (262 threads)
[2025-11-29T08:32:26.023+0000][124.204s][info ][safepoint   ] Safepoint "Cleanup", Time since last: 1000150952 ns, Reaching safepoint: 81800 ns, Cleanup: 14007 ns, At safepoint: 2615 ns, Total: 98422 ns
[2025-11-29T08:32:29.024+0000][127.204s][debug][safepoint   ] Safepoint synchronization initiated using futex wait barrier. (262 threads)
[2025-11-29T08:32:29.024+0000][127.205s][info ][safepoint   ] Safepoint "Cleanup", Time since last: 3000533836 ns, Reaching safepoint: 136676 ns, Cleanup: 29388 ns, At safepoint: 5951 ns, Total: 172015 ns
[2025-11-29T08:32:34.025+0000][132.205s][debug][safepoint   ] Safepoint synchronization initiated using futex wait barrier. (262 threads)
[2025-11-29T08:32:34.025+0000][132.205s][info ][safepoint   ] Safepoint "Cleanup", Time since last: 5000780960 ns, Reaching safepoint: 114301 ns, Cleanup: 18946 ns, At safepoint: 5210 ns, Total: 138457 ns
[2025-11-29T08:32:40.206+0000][138.388s][debug][safepoint   ] Safepoint synchronization initiated using futex wait barrier. (262 threads)
[2025-11-29T08:32:40.206+0000][138.389s][info ][gc,start    ] GC(84) Pause Young (Normal) (G1 Evacuation Pause)
[2025-11-29T08:32:40.206+0000][138.389s][info ][gc,task     ] GC(84) Using 13 workers of 13 for evacuation
[2025-11-29T08:32:40.218+0000][138.401s][info ][gc,phases   ] GC(84)   Pre Evacuate Collection Set: 0.7ms
[2025-11-29T08:32:40.219+0000][138.401s][info ][gc,phases   ] GC(84)   Merge Heap Roots: 0.4ms
[2025-11-29T08:32:40.219+0000][138.401s][info ][gc,phases   ] GC(84)   Evacuate Collection Set: 7.9ms
[2025-11-29T08:32:40.219+0000][138.401s][info ][gc,phases   ] GC(84)   Post Evacuate Collection Set: 2.6ms
[2025-11-29T08:32:40.219+0000][138.401s][info ][gc,phases   ] GC(84)   Other: 0.8ms
[2025-11-29T08:32:40.219+0000][138.401s][info ][gc,heap     ] GC(84) Eden regions: 136->0(145)
[2025-11-29T08:32:40.219+0000][138.401s][info ][gc,heap     ] GC(84) Survivor regions: 15->7(19)
[2025-11-29T08:32:40.219+0000][138.401s][info ][gc,heap     ] GC(84) Old regions: 408->418
[2025-11-29T08:32:40.219+0000][138.401s][info ][gc,heap     ] GC(84) Archive regions: 2->2
[2025-11-29T08:32:40.219+0000][138.401s][info ][gc,heap     ] GC(84) Humongous regions: 11->11
[2025-11-29T08:32:40.219+0000][138.401s][info ][gc,metaspace] GC(84) Metaspace: 191796K(193216K)->191796K(193216K) NonClass: 168359K(169088K)->168359K(169088K) Class: 23436K(24128K)->23436K(24128K)
[2025-11-29T08:32:40.219+0000][138.401s][info ][gc          ] GC(84) Pause Young (Normal) (G1 Evacuation Pause) 569M->435M(703M) 12.423ms
[2025-11-29T08:32:40.219+0000][138.401s][info ][gc,cpu      ] GC(84) User=0.10s Sys=0.01s Real=0.01s
[2025-11-29T08:32:40.219+0000][138.401s][info ][safepoint   ] Safepoint "G1CollectForAllocation", Time since last: 6182712708 ns, Reaching safepoint: 228260 ns, Cleanup: 32724 ns, At safepoint: 13036054 ns, Total: 13297038 ns
[2025-11-29T08:32:42.219+0000][140.402s][debug][safepoint   ] Safepoint synchronization initiated using futex wait barrier. (262 threads)
[2025-11-29T08:32:42.220+0000][140.402s][info ][safepoint   ] Safepoint "Cleanup", Time since last: 2000341431 ns, Reaching safepoint: 175359 ns, Cleanup: 32102 ns, At safepoint: 6883 ns, Total: 214344 ns
[2025-11-29T08:32:44.220+0000][142.402s][debug][safepoint   ] Safepoint synchronization initiated using futex wait barrier. (262 threads)
[2025-11-29T08:32:44.220+0000][142.403s][info ][safepoint   ] Safepoint "Cleanup", Time since last: 2000330593 ns, Reaching safepoint: 123559 ns, Cleanup: 33986 ns, At safepoint: 4268 ns, Total: 161813 ns
[2025-11-29T08:32:48.221+0000][146.403s][debug][safepoint   ] Safepoint synchronization initiated using futex wait barrier. (262 threads)
[2025-11-29T08:32:48.221+0000][146.404s][info ][safepoint   ] Safepoint "Cleanup", Time since last: 4000861788 ns, Reaching safepoint: 83562 ns, Cleanup: 14999 ns, At safepoint: 72881 ns, Total: 171442 ns
[2025-11-29T08:32:56.222+0000][154.405s][debug][safepoint   ] Safepoint synchronization initiated using futex wait barrier. (262 threads)
[2025-11-29T08:32:56.222+0000][154.405s][info ][safepoint   ] Safepoint "Cleanup", Time since last: 8001029515 ns, Reaching safepoint: 226244 ns, Cleanup: 22845 ns, At safepoint: 4639 ns, Total: 253728 ns
[2025-11-29T08:32:59.223+0000][157.405s][debug][safepoint   ] Safepoint synchronization initiated using futex wait barrier. (262 threads)
[2025-11-29T08:32:59.223+0000][157.405s][info ][safepoint   ] Safepoint "Cleanup", Time since last: 3000418799 ns, Reaching safepoint: 172924 ns, Cleanup: 29006 ns, At safepoint: 4328 ns, Total: 206258 ns
[2025-11-29T08:33:04.224+0000][162.406s][debug][safepoint   ] Safepoint synchronization initiated using futex wait barrier. (262 threads)
[2025-11-29T08:33:04.224+0000][162.406s][info ][safepoint   ] Safepoint "Cleanup", Time since last: 5000725146 ns, Reaching safepoint: 135812 ns, Cleanup: 46149 ns, At safepoint: 5330 ns, Total: 187291 ns
[2025-11-29T08:33:06.224+0000][164.407s][debug][safepoint   ] Safepoint synchronization initiated using futex wait barrier. (262 threads)
[2025-11-29T08:33:06.225+0000][164.407s][info ][safepoint   ] Safepoint "Cleanup", Time since last: 2000396281 ns, Reaching safepoint: 162927 ns, Cleanup: 31970 ns, At safepoint: 4919 ns, Total: 199816 ns
[2025-11-29T08:33:09.222+0000][167.407s][debug][safepoint   ] Safepoint synchronization initiated using futex wait barrier. (258 threads)
[2025-11-29T08:33:09.223+0000][167.408s][info ][safepoint   ] Safepoint "Cleanup", Time since last: 3000410765 ns, Reaching safepoint: 129204 ns, Cleanup: 23073 ns, At safepoint: 5330 ns, Total: 157607 ns
[2025-11-29T08:33:10.223+0000][168.408s][debug][safepoint   ] Safepoint synchronization initiated using futex wait barrier. (257 threads)
[2025-11-29T08:33:10.223+0000][168.408s][info ][safepoint   ] Safepoint "Cleanup", Time since last: 1000335419 ns, Reaching safepoint: 158569 ns, Cleanup: 33954 ns, At safepoint: 5821 ns, Total: 198344 ns
[2025-11-29T08:33:13.224+0000][171.409s][debug][safepoint   ] Safepoint synchronization initiated using futex wait barrier. (257 threads)
[2025-11-29T08:33:13.224+0000][171.409s][info ][safepoint   ] Safepoint "Cleanup", Time since last: 3000529954 ns, Reaching safepoint: 105032 ns, Cleanup: 11782 ns, At safepoint: 3738 ns, Total: 120552 ns
[2025-11-29T08:33:15.224+0000][173.409s][debug][safepoint   ] Safepoint synchronization initiated using futex wait barrier. (257 threads)
[2025-11-29T08:33:15.224+0000][173.409s][info ][safepoint   ] Safepoint "Cleanup", Time since last: 2000347334 ns, Reaching safepoint: 173855 ns, Cleanup: 28916 ns, At safepoint: 4759 ns, Total: 207530 ns
[2025-11-29T08:33:19.225+0000][177.410s][debug][safepoint   ] Safepoint synchronization initiated using futex wait barrier. (257 threads)
[2025-11-29T08:33:19.225+0000][177.410s][info ][safepoint   ] Safepoint "Cleanup", Time since last: 4000639197 ns, Reaching safepoint: 157754 ns, Cleanup: 27142 ns, At safepoint: 4228 ns, Total: 189124 ns
[2025-11-29T08:33:25.058+0000][183.243s][debug][safepoint   ] Safepoint synchronization initiated using futex wait barrier. (257 threads)
[2025-11-29T08:33:25.058+0000][183.243s][info ][safepoint   ] Safepoint "Cleanup", Time since last: 5832991631 ns, Reaching safepoint: 160449 ns, Cleanup: 35419 ns, At safepoint: 5170 ns, Total: 201038 ns
[2025-11-29T08:33:29.059+0000][187.244s][debug][safepoint   ] Safepoint synchronization initiated using futex wait barrier. (257 threads)
[2025-11-29T08:33:29.059+0000][187.244s][info ][safepoint   ] Safepoint "Cleanup", Time since last: 4000913937 ns, Reaching safepoint: 119481 ns, Cleanup: 58303 ns, At safepoint: 7415 ns, Total: 185199 ns
[2025-11-29T08:33:34.060+0000][192.245s][debug][safepoint   ] Safepoint synchronization initiated using futex wait barrier. (257 threads)
[2025-11-29T08:33:34.060+0000][192.245s][info ][safepoint   ] Safepoint "Cleanup", Time since last: 5000897937 ns, Reaching safepoint: 140171 ns, Cleanup: 35158 ns, At safepoint: 4389 ns, Total: 179718 ns
[2025-11-29T08:33:35.061+0000][193.246s][debug][safepoint   ] Safepoint synchronization initiated using futex wait barrier. (257 threads)
[2025-11-29T08:33:35.062+0000][193.247s][info ][safepoint   ] Safepoint "Cleanup", Time since last: 1000978249 ns, Reaching safepoint: 119592 ns, Cleanup: 35148 ns, At safepoint: 5510 ns, Total: 160250 ns
[2025-11-29T08:33:39.061+0000][197.247s][debug][safepoint   ] Safepoint synchronization initiated using futex wait barrier. (258 threads)
[2025-11-29T08:33:39.061+0000][197.247s][info ][safepoint   ] Safepoint "Cleanup", Time since last: 4000539731 ns, Reaching safepoint: 143868 ns, Cleanup: 22763 ns, At safepoint: 4599 ns, Total: 171230 ns
[2025-11-29T08:33:41.062+0000][199.248s][debug][safepoint   ] Safepoint synchronization initiated using futex wait barrier. (258 threads)
[2025-11-29T08:33:41.062+0000][199.248s][info ][safepoint   ] Safepoint "Cleanup", Time since last: 2000906663 ns, Reaching safepoint: 77019 ns, Cleanup: 12684 ns, At safepoint: 2796 ns, Total: 92499 ns
[2025-11-29T08:33:43.062+0000][201.249s][debug][safepoint   ] Safepoint synchronization initiated using futex wait barrier. (258 threads)
[2025-11-29T08:33:43.063+0000][201.249s][info ][safepoint   ] Safepoint "Cleanup", Time since last: 2000314922 ns, Reaching safepoint: 71508 ns, Cleanup: 13926 ns, At safepoint: 2635 ns, Total: 88069 ns
[2025-11-29T08:33:44.063+0000][202.249s][debug][safepoint   ] Safepoint synchronization initiated using futex wait barrier. (258 threads)
[2025-11-29T08:33:44.063+0000][202.249s][info ][safepoint   ] Safepoint "Cleanup", Time since last: 1000163019 ns, Reaching safepoint: 127696 ns, Cleanup: 33755 ns, At safepoint: 4739 ns, Total: 166190 ns
[2025-11-29T08:33:49.064+0000][207.250s][debug][safepoint   ] Safepoint synchronization initiated using futex wait barrier. (257 threads)
[2025-11-29T08:33:49.064+0000][207.251s][info ][safepoint   ] Safepoint "Cleanup", Time since last: 5001276774 ns, Reaching safepoint: 210157 ns, Cleanup: 34748 ns, At safepoint: 5430 ns, Total: 250335 ns
[2025-11-29T08:33:54.065+0000][212.251s][debug][safepoint   ] Safepoint synchronization initiated using futex wait barrier. (258 threads)
[2025-11-29T08:33:54.065+0000][212.252s][info ][safepoint   ] Safepoint "Cleanup", Time since last: 5000769017 ns, Reaching safepoint: 84493 ns, Cleanup: 56659 ns, At safepoint: 10691 ns, Total: 151843 ns
[2025-11-29T08:33:59.066+0000][217.253s][debug][safepoint   ] Safepoint synchronization initiated using futex wait barrier. (257 threads)
[2025-11-29T08:33:59.067+0000][217.253s][info ][safepoint   ] Safepoint "Cleanup", Time since last: 5001019704 ns, Reaching safepoint: 147795 ns, Cleanup: 31610 ns, At safepoint: 4820 ns, Total: 184225 ns
[2025-11-29T08:34:04.067+0000][222.254s][debug][safepoint   ] Safepoint synchronization initiated using futex wait barrier. (257 threads)
[2025-11-29T08:34:04.068+0000][222.254s][info ][safepoint   ] Safepoint "Cleanup", Time since last: 5000960595 ns, Reaching safepoint: 130779 ns, Cleanup: 35037 ns, At safepoint: 5210 ns, Total: 171026 ns
[2025-11-29T08:34:06.068+0000][224.254s][debug][safepoint   ] Safepoint synchronization initiated using futex wait barrier. (257 threads)
[2025-11-29T08:34:06.068+0000][224.254s][info ][safepoint   ] Safepoint "Cleanup", Time since last: 2000295635 ns, Reaching safepoint: 120079 ns, Cleanup: 50586 ns, At safepoint: 4218 ns, Total: 174883 ns
[2025-11-29T08:34:09.067+0000][227.255s][debug][safepoint   ] Safepoint synchronization initiated using futex wait barrier. (255 threads)
[2025-11-29T08:34:09.067+0000][227.255s][info ][safepoint   ] Safepoint "Cleanup", Time since last: 3000667625 ns, Reaching safepoint: 137003 ns, Cleanup: 26110 ns, At safepoint: 4259 ns, Total: 167372 ns
[2025-11-29T08:34:11.067+0000][229.255s][debug][safepoint   ] Safepoint synchronization initiated using futex wait barrier. (253 threads)
[2025-11-29T08:34:11.067+0000][229.256s][info ][safepoint   ] Safepoint "Cleanup", Time since last: 2000316884 ns, Reaching safepoint: 131032 ns, Cleanup: 43704 ns, At safepoint: 5120 ns, Total: 179856 ns
[2025-11-29T08:34:14.068+0000][232.256s][debug][safepoint   ] Safepoint synchronization initiated using futex wait barrier. (253 threads)
[2025-11-29T08:34:14.068+0000][232.257s][info ][safepoint   ] Safepoint "Cleanup", Time since last: 3000666869 ns, Reaching safepoint: 167342 ns, Cleanup: 41159 ns, At safepoint: 6021 ns, Total: 214522 ns
[2025-11-29T08:34:14.489+0000][232.677s][debug][safepoint   ] Safepoint synchronization initiated using futex wait barrier. (253 threads)
[2025-11-29T08:34:14.489+0000][232.678s][info ][gc,start    ] GC(85) Pause Young (Normal) (G1 Evacuation Pause)
[2025-11-29T08:34:14.489+0000][232.678s][info ][gc,task     ] GC(85) Using 13 workers of 13 for evacuation
[2025-11-29T08:34:14.499+0000][232.687s][info ][gc,phases   ] GC(85)   Pre Evacuate Collection Set: 0.8ms
[2025-11-29T08:34:14.499+0000][232.687s][info ][gc,phases   ] GC(85)   Merge Heap Roots: 0.5ms
[2025-11-29T08:34:14.499+0000][232.687s][info ][gc,phases   ] GC(85)   Evacuate Collection Set: 6.2ms
[2025-11-29T08:34:14.499+0000][232.687s][info ][gc,phases   ] GC(85)   Post Evacuate Collection Set: 1.7ms
[2025-11-29T08:34:14.499+0000][232.687s][info ][gc,phases   ] GC(85)   Other: 0.4ms
[2025-11-29T08:34:14.499+0000][232.687s][info ][gc,heap     ] GC(85) Eden regions: 145->0(153)
[2025-11-29T08:34:14.499+0000][232.687s][info ][gc,heap     ] GC(85) Survivor regions: 7->7(19)
[2025-11-29T08:34:14.499+0000][232.687s][info ][gc,heap     ] GC(85) Old regions: 418->418
[2025-11-29T08:34:14.499+0000][232.687s][info ][gc,heap     ] GC(85) Archive regions: 2->2
[2025-11-29T08:34:14.499+0000][232.687s][info ][gc,heap     ] GC(85) Humongous regions: 11->11
[2025-11-29T08:34:14.499+0000][232.687s][info ][gc,metaspace] GC(85) Metaspace: 193083K(194496K)->193083K(194496K) NonClass: 169539K(170304K)->169539K(170304K) Class: 23544K(24192K)->23544K(24192K)
[2025-11-29T08:34:14.499+0000][232.687s][info ][gc          ] GC(85) Pause Young (Normal) (G1 Evacuation Pause) 580M->435M(703M) 9.511ms
[2025-11-29T08:34:14.499+0000][232.687s][info ][gc,cpu      ] GC(85) User=0.07s Sys=0.01s Real=0.01s
[2025-11-29T08:34:14.500+0000][232.689s][info ][safepoint   ] Safepoint "G1CollectForAllocation", Time since last: 420825823 ns, Reaching safepoint: 91115 ns, Cleanup: 13146 ns, At safepoint: 11199919 ns, Total: 11304180 ns
[2025-11-29T08:34:15.131+0000][233.320s][debug][safepoint   ] Safepoint synchronization initiated using futex wait barrier. (256 threads)
[2025-11-29T08:34:15.132+0000][233.320s][info ][gc,start    ] GC(86) Pause Young (Normal) (G1 Evacuation Pause)
[2025-11-29T08:34:15.132+0000][233.320s][info ][gc,task     ] GC(86) Using 13 workers of 13 for evacuation
[2025-11-29T08:34:15.141+0000][233.329s][info ][gc,phases   ] GC(86)   Pre Evacuate Collection Set: 0.5ms
[2025-11-29T08:34:15.141+0000][233.329s][info ][gc,phases   ] GC(86)   Merge Heap Roots: 0.3ms
[2025-11-29T08:34:15.141+0000][233.329s][info ][gc,phases   ] GC(86)   Evacuate Collection Set: 6.5ms
[2025-11-29T08:34:15.141+0000][233.329s][info ][gc,phases   ] GC(86)   Post Evacuate Collection Set: 1.5ms
[2025-11-29T08:34:15.141+0000][233.329s][info ][gc,phases   ] GC(86)   Other: 0.3ms
[2025-11-29T08:34:15.141+0000][233.329s][info ][gc,heap     ] GC(86) Eden regions: 153->0(158)
[2025-11-29T08:34:15.141+0000][233.329s][info ][gc,heap     ] GC(86) Survivor regions: 7->9(20)
[2025-11-29T08:34:15.141+0000][233.329s][info ][gc,heap     ] GC(86) Old regions: 418->418
[2025-11-29T08:34:15.141+0000][233.329s][info ][gc,heap     ] GC(86) Archive regions: 2->2
[2025-11-29T08:34:15.141+0000][233.329s][info ][gc,heap     ] GC(86) Humongous regions: 11->11
[2025-11-29T08:34:15.141+0000][233.329s][info ][gc,metaspace] GC(86) Metaspace: 195289K(196736K)->195289K(196736K) NonClass: 171402K(172160K)->171402K(172160K) Class: 23886K(24576K)->23886K(24576K)
[2025-11-29T08:34:15.141+0000][233.329s][info ][gc          ] GC(86) Pause Young (Normal) (G1 Evacuation Pause) 588M->437M(703M) 9.185ms
[2025-11-29T08:34:15.141+0000][233.329s][info ][gc,cpu      ] GC(86) User=0.08s Sys=0.00s Real=0.01s
[2025-11-29T08:34:15.141+0000][233.329s][info ][safepoint   ] Safepoint "G1CollectForAllocation", Time since last: 630944156 ns, Reaching safepoint: 116394 ns, Cleanup: 309805 ns, At safepoint: 9446541 ns, Total: 9872740 ns
[2025-11-29T08:34:16.141+0000][234.330s][debug][safepoint   ] Safepoint synchronization initiated using futex wait barrier. (260 threads)
[2025-11-29T08:34:16.141+0000][234.330s][info ][safepoint   ] Safepoint "Cleanup", Time since last: 1000209434 ns, Reaching safepoint: 119650 ns, Cleanup: 95574 ns, At safepoint: 4959 ns, Total: 220183 ns
[2025-11-29T08:34:16.742+0000][234.930s][debug][safepoint   ] Safepoint synchronization initiated using futex wait barrier. (260 threads)
[2025-11-29T08:34:16.742+0000][234.931s][info ][gc,start    ] GC(87) Pause Young (Normal) (G1 Evacuation Pause)
[2025-11-29T08:34:16.742+0000][234.931s][info ][gc,task     ] GC(87) Using 13 workers of 13 for evacuation
[2025-11-29T08:34:16.756+0000][234.945s][info ][gc,phases   ] GC(87)   Pre Evacuate Collection Set: 0.5ms
[2025-11-29T08:34:16.756+0000][234.945s][info ][gc,phases   ] GC(87)   Merge Heap Roots: 0.3ms
[2025-11-29T08:34:16.756+0000][234.945s][info ][gc,phases   ] GC(87)   Evacuate Collection Set: 10.3ms
[2025-11-29T08:34:16.756+0000][234.945s][info ][gc,phases   ] GC(87)   Post Evacuate Collection Set: 2.8ms
[2025-11-29T08:34:16.756+0000][234.945s][info ][gc,phases   ] GC(87)   Other: 0.3ms
[2025-11-29T08:34:16.756+0000][234.945s][info ][gc,heap     ] GC(87) Eden regions: 158->0(162)
[2025-11-29T08:34:16.756+0000][234.945s][info ][gc,heap     ] GC(87) Survivor regions: 9->10(21)
[2025-11-29T08:34:16.756+0000][234.945s][info ][gc,heap     ] GC(87) Old regions: 418->418
[2025-11-29T08:34:16.756+0000][234.945s][info ][gc,heap     ] GC(87) Archive regions: 2->2
[2025-11-29T08:34:16.756+0000][234.945s][info ][gc,heap     ] GC(87) Humongous regions: 11->11
[2025-11-29T08:34:16.756+0000][234.945s][info ][gc,metaspace] GC(87) Metaspace: 195601K(197056K)->195601K(197056K) NonClass: 171670K(172416K)->171670K(172416K) Class: 23930K(24640K)->23930K(24640K)
[2025-11-29T08:34:16.757+0000][234.945s][info ][gc          ] GC(87) Pause Young (Normal) (G1 Evacuation Pause) 595M->438M(703M) 14.385ms
[2025-11-29T08:34:16.757+0000][234.945s][info ][gc,cpu      ] GC(87) User=0.12s Sys=0.01s Real=0.02s
[2025-11-29T08:34:16.757+0000][234.945s][info ][safepoint   ] Safepoint "G1CollectForAllocation", Time since last: 600289870 ns, Reaching safepoint: 236345 ns, Cleanup: 8557 ns, At safepoint: 14792967 ns, Total: 15037869 ns
[2025-11-29T08:34:18.757+0000][236.946s][debug][safepoint   ] Safepoint synchronization initiated using futex wait barrier. (262 threads)
[2025-11-29T08:34:18.758+0000][236.946s][info ][safepoint   ] Safepoint "Cleanup", Time since last: 2000425672 ns, Reaching safepoint: 194214 ns, Cleanup: 97297 ns, At safepoint: 181911 ns, Total: 473422 ns
[2025-11-29T08:34:20.758+0000][238.947s][debug][safepoint   ] Safepoint synchronization initiated using futex wait barrier. (262 threads)
[2025-11-29T08:34:20.758+0000][238.947s][info ][safepoint   ] Safepoint "Cleanup", Time since last: 2000355602 ns, Reaching safepoint: 129750 ns, Cleanup: 21892 ns, At safepoint: 4178 ns, Total: 155820 ns
[2025-11-29T08:34:24.096+0000][242.285s][debug][safepoint   ] Safepoint synchronization initiated using futex wait barrier. (261 threads)
[2025-11-29T08:34:24.096+0000][242.285s][info ][safepoint   ] Safepoint "Cleanup", Time since last: 3337848878 ns, Reaching safepoint: 121784 ns, Cleanup: 38685 ns, At safepoint: 4017 ns, Total: 164486 ns
[2025-11-29T08:34:25.096+0000][243.285s][debug][safepoint   ] Safepoint synchronization initiated using futex wait barrier. (261 threads)
[2025-11-29T08:34:25.097+0000][243.285s][info ][safepoint   ] Safepoint "Cleanup", Time since last: 1000186662 ns, Reaching safepoint: 118939 ns, Cleanup: 21872 ns, At safepoint: 3738 ns, Total: 144549 ns
[2025-11-29T08:34:27.097+0000][245.285s][debug][safepoint   ] Safepoint synchronization initiated using futex wait barrier. (261 threads)
[2025-11-29T08:34:27.097+0000][245.285s][info ][safepoint   ] Safepoint "Cleanup", Time since last: 2000269040 ns, Reaching safepoint: 121795 ns, Cleanup: 21481 ns, At safepoint: 3387 ns, Total: 146663 ns
[2025-11-29T08:34:29.097+0000][247.286s][debug][safepoint   ] Safepoint synchronization initiated using futex wait barrier. (261 threads)
[2025-11-29T08:34:29.097+0000][247.286s][info ][safepoint   ] Safepoint "Cleanup", Time since last: 2000312942 ns, Reaching safepoint: 120893 ns, Cleanup: 36501 ns, At safepoint: 3757 ns, Total: 161151 ns
[2025-11-29T08:34:30.098+0000][248.286s][debug][safepoint   ] Safepoint synchronization initiated using futex wait barrier. (261 threads)
[2025-11-29T08:34:30.098+0000][248.286s][info ][safepoint   ] Safepoint "Cleanup", Time since last: 1000146626 ns, Reaching safepoint: 100143 ns, Cleanup: 14437 ns, At safepoint: 4910 ns, Total: 119490 ns
[2025-11-29T08:34:34.098+0000][252.287s][debug][safepoint   ] Safepoint synchronization initiated using futex wait barrier. (262 threads)
[2025-11-29T08:34:34.098+0000][252.287s][info ][safepoint   ] Safepoint "Cleanup", Time since last: 4000628472 ns, Reaching safepoint: 131403 ns, Cleanup: 23175 ns, At safepoint: 4899 ns, Total: 159477 ns
[2025-11-29T08:34:39.098+0000][257.288s][debug][safepoint   ] Safepoint synchronization initiated using futex wait barrier. (264 threads)
[2025-11-29T08:34:39.098+0000][257.288s][info ][safepoint   ] Safepoint "Cleanup", Time since last: 5000819200 ns, Reaching safepoint: 84723 ns, Cleanup: 59986 ns, At safepoint: 5240 ns, Total: 149949 ns
[2025-11-29T08:34:41.098+0000][259.288s][debug][safepoint   ] Safepoint synchronization initiated using futex wait barrier. (264 threads)
[2025-11-29T08:34:41.098+0000][259.288s][info ][safepoint   ] Safepoint "Cleanup", Time since last: 2000311061 ns, Reaching safepoint: 81156 ns, Cleanup: 25920 ns, At safepoint: 3467 ns, Total: 110543 ns
[2025-11-29T08:34:49.100+0000][267.290s][debug][safepoint   ] Safepoint synchronization initiated using futex wait barrier. (261 threads)
[2025-11-29T08:34:49.100+0000][267.290s][info ][safepoint   ] Safepoint "Cleanup", Time since last: 8001410825 ns, Reaching safepoint: 174025 ns, Cleanup: 20189 ns, At safepoint: 5951 ns, Total: 200165 ns
[2025-11-29T08:34:50.100+0000][268.290s][debug][safepoint   ] Safepoint synchronization initiated using futex wait barrier. (261 threads)
[2025-11-29T08:34:50.100+0000][268.290s][info ][safepoint   ] Safepoint "Cleanup", Time since last: 1000208905 ns, Reaching safepoint: 106585 ns, Cleanup: 15200 ns, At safepoint: 3386 ns, Total: 125171 ns
[2025-11-29T08:34:51.100+0000][269.290s][debug][safepoint   ] Safepoint synchronization initiated using futex wait barrier. (261 threads)
[2025-11-29T08:34:51.101+0000][269.291s][info ][safepoint   ] Safepoint "Cleanup", Time since last: 1000198177 ns, Reaching safepoint: 188343 ns, Cleanup: 214583 ns, At safepoint: 8396 ns, Total: 411322 ns
[2025-11-29T08:34:54.101+0000][272.291s][debug][safepoint   ] Safepoint synchronization initiated using futex wait barrier. (261 threads)
[2025-11-29T08:34:54.101+0000][272.292s][info ][safepoint   ] Safepoint "Cleanup", Time since last: 3000518713 ns, Reaching safepoint: 168564 ns, Cleanup: 19829 ns, At safepoint: 4298 ns, Total: 192691 ns
[2025-11-29T08:34:55.103+0000][273.293s][debug][safepoint   ] Safepoint synchronization initiated using futex wait barrier. (261 threads)
[2025-11-29T08:34:55.103+0000][273.293s][info ][safepoint   ] Safepoint "Cleanup", Time since last: 1001324094 ns, Reaching safepoint: 160659 ns, Cleanup: 15730 ns, At safepoint: 154378 ns, Total: 330767 ns
[2025-11-29T08:34:59.104+0000][277.294s][debug][safepoint   ] Safepoint synchronization initiated using futex wait barrier. (261 threads)
[2025-11-29T08:34:59.104+0000][277.294s][info ][safepoint   ] Safepoint "Cleanup", Time since last: 4000570794 ns, Reaching safepoint: 177502 ns, Cleanup: 27473 ns, At safepoint: 6142 ns, Total: 211117 ns
[2025-11-29T08:35:06.106+0000][284.296s][debug][safepoint   ] Safepoint synchronization initiated using futex wait barrier. (262 threads)
[2025-11-29T08:35:06.106+0000][284.296s][info ][safepoint   ] Safepoint "Cleanup", Time since last: 7002066802 ns, Reaching safepoint: 306030 ns, Cleanup: 29947 ns, At safepoint: 10460 ns, Total: 346437 ns
[2025-11-29T08:35:09.105+0000][287.297s][debug][safepoint   ] Safepoint synchronization initiated using futex wait barrier. (261 threads)
[2025-11-29T08:35:09.105+0000][287.297s][info ][safepoint   ] Safepoint "Cleanup", Time since last: 3000468124 ns, Reaching safepoint: 99258 ns, Cleanup: 15720 ns, At safepoint: 3447 ns, Total: 118425 ns
[2025-11-29T08:35:10.105+0000][288.297s][debug][safepoint   ] Safepoint synchronization initiated using futex wait barrier. (261 threads)
[2025-11-29T08:35:10.105+0000][288.297s][info ][safepoint   ] Safepoint "Cleanup", Time since last: 1000128398 ns, Reaching safepoint: 142580 ns, Cleanup: 21571 ns, At safepoint: 4419 ns, Total: 168570 ns
[2025-11-29T08:35:11.105+0000][289.298s][debug][safepoint   ] Safepoint synchronization initiated using futex wait barrier. (260 threads)
[2025-11-29T08:35:11.105+0000][289.298s][info ][safepoint   ] Safepoint "Cleanup", Time since last: 1000196061 ns, Reaching safepoint: 156116 ns, Cleanup: 21230 ns, At safepoint: 4459 ns, Total: 181805 ns
[2025-11-29T08:35:12.106+0000][290.298s][debug][safepoint   ] Safepoint synchronization initiated using futex wait barrier. (259 threads)
[2025-11-29T08:35:12.106+0000][290.298s][info ][safepoint   ] Safepoint "Cleanup", Time since last: 1000217581 ns, Reaching safepoint: 84360 ns, Cleanup: 21651 ns, At safepoint: 4268 ns, Total: 110279 ns
[2025-11-29T08:35:14.106+0000][292.298s][debug][safepoint   ] Safepoint synchronization initiated using futex wait barrier. (259 threads)
[2025-11-29T08:35:14.106+0000][292.299s][info ][safepoint   ] Safepoint "Cleanup", Time since last: 2000301525 ns, Reaching safepoint: 132846 ns, Cleanup: 50467 ns, At safepoint: 4559 ns, Total: 187872 ns
[2025-11-29T08:35:16.106+0000][294.299s][debug][safepoint   ] Safepoint synchronization initiated using futex wait barrier. (258 threads)
[2025-11-29T08:35:16.107+0000][294.299s][info ][safepoint   ] Safepoint "Cleanup", Time since last: 2000270255 ns, Reaching safepoint: 112817 ns, Cleanup: 29136 ns, At safepoint: 3206 ns, Total: 145159 ns
[2025-11-29T08:35:19.107+0000][297.299s][debug][safepoint   ] Safepoint synchronization initiated using futex wait barrier. (258 threads)
[2025-11-29T08:35:19.107+0000][297.300s][info ][safepoint   ] Safepoint "Cleanup", Time since last: 3000411522 ns, Reaching safepoint: 113929 ns, Cleanup: 23866 ns, At safepoint: 3667 ns, Total: 141462 ns
[2025-11-29T08:35:23.131+0000][301.323s][debug][safepoint   ] Safepoint synchronization initiated using futex wait barrier. (258 threads)
[2025-11-29T08:35:23.131+0000][301.323s][info ][safepoint   ] Safepoint "Cleanup", Time since last: 4023819324 ns, Reaching safepoint: 120442 ns, Cleanup: 22724 ns, At safepoint: 4358 ns, Total: 147524 ns
[2025-11-29T08:35:24.131+0000][302.324s][debug][safepoint   ] Safepoint synchronization initiated using futex wait barrier. (258 threads)
[2025-11-29T08:35:24.131+0000][302.324s][info ][safepoint   ] Safepoint "Cleanup", Time since last: 1000175546 ns, Reaching safepoint: 110272 ns, Cleanup: 39115 ns, At safepoint: 4900 ns, Total: 154287 ns
[2025-11-29T08:35:29.133+0000][307.325s][debug][safepoint   ] Safepoint synchronization initiated using futex wait barrier. (259 threads)
[2025-11-29T08:35:29.133+0000][307.325s][info ][safepoint   ] Safepoint "Cleanup", Time since last: 5001149788 ns, Reaching safepoint: 146542 ns, Cleanup: 23485 ns, At safepoint: 4699 ns, Total: 174726 ns
[2025-11-29T08:35:34.133+0000][312.326s][debug][safepoint   ] Safepoint synchronization initiated using futex wait barrier. (259 threads)
[2025-11-29T08:35:34.134+0000][312.326s][info ][safepoint   ] Safepoint "Cleanup", Time since last: 5000751210 ns, Reaching safepoint: 209694 ns, Cleanup: 28215 ns, At safepoint: 7524 ns, Total: 245433 ns
[2025-11-29T08:35:36.135+0000][314.327s][debug][safepoint   ] Safepoint synchronization initiated using futex wait barrier. (259 threads)
[2025-11-29T08:35:36.135+0000][314.327s][info ][safepoint   ] Safepoint "Cleanup", Time since last: 2000972994 ns, Reaching safepoint: 147684 ns, Cleanup: 20499 ns, At safepoint: 5401 ns, Total: 173584 ns
[2025-11-29T08:35:44.134+0000][322.329s][debug][safepoint   ] Safepoint synchronization initiated using futex wait barrier. (259 threads)
[2025-11-29T08:35:44.135+0000][322.329s][info ][safepoint   ] Safepoint "Cleanup", Time since last: 8001247058 ns, Reaching safepoint: 185957 ns, Cleanup: 56118 ns, At safepoint: 10751 ns, Total: 252826 ns
[2025-11-29T08:35:49.136+0000][327.330s][debug][safepoint   ] Safepoint synchronization initiated using futex wait barrier. (259 threads)
[2025-11-29T08:35:49.136+0000][327.330s][info ][safepoint   ] Safepoint "Cleanup", Time since last: 5001333443 ns, Reaching safepoint: 78973 ns, Cleanup: 17403 ns, At safepoint: 3106 ns, Total: 99482 ns
[2025-11-29T08:35:52.137+0000][330.331s][debug][safepoint   ] Safepoint synchronization initiated using futex wait barrier. (259 threads)
[2025-11-29T08:35:52.138+0000][330.332s][info ][safepoint   ] Safepoint "Cleanup", Time since last: 3000642610 ns, Reaching safepoint: 389692 ns, Cleanup: 267307 ns, At safepoint: 107918 ns, Total: 764917 ns
[2025-11-29T08:35:54.138+0000][332.332s][debug][safepoint   ] Safepoint synchronization initiated using futex wait barrier. (259 threads)
[2025-11-29T08:35:54.138+0000][332.332s][info ][safepoint   ] Safepoint "Cleanup", Time since last: 2000474211 ns, Reaching safepoint: 142194 ns, Cleanup: 83231 ns, At safepoint: 10460 ns, Total: 235885 ns
[2025-11-29T08:35:59.140+0000][337.334s][debug][safepoint   ] Safepoint synchronization initiated using futex wait barrier. (259 threads)
[2025-11-29T08:35:59.140+0000][337.335s][info ][safepoint   ] Safepoint "Cleanup", Time since last: 5001833682 ns, Reaching safepoint: 357159 ns, Cleanup: 23816 ns, At safepoint: 5601 ns, Total: 386576 ns
[2025-11-29T08:36:06.142+0000][344.336s][debug][safepoint   ] Safepoint synchronization initiated using futex wait barrier. (259 threads)
[2025-11-29T08:36:06.142+0000][344.336s][info ][safepoint   ] Safepoint "Cleanup", Time since last: 7001543708 ns, Reaching safepoint: 245071 ns, Cleanup: 31250 ns, At safepoint: 6423 ns, Total: 282744 ns
[2025-11-29T08:36:09.140+0000][347.337s][debug][safepoint   ] Safepoint synchronization initiated using futex wait barrier. (258 threads)
[2025-11-29T08:36:09.140+0000][347.337s][info ][safepoint   ] Safepoint "Cleanup", Time since last: 3000446089 ns, Reaching safepoint: 79723 ns, Cleanup: 13626 ns, At safepoint: 3126 ns, Total: 96475 ns
[2025-11-29T08:36:13.141+0000][351.338s][debug][safepoint   ] Safepoint synchronization initiated using futex wait barrier. (257 threads)
[2025-11-29T08:36:13.141+0000][351.338s][info ][safepoint   ] Safepoint "Cleanup", Time since last: 4000682076 ns, Reaching safepoint: 67691 ns, Cleanup: 11442 ns, At safepoint: 3106 ns, Total: 82239 ns
[2025-11-29T08:36:18.142+0000][356.338s][debug][safepoint   ] Safepoint synchronization initiated using futex wait barrier. (257 threads)
[2025-11-29T08:36:18.142+0000][356.339s][info ][safepoint   ] Safepoint "Cleanup", Time since last: 5000693505 ns, Reaching safepoint: 130401 ns, Cleanup: 23275 ns, At safepoint: 3887 ns, Total: 157563 ns
[2025-11-29T08:36:19.142+0000][357.339s][debug][safepoint   ] Safepoint synchronization initiated using futex wait barrier. (257 threads)
[2025-11-29T08:36:19.142+0000][357.339s][info ][safepoint   ] Safepoint "Cleanup", Time since last: 1000158032 ns, Reaching safepoint: 224472 ns, Cleanup: 23014 ns, At safepoint: 4980 ns, Total: 252466 ns
[2025-11-29T08:36:22.009+0000][360.205s][debug][safepoint   ] Safepoint synchronization initiated using futex wait barrier. (257 threads)
[2025-11-29T08:36:22.009+0000][360.206s][info ][gc,start    ] GC(88) Pause Young (Normal) (G1 Evacuation Pause)
[2025-11-29T08:36:22.009+0000][360.206s][info ][gc,task     ] GC(88) Using 13 workers of 13 for evacuation
[2025-11-29T08:36:22.027+0000][360.224s][info ][gc,phases   ] GC(88)   Pre Evacuate Collection Set: 1.3ms
[2025-11-29T08:36:22.028+0000][360.224s][info ][gc,phases   ] GC(88)   Merge Heap Roots: 1.4ms
[2025-11-29T08:36:22.028+0000][360.224s][info ][gc,phases   ] GC(88)   Evacuate Collection Set: 10.9ms
[2025-11-29T08:36:22.028+0000][360.224s][info ][gc,phases   ] GC(88)   Post Evacuate Collection Set: 3.7ms
[2025-11-29T08:36:22.028+0000][360.224s][info ][gc,phases   ] GC(88)   Other: 1.3ms
[2025-11-29T08:36:22.028+0000][360.224s][info ][gc,heap     ] GC(88) Eden regions: 162->0(168)
[2025-11-29T08:36:22.028+0000][360.224s][info ][gc,heap     ] GC(88) Survivor regions: 10->10(22)
[2025-11-29T08:36:22.028+0000][360.224s][info ][gc,heap     ] GC(88) Old regions: 418->418
[2025-11-29T08:36:22.028+0000][360.224s][info ][gc,heap     ] GC(88) Archive regions: 2->2
[2025-11-29T08:36:22.028+0000][360.224s][info ][gc,heap     ] GC(88) Humongous regions: 11->11
[2025-11-29T08:36:22.028+0000][360.224s][info ][gc,metaspace] GC(88) Metaspace: 196047K(197504K)->196047K(197504K) NonClass: 172087K(172864K)->172087K(172864K) Class: 23960K(24640K)->23960K(24640K)
[2025-11-29T08:36:22.028+0000][360.224s][info ][gc          ] GC(88) Pause Young (Normal) (G1 Evacuation Pause) 600M->438M(703M) 18.439ms
[2025-11-29T08:36:22.028+0000][360.224s][info ][gc,cpu      ] GC(88) User=0.16s Sys=0.00s Real=0.02s
[2025-11-29T08:36:22.029+0000][360.225s][info ][safepoint   ] Safepoint "G1CollectForAllocation", Time since last: 2866132431 ns, Reaching safepoint: 124159 ns, Cleanup: 7575 ns, At safepoint: 19864198 ns, Total: 19995932 ns
[2025-11-29T08:36:23.172+0000][361.369s][debug][safepoint   ] Safepoint synchronization initiated using futex wait barrier. (257 threads)
[2025-11-29T08:36:23.172+0000][361.369s][info ][safepoint   ] Safepoint "Cleanup", Time since last: 1143503764 ns, Reaching safepoint: 120813 ns, Cleanup: 17233 ns, At safepoint: 5591 ns, Total: 143637 ns
[2025-11-29T08:36:24.172+0000][362.369s][debug][safepoint   ] Safepoint synchronization initiated using futex wait barrier. (259 threads)
[2025-11-29T08:36:24.173+0000][362.369s][info ][safepoint   ] Safepoint "Cleanup", Time since last: 1000172283 ns, Reaching safepoint: 116083 ns, Cleanup: 31350 ns, At safepoint: 3828 ns, Total: 151261 ns
[2025-11-29T08:36:25.173+0000][363.369s][debug][safepoint   ] Safepoint synchronization initiated using futex wait barrier. (258 threads)
[2025-11-29T08:36:25.173+0000][363.370s][info ][safepoint   ] Safepoint "Cleanup", Time since last: 1000318679 ns, Reaching safepoint: 228739 ns, Cleanup: 30710 ns, At safepoint: 6362 ns, Total: 265811 ns
[2025-11-29T08:36:27.174+0000][365.370s][debug][safepoint   ] Safepoint synchronization initiated using futex wait barrier. (257 threads)
[2025-11-29T08:36:27.174+0000][365.370s][info ][safepoint   ] Safepoint "Cleanup", Time since last: 2000429517 ns, Reaching safepoint: 198983 ns, Cleanup: 26621 ns, At safepoint: 4489 ns, Total: 230093 ns
[2025-11-29T08:36:28.174+0000][366.370s][debug][safepoint   ] Safepoint synchronization initiated using futex wait barrier. (257 threads)
[2025-11-29T08:36:28.174+0000][366.371s][info ][safepoint   ] Safepoint "Cleanup", Time since last: 1000195187 ns, Reaching safepoint: 169777 ns, Cleanup: 42291 ns, At safepoint: 5320 ns, Total: 217388 ns
[2025-11-29T08:36:35.175+0000][373.372s][debug][safepoint   ] Safepoint synchronization initiated using futex wait barrier. (257 threads)
[2025-11-29T08:36:35.176+0000][373.372s][info ][safepoint   ] Safepoint "Cleanup", Time since last: 7001246789 ns, Reaching safepoint: 135130 ns, Cleanup: 22453 ns, At safepoint: 3687 ns, Total: 161270 ns
[2025-11-29T08:36:40.175+0000][378.373s][debug][safepoint   ] Safepoint synchronization initiated using futex wait barrier. (257 threads)
[2025-11-29T08:36:40.175+0000][378.373s][info ][safepoint   ] Safepoint "Cleanup", Time since last: 5000919492 ns, Reaching safepoint: 134198 ns, Cleanup: 23095 ns, At safepoint: 3176 ns, Total: 160469 ns
[2025-11-29T08:36:42.176+0000][380.374s][debug][safepoint   ] Safepoint synchronization initiated using futex wait barrier. (257 threads)
[2025-11-29T08:36:42.176+0000][380.374s][info ][safepoint   ] Safepoint "Cleanup", Time since last: 2000336041 ns, Reaching safepoint: 130992 ns, Cleanup: 21873 ns, At safepoint: 4709 ns, Total: 157574 ns
[2025-11-29T08:36:49.177+0000][387.375s][debug][safepoint   ] Safepoint synchronization initiated using futex wait barrier. (257 threads)
[2025-11-29T08:36:49.177+0000][387.375s][info ][safepoint   ] Safepoint "Cleanup", Time since last: 7001150901 ns, Reaching safepoint: 130241 ns, Cleanup: 33555 ns, At safepoint: 4659 ns, Total: 168455 ns
[2025-11-29T08:36:54.178+0000][392.376s][debug][safepoint   ] Safepoint synchronization initiated using futex wait barrier. (257 threads)
[2025-11-29T08:36:54.178+0000][392.376s][info ][safepoint   ] Safepoint "Cleanup", Time since last: 5000827665 ns, Reaching safepoint: 230674 ns, Cleanup: 44486 ns, At safepoint: 9798 ns, Total: 284958 ns
[2025-11-29T08:36:59.179+0000][397.377s][debug][safepoint   ] Safepoint synchronization initiated using futex wait barrier. (257 threads)
[2025-11-29T08:36:59.179+0000][397.377s][info ][safepoint   ] Safepoint "Cleanup", Time since last: 5000754349 ns, Reaching safepoint: 183784 ns, Cleanup: 22263 ns, At safepoint: 5511 ns, Total: 211558 ns
[2025-11-29T08:37:04.180+0000][402.378s][debug][safepoint   ] Safepoint synchronization initiated using futex wait barrier. (257 threads)
[2025-11-29T08:37:04.180+0000][402.378s][info ][safepoint   ] Safepoint "Cleanup", Time since last: 5000726443 ns, Reaching safepoint: 313800 ns, Cleanup: 66598 ns, At safepoint: 39666 ns, Total: 420064 ns
[2025-11-29T08:37:06.181+0000][404.379s][debug][safepoint   ] Safepoint synchronization initiated using futex wait barrier. (257 threads)
[2025-11-29T08:37:06.181+0000][404.379s][info ][safepoint   ] Safepoint "Cleanup", Time since last: 2000383572 ns, Reaching safepoint: 294955 ns, Cleanup: 89130 ns, At safepoint: 15941 ns, Total: 400026 ns
[2025-11-29T08:37:09.179+0000][407.380s][debug][safepoint   ] Safepoint synchronization initiated using futex wait barrier. (256 threads)
[2025-11-29T08:37:09.179+0000][407.380s][info ][safepoint   ] Safepoint "Cleanup", Time since last: 3000554634 ns, Reaching safepoint: 93178 ns, Cleanup: 16101 ns, At safepoint: 3136 ns, Total: 112415 ns
[2025-11-29T08:37:14.180+0000][412.381s][debug][safepoint   ] Safepoint synchronization initiated using futex wait barrier. (255 threads)
[2025-11-29T08:37:14.180+0000][412.381s][info ][safepoint   ] Safepoint "Cleanup", Time since last: 5001238128 ns, Reaching safepoint: 176600 ns, Cleanup: 28355 ns, At safepoint: 6071 ns, Total: 211026 ns
[2025-11-29T08:37:15.181+0000][413.382s][debug][safepoint   ] Safepoint synchronization initiated using futex wait barrier. (255 threads)
[2025-11-29T08:37:15.181+0000][413.382s][info ][safepoint   ] Safepoint "Cleanup", Time since last: 1000966131 ns, Reaching safepoint: 88891 ns, Cleanup: 13065 ns, At safepoint: 2956 ns, Total: 104912 ns
[2025-11-29T08:37:16.182+0000][414.382s][debug][safepoint   ] Safepoint synchronization initiated using futex wait barrier. (255 threads)
[2025-11-29T08:37:16.182+0000][414.383s][info ][safepoint   ] Safepoint "Cleanup", Time since last: 1000182979 ns, Reaching safepoint: 140000 ns, Cleanup: 32212 ns, At safepoint: 4518 ns, Total: 176730 ns
[2025-11-29T08:37:24.208+0000][422.409s][debug][safepoint   ] Safepoint synchronization initiated using futex wait barrier. (255 threads)
[2025-11-29T08:37:24.208+0000][422.409s][info ][safepoint   ] Safepoint "Cleanup", Time since last: 8026179380 ns, Reaching safepoint: 248017 ns, Cleanup: 25138 ns, At safepoint: 5581 ns, Total: 278736 ns
[2025-11-29T08:37:25.209+0000][423.409s][debug][safepoint   ] Safepoint synchronization initiated using futex wait barrier. (255 threads)
[2025-11-29T08:37:25.209+0000][423.409s][info ][safepoint   ] Safepoint "Cleanup", Time since last: 1000197847 ns, Reaching safepoint: 150039 ns, Cleanup: 39816 ns, At safepoint: 4970 ns, Total: 194825 ns
[2025-11-29T08:37:29.209+0000][427.410s][debug][safepoint   ] Safepoint synchronization initiated using futex wait barrier. (255 threads)
[2025-11-29T08:37:29.210+0000][427.410s][info ][safepoint   ] Safepoint "Cleanup", Time since last: 4000554389 ns, Reaching safepoint: 290168 ns, Cleanup: 32483 ns, At safepoint: 5029 ns, Total: 327680 ns
[2025-11-29T08:37:30.210+0000][428.411s][debug][safepoint   ] Safepoint synchronization initiated using futex wait barrier. (256 threads)
[2025-11-29T08:37:30.210+0000][428.411s][info ][safepoint   ] Safepoint "Cleanup", Time since last: 1000286805 ns, Reaching safepoint: 235053 ns, Cleanup: 64193 ns, At safepoint: 5401 ns, Total: 304647 ns
[2025-11-29T08:37:31.211+0000][429.411s][debug][safepoint   ] Safepoint synchronization initiated using futex wait barrier. (256 threads)
[2025-11-29T08:37:31.211+0000][429.412s][info ][safepoint   ] Safepoint "Cleanup", Time since last: 1000587178 ns, Reaching safepoint: 71006 ns, Cleanup: 12384 ns, At safepoint: 2835 ns, Total: 86225 ns
[2025-11-29T08:37:32.211+0000][430.412s][debug][safepoint   ] Safepoint synchronization initiated using futex wait barrier. (256 threads)
[2025-11-29T08:37:32.211+0000][430.412s][info ][safepoint   ] Safepoint "Cleanup", Time since last: 1000166683 ns, Reaching safepoint: 96947 ns, Cleanup: 14648 ns, At safepoint: 3547 ns, Total: 115142 ns
[2025-11-29T08:37:34.211+0000][432.412s][debug][safepoint   ] Safepoint synchronization initiated using futex wait barrier. (255 threads)
[2025-11-29T08:37:34.212+0000][432.412s][info ][safepoint   ] Safepoint "Cleanup", Time since last: 2000296969 ns, Reaching safepoint: 91907 ns, Cleanup: 16131 ns, At safepoint: 4178 ns, Total: 112216 ns
[2025-11-29T08:37:35.212+0000][433.412s][debug][safepoint   ] Safepoint synchronization initiated using futex wait barrier. (255 threads)
[2025-11-29T08:37:35.212+0000][433.413s][info ][safepoint   ] Safepoint "Cleanup", Time since last: 1000154754 ns, Reaching safepoint: 139268 ns, Cleanup: 13886 ns, At safepoint: 3888 ns, Total: 157042 ns
[2025-11-29T08:37:39.212+0000][437.414s][debug][safepoint   ] Safepoint synchronization initiated using futex wait barrier. (255 threads)
[2025-11-29T08:37:39.212+0000][437.414s][info ][safepoint   ] Safepoint "Cleanup", Time since last: 4000930724 ns, Reaching safepoint: 483090 ns, Cleanup: 29707 ns, At safepoint: 7815 ns, Total: 520612 ns
[2025-11-29T08:37:44.213+0000][442.415s][debug][safepoint   ] Safepoint synchronization initiated using futex wait barrier. (255 threads)
[2025-11-29T08:37:44.213+0000][442.415s][info ][safepoint   ] Safepoint "Cleanup", Time since last: 5000763425 ns, Reaching safepoint: 210224 ns, Cleanup: 14067 ns, At safepoint: 4369 ns, Total: 228660 ns
[2025-11-29T08:37:49.214+0000][447.416s][debug][safepoint   ] Safepoint synchronization initiated using futex wait barrier. (255 threads)
[2025-11-29T08:37:49.214+0000][447.416s][info ][safepoint   ] Safepoint "Cleanup", Time since last: 5000878819 ns, Reaching safepoint: 233210 ns, Cleanup: 15850 ns, At safepoint: 5040 ns, Total: 254100 ns
[2025-11-29T08:37:54.215+0000][452.417s][debug][safepoint   ] Safepoint synchronization initiated using futex wait barrier. (255 threads)
[2025-11-29T08:37:54.215+0000][452.417s][info ][safepoint   ] Safepoint "Cleanup", Time since last: 5000669013 ns, Reaching safepoint: 135911 ns, Cleanup: 17524 ns, At safepoint: 4850 ns, Total: 158285 ns
[2025-11-29T08:37:58.216+0000][456.418s][debug][safepoint   ] Safepoint synchronization initiated using futex wait barrier. (255 threads)
[2025-11-29T08:37:58.216+0000][456.418s][info ][safepoint   ] Safepoint "Cleanup", Time since last: 4000591315 ns, Reaching safepoint: 145720 ns, Cleanup: 21021 ns, At safepoint: 33414 ns, Total: 200155 ns
[2025-11-29T08:37:59.216+0000][457.418s][debug][safepoint   ] Safepoint synchronization initiated using futex wait barrier. (255 threads)
[2025-11-29T08:37:59.216+0000][457.418s][info ][safepoint   ] Safepoint "Cleanup", Time since last: 1000186893 ns, Reaching safepoint: 90794 ns, Cleanup: 14098 ns, At safepoint: 2645 ns, Total: 107537 ns
[2025-11-29T08:38:03.217+0000][461.419s][debug][safepoint   ] Safepoint synchronization initiated using futex wait barrier. (256 threads)
[2025-11-29T08:38:03.217+0000][461.419s][info ][safepoint   ] Safepoint "Cleanup", Time since last: 4000511585 ns, Reaching safepoint: 89592 ns, Cleanup: 15961 ns, At safepoint: 3537 ns, Total: 109090 ns
[2025-11-29T08:38:04.217+0000][462.419s][debug][safepoint   ] Safepoint synchronization initiated using futex wait barrier. (256 threads)
[2025-11-29T08:38:04.217+0000][462.419s][info ][safepoint   ] Safepoint "Cleanup", Time since last: 1000190976 ns, Reaching safepoint: 298895 ns, Cleanup: 17333 ns, At safepoint: 37743 ns, Total: 353971 ns
[2025-11-29T08:38:06.219+0000][464.420s][debug][safepoint   ] Safepoint synchronization initiated using futex wait barrier. (256 threads)
[2025-11-29T08:38:06.219+0000][464.421s][info ][safepoint   ] Safepoint "Cleanup", Time since last: 2001170290 ns, Reaching safepoint: 337839 ns, Cleanup: 24187 ns, At safepoint: 6833 ns, Total: 368859 ns
[2025-11-29T08:38:08.217+0000][466.421s][debug][safepoint   ] Safepoint synchronization initiated using futex wait barrier. (256 threads)
[2025-11-29T08:38:08.217+0000][466.421s][info ][safepoint   ] Safepoint "Cleanup", Time since last: 2000264921 ns, Reaching safepoint: 66488 ns, Cleanup: 63362 ns, At safepoint: 3226 ns, Total: 133076 ns
[2025-11-29T08:38:09.217+0000][467.421s][debug][safepoint   ] Safepoint synchronization initiated using futex wait barrier. (256 threads)
[2025-11-29T08:38:09.218+0000][467.421s][info ][safepoint   ] Safepoint "Cleanup", Time since last: 1000173836 ns, Reaching safepoint: 121834 ns, Cleanup: 17894 ns, At safepoint: 4459 ns, Total: 144187 ns
[2025-11-29T08:38:10.218+0000][468.422s][debug][safepoint   ] Safepoint synchronization initiated using futex wait barrier. (256 threads)
[2025-11-29T08:38:10.218+0000][468.422s][info ][safepoint   ] Safepoint "Cleanup", Time since last: 1000633070 ns, Reaching safepoint: 129619 ns, Cleanup: 26611 ns, At safepoint: 4859 ns, Total: 161089 ns
[2025-11-29T08:38:14.219+0000][472.423s][debug][safepoint   ] Safepoint synchronization initiated using futex wait barrier. (255 threads)
[2025-11-29T08:38:14.219+0000][472.423s][info ][safepoint   ] Safepoint "Cleanup", Time since last: 4000557721 ns, Reaching safepoint: 225353 ns, Cleanup: 67830 ns, At safepoint: 6202 ns, Total: 299385 ns
[2025-11-29T08:38:15.220+0000][473.424s][debug][safepoint   ] Safepoint synchronization initiated using futex wait barrier. (255 threads)
[2025-11-29T08:38:15.220+0000][473.424s][info ][safepoint   ] Safepoint "Cleanup", Time since last: 1000459702 ns, Reaching safepoint: 79804 ns, Cleanup: 23555 ns, At safepoint: 3727 ns, Total: 107086 ns
[2025-11-29T08:38:19.220+0000][477.424s][debug][safepoint   ] Safepoint synchronization initiated using futex wait barrier. (255 threads)
[2025-11-29T08:38:19.220+0000][477.424s][info ][safepoint   ] Safepoint "Cleanup", Time since last: 4000549039 ns, Reaching safepoint: 133667 ns, Cleanup: 15680 ns, At safepoint: 5471 ns, Total: 154818 ns
[2025-11-29T08:38:27.782+0000][485.986s][debug][safepoint   ] Safepoint synchronization initiated using futex wait barrier. (255 threads)
[2025-11-29T08:38:27.783+0000][485.987s][info ][gc,start    ] GC(89) Pause Young (Normal) (G1 Evacuation Pause)
[2025-11-29T08:38:27.783+0000][485.987s][info ][gc,task     ] GC(89) Using 13 workers of 13 for evacuation
[2025-11-29T08:38:27.802+0000][486.006s][info ][gc,phases   ] GC(89)   Pre Evacuate Collection Set: 1.2ms
[2025-11-29T08:38:27.802+0000][486.006s][info ][gc,phases   ] GC(89)   Merge Heap Roots: 0.6ms
[2025-11-29T08:38:27.802+0000][486.006s][info ][gc,phases   ] GC(89)   Evacuate Collection Set: 13.5ms
[2025-11-29T08:38:27.802+0000][486.006s][info ][gc,phases   ] GC(89)   Post Evacuate Collection Set: 3.8ms
[2025-11-29T08:38:27.802+0000][486.006s][info ][gc,phases   ] GC(89)   Other: 0.9ms
[2025-11-29T08:38:27.802+0000][486.006s][info ][gc,heap     ] GC(89) Eden regions: 168->0(171)
[2025-11-29T08:38:27.802+0000][486.006s][info ][gc,heap     ] GC(89) Survivor regions: 10->11(23)
[2025-11-29T08:38:27.802+0000][486.006s][info ][gc,heap     ] GC(89) Old regions: 418->418
[2025-11-29T08:38:27.802+0000][486.006s][info ][gc,heap     ] GC(89) Archive regions: 2->2
[2025-11-29T08:38:27.802+0000][486.006s][info ][gc,heap     ] GC(89) Humongous regions: 11->11
[2025-11-29T08:38:27.802+0000][486.006s][info ][gc,metaspace] GC(89) Metaspace: 196587K(198080K)->196587K(198080K) NonClass: 172599K(173376K)->172599K(173376K) Class: 23987K(24704K)->23987K(24704K)
[2025-11-29T08:38:27.803+0000][486.006s][info ][gc          ] GC(89) Pause Young (Normal) (G1 Evacuation Pause) 606M->439M(703M) 19.677ms
[2025-11-29T08:38:27.803+0000][486.007s][info ][gc,cpu      ] GC(89) User=0.12s Sys=0.01s Real=0.02s
[2025-11-29T08:38:27.803+0000][486.007s][info ][safepoint   ] Safepoint "G1CollectForAllocation", Time since last: 8561588188 ns, Reaching safepoint: 102477 ns, Cleanup: 40638 ns, At safepoint: 21096787 ns, Total: 21239902 ns
[2025-11-29T08:38:30.804+0000][489.008s][debug][safepoint   ] Safepoint synchronization initiated using futex wait barrier. (255 threads)
[2025-11-29T08:38:30.804+0000][489.008s][info ][safepoint   ] Safepoint "Cleanup", Time since last: 3000421604 ns, Reaching safepoint: 107507 ns, Cleanup: 48864 ns, At safepoint: 4388 ns, Total: 160759 ns
[2025-11-29T08:38:31.804+0000][490.008s][debug][safepoint   ] Safepoint synchronization initiated using futex wait barrier. (255 threads)
[2025-11-29T08:38:31.804+0000][490.008s][info ][safepoint   ] Safepoint "Cleanup", Time since last: 1000156454 ns, Reaching safepoint: 98560 ns, Cleanup: 14758 ns, At safepoint: 4329 ns, Total: 117647 ns
[2025-11-29T08:38:33.804+0000][492.008s][debug][safepoint   ] Safepoint synchronization initiated using futex wait barrier. (255 threads)
[2025-11-29T08:38:33.804+0000][492.008s][info ][safepoint   ] Safepoint "Cleanup", Time since last: 2000248923 ns, Reaching safepoint: 85485 ns, Cleanup: 15930 ns, At safepoint: 5240 ns, Total: 106655 ns
[2025-11-29T08:38:35.805+0000][494.009s][debug][safepoint   ] Safepoint synchronization initiated using futex wait barrier. (255 threads)
[2025-11-29T08:38:35.805+0000][494.009s][info ][safepoint   ] Safepoint "Cleanup", Time since last: 2000375161 ns, Reaching safepoint: 82749 ns, Cleanup: 15891 ns, At safepoint: 5640 ns, Total: 104280 ns
[2025-11-29T08:38:38.803+0000][497.009s][debug][safepoint   ] Safepoint synchronization initiated using futex wait barrier. (255 threads)
[2025-11-29T08:38:38.804+0000][497.010s][info ][safepoint   ] Safepoint "Cleanup", Time since last: 3000408090 ns, Reaching safepoint: 174937 ns, Cleanup: 25118 ns, At safepoint: 5591 ns, Total: 205646 ns
[2025-11-29T08:38:43.804+0000][502.010s][debug][safepoint   ] Safepoint synchronization initiated using futex wait barrier. (255 threads)
[2025-11-29T08:38:43.805+0000][502.010s][info ][safepoint   ] Safepoint "Cleanup", Time since last: 5000679078 ns, Reaching safepoint: 220485 ns, Cleanup: 30709 ns, At safepoint: 6372 ns, Total: 257566 ns
[2025-11-29T08:38:45.805+0000][504.011s][debug][safepoint   ] Safepoint synchronization initiated using futex wait barrier. (255 threads)
[2025-11-29T08:38:45.805+0000][504.011s][info ][safepoint   ] Safepoint "Cleanup", Time since last: 2000230203 ns, Reaching safepoint: 117035 ns, Cleanup: 14258 ns, At safepoint: 3326 ns, Total: 134619 ns
[2025-11-29T08:38:48.805+0000][507.011s][debug][safepoint   ] Safepoint synchronization initiated using futex wait barrier. (255 threads)
[2025-11-29T08:38:48.805+0000][507.011s][info ][safepoint   ] Safepoint "Cleanup", Time since last: 3000406986 ns, Reaching safepoint: 90134 ns, Cleanup: 16081 ns, At safepoint: 4128 ns, Total: 110343 ns
[2025-11-29T08:38:53.806+0000][512.012s][debug][safepoint   ] Safepoint synchronization initiated using futex wait barrier. (255 threads)
[2025-11-29T08:38:53.807+0000][512.013s][info ][safepoint   ] Safepoint "Cleanup", Time since last: 5000707706 ns, Reaching safepoint: 309585 ns, Cleanup: 27092 ns, At safepoint: 184706 ns, Total: 521383 ns
[2025-11-29T08:38:55.807+0000][514.013s][debug][safepoint   ] Safepoint synchronization initiated using futex wait barrier. (255 threads)
[2025-11-29T08:38:55.807+0000][514.013s][info ][safepoint   ] Safepoint "Cleanup", Time since last: 2000328574 ns, Reaching safepoint: 85434 ns, Cleanup: 18967 ns, At safepoint: 3827 ns, Total: 108228 ns
[2025-11-29T08:38:58.807+0000][517.013s][debug][safepoint   ] Safepoint synchronization initiated using futex wait barrier. (256 threads)
[2025-11-29T08:38:58.808+0000][517.014s][info ][safepoint   ] Safepoint "Cleanup", Time since last: 3000424224 ns, Reaching safepoint: 124680 ns, Cleanup: 27734 ns, At safepoint: 5079 ns, Total: 157493 ns
[2025-11-29T08:39:05.809+0000][524.015s][debug][safepoint   ] Safepoint synchronization initiated using futex wait barrier. (256 threads)
[2025-11-29T08:39:05.809+0000][524.015s][info ][safepoint   ] Safepoint "Cleanup", Time since last: 7001009321 ns, Reaching safepoint: 100634 ns, Cleanup: 132464 ns, At safepoint: 7765 ns, Total: 240863 ns
[2025-11-29T08:39:08.807+0000][527.015s][debug][safepoint   ] Safepoint synchronization initiated using futex wait barrier. (255 threads)
[2025-11-29T08:39:08.808+0000][527.015s][info ][safepoint   ] Safepoint "Cleanup", Time since last: 3000463727 ns, Reaching safepoint: 111194 ns, Cleanup: 29256 ns, At safepoint: 5921 ns, Total: 146371 ns
[2025-11-29T08:39:09.808+0000][528.016s][debug][safepoint   ] Safepoint synchronization initiated using futex wait barrier. (255 threads)
[2025-11-29T08:39:09.808+0000][528.016s][info ][safepoint   ] Safepoint "Cleanup", Time since last: 1000163808 ns, Reaching safepoint: 86627 ns, Cleanup: 14408 ns, At safepoint: 3426 ns, Total: 104461 ns
[2025-11-29T08:39:15.809+0000][534.016s][debug][safepoint   ] Safepoint synchronization initiated using futex wait barrier. (254 threads)
[2025-11-29T08:39:15.809+0000][534.017s][info ][safepoint   ] Safepoint "Cleanup", Time since last: 6000712713 ns, Reaching safepoint: 77289 ns, Cleanup: 20139 ns, At safepoint: 4489 ns, Total: 101917 ns
[2025-11-29T08:39:23.275+0000][541.483s][debug][safepoint   ] Safepoint synchronization initiated using futex wait barrier. (254 threads)
[2025-11-29T08:39:23.275+0000][541.483s][info ][safepoint   ] Safepoint "Cleanup", Time since last: 7466424015 ns, Reaching safepoint: 97258 ns, Cleanup: 11963 ns, At safepoint: 3296 ns, Total: 112517 ns
[2025-11-29T08:39:26.276+0000][544.484s][debug][safepoint   ] Safepoint synchronization initiated using futex wait barrier. (254 threads)
[2025-11-29T08:39:26.277+0000][544.484s][info ][safepoint   ] Safepoint "Cleanup", Time since last: 3001159153 ns, Reaching safepoint: 157434 ns, Cleanup: 20008 ns, At safepoint: 4890 ns, Total: 182332 ns
[2025-11-29T08:39:28.277+0000][546.485s][debug][safepoint   ] Safepoint synchronization initiated using futex wait barrier. (254 threads)
[2025-11-29T08:39:28.277+0000][546.485s][info ][safepoint   ] Safepoint "Cleanup", Time since last: 2000376476 ns, Reaching safepoint: 411514 ns, Cleanup: 36331 ns, At safepoint: 5781 ns, Total: 453626 ns
[2025-11-29T08:39:33.278+0000][551.486s][debug][safepoint   ] Safepoint synchronization initiated using futex wait barrier. (254 threads)
[2025-11-29T08:39:33.278+0000][551.486s][info ][safepoint   ] Safepoint "Cleanup", Time since last: 5000709310 ns, Reaching safepoint: 63151 ns, Cleanup: 11302 ns, At safepoint: 3126 ns, Total: 77579 ns
[2025-11-29T08:39:36.279+0000][554.486s][debug][safepoint   ] Safepoint synchronization initiated using futex wait barrier. (254 threads)
[2025-11-29T08:39:36.279+0000][554.487s][info ][safepoint   ] Safepoint "Cleanup", Time since last: 3000369085 ns, Reaching safepoint: 145300 ns, Cleanup: 26210 ns, At safepoint: 5501 ns, Total: 177011 ns
[2025-11-29T08:39:38.277+0000][556.487s][debug][safepoint   ] Safepoint synchronization initiated using futex wait barrier. (254 threads)
[2025-11-29T08:39:38.277+0000][556.487s][info ][safepoint   ] Safepoint "Cleanup", Time since last: 2000299920 ns, Reaching safepoint: 82707 ns, Cleanup: 11161 ns, At safepoint: 3607 ns, Total: 97475 ns
[2025-11-29T08:39:43.278+0000][561.488s][debug][safepoint   ] Safepoint synchronization initiated using futex wait barrier. (254 threads)
[2025-11-29T08:39:43.278+0000][561.488s][info ][safepoint   ] Safepoint "Cleanup", Time since last: 5000755983 ns, Reaching safepoint: 74972 ns, Cleanup: 15290 ns, At safepoint: 2855 ns, Total: 93117 ns
[2025-11-29T08:39:46.278+0000][564.488s][debug][safepoint   ] Safepoint synchronization initiated using futex wait barrier. (254 threads)
[2025-11-29T08:39:46.278+0000][564.488s][info ][safepoint   ] Safepoint "Cleanup", Time since last: 3000421640 ns, Reaching safepoint: 88836 ns, Cleanup: 14639 ns, At safepoint: 3988 ns, Total: 107463 ns
[2025-11-29T08:39:58.280+0000][576.490s][debug][safepoint   ] Safepoint synchronization initiated using futex wait barrier. (254 threads)
[2025-11-29T08:39:58.280+0000][576.491s][info ][safepoint   ] Safepoint "Cleanup", Time since last: 12002032166 ns, Reaching safepoint: 168926 ns, Cleanup: 34888 ns, At safepoint: 5620 ns, Total: 209434 ns
[2025-11-29T08:40:05.282+0000][583.492s][debug][safepoint   ] Safepoint synchronization initiated using futex wait barrier. (254 threads)
[2025-11-29T08:40:05.282+0000][583.492s][info ][safepoint   ] Safepoint "Cleanup", Time since last: 7001202061 ns, Reaching safepoint: 109701 ns, Cleanup: 15570 ns, At safepoint: 4649 ns, Total: 129920 ns
[2025-11-29T08:40:06.282+0000][584.492s][debug][safepoint   ] Safepoint synchronization initiated using futex wait barrier. (254 threads)
[2025-11-29T08:40:06.282+0000][584.492s][info ][safepoint   ] Safepoint "Cleanup", Time since last: 1000181051 ns, Reaching safepoint: 123678 ns, Cleanup: 22743 ns, At safepoint: 3738 ns, Total: 150159 ns
[2025-11-29T08:40:08.281+0000][586.493s][debug][safepoint   ] Safepoint synchronization initiated using futex wait barrier. (254 threads)
[2025-11-29T08:40:08.281+0000][586.493s][info ][safepoint   ] Safepoint "Cleanup", Time since last: 2000299561 ns, Reaching safepoint: 146321 ns, Cleanup: 18094 ns, At safepoint: 6333 ns, Total: 170748 ns
[2025-11-29T08:40:16.282+0000][594.494s][debug][safepoint   ] Safepoint synchronization initiated using futex wait barrier. (253 threads)
[2025-11-29T08:40:16.282+0000][594.494s][info ][safepoint   ] Safepoint "Cleanup", Time since last: 8001088811 ns, Reaching safepoint: 257586 ns, Cleanup: 21571 ns, At safepoint: 7946 ns, Total: 287103 ns
[2025-11-29T08:40:23.284+0000][601.495s][debug][safepoint   ] Safepoint synchronization initiated using futex wait barrier. (254 threads)
[2025-11-29T08:40:23.284+0000][601.495s][info ][safepoint   ] Safepoint "Cleanup", Time since last: 7001031492 ns, Reaching safepoint: 143085 ns, Cleanup: 37833 ns, At safepoint: 4759 ns, Total: 185677 ns
[2025-11-29T08:40:25.284+0000][603.496s][debug][safepoint   ] Safepoint synchronization initiated using futex wait barrier. (256 threads)
[2025-11-29T08:40:25.284+0000][603.496s][info ][safepoint   ] Safepoint "Cleanup", Time since last: 2000333286 ns, Reaching safepoint: 223851 ns, Cleanup: 18104 ns, At safepoint: 6012 ns, Total: 247967 ns
[2025-11-29T08:40:26.284+0000][604.496s][debug][safepoint   ] Safepoint synchronization initiated using futex wait barrier. (255 threads)
[2025-11-29T08:40:26.285+0000][604.496s][debug][safepoint   ] ... found polling page loop exception at pc = 0x00007dbcdd8ebbec, stub =0x00007dbcdca04400
[2025-11-29T08:40:26.285+0000][604.497s][info ][safepoint   ] Safepoint "Cleanup", Time since last: 1000182919 ns, Reaching safepoint: 452040 ns, Cleanup: 15770 ns, At safepoint: 73932 ns, Total: 541742 ns
[2025-11-29T08:40:34.286+0000][612.498s][debug][safepoint   ] Safepoint synchronization initiated using futex wait barrier. (254 threads)
[2025-11-29T08:40:34.287+0000][612.499s][info ][safepoint   ] Safepoint "Cleanup", Time since last: 8001367871 ns, Reaching safepoint: 482034 ns, Cleanup: 16822 ns, At safepoint: 65035 ns, Total: 563891 ns
[2025-11-29T08:40:38.285+0000][616.499s][debug][safepoint   ] Safepoint synchronization initiated using futex wait barrier. (254 threads)
[2025-11-29T08:40:38.285+0000][616.499s][info ][safepoint   ] Safepoint "Cleanup", Time since last: 4000658762 ns, Reaching safepoint: 100052 ns, Cleanup: 20218 ns, At safepoint: 5481 ns, Total: 125751 ns
[2025-11-29T08:40:44.287+0000][622.500s][debug][safepoint   ] Safepoint synchronization initiated using futex wait barrier. (254 threads)
[2025-11-29T08:40:44.287+0000][622.501s][info ][safepoint   ] Safepoint "Cleanup", Time since last: 6001156429 ns, Reaching safepoint: 145941 ns, Cleanup: 25780 ns, At safepoint: 5140 ns, Total: 176861 ns
[2025-11-29T08:40:45.492+0000][623.706s][debug][safepoint   ] Safepoint synchronization initiated using futex wait barrier. (254 threads)
[2025-11-29T08:40:45.492+0000][623.706s][info ][gc,start    ] GC(90) Pause Young (Normal) (G1 Evacuation Pause)
[2025-11-29T08:40:45.492+0000][623.706s][info ][gc,task     ] GC(90) Using 13 workers of 13 for evacuation
[2025-11-29T08:40:45.526+0000][623.740s][info ][gc,phases   ] GC(90)   Pre Evacuate Collection Set: 0.9ms
[2025-11-29T08:40:45.526+0000][623.740s][info ][gc,phases   ] GC(90)   Merge Heap Roots: 0.4ms
[2025-11-29T08:40:45.526+0000][623.740s][info ][gc,phases   ] GC(90)   Evacuate Collection Set: 28.5ms
[2025-11-29T08:40:45.526+0000][623.740s][info ][gc,phases   ] GC(90)   Post Evacuate Collection Set: 3.8ms
[2025-11-29T08:40:45.526+0000][623.740s][info ][gc,phases   ] GC(90)   Other: 0.5ms
[2025-11-29T08:40:45.526+0000][623.740s][info ][gc,heap     ] GC(90) Eden regions: 171->0(174)
[2025-11-29T08:40:45.526+0000][623.740s][info ][gc,heap     ] GC(90) Survivor regions: 11->11(23)
[2025-11-29T08:40:45.526+0000][623.740s][info ][gc,heap     ] GC(90) Old regions: 418->418
[2025-11-29T08:40:45.526+0000][623.740s][info ][gc,heap     ] GC(90) Archive regions: 2->2
[2025-11-29T08:40:45.526+0000][623.740s][info ][gc,heap     ] GC(90) Humongous regions: 11->11
[2025-11-29T08:40:45.526+0000][623.740s][info ][gc,metaspace] GC(90) Metaspace: 196813K(198272K)->196813K(198272K) NonClass: 172825K(173568K)->172825K(173568K) Class: 23987K(24704K)->23987K(24704K)
[2025-11-29T08:40:45.526+0000][623.740s][info ][gc          ] GC(90) Pause Young (Normal) (G1 Evacuation Pause) 610M->439M(703M) 34.184ms
[2025-11-29T08:40:45.526+0000][623.740s][info ][gc,cpu      ] GC(90) User=0.38s Sys=0.01s Real=0.03s
[2025-11-29T08:40:45.528+0000][623.741s][info ][safepoint   ] Safepoint "G1CollectForAllocation", Time since last: 1204955653 ns, Reaching safepoint: 177131 ns, Cleanup: 6132 ns, At safepoint: 35680587 ns, Total: 35863850 ns
[2025-11-29T08:40:47.528+0000][625.742s][debug][safepoint   ] Safepoint synchronization initiated using futex wait barrier. (254 threads)
[2025-11-29T08:40:47.528+0000][625.742s][info ][safepoint   ] Safepoint "Cleanup", Time since last: 2000492361 ns, Reaching safepoint: 79724 ns, Cleanup: 12874 ns, At safepoint: 3237 ns, Total: 95835 ns
[2025-11-29T08:40:48.528+0000][626.742s][debug][safepoint   ] Safepoint synchronization initiated using futex wait barrier. (254 threads)
[2025-11-29T08:40:48.529+0000][626.743s][info ][safepoint   ] Safepoint "Cleanup", Time since last: 1000300788 ns, Reaching safepoint: 95003 ns, Cleanup: 31961 ns, At safepoint: 4058 ns, Total: 131022 ns
[2025-11-29T08:40:59.531+0000][637.744s][debug][safepoint   ] Safepoint synchronization initiated using futex wait barrier. (254 threads)
[2025-11-29T08:40:59.531+0000][637.745s][info ][safepoint   ] Safepoint "Cleanup", Time since last: 11001944635 ns, Reaching safepoint: 215835 ns, Cleanup: 24257 ns, At safepoint: 70987 ns, Total: 311079 ns
[2025-11-29T08:41:03.531+0000][641.745s][debug][safepoint   ] Safepoint synchronization initiated using futex wait barrier. (254 threads)
[2025-11-29T08:41:03.532+0000][641.745s][info ][safepoint   ] Safepoint "Cleanup", Time since last: 4000594712 ns, Reaching safepoint: 96506 ns, Cleanup: 17243 ns, At safepoint: 3848 ns, Total: 117597 ns
[2025-11-29T08:41:06.532+0000][644.749s][debug][safepoint   ] Safepoint synchronization initiated using futex wait barrier. (254 threads)
[2025-11-29T08:41:06.533+0000][644.749s][info ][safepoint   ] Safepoint "Cleanup", Time since last: 3003566225 ns, Reaching safepoint: 79553 ns, Cleanup: 14338 ns, At safepoint: 3126 ns, Total: 97017 ns
[2025-11-29T08:41:08.533+0000][646.749s][debug][safepoint   ] Safepoint synchronization initiated using futex wait barrier. (254 threads)
[2025-11-29T08:41:08.533+0000][646.750s][info ][safepoint   ] Safepoint "Cleanup", Time since last: 2000318591 ns, Reaching safepoint: 279528 ns, Cleanup: 18095 ns, At safepoint: 5571 ns, Total: 303194 ns
[2025-11-29T08:41:09.533+0000][647.750s][debug][safepoint   ] Safepoint synchronization initiated using futex wait barrier. (254 threads)
[2025-11-29T08:41:09.533+0000][647.750s][info ][safepoint   ] Safepoint "Cleanup", Time since last: 1000159171 ns, Reaching safepoint: 78531 ns, Cleanup: 13506 ns, At safepoint: 3317 ns, Total: 95354 ns
[2025-11-29T08:41:13.534+0000][651.751s][debug][safepoint   ] Safepoint synchronization initiated using futex wait barrier. (254 threads)
[2025-11-29T08:41:13.534+0000][651.751s][info ][safepoint   ] Safepoint "Cleanup", Time since last: 4000585288 ns, Reaching safepoint: 220495 ns, Cleanup: 20149 ns, At safepoint: 11622 ns, Total: 252266 ns
[2025-11-29T08:41:18.535+0000][656.752s][debug][safepoint   ] Safepoint synchronization initiated using futex wait barrier. (253 threads)
[2025-11-29T08:41:18.536+0000][656.752s][info ][safepoint   ] Safepoint "Cleanup", Time since last: 5000749742 ns, Reaching safepoint: 496297 ns, Cleanup: 54966 ns, At safepoint: 5671 ns, Total: 556934 ns
[2025-11-29T08:41:28.352+0000][666.569s][debug][safepoint   ] Safepoint synchronization initiated using futex wait barrier. (253 threads)
[2025-11-29T08:41:28.352+0000][666.569s][info ][safepoint   ] Safepoint "Cleanup", Time since last: 9816408384 ns, Reaching safepoint: 137255 ns, Cleanup: 28796 ns, At safepoint: 4970 ns, Total: 171021 ns
[2025-11-29T08:41:33.353+0000][671.569s][debug][safepoint   ] Safepoint synchronization initiated using futex wait barrier. (256 threads)
[2025-11-29T08:41:33.353+0000][671.570s][info ][safepoint   ] Safepoint "Cleanup", Time since last: 5000673077 ns, Reaching safepoint: 334316 ns, Cleanup: 81607 ns, At safepoint: 5901 ns, Total: 421824 ns
[2025-11-29T08:41:38.351+0000][676.571s][debug][safepoint   ] Safepoint synchronization initiated using futex wait barrier. (254 threads)
[2025-11-29T08:41:38.352+0000][676.571s][info ][safepoint   ] Safepoint "Cleanup", Time since last: 5000725876 ns, Reaching safepoint: 327972 ns, Cleanup: 125161 ns, At safepoint: 60997 ns, Total: 514130 ns
[2025-11-29T08:41:43.353+0000][681.572s][debug][safepoint   ] Safepoint synchronization initiated using futex wait barrier. (256 threads)
[2025-11-29T08:41:43.353+0000][681.572s][info ][safepoint   ] Safepoint "Cleanup", Time since last: 5000959740 ns, Reaching safepoint: 202399 ns, Cleanup: 83601 ns, At safepoint: 5391 ns, Total: 291391 ns
[2025-11-29T08:41:45.353+0000][683.573s][debug][safepoint   ] Safepoint synchronization initiated using futex wait barrier. (256 threads)
[2025-11-29T08:41:45.354+0000][683.573s][info ][safepoint   ] Safepoint "Cleanup", Time since last: 2000313578 ns, Reaching safepoint: 134717 ns, Cleanup: 119667 ns, At safepoint: 6163 ns, Total: 260547 ns
[2025-11-29T08:41:48.354+0000][686.573s][debug][safepoint   ] Safepoint synchronization initiated using futex wait barrier. (256 threads)
[2025-11-29T08:41:48.354+0000][686.573s][info ][safepoint   ] Safepoint "Cleanup", Time since last: 3000401880 ns, Reaching safepoint: 110760 ns, Cleanup: 76812 ns, At safepoint: 3988 ns, Total: 191560 ns
[2025-11-29T08:41:49.354+0000][687.574s][debug][safepoint   ] Safepoint synchronization initiated using futex wait barrier. (259 threads)
[2025-11-29T08:41:49.355+0000][687.574s][info ][safepoint   ] Safepoint "Cleanup", Time since last: 1000165196 ns, Reaching safepoint: 279825 ns, Cleanup: 104637 ns, At safepoint: 150358 ns, Total: 534820 ns
[2025-11-29T08:41:53.356+0000][691.575s][debug][safepoint   ] Safepoint synchronization initiated using futex wait barrier. (255 threads)
[2025-11-29T08:41:53.356+0000][691.575s][info ][safepoint   ] Safepoint "Cleanup", Time since last: 4000590320 ns, Reaching safepoint: 92132 ns, Cleanup: 19125 ns, At safepoint: 3317 ns, Total: 114574 ns
[2025-11-29T08:41:56.356+0000][694.575s][debug][safepoint   ] Safepoint synchronization initiated using futex wait barrier. (253 threads)
[2025-11-29T08:41:56.357+0000][694.576s][info ][safepoint   ] Safepoint "Cleanup", Time since last: 3000568745 ns, Reaching safepoint: 192141 ns, Cleanup: 76226 ns, At safepoint: 4479 ns, Total: 272846 ns
[2025-11-29T08:42:06.358+0000][704.577s][debug][safepoint   ] Safepoint synchronization initiated using futex wait barrier. (253 threads)
[2025-11-29T08:42:06.358+0000][704.577s][info ][safepoint   ] Safepoint "Cleanup", Time since last: 10001375972 ns, Reaching safepoint: 161438 ns, Cleanup: 20830 ns, At safepoint: 4549 ns, Total: 186817 ns
[2025-11-29T08:42:13.378+0000][711.600s][debug][safepoint   ] Safepoint synchronization initiated using futex wait barrier. (253 threads)
[2025-11-29T08:42:13.378+0000][711.600s][info ][safepoint   ] Safepoint "Cleanup", Time since last: 7022443927 ns, Reaching safepoint: 158987 ns, Cleanup: 16381 ns, At safepoint: 5260 ns, Total: 180628 ns
[2025-11-29T08:42:18.379+0000][716.601s][debug][safepoint   ] Safepoint synchronization initiated using futex wait barrier. (252 threads)
[2025-11-29T08:42:18.379+0000][716.601s][info ][safepoint   ] Safepoint "Cleanup", Time since last: 5000700054 ns, Reaching safepoint: 154299 ns, Cleanup: 19347 ns, At safepoint: 4859 ns, Total: 178505 ns
[2025-11-29T08:42:19.380+0000][717.601s][debug][safepoint   ] Safepoint synchronization initiated using futex wait barrier. (252 threads)
[2025-11-29T08:42:19.380+0000][717.601s][info ][safepoint   ] Safepoint "Cleanup", Time since last: 1000569280 ns, Reaching safepoint: 84433 ns, Cleanup: 19818 ns, At safepoint: 3187 ns, Total: 107438 ns
[2025-11-29T08:42:23.386+0000][721.607s][debug][safepoint   ] Safepoint synchronization initiated using futex wait barrier. (252 threads)
[2025-11-29T08:42:23.386+0000][721.607s][info ][safepoint   ] Safepoint "Cleanup", Time since last: 4005574000 ns, Reaching safepoint: 127968 ns, Cleanup: 63243 ns, At safepoint: 6793 ns, Total: 198004 ns
[2025-11-29T08:42:43.388+0000][741.611s][debug][safepoint   ] Safepoint synchronization initiated using futex wait barrier. (252 threads)
[2025-11-29T08:42:43.388+0000][741.611s][info ][safepoint   ] Safepoint "Cleanup", Time since last: 20003856577 ns, Reaching safepoint: 153999 ns, Cleanup: 15149 ns, At safepoint: 5190 ns, Total: 174338 ns
[2025-11-29T08:42:48.389+0000][746.612s][debug][safepoint   ] Safepoint synchronization initiated using futex wait barrier. (252 threads)
[2025-11-29T08:42:48.389+0000][746.612s][info ][safepoint   ] Safepoint "Cleanup", Time since last: 5000669727 ns, Reaching safepoint: 138709 ns, Cleanup: 14548 ns, At safepoint: 4509 ns, Total: 157766 ns
[2025-11-29T08:42:49.389+0000][747.612s][debug][safepoint   ] Safepoint synchronization initiated using futex wait barrier. (252 threads)
[2025-11-29T08:42:49.389+0000][747.612s][info ][safepoint   ] Safepoint "Cleanup", Time since last: 1000176973 ns, Reaching safepoint: 80796 ns, Cleanup: 15521 ns, At safepoint: 4789 ns, Total: 101106 ns
[2025-11-29T08:42:53.390+0000][751.613s][debug][safepoint   ] Safepoint synchronization initiated using futex wait barrier. (252 threads)
[2025-11-29T08:42:53.390+0000][751.613s][info ][safepoint   ] Safepoint "Cleanup", Time since last: 4000853057 ns, Reaching safepoint: 93792 ns, Cleanup: 20981 ns, At safepoint: 3276 ns, Total: 118049 ns
[2025-11-29T08:42:56.390+0000][754.614s][debug][safepoint   ] Safepoint synchronization initiated using futex wait barrier. (252 threads)
[2025-11-29T08:42:56.391+0000][754.614s][info ][safepoint   ] Safepoint "Cleanup", Time since last: 3000349872 ns, Reaching safepoint: 78473 ns, Cleanup: 121636 ns, At safepoint: 6813 ns, Total: 206922 ns
[2025-11-29T08:42:58.391+0000][756.614s][debug][safepoint   ] Safepoint synchronization initiated using futex wait barrier. (252 threads)
[2025-11-29T08:42:58.391+0000][756.614s][info ][safepoint   ] Safepoint "Cleanup", Time since last: 2000315165 ns, Reaching safepoint: 112477 ns, Cleanup: 12975 ns, At safepoint: 3547 ns, Total: 128999 ns
[2025-11-29T08:43:03.253+0000][761.476s][debug][safepoint   ] Safepoint synchronization initiated using futex wait barrier. (252 threads)
[2025-11-29T08:43:03.255+0000][761.478s][info ][gc,start    ] GC(91) Pause Young (Normal) (G1 Evacuation Pause)
[2025-11-29T08:43:03.255+0000][761.478s][info ][gc,task     ] GC(91) Using 13 workers of 13 for evacuation
[2025-11-29T08:43:03.322+0000][761.546s][info ][gc,phases   ] GC(91)   Pre Evacuate Collection Set: 4.7ms
[2025-11-29T08:43:03.322+0000][761.546s][info ][gc,phases   ] GC(91)   Merge Heap Roots: 1.6ms
[2025-11-29T08:43:03.322+0000][761.546s][info ][gc,phases   ] GC(91)   Evacuate Collection Set: 50.3ms
[2025-11-29T08:43:03.322+0000][761.546s][info ][gc,phases   ] GC(91)   Post Evacuate Collection Set: 9.5ms
[2025-11-29T08:43:03.322+0000][761.546s][info ][gc,phases   ] GC(91)   Other: 3.0ms
[2025-11-29T08:43:03.322+0000][761.546s][info ][gc,heap     ] GC(91) Eden regions: 174->0(177)
[2025-11-29T08:43:03.322+0000][761.546s][info ][gc,heap     ] GC(91) Survivor regions: 11->11(24)
[2025-11-29T08:43:03.322+0000][761.546s][info ][gc,heap     ] GC(91) Old regions: 418->418
[2025-11-29T08:43:03.322+0000][761.546s][info ][gc,heap     ] GC(91) Archive regions: 2->2
[2025-11-29T08:43:03.322+0000][761.546s][info ][gc,heap     ] GC(91) Humongous regions: 11->11
[2025-11-29T08:43:03.322+0000][761.546s][info ][gc,metaspace] GC(91) Metaspace: 197312K(198784K)->197312K(198784K) NonClass: 173323K(174080K)->173323K(174080K) Class: 23988K(24704K)->23988K(24704K)
[2025-11-29T08:43:03.322+0000][761.546s][info ][gc          ] GC(91) Pause Young (Normal) (G1 Evacuation Pause) 613M->439M(703M) 67.642ms
[2025-11-29T08:43:03.323+0000][761.546s][info ][gc,cpu      ] GC(91) User=0.78s Sys=0.00s Real=0.07s
[2025-11-29T08:43:03.324+0000][761.547s][info ][safepoint   ] Safepoint "G1CollectForAllocation", Time since last: 4861928411 ns, Reaching safepoint: 133809 ns, Cleanup: 10340 ns, At safepoint: 70820945 ns, Total: 70965094 ns
[2025-11-29T08:43:04.324+0000][762.547s][debug][safepoint   ] Safepoint synchronization initiated using futex wait barrier. (252 threads)
[2025-11-29T08:43:04.324+0000][762.548s][info ][safepoint   ] Safepoint "Cleanup", Time since last: 1000219102 ns, Reaching safepoint: 84594 ns, Cleanup: 54696 ns, At safepoint: 5390 ns, Total: 144680 ns
[2025-11-29T08:43:06.325+0000][764.548s][debug][safepoint   ] Safepoint synchronization initiated using futex wait barrier. (252 threads)
[2025-11-29T08:43:06.325+0000][764.548s][info ][safepoint   ] Safepoint "Cleanup", Time since last: 2000298131 ns, Reaching safepoint: 137101 ns, Cleanup: 20079 ns, At safepoint: 5480 ns, Total: 162660 ns
[2025-11-29T08:43:09.323+0000][767.548s][debug][safepoint   ] Safepoint synchronization initiated using futex wait barrier. (252 threads)
[2025-11-29T08:43:09.323+0000][767.549s][info ][safepoint   ] Safepoint "Cleanup", Time since last: 3000418583 ns, Reaching safepoint: 125469 ns, Cleanup: 22793 ns, At safepoint: 4429 ns, Total: 152691 ns
[2025-11-29T08:43:18.324+0000][776.550s][debug][safepoint   ] Safepoint synchronization initiated using futex wait barrier. (252 threads)
[2025-11-29T08:43:18.324+0000][776.550s][info ][safepoint   ] Safepoint "Cleanup", Time since last: 9001411310 ns, Reaching safepoint: 141294 ns, Cleanup: 30099 ns, At safepoint: 5270 ns, Total: 176663 ns
[2025-11-29T08:43:23.415+0000][781.641s][debug][safepoint   ] Safepoint synchronization initiated using futex wait barrier. (253 threads)
[2025-11-29T08:43:23.416+0000][781.641s][info ][safepoint   ] Safepoint "Cleanup", Time since last: 5090913441 ns, Reaching safepoint: 233072 ns, Cleanup: 16993 ns, At safepoint: 6032 ns, Total: 256097 ns
[2025-11-29T08:43:48.417+0000][806.645s][debug][safepoint   ] Safepoint synchronization initiated using futex wait barrier. (253 threads)
[2025-11-29T08:43:48.417+0000][806.645s][info ][safepoint   ] Safepoint "Cleanup", Time since last: 25003750208 ns, Reaching safepoint: 163799 ns, Cleanup: 13177 ns, At safepoint: 4288 ns, Total: 181264 ns
[2025-11-29T08:43:58.418+0000][816.647s][debug][safepoint   ] Safepoint synchronization initiated using futex wait barrier. (253 threads)
[2025-11-29T08:43:58.418+0000][816.647s][info ][safepoint   ] Safepoint "Cleanup", Time since last: 10001421768 ns, Reaching safepoint: 99853 ns, Cleanup: 13467 ns, At safepoint: 2655 ns, Total: 115975 ns
[2025-11-29T08:44:06.421+0000][824.650s][debug][safepoint   ] Safepoint synchronization initiated using futex wait barrier. (253 threads)
[2025-11-29T08:44:06.422+0000][824.650s][info ][safepoint   ] Safepoint "Cleanup", Time since last: 8002929406 ns, Reaching safepoint: 282696 ns, Cleanup: 29207 ns, At safepoint: 5781 ns, Total: 317684 ns
[2025-11-29T08:44:10.421+0000][828.651s][debug][safepoint   ] Safepoint synchronization initiated using futex wait barrier. (253 threads)
[2025-11-29T08:44:10.421+0000][828.652s][info ][safepoint   ] Safepoint "Cleanup", Time since last: 4001196750 ns, Reaching safepoint: 134461 ns, Cleanup: 23936 ns, At safepoint: 39386 ns, Total: 197783 ns
[2025-11-29T08:44:15.422+0000][833.652s][debug][safepoint   ] Safepoint synchronization initiated using futex wait barrier. (253 threads)
[2025-11-29T08:44:15.422+0000][833.652s][info ][safepoint   ] Safepoint "Cleanup", Time since last: 5000685889 ns, Reaching safepoint: 141413 ns, Cleanup: 30068 ns, At safepoint: 5030 ns, Total: 176511 ns
[2025-11-29T08:44:33.450+0000][851.681s][debug][safepoint   ] Safepoint synchronization initiated using futex wait barrier. (252 threads)
[2025-11-29T08:44:33.451+0000][851.681s][info ][safepoint   ] Safepoint "Cleanup", Time since last: 18028367829 ns, Reaching safepoint: 407192 ns, Cleanup: 33886 ns, At safepoint: 6192 ns, Total: 447270 ns
[2025-11-29T08:44:48.452+0000][866.684s][debug][safepoint   ] Safepoint synchronization initiated using futex wait barrier. (252 threads)
[2025-11-29T08:44:48.452+0000][866.685s][info ][safepoint   ] Safepoint "Cleanup", Time since last: 15003227352 ns, Reaching safepoint: 136464 ns, Cleanup: 38354 ns, At safepoint: 5852 ns, Total: 180670 ns
[2025-11-29T08:44:56.453+0000][874.686s][debug][safepoint   ] Safepoint synchronization initiated using futex wait barrier. (252 threads)
[2025-11-29T08:44:56.453+0000][874.686s][info ][safepoint   ] Safepoint "Cleanup", Time since last: 8001059726 ns, Reaching safepoint: 118870 ns, Cleanup: 18827 ns, At safepoint: 5129 ns, Total: 142826 ns
[2025-11-29T08:44:58.454+0000][876.686s][debug][safepoint   ] Safepoint synchronization initiated using futex wait barrier. (254 threads)
[2025-11-29T08:44:58.454+0000][876.686s][info ][safepoint   ] Safepoint "Cleanup", Time since last: 2000315661 ns, Reaching safepoint: 150300 ns, Cleanup: 27033 ns, At safepoint: 3507 ns, Total: 180840 ns
[2025-11-29T08:45:03.454+0000][881.687s][debug][safepoint   ] Safepoint synchronization initiated using futex wait barrier. (253 threads)
[2025-11-29T08:45:03.455+0000][881.688s][info ][safepoint   ] Safepoint "Cleanup", Time since last: 5000719354 ns, Reaching safepoint: 145101 ns, Cleanup: 342432 ns, At safepoint: 84534 ns, Total: 572067 ns
[2025-11-29T08:45:08.453+0000][886.688s][debug][safepoint   ] Safepoint synchronization initiated using futex wait barrier. (253 threads)
[2025-11-29T08:45:08.453+0000][886.689s][info ][safepoint   ] Safepoint "Cleanup", Time since last: 5000777417 ns, Reaching safepoint: 138598 ns, Cleanup: 19457 ns, At safepoint: 5401 ns, Total: 163456 ns
[2025-11-29T08:45:18.455+0000][896.691s][debug][safepoint   ] Safepoint synchronization initiated using futex wait barrier. (255 threads)
[2025-11-29T08:45:18.455+0000][896.691s][info ][safepoint   ] Safepoint "Cleanup", Time since last: 10002298780 ns, Reaching safepoint: 84043 ns, Cleanup: 20931 ns, At safepoint: 34467 ns, Total: 139441 ns
[2025-11-29T08:45:23.456+0000][901.692s][debug][safepoint   ] Safepoint synchronization initiated using futex wait barrier. (252 threads)
[2025-11-29T08:45:23.456+0000][901.692s][info ][safepoint   ] Safepoint "Cleanup", Time since last: 5000967318 ns, Reaching safepoint: 88281 ns, Cleanup: 80016 ns, At safepoint: 6483 ns, Total: 174780 ns
[2025-11-29T08:45:26.291+0000][904.526s][debug][safepoint   ] Safepoint synchronization initiated using futex wait barrier. (252 threads)
[2025-11-29T08:45:26.291+0000][904.527s][info ][gc,start    ] GC(92) Pause Young (Normal) (G1 Evacuation Pause)
[2025-11-29T08:45:26.291+0000][904.527s][info ][gc,task     ] GC(92) Using 13 workers of 13 for evacuation
[2025-11-29T08:45:26.308+0000][904.544s][info ][gc,phases   ] GC(92)   Pre Evacuate Collection Set: 0.9ms
[2025-11-29T08:45:26.308+0000][904.544s][info ][gc,phases   ] GC(92)   Merge Heap Roots: 0.4ms
[2025-11-29T08:45:26.308+0000][904.544s][info ][gc,phases   ] GC(92)   Evacuate Collection Set: 11.9ms
[2025-11-29T08:45:26.308+0000][904.544s][info ][gc,phases   ] GC(92)   Post Evacuate Collection Set: 3.2ms
[2025-11-29T08:45:26.308+0000][904.544s][info ][gc,phases   ] GC(92)   Other: 0.6ms
[2025-11-29T08:45:26.308+0000][904.544s][info ][gc,heap     ] GC(92) Eden regions: 177->0(179)
[2025-11-29T08:45:26.308+0000][904.544s][info ][gc,heap     ] GC(92) Survivor regions: 11->11(24)
[2025-11-29T08:45:26.308+0000][904.544s][info ][gc,heap     ] GC(92) Old regions: 418->418
[2025-11-29T08:45:26.308+0000][904.544s][info ][gc,heap     ] GC(92) Archive regions: 2->2
[2025-11-29T08:45:26.308+0000][904.544s][info ][gc,heap     ] GC(92) Humongous regions: 11->11
[2025-11-29T08:45:26.308+0000][904.544s][info ][gc,metaspace] GC(92) Metaspace: 197524K(198976K)->197524K(198976K) NonClass: 173535K(174272K)->173535K(174272K) Class: 23988K(24704K)->23988K(24704K)
[2025-11-29T08:45:26.308+0000][904.544s][info ][gc          ] GC(92) Pause Young (Normal) (G1 Evacuation Pause) 616M->439M(703M) 17.232ms
[2025-11-29T08:45:26.308+0000][904.544s][info ][gc,cpu      ] GC(92) User=0.15s Sys=0.01s Real=0.02s
[2025-11-29T08:45:26.309+0000][904.545s][info ][safepoint   ] Safepoint "G1CollectForAllocation", Time since last: 2834239098 ns, Reaching safepoint: 64756 ns, Cleanup: 5751 ns, At safepoint: 18280723 ns, Total: 18351230 ns
[2025-11-29T08:45:28.309+0000][906.545s][debug][safepoint   ] Safepoint synchronization initiated using futex wait barrier. (252 threads)
[2025-11-29T08:45:28.309+0000][906.545s][info ][safepoint   ] Safepoint "Cleanup", Time since last: 2000361213 ns, Reaching safepoint: 72201 ns, Cleanup: 13526 ns, At safepoint: 4028 ns, Total: 89755 ns
[2025-11-29T08:45:33.310+0000][911.546s][debug][safepoint   ] Safepoint synchronization initiated using futex wait barrier. (252 threads)
[2025-11-29T08:45:33.310+0000][911.546s][info ][safepoint   ] Safepoint "Cleanup", Time since last: 5000626319 ns, Reaching safepoint: 79194 ns, Cleanup: 19457 ns, At safepoint: 5030 ns, Total: 103681 ns
[2025-11-29T08:45:43.310+0000][921.547s][debug][safepoint   ] Safepoint synchronization initiated using futex wait barrier. (252 threads)
[2025-11-29T08:45:43.310+0000][921.548s][info ][safepoint   ] Safepoint "Cleanup", Time since last: 10001557901 ns, Reaching safepoint: 129000 ns, Cleanup: 17414 ns, At safepoint: 6071 ns, Total: 152485 ns
[2025-11-29T08:45:48.311+0000][926.548s][debug][safepoint   ] Safepoint synchronization initiated using futex wait barrier. (252 threads)
[2025-11-29T08:45:48.311+0000][926.549s][info ][safepoint   ] Safepoint "Cleanup", Time since last: 5000860077 ns, Reaching safepoint: 251365 ns, Cleanup: 60729 ns, At safepoint: 37172 ns, Total: 349266 ns
[2025-11-29T08:45:53.312+0000][931.550s][debug][safepoint   ] Safepoint synchronization initiated using futex wait barrier. (252 threads)
[2025-11-29T08:45:53.312+0000][931.550s][info ][safepoint   ] Safepoint "Cleanup", Time since last: 5000668694 ns, Reaching safepoint: 574666 ns, Cleanup: 33706 ns, At safepoint: 62812 ns, Total: 671184 ns
[2025-11-29T08:45:58.313+0000][936.551s][debug][safepoint   ] Safepoint synchronization initiated using futex wait barrier. (252 threads)
[2025-11-29T08:45:58.313+0000][936.551s][info ][safepoint   ] Safepoint "Cleanup", Time since last: 5000773063 ns, Reaching safepoint: 127558 ns, Cleanup: 21421 ns, At safepoint: 4669 ns, Total: 153648 ns
[2025-11-29T08:46:03.314+0000][941.552s][debug][safepoint   ] Safepoint synchronization initiated using futex wait barrier. (252 threads)
[2025-11-29T08:46:03.314+0000][941.552s][info ][safepoint   ] Safepoint "Cleanup", Time since last: 5000646395 ns, Reaching safepoint: 162534 ns, Cleanup: 17354 ns, At safepoint: 4869 ns, Total: 184757 ns
[2025-11-29T08:46:06.315+0000][944.552s][debug][safepoint   ] Safepoint synchronization initiated using futex wait barrier. (252 threads)
[2025-11-29T08:46:06.315+0000][944.552s][info ][safepoint   ] Safepoint "Cleanup", Time since last: 3000415638 ns, Reaching safepoint: 91216 ns, Cleanup: 16933 ns, At safepoint: 4709 ns, Total: 112858 ns
[2025-11-29T08:46:08.313+0000][946.553s][debug][safepoint   ] Safepoint synchronization initiated using futex wait barrier. (252 threads)
[2025-11-29T08:46:08.318+0000][946.558s][info ][safepoint   ] Safepoint "Cleanup", Time since last: 2000274726 ns, Reaching safepoint: 151853 ns, Cleanup: 5075763 ns, At safepoint: 65597 ns, Total: 5293213 ns
[2025-11-29T08:46:13.319+0000][951.559s][debug][safepoint   ] Safepoint synchronization initiated using futex wait barrier. (252 threads)
[2025-11-29T08:46:13.319+0000][951.559s][info ][safepoint   ] Safepoint "Cleanup", Time since last: 5000698085 ns, Reaching safepoint: 226919 ns, Cleanup: 24457 ns, At safepoint: 4379 ns, Total: 255755 ns
[2025-11-29T08:46:18.320+0000][956.560s][debug][safepoint   ] Safepoint synchronization initiated using futex wait barrier. (252 threads)
[2025-11-29T08:46:18.320+0000][956.560s][info ][safepoint   ] Safepoint "Cleanup", Time since last: 5001049822 ns, Reaching safepoint: 144380 ns, Cleanup: 21872 ns, At safepoint: 4849 ns, Total: 171101 ns
[2025-11-29T08:46:23.542+0000][961.782s][debug][safepoint   ] Safepoint synchronization initiated using futex wait barrier. (253 threads)
[2025-11-29T08:46:23.542+0000][961.782s][info ][safepoint   ] Safepoint "Cleanup", Time since last: 5221539108 ns, Reaching safepoint: 112688 ns, Cleanup: 14608 ns, At safepoint: 4128 ns, Total: 131424 ns
[2025-11-29T08:46:33.545+0000][971.785s][debug][safepoint   ] Safepoint synchronization initiated using futex wait barrier. (255 threads)
[2025-11-29T08:46:33.545+0000][971.785s][info ][safepoint   ] Safepoint "Cleanup", Time since last: 10002999807 ns, Reaching safepoint: 253340 ns, Cleanup: 66329 ns, At safepoint: 6843 ns, Total: 326512 ns
[2025-11-29T08:46:43.545+0000][981.787s][debug][safepoint   ] Safepoint synchronization initiated using futex wait barrier. (253 threads)
[2025-11-29T08:46:43.545+0000][981.787s][info ][safepoint   ] Safepoint "Cleanup", Time since last: 10001387559 ns, Reaching safepoint: 131865 ns, Cleanup: 89904 ns, At safepoint: 6012 ns, Total: 227781 ns
[2025-11-29T08:46:48.546+0000][986.787s][debug][safepoint   ] Safepoint synchronization initiated using futex wait barrier. (253 threads)
[2025-11-29T08:46:48.546+0000][986.788s][info ][safepoint   ] Safepoint "Cleanup", Time since last: 5000684560 ns, Reaching safepoint: 146664 ns, Cleanup: 18696 ns, At safepoint: 40088 ns, Total: 205448 ns
[2025-11-29T08:47:03.548+0000][1001.790s][debug][safepoint   ] Safepoint synchronization initiated using futex wait barrier. (256 threads)
[2025-11-29T08:47:03.548+0000][1001.790s][info ][safepoint   ] Safepoint "Cleanup", Time since last: 15002028683 ns, Reaching safepoint: 76248 ns, Cleanup: 42532 ns, At safepoint: 5370 ns, Total: 124150 ns
[2025-11-29T08:47:06.545+0000][1004.790s][debug][safepoint   ] Safepoint synchronization initiated using futex wait barrier. (253 threads)
[2025-11-29T08:47:06.545+0000][1004.790s][info ][safepoint   ] Safepoint "Cleanup", Time since last: 3000388800 ns, Reaching safepoint: 102007 ns, Cleanup: 16362 ns, At safepoint: 4248 ns, Total: 122617 ns
[2025-11-29T08:47:08.546+0000][1006.791s][debug][safepoint   ] Safepoint synchronization initiated using futex wait barrier. (253 threads)
[2025-11-29T08:47:08.546+0000][1006.791s][info ][safepoint   ] Safepoint "Cleanup", Time since last: 2000256644 ns, Reaching safepoint: 193644 ns, Cleanup: 82028 ns, At safepoint: 5261 ns, Total: 280933 ns
[2025-11-29T08:47:11.546+0000][1009.791s][debug][safepoint   ] Safepoint synchronization initiated using futex wait barrier. (253 threads)
[2025-11-29T08:47:11.547+0000][1009.792s][info ][safepoint   ] Safepoint "Cleanup", Time since last: 3000478183 ns, Reaching safepoint: 141153 ns, Cleanup: 122517 ns, At safepoint: 8857 ns, Total: 272527 ns
[2025-11-29T08:47:13.547+0000][1011.792s][debug][safepoint   ] Safepoint synchronization initiated using futex wait barrier. (253 threads)
[2025-11-29T08:47:13.547+0000][1011.792s][info ][safepoint   ] Safepoint "Cleanup", Time since last: 2000346922 ns, Reaching safepoint: 248390 ns, Cleanup: 33144 ns, At safepoint: 8436 ns, Total: 289970 ns
[2025-11-29T08:47:24.578+0000][1022.823s][debug][safepoint   ] Safepoint synchronization initiated using futex wait barrier. (252 threads)
[2025-11-29T08:47:24.578+0000][1022.823s][info ][safepoint   ] Safepoint "Cleanup", Time since last: 11030514685 ns, Reaching safepoint: 152346 ns, Cleanup: 27383 ns, At safepoint: 4218 ns, Total: 183947 ns
[2025-11-29T08:47:33.580+0000][1031.825s][debug][safepoint   ] Safepoint synchronization initiated using futex wait barrier. (252 threads)
[2025-11-29T08:47:33.580+0000][1031.825s][info ][safepoint   ] Safepoint "Cleanup", Time since last: 9001898880 ns, Reaching safepoint: 83321 ns, Cleanup: 14638 ns, At safepoint: 2956 ns, Total: 100915 ns
[2025-11-29T08:47:38.578+0000][1036.826s][debug][safepoint   ] Safepoint synchronization initiated using futex wait barrier. (252 threads)
[2025-11-29T08:47:38.578+0000][1036.826s][info ][safepoint   ] Safepoint "Cleanup", Time since last: 5000623037 ns, Reaching safepoint: 137877 ns, Cleanup: 23566 ns, At safepoint: 4578 ns, Total: 166021 ns
[2025-11-29T08:47:43.581+0000][1041.828s][debug][safepoint   ] Safepoint synchronization initiated using futex wait barrier. (252 threads)
[2025-11-29T08:47:43.583+0000][1041.830s][info ][safepoint   ] Safepoint "Cleanup", Time since last: 5002609262 ns, Reaching safepoint: 1616685 ns, Cleanup: 25339 ns, At safepoint: 7103 ns, Total: 1649127 ns
[2025-11-29T08:47:48.583+0000][1046.831s][debug][safepoint   ] Safepoint synchronization initiated using futex wait barrier. (252 threads)
[2025-11-29T08:47:48.584+0000][1046.831s][info ][safepoint   ] Safepoint "Cleanup", Time since last: 5000729731 ns, Reaching safepoint: 176645 ns, Cleanup: 26571 ns, At safepoint: 5922 ns, Total: 209138 ns
[2025-11-29T08:47:50.585+0000][1048.832s][debug][safepoint   ] Safepoint synchronization initiated using futex wait barrier. (252 threads)
[2025-11-29T08:47:50.585+0000][1048.832s][info ][safepoint   ] Safepoint "Cleanup", Time since last: 2000970265 ns, Reaching safepoint: 71800 ns, Cleanup: 14147 ns, At safepoint: 3016 ns, Total: 88963 ns
[2025-11-29T08:47:51.347+0000][1049.594s][debug][safepoint   ] Safepoint synchronization initiated using futex wait barrier. (252 threads)
[2025-11-29T08:47:51.347+0000][1049.595s][info ][gc,start    ] GC(93) Pause Young (Normal) (G1 Evacuation Pause)
[2025-11-29T08:47:51.347+0000][1049.595s][info ][gc,task     ] GC(93) Using 13 workers of 13 for evacuation
[2025-11-29T08:47:51.376+0000][1049.624s][info ][gc,phases   ] GC(93)   Pre Evacuate Collection Set: 1.9ms
[2025-11-29T08:47:51.376+0000][1049.624s][info ][gc,phases   ] GC(93)   Merge Heap Roots: 1.2ms
[2025-11-29T08:47:51.376+0000][1049.624s][info ][gc,phases   ] GC(93)   Evacuate Collection Set: 19.8ms
[2025-11-29T08:47:51.377+0000][1049.624s][info ][gc,phases   ] GC(93)   Post Evacuate Collection Set: 5.7ms
[2025-11-29T08:47:51.377+0000][1049.624s][info ][gc,phases   ] GC(93)   Other: 0.6ms
[2025-11-29T08:47:51.377+0000][1049.624s][info ][gc,heap     ] GC(93) Eden regions: 179->0(181)
[2025-11-29T08:47:51.377+0000][1049.624s][info ][gc,heap     ] GC(93) Survivor regions: 11->7(24)
[2025-11-29T08:47:51.377+0000][1049.624s][info ][gc,heap     ] GC(93) Old regions: 418->422
[2025-11-29T08:47:51.377+0000][1049.624s][info ][gc,heap     ] GC(93) Archive regions: 2->2
[2025-11-29T08:47:51.377+0000][1049.624s][info ][gc,heap     ] GC(93) Humongous regions: 11->11
[2025-11-29T08:47:51.377+0000][1049.624s][info ][gc,metaspace] GC(93) Metaspace: 197668K(199168K)->197668K(199168K) NonClass: 173675K(174464K)->173675K(174464K) Class: 23992K(24704K)->23992K(24704K)
[2025-11-29T08:47:51.377+0000][1049.624s][info ][gc          ] GC(93) Pause Young (Normal) (G1 Evacuation Pause) 618M->439M(703M) 29.131ms
[2025-11-29T08:47:51.377+0000][1049.624s][info ][gc,cpu      ] GC(93) User=0.28s Sys=0.02s Real=0.03s
[2025-11-29T08:47:51.378+0000][1049.625s][info ][safepoint   ] Safepoint "G1CollectForAllocation", Time since last: 762341173 ns, Reaching safepoint: 123330 ns, Cleanup: 8687 ns, At safepoint: 30813469 ns, Total: 30945486 ns
[2025-11-29T08:47:53.378+0000][1051.626s][debug][safepoint   ] Safepoint synchronization initiated using futex wait barrier. (252 threads)
[2025-11-29T08:47:53.379+0000][1051.626s][info ][safepoint   ] Safepoint "Cleanup", Time since last: 2000326305 ns, Reaching safepoint: 142338 ns, Cleanup: 121266 ns, At safepoint: 35860 ns, Total: 299464 ns
[2025-11-29T08:47:55.379+0000][1053.626s][debug][safepoint   ] Safepoint synchronization initiated using futex wait barrier. (252 threads)
[2025-11-29T08:47:55.379+0000][1053.627s][info ][safepoint   ] Safepoint "Cleanup", Time since last: 2000418565 ns, Reaching safepoint: 196092 ns, Cleanup: 28054 ns, At safepoint: 5852 ns, Total: 229998 ns
[2025-11-29T08:47:58.380+0000][1056.627s][debug][safepoint   ] Safepoint synchronization initiated using futex wait barrier. (252 threads)
[2025-11-29T08:47:58.380+0000][1056.627s][info ][safepoint   ] Safepoint "Cleanup", Time since last: 3000516844 ns, Reaching safepoint: 131747 ns, Cleanup: 25670 ns, At safepoint: 6913 ns, Total: 164330 ns
[2025-11-29T08:48:03.381+0000][1061.628s][debug][safepoint   ] Safepoint synchronization initiated using futex wait barrier. (252 threads)
[2025-11-29T08:48:03.381+0000][1061.628s][info ][safepoint   ] Safepoint "Cleanup", Time since last: 5000715464 ns, Reaching safepoint: 139240 ns, Cleanup: 36771 ns, At safepoint: 5351 ns, Total: 181362 ns
[2025-11-29T08:48:06.381+0000][1064.629s][debug][safepoint   ] Safepoint synchronization initiated using futex wait barrier. (252 threads)
[2025-11-29T08:48:06.381+0000][1064.629s][info ][safepoint   ] Safepoint "Cleanup", Time since last: 3000459284 ns, Reaching safepoint: 130473 ns, Cleanup: 20269 ns, At safepoint: 3327 ns, Total: 154069 ns
[2025-11-29T08:48:08.380+0000][1066.629s][debug][safepoint   ] Safepoint synchronization initiated using futex wait barrier. (252 threads)
[2025-11-29T08:48:08.380+0000][1066.629s][info ][safepoint   ] Safepoint "Cleanup", Time since last: 2000319734 ns, Reaching safepoint: 126886 ns, Cleanup: 24808 ns, At safepoint: 4539 ns, Total: 156233 ns
[2025-11-29T08:48:18.381+0000][1076.631s][debug][safepoint   ] Safepoint synchronization initiated using futex wait barrier. (252 threads)
[2025-11-29T08:48:18.381+0000][1076.631s][info ][safepoint   ] Safepoint "Cleanup", Time since last: 10001349827 ns, Reaching safepoint: 74113 ns, Cleanup: 19047 ns, At safepoint: 2906 ns, Total: 96066 ns
[2025-11-29T08:48:25.382+0000][1083.632s][debug][safepoint   ] Safepoint synchronization initiated using futex wait barrier. (256 threads)
[2025-11-29T08:48:25.382+0000][1083.632s][info ][safepoint   ] Safepoint "Cleanup", Time since last: 7001053465 ns, Reaching safepoint: 130542 ns, Cleanup: 26542 ns, At safepoint: 4428 ns, Total: 161512 ns
[2025-11-29T08:48:28.383+0000][1086.632s][debug][safepoint   ] Safepoint synchronization initiated using futex wait barrier. (253 threads)
[2025-11-29T08:48:28.383+0000][1086.632s][info ][safepoint   ] Safepoint "Cleanup", Time since last: 3000436514 ns, Reaching safepoint: 93321 ns, Cleanup: 25619 ns, At safepoint: 3006 ns, Total: 121946 ns
[2025-11-29T08:48:30.383+0000][1088.633s][debug][safepoint   ] Safepoint synchronization initiated using futex wait barrier. (253 threads)
[2025-11-29T08:48:30.384+0000][1088.633s][info ][safepoint   ] Safepoint "Cleanup", Time since last: 2000435074 ns, Reaching safepoint: 170099 ns, Cleanup: 25029 ns, At safepoint: 6041 ns, Total: 201169 ns
[2025-11-29T08:48:48.386+0000][1106.638s][debug][safepoint   ] Safepoint synchronization initiated using futex wait barrier. (253 threads)
[2025-11-29T08:48:48.387+0000][1106.638s][info ][safepoint   ] Safepoint "Cleanup", Time since last: 18004995074 ns, Reaching safepoint: 144861 ns, Cleanup: 13676 ns, At safepoint: 4569 ns, Total: 163106 ns
[2025-11-29T08:49:13.391+0000][1131.645s][debug][safepoint   ] Safepoint synchronization initiated using futex wait barrier. (253 threads)
[2025-11-29T08:49:13.391+0000][1131.645s][info ][safepoint   ] Safepoint "Cleanup", Time since last: 25006712864 ns, Reaching safepoint: 173697 ns, Cleanup: 28375 ns, At safepoint: 4759 ns, Total: 206831 ns
[2025-11-29T08:49:18.392+0000][1136.646s][debug][safepoint   ] Safepoint synchronization initiated using futex wait barrier. (253 threads)
[2025-11-29T08:49:18.392+0000][1136.646s][info ][safepoint   ] Safepoint "Cleanup", Time since last: 5000734058 ns, Reaching safepoint: 186591 ns, Cleanup: 52793 ns, At safepoint: 83060 ns, Total: 322444 ns
[2025-11-29T08:49:24.393+0000][1142.647s][debug][safepoint   ] Safepoint synchronization initiated using futex wait barrier. (253 threads)
[2025-11-29T08:49:24.393+0000][1142.647s][info ][safepoint   ] Safepoint "Cleanup", Time since last: 6000771401 ns, Reaching safepoint: 147255 ns, Cleanup: 21392 ns, At safepoint: 32984 ns, Total: 201631 ns
[2025-11-29T08:49:25.394+0000][1143.647s][debug][safepoint   ] Safepoint synchronization initiated using futex wait barrier. (252 threads)
[2025-11-29T08:49:25.394+0000][1143.647s][info ][safepoint   ] Safepoint "Cleanup", Time since last: 1000124852 ns, Reaching safepoint: 67441 ns, Cleanup: 12204 ns, At safepoint: 2134 ns, Total: 81779 ns
[2025-11-29T08:49:58.396+0000][1176.652s][debug][safepoint   ] Safepoint synchronization initiated using futex wait barrier. (252 threads)
[2025-11-29T08:49:58.396+0000][1176.652s][info ][safepoint   ] Safepoint "Cleanup", Time since last: 33004575196 ns, Reaching safepoint: 127087 ns, Cleanup: 21522 ns, At safepoint: 3927 ns, Total: 152536 ns
[2025-11-29T08:50:08.395+0000][1186.654s][debug][safepoint   ] Safepoint synchronization initiated using futex wait barrier. (253 threads)
[2025-11-29T08:50:08.395+0000][1186.654s][info ][safepoint   ] Safepoint "Cleanup", Time since last: 10001420814 ns, Reaching safepoint: 125834 ns, Cleanup: 21441 ns, At safepoint: 4349 ns, Total: 151624 ns
[2025-11-29T08:50:13.396+0000][1191.654s][debug][safepoint   ] Safepoint synchronization initiated using futex wait barrier. (254 threads)
[2025-11-29T08:50:13.396+0000][1191.655s][info ][safepoint   ] Safepoint "Cleanup", Time since last: 5000706702 ns, Reaching safepoint: 77470 ns, Cleanup: 13746 ns, At safepoint: 2585 ns, Total: 93801 ns
[2025-11-29T08:50:17.756+0000][1196.015s][debug][safepoint   ] Safepoint synchronization initiated using futex wait barrier. (254 threads)
[2025-11-29T08:50:17.757+0000][1196.015s][info ][gc,start    ] GC(94) Pause Young (Normal) (G1 Evacuation Pause)
[2025-11-29T08:50:17.757+0000][1196.015s][info ][gc,task     ] GC(94) Using 13 workers of 13 for evacuation
[2025-11-29T08:50:17.772+0000][1196.031s][info ][gc,phases   ] GC(94)   Pre Evacuate Collection Set: 1.2ms
[2025-11-29T08:50:17.772+0000][1196.031s][info ][gc,phases   ] GC(94)   Merge Heap Roots: 1.2ms
[2025-11-29T08:50:17.772+0000][1196.031s][info ][gc,phases   ] GC(94)   Evacuate Collection Set: 10.6ms
[2025-11-29T08:50:17.772+0000][1196.031s][info ][gc,phases   ] GC(94)   Post Evacuate Collection Set: 2.1ms
[2025-11-29T08:50:17.772+0000][1196.031s][info ][gc,phases   ] GC(94)   Other: 0.5ms
[2025-11-29T08:50:17.772+0000][1196.031s][info ][gc,heap     ] GC(94) Eden regions: 181->0(183)
[2025-11-29T08:50:17.772+0000][1196.031s][info ][gc,heap     ] GC(94) Survivor regions: 7->6(24)
[2025-11-29T08:50:17.772+0000][1196.031s][info ][gc,heap     ] GC(94) Old regions: 422->423
[2025-11-29T08:50:17.772+0000][1196.031s][info ][gc,heap     ] GC(94) Archive regions: 2->2
[2025-11-29T08:50:17.772+0000][1196.031s][info ][gc,heap     ] GC(94) Humongous regions: 11->11
[2025-11-29T08:50:17.772+0000][1196.031s][info ][gc,metaspace] GC(94) Metaspace: 197756K(199232K)->197756K(199232K) NonClass: 173761K(174528K)->173761K(174528K) Class: 23994K(24704K)->23994K(24704K)
[2025-11-29T08:50:17.772+0000][1196.031s][info ][gc          ] GC(94) Pause Young (Normal) (G1 Evacuation Pause) 620M->439M(703M) 15.566ms
[2025-11-29T08:50:17.772+0000][1196.031s][info ][gc,cpu      ] GC(94) User=0.15s Sys=0.01s Real=0.02s
[2025-11-29T08:50:17.773+0000][1196.032s][info ][safepoint   ] Safepoint "G1CollectForAllocation", Time since last: 4360510952 ns, Reaching safepoint: 93130 ns, Cleanup: 5661 ns, At safepoint: 16927152 ns, Total: 17025943 ns
[2025-11-29T08:50:18.774+0000][1197.032s][debug][safepoint   ] Safepoint synchronization initiated using futex wait barrier. (254 threads)
[2025-11-29T08:50:18.774+0000][1197.032s][info ][safepoint   ] Safepoint "Cleanup", Time since last: 1000197609 ns, Reaching safepoint: 124521 ns, Cleanup: 22944 ns, At safepoint: 4529 ns, Total: 151994 ns
[2025-11-29T08:50:23.774+0000][1202.033s][debug][safepoint   ] Safepoint synchronization initiated using futex wait barrier. (252 threads)
[2025-11-29T08:50:23.774+0000][1202.033s][info ][safepoint   ] Safepoint "Cleanup", Time since last: 5000584427 ns, Reaching safepoint: 106446 ns, Cleanup: 22644 ns, At safepoint: 3737 ns, Total: 132827 ns
[2025-11-29T08:50:43.775+0000][1222.036s][debug][safepoint   ] Safepoint synchronization initiated using futex wait barrier. (254 threads)
[2025-11-29T08:50:43.776+0000][1222.036s][info ][safepoint   ] Safepoint "Cleanup", Time since last: 20002708068 ns, Reaching safepoint: 188254 ns, Cleanup: 29367 ns, At safepoint: 4839 ns, Total: 222460 ns
[2025-11-29T08:50:45.776+0000][1224.036s][debug][safepoint   ] Safepoint synchronization initiated using futex wait barrier. (254 threads)
[2025-11-29T08:50:45.776+0000][1224.036s][info ][safepoint   ] Safepoint "Cleanup", Time since last: 2000244189 ns, Reaching safepoint: 80977 ns, Cleanup: 13536 ns, At safepoint: 3297 ns, Total: 97810 ns
[2025-11-29T08:50:49.776+0000][1228.037s][debug][safepoint   ] Safepoint synchronization initiated using futex wait barrier. (254 threads)
[2025-11-29T08:50:49.777+0000][1228.037s][info ][safepoint   ] Safepoint "Cleanup", Time since last: 4000486644 ns, Reaching safepoint: 332303 ns, Cleanup: 28495 ns, At safepoint: 11042 ns, Total: 371840 ns
[2025-11-29T08:51:03.779+0000][1242.040s][debug][safepoint   ] Safepoint synchronization initiated using futex wait barrier. (254 threads)
[2025-11-29T08:51:03.780+0000][1242.041s][info ][safepoint   ] Safepoint "Cleanup", Time since last: 14002465818 ns, Reaching safepoint: 879583 ns, Cleanup: 21382 ns, At safepoint: 139059 ns, Total: 1040024 ns
[2025-11-29T08:51:08.779+0000][1247.042s][debug][safepoint   ] Safepoint synchronization initiated using futex wait barrier. (254 threads)
[2025-11-29T08:51:08.779+0000][1247.042s][info ][safepoint   ] Safepoint "Cleanup", Time since last: 5000976879 ns, Reaching safepoint: 162705 ns, Cleanup: 23836 ns, At safepoint: 5240 ns, Total: 191781 ns
[2025-11-29T08:51:15.780+0000][1254.043s][debug][safepoint   ] Safepoint synchronization initiated using futex wait barrier. (254 threads)
[2025-11-29T08:51:15.780+0000][1254.043s][info ][safepoint   ] Safepoint "Cleanup", Time since last: 7001067471 ns, Reaching safepoint: 81178 ns, Cleanup: 16532 ns, At safepoint: 3216 ns, Total: 100926 ns
[2025-11-29T08:51:18.780+0000][1257.044s][debug][safepoint   ] Safepoint synchronization initiated using futex wait barrier. (254 threads)
[2025-11-29T08:51:18.781+0000][1257.044s][info ][safepoint   ] Safepoint "Cleanup", Time since last: 3000417941 ns, Reaching safepoint: 133850 ns, Cleanup: 23816 ns, At safepoint: 4188 ns, Total: 161854 ns
[2025-11-29T08:51:28.714+0000][1266.977s][debug][safepoint   ] Safepoint synchronization initiated using futex wait barrier. (253 threads)
[2025-11-29T08:51:28.714+0000][1266.977s][info ][safepoint   ] Safepoint "Cleanup", Time since last: 9933082089 ns, Reaching safepoint: 101376 ns, Cleanup: 15641 ns, At safepoint: 6322 ns, Total: 123339 ns
[2025-11-29T08:52:03.716+0000][1301.982s][debug][safepoint   ] Safepoint synchronization initiated using futex wait barrier. (253 threads)
[2025-11-29T08:52:03.716+0000][1301.982s][info ][safepoint   ] Safepoint "Cleanup", Time since last: 35005360831 ns, Reaching safepoint: 132587 ns, Cleanup: 14889 ns, At safepoint: 5120 ns, Total: 152596 ns
[2025-11-29T08:52:08.718+0000][1306.987s][debug][safepoint   ] Safepoint synchronization initiated using futex wait barrier. (253 threads)
[2025-11-29T08:52:08.719+0000][1306.987s][info ][safepoint   ] Safepoint "Cleanup", Time since last: 5004177104 ns, Reaching safepoint: 134531 ns, Cleanup: 46890 ns, At safepoint: 6403 ns, Total: 187824 ns
[2025-11-29T08:52:18.721+0000][1316.989s][debug][safepoint   ] Safepoint synchronization initiated using futex wait barrier. (253 threads)
[2025-11-29T08:52:18.721+0000][1316.989s][info ][safepoint   ] Safepoint "Cleanup", Time since last: 10002256014 ns, Reaching safepoint: 108891 ns, Cleanup: 14959 ns, At safepoint: 3687 ns, Total: 127537 ns
[2025-11-29T08:52:23.745+0000][1322.013s][debug][safepoint   ] Safepoint synchronization initiated using futex wait barrier. (254 threads)
[2025-11-29T08:52:23.745+0000][1322.013s][info ][safepoint   ] Safepoint "Cleanup", Time since last: 5024104499 ns, Reaching safepoint: 69254 ns, Cleanup: 11102 ns, At safepoint: 3096 ns, Total: 83452 ns
[2025-11-29T08:52:24.745+0000][1323.013s][debug][safepoint   ] Safepoint synchronization initiated using futex wait barrier. (254 threads)
[2025-11-29T08:52:24.745+0000][1323.014s][info ][safepoint   ] Safepoint "Cleanup", Time since last: 1000161617 ns, Reaching safepoint: 67070 ns, Cleanup: 12735 ns, At safepoint: 2755 ns, Total: 82560 ns
[2025-11-29T08:52:25.746+0000][1324.014s][debug][safepoint   ] Safepoint synchronization initiated using futex wait barrier. (253 threads)
[2025-11-29T08:52:25.746+0000][1324.014s][info ][safepoint   ] Safepoint "Cleanup", Time since last: 1000146398 ns, Reaching safepoint: 65978 ns, Cleanup: 12685 ns, At safepoint: 2755 ns, Total: 81418 ns
[2025-11-29T08:52:28.746+0000][1327.014s][debug][safepoint   ] Safepoint synchronization initiated using futex wait barrier. (252 threads)
[2025-11-29T08:52:28.746+0000][1327.014s][info ][safepoint   ] Safepoint "Cleanup", Time since last: 3000370711 ns, Reaching safepoint: 78623 ns, Cleanup: 17604 ns, At safepoint: 3407 ns, Total: 99634 ns
[2025-11-29T08:52:33.747+0000][1332.015s][debug][safepoint   ] Safepoint synchronization initiated using futex wait barrier. (252 threads)
[2025-11-29T08:52:33.747+0000][1332.015s][info ][safepoint   ] Safepoint "Cleanup", Time since last: 5000630537 ns, Reaching safepoint: 81648 ns, Cleanup: 13977 ns, At safepoint: 3587 ns, Total: 99212 ns
[2025-11-29T08:52:45.747+0000][1344.017s][debug][safepoint   ] Safepoint synchronization initiated using futex wait barrier. (252 threads)
[2025-11-29T08:52:45.747+0000][1344.017s][info ][safepoint   ] Safepoint "Cleanup", Time since last: 12001626018 ns, Reaching safepoint: 189467 ns, Cleanup: 15249 ns, At safepoint: 5180 ns, Total: 209896 ns
[2025-11-29T08:52:46.029+0000][1344.299s][debug][safepoint   ] Safepoint synchronization initiated using futex wait barrier. (252 threads)
[2025-11-29T08:52:46.030+0000][1344.300s][info ][gc,start    ] GC(95) Pause Young (Normal) (G1 Evacuation Pause)
[2025-11-29T08:52:46.030+0000][1344.300s][info ][gc,task     ] GC(95) Using 13 workers of 13 for evacuation
[2025-11-29T08:52:46.045+0000][1344.314s][info ][gc,phases   ] GC(95)   Pre Evacuate Collection Set: 0.9ms
[2025-11-29T08:52:46.045+0000][1344.314s][info ][gc,phases   ] GC(95)   Merge Heap Roots: 0.4ms
[2025-11-29T08:52:46.045+0000][1344.314s][info ][gc,phases   ] GC(95)   Evacuate Collection Set: 8.6ms
[2025-11-29T08:52:46.045+0000][1344.314s][info ][gc,phases   ] GC(95)   Post Evacuate Collection Set: 4.4ms
[2025-11-29T08:52:46.045+0000][1344.314s][info ][gc,phases   ] GC(95)   Other: 0.4ms
[2025-11-29T08:52:46.045+0000][1344.314s][info ][gc,heap     ] GC(95) Eden regions: 183->0(184)
[2025-11-29T08:52:46.045+0000][1344.314s][info ][gc,heap     ] GC(95) Survivor regions: 6->5(24)
[2025-11-29T08:52:46.045+0000][1344.314s][info ][gc,heap     ] GC(95) Old regions: 423->424
[2025-11-29T08:52:46.045+0000][1344.314s][info ][gc,heap     ] GC(95) Archive regions: 2->2
[2025-11-29T08:52:46.045+0000][1344.314s][info ][gc,heap     ] GC(95) Humongous regions: 11->11
[2025-11-29T08:52:46.045+0000][1344.314s][info ][gc,metaspace] GC(95) Metaspace: 197907K(199360K)->197907K(199360K) NonClass: 173913K(174656K)->173913K(174656K) Class: 23994K(24704K)->23994K(24704K)
[2025-11-29T08:52:46.045+0000][1344.315s][info ][gc          ] GC(95) Pause Young (Normal) (G1 Evacuation Pause) 622M->439M(703M) 14.831ms
[2025-11-29T08:52:46.045+0000][1344.315s][info ][gc,cpu      ] GC(95) User=0.12s Sys=0.00s Real=0.02s
[2025-11-29T08:52:46.046+0000][1344.315s][info ][safepoint   ] Safepoint "G1CollectForAllocation", Time since last: 282347627 ns, Reaching safepoint: 452816 ns, Cleanup: 7064 ns, At safepoint: 15752173 ns, Total: 16212053 ns
[2025-11-29T08:52:48.046+0000][1346.316s][debug][safepoint   ] Safepoint synchronization initiated using futex wait barrier. (252 threads)
[2025-11-29T08:52:48.046+0000][1346.316s][info ][safepoint   ] Safepoint "Cleanup", Time since last: 2000429159 ns, Reaching safepoint: 138288 ns, Cleanup: 52902 ns, At safepoint: 6833 ns, Total: 198023 ns
[2025-11-29T08:52:49.046+0000][1347.316s][debug][safepoint   ] Safepoint synchronization initiated using futex wait barrier. (252 threads)
[2025-11-29T08:52:49.047+0000][1347.316s][info ][safepoint   ] Safepoint "Cleanup", Time since last: 1000214785 ns, Reaching safepoint: 154328 ns, Cleanup: 17374 ns, At safepoint: 4779 ns, Total: 176481 ns
[2025-11-29T08:53:09.047+0000][1367.319s][debug][safepoint   ] Safepoint synchronization initiated using futex wait barrier. (252 threads)
[2025-11-29T08:53:09.047+0000][1367.319s][info ][safepoint   ] Safepoint "Cleanup", Time since last: 20002817642 ns, Reaching safepoint: 114441 ns, Cleanup: 19437 ns, At safepoint: 4389 ns, Total: 138267 ns
[2025-11-29T08:53:43.783+0000][1402.057s][debug][safepoint   ] Safepoint synchronization initiated using futex wait barrier. (253 threads)
[2025-11-29T08:53:43.783+0000][1402.057s][info ][safepoint   ] Safepoint "Cleanup", Time since last: 34737594403 ns, Reaching safepoint: 364164 ns, Cleanup: 63293 ns, At safepoint: 7144 ns, Total: 434601 ns
[2025-11-29T08:53:48.784+0000][1407.058s][debug][safepoint   ] Safepoint synchronization initiated using futex wait barrier. (253 threads)
[2025-11-29T08:53:48.784+0000][1407.058s][info ][safepoint   ] Safepoint "Cleanup", Time since last: 5000738146 ns, Reaching safepoint: 150742 ns, Cleanup: 16371 ns, At safepoint: 5581 ns, Total: 172694 ns
[2025-11-29T08:53:58.786+0000][1417.061s][debug][safepoint   ] Safepoint synchronization initiated using futex wait barrier. (253 threads)
[2025-11-29T08:53:58.787+0000][1417.061s][info ][safepoint   ] Safepoint "Cleanup", Time since last: 10002284513 ns, Reaching safepoint: 89684 ns, Cleanup: 15890 ns, At safepoint: 3818 ns, Total: 109392 ns
[2025-11-29T08:54:08.786+0000][1427.063s][debug][safepoint   ] Safepoint synchronization initiated using futex wait barrier. (253 threads)
[2025-11-29T08:54:08.786+0000][1427.063s][info ][safepoint   ] Safepoint "Cleanup", Time since last: 10002056269 ns, Reaching safepoint: 96777 ns, Cleanup: 20530 ns, At safepoint: 31751 ns, Total: 149058 ns
[2025-11-29T08:54:13.787+0000][1432.063s][debug][safepoint   ] Safepoint synchronization initiated using futex wait barrier. (253 threads)
[2025-11-29T08:54:13.787+0000][1432.064s][info ][safepoint   ] Safepoint "Cleanup", Time since last: 5000590258 ns, Reaching safepoint: 86037 ns, Cleanup: 17413 ns, At safepoint: 4178 ns, Total: 107628 ns
[2025-11-29T08:54:24.812+0000][1443.088s][debug][safepoint   ] Safepoint synchronization initiated using futex wait barrier. (253 threads)
[2025-11-29T08:54:24.812+0000][1443.088s][info ][safepoint   ] Safepoint "Cleanup", Time since last: 11024408833 ns, Reaching safepoint: 87249 ns, Cleanup: 15841 ns, At safepoint: 4628 ns, Total: 107718 ns
[2025-11-29T08:54:25.812+0000][1444.088s][debug][safepoint   ] Safepoint synchronization initiated using futex wait barrier. (253 threads)
[2025-11-29T08:54:25.812+0000][1444.088s][info ][safepoint   ] Safepoint "Cleanup", Time since last: 1000129891 ns, Reaching safepoint: 86518 ns, Cleanup: 14738 ns, At safepoint: 3156 ns, Total: 104412 ns
[2025-11-29T08:54:58.814+0000][1477.093s][debug][safepoint   ] Safepoint synchronization initiated using futex wait barrier. (254 threads)
[2025-11-29T08:54:58.814+0000][1477.093s][info ][safepoint   ] Safepoint "Cleanup", Time since last: 33004568100 ns, Reaching safepoint: 119151 ns, Cleanup: 17484 ns, At safepoint: 5270 ns, Total: 141905 ns
[2025-11-29T08:55:05.815+0000][1484.094s][debug][safepoint   ] Safepoint synchronization initiated using futex wait barrier. (252 threads)
[2025-11-29T08:55:05.816+0000][1484.094s][info ][safepoint   ] Safepoint "Cleanup", Time since last: 7001022959 ns, Reaching safepoint: 278749 ns, Cleanup: 17805 ns, At safepoint: 6442 ns, Total: 302996 ns
[2025-11-29T08:55:09.401+0000][1487.683s][debug][safepoint   ] Safepoint synchronization initiated using futex wait barrier. (252 threads)
[2025-11-29T08:55:09.402+0000][1487.683s][info ][safepoint   ] Safepoint "Cleanup", Time since last: 3588453428 ns, Reaching safepoint: 288267 ns, Cleanup: 109632 ns, At safepoint: 90144 ns, Total: 488043 ns
[2025-11-29T08:55:10.402+0000][1488.684s][debug][safepoint   ] Safepoint synchronization initiated using futex wait barrier. (252 threads)
[2025-11-29T08:55:10.402+0000][1488.684s][info ][safepoint   ] Safepoint "Cleanup", Time since last: 1000237136 ns, Reaching safepoint: 132366 ns, Cleanup: 63953 ns, At safepoint: 4299 ns, Total: 200618 ns
[2025-11-29T08:55:13.403+0000][1491.684s][debug][safepoint   ] Safepoint synchronization initiated using futex wait barrier. (252 threads)
[2025-11-29T08:55:13.403+0000][1491.684s][info ][safepoint   ] Safepoint "Cleanup", Time since last: 3000443574 ns, Reaching safepoint: 94141 ns, Cleanup: 18707 ns, At safepoint: 3607 ns, Total: 116455 ns
[2025-11-29T08:55:15.092+0000][1493.374s][debug][safepoint   ] Safepoint synchronization initiated using futex wait barrier. (252 threads)
[2025-11-29T08:55:15.093+0000][1493.375s][info ][gc,start    ] GC(96) Pause Young (Normal) (G1 Evacuation Pause)
[2025-11-29T08:55:15.093+0000][1493.375s][info ][gc,task     ] GC(96) Using 13 workers of 13 for evacuation
[2025-11-29T08:55:15.105+0000][1493.387s][info ][gc,phases   ] GC(96)   Pre Evacuate Collection Set: 0.7ms
[2025-11-29T08:55:15.105+0000][1493.387s][info ][gc,phases   ] GC(96)   Merge Heap Roots: 0.9ms
[2025-11-29T08:55:15.105+0000][1493.387s][info ][gc,phases   ] GC(96)   Evacuate Collection Set: 7.2ms
[2025-11-29T08:55:15.105+0000][1493.387s][info ][gc,phases   ] GC(96)   Post Evacuate Collection Set: 2.6ms
[2025-11-29T08:55:15.105+0000][1493.387s][info ][gc,phases   ] GC(96)   Other: 0.7ms
[2025-11-29T08:55:15.105+0000][1493.387s][info ][gc,heap     ] GC(96) Eden regions: 184->0(185)
[2025-11-29T08:55:15.105+0000][1493.387s][info ][gc,heap     ] GC(96) Survivor regions: 5->3(24)
[2025-11-29T08:55:15.105+0000][1493.387s][info ][gc,heap     ] GC(96) Old regions: 424->426
[2025-11-29T08:55:15.105+0000][1493.387s][info ][gc,heap     ] GC(96) Archive regions: 2->2
[2025-11-29T08:55:15.105+0000][1493.387s][info ][gc,heap     ] GC(96) Humongous regions: 11->11
[2025-11-29T08:55:15.105+0000][1493.387s][info ][gc,metaspace] GC(96) Metaspace: 197934K(199424K)->197934K(199424K) NonClass: 173940K(174720K)->173940K(174720K) Class: 23994K(24704K)->23994K(24704K)
[2025-11-29T08:55:15.105+0000][1493.387s][info ][gc          ] GC(96) Pause Young (Normal) (G1 Evacuation Pause) 623M->439M(703M) 11.998ms
[2025-11-29T08:55:15.105+0000][1493.387s][info ][gc,cpu      ] GC(96) User=0.10s Sys=0.00s Real=0.01s
[2025-11-29T08:55:15.106+0000][1493.387s][info ][safepoint   ] Safepoint "G1CollectForAllocation", Time since last: 1689421134 ns, Reaching safepoint: 607326 ns, Cleanup: 9729 ns, At safepoint: 12854697 ns, Total: 13471752 ns
[2025-11-29T08:55:29.108+0000][1507.390s][debug][safepoint   ] Safepoint synchronization initiated using futex wait barrier. (252 threads)
[2025-11-29T08:55:29.108+0000][1507.390s][info ][safepoint   ] Safepoint "Cleanup", Time since last: 14002401046 ns, Reaching safepoint: 104242 ns, Cleanup: 15319 ns, At safepoint: 3668 ns, Total: 123229 ns
[2025-11-29T08:55:54.110+0000][1532.393s][debug][safepoint   ] Safepoint synchronization initiated using futex wait barrier. (253 threads)
[2025-11-29T08:55:54.110+0000][1532.393s][info ][safepoint   ] Safepoint "Cleanup", Time since last: 25003459118 ns, Reaching safepoint: 79223 ns, Cleanup: 12595 ns, At safepoint: 2845 ns, Total: 94663 ns
[2025-11-29T08:56:19.111+0000][1557.396s][debug][safepoint   ] Safepoint synchronization initiated using futex wait barrier. (253 threads)
[2025-11-29T08:56:19.111+0000][1557.397s][info ][safepoint   ] Safepoint "Cleanup", Time since last: 25003067994 ns, Reaching safepoint: 177193 ns, Cleanup: 23495 ns, At safepoint: 4709 ns, Total: 205397 ns
[2025-11-29T08:56:25.112+0000][1563.397s][debug][safepoint   ] Safepoint synchronization initiated using futex wait barrier. (253 threads)
[2025-11-29T08:56:25.112+0000][1563.398s][info ][safepoint   ] Safepoint "Cleanup", Time since last: 6000896960 ns, Reaching safepoint: 101797 ns, Cleanup: 16472 ns, At safepoint: 3517 ns, Total: 121786 ns
[2025-11-29T08:56:33.113+0000][1571.399s][debug][safepoint   ] Safepoint synchronization initiated using futex wait barrier. (252 threads)
[2025-11-29T08:56:33.113+0000][1571.399s][info ][safepoint   ] Safepoint "Cleanup", Time since last: 8001038273 ns, Reaching safepoint: 190939 ns, Cleanup: 22163 ns, At safepoint: 5921 ns, Total: 219023 ns
[2025-11-29T08:56:44.114+0000][1582.401s][debug][safepoint   ] Safepoint synchronization initiated using futex wait barrier. (252 threads)
[2025-11-29T08:56:44.114+0000][1582.401s][info ][safepoint   ] Safepoint "Cleanup", Time since last: 11002348623 ns, Reaching safepoint: 225786 ns, Cleanup: 28165 ns, At safepoint: 34557 ns, Total: 288508 ns
[2025-11-29T08:56:49.115+0000][1587.403s][debug][safepoint   ] Safepoint synchronization initiated using futex wait barrier. (252 threads)
[2025-11-29T08:56:49.116+0000][1587.403s][info ][safepoint   ] Safepoint "Cleanup", Time since last: 5001428583 ns, Reaching safepoint: 274922 ns, Cleanup: 24457 ns, At safepoint: 4669 ns, Total: 304048 ns
[2025-11-29T08:56:57.119+0000][1595.407s][debug][safepoint   ] Safepoint synchronization initiated using futex wait barrier. (252 threads)
[2025-11-29T08:56:57.120+0000][1595.407s][info ][safepoint   ] Safepoint "Cleanup", Time since last: 8003704844 ns, Reaching safepoint: 342873 ns, Cleanup: 25018 ns, At safepoint: 6132 ns, Total: 374023 ns
[2025-11-29T08:57:05.121+0000][1603.409s][debug][safepoint   ] Safepoint synchronization initiated using futex wait barrier. (252 threads)
[2025-11-29T08:57:05.121+0000][1603.409s][info ][safepoint   ] Safepoint "Cleanup", Time since last: 8001424162 ns, Reaching safepoint: 191531 ns, Cleanup: 14047 ns, At safepoint: 4759 ns, Total: 210337 ns
[2025-11-29T08:57:15.120+0000][1613.410s][debug][safepoint   ] Safepoint synchronization initiated using futex wait barrier. (252 threads)
[2025-11-29T08:57:15.121+0000][1613.411s][info ][safepoint   ] Safepoint "Cleanup", Time since last: 10001388130 ns, Reaching safepoint: 274473 ns, Cleanup: 12073 ns, At safepoint: 4970 ns, Total: 291516 ns
[2025-11-29T08:57:17.121+0000][1615.411s][debug][safepoint   ] Safepoint synchronization initiated using futex wait barrier. (252 threads)
[2025-11-29T08:57:17.121+0000][1615.411s][info ][safepoint   ] Safepoint "Cleanup", Time since last: 2000305566 ns, Reaching safepoint: 88321 ns, Cleanup: 15210 ns, At safepoint: 3787 ns, Total: 107318 ns
[2025-11-29T08:57:19.122+0000][1617.412s][debug][safepoint   ] Safepoint synchronization initiated using futex wait barrier. (252 threads)
[2025-11-29T08:57:19.122+0000][1617.412s][info ][safepoint   ] Safepoint "Cleanup", Time since last: 2000557649 ns, Reaching safepoint: 166103 ns, Cleanup: 45087 ns, At safepoint: 5150 ns, Total: 216340 ns
[2025-11-29T08:57:28.910+0000][1627.200s][debug][safepoint   ] Safepoint synchronization initiated using futex wait barrier. (252 threads)
[2025-11-29T08:57:28.910+0000][1627.200s][info ][safepoint   ] Safepoint "Cleanup", Time since last: 9788391864 ns, Reaching safepoint: 94092 ns, Cleanup: 20800 ns, At safepoint: 4189 ns, Total: 119081 ns
[2025-11-29T08:57:33.911+0000][1632.201s][debug][safepoint   ] Safepoint synchronization initiated using futex wait barrier. (251 threads)
[2025-11-29T08:57:33.912+0000][1632.202s][info ][safepoint   ] Safepoint "Cleanup", Time since last: 5001149220 ns, Reaching safepoint: 243420 ns, Cleanup: 65266 ns, At safepoint: 7074 ns, Total: 315760 ns
[2025-11-29T08:57:38.911+0000][1637.203s][debug][safepoint   ] Safepoint synchronization initiated using futex wait barrier. (253 threads)
[2025-11-29T08:57:38.911+0000][1637.203s][info ][safepoint   ] Safepoint "Cleanup", Time since last: 5001438088 ns, Reaching safepoint: 130522 ns, Cleanup: 18075 ns, At safepoint: 4800 ns, Total: 153397 ns
[2025-11-29T08:57:45.239+0000][1643.531s][debug][safepoint   ] Safepoint synchronization initiated using futex wait barrier. (253 threads)
[2025-11-29T08:57:45.239+0000][1643.531s][info ][gc,start    ] GC(97) Pause Young (Normal) (G1 Evacuation Pause)
[2025-11-29T08:57:45.239+0000][1643.531s][info ][gc,task     ] GC(97) Using 13 workers of 13 for evacuation
[2025-11-29T08:57:45.256+0000][1643.549s][info ][gc,phases   ] GC(97)   Pre Evacuate Collection Set: 1.0ms
[2025-11-29T08:57:45.257+0000][1643.549s][info ][gc,phases   ] GC(97)   Merge Heap Roots: 0.4ms
[2025-11-29T08:57:45.257+0000][1643.549s][info ][gc,phases   ] GC(97)   Evacuate Collection Set: 10.4ms
[2025-11-29T08:57:45.257+0000][1643.549s][info ][gc,phases   ] GC(97)   Post Evacuate Collection Set: 5.3ms
[2025-11-29T08:57:45.257+0000][1643.549s][info ][gc,phases   ] GC(97)   Other: 0.6ms
[2025-11-29T08:57:45.257+0000][1643.549s][info ][gc,heap     ] GC(97) Eden regions: 185->0(186)
[2025-11-29T08:57:45.257+0000][1643.549s][info ][gc,heap     ] GC(97) Survivor regions: 3->1(24)
[2025-11-29T08:57:45.257+0000][1643.549s][info ][gc,heap     ] GC(97) Old regions: 426->428
[2025-11-29T08:57:45.257+0000][1643.549s][info ][gc,heap     ] GC(97) Archive regions: 2->2
[2025-11-29T08:57:45.257+0000][1643.549s][info ][gc,heap     ] GC(97) Humongous regions: 11->11
[2025-11-29T08:57:45.257+0000][1643.549s][info ][gc,metaspace] GC(97) Metaspace: 198024K(199488K)->198024K(199488K) NonClass: 174030K(174784K)->174030K(174784K) Class: 23994K(24704K)->23994K(24704K)
[2025-11-29T08:57:45.257+0000][1643.549s][info ][gc          ] GC(97) Pause Young (Normal) (G1 Evacuation Pause) 624M->439M(703M) 17.572ms
[2025-11-29T08:57:45.257+0000][1643.549s][info ][gc,cpu      ] GC(97) User=0.13s Sys=0.01s Real=0.01s
[2025-11-29T08:57:45.257+0000][1643.549s][info ][safepoint   ] Safepoint "G1CollectForAllocation", Time since last: 6327437783 ns, Reaching safepoint: 130161 ns, Cleanup: 5902 ns, At safepoint: 18198963 ns, Total: 18335026 ns
[2025-11-29T08:57:46.257+0000][1644.549s][debug][safepoint   ] Safepoint synchronization initiated using futex wait barrier. (253 threads)
[2025-11-29T08:57:46.257+0000][1644.550s][info ][safepoint   ] Safepoint "Cleanup", Time since last: 1000222582 ns, Reaching safepoint: 97949 ns, Cleanup: 56610 ns, At safepoint: 6933 ns, Total: 161492 ns
[2025-11-29T08:57:53.258+0000][1651.551s][debug][safepoint   ] Safepoint synchronization initiated using futex wait barrier. (253 threads)
[2025-11-29T08:57:53.259+0000][1651.551s][info ][safepoint   ] Safepoint "Cleanup", Time since last: 7001032224 ns, Reaching safepoint: 83882 ns, Cleanup: 15270 ns, At safepoint: 3697 ns, Total: 102849 ns
[2025-11-29T08:58:06.260+0000][1664.552s][debug][safepoint   ] Safepoint synchronization initiated using futex wait barrier. (253 threads)
[2025-11-29T08:58:06.260+0000][1664.553s][info ][safepoint   ] Safepoint "Cleanup", Time since last: 13001780109 ns, Reaching safepoint: 74524 ns, Cleanup: 13085 ns, At safepoint: 2956 ns, Total: 90565 ns
[2025-11-29T08:58:28.947+0000][1687.242s][debug][safepoint   ] Safepoint synchronization initiated using futex wait barrier. (253 threads)
[2025-11-29T08:58:28.948+0000][1687.242s][info ][safepoint   ] Safepoint "Cleanup", Time since last: 22688984430 ns, Reaching safepoint: 570342 ns, Cleanup: 19698 ns, At safepoint: 11492 ns, Total: 601532 ns
[2025-11-29T08:58:34.948+0000][1693.243s][debug][safepoint   ] Safepoint synchronization initiated using futex wait barrier. (252 threads)
[2025-11-29T08:58:34.949+0000][1693.243s][info ][safepoint   ] Safepoint "Cleanup", Time since last: 6000784930 ns, Reaching safepoint: 156432 ns, Cleanup: 34166 ns, At safepoint: 24277 ns, Total: 214875 ns
[2025-11-29T08:58:35.949+0000][1694.243s][debug][safepoint   ] Safepoint synchronization initiated using futex wait barrier. (252 threads)
[2025-11-29T08:58:35.949+0000][1694.243s][info ][safepoint   ] Safepoint "Cleanup", Time since last: 1000148718 ns, Reaching safepoint: 87258 ns, Cleanup: 16201 ns, At safepoint: 3507 ns, Total: 106966 ns
[2025-11-29T08:58:43.948+0000][1702.244s][debug][safepoint   ] Safepoint synchronization initiated using futex wait barrier. (252 threads)
[2025-11-29T08:58:43.948+0000][1702.244s][info ][safepoint   ] Safepoint "Cleanup", Time since last: 8000913895 ns, Reaching safepoint: 81848 ns, Cleanup: 13396 ns, At safepoint: 3587 ns, Total: 98831 ns
[2025-11-29T08:58:44.948+0000][1703.245s][debug][safepoint   ] Safepoint synchronization initiated using futex wait barrier. (252 threads)
[2025-11-29T08:58:44.948+0000][1703.245s][info ][safepoint   ] Safepoint "Cleanup", Time since last: 1000137924 ns, Reaching safepoint: 80565 ns, Cleanup: 67801 ns, At safepoint: 5551 ns, Total: 153917 ns
[2025-11-29T08:58:45.949+0000][1704.245s][debug][safepoint   ] Safepoint synchronization initiated using futex wait barrier. (252 threads)
[2025-11-29T08:58:45.949+0000][1704.245s][info ][safepoint   ] Safepoint "Cleanup", Time since last: 1000156116 ns, Reaching safepoint: 84103 ns, Cleanup: 13957 ns, At safepoint: 3677 ns, Total: 101737 ns
[2025-11-29T08:58:46.949+0000][1705.245s][debug][safepoint   ] Safepoint synchronization initiated using futex wait barrier. (252 threads)
[2025-11-29T08:58:46.950+0000][1705.246s][info ][safepoint   ] Safepoint "Cleanup", Time since last: 1000127469 ns, Reaching safepoint: 1272775 ns, Cleanup: 32623 ns, At safepoint: 6452 ns, Total: 1311850 ns
[2025-11-29T08:58:48.950+0000][1707.247s][debug][safepoint   ] Safepoint synchronization initiated using futex wait barrier. (252 threads)
[2025-11-29T08:58:48.951+0000][1707.247s][info ][safepoint   ] Safepoint "Cleanup", Time since last: 2000323075 ns, Reaching safepoint: 172644 ns, Cleanup: 22503 ns, At safepoint: 3748 ns, Total: 198895 ns
[2025-11-29T08:58:56.952+0000][1715.248s][debug][safepoint   ] Safepoint synchronization initiated using futex wait barrier. (252 threads)
[2025-11-29T08:58:56.952+0000][1715.248s][info ][safepoint   ] Safepoint "Cleanup", Time since last: 8001194028 ns, Reaching safepoint: 109832 ns, Cleanup: 16993 ns, At safepoint: 4439 ns, Total: 131264 ns
[2025-11-29T08:58:59.952+0000][1718.249s][debug][safepoint   ] Safepoint synchronization initiated using futex wait barrier. (252 threads)
[2025-11-29T08:58:59.953+0000][1718.249s][info ][safepoint   ] Safepoint "Cleanup", Time since last: 3000475992 ns, Reaching safepoint: 82138 ns, Cleanup: 22644 ns, At safepoint: 5170 ns, Total: 109952 ns
[2025-11-29T08:59:04.953+0000][1723.249s][debug][safepoint   ] Safepoint synchronization initiated using futex wait barrier. (252 threads)
[2025-11-29T08:59:04.953+0000][1723.249s][info ][safepoint   ] Safepoint "Cleanup", Time since last: 5000571763 ns, Reaching safepoint: 69755 ns, Cleanup: 11402 ns, At safepoint: 2695 ns, Total: 83852 ns
[2025-11-29T08:59:05.953+0000][1724.250s][debug][safepoint   ] Safepoint synchronization initiated using futex wait barrier. (252 threads)
[2025-11-29T08:59:05.953+0000][1724.250s][info ][safepoint   ] Safepoint "Cleanup", Time since last: 1000134349 ns, Reaching safepoint: 79674 ns, Cleanup: 15961 ns, At safepoint: 3877 ns, Total: 99512 ns
[2025-11-29T08:59:28.978+0000][1747.277s][debug][safepoint   ] Safepoint synchronization initiated using futex wait barrier. (252 threads)
[2025-11-29T08:59:28.979+0000][1747.277s][info ][safepoint   ] Safepoint "Cleanup", Time since last: 23026988224 ns, Reaching safepoint: 720913 ns, Cleanup: 64735 ns, At safepoint: 12845 ns, Total: 798493 ns
[2025-11-29T08:59:52.652+0000][1770.953s][debug][safepoint   ] Safepoint synchronization initiated using futex wait barrier. (255 threads)
[2025-11-29T08:59:52.652+0000][1770.953s][info ][safepoint   ] Safepoint "Cleanup", Time since last: 23675649019 ns, Reaching safepoint: 166167 ns, Cleanup: 23585 ns, At safepoint: 44987 ns, Total: 234739 ns
[2025-11-29T08:59:53.652+0000][1771.954s][debug][safepoint   ] Safepoint synchronization initiated using futex wait barrier. (255 threads)
[2025-11-29T08:59:53.652+0000][1771.954s][info ][safepoint   ] Safepoint "Cleanup", Time since last: 1000140898 ns, Reaching safepoint: 81437 ns, Cleanup: 39537 ns, At safepoint: 3968 ns, Total: 124942 ns
[2025-11-29T09:00:04.654+0000][1782.955s][debug][safepoint   ] Safepoint synchronization initiated using futex wait barrier. (255 threads)
[2025-11-29T09:00:04.654+0000][1782.955s][info ][safepoint   ] Safepoint "Cleanup", Time since last: 11001590448 ns, Reaching safepoint: 132286 ns, Cleanup: 22814 ns, At safepoint: 4528 ns, Total: 159628 ns
[2025-11-29T09:00:08.653+0000][1786.956s][debug][safepoint   ] Safepoint synchronization initiated using futex wait barrier. (255 threads)
[2025-11-29T09:00:08.653+0000][1786.956s][info ][safepoint   ] Safepoint "Cleanup", Time since last: 4000577276 ns, Reaching safepoint: 91867 ns, Cleanup: 29427 ns, At safepoint: 3086 ns, Total: 124380 ns
[2025-11-29T09:00:15.596+0000][1793.899s][debug][safepoint   ] Safepoint synchronization initiated using futex wait barrier. (255 threads)
[2025-11-29T09:00:15.597+0000][1793.899s][info ][gc,start    ] GC(98) Pause Young (Normal) (G1 Evacuation Pause)
[2025-11-29T09:00:15.597+0000][1793.899s][info ][gc,task     ] GC(98) Using 13 workers of 13 for evacuation
[2025-11-29T09:00:15.608+0000][1793.911s][info ][gc,phases   ] GC(98)   Pre Evacuate Collection Set: 0.8ms
[2025-11-29T09:00:15.608+0000][1793.911s][info ][gc,phases   ] GC(98)   Merge Heap Roots: 0.4ms
[2025-11-29T09:00:15.608+0000][1793.911s][info ][gc,phases   ] GC(98)   Evacuate Collection Set: 7.2ms
[2025-11-29T09:00:15.608+0000][1793.911s][info ][gc,phases   ] GC(98)   Post Evacuate Collection Set: 2.8ms
[2025-11-29T09:00:15.608+0000][1793.911s][info ][gc,phases   ] GC(98)   Other: 0.6ms
[2025-11-29T09:00:15.608+0000][1793.911s][info ][gc,heap     ] GC(98) Eden regions: 186->0(186)
[2025-11-29T09:00:15.608+0000][1793.911s][info ][gc,heap     ] GC(98) Survivor regions: 1->1(24)
[2025-11-29T09:00:15.608+0000][1793.911s][info ][gc,heap     ] GC(98) Old regions: 428->428
[2025-11-29T09:00:15.608+0000][1793.911s][info ][gc,heap     ] GC(98) Archive regions: 2->2
[2025-11-29T09:00:15.608+0000][1793.911s][info ][gc,heap     ] GC(98) Humongous regions: 11->11
[2025-11-29T09:00:15.608+0000][1793.911s][info ][gc,metaspace] GC(98) Metaspace: 198032K(199488K)->198032K(199488K) NonClass: 174036K(174784K)->174036K(174784K) Class: 23995K(24704K)->23995K(24704K)
[2025-11-29T09:00:15.608+0000][1793.911s][info ][gc          ] GC(98) Pause Young (Normal) (G1 Evacuation Pause) 625M->440M(703M) 11.704ms
[2025-11-29T09:00:15.608+0000][1793.911s][info ][gc,cpu      ] GC(98) User=0.08s Sys=0.01s Real=0.02s
[2025-11-29T09:00:15.609+0000][1793.912s][info ][safepoint   ] Safepoint "G1CollectForAllocation", Time since last: 6942801496 ns, Reaching safepoint: 258991 ns, Cleanup: 17734 ns, At safepoint: 12693506 ns, Total: 12970231 ns
[2025-11-29T09:00:16.609+0000][1794.912s][debug][safepoint   ] Safepoint synchronization initiated using futex wait barrier. (255 threads)
[2025-11-29T09:00:16.609+0000][1794.912s][info ][safepoint   ] Safepoint "Cleanup", Time since last: 1000170499 ns, Reaching safepoint: 80666 ns, Cleanup: 14108 ns, At safepoint: 3827 ns, Total: 98601 ns
[2025-11-29T09:00:24.010+0000][1802.313s][debug][safepoint   ] Safepoint synchronization initiated using futex wait barrier. (255 threads)
[2025-11-29T09:00:24.011+0000][1802.313s][info ][safepoint   ] Safepoint "Cleanup", Time since last: 7400719291 ns, Reaching safepoint: 311031 ns, Cleanup: 41370 ns, At safepoint: 5651 ns, Total: 358052 ns
[2025-11-29T09:00:25.271+0000][1803.574s][debug][safepoint   ] Safepoint synchronization initiated using futex wait barrier. (255 threads)
[2025-11-29T09:00:25.272+0000][1803.574s][info ][safepoint   ] Safepoint "Cleanup", Time since last: 1260891075 ns, Reaching safepoint: 181059 ns, Cleanup: 61880 ns, At safepoint: 5280 ns, Total: 248219 ns
[2025-11-29T09:00:33.273+0000][1811.575s][debug][safepoint   ] Safepoint synchronization initiated using futex wait barrier. (253 threads)
[2025-11-29T09:00:33.273+0000][1811.576s][info ][safepoint   ] Safepoint "Cleanup", Time since last: 8001150231 ns, Reaching safepoint: 159408 ns, Cleanup: 29136 ns, At safepoint: 5170 ns, Total: 193714 ns
[2025-11-29T09:00:35.273+0000][1813.576s][debug][safepoint   ] Safepoint synchronization initiated using futex wait barrier. (254 threads)
[2025-11-29T09:00:35.273+0000][1813.576s][info ][safepoint   ] Safepoint "Cleanup", Time since last: 2000235407 ns, Reaching safepoint: 58471 ns, Cleanup: 8436 ns, At safepoint: 2675 ns, Total: 69582 ns
[2025-11-29T09:00:37.271+0000][1815.576s][debug][safepoint   ] Safepoint synchronization initiated using futex wait barrier. (253 threads)
[2025-11-29T09:00:37.271+0000][1815.576s][info ][safepoint   ] Safepoint "Cleanup", Time since last: 2000292104 ns, Reaching safepoint: 86994 ns, Cleanup: 10560 ns, At safepoint: 3226 ns, Total: 100780 ns
[2025-11-29T09:00:57.275+0000][1835.580s][debug][safepoint   ] Safepoint synchronization initiated using futex wait barrier. (251 threads)
[2025-11-29T09:00:57.275+0000][1835.580s][info ][safepoint   ] Safepoint "Cleanup", Time since last: 20003160717 ns, Reaching safepoint: 69555 ns, Cleanup: 11151 ns, At safepoint: 3517 ns, Total: 84223 ns
[2025-11-29T09:01:02.275+0000][1840.580s][debug][safepoint   ] Safepoint synchronization initiated using futex wait barrier. (251 threads)
[2025-11-29T09:01:02.275+0000][1840.580s][info ][safepoint   ] Safepoint "Cleanup", Time since last: 5000701381 ns, Reaching safepoint: 80616 ns, Cleanup: 10730 ns, At safepoint: 2816 ns, Total: 94162 ns
[2025-11-29T09:01:05.276+0000][1843.581s][debug][safepoint   ] Safepoint synchronization initiated using futex wait barrier. (251 threads)
[2025-11-29T09:01:05.277+0000][1843.582s][info ][safepoint   ] Safepoint "Cleanup", Time since last: 3000464933 ns, Reaching safepoint: 739208 ns, Cleanup: 103860 ns, At safepoint: 31601 ns, Total: 874669 ns
[2025-11-29T09:01:28.054+0000][1866.362s][debug][safepoint   ] Safepoint synchronization initiated using futex wait barrier. (252 threads)
[2025-11-29T09:01:28.054+0000][1866.362s][info ][safepoint   ] Safepoint "Cleanup", Time since last: 22779762237 ns, Reaching safepoint: 139169 ns, Cleanup: 26031 ns, At safepoint: 5049 ns, Total: 170249 ns
[2025-11-29T09:01:38.054+0000][1876.364s][debug][safepoint   ] Safepoint synchronization initiated using futex wait barrier. (254 threads)
[2025-11-29T09:01:38.054+0000][1876.364s][info ][safepoint   ] Safepoint "Cleanup", Time since last: 10002049941 ns, Reaching safepoint: 74072 ns, Cleanup: 15600 ns, At safepoint: 3517 ns, Total: 93189 ns
[2025-11-29T09:01:39.055+0000][1877.364s][debug][safepoint   ] Safepoint synchronization initiated using futex wait barrier. (254 threads)
[2025-11-29T09:01:39.055+0000][1877.364s][info ][safepoint   ] Safepoint "Cleanup", Time since last: 1000124471 ns, Reaching safepoint: 79033 ns, Cleanup: 17634 ns, At safepoint: 3517 ns, Total: 100184 ns
[2025-11-29T09:01:41.055+0000][1879.364s][debug][safepoint   ] Safepoint synchronization initiated using futex wait barrier. (254 threads)
[2025-11-29T09:01:41.055+0000][1879.364s][info ][safepoint   ] Safepoint "Cleanup", Time since last: 2000227254 ns, Reaching safepoint: 128398 ns, Cleanup: 24577 ns, At safepoint: 4228 ns, Total: 157203 ns
[2025-11-29T09:01:48.057+0000][1886.366s][debug][safepoint   ] Safepoint synchronization initiated using futex wait barrier. (254 threads)
[2025-11-29T09:01:48.057+0000][1886.366s][info ][safepoint   ] Safepoint "Cleanup", Time since last: 7001525009 ns, Reaching safepoint: 90655 ns, Cleanup: 15029 ns, At safepoint: 3397 ns, Total: 109081 ns
[2025-11-29T09:02:13.059+0000][1911.370s][debug][safepoint   ] Safepoint synchronization initiated using futex wait barrier. (254 threads)
[2025-11-29T09:02:13.059+0000][1911.370s][info ][safepoint   ] Safepoint "Cleanup", Time since last: 25004194659 ns, Reaching safepoint: 73332 ns, Cleanup: 16321 ns, At safepoint: 2866 ns, Total: 92519 ns
