[2025-12-01T05:48:50.300+0000][0.042s][info][gc] Using G1
[2025-12-01T05:48:50.305+0000][0.048s][info][gc,init] Version: 17.0.16+8-Debian-1deb12u1 (release)
[2025-12-01T05:48:50.306+0000][0.048s][info][gc,init] CPUs: 16 total, 16 available
[2025-12-01T05:48:50.306+0000][0.048s][info][gc,init] Memory: 7590M
[2025-12-01T05:48:50.306+0000][0.048s][info][gc,init] Large Page Support: Disabled
[2025-12-01T05:48:50.306+0000][0.048s][info][gc,init] NUMA Support: Disabled
[2025-12-01T05:48:50.306+0000][0.048s][info][gc,init] Compressed Oops: Enabled (32-bit)
[2025-12-01T05:48:50.306+0000][0.048s][info][gc,init] Heap Region Size: 1M
[2025-12-01T05:48:50.306+0000][0.048s][info][gc,init] Heap Min Capacity: 8M
[2025-12-01T05:48:50.306+0000][0.048s][info][gc,init] Heap Initial Capacity: 120M
[2025-12-01T05:48:50.306+0000][0.048s][info][gc,init] Heap Max Capacity: 1898M
[2025-12-01T05:48:50.306+0000][0.048s][info][gc,init] Pre-touch: Disabled
[2025-12-01T05:48:50.306+0000][0.048s][info][gc,init] Parallel Workers: 13
[2025-12-01T05:48:50.306+0000][0.048s][info][gc,init] Concurrent Workers: 3
[2025-12-01T05:48:50.306+0000][0.048s][info][gc,init] Concurrent Refinement Workers: 13
[2025-12-01T05:48:50.306+0000][0.048s][info][gc,init] Periodic GC: Disabled
[2025-12-01T05:48:50.342+0000][0.085s][info][gc,metaspace] CDS archive(s) mapped at: [0x00007d8dcb000000-0x00007d8dcbbca000-0x00007d8dcbbca000), size 12361728, SharedBaseAddress: 0x00007d8dcb000000, ArchiveRelocationMode: 1.
[2025-12-01T05:48:50.342+0000][0.085s][info][gc,metaspace] Compressed class space mapped at: 0x00007d8dcc000000-0x00007d8e0c000000, reserved size: 1073741824
[2025-12-01T05:48:50.342+0000][0.085s][info][gc,metaspace] Narrow klass base: 0x00007d8dcb000000, Narrow klass shift: 0, Narrow klass range: 0x100000000
[2025-12-01T05:48:50.368+0000][0.110s][info][cds,heap    ] initialize_from_archived_subgraph java.lang.Module$ArchivedData 0x00007d8dcb1837f0 (early)
[2025-12-01T05:48:50.369+0000][0.111s][info][cds,heap    ] initialize_from_archived_subgraph java.util.ImmutableCollections 0x00007d8dcb072308 (early)
[2025-12-01T05:48:50.372+0000][0.115s][info][cds,heap    ] initialize_from_archived_subgraph java.lang.Integer$IntegerCache 0x00007d8dcb037660 (early)
[2025-12-01T05:48:50.383+0000][0.126s][info][cds,heap    ] initialize_from_archived_subgraph java.lang.module.Configuration 0x00007d8dcb171770 (early)
[2025-12-01T05:48:50.383+0000][0.126s][info][cds,heap    ] initialize_from_archived_subgraph java.lang.ModuleLayer 0x00007d8dcb145ba8 (early)
[2025-12-01T05:48:50.384+0000][0.126s][info][cds,heap    ] initialize_from_archived_subgraph jdk.internal.loader.ArchivedClassLoaders 0x00007d8dcb1a7e68 (early)
[2025-12-01T05:48:50.384+0000][0.126s][info][cds,heap    ] initialize_from_archived_subgraph jdk.internal.module.ArchivedBootLayer 0x00007d8dcb1783b0 (early)
[2025-12-01T05:48:50.389+0000][0.131s][info][cds,heap    ] initialize_from_archived_subgraph sun.util.locale.BaseLocale 0x00007d8dcb26ebf0
[2025-12-01T05:48:50.405+0000][0.147s][info][cds,heap    ] initialize_from_archived_subgraph java.util.jar.Attributes$Name 0x00007d8dcb1998d0
[2025-12-01T05:48:50.449+0000][0.191s][info][cds,heap    ] initialize_from_archived_subgraph java.lang.Long$LongCache 0x00007d8dcb020f98
[2025-12-01T05:48:50.559+0000][0.301s][info][cds,heap    ] initialize_from_archived_subgraph java.lang.Character$CharacterCache 0x00007d8dcb03a9e8
[2025-12-01T05:48:51.126+0000][0.869s][debug][safepoint   ] Safepoint synchronization initiated using futex wait barrier. (15 threads)
[2025-12-01T05:48:51.126+0000][0.869s][info ][safepoint   ] Safepoint "ICBufferFull", Time since last: 762031078 ns, Reaching safepoint: 42061 ns, Cleanup: 92210 ns, At safepoint: 1913 ns, Total: 136184 ns
[2025-12-01T05:48:51.456+0000][1.199s][debug][safepoint   ] Safepoint synchronization initiated using futex wait barrier. (21 threads)
[2025-12-01T05:48:51.457+0000][1.199s][info ][gc,start    ] GC(0) Pause Young (Normal) (G1 Evacuation Pause)
[2025-12-01T05:48:51.458+0000][1.200s][info ][gc,task     ] GC(0) Using 2 workers of 13 for evacuation
[2025-12-01T05:48:51.477+0000][1.219s][info ][gc,phases   ] GC(0)   Pre Evacuate Collection Set: 0.1ms
[2025-12-01T05:48:51.477+0000][1.220s][info ][gc,phases   ] GC(0)   Merge Heap Roots: 0.2ms
[2025-12-01T05:48:51.477+0000][1.220s][info ][gc,phases   ] GC(0)   Evacuate Collection Set: 15.9ms
[2025-12-01T05:48:51.477+0000][1.220s][info ][gc,phases   ] GC(0)   Post Evacuate Collection Set: 2.6ms
[2025-12-01T05:48:51.477+0000][1.220s][info ][gc,phases   ] GC(0)   Other: 1.6ms
[2025-12-01T05:48:51.477+0000][1.220s][info ][gc,heap     ] GC(0) Eden regions: 56->0(58)
[2025-12-01T05:48:51.477+0000][1.220s][info ][gc,heap     ] GC(0) Survivor regions: 0->7(7)
[2025-12-01T05:48:51.477+0000][1.220s][info ][gc,heap     ] GC(0) Old regions: 0->2
[2025-12-01T05:48:51.477+0000][1.220s][info ][gc,heap     ] GC(0) Archive regions: 2->2
[2025-12-01T05:48:51.477+0000][1.220s][info ][gc,heap     ] GC(0) Humongous regions: 0->0
[2025-12-01T05:48:51.477+0000][1.220s][info ][gc,metaspace] GC(0) Metaspace: 2690K(2880K)->2690K(2880K) NonClass: 2441K(2560K)->2441K(2560K) Class: 249K(320K)->249K(320K)
[2025-12-01T05:48:51.477+0000][1.220s][info ][gc          ] GC(0) Pause Young (Normal) (G1 Evacuation Pause) 56M->9M(122M) 20.558ms
[2025-12-01T05:48:51.477+0000][1.220s][info ][gc,cpu      ] GC(0) User=0.09s Sys=0.02s Real=0.02s
[2025-12-01T05:48:51.477+0000][1.220s][info ][safepoint   ] Safepoint "G1CollectForAllocation", Time since last: 330005831 ns, Reaching safepoint: 48694 ns, Cleanup: 52462 ns, At safepoint: 20835405 ns, Total: 20936561 ns
[2025-12-01T05:48:51.957+0000][1.699s][debug][safepoint   ] Safepoint synchronization initiated using futex wait barrier. (21 threads)
[2025-12-01T05:48:51.957+0000][1.699s][info ][gc,start    ] GC(1) Pause Young (Normal) (G1 Evacuation Pause)
[2025-12-01T05:48:51.957+0000][1.699s][info ][gc,task     ] GC(1) Using 2 workers of 13 for evacuation
[2025-12-01T05:48:51.971+0000][1.714s][info ][gc,phases   ] GC(1)   Pre Evacuate Collection Set: 0.1ms
[2025-12-01T05:48:51.971+0000][1.714s][info ][gc,phases   ] GC(1)   Merge Heap Roots: 0.1ms
[2025-12-01T05:48:51.971+0000][1.714s][info ][gc,phases   ] GC(1)   Evacuate Collection Set: 10.8ms
[2025-12-01T05:48:51.971+0000][1.714s][info ][gc,phases   ] GC(1)   Post Evacuate Collection Set: 3.2ms
[2025-12-01T05:48:51.971+0000][1.714s][info ][gc,phases   ] GC(1)   Other: 0.1ms
[2025-12-01T05:48:51.971+0000][1.714s][info ][gc,heap     ] GC(1) Eden regions: 58->0(64)
[2025-12-01T05:48:51.971+0000][1.714s][info ][gc,heap     ] GC(1) Survivor regions: 7->3(9)
[2025-12-01T05:48:51.971+0000][1.714s][info ][gc,heap     ] GC(1) Old regions: 2->9
[2025-12-01T05:48:51.971+0000][1.714s][info ][gc,heap     ] GC(1) Archive regions: 2->2
[2025-12-01T05:48:51.971+0000][1.714s][info ][gc,heap     ] GC(1) Humongous regions: 0->0
[2025-12-01T05:48:51.971+0000][1.714s][info ][gc,metaspace] GC(1) Metaspace: 4642K(4928K)->4642K(4928K) NonClass: 4099K(4224K)->4099K(4224K) Class: 543K(704K)->543K(704K)
[2025-12-01T05:48:51.971+0000][1.714s][info ][gc          ] GC(1) Pause Young (Normal) (G1 Evacuation Pause) 67M->11M(122M) 14.426ms
[2025-12-01T05:48:51.971+0000][1.714s][info ][gc,cpu      ] GC(1) User=0.02s Sys=0.00s Real=0.01s
[2025-12-01T05:48:51.972+0000][1.714s][info ][safepoint   ] Safepoint "G1CollectForAllocation", Time since last: 479538014 ns, Reaching safepoint: 45278 ns, Cleanup: 86168 ns, At safepoint: 14524983 ns, Total: 14656429 ns
[2025-12-01T05:48:52.456+0000][2.198s][debug][safepoint   ] Safepoint synchronization initiated using futex wait barrier. (20 threads)
[2025-12-01T05:48:52.456+0000][2.199s][info ][gc,start    ] GC(2) Pause Young (Normal) (G1 Evacuation Pause)
[2025-12-01T05:48:52.456+0000][2.199s][info ][gc,task     ] GC(2) Using 2 workers of 13 for evacuation
[2025-12-01T05:48:52.466+0000][2.208s][info ][gc,phases   ] GC(2)   Pre Evacuate Collection Set: 0.1ms
[2025-12-01T05:48:52.466+0000][2.208s][info ][gc,phases   ] GC(2)   Merge Heap Roots: 0.1ms
[2025-12-01T05:48:52.466+0000][2.208s][info ][gc,phases   ] GC(2)   Evacuate Collection Set: 7.7ms
[2025-12-01T05:48:52.466+0000][2.208s][info ][gc,phases   ] GC(2)   Post Evacuate Collection Set: 1.3ms
[2025-12-01T05:48:52.466+0000][2.208s][info ][gc,phases   ] GC(2)   Other: 0.1ms
[2025-12-01T05:48:52.466+0000][2.208s][info ][gc,heap     ] GC(2) Eden regions: 64->0(68)
[2025-12-01T05:48:52.466+0000][2.208s][info ][gc,heap     ] GC(2) Survivor regions: 3->4(9)
[2025-12-01T05:48:52.466+0000][2.208s][info ][gc,heap     ] GC(2) Old regions: 9->9
[2025-12-01T05:48:52.466+0000][2.208s][info ][gc,heap     ] GC(2) Archive regions: 2->2
[2025-12-01T05:48:52.466+0000][2.208s][info ][gc,heap     ] GC(2) Humongous regions: 0->0
[2025-12-01T05:48:52.466+0000][2.208s][info ][gc,metaspace] GC(2) Metaspace: 7782K(8000K)->7782K(8000K) NonClass: 6795K(6912K)->6795K(6912K) Class: 986K(1088K)->986K(1088K)
[2025-12-01T05:48:52.466+0000][2.208s][info ][gc          ] GC(2) Pause Young (Normal) (G1 Evacuation Pause) 75M->13M(122M) 9.549ms
[2025-12-01T05:48:52.466+0000][2.208s][info ][gc,cpu      ] GC(2) User=0.02s Sys=0.01s Real=0.01s
[2025-12-01T05:48:52.466+0000][2.208s][info ][safepoint   ] Safepoint "G1CollectForAllocation", Time since last: 484417857 ns, Reaching safepoint: 43484 ns, Cleanup: 243363 ns, At safepoint: 9637267 ns, Total: 9924114 ns
[2025-12-01T05:48:52.940+0000][2.683s][debug][safepoint   ] Safepoint synchronization initiated using futex wait barrier. (20 threads)
[2025-12-01T05:48:52.940+0000][2.683s][info ][gc,start    ] GC(3) Pause Young (Normal) (G1 Evacuation Pause)
[2025-12-01T05:48:52.940+0000][2.683s][info ][gc,task     ] GC(3) Using 2 workers of 13 for evacuation
[2025-12-01T05:48:52.952+0000][2.694s][info ][gc,phases   ] GC(3)   Pre Evacuate Collection Set: 0.1ms
[2025-12-01T05:48:52.952+0000][2.694s][info ][gc,phases   ] GC(3)   Merge Heap Roots: 0.1ms
[2025-12-01T05:48:52.952+0000][2.694s][info ][gc,phases   ] GC(3)   Evacuate Collection Set: 10.1ms
[2025-12-01T05:48:52.952+0000][2.694s][info ][gc,phases   ] GC(3)   Post Evacuate Collection Set: 0.9ms
[2025-12-01T05:48:52.952+0000][2.694s][info ][gc,phases   ] GC(3)   Other: 0.1ms
[2025-12-01T05:48:52.952+0000][2.694s][info ][gc,heap     ] GC(3) Eden regions: 68->0(67)
[2025-12-01T05:48:52.952+0000][2.694s][info ][gc,heap     ] GC(3) Survivor regions: 4->5(9)
[2025-12-01T05:48:52.952+0000][2.694s][info ][gc,heap     ] GC(3) Old regions: 9->9
[2025-12-01T05:48:52.952+0000][2.694s][info ][gc,heap     ] GC(3) Archive regions: 2->2
[2025-12-01T05:48:52.952+0000][2.694s][info ][gc,heap     ] GC(3) Humongous regions: 0->0
[2025-12-01T05:48:52.952+0000][2.694s][info ][gc,metaspace] GC(3) Metaspace: 11117K(11520K)->11117K(11520K) NonClass: 9656K(9856K)->9656K(9856K) Class: 1461K(1664K)->1461K(1664K)
[2025-12-01T05:48:52.952+0000][2.694s][info ][gc          ] GC(3) Pause Young (Normal) (G1 Evacuation Pause) 81M->14M(122M) 11.418ms
[2025-12-01T05:48:52.952+0000][2.694s][info ][gc,cpu      ] GC(3) User=0.02s Sys=0.01s Real=0.01s
[2025-12-01T05:48:52.952+0000][2.694s][info ][safepoint   ] Safepoint "G1CollectForAllocation", Time since last: 474351807 ns, Reaching safepoint: 38314 ns, Cleanup: 91508 ns, At safepoint: 11556456 ns, Total: 11686278 ns
[2025-12-01T05:48:53.152+0000][2.895s][debug][safepoint   ] Safepoint synchronization initiated using futex wait barrier. (19 threads)
[2025-12-01T05:48:53.153+0000][2.895s][info ][safepoint   ] Safepoint "ICBufferFull", Time since last: 200278878 ns, Reaching safepoint: 157286 ns, Cleanup: 106537 ns, At safepoint: 80807 ns, Total: 344630 ns
[2025-12-01T05:48:53.336+0000][3.078s][debug][safepoint   ] Safepoint synchronization initiated using futex wait barrier. (20 threads)
[2025-12-01T05:48:53.336+0000][3.078s][debug][safepoint   ] ... found polling page loop exception at pc = 0x00007d8e352621c9, stub =0x00007d8e34a04400
[2025-12-01T05:48:53.336+0000][3.079s][info ][gc,start    ] GC(4) Pause Young (Normal) (G1 Evacuation Pause)
[2025-12-01T05:48:53.336+0000][3.079s][info ][gc,task     ] GC(4) Using 4 workers of 13 for evacuation
[2025-12-01T05:48:53.342+0000][3.085s][info ][gc,phases   ] GC(4)   Pre Evacuate Collection Set: 0.1ms
[2025-12-01T05:48:53.342+0000][3.085s][info ][gc,phases   ] GC(4)   Merge Heap Roots: 0.1ms
[2025-12-01T05:48:53.342+0000][3.085s][info ][gc,phases   ] GC(4)   Evacuate Collection Set: 4.7ms
[2025-12-01T05:48:53.342+0000][3.085s][info ][gc,phases   ] GC(4)   Post Evacuate Collection Set: 1.3ms
[2025-12-01T05:48:53.342+0000][3.085s][info ][gc,phases   ] GC(4)   Other: 0.1ms
[2025-12-01T05:48:53.342+0000][3.085s][info ][gc,heap     ] GC(4) Eden regions: 67->0(82)
[2025-12-01T05:48:53.342+0000][3.085s][info ][gc,heap     ] GC(4) Survivor regions: 5->6(9)
[2025-12-01T05:48:53.342+0000][3.085s][info ][gc,heap     ] GC(4) Old regions: 9->11
[2025-12-01T05:48:53.342+0000][3.085s][info ][gc,heap     ] GC(4) Archive regions: 2->2
[2025-12-01T05:48:53.342+0000][3.085s][info ][gc,heap     ] GC(4) Humongous regions: 0->0
[2025-12-01T05:48:53.342+0000][3.085s][info ][gc,metaspace] GC(4) Metaspace: 13112K(13440K)->13112K(13440K) NonClass: 11418K(11584K)->11418K(11584K) Class: 1693K(1856K)->1693K(1856K)
[2025-12-01T05:48:53.343+0000][3.085s][info ][gc          ] GC(4) Pause Young (Normal) (G1 Evacuation Pause) 81M->17M(147M) 6.344ms
[2025-12-01T05:48:53.343+0000][3.085s][info ][gc,cpu      ] GC(4) User=0.04s Sys=0.01s Real=0.01s
[2025-12-01T05:48:53.343+0000][3.085s][info ][safepoint   ] Safepoint "G1CollectForAllocation", Time since last: 183339044 ns, Reaching safepoint: 171092 ns, Cleanup: 116397 ns, At safepoint: 6461747 ns, Total: 6749236 ns
[2025-12-01T05:48:53.566+0000][3.309s][debug][safepoint   ] Safepoint synchronization initiated using futex wait barrier. (20 threads)
[2025-12-01T05:48:53.567+0000][3.309s][info ][gc,start    ] GC(5) Pause Young (Normal) (G1 Evacuation Pause)
[2025-12-01T05:48:53.567+0000][3.309s][info ][gc,task     ] GC(5) Using 4 workers of 13 for evacuation
[2025-12-01T05:48:53.570+0000][3.313s][info ][gc,phases   ] GC(5)   Pre Evacuate Collection Set: 0.1ms
[2025-12-01T05:48:53.571+0000][3.313s][info ][gc,phases   ] GC(5)   Merge Heap Roots: 0.1ms
[2025-12-01T05:48:53.571+0000][3.313s][info ][gc,phases   ] GC(5)   Evacuate Collection Set: 2.8ms
[2025-12-01T05:48:53.571+0000][3.313s][info ][gc,phases   ] GC(5)   Post Evacuate Collection Set: 0.9ms
[2025-12-01T05:48:53.571+0000][3.313s][info ][gc,phases   ] GC(5)   Other: 0.1ms
[2025-12-01T05:48:53.571+0000][3.313s][info ][gc,heap     ] GC(5) Eden regions: 82->0(81)
[2025-12-01T05:48:53.571+0000][3.313s][info ][gc,heap     ] GC(5) Survivor regions: 6->7(11)
[2025-12-01T05:48:53.571+0000][3.313s][info ][gc,heap     ] GC(5) Old regions: 11->11
[2025-12-01T05:48:53.571+0000][3.313s][info ][gc,heap     ] GC(5) Archive regions: 2->2
[2025-12-01T05:48:53.571+0000][3.313s][info ][gc,heap     ] GC(5) Humongous regions: 0->0
[2025-12-01T05:48:53.571+0000][3.313s][info ][gc,metaspace] GC(5) Metaspace: 15863K(16256K)->15863K(16256K) NonClass: 13759K(13952K)->13759K(13952K) Class: 2103K(2304K)->2103K(2304K)
[2025-12-01T05:48:53.571+0000][3.313s][info ][gc          ] GC(5) Pause Young (Normal) (G1 Evacuation Pause) 99M->17M(147M) 4.059ms
[2025-12-01T05:48:53.571+0000][3.313s][info ][gc,cpu      ] GC(5) User=0.01s Sys=0.00s Real=0.00s
[2025-12-01T05:48:53.571+0000][3.313s][info ][safepoint   ] Safepoint "G1CollectForAllocation", Time since last: 223665283 ns, Reaching safepoint: 162586 ns, Cleanup: 48153 ns, At safepoint: 4148471 ns, Total: 4359210 ns
[2025-12-01T05:48:53.609+0000][3.352s][info ][cds,heap    ] initialize_from_archived_subgraph java.lang.Byte$ByteCache 0x00007d8dcb03abf8
[2025-12-01T05:48:53.609+0000][3.352s][info ][cds,heap    ] initialize_from_archived_subgraph java.lang.Short$ShortCache 0x00007d8dcb0412e8
[2025-12-01T05:48:53.733+0000][3.475s][debug][safepoint   ] Safepoint synchronization initiated using futex wait barrier. (21 threads)
[2025-12-01T05:48:53.733+0000][3.475s][debug][safepoint   ] ... found polling page loop exception at pc = 0x00007d8e2dbf4715, stub =0x00007d8e34a04400
[2025-12-01T05:48:53.733+0000][3.476s][info ][gc,start    ] GC(6) Pause Young (Normal) (G1 Evacuation Pause)
[2025-12-01T05:48:53.733+0000][3.476s][info ][gc,task     ] GC(6) Using 4 workers of 13 for evacuation
[2025-12-01T05:48:53.739+0000][3.481s][info ][gc,phases   ] GC(6)   Pre Evacuate Collection Set: 0.1ms
[2025-12-01T05:48:53.739+0000][3.481s][info ][gc,phases   ] GC(6)   Merge Heap Roots: 0.2ms
[2025-12-01T05:48:53.739+0000][3.481s][info ][gc,phases   ] GC(6)   Evacuate Collection Set: 4.5ms
[2025-12-01T05:48:53.739+0000][3.481s][info ][gc,phases   ] GC(6)   Post Evacuate Collection Set: 0.8ms
[2025-12-01T05:48:53.739+0000][3.481s][info ][gc,phases   ] GC(6)   Other: 0.1ms
[2025-12-01T05:48:53.739+0000][3.481s][info ][gc,heap     ] GC(6) Eden regions: 81->0(81)
[2025-12-01T05:48:53.739+0000][3.481s][info ][gc,heap     ] GC(6) Survivor regions: 7->7(11)
[2025-12-01T05:48:53.739+0000][3.481s][info ][gc,heap     ] GC(6) Old regions: 11->12
[2025-12-01T05:48:53.739+0000][3.481s][info ][gc,heap     ] GC(6) Archive regions: 2->2
[2025-12-01T05:48:53.739+0000][3.481s][info ][gc,heap     ] GC(6) Humongous regions: 0->0
[2025-12-01T05:48:53.739+0000][3.481s][info ][gc,metaspace] GC(6) Metaspace: 17894K(18240K)->17894K(18240K) NonClass: 15468K(15680K)->15468K(15680K) Class: 2426K(2560K)->2426K(2560K)
[2025-12-01T05:48:53.739+0000][3.481s][info ][gc          ] GC(6) Pause Young (Normal) (G1 Evacuation Pause) 98M->19M(147M) 5.819ms
[2025-12-01T05:48:53.739+0000][3.481s][info ][gc,cpu      ] GC(6) User=0.04s Sys=0.01s Real=0.01s
[2025-12-01T05:48:53.739+0000][3.482s][info ][safepoint   ] Safepoint "G1CollectForAllocation", Time since last: 162272981 ns, Reaching safepoint: 155442 ns, Cleanup: 72420 ns, At safepoint: 5978547 ns, Total: 6206409 ns
[2025-12-01T05:48:53.960+0000][3.702s][debug][safepoint   ] Safepoint synchronization initiated using futex wait barrier. (22 threads)
[2025-12-01T05:48:53.960+0000][3.702s][info ][gc,start    ] GC(7) Pause Young (Concurrent Start) (Metadata GC Threshold)
[2025-12-01T05:48:53.960+0000][3.702s][info ][gc,task     ] GC(7) Using 4 workers of 13 for evacuation
[2025-12-01T05:48:53.967+0000][3.709s][info ][gc,phases   ] GC(7)   Pre Evacuate Collection Set: 0.1ms
[2025-12-01T05:48:53.967+0000][3.710s][info ][gc,phases   ] GC(7)   Merge Heap Roots: 0.1ms
[2025-12-01T05:48:53.967+0000][3.710s][info ][gc,phases   ] GC(7)   Evacuate Collection Set: 5.4ms
[2025-12-01T05:48:53.967+0000][3.710s][info ][gc,phases   ] GC(7)   Post Evacuate Collection Set: 0.9ms
[2025-12-01T05:48:53.967+0000][3.710s][info ][gc,phases   ] GC(7)   Other: 0.4ms
[2025-12-01T05:48:53.967+0000][3.710s][info ][gc,heap     ] GC(7) Eden regions: 65->0(81)
[2025-12-01T05:48:53.967+0000][3.710s][info ][gc,heap     ] GC(7) Survivor regions: 7->7(11)
[2025-12-01T05:48:53.967+0000][3.710s][info ][gc,heap     ] GC(7) Old regions: 12->16
[2025-12-01T05:48:53.967+0000][3.710s][info ][gc,heap     ] GC(7) Archive regions: 2->2
[2025-12-01T05:48:53.967+0000][3.710s][info ][gc,heap     ] GC(7) Humongous regions: 0->0
[2025-12-01T05:48:53.967+0000][3.710s][info ][gc,metaspace] GC(7) Metaspace: 21216K(21504K)->21216K(21504K) NonClass: 18455K(18624K)->18455K(18624K) Class: 2761K(2880K)->2761K(2880K)
[2025-12-01T05:48:53.967+0000][3.710s][info ][gc          ] GC(7) Pause Young (Concurrent Start) (Metadata GC Threshold) 84M->22M(147M) 7.094ms
[2025-12-01T05:48:53.967+0000][3.710s][info ][gc,cpu      ] GC(7) User=0.04s Sys=0.00s Real=0.01s
[2025-12-01T05:48:53.967+0000][3.710s][info ][gc          ] GC(8) Concurrent Mark Cycle
[2025-12-01T05:48:53.967+0000][3.710s][info ][safepoint   ] Safepoint "CollectForMetadataAllocation", Time since last: 220796186 ns, Reaching safepoint: 39267 ns, Cleanup: 66759 ns, At safepoint: 7210010 ns, Total: 7316036 ns
[2025-12-01T05:48:53.967+0000][3.710s][info ][gc,marking  ] GC(8) Concurrent Clear Claimed Marks
[2025-12-01T05:48:53.967+0000][3.710s][info ][gc,marking  ] GC(8) Concurrent Clear Claimed Marks 0.067ms
[2025-12-01T05:48:53.967+0000][3.710s][info ][gc,marking  ] GC(8) Concurrent Scan Root Regions
[2025-12-01T05:48:53.967+0000][3.710s][debug][safepoint   ] Safepoint synchronization initiated using futex wait barrier. (22 threads)
[2025-12-01T05:48:53.968+0000][3.710s][info ][safepoint   ] Safepoint "CollectForMetadataAllocation", Time since last: 266537 ns, Reaching safepoint: 134963 ns, Cleanup: 3046 ns, At safepoint: 81759 ns, Total: 219768 ns
[2025-12-01T05:48:53.970+0000][3.713s][info ][gc,marking  ] GC(8) Concurrent Scan Root Regions 3.025ms
[2025-12-01T05:48:53.970+0000][3.713s][info ][gc,marking  ] GC(8) Concurrent Mark
[2025-12-01T05:48:53.970+0000][3.713s][info ][gc,marking  ] GC(8) Concurrent Mark From Roots
[2025-12-01T05:48:53.970+0000][3.713s][info ][gc,task     ] GC(8) Using 3 workers of 3 for marking
[2025-12-01T05:48:53.977+0000][3.720s][info ][gc,marking  ] GC(8) Concurrent Mark From Roots 6.812ms
[2025-12-01T05:48:53.977+0000][3.720s][info ][gc,marking  ] GC(8) Concurrent Preclean
[2025-12-01T05:48:53.978+0000][3.720s][info ][gc,marking  ] GC(8) Concurrent Preclean 0.334ms
[2025-12-01T05:48:53.978+0000][3.720s][debug][safepoint   ] Safepoint synchronization initiated using futex wait barrier. (22 threads)
[2025-12-01T05:48:53.978+0000][3.720s][info ][gc,start    ] GC(8) Pause Remark
[2025-12-01T05:48:53.981+0000][3.723s][info ][gc          ] GC(8) Pause Remark 24M->24M(90M) 2.911ms
[2025-12-01T05:48:53.981+0000][3.723s][info ][gc,cpu      ] GC(8) User=0.02s Sys=0.00s Real=0.00s
[2025-12-01T05:48:53.981+0000][3.724s][info ][safepoint   ] Safepoint "G1PauseRemark", Time since last: 10017004 ns, Reaching safepoint: 213966 ns, Cleanup: 9479 ns, At safepoint: 3257589 ns, Total: 3481034 ns
[2025-12-01T05:48:53.981+0000][3.724s][info ][gc,marking  ] GC(8) Concurrent Mark 10.877ms
[2025-12-01T05:48:53.981+0000][3.724s][info ][gc,marking  ] GC(8) Concurrent Rebuild Remembered Sets
[2025-12-01T05:48:53.986+0000][3.729s][info ][gc,marking  ] GC(8) Concurrent Rebuild Remembered Sets 4.896ms
[2025-12-01T05:48:53.995+0000][3.737s][debug][safepoint   ] Safepoint synchronization initiated using futex wait barrier. (22 threads)
[2025-12-01T05:48:53.995+0000][3.738s][info ][gc,start    ] GC(8) Pause Cleanup
[2025-12-01T05:48:53.995+0000][3.738s][info ][gc          ] GC(8) Pause Cleanup 24M->24M(90M) 0.129ms
[2025-12-01T05:48:53.995+0000][3.738s][info ][gc,cpu      ] GC(8) User=0.00s Sys=0.00s Real=0.00s
[2025-12-01T05:48:53.995+0000][3.738s][info ][safepoint   ] Safepoint "G1PauseCleanup", Time since last: 5150187 ns, Reaching safepoint: 8762857 ns, Cleanup: 49496 ns, At safepoint: 305924 ns, Total: 9118277 ns
[2025-12-01T05:48:53.996+0000][3.738s][info ][gc,marking  ] GC(8) Concurrent Cleanup for Next Mark
[2025-12-01T05:48:53.996+0000][3.739s][info ][gc,marking  ] GC(8) Concurrent Cleanup for Next Mark 0.897ms
[2025-12-01T05:48:53.997+0000][3.739s][info ][gc          ] GC(8) Concurrent Mark Cycle 29.287ms
[2025-12-01T05:48:54.228+0000][3.970s][debug][safepoint   ] Safepoint synchronization initiated using futex wait barrier. (24 threads)
[2025-12-01T05:48:54.228+0000][3.971s][info ][gc,start    ] GC(9) Pause Young (Normal) (G1 Preventive Collection)
[2025-12-01T05:48:54.228+0000][3.971s][info ][gc,task     ] GC(9) Using 4 workers of 13 for evacuation
[2025-12-01T05:48:54.234+0000][3.976s][info ][gc,phases   ] GC(9)   Pre Evacuate Collection Set: 0.1ms
[2025-12-01T05:48:54.234+0000][3.977s][info ][gc,phases   ] GC(9)   Merge Heap Roots: 0.1ms
[2025-12-01T05:48:54.234+0000][3.977s][info ][gc,phases   ] GC(9)   Evacuate Collection Set: 4.7ms
[2025-12-01T05:48:54.234+0000][3.977s][info ][gc,phases   ] GC(9)   Post Evacuate Collection Set: 0.9ms
[2025-12-01T05:48:54.234+0000][3.977s][info ][gc,phases   ] GC(9)   Other: 0.1ms
[2025-12-01T05:48:54.234+0000][3.977s][info ][gc,heap     ] GC(9) Eden regions: 54->0(46)
[2025-12-01T05:48:54.234+0000][3.977s][info ][gc,heap     ] GC(9) Survivor regions: 7->8(11)
[2025-12-01T05:48:54.234+0000][3.977s][info ][gc,heap     ] GC(9) Old regions: 16->17
[2025-12-01T05:48:54.234+0000][3.977s][info ][gc,heap     ] GC(9) Archive regions: 2->2
[2025-12-01T05:48:54.234+0000][3.977s][info ][gc,heap     ] GC(9) Humongous regions: 0->0
[2025-12-01T05:48:54.234+0000][3.977s][info ][gc,metaspace] GC(9) Metaspace: 23752K(24128K)->23752K(24128K) NonClass: 20640K(20864K)->20640K(20864K) Class: 3111K(3264K)->3111K(3264K)
[2025-12-01T05:48:54.234+0000][3.977s][info ][gc          ] GC(9) Pause Young (Normal) (G1 Preventive Collection) 76M->24M(90M) 6.155ms
[2025-12-01T05:48:54.234+0000][3.977s][info ][gc,cpu      ] GC(9) User=0.02s Sys=0.00s Real=0.01s
[2025-12-01T05:48:54.235+0000][3.977s][info ][safepoint   ] Safepoint "G1CollectForAllocation", Time since last: 232346381 ns, Reaching safepoint: 163597 ns, Cleanup: 78834 ns, At safepoint: 6508836 ns, Total: 6751267 ns
[2025-12-01T05:48:54.365+0000][4.108s][debug][safepoint   ] ... found polling page loop exception at pc = 0x00007d8e2dc57b09, stub =0x00007d8e34a04400
[2025-12-01T05:48:54.374+0000][4.116s][debug][safepoint   ] ... found polling page loop exception at pc = 0x00007d8e351b492b, stub =0x00007d8e34a04400
[2025-12-01T05:48:54.398+0000][4.140s][debug][safepoint   ] Safepoint synchronization initiated using futex wait barrier. (23 threads)
[2025-12-01T05:48:54.398+0000][4.140s][info ][gc,start    ] GC(10) Pause Young (Normal) (G1 Evacuation Pause)
[2025-12-01T05:48:54.398+0000][4.140s][info ][gc,task     ] GC(10) Using 3 workers of 13 for evacuation
[2025-12-01T05:48:54.405+0000][4.147s][info ][gc,phases   ] GC(10)   Pre Evacuate Collection Set: 0.1ms
[2025-12-01T05:48:54.405+0000][4.147s][info ][gc,phases   ] GC(10)   Merge Heap Roots: 0.1ms
[2025-12-01T05:48:54.405+0000][4.147s][info ][gc,phases   ] GC(10)   Evacuate Collection Set: 5.7ms
[2025-12-01T05:48:54.405+0000][4.147s][info ][gc,phases   ] GC(10)   Post Evacuate Collection Set: 1.2ms
[2025-12-01T05:48:54.405+0000][4.147s][info ][gc,phases   ] GC(10)   Other: 0.1ms
[2025-12-01T05:48:54.405+0000][4.147s][info ][gc,heap     ] GC(10) Eden regions: 46->0(57)
[2025-12-01T05:48:54.405+0000][4.147s][info ][gc,heap     ] GC(10) Survivor regions: 8->6(7)
[2025-12-01T05:48:54.405+0000][4.147s][info ][gc,heap     ] GC(10) Old regions: 17->22
[2025-12-01T05:48:54.405+0000][4.147s][info ][gc,heap     ] GC(10) Archive regions: 2->2
[2025-12-01T05:48:54.405+0000][4.147s][info ][gc,heap     ] GC(10) Humongous regions: 0->0
[2025-12-01T05:48:54.405+0000][4.147s][info ][gc,metaspace] GC(10) Metaspace: 25175K(25472K)->25175K(25472K) NonClass: 21901K(22080K)->21901K(22080K) Class: 3274K(3392K)->3274K(3392K)
[2025-12-01T05:48:54.405+0000][4.147s][info ][gc          ] GC(10) Pause Young (Normal) (G1 Evacuation Pause) 70M->27M(108M) 7.209ms
[2025-12-01T05:48:54.405+0000][4.147s][info ][gc,cpu      ] GC(10) User=0.05s Sys=0.00s Real=0.01s
[2025-12-01T05:48:54.405+0000][4.148s][info ][safepoint   ] Safepoint "G1CollectForAllocation", Time since last: 162989213 ns, Reaching safepoint: 49736 ns, Cleanup: 118320 ns, At safepoint: 7432884 ns, Total: 7600940 ns
[2025-12-01T05:48:54.676+0000][4.419s][debug][safepoint   ] Safepoint synchronization initiated using futex wait barrier. (23 threads)
[2025-12-01T05:48:54.676+0000][4.419s][info ][gc,start    ] GC(11) Pause Young (Normal) (G1 Evacuation Pause)
[2025-12-01T05:48:54.676+0000][4.419s][info ][gc,task     ] GC(11) Using 2 workers of 13 for evacuation
[2025-12-01T05:48:54.687+0000][4.429s][info ][gc,phases   ] GC(11)   Pre Evacuate Collection Set: 0.2ms
[2025-12-01T05:48:54.687+0000][4.429s][info ][gc,phases   ] GC(11)   Merge Heap Roots: 0.2ms
[2025-12-01T05:48:54.687+0000][4.429s][info ][gc,phases   ] GC(11)   Evacuate Collection Set: 8.7ms
[2025-12-01T05:48:54.687+0000][4.429s][info ][gc,phases   ] GC(11)   Post Evacuate Collection Set: 1.2ms
[2025-12-01T05:48:54.687+0000][4.429s][info ][gc,phases   ] GC(11)   Other: 0.1ms
[2025-12-01T05:48:54.687+0000][4.429s][info ][gc,heap     ] GC(11) Eden regions: 57->0(50)
[2025-12-01T05:48:54.687+0000][4.429s][info ][gc,heap     ] GC(11) Survivor regions: 6->8(8)
[2025-12-01T05:48:54.687+0000][4.429s][info ][gc,heap     ] GC(11) Old regions: 22->26
[2025-12-01T05:48:54.687+0000][4.429s][info ][gc,heap     ] GC(11) Archive regions: 2->2
[2025-12-01T05:48:54.687+0000][4.429s][info ][gc,heap     ] GC(11) Humongous regions: 0->0
[2025-12-01T05:48:54.687+0000][4.429s][info ][gc,metaspace] GC(11) Metaspace: 25269K(25664K)->25269K(25664K) NonClass: 21982K(22208K)->21982K(22208K) Class: 3287K(3456K)->3287K(3456K)
[2025-12-01T05:48:54.687+0000][4.429s][info ][gc          ] GC(11) Pause Young (Normal) (G1 Evacuation Pause) 84M->33M(108M) 10.494ms
[2025-12-01T05:48:54.687+0000][4.429s][info ][gc,cpu      ] GC(11) User=0.02s Sys=0.01s Real=0.01s
[2025-12-01T05:48:54.687+0000][4.429s][info ][safepoint   ] Safepoint "G1CollectForAllocation", Time since last: 271126884 ns, Reaching safepoint: 44616 ns, Cleanup: 56731 ns, At safepoint: 10599514 ns, Total: 10700861 ns
[2025-12-01T05:48:54.765+0000][4.507s][debug][safepoint   ] Safepoint synchronization initiated using futex wait barrier. (23 threads)
[2025-12-01T05:48:54.765+0000][4.507s][info ][gc,start    ] GC(12) Pause Young (Normal) (G1 Evacuation Pause)
[2025-12-01T05:48:54.765+0000][4.507s][info ][gc,task     ] GC(12) Using 2 workers of 13 for evacuation
[2025-12-01T05:48:54.778+0000][4.520s][info ][gc,phases   ] GC(12)   Pre Evacuate Collection Set: 0.2ms
[2025-12-01T05:48:54.778+0000][4.520s][info ][gc,phases   ] GC(12)   Merge Heap Roots: 0.1ms
[2025-12-01T05:48:54.778+0000][4.520s][info ][gc,phases   ] GC(12)   Evacuate Collection Set: 11.1ms
[2025-12-01T05:48:54.778+0000][4.520s][info ][gc,phases   ] GC(12)   Post Evacuate Collection Set: 1.3ms
[2025-12-01T05:48:54.778+0000][4.520s][info ][gc,phases   ] GC(12)   Other: 0.2ms
[2025-12-01T05:48:54.778+0000][4.520s][info ][gc,heap     ] GC(12) Eden regions: 50->0(42)
[2025-12-01T05:48:54.778+0000][4.520s][info ][gc,heap     ] GC(12) Survivor regions: 8->7(8)
[2025-12-01T05:48:54.778+0000][4.520s][info ][gc,heap     ] GC(12) Old regions: 26->34
[2025-12-01T05:48:54.778+0000][4.520s][info ][gc,heap     ] GC(12) Archive regions: 2->2
[2025-12-01T05:48:54.778+0000][4.520s][info ][gc,heap     ] GC(12) Humongous regions: 0->0
[2025-12-01T05:48:54.778+0000][4.520s][info ][gc,metaspace] GC(12) Metaspace: 25269K(25664K)->25269K(25664K) NonClass: 21982K(22208K)->21982K(22208K) Class: 3287K(3456K)->3287K(3456K)
[2025-12-01T05:48:54.778+0000][4.520s][info ][gc          ] GC(12) Pause Young (Normal) (G1 Evacuation Pause) 83M->40M(108M) 12.966ms
[2025-12-01T05:48:54.778+0000][4.520s][info ][gc,cpu      ] GC(12) User=0.04s Sys=0.00s Real=0.01s
[2025-12-01T05:48:54.778+0000][4.520s][info ][safepoint   ] Safepoint "G1CollectForAllocation", Time since last: 77671263 ns, Reaching safepoint: 106857 ns, Cleanup: 5140 ns, At safepoint: 13079115 ns, Total: 13191112 ns
[2025-12-01T05:48:54.931+0000][4.674s][debug][safepoint   ] Safepoint synchronization initiated using futex wait barrier. (23 threads)
[2025-12-01T05:48:54.931+0000][4.674s][info ][gc,start    ] GC(13) Pause Young (Normal) (G1 Evacuation Pause)
[2025-12-01T05:48:54.931+0000][4.674s][info ][gc,task     ] GC(13) Using 2 workers of 13 for evacuation
[2025-12-01T05:48:54.942+0000][4.685s][info ][gc,phases   ] GC(13)   Pre Evacuate Collection Set: 0.1ms
[2025-12-01T05:48:54.942+0000][4.685s][info ][gc,phases   ] GC(13)   Merge Heap Roots: 0.1ms
[2025-12-01T05:48:54.942+0000][4.685s][info ][gc,phases   ] GC(13)   Evacuate Collection Set: 9.4ms
[2025-12-01T05:48:54.942+0000][4.685s][info ][gc,phases   ] GC(13)   Post Evacuate Collection Set: 1.2ms
[2025-12-01T05:48:54.942+0000][4.685s][info ][gc,phases   ] GC(13)   Other: 0.1ms
[2025-12-01T05:48:54.942+0000][4.685s][info ][gc,heap     ] GC(13) Eden regions: 42->0(38)
[2025-12-01T05:48:54.942+0000][4.685s][info ][gc,heap     ] GC(13) Survivor regions: 7->5(7)
[2025-12-01T05:48:54.942+0000][4.685s][info ][gc,heap     ] GC(13) Old regions: 34->41
[2025-12-01T05:48:54.942+0000][4.685s][info ][gc,heap     ] GC(13) Archive regions: 2->2
[2025-12-01T05:48:54.942+0000][4.685s][info ][gc,heap     ] GC(13) Humongous regions: 0->0
[2025-12-01T05:48:54.942+0000][4.685s][info ][gc,metaspace] GC(13) Metaspace: 25418K(25792K)->25418K(25792K) NonClass: 22122K(22336K)->22122K(22336K) Class: 3295K(3456K)->3295K(3456K)
[2025-12-01T05:48:54.943+0000][4.685s][info ][gc          ] GC(13) Pause Young (Normal) (G1 Evacuation Pause) 82M->45M(108M) 11.086ms
[2025-12-01T05:48:54.943+0000][4.685s][info ][gc,cpu      ] GC(13) User=0.03s Sys=0.00s Real=0.02s
[2025-12-01T05:48:54.943+0000][4.685s][info ][safepoint   ] Safepoint "G1CollectForAllocation", Time since last: 153409397 ns, Reaching safepoint: 47783 ns, Cleanup: 84544 ns, At safepoint: 11221084 ns, Total: 11353411 ns
[2025-12-01T05:48:55.086+0000][4.828s][debug][safepoint   ] Safepoint synchronization initiated using futex wait barrier. (22 threads)
[2025-12-01T05:48:55.086+0000][4.828s][info ][gc,start    ] GC(14) Pause Young (Normal) (G1 Evacuation Pause)
[2025-12-01T05:48:55.086+0000][4.828s][info ][gc,task     ] GC(14) Using 2 workers of 13 for evacuation
[2025-12-01T05:48:55.096+0000][4.838s][info ][gc,phases   ] GC(14)   Pre Evacuate Collection Set: 0.1ms
[2025-12-01T05:48:55.096+0000][4.838s][info ][gc,phases   ] GC(14)   Merge Heap Roots: 0.2ms
[2025-12-01T05:48:55.096+0000][4.838s][info ][gc,phases   ] GC(14)   Evacuate Collection Set: 7.0ms
[2025-12-01T05:48:55.096+0000][4.838s][info ][gc,phases   ] GC(14)   Post Evacuate Collection Set: 2.3ms
[2025-12-01T05:48:55.096+0000][4.838s][info ][gc,phases   ] GC(14)   Other: 0.1ms
[2025-12-01T05:48:55.096+0000][4.838s][info ][gc,heap     ] GC(14) Eden regions: 38->0(100)
[2025-12-01T05:48:55.096+0000][4.838s][info ][gc,heap     ] GC(14) Survivor regions: 5->4(6)
[2025-12-01T05:48:55.096+0000][4.838s][info ][gc,heap     ] GC(14) Old regions: 41->45
[2025-12-01T05:48:55.096+0000][4.838s][info ][gc,heap     ] GC(14) Archive regions: 2->2
[2025-12-01T05:48:55.096+0000][4.838s][info ][gc,heap     ] GC(14) Humongous regions: 0->0
[2025-12-01T05:48:55.096+0000][4.838s][info ][gc,metaspace] GC(14) Metaspace: 25594K(25920K)->25594K(25920K) NonClass: 22261K(22464K)->22261K(22464K) Class: 3333K(3456K)->3333K(3456K)
[2025-12-01T05:48:55.096+0000][4.838s][info ][gc          ] GC(14) Pause Young (Normal) (G1 Evacuation Pause) 83M->48M(194M) 9.835ms
[2025-12-01T05:48:55.096+0000][4.838s][info ][gc,cpu      ] GC(14) User=0.01s Sys=0.01s Real=0.01s
[2025-12-01T05:48:55.096+0000][4.838s][info ][safepoint   ] Safepoint "G1CollectForAllocation", Time since last: 143025031 ns, Reaching safepoint: 83632 ns, Cleanup: 41741 ns, At safepoint: 9944823 ns, Total: 10070196 ns
[2025-12-01T05:48:55.430+0000][5.173s][debug][safepoint   ] Safepoint synchronization initiated using futex wait barrier. (22 threads)
[2025-12-01T05:48:55.431+0000][5.173s][info ][safepoint   ] Safepoint "ICBufferFull", Time since last: 334514883 ns, Reaching safepoint: 68894 ns, Cleanup: 185430 ns, At safepoint: 34317 ns, Total: 288641 ns
[2025-12-01T05:48:55.754+0000][5.496s][debug][safepoint   ] Safepoint synchronization initiated using futex wait barrier. (22 threads)
[2025-12-01T05:48:55.754+0000][5.496s][info ][gc,start    ] GC(15) Pause Young (Normal) (G1 Evacuation Pause)
[2025-12-01T05:48:55.754+0000][5.496s][info ][gc,task     ] GC(15) Using 4 workers of 13 for evacuation
[2025-12-01T05:48:55.761+0000][5.503s][info ][gc,phases   ] GC(15)   Pre Evacuate Collection Set: 0.5ms
[2025-12-01T05:48:55.761+0000][5.503s][info ][gc,phases   ] GC(15)   Merge Heap Roots: 0.2ms
[2025-12-01T05:48:55.761+0000][5.503s][info ][gc,phases   ] GC(15)   Evacuate Collection Set: 4.8ms
[2025-12-01T05:48:55.761+0000][5.503s][info ][gc,phases   ] GC(15)   Post Evacuate Collection Set: 1.0ms
[2025-12-01T05:48:55.761+0000][5.503s][info ][gc,phases   ] GC(15)   Other: 0.2ms
[2025-12-01T05:48:55.761+0000][5.503s][info ][gc,heap     ] GC(15) Eden regions: 100->0(93)
[2025-12-01T05:48:55.761+0000][5.503s][info ][gc,heap     ] GC(15) Survivor regions: 4->10(13)
[2025-12-01T05:48:55.761+0000][5.503s][info ][gc,heap     ] GC(15) Old regions: 45->45
[2025-12-01T05:48:55.761+0000][5.503s][info ][gc,heap     ] GC(15) Archive regions: 2->2
[2025-12-01T05:48:55.761+0000][5.503s][info ][gc,heap     ] GC(15) Humongous regions: 0->0
[2025-12-01T05:48:55.761+0000][5.503s][info ][gc,metaspace] GC(15) Metaspace: 26021K(26304K)->26021K(26304K) NonClass: 22650K(22784K)->22650K(22784K) Class: 3370K(3520K)->3370K(3520K)
[2025-12-01T05:48:55.761+0000][5.503s][info ][gc          ] GC(15) Pause Young (Normal) (G1 Evacuation Pause) 148M->54M(194M) 6.666ms
[2025-12-01T05:48:55.761+0000][5.503s][info ][gc,cpu      ] GC(15) User=0.04s Sys=0.00s Real=0.01s
[2025-12-01T05:48:55.761+0000][5.503s][info ][safepoint   ] Safepoint "G1CollectForAllocation", Time since last: 323195628 ns, Reaching safepoint: 64977 ns, Cleanup: 161083 ns, At safepoint: 6847746 ns, Total: 7073806 ns
[2025-12-01T05:48:56.060+0000][5.803s][debug][safepoint   ] Safepoint synchronization initiated using futex wait barrier. (22 threads)
[2025-12-01T05:48:56.061+0000][5.803s][info ][gc,start    ] GC(16) Pause Young (Normal) (G1 Evacuation Pause)
[2025-12-01T05:48:56.061+0000][5.803s][info ][gc,task     ] GC(16) Using 4 workers of 13 for evacuation
[2025-12-01T05:48:56.068+0000][5.810s][info ][gc,phases   ] GC(16)   Pre Evacuate Collection Set: 0.2ms
[2025-12-01T05:48:56.068+0000][5.810s][info ][gc,phases   ] GC(16)   Merge Heap Roots: 0.1ms
[2025-12-01T05:48:56.068+0000][5.810s][info ][gc,phases   ] GC(16)   Evacuate Collection Set: 5.7ms
[2025-12-01T05:48:56.068+0000][5.810s][info ][gc,phases   ] GC(16)   Post Evacuate Collection Set: 1.2ms
[2025-12-01T05:48:56.068+0000][5.810s][info ][gc,phases   ] GC(16)   Other: 0.1ms
[2025-12-01T05:48:56.068+0000][5.810s][info ][gc,heap     ] GC(16) Eden regions: 93->0(92)
[2025-12-01T05:48:56.068+0000][5.810s][info ][gc,heap     ] GC(16) Survivor regions: 10->11(13)
[2025-12-01T05:48:56.068+0000][5.810s][info ][gc,heap     ] GC(16) Old regions: 45->49
[2025-12-01T05:48:56.068+0000][5.810s][info ][gc,heap     ] GC(16) Archive regions: 2->2
[2025-12-01T05:48:56.068+0000][5.810s][info ][gc,heap     ] GC(16) Humongous regions: 0->0
[2025-12-01T05:48:56.068+0000][5.810s][info ][gc,metaspace] GC(16) Metaspace: 26168K(26496K)->26168K(26496K) NonClass: 22778K(22976K)->22778K(22976K) Class: 3389K(3520K)->3389K(3520K)
[2025-12-01T05:48:56.068+0000][5.810s][info ][gc          ] GC(16) Pause Young (Normal) (G1 Evacuation Pause) 147M->59M(194M) 7.391ms
[2025-12-01T05:48:56.068+0000][5.810s][info ][gc,cpu      ] GC(16) User=0.08s Sys=0.00s Real=0.01s
[2025-12-01T05:48:56.068+0000][5.810s][info ][safepoint   ] Safepoint "G1CollectForAllocation", Time since last: 299618615 ns, Reaching safepoint: 58634 ns, Cleanup: 98671 ns, At safepoint: 7505625 ns, Total: 7662930 ns
[2025-12-01T05:48:56.318+0000][6.060s][debug][safepoint   ] Safepoint synchronization initiated using futex wait barrier. (23 threads)
[2025-12-01T05:48:56.318+0000][6.060s][debug][safepoint   ] ... found polling page loop exception at pc = 0x00007d8e352621c9, stub =0x00007d8e34a04400
[2025-12-01T05:48:56.318+0000][6.061s][info ][gc,start    ] GC(17) Pause Young (Normal) (G1 Evacuation Pause)
[2025-12-01T05:48:56.318+0000][6.061s][info ][gc,task     ] GC(17) Using 4 workers of 13 for evacuation
[2025-12-01T05:48:56.325+0000][6.067s][info ][gc,phases   ] GC(17)   Pre Evacuate Collection Set: 0.1ms
[2025-12-01T05:48:56.325+0000][6.067s][info ][gc,phases   ] GC(17)   Merge Heap Roots: 0.1ms
[2025-12-01T05:48:56.325+0000][6.067s][info ][gc,phases   ] GC(17)   Evacuate Collection Set: 4.9ms
[2025-12-01T05:48:56.325+0000][6.067s][info ][gc,phases   ] GC(17)   Post Evacuate Collection Set: 1.2ms
[2025-12-01T05:48:56.325+0000][6.067s][info ][gc,phases   ] GC(17)   Other: 0.1ms
[2025-12-01T05:48:56.325+0000][6.067s][info ][gc,heap     ] GC(17) Eden regions: 92->0(93)
[2025-12-01T05:48:56.325+0000][6.067s][info ][gc,heap     ] GC(17) Survivor regions: 11->7(13)
[2025-12-01T05:48:56.325+0000][6.067s][info ][gc,heap     ] GC(17) Old regions: 49->55
[2025-12-01T05:48:56.325+0000][6.067s][info ][gc,heap     ] GC(17) Archive regions: 2->2
[2025-12-01T05:48:56.325+0000][6.067s][info ][gc,heap     ] GC(17) Humongous regions: 0->0
[2025-12-01T05:48:56.325+0000][6.067s][info ][gc,metaspace] GC(17) Metaspace: 27292K(27584K)->27292K(27584K) NonClass: 23828K(24000K)->23828K(24000K) Class: 3463K(3584K)->3463K(3584K)
[2025-12-01T05:48:56.325+0000][6.067s][info ][gc          ] GC(17) Pause Young (Normal) (G1 Evacuation Pause) 151M->61M(194M) 6.577ms
[2025-12-01T05:48:56.325+0000][6.067s][info ][gc,cpu      ] GC(17) User=0.05s Sys=0.00s Real=0.01s
[2025-12-01T05:48:56.325+0000][6.067s][info ][safepoint   ] Safepoint "G1CollectForAllocation", Time since last: 249720970 ns, Reaching safepoint: 154621 ns, Cleanup: 97359 ns, At safepoint: 6720999 ns, Total: 6972979 ns
[2025-12-01T05:48:56.468+0000][6.210s][debug][safepoint   ] Safepoint synchronization initiated using futex wait barrier. (21 threads)
[2025-12-01T05:48:56.468+0000][6.210s][info ][gc,start    ] GC(18) Pause Young (Normal) (G1 Evacuation Pause)
[2025-12-01T05:48:56.468+0000][6.210s][info ][gc,task     ] GC(18) Using 4 workers of 13 for evacuation
[2025-12-01T05:48:56.473+0000][6.215s][info ][gc,phases   ] GC(18)   Pre Evacuate Collection Set: 0.2ms
[2025-12-01T05:48:56.473+0000][6.215s][info ][gc,phases   ] GC(18)   Merge Heap Roots: 0.2ms
[2025-12-01T05:48:56.473+0000][6.215s][info ][gc,phases   ] GC(18)   Evacuate Collection Set: 3.3ms
[2025-12-01T05:48:56.473+0000][6.215s][info ][gc,phases   ] GC(18)   Post Evacuate Collection Set: 0.9ms
[2025-12-01T05:48:56.473+0000][6.215s][info ][gc,phases   ] GC(18)   Other: 0.1ms
[2025-12-01T05:48:56.473+0000][6.215s][info ][gc,heap     ] GC(18) Eden regions: 93->0(96)
[2025-12-01T05:48:56.473+0000][6.215s][info ][gc,heap     ] GC(18) Survivor regions: 7->7(13)
[2025-12-01T05:48:56.473+0000][6.215s][info ][gc,heap     ] GC(18) Old regions: 55->55
[2025-12-01T05:48:56.473+0000][6.215s][info ][gc,heap     ] GC(18) Archive regions: 2->2
[2025-12-01T05:48:56.473+0000][6.215s][info ][gc,heap     ] GC(18) Humongous regions: 0->0
[2025-12-01T05:48:56.473+0000][6.215s][info ][gc,metaspace] GC(18) Metaspace: 27818K(28160K)->27818K(28160K) NonClass: 24303K(24512K)->24303K(24512K) Class: 3514K(3648K)->3514K(3648K)
[2025-12-01T05:48:56.473+0000][6.215s][info ][gc          ] GC(18) Pause Young (Normal) (G1 Evacuation Pause) 154M->61M(194M) 4.740ms
[2025-12-01T05:48:56.473+0000][6.215s][info ][gc,cpu      ] GC(18) User=0.02s Sys=0.00s Real=0.00s
[2025-12-01T05:48:56.473+0000][6.215s][info ][safepoint   ] Safepoint "G1CollectForAllocation", Time since last: 142969722 ns, Reaching safepoint: 135484 ns, Cleanup: 69184 ns, At safepoint: 4831909 ns, Total: 5036577 ns
[2025-12-01T05:48:56.934+0000][6.676s][debug][safepoint   ] Safepoint synchronization initiated using futex wait barrier. (19 threads)
[2025-12-01T05:48:56.934+0000][6.676s][info ][gc,start    ] GC(19) Pause Young (Normal) (G1 Evacuation Pause)
[2025-12-01T05:48:56.934+0000][6.676s][info ][gc,task     ] GC(19) Using 4 workers of 13 for evacuation
[2025-12-01T05:48:56.941+0000][6.683s][info ][gc,phases   ] GC(19)   Pre Evacuate Collection Set: 0.2ms
[2025-12-01T05:48:56.941+0000][6.683s][info ][gc,phases   ] GC(19)   Merge Heap Roots: 0.2ms
[2025-12-01T05:48:56.941+0000][6.683s][info ][gc,phases   ] GC(19)   Evacuate Collection Set: 4.5ms
[2025-12-01T05:48:56.941+0000][6.683s][info ][gc,phases   ] GC(19)   Post Evacuate Collection Set: 2.0ms
[2025-12-01T05:48:56.941+0000][6.683s][info ][gc,phases   ] GC(19)   Other: 0.2ms
[2025-12-01T05:48:56.941+0000][6.683s][info ][gc,heap     ] GC(19) Eden regions: 96->0(138)
[2025-12-01T05:48:56.941+0000][6.683s][info ][gc,heap     ] GC(19) Survivor regions: 7->7(13)
[2025-12-01T05:48:56.941+0000][6.683s][info ][gc,heap     ] GC(19) Old regions: 55->55
[2025-12-01T05:48:56.941+0000][6.683s][info ][gc,heap     ] GC(19) Archive regions: 2->2
[2025-12-01T05:48:56.941+0000][6.683s][info ][gc,heap     ] GC(19) Humongous regions: 0->0
[2025-12-01T05:48:56.941+0000][6.683s][info ][gc,metaspace] GC(19) Metaspace: 32874K(33152K)->32874K(33152K) NonClass: 28835K(28992K)->28835K(28992K) Class: 4038K(4160K)->4038K(4160K)
[2025-12-01T05:48:56.941+0000][6.683s][info ][gc          ] GC(19) Pause Young (Normal) (G1 Evacuation Pause) 157M->61M(245M) 7.127ms
[2025-12-01T05:48:56.941+0000][6.683s][info ][gc,cpu      ] GC(19) User=0.04s Sys=0.00s Real=0.01s
[2025-12-01T05:48:56.941+0000][6.684s][info ][safepoint   ] Safepoint "G1CollectForAllocation", Time since last: 460830635 ns, Reaching safepoint: 66930 ns, Cleanup: 142968 ns, At safepoint: 7298721 ns, Total: 7508619 ns
[2025-12-01T05:48:57.708+0000][7.450s][debug][safepoint   ] Safepoint synchronization initiated using futex wait barrier. (18 threads)
[2025-12-01T05:48:57.708+0000][7.450s][info ][gc,start    ] GC(20) Pause Young (Concurrent Start) (Metadata GC Threshold)
[2025-12-01T05:48:57.708+0000][7.450s][info ][gc,task     ] GC(20) Using 5 workers of 13 for evacuation
[2025-12-01T05:48:57.713+0000][7.456s][info ][gc,phases   ] GC(20)   Pre Evacuate Collection Set: 0.2ms
[2025-12-01T05:48:57.713+0000][7.456s][info ][gc,phases   ] GC(20)   Merge Heap Roots: 0.2ms
[2025-12-01T05:48:57.713+0000][7.456s][info ][gc,phases   ] GC(20)   Evacuate Collection Set: 3.6ms
[2025-12-01T05:48:57.713+0000][7.456s][info ][gc,phases   ] GC(20)   Post Evacuate Collection Set: 1.1ms
[2025-12-01T05:48:57.713+0000][7.456s][info ][gc,phases   ] GC(20)   Other: 0.2ms
[2025-12-01T05:48:57.713+0000][7.456s][info ][gc,heap     ] GC(20) Eden regions: 134->0(139)
[2025-12-01T05:48:57.713+0000][7.456s][info ][gc,heap     ] GC(20) Survivor regions: 7->8(19)
[2025-12-01T05:48:57.713+0000][7.456s][info ][gc,heap     ] GC(20) Old regions: 55->55
[2025-12-01T05:48:57.713+0000][7.456s][info ][gc,heap     ] GC(20) Archive regions: 2->2
[2025-12-01T05:48:57.713+0000][7.456s][info ][gc,heap     ] GC(20) Humongous regions: 0->0
[2025-12-01T05:48:57.713+0000][7.456s][info ][gc,metaspace] GC(20) Metaspace: 35893K(36288K)->35893K(36288K) NonClass: 31473K(31680K)->31473K(31680K) Class: 4420K(4608K)->4420K(4608K)
[2025-12-01T05:48:57.713+0000][7.456s][info ][gc          ] GC(20) Pause Young (Concurrent Start) (Metadata GC Threshold) 195M->62M(245M) 5.314ms
[2025-12-01T05:48:57.713+0000][7.456s][info ][gc,cpu      ] GC(20) User=0.02s Sys=0.00s Real=0.00s
[2025-12-01T05:48:57.713+0000][7.456s][info ][gc          ] GC(21) Concurrent Mark Cycle
[2025-12-01T05:48:57.713+0000][7.456s][info ][safepoint   ] Safepoint "CollectForMetadataAllocation", Time since last: 766535397 ns, Reaching safepoint: 166072 ns, Cleanup: 135694 ns, At safepoint: 5512973 ns, Total: 5814739 ns
[2025-12-01T05:48:57.713+0000][7.456s][info ][gc,marking  ] GC(21) Concurrent Clear Claimed Marks
[2025-12-01T05:48:57.714+0000][7.456s][info ][gc,marking  ] GC(21) Concurrent Clear Claimed Marks 0.053ms
[2025-12-01T05:48:57.714+0000][7.456s][info ][gc,marking  ] GC(21) Concurrent Scan Root Regions
[2025-12-01T05:48:57.716+0000][7.459s][info ][gc,marking  ] GC(21) Concurrent Scan Root Regions 2.553ms
[2025-12-01T05:48:57.716+0000][7.459s][info ][gc,marking  ] GC(21) Concurrent Mark
[2025-12-01T05:48:57.716+0000][7.459s][info ][gc,marking  ] GC(21) Concurrent Mark From Roots
[2025-12-01T05:48:57.716+0000][7.459s][info ][gc,task     ] GC(21) Using 3 workers of 3 for marking
[2025-12-01T05:48:57.740+0000][7.483s][info ][gc,marking  ] GC(21) Concurrent Mark From Roots 24.181ms
[2025-12-01T05:48:57.740+0000][7.483s][info ][gc,marking  ] GC(21) Concurrent Preclean
[2025-12-01T05:48:57.741+0000][7.483s][info ][gc,marking  ] GC(21) Concurrent Preclean 0.287ms
[2025-12-01T05:48:57.741+0000][7.483s][debug][safepoint   ] Safepoint synchronization initiated using futex wait barrier. (18 threads)
[2025-12-01T05:48:57.741+0000][7.483s][info ][gc,start    ] GC(21) Pause Remark
[2025-12-01T05:48:57.744+0000][7.487s][info ][gc          ] GC(21) Pause Remark 67M->67M(234M) 3.289ms
[2025-12-01T05:48:57.744+0000][7.487s][info ][gc,cpu      ] GC(21) User=0.01s Sys=0.00s Real=0.01s
[2025-12-01T05:48:57.744+0000][7.487s][info ][safepoint   ] Safepoint "G1PauseRemark", Time since last: 27298583 ns, Reaching safepoint: 212122 ns, Cleanup: 11242 ns, At safepoint: 3415215 ns, Total: 3638579 ns
[2025-12-01T05:48:57.744+0000][7.487s][info ][gc,marking  ] GC(21) Concurrent Mark 28.330ms
[2025-12-01T05:48:57.745+0000][7.487s][info ][gc,marking  ] GC(21) Concurrent Rebuild Remembered Sets
[2025-12-01T05:48:57.756+0000][7.499s][info ][gc,marking  ] GC(21) Concurrent Rebuild Remembered Sets 11.647ms
[2025-12-01T05:48:57.756+0000][7.499s][debug][safepoint   ] Safepoint synchronization initiated using futex wait barrier. (18 threads)
[2025-12-01T05:48:57.756+0000][7.499s][info ][gc,start    ] GC(21) Pause Cleanup
[2025-12-01T05:48:57.757+0000][7.499s][info ][gc          ] GC(21) Pause Cleanup 70M->70M(234M) 0.268ms
[2025-12-01T05:48:57.757+0000][7.499s][info ][gc,cpu      ] GC(21) User=0.00s Sys=0.00s Real=0.00s
[2025-12-01T05:48:57.757+0000][7.499s][info ][safepoint   ] Safepoint "G1PauseCleanup", Time since last: 11885717 ns, Reaching safepoint: 124862 ns, Cleanup: 4088 ns, At safepoint: 371622 ns, Total: 500572 ns
[2025-12-01T05:48:57.757+0000][7.499s][info ][gc,marking  ] GC(21) Concurrent Cleanup for Next Mark
[2025-12-01T05:48:57.759+0000][7.502s][info ][gc,marking  ] GC(21) Concurrent Cleanup for Next Mark 2.418ms
[2025-12-01T05:48:57.759+0000][7.502s][info ][gc          ] GC(21) Concurrent Mark Cycle 45.925ms
[2025-12-01T05:48:58.440+0000][8.183s][debug][safepoint   ] Safepoint synchronization initiated using futex wait barrier. (17 threads)
[2025-12-01T05:48:58.440+0000][8.183s][info ][gc,start    ] GC(22) Pause Young (Prepare Mixed) (G1 Evacuation Pause)
[2025-12-01T05:48:58.440+0000][8.183s][info ][gc,task     ] GC(22) Using 5 workers of 13 for evacuation
[2025-12-01T05:48:58.446+0000][8.189s][info ][gc,phases   ] GC(22)   Pre Evacuate Collection Set: 0.2ms
[2025-12-01T05:48:58.446+0000][8.189s][info ][gc,phases   ] GC(22)   Merge Heap Roots: 0.2ms
[2025-12-01T05:48:58.446+0000][8.189s][info ][gc,phases   ] GC(22)   Evacuate Collection Set: 4.2ms
[2025-12-01T05:48:58.446+0000][8.189s][info ][gc,phases   ] GC(22)   Post Evacuate Collection Set: 1.2ms
[2025-12-01T05:48:58.446+0000][8.189s][info ][gc,phases   ] GC(22)   Other: 0.2ms
[2025-12-01T05:48:58.446+0000][8.189s][info ][gc,heap     ] GC(22) Eden regions: 132->0(2)
[2025-12-01T05:48:58.446+0000][8.189s][info ][gc,heap     ] GC(22) Survivor regions: 8->9(18)
[2025-12-01T05:48:58.446+0000][8.189s][info ][gc,heap     ] GC(22) Old regions: 55->55
[2025-12-01T05:48:58.446+0000][8.189s][info ][gc,heap     ] GC(22) Archive regions: 2->2
[2025-12-01T05:48:58.446+0000][8.189s][info ][gc,heap     ] GC(22) Humongous regions: 0->0
[2025-12-01T05:48:58.446+0000][8.189s][info ][gc,metaspace] GC(22) Metaspace: 38160K(38592K)->38160K(38592K) NonClass: 33382K(33600K)->33382K(33600K) Class: 4778K(4992K)->4778K(4992K)
[2025-12-01T05:48:58.446+0000][8.189s][info ][gc          ] GC(22) Pause Young (Prepare Mixed) (G1 Evacuation Pause) 194M->63M(234M) 6.006ms
[2025-12-01T05:48:58.447+0000][8.189s][info ][gc,cpu      ] GC(22) User=0.02s Sys=0.00s Real=0.01s
[2025-12-01T05:48:58.447+0000][8.189s][info ][safepoint   ] Safepoint "G1CollectForAllocation", Time since last: 683495089 ns, Reaching safepoint: 41190 ns, Cleanup: 135744 ns, At safepoint: 6082125 ns, Total: 6259059 ns
[2025-12-01T05:48:58.460+0000][8.202s][debug][safepoint   ] Safepoint synchronization initiated using futex wait barrier. (17 threads)
[2025-12-01T05:48:58.460+0000][8.202s][info ][gc,start    ] GC(23) Pause Young (Mixed) (G1 Evacuation Pause)
[2025-12-01T05:48:58.460+0000][8.202s][info ][gc,task     ] GC(23) Using 5 workers of 13 for evacuation
[2025-12-01T05:48:58.467+0000][8.209s][info ][gc,phases   ] GC(23)   Pre Evacuate Collection Set: 0.2ms
[2025-12-01T05:48:58.467+0000][8.209s][info ][gc,phases   ] GC(23)   Merge Heap Roots: 0.1ms
[2025-12-01T05:48:58.467+0000][8.209s][info ][gc,phases   ] GC(23)   Evacuate Collection Set: 5.4ms
[2025-12-01T05:48:58.467+0000][8.209s][info ][gc,phases   ] GC(23)   Post Evacuate Collection Set: 1.3ms
[2025-12-01T05:48:58.467+0000][8.209s][info ][gc,phases   ] GC(23)   Other: 0.1ms
[2025-12-01T05:48:58.467+0000][8.209s][info ][gc,heap     ] GC(23) Eden regions: 2->0(135)
[2025-12-01T05:48:58.467+0000][8.209s][info ][gc,heap     ] GC(23) Survivor regions: 9->2(2)
[2025-12-01T05:48:58.467+0000][8.209s][info ][gc,heap     ] GC(23) Old regions: 55->61
[2025-12-01T05:48:58.467+0000][8.209s][info ][gc,heap     ] GC(23) Archive regions: 2->2
[2025-12-01T05:48:58.467+0000][8.209s][info ][gc,heap     ] GC(23) Humongous regions: 0->0
[2025-12-01T05:48:58.467+0000][8.209s][info ][gc,metaspace] GC(23) Metaspace: 38263K(38720K)->38263K(38720K) NonClass: 33463K(33664K)->33463K(33664K) Class: 4799K(5056K)->4799K(5056K)
[2025-12-01T05:48:58.467+0000][8.209s][info ][gc          ] GC(23) Pause Young (Mixed) (G1 Evacuation Pause) 65M->62M(234M) 7.267ms
[2025-12-01T05:48:58.467+0000][8.209s][info ][gc,cpu      ] GC(23) User=0.03s Sys=0.00s Real=0.01s
[2025-12-01T05:48:58.467+0000][8.209s][info ][safepoint   ] Safepoint "G1CollectForAllocation", Time since last: 13105575 ns, Reaching safepoint: 41551 ns, Cleanup: 3557 ns, At safepoint: 7356315 ns, Total: 7401423 ns
[2025-12-01T05:48:58.976+0000][8.719s][debug][safepoint   ] Safepoint synchronization initiated using futex wait barrier. (17 threads)
[2025-12-01T05:48:58.977+0000][8.719s][info ][safepoint   ] Safepoint "ICBufferFull", Time since last: 509232702 ns, Reaching safepoint: 63854 ns, Cleanup: 234747 ns, At safepoint: 42092 ns, Total: 340693 ns
[2025-12-01T05:48:59.048+0000][8.791s][debug][safepoint   ] Safepoint synchronization initiated using futex wait barrier. (17 threads)
[2025-12-01T05:48:59.048+0000][8.791s][info ][gc,start    ] GC(24) Pause Young (Normal) (G1 Evacuation Pause)
[2025-12-01T05:48:59.048+0000][8.791s][info ][gc,task     ] GC(24) Using 5 workers of 13 for evacuation
[2025-12-01T05:48:59.052+0000][8.795s][info ][gc,phases   ] GC(24)   Pre Evacuate Collection Set: 0.2ms
[2025-12-01T05:48:59.052+0000][8.795s][info ][gc,phases   ] GC(24)   Merge Heap Roots: 0.1ms
[2025-12-01T05:48:59.052+0000][8.795s][info ][gc,phases   ] GC(24)   Evacuate Collection Set: 2.6ms
[2025-12-01T05:48:59.052+0000][8.795s][info ][gc,phases   ] GC(24)   Post Evacuate Collection Set: 0.9ms
[2025-12-01T05:48:59.052+0000][8.795s][info ][gc,phases   ] GC(24)   Other: 0.1ms
[2025-12-01T05:48:59.052+0000][8.795s][info ][gc,heap     ] GC(24) Eden regions: 135->0(133)
[2025-12-01T05:48:59.052+0000][8.795s][info ][gc,heap     ] GC(24) Survivor regions: 2->4(18)
[2025-12-01T05:48:59.052+0000][8.795s][info ][gc,heap     ] GC(24) Old regions: 61->61
[2025-12-01T05:48:59.052+0000][8.795s][info ][gc,heap     ] GC(24) Archive regions: 2->2
[2025-12-01T05:48:59.052+0000][8.795s][info ][gc,heap     ] GC(24) Humongous regions: 0->0
[2025-12-01T05:48:59.052+0000][8.795s][info ][gc,metaspace] GC(24) Metaspace: 41133K(41536K)->41133K(41536K) NonClass: 35976K(36160K)->35976K(36160K) Class: 5157K(5376K)->5157K(5376K)
[2025-12-01T05:48:59.052+0000][8.795s][info ][gc          ] GC(24) Pause Young (Normal) (G1 Evacuation Pause) 197M->64M(234M) 4.043ms
[2025-12-01T05:48:59.053+0000][8.795s][info ][gc,cpu      ] GC(24) User=0.03s Sys=0.00s Real=0.00s
[2025-12-01T05:48:59.053+0000][8.795s][info ][safepoint   ] Safepoint "G1CollectForAllocation", Time since last: 71594487 ns, Reaching safepoint: 163538 ns, Cleanup: 46791 ns, At safepoint: 4170766 ns, Total: 4381095 ns
[2025-12-01T05:48:59.869+0000][9.611s][debug][safepoint   ] Safepoint synchronization initiated using futex wait barrier. (16 threads)
[2025-12-01T05:48:59.869+0000][9.611s][info ][gc,start    ] GC(25) Pause Young (Normal) (G1 Evacuation Pause)
[2025-12-01T05:48:59.869+0000][9.611s][info ][gc,task     ] GC(25) Using 5 workers of 13 for evacuation
[2025-12-01T05:48:59.874+0000][9.617s][info ][gc,phases   ] GC(25)   Pre Evacuate Collection Set: 0.2ms
[2025-12-01T05:48:59.874+0000][9.617s][info ][gc,phases   ] GC(25)   Merge Heap Roots: 0.2ms
[2025-12-01T05:48:59.874+0000][9.617s][info ][gc,phases   ] GC(25)   Evacuate Collection Set: 3.6ms
[2025-12-01T05:48:59.874+0000][9.617s][info ][gc,phases   ] GC(25)   Post Evacuate Collection Set: 1.4ms
[2025-12-01T05:48:59.874+0000][9.617s][info ][gc,phases   ] GC(25)   Other: 0.1ms
[2025-12-01T05:48:59.874+0000][9.617s][info ][gc,heap     ] GC(25) Eden regions: 133->0(133)
[2025-12-01T05:48:59.874+0000][9.617s][info ][gc,heap     ] GC(25) Survivor regions: 4->5(18)
[2025-12-01T05:48:59.874+0000][9.617s][info ][gc,heap     ] GC(25) Old regions: 61->61
[2025-12-01T05:48:59.874+0000][9.617s][info ][gc,heap     ] GC(25) Archive regions: 2->2
[2025-12-01T05:48:59.874+0000][9.617s][info ][gc,heap     ] GC(25) Humongous regions: 0->0
[2025-12-01T05:48:59.874+0000][9.617s][info ][gc,metaspace] GC(25) Metaspace: 43452K(43904K)->43452K(43904K) NonClass: 37975K(38208K)->37975K(38208K) Class: 5476K(5696K)->5476K(5696K)
[2025-12-01T05:48:59.874+0000][9.617s][info ][gc          ] GC(25) Pause Young (Normal) (G1 Evacuation Pause) 197M->65M(234M) 5.619ms
[2025-12-01T05:48:59.874+0000][9.617s][info ][gc,cpu      ] GC(25) User=0.03s Sys=0.00s Real=0.01s
[2025-12-01T05:48:59.874+0000][9.617s][info ][safepoint   ] Safepoint "G1CollectForAllocation", Time since last: 816020316 ns, Reaching safepoint: 45058 ns, Cleanup: 77751 ns, At safepoint: 5730682 ns, Total: 5853491 ns
[2025-12-01T05:49:00.595+0000][10.338s][debug][safepoint   ] Safepoint synchronization initiated using futex wait barrier. (16 threads)
[2025-12-01T05:49:00.596+0000][10.338s][info ][safepoint   ] Safepoint "ICBufferFull", Time since last: 720889706 ns, Reaching safepoint: 188146 ns, Cleanup: 354440 ns, At safepoint: 42342 ns, Total: 584928 ns
[2025-12-01T05:49:01.090+0000][10.832s][debug][safepoint   ] Safepoint synchronization initiated using futex wait barrier. (19 threads)
[2025-12-01T05:49:01.090+0000][10.832s][info ][gc,start    ] GC(26) Pause Young (Normal) (G1 Evacuation Pause)
[2025-12-01T05:49:01.090+0000][10.832s][info ][gc,task     ] GC(26) Using 5 workers of 13 for evacuation
[2025-12-01T05:49:01.098+0000][10.840s][info ][gc,phases   ] GC(26)   Pre Evacuate Collection Set: 0.2ms
[2025-12-01T05:49:01.098+0000][10.840s][info ][gc,phases   ] GC(26)   Merge Heap Roots: 0.1ms
[2025-12-01T05:49:01.098+0000][10.840s][info ][gc,phases   ] GC(26)   Evacuate Collection Set: 5.3ms
[2025-12-01T05:49:01.098+0000][10.840s][info ][gc,phases   ] GC(26)   Post Evacuate Collection Set: 2.0ms
[2025-12-01T05:49:01.098+0000][10.840s][info ][gc,phases   ] GC(26)   Other: 0.1ms
[2025-12-01T05:49:01.098+0000][10.840s][info ][gc,heap     ] GC(26) Eden regions: 133->0(129)
[2025-12-01T05:49:01.098+0000][10.840s][info ][gc,heap     ] GC(26) Survivor regions: 5->8(18)
[2025-12-01T05:49:01.098+0000][10.840s][info ][gc,heap     ] GC(26) Old regions: 61->61
[2025-12-01T05:49:01.098+0000][10.840s][info ][gc,heap     ] GC(26) Archive regions: 2->2
[2025-12-01T05:49:01.098+0000][10.840s][info ][gc,heap     ] GC(26) Humongous regions: 0->0
[2025-12-01T05:49:01.098+0000][10.840s][info ][gc,metaspace] GC(26) Metaspace: 47744K(48256K)->47744K(48256K) NonClass: 41675K(41920K)->41675K(41920K) Class: 6068K(6336K)->6068K(6336K)
[2025-12-01T05:49:01.098+0000][10.840s][info ][gc          ] GC(26) Pause Young (Normal) (G1 Evacuation Pause) 198M->69M(234M) 7.938ms
[2025-12-01T05:49:01.098+0000][10.840s][info ][gc,cpu      ] GC(26) User=0.06s Sys=0.01s Real=0.01s
[2025-12-01T05:49:01.098+0000][10.840s][info ][safepoint   ] Safepoint "G1CollectForAllocation", Time since last: 493611412 ns, Reaching safepoint: 63674 ns, Cleanup: 124563 ns, At safepoint: 8095995 ns, Total: 8284232 ns
[2025-12-01T05:49:02.361+0000][12.104s][debug][safepoint   ] Safepoint synchronization initiated using futex wait barrier. (22 threads)
[2025-12-01T05:49:02.362+0000][12.104s][info ][safepoint   ] Safepoint "ICBufferFull", Time since last: 1263567715 ns, Reaching safepoint: 39517 ns, Cleanup: 220970 ns, At safepoint: 71900 ns, Total: 332387 ns
[2025-12-01T05:49:02.424+0000][12.167s][debug][safepoint   ] Safepoint synchronization initiated using futex wait barrier. (22 threads)
[2025-12-01T05:49:02.424+0000][12.167s][info ][gc,start    ] GC(27) Pause Young (Normal) (G1 Evacuation Pause)
[2025-12-01T05:49:02.424+0000][12.167s][info ][gc,task     ] GC(27) Using 5 workers of 13 for evacuation
[2025-12-01T05:49:02.436+0000][12.179s][info ][gc,phases   ] GC(27)   Pre Evacuate Collection Set: 0.2ms
[2025-12-01T05:49:02.436+0000][12.179s][info ][gc,phases   ] GC(27)   Merge Heap Roots: 0.1ms
[2025-12-01T05:49:02.436+0000][12.179s][info ][gc,phases   ] GC(27)   Evacuate Collection Set: 9.4ms
[2025-12-01T05:49:02.436+0000][12.179s][info ][gc,phases   ] GC(27)   Post Evacuate Collection Set: 2.0ms
[2025-12-01T05:49:02.436+0000][12.179s][info ][gc,phases   ] GC(27)   Other: 0.2ms
[2025-12-01T05:49:02.436+0000][12.179s][info ][gc,heap     ] GC(27) Eden regions: 129->0(127)
[2025-12-01T05:49:02.436+0000][12.179s][info ][gc,heap     ] GC(27) Survivor regions: 8->10(18)
[2025-12-01T05:49:02.436+0000][12.179s][info ][gc,heap     ] GC(27) Old regions: 61->61
[2025-12-01T05:49:02.436+0000][12.179s][info ][gc,heap     ] GC(27) Archive regions: 2->2
[2025-12-01T05:49:02.436+0000][12.179s][info ][gc,heap     ] GC(27) Humongous regions: 0->0
[2025-12-01T05:49:02.436+0000][12.179s][info ][gc,metaspace] GC(27) Metaspace: 53399K(53888K)->53399K(53888K) NonClass: 46634K(46912K)->46634K(46912K) Class: 6765K(6976K)->6765K(6976K)
[2025-12-01T05:49:02.436+0000][12.179s][info ][gc          ] GC(27) Pause Young (Normal) (G1 Evacuation Pause) 198M->70M(234M) 12.075ms
[2025-12-01T05:49:02.436+0000][12.179s][info ][gc,cpu      ] GC(27) User=0.12s Sys=0.00s Real=0.01s
[2025-12-01T05:49:02.436+0000][12.179s][info ][safepoint   ] Safepoint "G1CollectForAllocation", Time since last: 62362761 ns, Reaching safepoint: 61319 ns, Cleanup: 11312 ns, At safepoint: 12206625 ns, Total: 12279256 ns
[2025-12-01T05:49:03.815+0000][13.557s][debug][safepoint   ] Safepoint synchronization initiated using futex wait barrier. (25 threads)
[2025-12-01T05:49:03.815+0000][13.557s][info ][safepoint   ] Safepoint "Cleanup", Time since last: 1378352113 ns, Reaching safepoint: 57261 ns, Cleanup: 52332 ns, At safepoint: 2926 ns, Total: 112519 ns
[2025-12-01T05:49:03.980+0000][13.722s][debug][safepoint   ] Safepoint synchronization initiated using futex wait barrier. (19 threads)
[2025-12-01T05:49:03.980+0000][13.723s][info ][safepoint   ] Safepoint "ICBufferFull", Time since last: 165055986 ns, Reaching safepoint: 159260 ns, Cleanup: 124072 ns, At safepoint: 81579 ns, Total: 364911 ns
[2025-12-01T05:49:04.666+0000][14.408s][debug][safepoint   ] Safepoint synchronization initiated using futex wait barrier. (22 threads)
[2025-12-01T05:49:04.666+0000][14.409s][info ][gc,start    ] GC(28) Pause Young (Normal) (G1 Evacuation Pause)
[2025-12-01T05:49:04.666+0000][14.409s][info ][gc,task     ] GC(28) Using 5 workers of 13 for evacuation
[2025-12-01T05:49:04.675+0000][14.417s][info ][gc,phases   ] GC(28)   Pre Evacuate Collection Set: 0.2ms
[2025-12-01T05:49:04.675+0000][14.417s][info ][gc,phases   ] GC(28)   Merge Heap Roots: 0.1ms
[2025-12-01T05:49:04.675+0000][14.417s][info ][gc,phases   ] GC(28)   Evacuate Collection Set: 6.2ms
[2025-12-01T05:49:04.675+0000][14.417s][info ][gc,phases   ] GC(28)   Post Evacuate Collection Set: 2.0ms
[2025-12-01T05:49:04.675+0000][14.417s][info ][gc,phases   ] GC(28)   Other: 0.1ms
[2025-12-01T05:49:04.675+0000][14.417s][info ][gc,heap     ] GC(28) Eden regions: 127->0(123)
[2025-12-01T05:49:04.675+0000][14.417s][info ][gc,heap     ] GC(28) Survivor regions: 10->12(18)
[2025-12-01T05:49:04.675+0000][14.417s][info ][gc,heap     ] GC(28) Old regions: 61->61
[2025-12-01T05:49:04.675+0000][14.417s][info ][gc,heap     ] GC(28) Archive regions: 2->2
[2025-12-01T05:49:04.675+0000][14.417s][info ][gc,heap     ] GC(28) Humongous regions: 0->0
[2025-12-01T05:49:04.675+0000][14.417s][info ][gc,metaspace] GC(28) Metaspace: 58081K(58560K)->58081K(58560K) NonClass: 50757K(51008K)->50757K(51008K) Class: 7324K(7552K)->7324K(7552K)
[2025-12-01T05:49:04.675+0000][14.417s][info ][gc          ] GC(28) Pause Young (Normal) (G1 Evacuation Pause) 197M->72M(234M) 8.772ms
[2025-12-01T05:49:04.675+0000][14.417s][info ][gc,cpu      ] GC(28) User=0.04s Sys=0.00s Real=0.01s
[2025-12-01T05:49:04.675+0000][14.417s][info ][safepoint   ] Safepoint "G1CollectForAllocation", Time since last: 685663554 ns, Reaching safepoint: 60718 ns, Cleanup: 188086 ns, At safepoint: 8883086 ns, Total: 9131890 ns
[2025-12-01T05:49:05.045+0000][14.788s][debug][safepoint   ] Safepoint synchronization initiated using futex wait barrier. (18 threads)
[2025-12-01T05:49:05.045+0000][14.788s][info ][gc,start    ] GC(29) Pause Young (Concurrent Start) (Metadata GC Threshold)
[2025-12-01T05:49:05.045+0000][14.788s][info ][gc,task     ] GC(29) Using 5 workers of 13 for evacuation
[2025-12-01T05:49:05.054+0000][14.797s][info ][gc,phases   ] GC(29)   Pre Evacuate Collection Set: 0.3ms
[2025-12-01T05:49:05.054+0000][14.797s][info ][gc,phases   ] GC(29)   Merge Heap Roots: 0.2ms
[2025-12-01T05:49:05.054+0000][14.797s][info ][gc,phases   ] GC(29)   Evacuate Collection Set: 6.9ms
[2025-12-01T05:49:05.054+0000][14.797s][info ][gc,phases   ] GC(29)   Post Evacuate Collection Set: 1.4ms
[2025-12-01T05:49:05.054+0000][14.797s][info ][gc,phases   ] GC(29)   Other: 0.3ms
[2025-12-01T05:49:05.054+0000][14.797s][info ][gc,heap     ] GC(29) Eden regions: 75->0(126)
[2025-12-01T05:49:05.054+0000][14.797s][info ][gc,heap     ] GC(29) Survivor regions: 12->9(17)
[2025-12-01T05:49:05.054+0000][14.797s][info ][gc,heap     ] GC(29) Old regions: 61->64
[2025-12-01T05:49:05.054+0000][14.797s][info ][gc,heap     ] GC(29) Archive regions: 2->2
[2025-12-01T05:49:05.054+0000][14.797s][info ][gc,heap     ] GC(29) Humongous regions: 0->0
[2025-12-01T05:49:05.055+0000][14.797s][info ][gc,metaspace] GC(29) Metaspace: 60251K(60608K)->60251K(60608K) NonClass: 52567K(52736K)->52567K(52736K) Class: 7683K(7872K)->7683K(7872K)
[2025-12-01T05:49:05.055+0000][14.797s][info ][gc          ] GC(29) Pause Young (Concurrent Start) (Metadata GC Threshold) 147M->73M(234M) 9.197ms
[2025-12-01T05:49:05.055+0000][14.797s][info ][gc,cpu      ] GC(29) User=0.03s Sys=0.01s Real=0.01s
[2025-12-01T05:49:05.055+0000][14.797s][info ][gc          ] GC(30) Concurrent Mark Cycle
[2025-12-01T05:49:05.055+0000][14.797s][info ][gc,marking  ] GC(30) Concurrent Clear Claimed Marks
[2025-12-01T05:49:05.055+0000][14.797s][info ][safepoint   ] Safepoint "CollectForMetadataAllocation", Time since last: 370115110 ns, Reaching safepoint: 70187 ns, Cleanup: 40849 ns, At safepoint: 9382420 ns, Total: 9493456 ns
[2025-12-01T05:49:05.055+0000][14.797s][info ][gc,marking  ] GC(30) Concurrent Clear Claimed Marks 0.070ms
[2025-12-01T05:49:05.055+0000][14.797s][info ][gc,marking  ] GC(30) Concurrent Scan Root Regions
[2025-12-01T05:49:05.059+0000][14.802s][info ][gc,marking  ] GC(30) Concurrent Scan Root Regions 4.363ms
[2025-12-01T05:49:05.059+0000][14.802s][info ][gc,marking  ] GC(30) Concurrent Mark
[2025-12-01T05:49:05.059+0000][14.802s][info ][gc,marking  ] GC(30) Concurrent Mark From Roots
[2025-12-01T05:49:05.059+0000][14.802s][info ][gc,task     ] GC(30) Using 3 workers of 3 for marking
[2025-12-01T05:49:05.066+0000][14.809s][debug][safepoint   ] Safepoint synchronization initiated using futex wait barrier. (18 threads)
[2025-12-01T05:49:05.066+0000][14.809s][info ][safepoint   ] Safepoint "CollectForMetadataAllocation", Time since last: 11433249 ns, Reaching safepoint: 189469 ns, Cleanup: 3286 ns, At safepoint: 111036 ns, Total: 303791 ns
[2025-12-01T05:49:05.087+0000][14.830s][info ][gc,marking  ] GC(30) Concurrent Mark From Roots 28.344ms
[2025-12-01T05:49:05.088+0000][14.830s][info ][gc,marking  ] GC(30) Concurrent Preclean
[2025-12-01T05:49:05.088+0000][14.830s][info ][gc,marking  ] GC(30) Concurrent Preclean 0.323ms
[2025-12-01T05:49:05.088+0000][14.830s][debug][safepoint   ] Safepoint synchronization initiated using futex wait barrier. (18 threads)
[2025-12-01T05:49:05.088+0000][14.830s][debug][safepoint   ] ... found polling page loop exception at pc = 0x00007d8e351f638a, stub =0x00007d8e34a04400
[2025-12-01T05:49:05.088+0000][14.831s][info ][gc,start    ] GC(30) Pause Remark
[2025-12-01T05:49:05.093+0000][14.835s][info ][gc          ] GC(30) Pause Remark 77M->77M(234M) 4.784ms
[2025-12-01T05:49:05.093+0000][14.835s][info ][gc,cpu      ] GC(30) User=0.01s Sys=0.00s Real=0.00s
[2025-12-01T05:49:05.093+0000][14.835s][info ][safepoint   ] Safepoint "G1PauseRemark", Time since last: 21507516 ns, Reaching safepoint: 134942 ns, Cleanup: 14739 ns, At safepoint: 4942899 ns, Total: 5092580 ns
[2025-12-01T05:49:05.093+0000][14.836s][info ][gc,marking  ] GC(30) Concurrent Mark 33.968ms
[2025-12-01T05:49:05.093+0000][14.836s][info ][gc,marking  ] GC(30) Concurrent Rebuild Remembered Sets
[2025-12-01T05:49:05.110+0000][14.853s][info ][gc,marking  ] GC(30) Concurrent Rebuild Remembered Sets 17.194ms
[2025-12-01T05:49:05.110+0000][14.853s][debug][safepoint   ] Safepoint synchronization initiated using futex wait barrier. (18 threads)
[2025-12-01T05:49:05.111+0000][14.853s][info ][gc,start    ] GC(30) Pause Cleanup
[2025-12-01T05:49:05.111+0000][14.854s][info ][gc          ] GC(30) Pause Cleanup 78M->78M(234M) 0.217ms
[2025-12-01T05:49:05.111+0000][14.854s][info ][gc,cpu      ] GC(30) User=0.00s Sys=0.00s Real=0.00s
[2025-12-01T05:49:05.111+0000][14.854s][info ][safepoint   ] Safepoint "G1PauseCleanup", Time since last: 17442254 ns, Reaching safepoint: 464363 ns, Cleanup: 5761 ns, At safepoint: 298591 ns, Total: 768715 ns
[2025-12-01T05:49:05.111+0000][14.854s][info ][gc,marking  ] GC(30) Concurrent Cleanup for Next Mark
[2025-12-01T05:49:05.113+0000][14.856s][info ][gc,marking  ] GC(30) Concurrent Cleanup for Next Mark 1.939ms
[2025-12-01T05:49:05.113+0000][14.856s][info ][gc          ] GC(30) Concurrent Mark Cycle 58.670ms
[2025-12-01T05:49:05.821+0000][15.563s][debug][safepoint   ] Safepoint synchronization initiated using futex wait barrier. (21 threads)
[2025-12-01T05:49:05.822+0000][15.565s][info ][gc,start    ] GC(31) Pause Young (Prepare Mixed) (G1 Evacuation Pause)
[2025-12-01T05:49:05.822+0000][15.565s][info ][gc,task     ] GC(31) Using 5 workers of 13 for evacuation
[2025-12-01T05:49:05.829+0000][15.571s][info ][gc,phases   ] GC(31)   Pre Evacuate Collection Set: 0.2ms
[2025-12-01T05:49:05.829+0000][15.571s][info ][gc,phases   ] GC(31)   Merge Heap Roots: 0.2ms
[2025-12-01T05:49:05.829+0000][15.571s][info ][gc,phases   ] GC(31)   Evacuate Collection Set: 4.7ms
[2025-12-01T05:49:05.829+0000][15.571s][info ][gc,phases   ] GC(31)   Post Evacuate Collection Set: 1.2ms
[2025-12-01T05:49:05.829+0000][15.571s][info ][gc,phases   ] GC(31)   Other: 0.1ms
[2025-12-01T05:49:05.829+0000][15.571s][info ][gc,heap     ] GC(31) Eden regions: 126->0(1)
[2025-12-01T05:49:05.829+0000][15.571s][info ][gc,heap     ] GC(31) Survivor regions: 9->11(17)
[2025-12-01T05:49:05.829+0000][15.571s][info ][gc,heap     ] GC(31) Old regions: 64->64
[2025-12-01T05:49:05.829+0000][15.571s][info ][gc,heap     ] GC(31) Archive regions: 2->2
[2025-12-01T05:49:05.829+0000][15.571s][info ][gc,heap     ] GC(31) Humongous regions: 0->0
[2025-12-01T05:49:05.829+0000][15.571s][info ][gc,metaspace] GC(31) Metaspace: 64318K(64768K)->64318K(64768K) NonClass: 56092K(56320K)->56092K(56320K) Class: 8226K(8448K)->8226K(8448K)
[2025-12-01T05:49:05.829+0000][15.571s][info ][gc          ] GC(31) Pause Young (Prepare Mixed) (G1 Evacuation Pause) 199M->74M(234M) 6.518ms
[2025-12-01T05:49:05.829+0000][15.571s][info ][gc,cpu      ] GC(31) User=0.02s Sys=0.00s Real=0.01s
[2025-12-01T05:49:05.829+0000][15.571s][info ][safepoint   ] Safepoint "G1CollectForAllocation", Time since last: 709699360 ns, Reaching safepoint: 49095 ns, Cleanup: 1108307 ns, At safepoint: 6622198 ns, Total: 7779600 ns
[2025-12-01T05:49:05.832+0000][15.574s][debug][safepoint   ] Safepoint synchronization initiated using futex wait barrier. (21 threads)
[2025-12-01T05:49:05.832+0000][15.575s][info ][gc,start    ] GC(32) Pause Young (Mixed) (G1 Evacuation Pause)
[2025-12-01T05:49:05.832+0000][15.575s][info ][gc,task     ] GC(32) Using 5 workers of 13 for evacuation
[2025-12-01T05:49:05.839+0000][15.582s][info ][gc,phases   ] GC(32)   Pre Evacuate Collection Set: 0.3ms
[2025-12-01T05:49:05.840+0000][15.582s][info ][gc,phases   ] GC(32)   Merge Heap Roots: 0.2ms
[2025-12-01T05:49:05.840+0000][15.582s][info ][gc,phases   ] GC(32)   Evacuate Collection Set: 5.9ms
[2025-12-01T05:49:05.840+0000][15.582s][info ][gc,phases   ] GC(32)   Post Evacuate Collection Set: 0.9ms
[2025-12-01T05:49:05.840+0000][15.582s][info ][gc,phases   ] GC(32)   Other: 0.1ms
[2025-12-01T05:49:05.840+0000][15.582s][info ][gc,heap     ] GC(32) Eden regions: 1->0(127)
[2025-12-01T05:49:05.840+0000][15.582s][info ][gc,heap     ] GC(32) Survivor regions: 11->2(2)
[2025-12-01T05:49:05.840+0000][15.582s][info ][gc,heap     ] GC(32) Old regions: 64->72
[2025-12-01T05:49:05.840+0000][15.582s][info ][gc,heap     ] GC(32) Archive regions: 2->2
[2025-12-01T05:49:05.840+0000][15.582s][info ][gc,heap     ] GC(32) Humongous regions: 0->0
[2025-12-01T05:49:05.840+0000][15.582s][info ][gc,metaspace] GC(32) Metaspace: 64328K(64832K)->64328K(64832K) NonClass: 56100K(56384K)->56100K(56384K) Class: 8228K(8448K)->8228K(8448K)
[2025-12-01T05:49:05.840+0000][15.582s][info ][gc          ] GC(32) Pause Young (Mixed) (G1 Evacuation Pause) 75M->74M(234M) 7.534ms
[2025-12-01T05:49:05.840+0000][15.582s][info ][gc,cpu      ] GC(32) User=0.03s Sys=0.00s Real=0.01s
[2025-12-01T05:49:05.840+0000][15.582s][info ][safepoint   ] Safepoint "G1CollectForAllocation", Time since last: 3302156 ns, Reaching safepoint: 46621 ns, Cleanup: 3637 ns, At safepoint: 7637091 ns, Total: 7687349 ns
[2025-12-01T05:49:06.312+0000][16.054s][debug][safepoint   ] Safepoint synchronization initiated using futex wait barrier. (21 threads)
[2025-12-01T05:49:06.312+0000][16.054s][info ][gc,start    ] GC(33) Pause Young (Concurrent Start) (G1 Evacuation Pause)
[2025-12-01T05:49:06.312+0000][16.054s][info ][gc,task     ] GC(33) Using 5 workers of 13 for evacuation
[2025-12-01T05:49:06.317+0000][16.059s][info ][gc,phases   ] GC(33)   Pre Evacuate Collection Set: 0.4ms
[2025-12-01T05:49:06.317+0000][16.059s][info ][gc,phases   ] GC(33)   Merge Heap Roots: 0.2ms
[2025-12-01T05:49:06.317+0000][16.059s][info ][gc,phases   ] GC(33)   Evacuate Collection Set: 2.7ms
[2025-12-01T05:49:06.317+0000][16.059s][info ][gc,phases   ] GC(33)   Post Evacuate Collection Set: 1.1ms
[2025-12-01T05:49:06.317+0000][16.059s][info ][gc,phases   ] GC(33)   Other: 0.2ms
[2025-12-01T05:49:06.317+0000][16.059s][info ][gc,heap     ] GC(33) Eden regions: 127->0(129)
[2025-12-01T05:49:06.317+0000][16.059s][info ][gc,heap     ] GC(33) Survivor regions: 2->1(17)
[2025-12-01T05:49:06.317+0000][16.059s][info ][gc,heap     ] GC(33) Old regions: 72->72
[2025-12-01T05:49:06.317+0000][16.059s][info ][gc,heap     ] GC(33) Archive regions: 2->2
[2025-12-01T05:49:06.317+0000][16.059s][info ][gc,heap     ] GC(33) Humongous regions: 0->0
[2025-12-01T05:49:06.317+0000][16.059s][info ][gc,metaspace] GC(33) Metaspace: 67024K(67456K)->67024K(67456K) NonClass: 58323K(58560K)->58323K(58560K) Class: 8700K(8896K)->8700K(8896K)
[2025-12-01T05:49:06.317+0000][16.059s][info ][gc          ] GC(33) Pause Young (Concurrent Start) (G1 Evacuation Pause) 201M->73M(234M) 4.749ms
[2025-12-01T05:49:06.317+0000][16.059s][info ][gc,cpu      ] GC(33) User=0.02s Sys=0.00s Real=0.01s
[2025-12-01T05:49:06.317+0000][16.059s][info ][gc          ] GC(34) Concurrent Mark Cycle
[2025-12-01T05:49:06.317+0000][16.059s][info ][gc,marking  ] GC(34) Concurrent Clear Claimed Marks
[2025-12-01T05:49:06.317+0000][16.059s][info ][safepoint   ] Safepoint "G1CollectForAllocation", Time since last: 472177379 ns, Reaching safepoint: 69435 ns, Cleanup: 46720 ns, At safepoint: 4900128 ns, Total: 5016283 ns
[2025-12-01T05:49:06.317+0000][16.059s][info ][gc,marking  ] GC(34) Concurrent Clear Claimed Marks 0.056ms
[2025-12-01T05:49:06.317+0000][16.059s][info ][gc,marking  ] GC(34) Concurrent Scan Root Regions
[2025-12-01T05:49:06.319+0000][16.061s][info ][gc,marking  ] GC(34) Concurrent Scan Root Regions 1.653ms
[2025-12-01T05:49:06.319+0000][16.061s][info ][gc,marking  ] GC(34) Concurrent Mark
[2025-12-01T05:49:06.319+0000][16.061s][info ][gc,marking  ] GC(34) Concurrent Mark From Roots
[2025-12-01T05:49:06.319+0000][16.061s][info ][gc,task     ] GC(34) Using 3 workers of 3 for marking
[2025-12-01T05:49:06.360+0000][16.103s][info ][gc,marking  ] GC(34) Concurrent Mark From Roots 41.431ms
[2025-12-01T05:49:06.360+0000][16.103s][info ][gc,marking  ] GC(34) Concurrent Preclean
[2025-12-01T05:49:06.360+0000][16.103s][info ][gc,marking  ] GC(34) Concurrent Preclean 0.325ms
[2025-12-01T05:49:06.361+0000][16.103s][debug][safepoint   ] Safepoint synchronization initiated using futex wait barrier. (21 threads)
[2025-12-01T05:49:06.361+0000][16.103s][info ][gc,start    ] GC(34) Pause Remark
[2025-12-01T05:49:06.365+0000][16.108s][info ][gc          ] GC(34) Pause Remark 76M->76M(234M) 4.241ms
[2025-12-01T05:49:06.365+0000][16.108s][info ][gc,cpu      ] GC(34) User=0.01s Sys=0.00s Real=0.01s
[2025-12-01T05:49:06.365+0000][16.108s][info ][safepoint   ] Safepoint "G1PauseRemark", Time since last: 43667140 ns, Reaching safepoint: 325923 ns, Cleanup: 44406 ns, At safepoint: 4468499 ns, Total: 4838828 ns
[2025-12-01T05:49:06.365+0000][16.108s][info ][gc,marking  ] GC(34) Concurrent Mark 46.842ms
[2025-12-01T05:49:06.365+0000][16.108s][info ][gc,marking  ] GC(34) Concurrent Rebuild Remembered Sets
[2025-12-01T05:49:06.383+0000][16.126s][info ][gc,marking  ] GC(34) Concurrent Rebuild Remembered Sets 17.661ms
[2025-12-01T05:49:06.383+0000][16.126s][debug][safepoint   ] Safepoint synchronization initiated using futex wait barrier. (21 threads)
[2025-12-01T05:49:06.383+0000][16.126s][info ][gc,start    ] GC(34) Pause Cleanup
[2025-12-01T05:49:06.384+0000][16.126s][info ][gc          ] GC(34) Pause Cleanup 77M->77M(234M) 0.174ms
[2025-12-01T05:49:06.384+0000][16.126s][info ][gc,cpu      ] GC(34) User=0.00s Sys=0.00s Real=0.00s
[2025-12-01T05:49:06.384+0000][16.126s][info ][safepoint   ] Safepoint "G1PauseCleanup", Time since last: 17918475 ns, Reaching safepoint: 139641 ns, Cleanup: 10200 ns, At safepoint: 266267 ns, Total: 416108 ns
[2025-12-01T05:49:06.384+0000][16.126s][info ][gc,marking  ] GC(34) Concurrent Cleanup for Next Mark
[2025-12-01T05:49:06.384+0000][16.127s][info ][gc,marking  ] GC(34) Concurrent Cleanup for Next Mark 0.320ms
[2025-12-01T05:49:06.384+0000][16.127s][info ][gc          ] GC(34) Concurrent Mark Cycle 67.256ms
[2025-12-01T05:49:06.651+0000][16.394s][debug][safepoint   ] Safepoint synchronization initiated using futex wait barrier. (23 threads)
[2025-12-01T05:49:06.652+0000][16.394s][info ][safepoint   ] Safepoint "ICBufferFull", Time since last: 267513389 ns, Reaching safepoint: 156964 ns, Cleanup: 141706 ns, At safepoint: 41260 ns, Total: 339930 ns
[2025-12-01T05:49:07.041+0000][16.783s][debug][safepoint   ] Safepoint synchronization initiated using futex wait barrier. (29 threads)
[2025-12-01T05:49:07.041+0000][16.783s][info ][safepoint   ] Safepoint "ICBufferFull", Time since last: 389168663 ns, Reaching safepoint: 57151 ns, Cleanup: 152266 ns, At safepoint: 50688 ns, Total: 260105 ns
[2025-12-01T05:49:07.126+0000][16.869s][debug][safepoint   ] Safepoint synchronization initiated using futex wait barrier. (29 threads)
[2025-12-01T05:49:07.126+0000][16.869s][info ][gc,start    ] GC(35) Pause Young (Prepare Mixed) (G1 Evacuation Pause)
[2025-12-01T05:49:07.126+0000][16.869s][info ][gc,task     ] GC(35) Using 5 workers of 13 for evacuation
[2025-12-01T05:49:07.131+0000][16.874s][info ][gc,phases   ] GC(35)   Pre Evacuate Collection Set: 0.2ms
[2025-12-01T05:49:07.131+0000][16.874s][info ][gc,phases   ] GC(35)   Merge Heap Roots: 0.1ms
[2025-12-01T05:49:07.131+0000][16.874s][info ][gc,phases   ] GC(35)   Evacuate Collection Set: 3.5ms
[2025-12-01T05:49:07.131+0000][16.874s][info ][gc,phases   ] GC(35)   Post Evacuate Collection Set: 1.1ms
[2025-12-01T05:49:07.131+0000][16.874s][info ][gc,phases   ] GC(35)   Other: 0.1ms
[2025-12-01T05:49:07.131+0000][16.874s][info ][gc,heap     ] GC(35) Eden regions: 129->0(6)
[2025-12-01T05:49:07.131+0000][16.874s][info ][gc,heap     ] GC(35) Survivor regions: 1->5(17)
[2025-12-01T05:49:07.132+0000][16.874s][info ][gc,heap     ] GC(35) Old regions: 72->72
[2025-12-01T05:49:07.132+0000][16.874s][info ][gc,heap     ] GC(35) Archive regions: 2->2
[2025-12-01T05:49:07.132+0000][16.874s][info ][gc,heap     ] GC(35) Humongous regions: 0->0
[2025-12-01T05:49:07.132+0000][16.874s][info ][gc,metaspace] GC(35) Metaspace: 70123K(70592K)->70123K(70592K) NonClass: 61084K(61312K)->61084K(61312K) Class: 9038K(9280K)->9038K(9280K)
[2025-12-01T05:49:07.132+0000][16.874s][info ][gc          ] GC(35) Pause Young (Prepare Mixed) (G1 Evacuation Pause) 202M->77M(234M) 5.236ms
[2025-12-01T05:49:07.132+0000][16.874s][info ][gc,cpu      ] GC(35) User=0.04s Sys=0.01s Real=0.00s
[2025-12-01T05:49:07.132+0000][16.874s][info ][safepoint   ] Safepoint "G1CollectForAllocation", Time since last: 85160787 ns, Reaching safepoint: 60638 ns, Cleanup: 48394 ns, At safepoint: 5424134 ns, Total: 5533166 ns
[2025-12-01T05:49:07.155+0000][16.898s][debug][safepoint   ] Safepoint synchronization initiated using futex wait barrier. (29 threads)
[2025-12-01T05:49:07.155+0000][16.898s][info ][gc,start    ] GC(36) Pause Young (Mixed) (G1 Evacuation Pause)
[2025-12-01T05:49:07.155+0000][16.898s][info ][gc,task     ] GC(36) Using 5 workers of 13 for evacuation
[2025-12-01T05:49:07.161+0000][16.903s][info ][gc,phases   ] GC(36)   Pre Evacuate Collection Set: 0.2ms
[2025-12-01T05:49:07.161+0000][16.903s][info ][gc,phases   ] GC(36)   Merge Heap Roots: 0.1ms
[2025-12-01T05:49:07.161+0000][16.903s][info ][gc,phases   ] GC(36)   Evacuate Collection Set: 4.0ms
[2025-12-01T05:49:07.161+0000][16.903s][info ][gc,phases   ] GC(36)   Post Evacuate Collection Set: 1.0ms
[2025-12-01T05:49:07.161+0000][16.903s][info ][gc,phases   ] GC(36)   Other: 0.1ms
[2025-12-01T05:49:07.161+0000][16.903s][info ][gc,heap     ] GC(36) Eden regions: 6->0(123)
[2025-12-01T05:49:07.161+0000][16.903s][info ][gc,heap     ] GC(36) Survivor regions: 5->1(2)
[2025-12-01T05:49:07.161+0000][16.903s][info ][gc,heap     ] GC(36) Old regions: 72->76
[2025-12-01T05:49:07.161+0000][16.903s][info ][gc,heap     ] GC(36) Archive regions: 2->2
[2025-12-01T05:49:07.161+0000][16.903s][info ][gc,heap     ] GC(36) Humongous regions: 0->0
[2025-12-01T05:49:07.161+0000][16.903s][info ][gc,metaspace] GC(36) Metaspace: 70187K(70656K)->70187K(70656K) NonClass: 61138K(61376K)->61138K(61376K) Class: 9049K(9280K)->9049K(9280K)
[2025-12-01T05:49:07.161+0000][16.903s][info ][gc          ] GC(36) Pause Young (Mixed) (G1 Evacuation Pause) 83M->76M(234M) 5.574ms
[2025-12-01T05:49:07.161+0000][16.903s][info ][gc,cpu      ] GC(36) User=0.04s Sys=0.00s Real=0.00s
[2025-12-01T05:49:07.161+0000][16.903s][info ][safepoint   ] Safepoint "G1CollectForAllocation", Time since last: 23549684 ns, Reaching safepoint: 63393 ns, Cleanup: 10320 ns, At safepoint: 5744979 ns, Total: 5818692 ns
[2025-12-01T05:49:07.718+0000][17.460s][debug][safepoint   ] Safepoint synchronization initiated using futex wait barrier. (29 threads)
[2025-12-01T05:49:07.718+0000][17.460s][info ][safepoint   ] Safepoint "ICBufferFull", Time since last: 556436785 ns, Reaching safepoint: 54726 ns, Cleanup: 183186 ns, At safepoint: 2876 ns, Total: 240788 ns
[2025-12-01T05:49:07.873+0000][17.615s][debug][safepoint   ] Safepoint synchronization initiated using futex wait barrier. (29 threads)
[2025-12-01T05:49:07.873+0000][17.616s][info ][safepoint   ] Safepoint "ICBufferFull", Time since last: 155181424 ns, Reaching safepoint: 55848 ns, Cleanup: 123099 ns, At safepoint: 106167 ns, Total: 285114 ns
[2025-12-01T05:49:08.046+0000][17.788s][debug][safepoint   ] Safepoint synchronization initiated using futex wait barrier. (29 threads)
[2025-12-01T05:49:08.046+0000][17.788s][info ][gc,start    ] GC(37) Pause Young (Normal) (G1 Evacuation Pause)
[2025-12-01T05:49:08.046+0000][17.788s][info ][gc,task     ] GC(37) Using 5 workers of 13 for evacuation
[2025-12-01T05:49:08.050+0000][17.793s][info ][gc,phases   ] GC(37)   Pre Evacuate Collection Set: 0.2ms
[2025-12-01T05:49:08.050+0000][17.793s][info ][gc,phases   ] GC(37)   Merge Heap Roots: 0.2ms
[2025-12-01T05:49:08.050+0000][17.793s][info ][gc,phases   ] GC(37)   Evacuate Collection Set: 2.8ms
[2025-12-01T05:49:08.050+0000][17.793s][info ][gc,phases   ] GC(37)   Post Evacuate Collection Set: 1.0ms
[2025-12-01T05:49:08.050+0000][17.793s][info ][gc,phases   ] GC(37)   Other: 0.1ms
[2025-12-01T05:49:08.050+0000][17.793s][info ][gc,heap     ] GC(37) Eden regions: 123->0(121)
[2025-12-01T05:49:08.050+0000][17.793s][info ][gc,heap     ] GC(37) Survivor regions: 1->3(16)
[2025-12-01T05:49:08.050+0000][17.793s][info ][gc,heap     ] GC(37) Old regions: 76->76
[2025-12-01T05:49:08.050+0000][17.793s][info ][gc,heap     ] GC(37) Archive regions: 2->2
[2025-12-01T05:49:08.050+0000][17.793s][info ][gc,heap     ] GC(37) Humongous regions: 0->0
[2025-12-01T05:49:08.050+0000][17.793s][info ][gc,metaspace] GC(37) Metaspace: 73203K(73728K)->73203K(73728K) NonClass: 63786K(64064K)->63786K(64064K) Class: 9417K(9664K)->9417K(9664K)
[2025-12-01T05:49:08.050+0000][17.793s][info ][gc          ] GC(37) Pause Young (Normal) (G1 Evacuation Pause) 199M->78M(234M) 4.406ms
[2025-12-01T05:49:08.050+0000][17.793s][info ][gc,cpu      ] GC(37) User=0.06s Sys=0.01s Real=0.00s
[2025-12-01T05:49:08.051+0000][17.793s][info ][safepoint   ] Safepoint "G1CollectForAllocation", Time since last: 172573837 ns, Reaching safepoint: 63554 ns, Cleanup: 73843 ns, At safepoint: 4602711 ns, Total: 4740108 ns
[2025-12-01T05:49:08.573+0000][18.315s][debug][safepoint   ] Safepoint synchronization initiated using futex wait barrier. (22 threads)
[2025-12-01T05:49:08.573+0000][18.315s][info ][gc,start    ] GC(38) Pause Young (Normal) (G1 Evacuation Pause)
[2025-12-01T05:49:08.573+0000][18.316s][info ][gc,task     ] GC(38) Using 5 workers of 13 for evacuation
[2025-12-01T05:49:08.577+0000][18.320s][info ][gc,phases   ] GC(38)   Pre Evacuate Collection Set: 0.2ms
[2025-12-01T05:49:08.577+0000][18.320s][info ][gc,phases   ] GC(38)   Merge Heap Roots: 0.1ms
[2025-12-01T05:49:08.577+0000][18.320s][info ][gc,phases   ] GC(38)   Evacuate Collection Set: 2.7ms
[2025-12-01T05:49:08.577+0000][18.320s][info ][gc,phases   ] GC(38)   Post Evacuate Collection Set: 1.0ms
[2025-12-01T05:49:08.577+0000][18.320s][info ][gc,phases   ] GC(38)   Other: 0.1ms
[2025-12-01T05:49:08.577+0000][18.320s][info ][gc,heap     ] GC(38) Eden regions: 121->0(121)
[2025-12-01T05:49:08.577+0000][18.320s][info ][gc,heap     ] GC(38) Survivor regions: 3->4(16)
[2025-12-01T05:49:08.577+0000][18.320s][info ][gc,heap     ] GC(38) Old regions: 76->76
[2025-12-01T05:49:08.577+0000][18.320s][info ][gc,heap     ] GC(38) Archive regions: 2->2
[2025-12-01T05:49:08.577+0000][18.320s][info ][gc,heap     ] GC(38) Humongous regions: 0->0
[2025-12-01T05:49:08.577+0000][18.320s][info ][gc,metaspace] GC(38) Metaspace: 78141K(78720K)->78141K(78720K) NonClass: 67949K(68224K)->67949K(68224K) Class: 10192K(10496K)->10192K(10496K)
[2025-12-01T05:49:08.577+0000][18.320s][info ][gc          ] GC(38) Pause Young (Normal) (G1 Evacuation Pause) 199M->79M(234M) 4.255ms
[2025-12-01T05:49:08.577+0000][18.320s][info ][gc,cpu      ] GC(38) User=0.02s Sys=0.00s Real=0.01s
[2025-12-01T05:49:08.577+0000][18.320s][info ][safepoint   ] Safepoint "G1CollectForAllocation", Time since last: 522391784 ns, Reaching safepoint: 57501 ns, Cleanup: 54176 ns, At safepoint: 4360289 ns, Total: 4471966 ns
[2025-12-01T05:49:08.922+0000][18.664s][debug][safepoint   ] Safepoint synchronization initiated using futex wait barrier. (23 threads)
[2025-12-01T05:49:08.922+0000][18.664s][info ][safepoint   ] Safepoint "ICBufferFull", Time since last: 344405795 ns, Reaching safepoint: 52803 ns, Cleanup: 109603 ns, At safepoint: 25579 ns, Total: 187985 ns
[2025-12-01T05:49:09.008+0000][18.750s][debug][safepoint   ] Safepoint synchronization initiated using futex wait barrier. (23 threads)
[2025-12-01T05:49:09.008+0000][18.750s][info ][safepoint   ] Safepoint "ICBufferFull", Time since last: 85705665 ns, Reaching safepoint: 49506 ns, Cleanup: 107088 ns, At safepoint: 26812 ns, Total: 183406 ns
[2025-12-01T05:49:09.093+0000][18.836s][debug][safepoint   ] Safepoint synchronization initiated using futex wait barrier. (24 threads)
[2025-12-01T05:49:09.094+0000][18.836s][info ][safepoint   ] Safepoint "ICBufferFull", Time since last: 85515636 ns, Reaching safepoint: 47212 ns, Cleanup: 99203 ns, At safepoint: 1543 ns, Total: 147958 ns
[2025-12-01T05:49:09.097+0000][18.839s][debug][safepoint   ] Safepoint synchronization initiated using futex wait barrier. (24 threads)
[2025-12-01T05:49:09.097+0000][18.839s][info ][gc,start    ] GC(39) Pause Young (Normal) (G1 Evacuation Pause)
[2025-12-01T05:49:09.097+0000][18.839s][info ][gc,task     ] GC(39) Using 5 workers of 13 for evacuation
[2025-12-01T05:49:09.101+0000][18.843s][info ][gc,phases   ] GC(39)   Pre Evacuate Collection Set: 0.1ms
[2025-12-01T05:49:09.101+0000][18.843s][info ][gc,phases   ] GC(39)   Merge Heap Roots: 0.1ms
[2025-12-01T05:49:09.101+0000][18.843s][info ][gc,phases   ] GC(39)   Evacuate Collection Set: 2.7ms
[2025-12-01T05:49:09.101+0000][18.843s][info ][gc,phases   ] GC(39)   Post Evacuate Collection Set: 1.1ms
[2025-12-01T05:49:09.101+0000][18.843s][info ][gc,phases   ] GC(39)   Other: 0.1ms
[2025-12-01T05:49:09.101+0000][18.843s][info ][gc,heap     ] GC(39) Eden regions: 121->0(121)
[2025-12-01T05:49:09.101+0000][18.843s][info ][gc,heap     ] GC(39) Survivor regions: 4->5(16)
[2025-12-01T05:49:09.101+0000][18.843s][info ][gc,heap     ] GC(39) Old regions: 76->76
[2025-12-01T05:49:09.101+0000][18.843s][info ][gc,heap     ] GC(39) Archive regions: 2->2
[2025-12-01T05:49:09.101+0000][18.843s][info ][gc,heap     ] GC(39) Humongous regions: 0->0
[2025-12-01T05:49:09.101+0000][18.843s][info ][gc,metaspace] GC(39) Metaspace: 80473K(81088K)->80473K(81088K) NonClass: 69909K(70208K)->69909K(70208K) Class: 10564K(10880K)->10564K(10880K)
[2025-12-01T05:49:09.101+0000][18.843s][info ][gc          ] GC(39) Pause Young (Normal) (G1 Evacuation Pause) 200M->80M(234M) 4.251ms
[2025-12-01T05:49:09.101+0000][18.843s][info ][gc,cpu      ] GC(39) User=0.03s Sys=0.00s Real=0.00s
[2025-12-01T05:49:09.101+0000][18.843s][info ][safepoint   ] Safepoint "G1CollectForAllocation", Time since last: 3020326 ns, Reaching safepoint: 39447 ns, Cleanup: 38375 ns, At safepoint: 4379367 ns, Total: 4457189 ns
[2025-12-01T05:49:09.147+0000][18.889s][debug][safepoint   ] ... found polling page loop exception at pc = 0x00007d8e359bf009, stub =0x00007d8e34a04400
[2025-12-01T05:49:09.159+0000][18.901s][debug][safepoint   ] Safepoint synchronization initiated using futex wait barrier. (24 threads)
[2025-12-01T05:49:09.159+0000][18.902s][info ][safepoint   ] Safepoint "ICBufferFull", Time since last: 57874505 ns, Reaching safepoint: 159119 ns, Cleanup: 146254 ns, At safepoint: 40629 ns, Total: 346002 ns
[2025-12-01T05:49:09.228+0000][18.970s][debug][safepoint   ] Safepoint synchronization initiated using futex wait barrier. (24 threads)
[2025-12-01T05:49:09.228+0000][18.970s][info ][safepoint   ] Safepoint "ICBufferFull", Time since last: 68380151 ns, Reaching safepoint: 52702 ns, Cleanup: 181202 ns, At safepoint: 2575 ns, Total: 236479 ns
[2025-12-01T05:49:09.460+0000][19.203s][debug][safepoint   ] Safepoint synchronization initiated using futex wait barrier. (24 threads)
[2025-12-01T05:49:09.461+0000][19.203s][info ][safepoint   ] Safepoint "ICBufferFull", Time since last: 232495710 ns, Reaching safepoint: 50248 ns, Cleanup: 123610 ns, At safepoint: 1483 ns, Total: 175341 ns
[2025-12-01T05:49:09.714+0000][19.457s][debug][safepoint   ] Safepoint synchronization initiated using futex wait barrier. (24 threads)
[2025-12-01T05:49:09.715+0000][19.457s][info ][safepoint   ] Safepoint "ICBufferFull", Time since last: 253898373 ns, Reaching safepoint: 45839 ns, Cleanup: 119432 ns, At safepoint: 1794 ns, Total: 167065 ns
[2025-12-01T05:49:09.762+0000][19.504s][debug][safepoint   ] Safepoint synchronization initiated using futex wait barrier. (24 threads)
[2025-12-01T05:49:09.762+0000][19.505s][info ][gc,start    ] GC(40) Pause Young (Normal) (G1 Evacuation Pause)
[2025-12-01T05:49:09.762+0000][19.505s][info ][gc,task     ] GC(40) Using 5 workers of 13 for evacuation
[2025-12-01T05:49:09.766+0000][19.509s][info ][gc,phases   ] GC(40)   Pre Evacuate Collection Set: 0.2ms
[2025-12-01T05:49:09.766+0000][19.509s][info ][gc,phases   ] GC(40)   Merge Heap Roots: 0.2ms
[2025-12-01T05:49:09.766+0000][19.509s][info ][gc,phases   ] GC(40)   Evacuate Collection Set: 2.7ms
[2025-12-01T05:49:09.766+0000][19.509s][info ][gc,phases   ] GC(40)   Post Evacuate Collection Set: 1.0ms
[2025-12-01T05:49:09.766+0000][19.509s][info ][gc,phases   ] GC(40)   Other: 0.1ms
[2025-12-01T05:49:09.766+0000][19.509s][info ][gc,heap     ] GC(40) Eden regions: 121->0(121)
[2025-12-01T05:49:09.766+0000][19.509s][info ][gc,heap     ] GC(40) Survivor regions: 5->5(16)
[2025-12-01T05:49:09.766+0000][19.509s][info ][gc,heap     ] GC(40) Old regions: 76->76
[2025-12-01T05:49:09.766+0000][19.509s][info ][gc,heap     ] GC(40) Archive regions: 2->2
[2025-12-01T05:49:09.766+0000][19.509s][info ][gc,heap     ] GC(40) Humongous regions: 0->0
[2025-12-01T05:49:09.766+0000][19.509s][info ][gc,metaspace] GC(40) Metaspace: 81578K(82112K)->81578K(82112K) NonClass: 70912K(71168K)->70912K(71168K) Class: 10665K(10944K)->10665K(10944K)
[2025-12-01T05:49:09.766+0000][19.509s][info ][gc          ] GC(40) Pause Young (Normal) (G1 Evacuation Pause) 201M->81M(234M) 4.203ms
[2025-12-01T05:49:09.766+0000][19.509s][info ][gc,cpu      ] GC(40) User=0.02s Sys=0.00s Real=0.01s
[2025-12-01T05:49:09.766+0000][19.509s][info ][safepoint   ] Safepoint "G1CollectForAllocation", Time since last: 47404338 ns, Reaching safepoint: 38394 ns, Cleanup: 29988 ns, At safepoint: 4294312 ns, Total: 4362694 ns
[2025-12-01T05:49:10.243+0000][19.986s][debug][safepoint   ] Safepoint synchronization initiated using futex wait barrier. (22 threads)
[2025-12-01T05:49:10.243+0000][19.986s][info ][gc,start    ] GC(41) Pause Young (Normal) (G1 Evacuation Pause)
[2025-12-01T05:49:10.243+0000][19.986s][info ][gc,task     ] GC(41) Using 5 workers of 13 for evacuation
[2025-12-01T05:49:10.248+0000][19.991s][info ][gc,phases   ] GC(41)   Pre Evacuate Collection Set: 0.1ms
[2025-12-01T05:49:10.248+0000][19.991s][info ][gc,phases   ] GC(41)   Merge Heap Roots: 0.1ms
[2025-12-01T05:49:10.248+0000][19.991s][info ][gc,phases   ] GC(41)   Evacuate Collection Set: 3.6ms
[2025-12-01T05:49:10.248+0000][19.991s][info ][gc,phases   ] GC(41)   Post Evacuate Collection Set: 1.0ms
[2025-12-01T05:49:10.248+0000][19.991s][info ][gc,phases   ] GC(41)   Other: 0.1ms
[2025-12-01T05:49:10.248+0000][19.991s][info ][gc,heap     ] GC(41) Eden regions: 121->0(118)
[2025-12-01T05:49:10.248+0000][19.991s][info ][gc,heap     ] GC(41) Survivor regions: 5->7(16)
[2025-12-01T05:49:10.248+0000][19.991s][info ][gc,heap     ] GC(41) Old regions: 76->76
[2025-12-01T05:49:10.248+0000][19.991s][info ][gc,heap     ] GC(41) Archive regions: 2->2
[2025-12-01T05:49:10.248+0000][19.991s][info ][gc,heap     ] GC(41) Humongous regions: 0->0
[2025-12-01T05:49:10.248+0000][19.991s][info ][gc,metaspace] GC(41) Metaspace: 84704K(85312K)->84704K(85312K) NonClass: 73579K(73920K)->73579K(73920K) Class: 11124K(11392K)->11124K(11392K)
[2025-12-01T05:49:10.248+0000][19.991s][info ][gc          ] GC(41) Pause Young (Normal) (G1 Evacuation Pause) 202M->83M(234M) 5.008ms
[2025-12-01T05:49:10.248+0000][19.991s][info ][gc,cpu      ] GC(41) User=0.02s Sys=0.00s Real=0.00s
[2025-12-01T05:49:10.248+0000][19.991s][info ][safepoint   ] Safepoint "G1CollectForAllocation", Time since last: 476748778 ns, Reaching safepoint: 40699 ns, Cleanup: 115995 ns, At safepoint: 5080258 ns, Total: 5236952 ns
[2025-12-01T05:49:10.480+0000][20.223s][debug][safepoint   ] Safepoint synchronization initiated using futex wait barrier. (27 threads)
[2025-12-01T05:49:10.481+0000][20.223s][info ][safepoint   ] Safepoint "ICBufferFull", Time since last: 232133638 ns, Reaching safepoint: 99733 ns, Cleanup: 182936 ns, At safepoint: 66369 ns, Total: 349038 ns
[2025-12-01T05:49:10.797+0000][20.539s][debug][safepoint   ] Safepoint synchronization initiated using futex wait barrier. (27 threads)
[2025-12-01T05:49:10.797+0000][20.539s][info ][gc,start    ] GC(42) Pause Young (Normal) (G1 Evacuation Pause)
[2025-12-01T05:49:10.797+0000][20.539s][info ][gc,task     ] GC(42) Using 5 workers of 13 for evacuation
[2025-12-01T05:49:10.804+0000][20.546s][info ][gc,phases   ] GC(42)   Pre Evacuate Collection Set: 0.2ms
[2025-12-01T05:49:10.804+0000][20.546s][info ][gc,phases   ] GC(42)   Merge Heap Roots: 0.2ms
[2025-12-01T05:49:10.804+0000][20.546s][info ][gc,phases   ] GC(42)   Evacuate Collection Set: 5.1ms
[2025-12-01T05:49:10.804+0000][20.546s][info ][gc,phases   ] GC(42)   Post Evacuate Collection Set: 1.2ms
[2025-12-01T05:49:10.804+0000][20.546s][info ][gc,phases   ] GC(42)   Other: 0.1ms
[2025-12-01T05:49:10.804+0000][20.546s][info ][gc,heap     ] GC(42) Eden regions: 118->0(112)
[2025-12-01T05:49:10.804+0000][20.546s][info ][gc,heap     ] GC(42) Survivor regions: 7->10(16)
[2025-12-01T05:49:10.804+0000][20.546s][info ][gc,heap     ] GC(42) Old regions: 76->76
[2025-12-01T05:49:10.804+0000][20.546s][info ][gc,heap     ] GC(42) Archive regions: 2->2
[2025-12-01T05:49:10.804+0000][20.546s][info ][gc,heap     ] GC(42) Humongous regions: 0->0
[2025-12-01T05:49:10.804+0000][20.546s][info ][gc,metaspace] GC(42) Metaspace: 87876K(88448K)->87876K(88448K) NonClass: 76369K(76672K)->76369K(76672K) Class: 11506K(11776K)->11506K(11776K)
[2025-12-01T05:49:10.804+0000][20.546s][info ][gc          ] GC(42) Pause Young (Normal) (G1 Evacuation Pause) 201M->85M(234M) 6.783ms
[2025-12-01T05:49:10.804+0000][20.546s][info ][gc,cpu      ] GC(42) User=0.03s Sys=0.00s Real=0.01s
[2025-12-01T05:49:10.804+0000][20.546s][info ][safepoint   ] Safepoint "G1CollectForAllocation", Time since last: 315974018 ns, Reaching safepoint: 48745 ns, Cleanup: 170371 ns, At safepoint: 6867108 ns, Total: 7086224 ns
[2025-12-01T05:49:11.176+0000][20.919s][debug][safepoint   ] Safepoint synchronization initiated using futex wait barrier. (24 threads)
[2025-12-01T05:49:11.177+0000][20.919s][info ][safepoint   ] Safepoint "ICBufferFull", Time since last: 372526046 ns, Reaching safepoint: 83993 ns, Cleanup: 295484 ns, At safepoint: 61229 ns, Total: 440706 ns
[2025-12-01T05:49:11.282+0000][21.025s][debug][safepoint   ] Safepoint synchronization initiated using futex wait barrier. (27 threads)
[2025-12-01T05:49:11.282+0000][21.025s][info ][gc,start    ] GC(43) Pause Young (Normal) (G1 Evacuation Pause)
[2025-12-01T05:49:11.282+0000][21.025s][info ][gc,task     ] GC(43) Using 5 workers of 13 for evacuation
[2025-12-01T05:49:11.292+0000][21.034s][info ][gc,phases   ] GC(43)   Pre Evacuate Collection Set: 0.2ms
[2025-12-01T05:49:11.292+0000][21.034s][info ][gc,phases   ] GC(43)   Merge Heap Roots: 0.1ms
[2025-12-01T05:49:11.292+0000][21.034s][info ][gc,phases   ] GC(43)   Evacuate Collection Set: 7.5ms
[2025-12-01T05:49:11.292+0000][21.034s][info ][gc,phases   ] GC(43)   Post Evacuate Collection Set: 1.7ms
[2025-12-01T05:49:11.292+0000][21.034s][info ][gc,phases   ] GC(43)   Other: 0.2ms
[2025-12-01T05:49:11.292+0000][21.034s][info ][gc,heap     ] GC(43) Eden regions: 112->0(109)
[2025-12-01T05:49:11.292+0000][21.034s][info ][gc,heap     ] GC(43) Survivor regions: 10->11(16)
[2025-12-01T05:49:11.292+0000][21.034s][info ][gc,heap     ] GC(43) Old regions: 76->77
[2025-12-01T05:49:11.292+0000][21.034s][info ][gc,heap     ] GC(43) Archive regions: 2->2
[2025-12-01T05:49:11.292+0000][21.034s][info ][gc,heap     ] GC(43) Humongous regions: 0->0
[2025-12-01T05:49:11.292+0000][21.034s][info ][gc,metaspace] GC(43) Metaspace: 91333K(91904K)->91333K(91904K) NonClass: 79174K(79488K)->79174K(79488K) Class: 12158K(12416K)->12158K(12416K)
[2025-12-01T05:49:11.292+0000][21.034s][info ][gc          ] GC(43) Pause Young (Normal) (G1 Evacuation Pause) 197M->88M(234M) 9.744ms
[2025-12-01T05:49:11.292+0000][21.035s][info ][gc,cpu      ] GC(43) User=0.06s Sys=0.00s Real=0.00s
[2025-12-01T05:49:11.292+0000][21.035s][info ][safepoint   ] Safepoint "G1CollectForAllocation", Time since last: 105252263 ns, Reaching safepoint: 101247 ns, Cleanup: 85716 ns, At safepoint: 9919678 ns, Total: 10106641 ns
[2025-12-01T05:49:11.507+0000][21.249s][debug][safepoint   ] Safepoint synchronization initiated using futex wait barrier. (27 threads)
[2025-12-01T05:49:11.507+0000][21.249s][info ][gc,start    ] GC(44) Pause Young (Normal) (G1 Evacuation Pause)
[2025-12-01T05:49:11.507+0000][21.249s][info ][gc,task     ] GC(44) Using 5 workers of 13 for evacuation
[2025-12-01T05:49:11.523+0000][21.265s][info ][gc,phases   ] GC(44)   Pre Evacuate Collection Set: 0.1ms
[2025-12-01T05:49:11.523+0000][21.265s][info ][gc,phases   ] GC(44)   Merge Heap Roots: 0.1ms
[2025-12-01T05:49:11.523+0000][21.265s][info ][gc,phases   ] GC(44)   Evacuate Collection Set: 14.0ms
[2025-12-01T05:49:11.523+0000][21.265s][info ][gc,phases   ] GC(44)   Post Evacuate Collection Set: 1.4ms
[2025-12-01T05:49:11.523+0000][21.265s][info ][gc,phases   ] GC(44)   Other: 0.1ms
[2025-12-01T05:49:11.523+0000][21.265s][info ][gc,heap     ] GC(44) Eden regions: 109->0(80)
[2025-12-01T05:49:11.523+0000][21.265s][info ][gc,heap     ] GC(44) Survivor regions: 11->15(15)
[2025-12-01T05:49:11.523+0000][21.265s][info ][gc,heap     ] GC(44) Old regions: 77->94
[2025-12-01T05:49:11.523+0000][21.265s][info ][gc,heap     ] GC(44) Archive regions: 2->2
[2025-12-01T05:49:11.523+0000][21.265s][info ][gc,heap     ] GC(44) Humongous regions: 1->1
[2025-12-01T05:49:11.523+0000][21.265s][info ][gc,metaspace] GC(44) Metaspace: 91360K(91904K)->91360K(91904K) NonClass: 79201K(79488K)->79201K(79488K) Class: 12158K(12416K)->12158K(12416K)
[2025-12-01T05:49:11.523+0000][21.265s][info ][gc          ] GC(44) Pause Young (Normal) (G1 Evacuation Pause) 198M->110M(234M) 15.871ms
[2025-12-01T05:49:11.523+0000][21.265s][info ][gc,cpu      ] GC(44) User=0.08s Sys=0.01s Real=0.02s
[2025-12-01T05:49:11.523+0000][21.265s][info ][safepoint   ] Safepoint "G1CollectForAllocation", Time since last: 214456221 ns, Reaching safepoint: 47963 ns, Cleanup: 38144 ns, At safepoint: 16000188 ns, Total: 16086295 ns
[2025-12-01T05:49:11.760+0000][21.503s][debug][safepoint   ] Safepoint synchronization initiated using futex wait barrier. (25 threads)
[2025-12-01T05:49:11.760+0000][21.503s][info ][gc,start    ] GC(45) Pause Young (Concurrent Start) (G1 Evacuation Pause)
[2025-12-01T05:49:11.760+0000][21.503s][info ][gc,task     ] GC(45) Using 5 workers of 13 for evacuation
[2025-12-01T05:49:11.773+0000][21.515s][info ][gc,phases   ] GC(45)   Pre Evacuate Collection Set: 0.3ms
[2025-12-01T05:49:11.773+0000][21.515s][info ][gc,phases   ] GC(45)   Merge Heap Roots: 0.2ms
[2025-12-01T05:49:11.773+0000][21.515s][info ][gc,phases   ] GC(45)   Evacuate Collection Set: 10.5ms
[2025-12-01T05:49:11.773+0000][21.515s][info ][gc,phases   ] GC(45)   Post Evacuate Collection Set: 1.0ms
[2025-12-01T05:49:11.773+0000][21.515s][info ][gc,phases   ] GC(45)   Other: 0.2ms
[2025-12-01T05:49:11.773+0000][21.515s][info ][gc,heap     ] GC(45) Eden regions: 80->0(72)
[2025-12-01T05:49:11.773+0000][21.515s][info ][gc,heap     ] GC(45) Survivor regions: 15->9(12)
[2025-12-01T05:49:11.773+0000][21.515s][info ][gc,heap     ] GC(45) Old regions: 94->110
[2025-12-01T05:49:11.773+0000][21.515s][info ][gc,heap     ] GC(45) Archive regions: 2->2
[2025-12-01T05:49:11.773+0000][21.515s][info ][gc,heap     ] GC(45) Humongous regions: 1->1
[2025-12-01T05:49:11.773+0000][21.515s][info ][gc,metaspace] GC(45) Metaspace: 93117K(93696K)->93117K(93696K) NonClass: 80581K(80896K)->80581K(80896K) Class: 12536K(12800K)->12536K(12800K)
[2025-12-01T05:49:11.773+0000][21.515s][info ][gc          ] GC(45) Pause Young (Concurrent Start) (G1 Evacuation Pause) 190M->119M(234M) 12.324ms
[2025-12-01T05:49:11.773+0000][21.515s][info ][gc,cpu      ] GC(45) User=0.07s Sys=0.00s Real=0.01s
[2025-12-01T05:49:11.773+0000][21.515s][info ][gc          ] GC(46) Concurrent Mark Cycle
[2025-12-01T05:49:11.773+0000][21.515s][info ][gc,marking  ] GC(46) Concurrent Clear Claimed Marks
[2025-12-01T05:49:11.773+0000][21.515s][info ][safepoint   ] Safepoint "G1CollectForAllocation", Time since last: 237451797 ns, Reaching safepoint: 54406 ns, Cleanup: 22694 ns, At safepoint: 12488878 ns, Total: 12565978 ns
[2025-12-01T05:49:11.773+0000][21.515s][info ][gc,marking  ] GC(46) Concurrent Clear Claimed Marks 0.091ms
[2025-12-01T05:49:11.773+0000][21.515s][info ][gc,marking  ] GC(46) Concurrent Scan Root Regions
[2025-12-01T05:49:11.778+0000][21.521s][info ][gc,marking  ] GC(46) Concurrent Scan Root Regions 5.241ms
[2025-12-01T05:49:11.778+0000][21.521s][info ][gc,marking  ] GC(46) Concurrent Mark
[2025-12-01T05:49:11.778+0000][21.521s][info ][gc,marking  ] GC(46) Concurrent Mark From Roots
[2025-12-01T05:49:11.778+0000][21.521s][info ][gc,task     ] GC(46) Using 3 workers of 3 for marking
[2025-12-01T05:49:11.826+0000][21.568s][info ][gc,marking  ] GC(46) Concurrent Mark From Roots 47.664ms
[2025-12-01T05:49:11.826+0000][21.568s][info ][gc,marking  ] GC(46) Concurrent Preclean
[2025-12-01T05:49:11.826+0000][21.569s][info ][gc,marking  ] GC(46) Concurrent Preclean 0.412ms
[2025-12-01T05:49:11.826+0000][21.569s][debug][safepoint   ] Safepoint synchronization initiated using futex wait barrier. (25 threads)
[2025-12-01T05:49:11.827+0000][21.569s][info ][gc,start    ] GC(46) Pause Remark
[2025-12-01T05:49:11.834+0000][21.576s][info ][gc          ] GC(46) Pause Remark 144M->143M(244M) 7.399ms
[2025-12-01T05:49:11.834+0000][21.576s][info ][gc,cpu      ] GC(46) User=0.03s Sys=0.00s Real=0.00s
[2025-12-01T05:49:11.834+0000][21.577s][info ][safepoint   ] Safepoint "G1PauseRemark", Time since last: 53620674 ns, Reaching safepoint: 113640 ns, Cleanup: 20039 ns, At safepoint: 7550386 ns, Total: 7684065 ns
[2025-12-01T05:49:11.834+0000][21.577s][info ][gc,marking  ] GC(46) Concurrent Mark 55.984ms
[2025-12-01T05:49:11.834+0000][21.577s][info ][gc,marking  ] GC(46) Concurrent Rebuild Remembered Sets
[2025-12-01T05:49:11.863+0000][21.606s][info ][gc,marking  ] GC(46) Concurrent Rebuild Remembered Sets 29.030ms
[2025-12-01T05:49:11.863+0000][21.606s][debug][safepoint   ] Safepoint synchronization initiated using futex wait barrier. (25 threads)
[2025-12-01T05:49:11.863+0000][21.606s][info ][gc,start    ] GC(46) Pause Cleanup
[2025-12-01T05:49:11.864+0000][21.606s][info ][gc          ] GC(46) Pause Cleanup 149M->149M(244M) 0.174ms
[2025-12-01T05:49:11.864+0000][21.606s][info ][gc,cpu      ] GC(46) User=0.00s Sys=0.00s Real=0.00s
[2025-12-01T05:49:11.864+0000][21.606s][info ][safepoint   ] Safepoint "G1PauseCleanup", Time since last: 29254845 ns, Reaching safepoint: 109392 ns, Cleanup: 10801 ns, At safepoint: 235698 ns, Total: 355891 ns
[2025-12-01T05:49:11.864+0000][21.606s][info ][gc,marking  ] GC(46) Concurrent Cleanup for Next Mark
[2025-12-01T05:49:11.864+0000][21.607s][info ][gc,marking  ] GC(46) Concurrent Cleanup for Next Mark 0.552ms
[2025-12-01T05:49:11.864+0000][21.607s][info ][gc          ] GC(46) Concurrent Mark Cycle 91.610ms
[2025-12-01T05:49:11.938+0000][21.681s][debug][safepoint   ] Safepoint synchronization initiated using futex wait barrier. (25 threads)
[2025-12-01T05:49:11.939+0000][21.681s][info ][gc,start    ] GC(47) Pause Young (Prepare Mixed) (G1 Evacuation Pause)
[2025-12-01T05:49:11.939+0000][21.681s][info ][gc,task     ] GC(47) Using 5 workers of 13 for evacuation
[2025-12-01T05:49:11.950+0000][21.693s][info ][gc,phases   ] GC(47)   Pre Evacuate Collection Set: 0.3ms
[2025-12-01T05:49:11.950+0000][21.693s][info ][gc,phases   ] GC(47)   Merge Heap Roots: 0.3ms
[2025-12-01T05:49:11.950+0000][21.693s][info ][gc,phases   ] GC(47)   Evacuate Collection Set: 10.2ms
[2025-12-01T05:49:11.950+0000][21.693s][info ][gc,phases   ] GC(47)   Post Evacuate Collection Set: 0.7ms
[2025-12-01T05:49:11.950+0000][21.693s][info ][gc,phases   ] GC(47)   Other: 0.1ms
[2025-12-01T05:49:11.950+0000][21.693s][info ][gc,heap     ] GC(47) Eden regions: 72->0(1)
[2025-12-01T05:49:11.950+0000][21.693s][info ][gc,heap     ] GC(47) Survivor regions: 9->11(11)
[2025-12-01T05:49:11.950+0000][21.693s][info ][gc,heap     ] GC(47) Old regions: 110->120
[2025-12-01T05:49:11.950+0000][21.693s][info ][gc,heap     ] GC(47) Archive regions: 2->2
[2025-12-01T05:49:11.950+0000][21.693s][info ][gc,heap     ] GC(47) Humongous regions: 1->1
[2025-12-01T05:49:11.950+0000][21.693s][info ][gc,metaspace] GC(47) Metaspace: 93127K(93696K)->93127K(93696K) NonClass: 80591K(80896K)->80591K(80896K) Class: 12536K(12800K)->12536K(12800K)
[2025-12-01T05:49:11.950+0000][21.693s][info ][gc          ] GC(47) Pause Young (Prepare Mixed) (G1 Evacuation Pause) 191M->132M(244M) 11.737ms
[2025-12-01T05:49:11.950+0000][21.693s][info ][gc,cpu      ] GC(47) User=0.07s Sys=0.01s Real=0.01s
[2025-12-01T05:49:11.950+0000][21.693s][info ][safepoint   ] Safepoint "G1CollectForAllocation", Time since last: 74755997 ns, Reaching safepoint: 96818 ns, Cleanup: 5971 ns, At safepoint: 11821773 ns, Total: 11924562 ns
[2025-12-01T05:49:11.952+0000][21.695s][debug][safepoint   ] Safepoint synchronization initiated using futex wait barrier. (25 threads)
[2025-12-01T05:49:11.952+0000][21.695s][info ][gc,start    ] GC(48) Pause Young (Mixed) (G1 Evacuation Pause)
[2025-12-01T05:49:11.952+0000][21.695s][info ][gc,task     ] GC(48) Using 5 workers of 13 for evacuation
[2025-12-01T05:49:11.963+0000][21.706s][info ][gc,phases   ] GC(48)   Pre Evacuate Collection Set: 0.1ms
[2025-12-01T05:49:11.963+0000][21.706s][info ][gc,phases   ] GC(48)   Merge Heap Roots: 0.1ms
[2025-12-01T05:49:11.963+0000][21.706s][info ][gc,phases   ] GC(48)   Evacuate Collection Set: 8.8ms
[2025-12-01T05:49:11.963+0000][21.706s][info ][gc,phases   ] GC(48)   Post Evacuate Collection Set: 1.7ms
[2025-12-01T05:49:11.963+0000][21.706s][info ][gc,phases   ] GC(48)   Other: 0.1ms
[2025-12-01T05:49:11.963+0000][21.706s][info ][gc,heap     ] GC(48) Eden regions: 1->0(91)
[2025-12-01T05:49:11.963+0000][21.706s][info ][gc,heap     ] GC(48) Survivor regions: 11->2(2)
[2025-12-01T05:49:11.963+0000][21.706s][info ][gc,heap     ] GC(48) Old regions: 120->130
[2025-12-01T05:49:11.963+0000][21.706s][info ][gc,heap     ] GC(48) Archive regions: 2->2
[2025-12-01T05:49:11.963+0000][21.706s][info ][gc,heap     ] GC(48) Humongous regions: 1->1
[2025-12-01T05:49:11.963+0000][21.706s][info ][gc,metaspace] GC(48) Metaspace: 93127K(93696K)->93127K(93696K) NonClass: 80591K(80896K)->80591K(80896K) Class: 12536K(12800K)->12536K(12800K)
[2025-12-01T05:49:11.963+0000][21.706s][info ][gc          ] GC(48) Pause Young (Mixed) (G1 Evacuation Pause) 133M->132M(293M) 10.923ms
[2025-12-01T05:49:11.963+0000][21.706s][info ][gc,cpu      ] GC(48) User=0.06s Sys=0.00s Real=0.02s
[2025-12-01T05:49:11.964+0000][21.706s][info ][safepoint   ] Safepoint "G1CollectForAllocation", Time since last: 1729909 ns, Reaching safepoint: 317938 ns, Cleanup: 3236 ns, At safepoint: 11100723 ns, Total: 11421897 ns
[2025-12-01T05:49:12.143+0000][21.886s][debug][safepoint   ] Safepoint synchronization initiated using futex wait barrier. (24 threads)
[2025-12-01T05:49:12.143+0000][21.886s][info ][gc,start    ] GC(49) Pause Young (Normal) (G1 Evacuation Pause)
[2025-12-01T05:49:12.143+0000][21.886s][info ][gc,task     ] GC(49) Using 7 workers of 13 for evacuation
[2025-12-01T05:49:12.163+0000][21.905s][info ][gc,phases   ] GC(49)   Pre Evacuate Collection Set: 0.3ms
[2025-12-01T05:49:12.163+0000][21.905s][info ][gc,phases   ] GC(49)   Merge Heap Roots: 0.4ms
[2025-12-01T05:49:12.163+0000][21.905s][info ][gc,phases   ] GC(49)   Evacuate Collection Set: 17.7ms
[2025-12-01T05:49:12.163+0000][21.905s][info ][gc,phases   ] GC(49)   Post Evacuate Collection Set: 1.0ms
[2025-12-01T05:49:12.163+0000][21.905s][info ][gc,phases   ] GC(49)   Other: 0.1ms
[2025-12-01T05:49:12.163+0000][21.905s][info ][gc,heap     ] GC(49) Eden regions: 91->0(54)
[2025-12-01T05:49:12.163+0000][21.905s][info ][gc,heap     ] GC(49) Survivor regions: 2->12(12)
[2025-12-01T05:49:12.163+0000][21.905s][info ][gc,heap     ] GC(49) Old regions: 130->154
[2025-12-01T05:49:12.163+0000][21.905s][info ][gc,heap     ] GC(49) Archive regions: 2->2
[2025-12-01T05:49:12.163+0000][21.905s][info ][gc,heap     ] GC(49) Humongous regions: 3->3
[2025-12-01T05:49:12.163+0000][21.905s][info ][gc,metaspace] GC(49) Metaspace: 93130K(93696K)->93130K(93696K) NonClass: 80594K(80896K)->80594K(80896K) Class: 12536K(12800K)->12536K(12800K)
[2025-12-01T05:49:12.163+0000][21.905s][info ][gc          ] GC(49) Pause Young (Normal) (G1 Evacuation Pause) 225M->169M(293M) 19.584ms
[2025-12-01T05:49:12.163+0000][21.905s][info ][gc,cpu      ] GC(49) User=0.11s Sys=0.00s Real=0.02s
[2025-12-01T05:49:12.163+0000][21.905s][info ][safepoint   ] Safepoint "G1CollectForAllocation", Time since last: 179663328 ns, Reaching safepoint: 55358 ns, Cleanup: 14979 ns, At safepoint: 19667852 ns, Total: 19738189 ns
[2025-12-01T05:49:12.211+0000][21.954s][debug][safepoint   ] Safepoint synchronization initiated using futex wait barrier. (22 threads)
[2025-12-01T05:49:12.212+0000][21.954s][info ][gc,start    ] GC(50) Pause Young (Normal) (G1 Evacuation Pause)
[2025-12-01T05:49:12.212+0000][21.954s][info ][gc,task     ] GC(50) Using 7 workers of 13 for evacuation
[2025-12-01T05:49:12.226+0000][21.969s][info ][gc,phases   ] GC(50)   Pre Evacuate Collection Set: 0.3ms
[2025-12-01T05:49:12.226+0000][21.969s][info ][gc,phases   ] GC(50)   Merge Heap Roots: 0.3ms
[2025-12-01T05:49:12.226+0000][21.969s][info ][gc,phases   ] GC(50)   Evacuate Collection Set: 13.0ms
[2025-12-01T05:49:12.226+0000][21.969s][info ][gc,phases   ] GC(50)   Post Evacuate Collection Set: 0.9ms
[2025-12-01T05:49:12.226+0000][21.969s][info ][gc,phases   ] GC(50)   Other: 0.1ms
[2025-12-01T05:49:12.226+0000][21.969s][info ][gc,heap     ] GC(50) Eden regions: 54->0(41)
[2025-12-01T05:49:12.226+0000][21.969s][info ][gc,heap     ] GC(50) Survivor regions: 12->9(9)
[2025-12-01T05:49:12.226+0000][21.969s][info ][gc,heap     ] GC(50) Old regions: 154->175
[2025-12-01T05:49:12.226+0000][21.969s][info ][gc,heap     ] GC(50) Archive regions: 2->2
[2025-12-01T05:49:12.226+0000][21.969s][info ][gc,heap     ] GC(50) Humongous regions: 4->4
[2025-12-01T05:49:12.226+0000][21.969s][info ][gc,metaspace] GC(50) Metaspace: 93130K(93696K)->93130K(93696K) NonClass: 80594K(80896K)->80594K(80896K) Class: 12536K(12800K)->12536K(12800K)
[2025-12-01T05:49:12.226+0000][21.969s][info ][gc          ] GC(50) Pause Young (Normal) (G1 Evacuation Pause) 224M->188M(293M) 14.765ms
[2025-12-01T05:49:12.226+0000][21.969s][info ][gc,cpu      ] GC(50) User=0.08s Sys=0.00s Real=0.02s
[2025-12-01T05:49:12.226+0000][21.969s][info ][safepoint   ] Safepoint "G1CollectForAllocation", Time since last: 48526940 ns, Reaching safepoint: 50628 ns, Cleanup: 9278 ns, At safepoint: 14829294 ns, Total: 14889200 ns
[2025-12-01T05:49:12.268+0000][22.010s][debug][safepoint   ] Safepoint synchronization initiated using futex wait barrier. (22 threads)
[2025-12-01T05:49:12.268+0000][22.010s][info ][gc,start    ] GC(51) Pause Young (Concurrent Start) (G1 Evacuation Pause)
[2025-12-01T05:49:12.268+0000][22.010s][info ][gc,task     ] GC(51) Using 7 workers of 13 for evacuation
[2025-12-01T05:49:12.280+0000][22.022s][info ][gc,phases   ] GC(51)   Pre Evacuate Collection Set: 0.3ms
[2025-12-01T05:49:12.280+0000][22.022s][info ][gc,phases   ] GC(51)   Merge Heap Roots: 0.2ms
[2025-12-01T05:49:12.280+0000][22.022s][info ][gc,phases   ] GC(51)   Evacuate Collection Set: 10.3ms
[2025-12-01T05:49:12.280+0000][22.022s][info ][gc,phases   ] GC(51)   Post Evacuate Collection Set: 1.0ms
[2025-12-01T05:49:12.280+0000][22.022s][info ][gc,phases   ] GC(51)   Other: 0.1ms
[2025-12-01T05:49:12.280+0000][22.022s][info ][gc,heap     ] GC(51) Eden regions: 41->0(39)
[2025-12-01T05:49:12.280+0000][22.022s][info ][gc,heap     ] GC(51) Survivor regions: 9->6(7)
[2025-12-01T05:49:12.280+0000][22.022s][info ][gc,heap     ] GC(51) Old regions: 175->186
[2025-12-01T05:49:12.280+0000][22.022s][info ][gc,heap     ] GC(51) Archive regions: 2->2
[2025-12-01T05:49:12.280+0000][22.022s][info ][gc,heap     ] GC(51) Humongous regions: 4->4
[2025-12-01T05:49:12.280+0000][22.022s][info ][gc,metaspace] GC(51) Metaspace: 93130K(93696K)->93130K(93696K) NonClass: 80594K(80896K)->80594K(80896K) Class: 12536K(12800K)->12536K(12800K)
[2025-12-01T05:49:12.280+0000][22.022s][info ][gc          ] GC(51) Pause Young (Concurrent Start) (G1 Evacuation Pause) 229M->195M(293M) 11.940ms
[2025-12-01T05:49:12.280+0000][22.022s][info ][gc,cpu      ] GC(51) User=0.06s Sys=0.00s Real=0.01s
[2025-12-01T05:49:12.280+0000][22.022s][info ][safepoint   ] Safepoint "G1CollectForAllocation", Time since last: 41374206 ns, Reaching safepoint: 48474 ns, Cleanup: 11693 ns, At safepoint: 12031219 ns, Total: 12091386 ns
[2025-12-01T05:49:12.280+0000][22.022s][info ][gc          ] GC(52) Concurrent Mark Cycle
[2025-12-01T05:49:12.280+0000][22.022s][info ][gc,marking  ] GC(52) Concurrent Clear Claimed Marks
[2025-12-01T05:49:12.280+0000][22.022s][info ][gc,marking  ] GC(52) Concurrent Clear Claimed Marks 0.081ms
[2025-12-01T05:49:12.280+0000][22.022s][info ][gc,marking  ] GC(52) Concurrent Scan Root Regions
[2025-12-01T05:49:12.282+0000][22.025s][info ][gc,marking  ] GC(52) Concurrent Scan Root Regions 2.299ms
[2025-12-01T05:49:12.282+0000][22.025s][info ][gc,marking  ] GC(52) Concurrent Mark
[2025-12-01T05:49:12.282+0000][22.025s][info ][gc,marking  ] GC(52) Concurrent Mark From Roots
[2025-12-01T05:49:12.282+0000][22.025s][info ][gc,task     ] GC(52) Using 3 workers of 3 for marking
[2025-12-01T05:49:12.335+0000][22.078s][info ][gc,marking  ] GC(52) Concurrent Mark From Roots 52.998ms
[2025-12-01T05:49:12.335+0000][22.078s][info ][gc,marking  ] GC(52) Concurrent Preclean
[2025-12-01T05:49:12.336+0000][22.078s][info ][gc,marking  ] GC(52) Concurrent Preclean 0.276ms
[2025-12-01T05:49:12.336+0000][22.078s][debug][safepoint   ] Safepoint synchronization initiated using futex wait barrier. (22 threads)
[2025-12-01T05:49:12.336+0000][22.078s][info ][gc,start    ] GC(52) Pause Remark
[2025-12-01T05:49:12.340+0000][22.083s][info ][gc          ] GC(52) Pause Remark 208M->184M(312M) 4.634ms
[2025-12-01T05:49:12.341+0000][22.083s][info ][gc,cpu      ] GC(52) User=0.03s Sys=0.00s Real=0.00s
[2025-12-01T05:49:12.341+0000][22.083s][info ][safepoint   ] Safepoint "G1PauseRemark", Time since last: 55877317 ns, Reaching safepoint: 137497 ns, Cleanup: 3256 ns, At safepoint: 4751659 ns, Total: 4892412 ns
[2025-12-01T05:49:12.341+0000][22.083s][info ][gc,marking  ] GC(52) Concurrent Mark 58.362ms
[2025-12-01T05:49:12.341+0000][22.083s][info ][gc,marking  ] GC(52) Concurrent Rebuild Remembered Sets
[2025-12-01T05:49:12.366+0000][22.109s][info ][gc,marking  ] GC(52) Concurrent Rebuild Remembered Sets 25.608ms
[2025-12-01T05:49:12.366+0000][22.109s][debug][safepoint   ] Safepoint synchronization initiated using futex wait barrier. (22 threads)
[2025-12-01T05:49:12.366+0000][22.109s][info ][gc,start    ] GC(52) Pause Cleanup
[2025-12-01T05:49:12.367+0000][22.109s][info ][gc          ] GC(52) Pause Cleanup 188M->188M(312M) 0.284ms
[2025-12-01T05:49:12.367+0000][22.109s][info ][gc,cpu      ] GC(52) User=0.00s Sys=0.00s Real=0.00s
[2025-12-01T05:49:12.367+0000][22.109s][info ][safepoint   ] Safepoint "G1PauseCleanup", Time since last: 25777231 ns, Reaching safepoint: 124331 ns, Cleanup: 2935 ns, At safepoint: 350030 ns, Total: 477296 ns
[2025-12-01T05:49:12.367+0000][22.109s][info ][gc,marking  ] GC(52) Concurrent Cleanup for Next Mark
[2025-12-01T05:49:12.368+0000][22.111s][info ][gc,marking  ] GC(52) Concurrent Cleanup for Next Mark 1.200ms
[2025-12-01T05:49:12.368+0000][22.111s][info ][gc          ] GC(52) Concurrent Mark Cycle 88.293ms
[2025-12-01T05:49:12.497+0000][22.240s][debug][safepoint   ] Safepoint synchronization initiated using futex wait barrier. (21 threads)
[2025-12-01T05:49:12.497+0000][22.240s][info ][gc,start    ] GC(53) Pause Young (Prepare Mixed) (G1 Evacuation Pause)
[2025-12-01T05:49:12.497+0000][22.240s][info ][gc,task     ] GC(53) Using 7 workers of 13 for evacuation
[2025-12-01T05:49:12.501+0000][22.243s][info ][gc,phases   ] GC(53)   Pre Evacuate Collection Set: 0.3ms
[2025-12-01T05:49:12.501+0000][22.243s][info ][gc,phases   ] GC(53)   Merge Heap Roots: 0.3ms
[2025-12-01T05:49:12.501+0000][22.243s][info ][gc,phases   ] GC(53)   Evacuate Collection Set: 1.8ms
[2025-12-01T05:49:12.501+0000][22.243s][info ][gc,phases   ] GC(53)   Post Evacuate Collection Set: 1.1ms
[2025-12-01T05:49:12.501+0000][22.243s][info ][gc,phases   ] GC(53)   Other: 0.1ms
[2025-12-01T05:49:12.501+0000][22.243s][info ][gc,heap     ] GC(53) Eden regions: 39->0(14)
[2025-12-01T05:49:12.501+0000][22.243s][info ][gc,heap     ] GC(53) Survivor regions: 6->1(6)
[2025-12-01T05:49:12.501+0000][22.243s][info ][gc,heap     ] GC(53) Old regions: 166->167
[2025-12-01T05:49:12.501+0000][22.243s][info ][gc,heap     ] GC(53) Archive regions: 2->2
[2025-12-01T05:49:12.501+0000][22.243s][info ][gc,heap     ] GC(53) Humongous regions: 0->0
[2025-12-01T05:49:12.501+0000][22.243s][info ][gc,metaspace] GC(53) Metaspace: 94821K(95424K)->94821K(95424K) NonClass: 81963K(82304K)->81963K(82304K) Class: 12858K(13120K)->12858K(13120K)
[2025-12-01T05:49:12.501+0000][22.243s][info ][gc          ] GC(53) Pause Young (Prepare Mixed) (G1 Evacuation Pause) 210M->168M(312M) 3.672ms
[2025-12-01T05:49:12.501+0000][22.243s][info ][gc,cpu      ] GC(53) User=0.01s Sys=0.00s Real=0.00s
[2025-12-01T05:49:12.501+0000][22.243s][info ][safepoint   ] Safepoint "G1CollectForAllocation", Time since last: 130331967 ns, Reaching safepoint: 51761 ns, Cleanup: 51540 ns, At safepoint: 3775183 ns, Total: 3878484 ns
[2025-12-01T05:49:12.571+0000][22.313s][debug][safepoint   ] Safepoint synchronization initiated using futex wait barrier. (22 threads)
[2025-12-01T05:49:12.571+0000][22.314s][info ][gc,start    ] GC(54) Pause Young (Mixed) (G1 Evacuation Pause)
[2025-12-01T05:49:12.571+0000][22.314s][info ][gc,task     ] GC(54) Using 7 workers of 13 for evacuation
[2025-12-01T05:49:12.588+0000][22.330s][info ][gc,phases   ] GC(54)   Pre Evacuate Collection Set: 0.2ms
[2025-12-01T05:49:12.588+0000][22.331s][info ][gc,phases   ] GC(54)   Merge Heap Roots: 0.2ms
[2025-12-01T05:49:12.588+0000][22.331s][info ][gc,phases   ] GC(54)   Evacuate Collection Set: 1.7ms
[2025-12-01T05:49:12.588+0000][22.331s][info ][gc,phases   ] GC(54)   Post Evacuate Collection Set: 14.7ms
[2025-12-01T05:49:12.588+0000][22.331s][info ][gc,phases   ] GC(54)   Other: 0.1ms
[2025-12-01T05:49:12.588+0000][22.331s][info ][gc,heap     ] GC(54) Eden regions: 14->0(45)
[2025-12-01T05:49:12.588+0000][22.331s][info ][gc,heap     ] GC(54) Survivor regions: 1->1(2)
[2025-12-01T05:49:12.588+0000][22.331s][info ][gc,heap     ] GC(54) Old regions: 167->136
[2025-12-01T05:49:12.588+0000][22.331s][info ][gc,heap     ] GC(54) Archive regions: 2->2
[2025-12-01T05:49:12.588+0000][22.331s][info ][gc,heap     ] GC(54) Humongous regions: 0->0
[2025-12-01T05:49:12.588+0000][22.331s][info ][gc,metaspace] GC(54) Metaspace: 95805K(96384K)->95805K(96384K) NonClass: 82834K(83136K)->82834K(83136K) Class: 12971K(13248K)->12971K(13248K)
[2025-12-01T05:49:12.588+0000][22.331s][info ][gc          ] GC(54) Pause Young (Mixed) (G1 Evacuation Pause) 182M->137M(936M) 17.052ms
[2025-12-01T05:49:12.588+0000][22.331s][info ][gc,cpu      ] GC(54) User=0.01s Sys=0.02s Real=0.02s
[2025-12-01T05:49:12.588+0000][22.331s][info ][safepoint   ] Safepoint "G1CollectForAllocation", Time since last: 70031248 ns, Reaching safepoint: 30760 ns, Cleanup: 10200 ns, At safepoint: 17147668 ns, Total: 17188628 ns
[2025-12-01T05:49:12.882+0000][22.624s][debug][safepoint   ] Safepoint synchronization initiated using futex wait barrier. (23 threads)
[2025-12-01T05:49:12.882+0000][22.624s][info ][gc,start    ] GC(55) Pause Young (Mixed) (G1 Evacuation Pause)
[2025-12-01T05:49:12.882+0000][22.624s][info ][gc,task     ] GC(55) Using 13 workers of 13 for evacuation
[2025-12-01T05:49:12.888+0000][22.631s][info ][gc,phases   ] GC(55)   Pre Evacuate Collection Set: 0.4ms
[2025-12-01T05:49:12.888+0000][22.631s][info ][gc,phases   ] GC(55)   Merge Heap Roots: 0.3ms
[2025-12-01T05:49:12.888+0000][22.631s][info ][gc,phases   ] GC(55)   Evacuate Collection Set: 4.2ms
[2025-12-01T05:49:12.888+0000][22.631s][info ][gc,phases   ] GC(55)   Post Evacuate Collection Set: 1.4ms
[2025-12-01T05:49:12.888+0000][22.631s][info ][gc,phases   ] GC(55)   Other: 0.1ms
[2025-12-01T05:49:12.888+0000][22.631s][info ][gc,heap     ] GC(55) Eden regions: 45->0(444)
[2025-12-01T05:49:12.888+0000][22.631s][info ][gc,heap     ] GC(55) Survivor regions: 1->2(6)
[2025-12-01T05:49:12.888+0000][22.631s][info ][gc,heap     ] GC(55) Old regions: 136->128
[2025-12-01T05:49:12.888+0000][22.631s][info ][gc,heap     ] GC(55) Archive regions: 2->2
[2025-12-01T05:49:12.888+0000][22.631s][info ][gc,heap     ] GC(55) Humongous regions: 0->0
[2025-12-01T05:49:12.888+0000][22.631s][info ][gc,metaspace] GC(55) Metaspace: 97066K(97664K)->97066K(97664K) NonClass: 83908K(84224K)->83908K(84224K) Class: 13158K(13440K)->13158K(13440K)
[2025-12-01T05:49:12.888+0000][22.631s][info ][gc          ] GC(55) Pause Young (Mixed) (G1 Evacuation Pause) 182M->129M(936M) 6.486ms
[2025-12-01T05:49:12.888+0000][22.631s][info ][gc,cpu      ] GC(55) User=0.03s Sys=0.01s Real=0.01s
[2025-12-01T05:49:12.888+0000][22.631s][info ][safepoint   ] Safepoint "G1CollectForAllocation", Time since last: 293285979 ns, Reaching safepoint: 46651 ns, Cleanup: 77200 ns, At safepoint: 6567236 ns, Total: 6691087 ns
[2025-12-01T05:49:13.693+0000][23.435s][debug][safepoint   ] Safepoint synchronization initiated using futex wait barrier. (26 threads)
[2025-12-01T05:49:13.693+0000][23.435s][info ][safepoint   ] Safepoint "ICBufferFull", Time since last: 804506136 ns, Reaching safepoint: 43093 ns, Cleanup: 175922 ns, At safepoint: 2174 ns, Total: 221189 ns
[2025-12-01T05:49:15.019+0000][24.761s][debug][safepoint   ] Safepoint synchronization initiated using futex wait barrier. (28 threads)
[2025-12-01T05:49:15.019+0000][24.762s][info ][safepoint   ] Safepoint "ICBufferFull", Time since last: 1326012215 ns, Reaching safepoint: 55497 ns, Cleanup: 151631 ns, At safepoint: 2495 ns, Total: 209623 ns
[2025-12-01T05:49:16.192+0000][25.934s][debug][safepoint   ] Safepoint synchronization initiated using futex wait barrier. (29 threads)
[2025-12-01T05:49:16.192+0000][25.934s][info ][safepoint   ] Safepoint "Cleanup", Time since last: 1172378644 ns, Reaching safepoint: 238118 ns, Cleanup: 127845 ns, At safepoint: 24928 ns, Total: 390891 ns
[2025-12-01T05:49:16.569+0000][26.312s][debug][safepoint   ] Safepoint synchronization initiated using futex wait barrier. (29 threads)
[2025-12-01T05:49:16.569+0000][26.312s][info ][gc,start    ] GC(56) Pause Young (Normal) (G1 Evacuation Pause)
[2025-12-01T05:49:16.569+0000][26.312s][info ][gc,task     ] GC(56) Using 13 workers of 13 for evacuation
[2025-12-01T05:49:16.583+0000][26.325s][info ][gc,phases   ] GC(56)   Pre Evacuate Collection Set: 0.6ms
[2025-12-01T05:49:16.583+0000][26.325s][info ][gc,phases   ] GC(56)   Merge Heap Roots: 0.4ms
[2025-12-01T05:49:16.583+0000][26.325s][info ][gc,phases   ] GC(56)   Evacuate Collection Set: 9.7ms
[2025-12-01T05:49:16.583+0000][26.325s][info ][gc,phases   ] GC(56)   Post Evacuate Collection Set: 2.3ms
[2025-12-01T05:49:16.583+0000][26.325s][info ][gc,phases   ] GC(56)   Other: 0.3ms
[2025-12-01T05:49:16.583+0000][26.325s][info ][gc,heap     ] GC(56) Eden regions: 444->0(548)
[2025-12-01T05:49:16.583+0000][26.325s][info ][gc,heap     ] GC(56) Survivor regions: 2->13(56)
[2025-12-01T05:49:16.583+0000][26.325s][info ][gc,heap     ] GC(56) Old regions: 128->128
[2025-12-01T05:49:16.583+0000][26.325s][info ][gc,heap     ] GC(56) Archive regions: 2->2
[2025-12-01T05:49:16.583+0000][26.325s][info ][gc,heap     ] GC(56) Humongous regions: 0->0
[2025-12-01T05:49:16.583+0000][26.325s][info ][gc,metaspace] GC(56) Metaspace: 110130K(110784K)->110130K(110784K) NonClass: 95610K(95936K)->95610K(95936K) Class: 14520K(14848K)->14520K(14848K)
[2025-12-01T05:49:16.583+0000][26.325s][info ][gc          ] GC(56) Pause Young (Normal) (G1 Evacuation Pause) 573M->140M(936M) 13.371ms
[2025-12-01T05:49:16.583+0000][26.325s][info ][gc,cpu      ] GC(56) User=0.05s Sys=0.07s Real=0.02s
[2025-12-01T05:49:16.583+0000][26.325s][info ][safepoint   ] Safepoint "G1CollectForAllocation", Time since last: 377358381 ns, Reaching safepoint: 57862 ns, Cleanup: 37111 ns, At safepoint: 13511959 ns, Total: 13606932 ns
[2025-12-01T05:49:17.797+0000][27.539s][debug][safepoint   ] Safepoint synchronization initiated using futex wait barrier. (41 threads)
[2025-12-01T05:49:17.797+0000][27.539s][info ][safepoint   ] Safepoint "Cleanup", Time since last: 1213609824 ns, Reaching safepoint: 126082 ns, Cleanup: 134980 ns, At safepoint: 55907 ns, Total: 316969 ns
[2025-12-01T05:49:18.471+0000][28.215s][debug][safepoint   ] Safepoint synchronization initiated using futex wait barrier. (46 threads)
[2025-12-01T05:49:18.471+0000][28.216s][info ][safepoint   ] Safepoint "ICBufferFull", Time since last: 676221621 ns, Reaching safepoint: 48383 ns, Cleanup: 169536 ns, At safepoint: 40258 ns, Total: 258177 ns
[2025-12-01T05:49:18.881+0000][28.625s][debug][safepoint   ] Safepoint synchronization initiated using futex wait barrier. (46 threads)
[2025-12-01T05:49:18.881+0000][28.626s][info ][safepoint   ] Safepoint "ICBufferFull", Time since last: 409744820 ns, Reaching safepoint: 64594 ns, Cleanup: 127335 ns, At safepoint: 2354 ns, Total: 194283 ns
[2025-12-01T05:49:19.109+0000][28.854s][debug][safepoint   ] Safepoint synchronization initiated using futex wait barrier. (45 threads)
[2025-12-01T05:49:19.109+0000][28.854s][info ][safepoint   ] Safepoint "ICBufferFull", Time since last: 228067151 ns, Reaching safepoint: 42121 ns, Cleanup: 117165 ns, At safepoint: 1813 ns, Total: 161099 ns
[2025-12-01T05:49:20.074+0000][29.819s][debug][safepoint   ] Safepoint synchronization initiated using futex wait barrier. (45 threads)
[2025-12-01T05:49:20.074+0000][29.819s][info ][safepoint   ] Safepoint "ICBufferFull", Time since last: 965189693 ns, Reaching safepoint: 54475 ns, Cleanup: 189374 ns, At safepoint: 4178 ns, Total: 248027 ns
[2025-12-01T05:49:20.199+0000][29.944s][debug][safepoint   ] Safepoint synchronization initiated using futex wait barrier. (45 threads)
[2025-12-01T05:49:20.199+0000][29.944s][info ][gc,start    ] GC(57) Pause Young (Normal) (G1 Evacuation Pause)
[2025-12-01T05:49:20.199+0000][29.944s][info ][gc,task     ] GC(57) Using 13 workers of 13 for evacuation
[2025-12-01T05:49:20.257+0000][30.002s][info ][gc,phases   ] GC(57)   Pre Evacuate Collection Set: 0.4ms
[2025-12-01T05:49:20.257+0000][30.002s][info ][gc,phases   ] GC(57)   Merge Heap Roots: 0.3ms
[2025-12-01T05:49:20.257+0000][30.002s][info ][gc,phases   ] GC(57)   Evacuate Collection Set: 54.6ms
[2025-12-01T05:49:20.257+0000][30.002s][info ][gc,phases   ] GC(57)   Post Evacuate Collection Set: 2.3ms
[2025-12-01T05:49:20.257+0000][30.002s][info ][gc,phases   ] GC(57)   Other: 0.2ms
[2025-12-01T05:49:20.257+0000][30.002s][info ][gc,heap     ] GC(57) Eden regions: 548->0(536)
[2025-12-01T05:49:20.257+0000][30.002s][info ][gc,heap     ] GC(57) Survivor regions: 13->25(71)
[2025-12-01T05:49:20.257+0000][30.002s][info ][gc,heap     ] GC(57) Old regions: 128->128
[2025-12-01T05:49:20.257+0000][30.002s][info ][gc,heap     ] GC(57) Archive regions: 2->2
[2025-12-01T05:49:20.257+0000][30.002s][info ][gc,heap     ] GC(57) Humongous regions: 0->0
[2025-12-01T05:49:20.257+0000][30.002s][info ][gc,metaspace] GC(57) Metaspace: 122651K(123328K)->122651K(123328K) NonClass: 106930K(107264K)->106930K(107264K) Class: 15721K(16064K)->15721K(16064K)
[2025-12-01T05:49:20.257+0000][30.002s][info ][gc          ] GC(57) Pause Young (Normal) (G1 Evacuation Pause) 688M->152M(936M) 57.821ms
[2025-12-01T05:49:20.257+0000][30.002s][info ][gc,cpu      ] GC(57) User=0.47s Sys=0.23s Real=0.06s
[2025-12-01T05:49:20.258+0000][30.003s][info ][safepoint   ] Safepoint "G1CollectForAllocation", Time since last: 124973582 ns, Reaching safepoint: 49144 ns, Cleanup: 23315 ns, At safepoint: 58152710 ns, Total: 58225169 ns
[2025-12-01T05:49:21.259+0000][31.004s][debug][safepoint   ] Safepoint synchronization initiated using futex wait barrier. (47 threads)
[2025-12-01T05:49:21.260+0000][31.005s][info ][safepoint   ] Safepoint "ICBufferFull", Time since last: 1001685126 ns, Reaching safepoint: 85164 ns, Cleanup: 302852 ns, At safepoint: 5240 ns, Total: 393256 ns
[2025-12-01T05:49:22.274+0000][32.019s][debug][safepoint   ] Safepoint synchronization initiated using futex wait barrier. (61 threads)
[2025-12-01T05:49:22.274+0000][32.019s][info ][safepoint   ] Safepoint "Cleanup", Time since last: 1014536848 ns, Reaching safepoint: 49096 ns, Cleanup: 116126 ns, At safepoint: 66629 ns, Total: 231851 ns
[2025-12-01T05:49:23.422+0000][33.167s][debug][safepoint   ] Safepoint synchronization initiated using futex wait barrier. (61 threads)
[2025-12-01T05:49:23.422+0000][33.167s][info ][safepoint   ] Safepoint "ICBufferFull", Time since last: 1147178979 ns, Reaching safepoint: 65147 ns, Cleanup: 213284 ns, At safepoint: 4038 ns, Total: 282469 ns
[2025-12-01T05:49:23.593+0000][33.338s][debug][safepoint   ] Safepoint synchronization initiated using futex wait barrier. (59 threads)
[2025-12-01T05:49:23.593+0000][33.338s][info ][gc,start    ] GC(58) Pause Young (Normal) (G1 Evacuation Pause)
[2025-12-01T05:49:23.593+0000][33.338s][info ][gc,task     ] GC(58) Using 13 workers of 13 for evacuation
[2025-12-01T05:49:23.623+0000][33.368s][info ][gc,phases   ] GC(58)   Pre Evacuate Collection Set: 0.5ms
[2025-12-01T05:49:23.623+0000][33.368s][info ][gc,phases   ] GC(58)   Merge Heap Roots: 0.5ms
[2025-12-01T05:49:23.623+0000][33.368s][info ][gc,phases   ] GC(58)   Evacuate Collection Set: 25.2ms
[2025-12-01T05:49:23.623+0000][33.368s][info ][gc,phases   ] GC(58)   Post Evacuate Collection Set: 3.5ms
[2025-12-01T05:49:23.623+0000][33.368s][info ][gc,phases   ] GC(58)   Other: 0.2ms
[2025-12-01T05:49:23.623+0000][33.368s][info ][gc,heap     ] GC(58) Eden regions: 536->0(519)
[2025-12-01T05:49:23.623+0000][33.368s][info ][gc,heap     ] GC(58) Survivor regions: 25->42(71)
[2025-12-01T05:49:23.623+0000][33.368s][info ][gc,heap     ] GC(58) Old regions: 128->128
[2025-12-01T05:49:23.623+0000][33.368s][info ][gc,heap     ] GC(58) Archive regions: 2->2
[2025-12-01T05:49:23.623+0000][33.368s][info ][gc,heap     ] GC(58) Humongous regions: 1->0
[2025-12-01T05:49:23.623+0000][33.368s][info ][gc,metaspace] GC(58) Metaspace: 140268K(141440K)->140268K(141440K) NonClass: 122960K(123584K)->122960K(123584K) Class: 17308K(17856K)->17308K(17856K)
[2025-12-01T05:49:23.623+0000][33.368s][info ][gc          ] GC(58) Pause Young (Normal) (G1 Evacuation Pause) 689M->170M(936M) 29.910ms
[2025-12-01T05:49:23.623+0000][33.368s][info ][gc,cpu      ] GC(58) User=0.17s Sys=0.09s Real=0.03s
[2025-12-01T05:49:23.623+0000][33.368s][info ][safepoint   ] Safepoint "G1CollectForAllocation", Time since last: 171225427 ns, Reaching safepoint: 49586 ns, Cleanup: 17555 ns, At safepoint: 30177853 ns, Total: 30244994 ns
[2025-12-01T05:49:24.821+0000][34.566s][info ][cds,heap    ] initialize_from_archived_subgraph jdk.internal.math.FDBigInteger 0x00007d8dcb14dd58
[2025-12-01T05:49:25.004+0000][34.749s][debug][safepoint   ] ... found polling page loop exception at pc = 0x00007d8e3594b279, stub =0x00007d8e34a04400
[2025-12-01T05:49:25.004+0000][34.749s][debug][safepoint   ] Safepoint synchronization initiated using futex wait barrier. (67 threads)
[2025-12-01T05:49:25.004+0000][34.749s][info ][safepoint   ] Safepoint "Cleanup", Time since last: 1380683662 ns, Reaching safepoint: 17875 ns, Cleanup: 133560 ns, At safepoint: 91227 ns, Total: 242662 ns
[2025-12-01T05:49:26.022+0000][35.767s][debug][safepoint   ] Safepoint synchronization initiated using futex wait barrier. (81 threads)
[2025-12-01T05:49:26.024+0000][35.769s][info ][safepoint   ] Safepoint "Cleanup", Time since last: 1017397402 ns, Reaching safepoint: 2167476 ns, Cleanup: 91668 ns, At safepoint: 5010 ns, Total: 2264154 ns
[2025-12-01T05:49:26.087+0000][35.832s][debug][safepoint   ] Safepoint synchronization initiated using futex wait barrier. (81 threads)
[2025-12-01T05:49:26.087+0000][35.832s][info ][gc,start    ] GC(59) Pause Young (Normal) (G1 Evacuation Pause)
[2025-12-01T05:49:26.087+0000][35.832s][info ][gc,task     ] GC(59) Using 13 workers of 13 for evacuation
[2025-12-01T05:49:26.118+0000][35.863s][info ][gc,phases   ] GC(59)   Pre Evacuate Collection Set: 0.6ms
[2025-12-01T05:49:26.118+0000][35.863s][info ][gc,phases   ] GC(59)   Merge Heap Roots: 0.3ms
[2025-12-01T05:49:26.118+0000][35.863s][info ][gc,phases   ] GC(59)   Evacuate Collection Set: 26.0ms
[2025-12-01T05:49:26.118+0000][35.863s][info ][gc,phases   ] GC(59)   Post Evacuate Collection Set: 4.0ms
[2025-12-01T05:49:26.118+0000][35.863s][info ][gc,phases   ] GC(59)   Other: 0.2ms
[2025-12-01T05:49:26.118+0000][35.863s][info ][gc,heap     ] GC(59) Eden regions: 519->0(519)
[2025-12-01T05:49:26.118+0000][35.863s][info ][gc,heap     ] GC(59) Survivor regions: 42->42(71)
[2025-12-01T05:49:26.118+0000][35.863s][info ][gc,heap     ] GC(59) Old regions: 128->139
[2025-12-01T05:49:26.118+0000][35.863s][info ][gc,heap     ] GC(59) Archive regions: 2->2
[2025-12-01T05:49:26.118+0000][35.863s][info ][gc,heap     ] GC(59) Humongous regions: 0->0
[2025-12-01T05:49:26.118+0000][35.863s][info ][gc,metaspace] GC(59) Metaspace: 154104K(155264K)->154104K(155264K) NonClass: 135325K(135936K)->135325K(135936K) Class: 18778K(19328K)->18778K(19328K)
[2025-12-01T05:49:26.118+0000][35.863s][info ][gc          ] GC(59) Pause Young (Normal) (G1 Evacuation Pause) 689M->181M(936M) 31.053ms
[2025-12-01T05:49:26.119+0000][35.863s][info ][gc,cpu      ] GC(59) User=0.31s Sys=0.03s Real=0.03s
[2025-12-01T05:49:26.119+0000][35.864s][info ][safepoint   ] Safepoint "G1CollectForAllocation", Time since last: 63275352 ns, Reaching safepoint: 56600 ns, Cleanup: 24197 ns, At safepoint: 31308370 ns, Total: 31389167 ns
[2025-12-01T05:49:26.638+0000][36.383s][debug][safepoint   ] Safepoint synchronization initiated using futex wait barrier. (84 threads)
[2025-12-01T05:49:26.639+0000][36.384s][info ][safepoint   ] Safepoint "ICBufferFull", Time since last: 519836118 ns, Reaching safepoint: 434875 ns, Cleanup: 197935 ns, At safepoint: 94594 ns, Total: 727404 ns
[2025-12-01T05:49:27.030+0000][36.775s][debug][safepoint   ] Safepoint synchronization initiated using futex wait barrier. (82 threads)
[2025-12-01T05:49:27.031+0000][36.776s][info ][gc,start    ] GC(60) Pause Young (Concurrent Start) (Metadata GC Threshold)
[2025-12-01T05:49:27.031+0000][36.776s][info ][gc,task     ] GC(60) Using 13 workers of 13 for evacuation
[2025-12-01T05:49:27.057+0000][36.802s][info ][gc,phases   ] GC(60)   Pre Evacuate Collection Set: 0.9ms
[2025-12-01T05:49:27.057+0000][36.802s][info ][gc,phases   ] GC(60)   Merge Heap Roots: 0.5ms
[2025-12-01T05:49:27.057+0000][36.802s][info ][gc,phases   ] GC(60)   Evacuate Collection Set: 21.6ms
[2025-12-01T05:49:27.057+0000][36.802s][info ][gc,phases   ] GC(60)   Post Evacuate Collection Set: 3.1ms
[2025-12-01T05:49:27.057+0000][36.802s][info ][gc,phases   ] GC(60)   Other: 0.3ms
[2025-12-01T05:49:27.057+0000][36.802s][info ][gc,heap     ] GC(60) Eden regions: 218->0(525)
[2025-12-01T05:49:27.057+0000][36.802s][info ][gc,heap     ] GC(60) Survivor regions: 42->36(71)
[2025-12-01T05:49:27.057+0000][36.802s][info ][gc,heap     ] GC(60) Old regions: 139->151
[2025-12-01T05:49:27.057+0000][36.802s][info ][gc,heap     ] GC(60) Archive regions: 2->2
[2025-12-01T05:49:27.057+0000][36.802s][info ][gc,heap     ] GC(60) Humongous regions: 0->0
[2025-12-01T05:49:27.057+0000][36.802s][info ][gc,metaspace] GC(60) Metaspace: 155796K(156928K)->155796K(156928K) NonClass: 136735K(137344K)->136735K(137344K) Class: 19060K(19584K)->19060K(19584K)
[2025-12-01T05:49:27.057+0000][36.802s][info ][gc          ] GC(60) Pause Young (Concurrent Start) (Metadata GC Threshold) 399M->187M(936M) 26.456ms
[2025-12-01T05:49:27.057+0000][36.802s][info ][gc,cpu      ] GC(60) User=0.19s Sys=0.01s Real=0.03s
[2025-12-01T05:49:27.057+0000][36.802s][info ][gc          ] GC(61) Concurrent Mark Cycle
[2025-12-01T05:49:27.057+0000][36.802s][info ][gc,marking  ] GC(61) Concurrent Clear Claimed Marks
[2025-12-01T05:49:27.057+0000][36.802s][info ][gc,marking  ] GC(61) Concurrent Clear Claimed Marks 0.174ms
[2025-12-01T05:49:27.057+0000][36.802s][info ][gc,marking  ] GC(61) Concurrent Scan Root Regions
[2025-12-01T05:49:27.057+0000][36.802s][info ][safepoint   ] Safepoint "CollectForMetadataAllocation", Time since last: 391092370 ns, Reaching safepoint: 74014 ns, Cleanup: 112919 ns, At safepoint: 26814444 ns, Total: 27001377 ns
[2025-12-01T05:49:27.071+0000][36.816s][info ][gc,marking  ] GC(61) Concurrent Scan Root Regions 13.353ms
[2025-12-01T05:49:27.071+0000][36.816s][info ][gc,marking  ] GC(61) Concurrent Mark
[2025-12-01T05:49:27.071+0000][36.816s][info ][gc,marking  ] GC(61) Concurrent Mark From Roots
[2025-12-01T05:49:27.071+0000][36.816s][info ][gc,task     ] GC(61) Using 3 workers of 3 for marking
[2025-12-01T05:49:27.132+0000][36.877s][info ][gc,marking  ] GC(61) Concurrent Mark From Roots 61.187ms
[2025-12-01T05:49:27.132+0000][36.877s][info ][gc,marking  ] GC(61) Concurrent Preclean
[2025-12-01T05:49:27.133+0000][36.878s][info ][gc,marking  ] GC(61) Concurrent Preclean 0.567ms
[2025-12-01T05:49:27.133+0000][36.878s][debug][safepoint   ] Safepoint synchronization initiated using futex wait barrier. (82 threads)
[2025-12-01T05:49:27.133+0000][36.878s][info ][gc,start    ] GC(61) Pause Remark
[2025-12-01T05:49:27.140+0000][36.885s][info ][gc          ] GC(61) Pause Remark 195M->182M(617M) 6.993ms
[2025-12-01T05:49:27.140+0000][36.885s][info ][gc,cpu      ] GC(61) User=0.03s Sys=0.00s Real=0.01s
[2025-12-01T05:49:27.140+0000][36.885s][info ][safepoint   ] Safepoint "G1PauseRemark", Time since last: 75391222 ns, Reaching safepoint: 306516 ns, Cleanup: 33986 ns, At safepoint: 7221534 ns, Total: 7562036 ns
[2025-12-01T05:49:27.140+0000][36.885s][info ][gc,marking  ] GC(61) Concurrent Mark 69.588ms
[2025-12-01T05:49:27.140+0000][36.885s][info ][gc,marking  ] GC(61) Concurrent Rebuild Remembered Sets
[2025-12-01T05:49:27.170+0000][36.915s][info ][gc,marking  ] GC(61) Concurrent Rebuild Remembered Sets 29.790ms
[2025-12-01T05:49:27.170+0000][36.915s][debug][safepoint   ] Safepoint synchronization initiated using futex wait barrier. (82 threads)
[2025-12-01T05:49:27.171+0000][36.916s][info ][gc,start    ] GC(61) Pause Cleanup
[2025-12-01T05:49:27.171+0000][36.916s][info ][gc          ] GC(61) Pause Cleanup 182M->182M(617M) 0.438ms
[2025-12-01T05:49:27.171+0000][36.916s][info ][gc,cpu      ] GC(61) User=0.00s Sys=0.00s Real=0.00s
[2025-12-01T05:49:27.171+0000][36.916s][info ][safepoint   ] Safepoint "G1PauseCleanup", Time since last: 30029715 ns, Reaching safepoint: 389728 ns, Cleanup: 12685 ns, At safepoint: 544789 ns, Total: 947202 ns
[2025-12-01T05:49:27.171+0000][36.916s][info ][gc,marking  ] GC(61) Concurrent Cleanup for Next Mark
[2025-12-01T05:49:27.177+0000][36.922s][info ][gc,marking  ] GC(61) Concurrent Cleanup for Next Mark 5.789ms
[2025-12-01T05:49:27.177+0000][36.922s][info ][gc          ] GC(61) Concurrent Mark Cycle 120.013ms
[2025-12-01T05:49:27.865+0000][37.610s][debug][safepoint   ] Safepoint synchronization initiated using futex wait barrier. (81 threads)
[2025-12-01T05:49:27.865+0000][37.610s][info ][safepoint   ] Safepoint "ICBufferFull", Time since last: 693595443 ns, Reaching safepoint: 55548 ns, Cleanup: 183567 ns, At safepoint: 3466 ns, Total: 242581 ns
[2025-12-01T05:49:28.549+0000][38.294s][debug][safepoint   ] Safepoint synchronization initiated using futex wait barrier. (99 threads)
[2025-12-01T05:49:28.549+0000][38.294s][info ][gc,start    ] GC(62) Pause Young (Prepare Mixed) (G1 Evacuation Pause)
[2025-12-01T05:49:28.549+0000][38.294s][info ][gc,task     ] GC(62) Using 13 workers of 13 for evacuation
[2025-12-01T05:49:28.571+0000][38.316s][info ][gc,phases   ] GC(62)   Pre Evacuate Collection Set: 0.4ms
[2025-12-01T05:49:28.571+0000][38.316s][info ][gc,phases   ] GC(62)   Merge Heap Roots: 0.4ms
[2025-12-01T05:49:28.571+0000][38.316s][info ][gc,phases   ] GC(62)   Evacuate Collection Set: 17.6ms
[2025-12-01T05:49:28.571+0000][38.316s][info ][gc,phases   ] GC(62)   Post Evacuate Collection Set: 3.3ms
[2025-12-01T05:49:28.571+0000][38.316s][info ][gc,phases   ] GC(62)   Other: 0.1ms
[2025-12-01T05:49:28.571+0000][38.316s][info ][gc,heap     ] GC(62) Eden regions: 334->0(3)
[2025-12-01T05:49:28.571+0000][38.316s][info ][gc,heap     ] GC(62) Survivor regions: 36->27(47)
[2025-12-01T05:49:28.571+0000][38.316s][info ][gc,heap     ] GC(62) Old regions: 138->154
[2025-12-01T05:49:28.571+0000][38.316s][info ][gc,heap     ] GC(62) Archive regions: 2->2
[2025-12-01T05:49:28.571+0000][38.316s][info ][gc,heap     ] GC(62) Humongous regions: 0->0
[2025-12-01T05:49:28.571+0000][38.316s][info ][gc,metaspace] GC(62) Metaspace: 160704K(161920K)->160704K(161920K) NonClass: 140882K(141504K)->140882K(141504K) Class: 19821K(20416K)->19821K(20416K)
[2025-12-01T05:49:28.571+0000][38.316s][info ][gc          ] GC(62) Pause Young (Prepare Mixed) (G1 Evacuation Pause) 508M->180M(617M) 21.870ms
[2025-12-01T05:49:28.571+0000][38.316s][info ][gc,cpu      ] GC(62) User=0.13s Sys=0.01s Real=0.02s
[2025-12-01T05:49:28.571+0000][38.316s][info ][safepoint   ] Safepoint "G1CollectForAllocation", Time since last: 683805256 ns, Reaching safepoint: 44727 ns, Cleanup: 68794 ns, At safepoint: 22159259 ns, Total: 22272780 ns
[2025-12-01T05:49:28.582+0000][38.327s][debug][safepoint   ] Safepoint synchronization initiated using futex wait barrier. (99 threads)
[2025-12-01T05:49:28.582+0000][38.327s][info ][gc,start    ] GC(63) Pause Young (Mixed) (G1 Evacuation Pause)
[2025-12-01T05:49:28.582+0000][38.327s][info ][gc,task     ] GC(63) Using 13 workers of 13 for evacuation
[2025-12-01T05:49:28.599+0000][38.344s][info ][gc,phases   ] GC(63)   Pre Evacuate Collection Set: 0.4ms
[2025-12-01T05:49:28.599+0000][38.344s][info ][gc,phases   ] GC(63)   Merge Heap Roots: 0.3ms
[2025-12-01T05:49:28.599+0000][38.344s][info ][gc,phases   ] GC(63)   Evacuate Collection Set: 13.7ms
[2025-12-01T05:49:28.599+0000][38.344s][info ][gc,phases   ] GC(63)   Post Evacuate Collection Set: 2.5ms
[2025-12-01T05:49:28.599+0000][38.344s][info ][gc,phases   ] GC(63)   Other: 0.2ms
[2025-12-01T05:49:28.599+0000][38.344s][info ][gc,heap     ] GC(63) Eden regions: 3->0(337)
[2025-12-01T05:49:28.599+0000][38.344s][info ][gc,heap     ] GC(63) Survivor regions: 27->4(4)
[2025-12-01T05:49:28.599+0000][38.344s][info ][gc,heap     ] GC(63) Old regions: 154->170
[2025-12-01T05:49:28.599+0000][38.344s][info ][gc,heap     ] GC(63) Archive regions: 2->2
[2025-12-01T05:49:28.599+0000][38.344s][info ][gc,heap     ] GC(63) Humongous regions: 0->0
[2025-12-01T05:49:28.599+0000][38.344s][info ][gc,metaspace] GC(63) Metaspace: 160863K(162112K)->160863K(162112K) NonClass: 141025K(141696K)->141025K(141696K) Class: 19837K(20416K)->19837K(20416K)
[2025-12-01T05:49:28.599+0000][38.344s][info ][gc          ] GC(63) Pause Young (Mixed) (G1 Evacuation Pause) 183M->174M(617M) 17.148ms
[2025-12-01T05:49:28.599+0000][38.344s][info ][gc,cpu      ] GC(63) User=0.11s Sys=0.01s Real=0.01s
[2025-12-01T05:49:28.599+0000][38.344s][info ][safepoint   ] Safepoint "G1CollectForAllocation", Time since last: 10496261 ns, Reaching safepoint: 68233 ns, Cleanup: 15119 ns, At safepoint: 17397561 ns, Total: 17480913 ns
[2025-12-01T05:49:29.001+0000][38.746s][debug][safepoint   ] Safepoint synchronization initiated using futex wait barrier. (145 threads)
[2025-12-01T05:49:29.001+0000][38.746s][debug][safepoint   ] ... found polling page loop exception at pc = 0x00007d8e354262ad, stub =0x00007d8e34a04400
[2025-12-01T05:49:29.002+0000][38.747s][info ][safepoint   ] Safepoint "ICBufferFull", Time since last: 402081628 ns, Reaching safepoint: 162797 ns, Cleanup: 166654 ns, At safepoint: 89915 ns, Total: 419366 ns
[2025-12-01T05:49:29.158+0000][38.903s][debug][safepoint   ] Safepoint synchronization initiated using futex wait barrier. (145 threads)
[2025-12-01T05:49:29.159+0000][38.904s][info ][safepoint   ] Safepoint "ICBufferFull", Time since last: 156780587 ns, Reaching safepoint: 174389 ns, Cleanup: 159330 ns, At safepoint: 168909 ns, Total: 502628 ns
[2025-12-01T05:49:29.358+0000][39.103s][debug][safepoint   ] Safepoint synchronization initiated using futex wait barrier. (142 threads)
[2025-12-01T05:49:29.358+0000][39.103s][info ][gc,start    ] GC(64) Pause Young (Normal) (G1 Evacuation Pause)
[2025-12-01T05:49:29.358+0000][39.103s][info ][gc,task     ] GC(64) Using 13 workers of 13 for evacuation
[2025-12-01T05:49:29.375+0000][39.120s][info ][gc,phases   ] GC(64)   Pre Evacuate Collection Set: 0.4ms
[2025-12-01T05:49:29.376+0000][39.120s][info ][gc,phases   ] GC(64)   Merge Heap Roots: 0.3ms
[2025-12-01T05:49:29.376+0000][39.120s][info ][gc,phases   ] GC(64)   Evacuate Collection Set: 15.2ms
[2025-12-01T05:49:29.376+0000][39.120s][info ][gc,phases   ] GC(64)   Post Evacuate Collection Set: 1.6ms
[2025-12-01T05:49:29.376+0000][39.120s][info ][gc,phases   ] GC(64)   Other: 0.2ms
[2025-12-01T05:49:29.376+0000][39.120s][info ][gc,heap     ] GC(64) Eden regions: 337->0(269)
[2025-12-01T05:49:29.376+0000][39.121s][info ][gc,heap     ] GC(64) Survivor regions: 4->43(43)
[2025-12-01T05:49:29.376+0000][39.121s][info ][gc,heap     ] GC(64) Old regions: 170->172
[2025-12-01T05:49:29.376+0000][39.121s][info ][gc,heap     ] GC(64) Archive regions: 2->2
[2025-12-01T05:49:29.376+0000][39.121s][info ][gc,heap     ] GC(64) Humongous regions: 2->2
[2025-12-01T05:49:29.376+0000][39.121s][info ][gc,metaspace] GC(64) Metaspace: 165946K(167232K)->165946K(167232K) NonClass: 145465K(146176K)->145465K(146176K) Class: 20480K(21056K)->20480K(21056K)
[2025-12-01T05:49:29.376+0000][39.121s][info ][gc          ] GC(64) Pause Young (Normal) (G1 Evacuation Pause) 513M->217M(617M) 17.783ms
[2025-12-01T05:49:29.376+0000][39.121s][info ][gc,cpu      ] GC(64) User=0.18s Sys=0.00s Real=0.02s
[2025-12-01T05:49:29.376+0000][39.121s][info ][safepoint   ] Safepoint "G1CollectForAllocation", Time since last: 198715513 ns, Reaching safepoint: 80857 ns, Cleanup: 72862 ns, At safepoint: 18232384 ns, Total: 18386103 ns
[2025-12-01T05:49:29.734+0000][39.479s][debug][safepoint   ] Safepoint synchronization initiated using futex wait barrier. (153 threads)
[2025-12-01T05:49:29.735+0000][39.480s][info ][gc,start    ] GC(65) Pause Young (Normal) (G1 Evacuation Pause)
[2025-12-01T05:49:29.735+0000][39.480s][info ][gc,task     ] GC(65) Using 13 workers of 13 for evacuation
[2025-12-01T05:49:29.755+0000][39.500s][info ][gc,phases   ] GC(65)   Pre Evacuate Collection Set: 0.5ms
[2025-12-01T05:49:29.755+0000][39.500s][info ][gc,phases   ] GC(65)   Merge Heap Roots: 0.3ms
[2025-12-01T05:49:29.755+0000][39.500s][info ][gc,phases   ] GC(65)   Evacuate Collection Set: 17.9ms
[2025-12-01T05:49:29.755+0000][39.500s][info ][gc,phases   ] GC(65)   Post Evacuate Collection Set: 1.7ms
[2025-12-01T05:49:29.755+0000][39.500s][info ][gc,phases   ] GC(65)   Other: 0.3ms
[2025-12-01T05:49:29.755+0000][39.500s][info ][gc,heap     ] GC(65) Eden regions: 269->0(228)
[2025-12-01T05:49:29.755+0000][39.500s][info ][gc,heap     ] GC(65) Survivor regions: 43->36(39)
[2025-12-01T05:49:29.755+0000][39.500s][info ][gc,heap     ] GC(65) Old regions: 172->216
[2025-12-01T05:49:29.755+0000][39.500s][info ][gc,heap     ] GC(65) Archive regions: 2->2
[2025-12-01T05:49:29.755+0000][39.500s][info ][gc,heap     ] GC(65) Humongous regions: 4->4
[2025-12-01T05:49:29.755+0000][39.500s][info ][gc,metaspace] GC(65) Metaspace: 169594K(170816K)->169594K(170816K) NonClass: 148616K(149248K)->148616K(149248K) Class: 20978K(21568K)->20978K(21568K)
[2025-12-01T05:49:29.756+0000][39.500s][info ][gc          ] GC(65) Pause Young (Normal) (G1 Evacuation Pause) 488M->254M(617M) 20.714ms
[2025-12-01T05:49:29.756+0000][39.501s][info ][gc,cpu      ] GC(65) User=0.24s Sys=0.00s Real=0.02s
[2025-12-01T05:49:29.756+0000][39.501s][info ][safepoint   ] Safepoint "G1CollectForAllocation", Time since last: 358356142 ns, Reaching safepoint: 261579 ns, Cleanup: 133710 ns, At safepoint: 21136220 ns, Total: 21531509 ns
[2025-12-01T05:49:29.960+0000][39.705s][debug][safepoint   ] Safepoint synchronization initiated using futex wait barrier. (232 threads)
[2025-12-01T05:49:29.961+0000][39.706s][info ][safepoint   ] Safepoint "ICBufferFull", Time since last: 204572372 ns, Reaching safepoint: 177575 ns, Cleanup: 153248 ns, At safepoint: 119432 ns, Total: 450255 ns
[2025-12-01T05:49:30.104+0000][39.849s][debug][safepoint   ] Safepoint synchronization initiated using futex wait barrier. (240 threads)
[2025-12-01T05:49:30.105+0000][39.850s][info ][gc,start    ] GC(66) Pause Young (Concurrent Start) (G1 Evacuation Pause)
[2025-12-01T05:49:30.105+0000][39.850s][info ][gc,task     ] GC(66) Using 13 workers of 13 for evacuation
[2025-12-01T05:49:30.117+0000][39.862s][info ][gc,phases   ] GC(66)   Pre Evacuate Collection Set: 0.6ms
[2025-12-01T05:49:30.117+0000][39.862s][info ][gc,phases   ] GC(66)   Merge Heap Roots: 0.3ms
[2025-12-01T05:49:30.117+0000][39.862s][info ][gc,phases   ] GC(66)   Evacuate Collection Set: 9.4ms
[2025-12-01T05:49:30.117+0000][39.862s][info ][gc,phases   ] GC(66)   Post Evacuate Collection Set: 2.0ms
[2025-12-01T05:49:30.117+0000][39.862s][info ][gc,phases   ] GC(66)   Other: 0.2ms
[2025-12-01T05:49:30.117+0000][39.862s][info ][gc,heap     ] GC(66) Eden regions: 228->0(231)
[2025-12-01T05:49:30.117+0000][39.862s][info ][gc,heap     ] GC(66) Survivor regions: 36->8(33)
[2025-12-01T05:49:30.117+0000][39.862s][info ][gc,heap     ] GC(66) Old regions: 216->251
[2025-12-01T05:49:30.117+0000][39.862s][info ][gc,heap     ] GC(66) Archive regions: 2->2
[2025-12-01T05:49:30.117+0000][39.862s][info ][gc,heap     ] GC(66) Humongous regions: 4->4
[2025-12-01T05:49:30.117+0000][39.862s][info ][gc,metaspace] GC(66) Metaspace: 173526K(174848K)->173526K(174848K) NonClass: 152098K(152832K)->152098K(152832K) Class: 21427K(22016K)->21427K(22016K)
[2025-12-01T05:49:30.117+0000][39.862s][info ][gc          ] GC(66) Pause Young (Concurrent Start) (G1 Evacuation Pause) 482M->262M(617M) 12.675ms
[2025-12-01T05:49:30.117+0000][39.862s][info ][gc,cpu      ] GC(66) User=0.12s Sys=0.00s Real=0.01s
[2025-12-01T05:49:30.117+0000][39.862s][info ][gc          ] GC(67) Concurrent Mark Cycle
[2025-12-01T05:49:30.117+0000][39.862s][info ][gc,marking  ] GC(67) Concurrent Clear Claimed Marks
[2025-12-01T05:49:30.118+0000][39.863s][info ][gc,marking  ] GC(67) Concurrent Clear Claimed Marks 0.225ms
[2025-12-01T05:49:30.118+0000][39.863s][info ][gc,marking  ] GC(67) Concurrent Scan Root Regions
[2025-12-01T05:49:30.118+0000][39.863s][info ][safepoint   ] Safepoint "G1CollectForAllocation", Time since last: 143380872 ns, Reaching safepoint: 158929 ns, Cleanup: 52402 ns, At safepoint: 13484311 ns, Total: 13695642 ns
[2025-12-01T05:49:30.124+0000][39.869s][info ][gc,marking  ] GC(67) Concurrent Scan Root Regions 6.465ms
[2025-12-01T05:49:30.124+0000][39.869s][info ][gc,marking  ] GC(67) Concurrent Mark
[2025-12-01T05:49:30.124+0000][39.869s][info ][gc,marking  ] GC(67) Concurrent Mark From Roots
[2025-12-01T05:49:30.124+0000][39.869s][info ][gc,task     ] GC(67) Using 3 workers of 3 for marking
[2025-12-01T05:49:30.200+0000][39.944s][info ][gc,marking  ] GC(67) Concurrent Mark From Roots 75.349ms
[2025-12-01T05:49:30.200+0000][39.945s][info ][gc,marking  ] GC(67) Concurrent Preclean
[2025-12-01T05:49:30.200+0000][39.945s][info ][gc,marking  ] GC(67) Concurrent Preclean 0.503ms
[2025-12-01T05:49:30.200+0000][39.945s][debug][safepoint   ] Safepoint synchronization initiated using futex wait barrier. (242 threads)
[2025-12-01T05:49:30.201+0000][39.946s][info ][gc,start    ] GC(67) Pause Remark
[2025-12-01T05:49:30.213+0000][39.958s][info ][gc          ] GC(67) Pause Remark 303M->281M(617M) 12.651ms
[2025-12-01T05:49:30.213+0000][39.958s][info ][gc,cpu      ] GC(67) User=0.14s Sys=0.00s Real=0.01s
[2025-12-01T05:49:30.214+0000][39.959s][info ][safepoint   ] Safepoint "G1PauseRemark", Time since last: 82153864 ns, Reaching safepoint: 481387 ns, Cleanup: 39857 ns, At safepoint: 13336445 ns, Total: 13857689 ns
[2025-12-01T05:49:30.214+0000][39.959s][info ][gc,marking  ] GC(67) Concurrent Mark 89.939ms
[2025-12-01T05:49:30.214+0000][39.959s][info ][gc,marking  ] GC(67) Concurrent Rebuild Remembered Sets
[2025-12-01T05:49:30.271+0000][40.016s][info ][gc,marking  ] GC(67) Concurrent Rebuild Remembered Sets 56.812ms
[2025-12-01T05:49:30.271+0000][40.016s][debug][safepoint   ] Safepoint synchronization initiated using futex wait barrier. (245 threads)
[2025-12-01T05:49:30.271+0000][40.016s][debug][safepoint   ] ... found polling page loop exception at pc = 0x00007d8e2defaf30, stub =0x00007d8e34a04400
[2025-12-01T05:49:30.281+0000][40.026s][info ][gc,start    ] GC(67) Pause Cleanup
[2025-12-01T05:49:30.282+0000][40.027s][info ][gc          ] GC(67) Pause Cleanup 289M->289M(617M) 0.615ms
[2025-12-01T05:49:30.282+0000][40.027s][info ][gc,cpu      ] GC(67) User=0.00s Sys=0.00s Real=0.00s
[2025-12-01T05:49:30.282+0000][40.027s][info ][safepoint   ] Safepoint "G1PauseCleanup", Time since last: 57105533 ns, Reaching safepoint: 9958444 ns, Cleanup: 41982 ns, At safepoint: 1359494 ns, Total: 11359920 ns
[2025-12-01T05:49:30.283+0000][40.027s][info ][gc,marking  ] GC(67) Concurrent Cleanup for Next Mark
[2025-12-01T05:49:30.285+0000][40.030s][info ][gc,marking  ] GC(67) Concurrent Cleanup for Next Mark 2.493ms
[2025-12-01T05:49:30.285+0000][40.030s][info ][gc          ] GC(67) Concurrent Mark Cycle 167.699ms
[2025-12-01T05:49:30.504+0000][40.249s][debug][safepoint   ] Safepoint synchronization initiated using futex wait barrier. (246 threads)
[2025-12-01T05:49:30.504+0000][40.249s][info ][gc,start    ] GC(68) Pause Young (Prepare Mixed) (G1 Evacuation Pause)
[2025-12-01T05:49:30.504+0000][40.249s][info ][gc,task     ] GC(68) Using 13 workers of 13 for evacuation
[2025-12-01T05:49:30.513+0000][40.258s][info ][gc,phases   ] GC(68)   Pre Evacuate Collection Set: 0.3ms
[2025-12-01T05:49:30.513+0000][40.258s][info ][gc,phases   ] GC(68)   Merge Heap Roots: 0.3ms
[2025-12-01T05:49:30.513+0000][40.258s][info ][gc,phases   ] GC(68)   Evacuate Collection Set: 7.0ms
[2025-12-01T05:49:30.513+0000][40.258s][info ][gc,phases   ] GC(68)   Post Evacuate Collection Set: 1.4ms
[2025-12-01T05:49:30.513+0000][40.258s][info ][gc,phases   ] GC(68)   Other: 0.2ms
[2025-12-01T05:49:30.513+0000][40.258s][info ][gc,heap     ] GC(68) Eden regions: 231->0(2)
[2025-12-01T05:49:30.513+0000][40.258s][info ][gc,heap     ] GC(68) Survivor regions: 8->28(30)
[2025-12-01T05:49:30.513+0000][40.258s][info ][gc,heap     ] GC(68) Old regions: 233->233
[2025-12-01T05:49:30.513+0000][40.258s][info ][gc,heap     ] GC(68) Archive regions: 2->2
[2025-12-01T05:49:30.513+0000][40.258s][info ][gc,heap     ] GC(68) Humongous regions: 1->1
[2025-12-01T05:49:30.513+0000][40.258s][info ][gc,metaspace] GC(68) Metaspace: 174459K(175744K)->174459K(175744K) NonClass: 152873K(153536K)->152873K(153536K) Class: 21586K(22208K)->21586K(22208K)
[2025-12-01T05:49:30.513+0000][40.258s][info ][gc          ] GC(68) Pause Young (Prepare Mixed) (G1 Evacuation Pause) 472M->262M(617M) 9.302ms
[2025-12-01T05:49:30.514+0000][40.258s][info ][gc,cpu      ] GC(68) User=0.08s Sys=0.01s Real=0.01s
[2025-12-01T05:49:30.514+0000][40.259s][info ][safepoint   ] Safepoint "G1CollectForAllocation", Time since last: 221489695 ns, Reaching safepoint: 49516 ns, Cleanup: 66580 ns, At safepoint: 10039098 ns, Total: 10155194 ns
[2025-12-01T05:49:30.516+0000][40.261s][debug][safepoint   ] Safepoint synchronization initiated using futex wait barrier. (245 threads)
[2025-12-01T05:49:30.516+0000][40.261s][info ][gc,start    ] GC(69) Pause Young (Mixed) (G1 Evacuation Pause)
[2025-12-01T05:49:30.516+0000][40.261s][info ][gc,task     ] GC(69) Using 13 workers of 13 for evacuation
[2025-12-01T05:49:30.527+0000][40.272s][info ][gc,phases   ] GC(69)   Pre Evacuate Collection Set: 0.3ms
[2025-12-01T05:49:30.527+0000][40.272s][info ][gc,phases   ] GC(69)   Merge Heap Roots: 0.3ms
[2025-12-01T05:49:30.527+0000][40.272s][info ][gc,phases   ] GC(69)   Evacuate Collection Set: 8.9ms
[2025-12-01T05:49:30.527+0000][40.272s][info ][gc,phases   ] GC(69)   Post Evacuate Collection Set: 1.4ms
[2025-12-01T05:49:30.527+0000][40.272s][info ][gc,phases   ] GC(69)   Other: 0.1ms
[2025-12-01T05:49:30.527+0000][40.272s][info ][gc,heap     ] GC(69) Eden regions: 2->0(252)
[2025-12-01T05:49:30.527+0000][40.272s][info ][gc,heap     ] GC(69) Survivor regions: 28->4(4)
[2025-12-01T05:49:30.527+0000][40.272s][info ][gc,heap     ] GC(69) Old regions: 233->223
[2025-12-01T05:49:30.527+0000][40.272s][info ][gc,heap     ] GC(69) Archive regions: 2->2
[2025-12-01T05:49:30.527+0000][40.272s][info ][gc,heap     ] GC(69) Humongous regions: 1->1
[2025-12-01T05:49:30.527+0000][40.272s][info ][gc,metaspace] GC(69) Metaspace: 174463K(175744K)->174463K(175744K) NonClass: 152875K(153536K)->152875K(153536K) Class: 21587K(22208K)->21587K(22208K)
[2025-12-01T05:49:30.527+0000][40.272s][info ][gc          ] GC(69) Pause Young (Mixed) (G1 Evacuation Pause) 264M->228M(617M) 11.027ms
[2025-12-01T05:49:30.527+0000][40.272s][info ][gc,cpu      ] GC(69) User=0.08s Sys=0.01s Real=0.01s
[2025-12-01T05:49:30.528+0000][40.273s][info ][safepoint   ] Safepoint "G1CollectForAllocation", Time since last: 2033066 ns, Reaching safepoint: 34326 ns, Cleanup: 6192 ns, At safepoint: 11532806 ns, Total: 11573324 ns
[2025-12-01T05:49:30.875+0000][40.620s][debug][safepoint   ] Safepoint synchronization initiated using futex wait barrier. (251 threads)
[2025-12-01T05:49:30.875+0000][40.620s][debug][safepoint   ] ... found polling page loop exception at pc = 0x00007d8e354262ad, stub =0x00007d8e34a04400
[2025-12-01T05:49:30.876+0000][40.621s][info ][safepoint   ] Safepoint "ICBufferFull", Time since last: 347577306 ns, Reaching safepoint: 172436 ns, Cleanup: 219496 ns, At safepoint: 245518 ns, Total: 637450 ns
[2025-12-01T05:49:31.086+0000][40.831s][debug][safepoint   ] Safepoint synchronization initiated using futex wait barrier. (256 threads)
[2025-12-01T05:49:31.086+0000][40.831s][info ][gc,start    ] GC(70) Pause Young (Normal) (G1 Evacuation Pause)
[2025-12-01T05:49:31.086+0000][40.831s][info ][gc,task     ] GC(70) Using 13 workers of 13 for evacuation
[2025-12-01T05:49:31.098+0000][40.843s][info ][gc,phases   ] GC(70)   Pre Evacuate Collection Set: 0.5ms
[2025-12-01T05:49:31.098+0000][40.843s][info ][gc,phases   ] GC(70)   Merge Heap Roots: 0.4ms
[2025-12-01T05:49:31.098+0000][40.843s][info ][gc,phases   ] GC(70)   Evacuate Collection Set: 9.7ms
[2025-12-01T05:49:31.098+0000][40.843s][info ][gc,phases   ] GC(70)   Post Evacuate Collection Set: 1.7ms
[2025-12-01T05:49:31.098+0000][40.843s][info ][gc,phases   ] GC(70)   Other: 0.2ms
[2025-12-01T05:49:31.098+0000][40.843s][info ][gc,heap     ] GC(70) Eden regions: 252->0(244)
[2025-12-01T05:49:31.098+0000][40.843s][info ][gc,heap     ] GC(70) Survivor regions: 4->17(32)
[2025-12-01T05:49:31.098+0000][40.843s][info ][gc,heap     ] GC(70) Old regions: 223->223
[2025-12-01T05:49:31.098+0000][40.843s][info ][gc,heap     ] GC(70) Archive regions: 2->2
[2025-12-01T05:49:31.098+0000][40.843s][info ][gc,heap     ] GC(70) Humongous regions: 3->3
[2025-12-01T05:49:31.098+0000][40.843s][info ][gc,metaspace] GC(70) Metaspace: 177551K(178880K)->177551K(178880K) NonClass: 155664K(156352K)->155664K(156352K) Class: 21887K(22528K)->21887K(22528K)
[2025-12-01T05:49:31.098+0000][40.843s][info ][gc          ] GC(70) Pause Young (Normal) (G1 Evacuation Pause) 482M->243M(617M) 12.476ms
[2025-12-01T05:49:31.098+0000][40.843s][info ][gc,cpu      ] GC(70) User=0.08s Sys=0.00s Real=0.01s
[2025-12-01T05:49:31.099+0000][40.844s][info ][safepoint   ] Safepoint "G1CollectForAllocation", Time since last: 209711361 ns, Reaching safepoint: 41802 ns, Cleanup: 128029 ns, At safepoint: 13413634 ns, Total: 13583465 ns
[2025-12-01T05:49:32.268+0000][42.013s][debug][safepoint   ] Safepoint synchronization initiated using futex wait barrier. (254 threads)
[2025-12-01T05:49:32.268+0000][42.013s][info ][safepoint   ] Safepoint "Cleanup", Time since last: 1168840345 ns, Reaching safepoint: 88092 ns, Cleanup: 138279 ns, At safepoint: 30900 ns, Total: 257271 ns
[2025-12-01T05:49:33.320+0000][43.065s][debug][safepoint   ] Safepoint synchronization initiated using futex wait barrier. (252 threads)
[2025-12-01T05:49:33.321+0000][43.066s][info ][safepoint   ] Safepoint "Cleanup", Time since last: 1052044511 ns, Reaching safepoint: 146415 ns, Cleanup: 19968 ns, At safepoint: 26522 ns, Total: 192905 ns
[2025-12-01T05:49:34.321+0000][44.066s][debug][safepoint   ] Safepoint synchronization initiated using futex wait barrier. (253 threads)
[2025-12-01T05:49:34.321+0000][44.066s][info ][safepoint   ] Safepoint "Cleanup", Time since last: 1000119038 ns, Reaching safepoint: 55498 ns, Cleanup: 42693 ns, At safepoint: 3246 ns, Total: 101437 ns
[2025-12-01T05:49:35.321+0000][45.066s][debug][safepoint   ] Safepoint synchronization initiated using futex wait barrier. (253 threads)
[2025-12-01T05:49:35.321+0000][45.066s][info ][safepoint   ] Safepoint "Cleanup", Time since last: 1000185847 ns, Reaching safepoint: 131255 ns, Cleanup: 53835 ns, At safepoint: 5160 ns, Total: 190250 ns
[2025-12-01T05:49:36.151+0000][45.896s][debug][safepoint   ] Safepoint synchronization initiated using futex wait barrier. (253 threads)
[2025-12-01T05:49:36.151+0000][45.896s][info ][gc,start    ] GC(71) Pause Young (Concurrent Start) (G1 Humongous Allocation)
[2025-12-01T05:49:36.151+0000][45.896s][info ][gc,task     ] GC(71) Using 13 workers of 13 for evacuation
[2025-12-01T05:49:36.168+0000][45.913s][info ][gc,phases   ] GC(71)   Pre Evacuate Collection Set: 0.8ms
[2025-12-01T05:49:36.168+0000][45.913s][info ][gc,phases   ] GC(71)   Merge Heap Roots: 0.3ms
[2025-12-01T05:49:36.168+0000][45.913s][info ][gc,phases   ] GC(71)   Evacuate Collection Set: 12.8ms
[2025-12-01T05:49:36.168+0000][45.913s][info ][gc,phases   ] GC(71)   Post Evacuate Collection Set: 3.0ms
[2025-12-01T05:49:36.168+0000][45.913s][info ][gc,phases   ] GC(71)   Other: 0.3ms
[2025-12-01T05:49:36.168+0000][45.913s][info ][gc,heap     ] GC(71) Eden regions: 156->0(251)
[2025-12-01T05:49:36.168+0000][45.913s][info ][gc,heap     ] GC(71) Survivor regions: 17->19(33)
[2025-12-01T05:49:36.168+0000][45.913s][info ][gc,heap     ] GC(71) Old regions: 223->223
[2025-12-01T05:49:36.168+0000][45.913s][info ][gc,heap     ] GC(71) Archive regions: 2->2
[2025-12-01T05:49:36.168+0000][45.913s][info ][gc,heap     ] GC(71) Humongous regions: 31->5
[2025-12-01T05:49:36.168+0000][45.913s][info ][gc,metaspace] GC(71) Metaspace: 182554K(183936K)->182554K(183936K) NonClass: 160085K(160832K)->160085K(160832K) Class: 22468K(23104K)->22468K(23104K)
[2025-12-01T05:49:36.168+0000][45.913s][info ][gc          ] GC(71) Pause Young (Concurrent Start) (G1 Humongous Allocation) 427M->247M(617M) 17.189ms
[2025-12-01T05:49:36.168+0000][45.913s][info ][gc,cpu      ] GC(71) User=0.18s Sys=0.01s Real=0.02s
[2025-12-01T05:49:36.168+0000][45.913s][info ][gc          ] GC(72) Concurrent Undo Cycle
[2025-12-01T05:49:36.168+0000][45.913s][info ][gc,marking  ] GC(72) Concurrent Cleanup for Next Mark
[2025-12-01T05:49:36.169+0000][45.914s][info ][safepoint   ] Safepoint "G1TryInitiateConcMark", Time since last: 829609139 ns, Reaching safepoint: 75246 ns, Cleanup: 18045 ns, At safepoint: 17860926 ns, Total: 17954217 ns
[2025-12-01T05:49:36.170+0000][45.915s][info ][gc,marking  ] GC(72) Concurrent Cleanup for Next Mark 2.031ms
[2025-12-01T05:49:36.170+0000][45.915s][info ][gc          ] GC(72) Concurrent Undo Cycle 2.081ms
[2025-12-01T05:49:36.267+0000][46.012s][debug][safepoint   ] Safepoint synchronization initiated using futex wait barrier. (253 threads)
[2025-12-01T05:49:36.267+0000][46.012s][info ][gc,start    ] GC(73) Pause Young (Concurrent Start) (G1 Humongous Allocation)
[2025-12-01T05:49:36.267+0000][46.012s][info ][gc,task     ] GC(73) Using 13 workers of 13 for evacuation
[2025-12-01T05:49:36.281+0000][46.026s][info ][gc,phases   ] GC(73)   Pre Evacuate Collection Set: 0.8ms
[2025-12-01T05:49:36.281+0000][46.026s][info ][gc,phases   ] GC(73)   Merge Heap Roots: 0.4ms
[2025-12-01T05:49:36.281+0000][46.026s][info ][gc,phases   ] GC(73)   Evacuate Collection Set: 11.3ms
[2025-12-01T05:49:36.281+0000][46.026s][info ][gc,phases   ] GC(73)   Post Evacuate Collection Set: 1.6ms
[2025-12-01T05:49:36.281+0000][46.026s][info ][gc,phases   ] GC(73)   Other: 0.2ms
[2025-12-01T05:49:36.281+0000][46.026s][info ][gc,heap     ] GC(73) Eden regions: 2->0(253)
[2025-12-01T05:49:36.281+0000][46.026s][info ][gc,heap     ] GC(73) Survivor regions: 19->4(34)
[2025-12-01T05:49:36.281+0000][46.026s][info ][gc,heap     ] GC(73) Old regions: 223->240
[2025-12-01T05:49:36.281+0000][46.026s][info ][gc,heap     ] GC(73) Archive regions: 2->2
[2025-12-01T05:49:36.281+0000][46.026s][info ][gc,heap     ] GC(73) Humongous regions: 24->10
[2025-12-01T05:49:36.281+0000][46.026s][info ][gc,metaspace] GC(73) Metaspace: 182583K(183936K)->182583K(183936K) NonClass: 160112K(160832K)->160112K(160832K) Class: 22471K(23104K)->22471K(23104K)
[2025-12-01T05:49:36.281+0000][46.026s][info ][gc          ] GC(73) Pause Young (Concurrent Start) (G1 Humongous Allocation) 268M->253M(617M) 14.347ms
[2025-12-01T05:49:36.281+0000][46.026s][info ][gc,cpu      ] GC(73) User=0.11s Sys=0.02s Real=0.02s
[2025-12-01T05:49:36.281+0000][46.026s][info ][gc          ] GC(74) Concurrent Mark Cycle
[2025-12-01T05:49:36.281+0000][46.026s][info ][gc,marking  ] GC(74) Concurrent Clear Claimed Marks
[2025-12-01T05:49:36.282+0000][46.027s][info ][gc,marking  ] GC(74) Concurrent Clear Claimed Marks 0.216ms
[2025-12-01T05:49:36.282+0000][46.027s][info ][gc,marking  ] GC(74) Concurrent Scan Root Regions
[2025-12-01T05:49:36.283+0000][46.028s][info ][safepoint   ] Safepoint "G1TryInitiateConcMark", Time since last: 98043954 ns, Reaching safepoint: 71990 ns, Cleanup: 26321 ns, At safepoint: 15721305 ns, Total: 15819616 ns
[2025-12-01T05:49:36.287+0000][46.032s][info ][gc,marking  ] GC(74) Concurrent Scan Root Regions 5.727ms
[2025-12-01T05:49:36.287+0000][46.032s][info ][gc,marking  ] GC(74) Concurrent Mark
[2025-12-01T05:49:36.287+0000][46.032s][info ][gc,marking  ] GC(74) Concurrent Mark From Roots
[2025-12-01T05:49:36.287+0000][46.032s][info ][gc,task     ] GC(74) Using 3 workers of 3 for marking
[2025-12-01T05:49:36.364+0000][46.108s][info ][gc,marking  ] GC(74) Concurrent Mark From Roots 76.036ms
[2025-12-01T05:49:36.364+0000][46.109s][info ][gc,marking  ] GC(74) Concurrent Preclean
[2025-12-01T05:49:36.364+0000][46.109s][info ][gc,marking  ] GC(74) Concurrent Preclean 0.340ms
[2025-12-01T05:49:36.364+0000][46.109s][debug][safepoint   ] Safepoint synchronization initiated using futex wait barrier. (253 threads)
[2025-12-01T05:49:36.364+0000][46.109s][info ][gc,start    ] GC(74) Pause Remark
[2025-12-01T05:49:36.381+0000][46.126s][info ][gc          ] GC(74) Pause Remark 269M->244M(617M) 17.202ms
[2025-12-01T05:49:36.381+0000][46.126s][info ][gc,cpu      ] GC(74) User=0.16s Sys=0.00s Real=0.02s
[2025-12-01T05:49:36.381+0000][46.126s][info ][safepoint   ] Safepoint "G1PauseRemark", Time since last: 81390958 ns, Reaching safepoint: 36000 ns, Cleanup: 4048 ns, At safepoint: 17431290 ns, Total: 17471338 ns
[2025-12-01T05:49:36.382+0000][46.126s][info ][gc,marking  ] GC(74) Concurrent Mark 94.078ms
[2025-12-01T05:49:36.382+0000][46.127s][info ][gc,marking  ] GC(74) Concurrent Rebuild Remembered Sets
[2025-12-01T05:49:36.432+0000][46.177s][info ][gc,marking  ] GC(74) Concurrent Rebuild Remembered Sets 50.924ms
[2025-12-01T05:49:36.433+0000][46.178s][debug][safepoint   ] Safepoint synchronization initiated using futex wait barrier. (253 threads)
[2025-12-01T05:49:36.433+0000][46.178s][info ][gc,start    ] GC(74) Pause Cleanup
[2025-12-01T05:49:36.433+0000][46.178s][info ][gc          ] GC(74) Pause Cleanup 254M->254M(617M) 0.399ms
[2025-12-01T05:49:36.433+0000][46.178s][info ][gc,cpu      ] GC(74) User=0.00s Sys=0.00s Real=0.00s
[2025-12-01T05:49:36.433+0000][46.178s][info ][safepoint   ] Safepoint "G1PauseCleanup", Time since last: 51144887 ns, Reaching safepoint: 37873 ns, Cleanup: 2696 ns, At safepoint: 539770 ns, Total: 580339 ns
[2025-12-01T05:49:36.433+0000][46.178s][info ][gc,marking  ] GC(74) Concurrent Cleanup for Next Mark
[2025-12-01T05:49:36.434+0000][46.179s][info ][gc,marking  ] GC(74) Concurrent Cleanup for Next Mark 0.835ms
[2025-12-01T05:49:36.434+0000][46.179s][info ][gc          ] GC(74) Concurrent Mark Cycle 152.684ms
[2025-12-01T05:49:36.908+0000][46.653s][debug][safepoint   ] Safepoint synchronization initiated using futex wait barrier. (255 threads)
[2025-12-01T05:49:36.908+0000][46.653s][info ][gc,start    ] GC(75) Pause Young (Prepare Mixed) (G1 Evacuation Pause)
[2025-12-01T05:49:36.908+0000][46.653s][info ][gc,task     ] GC(75) Using 13 workers of 13 for evacuation
[2025-12-01T05:49:36.965+0000][46.710s][info ][gc,phases   ] GC(75)   Pre Evacuate Collection Set: 0.5ms
[2025-12-01T05:49:36.965+0000][46.710s][info ][gc,phases   ] GC(75)   Merge Heap Roots: 0.5ms
[2025-12-01T05:49:36.965+0000][46.710s][info ][gc,phases   ] GC(75)   Evacuate Collection Set: 53.1ms
[2025-12-01T05:49:36.965+0000][46.710s][info ][gc,phases   ] GC(75)   Post Evacuate Collection Set: 2.5ms
[2025-12-01T05:49:36.965+0000][46.710s][info ][gc,phases   ] GC(75)   Other: 0.3ms
[2025-12-01T05:49:36.965+0000][46.710s][info ][gc,heap     ] GC(75) Eden regions: 253->0(1)
[2025-12-01T05:49:36.965+0000][46.710s][info ][gc,heap     ] GC(75) Survivor regions: 4->33(33)
[2025-12-01T05:49:36.965+0000][46.710s][info ][gc,heap     ] GC(75) Old regions: 220->267
[2025-12-01T05:49:36.965+0000][46.710s][info ][gc,heap     ] GC(75) Archive regions: 2->2
[2025-12-01T05:49:36.965+0000][46.710s][info ][gc,heap     ] GC(75) Humongous regions: 65->5
[2025-12-01T05:49:36.965+0000][46.710s][info ][gc,metaspace] GC(75) Metaspace: 183040K(184256K)->183040K(184256K) NonClass: 160517K(161152K)->160517K(161152K) Class: 22522K(23104K)->22522K(23104K)
[2025-12-01T05:49:36.965+0000][46.710s][info ][gc          ] GC(75) Pause Young (Prepare Mixed) (G1 Evacuation Pause) 541M->305M(624M) 56.873ms
[2025-12-01T05:49:36.965+0000][46.710s][info ][gc,cpu      ] GC(75) User=0.48s Sys=0.04s Real=0.06s
[2025-12-01T05:49:36.966+0000][46.711s][info ][safepoint   ] Safepoint "G1CollectForAllocation", Time since last: 474655911 ns, Reaching safepoint: 70487 ns, Cleanup: 48073 ns, At safepoint: 57689321 ns, Total: 57807881 ns
[2025-12-01T05:49:36.973+0000][46.718s][debug][safepoint   ] Safepoint synchronization initiated using futex wait barrier. (254 threads)
[2025-12-01T05:49:36.973+0000][46.718s][info ][gc,start    ] GC(76) Pause Young (Mixed) (G1 Evacuation Pause)
[2025-12-01T05:49:36.973+0000][46.718s][info ][gc,task     ] GC(76) Using 13 workers of 13 for evacuation
[2025-12-01T05:49:37.006+0000][46.751s][info ][gc,phases   ] GC(76)   Pre Evacuate Collection Set: 0.4ms
[2025-12-01T05:49:37.006+0000][46.751s][info ][gc,phases   ] GC(76)   Merge Heap Roots: 0.4ms
[2025-12-01T05:49:37.006+0000][46.751s][info ][gc,phases   ] GC(76)   Evacuate Collection Set: 30.6ms
[2025-12-01T05:49:37.006+0000][46.751s][info ][gc,phases   ] GC(76)   Post Evacuate Collection Set: 1.7ms
[2025-12-01T05:49:37.006+0000][46.751s][info ][gc,phases   ] GC(76)   Other: 0.2ms
[2025-12-01T05:49:37.006+0000][46.751s][info ][gc,heap     ] GC(76) Eden regions: 1->0(193)
[2025-12-01T05:49:37.006+0000][46.751s][info ][gc,heap     ] GC(76) Survivor regions: 33->3(5)
[2025-12-01T05:49:37.006+0000][46.751s][info ][gc,heap     ] GC(76) Old regions: 267->272
[2025-12-01T05:49:37.006+0000][46.751s][info ][gc,heap     ] GC(76) Archive regions: 2->2
[2025-12-01T05:49:37.006+0000][46.751s][info ][gc,heap     ] GC(76) Humongous regions: 7->7
[2025-12-01T05:49:37.006+0000][46.751s][info ][gc,metaspace] GC(76) Metaspace: 183040K(184256K)->183040K(184256K) NonClass: 160517K(161152K)->160517K(161152K) Class: 22522K(23104K)->22522K(23104K)
[2025-12-01T05:49:37.006+0000][46.751s][info ][gc          ] GC(76) Pause Young (Mixed) (G1 Evacuation Pause) 308M->282M(624M) 33.303ms
[2025-12-01T05:49:37.006+0000][46.751s][info ][gc,cpu      ] GC(76) User=0.31s Sys=0.02s Real=0.03s
[2025-12-01T05:49:37.007+0000][46.752s][info ][safepoint   ] Safepoint "G1CollectForAllocation", Time since last: 7018284 ns, Reaching safepoint: 87771 ns, Cleanup: 8476 ns, At safepoint: 34577708 ns, Total: 34673955 ns
[2025-12-01T05:49:37.333+0000][47.078s][debug][safepoint   ] Safepoint synchronization initiated using futex wait barrier. (253 threads)
[2025-12-01T05:49:37.333+0000][47.078s][info ][gc,start    ] GC(77) Pause Young (Normal) (G1 Evacuation Pause)
[2025-12-01T05:49:37.333+0000][47.078s][info ][gc,task     ] GC(77) Using 13 workers of 13 for evacuation
[2025-12-01T05:49:37.362+0000][47.107s][info ][gc,phases   ] GC(77)   Pre Evacuate Collection Set: 0.6ms
[2025-12-01T05:49:37.362+0000][47.107s][info ][gc,phases   ] GC(77)   Merge Heap Roots: 0.4ms
[2025-12-01T05:49:37.362+0000][47.107s][info ][gc,phases   ] GC(77)   Evacuate Collection Set: 25.9ms
[2025-12-01T05:49:37.362+0000][47.107s][info ][gc,phases   ] GC(77)   Post Evacuate Collection Set: 1.7ms
[2025-12-01T05:49:37.362+0000][47.107s][info ][gc,phases   ] GC(77)   Other: 0.2ms
[2025-12-01T05:49:37.362+0000][47.107s][info ][gc,heap     ] GC(77) Eden regions: 193->0(131)
[2025-12-01T05:49:37.362+0000][47.107s][info ][gc,heap     ] GC(77) Survivor regions: 3->25(25)
[2025-12-01T05:49:37.362+0000][47.107s][info ][gc,heap     ] GC(77) Old regions: 272->312
[2025-12-01T05:49:37.362+0000][47.107s][info ][gc,heap     ] GC(77) Archive regions: 2->2
[2025-12-01T05:49:37.362+0000][47.107s][info ][gc,heap     ] GC(77) Humongous regions: 18->10
[2025-12-01T05:49:37.362+0000][47.107s][info ][gc,metaspace] GC(77) Metaspace: 183167K(184448K)->183167K(184448K) NonClass: 160634K(161280K)->160634K(161280K) Class: 22533K(23168K)->22533K(23168K)
[2025-12-01T05:49:37.362+0000][47.107s][info ][gc          ] GC(77) Pause Young (Normal) (G1 Evacuation Pause) 486M->347M(624M) 28.775ms
[2025-12-01T05:49:37.362+0000][47.107s][info ][gc,cpu      ] GC(77) User=0.28s Sys=0.01s Real=0.03s
[2025-12-01T05:49:37.363+0000][47.108s][info ][safepoint   ] Safepoint "G1CollectForAllocation", Time since last: 325618717 ns, Reaching safepoint: 65237 ns, Cleanup: 38345 ns, At safepoint: 30050070 ns, Total: 30153652 ns
[2025-12-01T05:49:37.829+0000][47.574s][debug][safepoint   ] Safepoint synchronization initiated using futex wait barrier. (257 threads)
[2025-12-01T05:49:37.829+0000][47.574s][info ][safepoint   ] Safepoint "ICBufferFull", Time since last: 465641918 ns, Reaching safepoint: 64926 ns, Cleanup: 167256 ns, At safepoint: 4849 ns, Total: 237031 ns
[2025-12-01T05:49:38.219+0000][47.963s][debug][safepoint   ] Safepoint synchronization initiated using futex wait barrier. (259 threads)
[2025-12-01T05:49:38.219+0000][47.964s][info ][gc,start    ] GC(78) Pause Young (Normal) (G1 Evacuation Pause)
[2025-12-01T05:49:38.219+0000][47.964s][info ][gc,task     ] GC(78) Using 13 workers of 13 for evacuation
[2025-12-01T05:49:38.252+0000][47.997s][info ][gc,phases   ] GC(78)   Pre Evacuate Collection Set: 0.4ms
[2025-12-01T05:49:38.252+0000][47.997s][info ][gc,phases   ] GC(78)   Merge Heap Roots: 0.4ms
[2025-12-01T05:49:38.252+0000][47.997s][info ][gc,phases   ] GC(78)   Evacuate Collection Set: 18.6ms
[2025-12-01T05:49:38.252+0000][47.997s][info ][gc,phases   ] GC(78)   Post Evacuate Collection Set: 13.5ms
[2025-12-01T05:49:38.252+0000][47.997s][info ][gc,phases   ] GC(78)   Other: 0.2ms
[2025-12-01T05:49:38.252+0000][47.997s][info ][gc,heap     ] GC(78) Eden regions: 131->0(486)
[2025-12-01T05:49:38.252+0000][47.997s][info ][gc,heap     ] GC(78) Survivor regions: 25->7(20)
[2025-12-01T05:49:38.252+0000][47.997s][info ][gc,heap     ] GC(78) Old regions: 312->341
[2025-12-01T05:49:38.252+0000][47.997s][info ][gc,heap     ] GC(78) Archive regions: 2->2
[2025-12-01T05:49:38.252+0000][47.997s][info ][gc,heap     ] GC(78) Humongous regions: 18->10
[2025-12-01T05:49:38.252+0000][47.997s][info ][gc,metaspace] GC(78) Metaspace: 187984K(189376K)->187984K(189376K) NonClass: 164937K(165632K)->164937K(165632K) Class: 23046K(23744K)->23046K(23744K)
[2025-12-01T05:49:38.252+0000][47.997s][info ][gc          ] GC(78) Pause Young (Normal) (G1 Evacuation Pause) 486M->358M(1134M) 33.300ms
[2025-12-01T05:49:38.252+0000][47.997s][info ][gc,cpu      ] GC(78) User=0.23s Sys=0.05s Real=0.04s
[2025-12-01T05:49:38.253+0000][47.998s][info ][safepoint   ] Safepoint "G1CollectForAllocation", Time since last: 389537132 ns, Reaching safepoint: 76618 ns, Cleanup: 92710 ns, At safepoint: 34284393 ns, Total: 34453721 ns
[2025-12-01T05:49:39.370+0000][49.115s][debug][safepoint   ] Safepoint synchronization initiated using futex wait barrier. (257 threads)
[2025-12-01T05:49:39.370+0000][49.115s][info ][safepoint   ] Safepoint "Cleanup", Time since last: 1117096781 ns, Reaching safepoint: 68994 ns, Cleanup: 103170 ns, At safepoint: 4188 ns, Total: 176352 ns
[2025-12-01T05:49:40.370+0000][50.115s][debug][safepoint   ] Safepoint synchronization initiated using futex wait barrier. (256 threads)
[2025-12-01T05:49:40.370+0000][50.115s][info ][safepoint   ] Safepoint "Cleanup", Time since last: 1000117011 ns, Reaching safepoint: 69044 ns, Cleanup: 10611 ns, At safepoint: 4078 ns, Total: 83733 ns
[2025-12-01T05:49:41.371+0000][51.116s][debug][safepoint   ] Safepoint synchronization initiated using futex wait barrier. (255 threads)
[2025-12-01T05:49:41.371+0000][51.116s][info ][safepoint   ] Safepoint "Cleanup", Time since last: 1000136466 ns, Reaching safepoint: 215318 ns, Cleanup: 11162 ns, At safepoint: 91798 ns, Total: 318278 ns
[2025-12-01T05:49:42.371+0000][52.116s][debug][safepoint   ] Safepoint synchronization initiated using futex wait barrier. (255 threads)
[2025-12-01T05:49:42.371+0000][52.116s][info ][safepoint   ] Safepoint "Cleanup", Time since last: 1000158368 ns, Reaching safepoint: 107128 ns, Cleanup: 18686 ns, At safepoint: 5280 ns, Total: 131094 ns
[2025-12-01T05:49:59.411+0000][69.159s][debug][safepoint   ] Safepoint synchronization initiated using futex wait barrier. (254 threads)
[2025-12-01T05:49:59.412+0000][69.159s][info ][safepoint   ] Safepoint "Cleanup", Time since last: 17042969343 ns, Reaching safepoint: 184088 ns, Cleanup: 15070 ns, At safepoint: 6152 ns, Total: 205310 ns
[2025-12-01T05:50:07.413+0000][77.161s][debug][safepoint   ] Safepoint synchronization initiated using futex wait barrier. (254 threads)
[2025-12-01T05:50:07.413+0000][77.161s][info ][safepoint   ] Safepoint "Cleanup", Time since last: 8001306533 ns, Reaching safepoint: 93612 ns, Cleanup: 12655 ns, At safepoint: 4629 ns, Total: 110896 ns
[2025-12-01T05:50:09.413+0000][79.161s][debug][safepoint   ] Safepoint synchronization initiated using futex wait barrier. (254 threads)
[2025-12-01T05:50:09.413+0000][79.161s][info ][safepoint   ] Safepoint "Cleanup", Time since last: 2000241675 ns, Reaching safepoint: 87840 ns, Cleanup: 13958 ns, At safepoint: 3627 ns, Total: 105425 ns
[2025-12-01T05:50:21.413+0000][91.163s][debug][safepoint   ] Safepoint synchronization initiated using futex wait barrier. (254 threads)
[2025-12-01T05:50:21.414+0000][91.163s][info ][safepoint   ] Safepoint "Cleanup", Time since last: 12002263085 ns, Reaching safepoint: 95325 ns, Cleanup: 10771 ns, At safepoint: 23415 ns, Total: 129511 ns
[2025-12-01T05:50:31.415+0000][101.165s][debug][safepoint   ] Safepoint synchronization initiated using futex wait barrier. (241 threads)
[2025-12-01T05:50:31.415+0000][101.165s][info ][safepoint   ] Safepoint "Cleanup", Time since last: 10001268653 ns, Reaching safepoint: 177144 ns, Cleanup: 25510 ns, At safepoint: 5841 ns, Total: 208495 ns
[2025-12-01T05:50:33.415+0000][103.165s][debug][safepoint   ] Safepoint synchronization initiated using futex wait barrier. (241 threads)
[2025-12-01T05:50:33.416+0000][103.166s][info ][safepoint   ] Safepoint "Cleanup", Time since last: 2000352393 ns, Reaching safepoint: 498410 ns, Cleanup: 58103 ns, At safepoint: 8356 ns, Total: 564869 ns
[2025-12-01T05:50:34.416+0000][104.166s][debug][safepoint   ] Safepoint synchronization initiated using futex wait barrier. (241 threads)
[2025-12-01T05:50:34.416+0000][104.166s][info ][safepoint   ] Safepoint "Cleanup", Time since last: 1000215018 ns, Reaching safepoint: 118330 ns, Cleanup: 22694 ns, At safepoint: 4118 ns, Total: 145142 ns
[2025-12-01T05:51:08.444+0000][138.197s][debug][safepoint   ] Safepoint synchronization initiated using futex wait barrier. (239 threads)
[2025-12-01T05:51:08.445+0000][138.197s][info ][safepoint   ] Safepoint "Cleanup", Time since last: 34030278291 ns, Reaching safepoint: 284683 ns, Cleanup: 32824 ns, At safepoint: 5892 ns, Total: 323399 ns
[2025-12-01T05:51:22.444+0000][152.199s][debug][safepoint   ] Safepoint synchronization initiated using futex wait barrier. (239 threads)
[2025-12-01T05:51:22.444+0000][152.199s][info ][safepoint   ] Safepoint "Cleanup", Time since last: 14001758534 ns, Reaching safepoint: 85586 ns, Cleanup: 10811 ns, At safepoint: 3347 ns, Total: 99744 ns
[2025-12-01T05:51:25.444+0000][155.199s][debug][safepoint   ] Safepoint synchronization initiated using futex wait barrier. (239 threads)
[2025-12-01T05:51:25.444+0000][155.199s][info ][safepoint   ] Safepoint "Cleanup", Time since last: 3000334044 ns, Reaching safepoint: 78101 ns, Cleanup: 11423 ns, At safepoint: 3236 ns, Total: 92760 ns
[2025-12-01T05:51:29.445+0000][159.200s][debug][safepoint   ] Safepoint synchronization initiated using futex wait barrier. (239 threads)
[2025-12-01T05:51:29.445+0000][159.200s][info ][safepoint   ] Safepoint "Cleanup", Time since last: 4000455266 ns, Reaching safepoint: 71278 ns, Cleanup: 15129 ns, At safepoint: 3347 ns, Total: 89754 ns
[2025-12-01T05:52:04.471+0000][194.229s][debug][safepoint   ] Safepoint synchronization initiated using futex wait barrier. (233 threads)
[2025-12-01T05:52:04.471+0000][194.229s][info ][safepoint   ] Safepoint "Cleanup", Time since last: 35029057141 ns, Reaching safepoint: 123771 ns, Cleanup: 14478 ns, At safepoint: 4138 ns, Total: 142387 ns
[2025-12-01T05:52:07.472+0000][197.229s][debug][safepoint   ] Safepoint synchronization initiated using futex wait barrier. (233 threads)
[2025-12-01T05:52:07.472+0000][197.229s][info ][safepoint   ] Safepoint "Cleanup", Time since last: 3000405406 ns, Reaching safepoint: 182655 ns, Cleanup: 28154 ns, At safepoint: 5802 ns, Total: 216611 ns
[2025-12-01T05:52:08.472+0000][198.230s][debug][safepoint   ] Safepoint synchronization initiated using futex wait barrier. (233 threads)
[2025-12-01T05:52:08.472+0000][198.230s][info ][safepoint   ] Safepoint "Cleanup", Time since last: 1000200191 ns, Reaching safepoint: 68763 ns, Cleanup: 17775 ns, At safepoint: 3176 ns, Total: 89714 ns
[2025-12-01T05:52:33.473+0000][223.233s][debug][safepoint   ] Safepoint synchronization initiated using futex wait barrier. (230 threads)
[2025-12-01T05:52:33.474+0000][223.234s][info ][safepoint   ] Safepoint "Cleanup", Time since last: 25003415069 ns, Reaching safepoint: 484932 ns, Cleanup: 46931 ns, At safepoint: 10942 ns, Total: 542805 ns
[2025-12-01T05:52:34.474+0000][224.234s][debug][safepoint   ] Safepoint synchronization initiated using futex wait barrier. (230 threads)
[2025-12-01T05:52:34.474+0000][224.234s][info ][safepoint   ] Safepoint "Cleanup", Time since last: 1000239434 ns, Reaching safepoint: 151885 ns, Cleanup: 14869 ns, At safepoint: 6413 ns, Total: 173167 ns
[2025-12-01T05:52:43.476+0000][233.236s][debug][safepoint   ] Safepoint synchronization initiated using futex wait barrier. (230 threads)
[2025-12-01T05:52:43.476+0000][233.236s][info ][safepoint   ] Safepoint "Cleanup", Time since last: 9001369442 ns, Reaching safepoint: 102889 ns, Cleanup: 14949 ns, At safepoint: 2986 ns, Total: 120824 ns
[2025-12-01T05:53:08.505+0000][258.267s][debug][safepoint   ] Safepoint synchronization initiated using futex wait barrier. (230 threads)
[2025-12-01T05:53:08.505+0000][258.267s][info ][safepoint   ] Safepoint "Cleanup", Time since last: 25031336170 ns, Reaching safepoint: 100726 ns, Cleanup: 17894 ns, At safepoint: 3387 ns, Total: 122007 ns
[2025-12-01T05:53:16.506+0000][266.268s][debug][safepoint   ] Safepoint synchronization initiated using futex wait barrier. (230 threads)
[2025-12-01T05:53:16.506+0000][266.268s][info ][safepoint   ] Safepoint "Cleanup", Time since last: 8000991083 ns, Reaching safepoint: 72872 ns, Cleanup: 14177 ns, At safepoint: 3036 ns, Total: 90085 ns
[2025-12-01T05:53:21.504+0000][271.269s][debug][safepoint   ] Safepoint synchronization initiated using futex wait barrier. (230 threads)
[2025-12-01T05:53:21.504+0000][271.269s][info ][safepoint   ] Safepoint "Cleanup", Time since last: 5000691355 ns, Reaching safepoint: 85345 ns, Cleanup: 13687 ns, At safepoint: 3697 ns, Total: 102729 ns
[2025-12-01T05:53:29.506+0000][279.270s][debug][safepoint   ] Safepoint synchronization initiated using futex wait barrier. (231 threads)
[2025-12-01T05:53:29.506+0000][279.270s][info ][safepoint   ] Safepoint "Cleanup", Time since last: 8001122453 ns, Reaching safepoint: 121847 ns, Cleanup: 21201 ns, At safepoint: 5060 ns, Total: 148108 ns
[2025-12-01T05:53:34.506+0000][284.271s][debug][safepoint   ] Safepoint synchronization initiated using futex wait barrier. (228 threads)
[2025-12-01T05:53:34.507+0000][284.271s][info ][safepoint   ] Safepoint "Cleanup", Time since last: 5000666543 ns, Reaching safepoint: 118631 ns, Cleanup: 32172 ns, At safepoint: 3587 ns, Total: 154390 ns
[2025-12-01T05:53:37.507+0000][287.272s][debug][safepoint   ] Safepoint synchronization initiated using futex wait barrier. (228 threads)
[2025-12-01T05:53:37.507+0000][287.272s][info ][safepoint   ] Safepoint "Cleanup", Time since last: 3000459856 ns, Reaching safepoint: 98260 ns, Cleanup: 15160 ns, At safepoint: 4629 ns, Total: 118049 ns
[2025-12-01T05:53:59.508+0000][309.275s][debug][safepoint   ] Safepoint synchronization initiated using futex wait barrier. (228 threads)
[2025-12-01T05:53:59.508+0000][309.275s][info ][safepoint   ] Safepoint "Cleanup", Time since last: 22003171377 ns, Reaching safepoint: 70487 ns, Cleanup: 12274 ns, At safepoint: 2585 ns, Total: 85346 ns
[2025-12-01T05:54:08.509+0000][318.276s][debug][safepoint   ] Safepoint synchronization initiated using futex wait barrier. (229 threads)
[2025-12-01T05:54:08.509+0000][318.276s][info ][safepoint   ] Safepoint "Cleanup", Time since last: 9001270164 ns, Reaching safepoint: 86578 ns, Cleanup: 19538 ns, At safepoint: 3737 ns, Total: 109853 ns
[2025-12-01T05:54:34.510+0000][344.280s][debug][safepoint   ] Safepoint synchronization initiated using futex wait barrier. (226 threads)
[2025-12-01T05:54:34.511+0000][344.280s][info ][safepoint   ] Safepoint "Cleanup", Time since last: 26003441796 ns, Reaching safepoint: 115725 ns, Cleanup: 16272 ns, At safepoint: 5220 ns, Total: 137217 ns
[2025-12-01T05:54:35.511+0000][345.280s][debug][safepoint   ] Safepoint synchronization initiated using futex wait barrier. (226 threads)
[2025-12-01T05:54:35.511+0000][345.280s][info ][safepoint   ] Safepoint "Cleanup", Time since last: 1000163642 ns, Reaching safepoint: 79755 ns, Cleanup: 18165 ns, At safepoint: 3717 ns, Total: 101637 ns
[2025-12-01T05:55:01.512+0000][371.283s][debug][safepoint   ] Safepoint synchronization initiated using futex wait barrier. (226 threads)
[2025-12-01T05:55:01.512+0000][371.283s][info ][safepoint   ] Safepoint "Cleanup", Time since last: 26003197083 ns, Reaching safepoint: 130633 ns, Cleanup: 14609 ns, At safepoint: 3707 ns, Total: 148949 ns
[2025-12-01T05:55:03.512+0000][373.284s][debug][safepoint   ] Safepoint synchronization initiated using futex wait barrier. (226 threads)
[2025-12-01T05:55:03.513+0000][373.284s][info ][safepoint   ] Safepoint "Cleanup", Time since last: 2000284406 ns, Reaching safepoint: 148488 ns, Cleanup: 14638 ns, At safepoint: 5311 ns, Total: 168437 ns
[2025-12-01T05:55:08.513+0000][378.285s][debug][safepoint   ] Safepoint synchronization initiated using futex wait barrier. (226 threads)
[2025-12-01T05:55:08.513+0000][378.285s][info ][safepoint   ] Safepoint "Cleanup", Time since last: 5000695263 ns, Reaching safepoint: 129521 ns, Cleanup: 42573 ns, At safepoint: 4449 ns, Total: 176543 ns
[2025-12-01T05:55:10.514+0000][380.285s][debug][safepoint   ] Safepoint synchronization initiated using futex wait barrier. (226 threads)
[2025-12-01T05:55:10.514+0000][380.285s][info ][safepoint   ] Safepoint "Cleanup", Time since last: 2000340695 ns, Reaching safepoint: 87670 ns, Cleanup: 14929 ns, At safepoint: 3717 ns, Total: 106316 ns
[2025-12-01T05:55:17.515+0000][387.286s][debug][safepoint   ] Safepoint synchronization initiated using futex wait barrier. (226 threads)
[2025-12-01T05:55:17.515+0000][387.286s][info ][safepoint   ] Safepoint "Cleanup", Time since last: 7000932711 ns, Reaching safepoint: 144290 ns, Cleanup: 12113 ns, At safepoint: 3587 ns, Total: 159990 ns
[2025-12-01T05:55:22.513+0000][392.287s][debug][safepoint   ] Safepoint synchronization initiated using futex wait barrier. (226 threads)
[2025-12-01T05:55:22.513+0000][392.287s][info ][safepoint   ] Safepoint "Cleanup", Time since last: 5000738318 ns, Reaching safepoint: 76538 ns, Cleanup: 14808 ns, At safepoint: 3347 ns, Total: 94693 ns
[2025-12-01T05:55:35.241+0000][405.015s][debug][safepoint   ] Safepoint synchronization initiated using futex wait barrier. (224 threads)
[2025-12-01T05:55:35.242+0000][405.015s][info ][gc,start    ] GC(79) Pause Young (Normal) (G1 Evacuation Pause)
[2025-12-01T05:55:35.242+0000][405.015s][info ][gc,task     ] GC(79) Using 13 workers of 13 for evacuation
[2025-12-01T05:55:35.259+0000][405.032s][info ][gc,phases   ] GC(79)   Pre Evacuate Collection Set: 1.9ms
[2025-12-01T05:55:35.259+0000][405.032s][info ][gc,phases   ] GC(79)   Merge Heap Roots: 1.0ms
[2025-12-01T05:55:35.259+0000][405.032s][info ][gc,phases   ] GC(79)   Evacuate Collection Set: 9.9ms
[2025-12-01T05:55:35.259+0000][405.032s][info ][gc,phases   ] GC(79)   Post Evacuate Collection Set: 4.1ms
[2025-12-01T05:55:35.259+0000][405.033s][info ][gc,phases   ] GC(79)   Other: 0.5ms
[2025-12-01T05:55:35.259+0000][405.033s][info ][gc,heap     ] GC(79) Eden regions: 486->0(518)
[2025-12-01T05:55:35.259+0000][405.033s][info ][gc,heap     ] GC(79) Survivor regions: 7->6(62)
[2025-12-01T05:55:35.259+0000][405.033s][info ][gc,heap     ] GC(79) Old regions: 341->341
[2025-12-01T05:55:35.259+0000][405.033s][info ][gc,heap     ] GC(79) Archive regions: 2->2
[2025-12-01T05:55:35.259+0000][405.033s][info ][gc,heap     ] GC(79) Humongous regions: 10->10
[2025-12-01T05:55:35.259+0000][405.033s][info ][gc,metaspace] GC(79) Metaspace: 189112K(190528K)->189112K(190528K) NonClass: 165990K(166720K)->165990K(166720K) Class: 23122K(23808K)->23122K(23808K)
[2025-12-01T05:55:35.259+0000][405.033s][info ][gc          ] GC(79) Pause Young (Normal) (G1 Evacuation Pause) 844M->357M(1134M) 17.394ms
[2025-12-01T05:55:35.259+0000][405.033s][info ][gc,cpu      ] GC(79) User=0.12s Sys=0.03s Real=0.02s
[2025-12-01T05:55:35.260+0000][405.034s][info ][safepoint   ] Safepoint "G1CollectForAllocation", Time since last: 12727883299 ns, Reaching safepoint: 88121 ns, Cleanup: 5611 ns, At safepoint: 18488398 ns, Total: 18582130 ns
[2025-12-01T05:55:36.260+0000][406.034s][debug][safepoint   ] Safepoint synchronization initiated using futex wait barrier. (224 threads)
[2025-12-01T05:55:36.260+0000][406.034s][info ][safepoint   ] Safepoint "Cleanup", Time since last: 1000165336 ns, Reaching safepoint: 132938 ns, Cleanup: 78682 ns, At safepoint: 8046 ns, Total: 219666 ns
[2025-12-01T05:56:08.262+0000][438.039s][debug][safepoint   ] Safepoint synchronization initiated using futex wait barrier. (224 threads)
[2025-12-01T05:56:08.263+0000][438.039s][info ][safepoint   ] Safepoint "Cleanup", Time since last: 32004520662 ns, Reaching safepoint: 84975 ns, Cleanup: 13066 ns, At safepoint: 33154 ns, Total: 131195 ns
[2025-12-01T05:56:09.263+0000][439.039s][debug][safepoint   ] Safepoint synchronization initiated using futex wait barrier. (224 threads)
[2025-12-01T05:56:09.263+0000][439.039s][info ][safepoint   ] Safepoint "Cleanup", Time since last: 1000234059 ns, Reaching safepoint: 120403 ns, Cleanup: 24287 ns, At safepoint: 3547 ns, Total: 148237 ns
[2025-12-01T05:56:37.264+0000][467.043s][debug][safepoint   ] Safepoint synchronization initiated using futex wait barrier. (223 threads)
[2025-12-01T05:56:37.264+0000][467.043s][info ][safepoint   ] Safepoint "Cleanup", Time since last: 28003754935 ns, Reaching safepoint: 133298 ns, Cleanup: 46370 ns, At safepoint: 8888 ns, Total: 188556 ns
[2025-12-01T05:57:08.634+0000][498.415s][debug][safepoint   ] Safepoint synchronization initiated using futex wait barrier. (224 threads)
[2025-12-01T05:57:08.635+0000][498.416s][info ][safepoint   ] Safepoint "Cleanup", Time since last: 31372482087 ns, Reaching safepoint: 296836 ns, Cleanup: 27854 ns, At safepoint: 6963 ns, Total: 331653 ns
[2025-12-01T05:57:39.637+0000][529.420s][debug][safepoint   ] Safepoint synchronization initiated using futex wait barrier. (222 threads)
[2025-12-01T05:57:39.638+0000][529.421s][info ][safepoint   ] Safepoint "Cleanup", Time since last: 31004561151 ns, Reaching safepoint: 286996 ns, Cleanup: 12805 ns, At safepoint: 5381 ns, Total: 305182 ns
[2025-12-01T05:57:49.636+0000][539.422s][debug][safepoint   ] Safepoint synchronization initiated using futex wait barrier. (222 threads)
[2025-12-01T05:57:49.636+0000][539.422s][info ][safepoint   ] Safepoint "Cleanup", Time since last: 10001262023 ns, Reaching safepoint: 217771 ns, Cleanup: 23525 ns, At safepoint: 5781 ns, Total: 247077 ns
[2025-12-01T05:57:59.638+0000][549.423s][debug][safepoint   ] Safepoint synchronization initiated using futex wait barrier. (222 threads)
[2025-12-01T05:57:59.638+0000][549.424s][info ][safepoint   ] Safepoint "Cleanup", Time since last: 10001290443 ns, Reaching safepoint: 102309 ns, Cleanup: 19187 ns, At safepoint: 4559 ns, Total: 126055 ns
[2025-12-01T05:58:08.639+0000][558.425s][debug][safepoint   ] Safepoint synchronization initiated using futex wait barrier. (222 threads)
[2025-12-01T05:58:08.640+0000][558.425s][info ][safepoint   ] Safepoint "Cleanup", Time since last: 9001234184 ns, Reaching safepoint: 528735 ns, Cleanup: 32764 ns, At safepoint: 6733 ns, Total: 568232 ns
[2025-12-01T05:58:09.640+0000][559.426s][debug][safepoint   ] Safepoint synchronization initiated using futex wait barrier. (222 threads)
[2025-12-01T05:58:09.640+0000][559.426s][info ][safepoint   ] Safepoint "Cleanup", Time since last: 1000176456 ns, Reaching safepoint: 186582 ns, Cleanup: 32754 ns, At safepoint: 6152 ns, Total: 225488 ns
[2025-12-01T05:58:17.642+0000][567.428s][debug][safepoint   ] Safepoint synchronization initiated using futex wait barrier. (222 threads)
[2025-12-01T05:58:17.642+0000][567.428s][info ][safepoint   ] Safepoint "Cleanup", Time since last: 8002241640 ns, Reaching safepoint: 105294 ns, Cleanup: 13927 ns, At safepoint: 4799 ns, Total: 124020 ns
[2025-12-01T05:58:19.641+0000][569.429s][debug][safepoint   ] Safepoint synchronization initiated using futex wait barrier. (222 threads)
[2025-12-01T05:58:19.641+0000][569.429s][info ][safepoint   ] Safepoint "Cleanup", Time since last: 2000349214 ns, Reaching safepoint: 185331 ns, Cleanup: 23996 ns, At safepoint: 4849 ns, Total: 214176 ns
[2025-12-01T05:58:29.642+0000][579.430s][debug][safepoint   ] Safepoint synchronization initiated using futex wait barrier. (222 threads)
[2025-12-01T05:58:29.642+0000][579.430s][info ][safepoint   ] Safepoint "Cleanup", Time since last: 10001192930 ns, Reaching safepoint: 90607 ns, Cleanup: 21462 ns, At safepoint: 4028 ns, Total: 116097 ns
[2025-12-01T05:58:49.643+0000][599.433s][debug][safepoint   ] Safepoint synchronization initiated using futex wait barrier. (221 threads)
[2025-12-01T05:58:49.643+0000][599.433s][info ][safepoint   ] Safepoint "Cleanup", Time since last: 20002666544 ns, Reaching safepoint: 135471 ns, Cleanup: 20770 ns, At safepoint: 5100 ns, Total: 161341 ns
[2025-12-01T05:59:08.646+0000][618.436s][debug][safepoint   ] Safepoint synchronization initiated using futex wait barrier. (221 threads)
[2025-12-01T05:59:08.646+0000][618.436s][info ][safepoint   ] Safepoint "Cleanup", Time since last: 19002760603 ns, Reaching safepoint: 83352 ns, Cleanup: 13636 ns, At safepoint: 3447 ns, Total: 100435 ns
[2025-12-01T06:00:08.724+0000][678.520s][debug][safepoint   ] Safepoint synchronization initiated using futex wait barrier. (220 threads)
[2025-12-01T06:00:08.725+0000][678.520s][info ][safepoint   ] Safepoint "Cleanup", Time since last: 60083802772 ns, Reaching safepoint: 931898 ns, Cleanup: 18616 ns, At safepoint: 5311 ns, Total: 955825 ns
[2025-12-01T06:00:10.725+0000][680.521s][debug][safepoint   ] Safepoint synchronization initiated using futex wait barrier. (220 threads)
[2025-12-01T06:00:10.726+0000][680.521s][info ][safepoint   ] Safepoint "Cleanup", Time since last: 2000321446 ns, Reaching safepoint: 130343 ns, Cleanup: 42983 ns, At safepoint: 70186 ns, Total: 243512 ns
[2025-12-01T06:00:41.731+0000][711.527s][debug][safepoint   ] Safepoint synchronization initiated using futex wait barrier. (221 threads)
[2025-12-01T06:00:41.732+0000][711.529s][info ][safepoint   ] Safepoint "Cleanup", Time since last: 31006300973 ns, Reaching safepoint: 1174704 ns, Cleanup: 17303 ns, At safepoint: 219936 ns, Total: 1411943 ns
[2025-12-01T06:01:42.760+0000][772.563s][debug][safepoint   ] Safepoint synchronization initiated using futex wait barrier. (220 threads)
[2025-12-01T06:01:42.763+0000][772.565s][info ][safepoint   ] Safepoint "Cleanup", Time since last: 61034282907 ns, Reaching safepoint: 2351821 ns, Cleanup: 27634 ns, At safepoint: 8226 ns, Total: 2387681 ns
[2025-12-01T06:01:49.763+0000][779.566s][debug][safepoint   ] Safepoint synchronization initiated using futex wait barrier. (220 threads)
[2025-12-01T06:01:49.763+0000][779.567s][info ][safepoint   ] Safepoint "Cleanup", Time since last: 7000993796 ns, Reaching safepoint: 93821 ns, Cleanup: 12294 ns, At safepoint: 3787 ns, Total: 109902 ns
[2025-12-01T06:02:09.789+0000][799.592s][debug][safepoint   ] Safepoint synchronization initiated using futex wait barrier. (220 threads)
[2025-12-01T06:02:09.789+0000][799.592s][info ][safepoint   ] Safepoint "Cleanup", Time since last: 20025700579 ns, Reaching safepoint: 129150 ns, Cleanup: 98330 ns, At safepoint: 6132 ns, Total: 233612 ns
[2025-12-01T06:02:19.788+0000][809.594s][debug][safepoint   ] Safepoint synchronization initiated using futex wait barrier. (220 threads)
[2025-12-01T06:02:19.788+0000][809.594s][info ][safepoint   ] Safepoint "Cleanup", Time since last: 10001255589 ns, Reaching safepoint: 90134 ns, Cleanup: 11994 ns, At safepoint: 3256 ns, Total: 105384 ns
[2025-12-01T06:02:29.789+0000][819.595s][debug][safepoint   ] Safepoint synchronization initiated using futex wait barrier. (220 threads)
[2025-12-01T06:02:29.790+0000][819.595s][info ][safepoint   ] Safepoint "Cleanup", Time since last: 10001413717 ns, Reaching safepoint: 80806 ns, Cleanup: 20049 ns, At safepoint: 4609 ns, Total: 105464 ns
[2025-12-01T06:02:39.791+0000][829.597s][debug][safepoint   ] Safepoint synchronization initiated using futex wait barrier. (220 threads)
[2025-12-01T06:02:39.791+0000][829.597s][info ][safepoint   ] Safepoint "Cleanup", Time since last: 10001387933 ns, Reaching safepoint: 79675 ns, Cleanup: 18926 ns, At safepoint: 3327 ns, Total: 101928 ns
[2025-12-01T06:02:48.114+0000][837.919s][debug][safepoint   ] Safepoint synchronization initiated using futex wait barrier. (222 threads)
[2025-12-01T06:02:48.114+0000][837.920s][info ][gc,start    ] GC(80) Pause Young (Normal) (G1 Evacuation Pause)
[2025-12-01T06:02:48.114+0000][837.920s][info ][gc,task     ] GC(80) Using 13 workers of 13 for evacuation
[2025-12-01T06:02:48.136+0000][837.942s][info ][gc,phases   ] GC(80)   Pre Evacuate Collection Set: 1.7ms
[2025-12-01T06:02:48.136+0000][837.942s][info ][gc,phases   ] GC(80)   Merge Heap Roots: 0.6ms
[2025-12-01T06:02:48.136+0000][837.942s][info ][gc,phases   ] GC(80)   Evacuate Collection Set: 15.0ms
[2025-12-01T06:02:48.136+0000][837.942s][info ][gc,phases   ] GC(80)   Post Evacuate Collection Set: 4.8ms
[2025-12-01T06:02:48.137+0000][837.942s][info ][gc,phases   ] GC(80)   Other: 0.5ms
[2025-12-01T06:02:48.137+0000][837.942s][info ][gc,heap     ] GC(80) Eden regions: 518->0(545)
[2025-12-01T06:02:48.137+0000][837.942s][info ][gc,heap     ] GC(80) Survivor regions: 6->6(66)
[2025-12-01T06:02:48.137+0000][837.942s][info ][gc,heap     ] GC(80) Old regions: 341->341
[2025-12-01T06:02:48.137+0000][837.942s][info ][gc,heap     ] GC(80) Archive regions: 2->2
[2025-12-01T06:02:48.137+0000][837.942s][info ][gc,heap     ] GC(80) Humongous regions: 10->10
[2025-12-01T06:02:48.137+0000][837.942s][info ][gc,metaspace] GC(80) Metaspace: 189373K(190784K)->189373K(190784K) NonClass: 166249K(166976K)->166249K(166976K) Class: 23124K(23808K)->23124K(23808K)
[2025-12-01T06:02:48.137+0000][837.942s][info ][gc          ] GC(80) Pause Young (Normal) (G1 Evacuation Pause) 875M->357M(1134M) 22.556ms
[2025-12-01T06:02:48.137+0000][837.942s][info ][gc,cpu      ] GC(80) User=0.18s Sys=0.04s Real=0.02s
[2025-12-01T06:02:48.137+0000][837.943s][info ][safepoint   ] Safepoint "G1CollectForAllocation", Time since last: 8322588065 ns, Reaching safepoint: 128156 ns, Cleanup: 5360 ns, At safepoint: 23569897 ns, Total: 23703413 ns
[2025-12-01T06:02:49.136+0000][838.943s][debug][safepoint   ] Safepoint synchronization initiated using futex wait barrier. (222 threads)
[2025-12-01T06:02:49.136+0000][838.943s][info ][safepoint   ] Safepoint "Cleanup", Time since last: 1000180885 ns, Reaching safepoint: 94933 ns, Cleanup: 21040 ns, At safepoint: 4429 ns, Total: 120402 ns
[2025-12-01T06:03:44.141+0000][893.951s][debug][safepoint   ] Safepoint synchronization initiated using futex wait barrier. (221 threads)
[2025-12-01T06:03:44.143+0000][893.953s][info ][safepoint   ] Safepoint "Cleanup", Time since last: 55007435226 ns, Reaching safepoint: 1998208 ns, Cleanup: 14387 ns, At safepoint: 5731 ns, Total: 2018326 ns
[2025-12-01T06:04:08.849+0000][918.660s][debug][safepoint   ] Safepoint synchronization initiated using futex wait barrier. (221 threads)
[2025-12-01T06:04:08.849+0000][918.660s][info ][safepoint   ] Safepoint "Cleanup", Time since last: 24707502828 ns, Reaching safepoint: 95394 ns, Cleanup: 14227 ns, At safepoint: 4178 ns, Total: 113799 ns
[2025-12-01T06:04:09.849+0000][919.661s][debug][safepoint   ] Safepoint synchronization initiated using futex wait barrier. (221 threads)
[2025-12-01T06:04:09.849+0000][919.661s][info ][safepoint   ] Safepoint "Cleanup", Time since last: 1000134392 ns, Reaching safepoint: 128659 ns, Cleanup: 12614 ns, At safepoint: 4519 ns, Total: 145792 ns
[2025-12-01T06:05:40.887+0000][1010.705s][debug][safepoint   ] Safepoint synchronization initiated using futex wait barrier. (221 threads)
[2025-12-01T06:05:40.887+0000][1010.705s][info ][safepoint   ] Safepoint "Cleanup", Time since last: 91044222617 ns, Reaching safepoint: 86587 ns, Cleanup: 18075 ns, At safepoint: 3507 ns, Total: 108169 ns
[2025-12-01T06:05:46.888+0000][1016.706s][debug][safepoint   ] Safepoint synchronization initiated using futex wait barrier. (220 threads)
[2025-12-01T06:05:46.888+0000][1016.706s][info ][safepoint   ] Safepoint "Cleanup", Time since last: 6000790306 ns, Reaching safepoint: 90284 ns, Cleanup: 16201 ns, At safepoint: 4860 ns, Total: 111345 ns
[2025-12-01T06:07:08.944+0000][1098.768s][debug][safepoint   ] Safepoint synchronization initiated using futex wait barrier. (221 threads)
[2025-12-01T06:07:08.944+0000][1098.768s][info ][safepoint   ] Safepoint "Cleanup", Time since last: 82061893647 ns, Reaching safepoint: 166171 ns, Cleanup: 44706 ns, At safepoint: 4719 ns, Total: 215596 ns
[2025-12-01T06:07:48.945+0000][1138.773s][debug][safepoint   ] Safepoint synchronization initiated using futex wait barrier. (220 threads)
[2025-12-01T06:07:48.945+0000][1138.773s][info ][safepoint   ] Safepoint "Cleanup", Time since last: 40005015394 ns, Reaching safepoint: 104301 ns, Cleanup: 18446 ns, At safepoint: 4919 ns, Total: 127666 ns
[2025-12-01T06:08:49.975+0000][1199.808s][debug][safepoint   ] Safepoint synchronization initiated using futex wait barrier. (223 threads)
[2025-12-01T06:08:49.975+0000][1199.808s][info ][safepoint   ] Safepoint "Cleanup", Time since last: 61034921183 ns, Reaching safepoint: 167664 ns, Cleanup: 40578 ns, At safepoint: 5671 ns, Total: 213913 ns
[2025-12-01T06:09:50.979+0000][1260.816s][debug][safepoint   ] Safepoint synchronization initiated using futex wait barrier. (222 threads)
[2025-12-01T06:09:50.981+0000][1260.818s][info ][safepoint   ] Safepoint "Cleanup", Time since last: 61007635222 ns, Reaching safepoint: 1509218 ns, Cleanup: 33144 ns, At safepoint: 101625 ns, Total: 1643987 ns
[2025-12-01T06:10:09.040+0000][1278.877s][debug][safepoint   ] Safepoint synchronization initiated using futex wait barrier. (221 threads)
[2025-12-01T06:10:09.040+0000][1278.877s][info ][safepoint   ] Safepoint "Cleanup", Time since last: 18059170994 ns, Reaching safepoint: 85835 ns, Cleanup: 14128 ns, At safepoint: 3196 ns, Total: 103159 ns
[2025-12-01T06:10:26.798+0000][1296.637s][debug][safepoint   ] Safepoint synchronization initiated using futex wait barrier. (221 threads)
[2025-12-01T06:10:26.798+0000][1296.637s][info ][gc,start    ] GC(81) Pause Young (Normal) (G1 Evacuation Pause)
[2025-12-01T06:10:26.798+0000][1296.637s][info ][gc,task     ] GC(81) Using 13 workers of 13 for evacuation
[2025-12-01T06:10:26.821+0000][1296.660s][info ][gc,phases   ] GC(81)   Pre Evacuate Collection Set: 0.9ms
[2025-12-01T06:10:26.821+0000][1296.660s][info ][gc,phases   ] GC(81)   Merge Heap Roots: 0.6ms
[2025-12-01T06:10:26.821+0000][1296.660s][info ][gc,phases   ] GC(81)   Evacuate Collection Set: 16.1ms
[2025-12-01T06:10:26.821+0000][1296.660s][info ][gc,phases   ] GC(81)   Post Evacuate Collection Set: 4.9ms
[2025-12-01T06:10:26.821+0000][1296.660s][info ][gc,phases   ] GC(81)   Other: 0.4ms
[2025-12-01T06:10:26.821+0000][1296.660s][info ][gc,heap     ] GC(81) Eden regions: 545->0(567)
[2025-12-01T06:10:26.821+0000][1296.660s][info ][gc,heap     ] GC(81) Survivor regions: 6->6(69)
[2025-12-01T06:10:26.821+0000][1296.660s][info ][gc,heap     ] GC(81) Old regions: 341->341
[2025-12-01T06:10:26.821+0000][1296.660s][info ][gc,heap     ] GC(81) Archive regions: 2->2
[2025-12-01T06:10:26.821+0000][1296.660s][info ][gc,heap     ] GC(81) Humongous regions: 10->10
[2025-12-01T06:10:26.821+0000][1296.660s][info ][gc,metaspace] GC(81) Metaspace: 189484K(190848K)->189484K(190848K) NonClass: 166355K(167040K)->166355K(167040K) Class: 23128K(23808K)->23128K(23808K)
[2025-12-01T06:10:26.821+0000][1296.660s][info ][gc          ] GC(81) Pause Young (Normal) (G1 Evacuation Pause) 902M->357M(1134M) 22.843ms
[2025-12-01T06:10:26.821+0000][1296.660s][info ][gc,cpu      ] GC(81) User=0.20s Sys=0.03s Real=0.02s
[2025-12-01T06:10:26.822+0000][1296.662s][info ][safepoint   ] Safepoint "G1CollectForAllocation", Time since last: 17760144328 ns, Reaching safepoint: 86577 ns, Cleanup: 5370 ns, At safepoint: 24337324 ns, Total: 24429271 ns
[2025-12-01T06:10:27.823+0000][1297.662s][debug][safepoint   ] Safepoint synchronization initiated using futex wait barrier. (221 threads)
[2025-12-01T06:10:27.823+0000][1297.662s][info ][safepoint   ] Safepoint "Cleanup", Time since last: 1000220008 ns, Reaching safepoint: 99402 ns, Cleanup: 74935 ns, At safepoint: 6863 ns, Total: 181200 ns
[2025-12-01T06:10:51.069+0000][1320.910s][debug][safepoint   ] Safepoint synchronization initiated using futex wait barrier. (221 threads)
[2025-12-01T06:10:51.069+0000][1320.910s][info ][safepoint   ] Safepoint "Cleanup", Time since last: 23248073793 ns, Reaching safepoint: 54756 ns, Cleanup: 8837 ns, At safepoint: 2866 ns, Total: 66459 ns
[2025-12-01T06:11:09.072+0000][1338.913s][debug][safepoint   ] Safepoint synchronization initiated using futex wait barrier. (222 threads)
[2025-12-01T06:11:09.072+0000][1338.913s][info ][safepoint   ] Safepoint "Cleanup", Time since last: 18003019545 ns, Reaching safepoint: 200477 ns, Cleanup: 51289 ns, At safepoint: 5791 ns, Total: 257557 ns
[2025-12-01T06:11:19.072+0000][1348.915s][debug][safepoint   ] Safepoint synchronization initiated using futex wait barrier. (221 threads)
[2025-12-01T06:11:19.072+0000][1348.915s][info ][safepoint   ] Safepoint "Cleanup", Time since last: 10001418056 ns, Reaching safepoint: 88110 ns, Cleanup: 96946 ns, At safepoint: 36310 ns, Total: 221366 ns
[2025-12-01T06:11:52.102+0000][1381.947s][debug][safepoint   ] Safepoint synchronization initiated using futex wait barrier. (221 threads)
[2025-12-01T06:11:52.102+0000][1381.947s][info ][safepoint   ] Safepoint "Cleanup", Time since last: 33032212181 ns, Reaching safepoint: 106846 ns, Cleanup: 21631 ns, At safepoint: 3848 ns, Total: 132325 ns
[2025-12-01T06:12:09.104+0000][1398.950s][debug][safepoint   ] Safepoint synchronization initiated using futex wait barrier. (221 threads)
[2025-12-01T06:12:09.105+0000][1398.950s][info ][safepoint   ] Safepoint "Cleanup", Time since last: 17002223610 ns, Reaching safepoint: 91096 ns, Cleanup: 17193 ns, At safepoint: 3717 ns, Total: 112006 ns
[2025-12-01T06:12:53.143+0000][1442.992s][debug][safepoint   ] Safepoint synchronization initiated using futex wait barrier. (220 threads)
[2025-12-01T06:12:53.143+0000][1442.992s][info ][safepoint   ] Safepoint "Cleanup", Time since last: 44042694705 ns, Reaching safepoint: 70105 ns, Cleanup: 10721 ns, At safepoint: 3065 ns, Total: 83891 ns
[2025-12-01T06:13:04.481+0000][1454.330s][debug][safepoint   ] Safepoint synchronization initiated using futex wait barrier. (220 threads)
[2025-12-01T06:13:04.505+0000][1454.354s][info ][safepoint   ] Safepoint "Cleanup", Time since last: 11337952838 ns, Reaching safepoint: 21555240 ns, Cleanup: 19758 ns, At safepoint: 2044283 ns, Total: 23619281 ns
[2025-12-01T06:13:06.103+0000][1455.953s][debug][safepoint   ] Safepoint synchronization initiated using futex wait barrier. (220 threads)
[2025-12-01T06:13:06.104+0000][1455.953s][info ][safepoint   ] Safepoint "Cleanup", Time since last: 1598508798 ns, Reaching safepoint: 250553 ns, Cleanup: 55166 ns, At safepoint: 33575 ns, Total: 339294 ns
[2025-12-01T06:13:07.430+0000][1457.279s][debug][safepoint   ] Safepoint synchronization initiated using futex wait barrier. (228 threads)
[2025-12-01T06:13:07.430+0000][1457.279s][info ][safepoint   ] Safepoint "Cleanup", Time since last: 1325828333 ns, Reaching safepoint: 54586 ns, Cleanup: 108589 ns, At safepoint: 48504 ns, Total: 211679 ns
[2025-12-01T06:13:08.430+0000][1458.279s][debug][safepoint   ] Safepoint synchronization initiated using futex wait barrier. (222 threads)
[2025-12-01T06:13:08.430+0000][1458.279s][info ][safepoint   ] Safepoint "Cleanup", Time since last: 1000197731 ns, Reaching safepoint: 227680 ns, Cleanup: 48804 ns, At safepoint: 31220 ns, Total: 307704 ns
[2025-12-01T06:13:09.593+0000][1459.442s][debug][safepoint   ] Safepoint synchronization initiated using futex wait barrier. (221 threads)
[2025-12-01T06:13:09.593+0000][1459.442s][info ][safepoint   ] Safepoint "Cleanup", Time since last: 1162375452 ns, Reaching safepoint: 72279 ns, Cleanup: 85896 ns, At safepoint: 47632 ns, Total: 205807 ns
[2025-12-01T06:13:11.077+0000][1460.926s][debug][safepoint   ] Safepoint synchronization initiated using futex wait barrier. (223 threads)
[2025-12-01T06:13:11.077+0000][1460.926s][info ][safepoint   ] Safepoint "Cleanup", Time since last: 1483965683 ns, Reaching safepoint: 99823 ns, Cleanup: 120322 ns, At safepoint: 3336 ns, Total: 223481 ns
[2025-12-01T06:13:12.077+0000][1461.926s][debug][safepoint   ] Safepoint synchronization initiated using futex wait barrier. (223 threads)
[2025-12-01T06:13:12.077+0000][1461.926s][info ][safepoint   ] Safepoint "Cleanup", Time since last: 1000148015 ns, Reaching safepoint: 99722 ns, Cleanup: 49556 ns, At safepoint: 3667 ns, Total: 152945 ns
[2025-12-01T06:13:13.078+0000][1462.927s][debug][safepoint   ] Safepoint synchronization initiated using futex wait barrier. (221 threads)
[2025-12-01T06:13:13.078+0000][1462.927s][info ][safepoint   ] Safepoint "Cleanup", Time since last: 1000153449 ns, Reaching safepoint: 80085 ns, Cleanup: 35919 ns, At safepoint: 3276 ns, Total: 119280 ns
[2025-12-01T06:13:21.077+0000][1470.928s][debug][safepoint   ] Safepoint synchronization initiated using futex wait barrier. (220 threads)
[2025-12-01T06:13:21.077+0000][1470.928s][info ][safepoint   ] Safepoint "Cleanup", Time since last: 8001098980 ns, Reaching safepoint: 96235 ns, Cleanup: 16111 ns, At safepoint: 3427 ns, Total: 115773 ns
[2025-12-01T06:13:28.077+0000][1477.929s][debug][safepoint   ] Safepoint synchronization initiated using futex wait barrier. (220 threads)
[2025-12-01T06:13:28.078+0000][1477.929s][info ][safepoint   ] Safepoint "Cleanup", Time since last: 7000814354 ns, Reaching safepoint: 131273 ns, Cleanup: 51198 ns, At safepoint: 6673 ns, Total: 189144 ns
[2025-12-01T06:13:37.079+0000][1486.930s][debug][safepoint   ] Safepoint synchronization initiated using futex wait barrier. (220 threads)
[2025-12-01T06:13:37.079+0000][1486.931s][info ][safepoint   ] Safepoint "Cleanup", Time since last: 9001388628 ns, Reaching safepoint: 137785 ns, Cleanup: 42683 ns, At safepoint: 5089 ns, Total: 185557 ns
[2025-12-01T06:14:07.176+0000][1517.030s][debug][safepoint   ] Safepoint synchronization initiated using futex wait barrier. (221 threads)
[2025-12-01T06:14:07.176+0000][1517.030s][info ][safepoint   ] Safepoint "Cleanup", Time since last: 30099382932 ns, Reaching safepoint: 86939 ns, Cleanup: 64424 ns, At safepoint: 4659 ns, Total: 156022 ns
[2025-12-01T06:14:29.178+0000][1539.034s][debug][safepoint   ] Safepoint synchronization initiated using futex wait barrier. (221 threads)
[2025-12-01T06:14:29.179+0000][1539.034s][info ][safepoint   ] Safepoint "Cleanup", Time since last: 22003427739 ns, Reaching safepoint: 492411 ns, Cleanup: 79344 ns, At safepoint: 5801 ns, Total: 577556 ns
[2025-12-01T06:14:31.179+0000][1541.034s][debug][safepoint   ] Safepoint synchronization initiated using futex wait barrier. (221 threads)
[2025-12-01T06:14:31.179+0000][1541.035s][info ][safepoint   ] Safepoint "Cleanup", Time since last: 2000337160 ns, Reaching safepoint: 262457 ns, Cleanup: 82769 ns, At safepoint: 5701 ns, Total: 350927 ns
[2025-12-01T06:14:54.206+0000][1564.063s][debug][safepoint   ] Safepoint synchronization initiated using futex wait barrier. (220 threads)
[2025-12-01T06:14:54.206+0000][1564.064s][info ][safepoint   ] Safepoint "Cleanup", Time since last: 23028643792 ns, Reaching safepoint: 130381 ns, Cleanup: 79503 ns, At safepoint: 7074 ns, Total: 216958 ns
[2025-12-01T06:14:55.207+0000][1565.064s][debug][safepoint   ] Safepoint synchronization initiated using futex wait barrier. (222 threads)
[2025-12-01T06:14:55.207+0000][1565.064s][info ][safepoint   ] Safepoint "Cleanup", Time since last: 1000165592 ns, Reaching safepoint: 240894 ns, Cleanup: 33735 ns, At safepoint: 5691 ns, Total: 280320 ns
[2025-12-01T06:15:03.605+0000][1573.462s][debug][safepoint   ] Safepoint synchronization initiated using futex wait barrier. (222 threads)
[2025-12-01T06:15:03.606+0000][1573.463s][info ][gc,start    ] GC(82) Pause Young (Normal) (G1 Evacuation Pause)
[2025-12-01T06:15:03.606+0000][1573.463s][info ][gc,task     ] GC(82) Using 13 workers of 13 for evacuation
[2025-12-01T06:15:03.656+0000][1573.513s][info ][gc,phases   ] GC(82)   Pre Evacuate Collection Set: 1.2ms
[2025-12-01T06:15:03.656+0000][1573.513s][info ][gc,phases   ] GC(82)   Merge Heap Roots: 0.5ms
[2025-12-01T06:15:03.656+0000][1573.513s][info ][gc,phases   ] GC(82)   Evacuate Collection Set: 40.0ms
[2025-12-01T06:15:03.656+0000][1573.513s][info ][gc,phases   ] GC(82)   Post Evacuate Collection Set: 4.0ms
[2025-12-01T06:15:03.656+0000][1573.513s][info ][gc,phases   ] GC(82)   Other: 4.6ms
[2025-12-01T06:15:03.656+0000][1573.513s][info ][gc,heap     ] GC(82) Eden regions: 567->0(581)
[2025-12-01T06:15:03.656+0000][1573.513s][info ][gc,heap     ] GC(82) Survivor regions: 6->11(72)
[2025-12-01T06:15:03.656+0000][1573.513s][info ][gc,heap     ] GC(82) Old regions: 341->341
[2025-12-01T06:15:03.656+0000][1573.513s][info ][gc,heap     ] GC(82) Archive regions: 2->2
[2025-12-01T06:15:03.656+0000][1573.513s][info ][gc,heap     ] GC(82) Humongous regions: 10->10
[2025-12-01T06:15:03.656+0000][1573.513s][info ][gc,metaspace] GC(82) Metaspace: 192129K(193536K)->192129K(193536K) NonClass: 168685K(169408K)->168685K(169408K) Class: 23443K(24128K)->23443K(24128K)
[2025-12-01T06:15:03.656+0000][1573.513s][info ][gc          ] GC(82) Pause Young (Normal) (G1 Evacuation Pause) 924M->362M(1134M) 50.174ms
[2025-12-01T06:15:03.656+0000][1573.513s][info ][gc,cpu      ] GC(82) User=0.54s Sys=0.01s Real=0.05s
[2025-12-01T06:15:03.658+0000][1573.515s][info ][safepoint   ] Safepoint "G1CollectForAllocation", Time since last: 8398373259 ns, Reaching safepoint: 147144 ns, Cleanup: 5771 ns, At safepoint: 52437907 ns, Total: 52590822 ns
[2025-12-01T06:15:04.658+0000][1574.515s][debug][safepoint   ] Safepoint synchronization initiated using futex wait barrier. (222 threads)
[2025-12-01T06:15:04.658+0000][1574.515s][info ][safepoint   ] Safepoint "Cleanup", Time since last: 1000241932 ns, Reaching safepoint: 88039 ns, Cleanup: 11683 ns, At safepoint: 3617 ns, Total: 103339 ns
[2025-12-01T06:15:09.659+0000][1579.516s][debug][safepoint   ] Safepoint synchronization initiated using futex wait barrier. (222 threads)
[2025-12-01T06:15:09.659+0000][1579.516s][info ][safepoint   ] Safepoint "Cleanup", Time since last: 5000541468 ns, Reaching safepoint: 84503 ns, Cleanup: 11652 ns, At safepoint: 3387 ns, Total: 99542 ns
[2025-12-01T06:16:09.238+0000][1639.099s][debug][safepoint   ] Safepoint synchronization initiated using futex wait barrier. (221 threads)
[2025-12-01T06:16:09.238+0000][1639.099s][info ][safepoint   ] Safepoint "Cleanup", Time since last: 59583234365 ns, Reaching safepoint: 116505 ns, Cleanup: 24237 ns, At safepoint: 3797 ns, Total: 144539 ns
[2025-12-01T06:16:56.273+0000][1686.138s][debug][safepoint   ] Safepoint synchronization initiated using futex wait barrier. (220 threads)
[2025-12-01T06:16:56.273+0000][1686.138s][info ][safepoint   ] Safepoint "Cleanup", Time since last: 47038781171 ns, Reaching safepoint: 94181 ns, Cleanup: 12965 ns, At safepoint: 3527 ns, Total: 110673 ns
[2025-12-01T06:16:57.273+0000][1687.138s][debug][safepoint   ] Safepoint synchronization initiated using futex wait barrier. (220 threads)
[2025-12-01T06:16:57.273+0000][1687.139s][info ][safepoint   ] Safepoint "Cleanup", Time since last: 1000148938 ns, Reaching safepoint: 121624 ns, Cleanup: 27263 ns, At safepoint: 4328 ns, Total: 153215 ns
[2025-12-01T06:17:08.275+0000][1698.140s][debug][safepoint   ] Safepoint synchronization initiated using futex wait barrier. (220 threads)
[2025-12-01T06:17:08.275+0000][1698.140s][info ][safepoint   ] Safepoint "Cleanup", Time since last: 11001446433 ns, Reaching safepoint: 105824 ns, Cleanup: 19187 ns, At safepoint: 3817 ns, Total: 128828 ns
[2025-12-01T06:17:22.280+0000][1712.147s][debug][safepoint   ] Safepoint synchronization initiated using futex wait barrier. (220 threads)
[2025-12-01T06:17:22.280+0000][1712.148s][info ][safepoint   ] Safepoint "Cleanup", Time since last: 14007285752 ns, Reaching safepoint: 132154 ns, Cleanup: 31540 ns, At safepoint: 4449 ns, Total: 168143 ns
[2025-12-01T06:17:58.368+0000][1748.238s][debug][safepoint   ] Safepoint synchronization initiated using futex wait barrier. (221 threads)
[2025-12-01T06:17:58.368+0000][1748.238s][info ][safepoint   ] Safepoint "Cleanup", Time since last: 36090279733 ns, Reaching safepoint: 88952 ns, Cleanup: 15860 ns, At safepoint: 4178 ns, Total: 108990 ns
[2025-12-01T06:18:21.370+0000][1771.241s][debug][safepoint   ] Safepoint synchronization initiated using futex wait barrier. (223 threads)
[2025-12-01T06:18:21.370+0000][1771.242s][info ][safepoint   ] Safepoint "Cleanup", Time since last: 23003414158 ns, Reaching safepoint: 75906 ns, Cleanup: 17514 ns, At safepoint: 3226 ns, Total: 96646 ns
[2025-12-01T06:18:29.371+0000][1779.242s][debug][safepoint   ] Safepoint synchronization initiated using futex wait barrier. (223 threads)
[2025-12-01T06:18:29.371+0000][1779.243s][info ][safepoint   ] Safepoint "Cleanup", Time since last: 8000948918 ns, Reaching safepoint: 75215 ns, Cleanup: 11432 ns, At safepoint: 2996 ns, Total: 89643 ns
[2025-12-01T06:18:31.371+0000][1781.243s][debug][safepoint   ] Safepoint synchronization initiated using futex wait barrier. (223 threads)
[2025-12-01T06:18:31.371+0000][1781.243s][info ][safepoint   ] Safepoint "Cleanup", Time since last: 2000300548 ns, Reaching safepoint: 119530 ns, Cleanup: 17955 ns, At safepoint: 3677 ns, Total: 141162 ns
[2025-12-01T06:18:49.372+0000][1799.245s][debug][safepoint   ] Safepoint synchronization initiated using futex wait barrier. (223 threads)
[2025-12-01T06:18:49.372+0000][1799.246s][info ][safepoint   ] Safepoint "Cleanup", Time since last: 18002464074 ns, Reaching safepoint: 75575 ns, Cleanup: 11703 ns, At safepoint: 2885 ns, Total: 90163 ns
[2025-12-01T06:18:59.397+0000][1809.271s][debug][safepoint   ] Safepoint synchronization initiated using futex wait barrier. (222 threads)
[2025-12-01T06:18:59.397+0000][1809.271s][info ][safepoint   ] Safepoint "Cleanup", Time since last: 10025450529 ns, Reaching safepoint: 96646 ns, Cleanup: 21431 ns, At safepoint: 4349 ns, Total: 122426 ns
[2025-12-01T06:19:08.399+0000][1818.272s][debug][safepoint   ] Safepoint synchronization initiated using futex wait barrier. (221 threads)
[2025-12-01T06:19:08.399+0000][1818.272s][info ][safepoint   ] Safepoint "Cleanup", Time since last: 9001107537 ns, Reaching safepoint: 90264 ns, Cleanup: 11923 ns, At safepoint: 3296 ns, Total: 105483 ns
[2025-12-01T06:19:31.401+0000][1841.277s][debug][safepoint   ] Safepoint synchronization initiated using futex wait barrier. (219 threads)
[2025-12-01T06:19:31.401+0000][1841.277s][info ][safepoint   ] Safepoint "Cleanup", Time since last: 23004643765 ns, Reaching safepoint: 85755 ns, Cleanup: 14268 ns, At safepoint: 3496 ns, Total: 103519 ns
[2025-12-01T06:20:00.424+0000][1870.302s][debug][safepoint   ] Safepoint synchronization initiated using futex wait barrier. (220 threads)
[2025-12-01T06:20:00.424+0000][1870.302s][info ][safepoint   ] Safepoint "Cleanup", Time since last: 29025099862 ns, Reaching safepoint: 131075 ns, Cleanup: 33936 ns, At safepoint: 4158 ns, Total: 169169 ns
[2025-12-01T06:20:08.426+0000][1878.304s][debug][safepoint   ] Safepoint synchronization initiated using futex wait barrier. (220 threads)
[2025-12-01T06:20:08.426+0000][1878.304s][info ][safepoint   ] Safepoint "Cleanup", Time since last: 8001347799 ns, Reaching safepoint: 110723 ns, Cleanup: 19167 ns, At safepoint: 70256 ns, Total: 200146 ns
[2025-12-01T06:20:19.426+0000][1889.306s][debug][safepoint   ] Safepoint synchronization initiated using futex wait barrier. (220 threads)
[2025-12-01T06:20:19.426+0000][1889.306s][info ][safepoint   ] Safepoint "Cleanup", Time since last: 11002038228 ns, Reaching safepoint: 358551 ns, Cleanup: 64905 ns, At safepoint: 30749 ns, Total: 454205 ns
[2025-12-01T06:21:01.454+0000][1931.336s][debug][safepoint   ] Safepoint synchronization initiated using futex wait barrier. (221 threads)
[2025-12-01T06:21:01.455+0000][1931.337s][info ][safepoint   ] Safepoint "Cleanup", Time since last: 42029976684 ns, Reaching safepoint: 233480 ns, Cleanup: 26731 ns, At safepoint: 9178 ns, Total: 269389 ns
[2025-12-01T06:21:08.456+0000][1938.338s][debug][safepoint   ] Safepoint synchronization initiated using futex wait barrier. (221 threads)
[2025-12-01T06:21:08.456+0000][1938.338s][info ][safepoint   ] Safepoint "Cleanup", Time since last: 7000992398 ns, Reaching safepoint: 85916 ns, Cleanup: 19998 ns, At safepoint: 3257 ns, Total: 109171 ns
[2025-12-01T06:21:23.456+0000][1953.340s][debug][safepoint   ] Safepoint synchronization initiated using futex wait barrier. (222 threads)
[2025-12-01T06:21:23.456+0000][1953.340s][info ][safepoint   ] Safepoint "Cleanup", Time since last: 15002094070 ns, Reaching safepoint: 355213 ns, Cleanup: 27503 ns, At safepoint: 61348 ns, Total: 444064 ns
[2025-12-01T06:21:25.456+0000][1955.341s][debug][safepoint   ] Safepoint synchronization initiated using futex wait barrier. (222 threads)
[2025-12-01T06:21:25.456+0000][1955.341s][info ][safepoint   ] Safepoint "Cleanup", Time since last: 2000270810 ns, Reaching safepoint: 75967 ns, Cleanup: 15149 ns, At safepoint: 3567 ns, Total: 94683 ns
[2025-12-01T06:22:02.488+0000][1992.375s][debug][safepoint   ] Safepoint synchronization initiated using futex wait barrier. (221 threads)
[2025-12-01T06:22:02.489+0000][1992.375s][info ][safepoint   ] Safepoint "Cleanup", Time since last: 37033852244 ns, Reaching safepoint: 203524 ns, Cleanup: 19076 ns, At safepoint: 33485 ns, Total: 256085 ns
[2025-12-01T06:22:31.493+0000][2021.381s][debug][safepoint   ] Safepoint synchronization initiated using futex wait barrier. (221 threads)
[2025-12-01T06:22:31.493+0000][2021.381s][info ][safepoint   ] Safepoint "Cleanup", Time since last: 29006116179 ns, Reaching safepoint: 80716 ns, Cleanup: 12985 ns, At safepoint: 3727 ns, Total: 97428 ns
[2025-12-01T06:23:08.522+0000][2058.412s][debug][safepoint   ] Safepoint synchronization initiated using futex wait barrier. (222 threads)
[2025-12-01T06:23:08.523+0000][2058.413s][info ][safepoint   ] Safepoint "Cleanup", Time since last: 37031458452 ns, Reaching safepoint: 565851 ns, Cleanup: 32563 ns, At safepoint: 71067 ns, Total: 669481 ns
[2025-12-01T06:23:11.423+0000][2061.313s][debug][safepoint   ] Safepoint synchronization initiated using futex wait barrier. (222 threads)
[2025-12-01T06:23:11.424+0000][2061.314s][info ][gc,start    ] GC(83) Pause Young (Normal) (G1 Evacuation Pause)
[2025-12-01T06:23:11.424+0000][2061.314s][info ][gc,task     ] GC(83) Using 13 workers of 13 for evacuation
[2025-12-01T06:23:11.455+0000][2061.346s][info ][gc,phases   ] GC(83)   Pre Evacuate Collection Set: 1.3ms
[2025-12-01T06:23:11.455+0000][2061.346s][info ][gc,phases   ] GC(83)   Merge Heap Roots: 0.5ms
[2025-12-01T06:23:11.455+0000][2061.346s][info ][gc,phases   ] GC(83)   Evacuate Collection Set: 26.0ms
[2025-12-01T06:23:11.455+0000][2061.346s][info ][gc,phases   ] GC(83)   Post Evacuate Collection Set: 3.2ms
[2025-12-01T06:23:11.455+0000][2061.346s][info ][gc,phases   ] GC(83)   Other: 1.3ms
[2025-12-01T06:23:11.455+0000][2061.346s][info ][gc,heap     ] GC(83) Eden regions: 581->0(595)
[2025-12-01T06:23:11.455+0000][2061.346s][info ][gc,heap     ] GC(83) Survivor regions: 11->12(74)
[2025-12-01T06:23:11.456+0000][2061.346s][info ][gc,heap     ] GC(83) Old regions: 341->341
[2025-12-01T06:23:11.456+0000][2061.346s][info ][gc,heap     ] GC(83) Archive regions: 2->2
[2025-12-01T06:23:11.456+0000][2061.346s][info ][gc,heap     ] GC(83) Humongous regions: 10->10
[2025-12-01T06:23:11.456+0000][2061.346s][info ][gc,metaspace] GC(83) Metaspace: 192290K(193728K)->192290K(193728K) NonClass: 168841K(169600K)->168841K(169600K) Class: 23449K(24128K)->23449K(24128K)
[2025-12-01T06:23:11.456+0000][2061.346s][info ][gc          ] GC(83) Pause Young (Normal) (G1 Evacuation Pause) 943M->363M(1134M) 31.835ms
[2025-12-01T06:23:11.456+0000][2061.346s][info ][gc,cpu      ] GC(83) User=0.36s Sys=0.00s Real=0.04s
[2025-12-01T06:23:11.457+0000][2061.347s][info ][safepoint   ] Safepoint "G1CollectForAllocation", Time since last: 2899975476 ns, Reaching safepoint: 181680 ns, Cleanup: 9949 ns, At safepoint: 33831760 ns, Total: 34023389 ns
[2025-12-01T06:23:43.460+0000][2093.352s][debug][safepoint   ] Safepoint synchronization initiated using futex wait barrier. (222 threads)
[2025-12-01T06:23:43.461+0000][2093.352s][info ][safepoint   ] Safepoint "Cleanup", Time since last: 32004889457 ns, Reaching safepoint: 178002 ns, Cleanup: 63582 ns, At safepoint: 6973 ns, Total: 248557 ns
[2025-12-01T06:23:45.461+0000][2095.353s][debug][safepoint   ] Safepoint synchronization initiated using futex wait barrier. (228 threads)
[2025-12-01T06:23:45.461+0000][2095.353s][debug][safepoint   ] ... found polling page loop exception at pc = 0x00007d8e2ea5855f, stub =0x00007d8e34a04400
[2025-12-01T06:23:45.461+0000][2095.353s][info ][safepoint   ] Safepoint "Cleanup", Time since last: 2000340291 ns, Reaching safepoint: 258317 ns, Cleanup: 209422 ns, At safepoint: 125001 ns, Total: 592740 ns
[2025-12-01T06:23:46.628+0000][2096.519s][debug][safepoint   ] Safepoint synchronization initiated using futex wait barrier. (227 threads)
[2025-12-01T06:23:46.628+0000][2096.520s][info ][safepoint   ] Safepoint "Cleanup", Time since last: 1166042549 ns, Reaching safepoint: 85935 ns, Cleanup: 178833 ns, At safepoint: 267144 ns, Total: 531912 ns
[2025-12-01T06:23:47.628+0000][2097.520s][debug][safepoint   ] Safepoint synchronization initiated using futex wait barrier. (227 threads)
[2025-12-01T06:23:47.628+0000][2097.520s][info ][safepoint   ] Safepoint "Cleanup", Time since last: 1000179131 ns, Reaching safepoint: 81366 ns, Cleanup: 27202 ns, At safepoint: 3357 ns, Total: 111925 ns
[2025-12-01T06:23:48.625+0000][2098.520s][debug][safepoint   ] Safepoint synchronization initiated using futex wait barrier. (231 threads)
[2025-12-01T06:23:48.626+0000][2098.520s][info ][safepoint   ] Safepoint "Cleanup", Time since last: 1000142861 ns, Reaching safepoint: 70255 ns, Cleanup: 163655 ns, At safepoint: 5801 ns, Total: 239711 ns
[2025-12-01T06:23:49.626+0000][2099.521s][debug][safepoint   ] Safepoint synchronization initiated using futex wait barrier. (230 threads)
[2025-12-01T06:23:49.626+0000][2099.521s][info ][safepoint   ] Safepoint "Cleanup", Time since last: 1000190317 ns, Reaching safepoint: 80663 ns, Cleanup: 111982 ns, At safepoint: 44875 ns, Total: 237520 ns
[2025-12-01T06:23:50.236+0000][2100.130s][debug][safepoint   ] Safepoint synchronization initiated using futex wait barrier. (235 threads)
[2025-12-01T06:23:50.236+0000][2100.131s][info ][safepoint   ] Safepoint "ICBufferFull", Time since last: 609567429 ns, Reaching safepoint: 61797 ns, Cleanup: 140315 ns, At safepoint: 2515 ns, Total: 204627 ns
[2025-12-01T06:23:50.527+0000][2100.422s][debug][safepoint   ] ... found polling page loop exception at pc = 0x00007d8e35a8e9a9, stub =0x00007d8e34a04400
[2025-12-01T06:23:50.870+0000][2100.764s][debug][safepoint   ] Safepoint synchronization initiated using futex wait barrier. (235 threads)
[2025-12-01T06:23:50.870+0000][2100.765s][info ][gc,start    ] GC(84) Pause Young (Normal) (G1 Evacuation Pause)
[2025-12-01T06:23:50.870+0000][2100.765s][info ][gc,task     ] GC(84) Using 13 workers of 13 for evacuation
[2025-12-01T06:23:50.936+0000][2100.831s][info ][gc,phases   ] GC(84)   Pre Evacuate Collection Set: 0.7ms
[2025-12-01T06:23:50.936+0000][2100.831s][info ][gc,phases   ] GC(84)   Merge Heap Roots: 0.4ms
[2025-12-01T06:23:50.936+0000][2100.831s][info ][gc,phases   ] GC(84)   Evacuate Collection Set: 59.9ms
[2025-12-01T06:23:50.936+0000][2100.831s][info ][gc,phases   ] GC(84)   Post Evacuate Collection Set: 4.8ms
[2025-12-01T06:23:50.936+0000][2100.831s][info ][gc,phases   ] GC(84)   Other: 0.5ms
[2025-12-01T06:23:50.936+0000][2100.831s][info ][gc,heap     ] GC(84) Eden regions: 595->0(586)
[2025-12-01T06:23:50.936+0000][2100.831s][info ][gc,heap     ] GC(84) Survivor regions: 12->23(76)
[2025-12-01T06:23:50.936+0000][2100.831s][info ][gc,heap     ] GC(84) Old regions: 341->341
[2025-12-01T06:23:50.936+0000][2100.831s][info ][gc,heap     ] GC(84) Archive regions: 2->2
[2025-12-01T06:23:50.936+0000][2100.831s][info ][gc,heap     ] GC(84) Humongous regions: 20->10
[2025-12-01T06:23:50.936+0000][2100.831s][info ][gc,metaspace] GC(84) Metaspace: 195889K(197248K)->195889K(197248K) NonClass: 172033K(172736K)->172033K(172736K) Class: 23855K(24512K)->23855K(24512K)
[2025-12-01T06:23:50.936+0000][2100.831s][info ][gc          ] GC(84) Pause Young (Normal) (G1 Evacuation Pause) 968M->374M(1134M) 66.337ms
[2025-12-01T06:23:50.936+0000][2100.831s][info ][gc,cpu      ] GC(84) User=0.78s Sys=0.00s Real=0.06s
[2025-12-01T06:23:50.938+0000][2100.833s][info ][safepoint   ] Safepoint "G1CollectForAllocation", Time since last: 633702724 ns, Reaching safepoint: 73709 ns, Cleanup: 98847 ns, At safepoint: 68136892 ns, Total: 68309448 ns
[2025-12-01T06:23:52.552+0000][2102.446s][debug][safepoint   ] Safepoint synchronization initiated using futex wait barrier. (235 threads)
[2025-12-01T06:23:52.552+0000][2102.447s][info ][safepoint   ] Safepoint "Cleanup", Time since last: 1613745678 ns, Reaching safepoint: 133142 ns, Cleanup: 145064 ns, At safepoint: 6643 ns, Total: 284849 ns
[2025-12-01T06:23:53.992+0000][2103.887s][debug][safepoint   ] Safepoint synchronization initiated using futex wait barrier. (235 threads)
[2025-12-01T06:23:53.993+0000][2103.887s][info ][safepoint   ] Safepoint "Cleanup", Time since last: 1440595441 ns, Reaching safepoint: 72227 ns, Cleanup: 41749 ns, At safepoint: 34074 ns, Total: 148050 ns
[2025-12-01T06:23:54.993+0000][2104.888s][debug][safepoint   ] Safepoint synchronization initiated using futex wait barrier. (235 threads)
[2025-12-01T06:23:54.993+0000][2104.888s][info ][safepoint   ] Safepoint "Cleanup", Time since last: 1000140416 ns, Reaching safepoint: 110460 ns, Cleanup: 53461 ns, At safepoint: 5630 ns, Total: 169551 ns
[2025-12-01T06:23:55.993+0000][2105.888s][debug][safepoint   ] Safepoint synchronization initiated using futex wait barrier. (233 threads)
[2025-12-01T06:23:55.993+0000][2105.888s][info ][safepoint   ] Safepoint "Cleanup", Time since last: 1000162760 ns, Reaching safepoint: 72989 ns, Cleanup: 110118 ns, At safepoint: 3026 ns, Total: 186133 ns
[2025-12-01T06:23:56.994+0000][2106.888s][debug][safepoint   ] Safepoint synchronization initiated using futex wait barrier. (233 threads)
[2025-12-01T06:23:56.994+0000][2106.889s][info ][safepoint   ] Safepoint "Cleanup", Time since last: 1000253706 ns, Reaching safepoint: 150741 ns, Cleanup: 25649 ns, At safepoint: 6473 ns, Total: 182863 ns
[2025-12-01T06:24:01.995+0000][2111.890s][debug][safepoint   ] Safepoint synchronization initiated using futex wait barrier. (232 threads)
[2025-12-01T06:24:01.997+0000][2111.892s][info ][safepoint   ] Safepoint "Cleanup", Time since last: 5000994470 ns, Reaching safepoint: 2474419 ns, Cleanup: 20219 ns, At safepoint: 8056 ns, Total: 2502694 ns
[2025-12-01T06:24:04.998+0000][2114.893s][debug][safepoint   ] Safepoint synchronization initiated using futex wait barrier. (232 threads)
[2025-12-01T06:24:04.998+0000][2114.893s][info ][safepoint   ] Safepoint "Cleanup", Time since last: 3000624070 ns, Reaching safepoint: 145675 ns, Cleanup: 54576 ns, At safepoint: 5211 ns, Total: 205462 ns
[2025-12-01T06:24:08.999+0000][2118.893s][debug][safepoint   ] Safepoint synchronization initiated using futex wait barrier. (232 threads)
[2025-12-01T06:24:08.999+0000][2118.894s][info ][safepoint   ] Safepoint "Cleanup", Time since last: 4000485985 ns, Reaching safepoint: 178626 ns, Cleanup: 33084 ns, At safepoint: 4969 ns, Total: 216679 ns
[2025-12-01T06:24:29.000+0000][2138.896s][debug][safepoint   ] Safepoint synchronization initiated using futex wait barrier. (232 threads)
[2025-12-01T06:24:29.000+0000][2138.896s][info ][safepoint   ] Safepoint "Cleanup", Time since last: 20002397820 ns, Reaching safepoint: 79884 ns, Cleanup: 16171 ns, At safepoint: 3557 ns, Total: 99612 ns
[2025-12-01T06:24:42.700+0000][2152.596s][debug][safepoint   ] Safepoint synchronization initiated using futex wait barrier. (244 threads)
[2025-12-01T06:24:42.701+0000][2152.597s][info ][safepoint   ] Safepoint "Cleanup", Time since last: 13700457592 ns, Reaching safepoint: 181450 ns, Cleanup: 96846 ns, At safepoint: 129240 ns, Total: 407536 ns
[2025-12-01T06:24:43.722+0000][2153.618s][debug][safepoint   ] Safepoint synchronization initiated using futex wait barrier. (250 threads)
[2025-12-01T06:24:43.722+0000][2153.618s][info ][safepoint   ] Safepoint "Cleanup", Time since last: 1021303092 ns, Reaching safepoint: 78592 ns, Cleanup: 70325 ns, At safepoint: 3477 ns, Total: 152394 ns
[2025-12-01T06:24:45.723+0000][2155.619s][debug][safepoint   ] Safepoint synchronization initiated using futex wait barrier. (252 threads)
[2025-12-01T06:24:45.723+0000][2155.619s][info ][safepoint   ] Safepoint "Cleanup", Time since last: 2000460526 ns, Reaching safepoint: 73601 ns, Cleanup: 48504 ns, At safepoint: 4999 ns, Total: 127104 ns
[2025-12-01T06:24:46.723+0000][2156.619s][debug][safepoint   ] Safepoint synchronization initiated using futex wait barrier. (252 threads)
[2025-12-01T06:24:46.723+0000][2156.619s][info ][safepoint   ] Safepoint "Cleanup", Time since last: 1000133317 ns, Reaching safepoint: 93720 ns, Cleanup: 36952 ns, At safepoint: 31661 ns, Total: 162333 ns
[2025-12-01T06:24:48.721+0000][2158.620s][debug][safepoint   ] Safepoint synchronization initiated using futex wait barrier. (253 threads)
[2025-12-01T06:24:48.721+0000][2158.620s][info ][safepoint   ] Safepoint "Cleanup", Time since last: 2000342459 ns, Reaching safepoint: 113338 ns, Cleanup: 40458 ns, At safepoint: 5691 ns, Total: 159487 ns
[2025-12-01T06:24:49.722+0000][2159.620s][debug][safepoint   ] Safepoint synchronization initiated using futex wait barrier. (253 threads)
[2025-12-01T06:24:49.722+0000][2159.620s][info ][safepoint   ] Safepoint "Cleanup", Time since last: 1000144298 ns, Reaching safepoint: 124510 ns, Cleanup: 15690 ns, At safepoint: 7775 ns, Total: 147975 ns
[2025-12-01T06:24:50.722+0000][2160.620s][debug][safepoint   ] Safepoint synchronization initiated using futex wait barrier. (253 threads)
[2025-12-01T06:24:50.722+0000][2160.620s][info ][safepoint   ] Safepoint "Cleanup", Time since last: 1000155468 ns, Reaching safepoint: 186730 ns, Cleanup: 14948 ns, At safepoint: 4690 ns, Total: 206368 ns
[2025-12-01T06:24:52.590+0000][2162.488s][debug][safepoint   ] Safepoint synchronization initiated using futex wait barrier. (253 threads)
[2025-12-01T06:24:52.590+0000][2162.488s][info ][safepoint   ] Safepoint "Cleanup", Time since last: 1867762114 ns, Reaching safepoint: 78321 ns, Cleanup: 48514 ns, At safepoint: 4879 ns, Total: 131714 ns
[2025-12-01T06:24:59.591+0000][2169.490s][debug][safepoint   ] Safepoint synchronization initiated using futex wait barrier. (253 threads)
[2025-12-01T06:24:59.592+0000][2169.490s][info ][safepoint   ] Safepoint "Cleanup", Time since last: 7001416980 ns, Reaching safepoint: 231156 ns, Cleanup: 17283 ns, At safepoint: 4739 ns, Total: 253178 ns
[2025-12-01T06:25:05.593+0000][2175.491s][debug][safepoint   ] Safepoint synchronization initiated using futex wait barrier. (253 threads)
[2025-12-01T06:25:05.593+0000][2175.491s][info ][safepoint   ] Safepoint "Cleanup", Time since last: 6001017319 ns, Reaching safepoint: 162673 ns, Cleanup: 33445 ns, At safepoint: 6492 ns, Total: 202610 ns
[2025-12-01T06:25:24.594+0000][2194.494s][debug][safepoint   ] Safepoint synchronization initiated using futex wait barrier. (253 threads)
[2025-12-01T06:25:24.594+0000][2194.494s][info ][safepoint   ] Safepoint "Cleanup", Time since last: 19002713620 ns, Reaching safepoint: 295610 ns, Cleanup: 22112 ns, At safepoint: 5190 ns, Total: 322912 ns
[2025-12-01T06:25:29.595+0000][2199.495s][debug][safepoint   ] Safepoint synchronization initiated using futex wait barrier. (254 threads)
[2025-12-01T06:25:29.595+0000][2199.495s][info ][safepoint   ] Safepoint "Cleanup", Time since last: 5000743430 ns, Reaching safepoint: 102938 ns, Cleanup: 56529 ns, At safepoint: 3447 ns, Total: 162914 ns
[2025-12-01T06:25:34.598+0000][2204.498s][debug][safepoint   ] Safepoint synchronization initiated using futex wait barrier. (253 threads)
[2025-12-01T06:25:34.598+0000][2204.499s][info ][safepoint   ] Safepoint "Cleanup", Time since last: 5003299622 ns, Reaching safepoint: 136603 ns, Cleanup: 20630 ns, At safepoint: 4619 ns, Total: 161852 ns
[2025-12-01T06:25:40.599+0000][2210.499s][debug][safepoint   ] Safepoint synchronization initiated using futex wait barrier. (253 threads)
[2025-12-01T06:25:40.600+0000][2210.500s][info ][safepoint   ] Safepoint "Cleanup", Time since last: 6000864942 ns, Reaching safepoint: 356668 ns, Cleanup: 23705 ns, At safepoint: 7535 ns, Total: 387908 ns
[2025-12-01T06:25:41.600+0000][2211.500s][debug][safepoint   ] Safepoint synchronization initiated using futex wait barrier. (254 threads)
[2025-12-01T06:25:41.600+0000][2211.500s][info ][safepoint   ] Safepoint "Cleanup", Time since last: 1000164316 ns, Reaching safepoint: 98961 ns, Cleanup: 53743 ns, At safepoint: 43544 ns, Total: 196248 ns
[2025-12-01T06:25:42.600+0000][2212.500s][debug][safepoint   ] Safepoint synchronization initiated using futex wait barrier. (254 threads)
[2025-12-01T06:25:42.600+0000][2212.501s][info ][safepoint   ] Safepoint "Cleanup", Time since last: 1000189872 ns, Reaching safepoint: 256995 ns, Cleanup: 31520 ns, At safepoint: 11062 ns, Total: 299577 ns
[2025-12-01T06:25:44.601+0000][2214.501s][debug][safepoint   ] Safepoint synchronization initiated using futex wait barrier. (254 threads)
[2025-12-01T06:25:44.601+0000][2214.501s][info ][safepoint   ] Safepoint "Cleanup", Time since last: 2000310630 ns, Reaching safepoint: 81437 ns, Cleanup: 13516 ns, At safepoint: 4669 ns, Total: 99622 ns
[2025-12-01T06:25:50.600+0000][2220.502s][debug][safepoint   ] Safepoint synchronization initiated using futex wait barrier. (252 threads)
[2025-12-01T06:25:50.600+0000][2220.502s][info ][safepoint   ] Safepoint "Cleanup", Time since last: 6001159883 ns, Reaching safepoint: 150278 ns, Cleanup: 24226 ns, At safepoint: 8747 ns, Total: 183251 ns
[2025-12-01T06:25:52.622+0000][2222.524s][debug][safepoint   ] Safepoint synchronization initiated using futex wait barrier. (252 threads)
[2025-12-01T06:25:52.622+0000][2222.524s][info ][safepoint   ] Safepoint "Cleanup", Time since last: 2021509335 ns, Reaching safepoint: 115872 ns, Cleanup: 20099 ns, At safepoint: 5090 ns, Total: 141061 ns
[2025-12-01T06:25:54.622+0000][2224.524s][debug][safepoint   ] Safepoint synchronization initiated using futex wait barrier. (252 threads)
[2025-12-01T06:25:54.622+0000][2224.525s][info ][safepoint   ] Safepoint "Cleanup", Time since last: 2000322277 ns, Reaching safepoint: 206065 ns, Cleanup: 16812 ns, At safepoint: 7495 ns, Total: 230372 ns
[2025-12-01T06:26:02.624+0000][2232.526s][debug][safepoint   ] Safepoint synchronization initiated using futex wait barrier. (252 threads)
[2025-12-01T06:26:02.624+0000][2232.526s][info ][safepoint   ] Safepoint "Cleanup", Time since last: 8001339611 ns, Reaching safepoint: 233470 ns, Cleanup: 24076 ns, At safepoint: 8296 ns, Total: 265842 ns
[2025-12-01T06:26:52.654+0000][2282.561s][debug][safepoint   ] Safepoint synchronization initiated using futex wait barrier. (246 threads)
[2025-12-01T06:26:52.655+0000][2282.561s][info ][safepoint   ] Safepoint "Cleanup", Time since last: 50034476693 ns, Reaching safepoint: 90514 ns, Cleanup: 14127 ns, At safepoint: 4869 ns, Total: 109510 ns
[2025-12-01T06:27:00.656+0000][2290.562s][debug][safepoint   ] Safepoint synchronization initiated using futex wait barrier. (248 threads)
[2025-12-01T06:27:00.656+0000][2290.562s][info ][safepoint   ] Safepoint "Cleanup", Time since last: 8001050361 ns, Reaching safepoint: 87749 ns, Cleanup: 12574 ns, At safepoint: 4098 ns, Total: 104421 ns
[2025-12-01T06:27:02.656+0000][2292.562s][debug][safepoint   ] Safepoint synchronization initiated using futex wait barrier. (248 threads)
[2025-12-01T06:27:02.656+0000][2292.562s][info ][safepoint   ] Safepoint "Cleanup", Time since last: 2000366686 ns, Reaching safepoint: 107066 ns, Cleanup: 13837 ns, At safepoint: 3817 ns, Total: 124720 ns
[2025-12-01T06:27:04.656+0000][2294.563s][debug][safepoint   ] Safepoint synchronization initiated using futex wait barrier. (248 threads)
[2025-12-01T06:27:04.657+0000][2294.563s][info ][safepoint   ] Safepoint "Cleanup", Time since last: 2000302596 ns, Reaching safepoint: 73301 ns, Cleanup: 10941 ns, At safepoint: 3748 ns, Total: 87990 ns
[2025-12-01T06:28:06.661+0000][2356.572s][debug][safepoint   ] Safepoint synchronization initiated using futex wait barrier. (240 threads)
[2025-12-01T06:28:06.661+0000][2356.572s][info ][safepoint   ] Safepoint "Cleanup", Time since last: 62008724214 ns, Reaching safepoint: 129069 ns, Cleanup: 16873 ns, At safepoint: 50487 ns, Total: 196429 ns
[2025-12-01T06:28:08.662+0000][2358.572s][debug][safepoint   ] Safepoint synchronization initiated using futex wait barrier. (241 threads)
[2025-12-01T06:28:08.662+0000][2358.572s][info ][safepoint   ] Safepoint "Cleanup", Time since last: 2000517269 ns, Reaching safepoint: 132876 ns, Cleanup: 24918 ns, At safepoint: 4679 ns, Total: 162473 ns
[2025-12-01T06:28:10.662+0000][2360.573s][debug][safepoint   ] Safepoint synchronization initiated using futex wait barrier. (241 threads)
[2025-12-01T06:28:10.662+0000][2360.573s][info ][safepoint   ] Safepoint "Cleanup", Time since last: 2000281644 ns, Reaching safepoint: 79162 ns, Cleanup: 12134 ns, At safepoint: 3597 ns, Total: 94893 ns
[2025-12-01T06:28:12.663+0000][2362.573s][debug][safepoint   ] Safepoint synchronization initiated using futex wait barrier. (241 threads)
[2025-12-01T06:28:12.663+0000][2362.573s][info ][safepoint   ] Safepoint "Cleanup", Time since last: 2000256592 ns, Reaching safepoint: 99903 ns, Cleanup: 13556 ns, At safepoint: 4779 ns, Total: 118238 ns
[2025-12-01T06:28:14.663+0000][2364.573s][debug][safepoint   ] Safepoint synchronization initiated using futex wait barrier. (241 threads)
[2025-12-01T06:28:14.663+0000][2364.574s][info ][safepoint   ] Safepoint "Cleanup", Time since last: 2000239519 ns, Reaching safepoint: 82980 ns, Cleanup: 12734 ns, At safepoint: 3787 ns, Total: 99501 ns
[2025-12-01T06:28:26.663+0000][2376.575s][debug][safepoint   ] Safepoint synchronization initiated using futex wait barrier. (244 threads)
[2025-12-01T06:28:26.663+0000][2376.575s][info ][safepoint   ] Safepoint "Cleanup", Time since last: 12001613897 ns, Reaching safepoint: 150660 ns, Cleanup: 31541 ns, At safepoint: 6873 ns, Total: 189074 ns
[2025-12-01T06:28:29.664+0000][2379.576s][debug][safepoint   ] Safepoint synchronization initiated using futex wait barrier. (246 threads)
[2025-12-01T06:28:29.664+0000][2379.576s][info ][safepoint   ] Safepoint "Cleanup", Time since last: 3000474267 ns, Reaching safepoint: 120492 ns, Cleanup: 14799 ns, At safepoint: 4739 ns, Total: 140030 ns
[2025-12-01T06:29:08.715+0000][2418.630s][debug][safepoint   ] Safepoint synchronization initiated using futex wait barrier. (244 threads)
[2025-12-01T06:29:08.715+0000][2418.630s][info ][safepoint   ] Safepoint "Cleanup", Time since last: 39053733153 ns, Reaching safepoint: 92818 ns, Cleanup: 18035 ns, At safepoint: 3697 ns, Total: 114550 ns
[2025-12-01T06:29:09.716+0000][2419.630s][debug][safepoint   ] Safepoint synchronization initiated using futex wait barrier. (244 threads)
[2025-12-01T06:29:09.716+0000][2419.631s][info ][safepoint   ] Safepoint "Cleanup", Time since last: 1000458095 ns, Reaching safepoint: 389741 ns, Cleanup: 59053 ns, At safepoint: 65226 ns, Total: 514020 ns
[2025-12-01T06:29:12.717+0000][2422.631s][debug][safepoint   ] Safepoint synchronization initiated using futex wait barrier. (244 threads)
[2025-12-01T06:29:12.717+0000][2422.631s][info ][safepoint   ] Safepoint "Cleanup", Time since last: 3000422134 ns, Reaching safepoint: 181038 ns, Cleanup: 19037 ns, At safepoint: 6693 ns, Total: 206768 ns
[2025-12-01T06:29:20.717+0000][2430.633s][debug][safepoint   ] Safepoint synchronization initiated using futex wait barrier. (244 threads)
[2025-12-01T06:29:20.717+0000][2430.634s][info ][safepoint   ] Safepoint "Cleanup", Time since last: 8001944786 ns, Reaching safepoint: 163214 ns, Cleanup: 19628 ns, At safepoint: 4759 ns, Total: 187601 ns
[2025-12-01T06:29:30.719+0000][2440.635s][debug][safepoint   ] Safepoint synchronization initiated using futex wait barrier. (238 threads)
[2025-12-01T06:29:30.719+0000][2440.635s][info ][safepoint   ] Safepoint "Cleanup", Time since last: 10001657757 ns, Reaching safepoint: 93610 ns, Cleanup: 13717 ns, At safepoint: 3276 ns, Total: 110603 ns
[2025-12-01T06:29:32.719+0000][2442.636s][debug][safepoint   ] Safepoint synchronization initiated using futex wait barrier. (238 threads)
[2025-12-01T06:29:32.720+0000][2442.636s][info ][safepoint   ] Safepoint "Cleanup", Time since last: 2000239638 ns, Reaching safepoint: 462411 ns, Cleanup: 12754 ns, At safepoint: 27383 ns, Total: 502548 ns
[2025-12-01T06:29:34.720+0000][2444.636s][debug][safepoint   ] Safepoint synchronization initiated using futex wait barrier. (238 threads)
[2025-12-01T06:29:34.720+0000][2444.637s][info ][safepoint   ] Safepoint "Cleanup", Time since last: 2000335290 ns, Reaching safepoint: 88901 ns, Cleanup: 14708 ns, At safepoint: 3497 ns, Total: 107106 ns
[2025-12-01T06:29:46.866+0000][2456.782s][debug][safepoint   ] Safepoint synchronization initiated using futex wait barrier. (238 threads)
[2025-12-01T06:29:46.867+0000][2456.784s][info ][gc,start    ] GC(85) Pause Young (Normal) (G1 Evacuation Pause)
[2025-12-01T06:29:46.867+0000][2456.784s][info ][gc,task     ] GC(85) Using 13 workers of 13 for evacuation
[2025-12-01T06:29:46.933+0000][2456.850s][info ][gc,phases   ] GC(85)   Pre Evacuate Collection Set: 1.5ms
[2025-12-01T06:29:46.933+0000][2456.850s][info ][gc,phases   ] GC(85)   Merge Heap Roots: 0.6ms
[2025-12-01T06:29:46.933+0000][2456.850s][info ][gc,phases   ] GC(85)   Evacuate Collection Set: 59.1ms
[2025-12-01T06:29:46.933+0000][2456.850s][info ][gc,phases   ] GC(85)   Post Evacuate Collection Set: 4.4ms
[2025-12-01T06:29:46.933+0000][2456.850s][info ][gc,phases   ] GC(85)   Other: 1.1ms
[2025-12-01T06:29:46.933+0000][2456.850s][info ][gc,heap     ] GC(85) Eden regions: 586->0(591)
[2025-12-01T06:29:46.933+0000][2456.850s][info ][gc,heap     ] GC(85) Survivor regions: 23->26(77)
[2025-12-01T06:29:46.933+0000][2456.850s][info ][gc,heap     ] GC(85) Old regions: 341->341
[2025-12-01T06:29:46.933+0000][2456.850s][info ][gc,heap     ] GC(85) Archive regions: 2->2
[2025-12-01T06:29:46.933+0000][2456.850s][info ][gc,heap     ] GC(85) Humongous regions: 10->10
[2025-12-01T06:29:46.933+0000][2456.850s][info ][gc,metaspace] GC(85) Metaspace: 198710K(200192K)->198710K(200192K) NonClass: 174526K(175296K)->174526K(175296K) Class: 24183K(24896K)->24183K(24896K)
[2025-12-01T06:29:46.934+0000][2456.850s][info ][gc          ] GC(85) Pause Young (Normal) (G1 Evacuation Pause) 960M->377M(1134M) 66.161ms
[2025-12-01T06:29:46.934+0000][2456.850s][info ][gc,cpu      ] GC(85) User=0.77s Sys=0.01s Real=0.07s
[2025-12-01T06:29:46.935+0000][2456.851s][info ][safepoint   ] Safepoint "G1CollectForAllocation", Time since last: 12145978038 ns, Reaching safepoint: 315438 ns, Cleanup: 6713 ns, At safepoint: 68299164 ns, Total: 68621315 ns
[2025-12-01T06:29:47.935+0000][2457.851s][debug][safepoint   ] Safepoint synchronization initiated using futex wait barrier. (238 threads)
[2025-12-01T06:29:47.935+0000][2457.851s][info ][safepoint   ] Safepoint "Cleanup", Time since last: 1000179479 ns, Reaching safepoint: 67590 ns, Cleanup: 39967 ns, At safepoint: 4970 ns, Total: 112527 ns
[2025-12-01T06:29:50.933+0000][2460.852s][debug][safepoint   ] Safepoint synchronization initiated using futex wait barrier. (237 threads)
[2025-12-01T06:29:50.934+0000][2460.852s][info ][safepoint   ] Safepoint "Cleanup", Time since last: 3000401520 ns, Reaching safepoint: 74534 ns, Cleanup: 11983 ns, At safepoint: 3056 ns, Total: 89573 ns
[2025-12-01T06:30:19.748+0000][2489.668s][debug][safepoint   ] Safepoint synchronization initiated using futex wait barrier. (240 threads)
[2025-12-01T06:30:19.748+0000][2489.668s][info ][safepoint   ] Safepoint "Cleanup", Time since last: 28815858131 ns, Reaching safepoint: 162944 ns, Cleanup: 12214 ns, At safepoint: 4779 ns, Total: 179937 ns
[2025-12-01T06:30:27.749+0000][2497.669s][debug][safepoint   ] Safepoint synchronization initiated using futex wait barrier. (239 threads)
[2025-12-01T06:30:27.749+0000][2497.669s][info ][safepoint   ] Safepoint "Cleanup", Time since last: 8001128090 ns, Reaching safepoint: 159517 ns, Cleanup: 28114 ns, At safepoint: 5972 ns, Total: 193603 ns
[2025-12-01T06:30:39.751+0000][2509.671s][debug][safepoint   ] Safepoint synchronization initiated using futex wait barrier. (239 threads)
[2025-12-01T06:30:39.751+0000][2509.671s][info ][safepoint   ] Safepoint "Cleanup", Time since last: 12001654131 ns, Reaching safepoint: 77530 ns, Cleanup: 10490 ns, At safepoint: 2976 ns, Total: 90996 ns
[2025-12-01T06:30:40.751+0000][2510.671s][debug][safepoint   ] Safepoint synchronization initiated using futex wait barrier. (239 threads)
[2025-12-01T06:30:40.751+0000][2510.671s][info ][safepoint   ] Safepoint "Cleanup", Time since last: 1000122192 ns, Reaching safepoint: 78681 ns, Cleanup: 14448 ns, At safepoint: 4398 ns, Total: 97527 ns
[2025-12-01T06:31:11.786+0000][2541.709s][debug][safepoint   ] Safepoint synchronization initiated using futex wait barrier. (236 threads)
[2025-12-01T06:31:11.787+0000][2541.709s][info ][safepoint   ] Safepoint "Cleanup", Time since last: 31037682416 ns, Reaching safepoint: 133347 ns, Cleanup: 12373 ns, At safepoint: 4068 ns, Total: 149788 ns
[2025-12-01T06:32:00.817+0000][2590.743s][debug][safepoint   ] Safepoint synchronization initiated using futex wait barrier. (235 threads)
[2025-12-01T06:32:00.817+0000][2590.743s][info ][safepoint   ] Safepoint "Cleanup", Time since last: 49034018571 ns, Reaching safepoint: 279279 ns, Cleanup: 44225 ns, At safepoint: 5781 ns, Total: 329285 ns
[2025-12-01T06:32:12.819+0000][2602.745s][debug][safepoint   ] Safepoint synchronization initiated using futex wait barrier. (235 threads)
[2025-12-01T06:32:12.820+0000][2602.746s][info ][safepoint   ] Safepoint "Cleanup", Time since last: 12001977056 ns, Reaching safepoint: 136032 ns, Cleanup: 19908 ns, At safepoint: 5641 ns, Total: 161581 ns
[2025-12-01T06:33:08.846+0000][2658.776s][debug][safepoint   ] Safepoint synchronization initiated using futex wait barrier. (234 threads)
[2025-12-01T06:33:08.846+0000][2658.776s][info ][safepoint   ] Safepoint "Cleanup", Time since last: 56030610280 ns, Reaching safepoint: 108930 ns, Cleanup: 19207 ns, At safepoint: 4598 ns, Total: 132735 ns
[2025-12-01T06:33:13.847+0000][2663.777s][debug][safepoint   ] Safepoint synchronization initiated using futex wait barrier. (234 threads)
[2025-12-01T06:33:13.847+0000][2663.777s][info ][safepoint   ] Safepoint "Cleanup", Time since last: 5000651892 ns, Reaching safepoint: 66829 ns, Cleanup: 12745 ns, At safepoint: 2695 ns, Total: 82269 ns
[2025-12-01T06:33:22.846+0000][2672.778s][debug][safepoint   ] Safepoint synchronization initiated using futex wait barrier. (234 threads)
[2025-12-01T06:33:22.846+0000][2672.779s][info ][safepoint   ] Safepoint "Cleanup", Time since last: 9001410791 ns, Reaching safepoint: 229992 ns, Cleanup: 17464 ns, At safepoint: 4008 ns, Total: 251464 ns
[2025-12-01T06:34:08.876+0000][2718.810s][debug][safepoint   ] Safepoint synchronization initiated using futex wait barrier. (233 threads)
[2025-12-01T06:34:08.876+0000][2718.810s][info ][safepoint   ] Safepoint "Cleanup", Time since last: 46031596466 ns, Reaching safepoint: 105023 ns, Cleanup: 11833 ns, At safepoint: 4679 ns, Total: 121535 ns
[2025-12-01T06:34:14.877+0000][2724.811s][debug][safepoint   ] Safepoint synchronization initiated using futex wait barrier. (233 threads)
[2025-12-01T06:34:14.877+0000][2724.811s][info ][safepoint   ] Safepoint "Cleanup", Time since last: 6000736472 ns, Reaching safepoint: 66218 ns, Cleanup: 11081 ns, At safepoint: 2896 ns, Total: 80195 ns
[2025-12-01T06:35:49.905+0000][2819.847s][debug][safepoint   ] Safepoint synchronization initiated using futex wait barrier. (232 threads)
[2025-12-01T06:35:49.905+0000][2819.847s][info ][safepoint   ] Safepoint "Cleanup", Time since last: 95035601382 ns, Reaching safepoint: 180508 ns, Cleanup: 10931 ns, At safepoint: 4179 ns, Total: 195618 ns
[2025-12-01T06:37:17.958+0000][2907.904s][debug][safepoint   ] Safepoint synchronization initiated using futex wait barrier. (231 threads)
[2025-12-01T06:37:17.958+0000][2907.904s][info ][safepoint   ] Safepoint "Cleanup", Time since last: 88056803973 ns, Reaching safepoint: 137464 ns, Cleanup: 13536 ns, At safepoint: 4969 ns, Total: 155969 ns
[2025-12-01T06:37:51.959+0000][2941.909s][debug][safepoint   ] Safepoint synchronization initiated using futex wait barrier. (231 threads)
[2025-12-01T06:37:51.959+0000][2941.909s][info ][safepoint   ] Safepoint "Cleanup", Time since last: 34004992732 ns, Reaching safepoint: 137644 ns, Cleanup: 20430 ns, At safepoint: 37903 ns, Total: 195977 ns
[2025-12-01T06:37:54.983+0000][2944.932s][debug][safepoint   ] Safepoint synchronization initiated using futex wait barrier. (234 threads)
[2025-12-01T06:37:54.983+0000][2944.932s][info ][safepoint   ] Safepoint "Cleanup", Time since last: 3023137806 ns, Reaching safepoint: 121614 ns, Cleanup: 62049 ns, At safepoint: 4529 ns, Total: 188192 ns
[2025-12-01T06:37:56.983+0000][2946.933s][debug][safepoint   ] Safepoint synchronization initiated using futex wait barrier. (234 threads)
[2025-12-01T06:37:56.983+0000][2946.933s][info ][safepoint   ] Safepoint "Cleanup", Time since last: 2000248096 ns, Reaching safepoint: 79873 ns, Cleanup: 13376 ns, At safepoint: 3497 ns, Total: 96746 ns
[2025-12-01T06:37:57.054+0000][2947.004s][debug][safepoint   ] Safepoint synchronization initiated using futex wait barrier. (234 threads)
[2025-12-01T06:37:57.055+0000][2947.005s][info ][gc,start    ] GC(86) Pause Young (Normal) (G1 Evacuation Pause)
[2025-12-01T06:37:57.055+0000][2947.005s][info ][gc,task     ] GC(86) Using 13 workers of 13 for evacuation
[2025-12-01T06:37:57.121+0000][2947.071s][info ][gc,phases   ] GC(86)   Pre Evacuate Collection Set: 1.4ms
[2025-12-01T06:37:57.121+0000][2947.071s][info ][gc,phases   ] GC(86)   Merge Heap Roots: 1.0ms
[2025-12-01T06:37:57.121+0000][2947.071s][info ][gc,phases   ] GC(86)   Evacuate Collection Set: 59.8ms
[2025-12-01T06:37:57.121+0000][2947.071s][info ][gc,phases   ] GC(86)   Post Evacuate Collection Set: 3.8ms
[2025-12-01T06:37:57.121+0000][2947.071s][info ][gc,phases   ] GC(86)   Other: 1.1ms
[2025-12-01T06:37:57.121+0000][2947.071s][info ][gc,heap     ] GC(86) Eden regions: 591->0(601)
[2025-12-01T06:37:57.121+0000][2947.071s][info ][gc,heap     ] GC(86) Survivor regions: 26->26(78)
[2025-12-01T06:37:57.121+0000][2947.071s][info ][gc,heap     ] GC(86) Old regions: 341->341
[2025-12-01T06:37:57.121+0000][2947.071s][info ][gc,heap     ] GC(86) Archive regions: 2->2
[2025-12-01T06:37:57.121+0000][2947.071s][info ][gc,heap     ] GC(86) Humongous regions: 10->10
[2025-12-01T06:37:57.121+0000][2947.071s][info ][gc,metaspace] GC(86) Metaspace: 198968K(200448K)->198968K(200448K) NonClass: 174781K(175552K)->174781K(175552K) Class: 24187K(24896K)->24187K(24896K)
[2025-12-01T06:37:57.121+0000][2947.071s][info ][gc          ] GC(86) Pause Young (Normal) (G1 Evacuation Pause) 968M->377M(1134M) 66.604ms
[2025-12-01T06:37:57.122+0000][2947.071s][info ][gc,cpu      ] GC(86) User=0.81s Sys=0.00s Real=0.06s
[2025-12-01T06:37:57.123+0000][2947.072s][info ][safepoint   ] Safepoint "G1CollectForAllocation", Time since last: 70939182 ns, Reaching safepoint: 177982 ns, Cleanup: 6152 ns, At safepoint: 68392454 ns, Total: 68576588 ns
[2025-12-01T06:38:00.123+0000][2950.073s][debug][safepoint   ] Safepoint synchronization initiated using futex wait barrier. (234 threads)
[2025-12-01T06:38:00.123+0000][2950.073s][info ][safepoint   ] Safepoint "Cleanup", Time since last: 3000655587 ns, Reaching safepoint: 89442 ns, Cleanup: 52812 ns, At safepoint: 4829 ns, Total: 147083 ns
[2025-12-01T06:38:08.125+0000][2958.074s][debug][safepoint   ] Safepoint synchronization initiated using futex wait barrier. (233 threads)
[2025-12-01T06:38:08.125+0000][2958.074s][info ][safepoint   ] Safepoint "Cleanup", Time since last: 8001175784 ns, Reaching safepoint: 119249 ns, Cleanup: 14979 ns, At safepoint: 5491 ns, Total: 139719 ns
[2025-12-01T06:38:09.125+0000][2959.075s][debug][safepoint   ] Safepoint synchronization initiated using futex wait barrier. (233 threads)
[2025-12-01T06:38:09.125+0000][2959.075s][info ][safepoint   ] Safepoint "Cleanup", Time since last: 1000146669 ns, Reaching safepoint: 75746 ns, Cleanup: 30649 ns, At safepoint: 3637 ns, Total: 110032 ns
[2025-12-01T06:38:13.126+0000][2963.075s][debug][safepoint   ] Safepoint synchronization initiated using futex wait barrier. (233 threads)
[2025-12-01T06:38:13.126+0000][2963.076s][info ][safepoint   ] Safepoint "Cleanup", Time since last: 4000681983 ns, Reaching safepoint: 132134 ns, Cleanup: 111916 ns, At safepoint: 8035 ns, Total: 252085 ns
[2025-12-01T06:38:15.126+0000][2965.076s][debug][safepoint   ] Safepoint synchronization initiated using futex wait barrier. (233 threads)
[2025-12-01T06:38:15.126+0000][2965.076s][info ][safepoint   ] Safepoint "Cleanup", Time since last: 2000325215 ns, Reaching safepoint: 111675 ns, Cleanup: 34436 ns, At safepoint: 4549 ns, Total: 150660 ns
[2025-12-01T06:38:17.127+0000][2967.076s][debug][safepoint   ] Safepoint synchronization initiated using futex wait barrier. (232 threads)
[2025-12-01T06:38:17.127+0000][2967.077s][info ][safepoint   ] Safepoint "Cleanup", Time since last: 2000296781 ns, Reaching safepoint: 98800 ns, Cleanup: 241024 ns, At safepoint: 21842 ns, Total: 361666 ns
[2025-12-01T06:38:19.126+0000][2969.077s][debug][safepoint   ] Safepoint synchronization initiated using futex wait barrier. (234 threads)
[2025-12-01T06:38:19.126+0000][2969.077s][info ][safepoint   ] Safepoint "Cleanup", Time since last: 2000301531 ns, Reaching safepoint: 81086 ns, Cleanup: 16932 ns, At safepoint: 4249 ns, Total: 102267 ns
[2025-12-01T06:38:29.127+0000][2979.079s][debug][safepoint   ] Safepoint synchronization initiated using futex wait barrier. (234 threads)
[2025-12-01T06:38:29.127+0000][2979.079s][info ][safepoint   ] Safepoint "Cleanup", Time since last: 10001587848 ns, Reaching safepoint: 129449 ns, Cleanup: 15680 ns, At safepoint: 77409 ns, Total: 222538 ns
[2025-12-01T06:38:37.128+0000][2987.080s][debug][safepoint   ] Safepoint synchronization initiated using futex wait barrier. (235 threads)
[2025-12-01T06:38:37.129+0000][2987.080s][info ][safepoint   ] Safepoint "Cleanup", Time since last: 8001019565 ns, Reaching safepoint: 95443 ns, Cleanup: 21692 ns, At safepoint: 4298 ns, Total: 121433 ns
[2025-12-01T06:40:09.043+0000][3079.001s][debug][safepoint   ] Safepoint synchronization initiated using futex wait barrier. (232 threads)
[2025-12-01T06:40:09.044+0000][3079.001s][info ][safepoint   ] Safepoint "Cleanup", Time since last: 91920526058 ns, Reaching safepoint: 107046 ns, Cleanup: 21040 ns, At safepoint: 4319 ns, Total: 132405 ns
[2025-12-01T06:40:14.044+0000][3084.001s][debug][safepoint   ] Safepoint synchronization initiated using futex wait barrier. (232 threads)
[2025-12-01T06:40:14.044+0000][3084.002s][info ][safepoint   ] Safepoint "Cleanup", Time since last: 5000577585 ns, Reaching safepoint: 131563 ns, Cleanup: 13275 ns, At safepoint: 3116 ns, Total: 147954 ns
[2025-12-01T06:41:21.047+0000][3151.010s][debug][safepoint   ] Safepoint synchronization initiated using futex wait barrier. (232 threads)
[2025-12-01T06:41:21.047+0000][3151.010s][info ][safepoint   ] Safepoint "Cleanup", Time since last: 67008478323 ns, Reaching safepoint: 83020 ns, Cleanup: 10971 ns, At safepoint: 3637 ns, Total: 97628 ns
[2025-12-01T06:42:51.104+0000][3241.073s][debug][safepoint   ] Safepoint synchronization initiated using futex wait barrier. (233 threads)
[2025-12-01T06:42:51.106+0000][3241.075s][info ][safepoint   ] Safepoint "Cleanup", Time since last: 90062656820 ns, Reaching safepoint: 1770184 ns, Cleanup: 35869 ns, At safepoint: 10450 ns, Total: 1816503 ns
[2025-12-01T06:42:55.128+0000][3245.097s][debug][safepoint   ] Safepoint synchronization initiated using futex wait barrier. (233 threads)
[2025-12-01T06:42:55.129+0000][3245.098s][info ][safepoint   ] Safepoint "Cleanup", Time since last: 4022854785 ns, Reaching safepoint: 159336 ns, Cleanup: 22383 ns, At safepoint: 3718 ns, Total: 185437 ns
[2025-12-01T06:43:02.130+0000][3252.099s][debug][safepoint   ] Safepoint synchronization initiated using futex wait barrier. (233 threads)
[2025-12-01T06:43:02.130+0000][3252.099s][info ][safepoint   ] Safepoint "Cleanup", Time since last: 7000951376 ns, Reaching safepoint: 182080 ns, Cleanup: 27843 ns, At safepoint: 6052 ns, Total: 215975 ns
[2025-12-01T06:43:04.130+0000][3254.099s][debug][safepoint   ] Safepoint synchronization initiated using futex wait barrier. (233 threads)
[2025-12-01T06:43:04.130+0000][3254.099s][info ][safepoint   ] Safepoint "Cleanup", Time since last: 2000392227 ns, Reaching safepoint: 181329 ns, Cleanup: 30469 ns, At safepoint: 7254 ns, Total: 219052 ns
[2025-12-01T06:43:09.131+0000][3259.100s][debug][safepoint   ] Safepoint synchronization initiated using futex wait barrier. (233 threads)
[2025-12-01T06:43:09.131+0000][3259.100s][info ][safepoint   ] Safepoint "Cleanup", Time since last: 5000637851 ns, Reaching safepoint: 201388 ns, Cleanup: 23735 ns, At safepoint: 5180 ns, Total: 230303 ns
[2025-12-01T06:43:11.132+0000][3261.101s][debug][safepoint   ] Safepoint synchronization initiated using futex wait barrier. (233 threads)
[2025-12-01T06:43:11.132+0000][3261.101s][info ][safepoint   ] Safepoint "Cleanup", Time since last: 2000376541 ns, Reaching safepoint: 125071 ns, Cleanup: 18626 ns, At safepoint: 2545 ns, Total: 146242 ns
[2025-12-01T06:43:12.132+0000][3262.101s][debug][safepoint   ] Safepoint synchronization initiated using futex wait barrier. (233 threads)
[2025-12-01T06:43:12.132+0000][3262.101s][info ][safepoint   ] Safepoint "Cleanup", Time since last: 1000147710 ns, Reaching safepoint: 121804 ns, Cleanup: 29757 ns, At safepoint: 4289 ns, Total: 155850 ns
[2025-12-01T06:43:15.132+0000][3265.101s][debug][safepoint   ] Safepoint synchronization initiated using futex wait barrier. (233 threads)
[2025-12-01T06:43:15.133+0000][3265.102s][info ][safepoint   ] Safepoint "Cleanup", Time since last: 3000368487 ns, Reaching safepoint: 168013 ns, Cleanup: 21170 ns, At safepoint: 6323 ns, Total: 195506 ns
[2025-12-01T06:43:21.132+0000][3271.103s][debug][safepoint   ] Safepoint synchronization initiated using futex wait barrier. (233 threads)
[2025-12-01T06:43:21.132+0000][3271.103s][info ][safepoint   ] Safepoint "Cleanup", Time since last: 6000850138 ns, Reaching safepoint: 131331 ns, Cleanup: 25128 ns, At safepoint: 4479 ns, Total: 160938 ns
[2025-12-01T06:44:09.158+0000][3319.131s][debug][safepoint   ] Safepoint synchronization initiated using futex wait barrier. (232 threads)
[2025-12-01T06:44:09.159+0000][3319.132s][info ][safepoint   ] Safepoint "Cleanup", Time since last: 48028583438 ns, Reaching safepoint: 808915 ns, Cleanup: 13286 ns, At safepoint: 4198 ns, Total: 826399 ns
[2025-12-01T06:44:16.160+0000][3326.133s][debug][safepoint   ] Safepoint synchronization initiated using futex wait barrier. (232 threads)
[2025-12-01T06:44:16.160+0000][3326.133s][info ][safepoint   ] Safepoint "Cleanup", Time since last: 7000778072 ns, Reaching safepoint: 74734 ns, Cleanup: 10430 ns, At safepoint: 3767 ns, Total: 88931 ns
[2025-12-01T06:44:23.159+0000][3333.134s][debug][safepoint   ] Safepoint synchronization initiated using futex wait barrier. (231 threads)
[2025-12-01T06:44:23.159+0000][3333.134s][info ][safepoint   ] Safepoint "Cleanup", Time since last: 7000766499 ns, Reaching safepoint: 72419 ns, Cleanup: 11752 ns, At safepoint: 3377 ns, Total: 87548 ns
[2025-12-01T06:44:29.160+0000][3339.135s][debug][safepoint   ] Safepoint synchronization initiated using futex wait barrier. (231 threads)
[2025-12-01T06:44:29.160+0000][3339.135s][info ][safepoint   ] Safepoint "Cleanup", Time since last: 6000711227 ns, Reaching safepoint: 106745 ns, Cleanup: 16993 ns, At safepoint: 42452 ns, Total: 166190 ns
[2025-12-01T06:44:49.161+0000][3359.137s][debug][safepoint   ] Safepoint synchronization initiated using futex wait barrier. (231 threads)
[2025-12-01T06:44:49.163+0000][3359.139s][info ][safepoint   ] Safepoint "Cleanup", Time since last: 20002707485 ns, Reaching safepoint: 939246 ns, Cleanup: 21361 ns, At safepoint: 401171 ns, Total: 1361778 ns
[2025-12-01T06:45:37.491+0000][3407.470s][debug][safepoint   ] Safepoint synchronization initiated using futex wait barrier. (231 threads)
[2025-12-01T06:45:37.492+0000][3407.470s][info ][gc,start    ] GC(87) Pause Young (Normal) (G1 Evacuation Pause)
[2025-12-01T06:45:37.492+0000][3407.470s][info ][gc,task     ] GC(87) Using 13 workers of 13 for evacuation
[2025-12-01T06:45:37.548+0000][3407.527s][info ][gc,phases   ] GC(87)   Pre Evacuate Collection Set: 0.8ms
[2025-12-01T06:45:37.548+0000][3407.527s][info ][gc,phases   ] GC(87)   Merge Heap Roots: 0.3ms
[2025-12-01T06:45:37.548+0000][3407.527s][info ][gc,phases   ] GC(87)   Evacuate Collection Set: 51.0ms
[2025-12-01T06:45:37.548+0000][3407.527s][info ][gc,phases   ] GC(87)   Post Evacuate Collection Set: 4.0ms
[2025-12-01T06:45:37.548+0000][3407.527s][info ][gc,phases   ] GC(87)   Other: 0.6ms
[2025-12-01T06:45:37.548+0000][3407.527s][info ][gc,heap     ] GC(87) Eden regions: 601->0(609)
[2025-12-01T06:45:37.548+0000][3407.527s][info ][gc,heap     ] GC(87) Survivor regions: 26->26(79)
[2025-12-01T06:45:37.548+0000][3407.527s][info ][gc,heap     ] GC(87) Old regions: 341->341
[2025-12-01T06:45:37.548+0000][3407.527s][info ][gc,heap     ] GC(87) Archive regions: 2->2
[2025-12-01T06:45:37.548+0000][3407.527s][info ][gc,heap     ] GC(87) Humongous regions: 10->10
[2025-12-01T06:45:37.548+0000][3407.527s][info ][gc,metaspace] GC(87) Metaspace: 199366K(200896K)->199366K(200896K) NonClass: 175144K(175936K)->175144K(175936K) Class: 24222K(24960K)->24222K(24960K)
[2025-12-01T06:45:37.548+0000][3407.527s][info ][gc          ] GC(87) Pause Young (Normal) (G1 Evacuation Pause) 978M->377M(1134M) 56.717ms
[2025-12-01T06:45:37.549+0000][3407.527s][info ][gc,cpu      ] GC(87) User=0.67s Sys=0.00s Real=0.06s
[2025-12-01T06:45:37.549+0000][3407.528s][info ][safepoint   ] Safepoint "G1CollectForAllocation", Time since last: 48331034028 ns, Reaching safepoint: 136362 ns, Cleanup: 5731 ns, At safepoint: 57876126 ns, Total: 58018219 ns
[2025-12-01T06:47:27.249+0000][3517.238s][debug][safepoint   ] Safepoint synchronization initiated using futex wait barrier. (233 threads)
[2025-12-01T06:47:27.250+0000][3517.240s][info ][safepoint   ] Safepoint "Cleanup", Time since last: 109710465767 ns, Reaching safepoint: 1377484 ns, Cleanup: 15810 ns, At safepoint: 5931 ns, Total: 1399225 ns
[2025-12-01T06:47:39.252+0000][3529.242s][debug][safepoint   ] Safepoint synchronization initiated using futex wait barrier. (233 threads)
[2025-12-01T06:47:39.252+0000][3529.242s][info ][safepoint   ] Safepoint "Cleanup", Time since last: 12001903806 ns, Reaching safepoint: 111835 ns, Cleanup: 12564 ns, At safepoint: 3657 ns, Total: 128056 ns
[2025-12-01T06:47:42.253+0000][3532.242s][debug][safepoint   ] Safepoint synchronization initiated using futex wait barrier. (235 threads)
[2025-12-01T06:47:42.253+0000][3532.242s][info ][safepoint   ] Safepoint "Cleanup", Time since last: 3000417613 ns, Reaching safepoint: 150309 ns, Cleanup: 28575 ns, At safepoint: 5390 ns, Total: 184274 ns
[2025-12-01T06:47:48.254+0000][3538.243s][debug][safepoint   ] Safepoint synchronization initiated using futex wait barrier. (235 threads)
[2025-12-01T06:47:48.254+0000][3538.243s][info ][safepoint   ] Safepoint "Cleanup", Time since last: 6000870359 ns, Reaching safepoint: 109942 ns, Cleanup: 19097 ns, At safepoint: 3978 ns, Total: 133017 ns
[2025-12-01T06:48:05.280+0000][3555.272s][debug][safepoint   ] Safepoint synchronization initiated using futex wait barrier. (235 threads)
[2025-12-01T06:48:05.280+0000][3555.272s][info ][safepoint   ] Safepoint "Cleanup", Time since last: 17028332247 ns, Reaching safepoint: 136677 ns, Cleanup: 22053 ns, At safepoint: 4148 ns, Total: 162878 ns
[2025-12-01T06:48:25.282+0000][3575.275s][debug][safepoint   ] Safepoint synchronization initiated using futex wait barrier. (234 threads)
[2025-12-01T06:48:25.282+0000][3575.275s][info ][safepoint   ] Safepoint "Cleanup", Time since last: 20002924830 ns, Reaching safepoint: 74714 ns, Cleanup: 12764 ns, At safepoint: 3056 ns, Total: 90534 ns
[2025-12-01T06:49:08.316+0000][3618.310s][debug][safepoint   ] Safepoint synchronization initiated using futex wait barrier. (233 threads)
[2025-12-01T06:49:08.316+0000][3618.310s][info ][safepoint   ] Safepoint "Cleanup", Time since last: 43035511853 ns, Reaching safepoint: 82729 ns, Cleanup: 14517 ns, At safepoint: 3106 ns, Total: 100352 ns
[2025-12-01T06:49:29.320+0000][3639.315s][debug][safepoint   ] Safepoint synchronization initiated using futex wait barrier. (231 threads)
[2025-12-01T06:49:29.320+0000][3639.315s][info ][safepoint   ] Safepoint "Cleanup", Time since last: 21004803463 ns, Reaching safepoint: 140860 ns, Cleanup: 21504 ns, At safepoint: 5141 ns, Total: 167505 ns
[2025-12-01T06:49:31.320+0000][3641.316s][debug][safepoint   ] Safepoint synchronization initiated using futex wait barrier. (231 threads)
[2025-12-01T06:49:31.320+0000][3641.316s][info ][safepoint   ] Safepoint "Cleanup", Time since last: 2000262584 ns, Reaching safepoint: 89164 ns, Cleanup: 20011 ns, At safepoint: 3477 ns, Total: 112652 ns
[2025-12-01T06:50:08.354+0000][3678.351s][debug][safepoint   ] Safepoint synchronization initiated using futex wait barrier. (231 threads)
[2025-12-01T06:50:08.354+0000][3678.351s][info ][safepoint   ] Safepoint "Cleanup", Time since last: 37035072862 ns, Reaching safepoint: 161478 ns, Cleanup: 15389 ns, At safepoint: 5200 ns, Total: 182067 ns
[2025-12-01T06:50:30.356+0000][3700.354s][debug][safepoint   ] Safepoint synchronization initiated using futex wait barrier. (231 threads)
[2025-12-01T06:50:30.356+0000][3700.354s][info ][safepoint   ] Safepoint "Cleanup", Time since last: 22002924197 ns, Reaching safepoint: 93097 ns, Cleanup: 14447 ns, At safepoint: 3357 ns, Total: 110901 ns
[2025-12-01T06:50:54.384+0000][3724.384s][debug][safepoint   ] Safepoint synchronization initiated using futex wait barrier. (231 threads)
[2025-12-01T06:50:54.384+0000][3724.384s][info ][safepoint   ] Safepoint "Cleanup", Time since last: 24029580558 ns, Reaching safepoint: 217153 ns, Cleanup: 22924 ns, At safepoint: 5881 ns, Total: 245958 ns
[2025-12-01T06:51:08.386+0000][3738.386s][debug][safepoint   ] Safepoint synchronization initiated using futex wait barrier. (231 threads)
[2025-12-01T06:51:08.386+0000][3738.386s][info ][safepoint   ] Safepoint "Cleanup", Time since last: 14002354498 ns, Reaching safepoint: 114380 ns, Cleanup: 16923 ns, At safepoint: 4098 ns, Total: 135401 ns
[2025-12-01T06:51:31.389+0000][3761.390s][debug][safepoint   ] Safepoint synchronization initiated using futex wait barrier. (231 threads)
[2025-12-01T06:51:31.389+0000][3761.390s][info ][safepoint   ] Safepoint "Cleanup", Time since last: 23003526103 ns, Reaching safepoint: 141601 ns, Cleanup: 23035 ns, At safepoint: 3977 ns, Total: 168613 ns
[2025-12-01T06:51:34.389+0000][3764.391s][debug][safepoint   ] Safepoint synchronization initiated using futex wait barrier. (235 threads)
[2025-12-01T06:51:34.389+0000][3764.391s][info ][safepoint   ] Safepoint "Cleanup", Time since last: 3000462291 ns, Reaching safepoint: 96595 ns, Cleanup: 36420 ns, At safepoint: 36590 ns, Total: 169605 ns
[2025-12-01T06:51:36.390+0000][3766.391s][debug][safepoint   ] Safepoint synchronization initiated using futex wait barrier. (239 threads)
[2025-12-01T06:51:36.390+0000][3766.391s][info ][safepoint   ] Safepoint "Cleanup", Time since last: 2000261644 ns, Reaching safepoint: 62539 ns, Cleanup: 14528 ns, At safepoint: 2886 ns, Total: 79953 ns
[2025-12-01T06:51:37.390+0000][3767.391s][debug][safepoint   ] Safepoint synchronization initiated using futex wait barrier. (239 threads)
[2025-12-01T06:51:37.390+0000][3767.391s][info ][safepoint   ] Safepoint "Cleanup", Time since last: 1000151879 ns, Reaching safepoint: 125269 ns, Cleanup: 46148 ns, At safepoint: 4469 ns, Total: 175886 ns
[2025-12-01T06:51:39.390+0000][3769.392s][debug][safepoint   ] Safepoint synchronization initiated using futex wait barrier. (239 threads)
[2025-12-01T06:51:39.391+0000][3769.392s][info ][safepoint   ] Safepoint "Cleanup", Time since last: 2000400390 ns, Reaching safepoint: 90934 ns, Cleanup: 15960 ns, At safepoint: 3708 ns, Total: 110602 ns
[2025-12-01T06:52:25.423+0000][3815.427s][debug][safepoint   ] Safepoint synchronization initiated using futex wait barrier. (239 threads)
[2025-12-01T06:52:25.423+0000][3815.428s][info ][safepoint   ] Safepoint "Cleanup", Time since last: 46035565062 ns, Reaching safepoint: 176677 ns, Cleanup: 58551 ns, At safepoint: 5521 ns, Total: 240749 ns
[2025-12-01T06:52:26.423+0000][3816.428s][debug][safepoint   ] Safepoint synchronization initiated using futex wait barrier. (239 threads)
[2025-12-01T06:52:26.424+0000][3816.428s][info ][safepoint   ] Safepoint "Cleanup", Time since last: 1000116828 ns, Reaching safepoint: 399261 ns, Cleanup: 20870 ns, At safepoint: 55987 ns, Total: 476118 ns
[2025-12-01T06:52:27.424+0000][3817.429s][debug][safepoint   ] Safepoint synchronization initiated using futex wait barrier. (241 threads)
[2025-12-01T06:52:27.424+0000][3817.429s][info ][safepoint   ] Safepoint "Cleanup", Time since last: 1000218129 ns, Reaching safepoint: 236621 ns, Cleanup: 117103 ns, At safepoint: 9098 ns, Total: 362822 ns
[2025-12-01T06:52:32.425+0000][3822.430s][debug][safepoint   ] Safepoint synchronization initiated using futex wait barrier. (241 threads)
[2025-12-01T06:52:32.425+0000][3822.430s][info ][safepoint   ] Safepoint "Cleanup", Time since last: 5000663995 ns, Reaching safepoint: 84401 ns, Cleanup: 16251 ns, At safepoint: 3487 ns, Total: 104139 ns
[2025-12-01T06:52:43.427+0000][3833.431s][debug][safepoint   ] Safepoint synchronization initiated using futex wait barrier. (240 threads)
[2025-12-01T06:52:43.427+0000][3833.431s][info ][safepoint   ] Safepoint "Cleanup", Time since last: 11001575991 ns, Reaching safepoint: 105982 ns, Cleanup: 41749 ns, At safepoint: 3547 ns, Total: 151278 ns
[2025-12-01T06:52:45.427+0000][3835.432s][debug][safepoint   ] Safepoint synchronization initiated using futex wait barrier. (240 threads)
[2025-12-01T06:52:45.427+0000][3835.432s][info ][safepoint   ] Safepoint "Cleanup", Time since last: 2000289281 ns, Reaching safepoint: 141721 ns, Cleanup: 27973 ns, At safepoint: 5631 ns, Total: 175325 ns
[2025-12-01T06:52:54.454+0000][3844.460s][debug][safepoint   ] Safepoint synchronization initiated using futex wait barrier. (240 threads)
[2025-12-01T06:52:54.454+0000][3844.460s][info ][safepoint   ] Safepoint "Cleanup", Time since last: 9028201218 ns, Reaching safepoint: 79181 ns, Cleanup: 13205 ns, At safepoint: 3376 ns, Total: 95762 ns
[2025-12-01T06:53:28.458+0000][3878.465s][debug][safepoint   ] Safepoint synchronization initiated using futex wait barrier. (240 threads)
[2025-12-01T06:53:28.459+0000][3878.466s][info ][safepoint   ] Safepoint "Cleanup", Time since last: 34005254623 ns, Reaching safepoint: 198179 ns, Cleanup: 17894 ns, At safepoint: 5110 ns, Total: 221183 ns
[2025-12-01T06:53:29.459+0000][3879.466s][debug][safepoint   ] Safepoint synchronization initiated using futex wait barrier. (240 threads)
[2025-12-01T06:53:29.459+0000][3879.466s][info ][safepoint   ] Safepoint "Cleanup", Time since last: 1000182666 ns, Reaching safepoint: 234608 ns, Cleanup: 25158 ns, At safepoint: 4589 ns, Total: 264355 ns
[2025-12-01T06:53:30.459+0000][3880.466s][debug][safepoint   ] Safepoint synchronization initiated using futex wait barrier. (240 threads)
[2025-12-01T06:53:30.459+0000][3880.466s][info ][safepoint   ] Safepoint "Cleanup", Time since last: 1000113388 ns, Reaching safepoint: 71437 ns, Cleanup: 15509 ns, At safepoint: 2625 ns, Total: 89571 ns
[2025-12-01T06:53:33.460+0000][3883.467s][debug][safepoint   ] Safepoint synchronization initiated using futex wait barrier. (240 threads)
[2025-12-01T06:53:33.460+0000][3883.467s][info ][safepoint   ] Safepoint "Cleanup", Time since last: 3000386977 ns, Reaching safepoint: 70815 ns, Cleanup: 19898 ns, At safepoint: 2675 ns, Total: 93388 ns
[2025-12-01T06:53:34.460+0000][3884.467s][debug][safepoint   ] Safepoint synchronization initiated using futex wait barrier. (240 threads)
[2025-12-01T06:53:34.460+0000][3884.467s][info ][safepoint   ] Safepoint "Cleanup", Time since last: 1000142548 ns, Reaching safepoint: 107686 ns, Cleanup: 10299 ns, At safepoint: 2856 ns, Total: 120841 ns
[2025-12-01T06:53:36.460+0000][3886.467s][debug][safepoint   ] Safepoint synchronization initiated using futex wait barrier. (239 threads)
[2025-12-01T06:53:36.460+0000][3886.467s][info ][safepoint   ] Safepoint "Cleanup", Time since last: 2000255358 ns, Reaching safepoint: 74893 ns, Cleanup: 16321 ns, At safepoint: 4048 ns, Total: 95262 ns
[2025-12-01T06:54:01.218+0000][3911.226s][debug][safepoint   ] Safepoint synchronization initiated using futex wait barrier. (239 threads)
[2025-12-01T06:54:01.219+0000][3911.228s][info ][gc,start    ] GC(88) Pause Young (Normal) (G1 Evacuation Pause)
[2025-12-01T06:54:01.220+0000][3911.228s][info ][gc,task     ] GC(88) Using 13 workers of 13 for evacuation
[2025-12-01T06:54:01.379+0000][3911.388s][info ][gc,phases   ] GC(88)   Pre Evacuate Collection Set: 5.3ms
[2025-12-01T06:54:01.379+0000][3911.388s][info ][gc,phases   ] GC(88)   Merge Heap Roots: 2.4ms
[2025-12-01T06:54:01.379+0000][3911.388s][info ][gc,phases   ] GC(88)   Evacuate Collection Set: 133.8ms
[2025-12-01T06:54:01.379+0000][3911.388s][info ][gc,phases   ] GC(88)   Post Evacuate Collection Set: 15.7ms
[2025-12-01T06:54:01.379+0000][3911.388s][info ][gc,phases   ] GC(88)   Other: 3.9ms
[2025-12-01T06:54:01.379+0000][3911.388s][info ][gc,heap     ] GC(88) Eden regions: 609->0(615)
[2025-12-01T06:54:01.379+0000][3911.388s][info ][gc,heap     ] GC(88) Survivor regions: 26->21(80)
[2025-12-01T06:54:01.379+0000][3911.388s][info ][gc,heap     ] GC(88) Old regions: 341->345
[2025-12-01T06:54:01.379+0000][3911.388s][info ][gc,heap     ] GC(88) Archive regions: 2->2
[2025-12-01T06:54:01.379+0000][3911.388s][info ][gc,heap     ] GC(88) Humongous regions: 10->10
[2025-12-01T06:54:01.379+0000][3911.388s][info ][gc,metaspace] GC(88) Metaspace: 199676K(201216K)->199676K(201216K) NonClass: 175447K(176256K)->175447K(176256K) Class: 24228K(24960K)->24228K(24960K)
[2025-12-01T06:54:01.380+0000][3911.388s][info ][gc          ] GC(88) Pause Young (Normal) (G1 Evacuation Pause) 986M->376M(1134M) 160.311ms
[2025-12-01T06:54:01.380+0000][3911.388s][info ][gc,cpu      ] GC(88) User=1.84s Sys=0.00s Real=0.16s
[2025-12-01T06:54:01.382+0000][3911.390s][info ][safepoint   ] Safepoint "G1CollectForAllocation", Time since last: 24758787661 ns, Reaching safepoint: 76416 ns, Cleanup: 70555 ns, At safepoint: 164061260 ns, Total: 164208231 ns
[2025-12-01T06:54:08.383+0000][3918.391s][debug][safepoint   ] Safepoint synchronization initiated using futex wait barrier. (240 threads)
[2025-12-01T06:54:08.383+0000][3918.391s][info ][safepoint   ] Safepoint "Cleanup", Time since last: 7000878853 ns, Reaching safepoint: 70434 ns, Cleanup: 10790 ns, At safepoint: 2986 ns, Total: 84210 ns
[2025-12-01T06:54:11.383+0000][3921.392s][debug][safepoint   ] Safepoint synchronization initiated using futex wait barrier. (239 threads)
[2025-12-01T06:54:11.383+0000][3921.392s][info ][safepoint   ] Safepoint "Cleanup", Time since last: 3000364024 ns, Reaching safepoint: 114298 ns, Cleanup: 22092 ns, At safepoint: 3297 ns, Total: 139687 ns
[2025-12-01T06:54:13.383+0000][3923.392s][debug][safepoint   ] Safepoint synchronization initiated using futex wait barrier. (238 threads)
[2025-12-01T06:54:13.384+0000][3923.392s][info ][safepoint   ] Safepoint "Cleanup", Time since last: 2000296118 ns, Reaching safepoint: 148513 ns, Cleanup: 29036 ns, At safepoint: 61437 ns, Total: 238986 ns
[2025-12-01T06:54:29.384+0000][3939.394s][debug][safepoint   ] Safepoint synchronization initiated using futex wait barrier. (238 threads)
[2025-12-01T06:54:29.385+0000][3939.395s][info ][safepoint   ] Safepoint "Cleanup", Time since last: 16002092374 ns, Reaching safepoint: 633317 ns, Cleanup: 29336 ns, At safepoint: 6813 ns, Total: 669466 ns
[2025-12-01T06:54:34.219+0000][3944.229s][debug][safepoint   ] Safepoint synchronization initiated using futex wait barrier. (235 threads)
[2025-12-01T06:54:34.219+0000][3944.229s][info ][safepoint   ] Safepoint "Cleanup", Time since last: 4834027975 ns, Reaching safepoint: 162871 ns, Cleanup: 22713 ns, At safepoint: 32072 ns, Total: 217656 ns
[2025-12-01T06:54:35.219+0000][3945.230s][debug][safepoint   ] Safepoint synchronization initiated using futex wait barrier. (237 threads)
[2025-12-01T06:54:35.220+0000][3945.230s][info ][safepoint   ] Safepoint "Cleanup", Time since last: 1000154986 ns, Reaching safepoint: 191986 ns, Cleanup: 147451 ns, At safepoint: 31380 ns, Total: 370817 ns
[2025-12-01T06:54:37.174+0000][3947.184s][debug][safepoint   ] Safepoint synchronization initiated using futex wait barrier. (237 threads)
[2025-12-01T06:54:37.174+0000][3947.184s][info ][safepoint   ] Safepoint "Cleanup", Time since last: 1954211241 ns, Reaching safepoint: 110701 ns, Cleanup: 154575 ns, At safepoint: 5871 ns, Total: 271147 ns
[2025-12-01T06:54:43.175+0000][3953.185s][debug][safepoint   ] Safepoint synchronization initiated using futex wait barrier. (237 threads)
[2025-12-01T06:54:43.176+0000][3953.186s][info ][safepoint   ] Safepoint "Cleanup", Time since last: 6000888063 ns, Reaching safepoint: 266127 ns, Cleanup: 16612 ns, At safepoint: 4388 ns, Total: 287127 ns
[2025-12-01T06:54:45.176+0000][3955.186s][debug][safepoint   ] Safepoint synchronization initiated using futex wait barrier. (237 threads)
[2025-12-01T06:54:45.177+0000][3955.187s][info ][safepoint   ] Safepoint "Cleanup", Time since last: 2000481330 ns, Reaching safepoint: 500405 ns, Cleanup: 50616 ns, At safepoint: 7775 ns, Total: 558796 ns
[2025-12-01T06:54:46.177+0000][3956.187s][debug][safepoint   ] Safepoint synchronization initiated using futex wait barrier. (237 threads)
[2025-12-01T06:54:46.177+0000][3956.187s][info ][safepoint   ] Safepoint "Cleanup", Time since last: 1000240465 ns, Reaching safepoint: 139987 ns, Cleanup: 59173 ns, At safepoint: 6242 ns, Total: 205402 ns
[2025-12-01T06:54:57.520+0000][3967.531s][debug][safepoint   ] Safepoint synchronization initiated using futex wait barrier. (237 threads)
[2025-12-01T06:54:57.520+0000][3967.532s][info ][safepoint   ] Safepoint "Cleanup", Time since last: 11344414195 ns, Reaching safepoint: 500154 ns, Cleanup: 47271 ns, At safepoint: 7795 ns, Total: 555220 ns
[2025-12-01T06:55:00.521+0000][3970.532s][debug][safepoint   ] Safepoint synchronization initiated using futex wait barrier. (237 threads)
[2025-12-01T06:55:00.521+0000][3970.533s][info ][safepoint   ] Safepoint "Cleanup", Time since last: 3000505374 ns, Reaching safepoint: 158582 ns, Cleanup: 13797 ns, At safepoint: 5781 ns, Total: 178160 ns
[2025-12-01T06:55:04.522+0000][3974.533s][debug][safepoint   ] Safepoint synchronization initiated using futex wait barrier. (236 threads)
[2025-12-01T06:55:04.522+0000][3974.534s][info ][safepoint   ] Safepoint "Cleanup", Time since last: 4000652298 ns, Reaching safepoint: 516998 ns, Cleanup: 81276 ns, At safepoint: 8356 ns, Total: 606630 ns
[2025-12-01T06:56:31.531+0000][4061.547s][debug][safepoint   ] Safepoint synchronization initiated using futex wait barrier. (231 threads)
[2025-12-01T06:56:31.531+0000][4061.547s][info ][safepoint   ] Safepoint "Cleanup", Time since last: 87012967506 ns, Reaching safepoint: 280455 ns, Cleanup: 53312 ns, At safepoint: 8135 ns, Total: 341902 ns
[2025-12-01T06:57:37.597+0000][4127.616s][debug][safepoint   ] Safepoint synchronization initiated using futex wait barrier. (229 threads)
[2025-12-01T06:57:37.597+0000][4127.616s][info ][safepoint   ] Safepoint "Cleanup", Time since last: 66068438403 ns, Reaching safepoint: 110892 ns, Cleanup: 14698 ns, At safepoint: 3477 ns, Total: 129067 ns
[2025-12-01T06:58:08.599+0000][4158.621s][debug][safepoint   ] Safepoint synchronization initiated using futex wait barrier. (228 threads)
[2025-12-01T06:58:08.600+0000][4158.621s][info ][safepoint   ] Safepoint "Cleanup", Time since last: 31004877060 ns, Reaching safepoint: 198139 ns, Cleanup: 17734 ns, At safepoint: 5030 ns, Total: 220903 ns
[2025-12-01T06:58:13.601+0000][4163.622s][debug][safepoint   ] Safepoint synchronization initiated using futex wait barrier. (228 threads)
[2025-12-01T06:58:13.601+0000][4163.622s][info ][safepoint   ] Safepoint "Cleanup", Time since last: 5001103198 ns, Reaching safepoint: 76367 ns, Cleanup: 15078 ns, At safepoint: 3637 ns, Total: 95082 ns
[2025-12-01T07:01:41.685+0000][4371.716s][debug][safepoint   ] Safepoint synchronization initiated using futex wait barrier. (228 threads)
[2025-12-01T07:01:41.685+0000][4371.717s][info ][safepoint   ] Safepoint "Cleanup", Time since last: 208094286846 ns, Reaching safepoint: 145418 ns, Cleanup: 73951 ns, At safepoint: 5972 ns, Total: 225341 ns
[2025-12-01T07:02:01.686+0000][4391.720s][debug][safepoint   ] Safepoint synchronization initiated using futex wait barrier. (228 threads)
[2025-12-01T07:02:01.686+0000][4391.720s][info ][safepoint   ] Safepoint "Cleanup", Time since last: 20002901715 ns, Reaching safepoint: 98198 ns, Cleanup: 14277 ns, At safepoint: 3587 ns, Total: 116062 ns
[2025-12-01T07:02:38.656+0000][4428.690s][debug][safepoint   ] Safepoint synchronization initiated using futex wait barrier. (228 threads)
[2025-12-01T07:02:38.657+0000][4428.692s][info ][gc,start    ] GC(89) Pause Young (Normal) (G1 Evacuation Pause)
[2025-12-01T07:02:38.657+0000][4428.692s][info ][gc,task     ] GC(89) Using 13 workers of 13 for evacuation
[2025-12-01T07:02:38.728+0000][4428.762s][info ][gc,phases   ] GC(89)   Pre Evacuate Collection Set: 3.2ms
[2025-12-01T07:02:38.728+0000][4428.763s][info ][gc,phases   ] GC(89)   Merge Heap Roots: 1.5ms
[2025-12-01T07:02:38.728+0000][4428.763s][info ][gc,phases   ] GC(89)   Evacuate Collection Set: 53.6ms
[2025-12-01T07:02:38.728+0000][4428.763s][info ][gc,phases   ] GC(89)   Post Evacuate Collection Set: 8.4ms
[2025-12-01T07:02:38.728+0000][4428.763s][info ][gc,phases   ] GC(89)   Other: 4.8ms
[2025-12-01T07:02:38.728+0000][4428.763s][info ][gc,heap     ] GC(89) Eden regions: 615->0(619)
[2025-12-01T07:02:38.728+0000][4428.763s][info ][gc,heap     ] GC(89) Survivor regions: 21->21(80)
[2025-12-01T07:02:38.728+0000][4428.763s][info ][gc,heap     ] GC(89) Old regions: 345->346
[2025-12-01T07:02:38.728+0000][4428.763s][info ][gc,heap     ] GC(89) Archive regions: 2->2
[2025-12-01T07:02:38.728+0000][4428.763s][info ][gc,heap     ] GC(89) Humongous regions: 10->10
[2025-12-01T07:02:38.728+0000][4428.763s][info ][gc,metaspace] GC(89) Metaspace: 199752K(201280K)->199752K(201280K) NonClass: 175523K(176320K)->175523K(176320K) Class: 24229K(24960K)->24229K(24960K)
[2025-12-01T07:02:38.728+0000][4428.763s][info ][gc          ] GC(89) Pause Young (Normal) (G1 Evacuation Pause) 991M->376M(1134M) 70.774ms
[2025-12-01T07:02:38.728+0000][4428.763s][info ][gc,cpu      ] GC(89) User=0.74s Sys=0.00s Real=0.07s
[2025-12-01T07:02:38.730+0000][4428.764s][info ][safepoint   ] Safepoint "G1CollectForAllocation", Time since last: 36970846871 ns, Reaching safepoint: 207019 ns, Cleanup: 50678 ns, At safepoint: 73588644 ns, Total: 73846341 ns
[2025-12-01T07:02:42.730+0000][4432.765s][debug][safepoint   ] Safepoint synchronization initiated using futex wait barrier. (227 threads)
[2025-12-01T07:02:42.730+0000][4432.765s][info ][safepoint   ] Safepoint "Cleanup", Time since last: 4000647635 ns, Reaching safepoint: 76967 ns, Cleanup: 12444 ns, At safepoint: 3246 ns, Total: 92657 ns
[2025-12-01T07:03:43.802+0000][4493.840s][debug][safepoint   ] Safepoint synchronization initiated using futex wait barrier. (228 threads)
[2025-12-01T07:03:43.802+0000][4493.841s][info ][safepoint   ] Safepoint "Cleanup", Time since last: 61075332836 ns, Reaching safepoint: 105191 ns, Cleanup: 20148 ns, At safepoint: 95252 ns, Total: 220591 ns
[2025-12-01T07:03:47.803+0000][4497.841s][debug][safepoint   ] Safepoint synchronization initiated using futex wait barrier. (228 threads)
[2025-12-01T07:03:47.803+0000][4497.841s][info ][safepoint   ] Safepoint "Cleanup", Time since last: 4000517061 ns, Reaching safepoint: 79582 ns, Cleanup: 13726 ns, At safepoint: 3527 ns, Total: 96835 ns
[2025-12-01T07:05:36.812+0000][4606.857s][debug][safepoint   ] Safepoint synchronization initiated using futex wait barrier. (230 threads)
[2025-12-01T07:05:36.812+0000][4606.857s][info ][safepoint   ] Safepoint "Cleanup", Time since last: 109016059583 ns, Reaching safepoint: 132213 ns, Cleanup: 41980 ns, At safepoint: 5200 ns, Total: 179393 ns
[2025-12-01T07:05:45.813+0000][4615.859s][debug][safepoint   ] Safepoint synchronization initiated using futex wait barrier. (230 threads)
[2025-12-01T07:05:45.814+0000][4615.859s][info ][safepoint   ] Safepoint "Cleanup", Time since last: 9001086474 ns, Reaching safepoint: 127454 ns, Cleanup: 30899 ns, At safepoint: 4379 ns, Total: 162732 ns
[2025-12-01T07:06:28.897+0000][4658.945s][debug][safepoint   ] Safepoint synchronization initiated using futex wait barrier. (230 threads)
[2025-12-01T07:06:28.897+0000][4658.945s][info ][safepoint   ] Safepoint "Cleanup", Time since last: 43086516470 ns, Reaching safepoint: 181739 ns, Cleanup: 27673 ns, At safepoint: 7083 ns, Total: 216495 ns
[2025-12-01T07:07:08.928+0000][4698.978s][debug][safepoint   ] Safepoint synchronization initiated using futex wait barrier. (227 threads)
[2025-12-01T07:07:08.928+0000][4698.978s][info ][safepoint   ] Safepoint "Cleanup", Time since last: 40032334024 ns, Reaching safepoint: 123607 ns, Cleanup: 13536 ns, At safepoint: 3216 ns, Total: 140359 ns
[2025-12-01T07:07:47.932+0000][4737.984s][debug][safepoint   ] Safepoint synchronization initiated using futex wait barrier. (228 threads)
[2025-12-01T07:07:47.932+0000][4737.984s][info ][safepoint   ] Safepoint "Cleanup", Time since last: 39005831154 ns, Reaching safepoint: 115622 ns, Cleanup: 14167 ns, At safepoint: 4879 ns, Total: 134668 ns
[2025-12-01T07:08:08.961+0000][4759.014s][debug][safepoint   ] Safepoint synchronization initiated using futex wait barrier. (228 threads)
[2025-12-01T07:08:08.961+0000][4759.014s][info ][safepoint   ] Safepoint "Cleanup", Time since last: 21030118570 ns, Reaching safepoint: 148505 ns, Cleanup: 19076 ns, At safepoint: 4900 ns, Total: 172481 ns
[2025-12-01T07:08:48.962+0000][4799.020s][debug][safepoint   ] Safepoint synchronization initiated using futex wait barrier. (228 threads)
[2025-12-01T07:08:48.962+0000][4799.020s][info ][safepoint   ] Safepoint "Cleanup", Time since last: 40005572023 ns, Reaching safepoint: 71386 ns, Cleanup: 11973 ns, At safepoint: 2886 ns, Total: 86245 ns
[2025-12-01T07:09:16.967+0000][4827.024s][debug][safepoint   ] Safepoint synchronization initiated using futex wait barrier. (228 threads)
[2025-12-01T07:09:16.967+0000][4827.024s][info ][safepoint   ] Safepoint "Cleanup", Time since last: 28004026371 ns, Reaching safepoint: 249218 ns, Cleanup: 15540 ns, At safepoint: 5069 ns, Total: 269827 ns
[2025-12-01T07:10:09.029+0000][4879.091s][debug][safepoint   ] Safepoint synchronization initiated using futex wait barrier. (228 threads)
[2025-12-01T07:10:09.030+0000][4879.091s][info ][safepoint   ] Safepoint "Cleanup", Time since last: 52066833009 ns, Reaching safepoint: 186167 ns, Cleanup: 17584 ns, At safepoint: 5320 ns, Total: 209071 ns
[2025-12-01T07:10:50.032+0000][4920.097s][debug][safepoint   ] Safepoint synchronization initiated using futex wait barrier. (228 threads)
[2025-12-01T07:10:50.043+0000][4920.107s][info ][safepoint   ] Safepoint "Cleanup", Time since last: 41005891186 ns, Reaching safepoint: 10022861 ns, Cleanup: 42061 ns, At safepoint: 121954 ns, Total: 10186876 ns
[2025-12-01T07:11:08.066+0000][4938.131s][debug][safepoint   ] Safepoint synchronization initiated using futex wait barrier. (228 threads)
[2025-12-01T07:11:08.066+0000][4938.131s][info ][safepoint   ] Safepoint "Cleanup", Time since last: 18023765012 ns, Reaching safepoint: 138329 ns, Cleanup: 26272 ns, At safepoint: 4608 ns, Total: 169209 ns
[2025-12-01T07:11:21.494+0000][4951.561s][debug][safepoint   ] Safepoint synchronization initiated using futex wait barrier. (228 threads)
[2025-12-01T07:11:21.495+0000][4951.561s][info ][gc,start    ] GC(90) Pause Young (Normal) (G1 Evacuation Pause)
[2025-12-01T07:11:21.495+0000][4951.561s][info ][gc,task     ] GC(90) Using 13 workers of 13 for evacuation
[2025-12-01T07:11:21.558+0000][4951.624s][info ][gc,phases   ] GC(90)   Pre Evacuate Collection Set: 3.6ms
[2025-12-01T07:11:21.558+0000][4951.624s][info ][gc,phases   ] GC(90)   Merge Heap Roots: 0.9ms
[2025-12-01T07:11:21.558+0000][4951.624s][info ][gc,phases   ] GC(90)   Evacuate Collection Set: 51.4ms
[2025-12-01T07:11:21.558+0000][4951.624s][info ][gc,phases   ] GC(90)   Post Evacuate Collection Set: 6.5ms
[2025-12-01T07:11:21.558+0000][4951.624s][info ][gc,phases   ] GC(90)   Other: 0.7ms
[2025-12-01T07:11:21.558+0000][4951.624s][info ][gc,heap     ] GC(90) Eden regions: 619->0(620)
[2025-12-01T07:11:21.558+0000][4951.624s][info ][gc,heap     ] GC(90) Survivor regions: 21->21(80)
[2025-12-01T07:11:21.558+0000][4951.624s][info ][gc,heap     ] GC(90) Old regions: 346->346
[2025-12-01T07:11:21.558+0000][4951.624s][info ][gc,heap     ] GC(90) Archive regions: 2->2
[2025-12-01T07:11:21.558+0000][4951.624s][info ][gc,heap     ] GC(90) Humongous regions: 10->10
[2025-12-01T07:11:21.558+0000][4951.624s][info ][gc,metaspace] GC(90) Metaspace: 199784K(201280K)->199784K(201280K) NonClass: 175554K(176320K)->175554K(176320K) Class: 24229K(24960K)->24229K(24960K)
[2025-12-01T07:11:21.558+0000][4951.625s][info ][gc          ] GC(90) Pause Young (Normal) (G1 Evacuation Pause) 995M->377M(1134M) 63.560ms
[2025-12-01T07:11:21.559+0000][4951.625s][info ][gc,cpu      ] GC(90) User=0.70s Sys=0.00s Real=0.07s
[2025-12-01T07:11:21.560+0000][4951.626s][info ][safepoint   ] Safepoint "G1CollectForAllocation", Time since last: 13429511747 ns, Reaching safepoint: 148615 ns, Cleanup: 6733 ns, At safepoint: 65636857 ns, Total: 65792205 ns
[2025-12-01T07:11:22.560+0000][4952.627s][debug][safepoint   ] Safepoint synchronization initiated using futex wait barrier. (228 threads)
[2025-12-01T07:11:22.561+0000][4952.627s][info ][safepoint   ] Safepoint "Cleanup", Time since last: 1000208334 ns, Reaching safepoint: 223349 ns, Cleanup: 32552 ns, At safepoint: 6583 ns, Total: 262484 ns
[2025-12-01T07:15:18.205+0000][5188.284s][debug][safepoint   ] Safepoint synchronization initiated using futex wait barrier. (228 threads)
[2025-12-01T07:15:18.206+0000][5188.285s][info ][safepoint   ] Safepoint "Cleanup", Time since last: 235657409280 ns, Reaching safepoint: 236254 ns, Cleanup: 17654 ns, At safepoint: 4809 ns, Total: 258717 ns
[2025-12-01T07:16:08.236+0000][5238.319s][debug][safepoint   ] Safepoint synchronization initiated using futex wait barrier. (228 threads)
[2025-12-01T07:16:08.236+0000][5238.319s][info ][safepoint   ] Safepoint "Cleanup", Time since last: 50034010739 ns, Reaching safepoint: 131523 ns, Cleanup: 21611 ns, At safepoint: 3337 ns, Total: 156471 ns
[2025-12-01T07:16:56.274+0000][5286.360s][debug][safepoint   ] Safepoint synchronization initiated using futex wait barrier. (228 threads)
[2025-12-01T07:16:56.274+0000][5286.360s][info ][safepoint   ] Safepoint "Cleanup", Time since last: 48040856500 ns, Reaching safepoint: 207848 ns, Cleanup: 17073 ns, At safepoint: 6632 ns, Total: 231553 ns
[2025-12-01T07:17:16.277+0000][5306.363s][debug][safepoint   ] Safepoint synchronization initiated using futex wait barrier. (230 threads)
[2025-12-01T07:17:16.277+0000][5306.363s][info ][safepoint   ] Safepoint "Cleanup", Time since last: 20003314213 ns, Reaching safepoint: 122905 ns, Cleanup: 15540 ns, At safepoint: 3567 ns, Total: 142012 ns
[2025-12-01T07:19:38.346+0000][5448.441s][debug][safepoint   ] Safepoint synchronization initiated using futex wait barrier. (227 threads)
[2025-12-01T07:19:38.349+0000][5448.443s][info ][safepoint   ] Safepoint "Cleanup", Time since last: 142077171406 ns, Reaching safepoint: 1506951 ns, Cleanup: 542240 ns, At safepoint: 458620 ns, Total: 2507811 ns
[2025-12-01T07:20:02.741+0000][5472.837s][debug][safepoint   ] Safepoint synchronization initiated using futex wait barrier. (227 threads)
[2025-12-01T07:20:02.742+0000][5472.839s][info ][gc,start    ] GC(91) Pause Young (Normal) (G1 Evacuation Pause)
[2025-12-01T07:20:02.742+0000][5472.839s][info ][gc,task     ] GC(91) Using 13 workers of 13 for evacuation
[2025-12-01T07:20:02.766+0000][5472.862s][info ][gc,phases   ] GC(91)   Pre Evacuate Collection Set: 0.5ms
[2025-12-01T07:20:02.766+0000][5472.862s][info ][gc,phases   ] GC(91)   Merge Heap Roots: 0.6ms
[2025-12-01T07:20:02.766+0000][5472.862s][info ][gc,phases   ] GC(91)   Evacuate Collection Set: 17.3ms
[2025-12-01T07:20:02.766+0000][5472.862s][info ][gc,phases   ] GC(91)   Post Evacuate Collection Set: 4.6ms
[2025-12-01T07:20:02.766+0000][5472.862s][info ][gc,phases   ] GC(91)   Other: 0.8ms
[2025-12-01T07:20:02.766+0000][5472.862s][info ][gc,heap     ] GC(91) Eden regions: 620->0(622)
[2025-12-01T07:20:02.766+0000][5472.862s][info ][gc,heap     ] GC(91) Survivor regions: 21->20(81)
[2025-12-01T07:20:02.766+0000][5472.862s][info ][gc,heap     ] GC(91) Old regions: 346->346
[2025-12-01T07:20:02.766+0000][5472.862s][info ][gc,heap     ] GC(91) Archive regions: 2->2
[2025-12-01T07:20:02.766+0000][5472.862s][info ][gc,heap     ] GC(91) Humongous regions: 10->10
[2025-12-01T07:20:02.766+0000][5472.862s][info ][gc,metaspace] GC(91) Metaspace: 199810K(201344K)->199810K(201344K) NonClass: 175581K(176384K)->175581K(176384K) Class: 24229K(24960K)->24229K(24960K)
[2025-12-01T07:20:02.766+0000][5472.863s][info ][gc          ] GC(91) Pause Young (Normal) (G1 Evacuation Pause) 997M->376M(1134M) 23.818ms
[2025-12-01T07:20:02.766+0000][5472.863s][info ][gc,cpu      ] GC(91) User=0.25s Sys=0.00s Real=0.02s
[2025-12-01T07:20:02.767+0000][5472.864s][info ][safepoint   ] Safepoint "G1CollectForAllocation", Time since last: 24394384150 ns, Reaching safepoint: 1092014 ns, Cleanup: 6553 ns, At safepoint: 25062970 ns, Total: 26161537 ns
[2025-12-01T07:21:01.072+0000][5531.171s][debug][safepoint   ] Safepoint synchronization initiated using futex wait barrier. (228 threads)
[2025-12-01T07:21:01.072+0000][5531.172s][info ][safepoint   ] Safepoint "Cleanup", Time since last: 58307543914 ns, Reaching safepoint: 772381 ns, Cleanup: 18015 ns, At safepoint: 130831 ns, Total: 921227 ns
[2025-12-01T07:21:02.073+0000][5532.172s][debug][safepoint   ] Safepoint synchronization initiated using futex wait barrier. (228 threads)
[2025-12-01T07:21:02.073+0000][5532.172s][info ][safepoint   ] Safepoint "Cleanup", Time since last: 1000211534 ns, Reaching safepoint: 82668 ns, Cleanup: 17954 ns, At safepoint: 3647 ns, Total: 104269 ns
[2025-12-01T07:21:08.074+0000][5538.173s][debug][safepoint   ] Safepoint synchronization initiated using futex wait barrier. (228 threads)
[2025-12-01T07:21:08.074+0000][5538.173s][info ][safepoint   ] Safepoint "Cleanup", Time since last: 6000881003 ns, Reaching safepoint: 82429 ns, Cleanup: 14157 ns, At safepoint: 3677 ns, Total: 100263 ns
[2025-12-01T07:24:03.450+0000][5713.560s][debug][safepoint   ] Safepoint synchronization initiated using futex wait barrier. (230 threads)
[2025-12-01T07:24:03.451+0000][5713.561s][info ][safepoint   ] Safepoint "Cleanup", Time since last: 175386352434 ns, Reaching safepoint: 927759 ns, Cleanup: 16612 ns, At safepoint: 5440 ns, Total: 949811 ns
[2025-12-01T07:26:05.579+0000][5835.697s][debug][safepoint   ] Safepoint synchronization initiated using futex wait barrier. (228 threads)
[2025-12-01T07:26:05.581+0000][5835.698s][info ][safepoint   ] Safepoint "Cleanup", Time since last: 122135871247 ns, Reaching safepoint: 1100791 ns, Cleanup: 14839 ns, At safepoint: 6041 ns, Total: 1121671 ns
[2025-12-01T07:27:06.609+0000][5896.730s][debug][safepoint   ] Safepoint synchronization initiated using futex wait barrier. (228 threads)
[2025-12-01T07:27:06.610+0000][5896.731s][info ][safepoint   ] Safepoint "Cleanup", Time since last: 61032496314 ns, Reaching safepoint: 743696 ns, Cleanup: 20790 ns, At safepoint: 7204 ns, Total: 771690 ns
[2025-12-01T07:28:07.647+0000][5957.771s][debug][safepoint   ] Safepoint synchronization initiated using futex wait barrier. (227 threads)
[2025-12-01T07:28:07.649+0000][5957.773s][info ][safepoint   ] Safepoint "Cleanup", Time since last: 61040477020 ns, Reaching safepoint: 1089681 ns, Cleanup: 28915 ns, At safepoint: 42171 ns, Total: 1160767 ns
[2025-12-01T07:28:47.924+0000][5998.050s][debug][safepoint   ] Safepoint synchronization initiated using futex wait barrier. (227 threads)
[2025-12-01T07:28:47.925+0000][5998.051s][info ][gc,start    ] GC(92) Pause Young (Normal) (G1 Evacuation Pause)
[2025-12-01T07:28:47.925+0000][5998.051s][info ][gc,task     ] GC(92) Using 13 workers of 13 for evacuation
[2025-12-01T07:28:47.974+0000][5998.100s][info ][gc,phases   ] GC(92)   Pre Evacuate Collection Set: 0.6ms
[2025-12-01T07:28:47.974+0000][5998.100s][info ][gc,phases   ] GC(92)   Merge Heap Roots: 0.7ms
[2025-12-01T07:28:47.974+0000][5998.100s][info ][gc,phases   ] GC(92)   Evacuate Collection Set: 42.5ms
[2025-12-01T07:28:47.974+0000][5998.100s][info ][gc,phases   ] GC(92)   Post Evacuate Collection Set: 4.8ms
[2025-12-01T07:28:47.974+0000][5998.100s][info ][gc,phases   ] GC(92)   Other: 0.6ms
[2025-12-01T07:28:47.974+0000][5998.100s][info ][gc,heap     ] GC(92) Eden regions: 622->0(625)
[2025-12-01T07:28:47.974+0000][5998.100s][info ][gc,heap     ] GC(92) Survivor regions: 20->16(81)
[2025-12-01T07:28:47.974+0000][5998.100s][info ][gc,heap     ] GC(92) Old regions: 346->351
[2025-12-01T07:28:47.974+0000][5998.100s][info ][gc,heap     ] GC(92) Archive regions: 2->2
[2025-12-01T07:28:47.974+0000][5998.100s][info ][gc,heap     ] GC(92) Humongous regions: 10->10
[2025-12-01T07:28:47.974+0000][5998.100s][info ][gc,metaspace] GC(92) Metaspace: 199812K(201344K)->199812K(201344K) NonClass: 175582K(176384K)->175582K(176384K) Class: 24229K(24960K)->24229K(24960K)
[2025-12-01T07:28:47.974+0000][5998.100s][info ][gc          ] GC(92) Pause Young (Normal) (G1 Evacuation Pause) 998M->376M(1134M) 49.198ms
[2025-12-01T07:28:47.974+0000][5998.100s][info ][gc,cpu      ] GC(92) User=0.57s Sys=0.00s Real=0.05s
[2025-12-01T07:28:47.976+0000][5998.101s][info ][safepoint   ] Safepoint "G1CollectForAllocation", Time since last: 40277315262 ns, Reaching safepoint: 694290 ns, Cleanup: 7455 ns, At safepoint: 50898203 ns, Total: 51599948 ns
[2025-12-01T07:29:56.682+0000][6066.813s][debug][safepoint   ] Safepoint synchronization initiated using futex wait barrier. (228 threads)
[2025-12-01T07:29:56.682+0000][6066.813s][info ][safepoint   ] Safepoint "Cleanup", Time since last: 68711453382 ns, Reaching safepoint: 136021 ns, Cleanup: 146581 ns, At safepoint: 16051 ns, Total: 298653 ns
[2025-12-01T07:29:57.682+0000][6067.813s][debug][safepoint   ] Safepoint synchronization initiated using futex wait barrier. (229 threads)
[2025-12-01T07:29:57.683+0000][6067.814s][info ][safepoint   ] Safepoint "Cleanup", Time since last: 1000193104 ns, Reaching safepoint: 109460 ns, Cleanup: 43083 ns, At safepoint: 6091 ns, Total: 158634 ns
[2025-12-01T07:29:58.683+0000][6068.814s][debug][safepoint   ] Safepoint synchronization initiated using futex wait barrier. (232 threads)
[2025-12-01T07:29:58.688+0000][6068.819s][info ][safepoint   ] Safepoint "Cleanup", Time since last: 1000177637 ns, Reaching safepoint: 4507031 ns, Cleanup: 67329 ns, At safepoint: 449612 ns, Total: 5023972 ns
[2025-12-01T07:29:59.688+0000][6069.819s][debug][safepoint   ] Safepoint synchronization initiated using futex wait barrier. (232 threads)
[2025-12-01T07:29:59.700+0000][6069.831s][info ][safepoint   ] Safepoint "Cleanup", Time since last: 1000241729 ns, Reaching safepoint: 11143026 ns, Cleanup: 41910 ns, At safepoint: 809833 ns, Total: 11994769 ns
[2025-12-01T07:30:00.700+0000][6070.831s][debug][safepoint   ] Safepoint synchronization initiated using futex wait barrier. (233 threads)
[2025-12-01T07:30:00.700+0000][6070.831s][info ][safepoint   ] Safepoint "Cleanup", Time since last: 1000370728 ns, Reaching safepoint: 84623 ns, Cleanup: 19006 ns, At safepoint: 3717 ns, Total: 107346 ns
[2025-12-01T07:32:08.786+0000][6198.924s][debug][safepoint   ] Safepoint synchronization initiated using futex wait barrier. (231 threads)
[2025-12-01T07:32:08.786+0000][6198.924s][info ][safepoint   ] Safepoint "Cleanup", Time since last: 128092190823 ns, Reaching safepoint: 101575 ns, Cleanup: 14358 ns, At safepoint: 3787 ns, Total: 119720 ns
[2025-12-01T07:34:08.855+0000][6319.000s][debug][safepoint   ] Safepoint synchronization initiated using futex wait barrier. (230 threads)
[2025-12-01T07:34:08.855+0000][6319.000s][info ][safepoint   ] Safepoint "Cleanup", Time since last: 120076024991 ns, Reaching safepoint: 191236 ns, Cleanup: 25840 ns, At safepoint: 5701 ns, Total: 222777 ns
[2025-12-01T07:35:34.862+0000][6405.013s][debug][safepoint   ] Safepoint synchronization initiated using futex wait barrier. (230 threads)
[2025-12-01T07:35:34.862+0000][6405.013s][info ][safepoint   ] Safepoint "Cleanup", Time since last: 86012480595 ns, Reaching safepoint: 158223 ns, Cleanup: 17103 ns, At safepoint: 4419 ns, Total: 179745 ns
[2025-12-01T07:36:34.923+0000][6465.077s][debug][safepoint   ] Safepoint synchronization initiated using futex wait barrier. (232 threads)
[2025-12-01T07:36:34.924+0000][6465.077s][info ][safepoint   ] Safepoint "Cleanup", Time since last: 60064454587 ns, Reaching safepoint: 128677 ns, Cleanup: 21061 ns, At safepoint: 4769 ns, Total: 154507 ns
[2025-12-01T07:36:54.957+0000][6485.112s][debug][safepoint   ] Safepoint synchronization initiated using futex wait barrier. (232 threads)
[2025-12-01T07:36:54.957+0000][6485.113s][info ][safepoint   ] Safepoint "Cleanup", Time since last: 20035161609 ns, Reaching safepoint: 156661 ns, Cleanup: 14818 ns, At safepoint: 4869 ns, Total: 176348 ns
[2025-12-01T07:37:00.955+0000][6491.111s][debug][safepoint   ] Safepoint synchronization initiated using futex wait barrier. (232 threads)
[2025-12-01T07:37:00.956+0000][6491.111s][info ][gc,start    ] GC(93) Pause Young (Normal) (G1 Evacuation Pause)
[2025-12-01T07:37:00.956+0000][6491.111s][info ][gc,task     ] GC(93) Using 13 workers of 13 for evacuation
[2025-12-01T07:37:00.973+0000][6491.129s][info ][gc,phases   ] GC(93)   Pre Evacuate Collection Set: 1.2ms
[2025-12-01T07:37:00.973+0000][6491.129s][info ][gc,phases   ] GC(93)   Merge Heap Roots: 0.6ms
[2025-12-01T07:37:00.973+0000][6491.129s][info ][gc,phases   ] GC(93)   Evacuate Collection Set: 10.7ms
[2025-12-01T07:37:00.973+0000][6491.129s][info ][gc,phases   ] GC(93)   Post Evacuate Collection Set: 4.0ms
[2025-12-01T07:37:00.973+0000][6491.129s][info ][gc,phases   ] GC(93)   Other: 1.2ms
[2025-12-01T07:37:00.973+0000][6491.129s][info ][gc,heap     ] GC(93) Eden regions: 625->0(625)
[2025-12-01T07:37:00.973+0000][6491.129s][info ][gc,heap     ] GC(93) Survivor regions: 16->16(81)
[2025-12-01T07:37:00.973+0000][6491.129s][info ][gc,heap     ] GC(93) Old regions: 351->351
[2025-12-01T07:37:00.973+0000][6491.129s][info ][gc,heap     ] GC(93) Archive regions: 2->2
[2025-12-01T07:37:00.973+0000][6491.129s][info ][gc,heap     ] GC(93) Humongous regions: 10->10
[2025-12-01T07:37:00.973+0000][6491.129s][info ][gc,metaspace] GC(93) Metaspace: 200071K(201600K)->200071K(201600K) NonClass: 175837K(176640K)->175837K(176640K) Class: 24233K(24960K)->24233K(24960K)
[2025-12-01T07:37:00.973+0000][6491.129s][info ][gc          ] GC(93) Pause Young (Normal) (G1 Evacuation Pause) 1001M->377M(1134M) 17.633ms
[2025-12-01T07:37:00.973+0000][6491.129s][info ][gc,cpu      ] GC(93) User=0.13s Sys=0.01s Real=0.02s
[2025-12-01T07:37:00.974+0000][6491.129s][info ][safepoint   ] Safepoint "G1CollectForAllocation", Time since last: 5998343993 ns, Reaching safepoint: 101645 ns, Cleanup: 7654 ns, At safepoint: 18329789 ns, Total: 18439088 ns
[2025-12-01T07:39:08.026+0000][6618.188s][debug][safepoint   ] Safepoint synchronization initiated using futex wait barrier. (231 threads)
[2025-12-01T07:39:08.026+0000][6618.188s][info ][safepoint   ] Safepoint "Cleanup", Time since last: 127058926363 ns, Reaching safepoint: 104300 ns, Cleanup: 15169 ns, At safepoint: 3867 ns, Total: 123336 ns
[2025-12-01T07:40:08.057+0000][6678.223s][debug][safepoint   ] Safepoint synchronization initiated using futex wait barrier. (230 threads)
[2025-12-01T07:40:08.057+0000][6678.223s][info ][safepoint   ] Safepoint "Cleanup", Time since last: 60034223561 ns, Reaching safepoint: 67619 ns, Cleanup: 27373 ns, At safepoint: 3587 ns, Total: 98579 ns
[2025-12-01T07:45:24.192+0000][6994.376s][debug][safepoint   ] Safepoint synchronization initiated using futex wait barrier. (231 threads)
[2025-12-01T07:45:24.192+0000][6994.376s][info ][safepoint   ] Safepoint "Cleanup", Time since last: 316153356642 ns, Reaching safepoint: 98890 ns, Cleanup: 13666 ns, At safepoint: 3937 ns, Total: 116493 ns
[2025-12-01T07:45:47.670+0000][7017.854s][debug][safepoint   ] Safepoint synchronization initiated using futex wait barrier. (231 threads)
[2025-12-01T07:45:47.670+0000][7017.855s][info ][gc,start    ] GC(94) Pause Young (Normal) (G1 Evacuation Pause)
[2025-12-01T07:45:47.670+0000][7017.855s][info ][gc,task     ] GC(94) Using 13 workers of 13 for evacuation
[2025-12-01T07:45:47.711+0000][7017.895s][info ][gc,phases   ] GC(94)   Pre Evacuate Collection Set: 0.6ms
[2025-12-01T07:45:47.711+0000][7017.895s][info ][gc,phases   ] GC(94)   Merge Heap Roots: 0.5ms
[2025-12-01T07:45:47.711+0000][7017.895s][info ][gc,phases   ] GC(94)   Evacuate Collection Set: 34.8ms
[2025-12-01T07:45:47.711+0000][7017.895s][info ][gc,phases   ] GC(94)   Post Evacuate Collection Set: 4.5ms
[2025-12-01T07:45:47.711+0000][7017.895s][info ][gc,phases   ] GC(94)   Other: 0.4ms
[2025-12-01T07:45:47.711+0000][7017.895s][info ][gc,heap     ] GC(94) Eden regions: 625->0(632)
[2025-12-01T07:45:47.711+0000][7017.895s][info ][gc,heap     ] GC(94) Survivor regions: 16->8(81)
[2025-12-01T07:45:47.711+0000][7017.895s][info ][gc,heap     ] GC(94) Old regions: 351->359
[2025-12-01T07:45:47.711+0000][7017.895s][info ][gc,heap     ] GC(94) Archive regions: 2->2
[2025-12-01T07:45:47.711+0000][7017.895s][info ][gc,heap     ] GC(94) Humongous regions: 10->10
[2025-12-01T07:45:47.711+0000][7017.895s][info ][gc,metaspace] GC(94) Metaspace: 200119K(201664K)->200119K(201664K) NonClass: 175886K(176704K)->175886K(176704K) Class: 24233K(24960K)->24233K(24960K)
[2025-12-01T07:45:47.711+0000][7017.895s][info ][gc          ] GC(94) Pause Young (Normal) (G1 Evacuation Pause) 1002M->377M(1134M) 40.843ms
[2025-12-01T07:45:47.711+0000][7017.895s][info ][gc,cpu      ] GC(94) User=0.47s Sys=0.00s Real=0.04s
[2025-12-01T07:45:47.712+0000][7017.897s][info ][safepoint   ] Safepoint "G1CollectForAllocation", Time since last: 23478082851 ns, Reaching safepoint: 98840 ns, Cleanup: 4579 ns, At safepoint: 42056129 ns, Total: 42159548 ns
[2025-12-01T07:45:48.710+0000][7018.897s][debug][safepoint   ] Safepoint synchronization initiated using futex wait barrier. (231 threads)
[2025-12-01T07:45:48.710+0000][7018.897s][info ][safepoint   ] Safepoint "Cleanup", Time since last: 1000263339 ns, Reaching safepoint: 110111 ns, Cleanup: 23485 ns, At safepoint: 4018 ns, Total: 137614 ns
[2025-12-01T07:46:25.714+0000][7055.902s][debug][safepoint   ] Safepoint synchronization initiated using futex wait barrier. (230 threads)
[2025-12-01T07:46:25.714+0000][7055.902s][info ][safepoint   ] Safepoint "Cleanup", Time since last: 37004904813 ns, Reaching safepoint: 119689 ns, Cleanup: 24868 ns, At safepoint: 4608 ns, Total: 149165 ns
[2025-12-01T07:46:56.716+0000][7086.906s][debug][safepoint   ] Safepoint synchronization initiated using futex wait barrier. (232 threads)
[2025-12-01T07:46:56.717+0000][7086.906s][info ][safepoint   ] Safepoint "Cleanup", Time since last: 31004238642 ns, Reaching safepoint: 174634 ns, Cleanup: 12364 ns, At safepoint: 3857 ns, Total: 190855 ns
[2025-12-01T07:48:46.322+0000][7196.517s][debug][safepoint   ] Safepoint synchronization initiated using futex wait barrier. (233 threads)
[2025-12-01T07:48:46.322+0000][7196.517s][info ][safepoint   ] Safepoint "Cleanup", Time since last: 109610627477 ns, Reaching safepoint: 140068 ns, Cleanup: 21802 ns, At safepoint: 5020 ns, Total: 166890 ns
[2025-12-01T07:52:31.457+0000][7421.667s][debug][safepoint   ] Safepoint synchronization initiated using futex wait barrier. (230 threads)
[2025-12-01T07:52:31.457+0000][7421.667s][info ][safepoint   ] Safepoint "Cleanup", Time since last: 225149658892 ns, Reaching safepoint: 93149 ns, Cleanup: 14026 ns, At safepoint: 4068 ns, Total: 111243 ns
[2025-12-01T07:53:29.485+0000][7479.699s][debug][safepoint   ] Safepoint synchronization initiated using futex wait barrier. (230 threads)
[2025-12-01T07:53:29.485+0000][7479.699s][info ][safepoint   ] Safepoint "Cleanup", Time since last: 58032212573 ns, Reaching safepoint: 165749 ns, Cleanup: 24216 ns, At safepoint: 5641 ns, Total: 195606 ns
[2025-12-01T07:54:29.519+0000][7539.737s][debug][safepoint   ] Safepoint synchronization initiated using futex wait barrier. (229 threads)
[2025-12-01T07:54:29.520+0000][7539.737s][info ][safepoint   ] Safepoint "Cleanup", Time since last: 60037249724 ns, Reaching safepoint: 156219 ns, Cleanup: 15370 ns, At safepoint: 4018 ns, Total: 175607 ns
[2025-12-01T07:54:37.138+0000][7547.355s][debug][safepoint   ] Safepoint synchronization initiated using futex wait barrier. (231 threads)
[2025-12-01T07:54:37.139+0000][7547.356s][info ][gc,start    ] GC(95) Pause Young (Normal) (G1 Evacuation Pause)
[2025-12-01T07:54:37.139+0000][7547.356s][info ][gc,task     ] GC(95) Using 13 workers of 13 for evacuation
[2025-12-01T07:54:37.208+0000][7547.425s][info ][gc,phases   ] GC(95)   Pre Evacuate Collection Set: 4.3ms
[2025-12-01T07:54:37.208+0000][7547.425s][info ][gc,phases   ] GC(95)   Merge Heap Roots: 1.6ms
[2025-12-01T07:54:37.208+0000][7547.425s][info ][gc,phases   ] GC(95)   Evacuate Collection Set: 48.4ms
[2025-12-01T07:54:37.208+0000][7547.425s][info ][gc,phases   ] GC(95)   Post Evacuate Collection Set: 11.8ms
[2025-12-01T07:54:37.208+0000][7547.425s][info ][gc,phases   ] GC(95)   Other: 3.5ms
[2025-12-01T07:54:37.208+0000][7547.425s][info ][gc,heap     ] GC(95) Eden regions: 632->0(632)
[2025-12-01T07:54:37.208+0000][7547.425s][info ][gc,heap     ] GC(95) Survivor regions: 8->4(80)
[2025-12-01T07:54:37.208+0000][7547.425s][info ][gc,heap     ] GC(95) Old regions: 359->364
[2025-12-01T07:54:37.208+0000][7547.425s][info ][gc,heap     ] GC(95) Archive regions: 2->2
[2025-12-01T07:54:37.208+0000][7547.425s][info ][gc,heap     ] GC(95) Humongous regions: 10->10
[2025-12-01T07:54:37.208+0000][7547.425s][info ][gc,metaspace] GC(95) Metaspace: 200152K(201664K)->200152K(201664K) NonClass: 175918K(176704K)->175918K(176704K) Class: 24233K(24960K)->24233K(24960K)
[2025-12-01T07:54:37.208+0000][7547.425s][info ][gc          ] GC(95) Pause Young (Normal) (G1 Evacuation Pause) 1009M->377M(1134M) 68.424ms
[2025-12-01T07:54:37.208+0000][7547.425s][info ][gc,cpu      ] GC(95) User=0.63s Sys=0.00s Real=0.08s
[2025-12-01T07:54:37.209+0000][7547.427s][info ][safepoint   ] Safepoint "G1CollectForAllocation", Time since last: 7618342782 ns, Reaching safepoint: 85935 ns, Cleanup: 5270 ns, At safepoint: 71300140 ns, Total: 71391345 ns
[2025-12-01T07:54:59.547+0000][7569.766s][debug][safepoint   ] Safepoint synchronization initiated using futex wait barrier. (231 threads)
[2025-12-01T07:54:59.547+0000][7569.767s][info ][safepoint   ] Safepoint "Cleanup", Time since last: 22339786195 ns, Reaching safepoint: 125130 ns, Cleanup: 49324 ns, At safepoint: 34647 ns, Total: 209101 ns
[2025-12-01T07:55:09.549+0000][7579.768s][debug][safepoint   ] Safepoint synchronization initiated using futex wait barrier. (231 threads)
[2025-12-01T07:55:09.549+0000][7579.768s][info ][safepoint   ] Safepoint "Cleanup", Time since last: 10001414895 ns, Reaching safepoint: 172572 ns, Cleanup: 24497 ns, At safepoint: 6793 ns, Total: 203862 ns
[2025-12-01T07:55:49.551+0000][7619.774s][debug][safepoint   ] Safepoint synchronization initiated using futex wait barrier. (229 threads)
[2025-12-01T07:55:49.551+0000][7619.774s][info ][safepoint   ] Safepoint "Cleanup", Time since last: 40005420177 ns, Reaching safepoint: 107096 ns, Cleanup: 13706 ns, At safepoint: 30298 ns, Total: 151100 ns
[2025-12-01T07:55:59.576+0000][7629.799s][debug][safepoint   ] Safepoint synchronization initiated using futex wait barrier. (229 threads)
[2025-12-01T07:55:59.576+0000][7629.799s][info ][safepoint   ] Safepoint "Cleanup", Time since last: 10024879489 ns, Reaching safepoint: 98489 ns, Cleanup: 14217 ns, At safepoint: 4389 ns, Total: 117095 ns
[2025-12-01T07:57:19.609+0000][7709.838s][debug][safepoint   ] Safepoint synchronization initiated using futex wait barrier. (229 threads)
[2025-12-01T07:57:19.609+0000][7709.838s][info ][safepoint   ] Safepoint "Cleanup", Time since last: 80039322578 ns, Reaching safepoint: 134097 ns, Cleanup: 21251 ns, At safepoint: 3647 ns, Total: 158995 ns
[2025-12-01T07:58:08.640+0000][7758.870s][debug][safepoint   ] Safepoint synchronization initiated using futex wait barrier. (229 threads)
[2025-12-01T07:58:08.640+0000][7758.870s][info ][safepoint   ] Safepoint "Cleanup", Time since last: 49031481068 ns, Reaching safepoint: 75836 ns, Cleanup: 15350 ns, At safepoint: 3566 ns, Total: 94752 ns
[2025-12-01T07:58:39.642+0000][7789.874s][debug][safepoint   ] Safepoint synchronization initiated using futex wait barrier. (229 threads)
[2025-12-01T07:58:39.642+0000][7789.874s][info ][safepoint   ] Safepoint "Cleanup", Time since last: 31003977474 ns, Reaching safepoint: 86736 ns, Cleanup: 13126 ns, At safepoint: 3857 ns, Total: 103719 ns
[2025-12-01T07:59:08.669+0000][7818.902s][debug][safepoint   ] Safepoint synchronization initiated using futex wait barrier. (229 threads)
[2025-12-01T07:59:08.669+0000][7818.902s][info ][safepoint   ] Safepoint "Cleanup", Time since last: 29028446174 ns, Reaching safepoint: 135610 ns, Cleanup: 23325 ns, At safepoint: 4970 ns, Total: 163905 ns
[2025-12-01T07:59:38.672+0000][7848.907s][debug][safepoint   ] Safepoint synchronization initiated using futex wait barrier. (231 threads)
[2025-12-01T07:59:38.672+0000][7848.907s][info ][safepoint   ] Safepoint "Cleanup", Time since last: 30004549866 ns, Reaching safepoint: 92818 ns, Cleanup: 97828 ns, At safepoint: 6272 ns, Total: 196918 ns
[2025-12-01T08:00:04.695+0000][7874.932s][debug][safepoint   ] Safepoint synchronization initiated using futex wait barrier. (231 threads)
[2025-12-01T08:00:04.695+0000][7874.933s][info ][safepoint   ] Safepoint "Cleanup", Time since last: 26025131570 ns, Reaching safepoint: 188953 ns, Cleanup: 53323 ns, At safepoint: 7594 ns, Total: 249870 ns
[2025-12-01T08:02:08.735+0000][7998.980s][debug][safepoint   ] Safepoint synchronization initiated using futex wait barrier. (229 threads)
[2025-12-01T08:02:08.735+0000][7998.980s][info ][safepoint   ] Safepoint "Cleanup", Time since last: 124047144978 ns, Reaching safepoint: 178904 ns, Cleanup: 27312 ns, At safepoint: 7785 ns, Total: 214001 ns
[2025-12-01T08:03:08.739+0000][8058.988s][debug][safepoint   ] Safepoint synchronization initiated using futex wait barrier. (228 threads)
[2025-12-01T08:03:08.740+0000][8058.988s][info ][safepoint   ] Safepoint "Cleanup", Time since last: 60008218399 ns, Reaching safepoint: 165257 ns, Cleanup: 15139 ns, At safepoint: 6052 ns, Total: 186448 ns
[2025-12-01T08:03:30.051+0000][8080.301s][debug][safepoint   ] Safepoint synchronization initiated using futex wait barrier. (228 threads)
[2025-12-01T08:03:30.052+0000][8080.302s][info ][gc,start    ] GC(96) Pause Young (Normal) (G1 Evacuation Pause)
[2025-12-01T08:03:30.052+0000][8080.302s][info ][gc,task     ] GC(96) Using 13 workers of 13 for evacuation
[2025-12-01T08:03:30.066+0000][8080.316s][info ][gc,phases   ] GC(96)   Pre Evacuate Collection Set: 1.0ms
[2025-12-01T08:03:30.066+0000][8080.316s][info ][gc,phases   ] GC(96)   Merge Heap Roots: 0.5ms
[2025-12-01T08:03:30.066+0000][8080.316s][info ][gc,phases   ] GC(96)   Evacuate Collection Set: 8.5ms
[2025-12-01T08:03:30.066+0000][8080.316s][info ][gc,phases   ] GC(96)   Post Evacuate Collection Set: 3.5ms
[2025-12-01T08:03:30.066+0000][8080.316s][info ][gc,phases   ] GC(96)   Other: 1.1ms
[2025-12-01T08:03:30.066+0000][8080.316s][info ][gc,heap     ] GC(96) Eden regions: 632->0(633)
[2025-12-01T08:03:30.066+0000][8080.316s][info ][gc,heap     ] GC(96) Survivor regions: 4->3(80)
[2025-12-01T08:03:30.066+0000][8080.316s][info ][gc,heap     ] GC(96) Old regions: 364->365
[2025-12-01T08:03:30.066+0000][8080.316s][info ][gc,heap     ] GC(96) Archive regions: 2->2
[2025-12-01T08:03:30.066+0000][8080.316s][info ][gc,heap     ] GC(96) Humongous regions: 10->10
[2025-12-01T08:03:30.066+0000][8080.316s][info ][gc,metaspace] GC(96) Metaspace: 200233K(201728K)->200233K(201728K) NonClass: 175998K(176768K)->175998K(176768K) Class: 24234K(24960K)->24234K(24960K)
[2025-12-01T08:03:30.066+0000][8080.316s][info ][gc          ] GC(96) Pause Young (Normal) (G1 Evacuation Pause) 1009M->377M(1134M) 14.512ms
[2025-12-01T08:03:30.067+0000][8080.316s][info ][gc,cpu      ] GC(96) User=0.13s Sys=0.00s Real=0.01s
[2025-12-01T08:03:30.068+0000][8080.317s][info ][safepoint   ] Safepoint "G1CollectForAllocation", Time since last: 21312681677 ns, Reaching safepoint: 166751 ns, Cleanup: 12053 ns, At safepoint: 16144678 ns, Total: 16323482 ns
[2025-12-01T08:09:08.099+0000][8418.369s][debug][safepoint   ] Safepoint synchronization initiated using futex wait barrier. (228 threads)
[2025-12-01T08:09:08.099+0000][8418.369s][info ][safepoint   ] Safepoint "Cleanup", Time since last: 338051278426 ns, Reaching safepoint: 160217 ns, Cleanup: 46119 ns, At safepoint: 5230 ns, Total: 211566 ns
[2025-12-01T08:12:24.259+0000][8614.541s][debug][safepoint   ] Safepoint synchronization initiated using futex wait barrier. (228 threads)
[2025-12-01T08:12:24.262+0000][8614.544s][info ][gc,start    ] GC(97) Pause Young (Normal) (G1 Evacuation Pause)
[2025-12-01T08:12:24.262+0000][8614.544s][info ][gc,task     ] GC(97) Using 13 workers of 13 for evacuation
[2025-12-01T08:12:24.375+0000][8614.657s][info ][gc,phases   ] GC(97)   Pre Evacuate Collection Set: 6.5ms
[2025-12-01T08:12:24.375+0000][8614.657s][info ][gc,phases   ] GC(97)   Merge Heap Roots: 1.7ms
[2025-12-01T08:12:24.376+0000][8614.657s][info ][gc,phases   ] GC(97)   Evacuate Collection Set: 88.2ms
[2025-12-01T08:12:24.376+0000][8614.657s][info ][gc,phases   ] GC(97)   Post Evacuate Collection Set: 15.4ms
[2025-12-01T08:12:24.376+0000][8614.657s][info ][gc,phases   ] GC(97)   Other: 4.4ms
[2025-12-01T08:12:24.376+0000][8614.657s][info ][gc,heap     ] GC(97) Eden regions: 633->0(635)
[2025-12-01T08:12:24.376+0000][8614.657s][info ][gc,heap     ] GC(97) Survivor regions: 3->2(80)
[2025-12-01T08:12:24.376+0000][8614.657s][info ][gc,heap     ] GC(97) Old regions: 365->365
[2025-12-01T08:12:24.376+0000][8614.657s][info ][gc,heap     ] GC(97) Archive regions: 2->2
[2025-12-01T08:12:24.376+0000][8614.657s][info ][gc,heap     ] GC(97) Humongous regions: 10->10
[2025-12-01T08:12:24.376+0000][8614.657s][info ][gc,metaspace] GC(97) Metaspace: 200236K(201728K)->200236K(201728K) NonClass: 176001K(176768K)->176001K(176768K) Class: 24234K(24960K)->24234K(24960K)
[2025-12-01T08:12:24.376+0000][8614.658s][info ][gc          ] GC(97) Pause Young (Normal) (G1 Evacuation Pause) 1010M->377M(1134M) 114.027ms
[2025-12-01T08:12:24.376+0000][8614.658s][info ][gc,cpu      ] GC(97) User=0.92s Sys=0.02s Real=0.12s
[2025-12-01T08:12:24.378+0000][8614.659s][info ][safepoint   ] Safepoint "G1CollectForAllocation", Time since last: 196171860167 ns, Reaching safepoint: 180917 ns, Cleanup: 12023 ns, At safepoint: 118548104 ns, Total: 118741044 ns
[2025-12-01T08:16:08.402+0000][8838.697s][debug][safepoint   ] Safepoint synchronization initiated using futex wait barrier. (229 threads)
[2025-12-01T08:16:08.403+0000][8838.698s][info ][safepoint   ] Safepoint "Cleanup", Time since last: 224037668205 ns, Reaching safepoint: 191387 ns, Cleanup: 234390 ns, At safepoint: 75575 ns, Total: 501352 ns
[2025-12-01T08:16:24.404+0000][8854.700s][debug][safepoint   ] Safepoint synchronization initiated using futex wait barrier. (229 threads)
[2025-12-01T08:16:24.404+0000][8854.700s][info ][safepoint   ] Safepoint "Cleanup", Time since last: 16002412115 ns, Reaching safepoint: 86897 ns, Cleanup: 13035 ns, At safepoint: 4007 ns, Total: 103939 ns
[2025-12-01T08:16:44.407+0000][8874.703s][debug][safepoint   ] Safepoint synchronization initiated using futex wait barrier. (229 threads)
[2025-12-01T08:16:44.407+0000][8874.703s][info ][safepoint   ] Safepoint "Cleanup", Time since last: 20003004082 ns, Reaching safepoint: 196036 ns, Cleanup: 14538 ns, At safepoint: 5260 ns, Total: 215834 ns
[2025-12-01T08:19:44.338+0000][9054.645s][debug][safepoint   ] Safepoint synchronization initiated using futex wait barrier. (230 threads)
[2025-12-01T08:19:44.338+0000][9054.645s][info ][safepoint   ] Safepoint "Cleanup", Time since last: 179941269790 ns, Reaching safepoint: 157611 ns, Cleanup: 14768 ns, At safepoint: 3988 ns, Total: 176367 ns
[2025-12-01T08:21:18.214+0000][9148.526s][debug][safepoint   ] Safepoint synchronization initiated using futex wait barrier. (228 threads)
[2025-12-01T08:21:18.219+0000][9148.530s][info ][gc,start    ] GC(98) Pause Young (Normal) (G1 Evacuation Pause)
[2025-12-01T08:21:18.219+0000][9148.531s][info ][gc,task     ] GC(98) Using 13 workers of 13 for evacuation
[2025-12-01T08:21:18.248+0000][9148.560s][info ][gc,phases   ] GC(98)   Pre Evacuate Collection Set: 2.7ms
[2025-12-01T08:21:18.249+0000][9148.560s][info ][gc,phases   ] GC(98)   Merge Heap Roots: 0.8ms
[2025-12-01T08:21:18.249+0000][9148.560s][info ][gc,phases   ] GC(98)   Evacuate Collection Set: 18.9ms
[2025-12-01T08:21:18.249+0000][9148.560s][info ][gc,phases   ] GC(98)   Post Evacuate Collection Set: 6.8ms
[2025-12-01T08:21:18.249+0000][9148.560s][info ][gc,phases   ] GC(98)   Other: 1.8ms
[2025-12-01T08:21:18.249+0000][9148.560s][info ][gc,heap     ] GC(98) Eden regions: 635->0(635)
[2025-12-01T08:21:18.249+0000][9148.560s][info ][gc,heap     ] GC(98) Survivor regions: 2->2(80)
[2025-12-01T08:21:18.249+0000][9148.560s][info ][gc,heap     ] GC(98) Old regions: 365->365
[2025-12-01T08:21:18.249+0000][9148.560s][info ][gc,heap     ] GC(98) Archive regions: 2->2
[2025-12-01T08:21:18.249+0000][9148.560s][info ][gc,heap     ] GC(98) Humongous regions: 10->10
[2025-12-01T08:21:18.249+0000][9148.560s][info ][gc,metaspace] GC(98) Metaspace: 200322K(201856K)->200322K(201856K) NonClass: 176087K(176896K)->176087K(176896K) Class: 24235K(24960K)->24235K(24960K)
[2025-12-01T08:21:18.249+0000][9148.560s][info ][gc          ] GC(98) Pause Young (Normal) (G1 Evacuation Pause) 1012M->377M(1134M) 29.960ms
[2025-12-01T08:21:18.249+0000][9148.561s][info ][gc,cpu      ] GC(98) User=0.23s Sys=0.00s Real=0.03s
[2025-12-01T08:21:18.250+0000][9148.562s][info ][safepoint   ] Safepoint "G1CollectForAllocation", Time since last: 93881092574 ns, Reaching safepoint: 3354639 ns, Cleanup: 8726 ns, At safepoint: 32721441 ns, Total: 36084806 ns
[2025-12-01T08:21:32.250+0000][9162.564s][debug][safepoint   ] Safepoint synchronization initiated using futex wait barrier. (229 threads)
[2025-12-01T08:21:32.251+0000][9162.564s][info ][safepoint   ] Safepoint "Cleanup", Time since last: 14002077324 ns, Reaching safepoint: 174314 ns, Cleanup: 23135 ns, At safepoint: 4619 ns, Total: 202068 ns
[2025-12-01T08:22:21.255+0000][9211.572s][debug][safepoint   ] Safepoint synchronization initiated using futex wait barrier. (229 threads)
[2025-12-01T08:22:21.255+0000][9211.572s][info ][safepoint   ] Safepoint "Cleanup", Time since last: 49007404780 ns, Reaching safepoint: 134748 ns, Cleanup: 15149 ns, At safepoint: 5220 ns, Total: 155117 ns
[2025-12-01T08:24:44.272+0000][9354.596s][debug][safepoint   ] Safepoint synchronization initiated using futex wait barrier. (229 threads)
[2025-12-01T08:24:44.273+0000][9354.596s][info ][safepoint   ] Safepoint "Cleanup", Time since last: 143024335935 ns, Reaching safepoint: 158113 ns, Cleanup: 16181 ns, At safepoint: 6041 ns, Total: 180335 ns
[2025-12-01T08:25:04.274+0000][9374.599s][debug][safepoint   ] Safepoint synchronization initiated using futex wait barrier. (231 threads)
[2025-12-01T08:25:04.274+0000][9374.600s][info ][safepoint   ] Safepoint "Cleanup", Time since last: 20003071571 ns, Reaching safepoint: 106835 ns, Cleanup: 17033 ns, At safepoint: 3787 ns, Total: 127655 ns
[2025-12-01T08:30:14.806+0000][9685.149s][debug][safepoint   ] Safepoint synchronization initiated using futex wait barrier. (229 threads)
[2025-12-01T08:30:14.807+0000][9685.150s][info ][gc,start    ] GC(99) Pause Young (Normal) (G1 Evacuation Pause)
[2025-12-01T08:30:14.807+0000][9685.150s][info ][gc,task     ] GC(99) Using 13 workers of 13 for evacuation
[2025-12-01T08:30:14.823+0000][9685.166s][info ][gc,phases   ] GC(99)   Pre Evacuate Collection Set: 0.8ms
[2025-12-01T08:30:14.823+0000][9685.166s][info ][gc,phases   ] GC(99)   Merge Heap Roots: 0.8ms
[2025-12-01T08:30:14.823+0000][9685.166s][info ][gc,phases   ] GC(99)   Evacuate Collection Set: 10.4ms
[2025-12-01T08:30:14.823+0000][9685.166s][info ][gc,phases   ] GC(99)   Post Evacuate Collection Set: 3.5ms
[2025-12-01T08:30:14.823+0000][9685.166s][info ][gc,phases   ] GC(99)   Other: 0.6ms
[2025-12-01T08:30:14.823+0000][9685.166s][info ][gc,heap     ] GC(99) Eden regions: 635->0(635)
[2025-12-01T08:30:14.823+0000][9685.166s][info ][gc,heap     ] GC(99) Survivor regions: 2->2(80)
[2025-12-01T08:30:14.823+0000][9685.166s][info ][gc,heap     ] GC(99) Old regions: 365->366
[2025-12-01T08:30:14.823+0000][9685.166s][info ][gc,heap     ] GC(99) Archive regions: 2->2
[2025-12-01T08:30:14.823+0000][9685.166s][info ][gc,heap     ] GC(99) Humongous regions: 10->10
[2025-12-01T08:30:14.823+0000][9685.166s][info ][gc,metaspace] GC(99) Metaspace: 200350K(201856K)->200350K(201856K) NonClass: 176114K(176896K)->176114K(176896K) Class: 24235K(24960K)->24235K(24960K)
[2025-12-01T08:30:14.823+0000][9685.166s][info ][gc          ] GC(99) Pause Young (Normal) (G1 Evacuation Pause) 1012M->377M(1134M) 15.952ms
[2025-12-01T08:30:14.823+0000][9685.166s][info ][gc,cpu      ] GC(99) User=0.16s Sys=0.00s Real=0.02s
[2025-12-01T08:30:14.823+0000][9685.166s][info ][safepoint   ] Safepoint "G1CollectForAllocation", Time since last: 310549619340 ns, Reaching safepoint: 304344 ns, Cleanup: 9107 ns, At safepoint: 16658907 ns, Total: 16972358 ns
[2025-12-01T08:31:50.829+0000][9781.178s][debug][safepoint   ] Safepoint synchronization initiated using futex wait barrier. (231 threads)
[2025-12-01T08:31:50.830+0000][9781.179s][info ][safepoint   ] Safepoint "Cleanup", Time since last: 96012037206 ns, Reaching safepoint: 478516 ns, Cleanup: 473187 ns, At safepoint: 49345 ns, Total: 1001048 ns
[2025-12-01T08:31:51.830+0000][9782.179s][debug][safepoint   ] Safepoint synchronization initiated using futex wait barrier. (237 threads)
[2025-12-01T08:31:51.830+0000][9782.180s][info ][safepoint   ] Safepoint "Cleanup", Time since last: 1000201192 ns, Reaching safepoint: 119409 ns, Cleanup: 146761 ns, At safepoint: 6973 ns, Total: 273143 ns
[2025-12-01T08:31:54.830+0000][9785.180s][debug][safepoint   ] Safepoint synchronization initiated using futex wait barrier. (239 threads)
[2025-12-01T08:31:54.831+0000][9785.180s][info ][safepoint   ] Safepoint "Cleanup", Time since last: 3000384637 ns, Reaching safepoint: 135790 ns, Cleanup: 34666 ns, At safepoint: 4729 ns, Total: 175185 ns
[2025-12-01T08:34:37.846+0000][9948.204s][debug][safepoint   ] Safepoint synchronization initiated using futex wait barrier. (234 threads)
[2025-12-01T08:34:37.846+0000][9948.204s][info ][safepoint   ] Safepoint "Cleanup", Time since last: 163023837186 ns, Reaching safepoint: 100303 ns, Cleanup: 14618 ns, At safepoint: 3817 ns, Total: 118738 ns
[2025-12-01T08:36:08.854+0000][10039.218s][debug][safepoint   ] Safepoint synchronization initiated using futex wait barrier. (230 threads)
[2025-12-01T08:36:08.854+0000][10039.218s][info ][safepoint   ] Safepoint "Cleanup", Time since last: 91013581676 ns, Reaching safepoint: 218989 ns, Cleanup: 22824 ns, At safepoint: 5300 ns, Total: 247113 ns
[2025-12-01T08:38:16.867+0000][10167.238s][debug][safepoint   ] Safepoint synchronization initiated using futex wait barrier. (230 threads)
[2025-12-01T08:38:16.867+0000][10167.238s][info ][safepoint   ] Safepoint "Cleanup", Time since last: 128019916748 ns, Reaching safepoint: 181558 ns, Cleanup: 30769 ns, At safepoint: 5580 ns, Total: 217907 ns
[2025-12-01T08:39:09.215+0000][10219.589s][debug][safepoint   ] Safepoint synchronization initiated using futex wait barrier. (230 threads)
[2025-12-01T08:39:09.215+0000][10219.589s][info ][gc,start    ] GC(100) Pause Young (Normal) (G1 Evacuation Pause)
[2025-12-01T08:39:09.216+0000][10219.589s][info ][gc,task     ] GC(100) Using 13 workers of 13 for evacuation
[2025-12-01T08:39:09.230+0000][10219.604s][info ][gc,phases   ] GC(100)   Pre Evacuate Collection Set: 1.2ms
[2025-12-01T08:39:09.230+0000][10219.604s][info ][gc,phases   ] GC(100)   Merge Heap Roots: 0.4ms
[2025-12-01T08:39:09.230+0000][10219.604s][info ][gc,phases   ] GC(100)   Evacuate Collection Set: 8.1ms
[2025-12-01T08:39:09.230+0000][10219.604s][info ][gc,phases   ] GC(100)   Post Evacuate Collection Set: 4.3ms
[2025-12-01T08:39:09.230+0000][10219.604s][info ][gc,phases   ] GC(100)   Other: 0.8ms
[2025-12-01T08:39:09.230+0000][10219.604s][info ][gc,heap     ] GC(100) Eden regions: 635->0(636)
[2025-12-01T08:39:09.230+0000][10219.604s][info ][gc,heap     ] GC(100) Survivor regions: 2->2(80)
[2025-12-01T08:39:09.230+0000][10219.604s][info ][gc,heap     ] GC(100) Old regions: 366->366
[2025-12-01T08:39:09.230+0000][10219.604s][info ][gc,heap     ] GC(100) Archive regions: 2->2
[2025-12-01T08:39:09.230+0000][10219.604s][info ][gc,heap     ] GC(100) Humongous regions: 10->10
[2025-12-01T08:39:09.230+0000][10219.604s][info ][gc,metaspace] GC(100) Metaspace: 200365K(201856K)->200365K(201856K) NonClass: 176129K(176896K)->176129K(176896K) Class: 24235K(24960K)->24235K(24960K)
[2025-12-01T08:39:09.230+0000][10219.604s][info ][gc          ] GC(100) Pause Young (Normal) (G1 Evacuation Pause) 1012M->377M(1134M) 14.590ms
[2025-12-01T08:39:09.230+0000][10219.604s][info ][gc,cpu      ] GC(100) User=0.13s Sys=0.00s Real=0.01s
[2025-12-01T08:39:09.231+0000][10219.605s][info ][safepoint   ] Safepoint "G1CollectForAllocation", Time since last: 52350493647 ns, Reaching safepoint: 265892 ns, Cleanup: 9589 ns, At safepoint: 16230989 ns, Total: 16506470 ns
[2025-12-01T08:42:09.144+0000][10399.529s][debug][safepoint   ] Safepoint synchronization initiated using futex wait barrier. (229 threads)
[2025-12-01T08:42:09.145+0000][10399.529s][info ][safepoint   ] Safepoint "Cleanup", Time since last: 179923650331 ns, Reaching safepoint: 281430 ns, Cleanup: 65235 ns, At safepoint: 9227 ns, Total: 355892 ns
[2025-12-01T08:44:01.180+0000][10511.571s][debug][safepoint   ] Safepoint synchronization initiated using futex wait barrier. (231 threads)
[2025-12-01T08:44:01.180+0000][10511.572s][info ][safepoint   ] Safepoint "Cleanup", Time since last: 112042336952 ns, Reaching safepoint: 100533 ns, Cleanup: 71126 ns, At safepoint: 6232 ns, Total: 177891 ns
[2025-12-01T08:45:17.246+0000][10587.641s][debug][safepoint   ] Safepoint synchronization initiated using futex wait barrier. (229 threads)
[2025-12-01T08:45:17.246+0000][10587.641s][info ][safepoint   ] Safepoint "Cleanup", Time since last: 76069339624 ns, Reaching safepoint: 172931 ns, Cleanup: 17904 ns, At safepoint: 5280 ns, Total: 196115 ns
[2025-12-01T08:45:37.247+0000][10607.644s][debug][safepoint   ] Safepoint synchronization initiated using futex wait barrier. (232 threads)
[2025-12-01T08:45:37.247+0000][10607.645s][info ][safepoint   ] Safepoint "Cleanup", Time since last: 20003170994 ns, Reaching safepoint: 171439 ns, Cleanup: 24306 ns, At safepoint: 79713 ns, Total: 275458 ns
[2025-12-01T08:46:02.281+0000][10632.679s][debug][safepoint   ] Safepoint synchronization initiated using futex wait barrier. (233 threads)
[2025-12-01T08:46:02.281+0000][10632.679s][info ][safepoint   ] Safepoint "Cleanup", Time since last: 25034311014 ns, Reaching safepoint: 177971 ns, Cleanup: 26250 ns, At safepoint: 5901 ns, Total: 210122 ns
[2025-12-01T08:46:16.283+0000][10646.681s][debug][safepoint   ] Safepoint synchronization initiated using futex wait barrier. (233 threads)
[2025-12-01T08:46:16.283+0000][10646.681s][info ][safepoint   ] Safepoint "Cleanup", Time since last: 14001952369 ns, Reaching safepoint: 152302 ns, Cleanup: 20379 ns, At safepoint: 5460 ns, Total: 178141 ns
[2025-12-01T08:46:24.282+0000][10654.682s][debug][safepoint   ] Safepoint synchronization initiated using futex wait barrier. (231 threads)
[2025-12-01T08:46:24.282+0000][10654.683s][info ][safepoint   ] Safepoint "Cleanup", Time since last: 8001082191 ns, Reaching safepoint: 210401 ns, Cleanup: 14999 ns, At safepoint: 39575 ns, Total: 264975 ns
[2025-12-01T08:46:41.285+0000][10671.685s][debug][safepoint   ] Safepoint synchronization initiated using futex wait barrier. (231 threads)
[2025-12-01T08:46:41.285+0000][10671.685s][info ][safepoint   ] Safepoint "Cleanup", Time since last: 17002459953 ns, Reaching safepoint: 101375 ns, Cleanup: 13325 ns, At safepoint: 3377 ns, Total: 118077 ns
[2025-12-01T08:46:54.285+0000][10684.687s][debug][safepoint   ] Safepoint synchronization initiated using futex wait barrier. (231 threads)
[2025-12-01T08:46:54.285+0000][10684.687s][info ][safepoint   ] Safepoint "Cleanup", Time since last: 13001993206 ns, Reaching safepoint: 174655 ns, Cleanup: 24287 ns, At safepoint: 5681 ns, Total: 204623 ns
[2025-12-01T08:47:33.316+0000][10723.719s][debug][safepoint   ] Safepoint synchronization initiated using futex wait barrier. (230 threads)
[2025-12-01T08:47:33.316+0000][10723.719s][info ][safepoint   ] Safepoint "Cleanup", Time since last: 39031791611 ns, Reaching safepoint: 133125 ns, Cleanup: 19508 ns, At safepoint: 4619 ns, Total: 157252 ns
[2025-12-01T08:47:45.318+0000][10735.721s][debug][safepoint   ] Safepoint synchronization initiated using futex wait barrier. (236 threads)
[2025-12-01T08:47:45.318+0000][10735.722s][info ][safepoint   ] Safepoint "Cleanup", Time since last: 12002078439 ns, Reaching safepoint: 151210 ns, Cleanup: 23004 ns, At safepoint: 4819 ns, Total: 179033 ns
[2025-12-01T08:48:03.302+0000][10753.707s][debug][safepoint   ] Safepoint synchronization initiated using futex wait barrier. (235 threads)
[2025-12-01T08:48:03.302+0000][10753.708s][info ][gc,start    ] GC(101) Pause Young (Normal) (G1 Evacuation Pause)
[2025-12-01T08:48:03.302+0000][10753.708s][info ][gc,task     ] GC(101) Using 13 workers of 13 for evacuation
[2025-12-01T08:48:03.316+0000][10753.722s][info ][gc,phases   ] GC(101)   Pre Evacuate Collection Set: 0.7ms
[2025-12-01T08:48:03.316+0000][10753.722s][info ][gc,phases   ] GC(101)   Merge Heap Roots: 0.8ms
[2025-12-01T08:48:03.316+0000][10753.722s][info ][gc,phases   ] GC(101)   Evacuate Collection Set: 6.0ms
[2025-12-01T08:48:03.316+0000][10753.722s][info ][gc,phases   ] GC(101)   Post Evacuate Collection Set: 5.8ms
[2025-12-01T08:48:03.316+0000][10753.722s][info ][gc,phases   ] GC(101)   Other: 0.9ms
[2025-12-01T08:48:03.316+0000][10753.722s][info ][gc,heap     ] GC(101) Eden regions: 636->0(636)
[2025-12-01T08:48:03.316+0000][10753.722s][info ][gc,heap     ] GC(101) Survivor regions: 2->2(80)
[2025-12-01T08:48:03.316+0000][10753.722s][info ][gc,heap     ] GC(101) Old regions: 366->366
[2025-12-01T08:48:03.316+0000][10753.722s][info ][gc,heap     ] GC(101) Archive regions: 2->2
[2025-12-01T08:48:03.316+0000][10753.722s][info ][gc,heap     ] GC(101) Humongous regions: 10->10
[2025-12-01T08:48:03.316+0000][10753.722s][info ][gc,metaspace] GC(101) Metaspace: 200409K(201920K)->200409K(201920K) NonClass: 176173K(176960K)->176173K(176960K) Class: 24235K(24960K)->24235K(24960K)
[2025-12-01T08:48:03.316+0000][10753.722s][info ][gc          ] GC(101) Pause Young (Normal) (G1 Evacuation Pause) 1013M->377M(1134M) 14.083ms
[2025-12-01T08:48:03.317+0000][10753.722s][info ][gc,cpu      ] GC(101) User=0.11s Sys=0.01s Real=0.01s
[2025-12-01T08:48:03.317+0000][10753.722s][info ][safepoint   ] Safepoint "G1CollectForAllocation", Time since last: 17985778467 ns, Reaching safepoint: 100393 ns, Cleanup: 5851 ns, At safepoint: 14560471 ns, Total: 14666715 ns
[2025-12-01T08:48:08.317+0000][10758.723s][debug][safepoint   ] Safepoint synchronization initiated using futex wait barrier. (236 threads)
[2025-12-01T08:48:08.318+0000][10758.723s][info ][safepoint   ] Safepoint "Cleanup", Time since last: 5000701721 ns, Reaching safepoint: 147132 ns, Cleanup: 68261 ns, At safepoint: 6222 ns, Total: 221615 ns
[2025-12-01T08:48:26.318+0000][10776.725s][debug][safepoint   ] Safepoint synchronization initiated using futex wait barrier. (235 threads)
[2025-12-01T08:48:26.318+0000][10776.726s][info ][safepoint   ] Safepoint "Cleanup", Time since last: 18002421506 ns, Reaching safepoint: 232004 ns, Cleanup: 23716 ns, At safepoint: 5691 ns, Total: 261411 ns
[2025-12-01T08:48:49.321+0000][10799.729s][debug][safepoint   ] Safepoint synchronization initiated using futex wait barrier. (233 threads)
[2025-12-01T08:48:49.321+0000][10799.730s][info ][safepoint   ] Safepoint "Cleanup", Time since last: 23003747364 ns, Reaching safepoint: 113077 ns, Cleanup: 15029 ns, At safepoint: 37632 ns, Total: 165738 ns
[2025-12-01T08:48:51.321+0000][10801.730s][debug][safepoint   ] Safepoint synchronization initiated using futex wait barrier. (234 threads)
[2025-12-01T08:48:51.323+0000][10801.732s][info ][safepoint   ] Safepoint "Cleanup", Time since last: 2000270189 ns, Reaching safepoint: 1717513 ns, Cleanup: 18055 ns, At safepoint: 9237 ns, Total: 1744805 ns
[2025-12-01T08:50:08.419+0000][10878.832s][debug][safepoint   ] Safepoint synchronization initiated using futex wait barrier. (229 threads)
[2025-12-01T08:50:08.420+0000][10878.832s][info ][safepoint   ] Safepoint "Cleanup", Time since last: 77100347888 ns, Reaching safepoint: 177250 ns, Cleanup: 19097 ns, At safepoint: 5570 ns, Total: 201917 ns
[2025-12-01T08:54:32.497+0000][11142.924s][debug][safepoint   ] Safepoint synchronization initiated using futex wait barrier. (230 threads)
[2025-12-01T08:54:32.497+0000][11142.924s][info ][safepoint   ] Safepoint "Cleanup", Time since last: 264092047799 ns, Reaching safepoint: 130059 ns, Cleanup: 22573 ns, At safepoint: 3717 ns, Total: 156349 ns
[2025-12-01T08:55:08.503+0000][11178.933s][debug][safepoint   ] Safepoint synchronization initiated using futex wait barrier. (230 threads)
[2025-12-01T08:55:08.503+0000][11178.933s][info ][safepoint   ] Safepoint "Cleanup", Time since last: 36008457703 ns, Reaching safepoint: 138366 ns, Cleanup: 26671 ns, At safepoint: 4178 ns, Total: 169215 ns
[2025-12-01T08:55:12.504+0000][11182.934s][debug][safepoint   ] Safepoint synchronization initiated using futex wait barrier. (234 threads)
[2025-12-01T08:55:12.504+0000][11182.934s][info ][safepoint   ] Safepoint "Cleanup", Time since last: 4000753032 ns, Reaching safepoint: 210865 ns, Cleanup: 32402 ns, At safepoint: 8506 ns, Total: 251773 ns
[2025-12-01T08:55:33.506+0000][11203.937s][debug][safepoint   ] Safepoint synchronization initiated using futex wait barrier. (234 threads)
[2025-12-01T08:55:33.506+0000][11203.937s][info ][safepoint   ] Safepoint "Cleanup", Time since last: 21003092626 ns, Reaching safepoint: 89241 ns, Cleanup: 13055 ns, At safepoint: 3837 ns, Total: 106133 ns
[2025-12-01T08:56:08.511+0000][11238.944s][debug][safepoint   ] Safepoint synchronization initiated using futex wait barrier. (234 threads)
[2025-12-01T08:56:08.511+0000][11238.944s][info ][safepoint   ] Safepoint "Cleanup", Time since last: 35006788947 ns, Reaching safepoint: 172271 ns, Cleanup: 12244 ns, At safepoint: 4028 ns, Total: 188543 ns
[2025-12-01T08:56:58.907+0000][11289.344s][debug][safepoint   ] Safepoint synchronization initiated using futex wait barrier. (229 threads)
[2025-12-01T08:56:58.909+0000][11289.346s][info ][gc,start    ] GC(102) Pause Young (Normal) (G1 Evacuation Pause)
[2025-12-01T08:56:58.909+0000][11289.346s][info ][gc,task     ] GC(102) Using 13 workers of 13 for evacuation
[2025-12-01T08:56:58.941+0000][11289.377s][info ][gc,phases   ] GC(102)   Pre Evacuate Collection Set: 2.0ms
[2025-12-01T08:56:58.941+0000][11289.377s][info ][gc,phases   ] GC(102)   Merge Heap Roots: 1.1ms
[2025-12-01T08:56:58.941+0000][11289.377s][info ][gc,phases   ] GC(102)   Evacuate Collection Set: 17.3ms
[2025-12-01T08:56:58.941+0000][11289.377s][info ][gc,phases   ] GC(102)   Post Evacuate Collection Set: 9.6ms
[2025-12-01T08:56:58.941+0000][11289.377s][info ][gc,phases   ] GC(102)   Other: 2.9ms
[2025-12-01T08:56:58.941+0000][11289.377s][info ][gc,heap     ] GC(102) Eden regions: 636->0(636)
[2025-12-01T08:56:58.941+0000][11289.377s][info ][gc,heap     ] GC(102) Survivor regions: 2->2(80)
[2025-12-01T08:56:58.941+0000][11289.377s][info ][gc,heap     ] GC(102) Old regions: 366->366
[2025-12-01T08:56:58.941+0000][11289.377s][info ][gc,heap     ] GC(102) Archive regions: 2->2
[2025-12-01T08:56:58.941+0000][11289.377s][info ][gc,heap     ] GC(102) Humongous regions: 10->10
[2025-12-01T08:56:58.941+0000][11289.378s][info ][gc,metaspace] GC(102) Metaspace: 200424K(201984K)->200424K(201984K) NonClass: 176188K(177024K)->176188K(177024K) Class: 24236K(24960K)->24236K(24960K)
[2025-12-01T08:56:58.941+0000][11289.378s][info ][gc          ] GC(102) Pause Young (Normal) (G1 Evacuation Pause) 1013M->377M(1134M) 32.132ms
[2025-12-01T08:56:58.941+0000][11289.378s][info ][gc,cpu      ] GC(102) User=0.21s Sys=0.00s Real=0.03s
[2025-12-01T08:56:58.943+0000][11289.379s][info ][safepoint   ] Safepoint "G1CollectForAllocation", Time since last: 50399606788 ns, Reaching safepoint: 159656 ns, Cleanup: 40086 ns, At safepoint: 35301999 ns, Total: 35501741 ns
[2025-12-01T08:58:08.689+0000][11359.129s][debug][safepoint   ] Safepoint synchronization initiated using futex wait barrier. (229 threads)
[2025-12-01T08:58:08.689+0000][11359.129s][info ][safepoint   ] Safepoint "Cleanup", Time since last: 69749339045 ns, Reaching safepoint: 95643 ns, Cleanup: 11683 ns, At safepoint: 3637 ns, Total: 110963 ns
[2025-12-01T08:59:30.720+0000][11441.165s][debug][safepoint   ] Safepoint synchronization initiated using futex wait barrier. (228 threads)
[2025-12-01T08:59:30.720+0000][11441.165s][info ][safepoint   ] Safepoint "Cleanup", Time since last: 82036202843 ns, Reaching safepoint: 237625 ns, Cleanup: 17113 ns, At safepoint: 5019 ns, Total: 259757 ns
[2025-12-01T08:59:34.721+0000][11445.166s][debug][safepoint   ] Safepoint synchronization initiated using futex wait barrier. (228 threads)
[2025-12-01T08:59:34.721+0000][11445.166s][info ][safepoint   ] Safepoint "Cleanup", Time since last: 4000518432 ns, Reaching safepoint: 67890 ns, Cleanup: 11963 ns, At safepoint: 2856 ns, Total: 82709 ns
[2025-12-01T09:00:04.755+0000][11475.201s][debug][safepoint   ] Safepoint synchronization initiated using futex wait barrier. (228 threads)
[2025-12-01T09:00:04.755+0000][11475.202s][info ][safepoint   ] Safepoint "Cleanup", Time since last: 30035696396 ns, Reaching safepoint: 171649 ns, Cleanup: 12233 ns, At safepoint: 3828 ns, Total: 187710 ns
[2025-12-01T09:00:17.757+0000][11488.203s][debug][safepoint   ] Safepoint synchronization initiated using futex wait barrier. (228 threads)
[2025-12-01T09:00:17.757+0000][11488.203s][info ][safepoint   ] Safepoint "Cleanup", Time since last: 13001591886 ns, Reaching safepoint: 96956 ns, Cleanup: 13275 ns, At safepoint: 3477 ns, Total: 113708 ns
[2025-12-01T09:01:44.786+0000][11575.238s][debug][safepoint   ] Safepoint synchronization initiated using futex wait barrier. (228 threads)
[2025-12-01T09:01:44.786+0000][11575.238s][info ][safepoint   ] Safepoint "Cleanup", Time since last: 87034246889 ns, Reaching safepoint: 128276 ns, Cleanup: 14066 ns, At safepoint: 3647 ns, Total: 145989 ns
