[2025-11-30T13:39:16.734+0000][0.069s][info][gc] Using G1
[2025-11-30T13:39:16.747+0000][0.082s][info][gc,init] Version: 17.0.16+8-Debian-1deb12u1 (release)
[2025-11-30T13:39:16.747+0000][0.082s][info][gc,init] CPUs: 16 total, 16 available
[2025-11-30T13:39:16.747+0000][0.082s][info][gc,init] Memory: 7590M
[2025-11-30T13:39:16.747+0000][0.082s][info][gc,init] Large Page Support: Disabled
[2025-11-30T13:39:16.747+0000][0.082s][info][gc,init] NUMA Support: Disabled
[2025-11-30T13:39:16.747+0000][0.082s][info][gc,init] Compressed Oops: Enabled (32-bit)
[2025-11-30T13:39:16.747+0000][0.082s][info][gc,init] Heap Region Size: 1M
[2025-11-30T13:39:16.747+0000][0.082s][info][gc,init] Heap Min Capacity: 8M
[2025-11-30T13:39:16.747+0000][0.082s][info][gc,init] Heap Initial Capacity: 120M
[2025-11-30T13:39:16.747+0000][0.082s][info][gc,init] Heap Max Capacity: 1898M
[2025-11-30T13:39:16.747+0000][0.082s][info][gc,init] Pre-touch: Disabled
[2025-11-30T13:39:16.747+0000][0.082s][info][gc,init] Parallel Workers: 13
[2025-11-30T13:39:16.747+0000][0.082s][info][gc,init] Concurrent Workers: 3
[2025-11-30T13:39:16.747+0000][0.082s][info][gc,init] Concurrent Refinement Workers: 13
[2025-11-30T13:39:16.747+0000][0.082s][info][gc,init] Periodic GC: Disabled
[2025-11-30T13:39:16.799+0000][0.133s][info][gc,metaspace] CDS archive(s) mapped at: [0x0000788f8f000000-0x0000788f8fbca000-0x0000788f8fbca000), size 12361728, SharedBaseAddress: 0x0000788f8f000000, ArchiveRelocationMode: 1.
[2025-11-30T13:39:16.799+0000][0.133s][info][gc,metaspace] Compressed class space mapped at: 0x0000788f90000000-0x0000788fd0000000, reserved size: 1073741824
[2025-11-30T13:39:16.799+0000][0.133s][info][gc,metaspace] Narrow klass base: 0x0000788f8f000000, Narrow klass shift: 0, Narrow klass range: 0x100000000
[2025-11-30T13:39:16.841+0000][0.176s][info][cds,heap    ] initialize_from_archived_subgraph java.lang.Module$ArchivedData 0x0000788f8f1837f0 (early)
[2025-11-30T13:39:16.842+0000][0.177s][info][cds,heap    ] initialize_from_archived_subgraph java.util.ImmutableCollections 0x0000788f8f072308 (early)
[2025-11-30T13:39:16.851+0000][0.185s][info][cds,heap    ] initialize_from_archived_subgraph java.lang.Integer$IntegerCache 0x0000788f8f037660 (early)
[2025-11-30T13:39:16.870+0000][0.204s][info][cds,heap    ] initialize_from_archived_subgraph java.lang.module.Configuration 0x0000788f8f171770 (early)
[2025-11-30T13:39:16.870+0000][0.204s][info][cds,heap    ] initialize_from_archived_subgraph java.lang.ModuleLayer 0x0000788f8f145ba8 (early)
[2025-11-30T13:39:16.871+0000][0.205s][info][cds,heap    ] initialize_from_archived_subgraph jdk.internal.loader.ArchivedClassLoaders 0x0000788f8f1a7e68 (early)
[2025-11-30T13:39:16.871+0000][0.205s][info][cds,heap    ] initialize_from_archived_subgraph jdk.internal.module.ArchivedBootLayer 0x0000788f8f1783b0 (early)
[2025-11-30T13:39:16.879+0000][0.213s][info][cds,heap    ] initialize_from_archived_subgraph sun.util.locale.BaseLocale 0x0000788f8f26ebf0
[2025-11-30T13:39:16.903+0000][0.238s][info][cds,heap    ] initialize_from_archived_subgraph java.util.jar.Attributes$Name 0x0000788f8f1998d0
[2025-11-30T13:39:16.967+0000][0.301s][info][cds,heap    ] initialize_from_archived_subgraph java.lang.Long$LongCache 0x0000788f8f020f98
[2025-11-30T13:39:17.129+0000][0.464s][info][cds,heap    ] initialize_from_archived_subgraph java.lang.Character$CharacterCache 0x0000788f8f03a9e8
[2025-11-30T13:39:17.868+0000][1.202s][debug][safepoint   ] Safepoint synchronization initiated using futex wait barrier. (18 threads)
[2025-11-30T13:39:17.868+0000][1.202s][info ][safepoint   ] Safepoint "ICBufferFull", Time since last: 1032629184 ns, Reaching safepoint: 78695 ns, Cleanup: 185963 ns, At safepoint: 5059 ns, Total: 269717 ns
[2025-11-30T13:39:18.749+0000][2.083s][debug][safepoint   ] Safepoint synchronization initiated using futex wait barrier. (20 threads)
[2025-11-30T13:39:18.749+0000][2.084s][info ][gc,start    ] GC(0) Pause Young (Normal) (G1 Evacuation Pause)
[2025-11-30T13:39:18.750+0000][2.084s][info ][gc,task     ] GC(0) Using 2 workers of 13 for evacuation
[2025-11-30T13:39:18.774+0000][2.108s][info ][gc,phases   ] GC(0)   Pre Evacuate Collection Set: 0.2ms
[2025-11-30T13:39:18.774+0000][2.108s][info ][gc,phases   ] GC(0)   Merge Heap Roots: 0.3ms
[2025-11-30T13:39:18.774+0000][2.108s][info ][gc,phases   ] GC(0)   Evacuate Collection Set: 19.5ms
[2025-11-30T13:39:18.774+0000][2.108s][info ][gc,phases   ] GC(0)   Post Evacuate Collection Set: 3.8ms
[2025-11-30T13:39:18.774+0000][2.108s][info ][gc,phases   ] GC(0)   Other: 0.7ms
[2025-11-30T13:39:18.774+0000][2.108s][info ][gc,heap     ] GC(0) Eden regions: 56->0(58)
[2025-11-30T13:39:18.774+0000][2.108s][info ][gc,heap     ] GC(0) Survivor regions: 0->7(7)
[2025-11-30T13:39:18.774+0000][2.108s][info ][gc,heap     ] GC(0) Old regions: 0->2
[2025-11-30T13:39:18.774+0000][2.108s][info ][gc,heap     ] GC(0) Archive regions: 2->2
[2025-11-30T13:39:18.774+0000][2.108s][info ][gc,heap     ] GC(0) Humongous regions: 0->0
[2025-11-30T13:39:18.774+0000][2.108s][info ][gc,metaspace] GC(0) Metaspace: 2697K(2880K)->2697K(2880K) NonClass: 2447K(2560K)->2447K(2560K) Class: 249K(320K)->249K(320K)
[2025-11-30T13:39:18.774+0000][2.108s][info ][gc          ] GC(0) Pause Young (Normal) (G1 Evacuation Pause) 56M->9M(122M) 24.723ms
[2025-11-30T13:39:18.774+0000][2.108s][info ][gc,cpu      ] GC(0) User=0.04s Sys=0.02s Real=0.03s
[2025-11-30T13:39:18.774+0000][2.109s][info ][safepoint   ] Safepoint "G1CollectForAllocation", Time since last: 880888797 ns, Reaching safepoint: 64819 ns, Cleanup: 106436 ns, At safepoint: 25033921 ns, Total: 25205176 ns
[2025-11-30T13:39:19.713+0000][3.048s][debug][safepoint   ] Safepoint synchronization initiated using futex wait barrier. (19 threads)
[2025-11-30T13:39:19.714+0000][3.048s][info ][gc,start    ] GC(1) Pause Young (Normal) (G1 Evacuation Pause)
[2025-11-30T13:39:19.714+0000][3.048s][info ][gc,task     ] GC(1) Using 2 workers of 13 for evacuation
[2025-11-30T13:39:19.742+0000][3.077s][info ][gc,phases   ] GC(1)   Pre Evacuate Collection Set: 0.3ms
[2025-11-30T13:39:19.742+0000][3.077s][info ][gc,phases   ] GC(1)   Merge Heap Roots: 0.2ms
[2025-11-30T13:39:19.742+0000][3.077s][info ][gc,phases   ] GC(1)   Evacuate Collection Set: 22.2ms
[2025-11-30T13:39:19.742+0000][3.077s][info ][gc,phases   ] GC(1)   Post Evacuate Collection Set: 5.5ms
[2025-11-30T13:39:19.742+0000][3.077s][info ][gc,phases   ] GC(1)   Other: 0.1ms
[2025-11-30T13:39:19.742+0000][3.077s][info ][gc,heap     ] GC(1) Eden regions: 58->0(64)
[2025-11-30T13:39:19.742+0000][3.077s][info ][gc,heap     ] GC(1) Survivor regions: 7->3(9)
[2025-11-30T13:39:19.742+0000][3.077s][info ][gc,heap     ] GC(1) Old regions: 2->9
[2025-11-30T13:39:19.742+0000][3.077s][info ][gc,heap     ] GC(1) Archive regions: 2->2
[2025-11-30T13:39:19.742+0000][3.077s][info ][gc,heap     ] GC(1) Humongous regions: 0->0
[2025-11-30T13:39:19.742+0000][3.077s][info ][gc,metaspace] GC(1) Metaspace: 4651K(4928K)->4651K(4928K) NonClass: 4107K(4224K)->4107K(4224K) Class: 544K(704K)->544K(704K)
[2025-11-30T13:39:19.742+0000][3.077s][info ][gc          ] GC(1) Pause Young (Normal) (G1 Evacuation Pause) 67M->11M(122M) 28.433ms
[2025-11-30T13:39:19.742+0000][3.077s][info ][gc,cpu      ] GC(1) User=0.03s Sys=0.02s Real=0.02s
[2025-11-30T13:39:19.742+0000][3.077s][info ][safepoint   ] Safepoint "G1CollectForAllocation", Time since last: 939519352 ns, Reaching safepoint: 48469 ns, Cleanup: 87842 ns, At safepoint: 28574188 ns, Total: 28710499 ns
[2025-11-30T13:39:20.640+0000][3.975s][debug][safepoint   ] Safepoint synchronization initiated using futex wait barrier. (17 threads)
[2025-11-30T13:39:20.641+0000][3.975s][info ][gc,start    ] GC(2) Pause Young (Normal) (G1 Evacuation Pause)
[2025-11-30T13:39:20.641+0000][3.975s][info ][gc,task     ] GC(2) Using 2 workers of 13 for evacuation
[2025-11-30T13:39:20.650+0000][3.985s][info ][gc,phases   ] GC(2)   Pre Evacuate Collection Set: 0.2ms
[2025-11-30T13:39:20.650+0000][3.985s][info ][gc,phases   ] GC(2)   Merge Heap Roots: 0.1ms
[2025-11-30T13:39:20.650+0000][3.985s][info ][gc,phases   ] GC(2)   Evacuate Collection Set: 7.8ms
[2025-11-30T13:39:20.650+0000][3.985s][info ][gc,phases   ] GC(2)   Post Evacuate Collection Set: 1.2ms
[2025-11-30T13:39:20.650+0000][3.985s][info ][gc,phases   ] GC(2)   Other: 0.1ms
[2025-11-30T13:39:20.650+0000][3.985s][info ][gc,heap     ] GC(2) Eden regions: 64->0(68)
[2025-11-30T13:39:20.650+0000][3.985s][info ][gc,heap     ] GC(2) Survivor regions: 3->4(9)
[2025-11-30T13:39:20.650+0000][3.985s][info ][gc,heap     ] GC(2) Old regions: 9->9
[2025-11-30T13:39:20.650+0000][3.985s][info ][gc,heap     ] GC(2) Archive regions: 2->2
[2025-11-30T13:39:20.650+0000][3.985s][info ][gc,heap     ] GC(2) Humongous regions: 0->0
[2025-11-30T13:39:20.650+0000][3.985s][info ][gc,metaspace] GC(2) Metaspace: 7785K(8000K)->7785K(8000K) NonClass: 6798K(6912K)->6798K(6912K) Class: 986K(1088K)->986K(1088K)
[2025-11-30T13:39:20.650+0000][3.985s][info ][gc          ] GC(2) Pause Young (Normal) (G1 Evacuation Pause) 75M->13M(122M) 9.601ms
[2025-11-30T13:39:20.650+0000][3.985s][info ][gc,cpu      ] GC(2) User=0.01s Sys=0.01s Real=0.01s
[2025-11-30T13:39:20.650+0000][3.985s][info ][safepoint   ] Safepoint "G1CollectForAllocation", Time since last: 898035068 ns, Reaching safepoint: 58221 ns, Cleanup: 280365 ns, At safepoint: 9719228 ns, Total: 10057814 ns
[2025-11-30T13:39:21.248+0000][4.582s][debug][safepoint   ] Safepoint synchronization initiated using futex wait barrier. (17 threads)
[2025-11-30T13:39:21.248+0000][4.582s][info ][gc,start    ] GC(3) Pause Young (Normal) (G1 Evacuation Pause)
[2025-11-30T13:39:21.248+0000][4.582s][info ][gc,task     ] GC(3) Using 2 workers of 13 for evacuation
[2025-11-30T13:39:21.258+0000][4.593s][info ][gc,phases   ] GC(3)   Pre Evacuate Collection Set: 0.1ms
[2025-11-30T13:39:21.258+0000][4.593s][info ][gc,phases   ] GC(3)   Merge Heap Roots: 0.1ms
[2025-11-30T13:39:21.258+0000][4.593s][info ][gc,phases   ] GC(3)   Evacuate Collection Set: 8.9ms
[2025-11-30T13:39:21.258+0000][4.593s][info ][gc,phases   ] GC(3)   Post Evacuate Collection Set: 1.2ms
[2025-11-30T13:39:21.258+0000][4.593s][info ][gc,phases   ] GC(3)   Other: 0.1ms
[2025-11-30T13:39:21.258+0000][4.593s][info ][gc,heap     ] GC(3) Eden regions: 68->0(67)
[2025-11-30T13:39:21.258+0000][4.593s][info ][gc,heap     ] GC(3) Survivor regions: 4->5(9)
[2025-11-30T13:39:21.258+0000][4.593s][info ][gc,heap     ] GC(3) Old regions: 9->9
[2025-11-30T13:39:21.258+0000][4.593s][info ][gc,heap     ] GC(3) Archive regions: 2->2
[2025-11-30T13:39:21.258+0000][4.593s][info ][gc,heap     ] GC(3) Humongous regions: 0->0
[2025-11-30T13:39:21.258+0000][4.593s][info ][gc,metaspace] GC(3) Metaspace: 11182K(11584K)->11182K(11584K) NonClass: 9714K(9920K)->9714K(9920K) Class: 1467K(1664K)->1467K(1664K)
[2025-11-30T13:39:21.258+0000][4.593s][info ][gc          ] GC(3) Pause Young (Normal) (G1 Evacuation Pause) 81M->14M(122M) 10.438ms
[2025-11-30T13:39:21.258+0000][4.593s][info ][gc,cpu      ] GC(3) User=0.01s Sys=0.01s Real=0.01s
[2025-11-30T13:39:21.258+0000][4.593s][info ][safepoint   ] Safepoint "G1CollectForAllocation", Time since last: 597330293 ns, Reaching safepoint: 52690 ns, Cleanup: 112485 ns, At safepoint: 10592785 ns, Total: 10757960 ns
[2025-11-30T13:39:21.513+0000][4.848s][debug][safepoint   ] Safepoint synchronization initiated using futex wait barrier. (19 threads)
[2025-11-30T13:39:21.513+0000][4.848s][info ][safepoint   ] Safepoint "ICBufferFull", Time since last: 254863544 ns, Reaching safepoint: 95963 ns, Cleanup: 135699 ns, At safepoint: 35307 ns, Total: 266969 ns
[2025-11-30T13:39:21.843+0000][5.178s][debug][safepoint   ] Safepoint synchronization initiated using futex wait barrier. (21 threads)
[2025-11-30T13:39:21.843+0000][5.178s][info ][gc,start    ] GC(4) Pause Young (Normal) (G1 Evacuation Pause)
[2025-11-30T13:39:21.843+0000][5.178s][info ][gc,task     ] GC(4) Using 4 workers of 13 for evacuation
[2025-11-30T13:39:21.853+0000][5.188s][info ][gc,phases   ] GC(4)   Pre Evacuate Collection Set: 0.1ms
[2025-11-30T13:39:21.853+0000][5.188s][info ][gc,phases   ] GC(4)   Merge Heap Roots: 0.1ms
[2025-11-30T13:39:21.853+0000][5.188s][info ][gc,phases   ] GC(4)   Evacuate Collection Set: 6.5ms
[2025-11-30T13:39:21.853+0000][5.188s][info ][gc,phases   ] GC(4)   Post Evacuate Collection Set: 2.8ms
[2025-11-30T13:39:21.853+0000][5.188s][info ][gc,phases   ] GC(4)   Other: 0.2ms
[2025-11-30T13:39:21.853+0000][5.188s][info ][gc,heap     ] GC(4) Eden regions: 67->0(82)
[2025-11-30T13:39:21.853+0000][5.188s][info ][gc,heap     ] GC(4) Survivor regions: 5->6(9)
[2025-11-30T13:39:21.853+0000][5.188s][info ][gc,heap     ] GC(4) Old regions: 9->11
[2025-11-30T13:39:21.853+0000][5.188s][info ][gc,heap     ] GC(4) Archive regions: 2->2
[2025-11-30T13:39:21.853+0000][5.188s][info ][gc,heap     ] GC(4) Humongous regions: 0->0
[2025-11-30T13:39:21.853+0000][5.188s][info ][gc,metaspace] GC(4) Metaspace: 13117K(13440K)->13117K(13440K) NonClass: 11423K(11584K)->11423K(11584K) Class: 1694K(1856K)->1694K(1856K)
[2025-11-30T13:39:21.853+0000][5.188s][info ][gc          ] GC(4) Pause Young (Normal) (G1 Evacuation Pause) 81M->16M(147M) 9.896ms
[2025-11-30T13:39:21.853+0000][5.188s][info ][gc,cpu      ] GC(4) User=0.06s Sys=0.01s Real=0.02s
[2025-11-30T13:39:21.853+0000][5.188s][info ][safepoint   ] Safepoint "G1CollectForAllocation", Time since last: 329437163 ns, Reaching safepoint: 180660 ns, Cleanup: 143083 ns, At safepoint: 10186294 ns, Total: 10510037 ns
[2025-11-30T13:39:22.285+0000][5.622s][debug][safepoint   ] Safepoint synchronization initiated using futex wait barrier. (18 threads)
[2025-11-30T13:39:22.285+0000][5.622s][debug][safepoint   ] ... found polling page loop exception at pc = 0x0000788ff91b8e2b, stub =0x0000788ff8a04400
[2025-11-30T13:39:22.285+0000][5.622s][info ][gc,start    ] GC(5) Pause Young (Normal) (G1 Evacuation Pause)
[2025-11-30T13:39:22.285+0000][5.622s][info ][gc,task     ] GC(5) Using 4 workers of 13 for evacuation
[2025-11-30T13:39:22.290+0000][5.627s][info ][gc,phases   ] GC(5)   Pre Evacuate Collection Set: 0.2ms
[2025-11-30T13:39:22.290+0000][5.627s][info ][gc,phases   ] GC(5)   Merge Heap Roots: 0.1ms
[2025-11-30T13:39:22.290+0000][5.627s][info ][gc,phases   ] GC(5)   Evacuate Collection Set: 3.4ms
[2025-11-30T13:39:22.290+0000][5.627s][info ][gc,phases   ] GC(5)   Post Evacuate Collection Set: 1.2ms
[2025-11-30T13:39:22.290+0000][5.627s][info ][gc,phases   ] GC(5)   Other: 0.2ms
[2025-11-30T13:39:22.290+0000][5.627s][info ][gc,heap     ] GC(5) Eden regions: 82->0(81)
[2025-11-30T13:39:22.290+0000][5.627s][info ][gc,heap     ] GC(5) Survivor regions: 6->7(11)
[2025-11-30T13:39:22.290+0000][5.627s][info ][gc,heap     ] GC(5) Old regions: 11->11
[2025-11-30T13:39:22.290+0000][5.627s][info ][gc,heap     ] GC(5) Archive regions: 2->2
[2025-11-30T13:39:22.290+0000][5.627s][info ][gc,heap     ] GC(5) Humongous regions: 0->0
[2025-11-30T13:39:22.290+0000][5.627s][info ][gc,metaspace] GC(5) Metaspace: 15894K(16320K)->15894K(16320K) NonClass: 13791K(14016K)->13791K(14016K) Class: 2103K(2304K)->2103K(2304K)
[2025-11-30T13:39:22.291+0000][5.627s][info ][gc          ] GC(5) Pause Young (Normal) (G1 Evacuation Pause) 98M->17M(147M) 5.185ms
[2025-11-30T13:39:22.291+0000][5.627s][info ][gc,cpu      ] GC(5) User=0.01s Sys=0.00s Real=0.01s
[2025-11-30T13:39:22.291+0000][5.627s][info ][safepoint   ] Safepoint "G1CollectForAllocation", Time since last: 433448162 ns, Reaching safepoint: 199010 ns, Cleanup: 95432 ns, At safepoint: 5272531 ns, Total: 5566973 ns
[2025-11-30T13:39:22.339+0000][5.676s][info ][cds,heap    ] initialize_from_archived_subgraph java.lang.Byte$ByteCache 0x0000788f8f03abf8
[2025-11-30T13:39:22.339+0000][5.676s][info ][cds,heap    ] initialize_from_archived_subgraph java.lang.Short$ShortCache 0x0000788f8f0412e8
[2025-11-30T13:39:22.512+0000][5.849s][debug][safepoint   ] Safepoint synchronization initiated using futex wait barrier. (22 threads)
[2025-11-30T13:39:22.513+0000][5.849s][info ][gc,start    ] GC(6) Pause Young (Normal) (G1 Evacuation Pause)
[2025-11-30T13:39:22.513+0000][5.849s][info ][gc,task     ] GC(6) Using 4 workers of 13 for evacuation
[2025-11-30T13:39:22.521+0000][5.858s][info ][gc,phases   ] GC(6)   Pre Evacuate Collection Set: 0.2ms
[2025-11-30T13:39:22.521+0000][5.858s][info ][gc,phases   ] GC(6)   Merge Heap Roots: 0.1ms
[2025-11-30T13:39:22.521+0000][5.858s][info ][gc,phases   ] GC(6)   Evacuate Collection Set: 6.7ms
[2025-11-30T13:39:22.521+0000][5.858s][info ][gc,phases   ] GC(6)   Post Evacuate Collection Set: 1.4ms
[2025-11-30T13:39:22.521+0000][5.858s][info ][gc,phases   ] GC(6)   Other: 0.2ms
[2025-11-30T13:39:22.521+0000][5.858s][info ][gc,heap     ] GC(6) Eden regions: 81->0(80)
[2025-11-30T13:39:22.521+0000][5.858s][info ][gc,heap     ] GC(6) Survivor regions: 7->8(11)
[2025-11-30T13:39:22.521+0000][5.858s][info ][gc,heap     ] GC(6) Old regions: 11->12
[2025-11-30T13:39:22.521+0000][5.858s][info ][gc,heap     ] GC(6) Archive regions: 2->2
[2025-11-30T13:39:22.521+0000][5.858s][info ][gc,heap     ] GC(6) Humongous regions: 0->0
[2025-11-30T13:39:22.521+0000][5.858s][info ][gc,metaspace] GC(6) Metaspace: 17704K(18048K)->17704K(18048K) NonClass: 15293K(15488K)->15293K(15488K) Class: 2410K(2560K)->2410K(2560K)
[2025-11-30T13:39:22.521+0000][5.858s][info ][gc          ] GC(6) Pause Young (Normal) (G1 Evacuation Pause) 98M->20M(147M) 8.678ms
[2025-11-30T13:39:22.521+0000][5.858s][info ][gc,cpu      ] GC(6) User=0.05s Sys=0.00s Real=0.00s
[2025-11-30T13:39:22.521+0000][5.858s][info ][safepoint   ] Safepoint "G1CollectForAllocation", Time since last: 221610933 ns, Reaching safepoint: 195473 ns, Cleanup: 111222 ns, At safepoint: 8946635 ns, Total: 9253330 ns
[2025-11-30T13:39:22.881+0000][6.218s][debug][safepoint   ] Safepoint synchronization initiated using futex wait barrier. (21 threads)
[2025-11-30T13:39:22.882+0000][6.218s][info ][safepoint   ] Safepoint "CollectForMetadataAllocation", Time since last: 359837720 ns, Reaching safepoint: 165255 ns, Cleanup: 107957 ns, At safepoint: 101022 ns, Total: 374234 ns
[2025-11-30T13:39:22.883+0000][6.219s][debug][safepoint   ] Safepoint synchronization initiated using futex wait barrier. (21 threads)
[2025-11-30T13:39:22.883+0000][6.219s][info ][gc,start    ] GC(7) Pause Young (Concurrent Start) (GCLocker Initiated GC)
[2025-11-30T13:39:22.883+0000][6.219s][info ][gc,task     ] GC(7) Using 4 workers of 13 for evacuation
[2025-11-30T13:39:22.893+0000][6.229s][info ][gc,phases   ] GC(7)   Pre Evacuate Collection Set: 0.3ms
[2025-11-30T13:39:22.893+0000][6.229s][info ][gc,phases   ] GC(7)   Merge Heap Roots: 0.1ms
[2025-11-30T13:39:22.893+0000][6.229s][info ][gc,phases   ] GC(7)   Evacuate Collection Set: 7.7ms
[2025-11-30T13:39:22.893+0000][6.229s][info ][gc,phases   ] GC(7)   Post Evacuate Collection Set: 1.3ms
[2025-11-30T13:39:22.893+0000][6.229s][info ][gc,phases   ] GC(7)   Other: 0.5ms
[2025-11-30T13:39:22.893+0000][6.229s][info ][gc,heap     ] GC(7) Eden regions: 63->0(81)
[2025-11-30T13:39:22.893+0000][6.229s][info ][gc,heap     ] GC(7) Survivor regions: 8->7(11)
[2025-11-30T13:39:22.893+0000][6.229s][info ][gc,heap     ] GC(7) Old regions: 12->16
[2025-11-30T13:39:22.893+0000][6.229s][info ][gc,heap     ] GC(7) Archive regions: 2->2
[2025-11-30T13:39:22.893+0000][6.229s][info ][gc,heap     ] GC(7) Humongous regions: 0->0
[2025-11-30T13:39:22.893+0000][6.229s][info ][gc,metaspace] GC(7) Metaspace: 21235K(21568K)->21235K(21568K) NonClass: 18476K(18688K)->18476K(18688K) Class: 2759K(2880K)->2759K(2880K)
[2025-11-30T13:39:22.893+0000][6.229s][info ][gc          ] GC(7) Pause Young (Concurrent Start) (GCLocker Initiated GC) 83M->22M(147M) 9.969ms
[2025-11-30T13:39:22.893+0000][6.229s][info ][gc,cpu      ] GC(7) User=0.05s Sys=0.02s Real=0.01s
[2025-11-30T13:39:22.893+0000][6.229s][info ][gc          ] GC(8) Concurrent Mark Cycle
[2025-11-30T13:39:22.893+0000][6.229s][info ][gc,marking  ] GC(8) Concurrent Clear Claimed Marks
[2025-11-30T13:39:22.893+0000][6.229s][info ][gc,marking  ] GC(8) Concurrent Clear Claimed Marks 0.076ms
[2025-11-30T13:39:22.893+0000][6.229s][info ][gc,marking  ] GC(8) Concurrent Scan Root Regions
[2025-11-30T13:39:22.893+0000][6.230s][info ][safepoint   ] Safepoint "G1CollectForAllocation", Time since last: 957428 ns, Reaching safepoint: 178149 ns, Cleanup: 4750 ns, At safepoint: 10284897 ns, Total: 10467796 ns
[2025-11-30T13:39:22.898+0000][6.234s][info ][gc,marking  ] GC(8) Concurrent Scan Root Regions 4.608ms
[2025-11-30T13:39:22.898+0000][6.234s][info ][gc,marking  ] GC(8) Concurrent Mark
[2025-11-30T13:39:22.898+0000][6.234s][info ][gc,marking  ] GC(8) Concurrent Mark From Roots
[2025-11-30T13:39:22.898+0000][6.234s][info ][gc,task     ] GC(8) Using 3 workers of 3 for marking
[2025-11-30T13:39:22.905+0000][6.242s][info ][gc,marking  ] GC(8) Concurrent Mark From Roots 7.688ms
[2025-11-30T13:39:22.905+0000][6.242s][info ][gc,marking  ] GC(8) Concurrent Preclean
[2025-11-30T13:39:22.906+0000][6.242s][info ][gc,marking  ] GC(8) Concurrent Preclean 0.306ms
[2025-11-30T13:39:22.906+0000][6.242s][debug][safepoint   ] Safepoint synchronization initiated using futex wait barrier. (21 threads)
[2025-11-30T13:39:22.906+0000][6.242s][info ][gc,start    ] GC(8) Pause Remark
[2025-11-30T13:39:22.910+0000][6.247s][info ][gc          ] GC(8) Pause Remark 25M->25M(94M) 4.387ms
[2025-11-30T13:39:22.910+0000][6.247s][info ][gc,cpu      ] GC(8) User=0.02s Sys=0.01s Real=0.01s
[2025-11-30T13:39:22.911+0000][6.247s][info ][safepoint   ] Safepoint "G1PauseRemark", Time since last: 12752527 ns, Reaching safepoint: 125099 ns, Cleanup: 15841 ns, At safepoint: 4663761 ns, Total: 4804701 ns
[2025-11-30T13:39:22.911+0000][6.247s][info ][gc,marking  ] GC(8) Concurrent Mark 13.074ms
[2025-11-30T13:39:22.911+0000][6.247s][info ][gc,marking  ] GC(8) Concurrent Rebuild Remembered Sets
[2025-11-30T13:39:22.915+0000][6.252s][info ][gc,marking  ] GC(8) Concurrent Rebuild Remembered Sets 4.458ms
[2025-11-30T13:39:22.925+0000][6.261s][debug][safepoint   ] Safepoint synchronization initiated using futex wait barrier. (21 threads)
[2025-11-30T13:39:22.925+0000][6.261s][info ][gc,start    ] GC(8) Pause Cleanup
[2025-11-30T13:39:22.925+0000][6.261s][info ][gc          ] GC(8) Pause Cleanup 26M->26M(94M) 0.313ms
[2025-11-30T13:39:22.925+0000][6.261s][info ][gc,cpu      ] GC(8) User=0.00s Sys=0.00s Real=0.00s
[2025-11-30T13:39:22.925+0000][6.262s][info ][safepoint   ] Safepoint "G1PauseCleanup", Time since last: 4777005 ns, Reaching safepoint: 9175441 ns, Cleanup: 4759 ns, At safepoint: 469697 ns, Total: 9649897 ns
[2025-11-30T13:39:22.925+0000][6.262s][info ][gc,marking  ] GC(8) Concurrent Cleanup for Next Mark
[2025-11-30T13:39:22.927+0000][6.263s][info ][gc,marking  ] GC(8) Concurrent Cleanup for Next Mark 1.453ms
[2025-11-30T13:39:22.927+0000][6.263s][info ][gc          ] GC(8) Concurrent Mark Cycle 33.809ms
[2025-11-30T13:39:23.316+0000][6.653s][debug][safepoint   ] Safepoint synchronization initiated using futex wait barrier. (21 threads)
[2025-11-30T13:39:23.317+0000][6.653s][info ][gc,start    ] GC(9) Pause Young (Prepare Mixed) (G1 Evacuation Pause)
[2025-11-30T13:39:23.317+0000][6.653s][info ][gc,task     ] GC(9) Using 4 workers of 13 for evacuation
[2025-11-30T13:39:23.326+0000][6.662s][info ][gc,phases   ] GC(9)   Pre Evacuate Collection Set: 0.2ms
[2025-11-30T13:39:23.326+0000][6.663s][info ][gc,phases   ] GC(9)   Merge Heap Roots: 0.1ms
[2025-11-30T13:39:23.326+0000][6.663s][info ][gc,phases   ] GC(9)   Evacuate Collection Set: 7.4ms
[2025-11-30T13:39:23.326+0000][6.663s][info ][gc,phases   ] GC(9)   Post Evacuate Collection Set: 1.4ms
[2025-11-30T13:39:23.326+0000][6.663s][info ][gc,phases   ] GC(9)   Other: 0.2ms
[2025-11-30T13:39:23.326+0000][6.663s][info ][gc,heap     ] GC(9) Eden regions: 49->0(1)
[2025-11-30T13:39:23.326+0000][6.663s][info ][gc,heap     ] GC(9) Survivor regions: 7->5(7)
[2025-11-30T13:39:23.326+0000][6.663s][info ][gc,heap     ] GC(9) Old regions: 16->20
[2025-11-30T13:39:23.326+0000][6.663s][info ][gc,heap     ] GC(9) Archive regions: 2->2
[2025-11-30T13:39:23.326+0000][6.663s][info ][gc,heap     ] GC(9) Humongous regions: 0->0
[2025-11-30T13:39:23.326+0000][6.663s][info ][gc,metaspace] GC(9) Metaspace: 23597K(23936K)->23597K(23936K) NonClass: 20505K(20672K)->20505K(20672K) Class: 3091K(3264K)->3091K(3264K)
[2025-11-30T13:39:23.326+0000][6.663s][info ][gc          ] GC(9) Pause Young (Prepare Mixed) (G1 Evacuation Pause) 71M->24M(94M) 9.322ms
[2025-11-30T13:39:23.326+0000][6.663s][info ][gc,cpu      ] GC(9) User=0.04s Sys=0.02s Real=0.01s
[2025-11-30T13:39:23.326+0000][6.663s][info ][safepoint   ] Safepoint "G1CollectForAllocation", Time since last: 391375347 ns, Reaching safepoint: 192736 ns, Cleanup: 131543 ns, At safepoint: 9551850 ns, Total: 9876129 ns
[2025-11-30T13:39:23.333+0000][6.670s][debug][safepoint   ] Safepoint synchronization initiated using futex wait barrier. (21 threads)
[2025-11-30T13:39:23.333+0000][6.670s][info ][gc,start    ] GC(10) Pause Young (Mixed) (G1 Evacuation Pause)
[2025-11-30T13:39:23.333+0000][6.670s][info ][gc,task     ] GC(10) Using 4 workers of 13 for evacuation
[2025-11-30T13:39:23.339+0000][6.675s][info ][gc,phases   ] GC(10)   Pre Evacuate Collection Set: 0.2ms
[2025-11-30T13:39:23.339+0000][6.675s][info ][gc,phases   ] GC(10)   Merge Heap Roots: 0.1ms
[2025-11-30T13:39:23.339+0000][6.675s][info ][gc,phases   ] GC(10)   Evacuate Collection Set: 3.6ms
[2025-11-30T13:39:23.339+0000][6.675s][info ][gc,phases   ] GC(10)   Post Evacuate Collection Set: 1.3ms
[2025-11-30T13:39:23.339+0000][6.675s][info ][gc,phases   ] GC(10)   Other: 0.1ms
[2025-11-30T13:39:23.339+0000][6.675s][info ][gc,heap     ] GC(10) Eden regions: 1->0(64)
[2025-11-30T13:39:23.339+0000][6.675s][info ][gc,heap     ] GC(10) Survivor regions: 5->1(1)
[2025-11-30T13:39:23.339+0000][6.675s][info ][gc,heap     ] GC(10) Old regions: 20->24
[2025-11-30T13:39:23.339+0000][6.675s][info ][gc,heap     ] GC(10) Archive regions: 2->2
[2025-11-30T13:39:23.339+0000][6.675s][info ][gc,heap     ] GC(10) Humongous regions: 0->0
[2025-11-30T13:39:23.339+0000][6.675s][info ][gc,metaspace] GC(10) Metaspace: 23611K(24000K)->23611K(24000K) NonClass: 20516K(20736K)->20516K(20736K) Class: 3094K(3264K)->3094K(3264K)
[2025-11-30T13:39:23.339+0000][6.675s][info ][gc          ] GC(10) Pause Young (Mixed) (G1 Evacuation Pause) 25M->25M(113M) 5.473ms
[2025-11-30T13:39:23.339+0000][6.675s][info ][gc,cpu      ] GC(10) User=0.03s Sys=0.01s Real=0.00s
[2025-11-30T13:39:23.339+0000][6.675s][info ][safepoint   ] Safepoint "G1CollectForAllocation", Time since last: 6706669 ns, Reaching safepoint: 188448 ns, Cleanup: 14647 ns, At safepoint: 5679414 ns, Total: 5882509 ns
[2025-11-30T13:39:23.751+0000][7.088s][debug][safepoint   ] Safepoint synchronization initiated using futex wait barrier. (20 threads)
[2025-11-30T13:39:23.752+0000][7.088s][info ][gc,start    ] GC(11) Pause Young (Normal) (G1 Evacuation Pause)
[2025-11-30T13:39:23.752+0000][7.088s][info ][gc,task     ] GC(11) Using 3 workers of 13 for evacuation
[2025-11-30T13:39:23.757+0000][7.094s][info ][gc,phases   ] GC(11)   Pre Evacuate Collection Set: 0.1ms
[2025-11-30T13:39:23.757+0000][7.094s][info ][gc,phases   ] GC(11)   Merge Heap Roots: 0.2ms
[2025-11-30T13:39:23.757+0000][7.094s][info ][gc,phases   ] GC(11)   Evacuate Collection Set: 4.0ms
[2025-11-30T13:39:23.757+0000][7.094s][info ][gc,phases   ] GC(11)   Post Evacuate Collection Set: 1.1ms
[2025-11-30T13:39:23.757+0000][7.094s][info ][gc,phases   ] GC(11)   Other: 0.1ms
[2025-11-30T13:39:23.757+0000][7.094s][info ][gc,heap     ] GC(11) Eden regions: 64->0(61)
[2025-11-30T13:39:23.757+0000][7.094s][info ][gc,heap     ] GC(11) Survivor regions: 1->4(9)
[2025-11-30T13:39:23.757+0000][7.094s][info ][gc,heap     ] GC(11) Old regions: 24->24
[2025-11-30T13:39:23.757+0000][7.094s][info ][gc,heap     ] GC(11) Archive regions: 2->2
[2025-11-30T13:39:23.757+0000][7.094s][info ][gc,heap     ] GC(11) Humongous regions: 0->0
[2025-11-30T13:39:23.757+0000][7.094s][info ][gc,metaspace] GC(11) Metaspace: 25231K(25536K)->25231K(25536K) NonClass: 21956K(22144K)->21956K(22144K) Class: 3274K(3392K)->3274K(3392K)
[2025-11-30T13:39:23.757+0000][7.094s][info ][gc          ] GC(11) Pause Young (Normal) (G1 Evacuation Pause) 89M->28M(113M) 5.579ms
[2025-11-30T13:39:23.757+0000][7.094s][info ][gc,cpu      ] GC(11) User=0.02s Sys=0.00s Real=0.00s
[2025-11-30T13:39:23.757+0000][7.094s][info ][safepoint   ] Safepoint "G1CollectForAllocation", Time since last: 412340855 ns, Reaching safepoint: 174232 ns, Cleanup: 107709 ns, At safepoint: 5732782 ns, Total: 6014723 ns
[2025-11-30T13:39:24.166+0000][7.502s][debug][safepoint   ] Safepoint synchronization initiated using futex wait barrier. (20 threads)
[2025-11-30T13:39:24.166+0000][7.502s][info ][gc,start    ] GC(12) Pause Young (Normal) (G1 Evacuation Pause)
[2025-11-30T13:39:24.166+0000][7.502s][info ][gc,task     ] GC(12) Using 2 workers of 13 for evacuation
[2025-11-30T13:39:24.181+0000][7.518s][info ][gc,phases   ] GC(12)   Pre Evacuate Collection Set: 0.1ms
[2025-11-30T13:39:24.181+0000][7.518s][info ][gc,phases   ] GC(12)   Merge Heap Roots: 0.0ms
[2025-11-30T13:39:24.181+0000][7.518s][info ][gc,phases   ] GC(12)   Evacuate Collection Set: 13.5ms
[2025-11-30T13:39:24.181+0000][7.518s][info ][gc,phases   ] GC(12)   Post Evacuate Collection Set: 1.5ms
[2025-11-30T13:39:24.181+0000][7.518s][info ][gc,phases   ] GC(12)   Other: 0.2ms
[2025-11-30T13:39:24.181+0000][7.518s][info ][gc,heap     ] GC(12) Eden regions: 61->0(52)
[2025-11-30T13:39:24.181+0000][7.518s][info ][gc,heap     ] GC(12) Survivor regions: 4->9(9)
[2025-11-30T13:39:24.181+0000][7.518s][info ][gc,heap     ] GC(12) Old regions: 24->26
[2025-11-30T13:39:24.181+0000][7.518s][info ][gc,heap     ] GC(12) Archive regions: 2->2
[2025-11-30T13:39:24.181+0000][7.518s][info ][gc,heap     ] GC(12) Humongous regions: 0->0
[2025-11-30T13:39:24.181+0000][7.518s][info ][gc,metaspace] GC(12) Metaspace: 25279K(25664K)->25279K(25664K) NonClass: 21991K(22208K)->21991K(22208K) Class: 3287K(3456K)->3287K(3456K)
[2025-11-30T13:39:24.181+0000][7.518s][info ][gc          ] GC(12) Pause Young (Normal) (G1 Evacuation Pause) 89M->35M(113M) 15.442ms
[2025-11-30T13:39:24.181+0000][7.518s][info ][gc,cpu      ] GC(12) User=0.07s Sys=0.00s Real=0.01s
[2025-11-30T13:39:24.181+0000][7.518s][info ][safepoint   ] Safepoint "G1CollectForAllocation", Time since last: 408308914 ns, Reaching safepoint: 64910 ns, Cleanup: 42669 ns, At safepoint: 15551135 ns, Total: 15658714 ns
[2025-11-30T13:39:24.359+0000][7.695s][debug][safepoint   ] Safepoint synchronization initiated using futex wait barrier. (20 threads)
[2025-11-30T13:39:24.359+0000][7.695s][info ][gc,start    ] GC(13) Pause Young (Normal) (G1 Evacuation Pause)
[2025-11-30T13:39:24.359+0000][7.695s][info ][gc,task     ] GC(13) Using 2 workers of 13 for evacuation
[2025-11-30T13:39:24.383+0000][7.719s][info ][gc,phases   ] GC(13)   Pre Evacuate Collection Set: 0.1ms
[2025-11-30T13:39:24.383+0000][7.719s][info ][gc,phases   ] GC(13)   Merge Heap Roots: 0.1ms
[2025-11-30T13:39:24.383+0000][7.719s][info ][gc,phases   ] GC(13)   Evacuate Collection Set: 21.8ms
[2025-11-30T13:39:24.383+0000][7.719s][info ][gc,phases   ] GC(13)   Post Evacuate Collection Set: 1.8ms
[2025-11-30T13:39:24.383+0000][7.719s][info ][gc,phases   ] GC(13)   Other: 0.1ms
[2025-11-30T13:39:24.383+0000][7.719s][info ][gc,heap     ] GC(13) Eden regions: 52->0(45)
[2025-11-30T13:39:24.383+0000][7.719s][info ][gc,heap     ] GC(13) Survivor regions: 9->7(8)
[2025-11-30T13:39:24.383+0000][7.719s][info ][gc,heap     ] GC(13) Old regions: 26->35
[2025-11-30T13:39:24.383+0000][7.719s][info ][gc,heap     ] GC(13) Archive regions: 2->2
[2025-11-30T13:39:24.383+0000][7.719s][info ][gc,heap     ] GC(13) Humongous regions: 0->0
[2025-11-30T13:39:24.383+0000][7.719s][info ][gc,metaspace] GC(13) Metaspace: 25377K(25728K)->25377K(25728K) NonClass: 22085K(22272K)->22085K(22272K) Class: 3291K(3456K)->3291K(3456K)
[2025-11-30T13:39:24.383+0000][7.720s][info ][gc          ] GC(13) Pause Young (Normal) (G1 Evacuation Pause) 87M->42M(113M) 24.041ms
[2025-11-30T13:39:24.383+0000][7.720s][info ][gc,cpu      ] GC(13) User=0.07s Sys=0.01s Real=0.03s
[2025-11-30T13:39:24.383+0000][7.720s][info ][safepoint   ] Safepoint "G1CollectForAllocation", Time since last: 177462414 ns, Reaching safepoint: 174081 ns, Cleanup: 90407 ns, At safepoint: 24222369 ns, Total: 24486857 ns
[2025-11-30T13:39:24.680+0000][8.017s][debug][safepoint   ] Safepoint synchronization initiated using futex wait barrier. (20 threads)
[2025-11-30T13:39:24.680+0000][8.017s][info ][gc,start    ] GC(14) Pause Young (Normal) (G1 Evacuation Pause)
[2025-11-30T13:39:24.680+0000][8.017s][info ][gc,task     ] GC(14) Using 2 workers of 13 for evacuation
[2025-11-30T13:39:24.697+0000][8.033s][info ][gc,phases   ] GC(14)   Pre Evacuate Collection Set: 0.2ms
[2025-11-30T13:39:24.697+0000][8.034s][info ][gc,phases   ] GC(14)   Merge Heap Roots: 0.2ms
[2025-11-30T13:39:24.697+0000][8.034s][info ][gc,phases   ] GC(14)   Evacuate Collection Set: 9.8ms
[2025-11-30T13:39:24.697+0000][8.034s][info ][gc,phases   ] GC(14)   Post Evacuate Collection Set: 6.3ms
[2025-11-30T13:39:24.697+0000][8.034s][info ][gc,phases   ] GC(14)   Other: 0.2ms
[2025-11-30T13:39:24.697+0000][8.034s][info ][gc,heap     ] GC(14) Eden regions: 45->0(140)
[2025-11-30T13:39:24.697+0000][8.034s][info ][gc,heap     ] GC(14) Survivor regions: 7->5(7)
[2025-11-30T13:39:24.697+0000][8.034s][info ][gc,heap     ] GC(14) Old regions: 35->41
[2025-11-30T13:39:24.697+0000][8.034s][info ][gc,heap     ] GC(14) Archive regions: 2->2
[2025-11-30T13:39:24.697+0000][8.034s][info ][gc,heap     ] GC(14) Humongous regions: 0->0
[2025-11-30T13:39:24.697+0000][8.034s][info ][gc,metaspace] GC(14) Metaspace: 25580K(25920K)->25580K(25920K) NonClass: 22253K(22464K)->22253K(22464K) Class: 3327K(3456K)->3327K(3456K)
[2025-11-30T13:39:24.697+0000][8.034s][info ][gc          ] GC(14) Pause Young (Normal) (G1 Evacuation Pause) 87M->46M(242M) 16.823ms
[2025-11-30T13:39:24.697+0000][8.034s][info ][gc,cpu      ] GC(14) User=0.02s Sys=0.00s Real=0.02s
[2025-11-30T13:39:24.697+0000][8.034s][info ][safepoint   ] Safepoint "G1CollectForAllocation", Time since last: 296973941 ns, Reaching safepoint: 135230 ns, Cleanup: 76992 ns, At safepoint: 17078663 ns, Total: 17290885 ns
[2025-11-30T13:39:25.485+0000][8.822s][debug][safepoint   ] Safepoint synchronization initiated using futex wait barrier. (18 threads)
[2025-11-30T13:39:25.485+0000][8.822s][info ][safepoint   ] Safepoint "ICBufferFull", Time since last: 787812411 ns, Reaching safepoint: 55843 ns, Cleanup: 161007 ns, At safepoint: 4037 ns, Total: 220887 ns
[2025-11-30T13:39:26.196+0000][9.532s][debug][safepoint   ] Safepoint synchronization initiated using futex wait barrier. (19 threads)
[2025-11-30T13:39:26.196+0000][9.533s][info ][gc,start    ] GC(15) Pause Young (Normal) (G1 Evacuation Pause)
[2025-11-30T13:39:26.196+0000][9.533s][info ][gc,task     ] GC(15) Using 5 workers of 13 for evacuation
[2025-11-30T13:39:26.206+0000][9.543s][info ][gc,phases   ] GC(15)   Pre Evacuate Collection Set: 0.2ms
[2025-11-30T13:39:26.206+0000][9.543s][info ][gc,phases   ] GC(15)   Merge Heap Roots: 0.2ms
[2025-11-30T13:39:26.206+0000][9.543s][info ][gc,phases   ] GC(15)   Evacuate Collection Set: 7.6ms
[2025-11-30T13:39:26.206+0000][9.543s][info ][gc,phases   ] GC(15)   Post Evacuate Collection Set: 1.7ms
[2025-11-30T13:39:26.206+0000][9.543s][info ][gc,phases   ] GC(15)   Other: 0.2ms
[2025-11-30T13:39:26.206+0000][9.543s][info ][gc,heap     ] GC(15) Eden regions: 140->0(127)
[2025-11-30T13:39:26.206+0000][9.543s][info ][gc,heap     ] GC(15) Survivor regions: 5->13(19)
[2025-11-30T13:39:26.206+0000][9.543s][info ][gc,heap     ] GC(15) Old regions: 41->41
[2025-11-30T13:39:26.206+0000][9.543s][info ][gc,heap     ] GC(15) Archive regions: 2->2
[2025-11-30T13:39:26.206+0000][9.543s][info ][gc,heap     ] GC(15) Humongous regions: 0->0
[2025-11-30T13:39:26.206+0000][9.543s][info ][gc,metaspace] GC(15) Metaspace: 26063K(26432K)->26063K(26432K) NonClass: 22690K(22912K)->22690K(22912K) Class: 3373K(3520K)->3373K(3520K)
[2025-11-30T13:39:26.206+0000][9.543s][info ][gc          ] GC(15) Pause Young (Normal) (G1 Evacuation Pause) 186M->54M(242M) 10.068ms
[2025-11-30T13:39:26.206+0000][9.543s][info ][gc,cpu      ] GC(15) User=0.08s Sys=0.00s Real=0.01s
[2025-11-30T13:39:26.206+0000][9.543s][info ][safepoint   ] Safepoint "G1CollectForAllocation", Time since last: 710322446 ns, Reaching safepoint: 171116 ns, Cleanup: 172138 ns, At safepoint: 10273704 ns, Total: 10616958 ns
[2025-11-30T13:39:27.004+0000][10.340s][debug][safepoint   ] Safepoint synchronization initiated using futex wait barrier. (21 threads)
[2025-11-30T13:39:27.004+0000][10.340s][info ][gc,start    ] GC(16) Pause Young (Normal) (G1 Evacuation Pause)
[2025-11-30T13:39:27.004+0000][10.340s][info ][gc,task     ] GC(16) Using 5 workers of 13 for evacuation
[2025-11-30T13:39:27.014+0000][10.350s][info ][gc,phases   ] GC(16)   Pre Evacuate Collection Set: 0.2ms
[2025-11-30T13:39:27.014+0000][10.350s][info ][gc,phases   ] GC(16)   Merge Heap Roots: 0.2ms
[2025-11-30T13:39:27.014+0000][10.350s][info ][gc,phases   ] GC(16)   Evacuate Collection Set: 7.4ms
[2025-11-30T13:39:27.014+0000][10.350s][info ][gc,phases   ] GC(16)   Post Evacuate Collection Set: 1.7ms
[2025-11-30T13:39:27.014+0000][10.350s][info ][gc,phases   ] GC(16)   Other: 0.2ms
[2025-11-30T13:39:27.014+0000][10.350s][info ][gc,heap     ] GC(16) Eden regions: 127->0(127)
[2025-11-30T13:39:27.014+0000][10.350s][info ][gc,heap     ] GC(16) Survivor regions: 13->6(18)
[2025-11-30T13:39:27.014+0000][10.350s][info ][gc,heap     ] GC(16) Old regions: 41->54
[2025-11-30T13:39:27.014+0000][10.350s][info ][gc,heap     ] GC(16) Archive regions: 2->2
[2025-11-30T13:39:27.014+0000][10.350s][info ][gc,heap     ] GC(16) Humongous regions: 0->0
[2025-11-30T13:39:27.014+0000][10.350s][info ][gc,metaspace] GC(16) Metaspace: 26714K(27072K)->26714K(27072K) NonClass: 23290K(23488K)->23290K(23488K) Class: 3424K(3584K)->3424K(3584K)
[2025-11-30T13:39:27.014+0000][10.350s][info ][gc          ] GC(16) Pause Young (Normal) (G1 Evacuation Pause) 181M->59M(242M) 9.711ms
[2025-11-30T13:39:27.014+0000][10.350s][info ][gc,cpu      ] GC(16) User=0.06s Sys=0.00s Real=0.01s
[2025-11-30T13:39:27.014+0000][10.350s][info ][safepoint   ] Safepoint "G1CollectForAllocation", Time since last: 797164541 ns, Reaching safepoint: 82873 ns, Cleanup: 236957 ns, At safepoint: 9926543 ns, Total: 10246373 ns
[2025-11-30T13:39:27.340+0000][10.677s][debug][safepoint   ] Safepoint synchronization initiated using futex wait barrier. (20 threads)
[2025-11-30T13:39:27.341+0000][10.677s][info ][gc,start    ] GC(17) Pause Young (Normal) (G1 Evacuation Pause)
[2025-11-30T13:39:27.341+0000][10.677s][info ][gc,task     ] GC(17) Using 5 workers of 13 for evacuation
[2025-11-30T13:39:27.346+0000][10.682s][info ][gc,phases   ] GC(17)   Pre Evacuate Collection Set: 0.2ms
[2025-11-30T13:39:27.346+0000][10.682s][info ][gc,phases   ] GC(17)   Merge Heap Roots: 0.2ms
[2025-11-30T13:39:27.346+0000][10.682s][info ][gc,phases   ] GC(17)   Evacuate Collection Set: 3.4ms
[2025-11-30T13:39:27.346+0000][10.682s][info ][gc,phases   ] GC(17)   Post Evacuate Collection Set: 1.2ms
[2025-11-30T13:39:27.346+0000][10.682s][info ][gc,phases   ] GC(17)   Other: 0.1ms
[2025-11-30T13:39:27.346+0000][10.682s][info ][gc,heap     ] GC(17) Eden regions: 127->0(133)
[2025-11-30T13:39:27.346+0000][10.682s][info ][gc,heap     ] GC(17) Survivor regions: 6->6(17)
[2025-11-30T13:39:27.346+0000][10.682s][info ][gc,heap     ] GC(17) Old regions: 54->54
[2025-11-30T13:39:27.346+0000][10.682s][info ][gc,heap     ] GC(17) Archive regions: 2->2
[2025-11-30T13:39:27.346+0000][10.682s][info ][gc,heap     ] GC(17) Humongous regions: 0->0
[2025-11-30T13:39:27.346+0000][10.682s][info ][gc,metaspace] GC(17) Metaspace: 27831K(28160K)->27831K(28160K) NonClass: 24316K(24512K)->24316K(24512K) Class: 3514K(3648K)->3514K(3648K)
[2025-11-30T13:39:27.346+0000][10.682s][info ][gc          ] GC(17) Pause Young (Normal) (G1 Evacuation Pause) 186M->59M(242M) 5.203ms
[2025-11-30T13:39:27.346+0000][10.682s][info ][gc,cpu      ] GC(17) User=0.02s Sys=0.00s Real=0.01s
[2025-11-30T13:39:27.346+0000][10.682s][info ][safepoint   ] Safepoint "G1CollectForAllocation", Time since last: 326505912 ns, Reaching safepoint: 175674 ns, Cleanup: 21570 ns, At safepoint: 5350556 ns, Total: 5547800 ns
[2025-11-30T13:39:28.369+0000][11.705s][debug][safepoint   ] Safepoint synchronization initiated using futex wait barrier. (18 threads)
[2025-11-30T13:39:28.369+0000][11.705s][info ][gc,start    ] GC(18) Pause Young (Normal) (G1 Evacuation Pause)
[2025-11-30T13:39:28.369+0000][11.705s][info ][gc,task     ] GC(18) Using 5 workers of 13 for evacuation
[2025-11-30T13:39:28.375+0000][11.711s][info ][gc,phases   ] GC(18)   Pre Evacuate Collection Set: 0.2ms
[2025-11-30T13:39:28.375+0000][11.711s][info ][gc,phases   ] GC(18)   Merge Heap Roots: 0.2ms
[2025-11-30T13:39:28.375+0000][11.711s][info ][gc,phases   ] GC(18)   Evacuate Collection Set: 3.7ms
[2025-11-30T13:39:28.375+0000][11.711s][info ][gc,phases   ] GC(18)   Post Evacuate Collection Set: 1.6ms
[2025-11-30T13:39:28.375+0000][11.711s][info ][gc,phases   ] GC(18)   Other: 0.2ms
[2025-11-30T13:39:28.375+0000][11.711s][info ][gc,heap     ] GC(18) Eden regions: 133->0(135)
[2025-11-30T13:39:28.375+0000][11.711s][info ][gc,heap     ] GC(18) Survivor regions: 6->8(18)
[2025-11-30T13:39:28.375+0000][11.711s][info ][gc,heap     ] GC(18) Old regions: 54->54
[2025-11-30T13:39:28.375+0000][11.711s][info ][gc,heap     ] GC(18) Archive regions: 2->2
[2025-11-30T13:39:28.375+0000][11.711s][info ][gc,heap     ] GC(18) Humongous regions: 0->0
[2025-11-30T13:39:28.375+0000][11.711s][info ][gc,metaspace] GC(18) Metaspace: 34432K(34752K)->34432K(34752K) NonClass: 30210K(30400K)->30210K(30400K) Class: 4221K(4352K)->4221K(4352K)
[2025-11-30T13:39:28.375+0000][11.711s][info ][gc          ] GC(18) Pause Young (Normal) (G1 Evacuation Pause) 192M->61M(242M) 5.929ms
[2025-11-30T13:39:28.375+0000][11.711s][info ][gc,cpu      ] GC(18) User=0.03s Sys=0.00s Real=0.01s
[2025-11-30T13:39:28.375+0000][11.711s][info ][safepoint   ] Safepoint "G1CollectForAllocation", Time since last: 1022868241 ns, Reaching safepoint: 53789 ns, Cleanup: 123658 ns, At safepoint: 6013180 ns, Total: 6190627 ns
[2025-11-30T13:39:28.975+0000][12.311s][debug][safepoint   ] Safepoint synchronization initiated using futex wait barrier. (16 threads)
[2025-11-30T13:39:28.975+0000][12.312s][info ][gc,start    ] GC(19) Pause Young (Concurrent Start) (Metadata GC Threshold)
[2025-11-30T13:39:28.975+0000][12.312s][info ][gc,task     ] GC(19) Using 5 workers of 13 for evacuation
[2025-11-30T13:39:28.981+0000][12.317s][info ][gc,phases   ] GC(19)   Pre Evacuate Collection Set: 0.3ms
[2025-11-30T13:39:28.981+0000][12.317s][info ][gc,phases   ] GC(19)   Merge Heap Roots: 0.2ms
[2025-11-30T13:39:28.981+0000][12.317s][info ][gc,phases   ] GC(19)   Evacuate Collection Set: 3.6ms
[2025-11-30T13:39:28.981+0000][12.317s][info ][gc,phases   ] GC(19)   Post Evacuate Collection Set: 1.5ms
[2025-11-30T13:39:28.981+0000][12.317s][info ][gc,phases   ] GC(19)   Other: 0.2ms
[2025-11-30T13:39:28.981+0000][12.317s][info ][gc,heap     ] GC(19) Eden regions: 89->0(136)
[2025-11-30T13:39:28.981+0000][12.317s][info ][gc,heap     ] GC(19) Survivor regions: 8->9(18)
[2025-11-30T13:39:28.981+0000][12.317s][info ][gc,heap     ] GC(19) Old regions: 54->54
[2025-11-30T13:39:28.981+0000][12.317s][info ][gc,heap     ] GC(19) Archive regions: 2->2
[2025-11-30T13:39:28.981+0000][12.317s][info ][gc,heap     ] GC(19) Humongous regions: 0->0
[2025-11-30T13:39:28.981+0000][12.317s][info ][gc,metaspace] GC(19) Metaspace: 35837K(36160K)->35837K(36160K) NonClass: 31429K(31616K)->31429K(31616K) Class: 4408K(4544K)->4408K(4544K)
[2025-11-30T13:39:28.981+0000][12.317s][info ][gc          ] GC(19) Pause Young (Concurrent Start) (Metadata GC Threshold) 150M->62M(242M) 5.726ms
[2025-11-30T13:39:28.981+0000][12.317s][info ][gc,cpu      ] GC(19) User=0.03s Sys=0.00s Real=0.00s
[2025-11-30T13:39:28.981+0000][12.317s][info ][gc          ] GC(20) Concurrent Mark Cycle
[2025-11-30T13:39:28.981+0000][12.317s][info ][gc,marking  ] GC(20) Concurrent Clear Claimed Marks
[2025-11-30T13:39:28.981+0000][12.318s][info ][gc,marking  ] GC(20) Concurrent Clear Claimed Marks 0.051ms
[2025-11-30T13:39:28.981+0000][12.318s][info ][gc,marking  ] GC(20) Concurrent Scan Root Regions
[2025-11-30T13:39:28.981+0000][12.318s][info ][safepoint   ] Safepoint "CollectForMetadataAllocation", Time since last: 599920043 ns, Reaching safepoint: 70434 ns, Cleanup: 175985 ns, At safepoint: 5967829 ns, Total: 6214248 ns
[2025-11-30T13:39:28.983+0000][12.320s][info ][gc,marking  ] GC(20) Concurrent Scan Root Regions 2.293ms
[2025-11-30T13:39:28.983+0000][12.320s][info ][gc,marking  ] GC(20) Concurrent Mark
[2025-11-30T13:39:28.983+0000][12.320s][info ][gc,marking  ] GC(20) Concurrent Mark From Roots
[2025-11-30T13:39:28.983+0000][12.320s][info ][gc,task     ] GC(20) Using 3 workers of 3 for marking
[2025-11-30T13:39:29.015+0000][12.351s][info ][gc,marking  ] GC(20) Concurrent Mark From Roots 31.098ms
[2025-11-30T13:39:29.015+0000][12.351s][info ][gc,marking  ] GC(20) Concurrent Preclean
[2025-11-30T13:39:29.015+0000][12.351s][info ][gc,marking  ] GC(20) Concurrent Preclean 0.369ms
[2025-11-30T13:39:29.015+0000][12.352s][debug][safepoint   ] Safepoint synchronization initiated using futex wait barrier. (16 threads)
[2025-11-30T13:39:29.015+0000][12.352s][info ][gc,start    ] GC(20) Pause Remark
[2025-11-30T13:39:29.020+0000][12.356s][info ][gc          ] GC(20) Pause Remark 66M->66M(230M) 4.214ms
[2025-11-30T13:39:29.020+0000][12.356s][info ][gc,cpu      ] GC(20) User=0.03s Sys=0.00s Real=0.00s
[2025-11-30T13:39:29.020+0000][12.356s][info ][safepoint   ] Safepoint "G1PauseRemark", Time since last: 34042168 ns, Reaching safepoint: 165965 ns, Cleanup: 14838 ns, At safepoint: 4378046 ns, Total: 4558849 ns
[2025-11-30T13:39:29.020+0000][12.356s][info ][gc,marking  ] GC(20) Concurrent Mark 36.359ms
[2025-11-30T13:39:29.020+0000][12.356s][info ][gc,marking  ] GC(20) Concurrent Rebuild Remembered Sets
[2025-11-30T13:39:29.035+0000][12.372s][info ][gc,marking  ] GC(20) Concurrent Rebuild Remembered Sets 15.592ms
[2025-11-30T13:39:29.037+0000][12.374s][debug][safepoint   ] Safepoint synchronization initiated using futex wait barrier. (17 threads)
[2025-11-30T13:39:29.037+0000][12.374s][info ][gc,start    ] GC(20) Pause Cleanup
[2025-11-30T13:39:29.038+0000][12.374s][info ][gc          ] GC(20) Pause Cleanup 68M->68M(230M) 0.271ms
[2025-11-30T13:39:29.038+0000][12.374s][info ][gc,cpu      ] GC(20) User=0.00s Sys=0.00s Real=0.00s
[2025-11-30T13:39:29.038+0000][12.374s][info ][safepoint   ] Safepoint "G1PauseCleanup", Time since last: 17398417 ns, Reaching safepoint: 194911 ns, Cleanup: 35307 ns, At safepoint: 416893 ns, Total: 647111 ns
[2025-11-30T13:39:29.038+0000][12.374s][info ][gc,marking  ] GC(20) Concurrent Cleanup for Next Mark
[2025-11-30T13:39:29.041+0000][12.377s][info ][gc,marking  ] GC(20) Concurrent Cleanup for Next Mark 2.853ms
[2025-11-30T13:39:29.041+0000][12.377s][info ][gc          ] GC(20) Concurrent Mark Cycle 59.757ms
[2025-11-30T13:39:29.882+0000][13.218s][debug][safepoint   ] Safepoint synchronization initiated using futex wait barrier. (16 threads)
[2025-11-30T13:39:29.882+0000][13.219s][info ][gc,start    ] GC(21) Pause Young (Prepare Mixed) (G1 Evacuation Pause)
[2025-11-30T13:39:29.882+0000][13.219s][info ][gc,task     ] GC(21) Using 5 workers of 13 for evacuation
[2025-11-30T13:39:29.888+0000][13.225s][info ][gc,phases   ] GC(21)   Pre Evacuate Collection Set: 0.2ms
[2025-11-30T13:39:29.888+0000][13.225s][info ][gc,phases   ] GC(21)   Merge Heap Roots: 0.2ms
[2025-11-30T13:39:29.888+0000][13.225s][info ][gc,phases   ] GC(21)   Evacuate Collection Set: 4.3ms
[2025-11-30T13:39:29.888+0000][13.225s][info ][gc,phases   ] GC(21)   Post Evacuate Collection Set: 1.2ms
[2025-11-30T13:39:29.888+0000][13.225s][info ][gc,phases   ] GC(21)   Other: 0.1ms
[2025-11-30T13:39:29.888+0000][13.225s][info ][gc,heap     ] GC(21) Eden regions: 129->0(3)
[2025-11-30T13:39:29.888+0000][13.225s][info ][gc,heap     ] GC(21) Survivor regions: 9->8(18)
[2025-11-30T13:39:29.888+0000][13.225s][info ][gc,heap     ] GC(21) Old regions: 54->54
[2025-11-30T13:39:29.888+0000][13.225s][info ][gc,heap     ] GC(21) Archive regions: 2->2
[2025-11-30T13:39:29.888+0000][13.225s][info ][gc,heap     ] GC(21) Humongous regions: 0->0
[2025-11-30T13:39:29.888+0000][13.225s][info ][gc,metaspace] GC(21) Metaspace: 37633K(38080K)->37633K(38080K) NonClass: 32973K(33216K)->32973K(33216K) Class: 4659K(4864K)->4659K(4864K)
[2025-11-30T13:39:29.888+0000][13.225s][info ][gc          ] GC(21) Pause Young (Prepare Mixed) (G1 Evacuation Pause) 191M->62M(230M) 6.108ms
[2025-11-30T13:39:29.888+0000][13.225s][info ][gc,cpu      ] GC(21) User=0.03s Sys=0.00s Real=0.00s
[2025-11-30T13:39:29.888+0000][13.225s][info ][safepoint   ] Safepoint "G1CollectForAllocation", Time since last: 844124073 ns, Reaching safepoint: 148152 ns, Cleanup: 171406 ns, At safepoint: 6248683 ns, Total: 6568241 ns
[2025-11-30T13:39:29.924+0000][13.261s][debug][safepoint   ] Safepoint synchronization initiated using futex wait barrier. (16 threads)
[2025-11-30T13:39:29.924+0000][13.261s][info ][gc,start    ] GC(22) Pause Young (Mixed) (G1 Evacuation Pause)
[2025-11-30T13:39:29.924+0000][13.261s][info ][gc,task     ] GC(22) Using 5 workers of 13 for evacuation
[2025-11-30T13:39:29.931+0000][13.268s][info ][gc,phases   ] GC(22)   Pre Evacuate Collection Set: 0.2ms
[2025-11-30T13:39:29.931+0000][13.268s][info ][gc,phases   ] GC(22)   Merge Heap Roots: 0.2ms
[2025-11-30T13:39:29.931+0000][13.268s][info ][gc,phases   ] GC(22)   Evacuate Collection Set: 5.3ms
[2025-11-30T13:39:29.931+0000][13.268s][info ][gc,phases   ] GC(22)   Post Evacuate Collection Set: 1.3ms
[2025-11-30T13:39:29.931+0000][13.268s][info ][gc,phases   ] GC(22)   Other: 0.1ms
[2025-11-30T13:39:29.931+0000][13.268s][info ][gc,heap     ] GC(22) Eden regions: 3->0(131)
[2025-11-30T13:39:29.931+0000][13.268s][info ][gc,heap     ] GC(22) Survivor regions: 8->2(2)
[2025-11-30T13:39:29.931+0000][13.268s][info ][gc,heap     ] GC(22) Old regions: 54->60
[2025-11-30T13:39:29.931+0000][13.268s][info ][gc,heap     ] GC(22) Archive regions: 2->2
[2025-11-30T13:39:29.931+0000][13.268s][info ][gc,heap     ] GC(22) Humongous regions: 0->0
[2025-11-30T13:39:29.931+0000][13.268s][info ][gc,metaspace] GC(22) Metaspace: 37793K(38272K)->37793K(38272K) NonClass: 33104K(33344K)->33104K(33344K) Class: 4689K(4928K)->4689K(4928K)
[2025-11-30T13:39:29.931+0000][13.268s][info ][gc          ] GC(22) Pause Young (Mixed) (G1 Evacuation Pause) 65M->62M(230M) 7.160ms
[2025-11-30T13:39:29.931+0000][13.268s][info ][gc,cpu      ] GC(22) User=0.04s Sys=0.00s Real=0.01s
[2025-11-30T13:39:29.931+0000][13.268s][info ][safepoint   ] Safepoint "G1CollectForAllocation", Time since last: 35597766 ns, Reaching safepoint: 53502 ns, Cleanup: 13736 ns, At safepoint: 7263653 ns, Total: 7330891 ns
[2025-11-30T13:39:30.678+0000][14.014s][debug][safepoint   ] Safepoint synchronization initiated using futex wait barrier. (16 threads)
[2025-11-30T13:39:30.678+0000][14.015s][info ][gc,start    ] GC(23) Pause Young (Normal) (G1 Evacuation Pause)
[2025-11-30T13:39:30.678+0000][14.015s][info ][gc,task     ] GC(23) Using 5 workers of 13 for evacuation
[2025-11-30T13:39:30.682+0000][14.019s][info ][gc,phases   ] GC(23)   Pre Evacuate Collection Set: 0.1ms
[2025-11-30T13:39:30.682+0000][14.019s][info ][gc,phases   ] GC(23)   Merge Heap Roots: 0.1ms
[2025-11-30T13:39:30.682+0000][14.019s][info ][gc,phases   ] GC(23)   Evacuate Collection Set: 2.4ms
[2025-11-30T13:39:30.682+0000][14.019s][info ][gc,phases   ] GC(23)   Post Evacuate Collection Set: 1.2ms
[2025-11-30T13:39:30.682+0000][14.019s][info ][gc,phases   ] GC(23)   Other: 0.1ms
[2025-11-30T13:39:30.682+0000][14.019s][info ][gc,heap     ] GC(23) Eden regions: 131->0(131)
[2025-11-30T13:39:30.682+0000][14.019s][info ][gc,heap     ] GC(23) Survivor regions: 2->3(17)
[2025-11-30T13:39:30.682+0000][14.019s][info ][gc,heap     ] GC(23) Old regions: 60->60
[2025-11-30T13:39:30.682+0000][14.019s][info ][gc,heap     ] GC(23) Archive regions: 2->2
[2025-11-30T13:39:30.682+0000][14.019s][info ][gc,heap     ] GC(23) Humongous regions: 0->0
[2025-11-30T13:39:30.682+0000][14.019s][info ][gc,metaspace] GC(23) Metaspace: 40695K(41088K)->40695K(41088K) NonClass: 35596K(35776K)->35596K(35776K) Class: 5098K(5312K)->5098K(5312K)
[2025-11-30T13:39:30.682+0000][14.019s][info ][gc          ] GC(23) Pause Young (Normal) (G1 Evacuation Pause) 193M->63M(230M) 4.130ms
[2025-11-30T13:39:30.682+0000][14.019s][info ][gc,cpu      ] GC(23) User=0.02s Sys=0.00s Real=0.01s
[2025-11-30T13:39:30.682+0000][14.019s][info ][safepoint   ] Safepoint "G1CollectForAllocation", Time since last: 746619807 ns, Reaching safepoint: 41158 ns, Cleanup: 143633 ns, At safepoint: 4265301 ns, Total: 4450092 ns
[2025-11-30T13:39:31.761+0000][15.098s][debug][safepoint   ] Safepoint synchronization initiated using futex wait barrier. (18 threads)
[2025-11-30T13:39:31.762+0000][15.098s][info ][safepoint   ] Safepoint "ICBufferFull", Time since last: 1078832312 ns, Reaching safepoint: 300387 ns, Cleanup: 216896 ns, At safepoint: 78150 ns, Total: 595433 ns
[2025-11-30T13:39:31.928+0000][15.265s][debug][safepoint   ] Safepoint synchronization initiated using futex wait barrier. (18 threads)
[2025-11-30T13:39:31.928+0000][15.265s][info ][gc,start    ] GC(24) Pause Young (Normal) (G1 Evacuation Pause)
[2025-11-30T13:39:31.928+0000][15.265s][info ][gc,task     ] GC(24) Using 5 workers of 13 for evacuation
[2025-11-30T13:39:31.933+0000][15.269s][info ][gc,phases   ] GC(24)   Pre Evacuate Collection Set: 0.1ms
[2025-11-30T13:39:31.933+0000][15.269s][info ][gc,phases   ] GC(24)   Merge Heap Roots: 0.1ms
[2025-11-30T13:39:31.933+0000][15.269s][info ][gc,phases   ] GC(24)   Evacuate Collection Set: 3.1ms
[2025-11-30T13:39:31.933+0000][15.269s][info ][gc,phases   ] GC(24)   Post Evacuate Collection Set: 1.1ms
[2025-11-30T13:39:31.933+0000][15.269s][info ][gc,phases   ] GC(24)   Other: 0.1ms
[2025-11-30T13:39:31.933+0000][15.269s][info ][gc,heap     ] GC(24) Eden regions: 131->0(130)
[2025-11-30T13:39:31.933+0000][15.269s][info ][gc,heap     ] GC(24) Survivor regions: 3->5(17)
[2025-11-30T13:39:31.933+0000][15.269s][info ][gc,heap     ] GC(24) Old regions: 60->60
[2025-11-30T13:39:31.933+0000][15.269s][info ][gc,heap     ] GC(24) Archive regions: 2->2
[2025-11-30T13:39:31.933+0000][15.269s][info ][gc,heap     ] GC(24) Humongous regions: 0->0
[2025-11-30T13:39:31.933+0000][15.269s][info ][gc,metaspace] GC(24) Metaspace: 43236K(43648K)->43236K(43648K) NonClass: 37793K(38016K)->37793K(38016K) Class: 5443K(5632K)->5443K(5632K)
[2025-11-30T13:39:31.933+0000][15.269s][info ][gc          ] GC(24) Pause Young (Normal) (G1 Evacuation Pause) 194M->65M(230M) 4.683ms
[2025-11-30T13:39:31.933+0000][15.269s][info ][gc,cpu      ] GC(24) User=0.02s Sys=0.01s Real=0.01s
[2025-11-30T13:39:31.933+0000][15.269s][info ][safepoint   ] Safepoint "G1CollectForAllocation", Time since last: 166219771 ns, Reaching safepoint: 60425 ns, Cleanup: 30222 ns, At safepoint: 4808985 ns, Total: 4899632 ns
[2025-11-30T13:39:32.780+0000][16.116s][debug][safepoint   ] Safepoint synchronization initiated using futex wait barrier. (16 threads)
[2025-11-30T13:39:32.780+0000][16.117s][info ][safepoint   ] Safepoint "ICBufferFull", Time since last: 846815980 ns, Reaching safepoint: 92801 ns, Cleanup: 315037 ns, At safepoint: 4379 ns, Total: 412217 ns
[2025-11-30T13:39:33.032+0000][16.369s][debug][safepoint   ] Safepoint synchronization initiated using futex wait barrier. (18 threads)
[2025-11-30T13:39:33.033+0000][16.369s][info ][gc,start    ] GC(25) Pause Young (Normal) (G1 Evacuation Pause)
[2025-11-30T13:39:33.033+0000][16.369s][info ][gc,task     ] GC(25) Using 5 workers of 13 for evacuation
[2025-11-30T13:39:33.040+0000][16.377s][info ][gc,phases   ] GC(25)   Pre Evacuate Collection Set: 0.2ms
[2025-11-30T13:39:33.040+0000][16.377s][info ][gc,phases   ] GC(25)   Merge Heap Roots: 0.2ms
[2025-11-30T13:39:33.040+0000][16.377s][info ][gc,phases   ] GC(25)   Evacuate Collection Set: 5.7ms
[2025-11-30T13:39:33.040+0000][16.377s][info ][gc,phases   ] GC(25)   Post Evacuate Collection Set: 1.5ms
[2025-11-30T13:39:33.040+0000][16.377s][info ][gc,phases   ] GC(25)   Other: 0.2ms
[2025-11-30T13:39:33.040+0000][16.377s][info ][gc,heap     ] GC(25) Eden regions: 130->0(127)
[2025-11-30T13:39:33.040+0000][16.377s][info ][gc,heap     ] GC(25) Survivor regions: 5->8(17)
[2025-11-30T13:39:33.040+0000][16.377s][info ][gc,heap     ] GC(25) Old regions: 60->60
[2025-11-30T13:39:33.040+0000][16.377s][info ][gc,heap     ] GC(25) Archive regions: 2->2
[2025-11-30T13:39:33.040+0000][16.377s][info ][gc,heap     ] GC(25) Humongous regions: 0->0
[2025-11-30T13:39:33.040+0000][16.377s][info ][gc,metaspace] GC(25) Metaspace: 47055K(47488K)->47055K(47488K) NonClass: 41091K(41344K)->41091K(41344K) Class: 5963K(6144K)->5963K(6144K)
[2025-11-30T13:39:33.040+0000][16.377s][info ][gc          ] GC(25) Pause Young (Normal) (G1 Evacuation Pause) 195M->68M(230M) 7.850ms
[2025-11-30T13:39:33.040+0000][16.377s][info ][gc,cpu      ] GC(25) User=0.06s Sys=0.00s Real=0.00s
[2025-11-30T13:39:33.041+0000][16.377s][info ][safepoint   ] Safepoint "G1CollectForAllocation", Time since last: 252071017 ns, Reaching safepoint: 71767 ns, Cleanup: 180561 ns, At safepoint: 7998115 ns, Total: 8250443 ns
[2025-11-30T13:39:34.186+0000][17.522s][debug][safepoint   ] Safepoint synchronization initiated using futex wait barrier. (20 threads)
[2025-11-30T13:39:34.186+0000][17.523s][info ][safepoint   ] Safepoint "Cleanup", Time since last: 1145242111 ns, Reaching safepoint: 247308 ns, Cleanup: 233851 ns, At safepoint: 51084 ns, Total: 532243 ns
[2025-11-30T13:39:34.539+0000][17.875s][debug][safepoint   ] Safepoint synchronization initiated using futex wait barrier. (21 threads)
[2025-11-30T13:39:34.539+0000][17.875s][info ][gc,start    ] GC(26) Pause Young (Normal) (G1 Evacuation Pause)
[2025-11-30T13:39:34.539+0000][17.875s][info ][gc,task     ] GC(26) Using 5 workers of 13 for evacuation
[2025-11-30T13:39:34.547+0000][17.883s][info ][gc,phases   ] GC(26)   Pre Evacuate Collection Set: 0.2ms
[2025-11-30T13:39:34.547+0000][17.883s][info ][gc,phases   ] GC(26)   Merge Heap Roots: 0.1ms
[2025-11-30T13:39:34.547+0000][17.883s][info ][gc,phases   ] GC(26)   Evacuate Collection Set: 5.6ms
[2025-11-30T13:39:34.547+0000][17.883s][info ][gc,phases   ] GC(26)   Post Evacuate Collection Set: 1.6ms
[2025-11-30T13:39:34.547+0000][17.883s][info ][gc,phases   ] GC(26)   Other: 0.2ms
[2025-11-30T13:39:34.547+0000][17.883s][info ][gc,heap     ] GC(26) Eden regions: 127->0(125)
[2025-11-30T13:39:34.547+0000][17.883s][info ][gc,heap     ] GC(26) Survivor regions: 8->10(17)
[2025-11-30T13:39:34.547+0000][17.883s][info ][gc,heap     ] GC(26) Old regions: 60->60
[2025-11-30T13:39:34.547+0000][17.883s][info ][gc,heap     ] GC(26) Archive regions: 2->2
[2025-11-30T13:39:34.547+0000][17.883s][info ][gc,heap     ] GC(26) Humongous regions: 0->0
[2025-11-30T13:39:34.547+0000][17.883s][info ][gc,metaspace] GC(26) Metaspace: 51721K(52224K)->51721K(52224K) NonClass: 45130K(45376K)->45130K(45376K) Class: 6590K(6848K)->6590K(6848K)
[2025-11-30T13:39:34.547+0000][17.883s][info ][gc          ] GC(26) Pause Young (Normal) (G1 Evacuation Pause) 195M->70M(230M) 7.870ms
[2025-11-30T13:39:34.547+0000][17.883s][info ][gc,cpu      ] GC(26) User=0.06s Sys=0.01s Real=0.01s
[2025-11-30T13:39:34.547+0000][17.883s][info ][safepoint   ] Safepoint "G1CollectForAllocation", Time since last: 352420503 ns, Reaching safepoint: 69302 ns, Cleanup: 71938 ns, At safepoint: 8100846 ns, Total: 8242086 ns
[2025-11-30T13:39:36.494+0000][19.830s][debug][safepoint   ] Safepoint synchronization initiated using futex wait barrier. (20 threads)
[2025-11-30T13:39:36.494+0000][19.831s][info ][safepoint   ] Safepoint "Cleanup", Time since last: 1946885452 ns, Reaching safepoint: 151411 ns, Cleanup: 121800 ns, At safepoint: 5070 ns, Total: 278281 ns
[2025-11-30T13:39:36.725+0000][20.061s][debug][safepoint   ] Safepoint synchronization initiated using futex wait barrier. (18 threads)
[2025-11-30T13:39:36.725+0000][20.062s][info ][safepoint   ] Safepoint "ICBufferFull", Time since last: 230651427 ns, Reaching safepoint: 193147 ns, Cleanup: 170916 ns, At safepoint: 34135 ns, Total: 398198 ns
[2025-11-30T13:39:37.615+0000][20.951s][debug][safepoint   ] Safepoint synchronization initiated using futex wait barrier. (23 threads)
[2025-11-30T13:39:37.615+0000][20.951s][info ][gc,start    ] GC(27) Pause Young (Normal) (G1 Evacuation Pause)
[2025-11-30T13:39:37.615+0000][20.951s][info ][gc,task     ] GC(27) Using 5 workers of 13 for evacuation
[2025-11-30T13:39:37.629+0000][20.965s][info ][gc,phases   ] GC(27)   Pre Evacuate Collection Set: 0.2ms
[2025-11-30T13:39:37.629+0000][20.965s][info ][gc,phases   ] GC(27)   Merge Heap Roots: 0.4ms
[2025-11-30T13:39:37.629+0000][20.965s][info ][gc,phases   ] GC(27)   Evacuate Collection Set: 11.0ms
[2025-11-30T13:39:37.629+0000][20.965s][info ][gc,phases   ] GC(27)   Post Evacuate Collection Set: 2.0ms
[2025-11-30T13:39:37.629+0000][20.965s][info ][gc,phases   ] GC(27)   Other: 0.1ms
[2025-11-30T13:39:37.629+0000][20.965s][info ][gc,heap     ] GC(27) Eden regions: 125->0(123)
[2025-11-30T13:39:37.629+0000][20.965s][info ][gc,heap     ] GC(27) Survivor regions: 10->10(17)
[2025-11-30T13:39:37.629+0000][20.965s][info ][gc,heap     ] GC(27) Old regions: 60->62
[2025-11-30T13:39:37.629+0000][20.965s][info ][gc,heap     ] GC(27) Archive regions: 2->2
[2025-11-30T13:39:37.629+0000][20.965s][info ][gc,heap     ] GC(27) Humongous regions: 0->0
[2025-11-30T13:39:37.629+0000][20.965s][info ][gc,metaspace] GC(27) Metaspace: 57558K(58048K)->57558K(58048K) NonClass: 50311K(50560K)->50311K(50560K) Class: 7246K(7488K)->7246K(7488K)
[2025-11-30T13:39:37.629+0000][20.965s][info ][gc          ] GC(27) Pause Young (Normal) (G1 Evacuation Pause) 195M->72M(230M) 13.856ms
[2025-11-30T13:39:37.629+0000][20.965s][info ][gc,cpu      ] GC(27) User=0.10s Sys=0.00s Real=0.01s
[2025-11-30T13:39:37.629+0000][20.965s][info ][safepoint   ] Safepoint "G1CollectForAllocation", Time since last: 889529754 ns, Reaching safepoint: 70734 ns, Cleanup: 142001 ns, At safepoint: 14000658 ns, Total: 14213393 ns
[2025-11-30T13:39:38.236+0000][21.573s][debug][safepoint   ] Safepoint synchronization initiated using futex wait barrier. (18 threads)
[2025-11-30T13:39:38.237+0000][21.573s][info ][gc,start    ] GC(28) Pause Young (Concurrent Start) (Metadata GC Threshold)
[2025-11-30T13:39:38.237+0000][21.573s][info ][gc,task     ] GC(28) Using 5 workers of 13 for evacuation
[2025-11-30T13:39:38.246+0000][21.582s][info ][gc,phases   ] GC(28)   Pre Evacuate Collection Set: 0.3ms
[2025-11-30T13:39:38.246+0000][21.582s][info ][gc,phases   ] GC(28)   Merge Heap Roots: 0.2ms
[2025-11-30T13:39:38.246+0000][21.582s][info ][gc,phases   ] GC(28)   Evacuate Collection Set: 7.3ms
[2025-11-30T13:39:38.246+0000][21.582s][info ][gc,phases   ] GC(28)   Post Evacuate Collection Set: 1.2ms
[2025-11-30T13:39:38.246+0000][21.582s][info ][gc,phases   ] GC(28)   Other: 0.2ms
[2025-11-30T13:39:38.246+0000][21.582s][info ][gc,heap     ] GC(28) Eden regions: 97->0(123)
[2025-11-30T13:39:38.246+0000][21.582s][info ][gc,heap     ] GC(28) Survivor regions: 10->9(17)
[2025-11-30T13:39:38.246+0000][21.582s][info ][gc,heap     ] GC(28) Old regions: 62->64
[2025-11-30T13:39:38.246+0000][21.582s][info ][gc,heap     ] GC(28) Archive regions: 2->2
[2025-11-30T13:39:38.246+0000][21.582s][info ][gc,heap     ] GC(28) Humongous regions: 0->0
[2025-11-30T13:39:38.246+0000][21.582s][info ][gc,metaspace] GC(28) Metaspace: 60068K(60480K)->60068K(60480K) NonClass: 52402K(52608K)->52402K(52608K) Class: 7666K(7872K)->7666K(7872K)
[2025-11-30T13:39:38.246+0000][21.582s][info ][gc          ] GC(28) Pause Young (Concurrent Start) (Metadata GC Threshold) 168M->72M(230M) 9.291ms
[2025-11-30T13:39:38.246+0000][21.582s][info ][gc,cpu      ] GC(28) User=0.04s Sys=0.00s Real=0.01s
[2025-11-30T13:39:38.246+0000][21.583s][info ][gc          ] GC(29) Concurrent Mark Cycle
[2025-11-30T13:39:38.246+0000][21.583s][info ][gc,marking  ] GC(29) Concurrent Clear Claimed Marks
[2025-11-30T13:39:38.246+0000][21.583s][info ][safepoint   ] Safepoint "CollectForMetadataAllocation", Time since last: 607500378 ns, Reaching safepoint: 81325 ns, Cleanup: 57429 ns, At safepoint: 9591933 ns, Total: 9730687 ns
[2025-11-30T13:39:38.246+0000][21.583s][info ][gc,marking  ] GC(29) Concurrent Clear Claimed Marks 0.111ms
[2025-11-30T13:39:38.246+0000][21.583s][info ][gc,marking  ] GC(29) Concurrent Scan Root Regions
[2025-11-30T13:39:38.250+0000][21.587s][info ][gc,marking  ] GC(29) Concurrent Scan Root Regions 4.107ms
[2025-11-30T13:39:38.250+0000][21.587s][info ][gc,marking  ] GC(29) Concurrent Mark
[2025-11-30T13:39:38.250+0000][21.587s][info ][gc,marking  ] GC(29) Concurrent Mark From Roots
[2025-11-30T13:39:38.250+0000][21.587s][info ][gc,task     ] GC(29) Using 3 workers of 3 for marking
[2025-11-30T13:39:38.277+0000][21.614s][info ][gc,marking  ] GC(29) Concurrent Mark From Roots 26.854ms
[2025-11-30T13:39:38.277+0000][21.614s][info ][gc,marking  ] GC(29) Concurrent Preclean
[2025-11-30T13:39:38.278+0000][21.614s][info ][gc,marking  ] GC(29) Concurrent Preclean 0.318ms
[2025-11-30T13:39:38.278+0000][21.614s][debug][safepoint   ] Safepoint synchronization initiated using futex wait barrier. (18 threads)
[2025-11-30T13:39:38.278+0000][21.614s][info ][gc,start    ] GC(29) Pause Remark
[2025-11-30T13:39:38.282+0000][21.619s][info ][gc          ] GC(29) Pause Remark 75M->75M(230M) 4.300ms
[2025-11-30T13:39:38.282+0000][21.619s][info ][gc,cpu      ] GC(29) User=0.02s Sys=0.01s Real=0.01s
[2025-11-30T13:39:38.282+0000][21.619s][info ][safepoint   ] Safepoint "G1PauseRemark", Time since last: 31566828 ns, Reaching safepoint: 246940 ns, Cleanup: 3977 ns, At safepoint: 4436789 ns, Total: 4687706 ns
[2025-11-30T13:39:38.283+0000][21.619s][info ][gc,marking  ] GC(29) Concurrent Mark 32.165ms
[2025-11-30T13:39:38.283+0000][21.619s][info ][gc,marking  ] GC(29) Concurrent Rebuild Remembered Sets
[2025-11-30T13:39:38.283+0000][21.619s][debug][safepoint   ] Safepoint synchronization initiated using futex wait barrier. (18 threads)
[2025-11-30T13:39:38.283+0000][21.619s][info ][safepoint   ] Safepoint "CollectForMetadataAllocation", Time since last: 208267 ns, Reaching safepoint: 15018 ns, Cleanup: 3447 ns, At safepoint: 3757 ns, Total: 22222 ns
[2025-11-30T13:39:38.300+0000][21.637s][info ][gc,marking  ] GC(29) Concurrent Rebuild Remembered Sets 17.544ms
[2025-11-30T13:39:38.300+0000][21.637s][debug][safepoint   ] Safepoint synchronization initiated using futex wait barrier. (18 threads)
[2025-11-30T13:39:38.300+0000][21.637s][info ][gc,start    ] GC(29) Pause Cleanup
[2025-11-30T13:39:38.301+0000][21.637s][info ][gc          ] GC(29) Pause Cleanup 77M->77M(230M) 0.345ms
[2025-11-30T13:39:38.301+0000][21.637s][info ][gc,cpu      ] GC(29) User=0.00s Sys=0.00s Real=0.00s
[2025-11-30T13:39:38.301+0000][21.637s][info ][safepoint   ] Safepoint "G1PauseCleanup", Time since last: 17634387 ns, Reaching safepoint: 162730 ns, Cleanup: 22944 ns, At safepoint: 426001 ns, Total: 611675 ns
[2025-11-30T13:39:38.301+0000][21.637s][info ][gc,marking  ] GC(29) Concurrent Cleanup for Next Mark
[2025-11-30T13:39:38.303+0000][21.640s][info ][gc,marking  ] GC(29) Concurrent Cleanup for Next Mark 2.177ms
[2025-11-30T13:39:38.303+0000][21.640s][info ][gc          ] GC(29) Concurrent Mark Cycle 57.131ms
[2025-11-30T13:39:39.142+0000][22.478s][debug][safepoint   ] Safepoint synchronization initiated using futex wait barrier. (21 threads)
[2025-11-30T13:39:39.144+0000][22.480s][info ][gc,start    ] GC(30) Pause Young (Prepare Mixed) (G1 Evacuation Pause)
[2025-11-30T13:39:39.144+0000][22.481s][info ][gc,task     ] GC(30) Using 5 workers of 13 for evacuation
[2025-11-30T13:39:39.151+0000][22.488s][info ][gc,phases   ] GC(30)   Pre Evacuate Collection Set: 0.2ms
[2025-11-30T13:39:39.151+0000][22.488s][info ][gc,phases   ] GC(30)   Merge Heap Roots: 0.1ms
[2025-11-30T13:39:39.151+0000][22.488s][info ][gc,phases   ] GC(30)   Evacuate Collection Set: 5.4ms
[2025-11-30T13:39:39.151+0000][22.488s][info ][gc,phases   ] GC(30)   Post Evacuate Collection Set: 1.5ms
[2025-11-30T13:39:39.151+0000][22.488s][info ][gc,phases   ] GC(30)   Other: 0.2ms
[2025-11-30T13:39:39.151+0000][22.488s][info ][gc,heap     ] GC(30) Eden regions: 123->0(1)
[2025-11-30T13:39:39.151+0000][22.488s][info ][gc,heap     ] GC(30) Survivor regions: 9->10(17)
[2025-11-30T13:39:39.151+0000][22.488s][info ][gc,heap     ] GC(30) Old regions: 64->64
[2025-11-30T13:39:39.151+0000][22.488s][info ][gc,heap     ] GC(30) Archive regions: 2->2
[2025-11-30T13:39:39.151+0000][22.488s][info ][gc,heap     ] GC(30) Humongous regions: 0->0
[2025-11-30T13:39:39.152+0000][22.488s][info ][gc,metaspace] GC(30) Metaspace: 64222K(64704K)->64222K(64704K) NonClass: 56011K(56256K)->56011K(56256K) Class: 8211K(8448K)->8211K(8448K)
[2025-11-30T13:39:39.152+0000][22.488s][info ][gc          ] GC(30) Pause Young (Prepare Mixed) (G1 Evacuation Pause) 195M->74M(230M) 7.580ms
[2025-11-30T13:39:39.152+0000][22.488s][info ][gc,cpu      ] GC(30) User=0.03s Sys=0.00s Real=0.01s
[2025-11-30T13:39:39.152+0000][22.488s][info ][safepoint   ] Safepoint "G1CollectForAllocation", Time since last: 840725263 ns, Reaching safepoint: 57631 ns, Cleanup: 2285700 ns, At safepoint: 7730900 ns, Total: 10074231 ns
[2025-11-30T13:39:39.156+0000][22.493s][debug][safepoint   ] Safepoint synchronization initiated using futex wait barrier. (21 threads)
[2025-11-30T13:39:39.156+0000][22.493s][info ][gc,start    ] GC(31) Pause Young (Mixed) (G1 Evacuation Pause)
[2025-11-30T13:39:39.156+0000][22.493s][info ][gc,task     ] GC(31) Using 5 workers of 13 for evacuation
[2025-11-30T13:39:39.165+0000][22.502s][info ][gc,phases   ] GC(31)   Pre Evacuate Collection Set: 0.2ms
[2025-11-30T13:39:39.165+0000][22.502s][info ][gc,phases   ] GC(31)   Merge Heap Roots: 0.3ms
[2025-11-30T13:39:39.165+0000][22.502s][info ][gc,phases   ] GC(31)   Evacuate Collection Set: 7.4ms
[2025-11-30T13:39:39.165+0000][22.502s][info ][gc,phases   ] GC(31)   Post Evacuate Collection Set: 1.1ms
[2025-11-30T13:39:39.165+0000][22.502s][info ][gc,phases   ] GC(31)   Other: 0.1ms
[2025-11-30T13:39:39.165+0000][22.502s][info ][gc,heap     ] GC(31) Eden regions: 1->0(123)
[2025-11-30T13:39:39.165+0000][22.502s][info ][gc,heap     ] GC(31) Survivor regions: 10->2(2)
[2025-11-30T13:39:39.165+0000][22.502s][info ][gc,heap     ] GC(31) Old regions: 64->72
[2025-11-30T13:39:39.165+0000][22.502s][info ][gc,heap     ] GC(31) Archive regions: 2->2
[2025-11-30T13:39:39.165+0000][22.502s][info ][gc,heap     ] GC(31) Humongous regions: 0->0
[2025-11-30T13:39:39.165+0000][22.502s][info ][gc,metaspace] GC(31) Metaspace: 64237K(64704K)->64237K(64704K) NonClass: 56023K(56256K)->56023K(56256K) Class: 8213K(8448K)->8213K(8448K)
[2025-11-30T13:39:39.166+0000][22.502s][info ][gc          ] GC(31) Pause Young (Mixed) (G1 Evacuation Pause) 75M->73M(230M) 9.184ms
[2025-11-30T13:39:39.166+0000][22.502s][info ][gc,cpu      ] GC(31) User=0.05s Sys=0.00s Real=0.01s
[2025-11-30T13:39:39.166+0000][22.502s][info ][safepoint   ] Safepoint "G1CollectForAllocation", Time since last: 4592173 ns, Reaching safepoint: 46730 ns, Cleanup: 3657 ns, At safepoint: 9280233 ns, Total: 9330620 ns
[2025-11-30T13:39:39.790+0000][23.126s][debug][safepoint   ] Safepoint synchronization initiated using futex wait barrier. (21 threads)
[2025-11-30T13:39:39.790+0000][23.126s][info ][gc,start    ] GC(32) Pause Young (Normal) (G1 Evacuation Pause)
[2025-11-30T13:39:39.790+0000][23.126s][info ][gc,task     ] GC(32) Using 5 workers of 13 for evacuation
[2025-11-30T13:39:39.793+0000][23.130s][info ][gc,phases   ] GC(32)   Pre Evacuate Collection Set: 0.1ms
[2025-11-30T13:39:39.793+0000][23.130s][info ][gc,phases   ] GC(32)   Merge Heap Roots: 0.1ms
[2025-11-30T13:39:39.793+0000][23.130s][info ][gc,phases   ] GC(32)   Evacuate Collection Set: 1.5ms
[2025-11-30T13:39:39.793+0000][23.130s][info ][gc,phases   ] GC(32)   Post Evacuate Collection Set: 1.2ms
[2025-11-30T13:39:39.793+0000][23.130s][info ][gc,phases   ] GC(32)   Other: 0.2ms
[2025-11-30T13:39:39.793+0000][23.130s][info ][gc,heap     ] GC(32) Eden regions: 123->0(125)
[2025-11-30T13:39:39.793+0000][23.130s][info ][gc,heap     ] GC(32) Survivor regions: 2->1(16)
[2025-11-30T13:39:39.793+0000][23.130s][info ][gc,heap     ] GC(32) Old regions: 72->72
[2025-11-30T13:39:39.793+0000][23.130s][info ][gc,heap     ] GC(32) Archive regions: 2->2
[2025-11-30T13:39:39.793+0000][23.130s][info ][gc,heap     ] GC(32) Humongous regions: 0->0
[2025-11-30T13:39:39.793+0000][23.130s][info ][gc,metaspace] GC(32) Metaspace: 66517K(66944K)->66517K(66944K) NonClass: 57892K(58112K)->57892K(58112K) Class: 8625K(8832K)->8625K(8832K)
[2025-11-30T13:39:39.793+0000][23.130s][info ][gc          ] GC(32) Pause Young (Normal) (G1 Evacuation Pause) 196M->72M(230M) 3.325ms
[2025-11-30T13:39:39.793+0000][23.130s][info ][gc,cpu      ] GC(32) User=0.01s Sys=0.01s Real=0.01s
[2025-11-30T13:39:39.793+0000][23.130s][info ][safepoint   ] Safepoint "G1CollectForAllocation", Time since last: 624072205 ns, Reaching safepoint: 71838 ns, Cleanup: 67650 ns, At safepoint: 3497767 ns, Total: 3637255 ns
[2025-11-30T13:39:40.397+0000][23.734s][debug][safepoint   ] Safepoint synchronization initiated using futex wait barrier. (24 threads)
[2025-11-30T13:39:40.398+0000][23.734s][info ][safepoint   ] Safepoint "ICBufferFull", Time since last: 604165629 ns, Reaching safepoint: 93359 ns, Cleanup: 194123 ns, At safepoint: 55477 ns, Total: 342959 ns
[2025-11-30T13:39:41.123+0000][24.460s][debug][safepoint   ] Safepoint synchronization initiated using futex wait barrier. (29 threads)
[2025-11-30T13:39:41.123+0000][24.460s][info ][gc,start    ] GC(33) Pause Young (Normal) (G1 Evacuation Pause)
[2025-11-30T13:39:41.123+0000][24.460s][info ][gc,task     ] GC(33) Using 5 workers of 13 for evacuation
[2025-11-30T13:39:41.130+0000][24.466s][info ][gc,phases   ] GC(33)   Pre Evacuate Collection Set: 0.2ms
[2025-11-30T13:39:41.130+0000][24.466s][info ][gc,phases   ] GC(33)   Merge Heap Roots: 0.1ms
[2025-11-30T13:39:41.130+0000][24.466s][info ][gc,phases   ] GC(33)   Evacuate Collection Set: 4.3ms
[2025-11-30T13:39:41.130+0000][24.466s][info ][gc,phases   ] GC(33)   Post Evacuate Collection Set: 1.4ms
[2025-11-30T13:39:41.130+0000][24.466s][info ][gc,phases   ] GC(33)   Other: 0.1ms
[2025-11-30T13:39:41.130+0000][24.466s][info ][gc,heap     ] GC(33) Eden regions: 125->0(120)
[2025-11-30T13:39:41.130+0000][24.466s][info ][gc,heap     ] GC(33) Survivor regions: 1->5(16)
[2025-11-30T13:39:41.130+0000][24.466s][info ][gc,heap     ] GC(33) Old regions: 72->72
[2025-11-30T13:39:41.130+0000][24.466s][info ][gc,heap     ] GC(33) Archive regions: 2->2
[2025-11-30T13:39:41.130+0000][24.466s][info ][gc,heap     ] GC(33) Humongous regions: 0->0
[2025-11-30T13:39:41.130+0000][24.466s][info ][gc,metaspace] GC(33) Metaspace: 70064K(70528K)->70064K(70528K) NonClass: 61047K(61312K)->61047K(61312K) Class: 9016K(9216K)->9016K(9216K)
[2025-11-30T13:39:41.130+0000][24.466s][info ][gc          ] GC(33) Pause Young (Normal) (G1 Evacuation Pause) 197M->76M(230M) 6.310ms
[2025-11-30T13:39:41.130+0000][24.466s][info ][gc,cpu      ] GC(33) User=0.05s Sys=0.01s Real=0.00s
[2025-11-30T13:39:41.130+0000][24.466s][info ][safepoint   ] Safepoint "G1CollectForAllocation", Time since last: 725325395 ns, Reaching safepoint: 72399 ns, Cleanup: 226094 ns, At safepoint: 6457796 ns, Total: 6756289 ns
[2025-11-30T13:39:42.023+0000][25.360s][debug][safepoint   ] Safepoint synchronization initiated using futex wait barrier. (30 threads)
[2025-11-30T13:39:42.024+0000][25.361s][info ][safepoint   ] Safepoint "ICBufferFull", Time since last: 893607818 ns, Reaching safepoint: 204718 ns, Cleanup: 236935 ns, At safepoint: 84031 ns, Total: 525684 ns
[2025-11-30T13:39:42.641+0000][25.977s][debug][safepoint   ] Safepoint synchronization initiated using futex wait barrier. (25 threads)
[2025-11-30T13:39:42.641+0000][25.978s][info ][gc,start    ] GC(34) Pause Young (Normal) (G1 Evacuation Pause)
[2025-11-30T13:39:42.641+0000][25.978s][info ][gc,task     ] GC(34) Using 5 workers of 13 for evacuation
[2025-11-30T13:39:42.649+0000][25.985s][info ][gc,phases   ] GC(34)   Pre Evacuate Collection Set: 0.2ms
[2025-11-30T13:39:42.649+0000][25.985s][info ][gc,phases   ] GC(34)   Merge Heap Roots: 0.2ms
[2025-11-30T13:39:42.649+0000][25.985s][info ][gc,phases   ] GC(34)   Evacuate Collection Set: 5.5ms
[2025-11-30T13:39:42.649+0000][25.985s][info ][gc,phases   ] GC(34)   Post Evacuate Collection Set: 1.8ms
[2025-11-30T13:39:42.649+0000][25.985s][info ][gc,phases   ] GC(34)   Other: 0.2ms
[2025-11-30T13:39:42.649+0000][25.986s][info ][gc,heap     ] GC(34) Eden regions: 120->0(118)
[2025-11-30T13:39:42.649+0000][25.986s][info ][gc,heap     ] GC(34) Survivor regions: 5->7(16)
[2025-11-30T13:39:42.649+0000][25.986s][info ][gc,heap     ] GC(34) Old regions: 72->72
[2025-11-30T13:39:42.649+0000][25.986s][info ][gc,heap     ] GC(34) Archive regions: 2->2
[2025-11-30T13:39:42.649+0000][25.986s][info ][gc,heap     ] GC(34) Humongous regions: 0->0
[2025-11-30T13:39:42.649+0000][25.986s][info ][gc,metaspace] GC(34) Metaspace: 73052K(73536K)->73052K(73536K) NonClass: 63646K(63872K)->63646K(63872K) Class: 9406K(9664K)->9406K(9664K)
[2025-11-30T13:39:42.649+0000][25.986s][info ][gc          ] GC(34) Pause Young (Normal) (G1 Evacuation Pause) 196M->78M(230M) 8.068ms
[2025-11-30T13:39:42.649+0000][25.986s][info ][gc,cpu      ] GC(34) User=0.04s Sys=0.00s Real=0.01s
[2025-11-30T13:39:42.649+0000][25.986s][info ][safepoint   ] Safepoint "G1CollectForAllocation", Time since last: 616697795 ns, Reaching safepoint: 192340 ns, Cleanup: 182350 ns, At safepoint: 8213664 ns, Total: 8588354 ns
[2025-11-30T13:39:42.971+0000][26.307s][debug][safepoint   ] Safepoint synchronization initiated using futex wait barrier. (27 threads)
[2025-11-30T13:39:42.971+0000][26.307s][info ][safepoint   ] Safepoint "ICBufferFull", Time since last: 321300765 ns, Reaching safepoint: 69914 ns, Cleanup: 208801 ns, At safepoint: 7675 ns, Total: 286390 ns
[2025-11-30T13:39:43.661+0000][26.998s][debug][safepoint   ] Safepoint synchronization initiated using futex wait barrier. (24 threads)
[2025-11-30T13:39:43.661+0000][26.998s][info ][gc,start    ] GC(35) Pause Young (Normal) (G1 Evacuation Pause)
[2025-11-30T13:39:43.661+0000][26.998s][info ][gc,task     ] GC(35) Using 5 workers of 13 for evacuation
[2025-11-30T13:39:43.668+0000][27.004s][info ][gc,phases   ] GC(35)   Pre Evacuate Collection Set: 0.1ms
[2025-11-30T13:39:43.668+0000][27.004s][info ][gc,phases   ] GC(35)   Merge Heap Roots: 0.1ms
[2025-11-30T13:39:43.668+0000][27.004s][info ][gc,phases   ] GC(35)   Evacuate Collection Set: 4.6ms
[2025-11-30T13:39:43.668+0000][27.004s][info ][gc,phases   ] GC(35)   Post Evacuate Collection Set: 1.4ms
[2025-11-30T13:39:43.668+0000][27.004s][info ][gc,phases   ] GC(35)   Other: 0.1ms
[2025-11-30T13:39:43.668+0000][27.004s][info ][gc,heap     ] GC(35) Eden regions: 118->0(117)
[2025-11-30T13:39:43.668+0000][27.004s][info ][gc,heap     ] GC(35) Survivor regions: 7->8(16)
[2025-11-30T13:39:43.668+0000][27.004s][info ][gc,heap     ] GC(35) Old regions: 72->72
[2025-11-30T13:39:43.668+0000][27.004s][info ][gc,heap     ] GC(35) Archive regions: 2->2
[2025-11-30T13:39:43.668+0000][27.004s][info ][gc,heap     ] GC(35) Humongous regions: 0->0
[2025-11-30T13:39:43.668+0000][27.004s][info ][gc,metaspace] GC(35) Metaspace: 77805K(78336K)->77805K(78336K) NonClass: 67708K(67968K)->67708K(67968K) Class: 10097K(10368K)->10097K(10368K)
[2025-11-30T13:39:43.668+0000][27.004s][info ][gc          ] GC(35) Pause Young (Normal) (G1 Evacuation Pause) 196M->79M(230M) 6.472ms
[2025-11-30T13:39:43.668+0000][27.004s][info ][gc,cpu      ] GC(35) User=0.03s Sys=0.00s Real=0.01s
[2025-11-30T13:39:43.668+0000][27.004s][info ][safepoint   ] Safepoint "G1CollectForAllocation", Time since last: 690315437 ns, Reaching safepoint: 52631 ns, Cleanup: 30659 ns, At safepoint: 6532796 ns, Total: 6616086 ns
[2025-11-30T13:39:44.305+0000][27.641s][debug][safepoint   ] Safepoint synchronization initiated using futex wait barrier. (22 threads)
[2025-11-30T13:39:44.305+0000][27.642s][info ][gc,start    ] GC(36) Pause Young (Normal) (G1 Evacuation Pause)
[2025-11-30T13:39:44.305+0000][27.642s][info ][gc,task     ] GC(36) Using 5 workers of 13 for evacuation
[2025-11-30T13:39:44.312+0000][27.648s][info ][gc,phases   ] GC(36)   Pre Evacuate Collection Set: 0.2ms
[2025-11-30T13:39:44.312+0000][27.648s][info ][gc,phases   ] GC(36)   Merge Heap Roots: 0.1ms
[2025-11-30T13:39:44.312+0000][27.649s][info ][gc,phases   ] GC(36)   Evacuate Collection Set: 4.9ms
[2025-11-30T13:39:44.312+0000][27.649s][info ][gc,phases   ] GC(36)   Post Evacuate Collection Set: 1.4ms
[2025-11-30T13:39:44.312+0000][27.649s][info ][gc,phases   ] GC(36)   Other: 0.1ms
[2025-11-30T13:39:44.312+0000][27.649s][info ][gc,heap     ] GC(36) Eden regions: 117->0(117)
[2025-11-30T13:39:44.312+0000][27.649s][info ][gc,heap     ] GC(36) Survivor regions: 8->8(16)
[2025-11-30T13:39:44.312+0000][27.649s][info ][gc,heap     ] GC(36) Old regions: 72->72
[2025-11-30T13:39:44.312+0000][27.649s][info ][gc,heap     ] GC(36) Archive regions: 2->2
[2025-11-30T13:39:44.312+0000][27.649s][info ][gc,heap     ] GC(36) Humongous regions: 0->0
[2025-11-30T13:39:44.312+0000][27.649s][info ][gc,metaspace] GC(36) Metaspace: 79637K(80128K)->79637K(80128K) NonClass: 69161K(69376K)->69161K(69376K) Class: 10475K(10752K)->10475K(10752K)
[2025-11-30T13:39:44.312+0000][27.649s][info ][gc          ] GC(36) Pause Young (Normal) (G1 Evacuation Pause) 196M->79M(230M) 6.943ms
[2025-11-30T13:39:44.312+0000][27.649s][info ][gc,cpu      ] GC(36) User=0.03s Sys=0.00s Real=0.01s
[2025-11-30T13:39:44.312+0000][27.649s][info ][safepoint   ] Safepoint "G1CollectForAllocation", Time since last: 637156518 ns, Reaching safepoint: 72970 ns, Cleanup: 136543 ns, At safepoint: 7032305 ns, Total: 7241818 ns
[2025-11-30T13:39:44.577+0000][27.914s][debug][safepoint   ] Safepoint synchronization initiated using futex wait barrier. (22 threads)
[2025-11-30T13:39:44.577+0000][27.914s][info ][safepoint   ] Safepoint "ICBufferFull", Time since last: 265098410 ns, Reaching safepoint: 49715 ns, Cleanup: 119870 ns, At safepoint: 1804 ns, Total: 171389 ns
[2025-11-30T13:39:44.676+0000][28.012s][debug][safepoint   ] Safepoint synchronization initiated using futex wait barrier. (22 threads)
[2025-11-30T13:39:44.676+0000][28.012s][info ][safepoint   ] Safepoint "ICBufferFull", Time since last: 98321508 ns, Reaching safepoint: 49004 ns, Cleanup: 105192 ns, At safepoint: 1884 ns, Total: 156080 ns
[2025-11-30T13:39:44.823+0000][28.159s][debug][safepoint   ] Safepoint synchronization initiated using futex wait barrier. (24 threads)
[2025-11-30T13:39:44.823+0000][28.159s][info ][safepoint   ] Safepoint "ICBufferFull", Time since last: 146676657 ns, Reaching safepoint: 65356 ns, Cleanup: 191528 ns, At safepoint: 27482 ns, Total: 284366 ns
[2025-11-30T13:39:45.010+0000][28.347s][debug][safepoint   ] Safepoint synchronization initiated using futex wait barrier. (24 threads)
[2025-11-30T13:39:45.011+0000][28.347s][info ][safepoint   ] Safepoint "ICBufferFull", Time since last: 187400081 ns, Reaching safepoint: 73141 ns, Cleanup: 154156 ns, At safepoint: 35508 ns, Total: 262805 ns
[2025-11-30T13:39:45.286+0000][28.623s][debug][safepoint   ] Safepoint synchronization initiated using futex wait barrier. (24 threads)
[2025-11-30T13:39:45.286+0000][28.623s][info ][gc,start    ] GC(37) Pause Young (Normal) (G1 Evacuation Pause)
[2025-11-30T13:39:45.286+0000][28.623s][info ][gc,task     ] GC(37) Using 5 workers of 13 for evacuation
[2025-11-30T13:39:45.293+0000][28.629s][info ][gc,phases   ] GC(37)   Pre Evacuate Collection Set: 0.2ms
[2025-11-30T13:39:45.293+0000][28.629s][info ][gc,phases   ] GC(37)   Merge Heap Roots: 0.1ms
[2025-11-30T13:39:45.293+0000][28.629s][info ][gc,phases   ] GC(37)   Evacuate Collection Set: 4.8ms
[2025-11-30T13:39:45.293+0000][28.629s][info ][gc,phases   ] GC(37)   Post Evacuate Collection Set: 1.2ms
[2025-11-30T13:39:45.293+0000][28.629s][info ][gc,phases   ] GC(37)   Other: 0.1ms
[2025-11-30T13:39:45.293+0000][28.629s][info ][gc,heap     ] GC(37) Eden regions: 117->0(113)
[2025-11-30T13:39:45.293+0000][28.629s][info ][gc,heap     ] GC(37) Survivor regions: 8->10(16)
[2025-11-30T13:39:45.293+0000][28.629s][info ][gc,heap     ] GC(37) Old regions: 72->72
[2025-11-30T13:39:45.293+0000][28.629s][info ][gc,heap     ] GC(37) Archive regions: 2->2
[2025-11-30T13:39:45.293+0000][28.629s][info ][gc,heap     ] GC(37) Humongous regions: 0->0
[2025-11-30T13:39:45.293+0000][28.629s][info ][gc,metaspace] GC(37) Metaspace: 81370K(81920K)->81370K(81920K) NonClass: 70724K(70976K)->70724K(70976K) Class: 10645K(10944K)->10645K(10944K)
[2025-11-30T13:39:45.293+0000][28.629s][info ][gc          ] GC(37) Pause Young (Normal) (G1 Evacuation Pause) 196M->81M(230M) 6.480ms
[2025-11-30T13:39:45.293+0000][28.629s][info ][gc,cpu      ] GC(37) User=0.03s Sys=0.00s Real=0.01s
[2025-11-30T13:39:45.293+0000][28.629s][info ][safepoint   ] Safepoint "G1CollectForAllocation", Time since last: 275465449 ns, Reaching safepoint: 50297 ns, Cleanup: 119690 ns, At safepoint: 6539418 ns, Total: 6709405 ns
[2025-11-30T13:39:45.873+0000][29.209s][debug][safepoint   ] Safepoint synchronization initiated using futex wait barrier. (22 threads)
[2025-11-30T13:39:45.873+0000][29.209s][info ][safepoint   ] Safepoint "ICBufferFull", Time since last: 579962034 ns, Reaching safepoint: 49154 ns, Cleanup: 130000 ns, At safepoint: 1773 ns, Total: 180927 ns
[2025-11-30T13:39:46.081+0000][29.417s][debug][safepoint   ] Safepoint synchronization initiated using futex wait barrier. (22 threads)
[2025-11-30T13:39:46.081+0000][29.417s][info ][gc,start    ] GC(38) Pause Young (Normal) (G1 Evacuation Pause)
[2025-11-30T13:39:46.081+0000][29.417s][info ][gc,task     ] GC(38) Using 5 workers of 13 for evacuation
[2025-11-30T13:39:46.089+0000][29.426s][info ][gc,phases   ] GC(38)   Pre Evacuate Collection Set: 0.2ms
[2025-11-30T13:39:46.089+0000][29.426s][info ][gc,phases   ] GC(38)   Merge Heap Roots: 0.2ms
[2025-11-30T13:39:46.089+0000][29.426s][info ][gc,phases   ] GC(38)   Evacuate Collection Set: 6.5ms
[2025-11-30T13:39:46.089+0000][29.426s][info ][gc,phases   ] GC(38)   Post Evacuate Collection Set: 1.5ms
[2025-11-30T13:39:46.089+0000][29.426s][info ][gc,phases   ] GC(38)   Other: 0.1ms
[2025-11-30T13:39:46.089+0000][29.426s][info ][gc,heap     ] GC(38) Eden regions: 113->0(113)
[2025-11-30T13:39:46.089+0000][29.426s][info ][gc,heap     ] GC(38) Survivor regions: 10->8(16)
[2025-11-30T13:39:46.089+0000][29.426s][info ][gc,heap     ] GC(38) Old regions: 72->76
[2025-11-30T13:39:46.089+0000][29.426s][info ][gc,heap     ] GC(38) Archive regions: 2->2
[2025-11-30T13:39:46.089+0000][29.426s][info ][gc,heap     ] GC(38) Humongous regions: 0->0
[2025-11-30T13:39:46.089+0000][29.426s][info ][gc,metaspace] GC(38) Metaspace: 84585K(85248K)->84585K(85248K) NonClass: 73492K(73856K)->73492K(73856K) Class: 11092K(11392K)->11092K(11392K)
[2025-11-30T13:39:46.089+0000][29.426s][info ][gc          ] GC(38) Pause Young (Normal) (G1 Evacuation Pause) 194M->83M(230M) 8.568ms
[2025-11-30T13:39:46.089+0000][29.426s][info ][gc,cpu      ] GC(38) User=0.04s Sys=0.00s Real=0.01s
[2025-11-30T13:39:46.089+0000][29.426s][info ][safepoint   ] Safepoint "G1CollectForAllocation", Time since last: 207608219 ns, Reaching safepoint: 62700 ns, Cleanup: 60967 ns, At safepoint: 8693896 ns, Total: 8817563 ns
[2025-11-30T13:39:46.124+0000][29.460s][debug][safepoint   ] ... found polling page loop exception at pc = 0x0000788ff9428ca0, stub =0x0000788ff8a04400
[2025-11-30T13:39:46.314+0000][29.650s][debug][safepoint   ] Safepoint synchronization initiated using futex wait barrier. (22 threads)
[2025-11-30T13:39:46.314+0000][29.651s][info ][safepoint   ] Safepoint "ICBufferFull", Time since last: 224362158 ns, Reaching safepoint: 69874 ns, Cleanup: 400308 ns, At safepoint: 6874 ns, Total: 477056 ns
[2025-11-30T13:39:46.620+0000][29.956s][debug][safepoint   ] Safepoint synchronization initiated using futex wait barrier. (25 threads)
[2025-11-30T13:39:46.620+0000][29.957s][info ][safepoint   ] Safepoint "ICBufferFull", Time since last: 305545157 ns, Reaching safepoint: 462243 ns, Cleanup: 171820 ns, At safepoint: 66017 ns, Total: 700080 ns
[2025-11-30T13:39:46.646+0000][29.982s][debug][safepoint   ] Safepoint synchronization initiated using futex wait barrier. (25 threads)
[2025-11-30T13:39:46.646+0000][29.983s][info ][gc,start    ] GC(39) Pause Young (Normal) (G1 Evacuation Pause)
[2025-11-30T13:39:46.646+0000][29.983s][info ][gc,task     ] GC(39) Using 5 workers of 13 for evacuation
[2025-11-30T13:39:46.656+0000][29.992s][info ][gc,phases   ] GC(39)   Pre Evacuate Collection Set: 0.2ms
[2025-11-30T13:39:46.656+0000][29.992s][info ][gc,phases   ] GC(39)   Merge Heap Roots: 0.2ms
[2025-11-30T13:39:46.656+0000][29.992s][info ][gc,phases   ] GC(39)   Evacuate Collection Set: 7.0ms
[2025-11-30T13:39:46.656+0000][29.992s][info ][gc,phases   ] GC(39)   Post Evacuate Collection Set: 1.9ms
[2025-11-30T13:39:46.656+0000][29.992s][info ][gc,phases   ] GC(39)   Other: 0.2ms
[2025-11-30T13:39:46.656+0000][29.992s][info ][gc,heap     ] GC(39) Eden regions: 113->0(111)
[2025-11-30T13:39:46.656+0000][29.992s][info ][gc,heap     ] GC(39) Survivor regions: 8->9(16)
[2025-11-30T13:39:46.656+0000][29.992s][info ][gc,heap     ] GC(39) Old regions: 76->76
[2025-11-30T13:39:46.656+0000][29.992s][info ][gc,heap     ] GC(39) Archive regions: 2->2
[2025-11-30T13:39:46.656+0000][29.992s][info ][gc,heap     ] GC(39) Humongous regions: 0->0
[2025-11-30T13:39:46.656+0000][29.992s][info ][gc,metaspace] GC(39) Metaspace: 86049K(86656K)->86049K(86656K) NonClass: 74807K(75136K)->74807K(75136K) Class: 11241K(11520K)->11241K(11520K)
[2025-11-30T13:39:46.656+0000][29.992s][info ][gc          ] GC(39) Pause Young (Normal) (G1 Evacuation Pause) 196M->84M(230M) 9.828ms
[2025-11-30T13:39:46.656+0000][29.992s][info ][gc,cpu      ] GC(39) User=0.07s Sys=0.00s Real=0.01s
[2025-11-30T13:39:46.656+0000][29.993s][info ][safepoint   ] Safepoint "G1CollectForAllocation", Time since last: 25428667 ns, Reaching safepoint: 173503 ns, Cleanup: 32933 ns, At safepoint: 9955168 ns, Total: 10161604 ns
[2025-11-30T13:39:47.448+0000][30.784s][debug][safepoint   ] Safepoint synchronization initiated using futex wait barrier. (25 threads)
[2025-11-30T13:39:47.448+0000][30.785s][info ][safepoint   ] Safepoint "ICBufferFull", Time since last: 791974678 ns, Reaching safepoint: 64493 ns, Cleanup: 175273 ns, At safepoint: 56497 ns, Total: 296263 ns
[2025-11-30T13:39:47.615+0000][30.951s][debug][safepoint   ] Safepoint synchronization initiated using futex wait barrier. (25 threads)
[2025-11-30T13:39:47.615+0000][30.951s][info ][gc,start    ] GC(40) Pause Young (Normal) (G1 Evacuation Pause)
[2025-11-30T13:39:47.615+0000][30.951s][info ][gc,task     ] GC(40) Using 5 workers of 13 for evacuation
[2025-11-30T13:39:47.623+0000][30.960s][info ][gc,phases   ] GC(40)   Pre Evacuate Collection Set: 0.2ms
[2025-11-30T13:39:47.624+0000][30.960s][info ][gc,phases   ] GC(40)   Merge Heap Roots: 0.2ms
[2025-11-30T13:39:47.624+0000][30.960s][info ][gc,phases   ] GC(40)   Evacuate Collection Set: 6.3ms
[2025-11-30T13:39:47.624+0000][30.960s][info ][gc,phases   ] GC(40)   Post Evacuate Collection Set: 2.1ms
[2025-11-30T13:39:47.624+0000][30.960s][info ][gc,phases   ] GC(40)   Other: 0.1ms
[2025-11-30T13:39:47.624+0000][30.960s][info ][gc,heap     ] GC(40) Eden regions: 111->0(108)
[2025-11-30T13:39:47.624+0000][30.960s][info ][gc,heap     ] GC(40) Survivor regions: 9->10(15)
[2025-11-30T13:39:47.624+0000][30.960s][info ][gc,heap     ] GC(40) Old regions: 76->77
[2025-11-30T13:39:47.624+0000][30.960s][info ][gc,heap     ] GC(40) Archive regions: 2->2
[2025-11-30T13:39:47.624+0000][30.960s][info ][gc,heap     ] GC(40) Humongous regions: 0->0
[2025-11-30T13:39:47.624+0000][30.960s][info ][gc,metaspace] GC(40) Metaspace: 90405K(91072K)->90405K(91072K) NonClass: 78423K(78784K)->78423K(78784K) Class: 11982K(12288K)->11982K(12288K)
[2025-11-30T13:39:47.624+0000][30.960s][info ][gc          ] GC(40) Pause Young (Normal) (G1 Evacuation Pause) 195M->86M(230M) 9.038ms
[2025-11-30T13:39:47.624+0000][30.960s][info ][gc,cpu      ] GC(40) User=0.04s Sys=0.00s Real=0.01s
[2025-11-30T13:39:47.624+0000][30.960s][info ][safepoint   ] Safepoint "G1CollectForAllocation", Time since last: 166245592 ns, Reaching safepoint: 49264 ns, Cleanup: 15018 ns, At safepoint: 9187797 ns, Total: 9252079 ns
[2025-11-30T13:39:47.944+0000][31.281s][debug][safepoint   ] Safepoint synchronization initiated using futex wait barrier. (27 threads)
[2025-11-30T13:39:47.945+0000][31.281s][info ][safepoint   ] Safepoint "ICBufferFull", Time since last: 320527593 ns, Reaching safepoint: 77618 ns, Cleanup: 204789 ns, At safepoint: 31089 ns, Total: 313496 ns
[2025-11-30T13:39:48.111+0000][31.447s][debug][safepoint   ] Safepoint synchronization initiated using futex wait barrier. (27 threads)
[2025-11-30T13:39:48.111+0000][31.447s][info ][gc,start    ] GC(41) Pause Young (Normal) (G1 Evacuation Pause)
[2025-11-30T13:39:48.111+0000][31.447s][info ][gc,task     ] GC(41) Using 5 workers of 13 for evacuation
[2025-11-30T13:39:48.130+0000][31.467s][info ][gc,phases   ] GC(41)   Pre Evacuate Collection Set: 0.2ms
[2025-11-30T13:39:48.130+0000][31.467s][info ][gc,phases   ] GC(41)   Merge Heap Roots: 0.2ms
[2025-11-30T13:39:48.130+0000][31.467s][info ][gc,phases   ] GC(41)   Evacuate Collection Set: 17.4ms
[2025-11-30T13:39:48.130+0000][31.467s][info ][gc,phases   ] GC(41)   Post Evacuate Collection Set: 1.5ms
[2025-11-30T13:39:48.130+0000][31.467s][info ][gc,phases   ] GC(41)   Other: 0.2ms
[2025-11-30T13:39:48.130+0000][31.467s][info ][gc,heap     ] GC(41) Eden regions: 108->0(69)
[2025-11-30T13:39:48.130+0000][31.467s][info ][gc,heap     ] GC(41) Survivor regions: 10->15(15)
[2025-11-30T13:39:48.130+0000][31.467s][info ][gc,heap     ] GC(41) Old regions: 77->93
[2025-11-30T13:39:48.130+0000][31.467s][info ][gc,heap     ] GC(41) Archive regions: 2->2
[2025-11-30T13:39:48.130+0000][31.467s][info ][gc,heap     ] GC(41) Humongous regions: 1->1
[2025-11-30T13:39:48.130+0000][31.467s][info ][gc,metaspace] GC(41) Metaspace: 91418K(92032K)->91418K(92032K) NonClass: 79253K(79616K)->79253K(79616K) Class: 12164K(12416K)->12164K(12416K)
[2025-11-30T13:39:48.130+0000][31.467s][info ][gc          ] GC(41) Pause Young (Normal) (G1 Evacuation Pause) 195M->109M(230M) 19.484ms
[2025-11-30T13:39:48.130+0000][31.467s][info ][gc,cpu      ] GC(41) User=0.11s Sys=0.01s Real=0.02s
[2025-11-30T13:39:48.130+0000][31.467s][info ][safepoint   ] Safepoint "G1CollectForAllocation", Time since last: 165997010 ns, Reaching safepoint: 62118 ns, Cleanup: 41599 ns, At safepoint: 19656569 ns, Total: 19760286 ns
[2025-11-30T13:39:48.283+0000][31.620s][debug][safepoint   ] Safepoint synchronization initiated using futex wait barrier. (27 threads)
[2025-11-30T13:39:48.284+0000][31.620s][info ][gc,start    ] GC(42) Pause Young (Concurrent Start) (G1 Evacuation Pause)
[2025-11-30T13:39:48.284+0000][31.620s][info ][gc,task     ] GC(42) Using 5 workers of 13 for evacuation
[2025-11-30T13:39:48.301+0000][31.638s][info ][gc,phases   ] GC(42)   Pre Evacuate Collection Set: 0.4ms
[2025-11-30T13:39:48.301+0000][31.638s][info ][gc,phases   ] GC(42)   Merge Heap Roots: 0.3ms
[2025-11-30T13:39:48.301+0000][31.638s][info ][gc,phases   ] GC(42)   Evacuate Collection Set: 15.6ms
[2025-11-30T13:39:48.301+0000][31.638s][info ][gc,phases   ] GC(42)   Post Evacuate Collection Set: 1.3ms
[2025-11-30T13:39:48.301+0000][31.638s][info ][gc,phases   ] GC(42)   Other: 0.2ms
[2025-11-30T13:39:48.301+0000][31.638s][info ][gc,heap     ] GC(42) Eden regions: 69->0(58)
[2025-11-30T13:39:48.301+0000][31.638s][info ][gc,heap     ] GC(42) Survivor regions: 15->11(11)
[2025-11-30T13:39:48.301+0000][31.638s][info ][gc,heap     ] GC(42) Old regions: 93->109
[2025-11-30T13:39:48.301+0000][31.638s][info ][gc,heap     ] GC(42) Archive regions: 2->2
[2025-11-30T13:39:48.301+0000][31.638s][info ][gc,heap     ] GC(42) Humongous regions: 1->1
[2025-11-30T13:39:48.301+0000][31.638s][info ][gc,metaspace] GC(42) Metaspace: 91433K(92032K)->91433K(92032K) NonClass: 79269K(79616K)->79269K(79616K) Class: 12164K(12416K)->12164K(12416K)
[2025-11-30T13:39:48.301+0000][31.638s][info ][gc          ] GC(42) Pause Young (Concurrent Start) (G1 Evacuation Pause) 178M->121M(230M) 17.862ms
[2025-11-30T13:39:48.301+0000][31.638s][info ][gc,cpu      ] GC(42) User=0.13s Sys=0.00s Real=0.01s
[2025-11-30T13:39:48.301+0000][31.638s][info ][safepoint   ] Safepoint "G1CollectForAllocation", Time since last: 152978680 ns, Reaching safepoint: 67669 ns, Cleanup: 61827 ns, At safepoint: 18011634 ns, Total: 18141130 ns
[2025-11-30T13:39:48.302+0000][31.638s][info ][gc          ] GC(43) Concurrent Mark Cycle
[2025-11-30T13:39:48.302+0000][31.638s][info ][gc,marking  ] GC(43) Concurrent Clear Claimed Marks
[2025-11-30T13:39:48.302+0000][31.638s][info ][gc,marking  ] GC(43) Concurrent Clear Claimed Marks 0.398ms
[2025-11-30T13:39:48.302+0000][31.639s][info ][gc,marking  ] GC(43) Concurrent Scan Root Regions
[2025-11-30T13:39:48.309+0000][31.646s][info ][gc,marking  ] GC(43) Concurrent Scan Root Regions 7.300ms
[2025-11-30T13:39:48.309+0000][31.646s][info ][gc,marking  ] GC(43) Concurrent Mark
[2025-11-30T13:39:48.309+0000][31.646s][info ][gc,marking  ] GC(43) Concurrent Mark From Roots
[2025-11-30T13:39:48.309+0000][31.646s][info ][gc,task     ] GC(43) Using 3 workers of 3 for marking
[2025-11-30T13:39:48.382+0000][31.718s][info ][gc,marking  ] GC(43) Concurrent Mark From Roots 72.143ms
[2025-11-30T13:39:48.382+0000][31.718s][info ][gc,marking  ] GC(43) Concurrent Preclean
[2025-11-30T13:39:48.382+0000][31.719s][info ][gc,marking  ] GC(43) Concurrent Preclean 0.646ms
[2025-11-30T13:39:48.382+0000][31.719s][debug][safepoint   ] Safepoint synchronization initiated using futex wait barrier. (27 threads)
[2025-11-30T13:39:48.382+0000][31.719s][info ][gc,start    ] GC(43) Pause Remark
[2025-11-30T13:39:48.390+0000][31.726s][info ][gc          ] GC(43) Pause Remark 129M->128M(230M) 7.516ms
[2025-11-30T13:39:48.390+0000][31.727s][info ][gc,cpu      ] GC(43) User=0.03s Sys=0.00s Real=0.01s
[2025-11-30T13:39:48.390+0000][31.727s][info ][safepoint   ] Safepoint "G1PauseRemark", Time since last: 80903250 ns, Reaching safepoint: 20008 ns, Cleanup: 24125 ns, At safepoint: 7688336 ns, Total: 7732469 ns
[2025-11-30T13:39:48.390+0000][31.727s][info ][gc,marking  ] GC(43) Concurrent Mark 80.817ms
[2025-11-30T13:39:48.390+0000][31.727s][info ][gc,marking  ] GC(43) Concurrent Rebuild Remembered Sets
[2025-11-30T13:39:48.425+0000][31.761s][info ][gc,marking  ] GC(43) Concurrent Rebuild Remembered Sets 34.624ms
[2025-11-30T13:39:48.425+0000][31.762s][debug][safepoint   ] Safepoint synchronization initiated using futex wait barrier. (27 threads)
[2025-11-30T13:39:48.425+0000][31.762s][info ][gc,start    ] GC(43) Pause Cleanup
[2025-11-30T13:39:48.425+0000][31.762s][info ][gc          ] GC(43) Pause Cleanup 131M->131M(230M) 0.230ms
[2025-11-30T13:39:48.425+0000][31.762s][info ][gc,cpu      ] GC(43) User=0.00s Sys=0.00s Real=0.00s
[2025-11-30T13:39:48.425+0000][31.762s][info ][safepoint   ] Safepoint "G1PauseCleanup", Time since last: 34888081 ns, Reaching safepoint: 23314 ns, Cleanup: 18505 ns, At safepoint: 306602 ns, Total: 348421 ns
[2025-11-30T13:39:48.425+0000][31.762s][info ][gc,marking  ] GC(43) Concurrent Cleanup for Next Mark
[2025-11-30T13:39:48.426+0000][31.762s][info ][gc,marking  ] GC(43) Concurrent Cleanup for Next Mark 0.385ms
[2025-11-30T13:39:48.426+0000][31.762s][info ][gc          ] GC(43) Concurrent Mark Cycle 124.335ms
[2025-11-30T13:39:48.649+0000][31.986s][debug][safepoint   ] Safepoint synchronization initiated using futex wait barrier. (26 threads)
[2025-11-30T13:39:48.650+0000][31.986s][info ][gc,start    ] GC(44) Pause Young (Prepare Mixed) (G1 Evacuation Pause)
[2025-11-30T13:39:48.650+0000][31.986s][info ][gc,task     ] GC(44) Using 5 workers of 13 for evacuation
[2025-11-30T13:39:48.659+0000][31.995s][info ][gc,phases   ] GC(44)   Pre Evacuate Collection Set: 0.2ms
[2025-11-30T13:39:48.659+0000][31.996s][info ][gc,phases   ] GC(44)   Merge Heap Roots: 0.2ms
[2025-11-30T13:39:48.659+0000][31.996s][info ][gc,phases   ] GC(44)   Evacuate Collection Set: 7.6ms
[2025-11-30T13:39:48.659+0000][31.996s][info ][gc,phases   ] GC(44)   Post Evacuate Collection Set: 1.2ms
[2025-11-30T13:39:48.659+0000][31.996s][info ][gc,phases   ] GC(44)   Other: 0.1ms
[2025-11-30T13:39:48.659+0000][31.996s][info ][gc,heap     ] GC(44) Eden regions: 58->0(5)
[2025-11-30T13:39:48.659+0000][31.996s][info ][gc,heap     ] GC(44) Survivor regions: 11->6(9)
[2025-11-30T13:39:48.659+0000][31.996s][info ][gc,heap     ] GC(44) Old regions: 109->121
[2025-11-30T13:39:48.659+0000][31.996s][info ][gc,heap     ] GC(44) Archive regions: 2->2
[2025-11-30T13:39:48.659+0000][31.996s][info ][gc,heap     ] GC(44) Humongous regions: 0->0
[2025-11-30T13:39:48.659+0000][31.996s][info ][gc,metaspace] GC(44) Metaspace: 92752K(93312K)->92752K(93312K) NonClass: 80211K(80512K)->80211K(80512K) Class: 12540K(12800K)->12540K(12800K)
[2025-11-30T13:39:48.659+0000][31.996s][info ][gc          ] GC(44) Pause Young (Prepare Mixed) (G1 Evacuation Pause) 178M->127M(230M) 9.477ms
[2025-11-30T13:39:48.659+0000][31.996s][info ][gc,cpu      ] GC(44) User=0.06s Sys=0.00s Real=0.01s
[2025-11-30T13:39:48.659+0000][31.996s][info ][safepoint   ] Safepoint "G1CollectForAllocation", Time since last: 223991614 ns, Reaching safepoint: 221010 ns, Cleanup: 17713 ns, At safepoint: 9691871 ns, Total: 9930594 ns
[2025-11-30T13:39:48.670+0000][32.006s][debug][safepoint   ] Safepoint synchronization initiated using futex wait barrier. (26 threads)
[2025-11-30T13:39:48.670+0000][32.006s][info ][gc,start    ] GC(45) Pause Young (Mixed) (G1 Evacuation Pause)
[2025-11-30T13:39:48.670+0000][32.007s][info ][gc,task     ] GC(45) Using 5 workers of 13 for evacuation
[2025-11-30T13:39:48.677+0000][32.013s][info ][gc,phases   ] GC(45)   Pre Evacuate Collection Set: 0.2ms
[2025-11-30T13:39:48.677+0000][32.013s][info ][gc,phases   ] GC(45)   Merge Heap Roots: 0.1ms
[2025-11-30T13:39:48.677+0000][32.013s][info ][gc,phases   ] GC(45)   Evacuate Collection Set: 5.3ms
[2025-11-30T13:39:48.677+0000][32.013s][info ][gc,phases   ] GC(45)   Post Evacuate Collection Set: 1.0ms
[2025-11-30T13:39:48.677+0000][32.013s][info ][gc,phases   ] GC(45)   Other: 0.1ms
[2025-11-30T13:39:48.677+0000][32.013s][info ][gc,heap     ] GC(45) Eden regions: 5->0(55)
[2025-11-30T13:39:48.677+0000][32.013s][info ][gc,heap     ] GC(45) Survivor regions: 6->2(2)
[2025-11-30T13:39:48.677+0000][32.013s][info ][gc,heap     ] GC(45) Old regions: 121->126
[2025-11-30T13:39:48.677+0000][32.013s][info ][gc,heap     ] GC(45) Archive regions: 2->2
[2025-11-30T13:39:48.677+0000][32.013s][info ][gc,heap     ] GC(45) Humongous regions: 0->0
[2025-11-30T13:39:48.677+0000][32.013s][info ][gc,metaspace] GC(45) Metaspace: 92752K(93312K)->92752K(93312K) NonClass: 80211K(80512K)->80211K(80512K) Class: 12540K(12800K)->12540K(12800K)
[2025-11-30T13:39:48.677+0000][32.013s][info ][gc          ] GC(45) Pause Young (Mixed) (G1 Evacuation Pause) 132M->128M(230M) 6.848ms
[2025-11-30T13:39:48.677+0000][32.013s][info ][gc,cpu      ] GC(45) User=0.04s Sys=0.00s Real=0.00s
[2025-11-30T13:39:48.677+0000][32.013s][info ][safepoint   ] Safepoint "G1CollectForAllocation", Time since last: 10577874 ns, Reaching safepoint: 99459 ns, Cleanup: 4137 ns, At safepoint: 6991861 ns, Total: 7095457 ns
[2025-11-30T13:39:48.826+0000][32.163s][debug][safepoint   ] Safepoint synchronization initiated using futex wait barrier. (26 threads)
[2025-11-30T13:39:48.826+0000][32.163s][info ][gc,start    ] GC(46) Pause Young (Normal) (G1 Evacuation Pause)
[2025-11-30T13:39:48.826+0000][32.163s][info ][gc,task     ] GC(46) Using 5 workers of 13 for evacuation
[2025-11-30T13:39:48.841+0000][32.177s][info ][gc,phases   ] GC(46)   Pre Evacuate Collection Set: 0.2ms
[2025-11-30T13:39:48.841+0000][32.177s][info ][gc,phases   ] GC(46)   Merge Heap Roots: 0.2ms
[2025-11-30T13:39:48.841+0000][32.177s][info ][gc,phases   ] GC(46)   Evacuate Collection Set: 12.6ms
[2025-11-30T13:39:48.841+0000][32.177s][info ][gc,phases   ] GC(46)   Post Evacuate Collection Set: 1.2ms
[2025-11-30T13:39:48.841+0000][32.177s][info ][gc,phases   ] GC(46)   Other: 0.1ms
[2025-11-30T13:39:48.841+0000][32.177s][info ][gc,heap     ] GC(46) Eden regions: 55->0(39)
[2025-11-30T13:39:48.841+0000][32.177s][info ][gc,heap     ] GC(46) Survivor regions: 2->8(8)
[2025-11-30T13:39:48.841+0000][32.177s][info ][gc,heap     ] GC(46) Old regions: 126->136
[2025-11-30T13:39:48.841+0000][32.177s][info ][gc,heap     ] GC(46) Archive regions: 2->2
[2025-11-30T13:39:48.841+0000][32.177s][info ][gc,heap     ] GC(46) Humongous regions: 0->0
[2025-11-30T13:39:48.841+0000][32.177s][info ][gc,metaspace] GC(46) Metaspace: 92761K(93376K)->92761K(93376K) NonClass: 80220K(80576K)->80220K(80576K) Class: 12540K(12800K)->12540K(12800K)
[2025-11-30T13:39:48.841+0000][32.177s][info ][gc          ] GC(46) Pause Young (Normal) (G1 Evacuation Pause) 183M->144M(230M) 14.392ms
[2025-11-30T13:39:48.841+0000][32.177s][info ][gc,cpu      ] GC(46) User=0.10s Sys=0.00s Real=0.01s
[2025-11-30T13:39:48.841+0000][32.177s][info ][safepoint   ] Safepoint "G1CollectForAllocation", Time since last: 149204972 ns, Reaching safepoint: 77918 ns, Cleanup: 26029 ns, At safepoint: 14506597 ns, Total: 14610544 ns
[2025-11-30T13:39:48.936+0000][32.272s][debug][safepoint   ] Safepoint synchronization initiated using futex wait barrier. (26 threads)
[2025-11-30T13:39:48.936+0000][32.272s][info ][gc,start    ] GC(47) Pause Young (Normal) (G1 Evacuation Pause)
[2025-11-30T13:39:48.936+0000][32.272s][info ][gc,task     ] GC(47) Using 5 workers of 13 for evacuation
[2025-11-30T13:39:48.950+0000][32.287s][info ][gc,phases   ] GC(47)   Pre Evacuate Collection Set: 0.1ms
[2025-11-30T13:39:48.950+0000][32.287s][info ][gc,phases   ] GC(47)   Merge Heap Roots: 0.1ms
[2025-11-30T13:39:48.950+0000][32.287s][info ][gc,phases   ] GC(47)   Evacuate Collection Set: 12.6ms
[2025-11-30T13:39:48.950+0000][32.287s][info ][gc,phases   ] GC(47)   Post Evacuate Collection Set: 1.2ms
[2025-11-30T13:39:48.950+0000][32.287s][info ][gc,phases   ] GC(47)   Other: 0.1ms
[2025-11-30T13:39:48.950+0000][32.287s][info ][gc,heap     ] GC(47) Eden regions: 39->0(24)
[2025-11-30T13:39:48.950+0000][32.287s][info ][gc,heap     ] GC(47) Survivor regions: 8->6(6)
[2025-11-30T13:39:48.950+0000][32.287s][info ][gc,heap     ] GC(47) Old regions: 136->154
[2025-11-30T13:39:48.950+0000][32.287s][info ][gc,heap     ] GC(47) Archive regions: 2->2
[2025-11-30T13:39:48.950+0000][32.287s][info ][gc,heap     ] GC(47) Humongous regions: 1->1
[2025-11-30T13:39:48.950+0000][32.287s][info ][gc,metaspace] GC(47) Metaspace: 92761K(93376K)->92761K(93376K) NonClass: 80220K(80576K)->80220K(80576K) Class: 12540K(12800K)->12540K(12800K)
[2025-11-30T13:39:48.950+0000][32.287s][info ][gc          ] GC(47) Pause Young (Normal) (G1 Evacuation Pause) 184M->161M(230M) 14.308ms
[2025-11-30T13:39:48.950+0000][32.287s][info ][gc,cpu      ] GC(47) User=0.09s Sys=0.01s Real=0.02s
[2025-11-30T13:39:48.950+0000][32.287s][info ][safepoint   ] Safepoint "G1CollectForAllocation", Time since last: 95114575 ns, Reaching safepoint: 61507 ns, Cleanup: 13115 ns, At safepoint: 14430280 ns, Total: 14504902 ns
[2025-11-30T13:39:49.012+0000][32.348s][debug][safepoint   ] Safepoint synchronization initiated using futex wait barrier. (26 threads)
[2025-11-30T13:39:49.012+0000][32.348s][info ][gc,start    ] GC(48) Pause Young (Concurrent Start) (G1 Evacuation Pause)
[2025-11-30T13:39:49.012+0000][32.348s][info ][gc,task     ] GC(48) Using 5 workers of 13 for evacuation
[2025-11-30T13:39:49.030+0000][32.366s][info ][gc,phases   ] GC(48)   Pre Evacuate Collection Set: 0.3ms
[2025-11-30T13:39:49.030+0000][32.366s][info ][gc,phases   ] GC(48)   Merge Heap Roots: 0.3ms
[2025-11-30T13:39:49.030+0000][32.366s][info ][gc,phases   ] GC(48)   Evacuate Collection Set: 10.4ms
[2025-11-30T13:39:49.030+0000][32.366s][info ][gc,phases   ] GC(48)   Post Evacuate Collection Set: 7.0ms
[2025-11-30T13:39:49.030+0000][32.367s][info ][gc,phases   ] GC(48)   Other: 0.2ms
[2025-11-30T13:39:49.030+0000][32.367s][info ][gc,heap     ] GC(48) Eden regions: 24->0(151)
[2025-11-30T13:39:49.030+0000][32.367s][info ][gc,heap     ] GC(48) Survivor regions: 6->4(4)
[2025-11-30T13:39:49.030+0000][32.367s][info ][gc,heap     ] GC(48) Old regions: 154->167
[2025-11-30T13:39:49.030+0000][32.367s][info ][gc,heap     ] GC(48) Archive regions: 2->2
[2025-11-30T13:39:49.030+0000][32.367s][info ][gc,heap     ] GC(48) Humongous regions: 3->3
[2025-11-30T13:39:49.030+0000][32.367s][info ][gc,metaspace] GC(48) Metaspace: 92761K(93376K)->92761K(93376K) NonClass: 80220K(80576K)->80220K(80576K) Class: 12540K(12800K)->12540K(12800K)
[2025-11-30T13:39:49.030+0000][32.367s][info ][gc          ] GC(48) Pause Young (Concurrent Start) (G1 Evacuation Pause) 187M->174M(494M) 18.385ms
[2025-11-30T13:39:49.030+0000][32.367s][info ][gc,cpu      ] GC(48) User=0.09s Sys=0.00s Real=0.02s
[2025-11-30T13:39:49.030+0000][32.367s][info ][gc          ] GC(49) Concurrent Mark Cycle
[2025-11-30T13:39:49.030+0000][32.367s][info ][gc,marking  ] GC(49) Concurrent Clear Claimed Marks
[2025-11-30T13:39:49.030+0000][32.367s][info ][safepoint   ] Safepoint "G1CollectForAllocation", Time since last: 61144958 ns, Reaching safepoint: 75333 ns, Cleanup: 18475 ns, At safepoint: 18583110 ns, Total: 18676918 ns
[2025-11-30T13:39:49.030+0000][32.367s][info ][gc,marking  ] GC(49) Concurrent Clear Claimed Marks 0.102ms
[2025-11-30T13:39:49.030+0000][32.367s][info ][gc,marking  ] GC(49) Concurrent Scan Root Regions
[2025-11-30T13:39:49.033+0000][32.369s][info ][gc,marking  ] GC(49) Concurrent Scan Root Regions 2.639ms
[2025-11-30T13:39:49.033+0000][32.369s][info ][gc,marking  ] GC(49) Concurrent Mark
[2025-11-30T13:39:49.033+0000][32.369s][info ][gc,marking  ] GC(49) Concurrent Mark From Roots
[2025-11-30T13:39:49.033+0000][32.369s][info ][gc,task     ] GC(49) Using 3 workers of 3 for marking
[2025-11-30T13:39:49.105+0000][32.442s][info ][gc,marking  ] GC(49) Concurrent Mark From Roots 72.337ms
[2025-11-30T13:39:49.105+0000][32.442s][info ][gc,marking  ] GC(49) Concurrent Preclean
[2025-11-30T13:39:49.106+0000][32.442s][info ][gc,marking  ] GC(49) Concurrent Preclean 0.386ms
[2025-11-30T13:39:49.106+0000][32.442s][debug][safepoint   ] Safepoint synchronization initiated using futex wait barrier. (25 threads)
[2025-11-30T13:39:49.106+0000][32.443s][info ][gc,start    ] GC(49) Pause Remark
[2025-11-30T13:39:49.113+0000][32.449s][info ][gc          ] GC(49) Pause Remark 186M->169M(494M) 6.519ms
[2025-11-30T13:39:49.113+0000][32.449s][info ][gc,cpu      ] GC(49) User=0.03s Sys=0.00s Real=0.01s
[2025-11-30T13:39:49.113+0000][32.449s][info ][safepoint   ] Safepoint "G1PauseRemark", Time since last: 75659378 ns, Reaching safepoint: 144765 ns, Cleanup: 30408 ns, At safepoint: 6745966 ns, Total: 6921139 ns
[2025-11-30T13:39:49.113+0000][32.449s][info ][gc,marking  ] GC(49) Concurrent Mark 79.893ms
[2025-11-30T13:39:49.113+0000][32.449s][info ][gc,marking  ] GC(49) Concurrent Rebuild Remembered Sets
[2025-11-30T13:39:49.153+0000][32.489s][info ][gc,marking  ] GC(49) Concurrent Rebuild Remembered Sets 39.878ms
[2025-11-30T13:39:49.153+0000][32.489s][debug][safepoint   ] Safepoint synchronization initiated using futex wait barrier. (25 threads)
[2025-11-30T13:39:49.153+0000][32.490s][info ][gc,start    ] GC(49) Pause Cleanup
[2025-11-30T13:39:49.154+0000][32.490s][info ][gc          ] GC(49) Pause Cleanup 177M->177M(494M) 0.462ms
[2025-11-30T13:39:49.154+0000][32.490s][info ][gc,cpu      ] GC(49) User=0.00s Sys=0.00s Real=0.00s
[2025-11-30T13:39:49.154+0000][32.490s][info ][safepoint   ] Safepoint "G1PauseCleanup", Time since last: 40139732 ns, Reaching safepoint: 133418 ns, Cleanup: 17894 ns, At safepoint: 568450 ns, Total: 719762 ns
[2025-11-30T13:39:49.154+0000][32.490s][info ][gc,marking  ] GC(49) Concurrent Cleanup for Next Mark
[2025-11-30T13:39:49.158+0000][32.495s][info ][gc,marking  ] GC(49) Concurrent Cleanup for Next Mark 4.548ms
[2025-11-30T13:39:49.158+0000][32.495s][info ][gc          ] GC(49) Concurrent Mark Cycle 128.204ms
[2025-11-30T13:39:49.710+0000][33.047s][debug][safepoint   ] Safepoint synchronization initiated using futex wait barrier. (20 threads)
[2025-11-30T13:39:49.711+0000][33.047s][info ][gc,start    ] GC(50) Pause Young (Prepare Mixed) (G1 Evacuation Pause)
[2025-11-30T13:39:49.711+0000][33.047s][info ][gc,task     ] GC(50) Using 11 workers of 13 for evacuation
[2025-11-30T13:39:49.764+0000][33.101s][info ][gc,phases   ] GC(50)   Pre Evacuate Collection Set: 0.5ms
[2025-11-30T13:39:49.764+0000][33.101s][info ][gc,phases   ] GC(50)   Merge Heap Roots: 0.3ms
[2025-11-30T13:39:49.764+0000][33.101s][info ][gc,phases   ] GC(50)   Evacuate Collection Set: 50.9ms
[2025-11-30T13:39:49.764+0000][33.101s][info ][gc,phases   ] GC(50)   Post Evacuate Collection Set: 1.8ms
[2025-11-30T13:39:49.764+0000][33.101s][info ][gc,phases   ] GC(50)   Other: 0.2ms
[2025-11-30T13:39:49.764+0000][33.101s][info ][gc,heap     ] GC(50) Eden regions: 151->0(4)
[2025-11-30T13:39:49.764+0000][33.101s][info ][gc,heap     ] GC(50) Survivor regions: 4->20(20)
[2025-11-30T13:39:49.764+0000][33.101s][info ][gc,heap     ] GC(50) Old regions: 151->165
[2025-11-30T13:39:49.764+0000][33.101s][info ][gc,heap     ] GC(50) Archive regions: 2->2
[2025-11-30T13:39:49.764+0000][33.101s][info ][gc,heap     ] GC(50) Humongous regions: 3->3
[2025-11-30T13:39:49.765+0000][33.101s][info ][gc,metaspace] GC(50) Metaspace: 93302K(93888K)->93302K(93888K) NonClass: 80713K(81024K)->80713K(81024K) Class: 12589K(12864K)->12589K(12864K)
[2025-11-30T13:39:49.765+0000][33.101s][info ][gc          ] GC(50) Pause Young (Prepare Mixed) (G1 Evacuation Pause) 309M->188M(494M) 53.970ms
[2025-11-30T13:39:49.765+0000][33.101s][info ][gc,cpu      ] GC(50) User=0.27s Sys=0.29s Real=0.05s
[2025-11-30T13:39:49.765+0000][33.101s][info ][safepoint   ] Safepoint "G1CollectForAllocation", Time since last: 556802705 ns, Reaching safepoint: 52389 ns, Cleanup: 23254 ns, At safepoint: 54075728 ns, Total: 54151371 ns
[2025-11-30T13:39:49.792+0000][33.129s][debug][safepoint   ] Safepoint synchronization initiated using futex wait barrier. (20 threads)
[2025-11-30T13:39:49.792+0000][33.129s][info ][gc,start    ] GC(51) Pause Young (Mixed) (G1 Evacuation Pause)
[2025-11-30T13:39:49.792+0000][33.129s][info ][gc,task     ] GC(51) Using 11 workers of 13 for evacuation
[2025-11-30T13:39:49.802+0000][33.139s][info ][gc,phases   ] GC(51)   Pre Evacuate Collection Set: 0.4ms
[2025-11-30T13:39:49.802+0000][33.139s][info ][gc,phases   ] GC(51)   Merge Heap Roots: 0.3ms
[2025-11-30T13:39:49.802+0000][33.139s][info ][gc,phases   ] GC(51)   Evacuate Collection Set: 7.3ms
[2025-11-30T13:39:49.802+0000][33.139s][info ][gc,phases   ] GC(51)   Post Evacuate Collection Set: 1.7ms
[2025-11-30T13:39:49.802+0000][33.139s][info ][gc,phases   ] GC(51)   Other: 0.1ms
[2025-11-30T13:39:49.802+0000][33.139s][info ][gc,heap     ] GC(51) Eden regions: 4->0(149)
[2025-11-30T13:39:49.802+0000][33.139s][info ][gc,heap     ] GC(51) Survivor regions: 20->2(3)
[2025-11-30T13:39:49.802+0000][33.139s][info ][gc,heap     ] GC(51) Old regions: 165->172
[2025-11-30T13:39:49.802+0000][33.139s][info ][gc,heap     ] GC(51) Archive regions: 2->2
[2025-11-30T13:39:49.802+0000][33.139s][info ][gc,heap     ] GC(51) Humongous regions: 3->3
[2025-11-30T13:39:49.802+0000][33.139s][info ][gc,metaspace] GC(51) Metaspace: 93640K(94208K)->93640K(94208K) NonClass: 80919K(81216K)->80919K(81216K) Class: 12720K(12992K)->12720K(12992K)
[2025-11-30T13:39:49.802+0000][33.139s][info ][gc          ] GC(51) Pause Young (Mixed) (G1 Evacuation Pause) 192M->177M(494M) 9.990ms
[2025-11-30T13:39:49.802+0000][33.139s][info ][gc,cpu      ] GC(51) User=0.08s Sys=0.00s Real=0.01s
[2025-11-30T13:39:49.802+0000][33.139s][info ][safepoint   ] Safepoint "G1CollectForAllocation", Time since last: 27424414 ns, Reaching safepoint: 73199 ns, Cleanup: 4829 ns, At safepoint: 10088774 ns, Total: 10166802 ns
[2025-11-30T13:39:51.121+0000][34.458s][debug][safepoint   ] Safepoint synchronization initiated using futex wait barrier. (25 threads)
[2025-11-30T13:39:51.122+0000][34.458s][info ][gc,start    ] GC(52) Pause Young (Normal) (G1 Evacuation Pause)
[2025-11-30T13:39:51.122+0000][34.458s][info ][gc,task     ] GC(52) Using 11 workers of 13 for evacuation
[2025-11-30T13:39:51.129+0000][34.466s][info ][gc,phases   ] GC(52)   Pre Evacuate Collection Set: 0.3ms
[2025-11-30T13:39:51.129+0000][34.466s][info ][gc,phases   ] GC(52)   Merge Heap Roots: 0.6ms
[2025-11-30T13:39:51.129+0000][34.466s][info ][gc,phases   ] GC(52)   Evacuate Collection Set: 4.0ms
[2025-11-30T13:39:51.129+0000][34.466s][info ][gc,phases   ] GC(52)   Post Evacuate Collection Set: 2.4ms
[2025-11-30T13:39:51.129+0000][34.466s][info ][gc,phases   ] GC(52)   Other: 0.2ms
[2025-11-30T13:39:51.129+0000][34.466s][info ][gc,heap     ] GC(52) Eden regions: 149->0(160)
[2025-11-30T13:39:51.129+0000][34.466s][info ][gc,heap     ] GC(52) Survivor regions: 2->4(19)
[2025-11-30T13:39:51.129+0000][34.466s][info ][gc,heap     ] GC(52) Old regions: 172->172
[2025-11-30T13:39:51.129+0000][34.466s][info ][gc,heap     ] GC(52) Archive regions: 2->2
[2025-11-30T13:39:51.129+0000][34.466s][info ][gc,heap     ] GC(52) Humongous regions: 3->3
[2025-11-30T13:39:51.129+0000][34.466s][info ][gc,metaspace] GC(52) Metaspace: 100093K(100672K)->100093K(100672K) NonClass: 86560K(86848K)->86560K(86848K) Class: 13533K(13824K)->13533K(13824K)
[2025-11-30T13:39:51.129+0000][34.466s][info ][gc          ] GC(52) Pause Young (Normal) (G1 Evacuation Pause) 326M->178M(494M) 7.884ms
[2025-11-30T13:39:51.129+0000][34.466s][info ][gc,cpu      ] GC(52) User=0.05s Sys=0.01s Real=0.01s
[2025-11-30T13:39:51.130+0000][34.466s][info ][safepoint   ] Safepoint "G1CollectForAllocation", Time since last: 1318890387 ns, Reaching safepoint: 81105 ns, Cleanup: 320017 ns, At safepoint: 8085458 ns, Total: 8486580 ns
[2025-11-30T13:39:51.972+0000][35.308s][debug][safepoint   ] Safepoint synchronization initiated using futex wait barrier. (25 threads)
[2025-11-30T13:39:51.972+0000][35.308s][info ][safepoint   ] Safepoint "ICBufferFull", Time since last: 841938395 ns, Reaching safepoint: 70223 ns, Cleanup: 203056 ns, At safepoint: 3146 ns, Total: 276425 ns
[2025-11-30T13:39:52.503+0000][35.843s][debug][safepoint   ] Safepoint synchronization initiated using futex wait barrier. (29 threads)
[2025-11-30T13:39:52.504+0000][35.843s][info ][gc,start    ] GC(53) Pause Young (Normal) (G1 Evacuation Pause)
[2025-11-30T13:39:52.504+0000][35.843s][info ][gc,task     ] GC(53) Using 11 workers of 13 for evacuation
[2025-11-30T13:39:52.512+0000][35.851s][info ][gc,phases   ] GC(53)   Pre Evacuate Collection Set: 0.4ms
[2025-11-30T13:39:52.512+0000][35.851s][info ][gc,phases   ] GC(53)   Merge Heap Roots: 0.3ms
[2025-11-30T13:39:52.512+0000][35.851s][info ][gc,phases   ] GC(53)   Evacuate Collection Set: 5.4ms
[2025-11-30T13:39:52.512+0000][35.851s][info ][gc,phases   ] GC(53)   Post Evacuate Collection Set: 2.2ms
[2025-11-30T13:39:52.512+0000][35.851s][info ][gc,phases   ] GC(53)   Other: 0.2ms
[2025-11-30T13:39:52.512+0000][35.851s][info ][gc,heap     ] GC(53) Eden regions: 160->0(181)
[2025-11-30T13:39:52.512+0000][35.852s][info ][gc,heap     ] GC(53) Survivor regions: 4->9(21)
[2025-11-30T13:39:52.512+0000][35.852s][info ][gc,heap     ] GC(53) Old regions: 172->172
[2025-11-30T13:39:52.512+0000][35.852s][info ][gc,heap     ] GC(53) Archive regions: 2->2
[2025-11-30T13:39:52.512+0000][35.852s][info ][gc,heap     ] GC(53) Humongous regions: 3->3
[2025-11-30T13:39:52.512+0000][35.852s][info ][gc,metaspace] GC(53) Metaspace: 103669K(104256K)->103669K(104256K) NonClass: 89917K(90240K)->89917K(90240K) Class: 13751K(14016K)->13751K(14016K)
[2025-11-30T13:39:52.512+0000][35.852s][info ][gc          ] GC(53) Pause Young (Normal) (G1 Evacuation Pause) 338M->183M(494M) 8.650ms
[2025-11-30T13:39:52.512+0000][35.852s][info ][gc,cpu      ] GC(53) User=0.05s Sys=0.03s Real=0.01s
[2025-11-30T13:39:52.512+0000][35.852s][info ][safepoint   ] Safepoint "G1CollectForAllocation", Time since last: 534410016 ns, Reaching safepoint: 74492 ns, Cleanup: 76545 ns, At safepoint: 8768788 ns, Total: 8919825 ns
[2025-11-30T13:39:53.577+0000][36.916s][debug][safepoint   ] Safepoint synchronization initiated using futex wait barrier. (29 threads)
[2025-11-30T13:39:53.577+0000][36.916s][info ][safepoint   ] Safepoint "Cleanup", Time since last: 1064356718 ns, Reaching safepoint: 177066 ns, Cleanup: 147751 ns, At safepoint: 36800 ns, Total: 361617 ns
[2025-11-30T13:39:54.089+0000][37.428s][debug][safepoint   ] Safepoint synchronization initiated using futex wait barrier. (28 threads)
[2025-11-30T13:39:54.089+0000][37.428s][info ][gc,start    ] GC(54) Pause Young (Normal) (G1 Evacuation Pause)
[2025-11-30T13:39:54.089+0000][37.428s][info ][gc,task     ] GC(54) Using 13 workers of 13 for evacuation
[2025-11-30T13:39:54.105+0000][37.445s][info ][gc,phases   ] GC(54)   Pre Evacuate Collection Set: 0.5ms
[2025-11-30T13:39:54.105+0000][37.445s][info ][gc,phases   ] GC(54)   Merge Heap Roots: 0.5ms
[2025-11-30T13:39:54.105+0000][37.445s][info ][gc,phases   ] GC(54)   Evacuate Collection Set: 13.0ms
[2025-11-30T13:39:54.105+0000][37.445s][info ][gc,phases   ] GC(54)   Post Evacuate Collection Set: 2.5ms
[2025-11-30T13:39:54.105+0000][37.445s][info ][gc,phases   ] GC(54)   Other: 0.1ms
[2025-11-30T13:39:54.105+0000][37.445s][info ][gc,heap     ] GC(54) Eden regions: 181->0(191)
[2025-11-30T13:39:54.106+0000][37.445s][info ][gc,heap     ] GC(54) Survivor regions: 9->12(24)
[2025-11-30T13:39:54.106+0000][37.445s][info ][gc,heap     ] GC(54) Old regions: 172->172
[2025-11-30T13:39:54.106+0000][37.445s][info ][gc,heap     ] GC(54) Archive regions: 2->2
[2025-11-30T13:39:54.106+0000][37.445s][info ][gc,heap     ] GC(54) Humongous regions: 3->3
[2025-11-30T13:39:54.106+0000][37.445s][info ][gc,metaspace] GC(54) Metaspace: 109330K(110080K)->109330K(110080K) NonClass: 94892K(95296K)->94892K(95296K) Class: 14437K(14784K)->14437K(14784K)
[2025-11-30T13:39:54.106+0000][37.445s][info ][gc          ] GC(54) Pause Young (Normal) (G1 Evacuation Pause) 364M->186M(494M) 16.948ms
[2025-11-30T13:39:54.106+0000][37.445s][info ][gc,cpu      ] GC(54) User=0.06s Sys=0.11s Real=0.01s
[2025-11-30T13:39:54.106+0000][37.445s][info ][safepoint   ] Safepoint "G1CollectForAllocation", Time since last: 511488848 ns, Reaching safepoint: 48943 ns, Cleanup: 28384 ns, At safepoint: 17062993 ns, Total: 17140320 ns
[2025-11-30T13:39:55.181+0000][38.520s][debug][safepoint   ] Safepoint synchronization initiated using futex wait barrier. (32 threads)
[2025-11-30T13:39:55.181+0000][38.520s][info ][safepoint   ] Safepoint "Cleanup", Time since last: 1075058859 ns, Reaching safepoint: 174279 ns, Cleanup: 166278 ns, At safepoint: 26029 ns, Total: 366586 ns
[2025-11-30T13:39:55.660+0000][38.999s][debug][safepoint   ] Safepoint synchronization initiated using futex wait barrier. (39 threads)
[2025-11-30T13:39:55.660+0000][38.999s][info ][gc,start    ] GC(55) Pause Young (Normal) (G1 Evacuation Pause)
[2025-11-30T13:39:55.660+0000][38.999s][info ][gc,task     ] GC(55) Using 13 workers of 13 for evacuation
[2025-11-30T13:39:55.679+0000][39.019s][info ][gc,phases   ] GC(55)   Pre Evacuate Collection Set: 0.4ms
[2025-11-30T13:39:55.679+0000][39.019s][info ][gc,phases   ] GC(55)   Merge Heap Roots: 0.3ms
[2025-11-30T13:39:55.679+0000][39.019s][info ][gc,phases   ] GC(55)   Evacuate Collection Set: 16.4ms
[2025-11-30T13:39:55.679+0000][39.019s][info ][gc,phases   ] GC(55)   Post Evacuate Collection Set: 2.2ms
[2025-11-30T13:39:55.680+0000][39.019s][info ][gc,phases   ] GC(55)   Other: 0.1ms
[2025-11-30T13:39:55.680+0000][39.019s][info ][gc,heap     ] GC(55) Eden regions: 191->0(198)
[2025-11-30T13:39:55.680+0000][39.019s][info ][gc,heap     ] GC(55) Survivor regions: 12->17(26)
[2025-11-30T13:39:55.680+0000][39.019s][info ][gc,heap     ] GC(55) Old regions: 172->172
[2025-11-30T13:39:55.680+0000][39.019s][info ][gc,heap     ] GC(55) Archive regions: 2->2
[2025-11-30T13:39:55.680+0000][39.019s][info ][gc,heap     ] GC(55) Humongous regions: 3->3
[2025-11-30T13:39:55.680+0000][39.019s][info ][gc,metaspace] GC(55) Metaspace: 113149K(113856K)->113149K(113856K) NonClass: 98358K(98688K)->98358K(98688K) Class: 14790K(15168K)->14790K(15168K)
[2025-11-30T13:39:55.680+0000][39.019s][info ][gc          ] GC(55) Pause Young (Normal) (G1 Evacuation Pause) 377M->191M(494M) 19.645ms
[2025-11-30T13:39:55.680+0000][39.019s][info ][gc,cpu      ] GC(55) User=0.07s Sys=0.14s Real=0.02s
[2025-11-30T13:39:55.680+0000][39.019s][info ][safepoint   ] Safepoint "G1CollectForAllocation", Time since last: 478656939 ns, Reaching safepoint: 53102 ns, Cleanup: 63832 ns, At safepoint: 19874781 ns, Total: 19991715 ns
[2025-11-30T13:39:56.813+0000][40.153s][debug][safepoint   ] Safepoint synchronization initiated using futex wait barrier. (44 threads)
[2025-11-30T13:39:56.814+0000][40.153s][info ][safepoint   ] Safepoint "ICBufferFull", Time since last: 1133673800 ns, Reaching safepoint: 66828 ns, Cleanup: 227885 ns, At safepoint: 36320 ns, Total: 331033 ns
[2025-11-30T13:39:57.363+0000][40.702s][debug][safepoint   ] Safepoint synchronization initiated using futex wait barrier. (45 threads)
[2025-11-30T13:39:57.363+0000][40.702s][info ][gc,start    ] GC(56) Pause Young (Normal) (G1 Evacuation Pause)
[2025-11-30T13:39:57.363+0000][40.702s][info ][gc,task     ] GC(56) Using 13 workers of 13 for evacuation
[2025-11-30T13:39:57.386+0000][40.725s][info ][gc,phases   ] GC(56)   Pre Evacuate Collection Set: 0.4ms
[2025-11-30T13:39:57.386+0000][40.725s][info ][gc,phases   ] GC(56)   Merge Heap Roots: 0.3ms
[2025-11-30T13:39:57.386+0000][40.725s][info ][gc,phases   ] GC(56)   Evacuate Collection Set: 19.2ms
[2025-11-30T13:39:57.386+0000][40.725s][info ][gc,phases   ] GC(56)   Post Evacuate Collection Set: 2.7ms
[2025-11-30T13:39:57.386+0000][40.725s][info ][gc,phases   ] GC(56)   Other: 0.1ms
[2025-11-30T13:39:57.386+0000][40.725s][info ][gc,heap     ] GC(56) Eden regions: 198->0(200)
[2025-11-30T13:39:57.386+0000][40.725s][info ][gc,heap     ] GC(56) Survivor regions: 17->21(27)
[2025-11-30T13:39:57.386+0000][40.725s][info ][gc,heap     ] GC(56) Old regions: 172->174
[2025-11-30T13:39:57.386+0000][40.725s][info ][gc,heap     ] GC(56) Archive regions: 2->2
[2025-11-30T13:39:57.386+0000][40.725s][info ][gc,heap     ] GC(56) Humongous regions: 3->3
[2025-11-30T13:39:57.386+0000][40.725s][info ][gc,metaspace] GC(56) Metaspace: 118498K(119232K)->118498K(119232K) NonClass: 103166K(103552K)->103166K(103552K) Class: 15331K(15680K)->15331K(15680K)
[2025-11-30T13:39:57.386+0000][40.725s][info ][gc          ] GC(56) Pause Young (Normal) (G1 Evacuation Pause) 389M->197M(494M) 22.983ms
[2025-11-30T13:39:57.386+0000][40.725s][info ][gc,cpu      ] GC(56) User=0.08s Sys=0.17s Real=0.02s
[2025-11-30T13:39:57.386+0000][40.725s][info ][safepoint   ] Safepoint "G1CollectForAllocation", Time since last: 549010680 ns, Reaching safepoint: 58532 ns, Cleanup: 83820 ns, At safepoint: 23238297 ns, Total: 23380649 ns
[2025-11-30T13:39:57.915+0000][41.255s][debug][safepoint   ] Safepoint synchronization initiated using futex wait barrier. (44 threads)
[2025-11-30T13:39:57.916+0000][41.255s][info ][safepoint   ] Safepoint "ICBufferFull", Time since last: 529245354 ns, Reaching safepoint: 88178 ns, Cleanup: 153995 ns, At safepoint: 4128 ns, Total: 246301 ns
[2025-11-30T13:39:58.329+0000][41.668s][debug][safepoint   ] Safepoint synchronization initiated using futex wait barrier. (43 threads)
[2025-11-30T13:39:58.329+0000][41.669s][info ][safepoint   ] Safepoint "ICBufferFull", Time since last: 413412215 ns, Reaching safepoint: 58452 ns, Cleanup: 168953 ns, At safepoint: 4228 ns, Total: 231633 ns
[2025-11-30T13:39:59.317+0000][42.657s][debug][safepoint   ] Safepoint synchronization initiated using futex wait barrier. (43 threads)
[2025-11-30T13:39:59.318+0000][42.657s][info ][gc,start    ] GC(57) Pause Young (Normal) (G1 Evacuation Pause)
[2025-11-30T13:39:59.318+0000][42.657s][info ][gc,task     ] GC(57) Using 13 workers of 13 for evacuation
[2025-11-30T13:39:59.327+0000][42.666s][info ][gc,phases   ] GC(57)   Pre Evacuate Collection Set: 0.4ms
[2025-11-30T13:39:59.327+0000][42.667s][info ][gc,phases   ] GC(57)   Merge Heap Roots: 0.3ms
[2025-11-30T13:39:59.327+0000][42.667s][info ][gc,phases   ] GC(57)   Evacuate Collection Set: 6.5ms
[2025-11-30T13:39:59.327+0000][42.667s][info ][gc,phases   ] GC(57)   Post Evacuate Collection Set: 2.4ms
[2025-11-30T13:39:59.327+0000][42.667s][info ][gc,phases   ] GC(57)   Other: 0.1ms
[2025-11-30T13:39:59.327+0000][42.667s][info ][gc,heap     ] GC(57) Eden regions: 200->0(205)
[2025-11-30T13:39:59.327+0000][42.667s][info ][gc,heap     ] GC(57) Survivor regions: 21->15(28)
[2025-11-30T13:39:59.327+0000][42.667s][info ][gc,heap     ] GC(57) Old regions: 174->182
[2025-11-30T13:39:59.327+0000][42.667s][info ][gc,heap     ] GC(57) Archive regions: 2->2
[2025-11-30T13:39:59.327+0000][42.667s][info ][gc,heap     ] GC(57) Humongous regions: 3->3
[2025-11-30T13:39:59.327+0000][42.667s][info ][gc,metaspace] GC(57) Metaspace: 122541K(123264K)->122541K(123264K) NonClass: 106825K(107200K)->106825K(107200K) Class: 15715K(16064K)->15715K(16064K)
[2025-11-30T13:39:59.327+0000][42.667s][info ][gc          ] GC(57) Pause Young (Normal) (G1 Evacuation Pause) 397M->199M(494M) 9.796ms
[2025-11-30T13:39:59.327+0000][42.667s][info ][gc,cpu      ] GC(57) User=0.07s Sys=0.00s Real=0.02s
[2025-11-30T13:39:59.327+0000][42.667s][info ][safepoint   ] Safepoint "G1CollectForAllocation", Time since last: 987971919 ns, Reaching safepoint: 65776 ns, Cleanup: 142653 ns, At safepoint: 9928922 ns, Total: 10137351 ns
[2025-11-30T13:40:00.441+0000][43.780s][debug][safepoint   ] Safepoint synchronization initiated using futex wait barrier. (48 threads)
[2025-11-30T13:40:00.441+0000][43.781s][info ][safepoint   ] Safepoint "Cleanup", Time since last: 1113575988 ns, Reaching safepoint: 167470 ns, Cleanup: 136080 ns, At safepoint: 31500 ns, Total: 335050 ns
[2025-11-30T13:40:01.526+0000][44.866s][debug][safepoint   ] Safepoint synchronization initiated using futex wait barrier. (48 threads)
[2025-11-30T13:40:01.527+0000][44.866s][info ][gc,start    ] GC(58) Pause Young (Normal) (G1 Evacuation Pause)
[2025-11-30T13:40:01.527+0000][44.866s][info ][gc,task     ] GC(58) Using 13 workers of 13 for evacuation
[2025-11-30T13:40:01.538+0000][44.878s][info ][gc,phases   ] GC(58)   Pre Evacuate Collection Set: 0.4ms
[2025-11-30T13:40:01.538+0000][44.878s][info ][gc,phases   ] GC(58)   Merge Heap Roots: 0.3ms
[2025-11-30T13:40:01.538+0000][44.878s][info ][gc,phases   ] GC(58)   Evacuate Collection Set: 8.6ms
[2025-11-30T13:40:01.538+0000][44.878s][info ][gc,phases   ] GC(58)   Post Evacuate Collection Set: 2.3ms
[2025-11-30T13:40:01.538+0000][44.878s][info ][gc,phases   ] GC(58)   Other: 0.1ms
[2025-11-30T13:40:01.538+0000][44.878s][info ][gc,heap     ] GC(58) Eden regions: 205->0(202)
[2025-11-30T13:40:01.538+0000][44.878s][info ][gc,heap     ] GC(58) Survivor regions: 15->21(28)
[2025-11-30T13:40:01.538+0000][44.878s][info ][gc,heap     ] GC(58) Old regions: 182->182
[2025-11-30T13:40:01.538+0000][44.878s][info ][gc,heap     ] GC(58) Archive regions: 2->2
[2025-11-30T13:40:01.538+0000][44.878s][info ][gc,heap     ] GC(58) Humongous regions: 3->3
[2025-11-30T13:40:01.538+0000][44.878s][info ][gc,metaspace] GC(58) Metaspace: 131648K(132800K)->131648K(132800K) NonClass: 114764K(115392K)->114764K(115392K) Class: 16883K(17408K)->16883K(17408K)
[2025-11-30T13:40:01.538+0000][44.878s][info ][gc          ] GC(58) Pause Young (Normal) (G1 Evacuation Pause) 404M->205M(494M) 11.836ms
[2025-11-30T13:40:01.539+0000][44.878s][info ][gc,cpu      ] GC(58) User=0.07s Sys=0.04s Real=0.01s
[2025-11-30T13:40:01.539+0000][44.878s][info ][safepoint   ] Safepoint "G1CollectForAllocation", Time since last: 1085092485 ns, Reaching safepoint: 49816 ns, Cleanup: 118787 ns, At safepoint: 12048453 ns, Total: 12217056 ns
[2025-11-30T13:40:02.539+0000][45.878s][debug][safepoint   ] Safepoint synchronization initiated using futex wait barrier. (60 threads)
[2025-11-30T13:40:02.540+0000][45.879s][info ][safepoint   ] Safepoint "Cleanup", Time since last: 1000211399 ns, Reaching safepoint: 468495 ns, Cleanup: 144907 ns, At safepoint: 63361 ns, Total: 676763 ns
[2025-11-30T13:40:03.588+0000][46.927s][debug][safepoint   ] Safepoint synchronization initiated using futex wait barrier. (61 threads)
[2025-11-30T13:40:03.588+0000][46.927s][info ][gc,start    ] GC(59) Pause Young (Normal) (G1 Evacuation Pause)
[2025-11-30T13:40:03.588+0000][46.927s][info ][gc,task     ] GC(59) Using 13 workers of 13 for evacuation
[2025-11-30T13:40:03.599+0000][46.938s][info ][gc,phases   ] GC(59)   Pre Evacuate Collection Set: 0.4ms
[2025-11-30T13:40:03.599+0000][46.938s][info ][gc,phases   ] GC(59)   Merge Heap Roots: 0.3ms
[2025-11-30T13:40:03.599+0000][46.938s][info ][gc,phases   ] GC(59)   Evacuate Collection Set: 7.9ms
[2025-11-30T13:40:03.599+0000][46.938s][info ][gc,phases   ] GC(59)   Post Evacuate Collection Set: 2.3ms
[2025-11-30T13:40:03.599+0000][46.938s][info ][gc,phases   ] GC(59)   Other: 0.2ms
[2025-11-30T13:40:03.599+0000][46.938s][info ][gc,heap     ] GC(59) Eden regions: 202->0(201)
[2025-11-30T13:40:03.599+0000][46.938s][info ][gc,heap     ] GC(59) Survivor regions: 21->18(28)
[2025-11-30T13:40:03.599+0000][46.938s][info ][gc,heap     ] GC(59) Old regions: 182->189
[2025-11-30T13:40:03.599+0000][46.938s][info ][gc,heap     ] GC(59) Archive regions: 2->2
[2025-11-30T13:40:03.599+0000][46.938s][info ][gc,heap     ] GC(59) Humongous regions: 4->3
[2025-11-30T13:40:03.599+0000][46.938s][info ][gc,metaspace] GC(59) Metaspace: 137588K(138752K)->137588K(138752K) NonClass: 120352K(120960K)->120352K(120960K) Class: 17236K(17792K)->17236K(17792K)
[2025-11-30T13:40:03.600+0000][46.940s][info ][gc          ] GC(59) Pause Young (Normal) (G1 Evacuation Pause) 408M->210M(494M) 12.497ms
[2025-11-30T13:40:03.600+0000][46.940s][info ][gc,cpu      ] GC(59) User=0.11s Sys=0.01s Real=0.01s
[2025-11-30T13:40:03.601+0000][46.940s][info ][safepoint   ] Safepoint "G1CollectForAllocation", Time since last: 1048046207 ns, Reaching safepoint: 66136 ns, Cleanup: 166299 ns, At safepoint: 12907087 ns, Total: 13139522 ns
[2025-11-30T13:40:04.601+0000][47.940s][debug][safepoint   ] Safepoint synchronization initiated using futex wait barrier. (60 threads)
[2025-11-30T13:40:04.601+0000][47.941s][info ][safepoint   ] Safepoint "Cleanup", Time since last: 1000223933 ns, Reaching safepoint: 217757 ns, Cleanup: 93660 ns, At safepoint: 38824 ns, Total: 350241 ns
[2025-11-30T13:40:05.007+0000][48.347s][debug][safepoint   ] Safepoint synchronization initiated using futex wait barrier. (60 threads)
[2025-11-30T13:40:05.008+0000][48.347s][info ][gc,start    ] GC(60) Pause Young (Normal) (G1 Evacuation Pause)
[2025-11-30T13:40:05.008+0000][48.347s][info ][gc,task     ] GC(60) Using 13 workers of 13 for evacuation
[2025-11-30T13:40:05.019+0000][48.358s][info ][gc,phases   ] GC(60)   Pre Evacuate Collection Set: 0.4ms
[2025-11-30T13:40:05.019+0000][48.358s][info ][gc,phases   ] GC(60)   Merge Heap Roots: 0.3ms
[2025-11-30T13:40:05.019+0000][48.358s][info ][gc,phases   ] GC(60)   Evacuate Collection Set: 7.9ms
[2025-11-30T13:40:05.019+0000][48.358s][info ][gc,phases   ] GC(60)   Post Evacuate Collection Set: 2.3ms
[2025-11-30T13:40:05.019+0000][48.358s][info ][gc,phases   ] GC(60)   Other: 0.1ms
[2025-11-30T13:40:05.019+0000][48.358s][info ][gc,heap     ] GC(60) Eden regions: 201->0(195)
[2025-11-30T13:40:05.019+0000][48.358s][info ][gc,heap     ] GC(60) Survivor regions: 18->21(28)
[2025-11-30T13:40:05.019+0000][48.358s][info ][gc,heap     ] GC(60) Old regions: 189->194
[2025-11-30T13:40:05.019+0000][48.358s][info ][gc,heap     ] GC(60) Archive regions: 2->2
[2025-11-30T13:40:05.019+0000][48.358s][info ][gc,heap     ] GC(60) Humongous regions: 3->3
[2025-11-30T13:40:05.019+0000][48.358s][info ][gc,metaspace] GC(60) Metaspace: 141406K(142592K)->141406K(142592K) NonClass: 124053K(124672K)->124053K(124672K) Class: 17352K(17920K)->17352K(17920K)
[2025-11-30T13:40:05.019+0000][48.358s][info ][gc          ] GC(60) Pause Young (Normal) (G1 Evacuation Pause) 411M->218M(494M) 11.142ms
[2025-11-30T13:40:05.019+0000][48.358s][info ][gc,cpu      ] GC(60) User=0.08s Sys=0.01s Real=0.00s
[2025-11-30T13:40:05.019+0000][48.358s][info ][safepoint   ] Safepoint "G1CollectForAllocation", Time since last: 406164788 ns, Reaching safepoint: 71467 ns, Cleanup: 49806 ns, At safepoint: 11267064 ns, Total: 11388337 ns
[2025-11-30T13:40:06.155+0000][49.494s][debug][safepoint   ] Safepoint synchronization initiated using futex wait barrier. (61 threads)
[2025-11-30T13:40:06.155+0000][49.494s][info ][safepoint   ] Safepoint "Cleanup", Time since last: 1135875728 ns, Reaching safepoint: 174299 ns, Cleanup: 70235 ns, At safepoint: 52280 ns, Total: 296814 ns
[2025-11-30T13:40:06.616+0000][49.955s][info ][cds,heap    ] initialize_from_archived_subgraph jdk.internal.math.FDBigInteger 0x0000788f8f14dd58
[2025-11-30T13:40:06.861+0000][50.200s][debug][safepoint   ] ... found polling page loop exception at pc = 0x0000788ff9c637e0, stub =0x0000788ff8a04400
[2025-11-30T13:40:06.979+0000][50.318s][debug][safepoint   ] Safepoint synchronization initiated using futex wait barrier. (66 threads)
[2025-11-30T13:40:06.979+0000][50.319s][info ][gc,start    ] GC(61) Pause Young (Normal) (G1 Evacuation Pause)
[2025-11-30T13:40:06.979+0000][50.319s][info ][gc,task     ] GC(61) Using 13 workers of 13 for evacuation
[2025-11-30T13:40:06.990+0000][50.329s][info ][gc,phases   ] GC(61)   Pre Evacuate Collection Set: 0.4ms
[2025-11-30T13:40:06.990+0000][50.329s][info ][gc,phases   ] GC(61)   Merge Heap Roots: 0.3ms
[2025-11-30T13:40:06.990+0000][50.329s][info ][gc,phases   ] GC(61)   Evacuate Collection Set: 6.8ms
[2025-11-30T13:40:06.990+0000][50.329s][info ][gc,phases   ] GC(61)   Post Evacuate Collection Set: 2.7ms
[2025-11-30T13:40:06.990+0000][50.329s][info ][gc,phases   ] GC(61)   Other: 0.1ms
[2025-11-30T13:40:06.990+0000][50.329s][info ][gc,heap     ] GC(61) Eden regions: 195->0(193)
[2025-11-30T13:40:06.990+0000][50.329s][info ][gc,heap     ] GC(61) Survivor regions: 21->19(27)
[2025-11-30T13:40:06.990+0000][50.329s][info ][gc,heap     ] GC(61) Old regions: 194->201
[2025-11-30T13:40:06.990+0000][50.329s][info ][gc,heap     ] GC(61) Archive regions: 2->2
[2025-11-30T13:40:06.990+0000][50.329s][info ][gc,heap     ] GC(61) Humongous regions: 3->3
[2025-11-30T13:40:06.990+0000][50.329s][info ][gc,metaspace] GC(61) Metaspace: 149143K(150272K)->149143K(150272K) NonClass: 130998K(131584K)->130998K(131584K) Class: 18144K(18688K)->18144K(18688K)
[2025-11-30T13:40:06.990+0000][50.329s][info ][gc          ] GC(61) Pause Young (Normal) (G1 Evacuation Pause) 413M->223M(494M) 10.498ms
[2025-11-30T13:40:06.990+0000][50.329s][info ][gc,cpu      ] GC(61) User=0.09s Sys=0.01s Real=0.01s
[2025-11-30T13:40:06.990+0000][50.329s][info ][safepoint   ] Safepoint "G1CollectForAllocation", Time since last: 824177979 ns, Reaching safepoint: 54564 ns, Cleanup: 104030 ns, At safepoint: 10762526 ns, Total: 10921120 ns
[2025-11-30T13:40:08.367+0000][51.707s][debug][safepoint   ] Safepoint synchronization initiated using futex wait barrier. (81 threads)
[2025-11-30T13:40:08.368+0000][51.707s][info ][gc,start    ] GC(62) Pause Young (Normal) (G1 Evacuation Pause)
[2025-11-30T13:40:08.368+0000][51.707s][info ][gc,task     ] GC(62) Using 13 workers of 13 for evacuation
[2025-11-30T13:40:08.378+0000][51.717s][info ][gc,phases   ] GC(62)   Pre Evacuate Collection Set: 0.4ms
[2025-11-30T13:40:08.378+0000][51.717s][info ][gc,phases   ] GC(62)   Merge Heap Roots: 0.6ms
[2025-11-30T13:40:08.378+0000][51.717s][info ][gc,phases   ] GC(62)   Evacuate Collection Set: 6.5ms
[2025-11-30T13:40:08.378+0000][51.717s][info ][gc,phases   ] GC(62)   Post Evacuate Collection Set: 2.4ms
[2025-11-30T13:40:08.378+0000][51.717s][info ][gc,phases   ] GC(62)   Other: 0.2ms
[2025-11-30T13:40:08.378+0000][51.717s][info ][gc,heap     ] GC(62) Eden regions: 193->0(194)
[2025-11-30T13:40:08.378+0000][51.717s][info ][gc,heap     ] GC(62) Survivor regions: 19->16(27)
[2025-11-30T13:40:08.378+0000][51.717s][info ][gc,heap     ] GC(62) Old regions: 201->207
[2025-11-30T13:40:08.378+0000][51.717s][info ][gc,heap     ] GC(62) Archive regions: 2->2
[2025-11-30T13:40:08.378+0000][51.717s][info ][gc,heap     ] GC(62) Humongous regions: 3->3
[2025-11-30T13:40:08.378+0000][51.717s][info ][gc,metaspace] GC(62) Metaspace: 152922K(154048K)->152922K(154048K) NonClass: 134298K(134848K)->134298K(134848K) Class: 18624K(19200K)->18624K(19200K)
[2025-11-30T13:40:08.378+0000][51.717s][info ][gc          ] GC(62) Pause Young (Normal) (G1 Evacuation Pause) 416M->226M(494M) 10.274ms
[2025-11-30T13:40:08.378+0000][51.717s][info ][gc,cpu      ] GC(62) User=0.08s Sys=0.02s Real=0.00s
[2025-11-30T13:40:08.378+0000][51.717s][info ][safepoint   ] Safepoint "G1CollectForAllocation", Time since last: 1377253405 ns, Reaching safepoint: 84322 ns, Cleanup: 80564 ns, At safepoint: 10444176 ns, Total: 10609062 ns
[2025-11-30T13:40:09.077+0000][52.416s][debug][safepoint   ] ... found polling page loop exception at pc = 0x0000788ff9346907, stub =0x0000788ff8a04400
[2025-11-30T13:40:09.353+0000][52.693s][debug][safepoint   ] Safepoint synchronization initiated using futex wait barrier. (82 threads)
[2025-11-30T13:40:09.354+0000][52.694s][info ][safepoint   ] Safepoint "ICBufferFull", Time since last: 975386123 ns, Reaching safepoint: 466881 ns, Cleanup: 282001 ns, At safepoint: 128686 ns, Total: 877568 ns
[2025-11-30T13:40:09.405+0000][52.744s][debug][safepoint   ] Safepoint synchronization initiated using futex wait barrier. (82 threads)
[2025-11-30T13:40:09.405+0000][52.744s][info ][gc,start    ] GC(63) Pause Young (Concurrent Start) (Metadata GC Threshold)
[2025-11-30T13:40:09.405+0000][52.744s][info ][gc,task     ] GC(63) Using 13 workers of 13 for evacuation
[2025-11-30T13:40:09.416+0000][52.755s][info ][gc,phases   ] GC(63)   Pre Evacuate Collection Set: 0.8ms
[2025-11-30T13:40:09.416+0000][52.755s][info ][gc,phases   ] GC(63)   Merge Heap Roots: 0.4ms
[2025-11-30T13:40:09.416+0000][52.755s][info ][gc,phases   ] GC(63)   Evacuate Collection Set: 6.7ms
[2025-11-30T13:40:09.416+0000][52.755s][info ][gc,phases   ] GC(63)   Post Evacuate Collection Set: 2.7ms
[2025-11-30T13:40:09.416+0000][52.755s][info ][gc,phases   ] GC(63)   Other: 0.2ms
[2025-11-30T13:40:09.416+0000][52.755s][info ][gc,heap     ] GC(63) Eden regions: 164->0(188)
[2025-11-30T13:40:09.416+0000][52.755s][info ][gc,heap     ] GC(63) Survivor regions: 16->16(27)
[2025-11-30T13:40:09.416+0000][52.755s][info ][gc,heap     ] GC(63) Old regions: 207->214
[2025-11-30T13:40:09.416+0000][52.755s][info ][gc,heap     ] GC(63) Archive regions: 2->2
[2025-11-30T13:40:09.416+0000][52.755s][info ][gc,heap     ] GC(63) Humongous regions: 3->3
[2025-11-30T13:40:09.416+0000][52.755s][info ][gc,metaspace] GC(63) Metaspace: 154524K(155648K)->154524K(155648K) NonClass: 135674K(136256K)->135674K(136256K) Class: 18850K(19392K)->18850K(19392K)
[2025-11-30T13:40:09.416+0000][52.755s][info ][gc          ] GC(63) Pause Young (Concurrent Start) (Metadata GC Threshold) 390M->232M(494M) 11.017ms
[2025-11-30T13:40:09.416+0000][52.755s][info ][gc,cpu      ] GC(63) User=0.08s Sys=0.01s Real=0.01s
[2025-11-30T13:40:09.416+0000][52.755s][info ][gc          ] GC(64) Concurrent Mark Cycle
[2025-11-30T13:40:09.416+0000][52.755s][info ][gc,marking  ] GC(64) Concurrent Clear Claimed Marks
[2025-11-30T13:40:09.416+0000][52.755s][info ][safepoint   ] Safepoint "CollectForMetadataAllocation", Time since last: 50390632 ns, Reaching safepoint: 80454 ns, Cleanup: 17404 ns, At safepoint: 11457201 ns, Total: 11555059 ns
[2025-11-30T13:40:09.416+0000][52.755s][info ][gc,marking  ] GC(64) Concurrent Clear Claimed Marks 0.248ms
[2025-11-30T13:40:09.416+0000][52.755s][info ][gc,marking  ] GC(64) Concurrent Scan Root Regions
[2025-11-30T13:40:09.428+0000][52.768s][info ][gc,marking  ] GC(64) Concurrent Scan Root Regions 12.155ms
[2025-11-30T13:40:09.428+0000][52.768s][info ][gc,marking  ] GC(64) Concurrent Mark
[2025-11-30T13:40:09.428+0000][52.768s][info ][gc,marking  ] GC(64) Concurrent Mark From Roots
[2025-11-30T13:40:09.428+0000][52.768s][info ][gc,task     ] GC(64) Using 3 workers of 3 for marking
[2025-11-30T13:40:09.539+0000][52.878s][info ][gc,marking  ] GC(64) Concurrent Mark From Roots 110.747ms
[2025-11-30T13:40:09.539+0000][52.879s][info ][gc,marking  ] GC(64) Concurrent Preclean
[2025-11-30T13:40:09.540+0000][52.879s][info ][gc,marking  ] GC(64) Concurrent Preclean 0.400ms
[2025-11-30T13:40:09.540+0000][52.879s][debug][safepoint   ] Safepoint synchronization initiated using futex wait barrier. (82 threads)
[2025-11-30T13:40:09.540+0000][52.879s][debug][safepoint   ] ... found polling page loop exception at pc = 0x0000788ff9428b82, stub =0x0000788ff8a04400
[2025-11-30T13:40:09.540+0000][52.879s][info ][gc,start    ] GC(64) Pause Remark
[2025-11-30T13:40:09.551+0000][52.890s][info ][gc          ] GC(64) Pause Remark 241M->223M(494M) 10.809ms
[2025-11-30T13:40:09.552+0000][52.891s][info ][gc,cpu      ] GC(64) User=0.07s Sys=0.01s Real=0.01s
[2025-11-30T13:40:09.552+0000][52.891s][info ][safepoint   ] Safepoint "G1PauseRemark", Time since last: 123675303 ns, Reaching safepoint: 157742 ns, Cleanup: 19878 ns, At safepoint: 11863567 ns, Total: 12041187 ns
[2025-11-30T13:40:09.552+0000][52.891s][info ][gc,marking  ] GC(64) Concurrent Mark 123.556ms
[2025-11-30T13:40:09.552+0000][52.891s][info ][gc,marking  ] GC(64) Concurrent Rebuild Remembered Sets
[2025-11-30T13:40:09.625+0000][52.964s][info ][gc,marking  ] GC(64) Concurrent Rebuild Remembered Sets 73.136ms
[2025-11-30T13:40:09.625+0000][52.965s][debug][safepoint   ] Safepoint synchronization initiated using futex wait barrier. (82 threads)
[2025-11-30T13:40:09.625+0000][52.965s][debug][safepoint   ] ... found polling page loop exception at pc = 0x0000788ff9428b82, stub =0x0000788ff8a04400
[2025-11-30T13:40:09.626+0000][52.965s][info ][gc,start    ] GC(64) Pause Cleanup
[2025-11-30T13:40:09.627+0000][52.966s][info ][gc          ] GC(64) Pause Cleanup 229M->229M(494M) 0.915ms
[2025-11-30T13:40:09.627+0000][52.966s][info ][gc,cpu      ] GC(64) User=0.00s Sys=0.00s Real=0.00s
[2025-11-30T13:40:09.627+0000][52.966s][info ][safepoint   ] Safepoint "G1PauseCleanup", Time since last: 73396728 ns, Reaching safepoint: 182421 ns, Cleanup: 72309 ns, At safepoint: 1146881 ns, Total: 1401611 ns
[2025-11-30T13:40:09.627+0000][52.966s][info ][gc,marking  ] GC(64) Concurrent Cleanup for Next Mark
[2025-11-30T13:40:09.630+0000][52.969s][info ][gc,marking  ] GC(64) Concurrent Cleanup for Next Mark 2.870ms
[2025-11-30T13:40:09.630+0000][52.969s][info ][gc          ] GC(64) Concurrent Mark Cycle 213.783ms
[2025-11-30T13:40:10.898+0000][54.237s][debug][safepoint   ] Safepoint synchronization initiated using futex wait barrier. (80 threads)
[2025-11-30T13:40:10.899+0000][54.238s][info ][safepoint   ] Safepoint "Cleanup", Time since last: 1271470344 ns, Reaching safepoint: 79974 ns, Cleanup: 192689 ns, At safepoint: 67639 ns, Total: 340302 ns
[2025-11-30T13:40:11.073+0000][54.413s][debug][safepoint   ] Safepoint synchronization initiated using futex wait barrier. (80 threads)
[2025-11-30T13:40:11.073+0000][54.413s][info ][gc,start    ] GC(65) Pause Young (Prepare Mixed) (G1 Evacuation Pause)
[2025-11-30T13:40:11.073+0000][54.413s][info ][gc,task     ] GC(65) Using 13 workers of 13 for evacuation
[2025-11-30T13:40:11.084+0000][54.423s][info ][gc,phases   ] GC(65)   Pre Evacuate Collection Set: 0.5ms
[2025-11-30T13:40:11.084+0000][54.423s][info ][gc,phases   ] GC(65)   Merge Heap Roots: 0.4ms
[2025-11-30T13:40:11.084+0000][54.423s][info ][gc,phases   ] GC(65)   Evacuate Collection Set: 7.5ms
[2025-11-30T13:40:11.084+0000][54.423s][info ][gc,phases   ] GC(65)   Post Evacuate Collection Set: 2.0ms
[2025-11-30T13:40:11.084+0000][54.423s][info ][gc,phases   ] GC(65)   Other: 0.2ms
[2025-11-30T13:40:11.084+0000][54.423s][info ][gc,heap     ] GC(65) Eden regions: 188->0(10)
[2025-11-30T13:40:11.084+0000][54.423s][info ][gc,heap     ] GC(65) Survivor regions: 16->14(26)
[2025-11-30T13:40:11.084+0000][54.423s][info ][gc,heap     ] GC(65) Old regions: 199->204
[2025-11-30T13:40:11.084+0000][54.423s][info ][gc,heap     ] GC(65) Archive regions: 2->2
[2025-11-30T13:40:11.084+0000][54.423s][info ][gc,heap     ] GC(65) Humongous regions: 0->0
[2025-11-30T13:40:11.084+0000][54.423s][info ][gc,metaspace] GC(65) Metaspace: 156814K(157952K)->156814K(157952K) NonClass: 137569K(138176K)->137569K(138176K) Class: 19244K(19776K)->19244K(19776K)
[2025-11-30T13:40:11.084+0000][54.423s][info ][gc          ] GC(65) Pause Young (Prepare Mixed) (G1 Evacuation Pause) 402M->218M(494M) 10.656ms
[2025-11-30T13:40:11.084+0000][54.423s][info ][gc,cpu      ] GC(65) User=0.08s Sys=0.00s Real=0.01s
[2025-11-30T13:40:11.084+0000][54.424s][info ][safepoint   ] Safepoint "G1CollectForAllocation", Time since last: 174788688 ns, Reaching safepoint: 71017 ns, Cleanup: 25319 ns, At safepoint: 10977926 ns, Total: 11074262 ns
[2025-11-30T13:40:11.158+0000][54.497s][debug][safepoint   ] Safepoint synchronization initiated using futex wait barrier. (80 threads)
[2025-11-30T13:40:11.158+0000][54.497s][info ][gc,start    ] GC(66) Pause Young (Mixed) (G1 Evacuation Pause)
[2025-11-30T13:40:11.158+0000][54.497s][info ][gc,task     ] GC(66) Using 13 workers of 13 for evacuation
[2025-11-30T13:40:11.165+0000][54.505s][info ][gc,phases   ] GC(66)   Pre Evacuate Collection Set: 0.4ms
[2025-11-30T13:40:11.165+0000][54.505s][info ][gc,phases   ] GC(66)   Merge Heap Roots: 0.4ms
[2025-11-30T13:40:11.165+0000][54.505s][info ][gc,phases   ] GC(66)   Evacuate Collection Set: 4.7ms
[2025-11-30T13:40:11.165+0000][54.505s][info ][gc,phases   ] GC(66)   Post Evacuate Collection Set: 1.7ms
[2025-11-30T13:40:11.165+0000][54.505s][info ][gc,phases   ] GC(66)   Other: 0.1ms
[2025-11-30T13:40:11.165+0000][54.505s][info ][gc,heap     ] GC(66) Eden regions: 10->0(21)
[2025-11-30T13:40:11.165+0000][54.505s][info ][gc,heap     ] GC(66) Survivor regions: 14->3(3)
[2025-11-30T13:40:11.165+0000][54.505s][info ][gc,heap     ] GC(66) Old regions: 204->167
[2025-11-30T13:40:11.165+0000][54.505s][info ][gc,heap     ] GC(66) Archive regions: 2->2
[2025-11-30T13:40:11.165+0000][54.505s][info ][gc,heap     ] GC(66) Humongous regions: 0->0
[2025-11-30T13:40:11.165+0000][54.505s][info ][gc,metaspace] GC(66) Metaspace: 156972K(158144K)->156972K(158144K) NonClass: 137704K(138304K)->137704K(138304K) Class: 19268K(19840K)->19268K(19840K)
[2025-11-30T13:40:11.166+0000][54.505s][info ][gc          ] GC(66) Pause Young (Mixed) (G1 Evacuation Pause) 228M->169M(494M) 7.390ms
[2025-11-30T13:40:11.166+0000][54.505s][info ][gc,cpu      ] GC(66) User=0.06s Sys=0.01s Real=0.01s
[2025-11-30T13:40:11.166+0000][54.505s][info ][safepoint   ] Safepoint "G1CollectForAllocation", Time since last: 73616430 ns, Reaching safepoint: 53753 ns, Cleanup: 12123 ns, At safepoint: 7663308 ns, Total: 7729184 ns
[2025-11-30T13:40:11.282+0000][54.622s][debug][safepoint   ] Safepoint synchronization initiated using futex wait barrier. (79 threads)
[2025-11-30T13:40:11.282+0000][54.622s][info ][gc,start    ] GC(67) Pause Young (Mixed) (G1 Evacuation Pause)
[2025-11-30T13:40:11.282+0000][54.622s][info ][gc,task     ] GC(67) Using 13 workers of 13 for evacuation
[2025-11-30T13:40:11.287+0000][54.627s][info ][gc,phases   ] GC(67)   Pre Evacuate Collection Set: 0.5ms
[2025-11-30T13:40:11.287+0000][54.627s][info ][gc,phases   ] GC(67)   Merge Heap Roots: 0.5ms
[2025-11-30T13:40:11.287+0000][54.627s][info ][gc,phases   ] GC(67)   Evacuate Collection Set: 2.1ms
[2025-11-30T13:40:11.287+0000][54.627s][info ][gc,phases   ] GC(67)   Post Evacuate Collection Set: 1.8ms
[2025-11-30T13:40:11.287+0000][54.627s][info ][gc,phases   ] GC(67)   Other: 0.1ms
[2025-11-30T13:40:11.288+0000][54.627s][info ][gc,heap     ] GC(67) Eden regions: 21->0(257)
[2025-11-30T13:40:11.288+0000][54.627s][info ][gc,heap     ] GC(67) Survivor regions: 3->1(3)
[2025-11-30T13:40:11.288+0000][54.627s][info ][gc,heap     ] GC(67) Old regions: 167->162
[2025-11-30T13:40:11.288+0000][54.627s][info ][gc,heap     ] GC(67) Archive regions: 2->2
[2025-11-30T13:40:11.288+0000][54.627s][info ][gc,heap     ] GC(67) Humongous regions: 0->0
[2025-11-30T13:40:11.288+0000][54.627s][info ][gc,metaspace] GC(67) Metaspace: 157367K(158592K)->157367K(158592K) NonClass: 138046K(138688K)->138046K(138688K) Class: 19320K(19904K)->19320K(19904K)
[2025-11-30T13:40:11.288+0000][54.627s][info ][gc          ] GC(67) Pause Young (Mixed) (G1 Evacuation Pause) 190M->163M(494M) 5.116ms
[2025-11-30T13:40:11.288+0000][54.627s][info ][gc,cpu      ] GC(67) User=0.02s Sys=0.01s Real=0.01s
[2025-11-30T13:40:11.288+0000][54.627s][info ][safepoint   ] Safepoint "G1CollectForAllocation", Time since last: 116569551 ns, Reaching safepoint: 63212 ns, Cleanup: 20580 ns, At safepoint: 5291282 ns, Total: 5375074 ns
[2025-11-30T13:40:12.399+0000][55.739s][debug][safepoint   ] Safepoint synchronization initiated using futex wait barrier. (95 threads)
[2025-11-30T13:40:12.400+0000][55.739s][info ][safepoint   ] Safepoint "Cleanup", Time since last: 1111651523 ns, Reaching safepoint: 197851 ns, Cleanup: 150539 ns, At safepoint: 56569 ns, Total: 404959 ns
[2025-11-30T13:40:13.189+0000][56.529s][debug][safepoint   ] Safepoint synchronization initiated using futex wait barrier. (97 threads)
[2025-11-30T13:40:13.190+0000][56.529s][info ][gc,start    ] GC(68) Pause Young (Normal) (G1 Evacuation Pause)
[2025-11-30T13:40:13.190+0000][56.529s][info ][gc,task     ] GC(68) Using 13 workers of 13 for evacuation
[2025-11-30T13:40:13.202+0000][56.541s][info ][gc,phases   ] GC(68)   Pre Evacuate Collection Set: 0.5ms
[2025-11-30T13:40:13.202+0000][56.541s][info ][gc,phases   ] GC(68)   Merge Heap Roots: 0.4ms
[2025-11-30T13:40:13.202+0000][56.541s][info ][gc,phases   ] GC(68)   Evacuate Collection Set: 8.9ms
[2025-11-30T13:40:13.202+0000][56.541s][info ][gc,phases   ] GC(68)   Post Evacuate Collection Set: 2.3ms
[2025-11-30T13:40:13.202+0000][56.541s][info ][gc,phases   ] GC(68)   Other: 0.2ms
[2025-11-30T13:40:13.202+0000][56.541s][info ][gc,heap     ] GC(68) Eden regions: 257->0(253)
[2025-11-30T13:40:13.202+0000][56.541s][info ][gc,heap     ] GC(68) Survivor regions: 1->6(33)
[2025-11-30T13:40:13.202+0000][56.541s][info ][gc,heap     ] GC(68) Old regions: 162->162
[2025-11-30T13:40:13.202+0000][56.541s][info ][gc,heap     ] GC(68) Archive regions: 2->2
[2025-11-30T13:40:13.202+0000][56.541s][info ][gc,heap     ] GC(68) Humongous regions: 0->0
[2025-11-30T13:40:13.202+0000][56.541s][info ][gc,metaspace] GC(68) Metaspace: 160945K(162112K)->160945K(162112K) NonClass: 141080K(141696K)->141080K(141696K) Class: 19864K(20416K)->19864K(20416K)
[2025-11-30T13:40:13.202+0000][56.541s][info ][gc          ] GC(68) Pause Young (Normal) (G1 Evacuation Pause) 420M->168M(494M) 12.614ms
[2025-11-30T13:40:13.202+0000][56.541s][info ][gc,cpu      ] GC(68) User=0.09s Sys=0.05s Real=0.01s
[2025-11-30T13:40:13.202+0000][56.542s][info ][safepoint   ] Safepoint "G1CollectForAllocation", Time since last: 789603834 ns, Reaching safepoint: 82428 ns, Cleanup: 71638 ns, At safepoint: 12895756 ns, Total: 13049822 ns
[2025-11-30T13:40:13.636+0000][56.976s][debug][safepoint   ] Safepoint synchronization initiated using futex wait barrier. (144 threads)
[2025-11-30T13:40:13.637+0000][56.976s][info ][safepoint   ] Safepoint "ICBufferFull", Time since last: 434033189 ns, Reaching safepoint: 191589 ns, Cleanup: 239110 ns, At safepoint: 99892 ns, Total: 530591 ns
[2025-11-30T13:40:14.233+0000][57.572s][debug][safepoint   ] Safepoint synchronization initiated using futex wait barrier. (145 threads)
[2025-11-30T13:40:14.233+0000][57.572s][debug][safepoint   ] ... found polling page loop exception at pc = 0x0000788ff939aced, stub =0x0000788ff8a04400
[2025-11-30T13:40:14.233+0000][57.573s][info ][safepoint   ] Safepoint "ICBufferFull", Time since last: 595848964 ns, Reaching safepoint: 209824 ns, Cleanup: 234982 ns, At safepoint: 34476 ns, Total: 479282 ns
[2025-11-30T13:40:14.328+0000][57.668s][debug][safepoint   ] Safepoint synchronization initiated using futex wait barrier. (145 threads)
[2025-11-30T13:40:14.329+0000][57.668s][info ][gc,start    ] GC(69) Pause Young (Normal) (G1 Evacuation Pause)
[2025-11-30T13:40:14.329+0000][57.668s][info ][gc,task     ] GC(69) Using 13 workers of 13 for evacuation
[2025-11-30T13:40:14.353+0000][57.692s][info ][gc,phases   ] GC(69)   Pre Evacuate Collection Set: 0.4ms
[2025-11-30T13:40:14.353+0000][57.693s][info ][gc,phases   ] GC(69)   Merge Heap Roots: 0.4ms
[2025-11-30T13:40:14.353+0000][57.693s][info ][gc,phases   ] GC(69)   Evacuate Collection Set: 20.8ms
[2025-11-30T13:40:14.353+0000][57.693s][info ][gc,phases   ] GC(69)   Post Evacuate Collection Set: 2.7ms
[2025-11-30T13:40:14.353+0000][57.693s][info ][gc,phases   ] GC(69)   Other: 0.3ms
[2025-11-30T13:40:14.353+0000][57.693s][info ][gc,heap     ] GC(69) Eden regions: 253->0(206)
[2025-11-30T13:40:14.353+0000][57.693s][info ][gc,heap     ] GC(69) Survivor regions: 6->33(33)
[2025-11-30T13:40:14.353+0000][57.693s][info ][gc,heap     ] GC(69) Old regions: 162->162
[2025-11-30T13:40:14.353+0000][57.693s][info ][gc,heap     ] GC(69) Archive regions: 2->2
[2025-11-30T13:40:14.353+0000][57.693s][info ][gc,heap     ] GC(69) Humongous regions: 1->1
[2025-11-30T13:40:14.354+0000][57.693s][info ][gc,metaspace] GC(69) Metaspace: 165387K(166592K)->165387K(166592K) NonClass: 144971K(145600K)->144971K(145600K) Class: 20416K(20992K)->20416K(20992K)
[2025-11-30T13:40:14.354+0000][57.693s][info ][gc          ] GC(69) Pause Young (Normal) (G1 Evacuation Pause) 422M->196M(494M) 24.976ms
[2025-11-30T13:40:14.354+0000][57.693s][info ][gc,cpu      ] GC(69) User=0.23s Sys=0.06s Real=0.02s
[2025-11-30T13:40:14.354+0000][57.694s][info ][safepoint   ] Safepoint "G1CollectForAllocation", Time since last: 95213336 ns, Reaching safepoint: 85845 ns, Cleanup: 17494 ns, At safepoint: 25868794 ns, Total: 25972133 ns
[2025-11-30T13:40:14.630+0000][57.969s][debug][safepoint   ] Safepoint synchronization initiated using futex wait barrier. (144 threads)
[2025-11-30T13:40:14.630+0000][57.969s][info ][gc,start    ] GC(70) Pause Young (Normal) (G1 Evacuation Pause)
[2025-11-30T13:40:14.630+0000][57.969s][info ][gc,task     ] GC(70) Using 13 workers of 13 for evacuation
[2025-11-30T13:40:14.673+0000][58.012s][info ][gc,phases   ] GC(70)   Pre Evacuate Collection Set: 0.4ms
[2025-11-30T13:40:14.673+0000][58.012s][info ][gc,phases   ] GC(70)   Merge Heap Roots: 0.3ms
[2025-11-30T13:40:14.673+0000][58.012s][info ][gc,phases   ] GC(70)   Evacuate Collection Set: 39.5ms
[2025-11-30T13:40:14.673+0000][58.012s][info ][gc,phases   ] GC(70)   Post Evacuate Collection Set: 2.1ms
[2025-11-30T13:40:14.673+0000][58.012s][info ][gc,phases   ] GC(70)   Other: 0.2ms
[2025-11-30T13:40:14.673+0000][58.012s][info ][gc,heap     ] GC(70) Eden regions: 206->0(141)
[2025-11-30T13:40:14.673+0000][58.012s][info ][gc,heap     ] GC(70) Survivor regions: 33->30(30)
[2025-11-30T13:40:14.673+0000][58.012s][info ][gc,heap     ] GC(70) Old regions: 162->214
[2025-11-30T13:40:14.673+0000][58.012s][info ][gc,heap     ] GC(70) Archive regions: 2->2
[2025-11-30T13:40:14.673+0000][58.012s][info ][gc,heap     ] GC(70) Humongous regions: 4->4
[2025-11-30T13:40:14.673+0000][58.012s][info ][gc,metaspace] GC(70) Metaspace: 166424K(167616K)->166424K(167616K) NonClass: 145876K(146496K)->145876K(146496K) Class: 20547K(21120K)->20547K(21120K)
[2025-11-30T13:40:14.673+0000][58.012s][info ][gc          ] GC(70) Pause Young (Normal) (G1 Evacuation Pause) 405M->248M(494M) 42.766ms
[2025-11-30T13:40:14.673+0000][58.012s][info ][gc,cpu      ] GC(70) User=0.49s Sys=0.01s Real=0.04s
[2025-11-30T13:40:14.673+0000][58.013s][info ][safepoint   ] Safepoint "G1CollectForAllocation", Time since last: 275165433 ns, Reaching safepoint: 195887 ns, Cleanup: 50117 ns, At safepoint: 43375041 ns, Total: 43621045 ns
[2025-11-30T13:40:14.934+0000][58.273s][debug][safepoint   ] Safepoint synchronization initiated using futex wait barrier. (146 threads)
[2025-11-30T13:40:14.935+0000][58.274s][info ][gc,start    ] GC(71) Pause Young (Concurrent Start) (G1 Evacuation Pause)
[2025-11-30T13:40:14.935+0000][58.274s][info ][gc,task     ] GC(71) Using 13 workers of 13 for evacuation
[2025-11-30T13:40:14.947+0000][58.287s][info ][gc,phases   ] GC(71)   Pre Evacuate Collection Set: 0.6ms
[2025-11-30T13:40:14.947+0000][58.287s][info ][gc,phases   ] GC(71)   Merge Heap Roots: 0.3ms
[2025-11-30T13:40:14.947+0000][58.287s][info ][gc,phases   ] GC(71)   Evacuate Collection Set: 9.4ms
[2025-11-30T13:40:14.947+0000][58.287s][info ][gc,phases   ] GC(71)   Post Evacuate Collection Set: 2.1ms
[2025-11-30T13:40:14.947+0000][58.287s][info ][gc,phases   ] GC(71)   Other: 0.3ms
[2025-11-30T13:40:14.947+0000][58.287s][info ][gc,heap     ] GC(71) Eden regions: 141->0(145)
[2025-11-30T13:40:14.947+0000][58.287s][info ][gc,heap     ] GC(71) Survivor regions: 30->6(22)
[2025-11-30T13:40:14.947+0000][58.287s][info ][gc,heap     ] GC(71) Old regions: 214->243
[2025-11-30T13:40:14.947+0000][58.287s][info ][gc,heap     ] GC(71) Archive regions: 2->2
[2025-11-30T13:40:14.947+0000][58.287s][info ][gc,heap     ] GC(71) Humongous regions: 4->4
[2025-11-30T13:40:14.947+0000][58.287s][info ][gc,metaspace] GC(71) Metaspace: 168301K(169600K)->168301K(169600K) NonClass: 147504K(148160K)->147504K(148160K) Class: 20797K(21440K)->20797K(21440K)
[2025-11-30T13:40:14.948+0000][58.287s][info ][gc          ] GC(71) Pause Young (Concurrent Start) (G1 Evacuation Pause) 389M->253M(494M) 12.868ms
[2025-11-30T13:40:14.948+0000][58.287s][info ][gc,cpu      ] GC(71) User=0.09s Sys=0.01s Real=0.02s
[2025-11-30T13:40:14.948+0000][58.287s][info ][gc          ] GC(72) Concurrent Mark Cycle
[2025-11-30T13:40:14.948+0000][58.287s][info ][gc,marking  ] GC(72) Concurrent Clear Claimed Marks
[2025-11-30T13:40:14.948+0000][58.287s][info ][safepoint   ] Safepoint "G1CollectForAllocation", Time since last: 260761419 ns, Reaching safepoint: 537615 ns, Cleanup: 87829 ns, At safepoint: 13260480 ns, Total: 13885924 ns
[2025-11-30T13:40:14.948+0000][58.287s][info ][gc,marking  ] GC(72) Concurrent Clear Claimed Marks 0.274ms
[2025-11-30T13:40:14.948+0000][58.287s][info ][gc,marking  ] GC(72) Concurrent Scan Root Regions
[2025-11-30T13:40:14.958+0000][58.297s][info ][gc,marking  ] GC(72) Concurrent Scan Root Regions 9.629ms
[2025-11-30T13:40:14.958+0000][58.297s][info ][gc,marking  ] GC(72) Concurrent Mark
[2025-11-30T13:40:14.958+0000][58.297s][info ][gc,marking  ] GC(72) Concurrent Mark From Roots
[2025-11-30T13:40:14.958+0000][58.297s][info ][gc,task     ] GC(72) Using 3 workers of 3 for marking
[2025-11-30T13:40:15.090+0000][58.429s][info ][gc,marking  ] GC(72) Concurrent Mark From Roots 131.732ms
[2025-11-30T13:40:15.090+0000][58.429s][info ][gc,marking  ] GC(72) Concurrent Preclean
[2025-11-30T13:40:15.090+0000][58.429s][info ][gc,marking  ] GC(72) Concurrent Preclean 0.414ms
[2025-11-30T13:40:15.090+0000][58.429s][debug][safepoint   ] Safepoint synchronization initiated using futex wait barrier. (150 threads)
[2025-11-30T13:40:15.090+0000][58.429s][debug][safepoint   ] ... found polling page loop exception at pc = 0x0000788ff93463ca, stub =0x0000788ff8a04400
[2025-11-30T13:40:15.090+0000][58.430s][info ][gc,start    ] GC(72) Pause Remark
[2025-11-30T13:40:15.097+0000][58.437s][info ][gc          ] GC(72) Pause Remark 287M->268M(494M) 6.854ms
[2025-11-30T13:40:15.097+0000][58.437s][info ][gc,cpu      ] GC(72) User=0.04s Sys=0.00s Real=0.00s
[2025-11-30T13:40:15.098+0000][58.437s][info ][safepoint   ] Safepoint "G1PauseRemark", Time since last: 142193472 ns, Reaching safepoint: 259159 ns, Cleanup: 73641 ns, At safepoint: 7188444 ns, Total: 7521244 ns
[2025-11-30T13:40:15.098+0000][58.437s][info ][gc,marking  ] GC(72) Concurrent Mark 139.917ms
[2025-11-30T13:40:15.098+0000][58.437s][info ][gc,marking  ] GC(72) Concurrent Rebuild Remembered Sets
[2025-11-30T13:40:15.233+0000][58.572s][info ][gc,marking  ] GC(72) Concurrent Rebuild Remembered Sets 135.246ms
[2025-11-30T13:40:15.233+0000][58.572s][debug][safepoint   ] Safepoint synchronization initiated using futex wait barrier. (161 threads)
[2025-11-30T13:40:15.236+0000][58.575s][info ][gc,start    ] GC(72) Pause Cleanup
[2025-11-30T13:40:15.236+0000][58.575s][info ][gc          ] GC(72) Pause Cleanup 297M->297M(494M) 0.431ms
[2025-11-30T13:40:15.236+0000][58.575s][info ][gc,cpu      ] GC(72) User=0.00s Sys=0.00s Real=0.00s
[2025-11-30T13:40:15.238+0000][58.577s][info ][safepoint   ] Safepoint "G1PauseCleanup", Time since last: 135541290 ns, Reaching safepoint: 2195596 ns, Cleanup: 197470 ns, At safepoint: 2636088 ns, Total: 5029154 ns
[2025-11-30T13:40:15.239+0000][58.578s][info ][gc,marking  ] GC(72) Concurrent Cleanup for Next Mark
[2025-11-30T13:40:15.241+0000][58.580s][info ][gc,marking  ] GC(72) Concurrent Cleanup for Next Mark 1.316ms
[2025-11-30T13:40:15.241+0000][58.580s][info ][gc          ] GC(72) Concurrent Mark Cycle 292.887ms
[2025-11-30T13:40:15.455+0000][58.794s][debug][safepoint   ] Safepoint synchronization initiated using futex wait barrier. (163 threads)
[2025-11-30T13:40:15.455+0000][58.794s][info ][gc,start    ] GC(73) Pause Young (Prepare Mixed) (G1 Evacuation Pause)
[2025-11-30T13:40:15.455+0000][58.794s][info ][gc,task     ] GC(73) Using 13 workers of 13 for evacuation
[2025-11-30T13:40:15.463+0000][58.802s][info ][gc,phases   ] GC(73)   Pre Evacuate Collection Set: 0.4ms
[2025-11-30T13:40:15.463+0000][58.803s][info ][gc,phases   ] GC(73)   Merge Heap Roots: 0.3ms
[2025-11-30T13:40:15.463+0000][58.803s][info ][gc,phases   ] GC(73)   Evacuate Collection Set: 5.0ms
[2025-11-30T13:40:15.463+0000][58.803s][info ][gc,phases   ] GC(73)   Post Evacuate Collection Set: 2.2ms
[2025-11-30T13:40:15.463+0000][58.803s][info ][gc,phases   ] GC(73)   Other: 0.2ms
[2025-11-30T13:40:15.463+0000][58.803s][info ][gc,heap     ] GC(73) Eden regions: 145->0(12)
[2025-11-30T13:40:15.463+0000][58.803s][info ][gc,heap     ] GC(73) Survivor regions: 6->12(19)
[2025-11-30T13:40:15.463+0000][58.803s][info ][gc,heap     ] GC(73) Old regions: 228->228
[2025-11-30T13:40:15.463+0000][58.803s][info ][gc,heap     ] GC(73) Archive regions: 2->2
[2025-11-30T13:40:15.463+0000][58.803s][info ][gc,heap     ] GC(73) Humongous regions: 0->0
[2025-11-30T13:40:15.463+0000][58.803s][info ][gc,metaspace] GC(73) Metaspace: 171778K(173056K)->171778K(173056K) NonClass: 150542K(151232K)->150542K(151232K) Class: 21236K(21824K)->21236K(21824K)
[2025-11-30T13:40:15.463+0000][58.803s][info ][gc          ] GC(73) Pause Young (Prepare Mixed) (G1 Evacuation Pause) 379M->240M(494M) 8.335ms
[2025-11-30T13:40:15.464+0000][58.803s][info ][gc,cpu      ] GC(73) User=0.05s Sys=0.00s Real=0.01s
[2025-11-30T13:40:15.464+0000][58.803s][info ][safepoint   ] Safepoint "G1CollectForAllocation", Time since last: 216717605 ns, Reaching safepoint: 73572 ns, Cleanup: 92237 ns, At safepoint: 8759107 ns, Total: 8924916 ns
[2025-11-30T13:40:15.483+0000][58.822s][debug][safepoint   ] Safepoint synchronization initiated using futex wait barrier. (168 threads)
[2025-11-30T13:40:15.483+0000][58.823s][info ][gc,start    ] GC(74) Pause Young (Mixed) (G1 Evacuation Pause)
[2025-11-30T13:40:15.483+0000][58.823s][info ][gc,task     ] GC(74) Using 13 workers of 13 for evacuation
[2025-11-30T13:40:15.510+0000][58.849s][info ][gc,phases   ] GC(74)   Pre Evacuate Collection Set: 0.4ms
[2025-11-30T13:40:15.510+0000][58.849s][info ][gc,phases   ] GC(74)   Merge Heap Roots: 0.4ms
[2025-11-30T13:40:15.510+0000][58.849s][info ][gc,phases   ] GC(74)   Evacuate Collection Set: 23.1ms
[2025-11-30T13:40:15.510+0000][58.849s][info ][gc,phases   ] GC(74)   Post Evacuate Collection Set: 2.8ms
[2025-11-30T13:40:15.510+0000][58.849s][info ][gc,phases   ] GC(74)   Other: 0.2ms
[2025-11-30T13:40:15.510+0000][58.849s][info ][gc,heap     ] GC(74) Eden regions: 12->0(190)
[2025-11-30T13:40:15.510+0000][58.849s][info ][gc,heap     ] GC(74) Survivor regions: 12->3(3)
[2025-11-30T13:40:15.510+0000][58.849s][info ][gc,heap     ] GC(74) Old regions: 228->197
[2025-11-30T13:40:15.510+0000][58.849s][info ][gc,heap     ] GC(74) Archive regions: 2->2
[2025-11-30T13:40:15.510+0000][58.849s][info ][gc,heap     ] GC(74) Humongous regions: 0->0
[2025-11-30T13:40:15.510+0000][58.850s][info ][gc,metaspace] GC(74) Metaspace: 171880K(173120K)->171880K(173120K) NonClass: 150629K(151296K)->150629K(151296K) Class: 21250K(21824K)->21250K(21824K)
[2025-11-30T13:40:15.510+0000][58.850s][info ][gc          ] GC(74) Pause Young (Mixed) (G1 Evacuation Pause) 252M->199M(494M) 27.028ms
[2025-11-30T13:40:15.510+0000][58.850s][info ][gc,cpu      ] GC(74) User=0.30s Sys=0.01s Real=0.03s
[2025-11-30T13:40:15.511+0000][58.850s][info ][safepoint   ] Safepoint "G1CollectForAllocation", Time since last: 17785151 ns, Reaching safepoint: 1588136 ns, Cleanup: 25309 ns, At safepoint: 27685844 ns, Total: 29299289 ns
[2025-11-30T13:40:16.040+0000][59.379s][debug][safepoint   ] Safepoint synchronization initiated using futex wait barrier. (241 threads)
[2025-11-30T13:40:16.041+0000][59.380s][info ][safepoint   ] Safepoint "ICBufferFull", Time since last: 528625497 ns, Reaching safepoint: 507547 ns, Cleanup: 271873 ns, At safepoint: 212579 ns, Total: 991999 ns
[2025-11-30T13:40:16.146+0000][59.485s][debug][safepoint   ] Safepoint synchronization initiated using futex wait barrier. (242 threads)
[2025-11-30T13:40:16.146+0000][59.485s][info ][gc,start    ] GC(75) Pause Young (Normal) (G1 Evacuation Pause)
[2025-11-30T13:40:16.146+0000][59.485s][info ][gc,task     ] GC(75) Using 13 workers of 13 for evacuation
[2025-11-30T13:40:16.173+0000][59.512s][info ][gc,phases   ] GC(75)   Pre Evacuate Collection Set: 0.5ms
[2025-11-30T13:40:16.173+0000][59.512s][info ][gc,phases   ] GC(75)   Merge Heap Roots: 0.9ms
[2025-11-30T13:40:16.173+0000][59.512s][info ][gc,phases   ] GC(75)   Evacuate Collection Set: 4.9ms
[2025-11-30T13:40:16.173+0000][59.512s][info ][gc,phases   ] GC(75)   Post Evacuate Collection Set: 20.2ms
[2025-11-30T13:40:16.173+0000][59.512s][info ][gc,phases   ] GC(75)   Other: 0.4ms
[2025-11-30T13:40:16.173+0000][59.512s][info ][gc,heap     ] GC(75) Eden regions: 190->0(510)
[2025-11-30T13:40:16.173+0000][59.512s][info ][gc,heap     ] GC(75) Survivor regions: 3->7(25)
[2025-11-30T13:40:16.173+0000][59.512s][info ][gc,heap     ] GC(75) Old regions: 197->197
[2025-11-30T13:40:16.173+0000][59.512s][info ][gc,heap     ] GC(75) Archive regions: 2->2
[2025-11-30T13:40:16.173+0000][59.512s][info ][gc,heap     ] GC(75) Humongous regions: 0->0
[2025-11-30T13:40:16.173+0000][59.512s][info ][gc,metaspace] GC(75) Metaspace: 176150K(177408K)->176150K(177408K) NonClass: 154367K(155008K)->154367K(155008K) Class: 21782K(22400K)->21782K(22400K)
[2025-11-30T13:40:16.173+0000][59.512s][info ][gc          ] GC(75) Pause Young (Normal) (G1 Evacuation Pause) 389M->203M(870M) 27.018ms
[2025-11-30T13:40:16.173+0000][59.512s][info ][gc,cpu      ] GC(75) User=0.05s Sys=0.02s Real=0.03s
[2025-11-30T13:40:16.175+0000][59.514s][info ][safepoint   ] Safepoint "G1CollectForAllocation", Time since last: 105058618 ns, Reaching safepoint: 90414 ns, Cleanup: 91285 ns, At safepoint: 28735746 ns, Total: 28917445 ns
[2025-11-30T13:40:17.907+0000][61.246s][debug][safepoint   ] Safepoint synchronization initiated using futex wait barrier. (241 threads)
[2025-11-30T13:40:17.907+0000][61.246s][info ][safepoint   ] Safepoint "Cleanup", Time since last: 1732303540 ns, Reaching safepoint: 83540 ns, Cleanup: 140360 ns, At safepoint: 163315 ns, Total: 387215 ns
[2025-11-30T13:40:18.176+0000][61.515s][debug][safepoint   ] Safepoint synchronization initiated using futex wait barrier. (243 threads)
[2025-11-30T13:40:18.177+0000][61.517s][info ][safepoint   ] Safepoint "ICBufferFull", Time since last: 268570031 ns, Reaching safepoint: 1182491 ns, Cleanup: 214703 ns, At safepoint: 166090 ns, Total: 1563284 ns
[2025-11-30T13:40:19.178+0000][62.517s][debug][safepoint   ] Safepoint synchronization initiated using futex wait barrier. (251 threads)
[2025-11-30T13:40:19.178+0000][62.517s][info ][safepoint   ] Safepoint "Cleanup", Time since last: 1000228259 ns, Reaching safepoint: 160059 ns, Cleanup: 239602 ns, At safepoint: 25008 ns, Total: 424669 ns
[2025-11-30T13:40:20.697+0000][64.036s][debug][safepoint   ] Safepoint synchronization initiated using futex wait barrier. (245 threads)
[2025-11-30T13:40:20.697+0000][64.036s][info ][safepoint   ] Safepoint "Cleanup", Time since last: 1518771065 ns, Reaching safepoint: 76888 ns, Cleanup: 49746 ns, At safepoint: 116936 ns, Total: 243570 ns
[2025-11-30T13:40:21.698+0000][65.037s][debug][safepoint   ] Safepoint synchronization initiated using futex wait barrier. (246 threads)
[2025-11-30T13:40:21.698+0000][65.037s][info ][safepoint   ] Safepoint "Cleanup", Time since last: 1000735004 ns, Reaching safepoint: 182903 ns, Cleanup: 34526 ns, At safepoint: 4579 ns, Total: 222008 ns
[2025-11-30T13:40:22.697+0000][66.037s][debug][safepoint   ] Safepoint synchronization initiated using futex wait barrier. (248 threads)
[2025-11-30T13:40:22.697+0000][66.038s][info ][safepoint   ] Safepoint "Cleanup", Time since last: 1000187455 ns, Reaching safepoint: 116605 ns, Cleanup: 42532 ns, At safepoint: 3978 ns, Total: 163115 ns
[2025-11-30T13:40:23.697+0000][67.038s][debug][safepoint   ] Safepoint synchronization initiated using futex wait barrier. (248 threads)
[2025-11-30T13:40:23.697+0000][67.038s][info ][safepoint   ] Safepoint "Cleanup", Time since last: 1000205575 ns, Reaching safepoint: 108629 ns, Cleanup: 41791 ns, At safepoint: 44065 ns, Total: 194485 ns
[2025-11-30T13:40:23.882+0000][67.223s][debug][safepoint   ] Safepoint synchronization initiated using futex wait barrier. (248 threads)
[2025-11-30T13:40:23.882+0000][67.223s][info ][gc,start    ] GC(76) Pause Young (Concurrent Start) (G1 Humongous Allocation)
[2025-11-30T13:40:23.882+0000][67.223s][info ][gc,task     ] GC(76) Using 13 workers of 13 for evacuation
[2025-11-30T13:40:23.907+0000][67.248s][info ][gc,phases   ] GC(76)   Pre Evacuate Collection Set: 0.9ms
[2025-11-30T13:40:23.907+0000][67.248s][info ][gc,phases   ] GC(76)   Merge Heap Roots: 0.4ms
[2025-11-30T13:40:23.907+0000][67.248s][info ][gc,phases   ] GC(76)   Evacuate Collection Set: 17.1ms
[2025-11-30T13:40:23.907+0000][67.248s][info ][gc,phases   ] GC(76)   Post Evacuate Collection Set: 4.9ms
[2025-11-30T13:40:23.907+0000][67.248s][info ][gc,phases   ] GC(76)   Other: 1.9ms
[2025-11-30T13:40:23.907+0000][67.248s][info ][gc,heap     ] GC(76) Eden regions: 500->0(361)
[2025-11-30T13:40:23.907+0000][67.248s][info ][gc,heap     ] GC(76) Survivor regions: 7->45(65)
[2025-11-30T13:40:23.907+0000][67.248s][info ][gc,heap     ] GC(76) Old regions: 197->197
[2025-11-30T13:40:23.907+0000][67.248s][info ][gc,heap     ] GC(76) Archive regions: 2->2
[2025-11-30T13:40:23.907+0000][67.248s][info ][gc,heap     ] GC(76) Humongous regions: 70->7
[2025-11-30T13:40:23.907+0000][67.248s][info ][gc,metaspace] GC(76) Metaspace: 185716K(187136K)->185716K(187136K) NonClass: 162912K(163648K)->162912K(163648K) Class: 22803K(23488K)->22803K(23488K)
[2025-11-30T13:40:23.907+0000][67.248s][info ][gc          ] GC(76) Pause Young (Concurrent Start) (G1 Humongous Allocation) 773M->248M(870M) 25.256ms
[2025-11-30T13:40:23.907+0000][67.248s][info ][gc,cpu      ] GC(76) User=0.22s Sys=0.01s Real=0.03s
[2025-11-30T13:40:23.908+0000][67.248s][info ][gc          ] GC(77) Concurrent Undo Cycle
[2025-11-30T13:40:23.908+0000][67.248s][info ][gc,marking  ] GC(77) Concurrent Cleanup for Next Mark
[2025-11-30T13:40:23.909+0000][67.249s][info ][safepoint   ] Safepoint "G1TryInitiateConcMark", Time since last: 184588475 ns, Reaching safepoint: 86296 ns, Cleanup: 5170 ns, At safepoint: 26575807 ns, Total: 26667273 ns
[2025-11-30T13:40:23.917+0000][67.257s][info ][gc,marking  ] GC(77) Concurrent Cleanup for Next Mark 9.081ms
[2025-11-30T13:40:23.917+0000][67.257s][info ][gc          ] GC(77) Concurrent Undo Cycle 9.197ms
[2025-11-30T13:40:24.777+0000][68.118s][debug][safepoint   ] Safepoint synchronization initiated using futex wait barrier. (249 threads)
[2025-11-30T13:40:24.778+0000][68.118s][info ][gc,start    ] GC(78) Pause Young (Normal) (G1 Evacuation Pause)
[2025-11-30T13:40:24.778+0000][68.118s][info ][gc,task     ] GC(78) Using 13 workers of 13 for evacuation
[2025-11-30T13:40:24.848+0000][68.188s][info ][gc,phases   ] GC(78)   Pre Evacuate Collection Set: 0.6ms
[2025-11-30T13:40:24.848+0000][68.188s][info ][gc,phases   ] GC(78)   Merge Heap Roots: 0.3ms
[2025-11-30T13:40:24.848+0000][68.188s][info ][gc,phases   ] GC(78)   Evacuate Collection Set: 66.0ms
[2025-11-30T13:40:24.848+0000][68.188s][info ][gc,phases   ] GC(78)   Post Evacuate Collection Set: 2.5ms
[2025-11-30T13:40:24.848+0000][68.188s][info ][gc,phases   ] GC(78)   Other: 0.5ms
[2025-11-30T13:40:24.848+0000][68.188s][info ][gc,heap     ] GC(78) Eden regions: 361->0(274)
[2025-11-30T13:40:24.848+0000][68.188s][info ][gc,heap     ] GC(78) Survivor regions: 45->51(51)
[2025-11-30T13:40:24.848+0000][68.188s][info ][gc,heap     ] GC(78) Old regions: 197->305
[2025-11-30T13:40:24.848+0000][68.188s][info ][gc,heap     ] GC(78) Archive regions: 2->2
[2025-11-30T13:40:24.848+0000][68.188s][info ][gc,heap     ] GC(78) Humongous regions: 50->13
[2025-11-30T13:40:24.848+0000][68.188s][info ][gc,metaspace] GC(78) Metaspace: 186242K(187584K)->186242K(187584K) NonClass: 163380K(164096K)->163380K(164096K) Class: 22861K(23488K)->22861K(23488K)
[2025-11-30T13:40:24.848+0000][68.188s][info ][gc          ] GC(78) Pause Young (Normal) (G1 Evacuation Pause) 652M->368M(870M) 70.066ms
[2025-11-30T13:40:24.848+0000][68.188s][info ][gc,cpu      ] GC(78) User=0.84s Sys=0.01s Real=0.08s
[2025-11-30T13:40:24.849+0000][68.190s][info ][safepoint   ] Safepoint "G1CollectForAllocation", Time since last: 868787067 ns, Reaching safepoint: 91727 ns, Cleanup: 69594 ns, At safepoint: 71685806 ns, Total: 71847127 ns
[2025-11-30T13:40:25.498+0000][68.839s][debug][safepoint   ] Safepoint synchronization initiated using futex wait barrier. (253 threads)
[2025-11-30T13:40:25.499+0000][68.840s][info ][safepoint   ] Safepoint "ICBufferFull", Time since last: 648976417 ns, Reaching safepoint: 389016 ns, Cleanup: 219503 ns, At safepoint: 120262 ns, Total: 728781 ns
[2025-11-30T13:40:25.769+0000][69.109s][debug][safepoint   ] Safepoint synchronization initiated using futex wait barrier. (253 threads)
[2025-11-30T13:40:25.769+0000][69.110s][info ][safepoint   ] Safepoint "ICBufferFull", Time since last: 269540216 ns, Reaching safepoint: 128097 ns, Cleanup: 223752 ns, At safepoint: 68602 ns, Total: 420451 ns
[2025-11-30T13:40:27.226+0000][70.567s][debug][safepoint   ] Safepoint synchronization initiated using futex wait barrier. (249 threads)
[2025-11-30T13:40:27.227+0000][70.567s][info ][safepoint   ] Safepoint "Cleanup", Time since last: 1457325468 ns, Reaching safepoint: 138325 ns, Cleanup: 186960 ns, At safepoint: 4458 ns, Total: 329743 ns
[2025-11-30T13:40:34.227+0000][77.568s][debug][safepoint   ] Safepoint synchronization initiated using futex wait barrier. (247 threads)
[2025-11-30T13:40:34.228+0000][77.568s][info ][safepoint   ] Safepoint "Cleanup", Time since last: 7000897449 ns, Reaching safepoint: 78881 ns, Cleanup: 12084 ns, At safepoint: 2905 ns, Total: 93870 ns
[2025-11-30T13:40:51.230+0000][94.571s][debug][safepoint   ] Safepoint synchronization initiated using futex wait barrier. (247 threads)
[2025-11-30T13:40:51.231+0000][94.571s][info ][safepoint   ] Safepoint "Cleanup", Time since last: 17002860668 ns, Reaching safepoint: 101585 ns, Cleanup: 17433 ns, At safepoint: 3227 ns, Total: 122245 ns
[2025-11-30T13:40:56.230+0000][99.572s][debug][safepoint   ] Safepoint synchronization initiated using futex wait barrier. (247 threads)
[2025-11-30T13:40:56.230+0000][99.572s][info ][safepoint   ] Safepoint "Cleanup", Time since last: 5000961400 ns, Reaching safepoint: 206305 ns, Cleanup: 19197 ns, At safepoint: 6923 ns, Total: 232425 ns
[2025-11-30T13:40:57.230+0000][100.573s][debug][safepoint   ] Safepoint synchronization initiated using futex wait barrier. (247 threads)
[2025-11-30T13:40:57.230+0000][100.573s][info ][safepoint   ] Safepoint "Cleanup", Time since last: 1000237411 ns, Reaching safepoint: 139317 ns, Cleanup: 24958 ns, At safepoint: 8356 ns, Total: 172631 ns
[2025-11-30T13:40:59.231+0000][102.573s][debug][safepoint   ] Safepoint synchronization initiated using futex wait barrier. (247 threads)
[2025-11-30T13:40:59.231+0000][102.573s][info ][safepoint   ] Safepoint "Cleanup", Time since last: 2000288844 ns, Reaching safepoint: 87639 ns, Cleanup: 15079 ns, At safepoint: 3998 ns, Total: 106716 ns
[2025-11-30T13:41:03.232+0000][106.574s][debug][safepoint   ] Safepoint synchronization initiated using futex wait barrier. (247 threads)
[2025-11-30T13:41:03.232+0000][106.574s][info ][safepoint   ] Safepoint "Cleanup", Time since last: 4000764565 ns, Reaching safepoint: 129670 ns, Cleanup: 16071 ns, At safepoint: 4619 ns, Total: 150360 ns
[2025-11-30T13:41:08.890+0000][112.233s][debug][safepoint   ] Safepoint synchronization initiated using futex wait barrier. (247 threads)
[2025-11-30T13:41:08.891+0000][112.233s][info ][gc,start    ] GC(79) Pause Young (Normal) (G1 Evacuation Pause)
[2025-11-30T13:41:08.891+0000][112.233s][info ][gc,task     ] GC(79) Using 13 workers of 13 for evacuation
[2025-11-30T13:41:08.947+0000][112.290s][info ][gc,phases   ] GC(79)   Pre Evacuate Collection Set: 0.5ms
[2025-11-30T13:41:08.948+0000][112.290s][info ][gc,phases   ] GC(79)   Merge Heap Roots: 0.9ms
[2025-11-30T13:41:08.948+0000][112.290s][info ][gc,phases   ] GC(79)   Evacuate Collection Set: 51.4ms
[2025-11-30T13:41:08.948+0000][112.290s][info ][gc,phases   ] GC(79)   Post Evacuate Collection Set: 3.5ms
[2025-11-30T13:41:08.948+0000][112.290s][info ][gc,phases   ] GC(79)   Other: 0.6ms
[2025-11-30T13:41:08.948+0000][112.290s][info ][gc,heap     ] GC(79) Eden regions: 274->0(262)
[2025-11-30T13:41:08.948+0000][112.290s][info ][gc,heap     ] GC(79) Survivor regions: 51->32(41)
[2025-11-30T13:41:08.948+0000][112.290s][info ][gc,heap     ] GC(79) Old regions: 305->358
[2025-11-30T13:41:08.948+0000][112.290s][info ][gc,heap     ] GC(79) Archive regions: 2->2
[2025-11-30T13:41:08.948+0000][112.290s][info ][gc,heap     ] GC(79) Humongous regions: 31->13
[2025-11-30T13:41:08.948+0000][112.290s][info ][gc,metaspace] GC(79) Metaspace: 189551K(190976K)->189551K(190976K) NonClass: 166388K(167168K)->166388K(167168K) Class: 23162K(23808K)->23162K(23808K)
[2025-11-30T13:41:08.948+0000][112.290s][info ][gc          ] GC(79) Pause Young (Normal) (G1 Evacuation Pause) 660M->403M(870M) 57.095ms
[2025-11-30T13:41:08.948+0000][112.290s][info ][gc,cpu      ] GC(79) User=0.67s Sys=0.01s Real=0.06s
[2025-11-30T13:41:08.949+0000][112.292s][info ][safepoint   ] Safepoint "G1CollectForAllocation", Time since last: 5658621437 ns, Reaching safepoint: 122977 ns, Cleanup: 10401 ns, At safepoint: 58783899 ns, Total: 58917277 ns
[2025-11-30T13:41:13.950+0000][117.292s][debug][safepoint   ] Safepoint synchronization initiated using futex wait barrier. (245 threads)
[2025-11-30T13:41:13.950+0000][117.293s][info ][safepoint   ] Safepoint "Cleanup", Time since last: 5000891378 ns, Reaching safepoint: 72621 ns, Cleanup: 41279 ns, At safepoint: 2926 ns, Total: 116826 ns
[2025-11-30T13:41:16.949+0000][120.291s][debug][safepoint   ] Safepoint synchronization initiated using futex wait barrier. (238 threads)
[2025-11-30T13:41:16.949+0000][120.291s][info ][safepoint   ] Safepoint "Cleanup", Time since last: 2998432107 ns, Reaching safepoint: 262552 ns, Cleanup: 21010 ns, At safepoint: 47620 ns, Total: 331182 ns
[2025-11-30T13:41:31.640+0000][134.984s][debug][safepoint   ] Safepoint synchronization initiated using futex wait barrier. (232 threads)
[2025-11-30T13:41:31.641+0000][134.985s][info ][safepoint   ] Safepoint "Cleanup", Time since last: 14692921372 ns, Reaching safepoint: 693967 ns, Cleanup: 19210 ns, At safepoint: 37198 ns, Total: 750375 ns
[2025-11-30T13:41:33.454+0000][136.798s][debug][safepoint   ] Safepoint synchronization initiated using futex wait barrier. (238 threads)
[2025-11-30T13:41:33.455+0000][136.799s][info ][safepoint   ] Safepoint "Cleanup", Time since last: 1812831031 ns, Reaching safepoint: 1314499 ns, Cleanup: 238910 ns, At safepoint: 20914 ns, Total: 1574323 ns
[2025-11-30T13:41:34.455+0000][137.800s][debug][safepoint   ] Safepoint synchronization initiated using futex wait barrier. (236 threads)
[2025-11-30T13:41:34.456+0000][137.800s][info ][safepoint   ] Safepoint "Cleanup", Time since last: 1000249207 ns, Reaching safepoint: 235953 ns, Cleanup: 67852 ns, At safepoint: 30133 ns, Total: 333938 ns
[2025-11-30T13:41:35.456+0000][138.800s][debug][safepoint   ] Safepoint synchronization initiated using futex wait barrier. (234 threads)
[2025-11-30T13:41:35.456+0000][138.800s][info ][safepoint   ] Safepoint "Cleanup", Time since last: 1000171926 ns, Reaching safepoint: 119649 ns, Cleanup: 81226 ns, At safepoint: 4719 ns, Total: 205594 ns
[2025-11-30T13:41:38.457+0000][141.801s][debug][safepoint   ] Safepoint synchronization initiated using futex wait barrier. (233 threads)
[2025-11-30T13:41:38.457+0000][141.801s][info ][safepoint   ] Safepoint "Cleanup", Time since last: 3000521431 ns, Reaching safepoint: 221916 ns, Cleanup: 43193 ns, At safepoint: 165577 ns, Total: 430686 ns
[2025-11-30T13:41:39.955+0000][143.299s][debug][safepoint   ] Safepoint synchronization initiated using futex wait barrier. (235 threads)
[2025-11-30T13:41:39.956+0000][143.300s][info ][safepoint   ] Safepoint "Cleanup", Time since last: 1498052247 ns, Reaching safepoint: 626504 ns, Cleanup: 239701 ns, At safepoint: 129179 ns, Total: 995384 ns
[2025-11-30T13:41:40.044+0000][143.388s][debug][safepoint   ] Safepoint synchronization initiated using futex wait barrier. (235 threads)
[2025-11-30T13:41:40.045+0000][143.389s][info ][gc,start    ] GC(80) Pause Young (Normal) (G1 Evacuation Pause)
[2025-11-30T13:41:40.045+0000][143.389s][info ][gc,task     ] GC(80) Using 13 workers of 13 for evacuation
[2025-11-30T13:41:40.130+0000][143.475s][info ][gc,phases   ] GC(80)   Pre Evacuate Collection Set: 0.7ms
[2025-11-30T13:41:40.130+0000][143.475s][info ][gc,phases   ] GC(80)   Merge Heap Roots: 3.0ms
[2025-11-30T13:41:40.130+0000][143.475s][info ][gc,phases   ] GC(80)   Evacuate Collection Set: 74.9ms
[2025-11-30T13:41:40.130+0000][143.475s][info ][gc,phases   ] GC(80)   Post Evacuate Collection Set: 6.3ms
[2025-11-30T13:41:40.130+0000][143.475s][info ][gc,phases   ] GC(80)   Other: 1.1ms
[2025-11-30T13:41:40.131+0000][143.475s][info ][gc,heap     ] GC(80) Eden regions: 262->0(272)
[2025-11-30T13:41:40.131+0000][143.475s][info ][gc,heap     ] GC(80) Survivor regions: 32->8(37)
[2025-11-30T13:41:40.131+0000][143.475s][info ][gc,heap     ] GC(80) Old regions: 358->389
[2025-11-30T13:41:40.131+0000][143.475s][info ][gc,heap     ] GC(80) Archive regions: 2->2
[2025-11-30T13:41:40.131+0000][143.475s][info ][gc,heap     ] GC(80) Humongous regions: 30->13
[2025-11-30T13:41:40.131+0000][143.475s][info ][gc,metaspace] GC(80) Metaspace: 193321K(194688K)->193321K(194688K) NonClass: 169663K(170368K)->169663K(170368K) Class: 23658K(24320K)->23658K(24320K)
[2025-11-30T13:41:40.131+0000][143.475s][info ][gc          ] GC(80) Pause Young (Normal) (G1 Evacuation Pause) 682M->410M(870M) 85.781ms
[2025-11-30T13:41:40.131+0000][143.475s][info ][gc,cpu      ] GC(80) User=0.99s Sys=0.02s Real=0.08s
[2025-11-30T13:41:40.132+0000][143.476s][info ][safepoint   ] Safepoint "G1CollectForAllocation", Time since last: 87809571 ns, Reaching safepoint: 96416 ns, Cleanup: 19016 ns, At safepoint: 88150417 ns, Total: 88265849 ns
[2025-11-30T13:41:41.132+0000][144.477s][debug][safepoint   ] Safepoint synchronization initiated using futex wait barrier. (236 threads)
[2025-11-30T13:41:41.133+0000][144.477s][info ][safepoint   ] Safepoint "Cleanup", Time since last: 1000185886 ns, Reaching safepoint: 98980 ns, Cleanup: 261393 ns, At safepoint: 51879 ns, Total: 412252 ns
[2025-11-30T13:41:42.133+0000][145.477s][debug][safepoint   ] Safepoint synchronization initiated using futex wait barrier. (235 threads)
[2025-11-30T13:41:42.137+0000][145.481s][info ][safepoint   ] Safepoint "Cleanup", Time since last: 1000167901 ns, Reaching safepoint: 3491273 ns, Cleanup: 123548 ns, At safepoint: 481787 ns, Total: 4096608 ns
[2025-11-30T13:41:42.521+0000][145.865s][debug][safepoint   ] Safepoint synchronization initiated using futex wait barrier. (236 threads)
[2025-11-30T13:41:42.522+0000][145.866s][info ][gc,start    ] GC(81) Pause Young (Normal) (G1 Evacuation Pause)
[2025-11-30T13:41:42.522+0000][145.866s][info ][gc,task     ] GC(81) Using 13 workers of 13 for evacuation
[2025-11-30T13:41:42.538+0000][145.882s][info ][gc,phases   ] GC(81)   Pre Evacuate Collection Set: 0.5ms
[2025-11-30T13:41:42.538+0000][145.882s][info ][gc,phases   ] GC(81)   Merge Heap Roots: 0.5ms
[2025-11-30T13:41:42.538+0000][145.882s][info ][gc,phases   ] GC(81)   Evacuate Collection Set: 12.3ms
[2025-11-30T13:41:42.538+0000][145.882s][info ][gc,phases   ] GC(81)   Post Evacuate Collection Set: 2.3ms
[2025-11-30T13:41:42.538+0000][145.882s][info ][gc,phases   ] GC(81)   Other: 0.5ms
[2025-11-30T13:41:42.538+0000][145.883s][info ][gc,heap     ] GC(81) Eden regions: 272->0(284)
[2025-11-30T13:41:42.538+0000][145.883s][info ][gc,heap     ] GC(81) Survivor regions: 8->10(35)
[2025-11-30T13:41:42.538+0000][145.883s][info ][gc,heap     ] GC(81) Old regions: 389->389
[2025-11-30T13:41:42.538+0000][145.883s][info ][gc,heap     ] GC(81) Archive regions: 2->2
[2025-11-30T13:41:42.538+0000][145.883s][info ][gc,heap     ] GC(81) Humongous regions: 13->13
[2025-11-30T13:41:42.538+0000][145.883s][info ][gc,metaspace] GC(81) Metaspace: 194377K(195776K)->194377K(195776K) NonClass: 170622K(171328K)->170622K(171328K) Class: 23754K(24448K)->23754K(24448K)
[2025-11-30T13:41:42.538+0000][145.883s][info ][gc          ] GC(81) Pause Young (Normal) (G1 Evacuation Pause) 682M->412M(870M) 16.332ms
[2025-11-30T13:41:42.538+0000][145.883s][info ][gc,cpu      ] GC(81) User=0.14s Sys=0.01s Real=0.02s
[2025-11-30T13:41:42.540+0000][145.884s][info ][safepoint   ] Safepoint "G1CollectForAllocation", Time since last: 384115929 ns, Reaching safepoint: 456247 ns, Cleanup: 218671 ns, At safepoint: 18019179 ns, Total: 18694097 ns
[2025-11-30T13:41:44.460+0000][147.804s][debug][safepoint   ] Safepoint synchronization initiated using futex wait barrier. (246 threads)
[2025-11-30T13:41:44.461+0000][147.805s][info ][safepoint   ] Safepoint "ICBufferFull", Time since last: 1920270889 ns, Reaching safepoint: 218090 ns, Cleanup: 307040 ns, At safepoint: 103028 ns, Total: 628158 ns
[2025-11-30T13:41:45.461+0000][148.805s][debug][safepoint   ] Safepoint synchronization initiated using futex wait barrier. (256 threads)
[2025-11-30T13:41:45.461+0000][148.806s][info ][safepoint   ] Safepoint "Cleanup", Time since last: 1000284378 ns, Reaching safepoint: 100754 ns, Cleanup: 80865 ns, At safepoint: 5831 ns, Total: 187450 ns
[2025-11-30T13:41:47.477+0000][150.822s][debug][safepoint   ] Safepoint synchronization initiated using futex wait barrier. (255 threads)
[2025-11-30T13:41:47.480+0000][150.824s][info ][gc,start    ] GC(82) Pause Young (Normal) (G1 Evacuation Pause)
[2025-11-30T13:41:47.480+0000][150.824s][info ][gc,task     ] GC(82) Using 13 workers of 13 for evacuation
[2025-11-30T13:41:47.495+0000][150.840s][info ][gc,phases   ] GC(82)   Pre Evacuate Collection Set: 0.6ms
[2025-11-30T13:41:47.495+0000][150.840s][info ][gc,phases   ] GC(82)   Merge Heap Roots: 0.3ms
[2025-11-30T13:41:47.495+0000][150.840s][info ][gc,phases   ] GC(82)   Evacuate Collection Set: 11.9ms
[2025-11-30T13:41:47.495+0000][150.840s][info ][gc,phases   ] GC(82)   Post Evacuate Collection Set: 2.6ms
[2025-11-30T13:41:47.495+0000][150.840s][info ][gc,phases   ] GC(82)   Other: 0.4ms
[2025-11-30T13:41:47.495+0000][150.840s][info ][gc,heap     ] GC(82) Eden regions: 284->0(294)
[2025-11-30T13:41:47.496+0000][150.840s][info ][gc,heap     ] GC(82) Survivor regions: 10->13(37)
[2025-11-30T13:41:47.496+0000][150.840s][info ][gc,heap     ] GC(82) Old regions: 389->389
[2025-11-30T13:41:47.496+0000][150.840s][info ][gc,heap     ] GC(82) Archive regions: 2->2
[2025-11-30T13:41:47.496+0000][150.840s][info ][gc,heap     ] GC(82) Humongous regions: 13->13
[2025-11-30T13:41:47.496+0000][150.840s][info ][gc,metaspace] GC(82) Metaspace: 195578K(196992K)->195578K(196992K) NonClass: 171692K(172416K)->171692K(172416K) Class: 23886K(24576K)->23886K(24576K)
[2025-11-30T13:41:47.496+0000][150.840s][info ][gc          ] GC(82) Pause Young (Normal) (G1 Evacuation Pause) 696M->415M(870M) 15.986ms
[2025-11-30T13:41:47.496+0000][150.840s][info ][gc,cpu      ] GC(82) User=0.13s Sys=0.01s Real=0.02s
[2025-11-30T13:41:47.496+0000][150.841s][info ][safepoint   ] Safepoint "G1CollectForAllocation", Time since last: 2016039824 ns, Reaching safepoint: 2259957 ns, Cleanup: 9929 ns, At safepoint: 16787203 ns, Total: 19057089 ns
[2025-11-30T13:41:48.497+0000][151.841s][debug][safepoint   ] Safepoint synchronization initiated using futex wait barrier. (254 threads)
[2025-11-30T13:41:48.497+0000][151.841s][info ][safepoint   ] Safepoint "Cleanup", Time since last: 1000248935 ns, Reaching safepoint: 111883 ns, Cleanup: 17884 ns, At safepoint: 5631 ns, Total: 135398 ns
[2025-11-30T13:41:50.497+0000][153.841s][debug][safepoint   ] Safepoint synchronization initiated using futex wait barrier. (253 threads)
[2025-11-30T13:41:50.497+0000][153.842s][info ][safepoint   ] Safepoint "Cleanup", Time since last: 2000378912 ns, Reaching safepoint: 85694 ns, Cleanup: 33804 ns, At safepoint: 4268 ns, Total: 123766 ns
[2025-11-30T13:42:13.499+0000][176.845s][debug][safepoint   ] Safepoint synchronization initiated using futex wait barrier. (252 threads)
[2025-11-30T13:42:13.499+0000][176.845s][info ][safepoint   ] Safepoint "Cleanup", Time since last: 23003519953 ns, Reaching safepoint: 113027 ns, Cleanup: 16772 ns, At safepoint: 3868 ns, Total: 133667 ns
[2025-11-30T13:42:14.499+0000][177.845s][debug][safepoint   ] Safepoint synchronization initiated using futex wait barrier. (252 threads)
[2025-11-30T13:42:14.499+0000][177.845s][info ][safepoint   ] Safepoint "Cleanup", Time since last: 1000161753 ns, Reaching safepoint: 98309 ns, Cleanup: 12314 ns, At safepoint: 3677 ns, Total: 114300 ns
[2025-11-30T13:42:17.986+0000][181.333s][debug][safepoint   ] Safepoint synchronization initiated using futex wait barrier. (248 threads)
[2025-11-30T13:42:17.987+0000][181.333s][info ][safepoint   ] Safepoint "Cleanup", Time since last: 3487411783 ns, Reaching safepoint: 98429 ns, Cleanup: 62921 ns, At safepoint: 6492 ns, Total: 167842 ns
[2025-11-30T13:42:18.987+0000][182.333s][debug][safepoint   ] Safepoint synchronization initiated using futex wait barrier. (248 threads)
[2025-11-30T13:42:18.987+0000][182.334s][info ][safepoint   ] Safepoint "Cleanup", Time since last: 1000226391 ns, Reaching safepoint: 475473 ns, Cleanup: 16962 ns, At safepoint: 7334 ns, Total: 499769 ns
[2025-11-30T13:42:33.988+0000][197.336s][debug][safepoint   ] Safepoint synchronization initiated using futex wait barrier. (248 threads)
[2025-11-30T13:42:33.988+0000][197.336s][info ][safepoint   ] Safepoint "Cleanup", Time since last: 15002334085 ns, Reaching safepoint: 275389 ns, Cleanup: 19147 ns, At safepoint: 6021 ns, Total: 300557 ns
[2025-11-30T13:42:34.988+0000][198.337s][debug][safepoint   ] Safepoint synchronization initiated using futex wait barrier. (248 threads)
[2025-11-30T13:42:34.988+0000][198.337s][info ][safepoint   ] Safepoint "Cleanup", Time since last: 1000200375 ns, Reaching safepoint: 101174 ns, Cleanup: 13546 ns, At safepoint: 3667 ns, Total: 118387 ns
[2025-11-30T13:42:35.989+0000][199.337s][debug][safepoint   ] Safepoint synchronization initiated using futex wait barrier. (248 threads)
[2025-11-30T13:42:35.989+0000][199.337s][info ][safepoint   ] Safepoint "Cleanup", Time since last: 1000154290 ns, Reaching safepoint: 94632 ns, Cleanup: 16672 ns, At safepoint: 4048 ns, Total: 115352 ns
[2025-11-30T13:42:44.990+0000][208.339s][debug][safepoint   ] Safepoint synchronization initiated using futex wait barrier. (246 threads)
[2025-11-30T13:42:44.990+0000][208.339s][info ][safepoint   ] Safepoint "Cleanup", Time since last: 9001667206 ns, Reaching safepoint: 145380 ns, Cleanup: 29156 ns, At safepoint: 6703 ns, Total: 181239 ns
[2025-11-30T13:42:50.991+0000][214.340s][debug][safepoint   ] Safepoint synchronization initiated using futex wait barrier. (246 threads)
[2025-11-30T13:42:50.992+0000][214.340s][info ][safepoint   ] Safepoint "Cleanup", Time since last: 6000977538 ns, Reaching safepoint: 107397 ns, Cleanup: 22393 ns, At safepoint: 3537 ns, Total: 133327 ns
[2025-11-30T13:42:53.990+0000][217.340s][debug][safepoint   ] Safepoint synchronization initiated using futex wait barrier. (246 threads)
[2025-11-30T13:42:53.990+0000][217.340s][info ][safepoint   ] Safepoint "Cleanup", Time since last: 3000428089 ns, Reaching safepoint: 104421 ns, Cleanup: 14408 ns, At safepoint: 3557 ns, Total: 122386 ns
[2025-11-30T13:43:27.020+0000][250.373s][debug][safepoint   ] Safepoint synchronization initiated using futex wait barrier. (243 threads)
[2025-11-30T13:43:27.020+0000][250.373s][info ][safepoint   ] Safepoint "Cleanup", Time since last: 33032104640 ns, Reaching safepoint: 165946 ns, Cleanup: 16952 ns, At safepoint: 4780 ns, Total: 187678 ns
[2025-11-30T13:43:51.024+0000][274.377s][debug][safepoint   ] Safepoint synchronization initiated using futex wait barrier. (241 threads)
[2025-11-30T13:43:51.024+0000][274.377s][info ][safepoint   ] Safepoint "Cleanup", Time since last: 24003756211 ns, Reaching safepoint: 138467 ns, Cleanup: 17313 ns, At safepoint: 6593 ns, Total: 162373 ns
[2025-11-30T13:44:00.023+0000][283.378s][debug][safepoint   ] Safepoint synchronization initiated using futex wait barrier. (241 threads)
[2025-11-30T13:44:00.023+0000][283.379s][info ][safepoint   ] Safepoint "Cleanup", Time since last: 9001675888 ns, Reaching safepoint: 178344 ns, Cleanup: 17413 ns, At safepoint: 5751 ns, Total: 201508 ns
[2025-11-30T13:44:16.026+0000][299.381s][debug][safepoint   ] Safepoint synchronization initiated using futex wait barrier. (241 threads)
[2025-11-30T13:44:16.026+0000][299.382s][info ][safepoint   ] Safepoint "Cleanup", Time since last: 16002727316 ns, Reaching safepoint: 262837 ns, Cleanup: 15290 ns, At safepoint: 4729 ns, Total: 282856 ns
[2025-11-30T13:44:26.063+0000][309.420s][debug][safepoint   ] Safepoint synchronization initiated using futex wait barrier. (239 threads)
[2025-11-30T13:44:26.063+0000][309.420s][info ][safepoint   ] Safepoint "Cleanup", Time since last: 10038285105 ns, Reaching safepoint: 382293 ns, Cleanup: 14177 ns, At safepoint: 62160 ns, Total: 458630 ns
[2025-11-30T13:44:27.064+0000][310.421s][debug][safepoint   ] Safepoint synchronization initiated using futex wait barrier. (239 threads)
[2025-11-30T13:44:27.064+0000][310.421s][info ][safepoint   ] Safepoint "Cleanup", Time since last: 1000414188 ns, Reaching safepoint: 87509 ns, Cleanup: 84933 ns, At safepoint: 6784 ns, Total: 179226 ns
[2025-11-30T13:44:30.065+0000][313.421s][debug][safepoint   ] Safepoint synchronization initiated using futex wait barrier. (239 threads)
[2025-11-30T13:44:30.065+0000][313.422s][info ][safepoint   ] Safepoint "Cleanup", Time since last: 3000500488 ns, Reaching safepoint: 150881 ns, Cleanup: 18776 ns, At safepoint: 6422 ns, Total: 176079 ns
[2025-11-30T13:44:31.065+0000][314.422s][debug][safepoint   ] Safepoint synchronization initiated using futex wait barrier. (239 threads)
[2025-11-30T13:44:31.065+0000][314.422s][info ][safepoint   ] Safepoint "Cleanup", Time since last: 1000171732 ns, Reaching safepoint: 121414 ns, Cleanup: 29777 ns, At safepoint: 5842 ns, Total: 157033 ns
[2025-11-30T13:44:45.067+0000][328.424s][debug][safepoint   ] Safepoint synchronization initiated using futex wait barrier. (238 threads)
[2025-11-30T13:44:45.067+0000][328.424s][info ][safepoint   ] Safepoint "Cleanup", Time since last: 14002035408 ns, Reaching safepoint: 96155 ns, Cleanup: 15029 ns, At safepoint: 3477 ns, Total: 114661 ns
[2025-11-30T13:44:51.068+0000][334.425s][debug][safepoint   ] Safepoint synchronization initiated using futex wait barrier. (239 threads)
[2025-11-30T13:44:51.068+0000][334.425s][info ][safepoint   ] Safepoint "Cleanup", Time since last: 6000788508 ns, Reaching safepoint: 114872 ns, Cleanup: 23555 ns, At safepoint: 3808 ns, Total: 142235 ns
[2025-11-30T13:45:22.112+0000][365.473s][debug][safepoint   ] Safepoint synchronization initiated using futex wait barrier. (239 threads)
[2025-11-30T13:45:22.112+0000][365.473s][info ][safepoint   ] Safepoint "Cleanup", Time since last: 31048000509 ns, Reaching safepoint: 121544 ns, Cleanup: 15851 ns, At safepoint: 3797 ns, Total: 141192 ns
[2025-11-30T13:45:34.113+0000][377.475s][debug][safepoint   ] Safepoint synchronization initiated using futex wait barrier. (239 threads)
[2025-11-30T13:45:34.114+0000][377.475s][info ][safepoint   ] Safepoint "Cleanup", Time since last: 12001590869 ns, Reaching safepoint: 171845 ns, Cleanup: 13646 ns, At safepoint: 4860 ns, Total: 190351 ns
[2025-11-30T13:45:36.023+0000][379.384s][debug][safepoint   ] Safepoint synchronization initiated using futex wait barrier. (239 threads)
[2025-11-30T13:45:36.028+0000][379.389s][info ][gc,start    ] GC(83) Pause Young (Normal) (G1 Evacuation Pause)
[2025-11-30T13:45:36.028+0000][379.389s][info ][gc,task     ] GC(83) Using 13 workers of 13 for evacuation
[2025-11-30T13:45:36.169+0000][379.530s][info ][gc,phases   ] GC(83)   Pre Evacuate Collection Set: 10.7ms
[2025-11-30T13:45:36.169+0000][379.530s][info ][gc,phases   ] GC(83)   Merge Heap Roots: 7.9ms
[2025-11-30T13:45:36.169+0000][379.530s][info ][gc,phases   ] GC(83)   Evacuate Collection Set: 95.8ms
[2025-11-30T13:45:36.169+0000][379.530s][info ][gc,phases   ] GC(83)   Post Evacuate Collection Set: 22.9ms
[2025-11-30T13:45:36.169+0000][379.530s][info ][gc,phases   ] GC(83)   Other: 8.3ms
[2025-11-30T13:45:36.169+0000][379.531s][info ][gc,heap     ] GC(83) Eden regions: 294->0(306)
[2025-11-30T13:45:36.169+0000][379.531s][info ][gc,heap     ] GC(83) Survivor regions: 13->13(39)
[2025-11-30T13:45:36.169+0000][379.531s][info ][gc,heap     ] GC(83) Old regions: 389->389
[2025-11-30T13:45:36.169+0000][379.531s][info ][gc,heap     ] GC(83) Archive regions: 2->2
[2025-11-30T13:45:36.169+0000][379.531s][info ][gc,heap     ] GC(83) Humongous regions: 13->13
[2025-11-30T13:45:36.169+0000][379.531s][info ][gc,metaspace] GC(83) Metaspace: 195741K(197184K)->195741K(197184K) NonClass: 171845K(172608K)->171845K(172608K) Class: 23895K(24576K)->23895K(24576K)
[2025-11-30T13:45:36.170+0000][379.531s][info ][gc          ] GC(83) Pause Young (Normal) (G1 Evacuation Pause) 709M->415M(870M) 142.162ms
[2025-11-30T13:45:36.170+0000][379.531s][info ][gc,cpu      ] GC(83) User=1.52s Sys=0.00s Real=0.14s
[2025-11-30T13:45:36.171+0000][379.533s][info ][safepoint   ] Safepoint "G1CollectForAllocation", Time since last: 1909157344 ns, Reaching safepoint: 77100 ns, Cleanup: 55749 ns, At safepoint: 148457701 ns, Total: 148590550 ns
[2025-11-30T13:45:42.172+0000][385.534s][debug][safepoint   ] Safepoint synchronization initiated using futex wait barrier. (239 threads)
[2025-11-30T13:45:42.172+0000][385.534s][info ][safepoint   ] Safepoint "Cleanup", Time since last: 6000946968 ns, Reaching safepoint: 78923 ns, Cleanup: 39918 ns, At safepoint: 3697 ns, Total: 122538 ns
[2025-11-30T13:45:44.173+0000][387.534s][debug][safepoint   ] Safepoint synchronization initiated using futex wait barrier. (239 threads)
[2025-11-30T13:45:44.173+0000][387.534s][info ][safepoint   ] Safepoint "Cleanup", Time since last: 2000487726 ns, Reaching safepoint: 85777 ns, Cleanup: 11883 ns, At safepoint: 3807 ns, Total: 101467 ns
[2025-11-30T13:45:50.174+0000][393.535s][debug][safepoint   ] Safepoint synchronization initiated using futex wait barrier. (238 threads)
[2025-11-30T13:45:50.174+0000][393.535s][info ][safepoint   ] Safepoint "Cleanup", Time since last: 6000927604 ns, Reaching safepoint: 125272 ns, Cleanup: 18275 ns, At safepoint: 4669 ns, Total: 148216 ns
[2025-11-30T13:45:51.174+0000][394.536s][debug][safepoint   ] Safepoint synchronization initiated using futex wait barrier. (238 threads)
[2025-11-30T13:45:51.174+0000][394.536s][info ][safepoint   ] Safepoint "Cleanup", Time since last: 1000143883 ns, Reaching safepoint: 74444 ns, Cleanup: 22694 ns, At safepoint: 2695 ns, Total: 99833 ns
[2025-11-30T13:45:54.172+0000][397.536s][debug][safepoint   ] Safepoint synchronization initiated using futex wait barrier. (238 threads)
[2025-11-30T13:45:54.173+0000][397.536s][info ][safepoint   ] Safepoint "Cleanup", Time since last: 3000531443 ns, Reaching safepoint: 197271 ns, Cleanup: 69584 ns, At safepoint: 14308 ns, Total: 281163 ns
[2025-11-30T13:45:57.173+0000][400.537s][debug][safepoint   ] Safepoint synchronization initiated using futex wait barrier. (238 threads)
[2025-11-30T13:45:57.174+0000][400.537s][info ][safepoint   ] Safepoint "Cleanup", Time since last: 3000516077 ns, Reaching safepoint: 263874 ns, Cleanup: 39777 ns, At safepoint: 13596 ns, Total: 317247 ns
[2025-11-30T13:46:00.174+0000][403.538s][debug][safepoint   ] Safepoint synchronization initiated using futex wait barrier. (238 threads)
[2025-11-30T13:46:00.174+0000][403.538s][info ][safepoint   ] Safepoint "Cleanup", Time since last: 3000456444 ns, Reaching safepoint: 138126 ns, Cleanup: 21051 ns, At safepoint: 6242 ns, Total: 165419 ns
[2025-11-30T13:46:22.156+0000][425.519s][debug][safepoint   ] Safepoint synchronization initiated using futex wait barrier. (238 threads)
[2025-11-30T13:46:22.159+0000][425.522s][info ][safepoint   ] Safepoint "Cleanup", Time since last: 21981472772 ns, Reaching safepoint: 1732062 ns, Cleanup: 1044977 ns, At safepoint: 159017 ns, Total: 2936056 ns
[2025-11-30T13:46:44.150+0000][447.526s][debug][safepoint   ] Safepoint synchronization initiated using futex wait barrier. (238 threads)
[2025-11-30T13:46:44.150+0000][447.526s][info ][safepoint   ] Safepoint "Cleanup", Time since last: 22003728054 ns, Reaching safepoint: 140592 ns, Cleanup: 17794 ns, At safepoint: 4609 ns, Total: 162995 ns
[2025-11-30T13:46:51.151+0000][454.528s][debug][safepoint   ] Safepoint synchronization initiated using futex wait barrier. (237 threads)
[2025-11-30T13:46:51.151+0000][454.528s][info ][safepoint   ] Safepoint "Cleanup", Time since last: 7001295718 ns, Reaching safepoint: 92749 ns, Cleanup: 15600 ns, At safepoint: 3747 ns, Total: 112096 ns
[2025-11-30T13:47:10.163+0000][473.530s][debug][safepoint   ] Safepoint synchronization initiated using futex wait barrier. (237 threads)
[2025-11-30T13:47:10.163+0000][473.531s][info ][safepoint   ] Safepoint "Cleanup", Time since last: 19002643138 ns, Reaching safepoint: 212972 ns, Cleanup: 42341 ns, At safepoint: 15601 ns, Total: 270914 ns
[2025-11-30T13:47:23.189+0000][486.559s][debug][safepoint   ] Safepoint synchronization initiated using futex wait barrier. (236 threads)
[2025-11-30T13:47:23.189+0000][486.559s][info ][safepoint   ] Safepoint "Cleanup", Time since last: 13028223550 ns, Reaching safepoint: 98410 ns, Cleanup: 15680 ns, At safepoint: 3236 ns, Total: 117326 ns
[2025-11-30T13:47:51.193+0000][514.563s][debug][safepoint   ] Safepoint synchronization initiated using futex wait barrier. (234 threads)
[2025-11-30T13:47:51.194+0000][514.563s][info ][safepoint   ] Safepoint "Cleanup", Time since last: 28004186808 ns, Reaching safepoint: 181761 ns, Cleanup: 15370 ns, At safepoint: 5430 ns, Total: 202561 ns
[2025-11-30T13:48:10.195+0000][533.567s][debug][safepoint   ] Safepoint synchronization initiated using futex wait barrier. (234 threads)
[2025-11-30T13:48:10.195+0000][533.567s][info ][safepoint   ] Safepoint "Cleanup", Time since last: 19003332030 ns, Reaching safepoint: 143557 ns, Cleanup: 20329 ns, At safepoint: 5661 ns, Total: 169547 ns
[2025-11-30T13:48:14.196+0000][537.567s][debug][safepoint   ] Safepoint synchronization initiated using futex wait barrier. (234 threads)
[2025-11-30T13:48:14.196+0000][537.567s][info ][safepoint   ] Safepoint "Cleanup", Time since last: 4000552802 ns, Reaching safepoint: 79824 ns, Cleanup: 12815 ns, At safepoint: 3256 ns, Total: 95895 ns
[2025-11-30T13:48:24.195+0000][547.569s][debug][safepoint   ] Safepoint synchronization initiated using futex wait barrier. (235 threads)
[2025-11-30T13:48:24.196+0000][547.569s][info ][safepoint   ] Safepoint "Cleanup", Time since last: 10001495454 ns, Reaching safepoint: 266003 ns, Cleanup: 74143 ns, At safepoint: 87248 ns, Total: 427394 ns
[2025-11-30T13:48:44.214+0000][567.587s][debug][safepoint   ] Safepoint synchronization initiated using futex wait barrier. (234 threads)
[2025-11-30T13:48:44.220+0000][567.593s][info ][safepoint   ] Safepoint "Cleanup", Time since last: 20017806357 ns, Reaching safepoint: 5479997 ns, Cleanup: 379763 ns, At safepoint: 190136 ns, Total: 6049896 ns
[2025-11-30T13:48:51.221+0000][574.594s][debug][safepoint   ] Safepoint synchronization initiated using futex wait barrier. (233 threads)
[2025-11-30T13:48:51.222+0000][574.595s][info ][safepoint   ] Safepoint "Cleanup", Time since last: 7001288100 ns, Reaching safepoint: 899395 ns, Cleanup: 72059 ns, At safepoint: 9328 ns, Total: 980782 ns
[2025-11-30T13:48:56.220+0000][579.598s][debug][safepoint   ] Safepoint synchronization initiated using futex wait barrier. (233 threads)
[2025-11-30T13:48:56.221+0000][579.599s][info ][safepoint   ] Safepoint "Cleanup", Time since last: 5002874713 ns, Reaching safepoint: 298093 ns, Cleanup: 24347 ns, At safepoint: 9698 ns, Total: 332138 ns
[2025-11-30T13:49:06.227+0000][589.605s][debug][safepoint   ] Safepoint synchronization initiated using futex wait barrier. (233 threads)
[2025-11-30T13:49:06.227+0000][589.605s][info ][safepoint   ] Safepoint "Cleanup", Time since last: 10006314389 ns, Reaching safepoint: 201305 ns, Cleanup: 20490 ns, At safepoint: 5581 ns, Total: 227376 ns
[2025-11-30T13:49:25.226+0000][608.608s][debug][safepoint   ] Safepoint synchronization initiated using futex wait barrier. (233 threads)
[2025-11-30T13:49:25.227+0000][608.608s][info ][safepoint   ] Safepoint "Cleanup", Time since last: 19002566602 ns, Reaching safepoint: 114643 ns, Cleanup: 18516 ns, At safepoint: 4098 ns, Total: 137257 ns
[2025-11-30T13:49:51.182+0000][634.563s][debug][safepoint   ] Safepoint synchronization initiated using futex wait barrier. (232 threads)
[2025-11-30T13:49:51.194+0000][634.575s][info ][gc,start    ] GC(84) Pause Young (Normal) (G1 Evacuation Pause)
[2025-11-30T13:49:51.194+0000][634.575s][info ][gc,task     ] GC(84) Using 13 workers of 13 for evacuation
[2025-11-30T13:49:51.415+0000][634.796s][info ][gc,phases   ] GC(84)   Pre Evacuate Collection Set: 24.0ms
[2025-11-30T13:49:51.415+0000][634.796s][info ][gc,phases   ] GC(84)   Merge Heap Roots: 12.9ms
[2025-11-30T13:49:51.415+0000][634.796s][info ][gc,phases   ] GC(84)   Evacuate Collection Set: 143.6ms
[2025-11-30T13:49:51.415+0000][634.796s][info ][gc,phases   ] GC(84)   Post Evacuate Collection Set: 25.0ms
[2025-11-30T13:49:51.415+0000][634.797s][info ][gc,phases   ] GC(84)   Other: 25.7ms
[2025-11-30T13:49:51.416+0000][634.797s][info ][gc,heap     ] GC(84) Eden regions: 306->0(316)
[2025-11-30T13:49:51.416+0000][634.797s][info ][gc,heap     ] GC(84) Survivor regions: 13->13(40)
[2025-11-30T13:49:51.416+0000][634.797s][info ][gc,heap     ] GC(84) Old regions: 389->389
[2025-11-30T13:49:51.416+0000][634.797s][info ][gc,heap     ] GC(84) Archive regions: 2->2
[2025-11-30T13:49:51.416+0000][634.797s][info ][gc,heap     ] GC(84) Humongous regions: 13->13
[2025-11-30T13:49:51.416+0000][634.797s][info ][gc,metaspace] GC(84) Metaspace: 195837K(197248K)->195837K(197248K) NonClass: 171940K(172672K)->171940K(172672K) Class: 23896K(24576K)->23896K(24576K)
[2025-11-30T13:49:51.416+0000][634.797s][info ][gc          ] GC(84) Pause Young (Normal) (G1 Evacuation Pause) 721M->415M(870M) 222.483ms
[2025-11-30T13:49:51.416+0000][634.797s][info ][gc,cpu      ] GC(84) User=1.89s Sys=0.01s Real=0.22s
[2025-11-30T13:49:51.417+0000][634.798s][info ][safepoint   ] Safepoint "G1CollectForAllocation", Time since last: 25954959712 ns, Reaching safepoint: 457334 ns, Cleanup: 354412 ns, At safepoint: 234304169 ns, Total: 235115915 ns
[2025-11-30T13:50:26.418+0000][669.806s][debug][safepoint   ] Safepoint synchronization initiated using futex wait barrier. (232 threads)
[2025-11-30T13:50:26.419+0000][669.806s][info ][safepoint   ] Safepoint "Cleanup", Time since last: 35007988131 ns, Reaching safepoint: 199638 ns, Cleanup: 16861 ns, At safepoint: 5070 ns, Total: 221569 ns
[2025-11-30T13:50:50.422+0000][693.810s][debug][safepoint   ] Safepoint synchronization initiated using futex wait barrier. (231 threads)
[2025-11-30T13:50:50.422+0000][693.810s][info ][safepoint   ] Safepoint "Cleanup", Time since last: 24003528837 ns, Reaching safepoint: 143402 ns, Cleanup: 79657 ns, At safepoint: 5871 ns, Total: 228930 ns
[2025-11-30T13:50:51.422+0000][694.810s][debug][safepoint   ] Safepoint synchronization initiated using futex wait barrier. (232 threads)
[2025-11-30T13:50:51.423+0000][694.810s][info ][safepoint   ] Safepoint "Cleanup", Time since last: 1000139073 ns, Reaching safepoint: 94506 ns, Cleanup: 13867 ns, At safepoint: 10170 ns, Total: 118543 ns
[2025-11-30T13:51:27.423+0000][730.816s][debug][safepoint   ] Safepoint synchronization initiated using futex wait barrier. (231 threads)
[2025-11-30T13:51:27.423+0000][730.816s][info ][safepoint   ] Safepoint "Cleanup", Time since last: 36005342046 ns, Reaching safepoint: 112330 ns, Cleanup: 118301 ns, At safepoint: 25169 ns, Total: 255800 ns
[2025-11-30T13:51:51.427+0000][754.820s][debug][safepoint   ] Safepoint synchronization initiated using futex wait barrier. (230 threads)
[2025-11-30T13:51:51.429+0000][754.822s][info ][safepoint   ] Safepoint "Cleanup", Time since last: 24003651102 ns, Reaching safepoint: 2050887 ns, Cleanup: 552928 ns, At safepoint: 64043 ns, Total: 2667858 ns
[2025-11-30T13:51:58.420+0000][761.823s][debug][safepoint   ] Safepoint synchronization initiated using futex wait barrier. (230 threads)
[2025-11-30T13:51:58.421+0000][761.824s][info ][safepoint   ] Safepoint "Cleanup", Time since last: 7001344987 ns, Reaching safepoint: 141938 ns, Cleanup: 32603 ns, At safepoint: 5150 ns, Total: 179691 ns
[2025-11-30T13:51:59.421+0000][762.824s][debug][safepoint   ] Safepoint synchronization initiated using futex wait barrier. (230 threads)
[2025-11-30T13:51:59.423+0000][762.826s][info ][safepoint   ] Safepoint "Cleanup", Time since last: 1000221883 ns, Reaching safepoint: 2280865 ns, Cleanup: 21693 ns, At safepoint: 88954 ns, Total: 2391512 ns
[2025-11-30T13:52:51.437+0000][814.837s][debug][safepoint   ] Safepoint synchronization initiated using futex wait barrier. (230 threads)
[2025-11-30T13:52:51.440+0000][814.840s][info ][safepoint   ] Safepoint "Cleanup", Time since last: 52010705987 ns, Reaching safepoint: 2165751 ns, Cleanup: 464854 ns, At safepoint: 101740 ns, Total: 2732345 ns
[2025-11-30T13:53:18.467+0000][841.870s][debug][safepoint   ] Safepoint synchronization initiated using futex wait barrier. (230 threads)
[2025-11-30T13:53:18.468+0000][841.870s][info ][safepoint   ] Safepoint "Cleanup", Time since last: 27030595434 ns, Reaching safepoint: 148903 ns, Cleanup: 14929 ns, At safepoint: 4479 ns, Total: 168311 ns
[2025-11-30T13:53:50.469+0000][873.875s][debug][safepoint   ] Safepoint synchronization initiated using futex wait barrier. (227 threads)
[2025-11-30T13:53:50.470+0000][873.876s][info ][safepoint   ] Safepoint "Cleanup", Time since last: 32004400041 ns, Reaching safepoint: 811269 ns, Cleanup: 53405 ns, At safepoint: 34397 ns, Total: 899071 ns
[2025-11-30T13:53:51.470+0000][874.876s][debug][safepoint   ] Safepoint synchronization initiated using futex wait barrier. (227 threads)
[2025-11-30T13:53:51.470+0000][874.876s][info ][safepoint   ] Safepoint "Cleanup", Time since last: 1000169548 ns, Reaching safepoint: 75328 ns, Cleanup: 12715 ns, At safepoint: 2605 ns, Total: 90648 ns
[2025-11-30T13:54:13.489+0000][896.898s][debug][safepoint   ] Safepoint synchronization initiated using futex wait barrier. (227 threads)
[2025-11-30T13:54:13.498+0000][896.908s][info ][gc,start    ] GC(85) Pause Young (Normal) (G1 Evacuation Pause)
[2025-11-30T13:54:13.499+0000][896.908s][info ][gc,task     ] GC(85) Using 13 workers of 13 for evacuation
[2025-11-30T13:54:13.700+0000][897.109s][info ][gc,phases   ] GC(85)   Pre Evacuate Collection Set: 15.3ms
[2025-11-30T13:54:13.700+0000][897.109s][info ][gc,phases   ] GC(85)   Merge Heap Roots: 11.4ms
[2025-11-30T13:54:13.700+0000][897.109s][info ][gc,phases   ] GC(85)   Evacuate Collection Set: 145.0ms
[2025-11-30T13:54:13.700+0000][897.109s][info ][gc,phases   ] GC(85)   Post Evacuate Collection Set: 21.4ms
[2025-11-30T13:54:13.700+0000][897.109s][info ][gc,phases   ] GC(85)   Other: 17.0ms
[2025-11-30T13:54:13.701+0000][897.110s][info ][gc,heap     ] GC(85) Eden regions: 316->0(325)
[2025-11-30T13:54:13.701+0000][897.110s][info ][gc,heap     ] GC(85) Survivor regions: 13->13(42)
[2025-11-30T13:54:13.701+0000][897.110s][info ][gc,heap     ] GC(85) Old regions: 389->389
[2025-11-30T13:54:13.701+0000][897.110s][info ][gc,heap     ] GC(85) Archive regions: 2->2
[2025-11-30T13:54:13.701+0000][897.110s][info ][gc,heap     ] GC(85) Humongous regions: 13->13
[2025-11-30T13:54:13.701+0000][897.110s][info ][gc,metaspace] GC(85) Metaspace: 195955K(197376K)->195955K(197376K) NonClass: 172058K(172800K)->172058K(172800K) Class: 23897K(24576K)->23897K(24576K)
[2025-11-30T13:54:13.702+0000][897.111s][info ][gc          ] GC(85) Pause Young (Normal) (G1 Evacuation Pause) 731M->415M(870M) 203.370ms
[2025-11-30T13:54:13.702+0000][897.111s][info ][gc,cpu      ] GC(85) User=1.73s Sys=0.07s Real=0.20s
[2025-11-30T13:54:13.703+0000][897.112s][info ][safepoint   ] Safepoint "G1CollectForAllocation", Time since last: 22021689645 ns, Reaching safepoint: 100858 ns, Cleanup: 51561 ns, At safepoint: 213840493 ns, Total: 213992912 ns
[2025-11-30T13:54:14.703+0000][898.112s][debug][safepoint   ] Safepoint synchronization initiated using futex wait barrier. (227 threads)
[2025-11-30T13:54:14.703+0000][898.112s][info ][safepoint   ] Safepoint "Cleanup", Time since last: 1000240690 ns, Reaching safepoint: 92933 ns, Cleanup: 56420 ns, At safepoint: 5872 ns, Total: 155225 ns
[2025-11-30T13:54:42.705+0000][926.117s][debug][safepoint   ] Safepoint synchronization initiated using futex wait barrier. (228 threads)
[2025-11-30T13:54:42.707+0000][926.119s][info ][safepoint   ] Safepoint "Cleanup", Time since last: 28004249758 ns, Reaching safepoint: 2610813 ns, Cleanup: 369985 ns, At safepoint: 64437 ns, Total: 3045235 ns
[2025-11-30T13:54:50.709+0000][934.121s][debug][safepoint   ] Safepoint synchronization initiated using futex wait barrier. (227 threads)
[2025-11-30T13:54:50.709+0000][934.121s][info ][safepoint   ] Safepoint "Cleanup", Time since last: 8001291460 ns, Reaching safepoint: 107530 ns, Cleanup: 13667 ns, At safepoint: 3407 ns, Total: 124604 ns
[2025-11-30T13:55:13.708+0000][957.124s][debug][safepoint   ] Safepoint synchronization initiated using futex wait barrier. (227 threads)
[2025-11-30T13:55:13.711+0000][957.127s][info ][safepoint   ] Safepoint "Cleanup", Time since last: 23003168413 ns, Reaching safepoint: 2303010 ns, Cleanup: 17074 ns, At safepoint: 419419 ns, Total: 2739503 ns
[2025-11-30T13:55:31.712+0000][975.130s][debug][safepoint   ] Safepoint synchronization initiated using futex wait barrier. (227 threads)
[2025-11-30T13:55:31.712+0000][975.130s][info ][safepoint   ] Safepoint "Cleanup", Time since last: 18003002124 ns, Reaching safepoint: 109675 ns, Cleanup: 16883 ns, At safepoint: 5090 ns, Total: 131648 ns
[2025-11-30T13:55:43.714+0000][987.132s][debug][safepoint   ] Safepoint synchronization initiated using futex wait barrier. (226 threads)
[2025-11-30T13:55:43.714+0000][987.132s][info ][safepoint   ] Safepoint "Cleanup", Time since last: 12002057745 ns, Reaching safepoint: 120737 ns, Cleanup: 92922 ns, At safepoint: 11383 ns, Total: 225042 ns
[2025-11-30T13:55:45.715+0000][989.133s][debug][safepoint   ] Safepoint synchronization initiated using futex wait barrier. (225 threads)
[2025-11-30T13:55:45.715+0000][989.133s][info ][safepoint   ] Safepoint "Cleanup", Time since last: 2000401340 ns, Reaching safepoint: 112741 ns, Cleanup: 15050 ns, At safepoint: 4338 ns, Total: 132129 ns
[2025-11-30T13:55:50.716+0000][994.134s][debug][safepoint   ] Safepoint synchronization initiated using futex wait barrier. (225 threads)
[2025-11-30T13:55:50.717+0000][994.135s][info ][safepoint   ] Safepoint "Cleanup", Time since last: 5000839948 ns, Reaching safepoint: 940487 ns, Cleanup: 21161 ns, At safepoint: 113481 ns, Total: 1075129 ns
[2025-11-30T13:56:32.716+0000][1036.141s][debug][safepoint   ] Safepoint synchronization initiated using futex wait barrier. (226 threads)
[2025-11-30T13:56:32.717+0000][1036.141s][info ][safepoint   ] Safepoint "Cleanup", Time since last: 42006156042 ns, Reaching safepoint: 173872 ns, Cleanup: 28816 ns, At safepoint: 7094 ns, Total: 209782 ns
[2025-11-30T13:57:33.720+0000][1097.150s][debug][safepoint   ] Safepoint synchronization initiated using futex wait barrier. (225 threads)
[2025-11-30T13:57:33.721+0000][1097.152s][info ][safepoint   ] Safepoint "Cleanup", Time since last: 61009006392 ns, Reaching safepoint: 1603666 ns, Cleanup: 199902 ns, At safepoint: 14248 ns, Total: 1817816 ns
[2025-11-30T13:57:45.723+0000][1109.154s][debug][safepoint   ] Safepoint synchronization initiated using futex wait barrier. (224 threads)
[2025-11-30T13:57:45.723+0000][1109.154s][info ][safepoint   ] Safepoint "Cleanup", Time since last: 12001743232 ns, Reaching safepoint: 100356 ns, Cleanup: 13948 ns, At safepoint: 3456 ns, Total: 117760 ns
[2025-11-30T13:58:45.275+0000][1168.711s][debug][safepoint   ] Safepoint synchronization initiated using futex wait barrier. (225 threads)
[2025-11-30T13:58:45.282+0000][1168.718s][info ][gc,start    ] GC(86) Pause Young (Normal) (G1 Evacuation Pause)
[2025-11-30T13:58:45.283+0000][1168.719s][info ][gc,task     ] GC(86) Using 13 workers of 13 for evacuation
[2025-11-30T13:58:45.556+0000][1168.992s][info ][gc,phases   ] GC(86)   Pre Evacuate Collection Set: 16.1ms
[2025-11-30T13:58:45.556+0000][1168.992s][info ][gc,phases   ] GC(86)   Merge Heap Roots: 8.7ms
[2025-11-30T13:58:45.556+0000][1168.992s][info ][gc,phases   ] GC(86)   Evacuate Collection Set: 205.0ms
[2025-11-30T13:58:45.556+0000][1168.992s][info ][gc,phases   ] GC(86)   Post Evacuate Collection Set: 37.1ms
[2025-11-30T13:58:45.556+0000][1168.992s][info ][gc,phases   ] GC(86)   Other: 12.6ms
[2025-11-30T13:58:45.556+0000][1168.992s][info ][gc,heap     ] GC(86) Eden regions: 325->0(332)
[2025-11-30T13:58:45.556+0000][1168.992s][info ][gc,heap     ] GC(86) Survivor regions: 13->13(43)
[2025-11-30T13:58:45.556+0000][1168.992s][info ][gc,heap     ] GC(86) Old regions: 389->389
[2025-11-30T13:58:45.556+0000][1168.992s][info ][gc,heap     ] GC(86) Archive regions: 2->2
[2025-11-30T13:58:45.556+0000][1168.992s][info ][gc,heap     ] GC(86) Humongous regions: 13->13
[2025-11-30T13:58:45.557+0000][1168.993s][info ][gc,metaspace] GC(86) Metaspace: 196062K(197568K)->196062K(197568K) NonClass: 172159K(172928K)->172159K(172928K) Class: 23902K(24640K)->23902K(24640K)
[2025-11-30T13:58:45.557+0000][1168.993s][info ][gc          ] GC(86) Pause Young (Normal) (G1 Evacuation Pause) 740M->415M(870M) 274.929ms
[2025-11-30T13:58:45.557+0000][1168.993s][info ][gc,cpu      ] GC(86) User=3.03s Sys=0.01s Real=0.28s
[2025-11-30T13:58:45.559+0000][1168.995s][info ][safepoint   ] Safepoint "G1CollectForAllocation", Time since last: 59557807685 ns, Reaching safepoint: 147499 ns, Cleanup: 54166 ns, At safepoint: 283241478 ns, Total: 283443143 ns
[2025-11-30T13:58:50.560+0000][1173.996s][debug][safepoint   ] Safepoint synchronization initiated using futex wait barrier. (225 threads)
[2025-11-30T13:58:50.561+0000][1173.997s][info ][safepoint   ] Safepoint "Cleanup", Time since last: 5000792317 ns, Reaching safepoint: 824173 ns, Cleanup: 18987 ns, At safepoint: 100316 ns, Total: 943476 ns
[2025-11-30T13:59:35.562+0000][1219.003s][debug][safepoint   ] Safepoint synchronization initiated using futex wait barrier. (223 threads)
[2025-11-30T13:59:35.562+0000][1219.004s][info ][safepoint   ] Safepoint "Cleanup", Time since last: 45006816290 ns, Reaching safepoint: 114174 ns, Cleanup: 14789 ns, At safepoint: 3687 ns, Total: 132650 ns
[2025-11-30T13:59:45.563+0000][1229.005s][debug][safepoint   ] Safepoint synchronization initiated using futex wait barrier. (223 threads)
[2025-11-30T13:59:45.564+0000][1229.005s][info ][safepoint   ] Safepoint "Cleanup", Time since last: 10001561534 ns, Reaching safepoint: 109385 ns, Cleanup: 15590 ns, At safepoint: 4399 ns, Total: 129374 ns
[2025-11-30T14:00:34.566+0000][1278.013s][debug][safepoint   ] Safepoint synchronization initiated using futex wait barrier. (223 threads)
[2025-11-30T14:00:34.566+0000][1278.014s][info ][safepoint   ] Safepoint "Cleanup", Time since last: 49008179488 ns, Reaching safepoint: 88904 ns, Cleanup: 17024 ns, At safepoint: 3807 ns, Total: 109735 ns
[2025-11-30T14:00:50.568+0000][1294.016s][debug][safepoint   ] Safepoint synchronization initiated using futex wait barrier. (223 threads)
[2025-11-30T14:00:50.568+0000][1294.016s][info ][safepoint   ] Safepoint "Cleanup", Time since last: 16002354179 ns, Reaching safepoint: 88063 ns, Cleanup: 13115 ns, At safepoint: 32504 ns, Total: 133682 ns
[2025-11-30T14:01:45.572+0000][1349.024s][debug][safepoint   ] Safepoint synchronization initiated using futex wait barrier. (223 threads)
[2025-11-30T14:01:45.572+0000][1349.025s][info ][safepoint   ] Safepoint "Cleanup", Time since last: 55008141985 ns, Reaching safepoint: 369928 ns, Cleanup: 24097 ns, At safepoint: 9248 ns, Total: 403273 ns
[2025-11-30T14:01:50.573+0000][1354.026s][debug][safepoint   ] Safepoint synchronization initiated using futex wait barrier. (223 threads)
[2025-11-30T14:01:50.574+0000][1354.026s][info ][safepoint   ] Safepoint "Cleanup", Time since last: 5001192638 ns, Reaching safepoint: 93919 ns, Cleanup: 502117 ns, At safepoint: 82177 ns, Total: 678213 ns
[2025-11-30T14:02:04.573+0000][1368.028s][debug][safepoint   ] Safepoint synchronization initiated using futex wait barrier. (223 threads)
[2025-11-30T14:02:04.573+0000][1368.028s][info ][safepoint   ] Safepoint "Cleanup", Time since last: 14001863594 ns, Reaching safepoint: 121357 ns, Cleanup: 16903 ns, At safepoint: 4599 ns, Total: 142859 ns
[2025-11-30T14:03:24.452+0000][1447.915s][debug][safepoint   ] Safepoint synchronization initiated using futex wait barrier. (223 threads)
[2025-11-30T14:03:24.460+0000][1447.923s][info ][gc,start    ] GC(87) Pause Young (Normal) (G1 Evacuation Pause)
[2025-11-30T14:03:24.461+0000][1447.924s][info ][gc,task     ] GC(87) Using 13 workers of 13 for evacuation
[2025-11-30T14:03:24.721+0000][1448.184s][info ][gc,phases   ] GC(87)   Pre Evacuate Collection Set: 13.5ms
[2025-11-30T14:03:24.721+0000][1448.184s][info ][gc,phases   ] GC(87)   Merge Heap Roots: 6.5ms
[2025-11-30T14:03:24.721+0000][1448.184s][info ][gc,phases   ] GC(87)   Evacuate Collection Set: 187.7ms
[2025-11-30T14:03:24.721+0000][1448.184s][info ][gc,phases   ] GC(87)   Post Evacuate Collection Set: 47.4ms
[2025-11-30T14:03:24.721+0000][1448.184s][info ][gc,phases   ] GC(87)   Other: 10.7ms
[2025-11-30T14:03:24.721+0000][1448.184s][info ][gc,heap     ] GC(87) Eden regions: 332->0(338)
[2025-11-30T14:03:24.721+0000][1448.184s][info ][gc,heap     ] GC(87) Survivor regions: 13->13(44)
[2025-11-30T14:03:24.721+0000][1448.184s][info ][gc,heap     ] GC(87) Old regions: 389->389
[2025-11-30T14:03:24.721+0000][1448.184s][info ][gc,heap     ] GC(87) Archive regions: 2->2
[2025-11-30T14:03:24.721+0000][1448.184s][info ][gc,heap     ] GC(87) Humongous regions: 13->13
[2025-11-30T14:03:24.721+0000][1448.184s][info ][gc,metaspace] GC(87) Metaspace: 196124K(197632K)->196124K(197632K) NonClass: 172221K(172992K)->172221K(172992K) Class: 23902K(24640K)->23902K(24640K)
[2025-11-30T14:03:24.722+0000][1448.185s][info ][gc          ] GC(87) Pause Young (Normal) (G1 Evacuation Pause) 747M->415M(870M) 261.622ms
[2025-11-30T14:03:24.722+0000][1448.185s][info ][gc,cpu      ] GC(87) User=2.84s Sys=0.08s Real=0.26s
[2025-11-30T14:03:24.724+0000][1448.187s][info ][safepoint   ] Safepoint "G1CollectForAllocation", Time since last: 79885888525 ns, Reaching safepoint: 2594249 ns, Cleanup: 341473 ns, At safepoint: 269516700 ns, Total: 272452422 ns
[2025-11-30T14:03:29.725+0000][1453.188s][debug][safepoint   ] Safepoint synchronization initiated using futex wait barrier. (223 threads)
[2025-11-30T14:03:29.725+0000][1453.188s][info ][safepoint   ] Safepoint "Cleanup", Time since last: 5001050996 ns, Reaching safepoint: 102861 ns, Cleanup: 247962 ns, At safepoint: 11352 ns, Total: 362175 ns
[2025-11-30T14:03:31.726+0000][1455.189s][debug][safepoint   ] Safepoint synchronization initiated using futex wait barrier. (223 threads)
[2025-11-30T14:03:31.732+0000][1455.195s][info ][safepoint   ] Safepoint "Cleanup", Time since last: 2000393855 ns, Reaching safepoint: 5650930 ns, Cleanup: 240538 ns, At safepoint: 709731 ns, Total: 6601199 ns
[2025-11-30T14:03:32.732+0000][1456.195s][debug][safepoint   ] Safepoint synchronization initiated using futex wait barrier. (223 threads)
[2025-11-30T14:03:32.733+0000][1456.196s][info ][safepoint   ] Safepoint "Cleanup", Time since last: 1000262182 ns, Reaching safepoint: 420298 ns, Cleanup: 43545 ns, At safepoint: 48724 ns, Total: 512567 ns
[2025-11-30T14:03:34.752+0000][1458.215s][debug][safepoint   ] Safepoint synchronization initiated using futex wait barrier. (223 threads)
[2025-11-30T14:03:34.753+0000][1458.216s][info ][safepoint   ] Safepoint "Cleanup", Time since last: 2019402237 ns, Reaching safepoint: 149541 ns, Cleanup: 46480 ns, At safepoint: 5892 ns, Total: 201913 ns
[2025-11-30T14:03:37.753+0000][1461.216s][debug][safepoint   ] Safepoint synchronization initiated using futex wait barrier. (225 threads)
[2025-11-30T14:03:37.758+0000][1461.221s][info ][safepoint   ] Safepoint "Cleanup", Time since last: 3000484874 ns, Reaching safepoint: 4651859 ns, Cleanup: 38535 ns, At safepoint: 200490 ns, Total: 4890884 ns
[2025-11-30T14:03:39.758+0000][1463.221s][debug][safepoint   ] Safepoint synchronization initiated using futex wait barrier. (225 threads)
[2025-11-30T14:03:39.758+0000][1463.221s][info ][safepoint   ] Safepoint "Cleanup", Time since last: 2000304568 ns, Reaching safepoint: 157527 ns, Cleanup: 34788 ns, At safepoint: 5030 ns, Total: 197345 ns
[2025-11-30T14:03:42.759+0000][1466.222s][debug][safepoint   ] Safepoint synchronization initiated using futex wait barrier. (225 threads)
[2025-11-30T14:03:42.772+0000][1466.236s][debug][safepoint   ] ... found polling page loop exception at pc = 0x0000788ff9646285, stub =0x0000788ff8a04400
[2025-11-30T14:03:42.776+0000][1466.239s][info ][safepoint   ] Safepoint "Cleanup", Time since last: 3000511700 ns, Reaching safepoint: 15991132 ns, Cleanup: 26121 ns, At safepoint: 1130731 ns, Total: 17147984 ns
[2025-11-30T14:03:43.776+0000][1467.239s][debug][safepoint   ] Safepoint synchronization initiated using futex wait barrier. (225 threads)
[2025-11-30T14:03:43.776+0000][1467.240s][info ][safepoint   ] Safepoint "Cleanup", Time since last: 1000204481 ns, Reaching safepoint: 167987 ns, Cleanup: 31120 ns, At safepoint: 39046 ns, Total: 238153 ns
[2025-11-30T14:03:45.777+0000][1469.240s][debug][safepoint   ] Safepoint synchronization initiated using futex wait barrier. (225 threads)
[2025-11-30T14:03:45.777+0000][1469.240s][info ][safepoint   ] Safepoint "Cleanup", Time since last: 2000320711 ns, Reaching safepoint: 129873 ns, Cleanup: 27383 ns, At safepoint: 7545 ns, Total: 164801 ns
[2025-11-30T14:03:48.777+0000][1472.241s][debug][safepoint   ] Safepoint synchronization initiated using futex wait barrier. (225 threads)
[2025-11-30T14:03:48.778+0000][1472.241s][info ][safepoint   ] Safepoint "Cleanup", Time since last: 3000527750 ns, Reaching safepoint: 127147 ns, Cleanup: 38425 ns, At safepoint: 4268 ns, Total: 169840 ns
[2025-11-30T14:03:50.778+0000][1474.241s][debug][safepoint   ] Safepoint synchronization initiated using futex wait barrier. (225 threads)
[2025-11-30T14:03:50.801+0000][1474.264s][info ][safepoint   ] Safepoint "Cleanup", Time since last: 2000313106 ns, Reaching safepoint: 21388015 ns, Cleanup: 151303 ns, At safepoint: 1451484 ns, Total: 22990802 ns
[2025-11-30T14:03:51.801+0000][1475.264s][debug][safepoint   ] Safepoint synchronization initiated using futex wait barrier. (225 threads)
[2025-11-30T14:03:51.802+0000][1475.265s][info ][safepoint   ] Safepoint "Cleanup", Time since last: 1000293841 ns, Reaching safepoint: 171672 ns, Cleanup: 81238 ns, At safepoint: 15690 ns, Total: 268600 ns
[2025-11-30T14:03:52.793+0000][1476.265s][debug][safepoint   ] Safepoint synchronization initiated using futex wait barrier. (225 threads)
[2025-11-30T14:03:52.793+0000][1476.265s][info ][safepoint   ] Safepoint "Cleanup", Time since last: 1000215141 ns, Reaching safepoint: 153187 ns, Cleanup: 54335 ns, At safepoint: 42783 ns, Total: 250305 ns
[2025-11-30T14:03:54.794+0000][1478.266s][debug][safepoint   ] Safepoint synchronization initiated using futex wait barrier. (226 threads)
[2025-11-30T14:03:54.794+0000][1478.266s][info ][safepoint   ] Safepoint "Cleanup", Time since last: 2001047083 ns, Reaching safepoint: 137055 ns, Cleanup: 42132 ns, At safepoint: 44376 ns, Total: 223563 ns
[2025-11-30T14:03:55.794+0000][1479.267s][debug][safepoint   ] Safepoint synchronization initiated using futex wait barrier. (226 threads)
[2025-11-30T14:03:55.794+0000][1479.267s][info ][safepoint   ] Safepoint "Cleanup", Time since last: 1000219386 ns, Reaching safepoint: 83942 ns, Cleanup: 40268 ns, At safepoint: 2686 ns, Total: 126896 ns
[2025-11-30T14:04:11.797+0000][1495.269s][debug][safepoint   ] Safepoint synchronization initiated using futex wait barrier. (225 threads)
[2025-11-30T14:04:11.797+0000][1495.269s][info ][safepoint   ] Safepoint "Cleanup", Time since last: 16002485616 ns, Reaching safepoint: 145974 ns, Cleanup: 22815 ns, At safepoint: 10660 ns, Total: 179449 ns
[2025-11-30T14:04:13.797+0000][1497.270s][debug][safepoint   ] Safepoint synchronization initiated using futex wait barrier. (225 threads)
[2025-11-30T14:04:13.798+0000][1497.270s][info ][safepoint   ] Safepoint "Cleanup", Time since last: 2000310062 ns, Reaching safepoint: 91498 ns, Cleanup: 13516 ns, At safepoint: 3367 ns, Total: 108381 ns
[2025-11-30T14:04:40.874+0000][1524.342s][debug][safepoint   ] Safepoint synchronization initiated using futex wait barrier. (225 threads)
[2025-11-30T14:04:40.878+0000][1524.347s][info ][safepoint   ] Safepoint "Cleanup", Time since last: 27072402064 ns, Reaching safepoint: 4015435 ns, Cleanup: 347437 ns, At safepoint: 258273 ns, Total: 4621145 ns
[2025-11-30T14:06:21.957+0000][1625.434s][debug][safepoint   ] Safepoint synchronization initiated using futex wait barrier. (224 threads)
[2025-11-30T14:06:21.961+0000][1625.438s][info ][safepoint   ] Safepoint "Cleanup", Time since last: 101086977957 ns, Reaching safepoint: 3583681 ns, Cleanup: 389068 ns, At safepoint: 101056 ns, Total: 4073805 ns
[2025-11-30T14:06:22.959+0000][1626.438s][debug][safepoint   ] Safepoint synchronization initiated using futex wait barrier. (225 threads)
[2025-11-30T14:06:22.960+0000][1626.439s][info ][safepoint   ] Safepoint "Cleanup", Time since last: 1000237896 ns, Reaching safepoint: 529863 ns, Cleanup: 60928 ns, At safepoint: 33646 ns, Total: 624437 ns
[2025-11-30T14:06:26.960+0000][1630.439s][debug][safepoint   ] Safepoint synchronization initiated using futex wait barrier. (225 threads)
[2025-11-30T14:06:26.963+0000][1630.442s][info ][safepoint   ] Safepoint "Cleanup", Time since last: 4000735185 ns, Reaching safepoint: 2363273 ns, Cleanup: 23486 ns, At safepoint: 343248 ns, Total: 2730007 ns
[2025-11-30T14:06:27.963+0000][1631.442s][debug][safepoint   ] Safepoint synchronization initiated using futex wait barrier. (225 threads)
[2025-11-30T14:06:27.963+0000][1631.443s][info ][safepoint   ] Safepoint "Cleanup", Time since last: 1000272056 ns, Reaching safepoint: 107219 ns, Cleanup: 62341 ns, At safepoint: 6934 ns, Total: 176494 ns
[2025-11-30T14:06:32.964+0000][1636.443s][debug][safepoint   ] Safepoint synchronization initiated using futex wait barrier. (224 threads)
[2025-11-30T14:06:33.028+0000][1636.507s][info ][safepoint   ] Safepoint "Cleanup", Time since last: 5000739432 ns, Reaching safepoint: 61381584 ns, Cleanup: 28847 ns, At safepoint: 1969864 ns, Total: 63380295 ns
[2025-11-30T14:06:34.028+0000][1637.507s][debug][safepoint   ] Safepoint synchronization initiated using futex wait barrier. (224 threads)
[2025-11-30T14:06:34.028+0000][1637.508s][info ][safepoint   ] Safepoint "Cleanup", Time since last: 1000203623 ns, Reaching safepoint: 322519 ns, Cleanup: 194670 ns, At safepoint: 147268 ns, Total: 664457 ns
[2025-11-30T14:06:35.029+0000][1638.508s][debug][safepoint   ] Safepoint synchronization initiated using futex wait barrier. (225 threads)
[2025-11-30T14:06:35.029+0000][1638.509s][info ][safepoint   ] Safepoint "Cleanup", Time since last: 1000172975 ns, Reaching safepoint: 460302 ns, Cleanup: 46912 ns, At safepoint: 248936 ns, Total: 756150 ns
[2025-11-30T14:06:36.482+0000][1639.961s][debug][safepoint   ] Safepoint synchronization initiated using futex wait barrier. (224 threads)
[2025-11-30T14:06:36.483+0000][1639.962s][info ][safepoint   ] Safepoint "Cleanup", Time since last: 1452715043 ns, Reaching safepoint: 70688 ns, Cleanup: 405792 ns, At safepoint: 42142 ns, Total: 518622 ns
[2025-11-30T14:06:37.483+0000][1640.962s][debug][safepoint   ] Safepoint synchronization initiated using futex wait barrier. (228 threads)
[2025-11-30T14:06:37.483+0000][1640.962s][info ][safepoint   ] Safepoint "Cleanup", Time since last: 1000149365 ns, Reaching safepoint: 209910 ns, Cleanup: 77261 ns, At safepoint: 72271 ns, Total: 359442 ns
[2025-11-30T14:06:38.483+0000][1641.963s][debug][safepoint   ] Safepoint synchronization initiated using futex wait barrier. (228 threads)
[2025-11-30T14:06:38.484+0000][1641.963s][info ][safepoint   ] Safepoint "Cleanup", Time since last: 1000262805 ns, Reaching safepoint: 103812 ns, Cleanup: 21232 ns, At safepoint: 5160 ns, Total: 130204 ns
[2025-11-30T14:06:39.484+0000][1642.963s][debug][safepoint   ] Safepoint synchronization initiated using futex wait barrier. (228 threads)
[2025-11-30T14:06:39.484+0000][1642.963s][info ][safepoint   ] Safepoint "Cleanup", Time since last: 1000199312 ns, Reaching safepoint: 109924 ns, Cleanup: 15561 ns, At safepoint: 4038 ns, Total: 129523 ns
[2025-11-30T14:06:42.484+0000][1645.964s][debug][safepoint   ] Safepoint synchronization initiated using futex wait barrier. (228 threads)
[2025-11-30T14:06:42.484+0000][1645.964s][info ][safepoint   ] Safepoint "Cleanup", Time since last: 3000482420 ns, Reaching safepoint: 99554 ns, Cleanup: 20300 ns, At safepoint: 3477 ns, Total: 123331 ns
[2025-11-30T14:06:44.485+0000][1647.964s][debug][safepoint   ] Safepoint synchronization initiated using futex wait barrier. (228 threads)
[2025-11-30T14:06:44.485+0000][1647.964s][info ][safepoint   ] Safepoint "Cleanup", Time since last: 2000507141 ns, Reaching safepoint: 246641 ns, Cleanup: 34237 ns, At safepoint: 6072 ns, Total: 286950 ns
[2025-11-30T14:06:58.485+0000][1661.967s][debug][safepoint   ] Safepoint synchronization initiated using futex wait barrier. (230 threads)
[2025-11-30T14:06:58.485+0000][1661.968s][info ][safepoint   ] Safepoint "Cleanup", Time since last: 14002996130 ns, Reaching safepoint: 144288 ns, Cleanup: 47812 ns, At safepoint: 4278 ns, Total: 196378 ns
[2025-11-30T14:06:59.486+0000][1662.968s][debug][safepoint   ] Safepoint synchronization initiated using futex wait barrier. (228 threads)
[2025-11-30T14:06:59.486+0000][1662.968s][info ][safepoint   ] Safepoint "Cleanup", Time since last: 1000667277 ns, Reaching safepoint: 129980 ns, Cleanup: 40418 ns, At safepoint: 6973 ns, Total: 177371 ns
[2025-11-30T14:07:02.487+0000][1665.969s][debug][safepoint   ] Safepoint synchronization initiated using futex wait barrier. (228 threads)
[2025-11-30T14:07:02.487+0000][1665.969s][info ][safepoint   ] Safepoint "Cleanup", Time since last: 3000607704 ns, Reaching safepoint: 134974 ns, Cleanup: 20040 ns, At safepoint: 4028 ns, Total: 159042 ns
[2025-11-30T14:07:04.487+0000][1667.970s][debug][safepoint   ] Safepoint synchronization initiated using futex wait barrier. (228 threads)
[2025-11-30T14:07:04.488+0000][1667.970s][info ][safepoint   ] Safepoint "Cleanup", Time since last: 2000355252 ns, Reaching safepoint: 109956 ns, Cleanup: 23226 ns, At safepoint: 5200 ns, Total: 138382 ns
[2025-11-30T14:07:08.488+0000][1671.970s][debug][safepoint   ] Safepoint synchronization initiated using futex wait barrier. (228 threads)
[2025-11-30T14:07:08.488+0000][1671.970s][info ][safepoint   ] Safepoint "Cleanup", Time since last: 4000581991 ns, Reaching safepoint: 124925 ns, Cleanup: 16251 ns, At safepoint: 4599 ns, Total: 145775 ns
[2025-11-30T14:07:13.489+0000][1676.971s][debug][safepoint   ] Safepoint synchronization initiated using futex wait barrier. (228 threads)
[2025-11-30T14:07:13.489+0000][1676.971s][info ][safepoint   ] Safepoint "Cleanup", Time since last: 5000829176 ns, Reaching safepoint: 122810 ns, Cleanup: 23626 ns, At safepoint: 4720 ns, Total: 151156 ns
[2025-11-30T14:07:14.489+0000][1677.972s][debug][safepoint   ] Safepoint synchronization initiated using futex wait barrier. (228 threads)
[2025-11-30T14:07:14.490+0000][1677.972s][info ][safepoint   ] Safepoint "Cleanup", Time since last: 1000176426 ns, Reaching safepoint: 116188 ns, Cleanup: 22183 ns, At safepoint: 5631 ns, Total: 144002 ns
[2025-11-30T14:07:18.817+0000][1682.300s][debug][safepoint   ] Safepoint synchronization initiated using futex wait barrier. (231 threads)
[2025-11-30T14:07:18.824+0000][1682.306s][info ][safepoint   ] Safepoint "Cleanup", Time since last: 4327765287 ns, Reaching safepoint: 5977102 ns, Cleanup: 96999 ns, At safepoint: 287520 ns, Total: 6361621 ns
[2025-11-30T14:07:18.826+0000][1682.308s][debug][safepoint   ] ... found polling page loop exception at pc = 0x0000788ff9602109, stub =0x0000788ff8a04400
[2025-11-30T14:07:19.827+0000][1683.309s][debug][safepoint   ] Safepoint synchronization initiated using futex wait barrier. (231 threads)
[2025-11-30T14:07:19.827+0000][1683.309s][info ][safepoint   ] Safepoint "Cleanup", Time since last: 1003244420 ns, Reaching safepoint: 179940 ns, Cleanup: 87049 ns, At safepoint: 53214 ns, Total: 320203 ns
[2025-11-30T14:07:19.970+0000][1683.452s][debug][safepoint   ] Safepoint synchronization initiated using futex wait barrier. (231 threads)
[2025-11-30T14:07:19.982+0000][1683.464s][info ][gc,start    ] GC(88) Pause Young (Normal) (G1 Evacuation Pause)
[2025-11-30T14:07:19.982+0000][1683.465s][info ][gc,task     ] GC(88) Using 13 workers of 13 for evacuation
[2025-11-30T14:07:20.159+0000][1683.642s][info ][gc,phases   ] GC(88)   Pre Evacuate Collection Set: 15.3ms
[2025-11-30T14:07:20.159+0000][1683.642s][info ][gc,phases   ] GC(88)   Merge Heap Roots: 7.7ms
[2025-11-30T14:07:20.159+0000][1683.642s][info ][gc,phases   ] GC(88)   Evacuate Collection Set: 107.5ms
[2025-11-30T14:07:20.159+0000][1683.642s][info ][gc,phases   ] GC(88)   Post Evacuate Collection Set: 39.8ms
[2025-11-30T14:07:20.160+0000][1683.642s][info ][gc,phases   ] GC(88)   Other: 16.7ms
[2025-11-30T14:07:20.160+0000][1683.642s][info ][gc,heap     ] GC(88) Eden regions: 338->0(340)
[2025-11-30T14:07:20.160+0000][1683.642s][info ][gc,heap     ] GC(88) Survivor regions: 13->15(44)
[2025-11-30T14:07:20.160+0000][1683.642s][info ][gc,heap     ] GC(88) Old regions: 389->389
[2025-11-30T14:07:20.160+0000][1683.642s][info ][gc,heap     ] GC(88) Archive regions: 2->2
[2025-11-30T14:07:20.160+0000][1683.642s][info ][gc,heap     ] GC(88) Humongous regions: 13->13
[2025-11-30T14:07:20.160+0000][1683.642s][info ][gc,metaspace] GC(88) Metaspace: 197480K(198976K)->197480K(198976K) NonClass: 173439K(174208K)->173439K(174208K) Class: 24041K(24768K)->24041K(24768K)
[2025-11-30T14:07:20.161+0000][1683.643s][info ][gc          ] GC(88) Pause Young (Normal) (G1 Evacuation Pause) 753M->417M(870M) 178.210ms
[2025-11-30T14:07:20.161+0000][1683.643s][info ][gc,cpu      ] GC(88) User=1.87s Sys=0.00s Real=0.18s
[2025-11-30T14:07:20.163+0000][1683.645s][info ][safepoint   ] Safepoint "G1CollectForAllocation", Time since last: 142324557 ns, Reaching safepoint: 590639 ns, Cleanup: 55809 ns, At safepoint: 192373929 ns, Total: 193020377 ns
[2025-11-30T14:07:24.161+0000][1687.645s][debug][safepoint   ] Safepoint synchronization initiated using futex wait barrier. (231 threads)
[2025-11-30T14:07:24.161+0000][1687.646s][info ][safepoint   ] Safepoint "Cleanup", Time since last: 4000677445 ns, Reaching safepoint: 97460 ns, Cleanup: 20970 ns, At safepoint: 3177 ns, Total: 121607 ns
[2025-11-30T14:07:40.163+0000][1703.648s][debug][safepoint   ] Safepoint synchronization initiated using futex wait barrier. (228 threads)
[2025-11-30T14:07:40.164+0000][1703.648s][info ][safepoint   ] Safepoint "Cleanup", Time since last: 16002333366 ns, Reaching safepoint: 106146 ns, Cleanup: 48014 ns, At safepoint: 3166 ns, Total: 157326 ns
[2025-11-30T14:07:43.164+0000][1706.649s][debug][safepoint   ] Safepoint synchronization initiated using futex wait barrier. (227 threads)
[2025-11-30T14:07:43.164+0000][1706.649s][info ][safepoint   ] Safepoint "Cleanup", Time since last: 3000437686 ns, Reaching safepoint: 86449 ns, Cleanup: 14117 ns, At safepoint: 3507 ns, Total: 104073 ns
[2025-11-30T14:07:44.164+0000][1707.649s][debug][safepoint   ] Safepoint synchronization initiated using futex wait barrier. (227 threads)
[2025-11-30T14:07:44.165+0000][1707.649s][info ][safepoint   ] Safepoint "Cleanup", Time since last: 1000198089 ns, Reaching safepoint: 140383 ns, Cleanup: 159100 ns, At safepoint: 33495 ns, Total: 332978 ns
[2025-11-30T14:07:51.166+0000][1714.650s][debug][safepoint   ] Safepoint synchronization initiated using futex wait barrier. (227 threads)
[2025-11-30T14:07:51.166+0000][1714.650s][info ][safepoint   ] Safepoint "Cleanup", Time since last: 7001011032 ns, Reaching safepoint: 125253 ns, Cleanup: 71559 ns, At safepoint: 11032 ns, Total: 207844 ns
[2025-11-30T14:07:57.164+0000][1720.651s][debug][safepoint   ] Safepoint synchronization initiated using futex wait barrier. (227 threads)
[2025-11-30T14:07:57.164+0000][1720.651s][info ][safepoint   ] Safepoint "Cleanup", Time since last: 6000908315 ns, Reaching safepoint: 124441 ns, Cleanup: 16743 ns, At safepoint: 4409 ns, Total: 145593 ns
[2025-11-30T14:08:13.167+0000][1736.654s][debug][safepoint   ] Safepoint synchronization initiated using futex wait barrier. (227 threads)
[2025-11-30T14:08:13.167+0000][1736.654s][info ][safepoint   ] Safepoint "Cleanup", Time since last: 16002367182 ns, Reaching safepoint: 96738 ns, Cleanup: 16833 ns, At safepoint: 3136 ns, Total: 116707 ns
[2025-11-30T14:08:21.030+0000][1744.517s][debug][safepoint   ] Safepoint synchronization initiated using futex wait barrier. (229 threads)
[2025-11-30T14:08:21.030+0000][1744.517s][info ][safepoint   ] Safepoint "Cleanup", Time since last: 7863091338 ns, Reaching safepoint: 244596 ns, Cleanup: 71149 ns, At safepoint: 77931 ns, Total: 393676 ns
[2025-11-30T14:08:22.030+0000][1745.518s][debug][safepoint   ] Safepoint synchronization initiated using futex wait barrier. (239 threads)
[2025-11-30T14:08:22.032+0000][1745.519s][info ][safepoint   ] Safepoint "Cleanup", Time since last: 1000178620 ns, Reaching safepoint: 1187188 ns, Cleanup: 99093 ns, At safepoint: 172385 ns, Total: 1458666 ns
[2025-11-30T14:08:23.029+0000][1746.519s][debug][safepoint   ] Safepoint synchronization initiated using futex wait barrier. (244 threads)
[2025-11-30T14:08:23.030+0000][1746.520s][info ][safepoint   ] Safepoint "Cleanup", Time since last: 1000196315 ns, Reaching safepoint: 269254 ns, Cleanup: 270756 ns, At safepoint: 111958 ns, Total: 651968 ns
[2025-11-30T14:08:24.356+0000][1747.846s][debug][safepoint   ] Safepoint synchronization initiated using futex wait barrier. (244 threads)
[2025-11-30T14:08:24.357+0000][1747.847s][info ][safepoint   ] Safepoint "Cleanup", Time since last: 1326466655 ns, Reaching safepoint: 259124 ns, Cleanup: 44186 ns, At safepoint: 12133 ns, Total: 315443 ns
[2025-11-30T14:08:25.357+0000][1748.847s][debug][safepoint   ] Safepoint synchronization initiated using futex wait barrier. (243 threads)
[2025-11-30T14:08:25.357+0000][1748.847s][info ][safepoint   ] Safepoint "Cleanup", Time since last: 1000191498 ns, Reaching safepoint: 165011 ns, Cleanup: 21081 ns, At safepoint: 5540 ns, Total: 191632 ns
[2025-11-30T14:08:26.357+0000][1749.847s][debug][safepoint   ] Safepoint synchronization initiated using futex wait barrier. (243 threads)
[2025-11-30T14:08:26.358+0000][1749.848s][info ][safepoint   ] Safepoint "Cleanup", Time since last: 1000171029 ns, Reaching safepoint: 370370 ns, Cleanup: 14799 ns, At safepoint: 118140 ns, Total: 503309 ns
[2025-11-30T14:08:27.358+0000][1750.848s][debug][safepoint   ] Safepoint synchronization initiated using futex wait barrier. (243 threads)
[2025-11-30T14:08:27.358+0000][1750.848s][info ][safepoint   ] Safepoint "Cleanup", Time since last: 1000167387 ns, Reaching safepoint: 82220 ns, Cleanup: 13817 ns, At safepoint: 3426 ns, Total: 99463 ns
[2025-11-30T14:08:36.359+0000][1759.849s][debug][safepoint   ] Safepoint synchronization initiated using futex wait barrier. (241 threads)
[2025-11-30T14:08:36.360+0000][1759.849s][info ][safepoint   ] Safepoint "Cleanup", Time since last: 9001281639 ns, Reaching safepoint: 134182 ns, Cleanup: 27453 ns, At safepoint: 4248 ns, Total: 165883 ns
[2025-11-30T14:08:37.360+0000][1760.850s][debug][safepoint   ] Safepoint synchronization initiated using futex wait barrier. (244 threads)
[2025-11-30T14:08:37.360+0000][1760.850s][info ][safepoint   ] Safepoint "Cleanup", Time since last: 1000163695 ns, Reaching safepoint: 319592 ns, Cleanup: 73193 ns, At safepoint: 83292 ns, Total: 476077 ns
[2025-11-30T14:08:38.360+0000][1761.850s][debug][safepoint   ] Safepoint synchronization initiated using futex wait barrier. (245 threads)
[2025-11-30T14:08:38.361+0000][1761.850s][info ][safepoint   ] Safepoint "Cleanup", Time since last: 1000175713 ns, Reaching safepoint: 99604 ns, Cleanup: 33545 ns, At safepoint: 5912 ns, Total: 139061 ns
[2025-11-30T14:08:43.361+0000][1766.851s][debug][safepoint   ] Safepoint synchronization initiated using futex wait barrier. (246 threads)
[2025-11-30T14:08:43.362+0000][1766.852s][info ][safepoint   ] Safepoint "Cleanup", Time since last: 5000946654 ns, Reaching safepoint: 165733 ns, Cleanup: 29868 ns, At safepoint: 6784 ns, Total: 202385 ns
[2025-11-30T14:08:45.362+0000][1768.852s][debug][safepoint   ] Safepoint synchronization initiated using futex wait barrier. (246 threads)
[2025-11-30T14:08:45.362+0000][1768.852s][info ][safepoint   ] Safepoint "Cleanup", Time since last: 2000300698 ns, Reaching safepoint: 90416 ns, Cleanup: 23576 ns, At safepoint: 3807 ns, Total: 117799 ns
[2025-11-30T14:08:49.363+0000][1772.853s][debug][safepoint   ] Safepoint synchronization initiated using futex wait barrier. (246 threads)
[2025-11-30T14:08:49.363+0000][1772.853s][info ][safepoint   ] Safepoint "Cleanup", Time since last: 4000658916 ns, Reaching safepoint: 121847 ns, Cleanup: 17865 ns, At safepoint: 3106 ns, Total: 142818 ns
[2025-11-30T14:08:51.363+0000][1774.853s][debug][safepoint   ] Safepoint synchronization initiated using futex wait barrier. (245 threads)
[2025-11-30T14:08:51.364+0000][1774.854s][info ][safepoint   ] Safepoint "Cleanup", Time since last: 2000252428 ns, Reaching safepoint: 607843 ns, Cleanup: 22624 ns, At safepoint: 648644 ns, Total: 1279111 ns
[2025-11-30T14:08:56.363+0000][1779.855s][debug][safepoint   ] Safepoint synchronization initiated using futex wait barrier. (247 threads)
[2025-11-30T14:08:56.363+0000][1779.855s][info ][safepoint   ] Safepoint "Cleanup", Time since last: 5000860028 ns, Reaching safepoint: 168147 ns, Cleanup: 22634 ns, At safepoint: 5090 ns, Total: 195871 ns
[2025-11-30T14:09:14.365+0000][1797.858s][debug][safepoint   ] Safepoint synchronization initiated using futex wait barrier. (247 threads)
[2025-11-30T14:09:14.366+0000][1797.858s][info ][safepoint   ] Safepoint "Cleanup", Time since last: 18002493357 ns, Reaching safepoint: 253363 ns, Cleanup: 59406 ns, At safepoint: 83863 ns, Total: 396632 ns
[2025-11-30T14:09:16.366+0000][1799.859s][debug][safepoint   ] Safepoint synchronization initiated using futex wait barrier. (247 threads)
[2025-11-30T14:09:16.366+0000][1799.859s][info ][safepoint   ] Safepoint "Cleanup", Time since last: 2000347827 ns, Reaching safepoint: 139923 ns, Cleanup: 17243 ns, At safepoint: 4289 ns, Total: 161455 ns
[2025-11-30T14:09:19.065+0000][1802.558s][debug][safepoint   ] Safepoint synchronization initiated using futex wait barrier. (247 threads)
[2025-11-30T14:09:19.065+0000][1802.558s][info ][safepoint   ] Safepoint "Cleanup", Time since last: 2698941431 ns, Reaching safepoint: 136696 ns, Cleanup: 33515 ns, At safepoint: 8006 ns, Total: 178217 ns
[2025-11-30T14:09:20.066+0000][1803.558s][debug][safepoint   ] Safepoint synchronization initiated using futex wait barrier. (247 threads)
[2025-11-30T14:09:20.066+0000][1803.558s][info ][safepoint   ] Safepoint "Cleanup", Time since last: 1000213115 ns, Reaching safepoint: 136475 ns, Cleanup: 86028 ns, At safepoint: 146079 ns, Total: 368582 ns
[2025-11-30T14:09:21.066+0000][1804.559s][debug][safepoint   ] Safepoint synchronization initiated using futex wait barrier. (246 threads)
[2025-11-30T14:09:21.066+0000][1804.559s][info ][safepoint   ] Safepoint "Cleanup", Time since last: 1000256435 ns, Reaching safepoint: 138710 ns, Cleanup: 40819 ns, At safepoint: 5050 ns, Total: 184579 ns
[2025-11-30T14:09:22.067+0000][1805.559s][debug][safepoint   ] Safepoint synchronization initiated using futex wait barrier. (245 threads)
[2025-11-30T14:09:22.072+0000][1805.564s][info ][safepoint   ] Safepoint "Cleanup", Time since last: 1000139153 ns, Reaching safepoint: 3622163 ns, Cleanup: 1152479 ns, At safepoint: 379949 ns, Total: 5154591 ns
[2025-11-30T14:09:34.074+0000][1817.569s][debug][safepoint   ] Safepoint synchronization initiated using futex wait barrier. (245 threads)
[2025-11-30T14:09:34.074+0000][1817.569s][info ][safepoint   ] Safepoint "Cleanup", Time since last: 12005050717 ns, Reaching safepoint: 151185 ns, Cleanup: 15260 ns, At safepoint: 4739 ns, Total: 171184 ns
[2025-11-30T14:09:44.076+0000][1827.571s][debug][safepoint   ] Safepoint synchronization initiated using futex wait barrier. (238 threads)
[2025-11-30T14:09:44.076+0000][1827.571s][info ][safepoint   ] Safepoint "Cleanup", Time since last: 10001496315 ns, Reaching safepoint: 172557 ns, Cleanup: 28245 ns, At safepoint: 5561 ns, Total: 206363 ns
[2025-11-30T14:09:51.077+0000][1834.572s][debug][safepoint   ] Safepoint synchronization initiated using futex wait barrier. (238 threads)
[2025-11-30T14:09:51.077+0000][1834.572s][info ][safepoint   ] Safepoint "Cleanup", Time since last: 7001029894 ns, Reaching safepoint: 145944 ns, Cleanup: 19147 ns, At safepoint: 5942 ns, Total: 171033 ns
[2025-11-30T14:09:54.069+0000][1837.573s][debug][safepoint   ] Safepoint synchronization initiated using futex wait barrier. (238 threads)
[2025-11-30T14:09:54.069+0000][1837.573s][info ][safepoint   ] Safepoint "Cleanup", Time since last: 3000473734 ns, Reaching safepoint: 104784 ns, Cleanup: 12765 ns, At safepoint: 4138 ns, Total: 121687 ns
[2025-11-30T14:10:06.071+0000][1849.575s][debug][safepoint   ] Safepoint synchronization initiated using futex wait barrier. (239 threads)
[2025-11-30T14:10:06.071+0000][1849.575s][info ][safepoint   ] Safepoint "Cleanup", Time since last: 12001644153 ns, Reaching safepoint: 303130 ns, Cleanup: 18065 ns, At safepoint: 4319 ns, Total: 325514 ns
[2025-11-30T14:10:08.072+0000][1851.575s][debug][safepoint   ] Safepoint synchronization initiated using futex wait barrier. (241 threads)
[2025-11-30T14:10:08.072+0000][1851.575s][info ][safepoint   ] Safepoint "Cleanup", Time since last: 2000426569 ns, Reaching safepoint: 92761 ns, Cleanup: 23445 ns, At safepoint: 3888 ns, Total: 120094 ns
[2025-11-30T14:10:14.073+0000][1857.576s][debug][safepoint   ] Safepoint synchronization initiated using futex wait barrier. (240 threads)
[2025-11-30T14:10:14.073+0000][1857.577s][info ][safepoint   ] Safepoint "Cleanup", Time since last: 6000978534 ns, Reaching safepoint: 179730 ns, Cleanup: 41611 ns, At safepoint: 11753 ns, Total: 233094 ns
[2025-11-30T14:10:16.073+0000][1859.577s][debug][safepoint   ] Safepoint synchronization initiated using futex wait barrier. (240 threads)
[2025-11-30T14:10:16.073+0000][1859.577s][info ][safepoint   ] Safepoint "Cleanup", Time since last: 2000363803 ns, Reaching safepoint: 137728 ns, Cleanup: 16923 ns, At safepoint: 3758 ns, Total: 158409 ns
[2025-11-30T14:10:18.074+0000][1861.578s][debug][safepoint   ] Safepoint synchronization initiated using futex wait barrier. (240 threads)
[2025-11-30T14:10:18.074+0000][1861.578s][info ][safepoint   ] Safepoint "Cleanup", Time since last: 2000437002 ns, Reaching safepoint: 95476 ns, Cleanup: 15631 ns, At safepoint: 3506 ns, Total: 114613 ns
[2025-11-30T14:10:19.103+0000][1862.607s][debug][safepoint   ] Safepoint synchronization initiated using futex wait barrier. (240 threads)
[2025-11-30T14:10:19.103+0000][1862.607s][info ][safepoint   ] Safepoint "Cleanup", Time since last: 1028880291 ns, Reaching safepoint: 160863 ns, Cleanup: 33716 ns, At safepoint: 7535 ns, Total: 202114 ns
[2025-11-30T14:10:21.103+0000][1864.607s][debug][safepoint   ] Safepoint synchronization initiated using futex wait barrier. (240 threads)
[2025-11-30T14:10:21.103+0000][1864.607s][info ][safepoint   ] Safepoint "Cleanup", Time since last: 2000295410 ns, Reaching safepoint: 76068 ns, Cleanup: 12575 ns, At safepoint: 3016 ns, Total: 91659 ns
[2025-11-30T14:10:22.104+0000][1865.607s][debug][safepoint   ] Safepoint synchronization initiated using futex wait barrier. (238 threads)
[2025-11-30T14:10:22.104+0000][1865.607s][info ][safepoint   ] Safepoint "Cleanup", Time since last: 1000139701 ns, Reaching safepoint: 99785 ns, Cleanup: 19598 ns, At safepoint: 3477 ns, Total: 122860 ns
[2025-11-30T14:10:29.107+0000][1872.609s][debug][safepoint   ] Safepoint synchronization initiated using futex wait barrier. (238 threads)
[2025-11-30T14:10:29.108+0000][1872.609s][info ][safepoint   ] Safepoint "Cleanup", Time since last: 7001153718 ns, Reaching safepoint: 444877 ns, Cleanup: 20720 ns, At safepoint: 56751 ns, Total: 522348 ns
[2025-11-30T14:10:30.108+0000][1873.609s][debug][safepoint   ] Safepoint synchronization initiated using futex wait barrier. (241 threads)
[2025-11-30T14:10:30.109+0000][1873.610s][info ][safepoint   ] Safepoint "Cleanup", Time since last: 1000199687 ns, Reaching safepoint: 797568 ns, Cleanup: 35008 ns, At safepoint: 118982 ns, Total: 951558 ns
[2025-11-30T14:10:31.109+0000][1874.611s][debug][safepoint   ] Safepoint synchronization initiated using futex wait barrier. (241 threads)
[2025-11-30T14:10:31.112+0000][1874.613s][info ][safepoint   ] Safepoint "Cleanup", Time since last: 1000240692 ns, Reaching safepoint: 2302825 ns, Cleanup: 72761 ns, At safepoint: 300906 ns, Total: 2676492 ns
[2025-11-30T14:10:32.062+0000][1875.564s][debug][safepoint   ] Safepoint synchronization initiated using futex wait barrier. (241 threads)
[2025-11-30T14:10:32.078+0000][1875.579s][info ][gc,start    ] GC(89) Pause Young (Normal) (G1 Evacuation Pause)
[2025-11-30T14:10:32.078+0000][1875.580s][info ][gc,task     ] GC(89) Using 13 workers of 13 for evacuation
[2025-11-30T14:10:32.534+0000][1876.036s][info ][gc,phases   ] GC(89)   Pre Evacuate Collection Set: 27.0ms
[2025-11-30T14:10:32.535+0000][1876.036s][info ][gc,phases   ] GC(89)   Merge Heap Roots: 16.8ms
[2025-11-30T14:10:32.535+0000][1876.036s][info ][gc,phases   ] GC(89)   Evacuate Collection Set: 350.4ms
[2025-11-30T14:10:32.535+0000][1876.036s][info ][gc,phases   ] GC(89)   Post Evacuate Collection Set: 50.8ms
[2025-11-30T14:10:32.535+0000][1876.036s][info ][gc,phases   ] GC(89)   Other: 23.4ms
[2025-11-30T14:10:32.535+0000][1876.036s][info ][gc,heap     ] GC(89) Eden regions: 340->0(335)
[2025-11-30T14:10:32.535+0000][1876.036s][info ][gc,heap     ] GC(89) Survivor regions: 15->20(45)
[2025-11-30T14:10:32.535+0000][1876.036s][info ][gc,heap     ] GC(89) Old regions: 389->389
[2025-11-30T14:10:32.535+0000][1876.036s][info ][gc,heap     ] GC(89) Archive regions: 2->2
[2025-11-30T14:10:32.535+0000][1876.036s][info ][gc,heap     ] GC(89) Humongous regions: 13->13
[2025-11-30T14:10:32.535+0000][1876.036s][info ][gc,metaspace] GC(89) Metaspace: 200048K(201600K)->200048K(201600K) NonClass: 175762K(176576K)->175762K(176576K) Class: 24285K(25024K)->24285K(25024K)
[2025-11-30T14:10:32.536+0000][1876.037s][info ][gc          ] GC(89) Pause Young (Normal) (G1 Evacuation Pause) 757M->421M(870M) 458.141ms
[2025-11-30T14:10:32.536+0000][1876.037s][info ][gc,cpu      ] GC(89) User=5.23s Sys=0.00s Real=0.45s
[2025-11-30T14:10:32.539+0000][1876.040s][info ][safepoint   ] Safepoint "G1CollectForAllocation", Time since last: 950414964 ns, Reaching safepoint: 1132536 ns, Cleanup: 404458 ns, At safepoint: 474625654 ns, Total: 476162648 ns
[2025-11-30T14:10:33.539+0000][1877.040s][debug][safepoint   ] Safepoint synchronization initiated using futex wait barrier. (240 threads)
[2025-11-30T14:10:33.540+0000][1877.041s][info ][safepoint   ] Safepoint "Cleanup", Time since last: 1000246929 ns, Reaching safepoint: 628765 ns, Cleanup: 444060 ns, At safepoint: 86128 ns, Total: 1158953 ns
[2025-11-30T14:10:34.540+0000][1878.041s][debug][safepoint   ] Safepoint synchronization initiated using futex wait barrier. (240 threads)
[2025-11-30T14:10:34.552+0000][1878.053s][info ][safepoint   ] Safepoint "Cleanup", Time since last: 1000241636 ns, Reaching safepoint: 10378435 ns, Cleanup: 173157 ns, At safepoint: 1202362 ns, Total: 11753954 ns
[2025-11-30T14:10:35.595+0000][1879.096s][debug][safepoint   ] Safepoint synchronization initiated using futex wait barrier. (244 threads)
[2025-11-30T14:10:35.596+0000][1879.097s][info ][safepoint   ] Safepoint "Cleanup", Time since last: 1043152282 ns, Reaching safepoint: 781683 ns, Cleanup: 96608 ns, At safepoint: 62883 ns, Total: 941174 ns
[2025-11-30T14:10:36.596+0000][1880.097s][debug][safepoint   ] Safepoint synchronization initiated using futex wait barrier. (244 threads)
[2025-11-30T14:10:36.597+0000][1880.099s][info ][safepoint   ] Safepoint "Cleanup", Time since last: 1000171192 ns, Reaching safepoint: 913649 ns, Cleanup: 37984 ns, At safepoint: 222253 ns, Total: 1173886 ns
[2025-11-30T14:10:43.598+0000][1887.100s][debug][safepoint   ] Safepoint synchronization initiated using futex wait barrier. (243 threads)
[2025-11-30T14:10:43.599+0000][1887.100s][info ][safepoint   ] Safepoint "Cleanup", Time since last: 7001006932 ns, Reaching safepoint: 95636 ns, Cleanup: 43545 ns, At safepoint: 3377 ns, Total: 142558 ns
[2025-11-30T14:10:44.599+0000][1888.100s][debug][safepoint   ] Safepoint synchronization initiated using futex wait barrier. (243 threads)
[2025-11-30T14:10:44.599+0000][1888.100s][info ][safepoint   ] Safepoint "Cleanup", Time since last: 1000208270 ns, Reaching safepoint: 103322 ns, Cleanup: 66038 ns, At safepoint: 3918 ns, Total: 173278 ns
[2025-11-30T14:10:46.599+0000][1890.100s][debug][safepoint   ] Safepoint synchronization initiated using futex wait barrier. (244 threads)
[2025-11-30T14:10:46.599+0000][1890.101s][info ][safepoint   ] Safepoint "Cleanup", Time since last: 2000356454 ns, Reaching safepoint: 103762 ns, Cleanup: 31321 ns, At safepoint: 3306 ns, Total: 138389 ns
[2025-11-30T14:10:50.600+0000][1894.101s][debug][safepoint   ] Safepoint synchronization initiated using futex wait barrier. (243 threads)
[2025-11-30T14:10:50.600+0000][1894.101s][info ][safepoint   ] Safepoint "Cleanup", Time since last: 4000609911 ns, Reaching safepoint: 102560 ns, Cleanup: 26902 ns, At safepoint: 4459 ns, Total: 133921 ns
[2025-11-30T14:11:14.604+0000][1918.107s][debug][safepoint   ] Safepoint synchronization initiated using futex wait barrier. (242 threads)
[2025-11-30T14:11:14.604+0000][1918.107s][info ][safepoint   ] Safepoint "Cleanup", Time since last: 24005814064 ns, Reaching safepoint: 149531 ns, Cleanup: 25610 ns, At safepoint: 4569 ns, Total: 179710 ns
[2025-11-30T14:11:22.148+0000][1925.651s][debug][safepoint   ] Safepoint synchronization initiated using futex wait barrier. (237 threads)
[2025-11-30T14:11:22.148+0000][1925.652s][info ][safepoint   ] Safepoint "Cleanup", Time since last: 7543955759 ns, Reaching safepoint: 163969 ns, Cleanup: 20180 ns, At safepoint: 5971 ns, Total: 190120 ns
[2025-11-30T14:11:48.148+0000][1951.655s][debug][safepoint   ] Safepoint synchronization initiated using futex wait barrier. (235 threads)
[2025-11-30T14:11:48.149+0000][1951.656s][info ][safepoint   ] Safepoint "Cleanup", Time since last: 26003944776 ns, Reaching safepoint: 169113 ns, Cleanup: 42734 ns, At safepoint: 8667 ns, Total: 220514 ns
[2025-11-30T14:11:53.147+0000][1956.657s][debug][safepoint   ] Safepoint synchronization initiated using futex wait barrier. (238 threads)
[2025-11-30T14:11:53.147+0000][1956.657s][info ][safepoint   ] Safepoint "Cleanup", Time since last: 5000936859 ns, Reaching safepoint: 106206 ns, Cleanup: 91118 ns, At safepoint: 8647 ns, Total: 205971 ns
[2025-11-30T14:11:55.147+0000][1958.657s][debug][safepoint   ] Safepoint synchronization initiated using futex wait barrier. (237 threads)
[2025-11-30T14:11:55.147+0000][1958.657s][info ][safepoint   ] Safepoint "Cleanup", Time since last: 2000368337 ns, Reaching safepoint: 134211 ns, Cleanup: 73163 ns, At safepoint: 10059 ns, Total: 217433 ns
[2025-11-30T14:11:57.148+0000][1960.658s][debug][safepoint   ] Safepoint synchronization initiated using futex wait barrier. (237 threads)
[2025-11-30T14:11:57.148+0000][1960.658s][info ][safepoint   ] Safepoint "Cleanup", Time since last: 2000322737 ns, Reaching safepoint: 105976 ns, Cleanup: 45469 ns, At safepoint: 4739 ns, Total: 156184 ns
[2025-11-30T14:12:06.149+0000][1969.659s][debug][safepoint   ] Safepoint synchronization initiated using futex wait barrier. (235 threads)
[2025-11-30T14:12:06.149+0000][1969.659s][info ][safepoint   ] Safepoint "Cleanup", Time since last: 9001345185 ns, Reaching safepoint: 167948 ns, Cleanup: 18477 ns, At safepoint: 6402 ns, Total: 192827 ns
[2025-11-30T14:12:19.179+0000][1982.689s][debug][safepoint   ] Safepoint synchronization initiated using futex wait barrier. (237 threads)
[2025-11-30T14:12:19.179+0000][1982.689s][info ][safepoint   ] Safepoint "Cleanup", Time since last: 13029186436 ns, Reaching safepoint: 168615 ns, Cleanup: 40529 ns, At safepoint: 6603 ns, Total: 215747 ns
[2025-11-30T14:12:37.180+0000][2000.691s][debug][safepoint   ] Safepoint synchronization initiated using futex wait barrier. (238 threads)
[2025-11-30T14:12:37.181+0000][2000.692s][info ][safepoint   ] Safepoint "Cleanup", Time since last: 18002586035 ns, Reaching safepoint: 586184 ns, Cleanup: 29086 ns, At safepoint: 45640 ns, Total: 660910 ns
[2025-11-30T14:12:38.181+0000][2001.692s][debug][safepoint   ] Safepoint synchronization initiated using futex wait barrier. (239 threads)
[2025-11-30T14:12:38.181+0000][2001.692s][info ][safepoint   ] Safepoint "Cleanup", Time since last: 1000213918 ns, Reaching safepoint: 100958 ns, Cleanup: 14678 ns, At safepoint: 3728 ns, Total: 119364 ns
[2025-11-30T14:12:39.181+0000][2002.693s][debug][safepoint   ] Safepoint synchronization initiated using futex wait barrier. (239 threads)
[2025-11-30T14:12:39.182+0000][2002.693s][info ][safepoint   ] Safepoint "Cleanup", Time since last: 1000228922 ns, Reaching safepoint: 514976 ns, Cleanup: 18476 ns, At safepoint: 37874 ns, Total: 571326 ns
[2025-11-30T14:12:56.182+0000][2019.696s][debug][safepoint   ] Safepoint synchronization initiated using futex wait barrier. (240 threads)
[2025-11-30T14:12:56.182+0000][2019.696s][info ][safepoint   ] Safepoint "Cleanup", Time since last: 17002434765 ns, Reaching safepoint: 148740 ns, Cleanup: 21011 ns, At safepoint: 6132 ns, Total: 175883 ns
[2025-11-30T14:14:14.315+0000][2097.834s][debug][safepoint   ] Safepoint synchronization initiated using futex wait barrier. (233 threads)
[2025-11-30T14:14:14.328+0000][2097.847s][info ][gc,start    ] GC(90) Pause Young (Normal) (G1 Evacuation Pause)
[2025-11-30T14:14:14.328+0000][2097.848s][info ][gc,task     ] GC(90) Using 13 workers of 13 for evacuation
[2025-11-30T14:14:14.633+0000][2098.152s][info ][gc,phases   ] GC(90)   Pre Evacuate Collection Set: 23.2ms
[2025-11-30T14:14:14.633+0000][2098.152s][info ][gc,phases   ] GC(90)   Merge Heap Roots: 13.9ms
[2025-11-30T14:14:14.633+0000][2098.152s][info ][gc,phases   ] GC(90)   Evacuate Collection Set: 229.8ms
[2025-11-30T14:14:14.633+0000][2098.152s][info ][gc,phases   ] GC(90)   Post Evacuate Collection Set: 29.5ms
[2025-11-30T14:14:14.633+0000][2098.152s][info ][gc,phases   ] GC(90)   Other: 15.8ms
[2025-11-30T14:14:14.633+0000][2098.152s][info ][gc,heap     ] GC(90) Eden regions: 335->0(336)
[2025-11-30T14:14:14.633+0000][2098.152s][info ][gc,heap     ] GC(90) Survivor regions: 20->19(45)
[2025-11-30T14:14:14.633+0000][2098.152s][info ][gc,heap     ] GC(90) Old regions: 389->392
[2025-11-30T14:14:14.633+0000][2098.152s][info ][gc,heap     ] GC(90) Archive regions: 2->2
[2025-11-30T14:14:14.633+0000][2098.152s][info ][gc,heap     ] GC(90) Humongous regions: 13->13
[2025-11-30T14:14:14.633+0000][2098.153s][info ][gc,metaspace] GC(90) Metaspace: 201065K(202688K)->201065K(202688K) NonClass: 176718K(177600K)->176718K(177600K) Class: 24346K(25088K)->24346K(25088K)
[2025-11-30T14:14:14.634+0000][2098.153s][info ][gc          ] GC(90) Pause Young (Normal) (G1 Evacuation Pause) 756M->424M(870M) 305.734ms
[2025-11-30T14:14:14.634+0000][2098.153s][info ][gc,cpu      ] GC(90) User=3.32s Sys=0.00s Real=0.30s
[2025-11-30T14:14:14.635+0000][2098.155s][info ][safepoint   ] Safepoint "G1CollectForAllocation", Time since last: 78137942113 ns, Reaching safepoint: 4447099 ns, Cleanup: 598410 ns, At safepoint: 315850445 ns, Total: 320895954 ns
[2025-11-30T14:14:15.636+0000][2099.155s][debug][safepoint   ] Safepoint synchronization initiated using futex wait barrier. (233 threads)
[2025-11-30T14:14:15.636+0000][2099.155s][info ][safepoint   ] Safepoint "Cleanup", Time since last: 1000393628 ns, Reaching safepoint: 112569 ns, Cleanup: 44757 ns, At safepoint: 6833 ns, Total: 164159 ns
[2025-11-30T14:15:28.344+0000][2171.873s][debug][safepoint   ] Safepoint synchronization initiated using futex wait barrier. (230 threads)
[2025-11-30T14:15:28.346+0000][2171.875s][info ][safepoint   ] Safepoint "Cleanup", Time since last: 72717532063 ns, Reaching safepoint: 2185175 ns, Cleanup: 278982 ns, At safepoint: 25569 ns, Total: 2489726 ns
[2025-11-30T14:15:30.347+0000][2173.876s][debug][safepoint   ] Safepoint synchronization initiated using futex wait barrier. (230 threads)
[2025-11-30T14:15:30.347+0000][2173.876s][info ][safepoint   ] Safepoint "Cleanup", Time since last: 2000443426 ns, Reaching safepoint: 116276 ns, Cleanup: 15811 ns, At safepoint: 4098 ns, Total: 136185 ns
[2025-11-30T14:15:40.349+0000][2183.878s][debug][safepoint   ] Safepoint synchronization initiated using futex wait barrier. (230 threads)
[2025-11-30T14:15:40.349+0000][2183.878s][info ][safepoint   ] Safepoint "Cleanup", Time since last: 10001838848 ns, Reaching safepoint: 99063 ns, Cleanup: 17464 ns, At safepoint: 4599 ns, Total: 121126 ns
[2025-11-30T14:15:42.349+0000][2185.878s][debug][safepoint   ] Safepoint synchronization initiated using futex wait barrier. (236 threads)
[2025-11-30T14:15:42.350+0000][2185.879s][info ][safepoint   ] Safepoint "Cleanup", Time since last: 2000442852 ns, Reaching safepoint: 395080 ns, Cleanup: 270458 ns, At safepoint: 17213 ns, Total: 682751 ns
[2025-11-30T14:15:44.351+0000][2187.880s][debug][safepoint   ] Safepoint synchronization initiated using futex wait barrier. (238 threads)
[2025-11-30T14:15:44.351+0000][2187.880s][info ][safepoint   ] Safepoint "Cleanup", Time since last: 2001048488 ns, Reaching safepoint: 164271 ns, Cleanup: 53574 ns, At safepoint: 5992 ns, Total: 223837 ns
[2025-11-30T14:15:51.353+0000][2194.882s][debug][safepoint   ] Safepoint synchronization initiated using futex wait barrier. (237 threads)
[2025-11-30T14:15:51.353+0000][2194.882s][info ][safepoint   ] Safepoint "Cleanup", Time since last: 7001460808 ns, Reaching safepoint: 148009 ns, Cleanup: 21783 ns, At safepoint: 7935 ns, Total: 177727 ns
[2025-11-30T14:15:52.351+0000][2195.882s][debug][safepoint   ] Safepoint synchronization initiated using futex wait barrier. (237 threads)
[2025-11-30T14:15:52.351+0000][2195.882s][info ][safepoint   ] Safepoint "Cleanup", Time since last: 1000151911 ns, Reaching safepoint: 142358 ns, Cleanup: 31511 ns, At safepoint: 6753 ns, Total: 180622 ns
[2025-11-30T14:16:03.353+0000][2206.884s][debug][safepoint   ] Safepoint synchronization initiated using futex wait barrier. (236 threads)
[2025-11-30T14:16:03.353+0000][2206.884s][info ][safepoint   ] Safepoint "Cleanup", Time since last: 11001763598 ns, Reaching safepoint: 123751 ns, Cleanup: 19017 ns, At safepoint: 3417 ns, Total: 146185 ns
[2025-11-30T14:16:06.354+0000][2209.885s][debug][safepoint   ] Safepoint synchronization initiated using futex wait barrier. (236 threads)
[2025-11-30T14:16:06.354+0000][2209.885s][info ][safepoint   ] Safepoint "Cleanup", Time since last: 3000624170 ns, Reaching safepoint: 112720 ns, Cleanup: 15710 ns, At safepoint: 3327 ns, Total: 131757 ns
[2025-11-30T14:16:53.379+0000][2256.917s][debug][safepoint   ] Safepoint synchronization initiated using futex wait barrier. (237 threads)
[2025-11-30T14:16:53.384+0000][2256.922s][info ][safepoint   ] Safepoint "Cleanup", Time since last: 47032143932 ns, Reaching safepoint: 4656974 ns, Cleanup: 292591 ns, At safepoint: 44937 ns, Total: 4994502 ns
[2025-11-30T14:17:26.387+0000][2289.927s][debug][safepoint   ] Safepoint synchronization initiated using futex wait barrier. (231 threads)
[2025-11-30T14:17:26.389+0000][2289.929s][info ][safepoint   ] Safepoint "Cleanup", Time since last: 33004637813 ns, Reaching safepoint: 1873177 ns, Cleanup: 97190 ns, At safepoint: 101758 ns, Total: 2072125 ns
[2025-11-30T14:17:27.389+0000][2290.929s][debug][safepoint   ] Safepoint synchronization initiated using futex wait barrier. (235 threads)
[2025-11-30T14:17:27.389+0000][2290.929s][info ][safepoint   ] Safepoint "Cleanup", Time since last: 1000292324 ns, Reaching safepoint: 91308 ns, Cleanup: 164661 ns, At safepoint: 35830 ns, Total: 291799 ns
[2025-11-30T14:17:28.390+0000][2291.930s][debug][safepoint   ] Safepoint synchronization initiated using futex wait barrier. (236 threads)
[2025-11-30T14:17:28.390+0000][2291.930s][info ][safepoint   ] Safepoint "Cleanup", Time since last: 1000418320 ns, Reaching safepoint: 153870 ns, Cleanup: 21301 ns, At safepoint: 5531 ns, Total: 180702 ns
[2025-11-30T14:17:29.390+0000][2292.930s][debug][safepoint   ] Safepoint synchronization initiated using futex wait barrier. (236 threads)
[2025-11-30T14:17:29.390+0000][2292.930s][info ][safepoint   ] Safepoint "Cleanup", Time since last: 1000181396 ns, Reaching safepoint: 80237 ns, Cleanup: 23395 ns, At safepoint: 4038 ns, Total: 107670 ns
[2025-11-30T14:17:50.394+0000][2313.934s][debug][safepoint   ] Safepoint synchronization initiated using futex wait barrier. (236 threads)
[2025-11-30T14:17:50.394+0000][2313.934s][info ][safepoint   ] Safepoint "Cleanup", Time since last: 21003716817 ns, Reaching safepoint: 158745 ns, Cleanup: 18889 ns, At safepoint: 4820 ns, Total: 182454 ns
[2025-11-30T14:17:51.394+0000][2314.934s][debug][safepoint   ] Safepoint synchronization initiated using futex wait barrier. (236 threads)
[2025-11-30T14:17:51.394+0000][2314.934s][info ][safepoint   ] Safepoint "Cleanup", Time since last: 1000147927 ns, Reaching safepoint: 95285 ns, Cleanup: 15721 ns, At safepoint: 4929 ns, Total: 115935 ns
[2025-11-30T14:18:00.394+0000][2323.936s][debug][safepoint   ] Safepoint synchronization initiated using futex wait barrier. (235 threads)
[2025-11-30T14:18:00.396+0000][2323.938s][info ][safepoint   ] Safepoint "Cleanup", Time since last: 9001962289 ns, Reaching safepoint: 1222030 ns, Cleanup: 42233 ns, At safepoint: 589014 ns, Total: 1853277 ns
[2025-11-30T14:18:02.396+0000][2325.939s][debug][safepoint   ] Safepoint synchronization initiated using futex wait barrier. (235 threads)
[2025-11-30T14:18:02.396+0000][2325.939s][info ][safepoint   ] Safepoint "Cleanup", Time since last: 2000408892 ns, Reaching safepoint: 84356 ns, Cleanup: 13076 ns, At safepoint: 3547 ns, Total: 100979 ns
[2025-11-30T14:18:04.397+0000][2327.939s][debug][safepoint   ] Safepoint synchronization initiated using futex wait barrier. (235 threads)
[2025-11-30T14:18:04.397+0000][2327.939s][info ][safepoint   ] Safepoint "Cleanup", Time since last: 2000309868 ns, Reaching safepoint: 108685 ns, Cleanup: 20741 ns, At safepoint: 5361 ns, Total: 134787 ns
[2025-11-30T14:18:47.078+0000][2370.624s][debug][safepoint   ] Safepoint synchronization initiated using futex wait barrier. (229 threads)
[2025-11-30T14:18:47.087+0000][2370.634s][info ][gc,start    ] GC(91) Pause Young (Normal) (G1 Evacuation Pause)
[2025-11-30T14:18:47.088+0000][2370.635s][info ][gc,task     ] GC(91) Using 13 workers of 13 for evacuation
[2025-11-30T14:18:47.343+0000][2370.889s][info ][gc,phases   ] GC(91)   Pre Evacuate Collection Set: 16.4ms
[2025-11-30T14:18:47.343+0000][2370.889s][info ][gc,phases   ] GC(91)   Merge Heap Roots: 17.9ms
[2025-11-30T14:18:47.343+0000][2370.889s][info ][gc,phases   ] GC(91)   Evacuate Collection Set: 176.8ms
[2025-11-30T14:18:47.343+0000][2370.889s][info ][gc,phases   ] GC(91)   Post Evacuate Collection Set: 34.0ms
[2025-11-30T14:18:47.343+0000][2370.889s][info ][gc,phases   ] GC(91)   Other: 18.2ms
[2025-11-30T14:18:47.343+0000][2370.889s][info ][gc,heap     ] GC(91) Eden regions: 336->0(340)
[2025-11-30T14:18:47.343+0000][2370.889s][info ][gc,heap     ] GC(91) Survivor regions: 19->14(45)
[2025-11-30T14:18:47.343+0000][2370.889s][info ][gc,heap     ] GC(91) Old regions: 392->397
[2025-11-30T14:18:47.343+0000][2370.889s][info ][gc,heap     ] GC(91) Archive regions: 2->2
[2025-11-30T14:18:47.343+0000][2370.889s][info ][gc,heap     ] GC(91) Humongous regions: 13->13
[2025-11-30T14:18:47.343+0000][2370.890s][info ][gc,metaspace] GC(91) Metaspace: 201229K(202816K)->201229K(202816K) NonClass: 176878K(177728K)->176878K(177728K) Class: 24351K(25088K)->24351K(25088K)
[2025-11-30T14:18:47.344+0000][2370.890s][info ][gc          ] GC(91) Pause Young (Normal) (G1 Evacuation Pause) 760M->424M(870M) 256.112ms
[2025-11-30T14:18:47.344+0000][2370.890s][info ][gc,cpu      ] GC(91) User=2.54s Sys=0.01s Real=0.26s
[2025-11-30T14:18:47.346+0000][2370.892s][info ][safepoint   ] Safepoint "G1CollectForAllocation", Time since last: 42685408605 ns, Reaching safepoint: 112037 ns, Cleanup: 74424 ns, At safepoint: 267307504 ns, Total: 267493965 ns
[2025-11-30T14:19:21.489+0000][2405.039s][debug][safepoint   ] Safepoint synchronization initiated using futex wait barrier. (229 threads)
[2025-11-30T14:19:21.490+0000][2405.039s][info ][safepoint   ] Safepoint "Cleanup", Time since last: 34146806767 ns, Reaching safepoint: 96991 ns, Cleanup: 16132 ns, At safepoint: 4880 ns, Total: 118003 ns
[2025-11-30T14:20:04.489+0000][2448.045s][debug][safepoint   ] Safepoint synchronization initiated using futex wait barrier. (229 threads)
[2025-11-30T14:20:04.489+0000][2448.045s][info ][safepoint   ] Safepoint "Cleanup", Time since last: 43006467341 ns, Reaching safepoint: 107923 ns, Cleanup: 16613 ns, At safepoint: 3898 ns, Total: 128434 ns
[2025-11-30T14:20:10.490+0000][2454.046s][debug][safepoint   ] Safepoint synchronization initiated using futex wait barrier. (229 threads)
[2025-11-30T14:20:10.490+0000][2454.047s][info ][safepoint   ] Safepoint "Cleanup", Time since last: 6000874978 ns, Reaching safepoint: 146440 ns, Cleanup: 15330 ns, At safepoint: 4188 ns, Total: 165958 ns
[2025-11-30T14:20:12.491+0000][2456.047s][debug][safepoint   ] Safepoint synchronization initiated using futex wait barrier. (229 threads)
[2025-11-30T14:20:12.491+0000][2456.047s][info ][safepoint   ] Safepoint "Cleanup", Time since last: 2000339466 ns, Reaching safepoint: 106371 ns, Cleanup: 17424 ns, At safepoint: 4950 ns, Total: 128745 ns
[2025-11-30T14:20:20.492+0000][2464.048s][debug][safepoint   ] Safepoint synchronization initiated using futex wait barrier. (229 threads)
[2025-11-30T14:20:20.492+0000][2464.048s][info ][safepoint   ] Safepoint "Cleanup", Time since last: 8001201821 ns, Reaching safepoint: 167648 ns, Cleanup: 14118 ns, At safepoint: 7013 ns, Total: 188779 ns
[2025-11-30T14:20:22.490+0000][2466.049s][debug][safepoint   ] Safepoint synchronization initiated using futex wait barrier. (229 threads)
[2025-11-30T14:20:22.490+0000][2466.049s][info ][safepoint   ] Safepoint "Cleanup", Time since last: 2000391751 ns, Reaching safepoint: 164322 ns, Cleanup: 16993 ns, At safepoint: 4579 ns, Total: 185894 ns
[2025-11-30T14:20:24.490+0000][2468.049s][debug][safepoint   ] Safepoint synchronization initiated using futex wait barrier. (229 threads)
[2025-11-30T14:20:24.490+0000][2468.050s][info ][safepoint   ] Safepoint "Cleanup", Time since last: 2000415738 ns, Reaching safepoint: 175830 ns, Cleanup: 13816 ns, At safepoint: 4689 ns, Total: 194335 ns
[2025-11-30T14:20:42.493+0000][2486.052s][debug][safepoint   ] Safepoint synchronization initiated using futex wait barrier. (229 threads)
[2025-11-30T14:20:42.494+0000][2486.053s][info ][safepoint   ] Safepoint "Cleanup", Time since last: 18002822213 ns, Reaching safepoint: 153533 ns, Cleanup: 129706 ns, At safepoint: 14739 ns, Total: 297978 ns
[2025-11-30T14:20:50.495+0000][2494.054s][debug][safepoint   ] Safepoint synchronization initiated using futex wait barrier. (229 threads)
[2025-11-30T14:20:50.495+0000][2494.054s][info ][safepoint   ] Safepoint "Cleanup", Time since last: 8001269464 ns, Reaching safepoint: 115816 ns, Cleanup: 16853 ns, At safepoint: 5591 ns, Total: 138260 ns
[2025-11-30T14:22:36.581+0000][2600.152s][debug][safepoint   ] Safepoint synchronization initiated using futex wait barrier. (228 threads)
[2025-11-30T14:22:36.582+0000][2600.153s][info ][safepoint   ] Safepoint "Cleanup", Time since last: 106098122446 ns, Reaching safepoint: 508021 ns, Cleanup: 22815 ns, At safepoint: 13085 ns, Total: 543921 ns
[2025-11-30T14:22:40.583+0000][2604.154s][debug][safepoint   ] Safepoint synchronization initiated using futex wait barrier. (228 threads)
[2025-11-30T14:22:40.584+0000][2604.156s][info ][safepoint   ] Safepoint "Cleanup", Time since last: 4000947482 ns, Reaching safepoint: 1647268 ns, Cleanup: 143993 ns, At safepoint: 33516 ns, Total: 1824777 ns
[2025-11-30T14:22:54.583+0000][2618.158s][debug][safepoint   ] Safepoint synchronization initiated using futex wait barrier. (228 threads)
[2025-11-30T14:22:54.583+0000][2618.158s][info ][safepoint   ] Safepoint "Cleanup", Time since last: 14002135852 ns, Reaching safepoint: 107249 ns, Cleanup: 15410 ns, At safepoint: 3446 ns, Total: 126105 ns
[2025-11-30T14:23:20.587+0000][2644.162s][debug][safepoint   ] Safepoint synchronization initiated using futex wait barrier. (233 threads)
[2025-11-30T14:23:20.588+0000][2644.163s][info ][safepoint   ] Safepoint "Cleanup", Time since last: 26004142829 ns, Reaching safepoint: 1214324 ns, Cleanup: 20370 ns, At safepoint: 167629 ns, Total: 1402323 ns
[2025-11-30T14:23:21.588+0000][2645.164s][debug][safepoint   ] Safepoint synchronization initiated using futex wait barrier. (245 threads)
[2025-11-30T14:23:21.589+0000][2645.164s][info ][safepoint   ] Safepoint "Cleanup", Time since last: 1000207030 ns, Reaching safepoint: 94987 ns, Cleanup: 106449 ns, At safepoint: 6723 ns, Total: 208159 ns
[2025-11-30T14:23:22.586+0000][2646.164s][debug][safepoint   ] Safepoint synchronization initiated using futex wait barrier. (246 threads)
[2025-11-30T14:23:22.587+0000][2646.164s][info ][safepoint   ] Safepoint "Cleanup", Time since last: 1000164259 ns, Reaching safepoint: 126639 ns, Cleanup: 19268 ns, At safepoint: 3186 ns, Total: 149093 ns
[2025-11-30T14:23:25.587+0000][2649.165s][debug][safepoint   ] Safepoint synchronization initiated using futex wait barrier. (246 threads)
[2025-11-30T14:23:25.588+0000][2649.165s][info ][safepoint   ] Safepoint "Cleanup", Time since last: 3000905016 ns, Reaching safepoint: 147720 ns, Cleanup: 14809 ns, At safepoint: 3126 ns, Total: 165655 ns
[2025-11-30T14:23:28.963+0000][2652.541s][debug][safepoint   ] Safepoint synchronization initiated using futex wait barrier. (246 threads)
[2025-11-30T14:23:28.968+0000][2652.546s][info ][gc,start    ] GC(92) Pause Young (Normal) (G1 Evacuation Pause)
[2025-11-30T14:23:28.968+0000][2652.546s][info ][gc,task     ] GC(92) Using 13 workers of 13 for evacuation
[2025-11-30T14:23:29.148+0000][2652.725s][info ][gc,phases   ] GC(92)   Pre Evacuate Collection Set: 9.3ms
[2025-11-30T14:23:29.148+0000][2652.726s][info ][gc,phases   ] GC(92)   Merge Heap Roots: 6.5ms
[2025-11-30T14:23:29.148+0000][2652.726s][info ][gc,phases   ] GC(92)   Evacuate Collection Set: 129.2ms
[2025-11-30T14:23:29.148+0000][2652.726s][info ][gc,phases   ] GC(92)   Post Evacuate Collection Set: 29.2ms
[2025-11-30T14:23:29.148+0000][2652.726s][info ][gc,phases   ] GC(92)   Other: 9.9ms
[2025-11-30T14:23:29.148+0000][2652.726s][info ][gc,heap     ] GC(92) Eden regions: 340->0(343)
[2025-11-30T14:23:29.148+0000][2652.726s][info ][gc,heap     ] GC(92) Survivor regions: 14->11(45)
[2025-11-30T14:23:29.148+0000][2652.726s][info ][gc,heap     ] GC(92) Old regions: 397->400
[2025-11-30T14:23:29.148+0000][2652.726s][info ][gc,heap     ] GC(92) Archive regions: 2->2
[2025-11-30T14:23:29.148+0000][2652.726s][info ][gc,heap     ] GC(92) Humongous regions: 13->13
[2025-11-30T14:23:29.148+0000][2652.726s][info ][gc,metaspace] GC(92) Metaspace: 201335K(202944K)->201335K(202944K) NonClass: 176981K(177856K)->176981K(177856K) Class: 24353K(25088K)->24353K(25088K)
[2025-11-30T14:23:29.149+0000][2652.726s][info ][gc          ] GC(92) Pause Young (Normal) (G1 Evacuation Pause) 764M->424M(870M) 180.513ms
[2025-11-30T14:23:29.149+0000][2652.726s][info ][gc,cpu      ] GC(92) User=2.00s Sys=0.00s Real=0.18s
[2025-11-30T14:23:29.150+0000][2652.728s][info ][safepoint   ] Safepoint "G1CollectForAllocation", Time since last: 3375511692 ns, Reaching safepoint: 143511 ns, Cleanup: 69136 ns, At safepoint: 187027119 ns, Total: 187239766 ns
[2025-11-30T14:24:00.152+0000][2683.733s][debug][safepoint   ] Safepoint synchronization initiated using futex wait barrier. (245 threads)
[2025-11-30T14:24:00.152+0000][2683.733s][info ][safepoint   ] Safepoint "Cleanup", Time since last: 31004797557 ns, Reaching safepoint: 165996 ns, Cleanup: 25991 ns, At safepoint: 4990 ns, Total: 196977 ns
[2025-11-30T14:24:14.155+0000][2697.736s][debug][safepoint   ] Safepoint synchronization initiated using futex wait barrier. (245 threads)
[2025-11-30T14:24:14.155+0000][2697.736s][info ][safepoint   ] Safepoint "Cleanup", Time since last: 14002888919 ns, Reaching safepoint: 139615 ns, Cleanup: 15670 ns, At safepoint: 5652 ns, Total: 160937 ns
[2025-11-30T14:24:18.155+0000][2701.737s][debug][safepoint   ] Safepoint synchronization initiated using futex wait barrier. (245 threads)
[2025-11-30T14:24:18.158+0000][2701.739s][info ][safepoint   ] Safepoint "Cleanup", Time since last: 4000629697 ns, Reaching safepoint: 2279608 ns, Cleanup: 15130 ns, At safepoint: 83764 ns, Total: 2378502 ns
[2025-11-30T14:24:58.647+0000][2742.234s][debug][safepoint   ] Safepoint synchronization initiated using futex wait barrier. (239 threads)
[2025-11-30T14:24:58.653+0000][2742.239s][info ][safepoint   ] Safepoint "Cleanup", Time since last: 40494868983 ns, Reaching safepoint: 2242282 ns, Cleanup: 2707845 ns, At safepoint: 391939 ns, Total: 5342066 ns
[2025-11-30T14:25:13.655+0000][2757.242s][debug][safepoint   ] Safepoint synchronization initiated using futex wait barrier. (241 threads)
[2025-11-30T14:25:13.655+0000][2757.242s][info ][safepoint   ] Safepoint "Cleanup", Time since last: 15002675093 ns, Reaching safepoint: 152810 ns, Cleanup: 20380 ns, At safepoint: 4139 ns, Total: 177329 ns
[2025-11-30T14:25:15.656+0000][2759.242s][debug][safepoint   ] Safepoint synchronization initiated using futex wait barrier. (241 threads)
[2025-11-30T14:25:15.656+0000][2759.243s][info ][safepoint   ] Safepoint "Cleanup", Time since last: 2000468946 ns, Reaching safepoint: 103003 ns, Cleanup: 17334 ns, At safepoint: 3907 ns, Total: 124244 ns
[2025-11-30T14:25:50.682+0000][2794.272s][debug][safepoint   ] Safepoint synchronization initiated using futex wait barrier. (241 threads)
[2025-11-30T14:25:50.686+0000][2794.276s][info ][safepoint   ] Safepoint "Cleanup", Time since last: 35029881647 ns, Reaching safepoint: 3402839 ns, Cleanup: 21112 ns, At safepoint: 225021 ns, Total: 3648972 ns
[2025-11-30T14:25:55.684+0000][2799.277s][debug][safepoint   ] Safepoint synchronization initiated using futex wait barrier. (242 threads)
[2025-11-30T14:25:55.685+0000][2799.278s][info ][safepoint   ] Safepoint "Cleanup", Time since last: 5000844838 ns, Reaching safepoint: 777445 ns, Cleanup: 18467 ns, At safepoint: 191966 ns, Total: 987878 ns
[2025-11-30T14:25:58.686+0000][2802.278s][debug][safepoint   ] Safepoint synchronization initiated using futex wait barrier. (242 threads)
[2025-11-30T14:25:58.686+0000][2802.279s][info ][safepoint   ] Safepoint "Cleanup", Time since last: 3000477185 ns, Reaching safepoint: 118702 ns, Cleanup: 13557 ns, At safepoint: 4629 ns, Total: 136888 ns
[2025-11-30T14:26:04.687+0000][2808.280s][debug][safepoint   ] Safepoint synchronization initiated using futex wait barrier. (242 threads)
[2025-11-30T14:26:04.687+0000][2808.280s][info ][safepoint   ] Safepoint "Cleanup", Time since last: 6000957471 ns, Reaching safepoint: 110066 ns, Cleanup: 16122 ns, At safepoint: 5641 ns, Total: 131829 ns
[2025-11-30T14:26:50.715+0000][2854.311s][debug][safepoint   ] Safepoint synchronization initiated using futex wait barrier. (242 threads)
[2025-11-30T14:26:50.715+0000][2854.311s][info ][safepoint   ] Safepoint "Cleanup", Time since last: 46031147869 ns, Reaching safepoint: 229174 ns, Cleanup: 17494 ns, At safepoint: 5541 ns, Total: 252209 ns
[2025-11-30T14:26:54.712+0000][2858.312s][debug][safepoint   ] Safepoint synchronization initiated using futex wait barrier. (242 threads)
[2025-11-30T14:26:54.713+0000][2858.312s][info ][safepoint   ] Safepoint "Cleanup", Time since last: 4000572769 ns, Reaching safepoint: 154660 ns, Cleanup: 150993 ns, At safepoint: 6662 ns, Total: 312315 ns
[2025-11-30T14:27:15.722+0000][2879.322s][debug][safepoint   ] Safepoint synchronization initiated using futex wait barrier. (236 threads)
[2025-11-30T14:27:15.723+0000][2879.322s][info ][safepoint   ] Safepoint "Cleanup", Time since last: 21009679714 ns, Reaching safepoint: 606259 ns, Cleanup: 56461 ns, At safepoint: 61711 ns, Total: 724431 ns
[2025-11-30T14:27:24.742+0000][2888.346s][debug][safepoint   ] Safepoint synchronization initiated using futex wait barrier. (236 threads)
[2025-11-30T14:27:24.743+0000][2888.347s][info ][safepoint   ] Safepoint "Cleanup", Time since last: 9023379959 ns, Reaching safepoint: 1027930 ns, Cleanup: 19468 ns, At safepoint: 367749 ns, Total: 1415147 ns
[2025-11-30T14:27:45.746+0000][2909.350s][debug][safepoint   ] Safepoint synchronization initiated using futex wait barrier. (236 threads)
[2025-11-30T14:27:45.746+0000][2909.351s][info ][safepoint   ] Safepoint "Cleanup", Time since last: 21003152519 ns, Reaching safepoint: 222427 ns, Cleanup: 24197 ns, At safepoint: 8316 ns, Total: 254940 ns
[2025-11-30T14:27:47.747+0000][2911.351s][debug][safepoint   ] Safepoint synchronization initiated using futex wait barrier. (236 threads)
[2025-11-30T14:27:47.747+0000][2911.351s][info ][safepoint   ] Safepoint "Cleanup", Time since last: 2000433844 ns, Reaching safepoint: 189641 ns, Cleanup: 90929 ns, At safepoint: 9228 ns, Total: 289798 ns
[2025-11-30T14:27:50.747+0000][2914.352s][debug][safepoint   ] Safepoint synchronization initiated using futex wait barrier. (236 threads)
[2025-11-30T14:27:50.748+0000][2914.352s][info ][safepoint   ] Safepoint "Cleanup", Time since last: 3000385919 ns, Reaching safepoint: 338814 ns, Cleanup: 22505 ns, At safepoint: 7414 ns, Total: 368733 ns
[2025-11-30T14:28:01.561+0000][2925.166s][debug][safepoint   ] Safepoint synchronization initiated using futex wait barrier. (232 threads)
[2025-11-30T14:28:01.568+0000][2925.174s][info ][gc,start    ] GC(93) Pause Young (Normal) (G1 Evacuation Pause)
[2025-11-30T14:28:01.569+0000][2925.174s][info ][gc,task     ] GC(93) Using 13 workers of 13 for evacuation
[2025-11-30T14:28:01.788+0000][2925.393s][info ][gc,phases   ] GC(93)   Pre Evacuate Collection Set: 14.9ms
[2025-11-30T14:28:01.788+0000][2925.393s][info ][gc,phases   ] GC(93)   Merge Heap Roots: 10.9ms
[2025-11-30T14:28:01.788+0000][2925.393s][info ][gc,phases   ] GC(93)   Evacuate Collection Set: 166.9ms
[2025-11-30T14:28:01.788+0000][2925.393s][info ][gc,phases   ] GC(93)   Post Evacuate Collection Set: 20.5ms
[2025-11-30T14:28:01.788+0000][2925.393s][info ][gc,phases   ] GC(93)   Other: 13.3ms
[2025-11-30T14:28:01.788+0000][2925.393s][info ][gc,heap     ] GC(93) Eden regions: 343->0(344)
[2025-11-30T14:28:01.788+0000][2925.393s][info ][gc,heap     ] GC(93) Survivor regions: 11->11(45)
[2025-11-30T14:28:01.788+0000][2925.393s][info ][gc,heap     ] GC(93) Old regions: 400->401
[2025-11-30T14:28:01.788+0000][2925.393s][info ][gc,heap     ] GC(93) Archive regions: 2->2
[2025-11-30T14:28:01.788+0000][2925.393s][info ][gc,heap     ] GC(93) Humongous regions: 13->13
[2025-11-30T14:28:01.788+0000][2925.394s][info ][gc,metaspace] GC(93) Metaspace: 201409K(203072K)->201409K(203072K) NonClass: 177053K(177920K)->177053K(177920K) Class: 24355K(25152K)->24355K(25152K)
[2025-11-30T14:28:01.788+0000][2925.394s][info ][gc          ] GC(93) Pause Young (Normal) (G1 Evacuation Pause) 767M->424M(870M) 220.077ms
[2025-11-30T14:28:01.788+0000][2925.394s][info ][gc,cpu      ] GC(93) User=1.71s Sys=0.01s Real=0.22s
[2025-11-30T14:28:01.790+0000][2925.395s][info ][safepoint   ] Safepoint "G1CollectForAllocation", Time since last: 10813964777 ns, Reaching safepoint: 134063 ns, Cleanup: 78463 ns, At safepoint: 229259610 ns, Total: 229472136 ns
[2025-11-30T14:29:47.812+0000][3031.426s][debug][safepoint   ] Safepoint synchronization initiated using futex wait barrier. (233 threads)
[2025-11-30T14:29:47.812+0000][3031.426s][info ][safepoint   ] Safepoint "Cleanup", Time since last: 106030048776 ns, Reaching safepoint: 256622 ns, Cleanup: 85468 ns, At safepoint: 15991 ns, Total: 358081 ns
[2025-11-30T14:30:05.812+0000][3049.429s][debug][safepoint   ] Safepoint synchronization initiated using futex wait barrier. (230 threads)
[2025-11-30T14:30:05.812+0000][3049.429s][info ][safepoint   ] Safepoint "Cleanup", Time since last: 18002813370 ns, Reaching safepoint: 127460 ns, Cleanup: 17925 ns, At safepoint: 3918 ns, Total: 149303 ns
[2025-11-30T14:31:06.816+0000][3110.438s][debug][safepoint   ] Safepoint synchronization initiated using futex wait barrier. (231 threads)
[2025-11-30T14:31:06.817+0000][3110.439s][info ][safepoint   ] Safepoint "Cleanup", Time since last: 61008975841 ns, Reaching safepoint: 1300001 ns, Cleanup: 27363 ns, At safepoint: 115717 ns, Total: 1443081 ns
[2025-11-30T14:31:50.819+0000][3154.446s][debug][safepoint   ] Safepoint synchronization initiated using futex wait barrier. (231 threads)
[2025-11-30T14:31:50.819+0000][3154.446s][info ][safepoint   ] Safepoint "Cleanup", Time since last: 44006699825 ns, Reaching safepoint: 249329 ns, Cleanup: 19578 ns, At safepoint: 6392 ns, Total: 275299 ns
[2025-11-30T14:32:37.826+0000][3201.457s][debug][safepoint   ] Safepoint synchronization initiated using futex wait barrier. (230 threads)
[2025-11-30T14:32:37.832+0000][3201.463s][info ][safepoint   ] Safepoint "Cleanup", Time since last: 47010663201 ns, Reaching safepoint: 4871109 ns, Cleanup: 880141 ns, At safepoint: 227495 ns, Total: 5978745 ns
[2025-11-30T14:32:51.055+0000][3214.686s][debug][safepoint   ] Safepoint synchronization initiated using futex wait barrier. (230 threads)
[2025-11-30T14:32:51.060+0000][3214.691s][info ][gc,start    ] GC(94) Pause Young (Normal) (G1 Evacuation Pause)
[2025-11-30T14:32:51.061+0000][3214.692s][info ][gc,task     ] GC(94) Using 13 workers of 13 for evacuation
[2025-11-30T14:32:51.251+0000][3214.882s][info ][gc,phases   ] GC(94)   Pre Evacuate Collection Set: 14.4ms
[2025-11-30T14:32:51.251+0000][3214.882s][info ][gc,phases   ] GC(94)   Merge Heap Roots: 7.6ms
[2025-11-30T14:32:51.251+0000][3214.882s][info ][gc,phases   ] GC(94)   Evacuate Collection Set: 136.0ms
[2025-11-30T14:32:51.251+0000][3214.882s][info ][gc,phases   ] GC(94)   Post Evacuate Collection Set: 24.8ms
[2025-11-30T14:32:51.251+0000][3214.882s][info ][gc,phases   ] GC(94)   Other: 12.0ms
[2025-11-30T14:32:51.251+0000][3214.882s][info ][gc,heap     ] GC(94) Eden regions: 344->0(345)
[2025-11-30T14:32:51.251+0000][3214.882s][info ][gc,heap     ] GC(94) Survivor regions: 11->11(45)
[2025-11-30T14:32:51.251+0000][3214.882s][info ][gc,heap     ] GC(94) Old regions: 401->401
[2025-11-30T14:32:51.251+0000][3214.882s][info ][gc,heap     ] GC(94) Archive regions: 2->2
[2025-11-30T14:32:51.251+0000][3214.882s][info ][gc,heap     ] GC(94) Humongous regions: 13->13
[2025-11-30T14:32:51.251+0000][3214.882s][info ][gc,metaspace] GC(94) Metaspace: 201443K(203072K)->201443K(203072K) NonClass: 177087K(177920K)->177087K(177920K) Class: 24355K(25152K)->24355K(25152K)
[2025-11-30T14:32:51.251+0000][3214.882s][info ][gc          ] GC(94) Pause Young (Normal) (G1 Evacuation Pause) 768M->424M(870M) 190.883ms
[2025-11-30T14:32:51.251+0000][3214.882s][info ][gc,cpu      ] GC(94) User=1.58s Sys=0.00s Real=0.19s
[2025-11-30T14:32:51.253+0000][3214.884s][info ][safepoint   ] Safepoint "G1CollectForAllocation", Time since last: 13223235767 ns, Reaching safepoint: 346482 ns, Cleanup: 61608 ns, At safepoint: 197757141 ns, Total: 198165231 ns
[2025-11-30T14:33:09.252+0000][3232.887s][debug][safepoint   ] Safepoint synchronization initiated using futex wait barrier. (230 threads)
[2025-11-30T14:33:09.252+0000][3232.887s][info ][safepoint   ] Safepoint "Cleanup", Time since last: 18002991290 ns, Reaching safepoint: 88202 ns, Cleanup: 13567 ns, At safepoint: 3887 ns, Total: 105656 ns
[2025-11-30T14:33:51.258+0000][3274.895s][debug][safepoint   ] Safepoint synchronization initiated using futex wait barrier. (230 threads)
[2025-11-30T14:33:51.263+0000][3274.900s][info ][safepoint   ] Safepoint "Cleanup", Time since last: 42007731609 ns, Reaching safepoint: 4708827 ns, Cleanup: 332761 ns, At safepoint: 163511 ns, Total: 5205099 ns
[2025-11-30T14:34:10.263+0000][3293.904s][debug][safepoint   ] Safepoint synchronization initiated using futex wait barrier. (230 threads)
[2025-11-30T14:34:10.269+0000][3293.910s][info ][safepoint   ] Safepoint "Cleanup", Time since last: 19003805485 ns, Reaching safepoint: 5613589 ns, Cleanup: 27875 ns, At safepoint: 553857 ns, Total: 6195321 ns
[2025-11-30T14:35:10.996+0000][3354.642s][debug][safepoint   ] Safepoint synchronization initiated using futex wait barrier. (231 threads)
[2025-11-30T14:35:10.997+0000][3354.643s][info ][safepoint   ] Safepoint "Cleanup", Time since last: 60731944386 ns, Reaching safepoint: 496505 ns, Cleanup: 189562 ns, At safepoint: 16543 ns, Total: 702610 ns
[2025-11-30T14:35:51.000+0000][3394.649s][debug][safepoint   ] Safepoint synchronization initiated using futex wait barrier. (231 threads)
[2025-11-30T14:35:51.001+0000][3394.650s][info ][safepoint   ] Safepoint "Cleanup", Time since last: 40006315442 ns, Reaching safepoint: 458106 ns, Cleanup: 196565 ns, At safepoint: 9669 ns, Total: 664340 ns
[2025-11-30T14:36:22.002+0000][3425.655s][debug][safepoint   ] Safepoint synchronization initiated using futex wait barrier. (231 threads)
[2025-11-30T14:36:22.003+0000][3425.655s][info ][safepoint   ] Safepoint "Cleanup", Time since last: 31004654988 ns, Reaching safepoint: 146134 ns, Cleanup: 300626 ns, At safepoint: 11553 ns, Total: 458313 ns
[2025-11-30T14:36:51.005+0000][3454.660s][debug][safepoint   ] Safepoint synchronization initiated using futex wait barrier. (231 threads)
[2025-11-30T14:36:51.005+0000][3454.660s][info ][safepoint   ] Safepoint "Cleanup", Time since last: 29004519662 ns, Reaching safepoint: 338030 ns, Cleanup: 135405 ns, At safepoint: 14278 ns, Total: 487713 ns
[2025-11-30T14:37:39.508+0000][3503.169s][debug][safepoint   ] Safepoint synchronization initiated using futex wait barrier. (229 threads)
[2025-11-30T14:37:39.517+0000][3503.178s][info ][gc,start    ] GC(95) Pause Young (Normal) (G1 Evacuation Pause)
[2025-11-30T14:37:39.517+0000][3503.178s][info ][gc,task     ] GC(95) Using 13 workers of 13 for evacuation
[2025-11-30T14:37:39.804+0000][3503.465s][info ][gc,phases   ] GC(95)   Pre Evacuate Collection Set: 19.0ms
[2025-11-30T14:37:39.804+0000][3503.465s][info ][gc,phases   ] GC(95)   Merge Heap Roots: 14.2ms
[2025-11-30T14:37:39.804+0000][3503.465s][info ][gc,phases   ] GC(95)   Evacuate Collection Set: 212.3ms
[2025-11-30T14:37:39.804+0000][3503.465s][info ][gc,phases   ] GC(95)   Post Evacuate Collection Set: 31.8ms
[2025-11-30T14:37:39.804+0000][3503.465s][info ][gc,phases   ] GC(95)   Other: 16.5ms
[2025-11-30T14:37:39.804+0000][3503.465s][info ][gc,heap     ] GC(95) Eden regions: 345->0(347)
[2025-11-30T14:37:39.804+0000][3503.465s][info ][gc,heap     ] GC(95) Survivor regions: 11->10(45)
[2025-11-30T14:37:39.804+0000][3503.465s][info ][gc,heap     ] GC(95) Old regions: 401->401
[2025-11-30T14:37:39.804+0000][3503.465s][info ][gc,heap     ] GC(95) Archive regions: 2->2
[2025-11-30T14:37:39.804+0000][3503.465s][info ][gc,heap     ] GC(95) Humongous regions: 13->13
[2025-11-30T14:37:39.804+0000][3503.465s][info ][gc,metaspace] GC(95) Metaspace: 201466K(203072K)->201466K(203072K) NonClass: 177110K(177920K)->177110K(177920K) Class: 24355K(25152K)->24355K(25152K)
[2025-11-30T14:37:39.804+0000][3503.465s][info ][gc          ] GC(95) Pause Young (Normal) (G1 Evacuation Pause) 769M->424M(870M) 287.490ms
[2025-11-30T14:37:39.804+0000][3503.465s][info ][gc,cpu      ] GC(95) User=2.46s Sys=0.00s Real=0.29s
[2025-11-30T14:37:39.806+0000][3503.467s][info ][safepoint   ] Safepoint "G1CollectForAllocation", Time since last: 48509097864 ns, Reaching safepoint: 247715 ns, Cleanup: 54948 ns, At safepoint: 297649767 ns, Total: 297952430 ns
[2025-11-30T14:37:40.806+0000][3504.467s][debug][safepoint   ] Safepoint synchronization initiated using futex wait barrier. (229 threads)
[2025-11-30T14:37:40.807+0000][3504.468s][info ][safepoint   ] Safepoint "Cleanup", Time since last: 1000254309 ns, Reaching safepoint: 79425 ns, Cleanup: 57913 ns, At safepoint: 5211 ns, Total: 142549 ns
[2025-11-30T14:38:22.809+0000][3546.476s][debug][safepoint   ] Safepoint synchronization initiated using futex wait barrier. (231 threads)
[2025-11-30T14:38:22.809+0000][3546.476s][info ][safepoint   ] Safepoint "Cleanup", Time since last: 42008227320 ns, Reaching safepoint: 207163 ns, Cleanup: 15480 ns, At safepoint: 4388 ns, Total: 227031 ns
[2025-11-30T14:38:42.812+0000][3566.479s][debug][safepoint   ] Safepoint synchronization initiated using futex wait barrier. (231 threads)
[2025-11-30T14:38:42.813+0000][3566.479s][info ][safepoint   ] Safepoint "Cleanup", Time since last: 20003125418 ns, Reaching safepoint: 133291 ns, Cleanup: 15541 ns, At safepoint: 37723 ns, Total: 186555 ns
[2025-11-30T14:38:47.814+0000][3571.480s][debug][safepoint   ] Safepoint synchronization initiated using futex wait barrier. (231 threads)
[2025-11-30T14:38:47.814+0000][3571.481s][info ][safepoint   ] Safepoint "Cleanup", Time since last: 5001215614 ns, Reaching safepoint: 82622 ns, Cleanup: 39347 ns, At safepoint: 4368 ns, Total: 126337 ns
[2025-11-30T14:38:50.814+0000][3574.481s][debug][safepoint   ] Safepoint synchronization initiated using futex wait barrier. (231 threads)
[2025-11-30T14:38:50.815+0000][3574.481s][info ][safepoint   ] Safepoint "Cleanup", Time since last: 3000467249 ns, Reaching safepoint: 90076 ns, Cleanup: 43906 ns, At safepoint: 64166 ns, Total: 198148 ns
[2025-11-30T14:39:15.815+0000][3599.485s][debug][safepoint   ] Safepoint synchronization initiated using futex wait barrier. (230 threads)
[2025-11-30T14:39:15.815+0000][3599.485s][info ][safepoint   ] Safepoint "Cleanup", Time since last: 25003371149 ns, Reaching safepoint: 262715 ns, Cleanup: 21612 ns, At safepoint: 5992 ns, Total: 290319 ns
[2025-11-30T14:39:51.168+0000][3634.840s][debug][safepoint   ] Safepoint synchronization initiated using futex wait barrier. (228 threads)
[2025-11-30T14:39:51.168+0000][3634.840s][info ][safepoint   ] Safepoint "Cleanup", Time since last: 35355231823 ns, Reaching safepoint: 95153 ns, Cleanup: 20800 ns, At safepoint: 3166 ns, Total: 119119 ns
[2025-11-30T14:40:16.169+0000][3659.844s][debug][safepoint   ] Safepoint synchronization initiated using futex wait barrier. (230 threads)
[2025-11-30T14:40:16.169+0000][3659.844s][info ][safepoint   ] Safepoint "Cleanup", Time since last: 25003533722 ns, Reaching safepoint: 86208 ns, Cleanup: 16282 ns, At safepoint: 3597 ns, Total: 106087 ns
[2025-11-30T14:40:18.169+0000][3661.844s][debug][safepoint   ] Safepoint synchronization initiated using futex wait barrier. (230 threads)
[2025-11-30T14:40:18.171+0000][3661.845s][info ][safepoint   ] Safepoint "Cleanup", Time since last: 2000297524 ns, Reaching safepoint: 1186099 ns, Cleanup: 11522 ns, At safepoint: 43915 ns, Total: 1241536 ns
[2025-11-30T14:40:19.171+0000][3662.846s][debug][safepoint   ] Safepoint synchronization initiated using futex wait barrier. (230 threads)
[2025-11-30T14:40:19.171+0000][3662.846s][info ][safepoint   ] Safepoint "Cleanup", Time since last: 1000161749 ns, Reaching safepoint: 221279 ns, Cleanup: 23085 ns, At safepoint: 70517 ns, Total: 314881 ns
[2025-11-30T14:40:51.199+0000][3694.876s][debug][safepoint   ] Safepoint synchronization initiated using futex wait barrier. (230 threads)
[2025-11-30T14:40:51.199+0000][3694.876s][info ][safepoint   ] Safepoint "Cleanup", Time since last: 32030185975 ns, Reaching safepoint: 100356 ns, Cleanup: 15380 ns, At safepoint: 3607 ns, Total: 119343 ns
[2025-11-30T14:41:17.202+0000][3720.881s][debug][safepoint   ] Safepoint synchronization initiated using futex wait barrier. (230 threads)
[2025-11-30T14:41:17.202+0000][3720.882s][info ][safepoint   ] Safepoint "Cleanup", Time since last: 26005095952 ns, Reaching safepoint: 318300 ns, Cleanup: 70317 ns, At safepoint: 17855 ns, Total: 406472 ns
[2025-11-30T14:41:25.224+0000][3728.907s][debug][safepoint   ] Safepoint synchronization initiated using futex wait barrier. (230 threads)
[2025-11-30T14:41:25.224+0000][3728.907s][info ][safepoint   ] Safepoint "Cleanup", Time since last: 8025250811 ns, Reaching safepoint: 114472 ns, Cleanup: 14859 ns, At safepoint: 3867 ns, Total: 133198 ns
[2025-11-30T14:41:51.228+0000][3754.911s][debug][safepoint   ] Safepoint synchronization initiated using futex wait barrier. (230 threads)
[2025-11-30T14:41:51.228+0000][3754.911s][info ][safepoint   ] Safepoint "Cleanup", Time since last: 26003416980 ns, Reaching safepoint: 191954 ns, Cleanup: 35258 ns, At safepoint: 40359 ns, Total: 267571 ns
[2025-11-30T14:42:18.229+0000][3781.915s][debug][safepoint   ] Safepoint synchronization initiated using futex wait barrier. (228 threads)
[2025-11-30T14:42:18.230+0000][3781.916s][info ][safepoint   ] Safepoint "Cleanup", Time since last: 27004046436 ns, Reaching safepoint: 556762 ns, Cleanup: 25259 ns, At safepoint: 52161 ns, Total: 634182 ns
[2025-11-30T14:42:29.635+0000][3793.323s][debug][safepoint   ] Safepoint synchronization initiated using futex wait barrier. (228 threads)
[2025-11-30T14:42:29.644+0000][3793.332s][info ][gc,start    ] GC(96) Pause Young (Normal) (G1 Evacuation Pause)
[2025-11-30T14:42:29.645+0000][3793.333s][info ][gc,task     ] GC(96) Using 13 workers of 13 for evacuation
[2025-11-30T14:42:29.984+0000][3793.672s][info ][gc,phases   ] GC(96)   Pre Evacuate Collection Set: 21.0ms
[2025-11-30T14:42:29.984+0000][3793.672s][info ][gc,phases   ] GC(96)   Merge Heap Roots: 10.8ms
[2025-11-30T14:42:29.984+0000][3793.672s][info ][gc,phases   ] GC(96)   Evacuate Collection Set: 268.0ms
[2025-11-30T14:42:29.984+0000][3793.672s][info ][gc,phases   ] GC(96)   Post Evacuate Collection Set: 30.2ms
[2025-11-30T14:42:29.985+0000][3793.673s][info ][gc,phases   ] GC(96)   Other: 17.8ms
[2025-11-30T14:42:29.985+0000][3793.673s][info ][gc,heap     ] GC(96) Eden regions: 347->0(347)
[2025-11-30T14:42:29.985+0000][3793.673s][info ][gc,heap     ] GC(96) Survivor regions: 10->10(45)
[2025-11-30T14:42:29.985+0000][3793.673s][info ][gc,heap     ] GC(96) Old regions: 401->401
[2025-11-30T14:42:29.985+0000][3793.673s][info ][gc,heap     ] GC(96) Archive regions: 2->2
[2025-11-30T14:42:29.985+0000][3793.673s][info ][gc,heap     ] GC(96) Humongous regions: 13->13
[2025-11-30T14:42:29.985+0000][3793.673s][info ][gc,metaspace] GC(96) Metaspace: 201499K(203136K)->201499K(203136K) NonClass: 177141K(177984K)->177141K(177984K) Class: 24358K(25152K)->24358K(25152K)
[2025-11-30T14:42:29.986+0000][3793.674s][info ][gc          ] GC(96) Pause Young (Normal) (G1 Evacuation Pause) 771M->424M(870M) 341.842ms
[2025-11-30T14:42:29.986+0000][3793.674s][info ][gc,cpu      ] GC(96) User=2.59s Sys=0.03s Real=0.34s
[2025-11-30T14:42:29.987+0000][3793.675s][info ][safepoint   ] Safepoint "G1CollectForAllocation", Time since last: 11407713685 ns, Reaching safepoint: 124252 ns, Cleanup: 68063 ns, At safepoint: 351979709 ns, Total: 352172024 ns
[2025-11-30T14:43:25.990+0000][3849.683s][debug][safepoint   ] Safepoint synchronization initiated using futex wait barrier. (229 threads)
[2025-11-30T14:43:25.991+0000][3849.684s][info ][safepoint   ] Safepoint "Cleanup", Time since last: 56008061542 ns, Reaching safepoint: 134081 ns, Cleanup: 19528 ns, At safepoint: 7244 ns, Total: 160853 ns
[2025-11-30T14:43:50.994+0000][3874.687s][debug][safepoint   ] Safepoint synchronization initiated using futex wait barrier. (229 threads)
[2025-11-30T14:43:50.994+0000][3874.687s][info ][safepoint   ] Safepoint "Cleanup", Time since last: 25003776674 ns, Reaching safepoint: 80306 ns, Cleanup: 11652 ns, At safepoint: 2936 ns, Total: 94894 ns
[2025-11-30T14:44:26.997+0000][3910.695s][debug][safepoint   ] Safepoint synchronization initiated using futex wait barrier. (228 threads)
[2025-11-30T14:44:26.997+0000][3910.696s][info ][safepoint   ] Safepoint "Cleanup", Time since last: 36007947559 ns, Reaching safepoint: 86117 ns, Cleanup: 13216 ns, At safepoint: 3366 ns, Total: 102699 ns
[2025-11-30T14:45:51.428+0000][3995.131s][debug][safepoint   ] Safepoint synchronization initiated using futex wait barrier. (228 threads)
[2025-11-30T14:45:51.430+0000][3995.132s][info ][safepoint   ] Safepoint "Cleanup", Time since last: 84435574338 ns, Reaching safepoint: 211901 ns, Cleanup: 1074303 ns, At safepoint: 51229 ns, Total: 1337433 ns
[2025-11-30T14:45:52.427+0000][3996.133s][debug][safepoint   ] Safepoint synchronization initiated using futex wait barrier. (228 threads)
[2025-11-30T14:45:52.428+0000][3996.133s][info ][safepoint   ] Safepoint "Cleanup", Time since last: 1000178491 ns, Reaching safepoint: 391349 ns, Cleanup: 31971 ns, At safepoint: 34678 ns, Total: 457998 ns
[2025-11-30T14:45:53.428+0000][3997.133s][debug][safepoint   ] Safepoint synchronization initiated using futex wait barrier. (228 threads)
[2025-11-30T14:45:53.428+0000][3997.134s][info ][safepoint   ] Safepoint "Cleanup", Time since last: 1000219513 ns, Reaching safepoint: 136611 ns, Cleanup: 92107 ns, At safepoint: 5731 ns, Total: 234449 ns
[2025-11-30T14:46:51.434+0000][4055.142s][debug][safepoint   ] Safepoint synchronization initiated using futex wait barrier. (229 threads)
[2025-11-30T14:46:51.434+0000][4055.142s][info ][safepoint   ] Safepoint "Cleanup", Time since last: 58008593398 ns, Reaching safepoint: 203826 ns, Cleanup: 18496 ns, At safepoint: 6463 ns, Total: 228785 ns
[2025-11-30T14:47:22.129+0000][4085.840s][debug][safepoint   ] Safepoint synchronization initiated using futex wait barrier. (228 threads)
[2025-11-30T14:47:22.135+0000][4085.845s][info ][gc,start    ] GC(97) Pause Young (Normal) (G1 Evacuation Pause)
[2025-11-30T14:47:22.135+0000][4085.846s][info ][gc,task     ] GC(97) Using 13 workers of 13 for evacuation
[2025-11-30T14:47:22.305+0000][4086.015s][info ][gc,phases   ] GC(97)   Pre Evacuate Collection Set: 7.8ms
[2025-11-30T14:47:22.305+0000][4086.016s][info ][gc,phases   ] GC(97)   Merge Heap Roots: 7.0ms
[2025-11-30T14:47:22.305+0000][4086.016s][info ][gc,phases   ] GC(97)   Evacuate Collection Set: 133.5ms
[2025-11-30T14:47:22.305+0000][4086.016s][info ][gc,phases   ] GC(97)   Post Evacuate Collection Set: 18.1ms
[2025-11-30T14:47:22.305+0000][4086.016s][info ][gc,phases   ] GC(97)   Other: 8.7ms
[2025-11-30T14:47:22.305+0000][4086.016s][info ][gc,heap     ] GC(97) Eden regions: 347->0(347)
[2025-11-30T14:47:22.305+0000][4086.016s][info ][gc,heap     ] GC(97) Survivor regions: 10->10(45)
[2025-11-30T14:47:22.305+0000][4086.016s][info ][gc,heap     ] GC(97) Old regions: 401->401
[2025-11-30T14:47:22.306+0000][4086.016s][info ][gc,heap     ] GC(97) Archive regions: 2->2
[2025-11-30T14:47:22.306+0000][4086.016s][info ][gc,heap     ] GC(97) Humongous regions: 13->13
[2025-11-30T14:47:22.306+0000][4086.016s][info ][gc,metaspace] GC(97) Metaspace: 201549K(203200K)->201549K(203200K) NonClass: 177190K(178048K)->177190K(178048K) Class: 24358K(25152K)->24358K(25152K)
[2025-11-30T14:47:22.306+0000][4086.016s][info ][gc          ] GC(97) Pause Young (Normal) (G1 Evacuation Pause) 771M->424M(870M) 170.990ms
[2025-11-30T14:47:22.306+0000][4086.016s][info ][gc,cpu      ] GC(97) User=1.53s Sys=0.00s Real=0.17s
[2025-11-30T14:47:22.308+0000][4086.018s][info ][safepoint   ] Safepoint "G1CollectForAllocation", Time since last: 30697466984 ns, Reaching safepoint: 111557 ns, Cleanup: 66469 ns, At safepoint: 178078377 ns, Total: 178256403 ns
[2025-11-30T14:47:23.306+0000][4087.018s][debug][safepoint   ] Safepoint synchronization initiated using futex wait barrier. (230 threads)
[2025-11-30T14:47:23.307+0000][4087.019s][info ][safepoint   ] Safepoint "Cleanup", Time since last: 1000229865 ns, Reaching safepoint: 907482 ns, Cleanup: 50969 ns, At safepoint: 195761 ns, Total: 1154212 ns
[2025-11-30T14:47:51.311+0000][4115.024s][debug][safepoint   ] Safepoint synchronization initiated using futex wait barrier. (230 threads)
[2025-11-30T14:47:51.311+0000][4115.024s][info ][safepoint   ] Safepoint "Cleanup", Time since last: 28004202458 ns, Reaching safepoint: 79264 ns, Cleanup: 74635 ns, At safepoint: 5360 ns, Total: 159259 ns
[2025-11-30T14:48:12.311+0000][4136.027s][debug][safepoint   ] Safepoint synchronization initiated using futex wait barrier. (231 threads)
[2025-11-30T14:48:12.312+0000][4136.027s][info ][safepoint   ] Safepoint "Cleanup", Time since last: 21002956081 ns, Reaching safepoint: 135814 ns, Cleanup: 17204 ns, At safepoint: 5250 ns, Total: 158268 ns
[2025-11-30T14:48:13.312+0000][4137.027s][debug][safepoint   ] Safepoint synchronization initiated using futex wait barrier. (231 threads)
[2025-11-30T14:48:13.312+0000][4137.027s][info ][safepoint   ] Safepoint "Cleanup", Time since last: 1000237945 ns, Reaching safepoint: 99273 ns, Cleanup: 22353 ns, At safepoint: 5351 ns, Total: 126977 ns
[2025-11-30T14:48:24.312+0000][4148.029s][debug][safepoint   ] Safepoint synchronization initiated using futex wait barrier. (229 threads)
[2025-11-30T14:48:24.312+0000][4148.029s][info ][safepoint   ] Safepoint "Cleanup", Time since last: 11001728967 ns, Reaching safepoint: 96478 ns, Cleanup: 24537 ns, At safepoint: 4288 ns, Total: 125303 ns
[2025-11-30T14:48:51.317+0000][4175.034s][debug][safepoint   ] Safepoint synchronization initiated using futex wait barrier. (229 threads)
[2025-11-30T14:48:51.317+0000][4175.035s][info ][safepoint   ] Safepoint "Cleanup", Time since last: 27005105636 ns, Reaching safepoint: 246363 ns, Cleanup: 19007 ns, At safepoint: 8206 ns, Total: 273576 ns
[2025-11-30T14:49:25.478+0000][4209.200s][debug][safepoint   ] Safepoint synchronization initiated using futex wait barrier. (230 threads)
[2025-11-30T14:49:25.478+0000][4209.200s][debug][safepoint   ] ... found polling page loop exception at pc = 0x0000788ff9ffef77, stub =0x0000788ff8a04400
[2025-11-30T14:49:25.480+0000][4209.203s][info ][safepoint   ] Safepoint "Cleanup", Time since last: 34165602352 ns, Reaching safepoint: 2371685 ns, Cleanup: 15460 ns, At safepoint: 521082 ns, Total: 2908227 ns
[2025-11-30T14:50:26.487+0000][4270.215s][debug][safepoint   ] Safepoint synchronization initiated using futex wait barrier. (230 threads)
[2025-11-30T14:50:26.491+0000][4270.219s][info ][safepoint   ] Safepoint "Cleanup", Time since last: 61012105839 ns, Reaching safepoint: 3168521 ns, Cleanup: 330803 ns, At safepoint: 45608 ns, Total: 3544932 ns
