[2025-12-05T08:42:31.723+0000][0.021s][info][gc] Using G1
[2025-12-05T08:42:31.730+0000][0.027s][info][gc,init] Version: 17.0.16+8-Debian-1deb12u1 (release)
[2025-12-05T08:42:31.730+0000][0.028s][info][gc,init] CPUs: 16 total, 16 available
[2025-12-05T08:42:31.730+0000][0.028s][info][gc,init] Memory: 7590M
[2025-12-05T08:42:31.730+0000][0.028s][info][gc,init] Large Page Support: Disabled
[2025-12-05T08:42:31.730+0000][0.028s][info][gc,init] NUMA Support: Disabled
[2025-12-05T08:42:31.730+0000][0.028s][info][gc,init] Compressed Oops: Enabled (32-bit)
[2025-12-05T08:42:31.730+0000][0.028s][info][gc,init] Heap Region Size: 1M
[2025-12-05T08:42:31.730+0000][0.028s][info][gc,init] Heap Min Capacity: 8M
[2025-12-05T08:42:31.730+0000][0.028s][info][gc,init] Heap Initial Capacity: 120M
[2025-12-05T08:42:31.730+0000][0.028s][info][gc,init] Heap Max Capacity: 1898M
[2025-12-05T08:42:31.730+0000][0.028s][info][gc,init] Pre-touch: Disabled
[2025-12-05T08:42:31.730+0000][0.028s][info][gc,init] Parallel Workers: 13
[2025-12-05T08:42:31.730+0000][0.028s][info][gc,init] Concurrent Workers: 3
[2025-12-05T08:42:31.730+0000][0.028s][info][gc,init] Concurrent Refinement Workers: 13
[2025-12-05T08:42:31.730+0000][0.028s][info][gc,init] Periodic GC: Disabled
[2025-12-05T08:42:31.883+0000][0.180s][info][gc,metaspace] CDS archive(s) mapped at: [0x0000706e4f000000-0x0000706e4fbca000-0x0000706e4fbca000), size 12361728, SharedBaseAddress: 0x0000706e4f000000, ArchiveRelocationMode: 1.
[2025-12-05T08:42:31.883+0000][0.180s][info][gc,metaspace] Compressed class space mapped at: 0x0000706e50000000-0x0000706e90000000, reserved size: 1073741824
[2025-12-05T08:42:31.883+0000][0.180s][info][gc,metaspace] Narrow klass base: 0x0000706e4f000000, Narrow klass shift: 0, Narrow klass range: 0x100000000
[2025-12-05T08:42:31.919+0000][0.217s][info][cds,heap    ] initialize_from_archived_subgraph java.lang.Module$ArchivedData 0x0000706e4f1837f0 (early)
[2025-12-05T08:42:31.921+0000][0.219s][info][cds,heap    ] initialize_from_archived_subgraph java.util.ImmutableCollections 0x0000706e4f072308 (early)
[2025-12-05T08:42:31.926+0000][0.224s][info][cds,heap    ] initialize_from_archived_subgraph java.lang.Integer$IntegerCache 0x0000706e4f037660 (early)
[2025-12-05T08:42:31.937+0000][0.234s][info][cds,heap    ] initialize_from_archived_subgraph java.lang.module.Configuration 0x0000706e4f171770 (early)
[2025-12-05T08:42:31.937+0000][0.234s][info][cds,heap    ] initialize_from_archived_subgraph java.lang.ModuleLayer 0x0000706e4f145ba8 (early)
[2025-12-05T08:42:31.938+0000][0.235s][info][cds,heap    ] initialize_from_archived_subgraph jdk.internal.loader.ArchivedClassLoaders 0x0000706e4f1a7e68 (early)
[2025-12-05T08:42:31.938+0000][0.235s][info][cds,heap    ] initialize_from_archived_subgraph jdk.internal.module.ArchivedBootLayer 0x0000706e4f1783b0 (early)
[2025-12-05T08:42:31.942+0000][0.239s][info][cds,heap    ] initialize_from_archived_subgraph sun.util.locale.BaseLocale 0x0000706e4f26ebf0
[2025-12-05T08:42:31.970+0000][0.267s][info][cds,heap    ] initialize_from_archived_subgraph java.util.jar.Attributes$Name 0x0000706e4f1998d0
[2025-12-05T08:42:32.017+0000][0.315s][info][cds,heap    ] initialize_from_archived_subgraph java.lang.Long$LongCache 0x0000706e4f020f98
[2025-12-05T08:42:32.161+0000][0.459s][info][cds,heap    ] initialize_from_archived_subgraph java.lang.Character$CharacterCache 0x0000706e4f03a9e8
[2025-12-05T08:42:32.564+0000][0.861s][debug][safepoint   ] Safepoint synchronization initiated using futex wait barrier. (20 threads)
[2025-12-05T08:42:32.564+0000][0.861s][info ][safepoint   ] Safepoint "ICBufferFull", Time since last: 646247712 ns, Reaching safepoint: 78189 ns, Cleanup: 116252 ns, At safepoint: 3096 ns, Total: 197537 ns
[2025-12-05T08:42:33.281+0000][1.579s][debug][safepoint   ] Safepoint synchronization initiated using futex wait barrier. (20 threads)
[2025-12-05T08:42:33.281+0000][1.579s][info ][gc,start    ] GC(0) Pause Young (Normal) (G1 Evacuation Pause)
[2025-12-05T08:42:33.282+0000][1.579s][info ][gc,task     ] GC(0) Using 2 workers of 13 for evacuation
[2025-12-05T08:42:33.322+0000][1.620s][info ][gc,phases   ] GC(0)   Pre Evacuate Collection Set: 0.2ms
[2025-12-05T08:42:33.322+0000][1.620s][info ][gc,phases   ] GC(0)   Merge Heap Roots: 0.2ms
[2025-12-05T08:42:33.322+0000][1.620s][info ][gc,phases   ] GC(0)   Evacuate Collection Set: 36.8ms
[2025-12-05T08:42:33.322+0000][1.620s][info ][gc,phases   ] GC(0)   Post Evacuate Collection Set: 3.0ms
[2025-12-05T08:42:33.322+0000][1.620s][info ][gc,phases   ] GC(0)   Other: 0.6ms
[2025-12-05T08:42:33.322+0000][1.620s][info ][gc,heap     ] GC(0) Eden regions: 56->0(58)
[2025-12-05T08:42:33.322+0000][1.620s][info ][gc,heap     ] GC(0) Survivor regions: 0->7(7)
[2025-12-05T08:42:33.322+0000][1.620s][info ][gc,heap     ] GC(0) Old regions: 0->2
[2025-12-05T08:42:33.322+0000][1.620s][info ][gc,heap     ] GC(0) Archive regions: 2->2
[2025-12-05T08:42:33.322+0000][1.620s][info ][gc,heap     ] GC(0) Humongous regions: 0->0
[2025-12-05T08:42:33.322+0000][1.620s][info ][gc,metaspace] GC(0) Metaspace: 2704K(2880K)->2704K(2880K) NonClass: 2454K(2560K)->2454K(2560K) Class: 249K(320K)->249K(320K)
[2025-12-05T08:42:33.322+0000][1.620s][info ][gc          ] GC(0) Pause Young (Normal) (G1 Evacuation Pause) 56M->9M(122M) 40.890ms
[2025-12-05T08:42:33.322+0000][1.620s][info ][gc,cpu      ] GC(0) User=0.04s Sys=0.08s Real=0.04s
[2025-12-05T08:42:33.322+0000][1.620s][info ][safepoint   ] Safepoint "G1CollectForAllocation", Time since last: 717404518 ns, Reaching safepoint: 80584 ns, Cleanup: 52450 ns, At safepoint: 41183595 ns, Total: 41316629 ns
[2025-12-05T08:42:33.821+0000][2.118s][debug][safepoint   ] Safepoint synchronization initiated using futex wait barrier. (20 threads)
[2025-12-05T08:42:33.821+0000][2.118s][info ][gc,start    ] GC(1) Pause Young (Normal) (G1 Evacuation Pause)
[2025-12-05T08:42:33.821+0000][2.118s][info ][gc,task     ] GC(1) Using 2 workers of 13 for evacuation
[2025-12-05T08:42:33.888+0000][2.185s][info ][gc,phases   ] GC(1)   Pre Evacuate Collection Set: 0.1ms
[2025-12-05T08:42:33.888+0000][2.185s][info ][gc,phases   ] GC(1)   Merge Heap Roots: 0.1ms
[2025-12-05T08:42:33.888+0000][2.185s][info ][gc,phases   ] GC(1)   Evacuate Collection Set: 63.2ms
[2025-12-05T08:42:33.888+0000][2.185s][info ][gc,phases   ] GC(1)   Post Evacuate Collection Set: 3.5ms
[2025-12-05T08:42:33.888+0000][2.185s][info ][gc,phases   ] GC(1)   Other: 0.2ms
[2025-12-05T08:42:33.888+0000][2.185s][info ][gc,heap     ] GC(1) Eden regions: 58->0(65)
[2025-12-05T08:42:33.888+0000][2.185s][info ][gc,heap     ] GC(1) Survivor regions: 7->3(9)
[2025-12-05T08:42:33.888+0000][2.185s][info ][gc,heap     ] GC(1) Old regions: 2->9
[2025-12-05T08:42:33.888+0000][2.185s][info ][gc,heap     ] GC(1) Archive regions: 2->2
[2025-12-05T08:42:33.888+0000][2.185s][info ][gc,heap     ] GC(1) Humongous regions: 0->0
[2025-12-05T08:42:33.888+0000][2.185s][info ][gc,metaspace] GC(1) Metaspace: 4630K(4864K)->4630K(4864K) NonClass: 4089K(4224K)->4089K(4224K) Class: 540K(640K)->540K(640K)
[2025-12-05T08:42:33.888+0000][2.185s][info ][gc          ] GC(1) Pause Young (Normal) (G1 Evacuation Pause) 67M->12M(122M) 67.170ms
[2025-12-05T08:42:33.888+0000][2.185s][info ][gc,cpu      ] GC(1) User=0.06s Sys=0.11s Real=0.06s
[2025-12-05T08:42:33.888+0000][2.186s][info ][safepoint   ] Safepoint "G1CollectForAllocation", Time since last: 498082383 ns, Reaching safepoint: 90293 ns, Cleanup: 94531 ns, At safepoint: 67305937 ns, Total: 67490761 ns
[2025-12-05T08:42:34.337+0000][2.635s][debug][safepoint   ] Safepoint synchronization initiated using futex wait barrier. (19 threads)
[2025-12-05T08:42:34.337+0000][2.635s][info ][gc,start    ] GC(2) Pause Young (Normal) (G1 Evacuation Pause)
[2025-12-05T08:42:34.338+0000][2.635s][info ][gc,task     ] GC(2) Using 2 workers of 13 for evacuation
[2025-12-05T08:42:34.346+0000][2.644s][info ][gc,phases   ] GC(2)   Pre Evacuate Collection Set: 0.1ms
[2025-12-05T08:42:34.346+0000][2.644s][info ][gc,phases   ] GC(2)   Merge Heap Roots: 0.1ms
[2025-12-05T08:42:34.347+0000][2.644s][info ][gc,phases   ] GC(2)   Evacuate Collection Set: 7.4ms
[2025-12-05T08:42:34.347+0000][2.644s][info ][gc,phases   ] GC(2)   Post Evacuate Collection Set: 1.1ms
[2025-12-05T08:42:34.347+0000][2.644s][info ][gc,phases   ] GC(2)   Other: 0.1ms
[2025-12-05T08:42:34.347+0000][2.644s][info ][gc,heap     ] GC(2) Eden regions: 65->0(68)
[2025-12-05T08:42:34.347+0000][2.644s][info ][gc,heap     ] GC(2) Survivor regions: 3->4(9)
[2025-12-05T08:42:34.347+0000][2.644s][info ][gc,heap     ] GC(2) Old regions: 9->9
[2025-12-05T08:42:34.347+0000][2.644s][info ][gc,heap     ] GC(2) Archive regions: 2->2
[2025-12-05T08:42:34.347+0000][2.644s][info ][gc,heap     ] GC(2) Humongous regions: 0->0
[2025-12-05T08:42:34.347+0000][2.644s][info ][gc,metaspace] GC(2) Metaspace: 7917K(8192K)->7917K(8192K) NonClass: 6907K(7040K)->6907K(7040K) Class: 1009K(1152K)->1009K(1152K)
[2025-12-05T08:42:34.347+0000][2.644s][info ][gc          ] GC(2) Pause Young (Normal) (G1 Evacuation Pause) 77M->13M(122M) 9.149ms
[2025-12-05T08:42:34.347+0000][2.644s][info ][gc,cpu      ] GC(2) User=0.02s Sys=0.00s Real=0.01s
[2025-12-05T08:42:34.347+0000][2.644s][info ][safepoint   ] Safepoint "G1CollectForAllocation", Time since last: 449095619 ns, Reaching safepoint: 69142 ns, Cleanup: 243957 ns, At safepoint: 9271867 ns, Total: 9584966 ns
[2025-12-05T08:42:34.757+0000][3.055s][debug][safepoint   ] Safepoint synchronization initiated using futex wait barrier. (19 threads)
[2025-12-05T08:42:34.758+0000][3.055s][info ][gc,start    ] GC(3) Pause Young (Normal) (G1 Evacuation Pause)
[2025-12-05T08:42:34.758+0000][3.055s][info ][gc,task     ] GC(3) Using 2 workers of 13 for evacuation
[2025-12-05T08:42:34.788+0000][3.086s][info ][gc,phases   ] GC(3)   Pre Evacuate Collection Set: 0.2ms
[2025-12-05T08:42:34.788+0000][3.086s][info ][gc,phases   ] GC(3)   Merge Heap Roots: 0.1ms
[2025-12-05T08:42:34.788+0000][3.086s][info ][gc,phases   ] GC(3)   Evacuate Collection Set: 29.2ms
[2025-12-05T08:42:34.788+0000][3.086s][info ][gc,phases   ] GC(3)   Post Evacuate Collection Set: 1.0ms
[2025-12-05T08:42:34.788+0000][3.086s][info ][gc,phases   ] GC(3)   Other: 0.1ms
[2025-12-05T08:42:34.788+0000][3.086s][info ][gc,heap     ] GC(3) Eden regions: 68->0(67)
[2025-12-05T08:42:34.788+0000][3.086s][info ][gc,heap     ] GC(3) Survivor regions: 4->5(9)
[2025-12-05T08:42:34.788+0000][3.086s][info ][gc,heap     ] GC(3) Old regions: 9->9
[2025-12-05T08:42:34.788+0000][3.086s][info ][gc,heap     ] GC(3) Archive regions: 2->2
[2025-12-05T08:42:34.788+0000][3.086s][info ][gc,heap     ] GC(3) Humongous regions: 0->0
[2025-12-05T08:42:34.788+0000][3.086s][info ][gc,metaspace] GC(3) Metaspace: 11180K(11584K)->11180K(11584K) NonClass: 9712K(9920K)->9712K(9920K) Class: 1468K(1664K)->1468K(1664K)
[2025-12-05T08:42:34.788+0000][3.086s][info ][gc          ] GC(3) Pause Young (Normal) (G1 Evacuation Pause) 81M->14M(122M) 30.805ms
[2025-12-05T08:42:34.788+0000][3.086s][info ][gc,cpu      ] GC(3) User=0.02s Sys=0.05s Real=0.03s
[2025-12-05T08:42:34.788+0000][3.086s][info ][safepoint   ] Safepoint "G1CollectForAllocation", Time since last: 410539055 ns, Reaching safepoint: 88940 ns, Cleanup: 127634 ns, At safepoint: 30911917 ns, Total: 31128491 ns
[2025-12-05T08:42:34.791+0000][3.088s][debug][safepoint   ] ... found polling page loop exception at pc = 0x0000706eb924b172, stub =0x0000706eb8a04400
[2025-12-05T08:42:34.989+0000][3.287s][debug][safepoint   ] Safepoint synchronization initiated using futex wait barrier. (18 threads)
[2025-12-05T08:42:34.989+0000][3.287s][info ][safepoint   ] Safepoint "ICBufferFull", Time since last: 200729698 ns, Reaching safepoint: 88719 ns, Cleanup: 119649 ns, At safepoint: 3186 ns, Total: 211554 ns
[2025-12-05T08:42:35.150+0000][3.448s][debug][safepoint   ] Safepoint synchronization initiated using futex wait barrier. (19 threads)
[2025-12-05T08:42:35.151+0000][3.448s][info ][gc,start    ] GC(4) Pause Young (Normal) (G1 Evacuation Pause)
[2025-12-05T08:42:35.151+0000][3.448s][info ][gc,task     ] GC(4) Using 4 workers of 13 for evacuation
[2025-12-05T08:42:35.161+0000][3.459s][info ][gc,phases   ] GC(4)   Pre Evacuate Collection Set: 0.1ms
[2025-12-05T08:42:35.161+0000][3.459s][info ][gc,phases   ] GC(4)   Merge Heap Roots: 0.2ms
[2025-12-05T08:42:35.161+0000][3.459s][info ][gc,phases   ] GC(4)   Evacuate Collection Set: 7.8ms
[2025-12-05T08:42:35.161+0000][3.459s][info ][gc,phases   ] GC(4)   Post Evacuate Collection Set: 2.2ms
[2025-12-05T08:42:35.161+0000][3.459s][info ][gc,phases   ] GC(4)   Other: 0.2ms
[2025-12-05T08:42:35.161+0000][3.459s][info ][gc,heap     ] GC(4) Eden regions: 67->0(112)
[2025-12-05T08:42:35.161+0000][3.459s][info ][gc,heap     ] GC(4) Survivor regions: 5->6(9)
[2025-12-05T08:42:35.161+0000][3.459s][info ][gc,heap     ] GC(4) Old regions: 9->11
[2025-12-05T08:42:35.161+0000][3.459s][info ][gc,heap     ] GC(4) Archive regions: 2->2
[2025-12-05T08:42:35.161+0000][3.459s][info ][gc,heap     ] GC(4) Humongous regions: 0->0
[2025-12-05T08:42:35.161+0000][3.459s][info ][gc,metaspace] GC(4) Metaspace: 13216K(13504K)->13216K(13504K) NonClass: 11502K(11648K)->11502K(11648K) Class: 1713K(1856K)->1713K(1856K)
[2025-12-05T08:42:35.161+0000][3.459s][info ][gc          ] GC(4) Pause Young (Normal) (G1 Evacuation Pause) 81M->16M(198M) 10.685ms
[2025-12-05T08:42:35.161+0000][3.459s][info ][gc,cpu      ] GC(4) User=0.02s Sys=0.03s Real=0.01s
[2025-12-05T08:42:35.161+0000][3.459s][info ][safepoint   ] Safepoint "G1CollectForAllocation", Time since last: 160768569 ns, Reaching safepoint: 307888 ns, Cleanup: 134988 ns, At safepoint: 10853428 ns, Total: 11296304 ns
[2025-12-05T08:42:35.666+0000][3.964s][info ][cds,heap    ] initialize_from_archived_subgraph java.lang.Byte$ByteCache 0x0000706e4f03abf8
[2025-12-05T08:42:35.666+0000][3.964s][info ][cds,heap    ] initialize_from_archived_subgraph java.lang.Short$ShortCache 0x0000706e4f0412e8
[2025-12-05T08:42:35.698+0000][3.995s][debug][safepoint   ] Safepoint synchronization initiated using futex wait barrier. (18 threads)
[2025-12-05T08:42:35.698+0000][3.995s][info ][gc,start    ] GC(5) Pause Young (Normal) (G1 Evacuation Pause)
[2025-12-05T08:42:35.698+0000][3.995s][info ][gc,task     ] GC(5) Using 4 workers of 13 for evacuation
[2025-12-05T08:42:35.704+0000][4.001s][info ][gc,phases   ] GC(5)   Pre Evacuate Collection Set: 0.4ms
[2025-12-05T08:42:35.704+0000][4.001s][info ][gc,phases   ] GC(5)   Merge Heap Roots: 0.1ms
[2025-12-05T08:42:35.704+0000][4.001s][info ][gc,phases   ] GC(5)   Evacuate Collection Set: 3.7ms
[2025-12-05T08:42:35.704+0000][4.001s][info ][gc,phases   ] GC(5)   Post Evacuate Collection Set: 1.2ms
[2025-12-05T08:42:35.704+0000][4.001s][info ][gc,phases   ] GC(5)   Other: 0.2ms
[2025-12-05T08:42:35.704+0000][4.001s][info ][gc,heap     ] GC(5) Eden regions: 112->0(112)
[2025-12-05T08:42:35.704+0000][4.001s][info ][gc,heap     ] GC(5) Survivor regions: 6->6(15)
[2025-12-05T08:42:35.704+0000][4.001s][info ][gc,heap     ] GC(5) Old regions: 11->11
[2025-12-05T08:42:35.704+0000][4.001s][info ][gc,heap     ] GC(5) Archive regions: 2->2
[2025-12-05T08:42:35.704+0000][4.001s][info ][gc,heap     ] GC(5) Humongous regions: 0->0
[2025-12-05T08:42:35.704+0000][4.001s][info ][gc,metaspace] GC(5) Metaspace: 16616K(16960K)->16616K(16960K) NonClass: 14356K(14528K)->14356K(14528K) Class: 2259K(2432K)->2259K(2432K)
[2025-12-05T08:42:35.704+0000][4.001s][info ][gc          ] GC(5) Pause Young (Normal) (G1 Evacuation Pause) 128M->17M(198M) 5.807ms
[2025-12-05T08:42:35.704+0000][4.001s][info ][gc,cpu      ] GC(5) User=0.02s Sys=0.00s Real=0.01s
[2025-12-05T08:42:35.704+0000][4.001s][info ][safepoint   ] Safepoint "G1CollectForAllocation", Time since last: 536160265 ns, Reaching safepoint: 211795 ns, Cleanup: 68351 ns, At safepoint: 5927115 ns, Total: 6207261 ns
[2025-12-05T08:42:36.022+0000][4.319s][debug][safepoint   ] Safepoint synchronization initiated using futex wait barrier. (23 threads)
[2025-12-05T08:42:36.022+0000][4.320s][info ][safepoint   ] Safepoint "ICBufferFull", Time since last: 318162099 ns, Reaching safepoint: 205984 ns, Cleanup: 105211 ns, At safepoint: 150087 ns, Total: 461282 ns
[2025-12-05T08:42:36.037+0000][4.335s][debug][safepoint   ] Safepoint synchronization initiated using futex wait barrier. (23 threads)
[2025-12-05T08:42:36.037+0000][4.335s][info ][gc,start    ] GC(6) Pause Young (Normal) (G1 Evacuation Pause)
[2025-12-05T08:42:36.038+0000][4.335s][info ][gc,task     ] GC(6) Using 4 workers of 13 for evacuation
[2025-12-05T08:42:36.043+0000][4.341s][info ][gc,phases   ] GC(6)   Pre Evacuate Collection Set: 0.1ms
[2025-12-05T08:42:36.044+0000][4.341s][info ][gc,phases   ] GC(6)   Merge Heap Roots: 0.1ms
[2025-12-05T08:42:36.044+0000][4.341s][info ][gc,phases   ] GC(6)   Evacuate Collection Set: 4.4ms
[2025-12-05T08:42:36.044+0000][4.341s][info ][gc,phases   ] GC(6)   Post Evacuate Collection Set: 1.1ms
[2025-12-05T08:42:36.044+0000][4.341s][info ][gc,phases   ] GC(6)   Other: 0.2ms
[2025-12-05T08:42:36.044+0000][4.341s][info ][gc,heap     ] GC(6) Eden regions: 112->0(107)
[2025-12-05T08:42:36.044+0000][4.341s][info ][gc,heap     ] GC(6) Survivor regions: 6->11(15)
[2025-12-05T08:42:36.044+0000][4.341s][info ][gc,heap     ] GC(6) Old regions: 11->11
[2025-12-05T08:42:36.044+0000][4.341s][info ][gc,heap     ] GC(6) Archive regions: 2->2
[2025-12-05T08:42:36.044+0000][4.341s][info ][gc,heap     ] GC(6) Humongous regions: 0->0
[2025-12-05T08:42:36.044+0000][4.341s][info ][gc,metaspace] GC(6) Metaspace: 21162K(21504K)->21162K(21504K) NonClass: 18400K(18560K)->18400K(18560K) Class: 2762K(2944K)->2762K(2944K)
[2025-12-05T08:42:36.044+0000][4.341s][info ][gc          ] GC(6) Pause Young (Normal) (G1 Evacuation Pause) 129M->22M(198M) 6.120ms
[2025-12-05T08:42:36.044+0000][4.341s][info ][gc,cpu      ] GC(6) User=0.03s Sys=0.00s Real=0.01s
[2025-12-05T08:42:36.044+0000][4.341s][info ][safepoint   ] Safepoint "G1CollectForAllocation", Time since last: 14797285 ns, Reaching safepoint: 222445 ns, Cleanup: 22433 ns, At safepoint: 6280821 ns, Total: 6525699 ns
[2025-12-05T08:42:36.045+0000][4.342s][debug][safepoint   ] Safepoint synchronization initiated using futex wait barrier. (23 threads)
[2025-12-05T08:42:36.045+0000][4.343s][info ][gc,start    ] GC(7) Pause Young (Concurrent Start) (Metadata GC Threshold)
[2025-12-05T08:42:36.045+0000][4.343s][info ][gc,task     ] GC(7) Using 4 workers of 13 for evacuation
[2025-12-05T08:42:36.064+0000][4.362s][info ][gc,phases   ] GC(7)   Pre Evacuate Collection Set: 0.1ms
[2025-12-05T08:42:36.064+0000][4.362s][info ][gc,phases   ] GC(7)   Merge Heap Roots: 0.1ms
[2025-12-05T08:42:36.064+0000][4.362s][info ][gc,phases   ] GC(7)   Evacuate Collection Set: 16.4ms
[2025-12-05T08:42:36.064+0000][4.362s][info ][gc,phases   ] GC(7)   Post Evacuate Collection Set: 0.9ms
[2025-12-05T08:42:36.064+0000][4.362s][info ][gc,phases   ] GC(7)   Other: 1.6ms
[2025-12-05T08:42:36.064+0000][4.362s][info ][gc,heap     ] GC(7) Eden regions: 1->0(111)
[2025-12-05T08:42:36.064+0000][4.362s][info ][gc,heap     ] GC(7) Survivor regions: 11->7(15)
[2025-12-05T08:42:36.064+0000][4.362s][info ][gc,heap     ] GC(7) Old regions: 11->16
[2025-12-05T08:42:36.064+0000][4.362s][info ][gc,heap     ] GC(7) Archive regions: 2->2
[2025-12-05T08:42:36.064+0000][4.362s][info ][gc,heap     ] GC(7) Humongous regions: 0->0
[2025-12-05T08:42:36.064+0000][4.362s][info ][gc,metaspace] GC(7) Metaspace: 21179K(21504K)->21179K(21504K) NonClass: 18414K(18560K)->18414K(18560K) Class: 2764K(2944K)->2764K(2944K)
[2025-12-05T08:42:36.064+0000][4.362s][info ][gc          ] GC(7) Pause Young (Concurrent Start) (Metadata GC Threshold) 23M->23M(198M) 19.366ms
[2025-12-05T08:42:36.064+0000][4.362s][info ][gc,cpu      ] GC(7) User=0.06s Sys=0.04s Real=0.02s
[2025-12-05T08:42:36.064+0000][4.362s][info ][gc          ] GC(8) Concurrent Mark Cycle
[2025-12-05T08:42:36.065+0000][4.362s][info ][safepoint   ] Safepoint "CollectForMetadataAllocation", Time since last: 1081736 ns, Reaching safepoint: 206816 ns, Cleanup: 7474 ns, At safepoint: 19630993 ns, Total: 19845283 ns
[2025-12-05T08:42:36.065+0000][4.362s][info ][gc,marking  ] GC(8) Concurrent Clear Claimed Marks
[2025-12-05T08:42:36.065+0000][4.362s][info ][gc,marking  ] GC(8) Concurrent Clear Claimed Marks 0.138ms
[2025-12-05T08:42:36.065+0000][4.362s][info ][gc,marking  ] GC(8) Concurrent Scan Root Regions
[2025-12-05T08:42:36.069+0000][4.366s][info ][gc,marking  ] GC(8) Concurrent Scan Root Regions 3.993ms
[2025-12-05T08:42:36.069+0000][4.366s][info ][gc,marking  ] GC(8) Concurrent Mark
[2025-12-05T08:42:36.069+0000][4.366s][info ][gc,marking  ] GC(8) Concurrent Mark From Roots
[2025-12-05T08:42:36.069+0000][4.366s][info ][gc,task     ] GC(8) Using 3 workers of 3 for marking
[2025-12-05T08:42:36.074+0000][4.372s][info ][gc,marking  ] GC(8) Concurrent Mark From Roots 5.259ms
[2025-12-05T08:42:36.074+0000][4.372s][info ][gc,marking  ] GC(8) Concurrent Preclean
[2025-12-05T08:42:36.075+0000][4.372s][info ][gc,marking  ] GC(8) Concurrent Preclean 0.354ms
[2025-12-05T08:42:36.075+0000][4.372s][debug][safepoint   ] Safepoint synchronization initiated using futex wait barrier. (23 threads)
[2025-12-05T08:42:36.075+0000][4.372s][info ][gc,start    ] GC(8) Pause Remark
[2025-12-05T08:42:36.078+0000][4.375s][info ][gc          ] GC(8) Pause Remark 26M->26M(94M) 2.879ms
[2025-12-05T08:42:36.078+0000][4.375s][info ][gc,cpu      ] GC(8) User=0.01s Sys=0.00s Real=0.00s
[2025-12-05T08:42:36.078+0000][4.375s][info ][safepoint   ] Safepoint "G1PauseRemark", Time since last: 10068047 ns, Reaching safepoint: 157782 ns, Cleanup: 10660 ns, At safepoint: 3086227 ns, Total: 3254669 ns
[2025-12-05T08:42:36.078+0000][4.376s][info ][gc,marking  ] GC(8) Concurrent Mark 9.224ms
[2025-12-05T08:42:36.078+0000][4.376s][info ][gc,marking  ] GC(8) Concurrent Rebuild Remembered Sets
[2025-12-05T08:42:36.081+0000][4.379s][info ][gc,marking  ] GC(8) Concurrent Rebuild Remembered Sets 3.169ms
[2025-12-05T08:42:36.098+0000][4.395s][debug][safepoint   ] Safepoint synchronization initiated using futex wait barrier. (23 threads)
[2025-12-05T08:42:36.098+0000][4.395s][debug][safepoint   ] ... found polling page loop exception at pc = 0x0000706eb924b172, stub =0x0000706eb8a04400
[2025-12-05T08:42:36.098+0000][4.396s][info ][gc,start    ] GC(8) Pause Cleanup
[2025-12-05T08:42:36.098+0000][4.396s][info ][gc          ] GC(8) Pause Cleanup 27M->27M(94M) 0.197ms
[2025-12-05T08:42:36.098+0000][4.396s][info ][gc,cpu      ] GC(8) User=0.00s Sys=0.00s Real=0.00s
[2025-12-05T08:42:36.098+0000][4.396s][info ][safepoint   ] Safepoint "G1PauseCleanup", Time since last: 3424403 ns, Reaching safepoint: 16651919 ns, Cleanup: 4499 ns, At safepoint: 345630 ns, Total: 17002048 ns
[2025-12-05T08:42:36.099+0000][4.396s][info ][gc,marking  ] GC(8) Concurrent Cleanup for Next Mark
[2025-12-05T08:42:36.100+0000][4.397s][info ][gc,marking  ] GC(8) Concurrent Cleanup for Next Mark 1.371ms
[2025-12-05T08:42:36.100+0000][4.397s][info ][gc          ] GC(8) Concurrent Mark Cycle 35.437ms
[2025-12-05T08:42:36.302+0000][4.599s][debug][safepoint   ] Safepoint synchronization initiated using futex wait barrier. (23 threads)
[2025-12-05T08:42:36.302+0000][4.600s][info ][gc,start    ] GC(9) Pause Young (Normal) (G1 Preventive Collection)
[2025-12-05T08:42:36.302+0000][4.600s][info ][gc,task     ] GC(9) Using 4 workers of 13 for evacuation
[2025-12-05T08:42:36.308+0000][4.606s][info ][gc,phases   ] GC(9)   Pre Evacuate Collection Set: 0.1ms
[2025-12-05T08:42:36.308+0000][4.606s][info ][gc,phases   ] GC(9)   Merge Heap Roots: 0.2ms
[2025-12-05T08:42:36.308+0000][4.606s][info ][gc,phases   ] GC(9)   Evacuate Collection Set: 4.9ms
[2025-12-05T08:42:36.308+0000][4.606s][info ][gc,phases   ] GC(9)   Post Evacuate Collection Set: 0.8ms
[2025-12-05T08:42:36.308+0000][4.606s][info ][gc,phases   ] GC(9)   Other: 0.1ms
[2025-12-05T08:42:36.308+0000][4.606s][info ][gc,heap     ] GC(9) Eden regions: 58->0(47)
[2025-12-05T08:42:36.308+0000][4.606s][info ][gc,heap     ] GC(9) Survivor regions: 7->9(15)
[2025-12-05T08:42:36.308+0000][4.606s][info ][gc,heap     ] GC(9) Old regions: 16->16
[2025-12-05T08:42:36.308+0000][4.606s][info ][gc,heap     ] GC(9) Archive regions: 2->2
[2025-12-05T08:42:36.308+0000][4.606s][info ][gc,heap     ] GC(9) Humongous regions: 0->0
[2025-12-05T08:42:36.308+0000][4.606s][info ][gc,metaspace] GC(9) Metaspace: 23789K(24128K)->23789K(24128K) NonClass: 20662K(20864K)->20662K(20864K) Class: 3126K(3264K)->3126K(3264K)
[2025-12-05T08:42:36.308+0000][4.606s][info ][gc          ] GC(9) Pause Young (Normal) (G1 Preventive Collection) 81M->24M(94M) 6.206ms
[2025-12-05T08:42:36.308+0000][4.606s][info ][gc,cpu      ] GC(9) User=0.03s Sys=0.01s Real=0.00s
[2025-12-05T08:42:36.308+0000][4.606s][info ][safepoint   ] Safepoint "G1CollectForAllocation", Time since last: 203605152 ns, Reaching safepoint: 68481 ns, Cleanup: 59013 ns, At safepoint: 6364090 ns, Total: 6491584 ns
[2025-12-05T08:42:36.468+0000][4.766s][debug][safepoint   ] Safepoint synchronization initiated using futex wait barrier. (22 threads)
[2025-12-05T08:42:36.468+0000][4.766s][info ][gc,start    ] GC(10) Pause Young (Normal) (G1 Evacuation Pause)
[2025-12-05T08:42:36.468+0000][4.766s][info ][gc,task     ] GC(10) Using 3 workers of 13 for evacuation
[2025-12-05T08:42:36.475+0000][4.772s][info ][gc,phases   ] GC(10)   Pre Evacuate Collection Set: 0.1ms
[2025-12-05T08:42:36.475+0000][4.773s][info ][gc,phases   ] GC(10)   Merge Heap Roots: 0.1ms
[2025-12-05T08:42:36.475+0000][4.773s][info ][gc,phases   ] GC(10)   Evacuate Collection Set: 5.3ms
[2025-12-05T08:42:36.475+0000][4.773s][info ][gc,phases   ] GC(10)   Post Evacuate Collection Set: 1.0ms
[2025-12-05T08:42:36.475+0000][4.773s][info ][gc,phases   ] GC(10)   Other: 0.1ms
[2025-12-05T08:42:36.475+0000][4.773s][info ][gc,heap     ] GC(10) Eden regions: 47->0(46)
[2025-12-05T08:42:36.475+0000][4.773s][info ][gc,heap     ] GC(10) Survivor regions: 9->6(7)
[2025-12-05T08:42:36.475+0000][4.773s][info ][gc,heap     ] GC(10) Old regions: 16->22
[2025-12-05T08:42:36.475+0000][4.773s][info ][gc,heap     ] GC(10) Archive regions: 2->2
[2025-12-05T08:42:36.475+0000][4.773s][info ][gc,heap     ] GC(10) Humongous regions: 0->0
[2025-12-05T08:42:36.475+0000][4.773s][info ][gc,metaspace] GC(10) Metaspace: 25088K(25344K)->25088K(25344K) NonClass: 21813K(21952K)->21813K(21952K) Class: 3275K(3392K)->3275K(3392K)
[2025-12-05T08:42:36.475+0000][4.773s][info ][gc          ] GC(10) Pause Young (Normal) (G1 Evacuation Pause) 71M->27M(94M) 6.773ms
[2025-12-05T08:42:36.475+0000][4.773s][info ][gc,cpu      ] GC(10) User=0.03s Sys=0.01s Real=0.01s
[2025-12-05T08:42:36.475+0000][4.773s][info ][safepoint   ] Safepoint "G1CollectForAllocation", Time since last: 159646756 ns, Reaching safepoint: 95723 ns, Cleanup: 79972 ns, At safepoint: 6936796 ns, Total: 7112491 ns
[2025-12-05T08:42:36.621+0000][4.918s][debug][safepoint   ] Safepoint synchronization initiated using futex wait barrier. (22 threads)
[2025-12-05T08:42:36.621+0000][4.918s][info ][gc,start    ] GC(11) Pause Young (Normal) (G1 Evacuation Pause)
[2025-12-05T08:42:36.621+0000][4.918s][info ][gc,task     ] GC(11) Using 2 workers of 13 for evacuation
[2025-12-05T08:42:36.631+0000][4.928s][info ][gc,phases   ] GC(11)   Pre Evacuate Collection Set: 0.1ms
[2025-12-05T08:42:36.631+0000][4.928s][info ][gc,phases   ] GC(11)   Merge Heap Roots: 0.1ms
[2025-12-05T08:42:36.631+0000][4.928s][info ][gc,phases   ] GC(11)   Evacuate Collection Set: 8.1ms
[2025-12-05T08:42:36.631+0000][4.928s][info ][gc,phases   ] GC(11)   Post Evacuate Collection Set: 1.4ms
[2025-12-05T08:42:36.631+0000][4.928s][info ][gc,phases   ] GC(11)   Other: 0.2ms
[2025-12-05T08:42:36.631+0000][4.928s][info ][gc,heap     ] GC(11) Eden regions: 46->0(60)
[2025-12-05T08:42:36.631+0000][4.928s][info ][gc,heap     ] GC(11) Survivor regions: 6->7(7)
[2025-12-05T08:42:36.631+0000][4.928s][info ][gc,heap     ] GC(11) Old regions: 22->25
[2025-12-05T08:42:36.631+0000][4.928s][info ][gc,heap     ] GC(11) Archive regions: 2->2
[2025-12-05T08:42:36.631+0000][4.928s][info ][gc,heap     ] GC(11) Humongous regions: 0->0
[2025-12-05T08:42:36.631+0000][4.928s][info ][gc,metaspace] GC(11) Metaspace: 25178K(25536K)->25178K(25536K) NonClass: 21889K(22080K)->21889K(22080K) Class: 3288K(3456K)->3288K(3456K)
[2025-12-05T08:42:36.631+0000][4.928s][info ][gc          ] GC(11) Pause Young (Normal) (G1 Evacuation Pause) 73M->31M(117M) 9.903ms
[2025-12-05T08:42:36.631+0000][4.928s][info ][gc,cpu      ] GC(11) User=0.03s Sys=0.01s Real=0.01s
[2025-12-05T08:42:36.631+0000][4.928s][info ][safepoint   ] Safepoint "G1CollectForAllocation", Time since last: 145391707 ns, Reaching safepoint: 88880 ns, Cleanup: 76246 ns, At safepoint: 10000298 ns, Total: 10165424 ns
[2025-12-05T08:42:36.750+0000][5.048s][debug][safepoint   ] Safepoint synchronization initiated using futex wait barrier. (22 threads)
[2025-12-05T08:42:36.750+0000][5.048s][info ][gc,start    ] GC(12) Pause Young (Normal) (G1 Evacuation Pause)
[2025-12-05T08:42:36.750+0000][5.048s][info ][gc,task     ] GC(12) Using 2 workers of 13 for evacuation
[2025-12-05T08:42:36.766+0000][5.064s][info ][gc,phases   ] GC(12)   Pre Evacuate Collection Set: 0.1ms
[2025-12-05T08:42:36.766+0000][5.064s][info ][gc,phases   ] GC(12)   Merge Heap Roots: 0.1ms
[2025-12-05T08:42:36.767+0000][5.064s][info ][gc,phases   ] GC(12)   Evacuate Collection Set: 14.6ms
[2025-12-05T08:42:36.767+0000][5.064s][info ][gc,phases   ] GC(12)   Post Evacuate Collection Set: 1.3ms
[2025-12-05T08:42:36.767+0000][5.064s][info ][gc,phases   ] GC(12)   Other: 0.1ms
[2025-12-05T08:42:36.767+0000][5.064s][info ][gc,heap     ] GC(12) Eden regions: 60->0(50)
[2025-12-05T08:42:36.767+0000][5.064s][info ][gc,heap     ] GC(12) Survivor regions: 7->9(9)
[2025-12-05T08:42:36.767+0000][5.064s][info ][gc,heap     ] GC(12) Old regions: 25->31
[2025-12-05T08:42:36.767+0000][5.064s][info ][gc,heap     ] GC(12) Archive regions: 2->2
[2025-12-05T08:42:36.767+0000][5.064s][info ][gc,heap     ] GC(12) Humongous regions: 0->0
[2025-12-05T08:42:36.767+0000][5.064s][info ][gc,metaspace] GC(12) Metaspace: 25178K(25536K)->25178K(25536K) NonClass: 21889K(22080K)->21889K(22080K) Class: 3288K(3456K)->3288K(3456K)
[2025-12-05T08:42:36.767+0000][5.064s][info ][gc          ] GC(12) Pause Young (Normal) (G1 Evacuation Pause) 91M->40M(117M) 16.329ms
[2025-12-05T08:42:36.767+0000][5.064s][info ][gc,cpu      ] GC(12) User=0.06s Sys=0.00s Real=0.01s
[2025-12-05T08:42:36.767+0000][5.064s][info ][safepoint   ] Safepoint "G1CollectForAllocation", Time since last: 119289131 ns, Reaching safepoint: 101424 ns, Cleanup: 12554 ns, At safepoint: 16443710 ns, Total: 16557688 ns
[2025-12-05T08:42:36.945+0000][5.243s][debug][safepoint   ] Safepoint synchronization initiated using futex wait barrier. (22 threads)
[2025-12-05T08:42:36.945+0000][5.243s][info ][gc,start    ] GC(13) Pause Young (Normal) (G1 Evacuation Pause)
[2025-12-05T08:42:36.945+0000][5.243s][info ][gc,task     ] GC(13) Using 2 workers of 13 for evacuation
[2025-12-05T08:42:36.956+0000][5.253s][info ][gc,phases   ] GC(13)   Pre Evacuate Collection Set: 0.1ms
[2025-12-05T08:42:36.956+0000][5.254s][info ][gc,phases   ] GC(13)   Merge Heap Roots: 0.1ms
[2025-12-05T08:42:36.956+0000][5.254s][info ][gc,phases   ] GC(13)   Evacuate Collection Set: 8.9ms
[2025-12-05T08:42:36.956+0000][5.254s][info ][gc,phases   ] GC(13)   Post Evacuate Collection Set: 1.5ms
[2025-12-05T08:42:36.956+0000][5.254s][info ][gc,phases   ] GC(13)   Other: 0.1ms
[2025-12-05T08:42:36.956+0000][5.254s][info ][gc,heap     ] GC(13) Eden regions: 50->0(46)
[2025-12-05T08:42:36.956+0000][5.254s][info ][gc,heap     ] GC(13) Survivor regions: 9->5(8)
[2025-12-05T08:42:36.956+0000][5.254s][info ][gc,heap     ] GC(13) Old regions: 31->40
[2025-12-05T08:42:36.956+0000][5.254s][info ][gc,heap     ] GC(13) Archive regions: 2->2
[2025-12-05T08:42:36.956+0000][5.254s][info ][gc,heap     ] GC(13) Humongous regions: 0->0
[2025-12-05T08:42:36.956+0000][5.254s][info ][gc,metaspace] GC(13) Metaspace: 25442K(25792K)->25442K(25792K) NonClass: 22126K(22336K)->22126K(22336K) Class: 3316K(3456K)->3316K(3456K)
[2025-12-05T08:42:36.956+0000][5.254s][info ][gc          ] GC(13) Pause Young (Normal) (G1 Evacuation Pause) 90M->45M(117M) 10.890ms
[2025-12-05T08:42:36.956+0000][5.254s][info ][gc,cpu      ] GC(13) User=0.03s Sys=0.00s Real=0.01s
[2025-12-05T08:42:36.956+0000][5.254s][info ][safepoint   ] Safepoint "G1CollectForAllocation", Time since last: 178379771 ns, Reaching safepoint: 66276 ns, Cleanup: 77789 ns, At safepoint: 10975582 ns, Total: 11119647 ns
[2025-12-05T08:42:37.069+0000][5.367s][debug][safepoint   ] Safepoint synchronization initiated using futex wait barrier. (22 threads)
[2025-12-05T08:42:37.070+0000][5.367s][info ][gc,start    ] GC(14) Pause Young (Normal) (G1 Evacuation Pause)
[2025-12-05T08:42:37.070+0000][5.367s][info ][gc,task     ] GC(14) Using 2 workers of 13 for evacuation
[2025-12-05T08:42:37.083+0000][5.381s][info ][gc,phases   ] GC(14)   Pre Evacuate Collection Set: 0.2ms
[2025-12-05T08:42:37.083+0000][5.381s][info ][gc,phases   ] GC(14)   Merge Heap Roots: 0.2ms
[2025-12-05T08:42:37.083+0000][5.381s][info ][gc,phases   ] GC(14)   Evacuate Collection Set: 12.2ms
[2025-12-05T08:42:37.083+0000][5.381s][info ][gc,phases   ] GC(14)   Post Evacuate Collection Set: 1.1ms
[2025-12-05T08:42:37.083+0000][5.381s][info ][gc,phases   ] GC(14)   Other: 0.1ms
[2025-12-05T08:42:37.083+0000][5.381s][info ][gc,heap     ] GC(14) Eden regions: 46->0(42)
[2025-12-05T08:42:37.083+0000][5.381s][info ][gc,heap     ] GC(14) Survivor regions: 5->5(7)
[2025-12-05T08:42:37.083+0000][5.381s][info ][gc,heap     ] GC(14) Old regions: 40->45
[2025-12-05T08:42:37.083+0000][5.381s][info ][gc,heap     ] GC(14) Archive regions: 2->2
[2025-12-05T08:42:37.083+0000][5.381s][info ][gc,heap     ] GC(14) Humongous regions: 0->0
[2025-12-05T08:42:37.083+0000][5.381s][info ][gc,metaspace] GC(14) Metaspace: 25512K(25920K)->25512K(25920K) NonClass: 22175K(22400K)->22175K(22400K) Class: 3336K(3520K)->3336K(3520K)
[2025-12-05T08:42:37.083+0000][5.381s][info ][gc          ] GC(14) Pause Young (Normal) (G1 Evacuation Pause) 91M->49M(117M) 13.905ms
[2025-12-05T08:42:37.083+0000][5.381s][info ][gc,cpu      ] GC(14) User=0.04s Sys=0.00s Real=0.01s
[2025-12-05T08:42:37.083+0000][5.381s][info ][safepoint   ] Safepoint "G1CollectForAllocation", Time since last: 113188132 ns, Reaching safepoint: 86726 ns, Cleanup: 44014 ns, At safepoint: 14002396 ns, Total: 14133136 ns
[2025-12-05T08:42:37.268+0000][5.566s][debug][safepoint   ] Safepoint synchronization initiated using futex wait barrier. (22 threads)
[2025-12-05T08:42:37.268+0000][5.566s][info ][gc,start    ] GC(15) Pause Young (Normal) (G1 Evacuation Pause)
[2025-12-05T08:42:37.269+0000][5.566s][info ][gc,task     ] GC(15) Using 2 workers of 13 for evacuation
[2025-12-05T08:42:37.278+0000][5.575s][info ][gc,phases   ] GC(15)   Pre Evacuate Collection Set: 0.2ms
[2025-12-05T08:42:37.278+0000][5.575s][info ][gc,phases   ] GC(15)   Merge Heap Roots: 0.2ms
[2025-12-05T08:42:37.278+0000][5.575s][info ][gc,phases   ] GC(15)   Evacuate Collection Set: 6.0ms
[2025-12-05T08:42:37.278+0000][5.575s][info ][gc,phases   ] GC(15)   Post Evacuate Collection Set: 2.8ms
[2025-12-05T08:42:37.278+0000][5.575s][info ][gc,phases   ] GC(15)   Other: 0.2ms
[2025-12-05T08:42:37.278+0000][5.575s][info ][gc,heap     ] GC(15) Eden regions: 42->0(123)
[2025-12-05T08:42:37.278+0000][5.575s][info ][gc,heap     ] GC(15) Survivor regions: 5->3(6)
[2025-12-05T08:42:37.278+0000][5.575s][info ][gc,heap     ] GC(15) Old regions: 45->50
[2025-12-05T08:42:37.278+0000][5.575s][info ][gc,heap     ] GC(15) Archive regions: 2->2
[2025-12-05T08:42:37.278+0000][5.575s][info ][gc,heap     ] GC(15) Humongous regions: 0->0
[2025-12-05T08:42:37.278+0000][5.575s][info ][gc,metaspace] GC(15) Metaspace: 25760K(26112K)->25760K(26112K) NonClass: 22396K(22592K)->22396K(22592K) Class: 3364K(3520K)->3364K(3520K)
[2025-12-05T08:42:37.278+0000][5.575s][info ][gc          ] GC(15) Pause Young (Normal) (G1 Evacuation Pause) 91M->52M(233M) 9.525ms
[2025-12-05T08:42:37.278+0000][5.575s][info ][gc,cpu      ] GC(15) User=0.07s Sys=0.02s Real=0.01s
[2025-12-05T08:42:37.278+0000][5.576s][info ][safepoint   ] Safepoint "G1CollectForAllocation", Time since last: 184703123 ns, Reaching safepoint: 104470 ns, Cleanup: 109850 ns, At safepoint: 9685798 ns, Total: 9900118 ns
[2025-12-05T08:42:38.121+0000][6.419s][debug][safepoint   ] Safepoint synchronization initiated using futex wait barrier. (22 threads)
[2025-12-05T08:42:38.122+0000][6.419s][info ][safepoint   ] Safepoint "ICBufferFull", Time since last: 843290277 ns, Reaching safepoint: 98469 ns, Cleanup: 241772 ns, At safepoint: 53403 ns, Total: 393644 ns
[2025-12-05T08:42:38.322+0000][6.620s][debug][safepoint   ] Safepoint synchronization initiated using futex wait barrier. (22 threads)
[2025-12-05T08:42:38.322+0000][6.620s][info ][gc,start    ] GC(16) Pause Young (Normal) (G1 Evacuation Pause)
[2025-12-05T08:42:38.322+0000][6.620s][info ][gc,task     ] GC(16) Using 5 workers of 13 for evacuation
[2025-12-05T08:42:38.331+0000][6.628s][info ][gc,phases   ] GC(16)   Pre Evacuate Collection Set: 0.3ms
[2025-12-05T08:42:38.331+0000][6.628s][info ][gc,phases   ] GC(16)   Merge Heap Roots: 0.2ms
[2025-12-05T08:42:38.331+0000][6.628s][info ][gc,phases   ] GC(16)   Evacuate Collection Set: 6.2ms
[2025-12-05T08:42:38.331+0000][6.628s][info ][gc,phases   ] GC(16)   Post Evacuate Collection Set: 1.2ms
[2025-12-05T08:42:38.331+0000][6.628s][info ][gc,phases   ] GC(16)   Other: 0.2ms
[2025-12-05T08:42:38.331+0000][6.628s][info ][gc,heap     ] GC(16) Eden regions: 123->0(121)
[2025-12-05T08:42:38.331+0000][6.628s][info ][gc,heap     ] GC(16) Survivor regions: 3->9(16)
[2025-12-05T08:42:38.331+0000][6.628s][info ][gc,heap     ] GC(16) Old regions: 50->50
[2025-12-05T08:42:38.331+0000][6.628s][info ][gc,heap     ] GC(16) Archive regions: 2->2
[2025-12-05T08:42:38.331+0000][6.628s][info ][gc,heap     ] GC(16) Humongous regions: 0->0
[2025-12-05T08:42:38.331+0000][6.628s][info ][gc,metaspace] GC(16) Metaspace: 26075K(26368K)->26075K(26368K) NonClass: 22685K(22848K)->22685K(22848K) Class: 3389K(3520K)->3389K(3520K)
[2025-12-05T08:42:38.331+0000][6.628s][info ][gc          ] GC(16) Pause Young (Normal) (G1 Evacuation Pause) 175M->57M(233M) 8.309ms
[2025-12-05T08:42:38.331+0000][6.628s][info ][gc,cpu      ] GC(16) User=0.04s Sys=0.01s Real=0.01s
[2025-12-05T08:42:38.331+0000][6.628s][info ][safepoint   ] Safepoint "G1CollectForAllocation", Time since last: 200501377 ns, Reaching safepoint: 78611 ns, Cleanup: 25779 ns, At safepoint: 8419490 ns, Total: 8523880 ns
[2025-12-05T08:42:38.477+0000][6.774s][debug][safepoint   ] ... found polling page loop exception at pc = 0x0000706eb92679da, stub =0x0000706eb8a04400
[2025-12-05T08:42:38.636+0000][6.934s][debug][safepoint   ] Safepoint synchronization initiated using futex wait barrier. (23 threads)
[2025-12-05T08:42:38.637+0000][6.934s][info ][gc,start    ] GC(17) Pause Young (Normal) (G1 Evacuation Pause)
[2025-12-05T08:42:38.637+0000][6.934s][info ][gc,task     ] GC(17) Using 5 workers of 13 for evacuation
[2025-12-05T08:42:38.643+0000][6.940s][info ][gc,phases   ] GC(17)   Pre Evacuate Collection Set: 0.2ms
[2025-12-05T08:42:38.643+0000][6.941s][info ][gc,phases   ] GC(17)   Merge Heap Roots: 0.2ms
[2025-12-05T08:42:38.643+0000][6.941s][info ][gc,phases   ] GC(17)   Evacuate Collection Set: 4.7ms
[2025-12-05T08:42:38.643+0000][6.941s][info ][gc,phases   ] GC(17)   Post Evacuate Collection Set: 1.0ms
[2025-12-05T08:42:38.643+0000][6.941s][info ][gc,phases   ] GC(17)   Other: 0.3ms
[2025-12-05T08:42:38.643+0000][6.941s][info ][gc,heap     ] GC(17) Eden regions: 121->0(123)
[2025-12-05T08:42:38.643+0000][6.941s][info ][gc,heap     ] GC(17) Survivor regions: 9->11(17)
[2025-12-05T08:42:38.643+0000][6.941s][info ][gc,heap     ] GC(17) Old regions: 50->50
[2025-12-05T08:42:38.643+0000][6.941s][info ][gc,heap     ] GC(17) Archive regions: 2->2
[2025-12-05T08:42:38.643+0000][6.941s][info ][gc,heap     ] GC(17) Humongous regions: 0->0
[2025-12-05T08:42:38.643+0000][6.941s][info ][gc,metaspace] GC(17) Metaspace: 27630K(27904K)->27630K(27904K) NonClass: 24126K(24256K)->24126K(24256K) Class: 3503K(3648K)->3503K(3648K)
[2025-12-05T08:42:38.643+0000][6.941s][info ][gc          ] GC(17) Pause Young (Normal) (G1 Evacuation Pause) 178M->60M(233M) 6.407ms
[2025-12-05T08:42:38.643+0000][6.941s][info ][gc,cpu      ] GC(17) User=0.03s Sys=0.01s Real=0.01s
[2025-12-05T08:42:38.643+0000][6.941s][info ][safepoint   ] Safepoint "G1CollectForAllocation", Time since last: 305541803 ns, Reaching safepoint: 110421 ns, Cleanup: 187589 ns, At safepoint: 6567334 ns, Total: 6865344 ns
[2025-12-05T08:42:38.993+0000][7.290s][debug][safepoint   ] Safepoint synchronization initiated using futex wait barrier. (20 threads)
[2025-12-05T08:42:38.993+0000][7.290s][info ][gc,start    ] GC(18) Pause Young (Normal) (G1 Evacuation Pause)
[2025-12-05T08:42:38.993+0000][7.290s][info ][gc,task     ] GC(18) Using 5 workers of 13 for evacuation
[2025-12-05T08:42:38.999+0000][7.297s][info ][gc,phases   ] GC(18)   Pre Evacuate Collection Set: 0.2ms
[2025-12-05T08:42:38.999+0000][7.297s][info ][gc,phases   ] GC(18)   Merge Heap Roots: 0.2ms
[2025-12-05T08:42:39.000+0000][7.297s][info ][gc,phases   ] GC(18)   Evacuate Collection Set: 4.0ms
[2025-12-05T08:42:39.000+0000][7.297s][info ][gc,phases   ] GC(18)   Post Evacuate Collection Set: 1.7ms
[2025-12-05T08:42:39.000+0000][7.297s][info ][gc,phases   ] GC(18)   Other: 0.3ms
[2025-12-05T08:42:39.000+0000][7.297s][info ][gc,heap     ] GC(18) Eden regions: 123->0(126)
[2025-12-05T08:42:39.000+0000][7.297s][info ][gc,heap     ] GC(18) Survivor regions: 11->10(17)
[2025-12-05T08:42:39.000+0000][7.297s][info ][gc,heap     ] GC(18) Old regions: 50->52
[2025-12-05T08:42:39.000+0000][7.297s][info ][gc,heap     ] GC(18) Archive regions: 2->2
[2025-12-05T08:42:39.000+0000][7.297s][info ][gc,heap     ] GC(18) Humongous regions: 0->0
[2025-12-05T08:42:39.000+0000][7.297s][info ][gc,metaspace] GC(18) Metaspace: 28774K(29120K)->28774K(29120K) NonClass: 25136K(25344K)->25136K(25344K) Class: 3638K(3776K)->3638K(3776K)
[2025-12-05T08:42:39.000+0000][7.297s][info ][gc          ] GC(18) Pause Young (Normal) (G1 Evacuation Pause) 183M->61M(233M) 6.649ms
[2025-12-05T08:42:39.000+0000][7.297s][info ][gc,cpu      ] GC(18) User=0.03s Sys=0.00s Real=0.00s
[2025-12-05T08:42:39.000+0000][7.297s][info ][safepoint   ] Safepoint "G1CollectForAllocation", Time since last: 349445347 ns, Reaching safepoint: 120230 ns, Cleanup: 120470 ns, At safepoint: 6799950 ns, Total: 7040650 ns
[2025-12-05T08:42:39.690+0000][7.988s][debug][safepoint   ] Safepoint synchronization initiated using futex wait barrier. (18 threads)
[2025-12-05T08:42:39.690+0000][7.988s][info ][gc,start    ] GC(19) Pause Young (Normal) (G1 Evacuation Pause)
[2025-12-05T08:42:39.690+0000][7.988s][info ][gc,task     ] GC(19) Using 5 workers of 13 for evacuation
[2025-12-05T08:42:39.696+0000][7.994s][info ][gc,phases   ] GC(19)   Pre Evacuate Collection Set: 0.1ms
[2025-12-05T08:42:39.696+0000][7.994s][info ][gc,phases   ] GC(19)   Merge Heap Roots: 0.2ms
[2025-12-05T08:42:39.696+0000][7.994s][info ][gc,phases   ] GC(19)   Evacuate Collection Set: 4.2ms
[2025-12-05T08:42:39.696+0000][7.994s][info ][gc,phases   ] GC(19)   Post Evacuate Collection Set: 1.4ms
[2025-12-05T08:42:39.696+0000][7.994s][info ][gc,phases   ] GC(19)   Other: 0.1ms
[2025-12-05T08:42:39.696+0000][7.994s][info ][gc,heap     ] GC(19) Eden regions: 126->0(129)
[2025-12-05T08:42:39.696+0000][7.994s][info ][gc,heap     ] GC(19) Survivor regions: 10->6(17)
[2025-12-05T08:42:39.696+0000][7.994s][info ][gc,heap     ] GC(19) Old regions: 52->56
[2025-12-05T08:42:39.697+0000][7.994s][info ][gc,heap     ] GC(19) Archive regions: 2->2
[2025-12-05T08:42:39.697+0000][7.994s][info ][gc,heap     ] GC(19) Humongous regions: 0->0
[2025-12-05T08:42:39.697+0000][7.994s][info ][gc,metaspace] GC(19) Metaspace: 35115K(35456K)->35115K(35456K) NonClass: 30797K(30976K)->30797K(30976K) Class: 4318K(4480K)->4318K(4480K)
[2025-12-05T08:42:39.697+0000][7.994s][info ][gc          ] GC(19) Pause Young (Normal) (G1 Evacuation Pause) 187M->60M(233M) 6.304ms
[2025-12-05T08:42:39.697+0000][7.994s][info ][gc,cpu      ] GC(19) User=0.03s Sys=0.01s Real=0.00s
[2025-12-05T08:42:39.697+0000][7.994s][info ][safepoint   ] Safepoint "G1CollectForAllocation", Time since last: 690361794 ns, Reaching safepoint: 82418 ns, Cleanup: 88950 ns, At safepoint: 6411395 ns, Total: 6582763 ns
[2025-12-05T08:42:39.869+0000][8.167s][debug][safepoint   ] Safepoint synchronization initiated using futex wait barrier. (18 threads)
[2025-12-05T08:42:39.869+0000][8.167s][info ][gc,start    ] GC(20) Pause Young (Concurrent Start) (Metadata GC Threshold)
[2025-12-05T08:42:39.869+0000][8.167s][info ][gc,task     ] GC(20) Using 5 workers of 13 for evacuation
[2025-12-05T08:42:39.873+0000][8.171s][info ][gc,phases   ] GC(20)   Pre Evacuate Collection Set: 0.2ms
[2025-12-05T08:42:39.874+0000][8.171s][info ][gc,phases   ] GC(20)   Merge Heap Roots: 0.1ms
[2025-12-05T08:42:39.874+0000][8.171s][info ][gc,phases   ] GC(20)   Evacuate Collection Set: 2.5ms
[2025-12-05T08:42:39.874+0000][8.171s][info ][gc,phases   ] GC(20)   Post Evacuate Collection Set: 1.1ms
[2025-12-05T08:42:39.874+0000][8.171s][info ][gc,phases   ] GC(20)   Other: 0.2ms
[2025-12-05T08:42:39.874+0000][8.171s][info ][gc,heap     ] GC(20) Eden regions: 37->0(132)
[2025-12-05T08:42:39.874+0000][8.171s][info ][gc,heap     ] GC(20) Survivor regions: 6->6(17)
[2025-12-05T08:42:39.874+0000][8.171s][info ][gc,heap     ] GC(20) Old regions: 56->56
[2025-12-05T08:42:39.874+0000][8.171s][info ][gc,heap     ] GC(20) Archive regions: 2->2
[2025-12-05T08:42:39.874+0000][8.171s][info ][gc,heap     ] GC(20) Humongous regions: 0->0
[2025-12-05T08:42:39.874+0000][8.171s][info ][gc,metaspace] GC(20) Metaspace: 35663K(35968K)->35663K(35968K) NonClass: 31267K(31424K)->31267K(31424K) Class: 4396K(4544K)->4396K(4544K)
[2025-12-05T08:42:39.874+0000][8.171s][info ][gc          ] GC(20) Pause Young (Concurrent Start) (Metadata GC Threshold) 97M->61M(233M) 4.337ms
[2025-12-05T08:42:39.874+0000][8.171s][info ][gc,cpu      ] GC(20) User=0.01s Sys=0.01s Real=0.00s
[2025-12-05T08:42:39.874+0000][8.171s][info ][gc          ] GC(21) Concurrent Mark Cycle
[2025-12-05T08:42:39.874+0000][8.171s][info ][safepoint   ] Safepoint "CollectForMetadataAllocation", Time since last: 172571716 ns, Reaching safepoint: 99120 ns, Cleanup: 55556 ns, At safepoint: 4514875 ns, Total: 4669551 ns
[2025-12-05T08:42:39.874+0000][8.171s][info ][gc,marking  ] GC(21) Concurrent Clear Claimed Marks
[2025-12-05T08:42:39.874+0000][8.171s][info ][gc,marking  ] GC(21) Concurrent Clear Claimed Marks 0.088ms
[2025-12-05T08:42:39.874+0000][8.171s][info ][gc,marking  ] GC(21) Concurrent Scan Root Regions
[2025-12-05T08:42:39.876+0000][8.174s][info ][gc,marking  ] GC(21) Concurrent Scan Root Regions 2.220ms
[2025-12-05T08:42:39.876+0000][8.174s][info ][gc,marking  ] GC(21) Concurrent Mark
[2025-12-05T08:42:39.876+0000][8.174s][info ][gc,marking  ] GC(21) Concurrent Mark From Roots
[2025-12-05T08:42:39.876+0000][8.174s][info ][gc,task     ] GC(21) Using 3 workers of 3 for marking
[2025-12-05T08:42:39.903+0000][8.201s][info ][gc,marking  ] GC(21) Concurrent Mark From Roots 26.819ms
[2025-12-05T08:42:39.903+0000][8.201s][info ][gc,marking  ] GC(21) Concurrent Preclean
[2025-12-05T08:42:39.904+0000][8.201s][info ][gc,marking  ] GC(21) Concurrent Preclean 0.357ms
[2025-12-05T08:42:39.904+0000][8.201s][debug][safepoint   ] Safepoint synchronization initiated using futex wait barrier. (18 threads)
[2025-12-05T08:42:39.904+0000][8.201s][info ][gc,start    ] GC(21) Pause Remark
[2025-12-05T08:42:39.907+0000][8.205s][info ][gc          ] GC(21) Pause Remark 66M->66M(230M) 3.450ms
[2025-12-05T08:42:39.907+0000][8.205s][info ][gc,cpu      ] GC(21) User=0.00s Sys=0.01s Real=0.00s
[2025-12-05T08:42:39.907+0000][8.205s][info ][safepoint   ] Safepoint "G1PauseRemark", Time since last: 29838407 ns, Reaching safepoint: 149576 ns, Cleanup: 7675 ns, At safepoint: 3620100 ns, Total: 3777351 ns
[2025-12-05T08:42:39.908+0000][8.205s][info ][gc,marking  ] GC(21) Concurrent Mark 31.284ms
[2025-12-05T08:42:39.908+0000][8.205s][info ][gc,marking  ] GC(21) Concurrent Rebuild Remembered Sets
[2025-12-05T08:42:39.923+0000][8.220s][info ][gc,marking  ] GC(21) Concurrent Rebuild Remembered Sets 15.285ms
[2025-12-05T08:42:39.923+0000][8.221s][debug][safepoint   ] Safepoint synchronization initiated using futex wait barrier. (18 threads)
[2025-12-05T08:42:39.923+0000][8.221s][info ][gc,start    ] GC(21) Pause Cleanup
[2025-12-05T08:42:39.924+0000][8.221s][info ][gc          ] GC(21) Pause Cleanup 68M->68M(230M) 0.331ms
[2025-12-05T08:42:39.924+0000][8.221s][info ][gc,cpu      ] GC(21) User=0.00s Sys=0.00s Real=0.00s
[2025-12-05T08:42:39.924+0000][8.221s][info ][safepoint   ] Safepoint "G1PauseCleanup", Time since last: 15600357 ns, Reaching safepoint: 244739 ns, Cleanup: 12924 ns, At safepoint: 552999 ns, Total: 810662 ns
[2025-12-05T08:42:39.924+0000][8.222s][info ][gc,marking  ] GC(21) Concurrent Cleanup for Next Mark
[2025-12-05T08:42:39.926+0000][8.223s][info ][gc,marking  ] GC(21) Concurrent Cleanup for Next Mark 1.647ms
[2025-12-05T08:42:39.926+0000][8.223s][info ][gc          ] GC(21) Concurrent Mark Cycle 51.940ms
[2025-12-05T08:42:40.536+0000][8.833s][debug][safepoint   ] Safepoint synchronization initiated using futex wait barrier. (19 threads)
[2025-12-05T08:42:40.536+0000][8.833s][info ][gc,start    ] GC(22) Pause Young (Prepare Mixed) (G1 Evacuation Pause)
[2025-12-05T08:42:40.536+0000][8.833s][info ][gc,task     ] GC(22) Using 5 workers of 13 for evacuation
[2025-12-05T08:42:40.541+0000][8.838s][info ][gc,phases   ] GC(22)   Pre Evacuate Collection Set: 0.2ms
[2025-12-05T08:42:40.541+0000][8.838s][info ][gc,phases   ] GC(22)   Merge Heap Roots: 0.2ms
[2025-12-05T08:42:40.541+0000][8.838s][info ][gc,phases   ] GC(22)   Evacuate Collection Set: 3.3ms
[2025-12-05T08:42:40.541+0000][8.838s][info ][gc,phases   ] GC(22)   Post Evacuate Collection Set: 1.1ms
[2025-12-05T08:42:40.541+0000][8.838s][info ][gc,phases   ] GC(22)   Other: 0.2ms
[2025-12-05T08:42:40.541+0000][8.838s][info ][gc,heap     ] GC(22) Eden regions: 132->0(4)
[2025-12-05T08:42:40.541+0000][8.838s][info ][gc,heap     ] GC(22) Survivor regions: 6->7(18)
[2025-12-05T08:42:40.541+0000][8.838s][info ][gc,heap     ] GC(22) Old regions: 56->56
[2025-12-05T08:42:40.541+0000][8.838s][info ][gc,heap     ] GC(22) Archive regions: 2->2
[2025-12-05T08:42:40.541+0000][8.838s][info ][gc,heap     ] GC(22) Humongous regions: 0->0
[2025-12-05T08:42:40.541+0000][8.838s][info ][gc,metaspace] GC(22) Metaspace: 37290K(37696K)->37290K(37696K) NonClass: 32663K(32832K)->32663K(32832K) Class: 4626K(4864K)->4626K(4864K)
[2025-12-05T08:42:40.541+0000][8.838s][info ][gc          ] GC(22) Pause Young (Prepare Mixed) (G1 Evacuation Pause) 193M->61M(230M) 5.036ms
[2025-12-05T08:42:40.541+0000][8.838s][info ][gc,cpu      ] GC(22) User=0.03s Sys=0.01s Real=0.01s
[2025-12-05T08:42:40.541+0000][8.838s][info ][safepoint   ] Safepoint "G1CollectForAllocation", Time since last: 611678614 ns, Reaching safepoint: 101284 ns, Cleanup: 141241 ns, At safepoint: 5186150 ns, Total: 5428675 ns
[2025-12-05T08:42:40.568+0000][8.866s][debug][safepoint   ] Safepoint synchronization initiated using futex wait barrier. (19 threads)
[2025-12-05T08:42:40.569+0000][8.866s][info ][gc,start    ] GC(23) Pause Young (Mixed) (G1 Evacuation Pause)
[2025-12-05T08:42:40.569+0000][8.866s][info ][gc,task     ] GC(23) Using 5 workers of 13 for evacuation
[2025-12-05T08:42:40.573+0000][8.871s][info ][gc,phases   ] GC(23)   Pre Evacuate Collection Set: 0.1ms
[2025-12-05T08:42:40.573+0000][8.871s][info ][gc,phases   ] GC(23)   Merge Heap Roots: 0.1ms
[2025-12-05T08:42:40.573+0000][8.871s][info ][gc,phases   ] GC(23)   Evacuate Collection Set: 3.1ms
[2025-12-05T08:42:40.573+0000][8.871s][info ][gc,phases   ] GC(23)   Post Evacuate Collection Set: 1.1ms
[2025-12-05T08:42:40.573+0000][8.871s][info ][gc,phases   ] GC(23)   Other: 0.1ms
[2025-12-05T08:42:40.573+0000][8.871s][info ][gc,heap     ] GC(23) Eden regions: 4->0(132)
[2025-12-05T08:42:40.573+0000][8.871s][info ][gc,heap     ] GC(23) Survivor regions: 7->1(2)
[2025-12-05T08:42:40.573+0000][8.871s][info ][gc,heap     ] GC(23) Old regions: 56->60
[2025-12-05T08:42:40.573+0000][8.871s][info ][gc,heap     ] GC(23) Archive regions: 2->2
[2025-12-05T08:42:40.573+0000][8.871s][info ][gc,heap     ] GC(23) Humongous regions: 0->0
[2025-12-05T08:42:40.573+0000][8.871s][info ][gc,metaspace] GC(23) Metaspace: 37417K(37824K)->37417K(37824K) NonClass: 32771K(32960K)->32771K(32960K) Class: 4645K(4864K)->4645K(4864K)
[2025-12-05T08:42:40.573+0000][8.871s][info ][gc          ] GC(23) Pause Young (Mixed) (G1 Evacuation Pause) 65M->61M(230M) 4.708ms
[2025-12-05T08:42:40.573+0000][8.871s][info ][gc,cpu      ] GC(23) User=0.02s Sys=0.00s Real=0.00s
[2025-12-05T08:42:40.573+0000][8.871s][info ][safepoint   ] Safepoint "G1CollectForAllocation", Time since last: 27377339 ns, Reaching safepoint: 103728 ns, Cleanup: 27924 ns, At safepoint: 4834190 ns, Total: 4965842 ns
[2025-12-05T08:42:41.217+0000][9.515s][debug][safepoint   ] Safepoint synchronization initiated using futex wait barrier. (19 threads)
[2025-12-05T08:42:41.218+0000][9.515s][info ][safepoint   ] Safepoint "ICBufferFull", Time since last: 643918980 ns, Reaching safepoint: 191366 ns, Cleanup: 136882 ns, At safepoint: 60757 ns, Total: 389005 ns
[2025-12-05T08:42:41.264+0000][9.561s][debug][safepoint   ] Safepoint synchronization initiated using futex wait barrier. (19 threads)
[2025-12-05T08:42:41.264+0000][9.562s][info ][gc,start    ] GC(24) Pause Young (Normal) (G1 Evacuation Pause)
[2025-12-05T08:42:41.264+0000][9.562s][info ][gc,task     ] GC(24) Using 5 workers of 13 for evacuation
[2025-12-05T08:42:41.267+0000][9.565s][info ][gc,phases   ] GC(24)   Pre Evacuate Collection Set: 0.1ms
[2025-12-05T08:42:41.268+0000][9.565s][info ][gc,phases   ] GC(24)   Merge Heap Roots: 0.1ms
[2025-12-05T08:42:41.268+0000][9.565s][info ][gc,phases   ] GC(24)   Evacuate Collection Set: 2.0ms
[2025-12-05T08:42:41.268+0000][9.565s][info ][gc,phases   ] GC(24)   Post Evacuate Collection Set: 1.1ms
[2025-12-05T08:42:41.268+0000][9.565s][info ][gc,phases   ] GC(24)   Other: 0.1ms
[2025-12-05T08:42:41.268+0000][9.565s][info ][gc,heap     ] GC(24) Eden regions: 132->0(131)
[2025-12-05T08:42:41.268+0000][9.565s][info ][gc,heap     ] GC(24) Survivor regions: 1->3(17)
[2025-12-05T08:42:41.268+0000][9.565s][info ][gc,heap     ] GC(24) Old regions: 60->60
[2025-12-05T08:42:41.268+0000][9.565s][info ][gc,heap     ] GC(24) Archive regions: 2->2
[2025-12-05T08:42:41.268+0000][9.565s][info ][gc,heap     ] GC(24) Humongous regions: 0->0
[2025-12-05T08:42:41.268+0000][9.565s][info ][gc,metaspace] GC(24) Metaspace: 40577K(41024K)->40577K(41024K) NonClass: 35481K(35712K)->35481K(35712K) Class: 5096K(5312K)->5096K(5312K)
[2025-12-05T08:42:41.268+0000][9.565s][info ][gc          ] GC(24) Pause Young (Normal) (G1 Evacuation Pause) 193M->62M(230M) 3.558ms
[2025-12-05T08:42:41.268+0000][9.565s][info ][gc,cpu      ] GC(24) User=0.01s Sys=0.00s Real=0.00s
[2025-12-05T08:42:41.268+0000][9.565s][info ][safepoint   ] Safepoint "G1CollectForAllocation", Time since last: 46257010 ns, Reaching safepoint: 71107 ns, Cleanup: 32241 ns, At safepoint: 3673193 ns, Total: 3776541 ns
[2025-12-05T08:42:42.244+0000][10.542s][debug][safepoint   ] Safepoint synchronization initiated using futex wait barrier. (19 threads)
[2025-12-05T08:42:42.245+0000][10.542s][info ][gc,start    ] GC(25) Pause Young (Normal) (G1 Evacuation Pause)
[2025-12-05T08:42:42.245+0000][10.542s][info ][gc,task     ] GC(25) Using 5 workers of 13 for evacuation
[2025-12-05T08:42:42.249+0000][10.546s][info ][gc,phases   ] GC(25)   Pre Evacuate Collection Set: 0.2ms
[2025-12-05T08:42:42.249+0000][10.546s][info ][gc,phases   ] GC(25)   Merge Heap Roots: 0.1ms
[2025-12-05T08:42:42.249+0000][10.546s][info ][gc,phases   ] GC(25)   Evacuate Collection Set: 2.3ms
[2025-12-05T08:42:42.249+0000][10.546s][info ][gc,phases   ] GC(25)   Post Evacuate Collection Set: 1.1ms
[2025-12-05T08:42:42.249+0000][10.546s][info ][gc,phases   ] GC(25)   Other: 0.2ms
[2025-12-05T08:42:42.249+0000][10.546s][info ][gc,heap     ] GC(25) Eden regions: 131->0(130)
[2025-12-05T08:42:42.249+0000][10.546s][info ][gc,heap     ] GC(25) Survivor regions: 3->5(17)
[2025-12-05T08:42:42.249+0000][10.546s][info ][gc,heap     ] GC(25) Old regions: 60->60
[2025-12-05T08:42:42.249+0000][10.546s][info ][gc,heap     ] GC(25) Archive regions: 2->2
[2025-12-05T08:42:42.249+0000][10.546s][info ][gc,heap     ] GC(25) Humongous regions: 0->0
[2025-12-05T08:42:42.249+0000][10.546s][info ][gc,metaspace] GC(25) Metaspace: 43114K(43520K)->43114K(43520K) NonClass: 37679K(37888K)->37679K(37888K) Class: 5434K(5632K)->5434K(5632K)
[2025-12-05T08:42:42.249+0000][10.546s][info ][gc          ] GC(25) Pause Young (Normal) (G1 Evacuation Pause) 193M->64M(230M) 3.983ms
[2025-12-05T08:42:42.249+0000][10.546s][info ][gc,cpu      ] GC(25) User=0.01s Sys=0.00s Real=0.01s
[2025-12-05T08:42:42.249+0000][10.546s][info ][safepoint   ] Safepoint "G1CollectForAllocation", Time since last: 976749544 ns, Reaching safepoint: 125791 ns, Cleanup: 147392 ns, At safepoint: 4108220 ns, Total: 4381403 ns
[2025-12-05T08:42:42.888+0000][11.186s][debug][safepoint   ] Safepoint synchronization initiated using futex wait barrier. (19 threads)
[2025-12-05T08:42:42.889+0000][11.186s][info ][safepoint   ] Safepoint "ICBufferFull", Time since last: 639450464 ns, Reaching safepoint: 92296 ns, Cleanup: 221545 ns, At safepoint: 3286 ns, Total: 317127 ns
[2025-12-05T08:42:43.185+0000][11.483s][debug][safepoint   ] Safepoint synchronization initiated using futex wait barrier. (19 threads)
[2025-12-05T08:42:43.186+0000][11.483s][info ][gc,start    ] GC(26) Pause Young (Normal) (G1 Evacuation Pause)
[2025-12-05T08:42:43.186+0000][11.483s][info ][gc,task     ] GC(26) Using 5 workers of 13 for evacuation
[2025-12-05T08:42:43.191+0000][11.489s][info ][gc,phases   ] GC(26)   Pre Evacuate Collection Set: 0.2ms
[2025-12-05T08:42:43.191+0000][11.489s][info ][gc,phases   ] GC(26)   Merge Heap Roots: 0.1ms
[2025-12-05T08:42:43.191+0000][11.489s][info ][gc,phases   ] GC(26)   Evacuate Collection Set: 4.0ms
[2025-12-05T08:42:43.191+0000][11.489s][info ][gc,phases   ] GC(26)   Post Evacuate Collection Set: 1.2ms
[2025-12-05T08:42:43.191+0000][11.489s][info ][gc,phases   ] GC(26)   Other: 0.2ms
[2025-12-05T08:42:43.191+0000][11.489s][info ][gc,heap     ] GC(26) Eden regions: 130->0(128)
[2025-12-05T08:42:43.191+0000][11.489s][info ][gc,heap     ] GC(26) Survivor regions: 5->7(17)
[2025-12-05T08:42:43.191+0000][11.489s][info ][gc,heap     ] GC(26) Old regions: 60->60
[2025-12-05T08:42:43.191+0000][11.489s][info ][gc,heap     ] GC(26) Archive regions: 2->2
[2025-12-05T08:42:43.191+0000][11.489s][info ][gc,heap     ] GC(26) Humongous regions: 0->0
[2025-12-05T08:42:43.191+0000][11.489s][info ][gc,metaspace] GC(26) Metaspace: 46908K(47360K)->46908K(47360K) NonClass: 40956K(41216K)->40956K(41216K) Class: 5951K(6144K)->5951K(6144K)
[2025-12-05T08:42:43.191+0000][11.489s][info ][gc          ] GC(26) Pause Young (Normal) (G1 Evacuation Pause) 194M->67M(230M) 5.850ms
[2025-12-05T08:42:43.191+0000][11.489s][info ][gc,cpu      ] GC(26) User=0.04s Sys=0.01s Real=0.01s
[2025-12-05T08:42:43.192+0000][11.489s][info ][safepoint   ] Safepoint "G1CollectForAllocation", Time since last: 296703361 ns, Reaching safepoint: 91545 ns, Cleanup: 151540 ns, At safepoint: 6072346 ns, Total: 6315431 ns
[2025-12-05T08:42:44.039+0000][12.336s][debug][safepoint   ] Safepoint synchronization initiated using futex wait barrier. (21 threads)
[2025-12-05T08:42:44.039+0000][12.337s][info ][safepoint   ] Safepoint "ICBufferFull", Time since last: 846967593 ns, Reaching safepoint: 213910 ns, Cleanup: 189453 ns, At safepoint: 45016 ns, Total: 448379 ns
[2025-12-05T08:42:44.124+0000][12.422s][debug][safepoint   ] Safepoint synchronization initiated using futex wait barrier. (21 threads)
[2025-12-05T08:42:44.124+0000][12.422s][info ][gc,start    ] GC(27) Pause Young (Normal) (G1 Evacuation Pause)
[2025-12-05T08:42:44.124+0000][12.422s][info ][gc,task     ] GC(27) Using 5 workers of 13 for evacuation
[2025-12-05T08:42:44.130+0000][12.428s][info ][gc,phases   ] GC(27)   Pre Evacuate Collection Set: 0.2ms
[2025-12-05T08:42:44.130+0000][12.428s][info ][gc,phases   ] GC(27)   Merge Heap Roots: 0.1ms
[2025-12-05T08:42:44.130+0000][12.428s][info ][gc,phases   ] GC(27)   Evacuate Collection Set: 4.4ms
[2025-12-05T08:42:44.130+0000][12.428s][info ][gc,phases   ] GC(27)   Post Evacuate Collection Set: 1.2ms
[2025-12-05T08:42:44.130+0000][12.428s][info ][gc,phases   ] GC(27)   Other: 0.1ms
[2025-12-05T08:42:44.130+0000][12.428s][info ][gc,heap     ] GC(27) Eden regions: 128->0(126)
[2025-12-05T08:42:44.130+0000][12.428s][info ][gc,heap     ] GC(27) Survivor regions: 7->9(17)
[2025-12-05T08:42:44.131+0000][12.428s][info ][gc,heap     ] GC(27) Old regions: 60->60
[2025-12-05T08:42:44.131+0000][12.428s][info ][gc,heap     ] GC(27) Archive regions: 2->2
[2025-12-05T08:42:44.131+0000][12.428s][info ][gc,heap     ] GC(27) Humongous regions: 0->0
[2025-12-05T08:42:44.131+0000][12.428s][info ][gc,metaspace] GC(27) Metaspace: 51596K(52032K)->51596K(52032K) NonClass: 45013K(45248K)->45013K(45248K) Class: 6582K(6784K)->6582K(6784K)
[2025-12-05T08:42:44.131+0000][12.428s][info ][gc          ] GC(27) Pause Young (Normal) (G1 Evacuation Pause) 195M->69M(230M) 6.253ms
[2025-12-05T08:42:44.131+0000][12.428s][info ][gc,cpu      ] GC(27) User=0.06s Sys=0.01s Real=0.01s
[2025-12-05T08:42:44.131+0000][12.428s][info ][safepoint   ] Safepoint "G1CollectForAllocation", Time since last: 85125257 ns, Reaching safepoint: 97957 ns, Cleanup: 32222 ns, At safepoint: 6378612 ns, Total: 6508791 ns
[2025-12-05T08:42:45.634+0000][13.931s][debug][safepoint   ] Safepoint synchronization initiated using futex wait barrier. (24 threads)
[2025-12-05T08:42:45.634+0000][13.931s][info ][safepoint   ] Safepoint "Cleanup", Time since last: 1502984358 ns, Reaching safepoint: 117735 ns, Cleanup: 191026 ns, At safepoint: 5100 ns, Total: 313861 ns
[2025-12-05T08:42:46.194+0000][14.491s][debug][safepoint   ] Safepoint synchronization initiated using futex wait barrier. (23 threads)
[2025-12-05T08:42:46.194+0000][14.492s][info ][gc,start    ] GC(28) Pause Young (Normal) (G1 Evacuation Pause)
[2025-12-05T08:42:46.194+0000][14.492s][info ][gc,task     ] GC(28) Using 5 workers of 13 for evacuation
[2025-12-05T08:42:46.206+0000][14.504s][info ][gc,phases   ] GC(28)   Pre Evacuate Collection Set: 0.2ms
[2025-12-05T08:42:46.206+0000][14.504s][info ][gc,phases   ] GC(28)   Merge Heap Roots: 0.2ms
[2025-12-05T08:42:46.207+0000][14.504s][info ][gc,phases   ] GC(28)   Evacuate Collection Set: 9.8ms
[2025-12-05T08:42:46.207+0000][14.504s][info ][gc,phases   ] GC(28)   Post Evacuate Collection Set: 2.0ms
[2025-12-05T08:42:46.207+0000][14.504s][info ][gc,phases   ] GC(28)   Other: 0.2ms
[2025-12-05T08:42:46.207+0000][14.504s][info ][gc,heap     ] GC(28) Eden regions: 126->0(123)
[2025-12-05T08:42:46.207+0000][14.504s][info ][gc,heap     ] GC(28) Survivor regions: 9->10(17)
[2025-12-05T08:42:46.207+0000][14.504s][info ][gc,heap     ] GC(28) Old regions: 60->62
[2025-12-05T08:42:46.207+0000][14.504s][info ][gc,heap     ] GC(28) Archive regions: 2->2
[2025-12-05T08:42:46.207+0000][14.504s][info ][gc,heap     ] GC(28) Humongous regions: 0->0
[2025-12-05T08:42:46.207+0000][14.504s][info ][gc,metaspace] GC(28) Metaspace: 57529K(58048K)->57529K(58048K) NonClass: 50281K(50560K)->50281K(50560K) Class: 7248K(7488K)->7248K(7488K)
[2025-12-05T08:42:46.207+0000][14.504s][info ][gc          ] GC(28) Pause Young (Normal) (G1 Evacuation Pause) 195M->72M(230M) 12.550ms
[2025-12-05T08:42:46.207+0000][14.504s][info ][gc,cpu      ] GC(28) User=0.09s Sys=0.00s Real=0.01s
[2025-12-05T08:42:46.207+0000][14.504s][info ][safepoint   ] Safepoint "G1CollectForAllocation", Time since last: 559722016 ns, Reaching safepoint: 94712 ns, Cleanup: 242255 ns, At safepoint: 12697222 ns, Total: 13034189 ns
[2025-12-05T08:42:46.600+0000][14.898s][debug][safepoint   ] Safepoint synchronization initiated using futex wait barrier. (21 threads)
[2025-12-05T08:42:46.601+0000][14.898s][info ][gc,start    ] GC(29) Pause Young (Concurrent Start) (Metadata GC Threshold)
[2025-12-05T08:42:46.601+0000][14.898s][info ][gc,task     ] GC(29) Using 5 workers of 13 for evacuation
[2025-12-05T08:42:46.611+0000][14.908s][info ][gc,phases   ] GC(29)   Pre Evacuate Collection Set: 0.3ms
[2025-12-05T08:42:46.611+0000][14.909s][info ][gc,phases   ] GC(29)   Merge Heap Roots: 0.2ms
[2025-12-05T08:42:46.611+0000][14.909s][info ][gc,phases   ] GC(29)   Evacuate Collection Set: 8.1ms
[2025-12-05T08:42:46.611+0000][14.909s][info ][gc,phases   ] GC(29)   Post Evacuate Collection Set: 1.6ms
[2025-12-05T08:42:46.611+0000][14.909s][info ][gc,phases   ] GC(29)   Other: 0.3ms
[2025-12-05T08:42:46.611+0000][14.909s][info ][gc,heap     ] GC(29) Eden regions: 80->0(124)
[2025-12-05T08:42:46.612+0000][14.909s][info ][gc,heap     ] GC(29) Survivor regions: 10->9(17)
[2025-12-05T08:42:46.612+0000][14.909s][info ][gc,heap     ] GC(29) Old regions: 62->63
[2025-12-05T08:42:46.612+0000][14.909s][info ][gc,heap     ] GC(29) Archive regions: 2->2
[2025-12-05T08:42:46.612+0000][14.909s][info ][gc,heap     ] GC(29) Humongous regions: 0->0
[2025-12-05T08:42:46.612+0000][14.909s][info ][gc,metaspace] GC(29) Metaspace: 59663K(60096K)->59663K(60096K) NonClass: 52060K(52288K)->52060K(52288K) Class: 7603K(7808K)->7603K(7808K)
[2025-12-05T08:42:46.612+0000][14.909s][info ][gc          ] GC(29) Pause Young (Concurrent Start) (Metadata GC Threshold) 151M->72M(230M) 11.165ms
[2025-12-05T08:42:46.612+0000][14.909s][info ][gc,cpu      ] GC(29) User=0.04s Sys=0.00s Real=0.01s
[2025-12-05T08:42:46.612+0000][14.909s][info ][gc          ] GC(30) Concurrent Mark Cycle
[2025-12-05T08:42:46.612+0000][14.909s][info ][gc,marking  ] GC(30) Concurrent Clear Claimed Marks
[2025-12-05T08:42:46.612+0000][14.909s][info ][safepoint   ] Safepoint "CollectForMetadataAllocation", Time since last: 393508885 ns, Reaching safepoint: 145750 ns, Cleanup: 41960 ns, At safepoint: 11420542 ns, Total: 11608252 ns
[2025-12-05T08:42:46.612+0000][14.909s][info ][gc,marking  ] GC(30) Concurrent Clear Claimed Marks 0.076ms
[2025-12-05T08:42:46.612+0000][14.909s][info ][gc,marking  ] GC(30) Concurrent Scan Root Regions
[2025-12-05T08:42:46.616+0000][14.914s][info ][gc,marking  ] GC(30) Concurrent Scan Root Regions 4.145ms
[2025-12-05T08:42:46.616+0000][14.914s][info ][gc,marking  ] GC(30) Concurrent Mark
[2025-12-05T08:42:46.616+0000][14.914s][info ][gc,marking  ] GC(30) Concurrent Mark From Roots
[2025-12-05T08:42:46.616+0000][14.914s][info ][gc,task     ] GC(30) Using 3 workers of 3 for marking
[2025-12-05T08:42:46.642+0000][14.940s][info ][gc,marking  ] GC(30) Concurrent Mark From Roots 26.295ms
[2025-12-05T08:42:46.643+0000][14.940s][info ][gc,marking  ] GC(30) Concurrent Preclean
[2025-12-05T08:42:46.643+0000][14.940s][info ][gc,marking  ] GC(30) Concurrent Preclean 0.240ms
[2025-12-05T08:42:46.643+0000][14.940s][debug][safepoint   ] Safepoint synchronization initiated using futex wait barrier. (19 threads)
[2025-12-05T08:42:46.643+0000][14.940s][info ][gc,start    ] GC(30) Pause Remark
[2025-12-05T08:42:46.647+0000][14.945s][info ][gc          ] GC(30) Pause Remark 79M->79M(230M) 4.493ms
[2025-12-05T08:42:46.648+0000][14.945s][info ][gc,cpu      ] GC(30) User=0.02s Sys=0.00s Real=0.00s
[2025-12-05T08:42:46.648+0000][14.945s][info ][safepoint   ] Safepoint "G1PauseRemark", Time since last: 31055689 ns, Reaching safepoint: 60516 ns, Cleanup: 16552 ns, At safepoint: 4647366 ns, Total: 4724434 ns
[2025-12-05T08:42:46.648+0000][14.945s][info ][gc,marking  ] GC(30) Concurrent Mark 31.565ms
[2025-12-05T08:42:46.648+0000][14.945s][info ][gc,marking  ] GC(30) Concurrent Rebuild Remembered Sets
[2025-12-05T08:42:46.666+0000][14.963s][info ][gc,marking  ] GC(30) Concurrent Rebuild Remembered Sets 17.986ms
[2025-12-05T08:42:46.666+0000][14.963s][debug][safepoint   ] Safepoint synchronization initiated using futex wait barrier. (19 threads)
[2025-12-05T08:42:46.666+0000][14.964s][info ][gc,start    ] GC(30) Pause Cleanup
[2025-12-05T08:42:46.666+0000][14.964s][info ][gc          ] GC(30) Pause Cleanup 83M->83M(230M) 0.332ms
[2025-12-05T08:42:46.666+0000][14.964s][info ][gc,cpu      ] GC(30) User=0.00s Sys=0.00s Real=0.00s
[2025-12-05T08:42:46.667+0000][14.964s][info ][safepoint   ] Safepoint "G1PauseCleanup", Time since last: 18317957 ns, Reaching safepoint: 144377 ns, Cleanup: 15971 ns, At safepoint: 443400 ns, Total: 603748 ns
[2025-12-05T08:42:46.667+0000][14.964s][info ][gc,marking  ] GC(30) Concurrent Cleanup for Next Mark
[2025-12-05T08:42:46.671+0000][14.968s][info ][gc,marking  ] GC(30) Concurrent Cleanup for Next Mark 3.958ms
[2025-12-05T08:42:46.671+0000][14.968s][info ][gc          ] GC(30) Concurrent Mark Cycle 58.867ms
[2025-12-05T08:42:47.290+0000][15.587s][debug][safepoint   ] Safepoint synchronization initiated using futex wait barrier. (21 threads)
[2025-12-05T08:42:47.293+0000][15.590s][info ][gc,start    ] GC(31) Pause Young (Prepare Mixed) (G1 Evacuation Pause)
[2025-12-05T08:42:47.293+0000][15.590s][info ][gc,task     ] GC(31) Using 5 workers of 13 for evacuation
[2025-12-05T08:42:47.301+0000][15.599s][info ][gc,phases   ] GC(31)   Pre Evacuate Collection Set: 0.2ms
[2025-12-05T08:42:47.301+0000][15.599s][info ][gc,phases   ] GC(31)   Merge Heap Roots: 0.3ms
[2025-12-05T08:42:47.301+0000][15.599s][info ][gc,phases   ] GC(31)   Evacuate Collection Set: 6.2ms
[2025-12-05T08:42:47.301+0000][15.599s][info ][gc,phases   ] GC(31)   Post Evacuate Collection Set: 1.2ms
[2025-12-05T08:42:47.301+0000][15.599s][info ][gc,phases   ] GC(31)   Other: 0.2ms
[2025-12-05T08:42:47.301+0000][15.599s][info ][gc,heap     ] GC(31) Eden regions: 124->0(1)
[2025-12-05T08:42:47.301+0000][15.599s][info ][gc,heap     ] GC(31) Survivor regions: 9->10(17)
[2025-12-05T08:42:47.301+0000][15.599s][info ][gc,heap     ] GC(31) Old regions: 63->63
[2025-12-05T08:42:47.301+0000][15.599s][info ][gc,heap     ] GC(31) Archive regions: 2->2
[2025-12-05T08:42:47.301+0000][15.599s][info ][gc,heap     ] GC(31) Humongous regions: 0->0
[2025-12-05T08:42:47.301+0000][15.599s][info ][gc,metaspace] GC(31) Metaspace: 63924K(64384K)->63924K(64384K) NonClass: 55764K(56000K)->55764K(56000K) Class: 8160K(8384K)->8160K(8384K)
[2025-12-05T08:42:47.301+0000][15.599s][info ][gc          ] GC(31) Pause Young (Prepare Mixed) (G1 Evacuation Pause) 196M->73M(230M) 8.343ms
[2025-12-05T08:42:47.301+0000][15.599s][info ][gc,cpu      ] GC(31) User=0.04s Sys=0.00s Real=0.01s
[2025-12-05T08:42:47.301+0000][15.599s][info ][safepoint   ] Safepoint "G1CollectForAllocation", Time since last: 623195163 ns, Reaching safepoint: 154887 ns, Cleanup: 2973946 ns, At safepoint: 8500509 ns, Total: 11629342 ns
[2025-12-05T08:42:47.306+0000][15.604s][debug][safepoint   ] Safepoint synchronization initiated using futex wait barrier. (21 threads)
[2025-12-05T08:42:47.307+0000][15.604s][info ][gc,start    ] GC(32) Pause Young (Mixed) (G1 Evacuation Pause)
[2025-12-05T08:42:47.307+0000][15.604s][info ][gc,task     ] GC(32) Using 5 workers of 13 for evacuation
[2025-12-05T08:42:47.316+0000][15.614s][info ][gc,phases   ] GC(32)   Pre Evacuate Collection Set: 0.2ms
[2025-12-05T08:42:47.316+0000][15.614s][info ][gc,phases   ] GC(32)   Merge Heap Roots: 0.2ms
[2025-12-05T08:42:47.316+0000][15.614s][info ][gc,phases   ] GC(32)   Evacuate Collection Set: 7.9ms
[2025-12-05T08:42:47.316+0000][15.614s][info ][gc,phases   ] GC(32)   Post Evacuate Collection Set: 1.1ms
[2025-12-05T08:42:47.316+0000][15.614s][info ][gc,phases   ] GC(32)   Other: 0.1ms
[2025-12-05T08:42:47.316+0000][15.614s][info ][gc,heap     ] GC(32) Eden regions: 1->0(125)
[2025-12-05T08:42:47.316+0000][15.614s][info ][gc,heap     ] GC(32) Survivor regions: 10->2(2)
[2025-12-05T08:42:47.316+0000][15.614s][info ][gc,heap     ] GC(32) Old regions: 63->71
[2025-12-05T08:42:47.316+0000][15.614s][info ][gc,heap     ] GC(32) Archive regions: 2->2
[2025-12-05T08:42:47.316+0000][15.614s][info ][gc,heap     ] GC(32) Humongous regions: 0->0
[2025-12-05T08:42:47.316+0000][15.614s][info ][gc,metaspace] GC(32) Metaspace: 63940K(64448K)->63940K(64448K) NonClass: 55775K(56064K)->55775K(56064K) Class: 8164K(8384K)->8164K(8384K)
[2025-12-05T08:42:47.316+0000][15.614s][info ][gc          ] GC(32) Pause Young (Mixed) (G1 Evacuation Pause) 74M->73M(230M) 9.693ms
[2025-12-05T08:42:47.316+0000][15.614s][info ][gc,cpu      ] GC(32) User=0.04s Sys=0.00s Real=0.01s
[2025-12-05T08:42:47.316+0000][15.614s][info ][safepoint   ] Safepoint "G1CollectForAllocation", Time since last: 5132088 ns, Reaching safepoint: 94782 ns, Cleanup: 4699 ns, At safepoint: 9822056 ns, Total: 9921537 ns
[2025-12-05T08:42:47.734+0000][16.031s][debug][safepoint   ] Safepoint synchronization initiated using futex wait barrier. (21 threads)
[2025-12-05T08:42:47.734+0000][16.032s][info ][gc,start    ] GC(33) Pause Young (Normal) (G1 Evacuation Pause)
[2025-12-05T08:42:47.734+0000][16.032s][info ][gc,task     ] GC(33) Using 5 workers of 13 for evacuation
[2025-12-05T08:42:47.737+0000][16.034s][info ][gc,phases   ] GC(33)   Pre Evacuate Collection Set: 0.1ms
[2025-12-05T08:42:47.737+0000][16.034s][info ][gc,phases   ] GC(33)   Merge Heap Roots: 0.2ms
[2025-12-05T08:42:47.737+0000][16.034s][info ][gc,phases   ] GC(33)   Evacuate Collection Set: 1.4ms
[2025-12-05T08:42:47.737+0000][16.034s][info ][gc,phases   ] GC(33)   Post Evacuate Collection Set: 0.9ms
[2025-12-05T08:42:47.737+0000][16.034s][info ][gc,phases   ] GC(33)   Other: 0.1ms
[2025-12-05T08:42:47.737+0000][16.034s][info ][gc,heap     ] GC(33) Eden regions: 125->0(126)
[2025-12-05T08:42:47.737+0000][16.034s][info ][gc,heap     ] GC(33) Survivor regions: 2->1(16)
[2025-12-05T08:42:47.737+0000][16.034s][info ][gc,heap     ] GC(33) Old regions: 71->71
[2025-12-05T08:42:47.737+0000][16.034s][info ][gc,heap     ] GC(33) Archive regions: 2->2
[2025-12-05T08:42:47.737+0000][16.034s][info ][gc,heap     ] GC(33) Humongous regions: 0->0
[2025-12-05T08:42:47.737+0000][16.034s][info ][gc,metaspace] GC(33) Metaspace: 65980K(66432K)->65980K(66432K) NonClass: 57432K(57664K)->57432K(57664K) Class: 8547K(8768K)->8547K(8768K)
[2025-12-05T08:42:47.737+0000][16.034s][info ][gc          ] GC(33) Pause Young (Normal) (G1 Evacuation Pause) 198M->72M(230M) 2.774ms
[2025-12-05T08:42:47.737+0000][16.034s][info ][gc,cpu      ] GC(33) User=0.00s Sys=0.01s Real=0.00s
[2025-12-05T08:42:47.737+0000][16.034s][info ][safepoint   ] Safepoint "G1CollectForAllocation", Time since last: 417588717 ns, Reaching safepoint: 70065 ns, Cleanup: 34836 ns, At safepoint: 2868003 ns, Total: 2972904 ns
[2025-12-05T08:42:48.078+0000][16.375s][debug][safepoint   ] Safepoint synchronization initiated using futex wait barrier. (24 threads)
[2025-12-05T08:42:48.078+0000][16.375s][info ][safepoint   ] Safepoint "ICBufferFull", Time since last: 340706613 ns, Reaching safepoint: 90333 ns, Cleanup: 117947 ns, At safepoint: 52611 ns, Total: 260891 ns
[2025-12-05T08:42:48.342+0000][16.640s][debug][safepoint   ] Safepoint synchronization initiated using futex wait barrier. (28 threads)
[2025-12-05T08:42:48.343+0000][16.640s][info ][gc,start    ] GC(34) Pause Young (Normal) (G1 Evacuation Pause)
[2025-12-05T08:42:48.343+0000][16.641s][info ][gc,task     ] GC(34) Using 5 workers of 13 for evacuation
[2025-12-05T08:42:48.348+0000][16.645s][info ][gc,phases   ] GC(34)   Pre Evacuate Collection Set: 0.2ms
[2025-12-05T08:42:48.348+0000][16.645s][info ][gc,phases   ] GC(34)   Merge Heap Roots: 0.1ms
[2025-12-05T08:42:48.348+0000][16.645s][info ][gc,phases   ] GC(34)   Evacuate Collection Set: 2.9ms
[2025-12-05T08:42:48.348+0000][16.645s][info ][gc,phases   ] GC(34)   Post Evacuate Collection Set: 1.2ms
[2025-12-05T08:42:48.348+0000][16.645s][info ][gc,phases   ] GC(34)   Other: 0.2ms
[2025-12-05T08:42:48.348+0000][16.645s][info ][gc,heap     ] GC(34) Eden regions: 126->0(121)
[2025-12-05T08:42:48.348+0000][16.645s][info ][gc,heap     ] GC(34) Survivor regions: 1->5(16)
[2025-12-05T08:42:48.348+0000][16.645s][info ][gc,heap     ] GC(34) Old regions: 71->71
[2025-12-05T08:42:48.348+0000][16.645s][info ][gc,heap     ] GC(34) Archive regions: 2->2
[2025-12-05T08:42:48.348+0000][16.645s][info ][gc,heap     ] GC(34) Humongous regions: 0->0
[2025-12-05T08:42:48.348+0000][16.645s][info ][gc,metaspace] GC(34) Metaspace: 70003K(70464K)->70003K(70464K) NonClass: 60986K(61248K)->60986K(61248K) Class: 9016K(9216K)->9016K(9216K)
[2025-12-05T08:42:48.348+0000][16.645s][info ][gc          ] GC(34) Pause Young (Normal) (G1 Evacuation Pause) 198M->75M(230M) 4.827ms
[2025-12-05T08:42:48.348+0000][16.645s][info ][gc,cpu      ] GC(34) User=0.03s Sys=0.00s Real=0.00s
[2025-12-05T08:42:48.348+0000][16.646s][info ][safepoint   ] Safepoint "G1CollectForAllocation", Time since last: 264564575 ns, Reaching safepoint: 235432 ns, Cleanup: 174124 ns, At safepoint: 5116659 ns, Total: 5526215 ns
[2025-12-05T08:42:48.622+0000][16.920s][debug][safepoint   ] Safepoint synchronization initiated using futex wait barrier. (29 threads)
[2025-12-05T08:42:48.622+0000][16.920s][info ][safepoint   ] Safepoint "ICBufferFull", Time since last: 274032874 ns, Reaching safepoint: 133396 ns, Cleanup: 197479 ns, At safepoint: 4338 ns, Total: 335213 ns
[2025-12-05T08:42:48.968+0000][17.265s][debug][safepoint   ] Safepoint synchronization initiated using futex wait barrier. (25 threads)
[2025-12-05T08:42:48.968+0000][17.266s][info ][gc,start    ] GC(35) Pause Young (Normal) (G1 Evacuation Pause)
[2025-12-05T08:42:48.968+0000][17.266s][info ][gc,task     ] GC(35) Using 5 workers of 13 for evacuation
[2025-12-05T08:42:48.975+0000][17.272s][info ][gc,phases   ] GC(35)   Pre Evacuate Collection Set: 0.1ms
[2025-12-05T08:42:48.975+0000][17.272s][info ][gc,phases   ] GC(35)   Merge Heap Roots: 0.2ms
[2025-12-05T08:42:48.975+0000][17.272s][info ][gc,phases   ] GC(35)   Evacuate Collection Set: 4.8ms
[2025-12-05T08:42:48.975+0000][17.272s][info ][gc,phases   ] GC(35)   Post Evacuate Collection Set: 1.3ms
[2025-12-05T08:42:48.975+0000][17.272s][info ][gc,phases   ] GC(35)   Other: 0.2ms
[2025-12-05T08:42:48.975+0000][17.272s][info ][gc,heap     ] GC(35) Eden regions: 121->0(119)
[2025-12-05T08:42:48.975+0000][17.272s][info ][gc,heap     ] GC(35) Survivor regions: 5->7(16)
[2025-12-05T08:42:48.975+0000][17.272s][info ][gc,heap     ] GC(35) Old regions: 71->71
[2025-12-05T08:42:48.975+0000][17.272s][info ][gc,heap     ] GC(35) Archive regions: 2->2
[2025-12-05T08:42:48.975+0000][17.272s][info ][gc,heap     ] GC(35) Humongous regions: 0->0
[2025-12-05T08:42:48.975+0000][17.272s][info ][gc,metaspace] GC(35) Metaspace: 72591K(73152K)->72591K(73152K) NonClass: 63236K(63488K)->63236K(63488K) Class: 9354K(9664K)->9354K(9664K)
[2025-12-05T08:42:48.975+0000][17.272s][info ][gc          ] GC(35) Pause Young (Normal) (G1 Evacuation Pause) 196M->77M(230M) 6.676ms
[2025-12-05T08:42:48.975+0000][17.272s][info ][gc,cpu      ] GC(35) User=0.02s Sys=0.01s Real=0.01s
[2025-12-05T08:42:48.975+0000][17.272s][info ][safepoint   ] Safepoint "G1CollectForAllocation", Time since last: 345515497 ns, Reaching safepoint: 90534 ns, Cleanup: 162672 ns, At safepoint: 6795760 ns, Total: 7048966 ns
[2025-12-05T08:42:49.132+0000][17.429s][debug][safepoint   ] Safepoint synchronization initiated using futex wait barrier. (24 threads)
[2025-12-05T08:42:49.132+0000][17.430s][info ][safepoint   ] Safepoint "ICBufferFull", Time since last: 156704102 ns, Reaching safepoint: 196358 ns, Cleanup: 196607 ns, At safepoint: 129348 ns, Total: 522313 ns
[2025-12-05T08:42:49.583+0000][17.881s][debug][safepoint   ] Safepoint synchronization initiated using futex wait barrier. (22 threads)
[2025-12-05T08:42:49.583+0000][17.881s][info ][gc,start    ] GC(36) Pause Young (Normal) (G1 Evacuation Pause)
[2025-12-05T08:42:49.583+0000][17.881s][info ][gc,task     ] GC(36) Using 5 workers of 13 for evacuation
[2025-12-05T08:42:49.593+0000][17.890s][info ][gc,phases   ] GC(36)   Pre Evacuate Collection Set: 0.2ms
[2025-12-05T08:42:49.593+0000][17.890s][info ][gc,phases   ] GC(36)   Merge Heap Roots: 0.2ms
[2025-12-05T08:42:49.593+0000][17.890s][info ][gc,phases   ] GC(36)   Evacuate Collection Set: 6.8ms
[2025-12-05T08:42:49.593+0000][17.890s][info ][gc,phases   ] GC(36)   Post Evacuate Collection Set: 1.9ms
[2025-12-05T08:42:49.593+0000][17.890s][info ][gc,phases   ] GC(36)   Other: 0.2ms
[2025-12-05T08:42:49.593+0000][17.890s][info ][gc,heap     ] GC(36) Eden regions: 119->0(118)
[2025-12-05T08:42:49.593+0000][17.890s][info ][gc,heap     ] GC(36) Survivor regions: 7->8(16)
[2025-12-05T08:42:49.593+0000][17.890s][info ][gc,heap     ] GC(36) Old regions: 71->71
[2025-12-05T08:42:49.593+0000][17.890s][info ][gc,heap     ] GC(36) Archive regions: 2->2
[2025-12-05T08:42:49.593+0000][17.890s][info ][gc,heap     ] GC(36) Humongous regions: 0->0
[2025-12-05T08:42:49.593+0000][17.890s][info ][gc,metaspace] GC(36) Metaspace: 77595K(78208K)->77595K(78208K) NonClass: 67531K(67840K)->67531K(67840K) Class: 10063K(10368K)->10063K(10368K)
[2025-12-05T08:42:49.593+0000][17.890s][info ][gc          ] GC(36) Pause Young (Normal) (G1 Evacuation Pause) 196M->79M(230M) 9.436ms
[2025-12-05T08:42:49.593+0000][17.890s][info ][gc,cpu      ] GC(36) User=0.04s Sys=0.00s Real=0.01s
[2025-12-05T08:42:49.593+0000][17.890s][info ][safepoint   ] Safepoint "G1CollectForAllocation", Time since last: 450963655 ns, Reaching safepoint: 91576 ns, Cleanup: 135269 ns, At safepoint: 9543632 ns, Total: 9770477 ns
[2025-12-05T08:42:49.909+0000][18.207s][debug][safepoint   ] Safepoint synchronization initiated using futex wait barrier. (23 threads)
[2025-12-05T08:42:49.909+0000][18.207s][info ][gc,start    ] GC(37) Pause Young (Normal) (G1 Evacuation Pause)
[2025-12-05T08:42:49.909+0000][18.207s][info ][gc,task     ] GC(37) Using 5 workers of 13 for evacuation
[2025-12-05T08:42:49.915+0000][18.213s][info ][gc,phases   ] GC(37)   Pre Evacuate Collection Set: 0.2ms
[2025-12-05T08:42:49.915+0000][18.213s][info ][gc,phases   ] GC(37)   Merge Heap Roots: 0.2ms
[2025-12-05T08:42:49.915+0000][18.213s][info ][gc,phases   ] GC(37)   Evacuate Collection Set: 4.2ms
[2025-12-05T08:42:49.915+0000][18.213s][info ][gc,phases   ] GC(37)   Post Evacuate Collection Set: 1.3ms
[2025-12-05T08:42:49.915+0000][18.213s][info ][gc,phases   ] GC(37)   Other: 0.1ms
[2025-12-05T08:42:49.915+0000][18.213s][info ][gc,heap     ] GC(37) Eden regions: 118->0(116)
[2025-12-05T08:42:49.915+0000][18.213s][info ][gc,heap     ] GC(37) Survivor regions: 8->9(16)
[2025-12-05T08:42:49.915+0000][18.213s][info ][gc,heap     ] GC(37) Old regions: 71->71
[2025-12-05T08:42:49.915+0000][18.213s][info ][gc,heap     ] GC(37) Archive regions: 2->2
[2025-12-05T08:42:49.915+0000][18.213s][info ][gc,heap     ] GC(37) Humongous regions: 0->0
[2025-12-05T08:42:49.915+0000][18.213s][info ][gc,metaspace] GC(37) Metaspace: 79472K(80064K)->79472K(80064K) NonClass: 69026K(69312K)->69026K(69312K) Class: 10445K(10752K)->10445K(10752K)
[2025-12-05T08:42:49.915+0000][18.213s][info ][gc          ] GC(37) Pause Young (Normal) (G1 Evacuation Pause) 197M->80M(230M) 6.140ms
[2025-12-05T08:42:49.916+0000][18.213s][info ][gc,cpu      ] GC(37) User=0.03s Sys=0.00s Real=0.00s
[2025-12-05T08:42:49.916+0000][18.213s][info ][safepoint   ] Safepoint "G1CollectForAllocation", Time since last: 316200778 ns, Reaching safepoint: 93119 ns, Cleanup: 103849 ns, At safepoint: 6223392 ns, Total: 6420360 ns
[2025-12-05T08:42:50.065+0000][18.363s][debug][safepoint   ] Safepoint synchronization initiated using futex wait barrier. (24 threads)
[2025-12-05T08:42:50.065+0000][18.363s][info ][safepoint   ] Safepoint "ICBufferFull", Time since last: 149499311 ns, Reaching safepoint: 150499 ns, Cleanup: 157853 ns, At safepoint: 2976 ns, Total: 311328 ns
[2025-12-05T08:42:50.130+0000][18.428s][debug][safepoint   ] Safepoint synchronization initiated using futex wait barrier. (24 threads)
[2025-12-05T08:42:50.130+0000][18.428s][info ][safepoint   ] Safepoint "ICBufferFull", Time since last: 64907230 ns, Reaching safepoint: 79793 ns, Cleanup: 101104 ns, At safepoint: 25519 ns, Total: 206416 ns
[2025-12-05T08:42:50.206+0000][18.503s][debug][safepoint   ] Safepoint synchronization initiated using futex wait barrier. (26 threads)
[2025-12-05T08:42:50.206+0000][18.504s][info ][safepoint   ] Safepoint "ICBufferFull", Time since last: 75441471 ns, Reaching safepoint: 74092 ns, Cleanup: 107927 ns, At safepoint: 38534 ns, Total: 220553 ns
[2025-12-05T08:42:50.330+0000][18.628s][debug][safepoint   ] Safepoint synchronization initiated using futex wait barrier. (26 threads)
[2025-12-05T08:42:50.330+0000][18.628s][info ][safepoint   ] Safepoint "ICBufferFull", Time since last: 124080157 ns, Reaching safepoint: 95573 ns, Cleanup: 136863 ns, At safepoint: 28394 ns, Total: 260830 ns
[2025-12-05T08:42:50.369+0000][18.667s][debug][safepoint   ] Safepoint synchronization initiated using futex wait barrier. (26 threads)
[2025-12-05T08:42:50.369+0000][18.667s][info ][safepoint   ] Safepoint "ICBufferFull", Time since last: 38566899 ns, Reaching safepoint: 95454 ns, Cleanup: 207508 ns, At safepoint: 3637 ns, Total: 306599 ns
[2025-12-05T08:42:50.560+0000][18.857s][debug][safepoint   ] Safepoint synchronization initiated using futex wait barrier. (26 threads)
[2025-12-05T08:42:50.560+0000][18.857s][info ][gc,start    ] GC(38) Pause Young (Normal) (G1 Evacuation Pause)
[2025-12-05T08:42:50.560+0000][18.857s][info ][gc,task     ] GC(38) Using 5 workers of 13 for evacuation
[2025-12-05T08:42:50.566+0000][18.863s][info ][gc,phases   ] GC(38)   Pre Evacuate Collection Set: 0.1ms
[2025-12-05T08:42:50.566+0000][18.863s][info ][gc,phases   ] GC(38)   Merge Heap Roots: 0.1ms
[2025-12-05T08:42:50.566+0000][18.863s][info ][gc,phases   ] GC(38)   Evacuate Collection Set: 4.4ms
[2025-12-05T08:42:50.566+0000][18.863s][info ][gc,phases   ] GC(38)   Post Evacuate Collection Set: 1.0ms
[2025-12-05T08:42:50.566+0000][18.863s][info ][gc,phases   ] GC(38)   Other: 0.1ms
[2025-12-05T08:42:50.566+0000][18.863s][info ][gc,heap     ] GC(38) Eden regions: 116->0(114)
[2025-12-05T08:42:50.566+0000][18.863s][info ][gc,heap     ] GC(38) Survivor regions: 9->10(16)
[2025-12-05T08:42:50.566+0000][18.863s][info ][gc,heap     ] GC(38) Old regions: 71->71
[2025-12-05T08:42:50.566+0000][18.863s][info ][gc,heap     ] GC(38) Archive regions: 2->2
[2025-12-05T08:42:50.566+0000][18.863s][info ][gc,heap     ] GC(38) Humongous regions: 0->0
[2025-12-05T08:42:50.566+0000][18.863s][info ][gc,metaspace] GC(38) Metaspace: 81293K(81856K)->81293K(81856K) NonClass: 70654K(70912K)->70654K(70912K) Class: 10638K(10944K)->10638K(10944K)
[2025-12-05T08:42:50.566+0000][18.863s][info ][gc          ] GC(38) Pause Young (Normal) (G1 Evacuation Pause) 196M->81M(230M) 5.924ms
[2025-12-05T08:42:50.566+0000][18.863s][info ][gc,cpu      ] GC(38) User=0.04s Sys=0.00s Real=0.01s
[2025-12-05T08:42:50.566+0000][18.863s][info ][safepoint   ] Safepoint "G1CollectForAllocation", Time since last: 190289712 ns, Reaching safepoint: 113427 ns, Cleanup: 105563 ns, At safepoint: 6057924 ns, Total: 6276914 ns
[2025-12-05T08:42:50.860+0000][19.157s][debug][safepoint   ] Safepoint synchronization initiated using futex wait barrier. (26 threads)
[2025-12-05T08:42:50.860+0000][19.157s][info ][safepoint   ] Safepoint "ICBufferFull", Time since last: 293715119 ns, Reaching safepoint: 95864 ns, Cleanup: 156370 ns, At safepoint: 3667 ns, Total: 255901 ns
[2025-12-05T08:42:51.092+0000][19.389s][debug][safepoint   ] Safepoint synchronization initiated using futex wait barrier. (22 threads)
[2025-12-05T08:42:51.092+0000][19.389s][info ][gc,start    ] GC(39) Pause Young (Normal) (G1 Evacuation Pause)
[2025-12-05T08:42:51.092+0000][19.389s][info ][gc,task     ] GC(39) Using 5 workers of 13 for evacuation
[2025-12-05T08:42:51.099+0000][19.396s][info ][gc,phases   ] GC(39)   Pre Evacuate Collection Set: 0.2ms
[2025-12-05T08:42:51.099+0000][19.396s][info ][gc,phases   ] GC(39)   Merge Heap Roots: 0.3ms
[2025-12-05T08:42:51.099+0000][19.396s][info ][gc,phases   ] GC(39)   Evacuate Collection Set: 5.3ms
[2025-12-05T08:42:51.099+0000][19.396s][info ][gc,phases   ] GC(39)   Post Evacuate Collection Set: 1.1ms
[2025-12-05T08:42:51.099+0000][19.396s][info ][gc,phases   ] GC(39)   Other: 0.1ms
[2025-12-05T08:42:51.099+0000][19.396s][info ][gc,heap     ] GC(39) Eden regions: 114->0(112)
[2025-12-05T08:42:51.099+0000][19.396s][info ][gc,heap     ] GC(39) Survivor regions: 10->9(16)
[2025-12-05T08:42:51.099+0000][19.396s][info ][gc,heap     ] GC(39) Old regions: 71->75
[2025-12-05T08:42:51.099+0000][19.396s][info ][gc,heap     ] GC(39) Archive regions: 2->2
[2025-12-05T08:42:51.099+0000][19.396s][info ][gc,heap     ] GC(39) Humongous regions: 0->0
[2025-12-05T08:42:51.099+0000][19.396s][info ][gc,metaspace] GC(39) Metaspace: 84352K(84992K)->84352K(84992K) NonClass: 73292K(73600K)->73292K(73600K) Class: 11060K(11392K)->11060K(11392K)
[2025-12-05T08:42:51.099+0000][19.396s][info ][gc          ] GC(39) Pause Young (Normal) (G1 Evacuation Pause) 195M->83M(230M) 7.172ms
[2025-12-05T08:42:51.099+0000][19.397s][info ][gc,cpu      ] GC(39) User=0.02s Sys=0.00s Real=0.00s
[2025-12-05T08:42:51.099+0000][19.397s][info ][safepoint   ] Safepoint "G1CollectForAllocation", Time since last: 231727753 ns, Reaching safepoint: 107106 ns, Cleanup: 87097 ns, At safepoint: 7257264 ns, Total: 7451467 ns
[2025-12-05T08:42:51.409+0000][19.706s][debug][safepoint   ] Safepoint synchronization initiated using futex wait barrier. (24 threads)
[2025-12-05T08:42:51.409+0000][19.707s][info ][gc,start    ] GC(40) Pause Young (Normal) (G1 Evacuation Pause)
[2025-12-05T08:42:51.409+0000][19.707s][info ][gc,task     ] GC(40) Using 5 workers of 13 for evacuation
[2025-12-05T08:42:51.416+0000][19.713s][info ][gc,phases   ] GC(40)   Pre Evacuate Collection Set: 0.2ms
[2025-12-05T08:42:51.416+0000][19.713s][info ][gc,phases   ] GC(40)   Merge Heap Roots: 0.1ms
[2025-12-05T08:42:51.416+0000][19.713s][info ][gc,phases   ] GC(40)   Evacuate Collection Set: 5.1ms
[2025-12-05T08:42:51.416+0000][19.713s][info ][gc,phases   ] GC(40)   Post Evacuate Collection Set: 1.1ms
[2025-12-05T08:42:51.416+0000][19.713s][info ][gc,phases   ] GC(40)   Other: 0.1ms
[2025-12-05T08:42:51.416+0000][19.713s][info ][gc,heap     ] GC(40) Eden regions: 112->0(112)
[2025-12-05T08:42:51.416+0000][19.713s][info ][gc,heap     ] GC(40) Survivor regions: 9->9(16)
[2025-12-05T08:42:51.416+0000][19.713s][info ][gc,heap     ] GC(40) Old regions: 75->75
[2025-12-05T08:42:51.416+0000][19.713s][info ][gc,heap     ] GC(40) Archive regions: 2->2
[2025-12-05T08:42:51.416+0000][19.713s][info ][gc,heap     ] GC(40) Humongous regions: 0->0
[2025-12-05T08:42:51.416+0000][19.713s][info ][gc,metaspace] GC(40) Metaspace: 85888K(86464K)->85888K(86464K) NonClass: 74665K(74944K)->74665K(74944K) Class: 11223K(11520K)->11223K(11520K)
[2025-12-05T08:42:51.416+0000][19.713s][info ][gc          ] GC(40) Pause Young (Normal) (G1 Evacuation Pause) 195M->84M(230M) 6.746ms
[2025-12-05T08:42:51.416+0000][19.713s][info ][gc,cpu      ] GC(40) User=0.03s Sys=0.00s Real=0.00s
[2025-12-05T08:42:51.416+0000][19.713s][info ][safepoint   ] Safepoint "G1CollectForAllocation", Time since last: 309758121 ns, Reaching safepoint: 103869 ns, Cleanup: 139578 ns, At safepoint: 6854341 ns, Total: 7097788 ns
[2025-12-05T08:42:51.800+0000][20.098s][debug][safepoint   ] Safepoint synchronization initiated using futex wait barrier. (25 threads)
[2025-12-05T08:42:51.801+0000][20.098s][info ][safepoint   ] Safepoint "ICBufferFull", Time since last: 384416851 ns, Reaching safepoint: 93109 ns, Cleanup: 201646 ns, At safepoint: 3267 ns, Total: 298022 ns
[2025-12-05T08:42:51.987+0000][20.284s][debug][safepoint   ] Safepoint synchronization initiated using futex wait barrier. (25 threads)
[2025-12-05T08:42:51.987+0000][20.285s][info ][gc,start    ] GC(41) Pause Young (Normal) (G1 Evacuation Pause)
[2025-12-05T08:42:51.987+0000][20.285s][info ][gc,task     ] GC(41) Using 5 workers of 13 for evacuation
[2025-12-05T08:42:51.995+0000][20.293s][info ][gc,phases   ] GC(41)   Pre Evacuate Collection Set: 0.2ms
[2025-12-05T08:42:51.996+0000][20.293s][info ][gc,phases   ] GC(41)   Merge Heap Roots: 0.2ms
[2025-12-05T08:42:51.996+0000][20.293s][info ][gc,phases   ] GC(41)   Evacuate Collection Set: 6.6ms
[2025-12-05T08:42:51.996+0000][20.293s][info ][gc,phases   ] GC(41)   Post Evacuate Collection Set: 1.3ms
[2025-12-05T08:42:51.996+0000][20.293s][info ][gc,phases   ] GC(41)   Other: 0.1ms
[2025-12-05T08:42:51.996+0000][20.293s][info ][gc,heap     ] GC(41) Eden regions: 112->0(108)
[2025-12-05T08:42:51.996+0000][20.293s][info ][gc,heap     ] GC(41) Survivor regions: 9->10(16)
[2025-12-05T08:42:51.996+0000][20.293s][info ][gc,heap     ] GC(41) Old regions: 75->77
[2025-12-05T08:42:51.996+0000][20.293s][info ][gc,heap     ] GC(41) Archive regions: 2->2
[2025-12-05T08:42:51.996+0000][20.293s][info ][gc,heap     ] GC(41) Humongous regions: 0->0
[2025-12-05T08:42:51.996+0000][20.293s][info ][gc,metaspace] GC(41) Metaspace: 90281K(90880K)->90281K(90880K) NonClass: 78336K(78656K)->78336K(78656K) Class: 11944K(12224K)->11944K(12224K)
[2025-12-05T08:42:51.996+0000][20.293s][info ][gc          ] GC(41) Pause Young (Normal) (G1 Evacuation Pause) 196M->86M(230M) 8.531ms
[2025-12-05T08:42:51.996+0000][20.293s][info ][gc,cpu      ] GC(41) User=0.04s Sys=0.00s Real=0.01s
[2025-12-05T08:42:51.996+0000][20.293s][info ][safepoint   ] Safepoint "G1CollectForAllocation", Time since last: 186301059 ns, Reaching safepoint: 92558 ns, Cleanup: 46940 ns, At safepoint: 8618627 ns, Total: 8758125 ns
[2025-12-05T08:42:52.308+0000][20.605s][debug][safepoint   ] Safepoint synchronization initiated using futex wait barrier. (28 threads)
[2025-12-05T08:42:52.308+0000][20.606s][info ][safepoint   ] Safepoint "ICBufferFull", Time since last: 312188536 ns, Reaching safepoint: 250160 ns, Cleanup: 118106 ns, At safepoint: 52361 ns, Total: 420627 ns
[2025-12-05T08:42:52.375+0000][20.672s][debug][safepoint   ] Safepoint synchronization initiated using futex wait barrier. (28 threads)
[2025-12-05T08:42:52.375+0000][20.672s][info ][gc,start    ] GC(42) Pause Young (Normal) (G1 Evacuation Pause)
[2025-12-05T08:42:52.375+0000][20.672s][info ][gc,task     ] GC(42) Using 5 workers of 13 for evacuation
[2025-12-05T08:42:52.392+0000][20.690s][info ][gc,phases   ] GC(42)   Pre Evacuate Collection Set: 0.3ms
[2025-12-05T08:42:52.392+0000][20.690s][info ][gc,phases   ] GC(42)   Merge Heap Roots: 0.2ms
[2025-12-05T08:42:52.392+0000][20.690s][info ][gc,phases   ] GC(42)   Evacuate Collection Set: 15.4ms
[2025-12-05T08:42:52.392+0000][20.690s][info ][gc,phases   ] GC(42)   Post Evacuate Collection Set: 1.4ms
[2025-12-05T08:42:52.392+0000][20.690s][info ][gc,phases   ] GC(42)   Other: 0.2ms
[2025-12-05T08:42:52.392+0000][20.690s][info ][gc,heap     ] GC(42) Eden regions: 108->0(71)
[2025-12-05T08:42:52.392+0000][20.690s][info ][gc,heap     ] GC(42) Survivor regions: 10->15(15)
[2025-12-05T08:42:52.392+0000][20.690s][info ][gc,heap     ] GC(42) Old regions: 77->92
[2025-12-05T08:42:52.392+0000][20.690s][info ][gc,heap     ] GC(42) Archive regions: 2->2
[2025-12-05T08:42:52.393+0000][20.690s][info ][gc,heap     ] GC(42) Humongous regions: 1->1
[2025-12-05T08:42:52.393+0000][20.690s][info ][gc,metaspace] GC(42) Metaspace: 91390K(91968K)->91390K(91968K) NonClass: 79229K(79552K)->79229K(79552K) Class: 12160K(12416K)->12160K(12416K)
[2025-12-05T08:42:52.393+0000][20.690s][info ][gc          ] GC(42) Pause Young (Normal) (G1 Evacuation Pause) 195M->107M(230M) 17.670ms
[2025-12-05T08:42:52.393+0000][20.690s][info ][gc,cpu      ] GC(42) User=0.13s Sys=0.02s Real=0.02s
[2025-12-05T08:42:52.393+0000][20.690s][info ][safepoint   ] Safepoint "G1CollectForAllocation", Time since last: 66294670 ns, Reaching safepoint: 128687 ns, Cleanup: 124920 ns, At safepoint: 17811546 ns, Total: 18065153 ns
[2025-12-05T08:42:52.494+0000][20.791s][debug][safepoint   ] Safepoint synchronization initiated using futex wait barrier. (28 threads)
[2025-12-05T08:42:52.494+0000][20.791s][info ][gc,start    ] GC(43) Pause Young (Normal) (G1 Evacuation Pause)
[2025-12-05T08:42:52.494+0000][20.791s][info ][gc,task     ] GC(43) Using 5 workers of 13 for evacuation
[2025-12-05T08:42:52.507+0000][20.804s][info ][gc,phases   ] GC(43)   Pre Evacuate Collection Set: 0.1ms
[2025-12-05T08:42:52.507+0000][20.804s][info ][gc,phases   ] GC(43)   Merge Heap Roots: 0.2ms
[2025-12-05T08:42:52.507+0000][20.804s][info ][gc,phases   ] GC(43)   Evacuate Collection Set: 11.8ms
[2025-12-05T08:42:52.507+0000][20.805s][info ][gc,phases   ] GC(43)   Post Evacuate Collection Set: 1.1ms
[2025-12-05T08:42:52.507+0000][20.805s][info ][gc,phases   ] GC(43)   Other: 0.1ms
[2025-12-05T08:42:52.507+0000][20.805s][info ][gc,heap     ] GC(43) Eden regions: 71->0(58)
[2025-12-05T08:42:52.507+0000][20.805s][info ][gc,heap     ] GC(43) Survivor regions: 15->11(11)
[2025-12-05T08:42:52.507+0000][20.805s][info ][gc,heap     ] GC(43) Old regions: 92->108
[2025-12-05T08:42:52.507+0000][20.805s][info ][gc,heap     ] GC(43) Archive regions: 2->2
[2025-12-05T08:42:52.507+0000][20.805s][info ][gc,heap     ] GC(43) Humongous regions: 1->1
[2025-12-05T08:42:52.507+0000][20.805s][info ][gc,metaspace] GC(43) Metaspace: 91407K(91968K)->91407K(91968K) NonClass: 79247K(79552K)->79247K(79552K) Class: 12160K(12416K)->12160K(12416K)
[2025-12-05T08:42:52.507+0000][20.805s][info ][gc          ] GC(43) Pause Young (Normal) (G1 Evacuation Pause) 178M->120M(230M) 13.415ms
[2025-12-05T08:42:52.507+0000][20.805s][info ][gc,cpu      ] GC(43) User=0.09s Sys=0.00s Real=0.01s
[2025-12-05T08:42:52.507+0000][20.805s][info ][safepoint   ] Safepoint "G1CollectForAllocation", Time since last: 100865773 ns, Reaching safepoint: 86696 ns, Cleanup: 23596 ns, At safepoint: 13546582 ns, Total: 13656874 ns
[2025-12-05T08:42:52.678+0000][20.976s][debug][safepoint   ] Safepoint synchronization initiated using futex wait barrier. (26 threads)
[2025-12-05T08:42:52.678+0000][20.976s][info ][gc,start    ] GC(44) Pause Young (Concurrent Start) (G1 Evacuation Pause)
[2025-12-05T08:42:52.678+0000][20.976s][info ][gc,task     ] GC(44) Using 5 workers of 13 for evacuation
[2025-12-05T08:42:52.689+0000][20.986s][info ][gc,phases   ] GC(44)   Pre Evacuate Collection Set: 0.2ms
[2025-12-05T08:42:52.689+0000][20.986s][info ][gc,phases   ] GC(44)   Merge Heap Roots: 0.1ms
[2025-12-05T08:42:52.689+0000][20.986s][info ][gc,phases   ] GC(44)   Evacuate Collection Set: 8.5ms
[2025-12-05T08:42:52.689+0000][20.986s][info ][gc,phases   ] GC(44)   Post Evacuate Collection Set: 1.2ms
[2025-12-05T08:42:52.689+0000][20.986s][info ][gc,phases   ] GC(44)   Other: 0.2ms
[2025-12-05T08:42:52.689+0000][20.986s][info ][gc,heap     ] GC(44) Eden regions: 58->0(56)
[2025-12-05T08:42:52.689+0000][20.986s][info ][gc,heap     ] GC(44) Survivor regions: 11->5(9)
[2025-12-05T08:42:52.689+0000][20.986s][info ][gc,heap     ] GC(44) Old regions: 108->120
[2025-12-05T08:42:52.689+0000][20.986s][info ][gc,heap     ] GC(44) Archive regions: 2->2
[2025-12-05T08:42:52.689+0000][20.986s][info ][gc,heap     ] GC(44) Humongous regions: 1->1
[2025-12-05T08:42:52.689+0000][20.986s][info ][gc,metaspace] GC(44) Metaspace: 93167K(93696K)->93167K(93696K) NonClass: 80630K(80896K)->80630K(80896K) Class: 12537K(12800K)->12537K(12800K)
[2025-12-05T08:42:52.689+0000][20.986s][info ][gc          ] GC(44) Pause Young (Concurrent Start) (G1 Evacuation Pause) 178M->126M(230M) 10.370ms
[2025-12-05T08:42:52.689+0000][20.986s][info ][gc,cpu      ] GC(44) User=0.04s Sys=0.00s Real=0.02s
[2025-12-05T08:42:52.689+0000][20.986s][info ][safepoint   ] Safepoint "G1CollectForAllocation", Time since last: 171046281 ns, Reaching safepoint: 74864 ns, Cleanup: 24377 ns, At safepoint: 10479938 ns, Total: 10579179 ns
[2025-12-05T08:42:52.689+0000][20.986s][info ][gc          ] GC(45) Concurrent Mark Cycle
[2025-12-05T08:42:52.689+0000][20.986s][info ][gc,marking  ] GC(45) Concurrent Clear Claimed Marks
[2025-12-05T08:42:52.689+0000][20.986s][info ][gc,marking  ] GC(45) Concurrent Clear Claimed Marks 0.108ms
[2025-12-05T08:42:52.689+0000][20.987s][info ][gc,marking  ] GC(45) Concurrent Scan Root Regions
[2025-12-05T08:42:52.692+0000][20.990s][info ][gc,marking  ] GC(45) Concurrent Scan Root Regions 3.265ms
[2025-12-05T08:42:52.692+0000][20.990s][info ][gc,marking  ] GC(45) Concurrent Mark
[2025-12-05T08:42:52.692+0000][20.990s][info ][gc,marking  ] GC(45) Concurrent Mark From Roots
[2025-12-05T08:42:52.692+0000][20.990s][info ][gc,task     ] GC(45) Using 3 workers of 3 for marking
[2025-12-05T08:42:52.736+0000][21.033s][info ][gc,marking  ] GC(45) Concurrent Mark From Roots 43.604ms
[2025-12-05T08:42:52.736+0000][21.034s][info ][gc,marking  ] GC(45) Concurrent Preclean
[2025-12-05T08:42:52.736+0000][21.034s][info ][gc,marking  ] GC(45) Concurrent Preclean 0.307ms
[2025-12-05T08:42:52.736+0000][21.034s][debug][safepoint   ] Safepoint synchronization initiated using futex wait barrier. (26 threads)
[2025-12-05T08:42:52.737+0000][21.034s][info ][gc,start    ] GC(45) Pause Remark
[2025-12-05T08:42:52.742+0000][21.039s][info ][gc          ] GC(45) Pause Remark 147M->135M(230M) 5.255ms
[2025-12-05T08:42:52.742+0000][21.040s][info ][gc,cpu      ] GC(45) User=0.02s Sys=0.00s Real=0.01s
[2025-12-05T08:42:52.742+0000][21.040s][info ][safepoint   ] Safepoint "G1PauseRemark", Time since last: 47659995 ns, Reaching safepoint: 155799 ns, Cleanup: 13967 ns, At safepoint: 5457443 ns, Total: 5627209 ns
[2025-12-05T08:42:52.742+0000][21.040s][info ][gc,marking  ] GC(45) Concurrent Mark 49.800ms
[2025-12-05T08:42:52.742+0000][21.040s][info ][gc,marking  ] GC(45) Concurrent Rebuild Remembered Sets
[2025-12-05T08:42:52.770+0000][21.068s][info ][gc,marking  ] GC(45) Concurrent Rebuild Remembered Sets 28.126ms
[2025-12-05T08:42:52.771+0000][21.068s][debug][safepoint   ] Safepoint synchronization initiated using futex wait barrier. (25 threads)
[2025-12-05T08:42:52.771+0000][21.068s][info ][gc,start    ] GC(45) Pause Cleanup
[2025-12-05T08:42:52.771+0000][21.068s][info ][gc          ] GC(45) Pause Cleanup 147M->147M(230M) 0.216ms
[2025-12-05T08:42:52.771+0000][21.068s][info ][gc,cpu      ] GC(45) User=0.00s Sys=0.00s Real=0.00s
[2025-12-05T08:42:52.771+0000][21.068s][info ][safepoint   ] Safepoint "G1PauseCleanup", Time since last: 28439316 ns, Reaching safepoint: 121032 ns, Cleanup: 11983 ns, At safepoint: 309113 ns, Total: 442128 ns
[2025-12-05T08:42:52.771+0000][21.069s][info ][gc,marking  ] GC(45) Concurrent Cleanup for Next Mark
[2025-12-05T08:42:52.771+0000][21.069s][info ][gc,marking  ] GC(45) Concurrent Cleanup for Next Mark 0.281ms
[2025-12-05T08:42:52.771+0000][21.069s][info ][gc          ] GC(45) Concurrent Mark Cycle 82.556ms
[2025-12-05T08:42:52.809+0000][21.107s][debug][safepoint   ] Safepoint synchronization initiated using futex wait barrier. (24 threads)
[2025-12-05T08:42:52.809+0000][21.107s][info ][gc,start    ] GC(46) Pause Young (Prepare Mixed) (G1 Evacuation Pause)
[2025-12-05T08:42:52.809+0000][21.107s][info ][gc,task     ] GC(46) Using 5 workers of 13 for evacuation
[2025-12-05T08:42:52.816+0000][21.113s][info ][gc,phases   ] GC(46)   Pre Evacuate Collection Set: 0.1ms
[2025-12-05T08:42:52.816+0000][21.113s][info ][gc,phases   ] GC(46)   Merge Heap Roots: 0.1ms
[2025-12-05T08:42:52.816+0000][21.113s][info ][gc,phases   ] GC(46)   Evacuate Collection Set: 4.9ms
[2025-12-05T08:42:52.816+0000][21.113s][info ][gc,phases   ] GC(46)   Post Evacuate Collection Set: 0.9ms
[2025-12-05T08:42:52.816+0000][21.113s][info ][gc,phases   ] GC(46)   Other: 0.1ms
[2025-12-05T08:42:52.816+0000][21.113s][info ][gc,heap     ] GC(46) Eden regions: 56->0(3)
[2025-12-05T08:42:52.816+0000][21.113s][info ][gc,heap     ] GC(46) Survivor regions: 5->8(8)
[2025-12-05T08:42:52.816+0000][21.113s][info ][gc,heap     ] GC(46) Old regions: 109->112
[2025-12-05T08:42:52.816+0000][21.113s][info ][gc,heap     ] GC(46) Archive regions: 2->2
[2025-12-05T08:42:52.816+0000][21.113s][info ][gc,heap     ] GC(46) Humongous regions: 0->0
[2025-12-05T08:42:52.816+0000][21.113s][info ][gc,metaspace] GC(46) Metaspace: 93170K(93696K)->93170K(93696K) NonClass: 80633K(80896K)->80633K(80896K) Class: 12537K(12800K)->12537K(12800K)
[2025-12-05T08:42:52.816+0000][21.113s][info ][gc          ] GC(46) Pause Young (Prepare Mixed) (G1 Evacuation Pause) 170M->120M(230M) 6.377ms
[2025-12-05T08:42:52.816+0000][21.113s][info ][gc,cpu      ] GC(46) User=0.04s Sys=0.00s Real=0.00s
[2025-12-05T08:42:52.816+0000][21.113s][info ][safepoint   ] Safepoint "G1CollectForAllocation", Time since last: 38377993 ns, Reaching safepoint: 93589 ns, Cleanup: 10039 ns, At safepoint: 6482177 ns, Total: 6585805 ns
[2025-12-05T08:42:52.821+0000][21.118s][debug][safepoint   ] Safepoint synchronization initiated using futex wait barrier. (24 threads)
[2025-12-05T08:42:52.821+0000][21.118s][info ][gc,start    ] GC(47) Pause Young (Mixed) (G1 Evacuation Pause)
[2025-12-05T08:42:52.821+0000][21.118s][info ][gc,task     ] GC(47) Using 5 workers of 13 for evacuation
[2025-12-05T08:42:52.830+0000][21.127s][info ][gc,phases   ] GC(47)   Pre Evacuate Collection Set: 0.2ms
[2025-12-05T08:42:52.830+0000][21.127s][info ][gc,phases   ] GC(47)   Merge Heap Roots: 0.2ms
[2025-12-05T08:42:52.830+0000][21.127s][info ][gc,phases   ] GC(47)   Evacuate Collection Set: 7.3ms
[2025-12-05T08:42:52.830+0000][21.127s][info ][gc,phases   ] GC(47)   Post Evacuate Collection Set: 0.8ms
[2025-12-05T08:42:52.830+0000][21.127s][info ][gc,phases   ] GC(47)   Other: 0.1ms
[2025-12-05T08:42:52.830+0000][21.127s][info ][gc,heap     ] GC(47) Eden regions: 3->0(62)
[2025-12-05T08:42:52.830+0000][21.127s][info ][gc,heap     ] GC(47) Survivor regions: 8->2(2)
[2025-12-05T08:42:52.830+0000][21.127s][info ][gc,heap     ] GC(47) Old regions: 112->114
[2025-12-05T08:42:52.830+0000][21.127s][info ][gc,heap     ] GC(47) Archive regions: 2->2
[2025-12-05T08:42:52.830+0000][21.127s][info ][gc,heap     ] GC(47) Humongous regions: 0->0
[2025-12-05T08:42:52.830+0000][21.127s][info ][gc,metaspace] GC(47) Metaspace: 93170K(93696K)->93170K(93696K) NonClass: 80633K(80896K)->80633K(80896K) Class: 12537K(12800K)->12537K(12800K)
[2025-12-05T08:42:52.830+0000][21.127s][info ][gc          ] GC(47) Pause Young (Mixed) (G1 Evacuation Pause) 123M->116M(230M) 8.805ms
[2025-12-05T08:42:52.830+0000][21.127s][info ][gc,cpu      ] GC(47) User=0.05s Sys=0.00s Real=0.01s
[2025-12-05T08:42:52.830+0000][21.127s][info ][safepoint   ] Safepoint "G1CollectForAllocation", Time since last: 4804595 ns, Reaching safepoint: 94250 ns, Cleanup: 4780 ns, At safepoint: 8875504 ns, Total: 8974534 ns
[2025-12-05T08:42:52.851+0000][21.148s][debug][safepoint   ] Safepoint synchronization initiated using futex wait barrier. (24 threads)
[2025-12-05T08:42:52.851+0000][21.148s][info ][gc,start    ] GC(48) Pause Young (Concurrent Start) (G1 Humongous Allocation)
[2025-12-05T08:42:52.851+0000][21.148s][info ][gc,task     ] GC(48) Using 5 workers of 13 for evacuation
[2025-12-05T08:42:52.859+0000][21.156s][info ][gc,phases   ] GC(48)   Pre Evacuate Collection Set: 0.2ms
[2025-12-05T08:42:52.859+0000][21.156s][info ][gc,phases   ] GC(48)   Merge Heap Roots: 0.1ms
[2025-12-05T08:42:52.859+0000][21.156s][info ][gc,phases   ] GC(48)   Evacuate Collection Set: 6.3ms
[2025-12-05T08:42:52.859+0000][21.156s][info ][gc,phases   ] GC(48)   Post Evacuate Collection Set: 0.9ms
[2025-12-05T08:42:52.859+0000][21.156s][info ][gc,phases   ] GC(48)   Other: 0.1ms
[2025-12-05T08:42:52.859+0000][21.156s][info ][gc,heap     ] GC(48) Eden regions: 17->0(48)
[2025-12-05T08:42:52.859+0000][21.156s][info ][gc,heap     ] GC(48) Survivor regions: 2->8(8)
[2025-12-05T08:42:52.859+0000][21.156s][info ][gc,heap     ] GC(48) Old regions: 114->115
[2025-12-05T08:42:52.859+0000][21.156s][info ][gc,heap     ] GC(48) Archive regions: 2->2
[2025-12-05T08:42:52.859+0000][21.156s][info ][gc,heap     ] GC(48) Humongous regions: 0->0
[2025-12-05T08:42:52.859+0000][21.156s][info ][gc,metaspace] GC(48) Metaspace: 93170K(93696K)->93170K(93696K) NonClass: 80633K(80896K)->80633K(80896K) Class: 12537K(12800K)->12537K(12800K)
[2025-12-05T08:42:52.859+0000][21.156s][info ][gc          ] GC(48) Pause Young (Concurrent Start) (G1 Humongous Allocation) 133M->123M(230M) 7.916ms
[2025-12-05T08:42:52.859+0000][21.156s][info ][gc,cpu      ] GC(48) User=0.05s Sys=0.00s Real=0.00s
[2025-12-05T08:42:52.859+0000][21.156s][info ][gc          ] GC(49) Concurrent Mark Cycle
[2025-12-05T08:42:52.859+0000][21.156s][info ][gc,marking  ] GC(49) Concurrent Clear Claimed Marks
[2025-12-05T08:42:52.859+0000][21.156s][info ][safepoint   ] Safepoint "G1TryInitiateConcMark", Time since last: 21063960 ns, Reaching safepoint: 86186 ns, Cleanup: 5410 ns, At safepoint: 8082630 ns, Total: 8174226 ns
[2025-12-05T08:42:52.859+0000][21.157s][info ][gc,marking  ] GC(49) Concurrent Clear Claimed Marks 0.099ms
[2025-12-05T08:42:52.859+0000][21.157s][info ][gc,marking  ] GC(49) Concurrent Scan Root Regions
[2025-12-05T08:42:52.861+0000][21.158s][info ][gc,marking  ] GC(49) Concurrent Scan Root Regions 1.797ms
[2025-12-05T08:42:52.861+0000][21.158s][info ][gc,marking  ] GC(49) Concurrent Mark
[2025-12-05T08:42:52.861+0000][21.158s][info ][gc,marking  ] GC(49) Concurrent Mark From Roots
[2025-12-05T08:42:52.861+0000][21.158s][info ][gc,task     ] GC(49) Using 3 workers of 3 for marking
[2025-12-05T08:42:52.910+0000][21.208s][info ][gc,marking  ] GC(49) Concurrent Mark From Roots 49.292ms
[2025-12-05T08:42:52.910+0000][21.208s][info ][gc,marking  ] GC(49) Concurrent Preclean
[2025-12-05T08:42:52.911+0000][21.208s][info ][gc,marking  ] GC(49) Concurrent Preclean 0.273ms
[2025-12-05T08:42:52.911+0000][21.208s][debug][safepoint   ] Safepoint synchronization initiated using futex wait barrier. (24 threads)
[2025-12-05T08:42:52.911+0000][21.208s][info ][gc,start    ] GC(49) Pause Remark
[2025-12-05T08:42:52.916+0000][21.214s][info ][gc          ] GC(49) Pause Remark 148M->143M(242M) 5.184ms
[2025-12-05T08:42:52.916+0000][21.214s][info ][gc,cpu      ] GC(49) User=0.02s Sys=0.00s Real=0.00s
[2025-12-05T08:42:52.916+0000][21.214s][info ][safepoint   ] Safepoint "G1PauseRemark", Time since last: 51804938 ns, Reaching safepoint: 175657 ns, Cleanup: 10670 ns, At safepoint: 5335710 ns, Total: 5522037 ns
[2025-12-05T08:42:52.916+0000][21.214s][info ][gc,marking  ] GC(49) Concurrent Mark 55.361ms
[2025-12-05T08:42:52.916+0000][21.214s][info ][gc,marking  ] GC(49) Concurrent Rebuild Remembered Sets
[2025-12-05T08:42:52.947+0000][21.245s][info ][gc,marking  ] GC(49) Concurrent Rebuild Remembered Sets 30.871ms
[2025-12-05T08:42:52.947+0000][21.245s][debug][safepoint   ] Safepoint synchronization initiated using futex wait barrier. (24 threads)
[2025-12-05T08:42:52.948+0000][21.245s][info ][gc,start    ] GC(49) Pause Cleanup
[2025-12-05T08:42:52.948+0000][21.245s][info ][gc          ] GC(49) Pause Cleanup 152M->152M(242M) 0.277ms
[2025-12-05T08:42:52.948+0000][21.246s][info ][gc,cpu      ] GC(49) User=0.00s Sys=0.00s Real=0.00s
[2025-12-05T08:42:52.948+0000][21.246s][info ][safepoint   ] Safepoint "G1PauseCleanup", Time since last: 31168221 ns, Reaching safepoint: 222808 ns, Cleanup: 9769 ns, At safepoint: 478107 ns, Total: 710684 ns
[2025-12-05T08:42:52.948+0000][21.246s][info ][gc,marking  ] GC(49) Concurrent Cleanup for Next Mark
[2025-12-05T08:42:52.949+0000][21.246s][info ][gc,marking  ] GC(49) Concurrent Cleanup for Next Mark 0.626ms
[2025-12-05T08:42:52.949+0000][21.246s][info ][gc          ] GC(49) Concurrent Mark Cycle 90.057ms
[2025-12-05T08:42:52.985+0000][21.282s][debug][safepoint   ] Safepoint synchronization initiated using futex wait barrier. (24 threads)
[2025-12-05T08:42:52.985+0000][21.282s][info ][gc,start    ] GC(50) Pause Young (Prepare Mixed) (G1 Evacuation Pause)
[2025-12-05T08:42:52.985+0000][21.282s][info ][gc,task     ] GC(50) Using 5 workers of 13 for evacuation
[2025-12-05T08:42:52.999+0000][21.297s][info ][gc,phases   ] GC(50)   Pre Evacuate Collection Set: 0.2ms
[2025-12-05T08:42:52.999+0000][21.297s][info ][gc,phases   ] GC(50)   Merge Heap Roots: 0.3ms
[2025-12-05T08:42:52.999+0000][21.297s][info ][gc,phases   ] GC(50)   Evacuate Collection Set: 12.9ms
[2025-12-05T08:42:52.999+0000][21.297s][info ][gc,phases   ] GC(50)   Post Evacuate Collection Set: 0.9ms
[2025-12-05T08:42:52.999+0000][21.297s][info ][gc,phases   ] GC(50)   Other: 0.1ms
[2025-12-05T08:42:52.999+0000][21.297s][info ][gc,heap     ] GC(50) Eden regions: 48->0(5)
[2025-12-05T08:42:52.999+0000][21.297s][info ][gc,heap     ] GC(50) Survivor regions: 8->7(7)
[2025-12-05T08:42:53.000+0000][21.297s][info ][gc,heap     ] GC(50) Old regions: 110->130
[2025-12-05T08:42:53.000+0000][21.297s][info ][gc,heap     ] GC(50) Archive regions: 2->2
[2025-12-05T08:42:53.000+0000][21.297s][info ][gc,heap     ] GC(50) Humongous regions: 3->3
[2025-12-05T08:42:53.000+0000][21.297s][info ][gc,metaspace] GC(50) Metaspace: 93170K(93696K)->93170K(93696K) NonClass: 80633K(80896K)->80633K(80896K) Class: 12537K(12800K)->12537K(12800K)
[2025-12-05T08:42:53.000+0000][21.297s][info ][gc          ] GC(50) Pause Young (Prepare Mixed) (G1 Evacuation Pause) 169M->140M(242M) 14.579ms
[2025-12-05T08:42:53.000+0000][21.297s][info ][gc,cpu      ] GC(50) User=0.08s Sys=0.00s Real=0.01s
[2025-12-05T08:42:53.000+0000][21.297s][info ][safepoint   ] Safepoint "G1CollectForAllocation", Time since last: 36676643 ns, Reaching safepoint: 94181 ns, Cleanup: 5130 ns, At safepoint: 14683449 ns, Total: 14782760 ns
[2025-12-05T08:42:53.007+0000][21.305s][debug][safepoint   ] Safepoint synchronization initiated using futex wait barrier. (24 threads)
[2025-12-05T08:42:53.008+0000][21.305s][info ][gc,start    ] GC(51) Pause Young (Mixed) (G1 Evacuation Pause)
[2025-12-05T08:42:53.008+0000][21.305s][info ][gc,task     ] GC(51) Using 5 workers of 13 for evacuation
[2025-12-05T08:42:53.026+0000][21.324s][info ][gc,phases   ] GC(51)   Pre Evacuate Collection Set: 0.2ms
[2025-12-05T08:42:53.026+0000][21.324s][info ][gc,phases   ] GC(51)   Merge Heap Roots: 0.2ms
[2025-12-05T08:42:53.026+0000][21.324s][info ][gc,phases   ] GC(51)   Evacuate Collection Set: 6.6ms
[2025-12-05T08:42:53.026+0000][21.324s][info ][gc,phases   ] GC(51)   Post Evacuate Collection Set: 11.3ms
[2025-12-05T08:42:53.026+0000][21.324s][info ][gc,phases   ] GC(51)   Other: 0.2ms
[2025-12-05T08:42:53.026+0000][21.324s][info ][gc,heap     ] GC(51) Eden regions: 5->0(291)
[2025-12-05T08:42:53.026+0000][21.324s][info ][gc,heap     ] GC(51) Survivor regions: 7->2(2)
[2025-12-05T08:42:53.026+0000][21.324s][info ][gc,heap     ] GC(51) Old regions: 130->127
[2025-12-05T08:42:53.026+0000][21.324s][info ][gc,heap     ] GC(51) Archive regions: 2->2
[2025-12-05T08:42:53.026+0000][21.324s][info ][gc,heap     ] GC(51) Humongous regions: 3->3
[2025-12-05T08:42:53.026+0000][21.324s][info ][gc,metaspace] GC(51) Metaspace: 93170K(93696K)->93170K(93696K) NonClass: 80633K(80896K)->80633K(80896K) Class: 12537K(12800K)->12537K(12800K)
[2025-12-05T08:42:53.026+0000][21.324s][info ][gc          ] GC(51) Pause Young (Mixed) (G1 Evacuation Pause) 145M->132M(724M) 18.616ms
[2025-12-05T08:42:53.026+0000][21.324s][info ][gc,cpu      ] GC(51) User=0.03s Sys=0.01s Real=0.02s
[2025-12-05T08:42:53.026+0000][21.324s][info ][safepoint   ] Safepoint "G1CollectForAllocation", Time since last: 7861337 ns, Reaching safepoint: 290237 ns, Cleanup: 5531 ns, At safepoint: 18711152 ns, Total: 19006920 ns
[2025-12-05T08:42:54.191+0000][22.489s][debug][safepoint   ] Safepoint synchronization initiated using futex wait barrier. (21 threads)
[2025-12-05T08:42:54.191+0000][22.489s][debug][safepoint   ] ... found polling page loop exception at pc = 0x0000706eb91527e9, stub =0x0000706eb8a04400
[2025-12-05T08:42:54.191+0000][22.489s][info ][safepoint   ] Safepoint "Cleanup", Time since last: 1164629326 ns, Reaching safepoint: 174965 ns, Cleanup: 97076 ns, At safepoint: 50437 ns, Total: 322478 ns
[2025-12-05T08:42:55.192+0000][23.489s][debug][safepoint   ] Safepoint synchronization initiated using futex wait barrier. (22 threads)
[2025-12-05T08:42:55.192+0000][23.489s][info ][safepoint   ] Safepoint "Cleanup", Time since last: 1000133203 ns, Reaching safepoint: 172455 ns, Cleanup: 72368 ns, At safepoint: 39436 ns, Total: 284259 ns
[2025-12-05T08:42:55.261+0000][23.558s][debug][safepoint   ] Safepoint synchronization initiated using futex wait barrier. (22 threads)
[2025-12-05T08:42:55.261+0000][23.559s][info ][gc,start    ] GC(52) Pause Young (Normal) (G1 Evacuation Pause)
[2025-12-05T08:42:55.261+0000][23.559s][info ][gc,task     ] GC(52) Using 13 workers of 13 for evacuation
[2025-12-05T08:42:55.315+0000][23.613s][info ][gc,phases   ] GC(52)   Pre Evacuate Collection Set: 0.5ms
[2025-12-05T08:42:55.315+0000][23.613s][info ][gc,phases   ] GC(52)   Merge Heap Roots: 0.3ms
[2025-12-05T08:42:55.315+0000][23.613s][info ][gc,phases   ] GC(52)   Evacuate Collection Set: 51.0ms
[2025-12-05T08:42:55.315+0000][23.613s][info ][gc,phases   ] GC(52)   Post Evacuate Collection Set: 2.0ms
[2025-12-05T08:42:55.315+0000][23.613s][info ][gc,phases   ] GC(52)   Other: 0.2ms
[2025-12-05T08:42:55.315+0000][23.613s][info ][gc,heap     ] GC(52) Eden regions: 291->0(286)
[2025-12-05T08:42:55.315+0000][23.613s][info ][gc,heap     ] GC(52) Survivor regions: 2->33(37)
[2025-12-05T08:42:55.315+0000][23.613s][info ][gc,heap     ] GC(52) Old regions: 127->127
[2025-12-05T08:42:55.315+0000][23.613s][info ][gc,heap     ] GC(52) Archive regions: 2->2
[2025-12-05T08:42:55.315+0000][23.613s][info ][gc,heap     ] GC(52) Humongous regions: 4->4
[2025-12-05T08:42:55.315+0000][23.613s][info ][gc,metaspace] GC(52) Metaspace: 99819K(100416K)->99819K(100416K) NonClass: 86326K(86656K)->86326K(86656K) Class: 13493K(13760K)->13493K(13760K)
[2025-12-05T08:42:55.315+0000][23.613s][info ][gc          ] GC(52) Pause Young (Normal) (G1 Evacuation Pause) 424M->164M(724M) 54.254ms
[2025-12-05T08:42:55.315+0000][23.613s][info ][gc,cpu      ] GC(52) User=0.14s Sys=0.54s Real=0.05s
[2025-12-05T08:42:55.316+0000][23.613s][info ][safepoint   ] Safepoint "G1CollectForAllocation", Time since last: 68993680 ns, Reaching safepoint: 199112 ns, Cleanup: 18956 ns, At safepoint: 54880760 ns, Total: 55098828 ns
[2025-12-05T08:42:55.511+0000][23.808s][debug][safepoint   ] ... found polling page loop exception at pc = 0x0000706eb9260704, stub =0x0000706eb8a04400
[2025-12-05T08:42:56.018+0000][24.315s][debug][safepoint   ] Safepoint synchronization initiated using futex wait barrier. (26 threads)
[2025-12-05T08:42:56.018+0000][24.316s][info ][safepoint   ] Safepoint "ICBufferFull", Time since last: 701940205 ns, Reaching safepoint: 172891 ns, Cleanup: 325192 ns, At safepoint: 4008 ns, Total: 502091 ns
[2025-12-05T08:42:56.977+0000][25.274s][debug][safepoint   ] Safepoint synchronization initiated using futex wait barrier. (29 threads)
[2025-12-05T08:42:56.977+0000][25.275s][info ][safepoint   ] Safepoint "ICBufferFull", Time since last: 958608943 ns, Reaching safepoint: 136762 ns, Cleanup: 174765 ns, At safepoint: 36920 ns, Total: 348447 ns
[2025-12-05T08:42:57.346+0000][25.644s][debug][safepoint   ] Safepoint synchronization initiated using futex wait barrier. (31 threads)
[2025-12-05T08:42:57.346+0000][25.644s][info ][gc,start    ] GC(53) Pause Young (Normal) (G1 Evacuation Pause)
[2025-12-05T08:42:57.346+0000][25.644s][info ][gc,task     ] GC(53) Using 13 workers of 13 for evacuation
[2025-12-05T08:42:57.366+0000][25.663s][info ][gc,phases   ] GC(53)   Pre Evacuate Collection Set: 0.4ms
[2025-12-05T08:42:57.366+0000][25.663s][info ][gc,phases   ] GC(53)   Merge Heap Roots: 0.3ms
[2025-12-05T08:42:57.366+0000][25.663s][info ][gc,phases   ] GC(53)   Evacuate Collection Set: 16.5ms
[2025-12-05T08:42:57.366+0000][25.663s][info ][gc,phases   ] GC(53)   Post Evacuate Collection Set: 2.0ms
[2025-12-05T08:42:57.366+0000][25.663s][info ][gc,phases   ] GC(53)   Other: 0.2ms
[2025-12-05T08:42:57.366+0000][25.663s][info ][gc,heap     ] GC(53) Eden regions: 286->0(307)
[2025-12-05T08:42:57.366+0000][25.663s][info ][gc,heap     ] GC(53) Survivor regions: 33->11(40)
[2025-12-05T08:42:57.366+0000][25.663s][info ][gc,heap     ] GC(53) Old regions: 127->160
[2025-12-05T08:42:57.366+0000][25.663s][info ][gc,heap     ] GC(53) Archive regions: 2->2
[2025-12-05T08:42:57.366+0000][25.663s][info ][gc,heap     ] GC(53) Humongous regions: 4->4
[2025-12-05T08:42:57.366+0000][25.663s][info ][gc,metaspace] GC(53) Metaspace: 107016K(107648K)->107016K(107648K) NonClass: 92825K(93184K)->92825K(93184K) Class: 14190K(14464K)->14190K(14464K)
[2025-12-05T08:42:57.366+0000][25.663s][info ][gc          ] GC(53) Pause Young (Normal) (G1 Evacuation Pause) 450M->174M(724M) 19.512ms
[2025-12-05T08:42:57.366+0000][25.663s][info ][gc,cpu      ] GC(53) User=0.17s Sys=0.02s Real=0.02s
[2025-12-05T08:42:57.366+0000][25.663s][info ][safepoint   ] Safepoint "G1CollectForAllocation", Time since last: 368621992 ns, Reaching safepoint: 130099 ns, Cleanup: 75664 ns, At safepoint: 19693216 ns, Total: 19898979 ns
[2025-12-05T08:42:58.845+0000][27.142s][debug][safepoint   ] Safepoint synchronization initiated using futex wait barrier. (37 threads)
[2025-12-05T08:42:58.845+0000][27.143s][info ][safepoint   ] Safepoint "Cleanup", Time since last: 1478649721 ns, Reaching safepoint: 668870 ns, Cleanup: 169244 ns, At safepoint: 29878 ns, Total: 867992 ns
[2025-12-05T08:42:59.482+0000][27.779s][debug][safepoint   ] Safepoint synchronization initiated using futex wait barrier. (40 threads)
[2025-12-05T08:42:59.482+0000][27.779s][info ][gc,start    ] GC(54) Pause Young (Normal) (G1 Evacuation Pause)
[2025-12-05T08:42:59.482+0000][27.780s][info ][gc,task     ] GC(54) Using 13 workers of 13 for evacuation
[2025-12-05T08:42:59.494+0000][27.791s][info ][gc,phases   ] GC(54)   Pre Evacuate Collection Set: 0.3ms
[2025-12-05T08:42:59.494+0000][27.791s][info ][gc,phases   ] GC(54)   Merge Heap Roots: 0.3ms
[2025-12-05T08:42:59.494+0000][27.791s][info ][gc,phases   ] GC(54)   Evacuate Collection Set: 8.8ms
[2025-12-05T08:42:59.494+0000][27.791s][info ][gc,phases   ] GC(54)   Post Evacuate Collection Set: 2.0ms
[2025-12-05T08:42:59.494+0000][27.791s][info ][gc,phases   ] GC(54)   Other: 0.2ms
[2025-12-05T08:42:59.494+0000][27.791s][info ][gc,heap     ] GC(54) Eden regions: 307->0(360)
[2025-12-05T08:42:59.494+0000][27.791s][info ][gc,heap     ] GC(54) Survivor regions: 11->16(40)
[2025-12-05T08:42:59.494+0000][27.791s][info ][gc,heap     ] GC(54) Old regions: 160->160
[2025-12-05T08:42:59.494+0000][27.791s][info ][gc,heap     ] GC(54) Archive regions: 2->2
[2025-12-05T08:42:59.494+0000][27.791s][info ][gc,heap     ] GC(54) Humongous regions: 4->4
[2025-12-05T08:42:59.494+0000][27.791s][info ][gc,metaspace] GC(54) Metaspace: 114256K(115008K)->114256K(115008K) NonClass: 99335K(99712K)->99335K(99712K) Class: 14920K(15296K)->14920K(15296K)
[2025-12-05T08:42:59.494+0000][27.791s][info ][gc          ] GC(54) Pause Young (Normal) (G1 Evacuation Pause) 481M->179M(724M) 11.797ms
[2025-12-05T08:42:59.494+0000][27.791s][info ][gc,cpu      ] GC(54) User=0.06s Sys=0.05s Real=0.01s
[2025-12-05T08:42:59.494+0000][27.791s][info ][safepoint   ] Safepoint "G1CollectForAllocation", Time since last: 636428873 ns, Reaching safepoint: 87267 ns, Cleanup: 68371 ns, At safepoint: 11940043 ns, Total: 12095681 ns
[2025-12-05T08:43:00.584+0000][28.883s][debug][safepoint   ] Safepoint synchronization initiated using futex wait barrier. (46 threads)
[2025-12-05T08:43:00.585+0000][28.884s][info ][safepoint   ] Safepoint "ICBufferFull", Time since last: 1091998187 ns, Reaching safepoint: 88980 ns, Cleanup: 174865 ns, At safepoint: 2725 ns, Total: 266570 ns
[2025-12-05T08:43:00.980+0000][29.279s][debug][safepoint   ] Safepoint synchronization initiated using futex wait barrier. (46 threads)
[2025-12-05T08:43:00.980+0000][29.279s][info ][safepoint   ] Safepoint "ICBufferFull", Time since last: 395277237 ns, Reaching safepoint: 93660 ns, Cleanup: 149516 ns, At safepoint: 26531 ns, Total: 269707 ns
[2025-12-05T08:43:01.358+0000][29.657s][debug][safepoint   ] Safepoint synchronization initiated using futex wait barrier. (46 threads)
[2025-12-05T08:43:01.359+0000][29.658s][info ][safepoint   ] Safepoint "ICBufferFull", Time since last: 378002511 ns, Reaching safepoint: 151911 ns, Cleanup: 361442 ns, At safepoint: 8226 ns, Total: 521579 ns
[2025-12-05T08:43:02.359+0000][30.658s][debug][safepoint   ] Safepoint synchronization initiated using futex wait barrier. (44 threads)
[2025-12-05T08:43:02.359+0000][30.658s][info ][gc,start    ] GC(55) Pause Young (Normal) (G1 Evacuation Pause)
[2025-12-05T08:43:02.359+0000][30.658s][info ][gc,task     ] GC(55) Using 13 workers of 13 for evacuation
[2025-12-05T08:43:02.413+0000][30.712s][info ][gc,phases   ] GC(55)   Pre Evacuate Collection Set: 0.4ms
[2025-12-05T08:43:02.413+0000][30.712s][info ][gc,phases   ] GC(55)   Merge Heap Roots: 0.3ms
[2025-12-05T08:43:02.413+0000][30.712s][info ][gc,phases   ] GC(55)   Evacuate Collection Set: 48.4ms
[2025-12-05T08:43:02.413+0000][30.712s][info ][gc,phases   ] GC(55)   Post Evacuate Collection Set: 4.5ms
[2025-12-05T08:43:02.413+0000][30.712s][info ][gc,phases   ] GC(55)   Other: 0.4ms
[2025-12-05T08:43:02.413+0000][30.712s][info ][gc,heap     ] GC(55) Eden regions: 360->0(371)
[2025-12-05T08:43:02.413+0000][30.712s][info ][gc,heap     ] GC(55) Survivor regions: 16->23(47)
[2025-12-05T08:43:02.413+0000][30.712s][info ][gc,heap     ] GC(55) Old regions: 160->160
[2025-12-05T08:43:02.413+0000][30.712s][info ][gc,heap     ] GC(55) Archive regions: 2->2
[2025-12-05T08:43:02.413+0000][30.712s][info ][gc,heap     ] GC(55) Humongous regions: 4->4
[2025-12-05T08:43:02.413+0000][30.712s][info ][gc,metaspace] GC(55) Metaspace: 122654K(123456K)->122654K(123456K) NonClass: 106917K(107328K)->106917K(107328K) Class: 15737K(16128K)->15737K(16128K)
[2025-12-05T08:43:02.413+0000][30.712s][info ][gc          ] GC(55) Pause Young (Normal) (G1 Evacuation Pause) 539M->187M(724M) 54.217ms
[2025-12-05T08:43:02.414+0000][30.712s][info ][gc,cpu      ] GC(55) User=0.28s Sys=0.39s Real=0.05s
[2025-12-05T08:43:02.414+0000][30.713s][info ][safepoint   ] Safepoint "G1CollectForAllocation", Time since last: 1000132541 ns, Reaching safepoint: 142473 ns, Cleanup: 144136 ns, At safepoint: 54591306 ns, Total: 54877915 ns
[2025-12-05T08:43:03.503+0000][31.802s][debug][safepoint   ] Safepoint synchronization initiated using futex wait barrier. (47 threads)
[2025-12-05T08:43:03.504+0000][31.803s][info ][safepoint   ] Safepoint "Cleanup", Time since last: 1089606031 ns, Reaching safepoint: 213298 ns, Cleanup: 203019 ns, At safepoint: 26089 ns, Total: 442406 ns
[2025-12-05T08:43:04.674+0000][32.973s][debug][safepoint   ] Safepoint synchronization initiated using futex wait barrier. (59 threads)
[2025-12-05T08:43:04.675+0000][32.974s][info ][safepoint   ] Safepoint "Cleanup", Time since last: 1170498492 ns, Reaching safepoint: 161169 ns, Cleanup: 257943 ns, At safepoint: 30839 ns, Total: 449951 ns
[2025-12-05T08:43:04.836+0000][33.135s][debug][safepoint   ] ... found polling page loop exception at pc = 0x0000706eb9263d67, stub =0x0000706eb8a04400
[2025-12-05T08:43:05.358+0000][33.657s][debug][safepoint   ] Safepoint synchronization initiated using futex wait barrier. (61 threads)
[2025-12-05T08:43:05.358+0000][33.657s][info ][gc,start    ] GC(56) Pause Young (Normal) (G1 Evacuation Pause)
[2025-12-05T08:43:05.359+0000][33.657s][info ][gc,task     ] GC(56) Using 13 workers of 13 for evacuation
[2025-12-05T08:43:05.387+0000][33.686s][info ][gc,phases   ] GC(56)   Pre Evacuate Collection Set: 0.5ms
[2025-12-05T08:43:05.387+0000][33.686s][info ][gc,phases   ] GC(56)   Merge Heap Roots: 0.4ms
[2025-12-05T08:43:05.387+0000][33.686s][info ][gc,phases   ] GC(56)   Evacuate Collection Set: 24.5ms
[2025-12-05T08:43:05.387+0000][33.686s][info ][gc,phases   ] GC(56)   Post Evacuate Collection Set: 2.8ms
[2025-12-05T08:43:05.387+0000][33.686s][info ][gc,phases   ] GC(56)   Other: 0.3ms
[2025-12-05T08:43:05.387+0000][33.686s][info ][gc,heap     ] GC(56) Eden regions: 371->0(373)
[2025-12-05T08:43:05.387+0000][33.686s][info ][gc,heap     ] GC(56) Survivor regions: 23->33(50)
[2025-12-05T08:43:05.387+0000][33.686s][info ][gc,heap     ] GC(56) Old regions: 160->160
[2025-12-05T08:43:05.387+0000][33.686s][info ][gc,heap     ] GC(56) Archive regions: 2->2
[2025-12-05T08:43:05.387+0000][33.686s][info ][gc,heap     ] GC(56) Humongous regions: 5->4
[2025-12-05T08:43:05.387+0000][33.686s][info ][gc,metaspace] GC(56) Metaspace: 137129K(138304K)->137129K(138304K) NonClass: 119906K(120512K)->119906K(120512K) Class: 17222K(17792K)->17222K(17792K)
[2025-12-05T08:43:05.387+0000][33.686s][info ][gc          ] GC(56) Pause Young (Normal) (G1 Evacuation Pause) 559M->197M(724M) 28.753ms
[2025-12-05T08:43:05.387+0000][33.686s][info ][gc,cpu      ] GC(56) User=0.12s Sys=0.21s Real=0.04s
[2025-12-05T08:43:05.387+0000][33.686s][info ][safepoint   ] Safepoint "G1CollectForAllocation", Time since last: 683343468 ns, Reaching safepoint: 101625 ns, Cleanup: 157200 ns, At safepoint: 29090615 ns, Total: 29349440 ns
[2025-12-05T08:43:06.388+0000][34.687s][debug][safepoint   ] Safepoint synchronization initiated using futex wait barrier. (60 threads)
[2025-12-05T08:43:06.388+0000][34.687s][info ][safepoint   ] Safepoint "Cleanup", Time since last: 1000175239 ns, Reaching safepoint: 107877 ns, Cleanup: 64253 ns, At safepoint: 47902 ns, Total: 220032 ns
[2025-12-05T08:43:07.507+0000][35.806s][debug][safepoint   ] Safepoint synchronization initiated using futex wait barrier. (63 threads)
[2025-12-05T08:43:07.508+0000][35.807s][info ][gc,start    ] GC(57) Pause Young (Normal) (G1 Evacuation Pause)
[2025-12-05T08:43:07.508+0000][35.807s][info ][gc,task     ] GC(57) Using 13 workers of 13 for evacuation
[2025-12-05T08:43:07.529+0000][35.828s][info ][gc,phases   ] GC(57)   Pre Evacuate Collection Set: 0.5ms
[2025-12-05T08:43:07.529+0000][35.828s][info ][gc,phases   ] GC(57)   Merge Heap Roots: 0.4ms
[2025-12-05T08:43:07.529+0000][35.828s][info ][gc,phases   ] GC(57)   Evacuate Collection Set: 17.6ms
[2025-12-05T08:43:07.529+0000][35.828s][info ][gc,phases   ] GC(57)   Post Evacuate Collection Set: 2.4ms
[2025-12-05T08:43:07.529+0000][35.828s][info ][gc,phases   ] GC(57)   Other: 0.2ms
[2025-12-05T08:43:07.529+0000][35.828s][info ][gc,heap     ] GC(57) Eden regions: 373->0(370)
[2025-12-05T08:43:07.529+0000][35.828s][info ][gc,heap     ] GC(57) Survivor regions: 33->38(51)
[2025-12-05T08:43:07.529+0000][35.828s][info ][gc,heap     ] GC(57) Old regions: 160->167
[2025-12-05T08:43:07.529+0000][35.828s][info ][gc,heap     ] GC(57) Archive regions: 2->2
[2025-12-05T08:43:07.529+0000][35.828s][info ][gc,heap     ] GC(57) Humongous regions: 4->4
[2025-12-05T08:43:07.529+0000][35.828s][info ][gc,metaspace] GC(57) Metaspace: 146937K(148032K)->146937K(148032K) NonClass: 129029K(129600K)->129029K(129600K) Class: 17907K(18432K)->17907K(18432K)
[2025-12-05T08:43:07.529+0000][35.828s][info ][gc          ] GC(57) Pause Young (Normal) (G1 Evacuation Pause) 570M->209M(724M) 21.182ms
[2025-12-05T08:43:07.529+0000][35.828s][info ][gc,cpu      ] GC(57) User=0.18s Sys=0.07s Real=0.02s
[2025-12-05T08:43:07.529+0000][35.828s][info ][safepoint   ] Safepoint "G1CollectForAllocation", Time since last: 1119592096 ns, Reaching safepoint: 115171 ns, Cleanup: 148955 ns, At safepoint: 21380969 ns, Total: 21645095 ns
[2025-12-05T08:43:07.671+0000][35.970s][info ][cds,heap    ] initialize_from_archived_subgraph jdk.internal.math.FDBigInteger 0x0000706e4f14dd58
[2025-12-05T08:43:07.981+0000][36.280s][debug][safepoint   ] ... found polling page loop exception at pc = 0x0000706eb98711ad, stub =0x0000706eb8a04400
[2025-12-05T08:43:08.444+0000][36.743s][debug][safepoint   ] Safepoint synchronization initiated using futex wait barrier. (81 threads)
[2025-12-05T08:43:08.444+0000][36.743s][info ][safepoint   ] Safepoint "ICBufferFull", Time since last: 914449728 ns, Reaching safepoint: 81105 ns, Cleanup: 153214 ns, At safepoint: 3556 ns, Total: 237875 ns
[2025-12-05T08:43:09.492+0000][37.791s][debug][safepoint   ] Safepoint synchronization initiated using futex wait barrier. (80 threads)
[2025-12-05T08:43:09.492+0000][37.791s][info ][gc,start    ] GC(58) Pause Young (Concurrent Start) (G1 Evacuation Pause)
[2025-12-05T08:43:09.492+0000][37.791s][info ][gc,task     ] GC(58) Using 13 workers of 13 for evacuation
[2025-12-05T08:43:09.516+0000][37.815s][info ][gc,phases   ] GC(58)   Pre Evacuate Collection Set: 0.6ms
[2025-12-05T08:43:09.516+0000][37.815s][info ][gc,phases   ] GC(58)   Merge Heap Roots: 0.3ms
[2025-12-05T08:43:09.516+0000][37.815s][info ][gc,phases   ] GC(58)   Evacuate Collection Set: 20.1ms
[2025-12-05T08:43:09.516+0000][37.815s][info ][gc,phases   ] GC(58)   Post Evacuate Collection Set: 2.4ms
[2025-12-05T08:43:09.516+0000][37.815s][info ][gc,phases   ] GC(58)   Other: 0.3ms
[2025-12-05T08:43:09.516+0000][37.815s][info ][gc,heap     ] GC(58) Eden regions: 370->0(371)
[2025-12-05T08:43:09.516+0000][37.815s][info ][gc,heap     ] GC(58) Survivor regions: 38->35(51)
[2025-12-05T08:43:09.516+0000][37.815s][info ][gc,heap     ] GC(58) Old regions: 167->180
[2025-12-05T08:43:09.516+0000][37.815s][info ][gc,heap     ] GC(58) Archive regions: 2->2
[2025-12-05T08:43:09.516+0000][37.815s][info ][gc,heap     ] GC(58) Humongous regions: 4->4
[2025-12-05T08:43:09.516+0000][37.815s][info ][gc,metaspace] GC(58) Metaspace: 154304K(155456K)->154304K(155456K) NonClass: 135493K(136064K)->135493K(136064K) Class: 18811K(19392K)->18811K(19392K)
[2025-12-05T08:43:09.516+0000][37.815s][info ][gc          ] GC(58) Pause Young (Concurrent Start) (G1 Evacuation Pause) 579M->218M(724M) 23.847ms
[2025-12-05T08:43:09.516+0000][37.815s][info ][gc,cpu      ] GC(58) User=0.25s Sys=0.01s Real=0.02s
[2025-12-05T08:43:09.516+0000][37.815s][info ][gc          ] GC(59) Concurrent Mark Cycle
[2025-12-05T08:43:09.516+0000][37.815s][info ][gc,marking  ] GC(59) Concurrent Clear Claimed Marks
[2025-12-05T08:43:09.516+0000][37.815s][info ][safepoint   ] Safepoint "G1CollectForAllocation", Time since last: 1047964397 ns, Reaching safepoint: 78951 ns, Cleanup: 110371 ns, At safepoint: 24162393 ns, Total: 24351715 ns
[2025-12-05T08:43:09.516+0000][37.815s][info ][gc,marking  ] GC(59) Concurrent Clear Claimed Marks 0.198ms
[2025-12-05T08:43:09.516+0000][37.815s][info ][gc,marking  ] GC(59) Concurrent Scan Root Regions
[2025-12-05T08:43:09.528+0000][37.827s][info ][gc,marking  ] GC(59) Concurrent Scan Root Regions 11.738ms
[2025-12-05T08:43:09.528+0000][37.827s][info ][gc,marking  ] GC(59) Concurrent Mark
[2025-12-05T08:43:09.528+0000][37.827s][info ][gc,marking  ] GC(59) Concurrent Mark From Roots
[2025-12-05T08:43:09.528+0000][37.827s][info ][gc,task     ] GC(59) Using 3 workers of 3 for marking
[2025-12-05T08:43:09.589+0000][37.888s][info ][gc,marking  ] GC(59) Concurrent Mark From Roots 60.857ms
[2025-12-05T08:43:09.589+0000][37.888s][info ][gc,marking  ] GC(59) Concurrent Preclean
[2025-12-05T08:43:09.589+0000][37.888s][info ][gc,marking  ] GC(59) Concurrent Preclean 0.401ms
[2025-12-05T08:43:09.590+0000][37.889s][debug][safepoint   ] Safepoint synchronization initiated using futex wait barrier. (81 threads)
[2025-12-05T08:43:09.590+0000][37.889s][info ][gc,start    ] GC(59) Pause Remark
[2025-12-05T08:43:09.596+0000][37.895s][info ][gc          ] GC(59) Pause Remark 231M->202M(684M) 6.572ms
[2025-12-05T08:43:09.596+0000][37.895s][info ][gc,cpu      ] GC(59) User=0.04s Sys=0.01s Real=0.00s
[2025-12-05T08:43:09.597+0000][37.896s][info ][safepoint   ] Safepoint "G1PauseRemark", Time since last: 73493402 ns, Reaching safepoint: 62390 ns, Cleanup: 61127 ns, At safepoint: 6892751 ns, Total: 7016268 ns
[2025-12-05T08:43:09.597+0000][37.896s][info ][gc,marking  ] GC(59) Concurrent Mark 68.669ms
[2025-12-05T08:43:09.597+0000][37.896s][info ][gc,marking  ] GC(59) Concurrent Rebuild Remembered Sets
[2025-12-05T08:43:09.633+0000][37.932s][info ][gc,marking  ] GC(59) Concurrent Rebuild Remembered Sets 36.276ms
[2025-12-05T08:43:09.633+0000][37.932s][debug][safepoint   ] Safepoint synchronization initiated using futex wait barrier. (82 threads)
[2025-12-05T08:43:09.633+0000][37.932s][info ][gc,start    ] GC(59) Pause Cleanup
[2025-12-05T08:43:09.634+0000][37.933s][info ][gc          ] GC(59) Pause Cleanup 208M->208M(684M) 0.375ms
[2025-12-05T08:43:09.634+0000][37.933s][info ][gc,cpu      ] GC(59) User=0.00s Sys=0.00s Real=0.00s
[2025-12-05T08:43:09.634+0000][37.933s][info ][safepoint   ] Safepoint "G1PauseCleanup", Time since last: 36592460 ns, Reaching safepoint: 32472 ns, Cleanup: 3376 ns, At safepoint: 547077 ns, Total: 582925 ns
[2025-12-05T08:43:09.634+0000][37.933s][info ][gc,marking  ] GC(59) Concurrent Cleanup for Next Mark
[2025-12-05T08:43:09.640+0000][37.938s][info ][gc,marking  ] GC(59) Concurrent Cleanup for Next Mark 5.599ms
[2025-12-05T08:43:09.640+0000][37.939s][info ][gc          ] GC(59) Concurrent Mark Cycle 123.625ms
[2025-12-05T08:43:10.053+0000][38.351s][debug][safepoint   ] ... found polling page loop exception at pc = 0x0000706eb9cb9b5d, stub =0x0000706eb8a04400
[2025-12-05T08:43:10.790+0000][39.089s][debug][safepoint   ] Safepoint synchronization initiated using futex wait barrier. (80 threads)
[2025-12-05T08:43:10.790+0000][39.089s][info ][safepoint   ] Safepoint "Cleanup", Time since last: 1156115080 ns, Reaching safepoint: 178412 ns, Cleanup: 134468 ns, At safepoint: 25018 ns, Total: 337898 ns
[2025-12-05T08:43:11.502+0000][39.801s][debug][safepoint   ] Safepoint synchronization initiated using futex wait barrier. (81 threads)
[2025-12-05T08:43:11.502+0000][39.801s][info ][gc,start    ] GC(60) Pause Young (Prepare Mixed) (G1 Evacuation Pause)
[2025-12-05T08:43:11.502+0000][39.801s][info ][gc,task     ] GC(60) Using 13 workers of 13 for evacuation
[2025-12-05T08:43:11.531+0000][39.830s][info ][gc,phases   ] GC(60)   Pre Evacuate Collection Set: 0.5ms
[2025-12-05T08:43:11.531+0000][39.830s][info ][gc,phases   ] GC(60)   Merge Heap Roots: 0.4ms
[2025-12-05T08:43:11.531+0000][39.830s][info ][gc,phases   ] GC(60)   Evacuate Collection Set: 24.2ms
[2025-12-05T08:43:11.531+0000][39.830s][info ][gc,phases   ] GC(60)   Post Evacuate Collection Set: 3.4ms
[2025-12-05T08:43:11.531+0000][39.830s][info ][gc,phases   ] GC(60)   Other: 0.2ms
[2025-12-05T08:43:11.531+0000][39.830s][info ][gc,heap     ] GC(60) Eden regions: 375->0(4)
[2025-12-05T08:43:11.531+0000][39.830s][info ][gc,heap     ] GC(60) Survivor regions: 35->30(52)
[2025-12-05T08:43:11.531+0000][39.830s][info ][gc,heap     ] GC(60) Old regions: 155->167
[2025-12-05T08:43:11.531+0000][39.830s][info ][gc,heap     ] GC(60) Archive regions: 2->2
[2025-12-05T08:43:11.531+0000][39.830s][info ][gc,heap     ] GC(60) Humongous regions: 0->0
[2025-12-05T08:43:11.531+0000][39.830s][info ][gc,metaspace] GC(60) Metaspace: 159161K(160384K)->159161K(160384K) NonClass: 139575K(140224K)->139575K(140224K) Class: 19586K(20160K)->19586K(20160K)
[2025-12-05T08:43:11.531+0000][39.830s][info ][gc          ] GC(60) Pause Young (Prepare Mixed) (G1 Evacuation Pause) 564M->196M(684M) 28.874ms
[2025-12-05T08:43:11.531+0000][39.830s][info ][gc,cpu      ] GC(60) User=0.20s Sys=0.14s Real=0.03s
[2025-12-05T08:43:11.531+0000][39.830s][info ][safepoint   ] Safepoint "G1CollectForAllocation", Time since last: 711727653 ns, Reaching safepoint: 98318 ns, Cleanup: 157742 ns, At safepoint: 29131076 ns, Total: 29387136 ns
[2025-12-05T08:43:11.546+0000][39.845s][debug][safepoint   ] Safepoint synchronization initiated using futex wait barrier. (81 threads)
[2025-12-05T08:43:11.546+0000][39.845s][info ][gc,start    ] GC(61) Pause Young (Mixed) (G1 Evacuation Pause)
[2025-12-05T08:43:11.546+0000][39.845s][info ][gc,task     ] GC(61) Using 13 workers of 13 for evacuation
[2025-12-05T08:43:11.558+0000][39.857s][info ][gc,phases   ] GC(61)   Pre Evacuate Collection Set: 0.5ms
[2025-12-05T08:43:11.559+0000][39.858s][info ][gc,phases   ] GC(61)   Merge Heap Roots: 0.4ms
[2025-12-05T08:43:11.559+0000][39.858s][info ][gc,phases   ] GC(61)   Evacuate Collection Set: 9.8ms
[2025-12-05T08:43:11.559+0000][39.858s][info ][gc,phases   ] GC(61)   Post Evacuate Collection Set: 1.7ms
[2025-12-05T08:43:11.559+0000][39.858s][info ][gc,phases   ] GC(61)   Other: 0.2ms
[2025-12-05T08:43:11.559+0000][39.858s][info ][gc,heap     ] GC(61) Eden regions: 4->0(382)
[2025-12-05T08:43:11.559+0000][39.858s][info ][gc,heap     ] GC(61) Survivor regions: 30->4(5)
[2025-12-05T08:43:11.559+0000][39.858s][info ][gc,heap     ] GC(61) Old regions: 167->174
[2025-12-05T08:43:11.559+0000][39.858s][info ][gc,heap     ] GC(61) Archive regions: 2->2
[2025-12-05T08:43:11.559+0000][39.858s][info ][gc,heap     ] GC(61) Humongous regions: 0->0
[2025-12-05T08:43:11.559+0000][39.858s][info ][gc,metaspace] GC(61) Metaspace: 159238K(160448K)->159238K(160448K) NonClass: 139638K(140288K)->139638K(140288K) Class: 19599K(20160K)->19599K(20160K)
[2025-12-05T08:43:11.559+0000][39.858s][info ][gc          ] GC(61) Pause Young (Mixed) (G1 Evacuation Pause) 200M->177M(684M) 12.690ms
[2025-12-05T08:43:11.559+0000][39.858s][info ][gc,cpu      ] GC(61) User=0.12s Sys=0.01s Real=0.01s
[2025-12-05T08:43:11.559+0000][39.858s][info ][safepoint   ] Safepoint "G1CollectForAllocation", Time since last: 14417713 ns, Reaching safepoint: 100382 ns, Cleanup: 4048 ns, At safepoint: 12859839 ns, Total: 12964269 ns
[2025-12-05T08:43:12.485+0000][40.784s][debug][safepoint   ] Safepoint synchronization initiated using futex wait barrier. (144 threads)
[2025-12-05T08:43:12.485+0000][40.784s][debug][safepoint   ] ... found polling page loop exception at pc = 0x0000706eb936a979, stub =0x0000706eb8a04400
[2025-12-05T08:43:12.486+0000][40.785s][info ][safepoint   ] Safepoint "ICBufferFull", Time since last: 925980531 ns, Reaching safepoint: 645657 ns, Cleanup: 227396 ns, At safepoint: 164726 ns, Total: 1037779 ns
[2025-12-05T08:43:12.870+0000][41.169s][debug][safepoint   ] Safepoint synchronization initiated using futex wait barrier. (147 threads)
[2025-12-05T08:43:12.870+0000][41.169s][info ][safepoint   ] Safepoint "ICBufferFull", Time since last: 384246330 ns, Reaching safepoint: 84392 ns, Cleanup: 128877 ns, At safepoint: 2715 ns, Total: 215984 ns
[2025-12-05T08:43:12.875+0000][41.174s][debug][safepoint   ] Safepoint synchronization initiated using futex wait barrier. (147 threads)
[2025-12-05T08:43:12.876+0000][41.175s][info ][gc,start    ] GC(62) Pause Young (Normal) (G1 Evacuation Pause)
[2025-12-05T08:43:12.876+0000][41.175s][info ][gc,task     ] GC(62) Using 13 workers of 13 for evacuation
[2025-12-05T08:43:12.888+0000][41.187s][info ][gc,phases   ] GC(62)   Pre Evacuate Collection Set: 0.5ms
[2025-12-05T08:43:12.888+0000][41.187s][info ][gc,phases   ] GC(62)   Merge Heap Roots: 0.3ms
[2025-12-05T08:43:12.888+0000][41.187s][info ][gc,phases   ] GC(62)   Evacuate Collection Set: 9.6ms
[2025-12-05T08:43:12.889+0000][41.187s][info ][gc,phases   ] GC(62)   Post Evacuate Collection Set: 2.1ms
[2025-12-05T08:43:12.889+0000][41.187s][info ][gc,phases   ] GC(62)   Other: 0.3ms
[2025-12-05T08:43:12.889+0000][41.187s][info ][gc,heap     ] GC(62) Eden regions: 382->0(345)
[2025-12-05T08:43:12.889+0000][41.187s][info ][gc,heap     ] GC(62) Survivor regions: 4->30(49)
[2025-12-05T08:43:12.889+0000][41.187s][info ][gc,heap     ] GC(62) Old regions: 174->174
[2025-12-05T08:43:12.889+0000][41.187s][info ][gc,heap     ] GC(62) Archive regions: 2->2
[2025-12-05T08:43:12.889+0000][41.187s][info ][gc,heap     ] GC(62) Humongous regions: 1->1
[2025-12-05T08:43:12.889+0000][41.187s][info ][gc,metaspace] GC(62) Metaspace: 165516K(166784K)->165516K(166784K) NonClass: 145085K(145728K)->145085K(145728K) Class: 20431K(21056K)->20431K(21056K)
[2025-12-05T08:43:12.889+0000][41.188s][info ][gc          ] GC(62) Pause Young (Normal) (G1 Evacuation Pause) 560M->203M(684M) 12.917ms
[2025-12-05T08:43:12.889+0000][41.188s][info ][gc,cpu      ] GC(62) User=0.13s Sys=0.01s Real=0.02s
[2025-12-05T08:43:12.889+0000][41.188s][info ][safepoint   ] Safepoint "G1CollectForAllocation", Time since last: 5140256 ns, Reaching safepoint: 218008 ns, Cleanup: 9047 ns, At safepoint: 13548243 ns, Total: 13775298 ns
[2025-12-05T08:43:12.948+0000][41.247s][debug][safepoint   ] Safepoint synchronization initiated using futex wait barrier. (147 threads)
[2025-12-05T08:43:12.949+0000][41.248s][info ][gc,start    ] GC(63) Pause Young (Concurrent Start) (G1 Humongous Allocation)
[2025-12-05T08:43:12.949+0000][41.248s][info ][gc,task     ] GC(63) Using 13 workers of 13 for evacuation
[2025-12-05T08:43:12.961+0000][41.260s][info ][gc,phases   ] GC(63)   Pre Evacuate Collection Set: 0.5ms
[2025-12-05T08:43:12.961+0000][41.260s][info ][gc,phases   ] GC(63)   Merge Heap Roots: 0.3ms
[2025-12-05T08:43:12.961+0000][41.260s][info ][gc,phases   ] GC(63)   Evacuate Collection Set: 9.6ms
[2025-12-05T08:43:12.961+0000][41.260s][info ][gc,phases   ] GC(63)   Post Evacuate Collection Set: 1.6ms
[2025-12-05T08:43:12.961+0000][41.260s][info ][gc,phases   ] GC(63)   Other: 0.2ms
[2025-12-05T08:43:12.961+0000][41.260s][info ][gc,heap     ] GC(63) Eden regions: 80->0(329)
[2025-12-05T08:43:12.961+0000][41.260s][info ][gc,heap     ] GC(63) Survivor regions: 30->19(47)
[2025-12-05T08:43:12.961+0000][41.260s][info ][gc,heap     ] GC(63) Old regions: 174->201
[2025-12-05T08:43:12.961+0000][41.260s][info ][gc,heap     ] GC(63) Archive regions: 2->2
[2025-12-05T08:43:12.961+0000][41.260s][info ][gc,heap     ] GC(63) Humongous regions: 1->1
[2025-12-05T08:43:12.961+0000][41.260s][info ][gc,metaspace] GC(63) Metaspace: 166067K(167360K)->166067K(167360K) NonClass: 145565K(146240K)->145565K(146240K) Class: 20501K(21120K)->20501K(21120K)
[2025-12-05T08:43:12.961+0000][41.260s][info ][gc          ] GC(63) Pause Young (Concurrent Start) (G1 Humongous Allocation) 283M->221M(684M) 12.376ms
[2025-12-05T08:43:12.961+0000][41.260s][info ][gc,cpu      ] GC(63) User=0.12s Sys=0.01s Real=0.01s
[2025-12-05T08:43:12.961+0000][41.260s][info ][gc          ] GC(64) Concurrent Mark Cycle
[2025-12-05T08:43:12.961+0000][41.260s][info ][gc,marking  ] GC(64) Concurrent Clear Claimed Marks
[2025-12-05T08:43:12.961+0000][41.260s][info ][safepoint   ] Safepoint "G1TryInitiateConcMark", Time since last: 59266152 ns, Reaching safepoint: 207802 ns, Cleanup: 28104 ns, At safepoint: 12614726 ns, Total: 12850632 ns
[2025-12-05T08:43:12.961+0000][41.260s][info ][gc,marking  ] GC(64) Concurrent Clear Claimed Marks 0.193ms
[2025-12-05T08:43:12.961+0000][41.260s][info ][gc,marking  ] GC(64) Concurrent Scan Root Regions
[2025-12-05T08:43:12.969+0000][41.268s][info ][gc,marking  ] GC(64) Concurrent Scan Root Regions 7.453ms
[2025-12-05T08:43:12.969+0000][41.268s][info ][gc,marking  ] GC(64) Concurrent Mark
[2025-12-05T08:43:12.969+0000][41.268s][info ][gc,marking  ] GC(64) Concurrent Mark From Roots
[2025-12-05T08:43:12.969+0000][41.268s][info ][gc,task     ] GC(64) Using 3 workers of 3 for marking
[2025-12-05T08:43:13.022+0000][41.321s][info ][gc,marking  ] GC(64) Concurrent Mark From Roots 53.270ms
[2025-12-05T08:43:13.022+0000][41.321s][info ][gc,marking  ] GC(64) Concurrent Preclean
[2025-12-05T08:43:13.023+0000][41.322s][info ][gc,marking  ] GC(64) Concurrent Preclean 0.570ms
[2025-12-05T08:43:13.023+0000][41.322s][debug][safepoint   ] Safepoint synchronization initiated using futex wait barrier. (147 threads)
[2025-12-05T08:43:13.023+0000][41.322s][debug][safepoint   ] ... found polling page loop exception at pc = 0x0000706eb937f400, stub =0x0000706eb8a04400
[2025-12-05T08:43:13.023+0000][41.322s][info ][gc,start    ] GC(64) Pause Remark
[2025-12-05T08:43:13.028+0000][41.327s][info ][gc          ] GC(64) Pause Remark 282M->281M(684M) 4.920ms
[2025-12-05T08:43:13.028+0000][41.327s][info ][gc,cpu      ] GC(64) User=0.04s Sys=0.00s Real=0.01s
[2025-12-05T08:43:13.028+0000][41.327s][info ][safepoint   ] Safepoint "G1PauseRemark", Time since last: 61819807 ns, Reaching safepoint: 144517 ns, Cleanup: 38574 ns, At safepoint: 5208387 ns, Total: 5391478 ns
[2025-12-05T08:43:13.029+0000][41.328s][info ][gc,marking  ] GC(64) Concurrent Mark 59.569ms
[2025-12-05T08:43:13.029+0000][41.328s][info ][gc,marking  ] GC(64) Concurrent Rebuild Remembered Sets
[2025-12-05T08:43:13.079+0000][41.378s][info ][gc,marking  ] GC(64) Concurrent Rebuild Remembered Sets 50.125ms
[2025-12-05T08:43:13.079+0000][41.378s][debug][safepoint   ] Safepoint synchronization initiated using futex wait barrier. (145 threads)
[2025-12-05T08:43:13.079+0000][41.378s][debug][safepoint   ] ... found polling page loop exception at pc = 0x0000706eb9cd5f39, stub =0x0000706eb8a04400
[2025-12-05T08:43:13.079+0000][41.378s][info ][gc,start    ] GC(64) Pause Cleanup
[2025-12-05T08:43:13.080+0000][41.379s][info ][gc          ] GC(64) Pause Cleanup 331M->331M(684M) 0.500ms
[2025-12-05T08:43:13.080+0000][41.379s][info ][gc,cpu      ] GC(64) User=0.00s Sys=0.00s Real=0.00s
[2025-12-05T08:43:13.080+0000][41.379s][info ][safepoint   ] Safepoint "G1PauseCleanup", Time since last: 50436405 ns, Reaching safepoint: 118717 ns, Cleanup: 4248 ns, At safepoint: 669512 ns, Total: 792477 ns
[2025-12-05T08:43:13.080+0000][41.379s][info ][gc,marking  ] GC(64) Concurrent Cleanup for Next Mark
[2025-12-05T08:43:13.083+0000][41.382s][info ][gc,marking  ] GC(64) Concurrent Cleanup for Next Mark 3.700ms
[2025-12-05T08:43:13.084+0000][41.383s][info ][gc          ] GC(64) Concurrent Mark Cycle 122.347ms
[2025-12-05T08:43:13.204+0000][41.503s][debug][safepoint   ] ... found polling page loop exception at pc = 0x0000706eb9569c0c, stub =0x0000706eb8a04400
[2025-12-05T08:43:13.413+0000][41.712s][debug][safepoint   ] Safepoint synchronization initiated using futex wait barrier. (157 threads)
[2025-12-05T08:43:13.413+0000][41.712s][info ][safepoint   ] Safepoint "ICBufferFull", Time since last: 333366759 ns, Reaching safepoint: 101585 ns, Cleanup: 159966 ns, At safepoint: 113758 ns, Total: 375309 ns
[2025-12-05T08:43:13.470+0000][41.769s][debug][safepoint   ] Safepoint synchronization initiated using futex wait barrier. (196 threads)
[2025-12-05T08:43:13.470+0000][41.769s][info ][gc,start    ] GC(65) Pause Young (Prepare Mixed) (G1 Evacuation Pause)
[2025-12-05T08:43:13.470+0000][41.769s][info ][gc,task     ] GC(65) Using 13 workers of 13 for evacuation
[2025-12-05T08:43:13.484+0000][41.783s][info ][gc,phases   ] GC(65)   Pre Evacuate Collection Set: 0.3ms
[2025-12-05T08:43:13.484+0000][41.783s][info ][gc,phases   ] GC(65)   Merge Heap Roots: 0.4ms
[2025-12-05T08:43:13.484+0000][41.783s][info ][gc,phases   ] GC(65)   Evacuate Collection Set: 11.8ms
[2025-12-05T08:43:13.484+0000][41.783s][info ][gc,phases   ] GC(65)   Post Evacuate Collection Set: 1.6ms
[2025-12-05T08:43:13.484+0000][41.783s][info ][gc,phases   ] GC(65)   Other: 0.2ms
[2025-12-05T08:43:13.484+0000][41.783s][info ][gc,heap     ] GC(65) Eden regions: 329->0(1)
[2025-12-05T08:43:13.484+0000][41.783s][info ][gc,heap     ] GC(65) Survivor regions: 19->44(44)
[2025-12-05T08:43:13.484+0000][41.783s][info ][gc,heap     ] GC(65) Old regions: 201->211
[2025-12-05T08:43:13.484+0000][41.783s][info ][gc,heap     ] GC(65) Archive regions: 2->2
[2025-12-05T08:43:13.484+0000][41.783s][info ][gc,heap     ] GC(65) Humongous regions: 3->3
[2025-12-05T08:43:13.484+0000][41.783s][info ][gc,metaspace] GC(65) Metaspace: 170924K(172224K)->170924K(172224K) NonClass: 149762K(150464K)->149762K(150464K) Class: 21162K(21760K)->21162K(21760K)
[2025-12-05T08:43:13.484+0000][41.783s][info ][gc          ] GC(65) Pause Young (Prepare Mixed) (G1 Evacuation Pause) 552M->257M(684M) 14.461ms
[2025-12-05T08:43:13.485+0000][41.783s][info ][gc,cpu      ] GC(65) User=0.16s Sys=0.00s Real=0.01s
[2025-12-05T08:43:13.485+0000][41.784s][info ][safepoint   ] Safepoint "G1CollectForAllocation", Time since last: 56318420 ns, Reaching safepoint: 96786 ns, Cleanup: 55416 ns, At safepoint: 15561589 ns, Total: 15713791 ns
[2025-12-05T08:43:13.487+0000][41.786s][debug][safepoint   ] Safepoint synchronization initiated using futex wait barrier. (201 threads)
[2025-12-05T08:43:13.487+0000][41.786s][info ][gc,start    ] GC(66) Pause Young (Mixed) (G1 Evacuation Pause)
[2025-12-05T08:43:13.487+0000][41.786s][info ][gc,task     ] GC(66) Using 13 workers of 13 for evacuation
[2025-12-05T08:43:13.500+0000][41.799s][info ][gc,phases   ] GC(66)   Pre Evacuate Collection Set: 0.4ms
[2025-12-05T08:43:13.500+0000][41.799s][info ][gc,phases   ] GC(66)   Merge Heap Roots: 0.3ms
[2025-12-05T08:43:13.500+0000][41.799s][info ][gc,phases   ] GC(66)   Evacuate Collection Set: 10.9ms
[2025-12-05T08:43:13.500+0000][41.799s][info ][gc,phases   ] GC(66)   Post Evacuate Collection Set: 1.2ms
[2025-12-05T08:43:13.500+0000][41.799s][info ][gc,phases   ] GC(66)   Other: 0.2ms
[2025-12-05T08:43:13.500+0000][41.799s][info ][gc,heap     ] GC(66) Eden regions: 1->0(307)
[2025-12-05T08:43:13.500+0000][41.799s][info ][gc,heap     ] GC(66) Survivor regions: 44->6(6)
[2025-12-05T08:43:13.500+0000][41.799s][info ][gc,heap     ] GC(66) Old regions: 211->222
[2025-12-05T08:43:13.500+0000][41.799s][info ][gc,heap     ] GC(66) Archive regions: 2->2
[2025-12-05T08:43:13.500+0000][41.799s][info ][gc,heap     ] GC(66) Humongous regions: 3->3
[2025-12-05T08:43:13.500+0000][41.799s][info ][gc,metaspace] GC(66) Metaspace: 170938K(172224K)->170938K(172224K) NonClass: 149773K(150464K)->149773K(150464K) Class: 21165K(21760K)->21165K(21760K)
[2025-12-05T08:43:13.500+0000][41.799s][info ][gc          ] GC(66) Pause Young (Mixed) (G1 Evacuation Pause) 258M->231M(684M) 13.177ms
[2025-12-05T08:43:13.500+0000][41.799s][info ][gc,cpu      ] GC(66) User=0.15s Sys=0.01s Real=0.02s
[2025-12-05T08:43:13.501+0000][41.800s][info ][safepoint   ] Safepoint "G1CollectForAllocation", Time since last: 701414 ns, Reaching safepoint: 608797 ns, Cleanup: 9187 ns, At safepoint: 13789844 ns, Total: 14407828 ns
[2025-12-05T08:43:13.785+0000][42.084s][debug][safepoint   ] Safepoint synchronization initiated using futex wait barrier. (242 threads)
[2025-12-05T08:43:13.785+0000][42.084s][info ][safepoint   ] Safepoint "ICBufferFull", Time since last: 283977133 ns, Reaching safepoint: 98869 ns, Cleanup: 126653 ns, At safepoint: 41188 ns, Total: 266710 ns
[2025-12-05T08:43:14.033+0000][42.332s][debug][safepoint   ] Safepoint synchronization initiated using futex wait barrier. (245 threads)
[2025-12-05T08:43:14.034+0000][42.333s][info ][gc,start    ] GC(67) Pause Young (Normal) (G1 Evacuation Pause)
[2025-12-05T08:43:14.034+0000][42.333s][info ][gc,task     ] GC(67) Using 13 workers of 13 for evacuation
[2025-12-05T08:43:14.042+0000][42.341s][info ][gc,phases   ] GC(67)   Pre Evacuate Collection Set: 0.4ms
[2025-12-05T08:43:14.042+0000][42.341s][info ][gc,phases   ] GC(67)   Merge Heap Roots: 0.3ms
[2025-12-05T08:43:14.042+0000][42.341s][info ][gc,phases   ] GC(67)   Evacuate Collection Set: 5.6ms
[2025-12-05T08:43:14.042+0000][42.341s][info ][gc,phases   ] GC(67)   Post Evacuate Collection Set: 1.6ms
[2025-12-05T08:43:14.042+0000][42.341s][info ][gc,phases   ] GC(67)   Other: 0.3ms
[2025-12-05T08:43:14.042+0000][42.341s][info ][gc,heap     ] GC(67) Eden regions: 307->0(304)
[2025-12-05T08:43:14.042+0000][42.341s][info ][gc,heap     ] GC(67) Survivor regions: 6->16(40)
[2025-12-05T08:43:14.042+0000][42.341s][info ][gc,heap     ] GC(67) Old regions: 222->222
[2025-12-05T08:43:14.042+0000][42.341s][info ][gc,heap     ] GC(67) Archive regions: 2->2
[2025-12-05T08:43:14.042+0000][42.341s][info ][gc,heap     ] GC(67) Humongous regions: 3->3
[2025-12-05T08:43:14.042+0000][42.341s][info ][gc,metaspace] GC(67) Metaspace: 176705K(177984K)->176705K(177984K) NonClass: 154833K(155456K)->154833K(155456K) Class: 21872K(22528K)->21872K(22528K)
[2025-12-05T08:43:14.042+0000][42.341s][info ][gc          ] GC(67) Pause Young (Normal) (G1 Evacuation Pause) 538M->241M(684M) 8.375ms
[2025-12-05T08:43:14.042+0000][42.341s][info ][gc,cpu      ] GC(67) User=0.10s Sys=0.01s Real=0.01s
[2025-12-05T08:43:14.043+0000][42.342s][info ][safepoint   ] Safepoint "G1CollectForAllocation", Time since last: 248515523 ns, Reaching safepoint: 118788 ns, Cleanup: 183942 ns, At safepoint: 9171028 ns, Total: 9473758 ns
[2025-12-05T08:43:14.146+0000][42.445s][debug][safepoint   ] Safepoint synchronization initiated using futex wait barrier. (245 threads)
[2025-12-05T08:43:14.147+0000][42.445s][info ][gc,start    ] GC(68) Pause Young (Concurrent Start) (G1 Humongous Allocation)
[2025-12-05T08:43:14.147+0000][42.445s][info ][gc,task     ] GC(68) Using 13 workers of 13 for evacuation
[2025-12-05T08:43:14.154+0000][42.453s][info ][gc,phases   ] GC(68)   Pre Evacuate Collection Set: 0.6ms
[2025-12-05T08:43:14.154+0000][42.453s][info ][gc,phases   ] GC(68)   Merge Heap Roots: 0.3ms
[2025-12-05T08:43:14.154+0000][42.453s][info ][gc,phases   ] GC(68)   Evacuate Collection Set: 5.2ms
[2025-12-05T08:43:14.154+0000][42.453s][info ][gc,phases   ] GC(68)   Post Evacuate Collection Set: 1.3ms
[2025-12-05T08:43:14.154+0000][42.453s][info ][gc,phases   ] GC(68)   Other: 0.2ms
[2025-12-05T08:43:14.154+0000][42.453s][info ][gc,heap     ] GC(68) Eden regions: 109->0(299)
[2025-12-05T08:43:14.154+0000][42.453s][info ][gc,heap     ] GC(68) Survivor regions: 16->24(40)
[2025-12-05T08:43:14.154+0000][42.453s][info ][gc,heap     ] GC(68) Old regions: 222->222
[2025-12-05T08:43:14.154+0000][42.453s][info ][gc,heap     ] GC(68) Archive regions: 2->2
[2025-12-05T08:43:14.154+0000][42.453s][info ][gc,heap     ] GC(68) Humongous regions: 3->3
[2025-12-05T08:43:14.154+0000][42.453s][info ][gc,metaspace] GC(68) Metaspace: 176943K(178240K)->176943K(178240K) NonClass: 155043K(155712K)->155043K(155712K) Class: 21899K(22528K)->21899K(22528K)
[2025-12-05T08:43:14.154+0000][42.453s][info ][gc          ] GC(68) Pause Young (Concurrent Start) (G1 Humongous Allocation) 349M->248M(684M) 7.702ms
[2025-12-05T08:43:14.154+0000][42.453s][info ][gc,cpu      ] GC(68) User=0.07s Sys=0.00s Real=0.01s
[2025-12-05T08:43:14.154+0000][42.453s][info ][gc          ] GC(69) Concurrent Mark Cycle
[2025-12-05T08:43:14.154+0000][42.453s][info ][gc,marking  ] GC(69) Concurrent Clear Claimed Marks
[2025-12-05T08:43:14.155+0000][42.453s][info ][safepoint   ] Safepoint "G1TryInitiateConcMark", Time since last: 103495540 ns, Reaching safepoint: 95433 ns, Cleanup: 28514 ns, At safepoint: 8095167 ns, Total: 8219114 ns
[2025-12-05T08:43:14.155+0000][42.454s][info ][gc,marking  ] GC(69) Concurrent Clear Claimed Marks 0.214ms
[2025-12-05T08:43:14.155+0000][42.454s][info ][gc,marking  ] GC(69) Concurrent Scan Root Regions
[2025-12-05T08:43:14.159+0000][42.458s][info ][gc,marking  ] GC(69) Concurrent Scan Root Regions 4.309ms
[2025-12-05T08:43:14.159+0000][42.458s][info ][gc,marking  ] GC(69) Concurrent Mark
[2025-12-05T08:43:14.159+0000][42.458s][info ][gc,marking  ] GC(69) Concurrent Mark From Roots
[2025-12-05T08:43:14.159+0000][42.458s][info ][gc,task     ] GC(69) Using 3 workers of 3 for marking
[2025-12-05T08:43:14.216+0000][42.515s][info ][gc,marking  ] GC(69) Concurrent Mark From Roots 56.864ms
[2025-12-05T08:43:14.216+0000][42.515s][info ][gc,marking  ] GC(69) Concurrent Preclean
[2025-12-05T08:43:14.216+0000][42.515s][info ][gc,marking  ] GC(69) Concurrent Preclean 0.302ms
[2025-12-05T08:43:14.217+0000][42.515s][debug][safepoint   ] Safepoint synchronization initiated using futex wait barrier. (244 threads)
[2025-12-05T08:43:14.217+0000][42.516s][info ][gc,start    ] GC(69) Pause Remark
[2025-12-05T08:43:14.231+0000][42.530s][info ][gc          ] GC(69) Pause Remark 306M->252M(684M) 14.612ms
[2025-12-05T08:43:14.231+0000][42.530s][info ][gc,cpu      ] GC(69) User=0.14s Sys=0.00s Real=0.02s
[2025-12-05T08:43:14.232+0000][42.531s][info ][safepoint   ] Safepoint "G1PauseRemark", Time since last: 61968073 ns, Reaching safepoint: 75334 ns, Cleanup: 10961 ns, At safepoint: 15470183 ns, Total: 15556478 ns
[2025-12-05T08:43:14.232+0000][42.531s][info ][gc,marking  ] GC(69) Concurrent Mark 73.036ms
[2025-12-05T08:43:14.232+0000][42.531s][info ][gc,marking  ] GC(69) Concurrent Rebuild Remembered Sets
[2025-12-05T08:43:14.271+0000][42.570s][info ][gc,marking  ] GC(69) Concurrent Rebuild Remembered Sets 38.753ms
[2025-12-05T08:43:14.271+0000][42.570s][debug][safepoint   ] Safepoint synchronization initiated using futex wait barrier. (244 threads)
[2025-12-05T08:43:14.282+0000][42.581s][info ][gc,start    ] GC(69) Pause Cleanup
[2025-12-05T08:43:14.283+0000][42.582s][info ][gc          ] GC(69) Pause Cleanup 287M->287M(684M) 0.876ms
[2025-12-05T08:43:14.283+0000][42.582s][info ][gc,cpu      ] GC(69) User=0.00s Sys=0.00s Real=0.00s
[2025-12-05T08:43:14.284+0000][42.583s][info ][safepoint   ] Safepoint "G1PauseCleanup", Time since last: 39083176 ns, Reaching safepoint: 11001755 ns, Cleanup: 26000 ns, At safepoint: 1985594 ns, Total: 13013349 ns
[2025-12-05T08:43:14.284+0000][42.583s][info ][gc,marking  ] GC(69) Concurrent Cleanup for Next Mark
[2025-12-05T08:43:14.285+0000][42.584s][info ][gc,marking  ] GC(69) Concurrent Cleanup for Next Mark 0.559ms
[2025-12-05T08:43:14.285+0000][42.584s][info ][gc          ] GC(69) Concurrent Mark Cycle 130.470ms
[2025-12-05T08:43:14.467+0000][42.766s][debug][safepoint   ] Safepoint synchronization initiated using futex wait barrier. (251 threads)
[2025-12-05T08:43:14.467+0000][42.766s][info ][safepoint   ] Safepoint "ICBufferFull", Time since last: 182385608 ns, Reaching safepoint: 181527 ns, Cleanup: 140920 ns, At safepoint: 261351 ns, Total: 583798 ns
[2025-12-05T08:43:14.468+0000][42.767s][debug][safepoint   ] Safepoint synchronization initiated using futex wait barrier. (252 threads)
[2025-12-05T08:43:14.469+0000][42.768s][info ][safepoint   ] Safepoint "ICBufferFull", Time since last: 1187424 ns, Reaching safepoint: 183261 ns, Cleanup: 7324 ns, At safepoint: 218609 ns, Total: 409194 ns
[2025-12-05T08:43:14.470+0000][42.769s][debug][safepoint   ] Safepoint synchronization initiated using futex wait barrier. (253 threads)
[2025-12-05T08:43:14.470+0000][42.769s][info ][safepoint   ] Safepoint "ICBufferFull", Time since last: 683940 ns, Reaching safepoint: 659954 ns, Cleanup: 14247 ns, At safepoint: 344139 ns, Total: 1018340 ns
[2025-12-05T08:43:14.544+0000][42.843s][debug][safepoint   ] ... found polling page loop exception at pc = 0x0000706eb9142be5, stub =0x0000706eb8a04400
[2025-12-05T08:43:14.562+0000][42.861s][debug][safepoint   ] Safepoint synchronization initiated using futex wait barrier. (258 threads)
[2025-12-05T08:43:14.563+0000][42.862s][info ][safepoint   ] Safepoint "ICBufferFull", Time since last: 91949124 ns, Reaching safepoint: 93830 ns, Cleanup: 140028 ns, At safepoint: 33694 ns, Total: 267552 ns
[2025-12-05T08:43:14.805+0000][43.104s][debug][safepoint   ] Safepoint synchronization initiated using futex wait barrier. (259 threads)
[2025-12-05T08:43:14.806+0000][43.105s][info ][gc,start    ] GC(70) Pause Young (Prepare Mixed) (G1 Evacuation Pause)
[2025-12-05T08:43:14.806+0000][43.105s][info ][gc,task     ] GC(70) Using 13 workers of 13 for evacuation
[2025-12-05T08:43:14.827+0000][43.126s][info ][gc,phases   ] GC(70)   Pre Evacuate Collection Set: 0.7ms
[2025-12-05T08:43:14.827+0000][43.126s][info ][gc,phases   ] GC(70)   Merge Heap Roots: 0.4ms
[2025-12-05T08:43:14.827+0000][43.126s][info ][gc,phases   ] GC(70)   Evacuate Collection Set: 17.8ms
[2025-12-05T08:43:14.827+0000][43.126s][info ][gc,phases   ] GC(70)   Post Evacuate Collection Set: 1.8ms
[2025-12-05T08:43:14.827+0000][43.126s][info ][gc,phases   ] GC(70)   Other: 0.4ms
[2025-12-05T08:43:14.827+0000][43.126s][info ][gc,heap     ] GC(70) Eden regions: 299->0(1)
[2025-12-05T08:43:14.827+0000][43.126s][info ][gc,heap     ] GC(70) Survivor regions: 24->41(41)
[2025-12-05T08:43:14.827+0000][43.126s][info ][gc,heap     ] GC(70) Old regions: 171->187
[2025-12-05T08:43:14.827+0000][43.126s][info ][gc,heap     ] GC(70) Archive regions: 2->2
[2025-12-05T08:43:14.827+0000][43.126s][info ][gc,heap     ] GC(70) Humongous regions: 13->5
[2025-12-05T08:43:14.827+0000][43.126s][info ][gc,metaspace] GC(70) Metaspace: 181928K(183168K)->181928K(183168K) NonClass: 159495K(160128K)->159495K(160128K) Class: 22432K(23040K)->22432K(23040K)
[2025-12-05T08:43:14.827+0000][43.126s][info ][gc          ] GC(70) Pause Young (Prepare Mixed) (G1 Evacuation Pause) 506M->233M(684M) 21.102ms
[2025-12-05T08:43:14.827+0000][43.126s][info ][gc,cpu      ] GC(70) User=0.17s Sys=0.02s Real=0.02s
[2025-12-05T08:43:14.828+0000][43.127s][info ][safepoint   ] Safepoint "G1CollectForAllocation", Time since last: 242668051 ns, Reaching safepoint: 158173 ns, Cleanup: 71547 ns, At safepoint: 22624769 ns, Total: 22854489 ns
[2025-12-05T08:43:14.829+0000][43.128s][debug][safepoint   ] Safepoint synchronization initiated using futex wait barrier. (259 threads)
[2025-12-05T08:43:14.829+0000][43.128s][info ][gc,start    ] GC(71) Pause Young (Mixed) (G1 Evacuation Pause)
[2025-12-05T08:43:14.829+0000][43.128s][info ][gc,task     ] GC(71) Using 13 workers of 13 for evacuation
[2025-12-05T08:43:14.845+0000][43.144s][info ][gc,phases   ] GC(71)   Pre Evacuate Collection Set: 0.4ms
[2025-12-05T08:43:14.845+0000][43.144s][info ][gc,phases   ] GC(71)   Merge Heap Roots: 0.3ms
[2025-12-05T08:43:14.845+0000][43.144s][info ][gc,phases   ] GC(71)   Evacuate Collection Set: 13.2ms
[2025-12-05T08:43:14.845+0000][43.144s][info ][gc,phases   ] GC(71)   Post Evacuate Collection Set: 1.3ms
[2025-12-05T08:43:14.845+0000][43.144s][info ][gc,phases   ] GC(71)   Other: 0.2ms
[2025-12-05T08:43:14.845+0000][43.144s][info ][gc,heap     ] GC(71) Eden regions: 1->0(312)
[2025-12-05T08:43:14.845+0000][43.144s][info ][gc,heap     ] GC(71) Survivor regions: 41->6(6)
[2025-12-05T08:43:14.845+0000][43.144s][info ][gc,heap     ] GC(71) Old regions: 187->209
[2025-12-05T08:43:14.845+0000][43.144s][info ][gc,heap     ] GC(71) Archive regions: 2->2
[2025-12-05T08:43:14.845+0000][43.144s][info ][gc,heap     ] GC(71) Humongous regions: 5->5
[2025-12-05T08:43:14.845+0000][43.144s][info ][gc,metaspace] GC(71) Metaspace: 181928K(183168K)->181928K(183168K) NonClass: 159495K(160128K)->159495K(160128K) Class: 22432K(23040K)->22432K(23040K)
[2025-12-05T08:43:14.845+0000][43.144s][info ][gc          ] GC(71) Pause Young (Mixed) (G1 Evacuation Pause) 234M->219M(684M) 15.554ms
[2025-12-05T08:43:14.845+0000][43.144s][info ][gc,cpu      ] GC(71) User=0.16s Sys=0.01s Real=0.01s
[2025-12-05T08:43:14.845+0000][43.144s][info ][safepoint   ] Safepoint "G1CollectForAllocation", Time since last: 1002199 ns, Reaching safepoint: 62600 ns, Cleanup: 2675 ns, At safepoint: 15918715 ns, Total: 15983990 ns
[2025-12-05T08:43:15.015+0000][43.314s][debug][safepoint   ] ... found polling page loop exception at pc = 0x0000706eb9e4755c, stub =0x0000706eb8a04400
[2025-12-05T08:43:15.198+0000][43.497s][debug][safepoint   ] Safepoint synchronization initiated using futex wait barrier. (259 threads)
[2025-12-05T08:43:15.198+0000][43.497s][info ][gc,start    ] GC(72) Pause Young (Normal) (G1 Evacuation Pause)
[2025-12-05T08:43:15.198+0000][43.497s][info ][gc,task     ] GC(72) Using 13 workers of 13 for evacuation
[2025-12-05T08:43:15.225+0000][43.524s][info ][gc,phases   ] GC(72)   Pre Evacuate Collection Set: 0.5ms
[2025-12-05T08:43:15.225+0000][43.524s][info ][gc,phases   ] GC(72)   Merge Heap Roots: 0.3ms
[2025-12-05T08:43:15.225+0000][43.524s][info ][gc,phases   ] GC(72)   Evacuate Collection Set: 24.6ms
[2025-12-05T08:43:15.225+0000][43.524s][info ][gc,phases   ] GC(72)   Post Evacuate Collection Set: 1.5ms
[2025-12-05T08:43:15.225+0000][43.524s][info ][gc,phases   ] GC(72)   Other: 0.3ms
[2025-12-05T08:43:15.225+0000][43.524s][info ][gc,heap     ] GC(72) Eden regions: 312->0(212)
[2025-12-05T08:43:15.225+0000][43.524s][info ][gc,heap     ] GC(72) Survivor regions: 6->40(40)
[2025-12-05T08:43:15.225+0000][43.524s][info ][gc,heap     ] GC(72) Old regions: 209->258
[2025-12-05T08:43:15.225+0000][43.524s][info ][gc,heap     ] GC(72) Archive regions: 2->2
[2025-12-05T08:43:15.225+0000][43.524s][info ][gc,heap     ] GC(72) Humongous regions: 10->10
[2025-12-05T08:43:15.225+0000][43.524s][info ][gc,metaspace] GC(72) Metaspace: 183006K(184320K)->183006K(184320K) NonClass: 160457K(161152K)->160457K(161152K) Class: 22548K(23168K)->22548K(23168K)
[2025-12-05T08:43:15.225+0000][43.524s][info ][gc          ] GC(72) Pause Young (Normal) (G1 Evacuation Pause) 536M->308M(684M) 27.307ms
[2025-12-05T08:43:15.225+0000][43.524s][info ][gc,cpu      ] GC(72) User=0.30s Sys=0.01s Real=0.03s
[2025-12-05T08:43:15.226+0000][43.525s][info ][safepoint   ] Safepoint "G1CollectForAllocation", Time since last: 352514387 ns, Reaching safepoint: 129157 ns, Cleanup: 131773 ns, At safepoint: 28506205 ns, Total: 28767135 ns
[2025-12-05T08:43:15.422+0000][43.721s][debug][safepoint   ] Safepoint synchronization initiated using futex wait barrier. (256 threads)
[2025-12-05T08:43:15.422+0000][43.721s][info ][gc,start    ] GC(73) Pause Young (Concurrent Start) (G1 Humongous Allocation)
[2025-12-05T08:43:15.422+0000][43.721s][info ][gc,task     ] GC(73) Using 13 workers of 13 for evacuation
[2025-12-05T08:43:15.450+0000][43.749s][info ][gc,phases   ] GC(73)   Pre Evacuate Collection Set: 0.8ms
[2025-12-05T08:43:15.450+0000][43.749s][info ][gc,phases   ] GC(73)   Merge Heap Roots: 0.5ms
[2025-12-05T08:43:15.450+0000][43.749s][info ][gc,phases   ] GC(73)   Evacuate Collection Set: 24.8ms
[2025-12-05T08:43:15.450+0000][43.749s][info ][gc,phases   ] GC(73)   Post Evacuate Collection Set: 1.5ms
[2025-12-05T08:43:15.450+0000][43.749s][info ][gc,phases   ] GC(73)   Other: 0.3ms
[2025-12-05T08:43:15.450+0000][43.749s][info ][gc,heap     ] GC(73) Eden regions: 123->0(159)
[2025-12-05T08:43:15.450+0000][43.749s][info ][gc,heap     ] GC(73) Survivor regions: 40->32(32)
[2025-12-05T08:43:15.450+0000][43.749s][info ][gc,heap     ] GC(73) Old regions: 258->309
[2025-12-05T08:43:15.450+0000][43.749s][info ][gc,heap     ] GC(73) Archive regions: 2->2
[2025-12-05T08:43:15.450+0000][43.749s][info ][gc,heap     ] GC(73) Humongous regions: 13->13
[2025-12-05T08:43:15.450+0000][43.749s][info ][gc,metaspace] GC(73) Metaspace: 183064K(184384K)->183064K(184384K) NonClass: 160512K(161216K)->160512K(161216K) Class: 22551K(23168K)->22551K(23168K)
[2025-12-05T08:43:15.450+0000][43.749s][info ][gc          ] GC(73) Pause Young (Concurrent Start) (G1 Humongous Allocation) 434M->354M(684M) 27.935ms
[2025-12-05T08:43:15.450+0000][43.749s][info ][gc,cpu      ] GC(73) User=0.28s Sys=0.00s Real=0.03s
[2025-12-05T08:43:15.450+0000][43.749s][info ][gc          ] GC(74) Concurrent Mark Cycle
[2025-12-05T08:43:15.450+0000][43.749s][info ][gc,marking  ] GC(74) Concurrent Clear Claimed Marks
[2025-12-05T08:43:15.450+0000][43.749s][info ][gc,marking  ] GC(74) Concurrent Clear Claimed Marks 0.235ms
[2025-12-05T08:43:15.450+0000][43.749s][info ][gc,marking  ] GC(74) Concurrent Scan Root Regions
[2025-12-05T08:43:15.451+0000][43.750s][info ][safepoint   ] Safepoint "G1TryInitiateConcMark", Time since last: 195222929 ns, Reaching safepoint: 98148 ns, Cleanup: 39395 ns, At safepoint: 29571324 ns, Total: 29708867 ns
[2025-12-05T08:43:15.462+0000][43.761s][info ][gc,marking  ] GC(74) Concurrent Scan Root Regions 11.253ms
[2025-12-05T08:43:15.462+0000][43.761s][info ][gc,marking  ] GC(74) Concurrent Mark
[2025-12-05T08:43:15.462+0000][43.761s][info ][gc,marking  ] GC(74) Concurrent Mark From Roots
[2025-12-05T08:43:15.462+0000][43.761s][info ][gc,task     ] GC(74) Using 3 workers of 3 for marking
[2025-12-05T08:43:15.561+0000][43.859s][info ][gc,marking  ] GC(74) Concurrent Mark From Roots 98.544ms
[2025-12-05T08:43:15.561+0000][43.860s][info ][gc,marking  ] GC(74) Concurrent Preclean
[2025-12-05T08:43:15.561+0000][43.860s][info ][gc,marking  ] GC(74) Concurrent Preclean 0.640ms
[2025-12-05T08:43:15.561+0000][43.860s][debug][safepoint   ] Safepoint synchronization initiated using futex wait barrier. (256 threads)
[2025-12-05T08:43:15.562+0000][43.861s][info ][gc,start    ] GC(74) Pause Remark
[2025-12-05T08:43:15.575+0000][43.874s][info ][gc          ] GC(74) Pause Remark 374M->334M(684M) 13.601ms
[2025-12-05T08:43:15.575+0000][43.874s][info ][gc,cpu      ] GC(74) User=0.12s Sys=0.00s Real=0.01s
[2025-12-05T08:43:15.576+0000][43.874s][info ][safepoint   ] Safepoint "G1PauseRemark", Time since last: 110058463 ns, Reaching safepoint: 79813 ns, Cleanup: 46429 ns, At safepoint: 13973807 ns, Total: 14100049 ns
[2025-12-05T08:43:15.576+0000][43.875s][info ][gc,marking  ] GC(74) Concurrent Mark 113.735ms
[2025-12-05T08:43:15.576+0000][43.875s][info ][gc,marking  ] GC(74) Concurrent Rebuild Remembered Sets
[2025-12-05T08:43:15.645+0000][43.944s][info ][gc,marking  ] GC(74) Concurrent Rebuild Remembered Sets 69.024ms
[2025-12-05T08:43:15.645+0000][43.944s][debug][safepoint   ] Safepoint synchronization initiated using futex wait barrier. (256 threads)
[2025-12-05T08:43:15.645+0000][43.944s][info ][gc,start    ] GC(74) Pause Cleanup
[2025-12-05T08:43:15.646+0000][43.945s][info ][gc          ] GC(74) Pause Cleanup 339M->339M(684M) 0.737ms
[2025-12-05T08:43:15.646+0000][43.945s][info ][gc,cpu      ] GC(74) User=0.00s Sys=0.00s Real=0.00s
[2025-12-05T08:43:15.646+0000][43.945s][info ][safepoint   ] Safepoint "G1PauseCleanup", Time since last: 69486184 ns, Reaching safepoint: 80645 ns, Cleanup: 24056 ns, At safepoint: 1008532 ns, Total: 1113233 ns
[2025-12-05T08:43:15.646+0000][43.945s][info ][gc,marking  ] GC(74) Concurrent Cleanup for Next Mark
[2025-12-05T08:43:15.647+0000][43.946s][info ][gc,marking  ] GC(74) Concurrent Cleanup for Next Mark 1.094ms
[2025-12-05T08:43:15.647+0000][43.946s][info ][gc          ] GC(74) Concurrent Mark Cycle 197.394ms
[2025-12-05T08:43:16.104+0000][44.403s][debug][safepoint   ] Safepoint synchronization initiated using futex wait barrier. (260 threads)
[2025-12-05T08:43:16.105+0000][44.404s][info ][safepoint   ] Safepoint "ICBufferFull", Time since last: 458160783 ns, Reaching safepoint: 109911 ns, Cleanup: 149346 ns, At safepoint: 100121 ns, Total: 359378 ns
[2025-12-05T08:43:16.418+0000][44.716s][debug][safepoint   ] Safepoint synchronization initiated using futex wait barrier. (260 threads)
[2025-12-05T08:43:16.418+0000][44.717s][info ][safepoint   ] Safepoint "ICBufferFull", Time since last: 312897775 ns, Reaching safepoint: 148394 ns, Cleanup: 242194 ns, At safepoint: 5060 ns, Total: 395648 ns
[2025-12-05T08:43:17.444+0000][45.743s][debug][safepoint   ] Safepoint synchronization initiated using futex wait barrier. (262 threads)
[2025-12-05T08:43:17.444+0000][45.743s][info ][safepoint   ] Safepoint "Cleanup", Time since last: 1026195057 ns, Reaching safepoint: 111864 ns, Cleanup: 75946 ns, At safepoint: 3707 ns, Total: 191517 ns
[2025-12-05T08:43:17.919+0000][46.218s][debug][safepoint   ] Safepoint synchronization initiated using futex wait barrier. (259 threads)
[2025-12-05T08:43:17.920+0000][46.219s][info ][gc,start    ] GC(75) Pause Young (Prepare Mixed) (G1 Evacuation Pause)
[2025-12-05T08:43:17.920+0000][46.219s][info ][gc,task     ] GC(75) Using 13 workers of 13 for evacuation
[2025-12-05T08:43:17.942+0000][46.241s][info ][gc,phases   ] GC(75)   Pre Evacuate Collection Set: 0.5ms
[2025-12-05T08:43:17.942+0000][46.241s][info ][gc,phases   ] GC(75)   Merge Heap Roots: 0.5ms
[2025-12-05T08:43:17.942+0000][46.241s][info ][gc,phases   ] GC(75)   Evacuate Collection Set: 17.0ms
[2025-12-05T08:43:17.942+0000][46.241s][info ][gc,phases   ] GC(75)   Post Evacuate Collection Set: 4.4ms
[2025-12-05T08:43:17.942+0000][46.241s][info ][gc,phases   ] GC(75)   Other: 0.4ms
[2025-12-05T08:43:17.943+0000][46.241s][info ][gc,heap     ] GC(75) Eden regions: 159->0(26)
[2025-12-05T08:43:17.943+0000][46.241s][info ][gc,heap     ] GC(75) Survivor regions: 32->8(24)
[2025-12-05T08:43:17.943+0000][46.241s][info ][gc,heap     ] GC(75) Old regions: 280->314
[2025-12-05T08:43:17.943+0000][46.241s][info ][gc,heap     ] GC(75) Archive regions: 2->2
[2025-12-05T08:43:17.943+0000][46.241s][info ][gc,heap     ] GC(75) Humongous regions: 18->0
[2025-12-05T08:43:17.943+0000][46.241s][info ][gc,metaspace] GC(75) Metaspace: 188506K(189888K)->188506K(189888K) NonClass: 165401K(166144K)->165401K(166144K) Class: 23104K(23744K)->23104K(23744K)
[2025-12-05T08:43:17.943+0000][46.242s][info ][gc          ] GC(75) Pause Young (Prepare Mixed) (G1 Evacuation Pause) 489M->322M(684M) 23.004ms
[2025-12-05T08:43:17.943+0000][46.242s][info ][gc,cpu      ] GC(75) User=0.22s Sys=0.00s Real=0.02s
[2025-12-05T08:43:17.943+0000][46.242s][info ][safepoint   ] Safepoint "G1CollectForAllocation", Time since last: 474617225 ns, Reaching safepoint: 467695 ns, Cleanup: 8867 ns, At safepoint: 23906019 ns, Total: 24382581 ns
[2025-12-05T08:43:22.944+0000][51.243s][debug][safepoint   ] Safepoint synchronization initiated using futex wait barrier. (254 threads)
[2025-12-05T08:43:22.945+0000][51.243s][info ][safepoint   ] Safepoint "Cleanup", Time since last: 5000815705 ns, Reaching safepoint: 330773 ns, Cleanup: 33394 ns, At safepoint: 6002 ns, Total: 370169 ns
[2025-12-05T08:43:26.237+0000][54.536s][debug][safepoint   ] Safepoint synchronization initiated using futex wait barrier. (253 threads)
[2025-12-05T08:43:26.237+0000][54.536s][info ][gc,start    ] GC(76) Pause Young (Mixed) (G1 Evacuation Pause)
[2025-12-05T08:43:26.237+0000][54.536s][info ][gc,task     ] GC(76) Using 13 workers of 13 for evacuation
[2025-12-05T08:43:26.260+0000][54.559s][info ][gc,phases   ] GC(76)   Pre Evacuate Collection Set: 0.6ms
[2025-12-05T08:43:26.260+0000][54.559s][info ][gc,phases   ] GC(76)   Merge Heap Roots: 0.9ms
[2025-12-05T08:43:26.260+0000][54.559s][info ][gc,phases   ] GC(76)   Evacuate Collection Set: 18.2ms
[2025-12-05T08:43:26.260+0000][54.559s][info ][gc,phases   ] GC(76)   Post Evacuate Collection Set: 2.6ms
[2025-12-05T08:43:26.260+0000][54.559s][info ][gc,phases   ] GC(76)   Other: 0.4ms
[2025-12-05T08:43:26.260+0000][54.559s][info ][gc,heap     ] GC(76) Eden regions: 26->0(208)
[2025-12-05T08:43:26.260+0000][54.559s][info ][gc,heap     ] GC(76) Survivor regions: 8->2(5)
[2025-12-05T08:43:26.260+0000][54.559s][info ][gc,heap     ] GC(76) Old regions: 314->311
[2025-12-05T08:43:26.260+0000][54.559s][info ][gc,heap     ] GC(76) Archive regions: 2->2
[2025-12-05T08:43:26.260+0000][54.559s][info ][gc,heap     ] GC(76) Humongous regions: 0->0
[2025-12-05T08:43:26.260+0000][54.559s][info ][gc,metaspace] GC(76) Metaspace: 189008K(190400K)->189008K(190400K) NonClass: 165847K(166592K)->165847K(166592K) Class: 23160K(23808K)->23160K(23808K)
[2025-12-05T08:43:26.260+0000][54.559s][info ][gc          ] GC(76) Pause Young (Mixed) (G1 Evacuation Pause) 348M->313M(684M) 22.771ms
[2025-12-05T08:43:26.260+0000][54.559s][info ][gc,cpu      ] GC(76) User=0.23s Sys=0.01s Real=0.03s
[2025-12-05T08:43:26.261+0000][54.560s][info ][safepoint   ] Safepoint "G1CollectForAllocation", Time since last: 3292304754 ns, Reaching safepoint: 112405 ns, Cleanup: 12574 ns, At safepoint: 24299559 ns, Total: 24424538 ns
[2025-12-05T08:43:27.689+0000][55.988s][debug][safepoint   ] Safepoint synchronization initiated using futex wait barrier. (258 threads)
[2025-12-05T08:43:27.690+0000][55.989s][info ][safepoint   ] Safepoint "Cleanup", Time since last: 1428048305 ns, Reaching safepoint: 184303 ns, Cleanup: 242994 ns, At safepoint: 7916 ns, Total: 435213 ns
[2025-12-05T08:43:35.715+0000][64.016s][debug][safepoint   ] Safepoint synchronization initiated using futex wait barrier. (256 threads)
[2025-12-05T08:43:35.716+0000][64.017s][info ][safepoint   ] Safepoint "Cleanup", Time since last: 8027757939 ns, Reaching safepoint: 99731 ns, Cleanup: 12414 ns, At safepoint: 3386 ns, Total: 115531 ns
[2025-12-05T08:43:36.716+0000][65.017s][debug][safepoint   ] Safepoint synchronization initiated using futex wait barrier. (257 threads)
[2025-12-05T08:43:36.716+0000][65.017s][info ][safepoint   ] Safepoint "Cleanup", Time since last: 1000126913 ns, Reaching safepoint: 96585 ns, Cleanup: 14959 ns, At safepoint: 3577 ns, Total: 115121 ns
[2025-12-05T08:43:37.716+0000][66.017s][debug][safepoint   ] Safepoint synchronization initiated using futex wait barrier. (257 threads)
[2025-12-05T08:43:37.716+0000][66.017s][info ][safepoint   ] Safepoint "Cleanup", Time since last: 1000136886 ns, Reaching safepoint: 143775 ns, Cleanup: 18175 ns, At safepoint: 4769 ns, Total: 166719 ns
[2025-12-05T08:43:44.717+0000][73.018s][debug][safepoint   ] Safepoint synchronization initiated using futex wait barrier. (257 threads)
[2025-12-05T08:43:44.717+0000][73.018s][info ][safepoint   ] Safepoint "Cleanup", Time since last: 7000889643 ns, Reaching safepoint: 178252 ns, Cleanup: 28725 ns, At safepoint: 6482 ns, Total: 213459 ns
[2025-12-05T08:43:46.718+0000][75.018s][debug][safepoint   ] Safepoint synchronization initiated using futex wait barrier. (257 threads)
[2025-12-05T08:43:46.718+0000][75.019s][info ][safepoint   ] Safepoint "Cleanup", Time since last: 2000280061 ns, Reaching safepoint: 167561 ns, Cleanup: 16602 ns, At safepoint: 4609 ns, Total: 188772 ns
[2025-12-05T08:43:49.718+0000][78.019s][debug][safepoint   ] Safepoint synchronization initiated using futex wait barrier. (258 threads)
[2025-12-05T08:43:49.718+0000][78.019s][info ][safepoint   ] Safepoint "Cleanup", Time since last: 3000421202 ns, Reaching safepoint: 167491 ns, Cleanup: 23615 ns, At safepoint: 6913 ns, Total: 198019 ns
[2025-12-05T08:43:52.719+0000][81.020s][debug][safepoint   ] Safepoint synchronization initiated using futex wait barrier. (258 threads)
[2025-12-05T08:43:52.719+0000][81.020s][info ][safepoint   ] Safepoint "Cleanup", Time since last: 3000479422 ns, Reaching safepoint: 375960 ns, Cleanup: 23144 ns, At safepoint: 6122 ns, Total: 405226 ns
[2025-12-05T08:44:02.719+0000][91.022s][debug][safepoint   ] Safepoint synchronization initiated using futex wait barrier. (258 threads)
[2025-12-05T08:44:02.721+0000][91.023s][info ][safepoint   ] Safepoint "Cleanup", Time since last: 10001688709 ns, Reaching safepoint: 1390391 ns, Cleanup: 37902 ns, At safepoint: 17965 ns, Total: 1446258 ns
[2025-12-05T08:44:11.722+0000][100.025s][debug][safepoint   ] Safepoint synchronization initiated using futex wait barrier. (259 threads)
[2025-12-05T08:44:11.723+0000][100.025s][info ][safepoint   ] Safepoint "Cleanup", Time since last: 9001510786 ns, Reaching safepoint: 205663 ns, Cleanup: 24888 ns, At safepoint: 5641 ns, Total: 236192 ns
[2025-12-05T08:44:12.723+0000][101.025s][debug][safepoint   ] Safepoint synchronization initiated using futex wait barrier. (257 threads)
[2025-12-05T08:44:12.723+0000][101.025s][info ][safepoint   ] Safepoint "Cleanup", Time since last: 1000175850 ns, Reaching safepoint: 120079 ns, Cleanup: 15099 ns, At safepoint: 4439 ns, Total: 139617 ns
[2025-12-05T08:44:15.723+0000][104.026s][debug][safepoint   ] Safepoint synchronization initiated using futex wait barrier. (248 threads)
[2025-12-05T08:44:15.724+0000][104.026s][info ][safepoint   ] Safepoint "Cleanup", Time since last: 3000435696 ns, Reaching safepoint: 286028 ns, Cleanup: 38434 ns, At safepoint: 6973 ns, Total: 331435 ns
[2025-12-05T08:44:29.724+0000][118.028s][debug][safepoint   ] Safepoint synchronization initiated using futex wait barrier. (246 threads)
[2025-12-05T08:44:29.724+0000][118.029s][info ][safepoint   ] Safepoint "Cleanup", Time since last: 14002115797 ns, Reaching safepoint: 434292 ns, Cleanup: 34396 ns, At safepoint: 7364 ns, Total: 476052 ns
[2025-12-05T08:44:32.745+0000][121.050s][debug][safepoint   ] Safepoint synchronization initiated using futex wait barrier. (246 threads)
[2025-12-05T08:44:32.746+0000][121.050s][info ][safepoint   ] Safepoint "Cleanup", Time since last: 3020935847 ns, Reaching safepoint: 132994 ns, Cleanup: 23816 ns, At safepoint: 5010 ns, Total: 161820 ns
[2025-12-05T08:44:39.135+0000][127.440s][debug][safepoint   ] Safepoint synchronization initiated using futex wait barrier. (246 threads)
[2025-12-05T08:44:39.136+0000][127.440s][info ][gc,start    ] GC(77) Pause Young (Normal) (G1 Evacuation Pause)
[2025-12-05T08:44:39.136+0000][127.441s][info ][gc,task     ] GC(77) Using 13 workers of 13 for evacuation
[2025-12-05T08:44:39.153+0000][127.457s][info ][gc,phases   ] GC(77)   Pre Evacuate Collection Set: 1.1ms
[2025-12-05T08:44:39.153+0000][127.457s][info ][gc,phases   ] GC(77)   Merge Heap Roots: 0.3ms
[2025-12-05T08:44:39.153+0000][127.457s][info ][gc,phases   ] GC(77)   Evacuate Collection Set: 10.5ms
[2025-12-05T08:44:39.153+0000][127.457s][info ][gc,phases   ] GC(77)   Post Evacuate Collection Set: 4.2ms
[2025-12-05T08:44:39.153+0000][127.457s][info ][gc,phases   ] GC(77)   Other: 0.4ms
[2025-12-05T08:44:39.153+0000][127.457s][info ][gc,heap     ] GC(77) Eden regions: 208->0(222)
[2025-12-05T08:44:39.153+0000][127.457s][info ][gc,heap     ] GC(77) Survivor regions: 2->3(27)
[2025-12-05T08:44:39.153+0000][127.457s][info ][gc,heap     ] GC(77) Old regions: 311->311
[2025-12-05T08:44:39.153+0000][127.457s][info ][gc,heap     ] GC(77) Archive regions: 2->2
[2025-12-05T08:44:39.153+0000][127.457s][info ][gc,heap     ] GC(77) Humongous regions: 0->0
[2025-12-05T08:44:39.153+0000][127.457s][info ][gc,metaspace] GC(77) Metaspace: 191931K(193344K)->191931K(193344K) NonClass: 168337K(169088K)->168337K(169088K) Class: 23594K(24256K)->23594K(24256K)
[2025-12-05T08:44:39.153+0000][127.457s][info ][gc          ] GC(77) Pause Young (Normal) (G1 Evacuation Pause) 521M->314M(684M) 16.672ms
[2025-12-05T08:44:39.153+0000][127.457s][info ][gc,cpu      ] GC(77) User=0.12s Sys=0.01s Real=0.01s
[2025-12-05T08:44:39.153+0000][127.457s][info ][safepoint   ] Safepoint "G1CollectForAllocation", Time since last: 6389907945 ns, Reaching safepoint: 524447 ns, Cleanup: 8917 ns, At safepoint: 17141403 ns, Total: 17674767 ns
[2025-12-05T08:44:43.154+0000][131.458s][debug][safepoint   ] Safepoint synchronization initiated using futex wait barrier. (246 threads)
[2025-12-05T08:44:43.154+0000][131.459s][info ][safepoint   ] Safepoint "Cleanup", Time since last: 4000871911 ns, Reaching safepoint: 234840 ns, Cleanup: 147604 ns, At safepoint: 7644 ns, Total: 390088 ns
[2025-12-05T08:44:54.127+0000][142.431s][debug][safepoint   ] Safepoint synchronization initiated using futex wait barrier. (248 threads)
[2025-12-05T08:44:54.127+0000][142.432s][info ][safepoint   ] Safepoint "Cleanup", Time since last: 10972689042 ns, Reaching safepoint: 160006 ns, Cleanup: 63171 ns, At safepoint: 4759 ns, Total: 227936 ns
[2025-12-05T08:45:00.127+0000][148.432s][debug][safepoint   ] Safepoint synchronization initiated using futex wait barrier. (248 threads)
[2025-12-05T08:45:00.127+0000][148.433s][info ][safepoint   ] Safepoint "Cleanup", Time since last: 6000850337 ns, Reaching safepoint: 124308 ns, Cleanup: 12675 ns, At safepoint: 4188 ns, Total: 141171 ns
[2025-12-05T08:45:03.127+0000][151.433s][debug][safepoint   ] Safepoint synchronization initiated using futex wait barrier. (248 threads)
[2025-12-05T08:45:03.128+0000][151.433s][info ][safepoint   ] Safepoint "Cleanup", Time since last: 3000389622 ns, Reaching safepoint: 205934 ns, Cleanup: 23765 ns, At safepoint: 6292 ns, Total: 235991 ns
[2025-12-05T08:45:06.128+0000][154.434s][debug][safepoint   ] Safepoint synchronization initiated using futex wait barrier. (248 threads)
[2025-12-05T08:45:06.128+0000][154.434s][info ][safepoint   ] Safepoint "Cleanup", Time since last: 3000462851 ns, Reaching safepoint: 121122 ns, Cleanup: 13927 ns, At safepoint: 4098 ns, Total: 139147 ns
[2025-12-05T08:45:15.131+0000][163.436s][debug][safepoint   ] Safepoint synchronization initiated using futex wait barrier. (244 threads)
[2025-12-05T08:45:15.131+0000][163.436s][info ][safepoint   ] Safepoint "Cleanup", Time since last: 9002309695 ns, Reaching safepoint: 267723 ns, Cleanup: 27583 ns, At safepoint: 4739 ns, Total: 300045 ns
[2025-12-05T08:45:16.131+0000][164.437s][debug][safepoint   ] Safepoint synchronization initiated using futex wait barrier. (244 threads)
[2025-12-05T08:45:16.131+0000][164.437s][info ][safepoint   ] Safepoint "Cleanup", Time since last: 1000238009 ns, Reaching safepoint: 226134 ns, Cleanup: 29105 ns, At safepoint: 8156 ns, Total: 263395 ns
[2025-12-05T08:45:19.132+0000][167.437s][debug][safepoint   ] Safepoint synchronization initiated using futex wait barrier. (246 threads)
[2025-12-05T08:45:19.132+0000][167.438s][info ][safepoint   ] Safepoint "Cleanup", Time since last: 3000397619 ns, Reaching safepoint: 199532 ns, Cleanup: 23585 ns, At safepoint: 25619 ns, Total: 248736 ns
[2025-12-05T08:45:32.781+0000][181.089s][debug][safepoint   ] Safepoint synchronization initiated using futex wait barrier. (243 threads)
[2025-12-05T08:45:32.782+0000][181.089s][info ][safepoint   ] Safepoint "Cleanup", Time since last: 13651272380 ns, Reaching safepoint: 165877 ns, Cleanup: 24046 ns, At safepoint: 4178 ns, Total: 194101 ns
[2025-12-05T08:45:39.783+0000][188.090s][debug][safepoint   ] Safepoint synchronization initiated using futex wait barrier. (245 threads)
[2025-12-05T08:45:39.783+0000][188.090s][info ][safepoint   ] Safepoint "Cleanup", Time since last: 7001111219 ns, Reaching safepoint: 315534 ns, Cleanup: 27753 ns, At safepoint: 5300 ns, Total: 348587 ns
[2025-12-05T08:45:44.784+0000][193.091s][debug][safepoint   ] Safepoint synchronization initiated using futex wait barrier. (245 threads)
[2025-12-05T08:45:44.784+0000][193.092s][info ][safepoint   ] Safepoint "Cleanup", Time since last: 5000874754 ns, Reaching safepoint: 385017 ns, Cleanup: 32563 ns, At safepoint: 100873 ns, Total: 518453 ns
[2025-12-05T08:45:46.785+0000][195.092s][debug][safepoint   ] Safepoint synchronization initiated using futex wait barrier. (245 threads)
[2025-12-05T08:45:46.785+0000][195.092s][info ][safepoint   ] Safepoint "Cleanup", Time since last: 2000366427 ns, Reaching safepoint: 109069 ns, Cleanup: 12243 ns, At safepoint: 3306 ns, Total: 124618 ns
[2025-12-05T08:45:49.785+0000][198.093s][debug][safepoint   ] Safepoint synchronization initiated using futex wait barrier. (245 threads)
[2025-12-05T08:45:49.786+0000][198.093s][info ][safepoint   ] Safepoint "Cleanup", Time since last: 3000394135 ns, Reaching safepoint: 138485 ns, Cleanup: 19357 ns, At safepoint: 5079 ns, Total: 162921 ns
[2025-12-05T08:45:52.786+0000][201.093s][debug][safepoint   ] Safepoint synchronization initiated using futex wait barrier. (245 threads)
[2025-12-05T08:45:52.786+0000][201.094s][info ][safepoint   ] Safepoint "Cleanup", Time since last: 3000533407 ns, Reaching safepoint: 177229 ns, Cleanup: 23495 ns, At safepoint: 5811 ns, Total: 206535 ns
[2025-12-05T08:45:57.787+0000][206.094s][debug][safepoint   ] Safepoint synchronization initiated using futex wait barrier. (245 threads)
[2025-12-05T08:45:57.787+0000][206.095s][info ][safepoint   ] Safepoint "Cleanup", Time since last: 5000768900 ns, Reaching safepoint: 313079 ns, Cleanup: 25629 ns, At safepoint: 5531 ns, Total: 344239 ns
[2025-12-05T08:46:04.787+0000][213.096s][debug][safepoint   ] Safepoint synchronization initiated using futex wait barrier. (246 threads)
[2025-12-05T08:46:04.787+0000][213.096s][info ][safepoint   ] Safepoint "Cleanup", Time since last: 7001027047 ns, Reaching safepoint: 233667 ns, Cleanup: 34586 ns, At safepoint: 5781 ns, Total: 274034 ns
[2025-12-05T08:46:17.790+0000][226.098s][debug][safepoint   ] Safepoint synchronization initiated using futex wait barrier. (243 threads)
[2025-12-05T08:46:17.790+0000][226.099s][info ][safepoint   ] Safepoint "Cleanup", Time since last: 13002268547 ns, Reaching safepoint: 212436 ns, Cleanup: 51208 ns, At safepoint: 6192 ns, Total: 269836 ns
[2025-12-05T08:46:22.791+0000][231.099s][debug][safepoint   ] Safepoint synchronization initiated using futex wait barrier. (243 threads)
[2025-12-05T08:46:22.791+0000][231.100s][info ][safepoint   ] Safepoint "Cleanup", Time since last: 5000751620 ns, Reaching safepoint: 162610 ns, Cleanup: 16040 ns, At safepoint: 26301 ns, Total: 204951 ns
[2025-12-05T08:46:25.791+0000][234.100s][debug][safepoint   ] Safepoint synchronization initiated using futex wait barrier. (244 threads)
[2025-12-05T08:46:25.792+0000][234.100s][info ][safepoint   ] Safepoint "Cleanup", Time since last: 3000543491 ns, Reaching safepoint: 138905 ns, Cleanup: 18626 ns, At safepoint: 5060 ns, Total: 162591 ns
[2025-12-05T08:46:26.792+0000][235.100s][debug][safepoint   ] Safepoint synchronization initiated using futex wait barrier. (245 threads)
[2025-12-05T08:46:26.792+0000][235.101s][info ][safepoint   ] Safepoint "Cleanup", Time since last: 1000189350 ns, Reaching safepoint: 164764 ns, Cleanup: 29196 ns, At safepoint: 5581 ns, Total: 199541 ns
[2025-12-05T08:46:32.823+0000][241.133s][debug][safepoint   ] Safepoint synchronization initiated using futex wait barrier. (247 threads)
[2025-12-05T08:46:32.824+0000][241.134s][info ][safepoint   ] Safepoint "Cleanup", Time since last: 6032747215 ns, Reaching safepoint: 501407 ns, Cleanup: 156575 ns, At safepoint: 16261 ns, Total: 674243 ns
[2025-12-05T08:46:34.824+0000][243.134s][debug][safepoint   ] Safepoint synchronization initiated using futex wait barrier. (246 threads)
[2025-12-05T08:46:34.824+0000][243.135s][info ][safepoint   ] Safepoint "Cleanup", Time since last: 2000325381 ns, Reaching safepoint: 131448 ns, Cleanup: 19687 ns, At safepoint: 4509 ns, Total: 155644 ns
[2025-12-05T08:46:49.826+0000][258.137s][debug][safepoint   ] Safepoint synchronization initiated using futex wait barrier. (246 threads)
[2025-12-05T08:46:49.827+0000][258.137s][info ][safepoint   ] Safepoint "Cleanup", Time since last: 15002270839 ns, Reaching safepoint: 335132 ns, Cleanup: 18115 ns, At safepoint: 5320 ns, Total: 358567 ns
[2025-12-05T08:47:02.827+0000][271.139s][debug][safepoint   ] Safepoint synchronization initiated using futex wait barrier. (247 threads)
[2025-12-05T08:47:02.827+0000][271.140s][info ][safepoint   ] Safepoint "Cleanup", Time since last: 13002112795 ns, Reaching safepoint: 290115 ns, Cleanup: 26531 ns, At safepoint: 6843 ns, Total: 323489 ns
[2025-12-05T08:47:17.830+0000][286.142s][debug][safepoint   ] Safepoint synchronization initiated using futex wait barrier. (245 threads)
[2025-12-05T08:47:17.830+0000][286.142s][info ][safepoint   ] Safepoint "Cleanup", Time since last: 15002393985 ns, Reaching safepoint: 131342 ns, Cleanup: 16010 ns, At safepoint: 4960 ns, Total: 152312 ns
[2025-12-05T08:47:21.830+0000][290.143s][debug][safepoint   ] Safepoint synchronization initiated using futex wait barrier. (247 threads)
[2025-12-05T08:47:21.831+0000][290.143s][info ][safepoint   ] Safepoint "Cleanup", Time since last: 4000525984 ns, Reaching safepoint: 172240 ns, Cleanup: 21621 ns, At safepoint: 6012 ns, Total: 199873 ns
[2025-12-05T08:47:29.830+0000][298.144s][debug][safepoint   ] Safepoint synchronization initiated using futex wait barrier. (247 threads)
[2025-12-05T08:47:29.831+0000][298.144s][info ][safepoint   ] Safepoint "Cleanup", Time since last: 8001271637 ns, Reaching safepoint: 210572 ns, Cleanup: 25379 ns, At safepoint: 7174 ns, Total: 243125 ns
[2025-12-05T08:47:32.857+0000][301.171s][debug][safepoint   ] Safepoint synchronization initiated using futex wait barrier. (247 threads)
[2025-12-05T08:47:32.858+0000][301.171s][info ][safepoint   ] Safepoint "Cleanup", Time since last: 3026753498 ns, Reaching safepoint: 208019 ns, Cleanup: 34806 ns, At safepoint: 6903 ns, Total: 249728 ns
[2025-12-05T08:47:39.976+0000][308.290s][debug][safepoint   ] Safepoint synchronization initiated using futex wait barrier. (247 threads)
[2025-12-05T08:47:39.976+0000][308.290s][info ][gc,start    ] GC(78) Pause Young (Concurrent Start) (G1 Evacuation Pause)
[2025-12-05T08:47:39.976+0000][308.290s][info ][gc,task     ] GC(78) Using 13 workers of 13 for evacuation
[2025-12-05T08:47:39.985+0000][308.299s][info ][gc,phases   ] GC(78)   Pre Evacuate Collection Set: 1.0ms
[2025-12-05T08:47:39.985+0000][308.299s][info ][gc,phases   ] GC(78)   Merge Heap Roots: 0.3ms
[2025-12-05T08:47:39.985+0000][308.299s][info ][gc,phases   ] GC(78)   Evacuate Collection Set: 5.1ms
[2025-12-05T08:47:39.985+0000][308.299s][info ][gc,phases   ] GC(78)   Post Evacuate Collection Set: 2.1ms
[2025-12-05T08:47:39.985+0000][308.299s][info ][gc,phases   ] GC(78)   Other: 0.4ms
[2025-12-05T08:47:39.985+0000][308.299s][info ][gc,heap     ] GC(78) Eden regions: 222->0(235)
[2025-12-05T08:47:39.985+0000][308.299s][info ][gc,heap     ] GC(78) Survivor regions: 3->3(29)
[2025-12-05T08:47:39.985+0000][308.299s][info ][gc,heap     ] GC(78) Old regions: 311->311
[2025-12-05T08:47:39.985+0000][308.299s][info ][gc,heap     ] GC(78) Archive regions: 2->2
[2025-12-05T08:47:39.985+0000][308.299s][info ][gc,heap     ] GC(78) Humongous regions: 0->0
[2025-12-05T08:47:39.985+0000][308.299s][info ][gc,metaspace] GC(78) Metaspace: 192236K(193664K)->192236K(193664K) NonClass: 168637K(169408K)->168637K(169408K) Class: 23598K(24256K)->23598K(24256K)
[2025-12-05T08:47:39.985+0000][308.299s][info ][gc          ] GC(78) Pause Young (Concurrent Start) (G1 Evacuation Pause) 536M->313M(684M) 8.978ms
[2025-12-05T08:47:39.985+0000][308.299s][info ][gc,cpu      ] GC(78) User=0.04s Sys=0.01s Real=0.01s
[2025-12-05T08:47:39.985+0000][308.299s][info ][gc          ] GC(79) Concurrent Mark Cycle
[2025-12-05T08:47:39.985+0000][308.299s][info ][gc,marking  ] GC(79) Concurrent Clear Claimed Marks
[2025-12-05T08:47:39.986+0000][308.300s][info ][gc,marking  ] GC(79) Concurrent Clear Claimed Marks 0.260ms
[2025-12-05T08:47:39.986+0000][308.300s][info ][gc,marking  ] GC(79) Concurrent Scan Root Regions
[2025-12-05T08:47:39.986+0000][308.300s][info ][safepoint   ] Safepoint "G1CollectForAllocation", Time since last: 7118152833 ns, Reaching safepoint: 443198 ns, Cleanup: 5591 ns, At safepoint: 9738711 ns, Total: 10187500 ns
[2025-12-05T08:47:39.994+0000][308.308s][info ][gc,marking  ] GC(79) Concurrent Scan Root Regions 8.560ms
[2025-12-05T08:47:39.994+0000][308.308s][info ][gc,marking  ] GC(79) Concurrent Mark
[2025-12-05T08:47:39.994+0000][308.308s][info ][gc,marking  ] GC(79) Concurrent Mark From Roots
[2025-12-05T08:47:39.994+0000][308.308s][info ][gc,task     ] GC(79) Using 3 workers of 3 for marking
[2025-12-05T08:47:40.101+0000][308.415s][info ][gc,marking  ] GC(79) Concurrent Mark From Roots 107.031ms
[2025-12-05T08:47:40.102+0000][308.415s][info ][gc,marking  ] GC(79) Concurrent Preclean
[2025-12-05T08:47:40.102+0000][308.416s][info ][gc,marking  ] GC(79) Concurrent Preclean 0.306ms
[2025-12-05T08:47:40.102+0000][308.416s][debug][safepoint   ] Safepoint synchronization initiated using futex wait barrier. (247 threads)
[2025-12-05T08:47:40.102+0000][308.416s][info ][gc,start    ] GC(79) Pause Remark
[2025-12-05T08:47:40.115+0000][308.429s][info ][gc          ] GC(79) Pause Remark 316M->244M(684M) 12.999ms
[2025-12-05T08:47:40.115+0000][308.429s][info ][gc,cpu      ] GC(79) User=0.11s Sys=0.00s Real=0.02s
[2025-12-05T08:47:40.116+0000][308.430s][info ][safepoint   ] Safepoint "G1PauseRemark", Time since last: 116039990 ns, Reaching safepoint: 66838 ns, Cleanup: 4098 ns, At safepoint: 13808939 ns, Total: 13879875 ns
[2025-12-05T08:47:40.116+0000][308.430s][info ][gc,marking  ] GC(79) Concurrent Mark 121.530ms
[2025-12-05T08:47:40.116+0000][308.430s][info ][gc,marking  ] GC(79) Concurrent Rebuild Remembered Sets
[2025-12-05T08:47:40.175+0000][308.489s][info ][gc,marking  ] GC(79) Concurrent Rebuild Remembered Sets 59.138ms
[2025-12-05T08:47:40.175+0000][308.489s][debug][safepoint   ] Safepoint synchronization initiated using futex wait barrier. (247 threads)
[2025-12-05T08:47:40.175+0000][308.489s][info ][gc,start    ] GC(79) Pause Cleanup
[2025-12-05T08:47:40.176+0000][308.490s][info ][gc          ] GC(79) Pause Cleanup 244M->244M(684M) 0.563ms
[2025-12-05T08:47:40.176+0000][308.490s][info ][gc,cpu      ] GC(79) User=0.00s Sys=0.00s Real=0.00s
[2025-12-05T08:47:40.177+0000][308.491s][info ][safepoint   ] Safepoint "G1PauseCleanup", Time since last: 59484452 ns, Reaching safepoint: 57490 ns, Cleanup: 46830 ns, At safepoint: 1447140 ns, Total: 1551460 ns
[2025-12-05T08:47:40.177+0000][308.491s][info ][gc,marking  ] GC(79) Concurrent Cleanup for Next Mark
[2025-12-05T08:47:40.179+0000][308.492s][info ][gc,marking  ] GC(79) Concurrent Cleanup for Next Mark 1.610ms
[2025-12-05T08:47:40.179+0000][308.493s][info ][gc          ] GC(79) Concurrent Mark Cycle 193.200ms
[2025-12-05T08:47:44.177+0000][312.491s][debug][safepoint   ] Safepoint synchronization initiated using futex wait barrier. (247 threads)
[2025-12-05T08:47:44.178+0000][312.491s][info ][safepoint   ] Safepoint "Cleanup", Time since last: 4000579890 ns, Reaching safepoint: 115842 ns, Cleanup: 13526 ns, At safepoint: 4138 ns, Total: 133506 ns
[2025-12-05T08:48:18.181+0000][346.496s][debug][safepoint   ] Safepoint synchronization initiated using futex wait barrier. (246 threads)
[2025-12-05T08:48:18.181+0000][346.497s][info ][safepoint   ] Safepoint "Cleanup", Time since last: 34004851345 ns, Reaching safepoint: 209752 ns, Cleanup: 23354 ns, At safepoint: 5912 ns, Total: 239018 ns
[2025-12-05T08:48:19.181+0000][347.497s][debug][safepoint   ] Safepoint synchronization initiated using futex wait barrier. (246 threads)
[2025-12-05T08:48:19.182+0000][347.497s][info ][safepoint   ] Safepoint "Cleanup", Time since last: 1000280427 ns, Reaching safepoint: 311547 ns, Cleanup: 56859 ns, At safepoint: 6422 ns, Total: 374828 ns
[2025-12-05T08:48:20.182+0000][348.497s][debug][safepoint   ] Safepoint synchronization initiated using futex wait barrier. (246 threads)
[2025-12-05T08:48:20.182+0000][348.498s][info ][safepoint   ] Safepoint "Cleanup", Time since last: 1000171224 ns, Reaching safepoint: 159786 ns, Cleanup: 22323 ns, At safepoint: 5550 ns, Total: 187659 ns
[2025-12-05T08:48:30.181+0000][358.499s][debug][safepoint   ] Safepoint synchronization initiated using futex wait barrier. (247 threads)
[2025-12-05T08:48:30.181+0000][358.499s][info ][safepoint   ] Safepoint "Cleanup", Time since last: 10001333755 ns, Reaching safepoint: 116242 ns, Cleanup: 18596 ns, At safepoint: 4398 ns, Total: 139236 ns
[2025-12-05T08:48:32.890+0000][361.208s][debug][safepoint   ] Safepoint synchronization initiated using futex wait barrier. (247 threads)
[2025-12-05T08:48:32.891+0000][361.208s][info ][safepoint   ] Safepoint "Cleanup", Time since last: 2709025695 ns, Reaching safepoint: 252683 ns, Cleanup: 47190 ns, At safepoint: 8436 ns, Total: 308309 ns
[2025-12-05T08:48:42.893+0000][371.210s][debug][safepoint   ] Safepoint synchronization initiated using futex wait barrier. (247 threads)
[2025-12-05T08:48:42.893+0000][371.211s][info ][safepoint   ] Safepoint "Cleanup", Time since last: 10002009256 ns, Reaching safepoint: 209856 ns, Cleanup: 24848 ns, At safepoint: 5811 ns, Total: 240515 ns
[2025-12-05T08:48:43.893+0000][372.211s][debug][safepoint   ] Safepoint synchronization initiated using futex wait barrier. (247 threads)
[2025-12-05T08:48:43.893+0000][372.211s][info ][safepoint   ] Safepoint "Cleanup", Time since last: 1000153192 ns, Reaching safepoint: 126004 ns, Cleanup: 15129 ns, At safepoint: 4038 ns, Total: 145171 ns
[2025-12-05T08:48:45.894+0000][374.211s][debug][safepoint   ] Safepoint synchronization initiated using futex wait barrier. (247 threads)
[2025-12-05T08:48:45.894+0000][374.212s][info ][safepoint   ] Safepoint "Cleanup", Time since last: 2000413918 ns, Reaching safepoint: 177933 ns, Cleanup: 23626 ns, At safepoint: 4689 ns, Total: 206248 ns
[2025-12-05T08:48:51.895+0000][380.212s][debug][safepoint   ] Safepoint synchronization initiated using futex wait barrier. (247 threads)
[2025-12-05T08:48:51.895+0000][380.213s][info ][safepoint   ] Safepoint "Cleanup", Time since last: 6000925926 ns, Reaching safepoint: 201788 ns, Cleanup: 23615 ns, At safepoint: 5781 ns, Total: 231184 ns
[2025-12-05T08:49:04.897+0000][393.216s][debug][safepoint   ] Safepoint synchronization initiated using futex wait barrier. (247 threads)
[2025-12-05T08:49:04.897+0000][393.216s][info ][safepoint   ] Safepoint "Cleanup", Time since last: 13002834626 ns, Reaching safepoint: 189222 ns, Cleanup: 18265 ns, At safepoint: 3948 ns, Total: 211435 ns
[2025-12-05T08:49:07.897+0000][396.216s][debug][safepoint   ] Safepoint synchronization initiated using futex wait barrier. (247 threads)
[2025-12-05T08:49:07.898+0000][396.216s][info ][safepoint   ] Safepoint "Cleanup", Time since last: 3000500461 ns, Reaching safepoint: 140659 ns, Cleanup: 16602 ns, At safepoint: 5310 ns, Total: 162571 ns
[2025-12-05T08:49:19.899+0000][408.218s][debug][safepoint   ] Safepoint synchronization initiated using futex wait barrier. (247 threads)
[2025-12-05T08:49:19.900+0000][408.218s][info ][safepoint   ] Safepoint "Cleanup", Time since last: 12001915407 ns, Reaching safepoint: 127724 ns, Cleanup: 17284 ns, At safepoint: 4137 ns, Total: 149145 ns
[2025-12-05T08:49:31.927+0000][420.248s][debug][safepoint   ] Safepoint synchronization initiated using futex wait barrier. (248 threads)
[2025-12-05T08:49:31.927+0000][420.248s][info ][safepoint   ] Safepoint "Cleanup", Time since last: 12029318004 ns, Reaching safepoint: 116063 ns, Cleanup: 14638 ns, At safepoint: 3927 ns, Total: 134628 ns
[2025-12-05T08:50:19.932+0000][468.255s][debug][safepoint   ] Safepoint synchronization initiated using futex wait barrier. (244 threads)
[2025-12-05T08:50:19.933+0000][468.255s][info ][safepoint   ] Safepoint "Cleanup", Time since last: 48007013955 ns, Reaching safepoint: 303732 ns, Cleanup: 24577 ns, At safepoint: 6372 ns, Total: 334681 ns
[2025-12-05T08:50:20.933+0000][469.255s][debug][safepoint   ] Safepoint synchronization initiated using futex wait barrier. (244 threads)
[2025-12-05T08:50:20.933+0000][469.256s][info ][safepoint   ] Safepoint "Cleanup", Time since last: 1000164301 ns, Reaching safepoint: 146290 ns, Cleanup: 23355 ns, At safepoint: 5550 ns, Total: 175195 ns
[2025-12-05T08:50:31.957+0000][480.282s][debug][safepoint   ] Safepoint synchronization initiated using futex wait barrier. (244 threads)
[2025-12-05T08:50:31.957+0000][480.282s][info ][safepoint   ] Safepoint "Cleanup", Time since last: 11026103044 ns, Reaching safepoint: 118386 ns, Cleanup: 22173 ns, At safepoint: 3286 ns, Total: 143845 ns
[2025-12-05T08:50:32.958+0000][481.282s][debug][safepoint   ] Safepoint synchronization initiated using futex wait barrier. (244 threads)
[2025-12-05T08:50:32.958+0000][481.282s][info ][safepoint   ] Safepoint "Cleanup", Time since last: 1000232468 ns, Reaching safepoint: 163182 ns, Cleanup: 27112 ns, At safepoint: 5130 ns, Total: 195424 ns
[2025-12-05T08:50:35.958+0000][484.283s][debug][safepoint   ] Safepoint synchronization initiated using futex wait barrier. (245 threads)
[2025-12-05T08:50:35.958+0000][484.283s][info ][safepoint   ] Safepoint "Cleanup", Time since last: 3000413152 ns, Reaching safepoint: 185996 ns, Cleanup: 21141 ns, At safepoint: 4188 ns, Total: 211325 ns
[2025-12-05T08:50:44.960+0000][493.284s][debug][safepoint   ] Safepoint synchronization initiated using futex wait barrier. (245 threads)
[2025-12-05T08:50:44.960+0000][493.284s][info ][safepoint   ] Safepoint "Cleanup", Time since last: 9001343037 ns, Reaching safepoint: 187730 ns, Cleanup: 25970 ns, At safepoint: 6062 ns, Total: 219762 ns
[2025-12-05T08:50:46.960+0000][495.285s][debug][safepoint   ] Safepoint synchronization initiated using futex wait barrier. (247 threads)
[2025-12-05T08:50:46.961+0000][495.285s][info ][safepoint   ] Safepoint "Cleanup", Time since last: 2000312825 ns, Reaching safepoint: 193558 ns, Cleanup: 57983 ns, At safepoint: 5230 ns, Total: 256771 ns
[2025-12-05T08:50:47.352+0000][495.677s][debug][safepoint   ] Safepoint synchronization initiated using futex wait barrier. (247 threads)
[2025-12-05T08:50:47.352+0000][495.677s][info ][gc,start    ] GC(80) Pause Young (Prepare Mixed) (G1 Evacuation Pause)
[2025-12-05T08:50:47.352+0000][495.677s][info ][gc,task     ] GC(80) Using 13 workers of 13 for evacuation
[2025-12-05T08:50:47.359+0000][495.684s][info ][gc,phases   ] GC(80)   Pre Evacuate Collection Set: 0.6ms
[2025-12-05T08:50:47.359+0000][495.684s][info ][gc,phases   ] GC(80)   Merge Heap Roots: 0.4ms
[2025-12-05T08:50:47.359+0000][495.684s][info ][gc,phases   ] GC(80)   Evacuate Collection Set: 3.7ms
[2025-12-05T08:50:47.359+0000][495.684s][info ][gc,phases   ] GC(80)   Post Evacuate Collection Set: 1.9ms
[2025-12-05T08:50:47.359+0000][495.684s][info ][gc,phases   ] GC(80)   Other: 0.5ms
[2025-12-05T08:50:47.359+0000][495.684s][info ][gc,heap     ] GC(80) Eden regions: 235->0(31)
[2025-12-05T08:50:47.359+0000][495.684s][info ][gc,heap     ] GC(80) Survivor regions: 3->3(30)
[2025-12-05T08:50:47.359+0000][495.684s][info ][gc,heap     ] GC(80) Old regions: 239->239
[2025-12-05T08:50:47.359+0000][495.684s][info ][gc,heap     ] GC(80) Archive regions: 2->2
[2025-12-05T08:50:47.359+0000][495.684s][info ][gc,heap     ] GC(80) Humongous regions: 0->0
[2025-12-05T08:50:47.359+0000][495.684s][info ][gc,metaspace] GC(80) Metaspace: 192485K(193856K)->192485K(193856K) NonClass: 168862K(169600K)->168862K(169600K) Class: 23622K(24256K)->23622K(24256K)
[2025-12-05T08:50:47.360+0000][495.684s][info ][gc          ] GC(80) Pause Young (Prepare Mixed) (G1 Evacuation Pause) 476M->242M(684M) 7.125ms
[2025-12-05T08:50:47.360+0000][495.684s][info ][gc,cpu      ] GC(80) User=0.03s Sys=0.02s Real=0.01s
[2025-12-05T08:50:47.360+0000][495.685s][info ][safepoint   ] Safepoint "G1CollectForAllocation", Time since last: 391582563 ns, Reaching safepoint: 141837 ns, Cleanup: 6784 ns, At safepoint: 7930364 ns, Total: 8078985 ns
[2025-12-05T08:50:48.360+0000][496.685s][debug][safepoint   ] Safepoint synchronization initiated using futex wait barrier. (245 threads)
[2025-12-05T08:50:48.361+0000][496.685s][info ][safepoint   ] Safepoint "Cleanup", Time since last: 1000230149 ns, Reaching safepoint: 195392 ns, Cleanup: 23416 ns, At safepoint: 5491 ns, Total: 224299 ns
[2025-12-05T08:51:03.361+0000][511.687s][debug][safepoint   ] Safepoint synchronization initiated using futex wait barrier. (245 threads)
[2025-12-05T08:51:03.362+0000][511.688s][info ][safepoint   ] Safepoint "Cleanup", Time since last: 15002214538 ns, Reaching safepoint: 199232 ns, Cleanup: 15800 ns, At safepoint: 5450 ns, Total: 220482 ns
[2025-12-05T08:51:11.715+0000][520.041s][debug][safepoint   ] Safepoint synchronization initiated using futex wait barrier. (245 threads)
[2025-12-05T08:51:11.716+0000][520.042s][info ][gc,start    ] GC(81) Pause Young (Mixed) (G1 Evacuation Pause)
[2025-12-05T08:51:11.716+0000][520.042s][info ][gc,task     ] GC(81) Using 13 workers of 13 for evacuation
[2025-12-05T08:51:11.730+0000][520.056s][info ][gc,phases   ] GC(81)   Pre Evacuate Collection Set: 0.6ms
[2025-12-05T08:51:11.730+0000][520.056s][info ][gc,phases   ] GC(81)   Merge Heap Roots: 0.3ms
[2025-12-05T08:51:11.730+0000][520.056s][info ][gc,phases   ] GC(81)   Evacuate Collection Set: 10.3ms
[2025-12-05T08:51:11.730+0000][520.056s][info ][gc,phases   ] GC(81)   Post Evacuate Collection Set: 2.8ms
[2025-12-05T08:51:11.730+0000][520.056s][info ][gc,phases   ] GC(81)   Other: 0.3ms
[2025-12-05T08:51:11.730+0000][520.056s][info ][gc,heap     ] GC(81) Eden regions: 31->0(33)
[2025-12-05T08:51:11.730+0000][520.056s][info ][gc,heap     ] GC(81) Survivor regions: 3->1(5)
[2025-12-05T08:51:11.730+0000][520.056s][info ][gc,heap     ] GC(81) Old regions: 239->175
[2025-12-05T08:51:11.730+0000][520.056s][info ][gc,heap     ] GC(81) Archive regions: 2->2
[2025-12-05T08:51:11.730+0000][520.056s][info ][gc,heap     ] GC(81) Humongous regions: 0->0
[2025-12-05T08:51:11.730+0000][520.056s][info ][gc,metaspace] GC(81) Metaspace: 192490K(193856K)->192490K(193856K) NonClass: 168867K(169600K)->168867K(169600K) Class: 23622K(24256K)->23622K(24256K)
[2025-12-05T08:51:11.730+0000][520.056s][info ][gc          ] GC(81) Pause Young (Mixed) (G1 Evacuation Pause) 273M->175M(684M) 14.398ms
[2025-12-05T08:51:11.730+0000][520.056s][info ][gc,cpu      ] GC(81) User=0.10s Sys=0.01s Real=0.01s
[2025-12-05T08:51:11.730+0000][520.056s][info ][safepoint   ] Safepoint "G1CollectForAllocation", Time since last: 8353710637 ns, Reaching safepoint: 149887 ns, Cleanup: 8286 ns, At safepoint: 15042513 ns, Total: 15200686 ns
[2025-12-05T08:51:12.731+0000][521.057s][debug][safepoint   ] Safepoint synchronization initiated using futex wait barrier. (246 threads)
[2025-12-05T08:51:12.731+0000][521.057s][info ][safepoint   ] Safepoint "Cleanup", Time since last: 1000276036 ns, Reaching safepoint: 232385 ns, Cleanup: 94090 ns, At safepoint: 8777 ns, Total: 335252 ns
[2025-12-05T08:51:21.732+0000][530.058s][debug][safepoint   ] Safepoint synchronization initiated using futex wait barrier. (244 threads)
[2025-12-05T08:51:21.733+0000][530.059s][info ][safepoint   ] Safepoint "Cleanup", Time since last: 9001311338 ns, Reaching safepoint: 272823 ns, Cleanup: 20449 ns, At safepoint: 116483 ns, Total: 409755 ns
[2025-12-05T08:51:22.733+0000][531.059s][debug][safepoint   ] Safepoint synchronization initiated using futex wait barrier. (244 threads)
[2025-12-05T08:51:22.733+0000][531.059s][info ][safepoint   ] Safepoint "Cleanup", Time since last: 1000235934 ns, Reaching safepoint: 109350 ns, Cleanup: 33604 ns, At safepoint: 3798 ns, Total: 146752 ns
[2025-12-05T08:51:29.732+0000][538.060s][debug][safepoint   ] Safepoint synchronization initiated using futex wait barrier. (244 threads)
[2025-12-05T08:51:29.732+0000][538.060s][info ][safepoint   ] Safepoint "Cleanup", Time since last: 7000950940 ns, Reaching safepoint: 137503 ns, Cleanup: 15390 ns, At safepoint: 3917 ns, Total: 156810 ns
[2025-12-05T08:51:31.990+0000][540.319s][debug][safepoint   ] Safepoint synchronization initiated using futex wait barrier. (244 threads)
[2025-12-05T08:51:31.990+0000][540.319s][info ][safepoint   ] Safepoint "Cleanup", Time since last: 2258265854 ns, Reaching safepoint: 137223 ns, Cleanup: 16562 ns, At safepoint: 5530 ns, Total: 159315 ns
[2025-12-05T08:51:32.991+0000][541.319s][debug][safepoint   ] Safepoint synchronization initiated using futex wait barrier. (244 threads)
[2025-12-05T08:51:32.991+0000][541.319s][info ][safepoint   ] Safepoint "Cleanup", Time since last: 1000387143 ns, Reaching safepoint: 183651 ns, Cleanup: 28835 ns, At safepoint: 4790 ns, Total: 217276 ns
[2025-12-05T08:51:37.731+0000][546.060s][debug][safepoint   ] Safepoint synchronization initiated using futex wait barrier. (244 threads)
[2025-12-05T08:51:37.732+0000][546.060s][info ][gc,start    ] GC(82) Pause Young (Mixed) (G1 Evacuation Pause)
[2025-12-05T08:51:37.732+0000][546.060s][info ][gc,task     ] GC(82) Using 13 workers of 13 for evacuation
[2025-12-05T08:51:37.753+0000][546.082s][info ][gc,phases   ] GC(82)   Pre Evacuate Collection Set: 1.0ms
[2025-12-05T08:51:37.753+0000][546.082s][info ][gc,phases   ] GC(82)   Merge Heap Roots: 0.5ms
[2025-12-05T08:51:37.753+0000][546.082s][info ][gc,phases   ] GC(82)   Evacuate Collection Set: 15.7ms
[2025-12-05T08:51:37.753+0000][546.082s][info ][gc,phases   ] GC(82)   Post Evacuate Collection Set: 4.0ms
[2025-12-05T08:51:37.753+0000][546.082s][info ][gc,phases   ] GC(82)   Other: 0.6ms
[2025-12-05T08:51:37.753+0000][546.082s][info ][gc,heap     ] GC(82) Eden regions: 33->0(371)
[2025-12-05T08:51:37.753+0000][546.082s][info ][gc,heap     ] GC(82) Survivor regions: 1->1(5)
[2025-12-05T08:51:37.753+0000][546.082s][info ][gc,heap     ] GC(82) Old regions: 175->171
[2025-12-05T08:51:37.753+0000][546.082s][info ][gc,heap     ] GC(82) Archive regions: 2->2
[2025-12-05T08:51:37.753+0000][546.082s][info ][gc,heap     ] GC(82) Humongous regions: 0->0
[2025-12-05T08:51:37.753+0000][546.082s][info ][gc,metaspace] GC(82) Metaspace: 192544K(193920K)->192544K(193920K) NonClass: 168921K(169664K)->168921K(169664K) Class: 23622K(24256K)->23622K(24256K)
[2025-12-05T08:51:37.753+0000][546.082s][info ][gc          ] GC(82) Pause Young (Mixed) (G1 Evacuation Pause) 208M->171M(684M) 21.951ms
[2025-12-05T08:51:37.754+0000][546.082s][info ][gc,cpu      ] GC(82) User=0.18s Sys=0.01s Real=0.02s
[2025-12-05T08:51:37.754+0000][546.082s][info ][safepoint   ] Safepoint "G1CollectForAllocation", Time since last: 4740218195 ns, Reaching safepoint: 201826 ns, Cleanup: 8547 ns, At safepoint: 22451147 ns, Total: 22661520 ns
[2025-12-05T08:51:42.755+0000][551.083s][debug][safepoint   ] Safepoint synchronization initiated using futex wait barrier. (244 threads)
[2025-12-05T08:51:42.755+0000][551.083s][info ][safepoint   ] Safepoint "Cleanup", Time since last: 5000870059 ns, Reaching safepoint: 197819 ns, Cleanup: 23485 ns, At safepoint: 5000 ns, Total: 226304 ns
[2025-12-05T08:51:52.756+0000][561.085s][debug][safepoint   ] Safepoint synchronization initiated using futex wait barrier. (245 threads)
[2025-12-05T08:51:52.756+0000][561.085s][info ][safepoint   ] Safepoint "Cleanup", Time since last: 10001288089 ns, Reaching safepoint: 245340 ns, Cleanup: 25008 ns, At safepoint: 6843 ns, Total: 277191 ns
[2025-12-05T08:51:59.681+0000][568.010s][debug][safepoint   ] Safepoint synchronization initiated using futex wait barrier. (246 threads)
[2025-12-05T08:51:59.682+0000][568.010s][info ][safepoint   ] Safepoint "Cleanup", Time since last: 6924824756 ns, Reaching safepoint: 176618 ns, Cleanup: 43483 ns, At safepoint: 53132 ns, Total: 273233 ns
[2025-12-05T08:52:00.684+0000][569.014s][debug][safepoint   ] Safepoint synchronization initiated using futex wait barrier. (250 threads)
[2025-12-05T08:52:00.685+0000][569.014s][info ][safepoint   ] Safepoint "Cleanup", Time since last: 1003701811 ns, Reaching safepoint: 228878 ns, Cleanup: 203821 ns, At safepoint: 11251 ns, Total: 443950 ns
[2025-12-05T08:52:02.685+0000][571.015s][debug][safepoint   ] Safepoint synchronization initiated using futex wait barrier. (250 threads)
[2025-12-05T08:52:02.686+0000][571.015s][info ][safepoint   ] Safepoint "Cleanup", Time since last: 2000389463 ns, Reaching safepoint: 286148 ns, Cleanup: 93249 ns, At safepoint: 8416 ns, Total: 387813 ns
[2025-12-05T08:52:07.686+0000][576.016s][debug][safepoint   ] Safepoint synchronization initiated using futex wait barrier. (249 threads)
[2025-12-05T08:52:07.686+0000][576.016s][info ][safepoint   ] Safepoint "Cleanup", Time since last: 5000723259 ns, Reaching safepoint: 110071 ns, Cleanup: 12424 ns, At safepoint: 4328 ns, Total: 126823 ns
[2025-12-05T08:52:12.687+0000][581.017s][debug][safepoint   ] Safepoint synchronization initiated using futex wait barrier. (247 threads)
[2025-12-05T08:52:12.687+0000][581.017s][info ][safepoint   ] Safepoint "Cleanup", Time since last: 5000948928 ns, Reaching safepoint: 88550 ns, Cleanup: 10520 ns, At safepoint: 3517 ns, Total: 102587 ns
[2025-12-05T08:52:23.689+0000][592.018s][debug][safepoint   ] Safepoint synchronization initiated using futex wait barrier. (247 threads)
[2025-12-05T08:52:23.689+0000][592.019s][info ][safepoint   ] Safepoint "Cleanup", Time since last: 11001546871 ns, Reaching safepoint: 427940 ns, Cleanup: 28485 ns, At safepoint: 9147 ns, Total: 465572 ns
[2025-12-05T08:52:32.025+0000][600.356s][debug][safepoint   ] Safepoint synchronization initiated using futex wait barrier. (247 threads)
[2025-12-05T08:52:32.025+0000][600.356s][info ][safepoint   ] Safepoint "Cleanup", Time since last: 8337572510 ns, Reaching safepoint: 74232 ns, Cleanup: 15069 ns, At safepoint: 2715 ns, Total: 92016 ns
[2025-12-05T08:52:33.025+0000][601.357s][debug][safepoint   ] Safepoint synchronization initiated using futex wait barrier. (247 threads)
[2025-12-05T08:52:33.026+0000][601.357s][info ][safepoint   ] Safepoint "Cleanup", Time since last: 1000199291 ns, Reaching safepoint: 226914 ns, Cleanup: 26761 ns, At safepoint: 6853 ns, Total: 260528 ns
[2025-12-05T08:53:24.034+0000][652.367s][debug][safepoint   ] Safepoint synchronization initiated using futex wait barrier. (245 threads)
[2025-12-05T08:53:24.034+0000][652.367s][info ][safepoint   ] Safepoint "Cleanup", Time since last: 51010143550 ns, Reaching safepoint: 252925 ns, Cleanup: 31370 ns, At safepoint: 4919 ns, Total: 289214 ns
[2025-12-05T08:53:32.034+0000][660.369s][debug][safepoint   ] Safepoint synchronization initiated using futex wait barrier. (245 threads)
[2025-12-05T08:53:32.034+0000][660.369s][info ][safepoint   ] Safepoint "Cleanup", Time since last: 8001230129 ns, Reaching safepoint: 175306 ns, Cleanup: 19267 ns, At safepoint: 5601 ns, Total: 200174 ns
[2025-12-05T08:53:43.060+0000][671.395s][debug][safepoint   ] Safepoint synchronization initiated using futex wait barrier. (245 threads)
[2025-12-05T08:53:43.060+0000][671.395s][info ][safepoint   ] Safepoint "Cleanup", Time since last: 11025942081 ns, Reaching safepoint: 223187 ns, Cleanup: 24477 ns, At safepoint: 5230 ns, Total: 252894 ns
[2025-12-05T08:53:53.062+0000][681.396s][debug][safepoint   ] Safepoint synchronization initiated using futex wait barrier. (245 threads)
[2025-12-05T08:53:53.062+0000][681.397s][info ][safepoint   ] Safepoint "Cleanup", Time since last: 10001477928 ns, Reaching safepoint: 114820 ns, Cleanup: 13215 ns, At safepoint: 4128 ns, Total: 132163 ns
[2025-12-05T08:55:13.094+0000][761.433s][debug][safepoint   ] Safepoint synchronization initiated using futex wait barrier. (246 threads)
[2025-12-05T08:55:13.094+0000][761.434s][info ][safepoint   ] Safepoint "Cleanup", Time since last: 80036805640 ns, Reaching safepoint: 222667 ns, Cleanup: 33003 ns, At safepoint: 6042 ns, Total: 261712 ns
[2025-12-05T08:55:26.096+0000][774.436s][debug][safepoint   ] Safepoint synchronization initiated using futex wait barrier. (244 threads)
[2025-12-05T08:55:26.096+0000][774.436s][info ][safepoint   ] Safepoint "Cleanup", Time since last: 13002077525 ns, Reaching safepoint: 141581 ns, Cleanup: 22443 ns, At safepoint: 4248 ns, Total: 168272 ns
[2025-12-05T08:55:32.095+0000][780.437s][debug][safepoint   ] Safepoint synchronization initiated using futex wait barrier. (244 threads)
[2025-12-05T08:55:32.095+0000][780.437s][info ][safepoint   ] Safepoint "Cleanup", Time since last: 6000889082 ns, Reaching safepoint: 110922 ns, Cleanup: 12494 ns, At safepoint: 4329 ns, Total: 127745 ns
[2025-12-05T08:55:33.127+0000][781.469s][debug][safepoint   ] Safepoint synchronization initiated using futex wait barrier. (244 threads)
[2025-12-05T08:55:33.127+0000][781.469s][info ][safepoint   ] Safepoint "Cleanup", Time since last: 1031746868 ns, Reaching safepoint: 121593 ns, Cleanup: 12964 ns, At safepoint: 4239 ns, Total: 138796 ns
[2025-12-05T08:55:43.129+0000][791.471s][debug][safepoint   ] Safepoint synchronization initiated using futex wait barrier. (244 threads)
[2025-12-05T08:55:43.129+0000][791.471s][info ][safepoint   ] Safepoint "Cleanup", Time since last: 10001783767 ns, Reaching safepoint: 185676 ns, Cleanup: 21200 ns, At safepoint: 29857 ns, Total: 236733 ns
[2025-12-05T08:55:53.131+0000][801.473s][debug][safepoint   ] Safepoint synchronization initiated using futex wait barrier. (244 threads)
[2025-12-05T08:55:53.132+0000][801.473s][info ][safepoint   ] Safepoint "Cleanup", Time since last: 10001902838 ns, Reaching safepoint: 190094 ns, Cleanup: 20550 ns, At safepoint: 26911 ns, Total: 237555 ns
[2025-12-05T08:56:12.231+0000][820.574s][debug][safepoint   ] Safepoint synchronization initiated using futex wait barrier. (244 threads)
[2025-12-05T08:56:12.232+0000][820.575s][info ][gc,start    ] GC(83) Pause Young (Concurrent Start) (G1 Evacuation Pause)
[2025-12-05T08:56:12.232+0000][820.575s][info ][gc,task     ] GC(83) Using 13 workers of 13 for evacuation
[2025-12-05T08:56:12.249+0000][820.592s][info ][gc,phases   ] GC(83)   Pre Evacuate Collection Set: 1.4ms
[2025-12-05T08:56:12.249+0000][820.592s][info ][gc,phases   ] GC(83)   Merge Heap Roots: 0.9ms
[2025-12-05T08:56:12.249+0000][820.592s][info ][gc,phases   ] GC(83)   Evacuate Collection Set: 7.3ms
[2025-12-05T08:56:12.249+0000][820.592s][info ][gc,phases   ] GC(83)   Post Evacuate Collection Set: 6.1ms
[2025-12-05T08:56:12.249+0000][820.592s][info ][gc,phases   ] GC(83)   Other: 1.8ms
[2025-12-05T08:56:12.249+0000][820.592s][info ][gc,heap     ] GC(83) Eden regions: 371->0(381)
[2025-12-05T08:56:12.249+0000][820.592s][info ][gc,heap     ] GC(83) Survivor regions: 1->3(47)
[2025-12-05T08:56:12.249+0000][820.592s][info ][gc,heap     ] GC(83) Old regions: 171->171
[2025-12-05T08:56:12.249+0000][820.592s][info ][gc,heap     ] GC(83) Archive regions: 2->2
[2025-12-05T08:56:12.249+0000][820.592s][info ][gc,heap     ] GC(83) Humongous regions: 0->0
[2025-12-05T08:56:12.249+0000][820.592s][info ][gc,metaspace] GC(83) Metaspace: 193364K(194752K)->193364K(194752K) NonClass: 169641K(170368K)->169641K(170368K) Class: 23722K(24384K)->23722K(24384K)
[2025-12-05T08:56:12.249+0000][820.592s][info ][gc          ] GC(83) Pause Young (Concurrent Start) (G1 Evacuation Pause) 542M->173M(684M) 17.405ms
[2025-12-05T08:56:12.249+0000][820.592s][info ][gc,cpu      ] GC(83) User=0.11s Sys=0.00s Real=0.02s
[2025-12-05T08:56:12.249+0000][820.592s][info ][gc          ] GC(84) Concurrent Mark Cycle
[2025-12-05T08:56:12.249+0000][820.592s][info ][gc,marking  ] GC(84) Concurrent Clear Claimed Marks
[2025-12-05T08:56:12.250+0000][820.593s][info ][gc,marking  ] GC(84) Concurrent Clear Claimed Marks 0.434ms
[2025-12-05T08:56:12.250+0000][820.593s][info ][gc,marking  ] GC(84) Concurrent Scan Root Regions
[2025-12-05T08:56:12.250+0000][820.593s][info ][safepoint   ] Safepoint "G1CollectForAllocation", Time since last: 19101101267 ns, Reaching safepoint: 144236 ns, Cleanup: 6172 ns, At safepoint: 19119907 ns, Total: 19270315 ns
[2025-12-05T08:56:12.261+0000][820.604s][info ][gc,marking  ] GC(84) Concurrent Scan Root Regions 10.764ms
[2025-12-05T08:56:12.261+0000][820.604s][info ][gc,marking  ] GC(84) Concurrent Mark
[2025-12-05T08:56:12.261+0000][820.604s][info ][gc,marking  ] GC(84) Concurrent Mark From Roots
[2025-12-05T08:56:12.261+0000][820.604s][info ][gc,task     ] GC(84) Using 3 workers of 3 for marking
[2025-12-05T08:56:12.346+0000][820.689s][info ][gc,marking  ] GC(84) Concurrent Mark From Roots 85.460ms
[2025-12-05T08:56:12.346+0000][820.689s][info ][gc,marking  ] GC(84) Concurrent Preclean
[2025-12-05T08:56:12.347+0000][820.690s][info ][gc,marking  ] GC(84) Concurrent Preclean 0.307ms
[2025-12-05T08:56:12.347+0000][820.690s][debug][safepoint   ] Safepoint synchronization initiated using futex wait barrier. (244 threads)
[2025-12-05T08:56:12.347+0000][820.690s][info ][gc,start    ] GC(84) Pause Remark
[2025-12-05T08:56:12.361+0000][820.704s][info ][gc          ] GC(84) Pause Remark 179M->179M(610M) 14.533ms
[2025-12-05T08:56:12.362+0000][820.705s][info ][gc,cpu      ] GC(84) User=0.14s Sys=0.01s Real=0.01s
[2025-12-05T08:56:12.363+0000][820.706s][info ][safepoint   ] Safepoint "G1PauseRemark", Time since last: 96339257 ns, Reaching safepoint: 64554 ns, Cleanup: 25228 ns, At safepoint: 15784348 ns, Total: 15874130 ns
[2025-12-05T08:56:12.363+0000][820.706s][info ][gc,marking  ] GC(84) Concurrent Mark 101.914ms
[2025-12-05T08:56:12.363+0000][820.706s][info ][gc,marking  ] GC(84) Concurrent Rebuild Remembered Sets
[2025-12-05T08:56:12.414+0000][820.757s][info ][gc,marking  ] GC(84) Concurrent Rebuild Remembered Sets 51.321ms
[2025-12-05T08:56:12.414+0000][820.757s][debug][safepoint   ] Safepoint synchronization initiated using futex wait barrier. (244 threads)
[2025-12-05T08:56:12.414+0000][820.757s][info ][gc,start    ] GC(84) Pause Cleanup
[2025-12-05T08:56:12.415+0000][820.758s][info ][gc          ] GC(84) Pause Cleanup 179M->179M(610M) 0.475ms
[2025-12-05T08:56:12.415+0000][820.758s][info ][gc,cpu      ] GC(84) User=0.00s Sys=0.00s Real=0.00s
[2025-12-05T08:56:12.415+0000][820.758s][info ][safepoint   ] Safepoint "G1PauseCleanup", Time since last: 51555814 ns, Reaching safepoint: 38915 ns, Cleanup: 3446 ns, At safepoint: 628925 ns, Total: 671286 ns
[2025-12-05T08:56:12.415+0000][820.758s][info ][gc,marking  ] GC(84) Concurrent Cleanup for Next Mark
[2025-12-05T08:56:12.427+0000][820.770s][info ][gc,marking  ] GC(84) Concurrent Cleanup for Next Mark 12.174ms
[2025-12-05T08:56:12.427+0000][820.770s][info ][gc          ] GC(84) Concurrent Mark Cycle 177.742ms
[2025-12-05T08:57:32.191+0000][900.539s][debug][safepoint   ] Safepoint synchronization initiated using futex wait barrier. (244 threads)
[2025-12-05T08:57:32.191+0000][900.539s][info ][safepoint   ] Safepoint "Cleanup", Time since last: 79781424055 ns, Reaching safepoint: 113117 ns, Cleanup: 12624 ns, At safepoint: 4038 ns, Total: 129779 ns
[2025-12-05T08:58:29.199+0000][957.549s][debug][safepoint   ] Safepoint synchronization initiated using futex wait barrier. (245 threads)
[2025-12-05T08:58:29.199+0000][957.549s][info ][safepoint   ] Safepoint "Cleanup", Time since last: 57009252298 ns, Reaching safepoint: 164315 ns, Cleanup: 12524 ns, At safepoint: 4719 ns, Total: 181558 ns
[2025-12-05T08:58:32.197+0000][960.549s][debug][safepoint   ] Safepoint synchronization initiated using futex wait barrier. (245 threads)
[2025-12-05T08:58:32.198+0000][960.549s][info ][safepoint   ] Safepoint "Cleanup", Time since last: 3000407731 ns, Reaching safepoint: 126501 ns, Cleanup: 24277 ns, At safepoint: 4809 ns, Total: 155587 ns
[2025-12-05T08:59:11.226+0000][999.579s][debug][safepoint   ] Safepoint synchronization initiated using futex wait barrier. (245 threads)
[2025-12-05T08:59:11.226+0000][999.579s][info ][safepoint   ] Safepoint "Cleanup", Time since last: 39029733775 ns, Reaching safepoint: 125299 ns, Cleanup: 17474 ns, At safepoint: 4098 ns, Total: 146871 ns
[2025-12-05T08:59:30.227+0000][1018.582s][debug][safepoint   ] Safepoint synchronization initiated using futex wait barrier. (244 threads)
[2025-12-05T08:59:30.227+0000][1018.582s][info ][safepoint   ] Safepoint "Cleanup", Time since last: 19002897027 ns, Reaching safepoint: 238908 ns, Cleanup: 19928 ns, At safepoint: 5751 ns, Total: 264587 ns
[2025-12-05T09:00:31.264+0000][1079.622s][debug][safepoint   ] Safepoint synchronization initiated using futex wait barrier. (247 threads)
[2025-12-05T09:00:31.264+0000][1079.623s][info ][safepoint   ] Safepoint "Cleanup", Time since last: 61039923008 ns, Reaching safepoint: 196327 ns, Cleanup: 70835 ns, At safepoint: 6743 ns, Total: 273905 ns
[2025-12-05T09:00:32.264+0000][1080.623s][debug][safepoint   ] Safepoint synchronization initiated using futex wait barrier. (247 threads)
[2025-12-05T09:00:32.264+0000][1080.623s][info ][safepoint   ] Safepoint "Cleanup", Time since last: 1000134533 ns, Reaching safepoint: 104470 ns, Cleanup: 26311 ns, At safepoint: 3647 ns, Total: 134428 ns
[2025-12-05T09:00:33.297+0000][1081.655s][debug][safepoint   ] Safepoint synchronization initiated using futex wait barrier. (247 threads)
[2025-12-05T09:00:33.297+0000][1081.655s][info ][safepoint   ] Safepoint "Cleanup", Time since last: 1032135349 ns, Reaching safepoint: 120831 ns, Cleanup: 13075 ns, At safepoint: 4098 ns, Total: 138004 ns
[2025-12-05T09:01:32.302+0000][1140.664s][debug][safepoint   ] Safepoint synchronization initiated using futex wait barrier. (245 threads)
[2025-12-05T09:01:32.302+0000][1140.664s][info ][safepoint   ] Safepoint "Cleanup", Time since last: 59008533043 ns, Reaching safepoint: 116533 ns, Cleanup: 16392 ns, At safepoint: 4147 ns, Total: 137072 ns
[2025-12-05T09:01:32.619+0000][1140.981s][debug][safepoint   ] Safepoint synchronization initiated using futex wait barrier. (245 threads)
[2025-12-05T09:01:32.619+0000][1140.981s][info ][gc,start    ] GC(85) Pause Young (Prepare Mixed) (G1 Evacuation Pause)
[2025-12-05T09:01:32.619+0000][1140.981s][info ][gc,task     ] GC(85) Using 13 workers of 13 for evacuation
[2025-12-05T09:01:32.632+0000][1140.993s][info ][gc,phases   ] GC(85)   Pre Evacuate Collection Set: 0.7ms
[2025-12-05T09:01:32.632+0000][1140.994s][info ][gc,phases   ] GC(85)   Merge Heap Roots: 0.7ms
[2025-12-05T09:01:32.632+0000][1140.994s][info ][gc,phases   ] GC(85)   Evacuate Collection Set: 7.5ms
[2025-12-05T09:01:32.632+0000][1140.994s][info ][gc,phases   ] GC(85)   Post Evacuate Collection Set: 3.4ms
[2025-12-05T09:01:32.632+0000][1140.994s][info ][gc,phases   ] GC(85)   Other: 0.4ms
[2025-12-05T09:01:32.632+0000][1140.994s][info ][gc,heap     ] GC(85) Eden regions: 381->0(27)
[2025-12-05T09:01:32.632+0000][1140.994s][info ][gc,heap     ] GC(85) Survivor regions: 3->3(48)
[2025-12-05T09:01:32.632+0000][1140.994s][info ][gc,heap     ] GC(85) Old regions: 171->171
[2025-12-05T09:01:32.632+0000][1140.994s][info ][gc,heap     ] GC(85) Archive regions: 2->2
[2025-12-05T09:01:32.632+0000][1140.994s][info ][gc,heap     ] GC(85) Humongous regions: 0->0
[2025-12-05T09:01:32.632+0000][1140.994s][info ][gc,metaspace] GC(85) Metaspace: 193493K(194944K)->193493K(194944K) NonClass: 169765K(170560K)->169765K(170560K) Class: 23727K(24384K)->23727K(24384K)
[2025-12-05T09:01:32.632+0000][1140.994s][info ][gc          ] GC(85) Pause Young (Prepare Mixed) (G1 Evacuation Pause) 554M->173M(610M) 12.821ms
[2025-12-05T09:01:32.632+0000][1140.994s][info ][gc,cpu      ] GC(85) User=0.09s Sys=0.01s Real=0.01s
[2025-12-05T09:01:32.632+0000][1140.994s][info ][safepoint   ] Safepoint "G1CollectForAllocation", Time since last: 316726897 ns, Reaching safepoint: 191457 ns, Cleanup: 7704 ns, At safepoint: 13449587 ns, Total: 13648748 ns
[2025-12-05T09:01:54.096+0000][1162.458s][debug][safepoint   ] Safepoint synchronization initiated using futex wait barrier. (245 threads)
[2025-12-05T09:01:54.098+0000][1162.460s][info ][gc,start    ] GC(86) Pause Young (Mixed) (G1 Evacuation Pause)
[2025-12-05T09:01:54.098+0000][1162.460s][info ][gc,task     ] GC(86) Using 13 workers of 13 for evacuation
[2025-12-05T09:01:54.130+0000][1162.491s][info ][gc,phases   ] GC(86)   Pre Evacuate Collection Set: 1.2ms
[2025-12-05T09:01:54.130+0000][1162.491s][info ][gc,phases   ] GC(86)   Merge Heap Roots: 1.2ms
[2025-12-05T09:01:54.130+0000][1162.491s][info ][gc,phases   ] GC(86)   Evacuate Collection Set: 23.2ms
[2025-12-05T09:01:54.130+0000][1162.492s][info ][gc,phases   ] GC(86)   Post Evacuate Collection Set: 5.1ms
[2025-12-05T09:01:54.130+0000][1162.492s][info ][gc,phases   ] GC(86)   Other: 0.5ms
[2025-12-05T09:01:54.130+0000][1162.492s][info ][gc,heap     ] GC(86) Eden regions: 27->0(338)
[2025-12-05T09:01:54.130+0000][1162.492s][info ][gc,heap     ] GC(86) Survivor regions: 3->3(4)
[2025-12-05T09:01:54.130+0000][1162.492s][info ][gc,heap     ] GC(86) Old regions: 171->164
[2025-12-05T09:01:54.130+0000][1162.492s][info ][gc,heap     ] GC(86) Archive regions: 2->2
[2025-12-05T09:01:54.130+0000][1162.492s][info ][gc,heap     ] GC(86) Humongous regions: 0->0
[2025-12-05T09:01:54.130+0000][1162.492s][info ][gc,metaspace] GC(86) Metaspace: 193493K(194944K)->193493K(194944K) NonClass: 169765K(170560K)->169765K(170560K) Class: 23727K(24384K)->23727K(24384K)
[2025-12-05T09:01:54.130+0000][1162.492s][info ][gc          ] GC(86) Pause Young (Mixed) (G1 Evacuation Pause) 200M->166M(610M) 31.426ms
[2025-12-05T09:01:54.130+0000][1162.492s][info ][gc,cpu      ] GC(86) User=0.27s Sys=0.02s Real=0.03s
[2025-12-05T09:01:54.132+0000][1162.493s][info ][safepoint   ] Safepoint "G1CollectForAllocation", Time since last: 21463574001 ns, Reaching safepoint: 2329622 ns, Cleanup: 5911 ns, At safepoint: 33331205 ns, Total: 35666738 ns
[2025-12-05T09:02:32.134+0000][1200.499s][debug][safepoint   ] Safepoint synchronization initiated using futex wait barrier. (244 threads)
[2025-12-05T09:02:32.134+0000][1200.499s][info ][safepoint   ] Safepoint "Cleanup", Time since last: 38005652292 ns, Reaching safepoint: 179765 ns, Cleanup: 17944 ns, At safepoint: 6973 ns, Total: 204682 ns
[2025-12-05T09:05:32.433+0000][1380.808s][debug][safepoint   ] Safepoint synchronization initiated using futex wait barrier. (245 threads)
[2025-12-05T09:05:32.433+0000][1380.808s][info ][safepoint   ] Safepoint "Cleanup", Time since last: 180308861330 ns, Reaching safepoint: 136020 ns, Cleanup: 12424 ns, At safepoint: 4819 ns, Total: 153263 ns
[2025-12-05T09:05:37.461+0000][1385.836s][debug][safepoint   ] Safepoint synchronization initiated using futex wait barrier. (245 threads)
[2025-12-05T09:05:37.461+0000][1385.837s][info ][safepoint   ] Safepoint "Cleanup", Time since last: 5028012329 ns, Reaching safepoint: 207848 ns, Cleanup: 29276 ns, At safepoint: 6783 ns, Total: 243907 ns
[2025-12-05T09:05:52.464+0000][1400.839s][debug][safepoint   ] Safepoint synchronization initiated using futex wait barrier. (245 threads)
[2025-12-05T09:05:52.464+0000][1400.839s][info ][safepoint   ] Safepoint "Cleanup", Time since last: 15002142149 ns, Reaching safepoint: 170947 ns, Cleanup: 26070 ns, At safepoint: 4679 ns, Total: 201696 ns
[2025-12-05T09:06:12.465+0000][1420.842s][debug][safepoint   ] Safepoint synchronization initiated using futex wait barrier. (245 threads)
[2025-12-05T09:06:12.465+0000][1420.842s][info ][safepoint   ] Safepoint "Cleanup", Time since last: 20003246974 ns, Reaching safepoint: 123457 ns, Cleanup: 11642 ns, At safepoint: 3567 ns, Total: 138666 ns
[2025-12-05T09:06:32.467+0000][1440.845s][debug][safepoint   ] Safepoint synchronization initiated using futex wait barrier. (245 threads)
[2025-12-05T09:06:32.467+0000][1440.846s][info ][safepoint   ] Safepoint "Cleanup", Time since last: 20003210866 ns, Reaching safepoint: 153454 ns, Cleanup: 17914 ns, At safepoint: 5641 ns, Total: 177009 ns
[2025-12-05T09:06:37.491+0000][1445.870s][debug][safepoint   ] Safepoint synchronization initiated using futex wait barrier. (246 threads)
[2025-12-05T09:06:37.491+0000][1445.870s][info ][safepoint   ] Safepoint "Cleanup", Time since last: 5024124876 ns, Reaching safepoint: 317297 ns, Cleanup: 54415 ns, At safepoint: 7083 ns, Total: 378795 ns
[2025-12-05T09:06:38.027+0000][1446.406s][debug][safepoint   ] Safepoint synchronization initiated using futex wait barrier. (246 threads)
[2025-12-05T09:06:38.028+0000][1446.406s][info ][gc,start    ] GC(87) Pause Young (Concurrent Start) (G1 Evacuation Pause)
[2025-12-05T09:06:38.028+0000][1446.406s][info ][gc,task     ] GC(87) Using 13 workers of 13 for evacuation
[2025-12-05T09:06:38.038+0000][1446.416s][info ][gc,phases   ] GC(87)   Pre Evacuate Collection Set: 1.2ms
[2025-12-05T09:06:38.038+0000][1446.417s][info ][gc,phases   ] GC(87)   Merge Heap Roots: 0.5ms
[2025-12-05T09:06:38.038+0000][1446.417s][info ][gc,phases   ] GC(87)   Evacuate Collection Set: 4.7ms
[2025-12-05T09:06:38.038+0000][1446.417s][info ][gc,phases   ] GC(87)   Post Evacuate Collection Set: 3.1ms
[2025-12-05T09:06:38.038+0000][1446.417s][info ][gc,phases   ] GC(87)   Other: 0.6ms
[2025-12-05T09:06:38.038+0000][1446.417s][info ][gc,heap     ] GC(87) Eden regions: 338->0(346)
[2025-12-05T09:06:38.038+0000][1446.417s][info ][gc,heap     ] GC(87) Survivor regions: 3->3(43)
[2025-12-05T09:06:38.038+0000][1446.417s][info ][gc,heap     ] GC(87) Old regions: 164->164
[2025-12-05T09:06:38.038+0000][1446.417s][info ][gc,heap     ] GC(87) Archive regions: 2->2
[2025-12-05T09:06:38.038+0000][1446.417s][info ][gc,heap     ] GC(87) Humongous regions: 0->0
[2025-12-05T09:06:38.038+0000][1446.417s][info ][gc,metaspace] GC(87) Metaspace: 193554K(194944K)->193554K(194944K) NonClass: 169826K(170560K)->169826K(170560K) Class: 23727K(24384K)->23727K(24384K)
[2025-12-05T09:06:38.038+0000][1446.417s][info ][gc          ] GC(87) Pause Young (Concurrent Start) (G1 Evacuation Pause) 504M->166M(610M) 10.280ms
[2025-12-05T09:06:38.038+0000][1446.417s][info ][gc,cpu      ] GC(87) User=0.06s Sys=0.00s Real=0.00s
[2025-12-05T09:06:38.038+0000][1446.417s][info ][gc          ] GC(88) Concurrent Mark Cycle
[2025-12-05T09:06:38.038+0000][1446.417s][info ][gc,marking  ] GC(88) Concurrent Clear Claimed Marks
[2025-12-05T09:06:38.038+0000][1446.417s][info ][safepoint   ] Safepoint "G1CollectForAllocation", Time since last: 535993897 ns, Reaching safepoint: 94902 ns, Cleanup: 5410 ns, At safepoint: 10818310 ns, Total: 10918622 ns
[2025-12-05T09:06:38.038+0000][1446.417s][info ][gc,marking  ] GC(88) Concurrent Clear Claimed Marks 0.321ms
[2025-12-05T09:06:38.039+0000][1446.417s][info ][gc,marking  ] GC(88) Concurrent Scan Root Regions
[2025-12-05T09:06:38.044+0000][1446.423s][info ][gc,marking  ] GC(88) Concurrent Scan Root Regions 5.874ms
[2025-12-05T09:06:38.044+0000][1446.423s][info ][gc,marking  ] GC(88) Concurrent Mark
[2025-12-05T09:06:38.045+0000][1446.423s][info ][gc,marking  ] GC(88) Concurrent Mark From Roots
[2025-12-05T09:06:38.045+0000][1446.423s][info ][gc,task     ] GC(88) Using 3 workers of 3 for marking
[2025-12-05T09:06:38.135+0000][1446.514s][info ][gc,marking  ] GC(88) Concurrent Mark From Roots 90.871ms
[2025-12-05T09:06:38.136+0000][1446.514s][info ][gc,marking  ] GC(88) Concurrent Preclean
[2025-12-05T09:06:38.136+0000][1446.515s][info ][gc,marking  ] GC(88) Concurrent Preclean 0.705ms
[2025-12-05T09:06:38.136+0000][1446.515s][debug][safepoint   ] Safepoint synchronization initiated using futex wait barrier. (246 threads)
[2025-12-05T09:06:38.137+0000][1446.516s][info ][gc,start    ] GC(88) Pause Remark
[2025-12-05T09:06:38.149+0000][1446.528s][info ][gc          ] GC(88) Pause Remark 173M->173M(587M) 12.694ms
[2025-12-05T09:06:38.150+0000][1446.528s][info ][gc,cpu      ] GC(88) User=0.12s Sys=0.00s Real=0.02s
[2025-12-05T09:06:38.151+0000][1446.530s][info ][safepoint   ] Safepoint "G1PauseRemark", Time since last: 98142793 ns, Reaching safepoint: 140208 ns, Cleanup: 7555 ns, At safepoint: 14166048 ns, Total: 14313811 ns
[2025-12-05T09:06:38.151+0000][1446.530s][info ][gc,marking  ] GC(88) Concurrent Mark 106.293ms
[2025-12-05T09:06:38.151+0000][1446.530s][info ][gc,marking  ] GC(88) Concurrent Rebuild Remembered Sets
[2025-12-05T09:06:38.200+0000][1446.579s][info ][gc,marking  ] GC(88) Concurrent Rebuild Remembered Sets 49.212ms
[2025-12-05T09:06:38.200+0000][1446.579s][debug][safepoint   ] Safepoint synchronization initiated using futex wait barrier. (246 threads)
[2025-12-05T09:06:38.201+0000][1446.579s][info ][gc,start    ] GC(88) Pause Cleanup
[2025-12-05T09:06:38.201+0000][1446.580s][info ][gc          ] GC(88) Pause Cleanup 173M->173M(587M) 0.542ms
[2025-12-05T09:06:38.201+0000][1446.580s][info ][gc,cpu      ] GC(88) User=0.01s Sys=0.00s Real=0.00s
[2025-12-05T09:06:38.202+0000][1446.581s][info ][safepoint   ] Safepoint "G1PauseCleanup", Time since last: 49627676 ns, Reaching safepoint: 88850 ns, Cleanup: 41820 ns, At safepoint: 1490916 ns, Total: 1621586 ns
[2025-12-05T09:06:38.202+0000][1446.581s][info ][gc,marking  ] GC(88) Concurrent Cleanup for Next Mark
[2025-12-05T09:06:38.216+0000][1446.594s][info ][gc,marking  ] GC(88) Concurrent Cleanup for Next Mark 13.568ms
[2025-12-05T09:06:38.216+0000][1446.595s][info ][gc          ] GC(88) Concurrent Mark Cycle 177.605ms
[2025-12-05T09:07:19.206+0000][1487.587s][debug][safepoint   ] Safepoint synchronization initiated using futex wait barrier. (246 threads)
[2025-12-05T09:07:19.207+0000][1487.587s][info ][safepoint   ] Safepoint "Cleanup", Time since last: 41006209112 ns, Reaching safepoint: 339721 ns, Cleanup: 25609 ns, At safepoint: 59234 ns, Total: 424564 ns
[2025-12-05T09:07:26.208+0000][1494.589s][debug][safepoint   ] Safepoint synchronization initiated using futex wait barrier. (246 threads)
[2025-12-05T09:07:26.208+0000][1494.589s][info ][safepoint   ] Safepoint "Cleanup", Time since last: 7001182858 ns, Reaching safepoint: 108889 ns, Cleanup: 15730 ns, At safepoint: 4549 ns, Total: 129168 ns
[2025-12-05T09:09:32.562+0000][1620.952s][debug][safepoint   ] Safepoint synchronization initiated using futex wait barrier. (245 threads)
[2025-12-05T09:09:32.562+0000][1620.952s][info ][safepoint   ] Safepoint "Cleanup", Time since last: 126363080829 ns, Reaching safepoint: 183721 ns, Cleanup: 18195 ns, At safepoint: 6543 ns, Total: 208459 ns
[2025-12-05T09:09:40.588+0000][1628.978s][debug][safepoint   ] Safepoint synchronization initiated using futex wait barrier. (245 threads)
[2025-12-05T09:09:40.588+0000][1628.978s][info ][safepoint   ] Safepoint "Cleanup", Time since last: 8026082865 ns, Reaching safepoint: 170076 ns, Cleanup: 33324 ns, At safepoint: 5481 ns, Total: 208881 ns
[2025-12-05T09:10:15.592+0000][1663.983s][debug][safepoint   ] Safepoint synchronization initiated using futex wait barrier. (248 threads)
[2025-12-05T09:10:15.593+0000][1663.983s][info ][safepoint   ] Safepoint "Cleanup", Time since last: 35004787890 ns, Reaching safepoint: 164878 ns, Cleanup: 49806 ns, At safepoint: 7555 ns, Total: 222239 ns
[2025-12-05T09:10:18.908+0000][1667.299s][debug][safepoint   ] Safepoint synchronization initiated using futex wait barrier. (245 threads)
[2025-12-05T09:10:18.909+0000][1667.299s][info ][safepoint   ] Safepoint "Cleanup", Time since last: 3315317735 ns, Reaching safepoint: 778382 ns, Cleanup: 29627 ns, At safepoint: 35047 ns, Total: 843056 ns
[2025-12-05T09:10:19.234+0000][1667.624s][debug][safepoint   ] Safepoint synchronization initiated using futex wait barrier. (249 threads)
[2025-12-05T09:10:19.234+0000][1667.625s][info ][gc,start    ] GC(89) Pause Young (Prepare Mixed) (G1 Evacuation Pause)
[2025-12-05T09:10:19.234+0000][1667.625s][info ][gc,task     ] GC(89) Using 13 workers of 13 for evacuation
[2025-12-05T09:10:19.243+0000][1667.634s][info ][gc,phases   ] GC(89)   Pre Evacuate Collection Set: 0.6ms
[2025-12-05T09:10:19.243+0000][1667.634s][info ][gc,phases   ] GC(89)   Merge Heap Roots: 0.4ms
[2025-12-05T09:10:19.243+0000][1667.634s][info ][gc,phases   ] GC(89)   Evacuate Collection Set: 4.9ms
[2025-12-05T09:10:19.243+0000][1667.634s][info ][gc,phases   ] GC(89)   Post Evacuate Collection Set: 2.7ms
[2025-12-05T09:10:19.243+0000][1667.634s][info ][gc,phases   ] GC(89)   Other: 0.4ms
[2025-12-05T09:10:19.243+0000][1667.634s][info ][gc,heap     ] GC(89) Eden regions: 346->0(24)
[2025-12-05T09:10:19.243+0000][1667.634s][info ][gc,heap     ] GC(89) Survivor regions: 3->5(44)
[2025-12-05T09:10:19.243+0000][1667.634s][info ][gc,heap     ] GC(89) Old regions: 164->164
[2025-12-05T09:10:19.243+0000][1667.634s][info ][gc,heap     ] GC(89) Archive regions: 2->2
[2025-12-05T09:10:19.243+0000][1667.634s][info ][gc,heap     ] GC(89) Humongous regions: 0->0
[2025-12-05T09:10:19.243+0000][1667.634s][info ][gc,metaspace] GC(89) Metaspace: 193894K(195328K)->193894K(195328K) NonClass: 170130K(170880K)->170130K(170880K) Class: 23763K(24448K)->23763K(24448K)
[2025-12-05T09:10:19.243+0000][1667.634s][info ][gc          ] GC(89) Pause Young (Prepare Mixed) (G1 Evacuation Pause) 512M->169M(587M) 9.212ms
[2025-12-05T09:10:19.244+0000][1667.634s][info ][gc,cpu      ] GC(89) User=0.07s Sys=0.01s Real=0.01s
[2025-12-05T09:10:19.244+0000][1667.635s][info ][safepoint   ] Safepoint "G1CollectForAllocation", Time since last: 324975502 ns, Reaching safepoint: 229670 ns, Cleanup: 109770 ns, At safepoint: 9817937 ns, Total: 10157377 ns
[2025-12-05T09:10:19.602+0000][1667.992s][debug][safepoint   ] Safepoint synchronization initiated using futex wait barrier. (252 threads)
[2025-12-05T09:10:19.603+0000][1667.994s][info ][gc,start    ] GC(90) Pause Young (Mixed) (G1 Evacuation Pause)
[2025-12-05T09:10:19.603+0000][1667.994s][info ][gc,task     ] GC(90) Using 13 workers of 13 for evacuation
[2025-12-05T09:10:19.617+0000][1668.008s][info ][gc,phases   ] GC(90)   Pre Evacuate Collection Set: 0.5ms
[2025-12-05T09:10:19.617+0000][1668.008s][info ][gc,phases   ] GC(90)   Merge Heap Roots: 1.0ms
[2025-12-05T09:10:19.617+0000][1668.008s][info ][gc,phases   ] GC(90)   Evacuate Collection Set: 10.8ms
[2025-12-05T09:10:19.617+0000][1668.008s][info ][gc,phases   ] GC(90)   Post Evacuate Collection Set: 2.0ms
[2025-12-05T09:10:19.617+0000][1668.008s][info ][gc,phases   ] GC(90)   Other: 0.4ms
[2025-12-05T09:10:19.617+0000][1668.008s][info ][gc,heap     ] GC(90) Eden regions: 24->0(332)
[2025-12-05T09:10:19.617+0000][1668.008s][info ][gc,heap     ] GC(90) Survivor regions: 5->2(4)
[2025-12-05T09:10:19.617+0000][1668.008s][info ][gc,heap     ] GC(90) Old regions: 164->164
[2025-12-05T09:10:19.617+0000][1668.008s][info ][gc,heap     ] GC(90) Archive regions: 2->2
[2025-12-05T09:10:19.617+0000][1668.008s][info ][gc,heap     ] GC(90) Humongous regions: 0->0
[2025-12-05T09:10:19.617+0000][1668.008s][info ][gc,metaspace] GC(90) Metaspace: 194374K(195776K)->194374K(195776K) NonClass: 170569K(171328K)->170569K(171328K) Class: 23805K(24448K)->23805K(24448K)
[2025-12-05T09:10:19.617+0000][1668.008s][info ][gc          ] GC(90) Pause Young (Mixed) (G1 Evacuation Pause) 193M->165M(587M) 14.766ms
[2025-12-05T09:10:19.618+0000][1668.008s][info ][gc,cpu      ] GC(90) User=0.16s Sys=0.01s Real=0.02s
[2025-12-05T09:10:19.618+0000][1668.009s][info ][safepoint   ] Safepoint "G1CollectForAllocation", Time since last: 357816045 ns, Reaching safepoint: 678375 ns, Cleanup: 272041 ns, At safepoint: 15211253 ns, Total: 16161669 ns
[2025-12-05T09:10:20.824+0000][1669.215s][debug][safepoint   ] Safepoint synchronization initiated using futex wait barrier. (257 threads)
[2025-12-05T09:10:20.825+0000][1669.215s][info ][safepoint   ] Safepoint "Cleanup", Time since last: 1206386385 ns, Reaching safepoint: 230341 ns, Cleanup: 240501 ns, At safepoint: 8837 ns, Total: 479679 ns
[2025-12-05T09:10:29.204+0000][1677.595s][debug][safepoint   ] Safepoint synchronization initiated using futex wait barrier. (248 threads)
[2025-12-05T09:10:29.205+0000][1677.595s][info ][safepoint   ] Safepoint "Cleanup", Time since last: 8379634006 ns, Reaching safepoint: 222855 ns, Cleanup: 46108 ns, At safepoint: 56217 ns, Total: 325180 ns
[2025-12-05T09:10:30.372+0000][1678.765s][debug][safepoint   ] Safepoint synchronization initiated using futex wait barrier. (253 threads)
[2025-12-05T09:10:30.373+0000][1678.765s][info ][safepoint   ] Safepoint "Cleanup", Time since last: 1169607643 ns, Reaching safepoint: 219087 ns, Cleanup: 159544 ns, At safepoint: 43403 ns, Total: 422034 ns
[2025-12-05T09:10:32.373+0000][1680.766s][debug][safepoint   ] Safepoint synchronization initiated using futex wait barrier. (251 threads)
[2025-12-05T09:10:32.374+0000][1680.766s][info ][safepoint   ] Safepoint "Cleanup", Time since last: 2000458732 ns, Reaching safepoint: 322658 ns, Cleanup: 44666 ns, At safepoint: 32913 ns, Total: 400237 ns
[2025-12-05T09:10:33.620+0000][1682.013s][debug][safepoint   ] Safepoint synchronization initiated using futex wait barrier. (253 threads)
[2025-12-05T09:10:33.620+0000][1682.013s][info ][safepoint   ] Safepoint "Cleanup", Time since last: 1246411251 ns, Reaching safepoint: 123286 ns, Cleanup: 63191 ns, At safepoint: 4529 ns, Total: 191006 ns
[2025-12-05T09:10:34.726+0000][1683.119s][debug][safepoint   ] Safepoint synchronization initiated using futex wait barrier. (253 threads)
[2025-12-05T09:10:34.727+0000][1683.119s][info ][safepoint   ] Safepoint "Cleanup", Time since last: 1105851896 ns, Reaching safepoint: 116794 ns, Cleanup: 363226 ns, At safepoint: 12554 ns, Total: 492574 ns
[2025-12-05T09:10:35.727+0000][1684.119s][debug][safepoint   ] Safepoint synchronization initiated using futex wait barrier. (251 threads)
[2025-12-05T09:10:35.727+0000][1684.120s][info ][safepoint   ] Safepoint "Cleanup", Time since last: 1000173454 ns, Reaching safepoint: 114329 ns, Cleanup: 60556 ns, At safepoint: 28905 ns, Total: 203790 ns
[2025-12-05T09:10:36.727+0000][1685.120s][debug][safepoint   ] Safepoint synchronization initiated using futex wait barrier. (253 threads)
[2025-12-05T09:10:36.728+0000][1685.120s][info ][safepoint   ] Safepoint "Cleanup", Time since last: 1000258921 ns, Reaching safepoint: 180295 ns, Cleanup: 78330 ns, At safepoint: 157912 ns, Total: 416537 ns
[2025-12-05T09:10:37.728+0000][1686.120s][debug][safepoint   ] Safepoint synchronization initiated using futex wait barrier. (253 threads)
[2025-12-05T09:10:37.728+0000][1686.121s][debug][safepoint   ] ... found polling page loop exception at pc = 0x0000706eb9f61d1c, stub =0x0000706eb8a04400
[2025-12-05T09:10:37.728+0000][1686.121s][info ][safepoint   ] Safepoint "Cleanup", Time since last: 1000165981 ns, Reaching safepoint: 294249 ns, Cleanup: 17042 ns, At safepoint: 91566 ns, Total: 402857 ns
[2025-12-05T09:10:40.729+0000][1689.121s][debug][safepoint   ] Safepoint synchronization initiated using futex wait barrier. (247 threads)
[2025-12-05T09:10:40.729+0000][1689.122s][info ][safepoint   ] Safepoint "Cleanup", Time since last: 3000533681 ns, Reaching safepoint: 200955 ns, Cleanup: 83089 ns, At safepoint: 6853 ns, Total: 290897 ns
[2025-12-05T09:10:41.729+0000][1690.122s][debug][safepoint   ] Safepoint synchronization initiated using futex wait barrier. (248 threads)
[2025-12-05T09:10:41.729+0000][1690.122s][info ][safepoint   ] Safepoint "Cleanup", Time since last: 1000145840 ns, Reaching safepoint: 171358 ns, Cleanup: 19377 ns, At safepoint: 4960 ns, Total: 195695 ns
[2025-12-05T09:10:43.730+0000][1692.122s][debug][safepoint   ] Safepoint synchronization initiated using futex wait barrier. (248 threads)
[2025-12-05T09:10:43.730+0000][1692.123s][info ][safepoint   ] Safepoint "Cleanup", Time since last: 2000270211 ns, Reaching safepoint: 120431 ns, Cleanup: 97837 ns, At safepoint: 5992 ns, Total: 224260 ns
[2025-12-05T09:10:46.730+0000][1695.123s][debug][safepoint   ] Safepoint synchronization initiated using futex wait barrier. (248 threads)
[2025-12-05T09:10:46.731+0000][1695.123s][info ][safepoint   ] Safepoint "Cleanup", Time since last: 3000574153 ns, Reaching safepoint: 124578 ns, Cleanup: 16913 ns, At safepoint: 6161 ns, Total: 147652 ns
[2025-12-05T09:10:48.731+0000][1697.124s][debug][safepoint   ] Safepoint synchronization initiated using futex wait barrier. (248 threads)
[2025-12-05T09:10:48.731+0000][1697.124s][info ][safepoint   ] Safepoint "Cleanup", Time since last: 2000356012 ns, Reaching safepoint: 169164 ns, Cleanup: 15951 ns, At safepoint: 7043 ns, Total: 192158 ns
[2025-12-05T09:11:03.015+0000][1711.409s][debug][safepoint   ] Safepoint synchronization initiated using futex wait barrier. (249 threads)
[2025-12-05T09:11:03.016+0000][1711.410s][debug][safepoint   ] ... found polling page loop exception at pc = 0x0000706eb9f1226f, stub =0x0000706eb8a04400
[2025-12-05T09:11:03.016+0000][1711.410s][info ][safepoint   ] Safepoint "Cleanup", Time since last: 14285608038 ns, Reaching safepoint: 237810 ns, Cleanup: 135650 ns, At safepoint: 71356 ns, Total: 444816 ns
[2025-12-05T09:11:03.022+0000][1711.416s][debug][safepoint   ] ... found polling page loop exception at pc = 0x0000706eb937f400, stub =0x0000706eb8a04400
[2025-12-05T09:11:03.138+0000][1711.532s][debug][safepoint   ] Safepoint synchronization initiated using futex wait barrier. (249 threads)
[2025-12-05T09:11:03.138+0000][1711.532s][info ][gc,start    ] GC(91) Pause Young (Concurrent Start) (G1 Evacuation Pause)
[2025-12-05T09:11:03.138+0000][1711.532s][info ][gc,task     ] GC(91) Using 13 workers of 13 for evacuation
[2025-12-05T09:11:03.152+0000][1711.546s][info ][gc,phases   ] GC(91)   Pre Evacuate Collection Set: 1.1ms
[2025-12-05T09:11:03.152+0000][1711.546s][info ][gc,phases   ] GC(91)   Merge Heap Roots: 0.5ms
[2025-12-05T09:11:03.152+0000][1711.546s][info ][gc,phases   ] GC(91)   Evacuate Collection Set: 8.8ms
[2025-12-05T09:11:03.152+0000][1711.546s][info ][gc,phases   ] GC(91)   Post Evacuate Collection Set: 2.3ms
[2025-12-05T09:11:03.152+0000][1711.546s][info ][gc,phases   ] GC(91)   Other: 1.5ms
[2025-12-05T09:11:03.152+0000][1711.546s][info ][gc,heap     ] GC(91) Eden regions: 332->0(331)
[2025-12-05T09:11:03.152+0000][1711.546s][info ][gc,heap     ] GC(91) Survivor regions: 2->5(42)
[2025-12-05T09:11:03.152+0000][1711.546s][info ][gc,heap     ] GC(91) Old regions: 164->164
[2025-12-05T09:11:03.152+0000][1711.547s][info ][gc,heap     ] GC(91) Archive regions: 2->2
[2025-12-05T09:11:03.152+0000][1711.547s][info ][gc,heap     ] GC(91) Humongous regions: 0->0
[2025-12-05T09:11:03.153+0000][1711.547s][info ][gc,metaspace] GC(91) Metaspace: 196052K(197504K)->196052K(197504K) NonClass: 172154K(172928K)->172154K(172928K) Class: 23897K(24576K)->23897K(24576K)
[2025-12-05T09:11:03.153+0000][1711.547s][info ][gc          ] GC(91) Pause Young (Concurrent Start) (G1 Evacuation Pause) 497M->169M(587M) 14.188ms
[2025-12-05T09:11:03.153+0000][1711.547s][info ][gc,cpu      ] GC(91) User=0.09s Sys=0.00s Real=0.02s
[2025-12-05T09:11:03.153+0000][1711.547s][info ][gc          ] GC(92) Concurrent Mark Cycle
[2025-12-05T09:11:03.153+0000][1711.547s][info ][gc,marking  ] GC(92) Concurrent Clear Claimed Marks
[2025-12-05T09:11:03.153+0000][1711.547s][info ][gc,marking  ] GC(92) Concurrent Clear Claimed Marks 0.274ms
[2025-12-05T09:11:03.153+0000][1711.547s][info ][gc,marking  ] GC(92) Concurrent Scan Root Regions
[2025-12-05T09:11:03.154+0000][1711.548s][info ][safepoint   ] Safepoint "G1CollectForAllocation", Time since last: 121783079 ns, Reaching safepoint: 391751 ns, Cleanup: 92487 ns, At safepoint: 15862063 ns, Total: 16346301 ns
[2025-12-05T09:11:03.162+0000][1711.556s][info ][gc,marking  ] GC(92) Concurrent Scan Root Regions 8.557ms
[2025-12-05T09:11:03.162+0000][1711.556s][info ][gc,marking  ] GC(92) Concurrent Mark
[2025-12-05T09:11:03.162+0000][1711.556s][info ][gc,marking  ] GC(92) Concurrent Mark From Roots
[2025-12-05T09:11:03.162+0000][1711.556s][info ][gc,task     ] GC(92) Using 3 workers of 3 for marking
[2025-12-05T09:11:03.247+0000][1711.641s][info ][gc,marking  ] GC(92) Concurrent Mark From Roots 85.294ms
[2025-12-05T09:11:03.247+0000][1711.641s][info ][gc,marking  ] GC(92) Concurrent Preclean
[2025-12-05T09:11:03.248+0000][1711.642s][info ][gc,marking  ] GC(92) Concurrent Preclean 0.337ms
[2025-12-05T09:11:03.248+0000][1711.642s][debug][safepoint   ] Safepoint synchronization initiated using futex wait barrier. (249 threads)
[2025-12-05T09:11:03.248+0000][1711.642s][info ][gc,start    ] GC(92) Pause Remark
[2025-12-05T09:11:03.257+0000][1711.651s][info ][gc          ] GC(92) Pause Remark 239M->239M(587M) 8.836ms
[2025-12-05T09:11:03.257+0000][1711.651s][info ][gc,cpu      ] GC(92) User=0.06s Sys=0.02s Real=0.01s
[2025-12-05T09:11:03.258+0000][1711.652s][info ][safepoint   ] Safepoint "G1PauseRemark", Time since last: 93700086 ns, Reaching safepoint: 46640 ns, Cleanup: 29256 ns, At safepoint: 10284039 ns, Total: 10359935 ns
[2025-12-05T09:11:03.258+0000][1711.652s][info ][gc,marking  ] GC(92) Concurrent Mark 96.343ms
[2025-12-05T09:11:03.258+0000][1711.652s][info ][gc,marking  ] GC(92) Concurrent Rebuild Remembered Sets
[2025-12-05T09:11:03.311+0000][1711.705s][info ][gc,marking  ] GC(92) Concurrent Rebuild Remembered Sets 52.699ms
[2025-12-05T09:11:03.311+0000][1711.705s][debug][safepoint   ] Safepoint synchronization initiated using futex wait barrier. (249 threads)
[2025-12-05T09:11:03.311+0000][1711.705s][info ][gc,start    ] GC(92) Pause Cleanup
[2025-12-05T09:11:03.312+0000][1711.706s][info ][gc          ] GC(92) Pause Cleanup 271M->271M(587M) 0.587ms
[2025-12-05T09:11:03.312+0000][1711.706s][info ][gc,cpu      ] GC(92) User=0.00s Sys=0.00s Real=0.01s
[2025-12-05T09:11:03.312+0000][1711.706s][info ][safepoint   ] Safepoint "G1PauseCleanup", Time since last: 53073023 ns, Reaching safepoint: 56478 ns, Cleanup: 6342 ns, At safepoint: 864206 ns, Total: 927026 ns
[2025-12-05T09:11:03.312+0000][1711.706s][info ][gc,marking  ] GC(92) Concurrent Cleanup for Next Mark
[2025-12-05T09:11:03.326+0000][1711.720s][info ][gc,marking  ] GC(92) Concurrent Cleanup for Next Mark 13.488ms
[2025-12-05T09:11:03.326+0000][1711.720s][info ][gc          ] GC(92) Concurrent Mark Cycle 173.032ms
[2025-12-05T09:11:04.312+0000][1712.706s][debug][safepoint   ] Safepoint synchronization initiated using futex wait barrier. (250 threads)
[2025-12-05T09:11:04.313+0000][1712.707s][info ][safepoint   ] Safepoint "Cleanup", Time since last: 1000209904 ns, Reaching safepoint: 195174 ns, Cleanup: 166159 ns, At safepoint: 7634 ns, Total: 368967 ns
[2025-12-05T09:11:13.314+0000][1721.708s][debug][safepoint   ] Safepoint synchronization initiated using futex wait barrier. (250 threads)
[2025-12-05T09:11:13.315+0000][1721.709s][info ][safepoint   ] Safepoint "Cleanup", Time since last: 9001367714 ns, Reaching safepoint: 426036 ns, Cleanup: 251632 ns, At safepoint: 11171 ns, Total: 688839 ns
[2025-12-05T09:11:32.315+0000][1740.711s][debug][safepoint   ] Safepoint synchronization initiated using futex wait barrier. (250 threads)
[2025-12-05T09:11:32.316+0000][1740.712s][info ][safepoint   ] Safepoint "Cleanup", Time since last: 19002696177 ns, Reaching safepoint: 366160 ns, Cleanup: 29567 ns, At safepoint: 7144 ns, Total: 402871 ns
[2025-12-05T09:11:36.660+0000][1745.056s][debug][safepoint   ] Safepoint synchronization initiated using futex wait barrier. (250 threads)
[2025-12-05T09:11:36.660+0000][1745.056s][info ][safepoint   ] Safepoint "Cleanup", Time since last: 4344071169 ns, Reaching safepoint: 384196 ns, Cleanup: 19277 ns, At safepoint: 5200 ns, Total: 408673 ns
[2025-12-05T09:11:55.663+0000][1764.059s][debug][safepoint   ] Safepoint synchronization initiated using futex wait barrier. (252 threads)
[2025-12-05T09:11:55.663+0000][1764.059s][info ][safepoint   ] Safepoint "Cleanup", Time since last: 19002946407 ns, Reaching safepoint: 140278 ns, Cleanup: 33254 ns, At safepoint: 3807 ns, Total: 177339 ns
[2025-12-05T09:12:08.664+0000][1777.061s][debug][safepoint   ] Safepoint synchronization initiated using futex wait barrier. (250 threads)
[2025-12-05T09:12:08.664+0000][1777.062s][info ][safepoint   ] Safepoint "Cleanup", Time since last: 13001941944 ns, Reaching safepoint: 245752 ns, Cleanup: 39506 ns, At safepoint: 5891 ns, Total: 291149 ns
[2025-12-05T09:12:10.664+0000][1779.062s][debug][safepoint   ] Safepoint synchronization initiated using futex wait barrier. (250 threads)
[2025-12-05T09:12:10.664+0000][1779.062s][info ][safepoint   ] Safepoint "Cleanup", Time since last: 2000386899 ns, Reaching safepoint: 124359 ns, Cleanup: 13987 ns, At safepoint: 4458 ns, Total: 142804 ns
[2025-12-05T09:12:16.665+0000][1785.063s][debug][safepoint   ] Safepoint synchronization initiated using futex wait barrier. (252 threads)
[2025-12-05T09:12:16.666+0000][1785.063s][info ][safepoint   ] Safepoint "Cleanup", Time since last: 6001033893 ns, Reaching safepoint: 189003 ns, Cleanup: 39737 ns, At safepoint: 5480 ns, Total: 234220 ns
[2025-12-05T09:12:20.666+0000][1789.064s][debug][safepoint   ] Safepoint synchronization initiated using futex wait barrier. (251 threads)
[2025-12-05T09:12:20.667+0000][1789.065s][info ][safepoint   ] Safepoint "Cleanup", Time since last: 4000747633 ns, Reaching safepoint: 292131 ns, Cleanup: 35388 ns, At safepoint: 6562 ns, Total: 334081 ns
[2025-12-05T09:12:22.164+0000][1790.562s][debug][safepoint   ] Safepoint synchronization initiated using futex wait barrier. (251 threads)
[2025-12-05T09:12:22.166+0000][1790.564s][info ][gc,start    ] GC(93) Pause Young (Prepare Mixed) (G1 Evacuation Pause)
[2025-12-05T09:12:22.166+0000][1790.564s][info ][gc,task     ] GC(93) Using 13 workers of 13 for evacuation
[2025-12-05T09:12:22.216+0000][1790.614s][info ][gc,phases   ] GC(93)   Pre Evacuate Collection Set: 0.6ms
[2025-12-05T09:12:22.216+0000][1790.614s][info ][gc,phases   ] GC(93)   Merge Heap Roots: 0.5ms
[2025-12-05T09:12:22.216+0000][1790.614s][info ][gc,phases   ] GC(93)   Evacuate Collection Set: 45.1ms
[2025-12-05T09:12:22.216+0000][1790.614s][info ][gc,phases   ] GC(93)   Post Evacuate Collection Set: 3.4ms
[2025-12-05T09:12:22.216+0000][1790.614s][info ][gc,phases   ] GC(93)   Other: 1.6ms
[2025-12-05T09:12:22.216+0000][1790.614s][info ][gc,heap     ] GC(93) Eden regions: 331->0(1)
[2025-12-05T09:12:22.216+0000][1790.614s][info ][gc,heap     ] GC(93) Survivor regions: 5->42(42)
[2025-12-05T09:12:22.216+0000][1790.614s][info ][gc,heap     ] GC(93) Old regions: 164->189
[2025-12-05T09:12:22.216+0000][1790.614s][info ][gc,heap     ] GC(93) Archive regions: 2->2
[2025-12-05T09:12:22.216+0000][1790.614s][info ][gc,heap     ] GC(93) Humongous regions: 4->4
[2025-12-05T09:12:22.216+0000][1790.614s][info ][gc,metaspace] GC(93) Metaspace: 196408K(197888K)->196408K(197888K) NonClass: 172492K(173312K)->172492K(173312K) Class: 23916K(24576K)->23916K(24576K)
[2025-12-05T09:12:22.216+0000][1790.614s][info ][gc          ] GC(93) Pause Young (Prepare Mixed) (G1 Evacuation Pause) 504M->234M(587M) 50.124ms
[2025-12-05T09:12:22.216+0000][1790.614s][info ][gc,cpu      ] GC(93) User=0.58s Sys=0.01s Real=0.05s
[2025-12-05T09:12:22.217+0000][1790.615s][info ][safepoint   ] Safepoint "G1CollectForAllocation", Time since last: 1497423170 ns, Reaching safepoint: 374069 ns, Cleanup: 9719 ns, At safepoint: 52949151 ns, Total: 53332939 ns
[2025-12-05T09:12:22.671+0000][1791.068s][debug][safepoint   ] Safepoint synchronization initiated using futex wait barrier. (251 threads)
[2025-12-05T09:12:22.671+0000][1791.069s][info ][gc,start    ] GC(94) Pause Young (Mixed) (G1 Evacuation Pause)
[2025-12-05T09:12:22.671+0000][1791.069s][info ][gc,task     ] GC(94) Using 13 workers of 13 for evacuation
[2025-12-05T09:12:22.704+0000][1791.102s][info ][gc,phases   ] GC(94)   Pre Evacuate Collection Set: 0.4ms
[2025-12-05T09:12:22.704+0000][1791.102s][info ][gc,phases   ] GC(94)   Merge Heap Roots: 0.5ms
[2025-12-05T09:12:22.704+0000][1791.102s][info ][gc,phases   ] GC(94)   Evacuate Collection Set: 29.8ms
[2025-12-05T09:12:22.704+0000][1791.102s][info ][gc,phases   ] GC(94)   Post Evacuate Collection Set: 2.2ms
[2025-12-05T09:12:22.704+0000][1791.102s][info ][gc,phases   ] GC(94)   Other: 0.3ms
[2025-12-05T09:12:22.704+0000][1791.102s][info ][gc,heap     ] GC(94) Eden regions: 1->0(236)
[2025-12-05T09:12:22.704+0000][1791.102s][info ][gc,heap     ] GC(94) Survivor regions: 42->4(6)
[2025-12-05T09:12:22.704+0000][1791.102s][info ][gc,heap     ] GC(94) Old regions: 189->229
[2025-12-05T09:12:22.704+0000][1791.102s][info ][gc,heap     ] GC(94) Archive regions: 2->2
[2025-12-05T09:12:22.704+0000][1791.102s][info ][gc,heap     ] GC(94) Humongous regions: 4->4
[2025-12-05T09:12:22.704+0000][1791.102s][info ][gc,metaspace] GC(94) Metaspace: 196408K(197888K)->196408K(197888K) NonClass: 172492K(173312K)->172492K(173312K) Class: 23916K(24576K)->23916K(24576K)
[2025-12-05T09:12:22.704+0000][1791.102s][info ][gc          ] GC(94) Pause Young (Mixed) (G1 Evacuation Pause) 235M->236M(587M) 33.319ms
[2025-12-05T09:12:22.704+0000][1791.102s][info ][gc,cpu      ] GC(94) User=0.38s Sys=0.00s Real=0.03s
[2025-12-05T09:12:22.705+0000][1791.103s][info ][safepoint   ] Safepoint "G1CollectForAllocation", Time since last: 453177804 ns, Reaching safepoint: 109160 ns, Cleanup: 13155 ns, At safepoint: 34484989 ns, Total: 34607304 ns
[2025-12-05T09:12:23.706+0000][1792.103s][debug][safepoint   ] Safepoint synchronization initiated using futex wait barrier. (251 threads)
[2025-12-05T09:12:23.706+0000][1792.104s][info ][safepoint   ] Safepoint "Cleanup", Time since last: 1000323394 ns, Reaching safepoint: 284186 ns, Cleanup: 70766 ns, At safepoint: 6092 ns, Total: 361044 ns
[2025-12-05T09:12:30.705+0000][1799.105s][debug][safepoint   ] Safepoint synchronization initiated using futex wait barrier. (255 threads)
[2025-12-05T09:12:30.705+0000][1799.105s][info ][safepoint   ] Safepoint "Cleanup", Time since last: 7000978682 ns, Reaching safepoint: 169174 ns, Cleanup: 88489 ns, At safepoint: 5431 ns, Total: 263094 ns
[2025-12-05T09:12:32.699+0000][1801.099s][debug][safepoint   ] Safepoint synchronization initiated using futex wait barrier. (253 threads)
[2025-12-05T09:12:32.699+0000][1801.099s][info ][safepoint   ] Safepoint "Cleanup", Time since last: 1993864776 ns, Reaching safepoint: 96255 ns, Cleanup: 16742 ns, At safepoint: 3947 ns, Total: 116944 ns
[2025-12-05T09:12:34.700+0000][1803.099s][debug][safepoint   ] Safepoint synchronization initiated using futex wait barrier. (251 threads)
[2025-12-05T09:12:34.700+0000][1803.099s][info ][safepoint   ] Safepoint "Cleanup", Time since last: 2000277161 ns, Reaching safepoint: 125981 ns, Cleanup: 24577 ns, At safepoint: 4589 ns, Total: 155147 ns
[2025-12-05T09:12:37.700+0000][1806.100s][debug][safepoint   ] Safepoint synchronization initiated using futex wait barrier. (251 threads)
[2025-12-05T09:12:37.700+0000][1806.100s][info ][safepoint   ] Safepoint "Cleanup", Time since last: 3000466948 ns, Reaching safepoint: 151209 ns, Cleanup: 20119 ns, At safepoint: 4348 ns, Total: 175676 ns
[2025-12-05T09:12:39.701+0000][1808.100s][debug][safepoint   ] Safepoint synchronization initiated using futex wait barrier. (250 threads)
[2025-12-05T09:12:39.701+0000][1808.101s][info ][safepoint   ] Safepoint "Cleanup", Time since last: 2000269765 ns, Reaching safepoint: 504036 ns, Cleanup: 19126 ns, At safepoint: 5361 ns, Total: 528523 ns
[2025-12-05T09:12:41.701+0000][1810.101s][debug][safepoint   ] Safepoint synchronization initiated using futex wait barrier. (254 threads)
[2025-12-05T09:12:41.702+0000][1810.101s][info ][safepoint   ] Safepoint "Cleanup", Time since last: 2000283866 ns, Reaching safepoint: 161940 ns, Cleanup: 30949 ns, At safepoint: 4459 ns, Total: 197348 ns
[2025-12-05T09:12:42.702+0000][1811.102s][debug][safepoint   ] Safepoint synchronization initiated using futex wait barrier. (252 threads)
[2025-12-05T09:12:42.702+0000][1811.102s][info ][safepoint   ] Safepoint "Cleanup", Time since last: 1000195622 ns, Reaching safepoint: 220683 ns, Cleanup: 44605 ns, At safepoint: 7184 ns, Total: 272472 ns
[2025-12-05T09:12:43.702+0000][1812.102s][debug][safepoint   ] Safepoint synchronization initiated using futex wait barrier. (252 threads)
[2025-12-05T09:12:43.702+0000][1812.102s][info ][safepoint   ] Safepoint "Cleanup", Time since last: 1000147798 ns, Reaching safepoint: 154336 ns, Cleanup: 15089 ns, At safepoint: 4058 ns, Total: 173483 ns
[2025-12-05T09:12:44.703+0000][1813.102s][debug][safepoint   ] Safepoint synchronization initiated using futex wait barrier. (251 threads)
[2025-12-05T09:12:44.703+0000][1813.103s][info ][safepoint   ] Safepoint "Cleanup", Time since last: 1000168460 ns, Reaching safepoint: 212547 ns, Cleanup: 261762 ns, At safepoint: 122344 ns, Total: 596653 ns
[2025-12-05T09:12:45.703+0000][1814.103s][debug][safepoint   ] Safepoint synchronization initiated using futex wait barrier. (253 threads)
[2025-12-05T09:12:45.704+0000][1814.103s][info ][safepoint   ] Safepoint "Cleanup", Time since last: 1000213822 ns, Reaching safepoint: 154837 ns, Cleanup: 100041 ns, At safepoint: 4900 ns, Total: 259778 ns
[2025-12-05T09:12:48.704+0000][1817.104s][debug][safepoint   ] Safepoint synchronization initiated using futex wait barrier. (252 threads)
[2025-12-05T09:12:48.704+0000][1817.104s][info ][safepoint   ] Safepoint "Cleanup", Time since last: 3000390308 ns, Reaching safepoint: 106624 ns, Cleanup: 14408 ns, At safepoint: 4789 ns, Total: 125821 ns
[2025-12-05T09:12:49.704+0000][1818.104s][debug][safepoint   ] Safepoint synchronization initiated using futex wait barrier. (252 threads)
[2025-12-05T09:12:49.705+0000][1818.104s][info ][safepoint   ] Safepoint "Cleanup", Time since last: 1000227627 ns, Reaching safepoint: 163373 ns, Cleanup: 59384 ns, At safepoint: 5210 ns, Total: 227967 ns
[2025-12-05T09:14:28.745+0000][1917.150s][debug][safepoint   ] Safepoint synchronization initiated using futex wait barrier. (247 threads)
[2025-12-05T09:14:28.746+0000][1917.150s][info ][safepoint   ] Safepoint "Cleanup", Time since last: 99045794900 ns, Reaching safepoint: 197027 ns, Cleanup: 75254 ns, At safepoint: 5781 ns, Total: 278062 ns
[2025-12-05T09:14:30.744+0000][1919.151s][debug][safepoint   ] Safepoint synchronization initiated using futex wait barrier. (251 threads)
[2025-12-05T09:14:30.744+0000][1919.151s][info ][safepoint   ] Safepoint "Cleanup", Time since last: 2000476794 ns, Reaching safepoint: 218448 ns, Cleanup: 151209 ns, At safepoint: 9769 ns, Total: 379426 ns
[2025-12-05T09:14:31.745+0000][1920.152s][debug][safepoint   ] Safepoint synchronization initiated using futex wait barrier. (250 threads)
[2025-12-05T09:14:31.745+0000][1920.152s][info ][safepoint   ] Safepoint "Cleanup", Time since last: 1000280779 ns, Reaching safepoint: 164274 ns, Cleanup: 119940 ns, At safepoint: 7905 ns, Total: 292119 ns
[2025-12-05T09:14:32.745+0000][1921.152s][debug][safepoint   ] Safepoint synchronization initiated using futex wait barrier. (249 threads)
[2025-12-05T09:14:32.745+0000][1921.152s][info ][safepoint   ] Safepoint "Cleanup", Time since last: 1000225458 ns, Reaching safepoint: 188481 ns, Cleanup: 26521 ns, At safepoint: 5570 ns, Total: 220572 ns
[2025-12-05T09:14:37.767+0000][1926.174s][debug][safepoint   ] Safepoint synchronization initiated using futex wait barrier. (249 threads)
[2025-12-05T09:14:37.768+0000][1926.174s][info ][safepoint   ] Safepoint "Cleanup", Time since last: 5021976030 ns, Reaching safepoint: 216174 ns, Cleanup: 26060 ns, At safepoint: 4578 ns, Total: 246812 ns
[2025-12-05T09:14:51.013+0000][1939.420s][debug][safepoint   ] Safepoint synchronization initiated using futex wait barrier. (248 threads)
[2025-12-05T09:14:51.013+0000][1939.420s][info ][gc,start    ] GC(95) Pause Young (Concurrent Start) (G1 Evacuation Pause)
[2025-12-05T09:14:51.013+0000][1939.420s][info ][gc,task     ] GC(95) Using 13 workers of 13 for evacuation
[2025-12-05T09:14:51.031+0000][1939.438s][info ][gc,phases   ] GC(95)   Pre Evacuate Collection Set: 1.7ms
[2025-12-05T09:14:51.031+0000][1939.438s][info ][gc,phases   ] GC(95)   Merge Heap Roots: 0.4ms
[2025-12-05T09:14:51.032+0000][1939.438s][info ][gc,phases   ] GC(95)   Evacuate Collection Set: 11.1ms
[2025-12-05T09:14:51.032+0000][1939.438s][info ][gc,phases   ] GC(95)   Post Evacuate Collection Set: 3.5ms
[2025-12-05T09:14:51.032+0000][1939.438s][info ][gc,phases   ] GC(95)   Other: 1.6ms
[2025-12-05T09:14:51.032+0000][1939.438s][info ][gc,heap     ] GC(95) Eden regions: 236->0(245)
[2025-12-05T09:14:51.032+0000][1939.438s][info ][gc,heap     ] GC(95) Survivor regions: 4->2(30)
[2025-12-05T09:14:51.032+0000][1939.438s][info ][gc,heap     ] GC(95) Old regions: 229->229
[2025-12-05T09:14:51.032+0000][1939.438s][info ][gc,heap     ] GC(95) Archive regions: 2->2
[2025-12-05T09:14:51.032+0000][1939.438s][info ][gc,heap     ] GC(95) Humongous regions: 4->4
[2025-12-05T09:14:51.032+0000][1939.438s][info ][gc,metaspace] GC(95) Metaspace: 197343K(198848K)->197343K(198848K) NonClass: 173422K(174208K)->173422K(174208K) Class: 23921K(24640K)->23921K(24640K)
[2025-12-05T09:14:51.032+0000][1939.439s][info ][gc          ] GC(95) Pause Young (Concurrent Start) (G1 Evacuation Pause) 472M->235M(587M) 18.457ms
[2025-12-05T09:14:51.032+0000][1939.439s][info ][gc,cpu      ] GC(95) User=0.05s Sys=0.06s Real=0.02s
[2025-12-05T09:14:51.032+0000][1939.439s][info ][gc          ] GC(96) Concurrent Mark Cycle
[2025-12-05T09:14:51.032+0000][1939.439s][info ][gc,marking  ] GC(96) Concurrent Clear Claimed Marks
[2025-12-05T09:14:51.032+0000][1939.439s][info ][gc,marking  ] GC(96) Concurrent Clear Claimed Marks 0.444ms
[2025-12-05T09:14:51.033+0000][1939.439s][info ][gc,marking  ] GC(96) Concurrent Scan Root Regions
[2025-12-05T09:14:51.033+0000][1939.439s][info ][safepoint   ] Safepoint "G1CollectForAllocation", Time since last: 13245068768 ns, Reaching safepoint: 207938 ns, Cleanup: 9328 ns, At safepoint: 19614885 ns, Total: 19832151 ns
[2025-12-05T09:14:51.044+0000][1939.451s][info ][gc,marking  ] GC(96) Concurrent Scan Root Regions 11.301ms
[2025-12-05T09:14:51.044+0000][1939.451s][info ][gc,marking  ] GC(96) Concurrent Mark
[2025-12-05T09:14:51.044+0000][1939.451s][info ][gc,marking  ] GC(96) Concurrent Mark From Roots
[2025-12-05T09:14:51.044+0000][1939.451s][info ][gc,task     ] GC(96) Using 3 workers of 3 for marking
[2025-12-05T09:14:51.144+0000][1939.550s][info ][gc,marking  ] GC(96) Concurrent Mark From Roots 99.556ms
[2025-12-05T09:14:51.144+0000][1939.551s][info ][gc,marking  ] GC(96) Concurrent Preclean
[2025-12-05T09:14:51.146+0000][1939.553s][info ][gc,marking  ] GC(96) Concurrent Preclean 2.083ms
[2025-12-05T09:14:51.146+0000][1939.553s][debug][safepoint   ] Safepoint synchronization initiated using futex wait barrier. (248 threads)
[2025-12-05T09:14:51.146+0000][1939.553s][info ][gc,start    ] GC(96) Pause Remark
[2025-12-05T09:14:51.195+0000][1939.601s][info ][gc          ] GC(96) Pause Remark 239M->192M(587M) 48.542ms
[2025-12-05T09:14:51.195+0000][1939.602s][info ][gc,cpu      ] GC(96) User=0.47s Sys=0.00s Real=0.05s
[2025-12-05T09:14:51.196+0000][1939.603s][info ][safepoint   ] Safepoint "G1PauseRemark", Time since last: 113357605 ns, Reaching safepoint: 62580 ns, Cleanup: 39796 ns, At safepoint: 50134029 ns, Total: 50236405 ns
[2025-12-05T09:14:51.196+0000][1939.603s][info ][gc,marking  ] GC(96) Concurrent Mark 152.213ms
[2025-12-05T09:14:51.196+0000][1939.603s][info ][gc,marking  ] GC(96) Concurrent Rebuild Remembered Sets
[2025-12-05T09:14:51.248+0000][1939.655s][info ][gc,marking  ] GC(96) Concurrent Rebuild Remembered Sets 51.460ms
[2025-12-05T09:14:51.248+0000][1939.655s][debug][safepoint   ] Safepoint synchronization initiated using futex wait barrier. (248 threads)
[2025-12-05T09:14:51.248+0000][1939.655s][info ][gc,start    ] GC(96) Pause Cleanup
[2025-12-05T09:14:51.248+0000][1939.655s][info ][gc          ] GC(96) Pause Cleanup 192M->192M(587M) 0.391ms
[2025-12-05T09:14:51.248+0000][1939.655s][info ][gc,cpu      ] GC(96) User=0.01s Sys=0.00s Real=0.00s
[2025-12-05T09:14:51.248+0000][1939.655s][info ][safepoint   ] Safepoint "G1PauseCleanup", Time since last: 51778356 ns, Reaching safepoint: 40027 ns, Cleanup: 9678 ns, At safepoint: 524144 ns, Total: 573849 ns
[2025-12-05T09:14:51.249+0000][1939.655s][info ][gc,marking  ] GC(96) Concurrent Cleanup for Next Mark
[2025-12-05T09:14:51.262+0000][1939.669s][info ][gc,marking  ] GC(96) Concurrent Cleanup for Next Mark 13.713ms
[2025-12-05T09:14:51.262+0000][1939.669s][info ][gc          ] GC(96) Concurrent Mark Cycle 230.323ms
[2025-12-05T09:15:03.249+0000][1951.657s][debug][safepoint   ] Safepoint synchronization initiated using futex wait barrier. (248 threads)
[2025-12-05T09:15:03.249+0000][1951.657s][info ][safepoint   ] Safepoint "Cleanup", Time since last: 12001801962 ns, Reaching safepoint: 219601 ns, Cleanup: 28535 ns, At safepoint: 6512 ns, Total: 254648 ns
[2025-12-05T09:15:08.250+0000][1956.658s][debug][safepoint   ] Safepoint synchronization initiated using futex wait barrier. (248 threads)
[2025-12-05T09:15:08.250+0000][1956.658s][info ][safepoint   ] Safepoint "Cleanup", Time since last: 5000732960 ns, Reaching safepoint: 214251 ns, Cleanup: 23174 ns, At safepoint: 5561 ns, Total: 242986 ns
[2025-12-05T09:15:46.802+0000][1995.212s][debug][safepoint   ] Safepoint synchronization initiated using futex wait barrier. (248 threads)
[2025-12-05T09:15:46.802+0000][1995.212s][info ][safepoint   ] Safepoint "Cleanup", Time since last: 38553492056 ns, Reaching safepoint: 166610 ns, Cleanup: 20429 ns, At safepoint: 5069 ns, Total: 192108 ns
[2025-12-05T09:16:00.803+0000][2009.214s][debug][safepoint   ] Safepoint synchronization initiated using futex wait barrier. (248 threads)
[2025-12-05T09:16:00.803+0000][2009.214s][info ][safepoint   ] Safepoint "Cleanup", Time since last: 14001955393 ns, Reaching safepoint: 271571 ns, Cleanup: 86776 ns, At safepoint: 6733 ns, Total: 365080 ns
[2025-12-05T09:16:03.804+0000][2012.215s][debug][safepoint   ] Safepoint synchronization initiated using futex wait barrier. (248 threads)
[2025-12-05T09:16:03.804+0000][2012.215s][info ][safepoint   ] Safepoint "Cleanup", Time since last: 3000869875 ns, Reaching safepoint: 150628 ns, Cleanup: 11863 ns, At safepoint: 3767 ns, Total: 166258 ns
[2025-12-05T09:16:12.806+0000][2021.217s][debug][safepoint   ] Safepoint synchronization initiated using futex wait barrier. (248 threads)
[2025-12-05T09:16:12.806+0000][2021.217s][info ][safepoint   ] Safepoint "Cleanup", Time since last: 9001571912 ns, Reaching safepoint: 135840 ns, Cleanup: 16021 ns, At safepoint: 4839 ns, Total: 156700 ns
[2025-12-05T09:16:15.806+0000][2024.218s][debug][safepoint   ] Safepoint synchronization initiated using futex wait barrier. (248 threads)
[2025-12-05T09:16:15.806+0000][2024.218s][info ][safepoint   ] Safepoint "Cleanup", Time since last: 3000484270 ns, Reaching safepoint: 186146 ns, Cleanup: 60146 ns, At safepoint: 5711 ns, Total: 252003 ns
[2025-12-05T09:16:32.807+0000][2041.221s][debug][safepoint   ] Safepoint synchronization initiated using futex wait barrier. (248 threads)
[2025-12-05T09:16:32.807+0000][2041.221s][info ][safepoint   ] Safepoint "Cleanup", Time since last: 17002683805 ns, Reaching safepoint: 121221 ns, Cleanup: 20800 ns, At safepoint: 4990 ns, Total: 147011 ns
[2025-12-05T09:16:47.834+0000][2056.247s][debug][safepoint   ] Safepoint synchronization initiated using futex wait barrier. (248 threads)
[2025-12-05T09:16:47.834+0000][2056.248s][info ][safepoint   ] Safepoint "Cleanup", Time since last: 15026770057 ns, Reaching safepoint: 117646 ns, Cleanup: 13926 ns, At safepoint: 3708 ns, Total: 135280 ns
[2025-12-05T09:17:08.788+0000][2077.202s][debug][safepoint   ] Safepoint synchronization initiated using futex wait barrier. (249 threads)
[2025-12-05T09:17:08.788+0000][2077.203s][info ][safepoint   ] Safepoint "Cleanup", Time since last: 20954775826 ns, Reaching safepoint: 527384 ns, Cleanup: 99059 ns, At safepoint: 59995 ns, Total: 686438 ns
[2025-12-05T09:17:09.906+0000][2078.321s][debug][safepoint   ] Safepoint synchronization initiated using futex wait barrier. (255 threads)
[2025-12-05T09:17:09.907+0000][2078.321s][info ][safepoint   ] Safepoint "Cleanup", Time since last: 1117904541 ns, Reaching safepoint: 192168 ns, Cleanup: 259888 ns, At safepoint: 5640 ns, Total: 457696 ns
[2025-12-05T09:17:12.907+0000][2081.322s][debug][safepoint   ] Safepoint synchronization initiated using futex wait barrier. (252 threads)
[2025-12-05T09:17:12.908+0000][2081.322s][info ][safepoint   ] Safepoint "Cleanup", Time since last: 3000496213 ns, Reaching safepoint: 255289 ns, Cleanup: 31901 ns, At safepoint: 4578 ns, Total: 291768 ns
[2025-12-05T09:17:31.908+0000][2100.325s][debug][safepoint   ] Safepoint synchronization initiated using futex wait barrier. (251 threads)
[2025-12-05T09:17:31.909+0000][2100.326s][info ][safepoint   ] Safepoint "Cleanup", Time since last: 19002887575 ns, Reaching safepoint: 374637 ns, Cleanup: 18896 ns, At safepoint: 34977 ns, Total: 428510 ns
[2025-12-05T09:17:33.867+0000][2102.284s][debug][safepoint   ] Safepoint synchronization initiated using futex wait barrier. (251 threads)
[2025-12-05T09:17:33.867+0000][2102.284s][info ][safepoint   ] Safepoint "Cleanup", Time since last: 1958248134 ns, Reaching safepoint: 305173 ns, Cleanup: 31000 ns, At safepoint: 5630 ns, Total: 341803 ns
[2025-12-05T09:17:42.534+0000][2110.951s][debug][safepoint   ] Safepoint synchronization initiated using futex wait barrier. (251 threads)
[2025-12-05T09:17:42.534+0000][2110.951s][info ][gc,start    ] GC(97) Pause Young (Prepare Mixed) (G1 Evacuation Pause)
[2025-12-05T09:17:42.534+0000][2110.951s][info ][gc,task     ] GC(97) Using 13 workers of 13 for evacuation
[2025-12-05T09:17:42.547+0000][2110.964s][info ][gc,phases   ] GC(97)   Pre Evacuate Collection Set: 0.7ms
[2025-12-05T09:17:42.547+0000][2110.964s][info ][gc,phases   ] GC(97)   Merge Heap Roots: 0.5ms
[2025-12-05T09:17:42.547+0000][2110.964s][info ][gc,phases   ] GC(97)   Evacuate Collection Set: 8.1ms
[2025-12-05T09:17:42.547+0000][2110.964s][info ][gc,phases   ] GC(97)   Post Evacuate Collection Set: 3.4ms
[2025-12-05T09:17:42.547+0000][2110.964s][info ][gc,phases   ] GC(97)   Other: 0.8ms
[2025-12-05T09:17:42.547+0000][2110.964s][info ][gc,heap     ] GC(97) Eden regions: 245->0(26)
[2025-12-05T09:17:42.547+0000][2110.964s][info ][gc,heap     ] GC(97) Survivor regions: 2->3(31)
[2025-12-05T09:17:42.547+0000][2110.964s][info ][gc,heap     ] GC(97) Old regions: 186->186
[2025-12-05T09:17:42.547+0000][2110.964s][info ][gc,heap     ] GC(97) Archive regions: 2->2
[2025-12-05T09:17:42.547+0000][2110.964s][info ][gc,heap     ] GC(97) Humongous regions: 0->0
[2025-12-05T09:17:42.547+0000][2110.964s][info ][gc,metaspace] GC(97) Metaspace: 197005K(199040K)->197005K(199040K) NonClass: 173232K(174400K)->173232K(174400K) Class: 23772K(24640K)->23772K(24640K)
[2025-12-05T09:17:42.548+0000][2110.964s][info ][gc          ] GC(97) Pause Young (Prepare Mixed) (G1 Evacuation Pause) 433M->188M(587M) 13.111ms
[2025-12-05T09:17:42.548+0000][2110.965s][info ][gc,cpu      ] GC(97) User=0.12s Sys=0.00s Real=0.01s
[2025-12-05T09:17:42.549+0000][2110.966s][info ][safepoint   ] Safepoint "G1CollectForAllocation", Time since last: 8666474992 ns, Reaching safepoint: 112976 ns, Cleanup: 16431 ns, At safepoint: 15009860 ns, Total: 15139267 ns
[2025-12-05T09:17:44.549+0000][2112.966s][debug][safepoint   ] Safepoint synchronization initiated using futex wait barrier. (251 threads)
[2025-12-05T09:17:44.550+0000][2112.966s][info ][safepoint   ] Safepoint "Cleanup", Time since last: 2000446626 ns, Reaching safepoint: 253085 ns, Cleanup: 41930 ns, At safepoint: 7304 ns, Total: 302319 ns
[2025-12-05T09:17:45.550+0000][2113.967s][debug][safepoint   ] Safepoint synchronization initiated using futex wait barrier. (251 threads)
[2025-12-05T09:17:45.550+0000][2113.967s][info ][safepoint   ] Safepoint "Cleanup", Time since last: 1000184386 ns, Reaching safepoint: 167010 ns, Cleanup: 23094 ns, At safepoint: 4539 ns, Total: 194643 ns
[2025-12-05T09:17:59.359+0000][2127.775s][debug][safepoint   ] Safepoint synchronization initiated using futex wait barrier. (251 threads)
[2025-12-05T09:17:59.359+0000][2127.776s][info ][gc,start    ] GC(98) Pause Young (Mixed) (G1 Evacuation Pause)
[2025-12-05T09:17:59.359+0000][2127.776s][info ][gc,task     ] GC(98) Using 13 workers of 13 for evacuation
[2025-12-05T09:17:59.394+0000][2127.811s][info ][gc,phases   ] GC(98)   Pre Evacuate Collection Set: 0.5ms
[2025-12-05T09:17:59.394+0000][2127.811s][info ][gc,phases   ] GC(98)   Merge Heap Roots: 0.6ms
[2025-12-05T09:17:59.394+0000][2127.811s][info ][gc,phases   ] GC(98)   Evacuate Collection Set: 31.6ms
[2025-12-05T09:17:59.394+0000][2127.811s][info ][gc,phases   ] GC(98)   Post Evacuate Collection Set: 2.4ms
[2025-12-05T09:17:59.394+0000][2127.811s][info ][gc,phases   ] GC(98)   Other: 0.3ms
[2025-12-05T09:17:59.394+0000][2127.811s][info ][gc,heap     ] GC(98) Eden regions: 26->0(314)
[2025-12-05T09:17:59.394+0000][2127.811s][info ][gc,heap     ] GC(98) Survivor regions: 3->3(4)
[2025-12-05T09:17:59.394+0000][2127.811s][info ][gc,heap     ] GC(98) Old regions: 186->155
[2025-12-05T09:17:59.394+0000][2127.811s][info ][gc,heap     ] GC(98) Archive regions: 2->2
[2025-12-05T09:17:59.394+0000][2127.811s][info ][gc,heap     ] GC(98) Humongous regions: 0->0
[2025-12-05T09:17:59.394+0000][2127.811s][info ][gc,metaspace] GC(98) Metaspace: 197071K(199040K)->197071K(199040K) NonClass: 173298K(174400K)->173298K(174400K) Class: 23772K(24640K)->23772K(24640K)
[2025-12-05T09:17:59.394+0000][2127.811s][info ][gc          ] GC(98) Pause Young (Mixed) (G1 Evacuation Pause) 214M->157M(587M) 35.541ms
[2025-12-05T09:17:59.394+0000][2127.811s][info ][gc,cpu      ] GC(98) User=0.39s Sys=0.00s Real=0.04s
[2025-12-05T09:17:59.396+0000][2127.813s][info ][safepoint   ] Safepoint "G1CollectForAllocation", Time since last: 13808591393 ns, Reaching safepoint: 197087 ns, Cleanup: 6863 ns, At safepoint: 37185038 ns, Total: 37388988 ns
[2025-12-05T09:18:07.396+0000][2135.814s][debug][safepoint   ] Safepoint synchronization initiated using futex wait barrier. (251 threads)
[2025-12-05T09:18:07.396+0000][2135.815s][info ][safepoint   ] Safepoint "Cleanup", Time since last: 8001405760 ns, Reaching safepoint: 272552 ns, Cleanup: 89091 ns, At safepoint: 8406 ns, Total: 370049 ns
[2025-12-05T09:18:10.955+0000][2139.374s][debug][safepoint   ] Safepoint synchronization initiated using futex wait barrier. (250 threads)
[2025-12-05T09:18:10.956+0000][2139.374s][info ][safepoint   ] Safepoint "Cleanup", Time since last: 3559105583 ns, Reaching safepoint: 196999 ns, Cleanup: 95503 ns, At safepoint: 45077 ns, Total: 337579 ns
[2025-12-05T09:18:11.637+0000][2140.056s][debug][safepoint   ] Safepoint synchronization initiated using futex wait barrier. (252 threads)
[2025-12-05T09:18:11.637+0000][2140.056s][info ][gc,start    ] GC(99) Pause Young (Concurrent Start) (G1 Humongous Allocation)
[2025-12-05T09:18:11.637+0000][2140.056s][info ][gc,task     ] GC(99) Using 13 workers of 13 for evacuation
[2025-12-05T09:18:11.646+0000][2140.065s][info ][gc,phases   ] GC(99)   Pre Evacuate Collection Set: 0.7ms
[2025-12-05T09:18:11.646+0000][2140.065s][info ][gc,phases   ] GC(99)   Merge Heap Roots: 0.3ms
[2025-12-05T09:18:11.646+0000][2140.065s][info ][gc,phases   ] GC(99)   Evacuate Collection Set: 4.4ms
[2025-12-05T09:18:11.646+0000][2140.065s][info ][gc,phases   ] GC(99)   Post Evacuate Collection Set: 2.8ms
[2025-12-05T09:18:11.646+0000][2140.065s][info ][gc,phases   ] GC(99)   Other: 0.6ms
[2025-12-05T09:18:11.646+0000][2140.065s][info ][gc,heap     ] GC(99) Eden regions: 101->0(319)
[2025-12-05T09:18:11.646+0000][2140.065s][info ][gc,heap     ] GC(99) Survivor regions: 3->6(40)
[2025-12-05T09:18:11.646+0000][2140.065s][info ][gc,heap     ] GC(99) Old regions: 155->155
[2025-12-05T09:18:11.646+0000][2140.065s][info ][gc,heap     ] GC(99) Archive regions: 2->2
[2025-12-05T09:18:11.646+0000][2140.065s][info ][gc,heap     ] GC(99) Humongous regions: 0->0
[2025-12-05T09:18:11.646+0000][2140.065s][info ][gc,metaspace] GC(99) Metaspace: 201804K(202944K)->201804K(202944K) NonClass: 177436K(178048K)->177436K(178048K) Class: 24367K(24896K)->24367K(24896K)
[2025-12-05T09:18:11.646+0000][2140.065s][info ][gc          ] GC(99) Pause Young (Concurrent Start) (G1 Humongous Allocation) 258M->160M(587M) 8.972ms
[2025-12-05T09:18:11.647+0000][2140.065s][info ][gc,cpu      ] GC(99) User=0.08s Sys=0.00s Real=0.01s
[2025-12-05T09:18:11.647+0000][2140.065s][info ][gc          ] GC(100) Concurrent Mark Cycle
[2025-12-05T09:18:11.647+0000][2140.065s][info ][gc,marking  ] GC(100) Concurrent Clear Claimed Marks
[2025-12-05T09:18:11.647+0000][2140.065s][info ][gc,marking  ] GC(100) Concurrent Clear Claimed Marks 0.319ms
[2025-12-05T09:18:11.647+0000][2140.065s][info ][gc,marking  ] GC(100) Concurrent Scan Root Regions
[2025-12-05T09:18:11.648+0000][2140.066s][info ][safepoint   ] Safepoint "G1TryInitiateConcMark", Time since last: 681540104 ns, Reaching safepoint: 119650 ns, Cleanup: 83029 ns, At safepoint: 10480555 ns, Total: 10683234 ns
[2025-12-05T09:18:11.652+0000][2140.071s][info ][gc,marking  ] GC(100) Concurrent Scan Root Regions 5.370ms
[2025-12-05T09:18:11.653+0000][2140.071s][info ][gc,marking  ] GC(100) Concurrent Mark
[2025-12-05T09:18:11.653+0000][2140.071s][info ][gc,marking  ] GC(100) Concurrent Mark From Roots
[2025-12-05T09:18:11.653+0000][2140.071s][info ][gc,task     ] GC(100) Using 3 workers of 3 for marking
[2025-12-05T09:18:11.738+0000][2140.157s][info ][gc,marking  ] GC(100) Concurrent Mark From Roots 85.811ms
[2025-12-05T09:18:11.738+0000][2140.157s][info ][gc,marking  ] GC(100) Concurrent Preclean
[2025-12-05T09:18:11.739+0000][2140.157s][info ][gc,marking  ] GC(100) Concurrent Preclean 0.454ms
[2025-12-05T09:18:11.739+0000][2140.157s][debug][safepoint   ] Safepoint synchronization initiated using futex wait barrier. (252 threads)
[2025-12-05T09:18:11.739+0000][2140.158s][info ][gc,start    ] GC(100) Pause Remark
[2025-12-05T09:18:11.751+0000][2140.169s][info ][gc          ] GC(100) Pause Remark 169M->169M(574M) 11.498ms
[2025-12-05T09:18:11.751+0000][2140.169s][info ][gc,cpu      ] GC(100) User=0.14s Sys=0.00s Real=0.02s
[2025-12-05T09:18:11.752+0000][2140.170s][info ][safepoint   ] Safepoint "G1PauseRemark", Time since last: 91174226 ns, Reaching safepoint: 175226 ns, Cleanup: 32202 ns, At safepoint: 12372409 ns, Total: 12579837 ns
[2025-12-05T09:18:11.752+0000][2140.170s][info ][gc,marking  ] GC(100) Concurrent Mark 99.232ms
[2025-12-05T09:18:11.752+0000][2140.170s][info ][gc,marking  ] GC(100) Concurrent Rebuild Remembered Sets
[2025-12-05T09:18:11.800+0000][2140.218s][info ][gc,marking  ] GC(100) Concurrent Rebuild Remembered Sets 48.192ms
[2025-12-05T09:18:11.800+0000][2140.219s][debug][safepoint   ] Safepoint synchronization initiated using futex wait barrier. (252 threads)
[2025-12-05T09:18:11.800+0000][2140.219s][info ][gc,start    ] GC(100) Pause Cleanup
[2025-12-05T09:18:11.801+0000][2140.219s][info ][gc          ] GC(100) Pause Cleanup 173M->173M(574M) 0.415ms
[2025-12-05T09:18:11.801+0000][2140.219s][info ][gc,cpu      ] GC(100) User=0.01s Sys=0.00s Real=0.00s
[2025-12-05T09:18:11.801+0000][2140.219s][info ][safepoint   ] Safepoint "G1PauseCleanup", Time since last: 48565011 ns, Reaching safepoint: 148486 ns, Cleanup: 21912 ns, At safepoint: 577390 ns, Total: 747788 ns
[2025-12-05T09:18:11.801+0000][2140.219s][info ][gc,marking  ] GC(100) Concurrent Cleanup for Next Mark
[2025-12-05T09:18:11.807+0000][2140.226s][info ][gc,marking  ] GC(100) Concurrent Cleanup for Next Mark 6.449ms
[2025-12-05T09:18:11.808+0000][2140.226s][info ][gc          ] GC(100) Concurrent Mark Cycle 160.918ms
[2025-12-05T09:18:12.276+0000][2140.694s][debug][safepoint   ] Safepoint synchronization initiated using futex wait barrier. (253 threads)
[2025-12-05T09:18:12.276+0000][2140.695s][info ][safepoint   ] Safepoint "ICBufferFull", Time since last: 474930172 ns, Reaching safepoint: 102166 ns, Cleanup: 159326 ns, At safepoint: 23445 ns, Total: 284937 ns
[2025-12-05T09:18:13.276+0000][2141.695s][debug][safepoint   ] Safepoint synchronization initiated using futex wait barrier. (255 threads)
[2025-12-05T09:18:13.277+0000][2141.695s][info ][safepoint   ] Safepoint "Cleanup", Time since last: 1000358671 ns, Reaching safepoint: 263507 ns, Cleanup: 102507 ns, At safepoint: 6162 ns, Total: 372176 ns
[2025-12-05T09:18:15.909+0000][2144.327s][debug][safepoint   ] Safepoint synchronization initiated using futex wait barrier. (252 threads)
[2025-12-05T09:18:15.909+0000][2144.327s][info ][safepoint   ] Safepoint "Cleanup", Time since last: 2631796623 ns, Reaching safepoint: 242445 ns, Cleanup: 60747 ns, At safepoint: 97738 ns, Total: 400930 ns
[2025-12-05T09:18:16.916+0000][2145.334s][debug][safepoint   ] Safepoint synchronization initiated using futex wait barrier. (253 threads)
[2025-12-05T09:18:16.916+0000][2145.335s][info ][safepoint   ] Safepoint "Cleanup", Time since last: 1006935434 ns, Reaching safepoint: 283564 ns, Cleanup: 197119 ns, At safepoint: 6082 ns, Total: 486765 ns
[2025-12-05T09:18:17.917+0000][2146.335s][debug][safepoint   ] Safepoint synchronization initiated using futex wait barrier. (253 threads)
[2025-12-05T09:18:17.917+0000][2146.335s][info ][safepoint   ] Safepoint "Cleanup", Time since last: 1000261960 ns, Reaching safepoint: 256983 ns, Cleanup: 32863 ns, At safepoint: 9739 ns, Total: 299585 ns
[2025-12-05T09:18:22.918+0000][2151.336s][debug][safepoint   ] Safepoint synchronization initiated using futex wait barrier. (251 threads)
[2025-12-05T09:18:22.918+0000][2151.336s][info ][safepoint   ] Safepoint "Cleanup", Time since last: 5000790135 ns, Reaching safepoint: 150179 ns, Cleanup: 19017 ns, At safepoint: 5580 ns, Total: 174776 ns
[2025-12-05T09:18:28.919+0000][2157.338s][debug][safepoint   ] Safepoint synchronization initiated using futex wait barrier. (251 threads)
[2025-12-05T09:18:28.920+0000][2157.338s][info ][safepoint   ] Safepoint "Cleanup", Time since last: 6001305214 ns, Reaching safepoint: 161309 ns, Cleanup: 70345 ns, At safepoint: 6432 ns, Total: 238086 ns
[2025-12-05T09:18:30.918+0000][2159.338s][debug][safepoint   ] Safepoint synchronization initiated using futex wait barrier. (251 threads)
[2025-12-05T09:18:30.919+0000][2159.338s][info ][safepoint   ] Safepoint "Cleanup", Time since last: 2000279107 ns, Reaching safepoint: 132504 ns, Cleanup: 23084 ns, At safepoint: 4849 ns, Total: 160437 ns
[2025-12-05T09:18:31.919+0000][2160.339s][debug][safepoint   ] Safepoint synchronization initiated using futex wait barrier. (251 threads)
[2025-12-05T09:18:31.919+0000][2160.339s][info ][safepoint   ] Safepoint "Cleanup", Time since last: 1000185597 ns, Reaching safepoint: 178723 ns, Cleanup: 39535 ns, At safepoint: 7004 ns, Total: 225262 ns
[2025-12-05T09:18:33.904+0000][2162.324s][debug][safepoint   ] Safepoint synchronization initiated using futex wait barrier. (251 threads)
[2025-12-05T09:18:33.905+0000][2162.325s][info ][safepoint   ] Safepoint "Cleanup", Time since last: 1984895025 ns, Reaching safepoint: 487564 ns, Cleanup: 86676 ns, At safepoint: 277932 ns, Total: 852172 ns
[2025-12-05T09:18:37.905+0000][2166.325s][debug][safepoint   ] Safepoint synchronization initiated using futex wait barrier. (251 threads)
[2025-12-05T09:18:37.905+0000][2166.325s][info ][safepoint   ] Safepoint "Cleanup", Time since last: 4000581619 ns, Reaching safepoint: 150919 ns, Cleanup: 22764 ns, At safepoint: 6903 ns, Total: 180586 ns
[2025-12-05T09:18:42.906+0000][2171.326s][debug][safepoint   ] Safepoint synchronization initiated using futex wait barrier. (251 threads)
[2025-12-05T09:18:42.906+0000][2171.326s][info ][safepoint   ] Safepoint "Cleanup", Time since last: 5000848902 ns, Reaching safepoint: 122645 ns, Cleanup: 26130 ns, At safepoint: 4599 ns, Total: 153374 ns
[2025-12-05T09:18:48.908+0000][2177.328s][debug][safepoint   ] Safepoint synchronization initiated using futex wait barrier. (251 threads)
[2025-12-05T09:18:48.908+0000][2177.328s][info ][safepoint   ] Safepoint "Cleanup", Time since last: 6001215361 ns, Reaching safepoint: 161179 ns, Cleanup: 55697 ns, At safepoint: 4839 ns, Total: 221715 ns
[2025-12-05T09:18:53.909+0000][2182.329s][debug][safepoint   ] Safepoint synchronization initiated using futex wait barrier. (251 threads)
[2025-12-05T09:18:53.909+0000][2182.329s][info ][safepoint   ] Safepoint "Cleanup", Time since last: 5000872655 ns, Reaching safepoint: 228759 ns, Cleanup: 26811 ns, At safepoint: 7204 ns, Total: 262774 ns
[2025-12-05T09:19:06.909+0000][2195.331s][debug][safepoint   ] Safepoint synchronization initiated using futex wait barrier. (251 threads)
[2025-12-05T09:19:06.909+0000][2195.331s][info ][safepoint   ] Safepoint "Cleanup", Time since last: 13001873141 ns, Reaching safepoint: 164575 ns, Cleanup: 30318 ns, At safepoint: 4770 ns, Total: 199663 ns
[2025-12-05T09:19:12.910+0000][2201.332s][debug][safepoint   ] Safepoint synchronization initiated using futex wait barrier. (249 threads)
[2025-12-05T09:19:12.910+0000][2201.332s][info ][safepoint   ] Safepoint "Cleanup", Time since last: 6001150329 ns, Reaching safepoint: 110952 ns, Cleanup: 14197 ns, At safepoint: 3697 ns, Total: 128846 ns
[2025-12-05T09:19:13.910+0000][2202.332s][debug][safepoint   ] Safepoint synchronization initiated using futex wait barrier. (249 threads)
[2025-12-05T09:19:13.911+0000][2202.333s][info ][safepoint   ] Safepoint "Cleanup", Time since last: 1000193941 ns, Reaching safepoint: 123887 ns, Cleanup: 24487 ns, At safepoint: 4208 ns, Total: 152582 ns
[2025-12-05T09:19:23.912+0000][2212.334s][debug][safepoint   ] Safepoint synchronization initiated using futex wait barrier. (249 threads)
[2025-12-05T09:19:23.912+0000][2212.334s][info ][safepoint   ] Safepoint "Cleanup", Time since last: 10001491313 ns, Reaching safepoint: 213298 ns, Cleanup: 30940 ns, At safepoint: 6672 ns, Total: 250910 ns
[2025-12-05T09:19:27.913+0000][2216.335s][debug][safepoint   ] Safepoint synchronization initiated using futex wait barrier. (249 threads)
[2025-12-05T09:19:27.913+0000][2216.335s][info ][safepoint   ] Safepoint "Cleanup", Time since last: 4000573410 ns, Reaching safepoint: 156600 ns, Cleanup: 17824 ns, At safepoint: 4839 ns, Total: 179263 ns
[2025-12-05T09:19:28.913+0000][2217.335s][debug][safepoint   ] Safepoint synchronization initiated using futex wait barrier. (249 threads)
[2025-12-05T09:19:28.913+0000][2217.336s][info ][safepoint   ] Safepoint "Cleanup", Time since last: 1000211970 ns, Reaching safepoint: 167420 ns, Cleanup: 23636 ns, At safepoint: 5150 ns, Total: 196206 ns
[2025-12-05T09:19:31.913+0000][2220.336s][debug][safepoint   ] Safepoint synchronization initiated using futex wait barrier. (248 threads)
[2025-12-05T09:19:31.913+0000][2220.336s][info ][safepoint   ] Safepoint "Cleanup", Time since last: 3000407188 ns, Reaching safepoint: 98188 ns, Cleanup: 13907 ns, At safepoint: 4789 ns, Total: 116884 ns
[2025-12-05T09:19:32.913+0000][2221.336s][debug][safepoint   ] Safepoint synchronization initiated using futex wait barrier. (247 threads)
[2025-12-05T09:19:32.913+0000][2221.336s][info ][safepoint   ] Safepoint "Cleanup", Time since last: 1000169377 ns, Reaching safepoint: 202668 ns, Cleanup: 28825 ns, At safepoint: 6974 ns, Total: 238467 ns
[2025-12-05T09:19:42.938+0000][2231.361s][debug][safepoint   ] Safepoint synchronization initiated using futex wait barrier. (247 threads)
[2025-12-05T09:19:42.938+0000][2231.362s][info ][safepoint   ] Safepoint "Cleanup", Time since last: 10024859636 ns, Reaching safepoint: 181869 ns, Cleanup: 16231 ns, At safepoint: 5831 ns, Total: 203931 ns
[2025-12-05T09:19:43.938+0000][2232.362s][debug][safepoint   ] Safepoint synchronization initiated using futex wait barrier. (247 threads)
[2025-12-05T09:19:43.938+0000][2232.362s][info ][safepoint   ] Safepoint "Cleanup", Time since last: 1000160127 ns, Reaching safepoint: 104320 ns, Cleanup: 11582 ns, At safepoint: 3607 ns, Total: 119509 ns
[2025-12-05T09:19:45.939+0000][2234.362s][debug][safepoint   ] Safepoint synchronization initiated using futex wait barrier. (247 threads)
[2025-12-05T09:19:45.939+0000][2234.363s][info ][safepoint   ] Safepoint "Cleanup", Time since last: 2000426678 ns, Reaching safepoint: 277382 ns, Cleanup: 20719 ns, At safepoint: 5531 ns, Total: 303632 ns
[2025-12-05T09:19:49.940+0000][2238.363s][debug][safepoint   ] Safepoint synchronization initiated using futex wait barrier. (247 threads)
[2025-12-05T09:19:49.940+0000][2238.363s][info ][safepoint   ] Safepoint "Cleanup", Time since last: 4000804801 ns, Reaching safepoint: 141752 ns, Cleanup: 17293 ns, At safepoint: 5009 ns, Total: 164054 ns
[2025-12-05T09:20:14.944+0000][2263.370s][debug][safepoint   ] Safepoint synchronization initiated using futex wait barrier. (247 threads)
[2025-12-05T09:20:14.945+0000][2263.370s][info ][safepoint   ] Safepoint "Cleanup", Time since last: 25006431077 ns, Reaching safepoint: 239008 ns, Cleanup: 26310 ns, At safepoint: 5300 ns, Total: 270618 ns
[2025-12-05T09:20:15.945+0000][2264.370s][debug][safepoint   ] Safepoint synchronization initiated using futex wait barrier. (249 threads)
[2025-12-05T09:20:15.945+0000][2264.371s][info ][safepoint   ] Safepoint "Cleanup", Time since last: 1000186794 ns, Reaching safepoint: 153364 ns, Cleanup: 43654 ns, At safepoint: 4819 ns, Total: 201837 ns
[2025-12-05T09:20:19.946+0000][2268.371s][debug][safepoint   ] Safepoint synchronization initiated using futex wait barrier. (248 threads)
[2025-12-05T09:20:19.946+0000][2268.371s][info ][safepoint   ] Safepoint "Cleanup", Time since last: 4000597142 ns, Reaching safepoint: 206656 ns, Cleanup: 26091 ns, At safepoint: 6151 ns, Total: 238898 ns
[2025-12-05T09:20:31.946+0000][2280.373s][debug][safepoint   ] Safepoint synchronization initiated using futex wait barrier. (248 threads)
[2025-12-05T09:20:31.947+0000][2280.374s][info ][safepoint   ] Safepoint "Cleanup", Time since last: 12001979937 ns, Reaching safepoint: 290206 ns, Cleanup: 29135 ns, At safepoint: 6503 ns, Total: 325844 ns
[2025-12-05T09:20:33.970+0000][2282.397s][debug][safepoint   ] Safepoint synchronization initiated using futex wait barrier. (250 threads)
[2025-12-05T09:20:33.970+0000][2282.397s][info ][safepoint   ] Safepoint "Cleanup", Time since last: 2023409450 ns, Reaching safepoint: 110361 ns, Cleanup: 42371 ns, At safepoint: 3667 ns, Total: 156399 ns
[2025-12-05T09:20:34.970+0000][2283.397s][debug][safepoint   ] Safepoint synchronization initiated using futex wait barrier. (250 threads)
[2025-12-05T09:20:34.971+0000][2283.398s][info ][safepoint   ] Safepoint "Cleanup", Time since last: 1000148316 ns, Reaching safepoint: 157712 ns, Cleanup: 14257 ns, At safepoint: 40628 ns, Total: 212597 ns
[2025-12-05T09:20:36.971+0000][2285.398s][debug][safepoint   ] Safepoint synchronization initiated using futex wait barrier. (249 threads)
[2025-12-05T09:20:36.971+0000][2285.398s][info ][safepoint   ] Safepoint "Cleanup", Time since last: 2000365101 ns, Reaching safepoint: 152171 ns, Cleanup: 20099 ns, At safepoint: 5580 ns, Total: 177850 ns
[2025-12-05T09:20:37.971+0000][2286.398s][debug][safepoint   ] Safepoint synchronization initiated using futex wait barrier. (249 threads)
[2025-12-05T09:20:37.971+0000][2286.399s][info ][safepoint   ] Safepoint "Cleanup", Time since last: 1000193990 ns, Reaching safepoint: 168122 ns, Cleanup: 17844 ns, At safepoint: 6452 ns, Total: 192418 ns
[2025-12-05T09:20:40.500+0000][2288.927s][debug][safepoint   ] Safepoint synchronization initiated using futex wait barrier. (250 threads)
[2025-12-05T09:20:40.500+0000][2288.927s][info ][safepoint   ] Safepoint "Cleanup", Time since last: 2528246739 ns, Reaching safepoint: 97587 ns, Cleanup: 30498 ns, At safepoint: 24908 ns, Total: 152993 ns
[2025-12-05T09:20:41.500+0000][2289.927s][debug][safepoint   ] Safepoint synchronization initiated using futex wait barrier. (250 threads)
[2025-12-05T09:20:41.500+0000][2289.927s][info ][safepoint   ] Safepoint "Cleanup", Time since last: 1000178160 ns, Reaching safepoint: 123717 ns, Cleanup: 87548 ns, At safepoint: 4158 ns, Total: 215423 ns
[2025-12-05T09:20:42.500+0000][2290.928s][debug][safepoint   ] Safepoint synchronization initiated using futex wait barrier. (249 threads)
[2025-12-05T09:20:42.501+0000][2290.928s][info ][safepoint   ] Safepoint "Cleanup", Time since last: 1000196916 ns, Reaching safepoint: 229230 ns, Cleanup: 50346 ns, At safepoint: 6272 ns, Total: 285848 ns
[2025-12-05T09:20:43.501+0000][2291.928s][debug][safepoint   ] Safepoint synchronization initiated using futex wait barrier. (250 threads)
[2025-12-05T09:20:43.501+0000][2291.928s][info ][safepoint   ] Safepoint "Cleanup", Time since last: 1000182157 ns, Reaching safepoint: 173162 ns, Cleanup: 50858 ns, At safepoint: 4679 ns, Total: 228699 ns
[2025-12-05T09:20:45.009+0000][2293.436s][debug][safepoint   ] Safepoint synchronization initiated using futex wait barrier. (250 threads)
[2025-12-05T09:20:45.009+0000][2293.437s][info ][safepoint   ] Safepoint "Cleanup", Time since last: 1507940933 ns, Reaching safepoint: 129949 ns, Cleanup: 16292 ns, At safepoint: 227245 ns, Total: 373486 ns
[2025-12-05T09:21:05.351+0000][2313.780s][debug][safepoint   ] Safepoint synchronization initiated using futex wait barrier. (248 threads)
[2025-12-05T09:21:05.352+0000][2313.780s][info ][gc,start    ] GC(101) Pause Young (Prepare Mixed) (G1 Evacuation Pause)
[2025-12-05T09:21:05.352+0000][2313.780s][info ][gc,task     ] GC(101) Using 13 workers of 13 for evacuation
[2025-12-05T09:21:05.367+0000][2313.795s][info ][gc,phases   ] GC(101)   Pre Evacuate Collection Set: 0.6ms
[2025-12-05T09:21:05.367+0000][2313.795s][info ][gc,phases   ] GC(101)   Merge Heap Roots: 0.8ms
[2025-12-05T09:21:05.367+0000][2313.795s][info ][gc,phases   ] GC(101)   Evacuate Collection Set: 8.0ms
[2025-12-05T09:21:05.367+0000][2313.795s][info ][gc,phases   ] GC(101)   Post Evacuate Collection Set: 5.3ms
[2025-12-05T09:21:05.367+0000][2313.795s][info ][gc,phases   ] GC(101)   Other: 0.5ms
[2025-12-05T09:21:05.367+0000][2313.795s][info ][gc,heap     ] GC(101) Eden regions: 319->0(23)
[2025-12-05T09:21:05.367+0000][2313.795s][info ][gc,heap     ] GC(101) Survivor regions: 6->5(41)
[2025-12-05T09:21:05.367+0000][2313.795s][info ][gc,heap     ] GC(101) Old regions: 155->155
[2025-12-05T09:21:05.367+0000][2313.795s][info ][gc,heap     ] GC(101) Archive regions: 2->2
[2025-12-05T09:21:05.367+0000][2313.795s][info ][gc,heap     ] GC(101) Humongous regions: 2->2
[2025-12-05T09:21:05.367+0000][2313.795s][info ][gc,metaspace] GC(101) Metaspace: 203465K(204608K)->203465K(204608K) NonClass: 179005K(179648K)->179005K(179648K) Class: 24460K(24960K)->24460K(24960K)
[2025-12-05T09:21:05.367+0000][2313.796s][info ][gc          ] GC(101) Pause Young (Prepare Mixed) (G1 Evacuation Pause) 481M->162M(574M) 15.424ms
[2025-12-05T09:21:05.367+0000][2313.796s][info ][gc,cpu      ] GC(101) User=0.11s Sys=0.00s Real=0.01s
[2025-12-05T09:21:05.367+0000][2313.796s][info ][safepoint   ] Safepoint "G1CollectForAllocation", Time since last: 20343180250 ns, Reaching safepoint: 132584 ns, Cleanup: 12965 ns, At safepoint: 15981235 ns, Total: 16126784 ns
[2025-12-05T09:21:11.368+0000][2319.797s][debug][safepoint   ] Safepoint synchronization initiated using futex wait barrier. (248 threads)
[2025-12-05T09:21:11.369+0000][2319.797s][info ][safepoint   ] Safepoint "Cleanup", Time since last: 6000937816 ns, Reaching safepoint: 114619 ns, Cleanup: 42442 ns, At safepoint: 3847 ns, Total: 160908 ns
[2025-12-05T09:21:13.128+0000][2321.556s][debug][safepoint   ] Safepoint synchronization initiated using futex wait barrier. (248 threads)
[2025-12-05T09:21:13.128+0000][2321.557s][debug][safepoint   ] ... found polling page loop exception at pc = 0x0000706eb94c5b5e, stub =0x0000706eb8a04400
[2025-12-05T09:21:13.128+0000][2321.557s][info ][safepoint   ] Safepoint "Cleanup", Time since last: 1759364885 ns, Reaching safepoint: 267261 ns, Cleanup: 32122 ns, At safepoint: 32602 ns, Total: 331985 ns
[2025-12-05T09:21:13.255+0000][2321.683s][debug][safepoint   ] Safepoint synchronization initiated using futex wait barrier. (249 threads)
[2025-12-05T09:21:13.255+0000][2321.683s][info ][gc,start    ] GC(102) Pause Young (Mixed) (G1 Evacuation Pause)
[2025-12-05T09:21:13.255+0000][2321.683s][info ][gc,task     ] GC(102) Using 13 workers of 13 for evacuation
[2025-12-05T09:21:13.281+0000][2321.709s][info ][gc,phases   ] GC(102)   Pre Evacuate Collection Set: 0.5ms
[2025-12-05T09:21:13.281+0000][2321.709s][info ][gc,phases   ] GC(102)   Merge Heap Roots: 1.4ms
[2025-12-05T09:21:13.281+0000][2321.709s][info ][gc,phases   ] GC(102)   Evacuate Collection Set: 20.4ms
[2025-12-05T09:21:13.281+0000][2321.709s][info ][gc,phases   ] GC(102)   Post Evacuate Collection Set: 3.2ms
[2025-12-05T09:21:13.281+0000][2321.709s][info ][gc,phases   ] GC(102)   Other: 0.3ms
[2025-12-05T09:21:13.281+0000][2321.709s][info ][gc,heap     ] GC(102) Eden regions: 23->0(320)
[2025-12-05T09:21:13.281+0000][2321.709s][info ][gc,heap     ] GC(102) Survivor regions: 5->2(4)
[2025-12-05T09:21:13.281+0000][2321.709s][info ][gc,heap     ] GC(102) Old regions: 155->155
[2025-12-05T09:21:13.281+0000][2321.709s][info ][gc,heap     ] GC(102) Archive regions: 2->2
[2025-12-05T09:21:13.281+0000][2321.709s][info ][gc,heap     ] GC(102) Humongous regions: 2->0
[2025-12-05T09:21:13.281+0000][2321.709s][info ][gc,metaspace] GC(102) Metaspace: 203514K(204608K)->203514K(204608K) NonClass: 179050K(179648K)->179050K(179648K) Class: 24464K(24960K)->24464K(24960K)
[2025-12-05T09:21:13.281+0000][2321.709s][info ][gc          ] GC(102) Pause Young (Mixed) (G1 Evacuation Pause) 185M->156M(574M) 25.949ms
[2025-12-05T09:21:13.281+0000][2321.709s][info ][gc,cpu      ] GC(102) User=0.23s Sys=0.01s Real=0.03s
[2025-12-05T09:21:13.283+0000][2321.711s][info ][safepoint   ] Safepoint "G1CollectForAllocation", Time since last: 126320302 ns, Reaching safepoint: 161730 ns, Cleanup: 110321 ns, At safepoint: 27634766 ns, Total: 27906817 ns
[2025-12-05T09:21:13.291+0000][2321.719s][debug][safepoint   ] Safepoint synchronization initiated using futex wait barrier. (250 threads)
[2025-12-05T09:21:13.291+0000][2321.719s][debug][safepoint   ] ... found polling page loop exception at pc = 0x0000706eb98711ad, stub =0x0000706eb8a04400
[2025-12-05T09:21:13.291+0000][2321.720s][info ][gc,start    ] GC(103) Pause Young (Concurrent Start) (G1 Humongous Allocation)
[2025-12-05T09:21:13.291+0000][2321.720s][info ][gc,task     ] GC(103) Using 13 workers of 13 for evacuation
[2025-12-05T09:21:13.299+0000][2321.728s][info ][gc,phases   ] GC(103)   Pre Evacuate Collection Set: 0.7ms
[2025-12-05T09:21:13.299+0000][2321.728s][info ][gc,phases   ] GC(103)   Merge Heap Roots: 0.4ms
[2025-12-05T09:21:13.299+0000][2321.728s][info ][gc,phases   ] GC(103)   Evacuate Collection Set: 5.0ms
[2025-12-05T09:21:13.299+0000][2321.728s][info ][gc,phases   ] GC(103)   Post Evacuate Collection Set: 1.7ms
[2025-12-05T09:21:13.299+0000][2321.728s][info ][gc,phases   ] GC(103)   Other: 0.4ms
[2025-12-05T09:21:13.299+0000][2321.728s][info ][gc,heap     ] GC(103) Eden regions: 9->0(327)
[2025-12-05T09:21:13.299+0000][2321.728s][info ][gc,heap     ] GC(103) Survivor regions: 2->2(41)
[2025-12-05T09:21:13.299+0000][2321.728s][info ][gc,heap     ] GC(103) Old regions: 155->155
[2025-12-05T09:21:13.299+0000][2321.728s][info ][gc,heap     ] GC(103) Archive regions: 2->2
[2025-12-05T09:21:13.299+0000][2321.728s][info ][gc,heap     ] GC(103) Humongous regions: 0->0
[2025-12-05T09:21:13.299+0000][2321.728s][info ][gc,metaspace] GC(103) Metaspace: 203516K(204608K)->203516K(204608K) NonClass: 179052K(179648K)->179052K(179648K) Class: 24464K(24960K)->24464K(24960K)
[2025-12-05T09:21:13.300+0000][2321.728s][info ][gc          ] GC(103) Pause Young (Concurrent Start) (G1 Humongous Allocation) 165M->156M(574M) 8.332ms
[2025-12-05T09:21:13.300+0000][2321.728s][info ][gc,cpu      ] GC(103) User=0.05s Sys=0.00s Real=0.01s
[2025-12-05T09:21:13.300+0000][2321.728s][info ][gc          ] GC(104) Concurrent Mark Cycle
[2025-12-05T09:21:13.300+0000][2321.728s][info ][gc,marking  ] GC(104) Concurrent Clear Claimed Marks
[2025-12-05T09:21:13.300+0000][2321.729s][info ][gc,marking  ] GC(104) Concurrent Clear Claimed Marks 0.255ms
[2025-12-05T09:21:13.300+0000][2321.729s][info ][gc,marking  ] GC(104) Concurrent Scan Root Regions
[2025-12-05T09:21:13.300+0000][2321.729s][info ][safepoint   ] Safepoint "G1TryInitiateConcMark", Time since last: 8353077 ns, Reaching safepoint: 220563 ns, Cleanup: 9408 ns, At safepoint: 9119848 ns, Total: 9349819 ns
[2025-12-05T09:21:13.306+0000][2321.735s][info ][gc,marking  ] GC(104) Concurrent Scan Root Regions 6.007ms
[2025-12-05T09:21:13.306+0000][2321.735s][info ][gc,marking  ] GC(104) Concurrent Mark
[2025-12-05T09:21:13.306+0000][2321.735s][info ][gc,marking  ] GC(104) Concurrent Mark From Roots
[2025-12-05T09:21:13.306+0000][2321.735s][info ][gc,task     ] GC(104) Using 3 workers of 3 for marking
[2025-12-05T09:21:13.462+0000][2321.891s][info ][gc,marking  ] GC(104) Concurrent Mark From Roots 155.938ms
[2025-12-05T09:21:13.462+0000][2321.891s][info ][gc,marking  ] GC(104) Concurrent Preclean
[2025-12-05T09:21:13.463+0000][2321.891s][info ][gc,marking  ] GC(104) Concurrent Preclean 0.584ms
[2025-12-05T09:21:13.463+0000][2321.891s][debug][safepoint   ] Safepoint synchronization initiated using futex wait barrier. (250 threads)
[2025-12-05T09:21:13.463+0000][2321.892s][info ][gc,start    ] GC(104) Pause Remark
[2025-12-05T09:21:13.514+0000][2321.943s][info ][gc          ] GC(104) Pause Remark 195M->195M(574M) 50.813ms
[2025-12-05T09:21:13.514+0000][2321.943s][info ][gc,cpu      ] GC(104) User=0.57s Sys=0.00s Real=0.05s
[2025-12-05T09:21:13.516+0000][2321.944s][info ][safepoint   ] Safepoint "G1PauseRemark", Time since last: 162876306 ns, Reaching safepoint: 129088 ns, Cleanup: 71917 ns, At safepoint: 52675067 ns, Total: 52876072 ns
[2025-12-05T09:21:13.516+0000][2321.945s][info ][gc,marking  ] GC(104) Concurrent Mark 209.838ms
[2025-12-05T09:21:13.516+0000][2321.945s][info ][gc,marking  ] GC(104) Concurrent Rebuild Remembered Sets
[2025-12-05T09:21:13.580+0000][2322.008s][info ][gc,marking  ] GC(104) Concurrent Rebuild Remembered Sets 63.619ms
[2025-12-05T09:21:13.580+0000][2322.008s][debug][safepoint   ] Safepoint synchronization initiated using futex wait barrier. (250 threads)
[2025-12-05T09:21:13.585+0000][2322.013s][info ][gc,start    ] GC(104) Pause Cleanup
[2025-12-05T09:21:13.585+0000][2322.014s][info ][gc          ] GC(104) Pause Cleanup 196M->196M(574M) 0.752ms
[2025-12-05T09:21:13.586+0000][2322.014s][info ][gc,cpu      ] GC(104) User=0.01s Sys=0.00s Real=0.00s
[2025-12-05T09:21:13.586+0000][2322.014s][info ][safepoint   ] Safepoint "G1PauseCleanup", Time since last: 64007370 ns, Reaching safepoint: 4555794 ns, Cleanup: 24798 ns, At safepoint: 1185480 ns, Total: 5766072 ns
[2025-12-05T09:21:13.586+0000][2322.014s][info ][gc,marking  ] GC(104) Concurrent Cleanup for Next Mark
[2025-12-05T09:21:13.589+0000][2322.017s][info ][gc,marking  ] GC(104) Concurrent Cleanup for Next Mark 2.810ms
[2025-12-05T09:21:13.589+0000][2322.017s][info ][gc          ] GC(104) Concurrent Mark Cycle 288.894ms
[2025-12-05T09:21:14.586+0000][2323.014s][debug][safepoint   ] Safepoint synchronization initiated using futex wait barrier. (248 threads)
[2025-12-05T09:21:14.589+0000][2323.017s][info ][safepoint   ] Safepoint "Cleanup", Time since last: 1000189312 ns, Reaching safepoint: 2353859 ns, Cleanup: 148054 ns, At safepoint: 126502 ns, Total: 2628415 ns
[2025-12-05T09:21:15.589+0000][2324.017s][debug][safepoint   ] Safepoint synchronization initiated using futex wait barrier. (249 threads)
[2025-12-05T09:21:15.589+0000][2324.018s][info ][safepoint   ] Safepoint "Cleanup", Time since last: 1000294601 ns, Reaching safepoint: 154776 ns, Cleanup: 100923 ns, At safepoint: 5561 ns, Total: 261260 ns
[2025-12-05T09:21:18.590+0000][2327.018s][debug][safepoint   ] Safepoint synchronization initiated using futex wait barrier. (250 threads)
[2025-12-05T09:21:18.590+0000][2327.018s][info ][safepoint   ] Safepoint "Cleanup", Time since last: 3000478045 ns, Reaching safepoint: 168322 ns, Cleanup: 79653 ns, At safepoint: 31771 ns, Total: 279746 ns
[2025-12-05T09:21:19.590+0000][2328.018s][debug][safepoint   ] Safepoint synchronization initiated using futex wait barrier. (250 threads)
[2025-12-05T09:21:19.590+0000][2328.019s][info ][safepoint   ] Safepoint "Cleanup", Time since last: 1000158258 ns, Reaching safepoint: 97547 ns, Cleanup: 26891 ns, At safepoint: 3887 ns, Total: 128325 ns
[2025-12-05T09:21:26.595+0000][2335.023s][debug][safepoint   ] Safepoint synchronization initiated using futex wait barrier. (249 threads)
[2025-12-05T09:21:26.595+0000][2335.024s][info ][safepoint   ] Safepoint "Cleanup", Time since last: 7004905214 ns, Reaching safepoint: 226503 ns, Cleanup: 41129 ns, At safepoint: 6943 ns, Total: 274575 ns
[2025-12-05T09:21:28.596+0000][2337.024s][debug][safepoint   ] Safepoint synchronization initiated using futex wait barrier. (249 threads)
[2025-12-05T09:21:28.596+0000][2337.024s][info ][safepoint   ] Safepoint "Cleanup", Time since last: 2000248966 ns, Reaching safepoint: 114860 ns, Cleanup: 23665 ns, At safepoint: 3647 ns, Total: 142172 ns
[2025-12-05T09:21:35.005+0000][2343.436s][debug][safepoint   ] Safepoint synchronization initiated using futex wait barrier. (249 threads)
[2025-12-05T09:21:35.006+0000][2343.436s][info ][safepoint   ] Safepoint "Cleanup", Time since last: 6411785981 ns, Reaching safepoint: 217515 ns, Cleanup: 50998 ns, At safepoint: 52390 ns, Total: 320903 ns
[2025-12-05T09:21:36.006+0000][2344.436s][debug][safepoint   ] Safepoint synchronization initiated using futex wait barrier. (249 threads)
[2025-12-05T09:21:36.006+0000][2344.437s][info ][safepoint   ] Safepoint "Cleanup", Time since last: 1000182696 ns, Reaching safepoint: 174504 ns, Cleanup: 37381 ns, At safepoint: 4309 ns, Total: 216194 ns
[2025-12-05T09:21:44.007+0000][2352.438s][debug][safepoint   ] Safepoint synchronization initiated using futex wait barrier. (248 threads)
[2025-12-05T09:21:44.007+0000][2352.438s][info ][safepoint   ] Safepoint "Cleanup", Time since last: 8001273316 ns, Reaching safepoint: 220793 ns, Cleanup: 16502 ns, At safepoint: 4669 ns, Total: 241964 ns
[2025-12-05T09:21:48.008+0000][2356.439s][debug][safepoint   ] Safepoint synchronization initiated using futex wait barrier. (248 threads)
[2025-12-05T09:21:48.008+0000][2356.439s][info ][safepoint   ] Safepoint "Cleanup", Time since last: 4000655982 ns, Reaching safepoint: 184564 ns, Cleanup: 19878 ns, At safepoint: 5681 ns, Total: 210123 ns
[2025-12-05T09:21:53.009+0000][2361.440s][debug][safepoint   ] Safepoint synchronization initiated using futex wait barrier. (249 threads)
[2025-12-05T09:21:53.009+0000][2361.440s][info ][safepoint   ] Safepoint "Cleanup", Time since last: 5000782454 ns, Reaching safepoint: 140950 ns, Cleanup: 15379 ns, At safepoint: 4720 ns, Total: 161049 ns
[2025-12-05T09:21:54.009+0000][2362.440s][debug][safepoint   ] Safepoint synchronization initiated using futex wait barrier. (249 threads)
[2025-12-05T09:21:54.010+0000][2362.440s][info ][safepoint   ] Safepoint "Cleanup", Time since last: 1000187268 ns, Reaching safepoint: 134638 ns, Cleanup: 16441 ns, At safepoint: 4719 ns, Total: 155798 ns
[2025-12-05T09:21:56.010+0000][2364.441s][debug][safepoint   ] Safepoint synchronization initiated using futex wait barrier. (249 threads)
[2025-12-05T09:21:56.010+0000][2364.441s][info ][safepoint   ] Safepoint "Cleanup", Time since last: 2000363883 ns, Reaching safepoint: 136151 ns, Cleanup: 15520 ns, At safepoint: 4308 ns, Total: 155979 ns
[2025-12-05T09:21:57.010+0000][2365.441s][debug][safepoint   ] Safepoint synchronization initiated using futex wait barrier. (249 threads)
[2025-12-05T09:21:57.010+0000][2365.441s][info ][safepoint   ] Safepoint "Cleanup", Time since last: 1000156888 ns, Reaching safepoint: 149066 ns, Cleanup: 24146 ns, At safepoint: 4368 ns, Total: 177580 ns
[2025-12-05T09:22:04.010+0000][2372.442s][debug][safepoint   ] Safepoint synchronization initiated using futex wait barrier. (249 threads)
[2025-12-05T09:22:04.010+0000][2372.443s][info ][safepoint   ] Safepoint "Cleanup", Time since last: 7001238369 ns, Reaching safepoint: 207999 ns, Cleanup: 22383 ns, At safepoint: 5110 ns, Total: 235492 ns
[2025-12-05T09:22:08.011+0000][2376.443s][debug][safepoint   ] Safepoint synchronization initiated using futex wait barrier. (249 threads)
[2025-12-05T09:22:08.011+0000][2376.443s][debug][safepoint   ] ... found polling page loop exception at pc = 0x0000706eb936167a, stub =0x0000706eb8a04400
[2025-12-05T09:22:08.012+0000][2376.444s][info ][safepoint   ] Safepoint "Cleanup", Time since last: 4000544005 ns, Reaching safepoint: 420496 ns, Cleanup: 54704 ns, At safepoint: 79573 ns, Total: 554773 ns
[2025-12-05T09:22:13.012+0000][2381.445s][debug][safepoint   ] Safepoint synchronization initiated using futex wait barrier. (249 threads)
[2025-12-05T09:22:13.013+0000][2381.445s][info ][safepoint   ] Safepoint "Cleanup", Time since last: 5000799854 ns, Reaching safepoint: 181017 ns, Cleanup: 21090 ns, At safepoint: 4559 ns, Total: 206666 ns
[2025-12-05T09:22:14.013+0000][2382.445s][debug][safepoint   ] Safepoint synchronization initiated using futex wait barrier. (249 threads)
[2025-12-05T09:22:14.013+0000][2382.445s][info ][safepoint   ] Safepoint "Cleanup", Time since last: 1000192578 ns, Reaching safepoint: 218158 ns, Cleanup: 16933 ns, At safepoint: 4779 ns, Total: 239870 ns
[2025-12-05T09:22:16.013+0000][2384.446s][debug][safepoint   ] Safepoint synchronization initiated using futex wait barrier. (249 threads)
[2025-12-05T09:22:16.014+0000][2384.446s][info ][safepoint   ] Safepoint "Cleanup", Time since last: 2000328765 ns, Reaching safepoint: 174465 ns, Cleanup: 21210 ns, At safepoint: 5571 ns, Total: 201246 ns
[2025-12-05T09:22:20.620+0000][2389.052s][debug][safepoint   ] Safepoint synchronization initiated using futex wait barrier. (248 threads)
[2025-12-05T09:22:20.620+0000][2389.053s][info ][gc,start    ] GC(105) Pause Young (Prepare Mixed) (G1 Evacuation Pause)
[2025-12-05T09:22:20.621+0000][2389.053s][info ][gc,task     ] GC(105) Using 13 workers of 13 for evacuation
[2025-12-05T09:22:20.636+0000][2389.068s][info ][gc,phases   ] GC(105)   Pre Evacuate Collection Set: 0.6ms
[2025-12-05T09:22:20.636+0000][2389.068s][info ][gc,phases   ] GC(105)   Merge Heap Roots: 0.5ms
[2025-12-05T09:22:20.636+0000][2389.068s][info ][gc,phases   ] GC(105)   Evacuate Collection Set: 10.6ms
[2025-12-05T09:22:20.636+0000][2389.068s][info ][gc,phases   ] GC(105)   Post Evacuate Collection Set: 3.5ms
[2025-12-05T09:22:20.636+0000][2389.068s][info ][gc,phases   ] GC(105)   Other: 0.4ms
[2025-12-05T09:22:20.636+0000][2389.068s][info ][gc,heap     ] GC(105) Eden regions: 327->0(25)
[2025-12-05T09:22:20.636+0000][2389.068s][info ][gc,heap     ] GC(105) Survivor regions: 2->3(42)
[2025-12-05T09:22:20.636+0000][2389.068s][info ][gc,heap     ] GC(105) Old regions: 155->155
[2025-12-05T09:22:20.636+0000][2389.068s][info ][gc,heap     ] GC(105) Archive regions: 2->2
[2025-12-05T09:22:20.636+0000][2389.068s][info ][gc,heap     ] GC(105) Humongous regions: 17->0
[2025-12-05T09:22:20.636+0000][2389.068s][info ][gc,metaspace] GC(105) Metaspace: 203797K(204992K)->203797K(204992K) NonClass: 179319K(179968K)->179319K(179968K) Class: 24477K(25024K)->24477K(25024K)
[2025-12-05T09:22:20.636+0000][2389.068s][info ][gc          ] GC(105) Pause Young (Prepare Mixed) (G1 Evacuation Pause) 500M->157M(574M) 15.664ms
[2025-12-05T09:22:20.636+0000][2389.068s][info ][gc,cpu      ] GC(105) User=0.13s Sys=0.00s Real=0.02s
[2025-12-05T09:22:20.637+0000][2389.069s][info ][safepoint   ] Safepoint "G1CollectForAllocation", Time since last: 4606606518 ns, Reaching safepoint: 161721 ns, Cleanup: 8085 ns, At safepoint: 16378156 ns, Total: 16547962 ns
[2025-12-05T09:22:23.637+0000][2392.069s][debug][safepoint   ] Safepoint synchronization initiated using futex wait barrier. (248 threads)
[2025-12-05T09:22:23.637+0000][2392.070s][info ][safepoint   ] Safepoint "Cleanup", Time since last: 3000514527 ns, Reaching safepoint: 176419 ns, Cleanup: 20198 ns, At safepoint: 4359 ns, Total: 200976 ns
[2025-12-05T09:22:31.932+0000][2400.366s][debug][safepoint   ] Safepoint synchronization initiated using futex wait barrier. (248 threads)
[2025-12-05T09:22:31.933+0000][2400.367s][info ][gc,start    ] GC(106) Pause Young (Mixed) (G1 Evacuation Pause)
[2025-12-05T09:22:31.933+0000][2400.367s][info ][gc,task     ] GC(106) Using 13 workers of 13 for evacuation
[2025-12-05T09:22:31.961+0000][2400.395s][info ][gc,phases   ] GC(106)   Pre Evacuate Collection Set: 0.4ms
[2025-12-05T09:22:31.961+0000][2400.395s][info ][gc,phases   ] GC(106)   Merge Heap Roots: 0.6ms
[2025-12-05T09:22:31.961+0000][2400.395s][info ][gc,phases   ] GC(106)   Evacuate Collection Set: 23.4ms
[2025-12-05T09:22:31.961+0000][2400.395s][info ][gc,phases   ] GC(106)   Post Evacuate Collection Set: 3.8ms
[2025-12-05T09:22:31.961+0000][2400.395s][info ][gc,phases   ] GC(106)   Other: 0.4ms
[2025-12-05T09:22:31.961+0000][2400.395s][info ][gc,heap     ] GC(106) Eden regions: 25->0(335)
[2025-12-05T09:22:31.961+0000][2400.395s][info ][gc,heap     ] GC(106) Survivor regions: 3->2(4)
[2025-12-05T09:22:31.961+0000][2400.395s][info ][gc,heap     ] GC(106) Old regions: 155->152
[2025-12-05T09:22:31.961+0000][2400.395s][info ][gc,heap     ] GC(106) Archive regions: 2->2
[2025-12-05T09:22:31.961+0000][2400.395s][info ][gc,heap     ] GC(106) Humongous regions: 0->0
[2025-12-05T09:22:31.961+0000][2400.395s][info ][gc,metaspace] GC(106) Metaspace: 203797K(204992K)->203797K(204992K) NonClass: 179319K(179968K)->179319K(179968K) Class: 24477K(25024K)->24477K(25024K)
[2025-12-05T09:22:31.961+0000][2400.395s][info ][gc          ] GC(106) Pause Young (Mixed) (G1 Evacuation Pause) 182M->154M(574M) 28.639ms
[2025-12-05T09:22:31.961+0000][2400.395s][info ][gc,cpu      ] GC(106) User=0.25s Sys=0.02s Real=0.02s
[2025-12-05T09:22:31.962+0000][2400.396s][info ][safepoint   ] Safepoint "G1CollectForAllocation", Time since last: 8296187835 ns, Reaching safepoint: 587656 ns, Cleanup: 23756 ns, At safepoint: 29287356 ns, Total: 29898768 ns
[2025-12-05T09:22:37.041+0000][2405.475s][debug][safepoint   ] Safepoint synchronization initiated using futex wait barrier. (248 threads)
[2025-12-05T09:22:37.042+0000][2405.476s][info ][safepoint   ] Safepoint "Cleanup", Time since last: 5079779971 ns, Reaching safepoint: 221294 ns, Cleanup: 66287 ns, At safepoint: 6382 ns, Total: 293963 ns
[2025-12-05T09:22:53.044+0000][2421.478s][debug][safepoint   ] Safepoint synchronization initiated using futex wait barrier. (247 threads)
[2025-12-05T09:22:53.045+0000][2421.479s][info ][safepoint   ] Safepoint "Cleanup", Time since last: 16002681231 ns, Reaching safepoint: 140320 ns, Cleanup: 16972 ns, At safepoint: 5401 ns, Total: 162693 ns
[2025-12-05T09:23:01.044+0000][2429.480s][debug][safepoint   ] Safepoint synchronization initiated using futex wait barrier. (247 threads)
[2025-12-05T09:23:01.045+0000][2429.480s][info ][safepoint   ] Safepoint "Cleanup", Time since last: 8001215215 ns, Reaching safepoint: 411463 ns, Cleanup: 47622 ns, At safepoint: 165006 ns, Total: 624091 ns
[2025-12-05T09:23:02.045+0000][2430.481s][debug][safepoint   ] Safepoint synchronization initiated using futex wait barrier. (247 threads)
[2025-12-05T09:23:02.045+0000][2430.481s][info ][safepoint   ] Safepoint "Cleanup", Time since last: 1000214311 ns, Reaching safepoint: 513844 ns, Cleanup: 26571 ns, At safepoint: 6633 ns, Total: 547048 ns
[2025-12-05T09:23:03.046+0000][2431.481s][debug][safepoint   ] Safepoint synchronization initiated using futex wait barrier. (247 threads)
[2025-12-05T09:23:03.046+0000][2431.482s][info ][safepoint   ] Safepoint "Cleanup", Time since last: 1000178112 ns, Reaching safepoint: 144698 ns, Cleanup: 46328 ns, At safepoint: 4890 ns, Total: 195916 ns
[2025-12-05T09:23:04.046+0000][2432.482s][debug][safepoint   ] Safepoint synchronization initiated using futex wait barrier. (247 threads)
[2025-12-05T09:23:04.046+0000][2432.482s][info ][safepoint   ] Safepoint "Cleanup", Time since last: 1000176768 ns, Reaching safepoint: 115612 ns, Cleanup: 14457 ns, At safepoint: 3527 ns, Total: 133596 ns
[2025-12-05T09:23:08.047+0000][2436.483s][debug][safepoint   ] Safepoint synchronization initiated using futex wait barrier. (247 threads)
[2025-12-05T09:23:08.047+0000][2436.483s][info ][safepoint   ] Safepoint "Cleanup", Time since last: 4000654846 ns, Reaching safepoint: 196276 ns, Cleanup: 26310 ns, At safepoint: 5882 ns, Total: 228468 ns
[2025-12-05T09:23:30.048+0000][2458.486s][debug][safepoint   ] Safepoint synchronization initiated using futex wait barrier. (247 threads)
[2025-12-05T09:23:30.049+0000][2458.486s][info ][safepoint   ] Safepoint "Cleanup", Time since last: 22003104529 ns, Reaching safepoint: 320955 ns, Cleanup: 24738 ns, At safepoint: 5520 ns, Total: 351213 ns
[2025-12-05T09:23:31.049+0000][2459.486s][debug][safepoint   ] Safepoint synchronization initiated using futex wait barrier. (247 threads)
[2025-12-05T09:23:31.049+0000][2459.487s][info ][safepoint   ] Safepoint "Cleanup", Time since last: 1000215405 ns, Reaching safepoint: 227075 ns, Cleanup: 42601 ns, At safepoint: 25980 ns, Total: 295656 ns
[2025-12-05T09:23:35.078+0000][2463.516s][debug][safepoint   ] Safepoint synchronization initiated using futex wait barrier. (247 threads)
[2025-12-05T09:23:35.079+0000][2463.516s][info ][safepoint   ] Safepoint "Cleanup", Time since last: 4029267301 ns, Reaching safepoint: 246683 ns, Cleanup: 87417 ns, At safepoint: 10581 ns, Total: 344681 ns
[2025-12-05T09:23:38.079+0000][2466.517s][debug][safepoint   ] Safepoint synchronization initiated using futex wait barrier. (247 threads)
[2025-12-05T09:23:38.080+0000][2466.517s][info ][safepoint   ] Safepoint "Cleanup", Time since last: 3000529638 ns, Reaching safepoint: 232786 ns, Cleanup: 23646 ns, At safepoint: 5240 ns, Total: 261672 ns
[2025-12-05T09:23:48.081+0000][2476.519s][debug][safepoint   ] Safepoint synchronization initiated using futex wait barrier. (251 threads)
[2025-12-05T09:23:48.081+0000][2476.519s][info ][safepoint   ] Safepoint "Cleanup", Time since last: 10001400726 ns, Reaching safepoint: 114580 ns, Cleanup: 38934 ns, At safepoint: 3818 ns, Total: 157332 ns
[2025-12-05T09:23:54.082+0000][2482.519s][debug][safepoint   ] Safepoint synchronization initiated using futex wait barrier. (251 threads)
[2025-12-05T09:23:54.082+0000][2482.520s][info ][safepoint   ] Safepoint "Cleanup", Time since last: 6000809669 ns, Reaching safepoint: 158594 ns, Cleanup: 23064 ns, At safepoint: 5671 ns, Total: 187329 ns
[2025-12-05T09:24:07.082+0000][2495.522s][debug][safepoint   ] Safepoint synchronization initiated using futex wait barrier. (251 threads)
[2025-12-05T09:24:07.083+0000][2495.522s][info ][safepoint   ] Safepoint "Cleanup", Time since last: 13001944970 ns, Reaching safepoint: 155247 ns, Cleanup: 19107 ns, At safepoint: 4739 ns, Total: 179093 ns
[2025-12-05T09:24:13.084+0000][2501.523s][debug][safepoint   ] Safepoint synchronization initiated using futex wait barrier. (251 threads)
[2025-12-05T09:24:13.084+0000][2501.523s][info ][safepoint   ] Safepoint "Cleanup", Time since last: 6001040885 ns, Reaching safepoint: 182751 ns, Cleanup: 29616 ns, At safepoint: 6172 ns, Total: 218539 ns
[2025-12-05T09:24:23.085+0000][2511.524s][debug][safepoint   ] Safepoint synchronization initiated using futex wait barrier. (251 threads)
[2025-12-05T09:24:23.085+0000][2511.525s][info ][safepoint   ] Safepoint "Cleanup", Time since last: 10001365389 ns, Reaching safepoint: 154407 ns, Cleanup: 17123 ns, At safepoint: 5250 ns, Total: 176780 ns
[2025-12-05T09:24:24.086+0000][2512.525s][debug][safepoint   ] Safepoint synchronization initiated using futex wait barrier. (251 threads)
[2025-12-05T09:24:24.086+0000][2512.525s][info ][safepoint   ] Safepoint "Cleanup", Time since last: 1000190916 ns, Reaching safepoint: 157061 ns, Cleanup: 16852 ns, At safepoint: 5521 ns, Total: 179434 ns
[2025-12-05T09:24:32.085+0000][2520.526s][debug][safepoint   ] Safepoint synchronization initiated using futex wait barrier. (251 threads)
[2025-12-05T09:24:32.085+0000][2520.526s][info ][safepoint   ] Safepoint "Cleanup", Time since last: 8001295064 ns, Reaching safepoint: 143856 ns, Cleanup: 45587 ns, At safepoint: 5340 ns, Total: 194783 ns
[2025-12-05T09:24:33.086+0000][2521.527s][debug][safepoint   ] Safepoint synchronization initiated using futex wait barrier. (251 threads)
[2025-12-05T09:24:33.086+0000][2521.527s][info ][safepoint   ] Safepoint "Cleanup", Time since last: 1000238555 ns, Reaching safepoint: 189153 ns, Cleanup: 23454 ns, At safepoint: 5581 ns, Total: 218188 ns
[2025-12-05T09:24:34.115+0000][2522.556s][debug][safepoint   ] Safepoint synchronization initiated using futex wait barrier. (251 threads)
[2025-12-05T09:24:34.115+0000][2522.556s][info ][safepoint   ] Safepoint "Cleanup", Time since last: 1029347220 ns, Reaching safepoint: 176949 ns, Cleanup: 21521 ns, At safepoint: 5240 ns, Total: 203710 ns
[2025-12-05T09:24:36.116+0000][2524.557s][debug][safepoint   ] Safepoint synchronization initiated using futex wait barrier. (251 threads)
[2025-12-05T09:24:36.116+0000][2524.557s][info ][safepoint   ] Safepoint "Cleanup", Time since last: 2000323673 ns, Reaching safepoint: 183522 ns, Cleanup: 23685 ns, At safepoint: 5871 ns, Total: 213078 ns
[2025-12-05T09:24:46.118+0000][2534.559s][debug][safepoint   ] Safepoint synchronization initiated using futex wait barrier. (251 threads)
[2025-12-05T09:24:46.118+0000][2534.559s][info ][safepoint   ] Safepoint "Cleanup", Time since last: 10001784447 ns, Reaching safepoint: 164365 ns, Cleanup: 31501 ns, At safepoint: 5640 ns, Total: 201506 ns
[2025-12-05T09:24:47.118+0000][2535.559s][debug][safepoint   ] Safepoint synchronization initiated using futex wait barrier. (251 threads)
[2025-12-05T09:24:47.118+0000][2535.559s][info ][safepoint   ] Safepoint "Cleanup", Time since last: 1000148437 ns, Reaching safepoint: 124679 ns, Cleanup: 34406 ns, At safepoint: 26971 ns, Total: 186056 ns
[2025-12-05T09:24:48.119+0000][2536.559s][debug][safepoint   ] Safepoint synchronization initiated using futex wait barrier. (248 threads)
[2025-12-05T09:24:48.119+0000][2536.560s][info ][safepoint   ] Safepoint "Cleanup", Time since last: 1000171728 ns, Reaching safepoint: 130570 ns, Cleanup: 38344 ns, At safepoint: 5240 ns, Total: 174154 ns
[2025-12-05T09:24:49.119+0000][2537.560s][debug][safepoint   ] Safepoint synchronization initiated using futex wait barrier. (250 threads)
[2025-12-05T09:24:49.119+0000][2537.560s][info ][safepoint   ] Safepoint "Cleanup", Time since last: 1000174221 ns, Reaching safepoint: 153915 ns, Cleanup: 34446 ns, At safepoint: 6092 ns, Total: 194453 ns
[2025-12-05T09:24:53.120+0000][2541.561s][debug][safepoint   ] Safepoint synchronization initiated using futex wait barrier. (249 threads)
[2025-12-05T09:24:53.120+0000][2541.561s][info ][safepoint   ] Safepoint "Cleanup", Time since last: 4000584962 ns, Reaching safepoint: 119519 ns, Cleanup: 21260 ns, At safepoint: 4559 ns, Total: 145338 ns
[2025-12-05T09:24:54.120+0000][2542.561s][debug][safepoint   ] Safepoint synchronization initiated using futex wait barrier. (247 threads)
[2025-12-05T09:24:54.120+0000][2542.561s][info ][safepoint   ] Safepoint "Cleanup", Time since last: 1000140976 ns, Reaching safepoint: 121202 ns, Cleanup: 17704 ns, At safepoint: 75996 ns, Total: 214902 ns
[2025-12-05T09:24:56.121+0000][2544.562s][debug][safepoint   ] Safepoint synchronization initiated using futex wait barrier. (247 threads)
[2025-12-05T09:24:56.121+0000][2544.562s][info ][safepoint   ] Safepoint "Cleanup", Time since last: 2001089558 ns, Reaching safepoint: 158293 ns, Cleanup: 21932 ns, At safepoint: 4880 ns, Total: 185105 ns
[2025-12-05T09:24:57.122+0000][2545.563s][debug][safepoint   ] Safepoint synchronization initiated using futex wait barrier. (247 threads)
[2025-12-05T09:24:57.122+0000][2545.563s][info ][safepoint   ] Safepoint "Cleanup", Time since last: 1000177792 ns, Reaching safepoint: 157442 ns, Cleanup: 17143 ns, At safepoint: 4438 ns, Total: 179023 ns
[2025-12-05T09:25:02.121+0000][2550.564s][debug][safepoint   ] Safepoint synchronization initiated using futex wait barrier. (247 threads)
[2025-12-05T09:25:02.121+0000][2550.564s][info ][safepoint   ] Safepoint "Cleanup", Time since last: 5000783008 ns, Reaching safepoint: 199311 ns, Cleanup: 32633 ns, At safepoint: 5530 ns, Total: 237474 ns
[2025-12-05T09:25:05.122+0000][2553.564s][debug][safepoint   ] Safepoint synchronization initiated using futex wait barrier. (247 threads)
[2025-12-05T09:25:05.122+0000][2553.564s][info ][safepoint   ] Safepoint "Cleanup", Time since last: 3000424090 ns, Reaching safepoint: 228468 ns, Cleanup: 32412 ns, At safepoint: 5109 ns, Total: 265989 ns
[2025-12-05T09:25:13.123+0000][2561.566s][debug][safepoint   ] Safepoint synchronization initiated using futex wait barrier. (247 threads)
[2025-12-05T09:25:13.124+0000][2561.566s][info ][safepoint   ] Safepoint "Cleanup", Time since last: 8001402562 ns, Reaching safepoint: 303943 ns, Cleanup: 30027 ns, At safepoint: 7795 ns, Total: 341765 ns
[2025-12-05T09:25:32.124+0000][2580.569s][debug][safepoint   ] Safepoint synchronization initiated using futex wait barrier. (247 threads)
[2025-12-05T09:25:32.125+0000][2580.569s][info ][safepoint   ] Safepoint "Cleanup", Time since last: 19002542387 ns, Reaching safepoint: 136471 ns, Cleanup: 16221 ns, At safepoint: 4790 ns, Total: 157482 ns
[2025-12-05T09:25:43.153+0000][2591.598s][debug][safepoint   ] Safepoint synchronization initiated using futex wait barrier. (247 threads)
[2025-12-05T09:25:43.153+0000][2591.598s][info ][safepoint   ] Safepoint "Cleanup", Time since last: 11028597262 ns, Reaching safepoint: 165026 ns, Cleanup: 21161 ns, At safepoint: 25639 ns, Total: 211826 ns
[2025-12-05T09:26:01.301+0000][2609.747s][debug][safepoint   ] Safepoint synchronization initiated using futex wait barrier. (248 threads)
[2025-12-05T09:26:01.302+0000][2609.748s][info ][gc,start    ] GC(107) Pause Young (Concurrent Start) (G1 Evacuation Pause)
[2025-12-05T09:26:01.302+0000][2609.748s][info ][gc,task     ] GC(107) Using 13 workers of 13 for evacuation
[2025-12-05T09:26:01.314+0000][2609.761s][info ][gc,phases   ] GC(107)   Pre Evacuate Collection Set: 1.3ms
[2025-12-05T09:26:01.315+0000][2609.761s][info ][gc,phases   ] GC(107)   Merge Heap Roots: 0.8ms
[2025-12-05T09:26:01.315+0000][2609.761s][info ][gc,phases   ] GC(107)   Evacuate Collection Set: 8.1ms
[2025-12-05T09:26:01.315+0000][2609.761s][info ][gc,phases   ] GC(107)   Post Evacuate Collection Set: 2.4ms
[2025-12-05T09:26:01.315+0000][2609.761s][info ][gc,phases   ] GC(107)   Other: 0.8ms
[2025-12-05T09:26:01.315+0000][2609.761s][info ][gc,heap     ] GC(107) Eden regions: 335->0(340)
[2025-12-05T09:26:01.315+0000][2609.761s][info ][gc,heap     ] GC(107) Survivor regions: 2->2(43)
[2025-12-05T09:26:01.315+0000][2609.761s][info ][gc,heap     ] GC(107) Old regions: 152->152
[2025-12-05T09:26:01.315+0000][2609.761s][info ][gc,heap     ] GC(107) Archive regions: 2->2
[2025-12-05T09:26:01.315+0000][2609.761s][info ][gc,heap     ] GC(107) Humongous regions: 0->0
[2025-12-05T09:26:01.315+0000][2609.761s][info ][gc,metaspace] GC(107) Metaspace: 204165K(205376K)->204165K(205376K) NonClass: 179675K(180352K)->179675K(180352K) Class: 24490K(25024K)->24490K(25024K)
[2025-12-05T09:26:01.315+0000][2609.761s][info ][gc          ] GC(107) Pause Young (Concurrent Start) (G1 Evacuation Pause) 489M->154M(574M) 13.173ms
[2025-12-05T09:26:01.315+0000][2609.761s][info ][gc,cpu      ] GC(107) User=0.08s Sys=0.01s Real=0.01s
[2025-12-05T09:26:01.315+0000][2609.761s][info ][gc          ] GC(108) Concurrent Mark Cycle
[2025-12-05T09:26:01.315+0000][2609.761s][info ][gc,marking  ] GC(108) Concurrent Clear Claimed Marks
[2025-12-05T09:26:01.315+0000][2609.761s][info ][safepoint   ] Safepoint "G1CollectForAllocation", Time since last: 18149408959 ns, Reaching safepoint: 302670 ns, Cleanup: 9939 ns, At safepoint: 13989230 ns, Total: 14301839 ns
[2025-12-05T09:26:01.315+0000][2609.762s][info ][gc,marking  ] GC(108) Concurrent Clear Claimed Marks 0.420ms
[2025-12-05T09:26:01.315+0000][2609.762s][info ][gc,marking  ] GC(108) Concurrent Scan Root Regions
[2025-12-05T09:26:01.321+0000][2609.767s][info ][gc,marking  ] GC(108) Concurrent Scan Root Regions 5.684ms
[2025-12-05T09:26:01.321+0000][2609.768s][info ][gc,marking  ] GC(108) Concurrent Mark
[2025-12-05T09:26:01.321+0000][2609.768s][info ][gc,marking  ] GC(108) Concurrent Mark From Roots
[2025-12-05T09:26:01.321+0000][2609.768s][info ][gc,task     ] GC(108) Using 3 workers of 3 for marking
[2025-12-05T09:26:01.417+0000][2609.863s][info ][gc,marking  ] GC(108) Concurrent Mark From Roots 95.455ms
[2025-12-05T09:26:01.417+0000][2609.863s][info ][gc,marking  ] GC(108) Concurrent Preclean
[2025-12-05T09:26:01.417+0000][2609.864s][info ][gc,marking  ] GC(108) Concurrent Preclean 0.542ms
[2025-12-05T09:26:01.418+0000][2609.864s][debug][safepoint   ] Safepoint synchronization initiated using futex wait barrier. (248 threads)
[2025-12-05T09:26:01.418+0000][2609.864s][info ][gc,start    ] GC(108) Pause Remark
[2025-12-05T09:26:01.433+0000][2609.879s][info ][gc          ] GC(108) Pause Remark 158M->158M(537M) 15.290ms
[2025-12-05T09:26:01.433+0000][2609.879s][info ][gc,cpu      ] GC(108) User=0.15s Sys=0.00s Real=0.02s
[2025-12-05T09:26:01.434+0000][2609.880s][info ][safepoint   ] Safepoint "G1PauseRemark", Time since last: 102397862 ns, Reaching safepoint: 82118 ns, Cleanup: 15269 ns, At safepoint: 16510798 ns, Total: 16608185 ns
[2025-12-05T09:26:01.434+0000][2609.881s][info ][gc,marking  ] GC(108) Concurrent Mark 113.085ms
[2025-12-05T09:26:01.434+0000][2609.881s][info ][gc,marking  ] GC(108) Concurrent Rebuild Remembered Sets
[2025-12-05T09:26:01.485+0000][2609.931s][info ][gc,marking  ] GC(108) Concurrent Rebuild Remembered Sets 50.200ms
[2025-12-05T09:26:01.485+0000][2609.931s][debug][safepoint   ] Safepoint synchronization initiated using futex wait barrier. (248 threads)
[2025-12-05T09:26:01.485+0000][2609.931s][info ][gc,start    ] GC(108) Pause Cleanup
[2025-12-05T09:26:01.486+0000][2609.932s][info ][gc          ] GC(108) Pause Cleanup 158M->158M(537M) 0.517ms
[2025-12-05T09:26:01.486+0000][2609.932s][info ][gc,cpu      ] GC(108) User=0.00s Sys=0.00s Real=0.00s
[2025-12-05T09:26:01.486+0000][2609.932s][info ][safepoint   ] Safepoint "G1PauseCleanup", Time since last: 50652435 ns, Reaching safepoint: 90844 ns, Cleanup: 49815 ns, At safepoint: 745839 ns, Total: 886498 ns
[2025-12-05T09:26:01.486+0000][2609.932s][info ][gc,marking  ] GC(108) Concurrent Cleanup for Next Mark
[2025-12-05T09:26:01.487+0000][2609.933s][info ][gc,marking  ] GC(108) Concurrent Cleanup for Next Mark 1.141ms
[2025-12-05T09:26:01.487+0000][2609.933s][info ][gc          ] GC(108) Concurrent Mark Cycle 172.012ms
[2025-12-05T09:26:02.486+0000][2610.932s][debug][safepoint   ] Safepoint synchronization initiated using futex wait barrier. (248 threads)
[2025-12-05T09:26:02.486+0000][2610.932s][info ][safepoint   ] Safepoint "Cleanup", Time since last: 1000207732 ns, Reaching safepoint: 160748 ns, Cleanup: 23495 ns, At safepoint: 4859 ns, Total: 189102 ns
[2025-12-05T09:26:16.488+0000][2624.934s][debug][safepoint   ] Safepoint synchronization initiated using futex wait barrier. (247 threads)
[2025-12-05T09:26:16.488+0000][2624.935s][info ][safepoint   ] Safepoint "Cleanup", Time since last: 14001948516 ns, Reaching safepoint: 228929 ns, Cleanup: 59023 ns, At safepoint: 6522 ns, Total: 294474 ns
[2025-12-05T09:26:21.489+0000][2629.935s][debug][safepoint   ] Safepoint synchronization initiated using futex wait barrier. (247 threads)
[2025-12-05T09:26:21.490+0000][2629.936s][info ][safepoint   ] Safepoint "Cleanup", Time since last: 5000844680 ns, Reaching safepoint: 284635 ns, Cleanup: 32182 ns, At safepoint: 7995 ns, Total: 324812 ns
[2025-12-05T09:26:32.490+0000][2640.938s][debug][safepoint   ] Safepoint synchronization initiated using futex wait barrier. (247 threads)
[2025-12-05T09:26:32.490+0000][2640.938s][info ][safepoint   ] Safepoint "Cleanup", Time since last: 11002081427 ns, Reaching safepoint: 210723 ns, Cleanup: 27884 ns, At safepoint: 6242 ns, Total: 244849 ns
[2025-12-05T09:26:46.189+0000][2654.637s][debug][safepoint   ] Safepoint synchronization initiated using futex wait barrier. (247 threads)
[2025-12-05T09:26:46.189+0000][2654.637s][info ][safepoint   ] Safepoint "Cleanup", Time since last: 13698400460 ns, Reaching safepoint: 197660 ns, Cleanup: 25599 ns, At safepoint: 6192 ns, Total: 229451 ns
[2025-12-05T09:26:47.189+0000][2655.637s][debug][safepoint   ] Safepoint synchronization initiated using futex wait barrier. (251 threads)
[2025-12-05T09:26:47.189+0000][2655.637s][info ][safepoint   ] Safepoint "Cleanup", Time since last: 1000146030 ns, Reaching safepoint: 134398 ns, Cleanup: 22884 ns, At safepoint: 4619 ns, Total: 161901 ns
[2025-12-05T09:26:53.190+0000][2661.638s][debug][safepoint   ] Safepoint synchronization initiated using futex wait barrier. (250 threads)
[2025-12-05T09:26:53.190+0000][2661.638s][info ][safepoint   ] Safepoint "Cleanup", Time since last: 6000848661 ns, Reaching safepoint: 209702 ns, Cleanup: 16702 ns, At safepoint: 4849 ns, Total: 231253 ns
[2025-12-05T09:26:57.191+0000][2665.639s][debug][safepoint   ] Safepoint synchronization initiated using futex wait barrier. (250 threads)
[2025-12-05T09:26:57.191+0000][2665.639s][info ][safepoint   ] Safepoint "Cleanup", Time since last: 4000796557 ns, Reaching safepoint: 149958 ns, Cleanup: 18605 ns, At safepoint: 4148 ns, Total: 172711 ns
[2025-12-05T09:27:47.226+0000][2715.677s][debug][safepoint   ] Safepoint synchronization initiated using futex wait barrier. (247 threads)
[2025-12-05T09:27:47.226+0000][2715.677s][info ][safepoint   ] Safepoint "Cleanup", Time since last: 50038079483 ns, Reaching safepoint: 102296 ns, Cleanup: 13606 ns, At safepoint: 3547 ns, Total: 119449 ns
[2025-12-05T09:27:58.228+0000][2726.679s][debug][safepoint   ] Safepoint synchronization initiated using futex wait barrier. (246 threads)
[2025-12-05T09:27:58.228+0000][2726.679s][info ][safepoint   ] Safepoint "Cleanup", Time since last: 11001572237 ns, Reaching safepoint: 205674 ns, Cleanup: 29056 ns, At safepoint: 6282 ns, Total: 241012 ns
[2025-12-05T09:30:30.964+0000][2879.425s][debug][safepoint   ] Safepoint synchronization initiated using futex wait barrier. (247 threads)
[2025-12-05T09:30:30.966+0000][2879.428s][info ][gc,start    ] GC(109) Pause Young (Prepare Mixed) (G1 Evacuation Pause)
[2025-12-05T09:30:30.966+0000][2879.428s][info ][gc,task     ] GC(109) Using 13 workers of 13 for evacuation
[2025-12-05T09:30:30.977+0000][2879.438s][info ][gc,phases   ] GC(109)   Pre Evacuate Collection Set: 0.7ms
[2025-12-05T09:30:30.977+0000][2879.439s][info ][gc,phases   ] GC(109)   Merge Heap Roots: 0.4ms
[2025-12-05T09:30:30.977+0000][2879.439s][info ][gc,phases   ] GC(109)   Evacuate Collection Set: 6.8ms
[2025-12-05T09:30:30.977+0000][2879.439s][info ][gc,phases   ] GC(109)   Post Evacuate Collection Set: 2.3ms
[2025-12-05T09:30:30.977+0000][2879.439s][info ][gc,phases   ] GC(109)   Other: 2.6ms
[2025-12-05T09:30:30.977+0000][2879.439s][info ][gc,heap     ] GC(109) Eden regions: 340->0(24)
[2025-12-05T09:30:30.977+0000][2879.439s][info ][gc,heap     ] GC(109) Survivor regions: 2->2(43)
[2025-12-05T09:30:30.977+0000][2879.439s][info ][gc,heap     ] GC(109) Old regions: 152->152
[2025-12-05T09:30:30.977+0000][2879.439s][info ][gc,heap     ] GC(109) Archive regions: 2->2
[2025-12-05T09:30:30.977+0000][2879.439s][info ][gc,heap     ] GC(109) Humongous regions: 0->0
[2025-12-05T09:30:30.977+0000][2879.439s][info ][gc,metaspace] GC(109) Metaspace: 204231K(205376K)->204231K(205376K) NonClass: 179732K(180352K)->179732K(180352K) Class: 24499K(25024K)->24499K(25024K)
[2025-12-05T09:30:30.977+0000][2879.439s][info ][gc          ] GC(109) Pause Young (Prepare Mixed) (G1 Evacuation Pause) 494M->154M(537M) 10.967ms
[2025-12-05T09:30:30.977+0000][2879.439s][info ][gc,cpu      ] GC(109) User=0.09s Sys=0.00s Real=0.01s
[2025-12-05T09:30:30.978+0000][2879.439s][info ][safepoint   ] Safepoint "G1CollectForAllocation", Time since last: 152746208197 ns, Reaching safepoint: 238056 ns, Cleanup: 13796 ns, At safepoint: 13594124 ns, Total: 13845976 ns
[2025-12-05T09:30:31.978+0000][2880.439s][debug][safepoint   ] Safepoint synchronization initiated using futex wait barrier. (247 threads)
[2025-12-05T09:30:31.978+0000][2880.440s][info ][safepoint   ] Safepoint "Cleanup", Time since last: 1000233800 ns, Reaching safepoint: 136522 ns, Cleanup: 16682 ns, At safepoint: 4999 ns, Total: 158203 ns
[2025-12-05T09:30:49.548+0000][2898.010s][debug][safepoint   ] Safepoint synchronization initiated using futex wait barrier. (247 threads)
[2025-12-05T09:30:49.549+0000][2898.010s][info ][gc,start    ] GC(110) Pause Young (Mixed) (G1 Evacuation Pause)
[2025-12-05T09:30:49.549+0000][2898.010s][info ][gc,task     ] GC(110) Using 13 workers of 13 for evacuation
[2025-12-05T09:30:49.576+0000][2898.037s][info ][gc,phases   ] GC(110)   Pre Evacuate Collection Set: 0.6ms
[2025-12-05T09:30:49.576+0000][2898.038s][info ][gc,phases   ] GC(110)   Merge Heap Roots: 1.2ms
[2025-12-05T09:30:49.576+0000][2898.038s][info ][gc,phases   ] GC(110)   Evacuate Collection Set: 21.5ms
[2025-12-05T09:30:49.576+0000][2898.038s][info ][gc,phases   ] GC(110)   Post Evacuate Collection Set: 3.4ms
[2025-12-05T09:30:49.576+0000][2898.038s][info ][gc,phases   ] GC(110)   Other: 0.6ms
[2025-12-05T09:30:49.576+0000][2898.038s][info ][gc,heap     ] GC(110) Eden regions: 24->0(314)
[2025-12-05T09:30:49.576+0000][2898.038s][info ][gc,heap     ] GC(110) Survivor regions: 2->2(4)
[2025-12-05T09:30:49.576+0000][2898.038s][info ][gc,heap     ] GC(110) Old regions: 152->149
[2025-12-05T09:30:49.576+0000][2898.038s][info ][gc,heap     ] GC(110) Archive regions: 2->2
[2025-12-05T09:30:49.576+0000][2898.038s][info ][gc,heap     ] GC(110) Humongous regions: 0->0
[2025-12-05T09:30:49.576+0000][2898.038s][info ][gc,metaspace] GC(110) Metaspace: 204231K(205376K)->204231K(205376K) NonClass: 179732K(180352K)->179732K(180352K) Class: 24499K(25024K)->24499K(25024K)
[2025-12-05T09:30:49.576+0000][2898.038s][info ][gc          ] GC(110) Pause Young (Mixed) (G1 Evacuation Pause) 178M->151M(537M) 27.437ms
[2025-12-05T09:30:49.576+0000][2898.038s][info ][gc,cpu      ] GC(110) User=0.28s Sys=0.00s Real=0.02s
[2025-12-05T09:30:49.577+0000][2898.039s][info ][safepoint   ] Safepoint "G1CollectForAllocation", Time since last: 17570500495 ns, Reaching safepoint: 188762 ns, Cleanup: 8577 ns, At safepoint: 28849091 ns, Total: 29046430 ns
[2025-12-05T09:33:12.248+0000][3040.718s][debug][safepoint   ] Safepoint synchronization initiated using futex wait barrier. (247 threads)
[2025-12-05T09:33:12.248+0000][3040.718s][info ][safepoint   ] Safepoint "Cleanup", Time since last: 142678711558 ns, Reaching safepoint: 86325 ns, Cleanup: 6893 ns, At safepoint: 21932 ns, Total: 115150 ns
[2025-12-05T09:33:13.248+0000][3041.718s][debug][safepoint   ] Safepoint synchronization initiated using futex wait barrier. (247 threads)
[2025-12-05T09:33:13.248+0000][3041.719s][info ][safepoint   ] Safepoint "Cleanup", Time since last: 1000255949 ns, Reaching safepoint: 243978 ns, Cleanup: 67469 ns, At safepoint: 8326 ns, Total: 319773 ns
[2025-12-05T09:34:12.253+0000][3100.729s][debug][safepoint   ] Safepoint synchronization initiated using futex wait barrier. (247 threads)
[2025-12-05T09:34:12.253+0000][3100.729s][info ][safepoint   ] Safepoint "Cleanup", Time since last: 59010768565 ns, Reaching safepoint: 188010 ns, Cleanup: 13056 ns, At safepoint: 5320 ns, Total: 206386 ns
[2025-12-05T09:34:42.446+0000][3130.925s][debug][safepoint   ] Safepoint synchronization initiated using futex wait barrier. (247 threads)
[2025-12-05T09:34:42.446+0000][3130.925s][info ][safepoint   ] Safepoint "Cleanup", Time since last: 30195439017 ns, Reaching safepoint: 136107 ns, Cleanup: 31362 ns, At safepoint: 18265 ns, Total: 185734 ns
[2025-12-05T09:35:05.447+0000][3153.928s][debug][safepoint   ] Safepoint synchronization initiated using futex wait barrier. (248 threads)
[2025-12-05T09:35:05.447+0000][3153.929s][info ][safepoint   ] Safepoint "Cleanup", Time since last: 23003184972 ns, Reaching safepoint: 212689 ns, Cleanup: 47631 ns, At safepoint: 7424 ns, Total: 267744 ns
[2025-12-05T09:35:09.629+0000][3158.111s][debug][safepoint   ] Safepoint synchronization initiated using futex wait barrier. (248 threads)
[2025-12-05T09:35:09.629+0000][3158.111s][info ][gc,start    ] GC(111) Pause Young (Concurrent Start) (G1 Evacuation Pause)
[2025-12-05T09:35:09.629+0000][3158.111s][info ][gc,task     ] GC(111) Using 13 workers of 13 for evacuation
[2025-12-05T09:35:09.642+0000][3158.123s][info ][gc,phases   ] GC(111)   Pre Evacuate Collection Set: 1.0ms
[2025-12-05T09:35:09.642+0000][3158.123s][info ][gc,phases   ] GC(111)   Merge Heap Roots: 0.9ms
[2025-12-05T09:35:09.642+0000][3158.123s][info ][gc,phases   ] GC(111)   Evacuate Collection Set: 6.6ms
[2025-12-05T09:35:09.642+0000][3158.123s][info ][gc,phases   ] GC(111)   Post Evacuate Collection Set: 2.6ms
[2025-12-05T09:35:09.642+0000][3158.123s][info ][gc,phases   ] GC(111)   Other: 1.3ms
[2025-12-05T09:35:09.642+0000][3158.123s][info ][gc,heap     ] GC(111) Eden regions: 314->0(317)
[2025-12-05T09:35:09.642+0000][3158.123s][info ][gc,heap     ] GC(111) Survivor regions: 2->2(40)
[2025-12-05T09:35:09.642+0000][3158.123s][info ][gc,heap     ] GC(111) Old regions: 149->149
[2025-12-05T09:35:09.642+0000][3158.123s][info ][gc,heap     ] GC(111) Archive regions: 2->2
[2025-12-05T09:35:09.642+0000][3158.123s][info ][gc,heap     ] GC(111) Humongous regions: 0->0
[2025-12-05T09:35:09.642+0000][3158.123s][info ][gc,metaspace] GC(111) Metaspace: 204237K(205376K)->204237K(205376K) NonClass: 179736K(180352K)->179736K(180352K) Class: 24500K(25024K)->24500K(25024K)
[2025-12-05T09:35:09.642+0000][3158.123s][info ][gc          ] GC(111) Pause Young (Concurrent Start) (G1 Evacuation Pause) 465M->151M(537M) 12.438ms
[2025-12-05T09:35:09.642+0000][3158.123s][info ][gc,cpu      ] GC(111) User=0.06s Sys=0.00s Real=0.01s
[2025-12-05T09:35:09.642+0000][3158.124s][info ][gc          ] GC(112) Concurrent Mark Cycle
[2025-12-05T09:35:09.642+0000][3158.124s][info ][gc,marking  ] GC(112) Concurrent Clear Claimed Marks
[2025-12-05T09:35:09.642+0000][3158.124s][info ][gc,marking  ] GC(112) Concurrent Clear Claimed Marks 0.162ms
[2025-12-05T09:35:09.642+0000][3158.124s][info ][gc,marking  ] GC(112) Concurrent Scan Root Regions
[2025-12-05T09:35:09.642+0000][3158.124s][info ][safepoint   ] Safepoint "G1CollectForAllocation", Time since last: 4182092085 ns, Reaching safepoint: 101548 ns, Cleanup: 5560 ns, At safepoint: 13107923 ns, Total: 13215031 ns
[2025-12-05T09:35:09.653+0000][3158.134s][info ][gc,marking  ] GC(112) Concurrent Scan Root Regions 10.324ms
[2025-12-05T09:35:09.653+0000][3158.134s][info ][gc,marking  ] GC(112) Concurrent Mark
[2025-12-05T09:35:09.653+0000][3158.134s][info ][gc,marking  ] GC(112) Concurrent Mark From Roots
[2025-12-05T09:35:09.653+0000][3158.134s][info ][gc,task     ] GC(112) Using 3 workers of 3 for marking
[2025-12-05T09:35:09.740+0000][3158.221s][info ][gc,marking  ] GC(112) Concurrent Mark From Roots 86.847ms
[2025-12-05T09:35:09.740+0000][3158.221s][info ][gc,marking  ] GC(112) Concurrent Preclean
[2025-12-05T09:35:09.740+0000][3158.222s][info ][gc,marking  ] GC(112) Concurrent Preclean 0.356ms
[2025-12-05T09:35:09.740+0000][3158.222s][debug][safepoint   ] Safepoint synchronization initiated using futex wait barrier. (248 threads)
[2025-12-05T09:35:09.740+0000][3158.222s][info ][gc,start    ] GC(112) Pause Remark
[2025-12-05T09:35:09.755+0000][3158.236s][info ][gc          ] GC(112) Pause Remark 156M->156M(530M) 14.535ms
[2025-12-05T09:35:09.755+0000][3158.237s][info ][gc,cpu      ] GC(112) User=0.15s Sys=0.00s Real=0.01s
[2025-12-05T09:35:09.756+0000][3158.238s][info ][safepoint   ] Safepoint "G1PauseRemark", Time since last: 97773059 ns, Reaching safepoint: 92200 ns, Cleanup: 5701 ns, At safepoint: 16095879 ns, Total: 16193780 ns
[2025-12-05T09:35:09.756+0000][3158.238s][info ][gc,marking  ] GC(112) Concurrent Mark 103.719ms
[2025-12-05T09:35:09.756+0000][3158.238s][info ][gc,marking  ] GC(112) Concurrent Rebuild Remembered Sets
[2025-12-05T09:35:09.809+0000][3158.290s][info ][gc,marking  ] GC(112) Concurrent Rebuild Remembered Sets 52.109ms
[2025-12-05T09:35:09.809+0000][3158.290s][debug][safepoint   ] Safepoint synchronization initiated using futex wait barrier. (248 threads)
[2025-12-05T09:35:09.809+0000][3158.290s][info ][gc,start    ] GC(112) Pause Cleanup
[2025-12-05T09:35:09.809+0000][3158.291s][info ][gc          ] GC(112) Pause Cleanup 156M->156M(530M) 0.439ms
[2025-12-05T09:35:09.809+0000][3158.291s][info ][gc,cpu      ] GC(112) User=0.01s Sys=0.00s Real=0.00s
[2025-12-05T09:35:09.809+0000][3158.291s][info ][safepoint   ] Safepoint "G1PauseCleanup", Time since last: 52431606 ns, Reaching safepoint: 55618 ns, Cleanup: 32784 ns, At safepoint: 629298 ns, Total: 717700 ns
[2025-12-05T09:35:09.810+0000][3158.291s][info ][gc,marking  ] GC(112) Concurrent Cleanup for Next Mark
[2025-12-05T09:35:09.821+0000][3158.303s][info ][gc,marking  ] GC(112) Concurrent Cleanup for Next Mark 11.796ms
[2025-12-05T09:35:09.821+0000][3158.303s][info ][gc          ] GC(112) Concurrent Mark Cycle 179.455ms
[2025-12-05T09:36:59.514+0000][3268.003s][debug][safepoint   ] Safepoint synchronization initiated using futex wait barrier. (246 threads)
[2025-12-05T09:36:59.514+0000][3268.003s][info ][safepoint   ] Safepoint "Cleanup", Time since last: 109712036503 ns, Reaching safepoint: 264413 ns, Cleanup: 18336 ns, At safepoint: 5230 ns, Total: 287979 ns
[2025-12-05T09:37:02.512+0000][3271.004s][debug][safepoint   ] Safepoint synchronization initiated using futex wait barrier. (246 threads)
[2025-12-05T09:37:02.512+0000][3271.004s][info ][safepoint   ] Safepoint "Cleanup", Time since last: 3000520219 ns, Reaching safepoint: 174810 ns, Cleanup: 20469 ns, At safepoint: 6373 ns, Total: 201652 ns
[2025-12-05T09:37:07.513+0000][3276.005s][debug][safepoint   ] Safepoint synchronization initiated using futex wait barrier. (247 threads)
[2025-12-05T09:37:07.513+0000][3276.005s][info ][safepoint   ] Safepoint "Cleanup", Time since last: 5000904265 ns, Reaching safepoint: 150593 ns, Cleanup: 14929 ns, At safepoint: 5802 ns, Total: 171324 ns
[2025-12-05T09:37:27.517+0000][3296.009s][debug][safepoint   ] Safepoint synchronization initiated using futex wait barrier. (247 threads)
[2025-12-05T09:37:27.517+0000][3296.009s][info ][safepoint   ] Safepoint "Cleanup", Time since last: 20003776747 ns, Reaching safepoint: 363418 ns, Cleanup: 44747 ns, At safepoint: 7695 ns, Total: 415860 ns
[2025-12-05T09:37:50.551+0000][3319.045s][debug][safepoint   ] Safepoint synchronization initiated using futex wait barrier. (247 threads)
[2025-12-05T09:37:50.552+0000][3319.045s][info ][safepoint   ] Safepoint "Cleanup", Time since last: 23035839754 ns, Reaching safepoint: 232211 ns, Cleanup: 16813 ns, At safepoint: 5450 ns, Total: 254474 ns
[2025-12-05T09:38:39.587+0000][3368.086s][debug][safepoint   ] Safepoint synchronization initiated using futex wait barrier. (246 threads)
[2025-12-05T09:38:39.587+0000][3368.086s][info ][safepoint   ] Safepoint "Cleanup", Time since last: 49040374041 ns, Reaching safepoint: 127488 ns, Cleanup: 15289 ns, At safepoint: 4489 ns, Total: 147266 ns
[2025-12-05T09:38:45.588+0000][3374.087s][debug][safepoint   ] Safepoint synchronization initiated using futex wait barrier. (246 threads)
[2025-12-05T09:38:45.589+0000][3374.087s][info ][safepoint   ] Safepoint "Cleanup", Time since last: 6001226558 ns, Reaching safepoint: 196141 ns, Cleanup: 41030 ns, At safepoint: 4949 ns, Total: 242120 ns
[2025-12-05T09:39:01.589+0000][3390.090s][debug][safepoint   ] Safepoint synchronization initiated using futex wait barrier. (246 threads)
[2025-12-05T09:39:01.589+0000][3390.090s][info ][safepoint   ] Safepoint "Cleanup", Time since last: 16002593319 ns, Reaching safepoint: 291766 ns, Cleanup: 36631 ns, At safepoint: 7084 ns, Total: 335481 ns
[2025-12-05T09:39:09.590+0000][3398.091s][debug][safepoint   ] Safepoint synchronization initiated using futex wait barrier. (247 threads)
[2025-12-05T09:39:09.590+0000][3398.092s][info ][safepoint   ] Safepoint "Cleanup", Time since last: 8001185864 ns, Reaching safepoint: 153388 ns, Cleanup: 26050 ns, At safepoint: 4579 ns, Total: 184017 ns
[2025-12-05T09:39:10.591+0000][3399.092s][debug][safepoint   ] Safepoint synchronization initiated using futex wait barrier. (247 threads)
[2025-12-05T09:39:10.591+0000][3399.092s][info ][safepoint   ] Safepoint "Cleanup", Time since last: 1000193631 ns, Reaching safepoint: 178456 ns, Cleanup: 46330 ns, At safepoint: 5300 ns, Total: 230086 ns
[2025-12-05T09:39:12.591+0000][3401.092s][debug][safepoint   ] Safepoint synchronization initiated using futex wait barrier. (247 threads)
[2025-12-05T09:39:12.591+0000][3401.093s][info ][safepoint   ] Safepoint "Cleanup", Time since last: 2000298708 ns, Reaching safepoint: 188255 ns, Cleanup: 25961 ns, At safepoint: 5080 ns, Total: 219296 ns
[2025-12-05T09:39:21.527+0000][3410.029s][debug][safepoint   ] Safepoint synchronization initiated using futex wait barrier. (247 threads)
[2025-12-05T09:39:21.528+0000][3410.029s][info ][gc,start    ] GC(113) Pause Young (Prepare Mixed) (G1 Evacuation Pause)
[2025-12-05T09:39:21.528+0000][3410.029s][info ][gc,task     ] GC(113) Using 13 workers of 13 for evacuation
[2025-12-05T09:39:21.543+0000][3410.045s][info ][gc,phases   ] GC(113)   Pre Evacuate Collection Set: 0.7ms
[2025-12-05T09:39:21.543+0000][3410.045s][info ][gc,phases   ] GC(113)   Merge Heap Roots: 0.5ms
[2025-12-05T09:39:21.543+0000][3410.045s][info ][gc,phases   ] GC(113)   Evacuate Collection Set: 9.8ms
[2025-12-05T09:39:21.543+0000][3410.045s][info ][gc,phases   ] GC(113)   Post Evacuate Collection Set: 4.2ms
[2025-12-05T09:39:21.543+0000][3410.045s][info ][gc,phases   ] GC(113)   Other: 0.4ms
[2025-12-05T09:39:21.543+0000][3410.045s][info ][gc,heap     ] GC(113) Eden regions: 317->0(24)
[2025-12-05T09:39:21.543+0000][3410.045s][info ][gc,heap     ] GC(113) Survivor regions: 2->2(40)
[2025-12-05T09:39:21.543+0000][3410.045s][info ][gc,heap     ] GC(113) Old regions: 149->149
[2025-12-05T09:39:21.543+0000][3410.045s][info ][gc,heap     ] GC(113) Archive regions: 2->2
[2025-12-05T09:39:21.543+0000][3410.045s][info ][gc,heap     ] GC(113) Humongous regions: 0->0
[2025-12-05T09:39:21.543+0000][3410.045s][info ][gc,metaspace] GC(113) Metaspace: 204270K(205440K)->204270K(205440K) NonClass: 179769K(180416K)->179769K(180416K) Class: 24500K(25024K)->24500K(25024K)
[2025-12-05T09:39:21.543+0000][3410.045s][info ][gc          ] GC(113) Pause Young (Prepare Mixed) (G1 Evacuation Pause) 468M->151M(530M) 15.711ms
[2025-12-05T09:39:21.544+0000][3410.045s][info ][gc,cpu      ] GC(113) User=0.11s Sys=0.02s Real=0.01s
[2025-12-05T09:39:21.545+0000][3410.046s][info ][safepoint   ] Safepoint "G1CollectForAllocation", Time since last: 8936171939 ns, Reaching safepoint: 145723 ns, Cleanup: 23396 ns, At safepoint: 17260996 ns, Total: 17430115 ns
[2025-12-05T09:39:22.545+0000][3411.046s][debug][safepoint   ] Safepoint synchronization initiated using futex wait barrier. (249 threads)
[2025-12-05T09:39:22.545+0000][3411.047s][info ][safepoint   ] Safepoint "Cleanup", Time since last: 1000265407 ns, Reaching safepoint: 215669 ns, Cleanup: 23445 ns, At safepoint: 5220 ns, Total: 244334 ns
[2025-12-05T09:39:23.232+0000][3411.733s][debug][safepoint   ] Safepoint synchronization initiated using futex wait barrier. (249 threads)
[2025-12-05T09:39:23.232+0000][3411.734s][info ][gc,start    ] GC(114) Pause Young (Mixed) (G1 Evacuation Pause)
[2025-12-05T09:39:23.232+0000][3411.734s][info ][gc,task     ] GC(114) Using 13 workers of 13 for evacuation
[2025-12-05T09:39:23.252+0000][3411.753s][info ][gc,phases   ] GC(114)   Pre Evacuate Collection Set: 0.5ms
[2025-12-05T09:39:23.252+0000][3411.753s][info ][gc,phases   ] GC(114)   Merge Heap Roots: 1.0ms
[2025-12-05T09:39:23.252+0000][3411.753s][info ][gc,phases   ] GC(114)   Evacuate Collection Set: 15.6ms
[2025-12-05T09:39:23.252+0000][3411.753s][info ][gc,phases   ] GC(114)   Post Evacuate Collection Set: 1.8ms
[2025-12-05T09:39:23.252+0000][3411.753s][info ][gc,phases   ] GC(114)   Other: 0.4ms
[2025-12-05T09:39:23.252+0000][3411.753s][info ][gc,heap     ] GC(114) Eden regions: 24->0(316)
[2025-12-05T09:39:23.252+0000][3411.753s][info ][gc,heap     ] GC(114) Survivor regions: 2->2(4)
[2025-12-05T09:39:23.252+0000][3411.753s][info ][gc,heap     ] GC(114) Old regions: 149->146
[2025-12-05T09:39:23.252+0000][3411.753s][info ][gc,heap     ] GC(114) Archive regions: 2->2
[2025-12-05T09:39:23.252+0000][3411.753s][info ][gc,heap     ] GC(114) Humongous regions: 0->0
[2025-12-05T09:39:23.252+0000][3411.753s][info ][gc,metaspace] GC(114) Metaspace: 204288K(205440K)->204288K(205440K) NonClass: 179786K(180416K)->179786K(180416K) Class: 24501K(25024K)->24501K(25024K)
[2025-12-05T09:39:23.252+0000][3411.753s][info ][gc          ] GC(114) Pause Young (Mixed) (G1 Evacuation Pause) 175M->148M(530M) 19.433ms
[2025-12-05T09:39:23.252+0000][3411.753s][info ][gc,cpu      ] GC(114) User=0.19s Sys=0.00s Real=0.02s
[2025-12-05T09:39:23.252+0000][3411.753s][info ][safepoint   ] Safepoint "G1CollectForAllocation", Time since last: 686394677 ns, Reaching safepoint: 294111 ns, Cleanup: 95785 ns, At safepoint: 19890744 ns, Total: 20280640 ns
[2025-12-05T09:39:24.252+0000][3412.754s][debug][safepoint   ] Safepoint synchronization initiated using futex wait barrier. (249 threads)
[2025-12-05T09:39:24.253+0000][3412.754s][info ][safepoint   ] Safepoint "Cleanup", Time since last: 1000293503 ns, Reaching safepoint: 216109 ns, Cleanup: 113210 ns, At safepoint: 22043 ns, Total: 351362 ns
[2025-12-05T09:39:25.253+0000][3413.754s][debug][safepoint   ] Safepoint synchronization initiated using futex wait barrier. (249 threads)
[2025-12-05T09:39:25.253+0000][3413.754s][info ][safepoint   ] Safepoint "Cleanup", Time since last: 1000216120 ns, Reaching safepoint: 154881 ns, Cleanup: 38815 ns, At safepoint: 4098 ns, Total: 197794 ns
[2025-12-05T09:39:27.254+0000][3415.755s][debug][safepoint   ] Safepoint synchronization initiated using futex wait barrier. (249 threads)
[2025-12-05T09:39:27.254+0000][3415.755s][info ][safepoint   ] Safepoint "Cleanup", Time since last: 2000531276 ns, Reaching safepoint: 162104 ns, Cleanup: 21312 ns, At safepoint: 5981 ns, Total: 189397 ns
[2025-12-05T09:39:32.252+0000][3420.756s][debug][safepoint   ] Safepoint synchronization initiated using futex wait barrier. (249 threads)
[2025-12-05T09:39:32.252+0000][3420.756s][info ][safepoint   ] Safepoint "Cleanup", Time since last: 5000707759 ns, Reaching safepoint: 198863 ns, Cleanup: 29928 ns, At safepoint: 215976 ns, Total: 444767 ns
[2025-12-05T09:39:35.616+0000][3424.120s][debug][safepoint   ] Safepoint synchronization initiated using futex wait barrier. (248 threads)
[2025-12-05T09:39:35.616+0000][3424.120s][info ][safepoint   ] Safepoint "Cleanup", Time since last: 3363720812 ns, Reaching safepoint: 161601 ns, Cleanup: 34026 ns, At safepoint: 6312 ns, Total: 201939 ns
[2025-12-05T09:39:44.618+0000][3433.122s][debug][safepoint   ] Safepoint synchronization initiated using futex wait barrier. (248 threads)
[2025-12-05T09:39:44.618+0000][3433.122s][info ][safepoint   ] Safepoint "Cleanup", Time since last: 9001426504 ns, Reaching safepoint: 208004 ns, Cleanup: 26452 ns, At safepoint: 5390 ns, Total: 239846 ns
[2025-12-05T09:39:47.619+0000][3436.123s][debug][safepoint   ] Safepoint synchronization initiated using futex wait barrier. (248 threads)
[2025-12-05T09:39:47.619+0000][3436.123s][info ][safepoint   ] Safepoint "Cleanup", Time since last: 3000579460 ns, Reaching safepoint: 222542 ns, Cleanup: 21211 ns, At safepoint: 5852 ns, Total: 249605 ns
[2025-12-05T09:40:10.620+0000][3459.126s][debug][safepoint   ] Safepoint synchronization initiated using futex wait barrier. (247 threads)
[2025-12-05T09:40:10.620+0000][3459.126s][info ][safepoint   ] Safepoint "Cleanup", Time since last: 23003558610 ns, Reaching safepoint: 160471 ns, Cleanup: 14258 ns, At safepoint: 10520 ns, Total: 185249 ns
[2025-12-05T09:40:30.621+0000][3479.129s][debug][safepoint   ] Safepoint synchronization initiated using futex wait barrier. (247 threads)
[2025-12-05T09:40:30.621+0000][3479.130s][info ][safepoint   ] Safepoint "Cleanup", Time since last: 20002905760 ns, Reaching safepoint: 130223 ns, Cleanup: 11763 ns, At safepoint: 3617 ns, Total: 145603 ns
[2025-12-05T09:40:32.621+0000][3481.130s][debug][safepoint   ] Safepoint synchronization initiated using futex wait barrier. (247 threads)
[2025-12-05T09:40:32.622+0000][3481.130s][info ][safepoint   ] Safepoint "Cleanup", Time since last: 2000358538 ns, Reaching safepoint: 227202 ns, Cleanup: 15910 ns, At safepoint: 7024 ns, Total: 250136 ns
[2025-12-05T09:40:41.648+0000][3490.157s][debug][safepoint   ] Safepoint synchronization initiated using futex wait barrier. (246 threads)
[2025-12-05T09:40:41.648+0000][3490.157s][info ][safepoint   ] Safepoint "Cleanup", Time since last: 9026673360 ns, Reaching safepoint: 195079 ns, Cleanup: 23616 ns, At safepoint: 5911 ns, Total: 224606 ns
[2025-12-05T09:41:27.652+0000][3536.163s][debug][safepoint   ] Safepoint synchronization initiated using futex wait barrier. (248 threads)
[2025-12-05T09:41:27.652+0000][3536.163s][info ][safepoint   ] Safepoint "Cleanup", Time since last: 46006057466 ns, Reaching safepoint: 102579 ns, Cleanup: 12424 ns, At safepoint: 4719 ns, Total: 119722 ns
[2025-12-05T09:41:37.684+0000][3546.197s][debug][safepoint   ] Safepoint synchronization initiated using futex wait barrier. (250 threads)
[2025-12-05T09:41:37.684+0000][3546.198s][info ][safepoint   ] Safepoint "Cleanup", Time since last: 10034265519 ns, Reaching safepoint: 148906 ns, Cleanup: 80795 ns, At safepoint: 6943 ns, Total: 236644 ns
[2025-12-05T09:41:47.685+0000][3556.199s][debug][safepoint   ] Safepoint synchronization initiated using futex wait barrier. (248 threads)
[2025-12-05T09:41:47.686+0000][3556.199s][info ][safepoint   ] Safepoint "Cleanup", Time since last: 10001481157 ns, Reaching safepoint: 217483 ns, Cleanup: 31411 ns, At safepoint: 6303 ns, Total: 255197 ns
[2025-12-05T09:41:50.686+0000][3559.200s][debug][safepoint   ] Safepoint synchronization initiated using futex wait barrier. (252 threads)
[2025-12-05T09:41:50.686+0000][3559.200s][info ][safepoint   ] Safepoint "Cleanup", Time since last: 3000445640 ns, Reaching safepoint: 243884 ns, Cleanup: 58434 ns, At safepoint: 7033 ns, Total: 309351 ns
[2025-12-05T09:41:51.687+0000][3560.200s][debug][safepoint   ] Safepoint synchronization initiated using futex wait barrier. (251 threads)
[2025-12-05T09:41:51.687+0000][3560.201s][info ][safepoint   ] Safepoint "Cleanup", Time since last: 1000147658 ns, Reaching safepoint: 129041 ns, Cleanup: 56730 ns, At safepoint: 4980 ns, Total: 190751 ns
[2025-12-05T09:41:52.687+0000][3561.201s][debug][safepoint   ] Safepoint synchronization initiated using futex wait barrier. (251 threads)
[2025-12-05T09:41:52.687+0000][3561.201s][info ][safepoint   ] Safepoint "Cleanup", Time since last: 1000210497 ns, Reaching safepoint: 192675 ns, Cleanup: 72551 ns, At safepoint: 5471 ns, Total: 270697 ns
[2025-12-05T09:41:57.688+0000][3566.202s][debug][safepoint   ] Safepoint synchronization initiated using futex wait barrier. (253 threads)
[2025-12-05T09:41:57.688+0000][3566.202s][info ][safepoint   ] Safepoint "Cleanup", Time since last: 5000712770 ns, Reaching safepoint: 156223 ns, Cleanup: 78823 ns, At safepoint: 6052 ns, Total: 241098 ns
[2025-12-05T09:42:00.687+0000][3569.202s][debug][safepoint   ] Safepoint synchronization initiated using futex wait barrier. (255 threads)
[2025-12-05T09:42:00.687+0000][3569.203s][info ][safepoint   ] Safepoint "Cleanup", Time since last: 3000413102 ns, Reaching safepoint: 150883 ns, Cleanup: 195309 ns, At safepoint: 5250 ns, Total: 351442 ns
[2025-12-05T09:42:05.657+0000][3574.173s][debug][safepoint   ] Safepoint synchronization initiated using futex wait barrier. (254 threads)
[2025-12-05T09:42:05.657+0000][3574.173s][info ][gc,start    ] GC(115) Pause Young (Concurrent Start) (G1 Humongous Allocation)
[2025-12-05T09:42:05.657+0000][3574.173s][info ][gc,task     ] GC(115) Using 13 workers of 13 for evacuation
[2025-12-05T09:42:05.692+0000][3574.208s][info ][gc,phases   ] GC(115)   Pre Evacuate Collection Set: 10.4ms
[2025-12-05T09:42:05.693+0000][3574.208s][info ][gc,phases   ] GC(115)   Merge Heap Roots: 0.4ms
[2025-12-05T09:42:05.693+0000][3574.208s][info ][gc,phases   ] GC(115)   Evacuate Collection Set: 17.0ms
[2025-12-05T09:42:05.693+0000][3574.208s][info ][gc,phases   ] GC(115)   Post Evacuate Collection Set: 3.9ms
[2025-12-05T09:42:05.693+0000][3574.209s][info ][gc,phases   ] GC(115)   Other: 3.6ms
[2025-12-05T09:42:05.693+0000][3574.209s][info ][gc,heap     ] GC(115) Eden regions: 254->0(315)
[2025-12-05T09:42:05.693+0000][3574.209s][info ][gc,heap     ] GC(115) Survivor regions: 2->3(40)
[2025-12-05T09:42:05.693+0000][3574.209s][info ][gc,heap     ] GC(115) Old regions: 146->147
[2025-12-05T09:42:05.693+0000][3574.209s][info ][gc,heap     ] GC(115) Archive regions: 2->2
[2025-12-05T09:42:05.693+0000][3574.209s][info ][gc,heap     ] GC(115) Humongous regions: 0->0
[2025-12-05T09:42:05.693+0000][3574.209s][info ][gc,metaspace] GC(115) Metaspace: 204546K(205824K)->204546K(205824K) NonClass: 180034K(180736K)->180034K(180736K) Class: 24512K(25088K)->24512K(25088K)
[2025-12-05T09:42:05.693+0000][3574.209s][info ][gc          ] GC(115) Pause Young (Concurrent Start) (G1 Humongous Allocation) 402M->149M(530M) 35.430ms
[2025-12-05T09:42:05.693+0000][3574.209s][info ][gc,cpu      ] GC(115) User=0.11s Sys=0.02s Real=0.04s
[2025-12-05T09:42:05.693+0000][3574.209s][info ][gc          ] GC(116) Concurrent Mark Cycle
[2025-12-05T09:42:05.693+0000][3574.209s][info ][gc,marking  ] GC(116) Concurrent Clear Claimed Marks
[2025-12-05T09:42:05.693+0000][3574.209s][info ][gc,marking  ] GC(116) Concurrent Clear Claimed Marks 0.271ms
[2025-12-05T09:42:05.693+0000][3574.209s][info ][gc,marking  ] GC(116) Concurrent Scan Root Regions
[2025-12-05T09:42:05.694+0000][3574.210s][info ][safepoint   ] Safepoint "G1TryInitiateConcMark", Time since last: 4969998450 ns, Reaching safepoint: 139539 ns, Cleanup: 74123 ns, At safepoint: 37195752 ns, Total: 37409414 ns
[2025-12-05T09:42:05.750+0000][3574.266s][info ][gc,marking  ] GC(116) Concurrent Scan Root Regions 56.606ms
[2025-12-05T09:42:05.750+0000][3574.266s][info ][gc,marking  ] GC(116) Concurrent Mark
[2025-12-05T09:42:05.750+0000][3574.266s][info ][gc,marking  ] GC(116) Concurrent Mark From Roots
[2025-12-05T09:42:05.750+0000][3574.266s][info ][gc,task     ] GC(116) Using 3 workers of 3 for marking
[2025-12-05T09:42:05.918+0000][3574.434s][info ][gc,marking  ] GC(116) Concurrent Mark From Roots 167.524ms
[2025-12-05T09:42:05.918+0000][3574.434s][info ][gc,marking  ] GC(116) Concurrent Preclean
[2025-12-05T09:42:05.920+0000][3574.436s][info ][gc,marking  ] GC(116) Concurrent Preclean 1.397ms
[2025-12-05T09:42:05.920+0000][3574.436s][debug][safepoint   ] Safepoint synchronization initiated using futex wait barrier. (253 threads)
[2025-12-05T09:42:05.920+0000][3574.436s][info ][gc,start    ] GC(116) Pause Remark
[2025-12-05T09:42:05.965+0000][3574.481s][info ][gc          ] GC(116) Pause Remark 175M->175M(530M) 44.513ms
[2025-12-05T09:42:05.965+0000][3574.481s][info ][gc,cpu      ] GC(116) User=0.43s Sys=0.00s Real=0.05s
[2025-12-05T09:42:05.966+0000][3574.482s][info ][safepoint   ] Safepoint "G1PauseRemark", Time since last: 225653516 ns, Reaching safepoint: 75215 ns, Cleanup: 35669 ns, At safepoint: 45636873 ns, Total: 45747757 ns
[2025-12-05T09:42:05.966+0000][3574.482s][info ][gc,marking  ] GC(116) Concurrent Mark 215.606ms
[2025-12-05T09:42:05.966+0000][3574.482s][info ][gc,marking  ] GC(116) Concurrent Rebuild Remembered Sets
[2025-12-05T09:42:06.032+0000][3574.548s][info ][gc,marking  ] GC(116) Concurrent Rebuild Remembered Sets 66.230ms
[2025-12-05T09:42:06.032+0000][3574.548s][debug][safepoint   ] Safepoint synchronization initiated using futex wait barrier. (253 threads)
[2025-12-05T09:42:06.033+0000][3574.549s][info ][gc,start    ] GC(116) Pause Cleanup
[2025-12-05T09:42:06.034+0000][3574.550s][info ][gc          ] GC(116) Pause Cleanup 175M->175M(530M) 0.666ms
[2025-12-05T09:42:06.034+0000][3574.550s][info ][gc,cpu      ] GC(116) User=0.00s Sys=0.00s Real=0.00s
[2025-12-05T09:42:06.034+0000][3574.550s][info ][safepoint   ] Safepoint "G1PauseCleanup", Time since last: 66544215 ns, Reaching safepoint: 1036660 ns, Cleanup: 5331 ns, At safepoint: 898503 ns, Total: 1940494 ns
[2025-12-05T09:42:06.034+0000][3574.550s][info ][gc,marking  ] GC(116) Concurrent Cleanup for Next Mark
[2025-12-05T09:42:06.047+0000][3574.563s][info ][gc,marking  ] GC(116) Concurrent Cleanup for Next Mark 12.955ms
[2025-12-05T09:42:06.047+0000][3574.563s][info ][gc          ] GC(116) Concurrent Mark Cycle 354.267ms
[2025-12-05T09:42:07.529+0000][3576.045s][debug][safepoint   ] Safepoint synchronization initiated using futex wait barrier. (253 threads)
[2025-12-05T09:42:07.529+0000][3576.045s][info ][safepoint   ] Safepoint "Cleanup", Time since last: 1494735218 ns, Reaching safepoint: 186240 ns, Cleanup: 184576 ns, At safepoint: 4799 ns, Total: 375615 ns
[2025-12-05T09:42:08.530+0000][3577.045s][debug][safepoint   ] Safepoint synchronization initiated using futex wait barrier. (253 threads)
[2025-12-05T09:42:08.530+0000][3577.046s][info ][safepoint   ] Safepoint "Cleanup", Time since last: 1000200998 ns, Reaching safepoint: 119691 ns, Cleanup: 52541 ns, At safepoint: 3768 ns, Total: 176000 ns
[2025-12-05T09:42:13.530+0000][3582.046s][debug][safepoint   ] Safepoint synchronization initiated using futex wait barrier. (253 threads)
[2025-12-05T09:42:13.531+0000][3582.047s][info ][safepoint   ] Safepoint "Cleanup", Time since last: 5000776876 ns, Reaching safepoint: 195960 ns, Cleanup: 23376 ns, At safepoint: 5200 ns, Total: 224536 ns
[2025-12-05T09:42:14.531+0000][3583.047s][debug][safepoint   ] Safepoint synchronization initiated using futex wait barrier. (253 threads)
[2025-12-05T09:42:14.531+0000][3583.047s][info ][safepoint   ] Safepoint "Cleanup", Time since last: 1000255323 ns, Reaching safepoint: 219296 ns, Cleanup: 33234 ns, At safepoint: 5210 ns, Total: 257740 ns
[2025-12-05T09:42:25.533+0000][3594.049s][debug][safepoint   ] Safepoint synchronization initiated using futex wait barrier. (252 threads)
[2025-12-05T09:42:25.533+0000][3594.049s][info ][safepoint   ] Safepoint "Cleanup", Time since last: 11001710026 ns, Reaching safepoint: 203074 ns, Cleanup: 26181 ns, At safepoint: 6503 ns, Total: 235758 ns
[2025-12-05T09:42:26.533+0000][3595.049s][debug][safepoint   ] Safepoint synchronization initiated using futex wait barrier. (252 threads)
[2025-12-05T09:42:26.533+0000][3595.049s][info ][safepoint   ] Safepoint "Cleanup", Time since last: 1000154213 ns, Reaching safepoint: 103481 ns, Cleanup: 19979 ns, At safepoint: 3337 ns, Total: 126797 ns
[2025-12-05T09:42:27.534+0000][3596.050s][debug][safepoint   ] Safepoint synchronization initiated using futex wait barrier. (252 threads)
[2025-12-05T09:42:27.534+0000][3596.050s][info ][safepoint   ] Safepoint "Cleanup", Time since last: 1000212249 ns, Reaching safepoint: 195056 ns, Cleanup: 28555 ns, At safepoint: 5922 ns, Total: 229533 ns
[2025-12-05T09:42:29.534+0000][3598.050s][debug][safepoint   ] Safepoint synchronization initiated using futex wait barrier. (263 threads)
[2025-12-05T09:42:29.535+0000][3598.051s][info ][safepoint   ] Safepoint "Cleanup", Time since last: 2000484095 ns, Reaching safepoint: 211458 ns, Cleanup: 219253 ns, At safepoint: 66318 ns, Total: 497029 ns
[2025-12-05T09:42:30.981+0000][3599.499s][debug][safepoint   ] Safepoint synchronization initiated using futex wait barrier. (262 threads)
[2025-12-05T09:42:30.982+0000][3599.500s][info ][safepoint   ] Safepoint "ICBufferFull", Time since last: 1448709836 ns, Reaching safepoint: 104772 ns, Cleanup: 184496 ns, At safepoint: 3847 ns, Total: 293115 ns
[2025-12-05T09:42:31.707+0000][3600.225s][debug][safepoint   ] Safepoint synchronization initiated using futex wait barrier. (261 threads)
[2025-12-05T09:42:31.708+0000][3600.226s][info ][gc,start    ] GC(117) Pause Young (Prepare Mixed) (G1 Evacuation Pause)
[2025-12-05T09:42:31.708+0000][3600.226s][info ][gc,task     ] GC(117) Using 13 workers of 13 for evacuation
[2025-12-05T09:42:31.715+0000][3600.233s][info ][gc,phases   ] GC(117)   Pre Evacuate Collection Set: 0.5ms
[2025-12-05T09:42:31.715+0000][3600.233s][info ][gc,phases   ] GC(117)   Merge Heap Roots: 0.3ms
[2025-12-05T09:42:31.715+0000][3600.233s][info ][gc,phases   ] GC(117)   Evacuate Collection Set: 4.8ms
[2025-12-05T09:42:31.715+0000][3600.233s][info ][gc,phases   ] GC(117)   Post Evacuate Collection Set: 1.6ms
[2025-12-05T09:42:31.715+0000][3600.233s][info ][gc,phases   ] GC(117)   Other: 0.3ms
[2025-12-05T09:42:31.715+0000][3600.233s][info ][gc,heap     ] GC(117) Eden regions: 315->0(17)
[2025-12-05T09:42:31.715+0000][3600.233s][info ][gc,heap     ] GC(117) Survivor regions: 3->9(40)
[2025-12-05T09:42:31.715+0000][3600.233s][info ][gc,heap     ] GC(117) Old regions: 147->147
[2025-12-05T09:42:31.715+0000][3600.233s][info ][gc,heap     ] GC(117) Archive regions: 2->2
[2025-12-05T09:42:31.715+0000][3600.233s][info ][gc,heap     ] GC(117) Humongous regions: 17->0
[2025-12-05T09:42:31.715+0000][3600.233s][info ][gc,metaspace] GC(117) Metaspace: 205437K(206656K)->205437K(206656K) NonClass: 180833K(181504K)->180833K(181504K) Class: 24603K(25152K)->24603K(25152K)
[2025-12-05T09:42:31.715+0000][3600.233s][info ][gc          ] GC(117) Pause Young (Prepare Mixed) (G1 Evacuation Pause) 481M->155M(530M) 7.618ms
[2025-12-05T09:42:31.715+0000][3600.233s][info ][gc,cpu      ] GC(117) User=0.06s Sys=0.00s Real=0.01s
[2025-12-05T09:42:31.716+0000][3600.234s][info ][safepoint   ] Safepoint "G1CollectForAllocation", Time since last: 725686570 ns, Reaching safepoint: 113910 ns, Cleanup: 50848 ns, At safepoint: 8009622 ns, Total: 8174380 ns
[2025-12-05T09:42:31.735+0000][3600.253s][debug][safepoint   ] Safepoint synchronization initiated using futex wait barrier. (261 threads)
[2025-12-05T09:42:31.735+0000][3600.254s][info ][gc,start    ] GC(118) Pause Young (Mixed) (G1 Evacuation Pause)
[2025-12-05T09:42:31.736+0000][3600.254s][info ][gc,task     ] GC(118) Using 13 workers of 13 for evacuation
[2025-12-05T09:42:31.755+0000][3600.273s][info ][gc,phases   ] GC(118)   Pre Evacuate Collection Set: 0.8ms
[2025-12-05T09:42:31.755+0000][3600.273s][info ][gc,phases   ] GC(118)   Merge Heap Roots: 0.5ms
[2025-12-05T09:42:31.755+0000][3600.273s][info ][gc,phases   ] GC(118)   Evacuate Collection Set: 15.6ms
[2025-12-05T09:42:31.755+0000][3600.273s][info ][gc,phases   ] GC(118)   Post Evacuate Collection Set: 2.0ms
[2025-12-05T09:42:31.755+0000][3600.273s][info ][gc,phases   ] GC(118)   Other: 0.3ms
[2025-12-05T09:42:31.755+0000][3600.273s][info ][gc,heap     ] GC(118) Eden regions: 17->0(298)
[2025-12-05T09:42:31.755+0000][3600.273s][info ][gc,heap     ] GC(118) Survivor regions: 9->4(4)
[2025-12-05T09:42:31.755+0000][3600.273s][info ][gc,heap     ] GC(118) Old regions: 147->154
[2025-12-05T09:42:31.755+0000][3600.273s][info ][gc,heap     ] GC(118) Archive regions: 2->2
[2025-12-05T09:42:31.755+0000][3600.273s][info ][gc,heap     ] GC(118) Humongous regions: 0->0
[2025-12-05T09:42:31.755+0000][3600.273s][info ][gc,metaspace] GC(118) Metaspace: 205442K(206656K)->205442K(206656K) NonClass: 180838K(181504K)->180838K(181504K) Class: 24604K(25152K)->24604K(25152K)
[2025-12-05T09:42:31.755+0000][3600.273s][info ][gc          ] GC(118) Pause Young (Mixed) (G1 Evacuation Pause) 172M->158M(530M) 19.267ms
[2025-12-05T09:42:31.755+0000][3600.273s][info ][gc,cpu      ] GC(118) User=0.19s Sys=0.00s Real=0.02s
[2025-12-05T09:42:31.756+0000][3600.274s][info ][safepoint   ] Safepoint "G1CollectForAllocation", Time since last: 19685409 ns, Reaching safepoint: 129610 ns, Cleanup: 13706 ns, At safepoint: 20736924 ns, Total: 20880240 ns
[2025-12-05T09:42:32.756+0000][3601.274s][debug][safepoint   ] Safepoint synchronization initiated using futex wait barrier. (262 threads)
[2025-12-05T09:42:32.757+0000][3601.275s][info ][safepoint   ] Safepoint "Cleanup", Time since last: 1000251901 ns, Reaching safepoint: 223681 ns, Cleanup: 150651 ns, At safepoint: 6663 ns, Total: 380995 ns
[2025-12-05T09:42:34.721+0000][3603.239s][debug][safepoint   ] Safepoint synchronization initiated using futex wait barrier. (261 threads)
[2025-12-05T09:42:34.721+0000][3603.239s][info ][safepoint   ] Safepoint "Cleanup", Time since last: 1964515030 ns, Reaching safepoint: 150420 ns, Cleanup: 31972 ns, At safepoint: 4468 ns, Total: 186860 ns
[2025-12-05T09:43:14.726+0000][3643.246s][debug][safepoint   ] Safepoint synchronization initiated using futex wait barrier. (256 threads)
[2025-12-05T09:43:14.726+0000][3643.246s][info ][safepoint   ] Safepoint "Cleanup", Time since last: 40006663334 ns, Reaching safepoint: 190936 ns, Cleanup: 18586 ns, At safepoint: 7194 ns, Total: 216716 ns
[2025-12-05T09:43:27.728+0000][3656.248s][debug][safepoint   ] Safepoint synchronization initiated using futex wait barrier. (256 threads)
[2025-12-05T09:43:27.728+0000][3656.248s][info ][safepoint   ] Safepoint "Cleanup", Time since last: 13001906535 ns, Reaching safepoint: 203874 ns, Cleanup: 20740 ns, At safepoint: 5401 ns, Total: 230015 ns
[2025-12-05T09:43:32.726+0000][3661.249s][debug][safepoint   ] Safepoint synchronization initiated using futex wait barrier. (256 threads)
[2025-12-05T09:43:32.726+0000][3661.249s][info ][safepoint   ] Safepoint "Cleanup", Time since last: 5000694834 ns, Reaching safepoint: 94361 ns, Cleanup: 15369 ns, At safepoint: 5130 ns, Total: 114860 ns
[2025-12-05T09:44:05.757+0000][3694.282s][debug][safepoint   ] Safepoint synchronization initiated using futex wait barrier. (257 threads)
[2025-12-05T09:44:05.757+0000][3694.282s][info ][safepoint   ] Safepoint "Cleanup", Time since last: 33032446450 ns, Reaching safepoint: 428950 ns, Cleanup: 30550 ns, At safepoint: 6031 ns, Total: 465531 ns
[2025-12-05T09:44:09.758+0000][3698.283s][debug][safepoint   ] Safepoint synchronization initiated using futex wait barrier. (256 threads)
[2025-12-05T09:44:09.758+0000][3698.283s][info ][safepoint   ] Safepoint "Cleanup", Time since last: 4000690297 ns, Reaching safepoint: 281145 ns, Cleanup: 56579 ns, At safepoint: 6312 ns, Total: 344036 ns
[2025-12-05T09:44:17.759+0000][3706.284s][debug][safepoint   ] Safepoint synchronization initiated using futex wait barrier. (256 threads)
[2025-12-05T09:44:17.760+0000][3706.285s][info ][safepoint   ] Safepoint "Cleanup", Time since last: 8001209173 ns, Reaching safepoint: 180129 ns, Cleanup: 38976 ns, At safepoint: 4749 ns, Total: 223854 ns
[2025-12-05T09:44:20.478+0000][3709.003s][debug][safepoint   ] Safepoint synchronization initiated using futex wait barrier. (256 threads)
[2025-12-05T09:44:20.478+0000][3709.003s][info ][gc,start    ] GC(119) Pause Young (Concurrent Start) (G1 Evacuation Pause)
[2025-12-05T09:44:20.478+0000][3709.003s][info ][gc,task     ] GC(119) Using 13 workers of 13 for evacuation
[2025-12-05T09:44:20.487+0000][3709.012s][info ][gc,phases   ] GC(119)   Pre Evacuate Collection Set: 0.7ms
[2025-12-05T09:44:20.487+0000][3709.012s][info ][gc,phases   ] GC(119)   Merge Heap Roots: 0.3ms
[2025-12-05T09:44:20.487+0000][3709.012s][info ][gc,phases   ] GC(119)   Evacuate Collection Set: 6.2ms
[2025-12-05T09:44:20.487+0000][3709.012s][info ][gc,phases   ] GC(119)   Post Evacuate Collection Set: 2.1ms
[2025-12-05T09:44:20.487+0000][3709.012s][info ][gc,phases   ] GC(119)   Other: 0.3ms
[2025-12-05T09:44:20.487+0000][3709.012s][info ][gc,heap     ] GC(119) Eden regions: 298->0(290)
[2025-12-05T09:44:20.487+0000][3709.012s][info ][gc,heap     ] GC(119) Survivor regions: 4->11(38)
[2025-12-05T09:44:20.487+0000][3709.012s][info ][gc,heap     ] GC(119) Old regions: 154->154
[2025-12-05T09:44:20.487+0000][3709.012s][info ][gc,heap     ] GC(119) Archive regions: 2->2
[2025-12-05T09:44:20.488+0000][3709.012s][info ][gc,heap     ] GC(119) Humongous regions: 0->0
[2025-12-05T09:44:20.488+0000][3709.012s][info ][gc,metaspace] GC(119) Metaspace: 205677K(206848K)->205677K(206848K) NonClass: 181048K(181696K)->181048K(181696K) Class: 24629K(25152K)->24629K(25152K)
[2025-12-05T09:44:20.488+0000][3709.013s][info ][gc          ] GC(119) Pause Young (Concurrent Start) (G1 Evacuation Pause) 456M->165M(530M) 9.759ms
[2025-12-05T09:44:20.488+0000][3709.013s][info ][gc,cpu      ] GC(119) User=0.06s Sys=0.01s Real=0.01s
[2025-12-05T09:44:20.488+0000][3709.013s][info ][gc          ] GC(120) Concurrent Mark Cycle
[2025-12-05T09:44:20.488+0000][3709.013s][info ][gc,marking  ] GC(120) Concurrent Clear Claimed Marks
[2025-12-05T09:44:20.488+0000][3709.013s][info ][safepoint   ] Safepoint "G1CollectForAllocation", Time since last: 2717917153 ns, Reaching safepoint: 110394 ns, Cleanup: 13817 ns, At safepoint: 10231217 ns, Total: 10355428 ns
[2025-12-05T09:44:20.488+0000][3709.013s][info ][gc,marking  ] GC(120) Concurrent Clear Claimed Marks 0.241ms
[2025-12-05T09:44:20.488+0000][3709.013s][info ][gc,marking  ] GC(120) Concurrent Scan Root Regions
[2025-12-05T09:44:20.492+0000][3709.017s][info ][gc,marking  ] GC(120) Concurrent Scan Root Regions 3.629ms
[2025-12-05T09:44:20.492+0000][3709.017s][info ][gc,marking  ] GC(120) Concurrent Mark
[2025-12-05T09:44:20.492+0000][3709.017s][info ][gc,marking  ] GC(120) Concurrent Mark From Roots
[2025-12-05T09:44:20.492+0000][3709.017s][info ][gc,task     ] GC(120) Using 3 workers of 3 for marking
[2025-12-05T09:44:20.613+0000][3709.138s][info ][gc,marking  ] GC(120) Concurrent Mark From Roots 120.696ms
[2025-12-05T09:44:20.613+0000][3709.138s][info ][gc,marking  ] GC(120) Concurrent Preclean
[2025-12-05T09:44:20.613+0000][3709.138s][info ][gc,marking  ] GC(120) Concurrent Preclean 0.580ms
[2025-12-05T09:44:20.613+0000][3709.138s][debug][safepoint   ] Safepoint synchronization initiated using futex wait barrier. (256 threads)
[2025-12-05T09:44:20.621+0000][3709.146s][info ][gc,start    ] GC(120) Pause Remark
[2025-12-05T09:44:20.636+0000][3709.161s][info ][gc          ] GC(120) Pause Remark 176M->176M(530M) 14.937ms
[2025-12-05T09:44:20.637+0000][3709.162s][info ][gc,cpu      ] GC(120) User=0.13s Sys=0.00s Real=0.01s
[2025-12-05T09:44:20.638+0000][3709.163s][info ][safepoint   ] Safepoint "G1PauseRemark", Time since last: 125475883 ns, Reaching safepoint: 7810765 ns, Cleanup: 69915 ns, At safepoint: 16475571 ns, Total: 24356251 ns
[2025-12-05T09:44:20.638+0000][3709.163s][info ][gc,marking  ] GC(120) Concurrent Mark 146.047ms
[2025-12-05T09:44:20.638+0000][3709.163s][info ][gc,marking  ] GC(120) Concurrent Rebuild Remembered Sets
[2025-12-05T09:44:20.687+0000][3709.212s][info ][gc,marking  ] GC(120) Concurrent Rebuild Remembered Sets 49.383ms
[2025-12-05T09:44:20.688+0000][3709.213s][debug][safepoint   ] Safepoint synchronization initiated using futex wait barrier. (256 threads)
[2025-12-05T09:44:20.688+0000][3709.213s][info ][gc,start    ] GC(120) Pause Cleanup
[2025-12-05T09:44:20.688+0000][3709.213s][info ][gc          ] GC(120) Pause Cleanup 176M->176M(530M) 0.391ms
[2025-12-05T09:44:20.688+0000][3709.213s][info ][gc,cpu      ] GC(120) User=0.00s Sys=0.00s Real=0.00s
[2025-12-05T09:44:20.689+0000][3709.213s][info ][safepoint   ] Safepoint "G1PauseCleanup", Time since last: 49721789 ns, Reaching safepoint: 74564 ns, Cleanup: 16001 ns, At safepoint: 904974 ns, Total: 995539 ns
[2025-12-05T09:44:20.689+0000][3709.214s][info ][gc,marking  ] GC(120) Concurrent Cleanup for Next Mark
[2025-12-05T09:44:20.692+0000][3709.217s][info ][gc,marking  ] GC(120) Concurrent Cleanup for Next Mark 3.291ms
[2025-12-05T09:44:20.692+0000][3709.217s][info ][gc          ] GC(120) Concurrent Mark Cycle 204.187ms
[2025-12-05T09:44:25.689+0000][3714.214s][debug][safepoint   ] Safepoint synchronization initiated using futex wait barrier. (257 threads)
[2025-12-05T09:44:25.690+0000][3714.215s][info ][safepoint   ] Safepoint "Cleanup", Time since last: 5000860398 ns, Reaching safepoint: 145812 ns, Cleanup: 37784 ns, At safepoint: 5410 ns, Total: 189006 ns
[2025-12-05T09:44:48.452+0000][3736.980s][debug][safepoint   ] ... found polling page loop exception at pc = 0x0000706eb981bd59, stub =0x0000706eb8a04400
[2025-12-05T09:44:48.453+0000][3736.981s][debug][safepoint   ] Safepoint synchronization initiated using futex wait barrier. (257 threads)
[2025-12-05T09:44:48.453+0000][3736.981s][info ][safepoint   ] Safepoint "Cleanup", Time since last: 22766092460 ns, Reaching safepoint: 194837 ns, Cleanup: 14869 ns, At safepoint: 119342 ns, Total: 329048 ns
[2025-12-05T09:44:49.453+0000][3737.981s][debug][safepoint   ] Safepoint synchronization initiated using futex wait barrier. (256 threads)
[2025-12-05T09:44:49.454+0000][3737.981s][info ][safepoint   ] Safepoint "Cleanup", Time since last: 1000219602 ns, Reaching safepoint: 193761 ns, Cleanup: 32082 ns, At safepoint: 6212 ns, Total: 232055 ns
[2025-12-05T09:44:50.454+0000][3738.982s][debug][safepoint   ] Safepoint synchronization initiated using futex wait barrier. (256 threads)
[2025-12-05T09:44:50.455+0000][3738.982s][info ][safepoint   ] Safepoint "Cleanup", Time since last: 1000505796 ns, Reaching safepoint: 304811 ns, Cleanup: 36721 ns, At safepoint: 5862 ns, Total: 347394 ns
[2025-12-05T09:44:55.455+0000][3743.983s][debug][safepoint   ] Safepoint synchronization initiated using futex wait barrier. (256 threads)
[2025-12-05T09:44:55.456+0000][3743.983s][info ][safepoint   ] Safepoint "Cleanup", Time since last: 5000680675 ns, Reaching safepoint: 245305 ns, Cleanup: 41521 ns, At safepoint: 126735 ns, Total: 413561 ns
[2025-12-05T09:45:00.454+0000][3748.984s][debug][safepoint   ] Safepoint synchronization initiated using futex wait barrier. (259 threads)
[2025-12-05T09:45:00.454+0000][3748.984s][info ][safepoint   ] Safepoint "Cleanup", Time since last: 5000720402 ns, Reaching safepoint: 151904 ns, Cleanup: 29678 ns, At safepoint: 4509 ns, Total: 186091 ns
[2025-12-05T09:45:02.455+0000][3750.985s][debug][safepoint   ] Safepoint synchronization initiated using futex wait barrier. (257 threads)
[2025-12-05T09:45:02.455+0000][3750.985s][info ][safepoint   ] Safepoint "Cleanup", Time since last: 2000262788 ns, Reaching safepoint: 110424 ns, Cleanup: 16282 ns, At safepoint: 3847 ns, Total: 130553 ns
[2025-12-05T09:45:12.456+0000][3760.986s][debug][safepoint   ] Safepoint synchronization initiated using futex wait barrier. (256 threads)
[2025-12-05T09:45:12.456+0000][3760.986s][info ][safepoint   ] Safepoint "Cleanup", Time since last: 10001451714 ns, Reaching safepoint: 151734 ns, Cleanup: 16382 ns, At safepoint: 108931 ns, Total: 277047 ns
[2025-12-05T09:45:47.820+0000][3796.352s][debug][safepoint   ] Safepoint synchronization initiated using futex wait barrier. (256 threads)
[2025-12-05T09:45:47.820+0000][3796.353s][info ][safepoint   ] Safepoint "Cleanup", Time since last: 35365988136 ns, Reaching safepoint: 162605 ns, Cleanup: 16482 ns, At safepoint: 5250 ns, Total: 184337 ns
[2025-12-05T09:46:16.822+0000][3825.357s][debug][safepoint   ] Safepoint synchronization initiated using futex wait barrier. (254 threads)
[2025-12-05T09:46:16.822+0000][3825.357s][info ][safepoint   ] Safepoint "Cleanup", Time since last: 29003930238 ns, Reaching safepoint: 114522 ns, Cleanup: 9689 ns, At safepoint: 4338 ns, Total: 128549 ns
[2025-12-05T09:46:18.822+0000][3827.357s][debug][safepoint   ] Safepoint synchronization initiated using futex wait barrier. (254 threads)
[2025-12-05T09:46:18.823+0000][3827.357s][info ][safepoint   ] Safepoint "Cleanup", Time since last: 2000309365 ns, Reaching safepoint: 202312 ns, Cleanup: 14889 ns, At safepoint: 6042 ns, Total: 223243 ns
[2025-12-05T09:46:57.857+0000][3866.393s][debug][safepoint   ] Safepoint synchronization initiated using futex wait barrier. (255 threads)
[2025-12-05T09:46:57.857+0000][3866.393s][info ][safepoint   ] Safepoint "Cleanup", Time since last: 39035864674 ns, Reaching safepoint: 242149 ns, Cleanup: 36921 ns, At safepoint: 5341 ns, Total: 284411 ns
[2025-12-05T09:47:10.857+0000][3879.395s][debug][safepoint   ] Safepoint synchronization initiated using futex wait barrier. (253 threads)
[2025-12-05T09:47:10.857+0000][3879.396s][info ][safepoint   ] Safepoint "Cleanup", Time since last: 13002042028 ns, Reaching safepoint: 126816 ns, Cleanup: 26882 ns, At safepoint: 4879 ns, Total: 158577 ns
[2025-12-05T09:47:11.857+0000][3880.396s][debug][safepoint   ] Safepoint synchronization initiated using futex wait barrier. (253 threads)
[2025-12-05T09:47:11.857+0000][3880.396s][info ][safepoint   ] Safepoint "Cleanup", Time since last: 1000185613 ns, Reaching safepoint: 114302 ns, Cleanup: 13125 ns, At safepoint: 3797 ns, Total: 131224 ns
[2025-12-05T09:47:12.857+0000][3881.396s][debug][safepoint   ] Safepoint synchronization initiated using futex wait barrier. (253 threads)
[2025-12-05T09:47:12.857+0000][3881.396s][info ][safepoint   ] Safepoint "Cleanup", Time since last: 1000174788 ns, Reaching safepoint: 152235 ns, Cleanup: 17614 ns, At safepoint: 6683 ns, Total: 176532 ns
[2025-12-05T09:47:15.769+0000][3884.308s][debug][safepoint   ] Safepoint synchronization initiated using futex wait barrier. (253 threads)
[2025-12-05T09:47:15.770+0000][3884.309s][info ][gc,start    ] GC(121) Pause Young (Prepare Mixed) (G1 Evacuation Pause)
[2025-12-05T09:47:15.770+0000][3884.309s][info ][gc,task     ] GC(121) Using 13 workers of 13 for evacuation
[2025-12-05T09:47:15.785+0000][3884.323s][info ][gc,phases   ] GC(121)   Pre Evacuate Collection Set: 0.8ms
[2025-12-05T09:47:15.785+0000][3884.324s][info ][gc,phases   ] GC(121)   Merge Heap Roots: 0.5ms
[2025-12-05T09:47:15.785+0000][3884.324s][info ][gc,phases   ] GC(121)   Evacuate Collection Set: 10.8ms
[2025-12-05T09:47:15.785+0000][3884.324s][info ][gc,phases   ] GC(121)   Post Evacuate Collection Set: 2.1ms
[2025-12-05T09:47:15.785+0000][3884.324s][info ][gc,phases   ] GC(121)   Other: 0.6ms
[2025-12-05T09:47:15.785+0000][3884.324s][info ][gc,heap     ] GC(121) Eden regions: 290->0(14)
[2025-12-05T09:47:15.785+0000][3884.324s][info ][gc,heap     ] GC(121) Survivor regions: 11->12(38)
[2025-12-05T09:47:15.785+0000][3884.324s][info ][gc,heap     ] GC(121) Old regions: 154->154
[2025-12-05T09:47:15.785+0000][3884.324s][info ][gc,heap     ] GC(121) Archive regions: 2->2
[2025-12-05T09:47:15.785+0000][3884.324s][info ][gc,heap     ] GC(121) Humongous regions: 0->0
[2025-12-05T09:47:15.785+0000][3884.324s][info ][gc,metaspace] GC(121) Metaspace: 205794K(206976K)->205794K(206976K) NonClass: 181162K(181824K)->181162K(181824K) Class: 24632K(25152K)->24632K(25152K)
[2025-12-05T09:47:15.785+0000][3884.324s][info ][gc          ] GC(121) Pause Young (Prepare Mixed) (G1 Evacuation Pause) 455M->166M(530M) 15.330ms
[2025-12-05T09:47:15.785+0000][3884.324s][info ][gc,cpu      ] GC(121) User=0.12s Sys=0.01s Real=0.01s
[2025-12-05T09:47:15.787+0000][3884.326s][info ][safepoint   ] Safepoint "G1CollectForAllocation", Time since last: 2912101222 ns, Reaching safepoint: 216499 ns, Cleanup: 6232 ns, At safepoint: 17303428 ns, Total: 17526159 ns
[2025-12-05T09:47:16.787+0000][3885.326s][debug][safepoint   ] Safepoint synchronization initiated using futex wait barrier. (254 threads)
[2025-12-05T09:47:16.787+0000][3885.326s][info ][safepoint   ] Safepoint "Cleanup", Time since last: 1000202973 ns, Reaching safepoint: 100715 ns, Cleanup: 39206 ns, At safepoint: 4258 ns, Total: 144179 ns
[2025-12-05T09:47:20.221+0000][3888.760s][debug][safepoint   ] Safepoint synchronization initiated using futex wait barrier. (255 threads)
[2025-12-05T09:47:20.222+0000][3888.760s][info ][gc,start    ] GC(122) Pause Young (Mixed) (G1 Evacuation Pause)
[2025-12-05T09:47:20.222+0000][3888.760s][info ][gc,task     ] GC(122) Using 13 workers of 13 for evacuation
[2025-12-05T09:47:20.248+0000][3888.786s][info ][gc,phases   ] GC(122)   Pre Evacuate Collection Set: 0.6ms
[2025-12-05T09:47:20.248+0000][3888.786s][info ][gc,phases   ] GC(122)   Merge Heap Roots: 0.4ms
[2025-12-05T09:47:20.248+0000][3888.786s][info ][gc,phases   ] GC(122)   Evacuate Collection Set: 22.7ms
[2025-12-05T09:47:20.248+0000][3888.786s][info ][gc,phases   ] GC(122)   Post Evacuate Collection Set: 1.9ms
[2025-12-05T09:47:20.248+0000][3888.786s][info ][gc,phases   ] GC(122)   Other: 0.9ms
[2025-12-05T09:47:20.248+0000][3888.786s][info ][gc,heap     ] GC(122) Eden regions: 14->0(293)
[2025-12-05T09:47:20.248+0000][3888.786s][info ][gc,heap     ] GC(122) Survivor regions: 12->2(4)
[2025-12-05T09:47:20.248+0000][3888.786s][info ][gc,heap     ] GC(122) Old regions: 154->163
[2025-12-05T09:47:20.248+0000][3888.786s][info ][gc,heap     ] GC(122) Archive regions: 2->2
[2025-12-05T09:47:20.248+0000][3888.786s][info ][gc,heap     ] GC(122) Humongous regions: 0->0
[2025-12-05T09:47:20.248+0000][3888.786s][info ][gc,metaspace] GC(122) Metaspace: 205868K(207040K)->205868K(207040K) NonClass: 181235K(181888K)->181235K(181888K) Class: 24632K(25152K)->24632K(25152K)
[2025-12-05T09:47:20.248+0000][3888.787s][info ][gc          ] GC(122) Pause Young (Mixed) (G1 Evacuation Pause) 180M->165M(530M) 26.290ms
[2025-12-05T09:47:20.248+0000][3888.787s][info ][gc,cpu      ] GC(122) User=0.29s Sys=0.00s Real=0.03s
[2025-12-05T09:47:20.249+0000][3888.788s][info ][safepoint   ] Safepoint "G1CollectForAllocation", Time since last: 3433399546 ns, Reaching safepoint: 276135 ns, Cleanup: 12564 ns, At safepoint: 27991852 ns, Total: 28280551 ns
[2025-12-05T09:47:26.250+0000][3894.789s][debug][safepoint   ] Safepoint synchronization initiated using futex wait barrier. (253 threads)
[2025-12-05T09:47:26.250+0000][3894.789s][info ][safepoint   ] Safepoint "Cleanup", Time since last: 6001161189 ns, Reaching safepoint: 113299 ns, Cleanup: 16492 ns, At safepoint: 4369 ns, Total: 134160 ns
[2025-12-05T09:47:29.251+0000][3897.790s][debug][safepoint   ] Safepoint synchronization initiated using futex wait barrier. (253 threads)
[2025-12-05T09:47:29.251+0000][3897.790s][info ][safepoint   ] Safepoint "Cleanup", Time since last: 3000453151 ns, Reaching safepoint: 202120 ns, Cleanup: 23195 ns, At safepoint: 5531 ns, Total: 230846 ns
[2025-12-05T09:47:36.058+0000][3904.599s][debug][safepoint   ] Safepoint synchronization initiated using futex wait barrier. (266 threads)
[2025-12-05T09:47:36.058+0000][3904.599s][info ][safepoint   ] Safepoint "Cleanup", Time since last: 6808712604 ns, Reaching safepoint: 89764 ns, Cleanup: 13105 ns, At safepoint: 46600 ns, Total: 149469 ns
[2025-12-05T09:47:37.058+0000][3905.599s][debug][safepoint   ] Safepoint synchronization initiated using futex wait barrier. (267 threads)
[2025-12-05T09:47:37.059+0000][3905.599s][info ][safepoint   ] Safepoint "Cleanup", Time since last: 1000276892 ns, Reaching safepoint: 436454 ns, Cleanup: 65507 ns, At safepoint: 6773 ns, Total: 508734 ns
[2025-12-05T09:47:44.060+0000][3912.600s][debug][safepoint   ] Safepoint synchronization initiated using futex wait barrier. (266 threads)
[2025-12-05T09:47:44.060+0000][3912.601s][debug][safepoint   ] ... found polling page loop exception at pc = 0x0000706eba35681b, stub =0x0000706eb8a04400
[2025-12-05T09:47:44.060+0000][3912.601s][info ][safepoint   ] Safepoint "Cleanup", Time since last: 7000972802 ns, Reaching safepoint: 352803 ns, Cleanup: 11783 ns, At safepoint: 51440 ns, Total: 416026 ns
[2025-12-05T09:47:53.062+0000][3921.603s][debug][safepoint   ] Safepoint synchronization initiated using futex wait barrier. (266 threads)
[2025-12-05T09:47:53.062+0000][3921.603s][info ][safepoint   ] Safepoint "Cleanup", Time since last: 9001945405 ns, Reaching safepoint: 220005 ns, Cleanup: 28054 ns, At safepoint: 6423 ns, Total: 254482 ns
[2025-12-05T09:47:55.063+0000][3923.603s][debug][safepoint   ] Safepoint synchronization initiated using futex wait barrier. (266 threads)
[2025-12-05T09:47:55.063+0000][3923.604s][info ][safepoint   ] Safepoint "Cleanup", Time since last: 2000327135 ns, Reaching safepoint: 185519 ns, Cleanup: 27643 ns, At safepoint: 5110 ns, Total: 218272 ns
[2025-12-05T09:48:00.061+0000][3928.604s][debug][safepoint   ] Safepoint synchronization initiated using futex wait barrier. (266 threads)
[2025-12-05T09:48:00.061+0000][3928.605s][info ][safepoint   ] Safepoint "Cleanup", Time since last: 5000756717 ns, Reaching safepoint: 204034 ns, Cleanup: 47531 ns, At safepoint: 6152 ns, Total: 257717 ns
[2025-12-05T09:48:02.061+0000][3930.605s][debug][safepoint   ] Safepoint synchronization initiated using futex wait barrier. (266 threads)
[2025-12-05T09:48:02.062+0000][3930.605s][info ][safepoint   ] Safepoint "Cleanup", Time since last: 2000383561 ns, Reaching safepoint: 181290 ns, Cleanup: 26581 ns, At safepoint: 5951 ns, Total: 213822 ns
[2025-12-05T09:48:10.063+0000][3938.606s][debug][safepoint   ] Safepoint synchronization initiated using futex wait barrier. (267 threads)
[2025-12-05T09:48:10.063+0000][3938.607s][info ][safepoint   ] Safepoint "Cleanup", Time since last: 8001233799 ns, Reaching safepoint: 192041 ns, Cleanup: 24197 ns, At safepoint: 5721 ns, Total: 221959 ns
[2025-12-05T09:48:18.064+0000][3946.608s][debug][safepoint   ] Safepoint synchronization initiated using futex wait barrier. (264 threads)
[2025-12-05T09:48:18.064+0000][3946.608s][info ][safepoint   ] Safepoint "Cleanup", Time since last: 8001111276 ns, Reaching safepoint: 172474 ns, Cleanup: 22824 ns, At safepoint: 4489 ns, Total: 199787 ns
[2025-12-05T09:48:26.066+0000][3954.609s][debug][safepoint   ] Safepoint synchronization initiated using futex wait barrier. (264 threads)
[2025-12-05T09:48:26.066+0000][3954.610s][info ][safepoint   ] Safepoint "Cleanup", Time since last: 8001408962 ns, Reaching safepoint: 249252 ns, Cleanup: 24838 ns, At safepoint: 6062 ns, Total: 280152 ns
[2025-12-05T09:48:32.065+0000][3960.610s][debug][safepoint   ] Safepoint synchronization initiated using futex wait barrier. (264 threads)
[2025-12-05T09:48:32.065+0000][3960.611s][info ][safepoint   ] Safepoint "Cleanup", Time since last: 6000783291 ns, Reaching safepoint: 129249 ns, Cleanup: 12435 ns, At safepoint: 4087 ns, Total: 145771 ns
[2025-12-05T09:49:01.927+0000][3990.475s][debug][safepoint   ] Safepoint synchronization initiated using futex wait barrier. (264 threads)
[2025-12-05T09:49:01.927+0000][3990.475s][info ][safepoint   ] Safepoint "Cleanup", Time since last: 29864695797 ns, Reaching safepoint: 161702 ns, Cleanup: 15190 ns, At safepoint: 5140 ns, Total: 182032 ns
[2025-12-05T09:49:11.929+0000][4000.477s][debug][safepoint   ] Safepoint synchronization initiated using futex wait barrier. (264 threads)
[2025-12-05T09:49:11.929+0000][4000.477s][info ][safepoint   ] Safepoint "Cleanup", Time since last: 10001372435 ns, Reaching safepoint: 191891 ns, Cleanup: 25069 ns, At safepoint: 8496 ns, Total: 225456 ns
[2025-12-05T09:50:07.933+0000][4056.485s][debug][safepoint   ] Safepoint synchronization initiated using futex wait barrier. (265 threads)
[2025-12-05T09:50:07.933+0000][4056.486s][info ][safepoint   ] Safepoint "Cleanup", Time since last: 56008373644 ns, Reaching safepoint: 168706 ns, Cleanup: 14619 ns, At safepoint: 4088 ns, Total: 187413 ns
[2025-12-05T09:50:19.937+0000][4068.489s][debug][safepoint   ] Safepoint synchronization initiated using futex wait barrier. (263 threads)
[2025-12-05T09:50:19.937+0000][4068.490s][info ][safepoint   ] Safepoint "Cleanup", Time since last: 12003745929 ns, Reaching safepoint: 229745 ns, Cleanup: 15419 ns, At safepoint: 5201 ns, Total: 250365 ns
[2025-12-05T09:50:40.993+0000][4089.548s][debug][safepoint   ] Safepoint synchronization initiated using futex wait barrier. (263 threads)
[2025-12-05T09:50:40.994+0000][4089.548s][info ][safepoint   ] Safepoint "Cleanup", Time since last: 21058403380 ns, Reaching safepoint: 246927 ns, Cleanup: 28846 ns, At safepoint: 8897 ns, Total: 284670 ns
[2025-12-05T09:50:44.995+0000][4093.549s][debug][safepoint   ] Safepoint synchronization initiated using futex wait barrier. (263 threads)
[2025-12-05T09:50:44.995+0000][4093.549s][info ][safepoint   ] Safepoint "Cleanup", Time since last: 4000805592 ns, Reaching safepoint: 160480 ns, Cleanup: 17875 ns, At safepoint: 4749 ns, Total: 183104 ns
[2025-12-05T09:50:46.418+0000][4094.973s][debug][safepoint   ] Safepoint synchronization initiated using futex wait barrier. (263 threads)
[2025-12-05T09:50:46.419+0000][4094.973s][info ][gc,start    ] GC(123) Pause Young (Concurrent Start) (G1 Evacuation Pause)
[2025-12-05T09:50:46.419+0000][4094.973s][info ][gc,task     ] GC(123) Using 13 workers of 13 for evacuation
[2025-12-05T09:50:46.427+0000][4094.982s][info ][gc,phases   ] GC(123)   Pre Evacuate Collection Set: 1.1ms
[2025-12-05T09:50:46.427+0000][4094.982s][info ][gc,phases   ] GC(123)   Merge Heap Roots: 0.3ms
[2025-12-05T09:50:46.427+0000][4094.982s][info ][gc,phases   ] GC(123)   Evacuate Collection Set: 4.3ms
[2025-12-05T09:50:46.427+0000][4094.982s][info ][gc,phases   ] GC(123)   Post Evacuate Collection Set: 2.2ms
[2025-12-05T09:50:46.427+0000][4094.982s][info ][gc,phases   ] GC(123)   Other: 0.7ms
[2025-12-05T09:50:46.427+0000][4094.982s][info ][gc,heap     ] GC(123) Eden regions: 293->0(297)
[2025-12-05T09:50:46.427+0000][4094.982s][info ][gc,heap     ] GC(123) Survivor regions: 2->1(37)
[2025-12-05T09:50:46.427+0000][4094.982s][info ][gc,heap     ] GC(123) Old regions: 163->163
[2025-12-05T09:50:46.427+0000][4094.982s][info ][gc,heap     ] GC(123) Archive regions: 2->2
[2025-12-05T09:50:46.428+0000][4094.982s][info ][gc,heap     ] GC(123) Humongous regions: 0->0
[2025-12-05T09:50:46.428+0000][4094.982s][info ][gc,metaspace] GC(123) Metaspace: 206113K(207360K)->206113K(207360K) NonClass: 181441K(182144K)->181441K(182144K) Class: 24672K(25216K)->24672K(25216K)
[2025-12-05T09:50:46.428+0000][4094.982s][info ][gc          ] GC(123) Pause Young (Concurrent Start) (G1 Evacuation Pause) 458M->164M(530M) 8.757ms
[2025-12-05T09:50:46.428+0000][4094.982s][info ][gc,cpu      ] GC(123) User=0.03s Sys=0.00s Real=0.01s
[2025-12-05T09:50:46.428+0000][4094.982s][info ][gc          ] GC(124) Concurrent Mark Cycle
[2025-12-05T09:50:46.428+0000][4094.982s][info ][gc,marking  ] GC(124) Concurrent Clear Claimed Marks
[2025-12-05T09:50:46.428+0000][4094.983s][info ][gc,marking  ] GC(124) Concurrent Clear Claimed Marks 0.177ms
[2025-12-05T09:50:46.428+0000][4094.983s][info ][gc,marking  ] GC(124) Concurrent Scan Root Regions
[2025-12-05T09:50:46.428+0000][4094.983s][info ][safepoint   ] Safepoint "G1CollectForAllocation", Time since last: 1423677071 ns, Reaching safepoint: 211669 ns, Cleanup: 9769 ns, At safepoint: 9424295 ns, Total: 9645733 ns
[2025-12-05T09:50:46.434+0000][4094.988s][info ][gc,marking  ] GC(124) Concurrent Scan Root Regions 5.831ms
[2025-12-05T09:50:46.434+0000][4094.989s][info ][gc,marking  ] GC(124) Concurrent Mark
[2025-12-05T09:50:46.434+0000][4094.989s][info ][gc,marking  ] GC(124) Concurrent Mark From Roots
[2025-12-05T09:50:46.434+0000][4094.989s][info ][gc,task     ] GC(124) Using 3 workers of 3 for marking
[2025-12-05T09:50:46.529+0000][4095.083s][info ][gc,marking  ] GC(124) Concurrent Mark From Roots 94.817ms
[2025-12-05T09:50:46.529+0000][4095.084s][info ][gc,marking  ] GC(124) Concurrent Preclean
[2025-12-05T09:50:46.529+0000][4095.084s][info ][gc,marking  ] GC(124) Concurrent Preclean 0.490ms
[2025-12-05T09:50:46.530+0000][4095.084s][debug][safepoint   ] Safepoint synchronization initiated using futex wait barrier. (263 threads)
[2025-12-05T09:50:46.530+0000][4095.084s][info ][gc,start    ] GC(124) Pause Remark
[2025-12-05T09:50:46.553+0000][4095.108s][info ][gc          ] GC(124) Pause Remark 167M->167M(530M) 23.666ms
[2025-12-05T09:50:46.554+0000][4095.108s][info ][gc,cpu      ] GC(124) User=0.23s Sys=0.00s Real=0.03s
[2025-12-05T09:50:46.555+0000][4095.109s][info ][safepoint   ] Safepoint "G1PauseRemark", Time since last: 101512842 ns, Reaching safepoint: 69254 ns, Cleanup: 4539 ns, At safepoint: 24891466 ns, Total: 24965259 ns
[2025-12-05T09:50:46.555+0000][4095.109s][info ][gc,marking  ] GC(124) Concurrent Mark 120.662ms
[2025-12-05T09:50:46.555+0000][4095.109s][info ][gc,marking  ] GC(124) Concurrent Rebuild Remembered Sets
[2025-12-05T09:50:46.604+0000][4095.159s][info ][gc,marking  ] GC(124) Concurrent Rebuild Remembered Sets 49.370ms
[2025-12-05T09:50:46.604+0000][4095.159s][debug][safepoint   ] Safepoint synchronization initiated using futex wait barrier. (263 threads)
[2025-12-05T09:50:46.605+0000][4095.159s][info ][gc,start    ] GC(124) Pause Cleanup
[2025-12-05T09:50:46.606+0000][4095.160s][info ][gc          ] GC(124) Pause Cleanup 167M->167M(530M) 0.688ms
[2025-12-05T09:50:46.606+0000][4095.160s][info ][gc,cpu      ] GC(124) User=0.00s Sys=0.00s Real=0.00s
[2025-12-05T09:50:46.606+0000][4095.161s][info ][safepoint   ] Safepoint "G1PauseCleanup", Time since last: 49902905 ns, Reaching safepoint: 315129 ns, Cleanup: 7355 ns, At safepoint: 1360402 ns, Total: 1682886 ns
[2025-12-05T09:50:46.606+0000][4095.161s][info ][gc,marking  ] GC(124) Concurrent Cleanup for Next Mark
[2025-12-05T09:50:46.608+0000][4095.163s][info ][gc,marking  ] GC(124) Concurrent Cleanup for Next Mark 1.731ms
[2025-12-05T09:50:46.608+0000][4095.163s][info ][gc          ] GC(124) Concurrent Mark Cycle 180.211ms
[2025-12-05T09:51:08.608+0000][4117.165s][debug][safepoint   ] Safepoint synchronization initiated using futex wait barrier. (263 threads)
[2025-12-05T09:51:08.608+0000][4117.165s][info ][safepoint   ] Safepoint "Cleanup", Time since last: 22003851912 ns, Reaching safepoint: 191710 ns, Cleanup: 22043 ns, At safepoint: 4819 ns, Total: 218572 ns
[2025-12-05T09:51:29.611+0000][4138.168s][debug][safepoint   ] Safepoint synchronization initiated using futex wait barrier. (263 threads)
[2025-12-05T09:51:29.611+0000][4138.168s][info ][safepoint   ] Safepoint "Cleanup", Time since last: 21003205613 ns, Reaching safepoint: 326189 ns, Cleanup: 17173 ns, At safepoint: 6613 ns, Total: 349975 ns
[2025-12-05T09:51:30.610+0000][4139.168s][debug][safepoint   ] Safepoint synchronization initiated using futex wait barrier. (263 threads)
[2025-12-05T09:51:30.610+0000][4139.169s][info ][safepoint   ] Safepoint "Cleanup", Time since last: 1000135067 ns, Reaching safepoint: 120623 ns, Cleanup: 14679 ns, At safepoint: 7434 ns, Total: 142736 ns
[2025-12-05T09:51:42.026+0000][4150.584s][debug][safepoint   ] Safepoint synchronization initiated using futex wait barrier. (263 threads)
[2025-12-05T09:51:42.026+0000][4150.585s][info ][safepoint   ] Safepoint "Cleanup", Time since last: 11415819701 ns, Reaching safepoint: 122497 ns, Cleanup: 19979 ns, At safepoint: 4468 ns, Total: 146944 ns
[2025-12-05T09:51:48.027+0000][4156.586s][debug][safepoint   ] Safepoint synchronization initiated using futex wait barrier. (263 threads)
[2025-12-05T09:51:48.027+0000][4156.586s][info ][safepoint   ] Safepoint "Cleanup", Time since last: 6001058855 ns, Reaching safepoint: 123038 ns, Cleanup: 15189 ns, At safepoint: 5080 ns, Total: 143307 ns
[2025-12-05T09:51:56.028+0000][4164.587s][debug][safepoint   ] Safepoint synchronization initiated using futex wait barrier. (263 threads)
[2025-12-05T09:51:56.028+0000][4164.587s][info ][safepoint   ] Safepoint "Cleanup", Time since last: 8001193980 ns, Reaching safepoint: 100203 ns, Cleanup: 12955 ns, At safepoint: 3687 ns, Total: 116845 ns
[2025-12-05T09:52:22.032+0000][4190.593s][debug][safepoint   ] Safepoint synchronization initiated using futex wait barrier. (263 threads)
[2025-12-05T09:52:22.032+0000][4190.593s][info ][safepoint   ] Safepoint "Cleanup", Time since last: 26005723251 ns, Reaching safepoint: 158577 ns, Cleanup: 25870 ns, At safepoint: 6482 ns, Total: 190929 ns
[2025-12-05T09:52:50.058+0000][4218.621s][debug][safepoint   ] Safepoint synchronization initiated using futex wait barrier. (263 threads)
[2025-12-05T09:52:50.058+0000][4218.622s][info ][safepoint   ] Safepoint "Cleanup", Time since last: 28028392906 ns, Reaching safepoint: 305082 ns, Cleanup: 17363 ns, At safepoint: 5311 ns, Total: 327756 ns
[2025-12-05T09:52:54.059+0000][4222.622s][debug][safepoint   ] Safepoint synchronization initiated using futex wait barrier. (263 threads)
[2025-12-05T09:52:54.059+0000][4222.623s][info ][safepoint   ] Safepoint "Cleanup", Time since last: 4000659805 ns, Reaching safepoint: 186200 ns, Cleanup: 26662 ns, At safepoint: 5781 ns, Total: 218643 ns
[2025-12-05T09:53:19.063+0000][4247.628s][debug][safepoint   ] Safepoint synchronization initiated using futex wait barrier. (264 threads)
[2025-12-05T09:53:19.063+0000][4247.628s][info ][safepoint   ] Safepoint "Cleanup", Time since last: 25005585506 ns, Reaching safepoint: 156753 ns, Cleanup: 99713 ns, At safepoint: 5982 ns, Total: 262448 ns
[2025-12-05T09:53:23.064+0000][4251.629s][debug][safepoint   ] Safepoint synchronization initiated using futex wait barrier. (263 threads)
[2025-12-05T09:53:23.064+0000][4251.629s][info ][safepoint   ] Safepoint "Cleanup", Time since last: 4000729797 ns, Reaching safepoint: 130703 ns, Cleanup: 40408 ns, At safepoint: 6182 ns, Total: 177293 ns
[2025-12-05T09:53:25.064+0000][4253.630s][debug][safepoint   ] Safepoint synchronization initiated using futex wait barrier. (264 threads)
[2025-12-05T09:53:25.065+0000][4253.630s][info ][safepoint   ] Safepoint "Cleanup", Time since last: 2000407421 ns, Reaching safepoint: 394934 ns, Cleanup: 39005 ns, At safepoint: 6222 ns, Total: 440161 ns
[2025-12-05T09:53:27.065+0000][4255.631s][debug][safepoint   ] Safepoint synchronization initiated using futex wait barrier. (264 threads)
[2025-12-05T09:53:27.065+0000][4255.631s][info ][safepoint   ] Safepoint "Cleanup", Time since last: 2000377103 ns, Reaching safepoint: 205342 ns, Cleanup: 63471 ns, At safepoint: 37341 ns, Total: 306154 ns
[2025-12-05T09:53:34.064+0000][4262.632s][debug][safepoint   ] Safepoint synchronization initiated using futex wait barrier. (264 threads)
[2025-12-05T09:53:34.064+0000][4262.632s][info ][safepoint   ] Safepoint "Cleanup", Time since last: 7001061055 ns, Reaching safepoint: 167103 ns, Cleanup: 25530 ns, At safepoint: 6061 ns, Total: 198694 ns
[2025-12-05T09:53:43.570+0000][4272.138s][debug][safepoint   ] Safepoint synchronization initiated using futex wait barrier. (264 threads)
[2025-12-05T09:53:43.571+0000][4272.139s][info ][gc,start    ] GC(125) Pause Young (Prepare Mixed) (G1 Evacuation Pause)
[2025-12-05T09:53:43.571+0000][4272.139s][info ][gc,task     ] GC(125) Using 13 workers of 13 for evacuation
[2025-12-05T09:53:43.580+0000][4272.148s][info ][gc,phases   ] GC(125)   Pre Evacuate Collection Set: 0.5ms
[2025-12-05T09:53:43.580+0000][4272.148s][info ][gc,phases   ] GC(125)   Merge Heap Roots: 0.4ms
[2025-12-05T09:53:43.580+0000][4272.148s][info ][gc,phases   ] GC(125)   Evacuate Collection Set: 4.7ms
[2025-12-05T09:53:43.580+0000][4272.148s][info ][gc,phases   ] GC(125)   Post Evacuate Collection Set: 2.8ms
[2025-12-05T09:53:43.580+0000][4272.148s][info ][gc,phases   ] GC(125)   Other: 1.1ms
[2025-12-05T09:53:43.580+0000][4272.148s][info ][gc,heap     ] GC(125) Eden regions: 297->0(25)
[2025-12-05T09:53:43.580+0000][4272.148s][info ][gc,heap     ] GC(125) Survivor regions: 1->1(38)
[2025-12-05T09:53:43.580+0000][4272.148s][info ][gc,heap     ] GC(125) Old regions: 163->163
[2025-12-05T09:53:43.580+0000][4272.148s][info ][gc,heap     ] GC(125) Archive regions: 2->2
[2025-12-05T09:53:43.580+0000][4272.148s][info ][gc,heap     ] GC(125) Humongous regions: 0->0
[2025-12-05T09:53:43.580+0000][4272.148s][info ][gc,metaspace] GC(125) Metaspace: 206133K(207360K)->206133K(207360K) NonClass: 181466K(182144K)->181466K(182144K) Class: 24666K(25216K)->24666K(25216K)
[2025-12-05T09:53:43.580+0000][4272.148s][info ][gc          ] GC(125) Pause Young (Prepare Mixed) (G1 Evacuation Pause) 461M->164M(530M) 9.033ms
[2025-12-05T09:53:43.580+0000][4272.148s][info ][gc,cpu      ] GC(125) User=0.06s Sys=0.00s Real=0.01s
[2025-12-05T09:53:43.581+0000][4272.149s][info ][safepoint   ] Safepoint "G1CollectForAllocation", Time since last: 9505702285 ns, Reaching safepoint: 220988 ns, Cleanup: 7364 ns, At safepoint: 10823704 ns, Total: 11052056 ns
[2025-12-05T09:54:02.498+0000][4291.068s][debug][safepoint   ] Safepoint synchronization initiated using futex wait barrier. (264 threads)
[2025-12-05T09:54:02.499+0000][4291.068s][info ][gc,start    ] GC(126) Pause Young (Mixed) (G1 Evacuation Pause)
[2025-12-05T09:54:02.499+0000][4291.068s][info ][gc,task     ] GC(126) Using 13 workers of 13 for evacuation
[2025-12-05T09:54:02.505+0000][4291.075s][info ][gc,phases   ] GC(126)   Pre Evacuate Collection Set: 0.3ms
[2025-12-05T09:54:02.505+0000][4291.075s][info ][gc,phases   ] GC(126)   Merge Heap Roots: 0.3ms
[2025-12-05T09:54:02.505+0000][4291.075s][info ][gc,phases   ] GC(126)   Evacuate Collection Set: 4.3ms
[2025-12-05T09:54:02.505+0000][4291.075s][info ][gc,phases   ] GC(126)   Post Evacuate Collection Set: 1.5ms
[2025-12-05T09:54:02.505+0000][4291.075s][info ][gc,phases   ] GC(126)   Other: 0.2ms
[2025-12-05T09:54:02.505+0000][4291.075s][info ][gc,heap     ] GC(126) Eden regions: 25->0(306)
[2025-12-05T09:54:02.505+0000][4291.075s][info ][gc,heap     ] GC(126) Survivor regions: 1->1(4)
[2025-12-05T09:54:02.505+0000][4291.075s][info ][gc,heap     ] GC(126) Old regions: 163->157
[2025-12-05T09:54:02.505+0000][4291.075s][info ][gc,heap     ] GC(126) Archive regions: 2->2
[2025-12-05T09:54:02.505+0000][4291.075s][info ][gc,heap     ] GC(126) Humongous regions: 0->0
[2025-12-05T09:54:02.505+0000][4291.075s][info ][gc,metaspace] GC(126) Metaspace: 206135K(207360K)->206135K(207360K) NonClass: 181468K(182144K)->181468K(182144K) Class: 24666K(25216K)->24666K(25216K)
[2025-12-05T09:54:02.505+0000][4291.075s][info ][gc          ] GC(126) Pause Young (Mixed) (G1 Evacuation Pause) 189M->157M(530M) 6.765ms
[2025-12-05T09:54:02.505+0000][4291.075s][info ][gc,cpu      ] GC(126) User=0.05s Sys=0.00s Real=0.00s
[2025-12-05T09:54:02.506+0000][4291.075s][info ][safepoint   ] Safepoint "G1CollectForAllocation", Time since last: 18918798571 ns, Reaching safepoint: 182152 ns, Cleanup: 7855 ns, At safepoint: 7045504 ns, Total: 7235511 ns
[2025-12-05T09:54:07.506+0000][4296.076s][debug][safepoint   ] Safepoint synchronization initiated using futex wait barrier. (264 threads)
[2025-12-05T09:54:07.507+0000][4296.076s][info ][safepoint   ] Safepoint "Cleanup", Time since last: 5000909007 ns, Reaching safepoint: 138347 ns, Cleanup: 49586 ns, At safepoint: 5040 ns, Total: 192973 ns
[2025-12-05T09:54:12.507+0000][4301.077s][debug][safepoint   ] Safepoint synchronization initiated using futex wait barrier. (266 threads)
[2025-12-05T09:54:12.508+0000][4301.077s][info ][safepoint   ] Safepoint "Cleanup", Time since last: 5000798181 ns, Reaching safepoint: 148547 ns, Cleanup: 50367 ns, At safepoint: 5781 ns, Total: 204695 ns
[2025-12-05T09:54:20.511+0000][4309.080s][debug][safepoint   ] Safepoint synchronization initiated using futex wait barrier. (262 threads)
[2025-12-05T09:54:20.511+0000][4309.081s][info ][safepoint   ] Safepoint "Cleanup", Time since last: 8003432597 ns, Reaching safepoint: 340728 ns, Cleanup: 40728 ns, At safepoint: 7615 ns, Total: 389071 ns
[2025-12-05T09:54:22.512+0000][4311.081s][debug][safepoint   ] Safepoint synchronization initiated using futex wait barrier. (262 threads)
[2025-12-05T09:54:22.512+0000][4311.081s][info ][safepoint   ] Safepoint "Cleanup", Time since last: 2000294215 ns, Reaching safepoint: 227910 ns, Cleanup: 56970 ns, At safepoint: 5952 ns, Total: 290832 ns
[2025-12-05T09:54:24.512+0000][4313.082s][debug][safepoint   ] Safepoint synchronization initiated using futex wait barrier. (261 threads)
[2025-12-05T09:54:24.513+0000][4313.082s][info ][safepoint   ] Safepoint "Cleanup", Time since last: 2000333547 ns, Reaching safepoint: 152164 ns, Cleanup: 57210 ns, At safepoint: 6252 ns, Total: 215626 ns
[2025-12-05T09:54:25.513+0000][4314.082s][debug][safepoint   ] Safepoint synchronization initiated using futex wait barrier. (261 threads)
[2025-12-05T09:54:25.513+0000][4314.082s][info ][safepoint   ] Safepoint "Cleanup", Time since last: 1000158126 ns, Reaching safepoint: 144630 ns, Cleanup: 19237 ns, At safepoint: 27192 ns, Total: 191059 ns
[2025-12-05T09:54:26.513+0000][4315.083s][debug][safepoint   ] Safepoint synchronization initiated using futex wait barrier. (263 threads)
[2025-12-05T09:54:26.513+0000][4315.083s][info ][safepoint   ] Safepoint "Cleanup", Time since last: 1000173864 ns, Reaching safepoint: 172704 ns, Cleanup: 67209 ns, At safepoint: 4800 ns, Total: 244713 ns
[2025-12-05T09:54:28.514+0000][4317.083s][debug][safepoint   ] Safepoint synchronization initiated using futex wait barrier. (262 threads)
[2025-12-05T09:54:28.514+0000][4317.083s][info ][safepoint   ] Safepoint "Cleanup", Time since last: 2000291469 ns, Reaching safepoint: 139596 ns, Cleanup: 24186 ns, At safepoint: 5070 ns, Total: 168852 ns
[2025-12-05T09:54:32.512+0000][4321.084s][debug][safepoint   ] Safepoint synchronization initiated using futex wait barrier. (261 threads)
[2025-12-05T09:54:32.512+0000][4321.084s][info ][safepoint   ] Safepoint "Cleanup", Time since last: 4000542184 ns, Reaching safepoint: 190293 ns, Cleanup: 28805 ns, At safepoint: 6261 ns, Total: 225359 ns
[2025-12-05T09:54:33.512+0000][4322.084s][debug][safepoint   ] Safepoint synchronization initiated using futex wait barrier. (261 threads)
[2025-12-05T09:54:33.512+0000][4322.084s][info ][safepoint   ] Safepoint "Cleanup", Time since last: 1000181497 ns, Reaching safepoint: 120940 ns, Cleanup: 31640 ns, At safepoint: 3727 ns, Total: 156307 ns
[2025-12-05T09:54:37.120+0000][4325.692s][debug][safepoint   ] Safepoint synchronization initiated using futex wait barrier. (261 threads)
[2025-12-05T09:54:37.120+0000][4325.692s][info ][safepoint   ] Safepoint "Cleanup", Time since last: 3607533547 ns, Reaching safepoint: 277818 ns, Cleanup: 24187 ns, At safepoint: 33906 ns, Total: 335911 ns
[2025-12-05T09:54:40.121+0000][4328.693s][debug][safepoint   ] Safepoint synchronization initiated using futex wait barrier. (261 threads)
[2025-12-05T09:54:40.121+0000][4328.693s][debug][safepoint   ] ... found polling page loop exception at pc = 0x0000706eb91dd33a, stub =0x0000706eb8a04400
[2025-12-05T09:54:40.121+0000][4328.693s][info ][safepoint   ] Safepoint "Cleanup", Time since last: 3000507630 ns, Reaching safepoint: 239033 ns, Cleanup: 11252 ns, At safepoint: 33304 ns, Total: 283589 ns
[2025-12-05T09:54:41.121+0000][4329.693s][debug][safepoint   ] Safepoint synchronization initiated using futex wait barrier. (261 threads)
[2025-12-05T09:54:41.121+0000][4329.693s][info ][safepoint   ] Safepoint "Cleanup", Time since last: 1000185262 ns, Reaching safepoint: 117788 ns, Cleanup: 17203 ns, At safepoint: 4479 ns, Total: 139470 ns
[2025-12-05T09:54:44.122+0000][4332.694s][debug][safepoint   ] Safepoint synchronization initiated using futex wait barrier. (261 threads)
[2025-12-05T09:54:44.122+0000][4332.694s][info ][safepoint   ] Safepoint "Cleanup", Time since last: 3000387283 ns, Reaching safepoint: 149569 ns, Cleanup: 39677 ns, At safepoint: 6102 ns, Total: 195348 ns
[2025-12-05T09:54:57.124+0000][4345.696s][debug][safepoint   ] Safepoint synchronization initiated using futex wait barrier. (261 threads)
[2025-12-05T09:54:57.124+0000][4345.696s][info ][safepoint   ] Safepoint "Cleanup", Time since last: 13002191960 ns, Reaching safepoint: 151963 ns, Cleanup: 23926 ns, At safepoint: 4489 ns, Total: 180378 ns
[2025-12-05T09:55:02.123+0000][4350.697s][debug][safepoint   ] Safepoint synchronization initiated using futex wait barrier. (261 threads)
[2025-12-05T09:55:02.123+0000][4350.697s][info ][safepoint   ] Safepoint "Cleanup", Time since last: 5000910193 ns, Reaching safepoint: 180461 ns, Cleanup: 16892 ns, At safepoint: 25979 ns, Total: 223332 ns
[2025-12-05T09:55:06.124+0000][4354.698s][debug][safepoint   ] Safepoint synchronization initiated using futex wait barrier. (261 threads)
[2025-12-05T09:55:06.124+0000][4354.698s][info ][safepoint   ] Safepoint "Cleanup", Time since last: 4000663679 ns, Reaching safepoint: 238962 ns, Cleanup: 30428 ns, At safepoint: 7254 ns, Total: 276644 ns
[2025-12-05T09:55:32.127+0000][4380.703s][debug][safepoint   ] Safepoint synchronization initiated using futex wait barrier. (261 threads)
[2025-12-05T09:55:32.127+0000][4380.703s][info ][safepoint   ] Safepoint "Cleanup", Time since last: 26004331081 ns, Reaching safepoint: 204661 ns, Cleanup: 26971 ns, At safepoint: 4880 ns, Total: 236512 ns
[2025-12-05T09:55:55.159+0000][4403.735s][debug][safepoint   ] Safepoint synchronization initiated using futex wait barrier. (260 threads)
[2025-12-05T09:55:55.159+0000][4403.736s][info ][safepoint   ] Safepoint "Cleanup", Time since last: 23032376758 ns, Reaching safepoint: 237739 ns, Cleanup: 30599 ns, At safepoint: 6262 ns, Total: 274600 ns
[2025-12-05T09:56:13.160+0000][4421.738s][debug][safepoint   ] Safepoint synchronization initiated using futex wait barrier. (260 threads)
[2025-12-05T09:56:13.161+0000][4421.739s][info ][safepoint   ] Safepoint "Cleanup", Time since last: 18002766719 ns, Reaching safepoint: 207290 ns, Cleanup: 33785 ns, At safepoint: 6884 ns, Total: 247959 ns
[2025-12-05T09:56:23.162+0000][4431.740s][debug][safepoint   ] Safepoint synchronization initiated using futex wait barrier. (259 threads)
[2025-12-05T09:56:23.162+0000][4431.740s][info ][safepoint   ] Safepoint "Cleanup", Time since last: 10001495807 ns, Reaching safepoint: 226006 ns, Cleanup: 35959 ns, At safepoint: 7144 ns, Total: 269109 ns
[2025-12-05T09:56:26.163+0000][4434.741s][debug][safepoint   ] Safepoint synchronization initiated using futex wait barrier. (258 threads)
[2025-12-05T09:56:26.163+0000][4434.741s][info ][safepoint   ] Safepoint "Cleanup", Time since last: 3000578167 ns, Reaching safepoint: 99492 ns, Cleanup: 11652 ns, At safepoint: 4148 ns, Total: 115292 ns
[2025-12-05T09:56:26.538+0000][4435.116s][debug][safepoint   ] Safepoint synchronization initiated using futex wait barrier. (258 threads)
[2025-12-05T09:56:26.540+0000][4435.118s][info ][gc,start    ] GC(127) Pause Young (Concurrent Start) (G1 Evacuation Pause)
[2025-12-05T09:56:26.540+0000][4435.118s][info ][gc,task     ] GC(127) Using 13 workers of 13 for evacuation
[2025-12-05T09:56:26.547+0000][4435.124s][info ][gc,phases   ] GC(127)   Pre Evacuate Collection Set: 0.9ms
[2025-12-05T09:56:26.547+0000][4435.125s][info ][gc,phases   ] GC(127)   Merge Heap Roots: 0.3ms
[2025-12-05T09:56:26.547+0000][4435.125s][info ][gc,phases   ] GC(127)   Evacuate Collection Set: 3.2ms
[2025-12-05T09:56:26.547+0000][4435.125s][info ][gc,phases   ] GC(127)   Post Evacuate Collection Set: 2.0ms
[2025-12-05T09:56:26.547+0000][4435.125s][info ][gc,phases   ] GC(127)   Other: 0.9ms
[2025-12-05T09:56:26.547+0000][4435.125s][info ][gc,heap     ] GC(127) Eden regions: 306->0(308)
[2025-12-05T09:56:26.547+0000][4435.125s][info ][gc,heap     ] GC(127) Survivor regions: 1->1(39)
[2025-12-05T09:56:26.547+0000][4435.125s][info ][gc,heap     ] GC(127) Old regions: 157->157
[2025-12-05T09:56:26.547+0000][4435.125s][info ][gc,heap     ] GC(127) Archive regions: 2->2
[2025-12-05T09:56:26.547+0000][4435.125s][info ][gc,heap     ] GC(127) Humongous regions: 0->0
[2025-12-05T09:56:26.547+0000][4435.125s][info ][gc,metaspace] GC(127) Metaspace: 206229K(207424K)->206229K(207424K) NonClass: 181559K(182208K)->181559K(182208K) Class: 24669K(25216K)->24669K(25216K)
[2025-12-05T09:56:26.547+0000][4435.125s][info ][gc          ] GC(127) Pause Young (Concurrent Start) (G1 Evacuation Pause) 463M->157M(530M) 7.049ms
[2025-12-05T09:56:26.547+0000][4435.125s][info ][gc,cpu      ] GC(127) User=0.01s Sys=0.02s Real=0.01s
[2025-12-05T09:56:26.547+0000][4435.125s][info ][gc          ] GC(128) Concurrent Mark Cycle
[2025-12-05T09:56:26.547+0000][4435.125s][info ][gc,marking  ] GC(128) Concurrent Clear Claimed Marks
[2025-12-05T09:56:26.547+0000][4435.125s][info ][safepoint   ] Safepoint "G1CollectForAllocation", Time since last: 375218022 ns, Reaching safepoint: 931682 ns, Cleanup: 27863 ns, At safepoint: 8055991 ns, Total: 9015536 ns
[2025-12-05T09:56:26.547+0000][4435.125s][info ][gc,marking  ] GC(128) Concurrent Clear Claimed Marks 0.308ms
[2025-12-05T09:56:26.547+0000][4435.125s][info ][gc,marking  ] GC(128) Concurrent Scan Root Regions
[2025-12-05T09:56:26.554+0000][4435.132s][info ][gc,marking  ] GC(128) Concurrent Scan Root Regions 6.546ms
[2025-12-05T09:56:26.554+0000][4435.132s][info ][gc,marking  ] GC(128) Concurrent Mark
[2025-12-05T09:56:26.554+0000][4435.132s][info ][gc,marking  ] GC(128) Concurrent Mark From Roots
[2025-12-05T09:56:26.554+0000][4435.132s][info ][gc,task     ] GC(128) Using 3 workers of 3 for marking
[2025-12-05T09:56:26.651+0000][4435.229s][info ][gc,marking  ] GC(128) Concurrent Mark From Roots 97.145ms
[2025-12-05T09:56:26.651+0000][4435.229s][info ][gc,marking  ] GC(128) Concurrent Preclean
[2025-12-05T09:56:26.652+0000][4435.230s][info ][gc,marking  ] GC(128) Concurrent Preclean 0.427ms
[2025-12-05T09:56:26.652+0000][4435.230s][debug][safepoint   ] Safepoint synchronization initiated using futex wait barrier. (258 threads)
[2025-12-05T09:56:26.652+0000][4435.230s][info ][gc,start    ] GC(128) Pause Remark
[2025-12-05T09:56:26.668+0000][4435.246s][info ][gc          ] GC(128) Pause Remark 161M->161M(530M) 15.601ms
[2025-12-05T09:56:26.668+0000][4435.246s][info ][gc,cpu      ] GC(128) User=0.17s Sys=0.00s Real=0.01s
[2025-12-05T09:56:26.669+0000][4435.247s][info ][safepoint   ] Safepoint "G1PauseRemark", Time since last: 104531887 ns, Reaching safepoint: 52862 ns, Cleanup: 5160 ns, At safepoint: 16740185 ns, Total: 16798207 ns
[2025-12-05T09:56:26.669+0000][4435.247s][info ][gc,marking  ] GC(128) Concurrent Mark 114.741ms
[2025-12-05T09:56:26.669+0000][4435.247s][info ][gc,marking  ] GC(128) Concurrent Rebuild Remembered Sets
[2025-12-05T09:56:26.720+0000][4435.298s][info ][gc,marking  ] GC(128) Concurrent Rebuild Remembered Sets 51.065ms
[2025-12-05T09:56:26.720+0000][4435.298s][debug][safepoint   ] Safepoint synchronization initiated using futex wait barrier. (258 threads)
[2025-12-05T09:56:26.720+0000][4435.298s][info ][gc,start    ] GC(128) Pause Cleanup
[2025-12-05T09:56:26.721+0000][4435.299s][info ][gc          ] GC(128) Pause Cleanup 161M->161M(530M) 0.473ms
[2025-12-05T09:56:26.721+0000][4435.299s][info ][gc,cpu      ] GC(128) User=0.00s Sys=0.00s Real=0.00s
[2025-12-05T09:56:26.721+0000][4435.299s][info ][safepoint   ] Safepoint "G1PauseCleanup", Time since last: 51504033 ns, Reaching safepoint: 94893 ns, Cleanup: 31411 ns, At safepoint: 707074 ns, Total: 833378 ns
[2025-12-05T09:56:26.721+0000][4435.299s][info ][gc,marking  ] GC(128) Concurrent Cleanup for Next Mark
[2025-12-05T09:56:26.722+0000][4435.300s][info ][gc,marking  ] GC(128) Concurrent Cleanup for Next Mark 1.192ms
[2025-12-05T09:56:26.722+0000][4435.300s][info ][gc          ] GC(128) Concurrent Mark Cycle 175.295ms
[2025-12-05T09:56:30.976+0000][4439.556s][debug][safepoint   ] Safepoint synchronization initiated using futex wait barrier. (258 threads)
[2025-12-05T09:56:30.976+0000][4439.556s][info ][safepoint   ] Safepoint "Cleanup", Time since last: 4257218616 ns, Reaching safepoint: 154928 ns, Cleanup: 11082 ns, At safepoint: 26831 ns, Total: 192841 ns
[2025-12-05T09:56:31.976+0000][4440.557s][debug][safepoint   ] Safepoint synchronization initiated using futex wait barrier. (258 threads)
[2025-12-05T09:56:31.977+0000][4440.557s][info ][safepoint   ] Safepoint "Cleanup", Time since last: 1000218261 ns, Reaching safepoint: 654210 ns, Cleanup: 96666 ns, At safepoint: 8957 ns, Total: 759833 ns
[2025-12-05T09:56:32.977+0000][4441.558s][debug][safepoint   ] Safepoint synchronization initiated using futex wait barrier. (258 threads)
[2025-12-05T09:56:32.978+0000][4441.558s][info ][safepoint   ] Safepoint "Cleanup", Time since last: 1000213684 ns, Reaching safepoint: 230164 ns, Cleanup: 32302 ns, At safepoint: 7785 ns, Total: 270251 ns
[2025-12-05T09:56:47.193+0000][4455.773s][debug][safepoint   ] Safepoint synchronization initiated using futex wait barrier. (258 threads)
[2025-12-05T09:56:47.193+0000][4455.774s][info ][safepoint   ] Safepoint "Cleanup", Time since last: 14215351387 ns, Reaching safepoint: 274330 ns, Cleanup: 89352 ns, At safepoint: 6813 ns, Total: 370495 ns
[2025-12-05T09:56:49.194+0000][4457.774s][debug][safepoint   ] Safepoint synchronization initiated using futex wait barrier. (258 threads)
[2025-12-05T09:56:49.194+0000][4457.774s][info ][safepoint   ] Safepoint "Cleanup", Time since last: 2000347289 ns, Reaching safepoint: 260723 ns, Cleanup: 81397 ns, At safepoint: 6413 ns, Total: 348533 ns
[2025-12-05T09:56:50.194+0000][4458.774s][debug][safepoint   ] Safepoint synchronization initiated using futex wait barrier. (258 threads)
[2025-12-05T09:56:50.194+0000][4458.775s][info ][safepoint   ] Safepoint "Cleanup", Time since last: 1000184659 ns, Reaching safepoint: 134921 ns, Cleanup: 16982 ns, At safepoint: 4730 ns, Total: 156633 ns
[2025-12-05T09:57:27.198+0000][4495.780s][debug][safepoint   ] Safepoint synchronization initiated using futex wait barrier. (257 threads)
[2025-12-05T09:57:27.198+0000][4495.780s][info ][safepoint   ] Safepoint "Cleanup", Time since last: 37005709359 ns, Reaching safepoint: 158864 ns, Cleanup: 18746 ns, At safepoint: 4608 ns, Total: 182218 ns
[2025-12-05T09:58:35.260+0000][4563.849s][debug][safepoint   ] Safepoint synchronization initiated using futex wait barrier. (258 threads)
[2025-12-05T09:58:35.260+0000][4563.849s][info ][safepoint   ] Safepoint "Cleanup", Time since last: 68068305954 ns, Reaching safepoint: 143677 ns, Cleanup: 13657 ns, At safepoint: 49285 ns, Total: 206619 ns
[2025-12-05T09:59:12.264+0000][4600.855s][debug][safepoint   ] Safepoint synchronization initiated using futex wait barrier. (258 threads)
[2025-12-05T09:59:12.264+0000][4600.855s][info ][safepoint   ] Safepoint "Cleanup", Time since last: 37005758656 ns, Reaching safepoint: 167795 ns, Cleanup: 26241 ns, At safepoint: 7183 ns, Total: 201219 ns
[2025-12-05T09:59:32.264+0000][4620.858s][debug][safepoint   ] Safepoint synchronization initiated using futex wait barrier. (256 threads)
[2025-12-05T09:59:32.264+0000][4620.858s][info ][safepoint   ] Safepoint "Cleanup", Time since last: 20002628122 ns, Reaching safepoint: 188342 ns, Cleanup: 32342 ns, At safepoint: 5922 ns, Total: 226606 ns
[2025-12-05T10:00:03.916+0000][4652.511s][debug][safepoint   ] Safepoint synchronization initiated using futex wait barrier. (255 threads)
[2025-12-05T10:00:03.916+0000][4652.511s][info ][gc,start    ] GC(129) Pause Young (Prepare Mixed) (G1 Evacuation Pause)
[2025-12-05T10:00:03.916+0000][4652.511s][info ][gc,task     ] GC(129) Using 13 workers of 13 for evacuation
[2025-12-05T10:00:03.922+0000][4652.516s][info ][gc,phases   ] GC(129)   Pre Evacuate Collection Set: 0.4ms
[2025-12-05T10:00:03.922+0000][4652.516s][info ][gc,phases   ] GC(129)   Merge Heap Roots: 0.3ms
[2025-12-05T10:00:03.922+0000][4652.516s][info ][gc,phases   ] GC(129)   Evacuate Collection Set: 2.7ms
[2025-12-05T10:00:03.922+0000][4652.516s][info ][gc,phases   ] GC(129)   Post Evacuate Collection Set: 1.7ms
[2025-12-05T10:00:03.922+0000][4652.516s][info ][gc,phases   ] GC(129)   Other: 0.4ms
[2025-12-05T10:00:03.922+0000][4652.516s][info ][gc,heap     ] GC(129) Eden regions: 308->0(25)
[2025-12-05T10:00:03.922+0000][4652.516s][info ][gc,heap     ] GC(129) Survivor regions: 1->1(39)
[2025-12-05T10:00:03.922+0000][4652.516s][info ][gc,heap     ] GC(129) Old regions: 157->157
[2025-12-05T10:00:03.922+0000][4652.516s][info ][gc,heap     ] GC(129) Archive regions: 2->2
[2025-12-05T10:00:03.922+0000][4652.516s][info ][gc,heap     ] GC(129) Humongous regions: 0->0
[2025-12-05T10:00:03.922+0000][4652.516s][info ][gc,metaspace] GC(129) Metaspace: 206251K(207424K)->206251K(207424K) NonClass: 181582K(182208K)->181582K(182208K) Class: 24669K(25216K)->24669K(25216K)
[2025-12-05T10:00:03.922+0000][4652.516s][info ][gc          ] GC(129) Pause Young (Prepare Mixed) (G1 Evacuation Pause) 465M->157M(530M) 5.476ms
[2025-12-05T10:00:03.922+0000][4652.516s][info ][gc,cpu      ] GC(129) User=0.01s Sys=0.01s Real=0.00s
[2025-12-05T10:00:03.922+0000][4652.517s][info ][safepoint   ] Safepoint "G1CollectForAllocation", Time since last: 31652751972 ns, Reaching safepoint: 160098 ns, Cleanup: 8647 ns, At safepoint: 5997473 ns, Total: 6166218 ns
[2025-12-05T10:00:23.337+0000][4671.932s][debug][safepoint   ] Safepoint synchronization initiated using futex wait barrier. (254 threads)
[2025-12-05T10:00:23.338+0000][4671.932s][info ][gc,start    ] GC(130) Pause Young (Mixed) (G1 Evacuation Pause)
[2025-12-05T10:00:23.338+0000][4671.932s][info ][gc,task     ] GC(130) Using 13 workers of 13 for evacuation
[2025-12-05T10:00:23.350+0000][4671.944s][info ][gc,phases   ] GC(130)   Pre Evacuate Collection Set: 0.5ms
[2025-12-05T10:00:23.350+0000][4671.944s][info ][gc,phases   ] GC(130)   Merge Heap Roots: 0.3ms
[2025-12-05T10:00:23.350+0000][4671.944s][info ][gc,phases   ] GC(130)   Evacuate Collection Set: 8.9ms
[2025-12-05T10:00:23.350+0000][4671.944s][info ][gc,phases   ] GC(130)   Post Evacuate Collection Set: 2.0ms
[2025-12-05T10:00:23.350+0000][4671.944s][info ][gc,phases   ] GC(130)   Other: 0.4ms
[2025-12-05T10:00:23.350+0000][4671.944s][info ][gc,heap     ] GC(130) Eden regions: 25->0(314)
[2025-12-05T10:00:23.350+0000][4671.944s][info ][gc,heap     ] GC(130) Survivor regions: 1->1(4)
[2025-12-05T10:00:23.350+0000][4671.944s][info ][gc,heap     ] GC(130) Old regions: 157->153
[2025-12-05T10:00:23.350+0000][4671.944s][info ][gc,heap     ] GC(130) Archive regions: 2->2
[2025-12-05T10:00:23.350+0000][4671.944s][info ][gc,heap     ] GC(130) Humongous regions: 0->0
[2025-12-05T10:00:23.350+0000][4671.944s][info ][gc,metaspace] GC(130) Metaspace: 206251K(207424K)->206251K(207424K) NonClass: 181582K(182208K)->181582K(182208K) Class: 24669K(25216K)->24669K(25216K)
[2025-12-05T10:00:23.350+0000][4671.944s][info ][gc          ] GC(130) Pause Young (Mixed) (G1 Evacuation Pause) 182M->153M(530M) 12.227ms
[2025-12-05T10:00:23.350+0000][4671.945s][info ][gc,cpu      ] GC(130) User=0.10s Sys=0.01s Real=0.01s
[2025-12-05T10:00:23.350+0000][4671.945s][info ][safepoint   ] Safepoint "G1CollectForAllocation", Time since last: 19415153731 ns, Reaching safepoint: 227148 ns, Cleanup: 9398 ns, At safepoint: 12805838 ns, Total: 13042384 ns
[2025-12-05T10:00:30.349+0000][4678.946s][debug][safepoint   ] Safepoint synchronization initiated using futex wait barrier. (254 threads)
[2025-12-05T10:00:30.349+0000][4678.946s][info ][safepoint   ] Safepoint "Cleanup", Time since last: 7001128273 ns, Reaching safepoint: 172953 ns, Cleanup: 22223 ns, At safepoint: 4729 ns, Total: 199905 ns
[2025-12-05T10:00:32.350+0000][4680.946s][debug][safepoint   ] Safepoint synchronization initiated using futex wait barrier. (254 threads)
[2025-12-05T10:00:32.350+0000][4680.947s][info ][safepoint   ] Safepoint "Cleanup", Time since last: 2000259089 ns, Reaching safepoint: 127365 ns, Cleanup: 18716 ns, At safepoint: 4468 ns, Total: 150549 ns
[2025-12-05T10:01:00.326+0000][4708.924s][debug][safepoint   ] Safepoint synchronization initiated using futex wait barrier. (254 threads)
[2025-12-05T10:01:00.326+0000][4708.925s][info ][safepoint   ] Safepoint "Cleanup", Time since last: 27977762748 ns, Reaching safepoint: 169036 ns, Cleanup: 17864 ns, At safepoint: 4469 ns, Total: 191369 ns
[2025-12-05T10:01:01.326+0000][4709.925s][debug][safepoint   ] Safepoint synchronization initiated using futex wait barrier. (257 threads)
[2025-12-05T10:01:01.326+0000][4709.925s][info ][safepoint   ] Safepoint "Cleanup", Time since last: 1000186859 ns, Reaching safepoint: 111845 ns, Cleanup: 40257 ns, At safepoint: 3457 ns, Total: 155559 ns
[2025-12-05T10:01:03.327+0000][4711.925s][debug][safepoint   ] Safepoint synchronization initiated using futex wait barrier. (259 threads)
[2025-12-05T10:01:03.327+0000][4711.925s][info ][safepoint   ] Safepoint "Cleanup", Time since last: 2000330339 ns, Reaching safepoint: 126843 ns, Cleanup: 20510 ns, At safepoint: 4769 ns, Total: 152122 ns
[2025-12-05T10:01:09.327+0000][4717.926s][debug][safepoint   ] Safepoint synchronization initiated using futex wait barrier. (259 threads)
[2025-12-05T10:01:09.328+0000][4717.926s][info ][safepoint   ] Safepoint "Cleanup", Time since last: 6000705874 ns, Reaching safepoint: 187512 ns, Cleanup: 20730 ns, At safepoint: 4468 ns, Total: 212710 ns
[2025-12-05T10:01:12.328+0000][4720.927s][debug][safepoint   ] Safepoint synchronization initiated using futex wait barrier. (259 threads)
[2025-12-05T10:01:12.328+0000][4720.927s][info ][safepoint   ] Safepoint "Cleanup", Time since last: 3000358371 ns, Reaching safepoint: 185107 ns, Cleanup: 20710 ns, At safepoint: 5851 ns, Total: 211668 ns
[2025-12-05T10:01:27.330+0000][4735.929s][debug][safepoint   ] Safepoint synchronization initiated using futex wait barrier. (260 threads)
[2025-12-05T10:01:27.330+0000][4735.929s][info ][safepoint   ] Safepoint "Cleanup", Time since last: 15002018636 ns, Reaching safepoint: 153745 ns, Cleanup: 20329 ns, At safepoint: 5380 ns, Total: 179454 ns
[2025-12-05T10:01:31.330+0000][4739.930s][debug][safepoint   ] Safepoint synchronization initiated using futex wait barrier. (259 threads)
[2025-12-05T10:01:31.330+0000][4739.931s][info ][safepoint   ] Safepoint "Cleanup", Time since last: 4001184772 ns, Reaching safepoint: 205244 ns, Cleanup: 27773 ns, At safepoint: 5992 ns, Total: 239009 ns
[2025-12-05T10:01:34.331+0000][4742.931s][debug][safepoint   ] Safepoint synchronization initiated using futex wait barrier. (260 threads)
[2025-12-05T10:01:34.331+0000][4742.932s][info ][safepoint   ] Safepoint "Cleanup", Time since last: 3000490533 ns, Reaching safepoint: 223941 ns, Cleanup: 277665 ns, At safepoint: 7535 ns, Total: 509141 ns
[2025-12-05T10:01:36.362+0000][4744.962s][debug][safepoint   ] Safepoint synchronization initiated using futex wait barrier. (260 threads)
[2025-12-05T10:01:36.362+0000][4744.962s][info ][safepoint   ] Safepoint "Cleanup", Time since last: 2030482375 ns, Reaching safepoint: 284698 ns, Cleanup: 41981 ns, At safepoint: 5541 ns, Total: 332220 ns
[2025-12-05T10:01:43.363+0000][4751.963s][debug][safepoint   ] Safepoint synchronization initiated using futex wait barrier. (261 threads)
[2025-12-05T10:01:43.364+0000][4751.964s][info ][safepoint   ] Safepoint "Cleanup", Time since last: 7001120828 ns, Reaching safepoint: 394060 ns, Cleanup: 17593 ns, At safepoint: 268869 ns, Total: 680522 ns
[2025-12-05T10:01:46.364+0000][4754.965s][debug][safepoint   ] Safepoint synchronization initiated using futex wait barrier. (260 threads)
[2025-12-05T10:01:46.364+0000][4754.965s][info ][safepoint   ] Safepoint "Cleanup", Time since last: 3000517351 ns, Reaching safepoint: 168685 ns, Cleanup: 18596 ns, At safepoint: 5951 ns, Total: 193232 ns
[2025-12-05T10:01:49.365+0000][4757.965s][debug][safepoint   ] Safepoint synchronization initiated using futex wait barrier. (260 threads)
[2025-12-05T10:01:49.365+0000][4757.966s][info ][safepoint   ] Safepoint "Cleanup", Time since last: 3000500559 ns, Reaching safepoint: 152774 ns, Cleanup: 23926 ns, At safepoint: 5591 ns, Total: 182291 ns
[2025-12-05T10:01:51.365+0000][4759.966s][debug][safepoint   ] Safepoint synchronization initiated using futex wait barrier. (261 threads)
[2025-12-05T10:01:51.366+0000][4759.966s][info ][safepoint   ] Safepoint "Cleanup", Time since last: 2000360922 ns, Reaching safepoint: 233069 ns, Cleanup: 34867 ns, At safepoint: 5641 ns, Total: 273577 ns
[2025-12-05T10:02:32.369+0000][4800.973s][debug][safepoint   ] Safepoint synchronization initiated using futex wait barrier. (260 threads)
[2025-12-05T10:02:32.369+0000][4800.973s][info ][safepoint   ] Safepoint "Cleanup", Time since last: 41006986781 ns, Reaching safepoint: 209093 ns, Cleanup: 17264 ns, At safepoint: 5951 ns, Total: 232308 ns
[2025-12-05T10:03:11.395+0000][4840.002s][debug][safepoint   ] Safepoint synchronization initiated using futex wait barrier. (258 threads)
[2025-12-05T10:03:11.395+0000][4840.003s][info ][safepoint   ] Safepoint "Cleanup", Time since last: 39029064421 ns, Reaching safepoint: 114362 ns, Cleanup: 18847 ns, At safepoint: 3496 ns, Total: 136705 ns
[2025-12-05T10:03:21.398+0000][4850.006s][debug][safepoint   ] Safepoint synchronization initiated using futex wait barrier. (259 threads)
[2025-12-05T10:03:21.399+0000][4850.006s][info ][safepoint   ] Safepoint "Cleanup", Time since last: 10003194034 ns, Reaching safepoint: 209235 ns, Cleanup: 42993 ns, At safepoint: 5732 ns, Total: 257960 ns
[2025-12-05T10:03:36.427+0000][4865.036s][debug][safepoint   ] Safepoint synchronization initiated using futex wait barrier. (259 threads)
[2025-12-05T10:03:36.427+0000][4865.036s][info ][safepoint   ] Safepoint "Cleanup", Time since last: 15029663224 ns, Reaching safepoint: 124160 ns, Cleanup: 14137 ns, At safepoint: 3928 ns, Total: 142225 ns
[2025-12-05T10:04:10.243+0000][4898.854s][debug][safepoint   ] Safepoint synchronization initiated using futex wait barrier. (259 threads)
[2025-12-05T10:04:10.244+0000][4898.855s][info ][gc,start    ] GC(131) Pause Young (Concurrent Start) (G1 Evacuation Pause)
[2025-12-05T10:04:10.244+0000][4898.855s][info ][gc,task     ] GC(131) Using 13 workers of 13 for evacuation
[2025-12-05T10:04:10.255+0000][4898.866s][info ][gc,phases   ] GC(131)   Pre Evacuate Collection Set: 1.0ms
[2025-12-05T10:04:10.255+0000][4898.866s][info ][gc,phases   ] GC(131)   Merge Heap Roots: 0.3ms
[2025-12-05T10:04:10.255+0000][4898.866s][info ][gc,phases   ] GC(131)   Evacuate Collection Set: 6.8ms
[2025-12-05T10:04:10.255+0000][4898.866s][info ][gc,phases   ] GC(131)   Post Evacuate Collection Set: 2.3ms
[2025-12-05T10:04:10.255+0000][4898.866s][info ][gc,phases   ] GC(131)   Other: 0.6ms
[2025-12-05T10:04:10.255+0000][4898.866s][info ][gc,heap     ] GC(131) Eden regions: 314->0(313)
[2025-12-05T10:04:10.255+0000][4898.866s][info ][gc,heap     ] GC(131) Survivor regions: 1->2(40)
[2025-12-05T10:04:10.255+0000][4898.866s][info ][gc,heap     ] GC(131) Old regions: 153->153
[2025-12-05T10:04:10.255+0000][4898.866s][info ][gc,heap     ] GC(131) Archive regions: 2->2
[2025-12-05T10:04:10.255+0000][4898.866s][info ][gc,heap     ] GC(131) Humongous regions: 0->0
[2025-12-05T10:04:10.255+0000][4898.866s][info ][gc,metaspace] GC(131) Metaspace: 206538K(207808K)->206538K(207808K) NonClass: 181843K(182528K)->181843K(182528K) Class: 24695K(25280K)->24695K(25280K)
[2025-12-05T10:04:10.255+0000][4898.866s][info ][gc          ] GC(131) Pause Young (Concurrent Start) (G1 Evacuation Pause) 467M->154M(530M) 11.142ms
[2025-12-05T10:04:10.255+0000][4898.866s][info ][gc,cpu      ] GC(131) User=0.07s Sys=0.00s Real=0.02s
[2025-12-05T10:04:10.255+0000][4898.866s][info ][safepoint   ] Safepoint "G1CollectForAllocation", Time since last: 33818515523 ns, Reaching safepoint: 208251 ns, Cleanup: 9298 ns, At safepoint: 11609833 ns, Total: 11827382 ns
[2025-12-05T10:04:10.255+0000][4898.866s][info ][gc          ] GC(132) Concurrent Mark Cycle
[2025-12-05T10:04:10.255+0000][4898.866s][info ][gc,marking  ] GC(132) Concurrent Clear Claimed Marks
[2025-12-05T10:04:10.256+0000][4898.867s][info ][gc,marking  ] GC(132) Concurrent Clear Claimed Marks 0.395ms
[2025-12-05T10:04:10.256+0000][4898.867s][info ][gc,marking  ] GC(132) Concurrent Scan Root Regions
[2025-12-05T10:04:10.259+0000][4898.871s][info ][gc,marking  ] GC(132) Concurrent Scan Root Regions 3.898ms
[2025-12-05T10:04:10.260+0000][4898.871s][info ][gc,marking  ] GC(132) Concurrent Mark
[2025-12-05T10:04:10.260+0000][4898.871s][info ][gc,marking  ] GC(132) Concurrent Mark From Roots
[2025-12-05T10:04:10.260+0000][4898.871s][info ][gc,task     ] GC(132) Using 3 workers of 3 for marking
[2025-12-05T10:04:10.355+0000][4898.966s][info ][gc,marking  ] GC(132) Concurrent Mark From Roots 95.451ms
[2025-12-05T10:04:10.355+0000][4898.966s][info ][gc,marking  ] GC(132) Concurrent Preclean
[2025-12-05T10:04:10.356+0000][4898.967s][info ][gc,marking  ] GC(132) Concurrent Preclean 0.456ms
[2025-12-05T10:04:10.356+0000][4898.967s][debug][safepoint   ] Safepoint synchronization initiated using futex wait barrier. (259 threads)
[2025-12-05T10:04:10.356+0000][4898.967s][info ][gc,start    ] GC(132) Pause Remark
[2025-12-05T10:04:10.366+0000][4898.977s][info ][gc          ] GC(132) Pause Remark 159M->159M(530M) 10.293ms
[2025-12-05T10:04:10.366+0000][4898.978s][info ][gc,cpu      ] GC(132) User=0.07s Sys=0.00s Real=0.00s
[2025-12-05T10:04:10.366+0000][4898.978s][info ][safepoint   ] Safepoint "G1PauseRemark", Time since last: 100678262 ns, Reaching safepoint: 74363 ns, Cleanup: 29677 ns, At safepoint: 10659258 ns, Total: 10763298 ns
[2025-12-05T10:04:10.367+0000][4898.978s][info ][gc,marking  ] GC(132) Concurrent Mark 106.990ms
[2025-12-05T10:04:10.367+0000][4898.978s][info ][gc,marking  ] GC(132) Concurrent Rebuild Remembered Sets
[2025-12-05T10:04:10.420+0000][4899.031s][info ][gc,marking  ] GC(132) Concurrent Rebuild Remembered Sets 53.452ms
[2025-12-05T10:04:10.421+0000][4899.032s][debug][safepoint   ] Safepoint synchronization initiated using futex wait barrier. (259 threads)
[2025-12-05T10:04:10.421+0000][4899.032s][info ][gc,start    ] GC(132) Pause Cleanup
[2025-12-05T10:04:10.421+0000][4899.033s][info ][gc          ] GC(132) Pause Cleanup 159M->159M(530M) 0.542ms
[2025-12-05T10:04:10.421+0000][4899.033s][info ][gc,cpu      ] GC(132) User=0.00s Sys=0.00s Real=0.00s
[2025-12-05T10:04:10.422+0000][4899.033s][info ][safepoint   ] Safepoint "G1PauseCleanup", Time since last: 54070117 ns, Reaching safepoint: 171861 ns, Cleanup: 8065 ns, At safepoint: 793909 ns, Total: 973835 ns
[2025-12-05T10:04:10.422+0000][4899.033s][info ][gc,marking  ] GC(132) Concurrent Cleanup for Next Mark
[2025-12-05T10:04:10.423+0000][4899.034s][info ][gc,marking  ] GC(132) Concurrent Cleanup for Next Mark 0.935ms
[2025-12-05T10:04:10.423+0000][4899.034s][info ][gc          ] GC(132) Concurrent Mark Cycle 167.554ms
[2025-12-05T10:04:12.422+0000][4901.033s][debug][safepoint   ] Safepoint synchronization initiated using futex wait barrier. (259 threads)
[2025-12-05T10:04:12.422+0000][4901.033s][info ][safepoint   ] Safepoint "Cleanup", Time since last: 2000338408 ns, Reaching safepoint: 110693 ns, Cleanup: 14017 ns, At safepoint: 3697 ns, Total: 128407 ns
[2025-12-05T10:04:32.420+0000][4921.036s][debug][safepoint   ] Safepoint synchronization initiated using futex wait barrier. (261 threads)
[2025-12-05T10:04:32.420+0000][4921.036s][info ][safepoint   ] Safepoint "Cleanup", Time since last: 20003042599 ns, Reaching safepoint: 120252 ns, Cleanup: 17374 ns, At safepoint: 5089 ns, Total: 142715 ns
[2025-12-05T10:04:37.421+0000][4926.037s][debug][safepoint   ] Safepoint synchronization initiated using futex wait barrier. (261 threads)
[2025-12-05T10:04:37.421+0000][4926.037s][info ][safepoint   ] Safepoint "Cleanup", Time since last: 5000836198 ns, Reaching safepoint: 250133 ns, Cleanup: 30158 ns, At safepoint: 6502 ns, Total: 286793 ns
[2025-12-05T10:05:32.428+0000][4981.045s][debug][safepoint   ] Safepoint synchronization initiated using futex wait barrier. (258 threads)
[2025-12-05T10:05:32.428+0000][4981.046s][info ][safepoint   ] Safepoint "Cleanup", Time since last: 55007771345 ns, Reaching safepoint: 309194 ns, Cleanup: 24387 ns, At safepoint: 5841 ns, Total: 339422 ns
[2025-12-05T10:08:26.982+0000][5155.610s][debug][safepoint   ] Safepoint synchronization initiated using futex wait barrier. (254 threads)
[2025-12-05T10:08:26.983+0000][5155.610s][info ][gc,start    ] GC(133) Pause Young (Prepare Mixed) (G1 Evacuation Pause)
[2025-12-05T10:08:26.983+0000][5155.610s][info ][gc,task     ] GC(133) Using 13 workers of 13 for evacuation
[2025-12-05T10:08:26.994+0000][5155.621s][info ][gc,phases   ] GC(133)   Pre Evacuate Collection Set: 0.7ms
[2025-12-05T10:08:26.994+0000][5155.622s][info ][gc,phases   ] GC(133)   Merge Heap Roots: 0.5ms
[2025-12-05T10:08:26.994+0000][5155.622s][info ][gc,phases   ] GC(133)   Evacuate Collection Set: 5.6ms
[2025-12-05T10:08:26.994+0000][5155.622s][info ][gc,phases   ] GC(133)   Post Evacuate Collection Set: 4.1ms
[2025-12-05T10:08:26.994+0000][5155.622s][info ][gc,phases   ] GC(133)   Other: 0.7ms
[2025-12-05T10:08:26.994+0000][5155.622s][info ][gc,heap     ] GC(133) Eden regions: 313->0(24)
[2025-12-05T10:08:26.994+0000][5155.622s][info ][gc,heap     ] GC(133) Survivor regions: 2->2(40)
[2025-12-05T10:08:26.994+0000][5155.622s][info ][gc,heap     ] GC(133) Old regions: 153->153
[2025-12-05T10:08:26.994+0000][5155.622s][info ][gc,heap     ] GC(133) Archive regions: 2->2
[2025-12-05T10:08:26.994+0000][5155.622s][info ][gc,heap     ] GC(133) Humongous regions: 0->0
[2025-12-05T10:08:26.994+0000][5155.622s][info ][gc,metaspace] GC(133) Metaspace: 206560K(207808K)->206560K(207808K) NonClass: 181864K(182528K)->181864K(182528K) Class: 24695K(25280K)->24695K(25280K)
[2025-12-05T10:08:26.994+0000][5155.622s][info ][gc          ] GC(133) Pause Young (Prepare Mixed) (G1 Evacuation Pause) 467M->154M(530M) 11.623ms
[2025-12-05T10:08:26.995+0000][5155.622s][info ][gc,cpu      ] GC(133) User=0.08s Sys=0.00s Real=0.01s
[2025-12-05T10:08:26.995+0000][5155.622s][info ][safepoint   ] Safepoint "G1CollectForAllocation", Time since last: 174564076070 ns, Reaching safepoint: 212880 ns, Cleanup: 9960 ns, At safepoint: 12460007 ns, Total: 12682847 ns
[2025-12-05T10:08:45.670+0000][5174.300s][debug][safepoint   ] Safepoint synchronization initiated using futex wait barrier. (256 threads)
[2025-12-05T10:08:45.670+0000][5174.300s][info ][gc,start    ] GC(134) Pause Young (Mixed) (G1 Evacuation Pause)
[2025-12-05T10:08:45.670+0000][5174.300s][info ][gc,task     ] GC(134) Using 13 workers of 13 for evacuation
[2025-12-05T10:08:45.697+0000][5174.327s][info ][gc,phases   ] GC(134)   Pre Evacuate Collection Set: 0.4ms
[2025-12-05T10:08:45.697+0000][5174.327s][info ][gc,phases   ] GC(134)   Merge Heap Roots: 0.6ms
[2025-12-05T10:08:45.697+0000][5174.327s][info ][gc,phases   ] GC(134)   Evacuate Collection Set: 23.9ms
[2025-12-05T10:08:45.697+0000][5174.327s][info ][gc,phases   ] GC(134)   Post Evacuate Collection Set: 1.9ms
[2025-12-05T10:08:45.697+0000][5174.327s][info ][gc,phases   ] GC(134)   Other: 0.5ms
[2025-12-05T10:08:45.698+0000][5174.327s][info ][gc,heap     ] GC(134) Eden regions: 24->0(316)
[2025-12-05T10:08:45.698+0000][5174.327s][info ][gc,heap     ] GC(134) Survivor regions: 2->2(4)
[2025-12-05T10:08:45.698+0000][5174.327s][info ][gc,heap     ] GC(134) Old regions: 153->150
[2025-12-05T10:08:45.698+0000][5174.327s][info ][gc,heap     ] GC(134) Archive regions: 2->2
[2025-12-05T10:08:45.698+0000][5174.327s][info ][gc,heap     ] GC(134) Humongous regions: 0->0
[2025-12-05T10:08:45.698+0000][5174.327s][info ][gc,metaspace] GC(134) Metaspace: 206562K(207808K)->206562K(207808K) NonClass: 181866K(182528K)->181866K(182528K) Class: 24695K(25280K)->24695K(25280K)
[2025-12-05T10:08:45.698+0000][5174.327s][info ][gc          ] GC(134) Pause Young (Mixed) (G1 Evacuation Pause) 178M->152M(530M) 27.390ms
[2025-12-05T10:08:45.698+0000][5174.327s][info ][gc,cpu      ] GC(134) User=0.29s Sys=0.00s Real=0.03s
[2025-12-05T10:08:45.699+0000][5174.329s][info ][safepoint   ] Safepoint "G1CollectForAllocation", Time since last: 18677306947 ns, Reaching safepoint: 151693 ns, Cleanup: 6492 ns, At safepoint: 28812486 ns, Total: 28970671 ns
[2025-12-05T10:08:59.701+0000][5188.331s][debug][safepoint   ] Safepoint synchronization initiated using futex wait barrier. (256 threads)
[2025-12-05T10:08:59.701+0000][5188.331s][info ][safepoint   ] Safepoint "Cleanup", Time since last: 14002332689 ns, Reaching safepoint: 125441 ns, Cleanup: 15320 ns, At safepoint: 4067 ns, Total: 144828 ns
[2025-12-05T10:09:03.699+0000][5192.332s][debug][safepoint   ] Safepoint synchronization initiated using futex wait barrier. (256 threads)
[2025-12-05T10:09:03.700+0000][5192.332s][info ][safepoint   ] Safepoint "Cleanup", Time since last: 4000619883 ns, Reaching safepoint: 212349 ns, Cleanup: 26922 ns, At safepoint: 6522 ns, Total: 245793 ns
[2025-12-05T10:09:08.700+0000][5197.333s][debug][safepoint   ] Safepoint synchronization initiated using futex wait barrier. (256 threads)
[2025-12-05T10:09:08.701+0000][5197.333s][info ][safepoint   ] Safepoint "Cleanup", Time since last: 5000749423 ns, Reaching safepoint: 196468 ns, Cleanup: 26341 ns, At safepoint: 4368 ns, Total: 227177 ns
[2025-12-05T10:09:09.701+0000][5198.333s][debug][safepoint   ] Safepoint synchronization initiated using futex wait barrier. (258 threads)
[2025-12-05T10:09:09.701+0000][5198.333s][info ][safepoint   ] Safepoint "Cleanup", Time since last: 1000191510 ns, Reaching safepoint: 244511 ns, Cleanup: 28785 ns, At safepoint: 8056 ns, Total: 281352 ns
[2025-12-05T10:09:10.701+0000][5199.334s][debug][safepoint   ] Safepoint synchronization initiated using futex wait barrier. (258 threads)
[2025-12-05T10:09:10.702+0000][5199.334s][info ][safepoint   ] Safepoint "Cleanup", Time since last: 1000167365 ns, Reaching safepoint: 240965 ns, Cleanup: 130942 ns, At safepoint: 11673 ns, Total: 383580 ns
[2025-12-05T10:09:18.703+0000][5207.335s][debug][safepoint   ] Safepoint synchronization initiated using futex wait barrier. (260 threads)
[2025-12-05T10:09:18.703+0000][5207.335s][info ][safepoint   ] Safepoint "Cleanup", Time since last: 8001231343 ns, Reaching safepoint: 114731 ns, Cleanup: 15520 ns, At safepoint: 3337 ns, Total: 133588 ns
[2025-12-05T10:09:28.325+0000][5216.958s][debug][safepoint   ] Safepoint synchronization initiated using futex wait barrier. (260 threads)
[2025-12-05T10:09:28.326+0000][5216.958s][info ][gc,start    ] GC(135) Pause Young (Concurrent Start) (G1 Humongous Allocation)
[2025-12-05T10:09:28.326+0000][5216.959s][info ][gc,task     ] GC(135) Using 13 workers of 13 for evacuation
[2025-12-05T10:09:28.333+0000][5216.965s][info ][gc,phases   ] GC(135)   Pre Evacuate Collection Set: 0.9ms
[2025-12-05T10:09:28.333+0000][5216.965s][info ][gc,phases   ] GC(135)   Merge Heap Roots: 0.4ms
[2025-12-05T10:09:28.333+0000][5216.965s][info ][gc,phases   ] GC(135)   Evacuate Collection Set: 3.1ms
[2025-12-05T10:09:28.333+0000][5216.965s][info ][gc,phases   ] GC(135)   Post Evacuate Collection Set: 1.9ms
[2025-12-05T10:09:28.333+0000][5216.965s][info ][gc,phases   ] GC(135)   Other: 0.6ms
[2025-12-05T10:09:28.333+0000][5216.965s][info ][gc,heap     ] GC(135) Eden regions: 88->0(316)
[2025-12-05T10:09:28.333+0000][5216.965s][info ][gc,heap     ] GC(135) Survivor regions: 2->2(40)
[2025-12-05T10:09:28.333+0000][5216.965s][info ][gc,heap     ] GC(135) Old regions: 150->150
[2025-12-05T10:09:28.333+0000][5216.965s][info ][gc,heap     ] GC(135) Archive regions: 2->2
[2025-12-05T10:09:28.333+0000][5216.965s][info ][gc,heap     ] GC(135) Humongous regions: 0->0
[2025-12-05T10:09:28.333+0000][5216.965s][info ][gc,metaspace] GC(135) Metaspace: 206595K(207808K)->206595K(207808K) NonClass: 181897K(182528K)->181897K(182528K) Class: 24698K(25280K)->24698K(25280K)
[2025-12-05T10:09:28.333+0000][5216.966s][info ][gc          ] GC(135) Pause Young (Concurrent Start) (G1 Humongous Allocation) 239M->152M(530M) 7.023ms
[2025-12-05T10:09:28.333+0000][5216.966s][info ][gc,cpu      ] GC(135) User=0.03s Sys=0.00s Real=0.00s
[2025-12-05T10:09:28.333+0000][5216.966s][info ][gc          ] GC(136) Concurrent Mark Cycle
[2025-12-05T10:09:28.334+0000][5216.966s][info ][gc,marking  ] GC(136) Concurrent Clear Claimed Marks
[2025-12-05T10:09:28.334+0000][5216.966s][info ][safepoint   ] Safepoint "G1TryInitiateConcMark", Time since last: 9622410433 ns, Reaching safepoint: 621318 ns, Cleanup: 45758 ns, At safepoint: 7844989 ns, Total: 8512065 ns
[2025-12-05T10:09:28.334+0000][5216.966s][info ][gc,marking  ] GC(136) Concurrent Clear Claimed Marks 0.365ms
[2025-12-05T10:09:28.334+0000][5216.966s][info ][gc,marking  ] GC(136) Concurrent Scan Root Regions
[2025-12-05T10:09:28.338+0000][5216.970s][info ][gc,marking  ] GC(136) Concurrent Scan Root Regions 3.759ms
[2025-12-05T10:09:28.338+0000][5216.970s][info ][gc,marking  ] GC(136) Concurrent Mark
[2025-12-05T10:09:28.338+0000][5216.970s][info ][gc,marking  ] GC(136) Concurrent Mark From Roots
[2025-12-05T10:09:28.338+0000][5216.970s][info ][gc,task     ] GC(136) Using 3 workers of 3 for marking
[2025-12-05T10:09:28.463+0000][5217.095s][info ][gc,marking  ] GC(136) Concurrent Mark From Roots 124.564ms
[2025-12-05T10:09:28.463+0000][5217.095s][info ][gc,marking  ] GC(136) Concurrent Preclean
[2025-12-05T10:09:28.463+0000][5217.096s][info ][gc,marking  ] GC(136) Concurrent Preclean 0.574ms
[2025-12-05T10:09:28.463+0000][5217.096s][debug][safepoint   ] Safepoint synchronization initiated using futex wait barrier. (260 threads)
[2025-12-05T10:09:28.464+0000][5217.096s][info ][gc,start    ] GC(136) Pause Remark
[2025-12-05T10:09:28.487+0000][5217.119s][info ][gc          ] GC(136) Pause Remark 180M->180M(530M) 22.762ms
[2025-12-05T10:09:28.487+0000][5217.119s][info ][gc,cpu      ] GC(136) User=0.16s Sys=0.01s Real=0.03s
[2025-12-05T10:09:28.489+0000][5217.122s][info ][safepoint   ] Safepoint "G1PauseRemark", Time since last: 129403915 ns, Reaching safepoint: 73231 ns, Cleanup: 38785 ns, At safepoint: 25895077 ns, Total: 26007093 ns
[2025-12-05T10:09:28.490+0000][5217.122s][info ][gc,marking  ] GC(136) Concurrent Mark 151.896ms
[2025-12-05T10:09:28.490+0000][5217.122s][info ][gc,marking  ] GC(136) Concurrent Rebuild Remembered Sets
[2025-12-05T10:09:28.555+0000][5217.187s][info ][gc,marking  ] GC(136) Concurrent Rebuild Remembered Sets 64.863ms
[2025-12-05T10:09:28.555+0000][5217.187s][debug][safepoint   ] Safepoint synchronization initiated using futex wait barrier. (260 threads)
[2025-12-05T10:09:28.555+0000][5217.187s][info ][gc,start    ] GC(136) Pause Cleanup
[2025-12-05T10:09:28.555+0000][5217.188s][info ][gc          ] GC(136) Pause Cleanup 180M->180M(530M) 0.400ms
[2025-12-05T10:09:28.556+0000][5217.188s][info ][gc,cpu      ] GC(136) User=0.00s Sys=0.00s Real=0.00s
[2025-12-05T10:09:28.556+0000][5217.188s][info ][safepoint   ] Safepoint "G1PauseCleanup", Time since last: 65598012 ns, Reaching safepoint: 65636 ns, Cleanup: 4770 ns, At safepoint: 565339 ns, Total: 635745 ns
[2025-12-05T10:09:28.556+0000][5217.188s][info ][gc,marking  ] GC(136) Concurrent Cleanup for Next Mark
[2025-12-05T10:09:28.556+0000][5217.189s][info ][gc,marking  ] GC(136) Concurrent Cleanup for Next Mark 0.729ms
[2025-12-05T10:09:28.556+0000][5217.189s][info ][gc          ] GC(136) Concurrent Mark Cycle 222.941ms
[2025-12-05T10:09:29.556+0000][5218.188s][debug][safepoint   ] Safepoint synchronization initiated using futex wait barrier. (260 threads)
[2025-12-05T10:09:29.557+0000][5218.189s][info ][safepoint   ] Safepoint "Cleanup", Time since last: 1000420583 ns, Reaching safepoint: 397587 ns, Cleanup: 106886 ns, At safepoint: 9047 ns, Total: 513520 ns
[2025-12-05T10:09:30.555+0000][5219.189s][debug][safepoint   ] Safepoint synchronization initiated using futex wait barrier. (261 threads)
[2025-12-05T10:09:30.556+0000][5219.189s][info ][safepoint   ] Safepoint "Cleanup", Time since last: 1000290333 ns, Reaching safepoint: 116635 ns, Cleanup: 52100 ns, At safepoint: 4659 ns, Total: 173394 ns
[2025-12-05T10:09:32.556+0000][5221.190s][debug][safepoint   ] Safepoint synchronization initiated using futex wait barrier. (261 threads)
[2025-12-05T10:09:32.556+0000][5221.190s][info ][safepoint   ] Safepoint "Cleanup", Time since last: 2000332906 ns, Reaching safepoint: 217028 ns, Cleanup: 29707 ns, At safepoint: 5832 ns, Total: 252567 ns
[2025-12-05T10:09:42.622+0000][5231.255s][debug][safepoint   ] Safepoint synchronization initiated using futex wait barrier. (260 threads)
[2025-12-05T10:09:42.622+0000][5231.256s][info ][safepoint   ] Safepoint "Cleanup", Time since last: 10065492254 ns, Reaching safepoint: 187191 ns, Cleanup: 15490 ns, At safepoint: 5110 ns, Total: 207791 ns
[2025-12-05T10:09:45.622+0000][5234.256s][debug][safepoint   ] Safepoint synchronization initiated using futex wait barrier. (261 threads)
[2025-12-05T10:09:45.623+0000][5234.256s][info ][safepoint   ] Safepoint "Cleanup", Time since last: 3000501747 ns, Reaching safepoint: 267577 ns, Cleanup: 63793 ns, At safepoint: 7404 ns, Total: 338774 ns
[2025-12-05T10:09:46.623+0000][5235.257s][debug][safepoint   ] Safepoint synchronization initiated using futex wait barrier. (261 threads)
[2025-12-05T10:09:46.623+0000][5235.257s][info ][safepoint   ] Safepoint "Cleanup", Time since last: 1000162749 ns, Reaching safepoint: 118238 ns, Cleanup: 15590 ns, At safepoint: 3547 ns, Total: 137375 ns
[2025-12-05T10:09:49.624+0000][5238.257s][debug][safepoint   ] Safepoint synchronization initiated using futex wait barrier. (261 threads)
[2025-12-05T10:09:49.624+0000][5238.257s][info ][safepoint   ] Safepoint "Cleanup", Time since last: 3000457719 ns, Reaching safepoint: 119901 ns, Cleanup: 30088 ns, At safepoint: 3968 ns, Total: 153957 ns
[2025-12-05T10:09:50.624+0000][5239.257s][debug][safepoint   ] Safepoint synchronization initiated using futex wait barrier. (261 threads)
[2025-12-05T10:09:50.624+0000][5239.258s][info ][safepoint   ] Safepoint "Cleanup", Time since last: 1000148991 ns, Reaching safepoint: 205497 ns, Cleanup: 50196 ns, At safepoint: 5681 ns, Total: 261374 ns
[2025-12-05T10:10:31.626+0000][5280.264s][debug][safepoint   ] Safepoint synchronization initiated using futex wait barrier. (260 threads)
[2025-12-05T10:10:31.626+0000][5280.264s][info ][safepoint   ] Safepoint "Cleanup", Time since last: 41006331759 ns, Reaching safepoint: 270248 ns, Cleanup: 78391 ns, At safepoint: 6933 ns, Total: 355572 ns
[2025-12-05T10:10:32.627+0000][5281.265s][debug][safepoint   ] Safepoint synchronization initiated using futex wait barrier. (260 threads)
[2025-12-05T10:10:32.627+0000][5281.265s][info ][safepoint   ] Safepoint "Cleanup", Time since last: 1000187668 ns, Reaching safepoint: 171138 ns, Cleanup: 31651 ns, At safepoint: 5390 ns, Total: 208179 ns
[2025-12-05T10:10:40.657+0000][5289.295s][debug][safepoint   ] Safepoint synchronization initiated using futex wait barrier. (260 threads)
[2025-12-05T10:10:40.657+0000][5289.295s][info ][safepoint   ] Safepoint "Cleanup", Time since last: 8030194533 ns, Reaching safepoint: 123879 ns, Cleanup: 15149 ns, At safepoint: 4358 ns, Total: 143386 ns
[2025-12-05T10:10:57.660+0000][5306.298s][debug][safepoint   ] Safepoint synchronization initiated using futex wait barrier. (261 threads)
[2025-12-05T10:10:57.660+0000][5306.298s][info ][safepoint   ] Safepoint "Cleanup", Time since last: 17002570965 ns, Reaching safepoint: 125983 ns, Cleanup: 24878 ns, At safepoint: 4368 ns, Total: 155229 ns
[2025-12-05T10:10:58.660+0000][5307.298s][debug][safepoint   ] Safepoint synchronization initiated using futex wait barrier. (263 threads)
[2025-12-05T10:10:58.660+0000][5307.298s][info ][safepoint   ] Safepoint "Cleanup", Time since last: 1000188074 ns, Reaching safepoint: 191649 ns, Cleanup: 35739 ns, At safepoint: 5851 ns, Total: 233239 ns
[2025-12-05T10:11:12.660+0000][5321.300s][debug][safepoint   ] Safepoint synchronization initiated using futex wait barrier. (260 threads)
[2025-12-05T10:11:12.661+0000][5321.301s][info ][safepoint   ] Safepoint "Cleanup", Time since last: 14002098255 ns, Reaching safepoint: 178002 ns, Cleanup: 25169 ns, At safepoint: 7334 ns, Total: 210505 ns
[2025-12-05T10:11:26.663+0000][5335.303s][debug][safepoint   ] Safepoint synchronization initiated using futex wait barrier. (260 threads)
[2025-12-05T10:11:26.663+0000][5335.303s][info ][safepoint   ] Safepoint "Cleanup", Time since last: 14002081716 ns, Reaching safepoint: 186379 ns, Cleanup: 34176 ns, At safepoint: 5931 ns, Total: 226486 ns
[2025-12-05T10:11:29.335+0000][5337.975s][debug][safepoint   ] Safepoint synchronization initiated using futex wait barrier. (262 threads)
[2025-12-05T10:11:29.336+0000][5337.975s][info ][gc,start    ] GC(137) Pause Young (Prepare Mixed) (G1 Evacuation Pause)
[2025-12-05T10:11:29.336+0000][5337.976s][info ][gc,task     ] GC(137) Using 13 workers of 13 for evacuation
[2025-12-05T10:11:29.348+0000][5337.988s][info ][gc,phases   ] GC(137)   Pre Evacuate Collection Set: 0.9ms
[2025-12-05T10:11:29.348+0000][5337.988s][info ][gc,phases   ] GC(137)   Merge Heap Roots: 0.8ms
[2025-12-05T10:11:29.348+0000][5337.988s][info ][gc,phases   ] GC(137)   Evacuate Collection Set: 7.4ms
[2025-12-05T10:11:29.348+0000][5337.988s][info ][gc,phases   ] GC(137)   Post Evacuate Collection Set: 2.9ms
[2025-12-05T10:11:29.348+0000][5337.988s][info ][gc,phases   ] GC(137)   Other: 0.6ms
[2025-12-05T10:11:29.348+0000][5337.988s][info ][gc,heap     ] GC(137) Eden regions: 316->0(23)
[2025-12-05T10:11:29.348+0000][5337.988s][info ][gc,heap     ] GC(137) Survivor regions: 2->3(40)
[2025-12-05T10:11:29.348+0000][5337.988s][info ][gc,heap     ] GC(137) Old regions: 150->151
[2025-12-05T10:11:29.348+0000][5337.988s][info ][gc,heap     ] GC(137) Archive regions: 2->2
[2025-12-05T10:11:29.348+0000][5337.988s][info ][gc,heap     ] GC(137) Humongous regions: 18->0
[2025-12-05T10:11:29.348+0000][5337.988s][info ][gc,metaspace] GC(137) Metaspace: 206716K(207936K)->206716K(207936K) NonClass: 182002K(182656K)->182002K(182656K) Class: 24713K(25280K)->24713K(25280K)
[2025-12-05T10:11:29.348+0000][5337.988s][info ][gc          ] GC(137) Pause Young (Prepare Mixed) (G1 Evacuation Pause) 486M->153M(530M) 12.641ms
[2025-12-05T10:11:29.348+0000][5337.988s][info ][gc,cpu      ] GC(137) User=0.11s Sys=0.00s Real=0.02s
[2025-12-05T10:11:29.348+0000][5337.988s][info ][safepoint   ] Safepoint "G1CollectForAllocation", Time since last: 2672121221 ns, Reaching safepoint: 187902 ns, Cleanup: 8997 ns, At safepoint: 13126099 ns, Total: 13322998 ns
[2025-12-05T10:11:31.347+0000][5339.989s][debug][safepoint   ] Safepoint synchronization initiated using futex wait barrier. (262 threads)
[2025-12-05T10:11:31.347+0000][5339.989s][info ][safepoint   ] Safepoint "Cleanup", Time since last: 2000514512 ns, Reaching safepoint: 250542 ns, Cleanup: 32983 ns, At safepoint: 6994 ns, Total: 290519 ns
[2025-12-05T10:11:32.348+0000][5340.989s][debug][safepoint   ] Safepoint synchronization initiated using futex wait barrier. (261 threads)
[2025-12-05T10:11:32.348+0000][5340.990s][info ][safepoint   ] Safepoint "Cleanup", Time since last: 1000186084 ns, Reaching safepoint: 178354 ns, Cleanup: 23886 ns, At safepoint: 5350 ns, Total: 207590 ns
[2025-12-05T10:11:37.651+0000][5346.293s][debug][safepoint   ] Safepoint synchronization initiated using futex wait barrier. (261 threads)
[2025-12-05T10:11:37.652+0000][5346.293s][info ][gc,start    ] GC(138) Pause Young (Mixed) (G1 Evacuation Pause)
[2025-12-05T10:11:37.652+0000][5346.294s][info ][gc,task     ] GC(138) Using 13 workers of 13 for evacuation
[2025-12-05T10:11:37.671+0000][5346.313s][info ][gc,phases   ] GC(138)   Pre Evacuate Collection Set: 0.4ms
[2025-12-05T10:11:37.671+0000][5346.313s][info ][gc,phases   ] GC(138)   Merge Heap Roots: 0.5ms
[2025-12-05T10:11:37.671+0000][5346.313s][info ][gc,phases   ] GC(138)   Evacuate Collection Set: 16.4ms
[2025-12-05T10:11:37.671+0000][5346.313s][info ][gc,phases   ] GC(138)   Post Evacuate Collection Set: 1.7ms
[2025-12-05T10:11:37.671+0000][5346.313s][info ][gc,phases   ] GC(138)   Other: 0.3ms
[2025-12-05T10:11:37.671+0000][5346.313s][info ][gc,heap     ] GC(138) Eden regions: 23->0(315)
[2025-12-05T10:11:37.671+0000][5346.313s][info ][gc,heap     ] GC(138) Survivor regions: 3->3(4)
[2025-12-05T10:11:37.671+0000][5346.313s][info ][gc,heap     ] GC(138) Old regions: 151->149
[2025-12-05T10:11:37.671+0000][5346.313s][info ][gc,heap     ] GC(138) Archive regions: 2->2
[2025-12-05T10:11:37.671+0000][5346.313s][info ][gc,heap     ] GC(138) Humongous regions: 0->0
[2025-12-05T10:11:37.671+0000][5346.313s][info ][gc,metaspace] GC(138) Metaspace: 206716K(207936K)->206716K(207936K) NonClass: 182002K(182656K)->182002K(182656K) Class: 24713K(25280K)->24713K(25280K)
[2025-12-05T10:11:37.671+0000][5346.313s][info ][gc          ] GC(138) Pause Young (Mixed) (G1 Evacuation Pause) 176M->151M(530M) 19.566ms
[2025-12-05T10:11:37.671+0000][5346.313s][info ][gc,cpu      ] GC(138) User=0.18s Sys=0.00s Real=0.02s
[2025-12-05T10:11:37.672+0000][5346.313s][info ][safepoint   ] Safepoint "G1CollectForAllocation", Time since last: 5303753420 ns, Reaching safepoint: 123998 ns, Cleanup: 5130 ns, At safepoint: 19948706 ns, Total: 20077834 ns
[2025-12-05T10:11:46.482+0000][5355.124s][debug][safepoint   ] Safepoint synchronization initiated using futex wait barrier. (262 threads)
[2025-12-05T10:11:46.482+0000][5355.124s][info ][gc,start    ] GC(139) Pause Young (Concurrent Start) (G1 Humongous Allocation)
[2025-12-05T10:11:46.482+0000][5355.124s][info ][gc,task     ] GC(139) Using 13 workers of 13 for evacuation
[2025-12-05T10:11:46.492+0000][5355.133s][info ][gc,phases   ] GC(139)   Pre Evacuate Collection Set: 0.9ms
[2025-12-05T10:11:46.492+0000][5355.134s][info ][gc,phases   ] GC(139)   Merge Heap Roots: 0.3ms
[2025-12-05T10:11:46.492+0000][5355.134s][info ][gc,phases   ] GC(139)   Evacuate Collection Set: 5.7ms
[2025-12-05T10:11:46.492+0000][5355.134s][info ][gc,phases   ] GC(139)   Post Evacuate Collection Set: 2.0ms
[2025-12-05T10:11:46.492+0000][5355.134s][info ][gc,phases   ] GC(139)   Other: 0.5ms
[2025-12-05T10:11:46.492+0000][5355.134s][info ][gc,heap     ] GC(139) Eden regions: 23->0(315)
[2025-12-05T10:11:46.492+0000][5355.134s][info ][gc,heap     ] GC(139) Survivor regions: 3->3(40)
[2025-12-05T10:11:46.492+0000][5355.134s][info ][gc,heap     ] GC(139) Old regions: 149->149
[2025-12-05T10:11:46.492+0000][5355.134s][info ][gc,heap     ] GC(139) Archive regions: 2->2
[2025-12-05T10:11:46.492+0000][5355.134s][info ][gc,heap     ] GC(139) Humongous regions: 0->0
[2025-12-05T10:11:46.492+0000][5355.134s][info ][gc,metaspace] GC(139) Metaspace: 206721K(207936K)->206721K(207936K) NonClass: 182008K(182656K)->182008K(182656K) Class: 24713K(25280K)->24713K(25280K)
[2025-12-05T10:11:46.492+0000][5355.134s][info ][gc          ] GC(139) Pause Young (Concurrent Start) (G1 Humongous Allocation) 174M->151M(530M) 9.574ms
[2025-12-05T10:11:46.492+0000][5355.134s][info ][gc,cpu      ] GC(139) User=0.04s Sys=0.00s Real=0.01s
[2025-12-05T10:11:46.492+0000][5355.134s][info ][safepoint   ] Safepoint "G1TryInitiateConcMark", Time since last: 8810490842 ns, Reaching safepoint: 126193 ns, Cleanup: 5060 ns, At safepoint: 10154521 ns, Total: 10285774 ns
[2025-12-05T10:11:46.492+0000][5355.134s][info ][gc          ] GC(140) Concurrent Mark Cycle
[2025-12-05T10:11:46.492+0000][5355.134s][info ][gc,marking  ] GC(140) Concurrent Clear Claimed Marks
[2025-12-05T10:11:46.493+0000][5355.135s][info ][gc,marking  ] GC(140) Concurrent Clear Claimed Marks 0.706ms
[2025-12-05T10:11:46.493+0000][5355.135s][info ][gc,marking  ] GC(140) Concurrent Scan Root Regions
[2025-12-05T10:11:46.499+0000][5355.141s][info ][gc,marking  ] GC(140) Concurrent Scan Root Regions 5.773ms
[2025-12-05T10:11:46.499+0000][5355.141s][info ][gc,marking  ] GC(140) Concurrent Mark
[2025-12-05T10:11:46.499+0000][5355.141s][info ][gc,marking  ] GC(140) Concurrent Mark From Roots
[2025-12-05T10:11:46.499+0000][5355.141s][info ][gc,task     ] GC(140) Using 3 workers of 3 for marking
[2025-12-05T10:11:46.621+0000][5355.263s][info ][gc,marking  ] GC(140) Concurrent Mark From Roots 122.270ms
[2025-12-05T10:11:46.622+0000][5355.263s][info ][gc,marking  ] GC(140) Concurrent Preclean
[2025-12-05T10:11:46.622+0000][5355.264s][info ][gc,marking  ] GC(140) Concurrent Preclean 0.617ms
[2025-12-05T10:11:46.622+0000][5355.264s][debug][safepoint   ] Safepoint synchronization initiated using futex wait barrier. (262 threads)
[2025-12-05T10:11:46.623+0000][5355.264s][info ][gc,start    ] GC(140) Pause Remark
[2025-12-05T10:11:46.661+0000][5355.303s][info ][gc          ] GC(140) Pause Remark 156M->156M(530M) 38.652ms
[2025-12-05T10:11:46.661+0000][5355.303s][info ][gc,cpu      ] GC(140) User=0.42s Sys=0.00s Real=0.04s
[2025-12-05T10:11:46.663+0000][5355.305s][info ][safepoint   ] Safepoint "G1PauseRemark", Time since last: 130022803 ns, Reaching safepoint: 100754 ns, Cleanup: 6473 ns, At safepoint: 40276115 ns, Total: 40383342 ns
[2025-12-05T10:11:46.663+0000][5355.305s][info ][gc,marking  ] GC(140) Concurrent Mark 163.811ms
[2025-12-05T10:11:46.663+0000][5355.305s][info ][gc,marking  ] GC(140) Concurrent Rebuild Remembered Sets
[2025-12-05T10:11:46.721+0000][5355.363s][info ][gc,marking  ] GC(140) Concurrent Rebuild Remembered Sets 58.202ms
[2025-12-05T10:11:46.721+0000][5355.363s][debug][safepoint   ] Safepoint synchronization initiated using futex wait barrier. (262 threads)
[2025-12-05T10:11:46.724+0000][5355.366s][info ][gc,start    ] GC(140) Pause Cleanup
[2025-12-05T10:11:46.724+0000][5355.366s][info ][gc          ] GC(140) Pause Cleanup 156M->156M(530M) 0.637ms
[2025-12-05T10:11:46.724+0000][5355.366s][info ][gc,cpu      ] GC(140) User=0.00s Sys=0.00s Real=0.01s
[2025-12-05T10:11:46.724+0000][5355.366s][info ][safepoint   ] Safepoint "G1PauseCleanup", Time since last: 58705023 ns, Reaching safepoint: 2135133 ns, Cleanup: 9678 ns, At safepoint: 914953 ns, Total: 3059764 ns
[2025-12-05T10:11:46.725+0000][5355.366s][info ][gc,marking  ] GC(140) Concurrent Cleanup for Next Mark
[2025-12-05T10:11:46.726+0000][5355.368s][info ][gc,marking  ] GC(140) Concurrent Cleanup for Next Mark 1.173ms
[2025-12-05T10:11:46.726+0000][5355.368s][info ][gc          ] GC(140) Concurrent Mark Cycle 233.443ms
[2025-12-05T10:11:57.726+0000][5366.368s][debug][safepoint   ] Safepoint synchronization initiated using futex wait barrier. (262 threads)
[2025-12-05T10:11:57.726+0000][5366.368s][info ][safepoint   ] Safepoint "Cleanup", Time since last: 11001609212 ns, Reaching safepoint: 126825 ns, Cleanup: 14768 ns, At safepoint: 4569 ns, Total: 146162 ns
[2025-12-05T10:12:02.725+0000][5371.369s][debug][safepoint   ] Safepoint synchronization initiated using futex wait barrier. (266 threads)
[2025-12-05T10:12:02.725+0000][5371.369s][info ][safepoint   ] Safepoint "Cleanup", Time since last: 5000682286 ns, Reaching safepoint: 171940 ns, Cleanup: 82970 ns, At safepoint: 5601 ns, Total: 260511 ns
[2025-12-05T10:12:31.727+0000][5400.374s][debug][safepoint   ] Safepoint synchronization initiated using futex wait barrier. (262 threads)
[2025-12-05T10:12:31.727+0000][5400.374s][info ][safepoint   ] Safepoint "Cleanup", Time since last: 29004995075 ns, Reaching safepoint: 277725 ns, Cleanup: 37231 ns, At safepoint: 6864 ns, Total: 321820 ns
[2025-12-05T10:12:36.728+0000][5405.376s][debug][safepoint   ] Safepoint synchronization initiated using futex wait barrier. (260 threads)
[2025-12-05T10:12:36.729+0000][5405.376s][info ][safepoint   ] Safepoint "Cleanup", Time since last: 5001568857 ns, Reaching safepoint: 153515 ns, Cleanup: 18746 ns, At safepoint: 4880 ns, Total: 177141 ns
[2025-12-05T10:13:07.732+0000][5436.381s][debug][safepoint   ] Safepoint synchronization initiated using futex wait barrier. (258 threads)
[2025-12-05T10:13:07.732+0000][5436.381s][info ][safepoint   ] Safepoint "Cleanup", Time since last: 31005059169 ns, Reaching safepoint: 223492 ns, Cleanup: 25309 ns, At safepoint: 7153 ns, Total: 255954 ns
[2025-12-05T10:13:25.735+0000][5454.384s][debug][safepoint   ] Safepoint synchronization initiated using futex wait barrier. (258 threads)
[2025-12-05T10:13:25.735+0000][5454.385s][info ][safepoint   ] Safepoint "Cleanup", Time since last: 18002959983 ns, Reaching safepoint: 173135 ns, Cleanup: 26371 ns, At safepoint: 4088 ns, Total: 203594 ns
[2025-12-05T10:13:32.733+0000][5461.386s][debug][safepoint   ] Safepoint synchronization initiated using futex wait barrier. (258 threads)
[2025-12-05T10:13:32.734+0000][5461.386s][info ][safepoint   ] Safepoint "Cleanup", Time since last: 7001031697 ns, Reaching safepoint: 209161 ns, Cleanup: 27092 ns, At safepoint: 6202 ns, Total: 242455 ns
[2025-12-05T10:13:41.762+0000][5470.414s][debug][safepoint   ] Safepoint synchronization initiated using futex wait barrier. (258 threads)
[2025-12-05T10:13:41.763+0000][5470.415s][info ][safepoint   ] Safepoint "Cleanup", Time since last: 9028645065 ns, Reaching safepoint: 278369 ns, Cleanup: 25800 ns, At safepoint: 4238 ns, Total: 308407 ns
[2025-12-05T10:14:09.765+0000][5498.420s][debug][safepoint   ] Safepoint synchronization initiated using futex wait barrier. (258 threads)
[2025-12-05T10:14:09.766+0000][5498.420s][info ][safepoint   ] Safepoint "Cleanup", Time since last: 28004723920 ns, Reaching safepoint: 262470 ns, Cleanup: 25870 ns, At safepoint: 6974 ns, Total: 295314 ns
[2025-12-05T10:14:56.101+0000][5544.758s][debug][safepoint   ] Safepoint synchronization initiated using futex wait barrier. (258 threads)
[2025-12-05T10:14:56.102+0000][5544.758s][info ][gc,start    ] GC(141) Pause Young (Prepare Mixed) (G1 Evacuation Pause)
[2025-12-05T10:14:56.102+0000][5544.758s][info ][gc,task     ] GC(141) Using 13 workers of 13 for evacuation
[2025-12-05T10:14:56.111+0000][5544.768s][info ][gc,phases   ] GC(141)   Pre Evacuate Collection Set: 0.4ms
[2025-12-05T10:14:56.111+0000][5544.768s][info ][gc,phases   ] GC(141)   Merge Heap Roots: 0.3ms
[2025-12-05T10:14:56.111+0000][5544.768s][info ][gc,phases   ] GC(141)   Evacuate Collection Set: 6.4ms
[2025-12-05T10:14:56.111+0000][5544.768s][info ][gc,phases   ] GC(141)   Post Evacuate Collection Set: 2.2ms
[2025-12-05T10:14:56.111+0000][5544.768s][info ][gc,phases   ] GC(141)   Other: 0.2ms
[2025-12-05T10:14:56.111+0000][5544.768s][info ][gc,heap     ] GC(141) Eden regions: 315->0(22)
[2025-12-05T10:14:56.111+0000][5544.768s][info ][gc,heap     ] GC(141) Survivor regions: 3->4(40)
[2025-12-05T10:14:56.111+0000][5544.768s][info ][gc,heap     ] GC(141) Old regions: 149->149
[2025-12-05T10:14:56.111+0000][5544.768s][info ][gc,heap     ] GC(141) Archive regions: 2->2
[2025-12-05T10:14:56.111+0000][5544.768s][info ][gc,heap     ] GC(141) Humongous regions: 1->0
[2025-12-05T10:14:56.111+0000][5544.768s][info ][gc,metaspace] GC(141) Metaspace: 206877K(208128K)->206877K(208128K) NonClass: 182154K(182848K)->182154K(182848K) Class: 24722K(25280K)->24722K(25280K)
[2025-12-05T10:14:56.111+0000][5544.768s][info ][gc          ] GC(141) Pause Young (Prepare Mixed) (G1 Evacuation Pause) 467M->152M(530M) 9.760ms
[2025-12-05T10:14:56.111+0000][5544.768s][info ][gc,cpu      ] GC(141) User=0.07s Sys=0.00s Real=0.01s
[2025-12-05T10:14:56.112+0000][5544.768s][info ][safepoint   ] Safepoint "G1CollectForAllocation", Time since last: 46338255989 ns, Reaching safepoint: 100474 ns, Cleanup: 5481 ns, At safepoint: 10187290 ns, Total: 10293245 ns
[2025-12-05T10:15:12.908+0000][5561.567s][debug][safepoint   ] Safepoint synchronization initiated using futex wait barrier. (257 threads)
[2025-12-05T10:15:12.909+0000][5561.568s][info ][gc,start    ] GC(142) Pause Young (Mixed) (G1 Evacuation Pause)
[2025-12-05T10:15:12.909+0000][5561.568s][info ][gc,task     ] GC(142) Using 13 workers of 13 for evacuation
[2025-12-05T10:15:12.930+0000][5561.588s][info ][gc,phases   ] GC(142)   Pre Evacuate Collection Set: 0.4ms
[2025-12-05T10:15:12.930+0000][5561.588s][info ][gc,phases   ] GC(142)   Merge Heap Roots: 0.3ms
[2025-12-05T10:15:12.930+0000][5561.588s][info ][gc,phases   ] GC(142)   Evacuate Collection Set: 17.0ms
[2025-12-05T10:15:12.930+0000][5561.588s][info ][gc,phases   ] GC(142)   Post Evacuate Collection Set: 2.3ms
[2025-12-05T10:15:12.930+0000][5561.588s][info ][gc,phases   ] GC(142)   Other: 0.5ms
[2025-12-05T10:15:12.930+0000][5561.588s][info ][gc,heap     ] GC(142) Eden regions: 22->0(315)
[2025-12-05T10:15:12.930+0000][5561.588s][info ][gc,heap     ] GC(142) Survivor regions: 4->3(4)
[2025-12-05T10:15:12.930+0000][5561.588s][info ][gc,heap     ] GC(142) Old regions: 149->149
[2025-12-05T10:15:12.930+0000][5561.588s][info ][gc,heap     ] GC(142) Archive regions: 2->2
[2025-12-05T10:15:12.930+0000][5561.588s][info ][gc,heap     ] GC(142) Humongous regions: 0->0
[2025-12-05T10:15:12.930+0000][5561.588s][info ][gc,metaspace] GC(142) Metaspace: 206877K(208128K)->206877K(208128K) NonClass: 182154K(182848K)->182154K(182848K) Class: 24722K(25280K)->24722K(25280K)
[2025-12-05T10:15:12.930+0000][5561.588s][info ][gc          ] GC(142) Pause Young (Mixed) (G1 Evacuation Pause) 174M->151M(530M) 20.628ms
[2025-12-05T10:15:12.930+0000][5561.588s][info ][gc,cpu      ] GC(142) User=0.18s Sys=0.00s Real=0.02s
[2025-12-05T10:15:12.931+0000][5561.589s][info ][safepoint   ] Safepoint "G1CollectForAllocation", Time since last: 16798352391 ns, Reaching safepoint: 713487 ns, Cleanup: 10240 ns, At safepoint: 22028310 ns, Total: 22752037 ns
[2025-12-05T10:15:44.829+0000][5593.490s][debug][safepoint   ] Safepoint synchronization initiated using futex wait barrier. (258 threads)
[2025-12-05T10:15:44.829+0000][5593.490s][info ][safepoint   ] Safepoint "Cleanup", Time since last: 31900578675 ns, Reaching safepoint: 140041 ns, Cleanup: 15941 ns, At safepoint: 5050 ns, Total: 161032 ns
[2025-12-05T10:16:01.830+0000][5610.494s][debug][safepoint   ] Safepoint synchronization initiated using futex wait barrier. (256 threads)
[2025-12-05T10:16:01.831+0000][5610.494s][info ][safepoint   ] Safepoint "Cleanup", Time since last: 17003303163 ns, Reaching safepoint: 218400 ns, Cleanup: 26360 ns, At safepoint: 6463 ns, Total: 251223 ns
[2025-12-05T10:16:27.365+0000][5636.028s][debug][safepoint   ] Safepoint synchronization initiated using futex wait barrier. (256 threads)
[2025-12-05T10:16:27.370+0000][5636.033s][info ][safepoint   ] Safepoint "Cleanup", Time since last: 25534475152 ns, Reaching safepoint: 4510997 ns, Cleanup: 41279 ns, At safepoint: 18305 ns, Total: 4570581 ns
[2025-12-05T10:16:28.372+0000][5637.035s][debug][safepoint   ] Safepoint synchronization initiated using futex wait barrier. (256 threads)
[2025-12-05T10:16:28.372+0000][5637.035s][info ][safepoint   ] Safepoint "Cleanup", Time since last: 1001951297 ns, Reaching safepoint: 131624 ns, Cleanup: 89673 ns, At safepoint: 5010 ns, Total: 226307 ns
[2025-12-05T10:16:32.370+0000][5641.036s][debug][safepoint   ] Safepoint synchronization initiated using futex wait barrier. (256 threads)
[2025-12-05T10:16:32.370+0000][5641.036s][info ][safepoint   ] Safepoint "Cleanup", Time since last: 4000627405 ns, Reaching safepoint: 175952 ns, Cleanup: 27152 ns, At safepoint: 5851 ns, Total: 208955 ns
[2025-12-05T10:16:59.868+0000][5668.534s][debug][safepoint   ] Safepoint synchronization initiated using futex wait barrier. (257 threads)
[2025-12-05T10:16:59.869+0000][5668.534s][info ][safepoint   ] Safepoint "Cleanup", Time since last: 27498054525 ns, Reaching safepoint: 241536 ns, Cleanup: 16021 ns, At safepoint: 3937 ns, Total: 261494 ns
[2025-12-05T10:17:39.898+0000][5708.568s][debug][safepoint   ] Safepoint synchronization initiated using futex wait barrier. (256 threads)
[2025-12-05T10:17:39.898+0000][5708.568s][info ][safepoint   ] Safepoint "Cleanup", Time since last: 40033521293 ns, Reaching safepoint: 255413 ns, Cleanup: 36391 ns, At safepoint: 4358 ns, Total: 296162 ns
[2025-12-05T10:17:40.898+0000][5709.568s][debug][safepoint   ] Safepoint synchronization initiated using futex wait barrier. (256 threads)
[2025-12-05T10:17:40.899+0000][5709.568s][info ][safepoint   ] Safepoint "Cleanup", Time since last: 1000173480 ns, Reaching safepoint: 155000 ns, Cleanup: 20199 ns, At safepoint: 3957 ns, Total: 179156 ns
[2025-12-05T10:17:47.900+0000][5716.570s][debug][safepoint   ] Safepoint synchronization initiated using futex wait barrier. (254 threads)
[2025-12-05T10:17:47.900+0000][5716.570s][info ][safepoint   ] Safepoint "Cleanup", Time since last: 7001435802 ns, Reaching safepoint: 252618 ns, Cleanup: 44456 ns, At safepoint: 6453 ns, Total: 303527 ns
[2025-12-05T10:17:51.302+0000][5719.972s][debug][safepoint   ] ... found polling page loop exception at pc = 0x0000706eb94fe849, stub =0x0000706eb8a04400
[2025-12-05T10:17:51.303+0000][5719.973s][debug][safepoint   ] Safepoint synchronization initiated using futex wait barrier. (254 threads)
[2025-12-05T10:17:51.303+0000][5719.973s][info ][safepoint   ] Safepoint "Cleanup", Time since last: 3402894900 ns, Reaching safepoint: 121034 ns, Cleanup: 9238 ns, At safepoint: 48473 ns, Total: 178745 ns
[2025-12-05T10:18:17.563+0000][5746.235s][debug][safepoint   ] Safepoint synchronization initiated using futex wait barrier. (253 threads)
[2025-12-05T10:18:17.563+0000][5746.235s][info ][safepoint   ] Safepoint "Cleanup", Time since last: 26261541970 ns, Reaching safepoint: 169478 ns, Cleanup: 38655 ns, At safepoint: 29527 ns, Total: 237660 ns
[2025-12-05T10:18:18.563+0000][5747.235s][debug][safepoint   ] Safepoint synchronization initiated using futex wait barrier. (253 threads)
[2025-12-05T10:18:18.563+0000][5747.235s][info ][safepoint   ] Safepoint "Cleanup", Time since last: 1000200751 ns, Reaching safepoint: 138448 ns, Cleanup: 21101 ns, At safepoint: 4659 ns, Total: 164208 ns
[2025-12-05T10:18:37.846+0000][5766.520s][debug][safepoint   ] Safepoint synchronization initiated using futex wait barrier. (252 threads)
[2025-12-05T10:18:37.846+0000][5766.520s][info ][gc,start    ] GC(143) Pause Young (Concurrent Start) (G1 Evacuation Pause)
[2025-12-05T10:18:37.846+0000][5766.520s][info ][gc,task     ] GC(143) Using 13 workers of 13 for evacuation
[2025-12-05T10:18:37.853+0000][5766.527s][info ][gc,phases   ] GC(143)   Pre Evacuate Collection Set: 0.7ms
[2025-12-05T10:18:37.853+0000][5766.527s][info ][gc,phases   ] GC(143)   Merge Heap Roots: 0.3ms
[2025-12-05T10:18:37.853+0000][5766.527s][info ][gc,phases   ] GC(143)   Evacuate Collection Set: 4.0ms
[2025-12-05T10:18:37.853+0000][5766.528s][info ][gc,phases   ] GC(143)   Post Evacuate Collection Set: 1.9ms
[2025-12-05T10:18:37.853+0000][5766.528s][info ][gc,phases   ] GC(143)   Other: 0.4ms
[2025-12-05T10:18:37.853+0000][5766.528s][info ][gc,heap     ] GC(143) Eden regions: 315->0(315)
[2025-12-05T10:18:37.853+0000][5766.528s][info ][gc,heap     ] GC(143) Survivor regions: 3->3(40)
[2025-12-05T10:18:37.853+0000][5766.528s][info ][gc,heap     ] GC(143) Old regions: 149->149
[2025-12-05T10:18:37.853+0000][5766.528s][info ][gc,heap     ] GC(143) Archive regions: 2->2
[2025-12-05T10:18:37.854+0000][5766.528s][info ][gc,heap     ] GC(143) Humongous regions: 0->0
[2025-12-05T10:18:37.854+0000][5766.528s][info ][gc,metaspace] GC(143) Metaspace: 207044K(208320K)->207044K(208320K) NonClass: 182293K(182976K)->182293K(182976K) Class: 24750K(25344K)->24750K(25344K)
[2025-12-05T10:18:37.854+0000][5766.528s][info ][gc          ] GC(143) Pause Young (Concurrent Start) (G1 Evacuation Pause) 466M->151M(530M) 7.398ms
[2025-12-05T10:18:37.854+0000][5766.528s][info ][gc,cpu      ] GC(143) User=0.04s Sys=0.00s Real=0.01s
[2025-12-05T10:18:37.854+0000][5766.528s][info ][gc          ] GC(144) Concurrent Mark Cycle
[2025-12-05T10:18:37.854+0000][5766.528s][info ][gc,marking  ] GC(144) Concurrent Clear Claimed Marks
[2025-12-05T10:18:37.854+0000][5766.528s][info ][safepoint   ] Safepoint "G1CollectForAllocation", Time since last: 19284570020 ns, Reaching safepoint: 176347 ns, Cleanup: 7875 ns, At safepoint: 7878982 ns, Total: 8063204 ns
[2025-12-05T10:18:37.854+0000][5766.528s][info ][gc,marking  ] GC(144) Concurrent Clear Claimed Marks 0.149ms
[2025-12-05T10:18:37.854+0000][5766.528s][info ][gc,marking  ] GC(144) Concurrent Scan Root Regions
[2025-12-05T10:18:37.857+0000][5766.531s][info ][gc,marking  ] GC(144) Concurrent Scan Root Regions 3.015ms
[2025-12-05T10:18:37.857+0000][5766.531s][info ][gc,marking  ] GC(144) Concurrent Mark
[2025-12-05T10:18:37.857+0000][5766.531s][info ][gc,marking  ] GC(144) Concurrent Mark From Roots
[2025-12-05T10:18:37.857+0000][5766.531s][info ][gc,task     ] GC(144) Using 3 workers of 3 for marking
[2025-12-05T10:18:37.938+0000][5766.612s][info ][gc,marking  ] GC(144) Concurrent Mark From Roots 81.196ms
[2025-12-05T10:18:37.938+0000][5766.612s][info ][gc,marking  ] GC(144) Concurrent Preclean
[2025-12-05T10:18:37.939+0000][5766.613s][info ][gc,marking  ] GC(144) Concurrent Preclean 0.406ms
[2025-12-05T10:18:37.939+0000][5766.613s][debug][safepoint   ] Safepoint synchronization initiated using futex wait barrier. (252 threads)
[2025-12-05T10:18:37.939+0000][5766.613s][info ][gc,start    ] GC(144) Pause Remark
[2025-12-05T10:18:37.964+0000][5766.638s][info ][gc          ] GC(144) Pause Remark 156M->156M(530M) 25.287ms
[2025-12-05T10:18:37.965+0000][5766.639s][info ][gc,cpu      ] GC(144) User=0.19s Sys=0.00s Real=0.03s
[2025-12-05T10:18:37.966+0000][5766.640s][info ][safepoint   ] Safepoint "G1PauseRemark", Time since last: 85012281 ns, Reaching safepoint: 105351 ns, Cleanup: 4369 ns, At safepoint: 26866861 ns, Total: 26976581 ns
[2025-12-05T10:18:37.966+0000][5766.640s][info ][gc,marking  ] GC(144) Concurrent Mark 108.913ms
[2025-12-05T10:18:37.966+0000][5766.640s][info ][gc,marking  ] GC(144) Concurrent Rebuild Remembered Sets
[2025-12-05T10:18:38.015+0000][5766.689s][info ][gc,marking  ] GC(144) Concurrent Rebuild Remembered Sets 48.608ms
[2025-12-05T10:18:38.015+0000][5766.689s][debug][safepoint   ] Safepoint synchronization initiated using futex wait barrier. (252 threads)
[2025-12-05T10:18:38.015+0000][5766.689s][info ][gc,start    ] GC(144) Pause Cleanup
[2025-12-05T10:18:38.016+0000][5766.690s][info ][gc          ] GC(144) Pause Cleanup 156M->156M(530M) 0.609ms
[2025-12-05T10:18:38.016+0000][5766.690s][info ][gc,cpu      ] GC(144) User=0.00s Sys=0.00s Real=0.00s
[2025-12-05T10:18:38.017+0000][5766.691s][info ][safepoint   ] Safepoint "G1PauseCleanup", Time since last: 49120772 ns, Reaching safepoint: 173311 ns, Cleanup: 9348 ns, At safepoint: 1838395 ns, Total: 2021054 ns
[2025-12-05T10:18:38.017+0000][5766.691s][info ][gc,marking  ] GC(144) Concurrent Cleanup for Next Mark
[2025-12-05T10:18:38.018+0000][5766.692s][info ][gc,marking  ] GC(144) Concurrent Cleanup for Next Mark 1.152ms
[2025-12-05T10:18:38.018+0000][5766.692s][info ][gc          ] GC(144) Concurrent Mark Cycle 164.570ms
[2025-12-05T10:19:29.023+0000][5817.699s][debug][safepoint   ] Safepoint synchronization initiated using futex wait barrier. (252 threads)
[2025-12-05T10:19:29.024+0000][5817.699s][info ][safepoint   ] Safepoint "Cleanup", Time since last: 51008181309 ns, Reaching safepoint: 213441 ns, Cleanup: 15650 ns, At safepoint: 3627 ns, Total: 232718 ns
[2025-12-05T10:19:30.021+0000][5818.700s][debug][safepoint   ] Safepoint synchronization initiated using futex wait barrier. (252 threads)
[2025-12-05T10:19:30.022+0000][5818.700s][info ][safepoint   ] Safepoint "Cleanup", Time since last: 1000145581 ns, Reaching safepoint: 142254 ns, Cleanup: 43224 ns, At safepoint: 6713 ns, Total: 192191 ns
[2025-12-05T10:19:40.972+0000][5829.650s][debug][safepoint   ] Safepoint synchronization initiated using futex wait barrier. (252 threads)
[2025-12-05T10:19:40.972+0000][5829.650s][info ][safepoint   ] Safepoint "Cleanup", Time since last: 10950072328 ns, Reaching safepoint: 164618 ns, Cleanup: 13075 ns, At safepoint: 3517 ns, Total: 181210 ns
[2025-12-05T10:19:55.974+0000][5844.652s][debug][safepoint   ] Safepoint synchronization initiated using futex wait barrier. (253 threads)
[2025-12-05T10:19:55.974+0000][5844.652s][info ][safepoint   ] Safepoint "Cleanup", Time since last: 15002044605 ns, Reaching safepoint: 144920 ns, Cleanup: 16973 ns, At safepoint: 5190 ns, Total: 167083 ns
[2025-12-05T10:19:56.974+0000][5845.652s][debug][safepoint   ] Safepoint synchronization initiated using futex wait barrier. (270 threads)
[2025-12-05T10:19:56.975+0000][5845.653s][info ][safepoint   ] Safepoint "Cleanup", Time since last: 1000144881 ns, Reaching safepoint: 456292 ns, Cleanup: 82900 ns, At safepoint: 12484 ns, Total: 551676 ns
[2025-12-05T10:20:09.974+0000][5858.655s][debug][safepoint   ] Safepoint synchronization initiated using futex wait barrier. (267 threads)
[2025-12-05T10:20:09.975+0000][5858.655s][info ][safepoint   ] Safepoint "Cleanup", Time since last: 13001755521 ns, Reaching safepoint: 238160 ns, Cleanup: 20219 ns, At safepoint: 4659 ns, Total: 263038 ns
[2025-12-05T10:20:11.975+0000][5860.655s][debug][safepoint   ] Safepoint synchronization initiated using futex wait barrier. (269 threads)
[2025-12-05T10:20:11.975+0000][5860.655s][info ][safepoint   ] Safepoint "Cleanup", Time since last: 2000305199 ns, Reaching safepoint: 127867 ns, Cleanup: 37342 ns, At safepoint: 5711 ns, Total: 170920 ns
[2025-12-05T10:22:32.034+0000][6000.726s][debug][safepoint   ] Safepoint synchronization initiated using futex wait barrier. (264 threads)
[2025-12-05T10:22:32.034+0000][6000.727s][info ][safepoint   ] Safepoint "Cleanup", Time since last: 140070997560 ns, Reaching safepoint: 362105 ns, Cleanup: 28475 ns, At safepoint: 6763 ns, Total: 397343 ns
[2025-12-05T10:22:41.600+0000][6010.293s][debug][safepoint   ] Safepoint synchronization initiated using futex wait barrier. (264 threads)
[2025-12-05T10:22:41.601+0000][6010.293s][info ][gc,start    ] GC(145) Pause Young (Prepare Mixed) (G1 Evacuation Pause)
[2025-12-05T10:22:41.601+0000][6010.293s][info ][gc,task     ] GC(145) Using 13 workers of 13 for evacuation
[2025-12-05T10:22:41.610+0000][6010.303s][info ][gc,phases   ] GC(145)   Pre Evacuate Collection Set: 0.6ms
[2025-12-05T10:22:41.611+0000][6010.303s][info ][gc,phases   ] GC(145)   Merge Heap Roots: 0.3ms
[2025-12-05T10:22:41.611+0000][6010.303s][info ][gc,phases   ] GC(145)   Evacuate Collection Set: 6.6ms
[2025-12-05T10:22:41.611+0000][6010.303s][info ][gc,phases   ] GC(145)   Post Evacuate Collection Set: 2.1ms
[2025-12-05T10:22:41.611+0000][6010.303s][info ][gc,phases   ] GC(145)   Other: 0.5ms
[2025-12-05T10:22:41.611+0000][6010.303s][info ][gc,heap     ] GC(145) Eden regions: 315->0(23)
[2025-12-05T10:22:41.611+0000][6010.303s][info ][gc,heap     ] GC(145) Survivor regions: 3->3(40)
[2025-12-05T10:22:41.611+0000][6010.303s][info ][gc,heap     ] GC(145) Old regions: 149->149
[2025-12-05T10:22:41.611+0000][6010.303s][info ][gc,heap     ] GC(145) Archive regions: 2->2
[2025-12-05T10:22:41.611+0000][6010.303s][info ][gc,heap     ] GC(145) Humongous regions: 0->0
[2025-12-05T10:22:41.611+0000][6010.303s][info ][gc,metaspace] GC(145) Metaspace: 207090K(208384K)->207090K(208384K) NonClass: 182333K(183040K)->182333K(183040K) Class: 24756K(25344K)->24756K(25344K)
[2025-12-05T10:22:41.611+0000][6010.303s][info ][gc          ] GC(145) Pause Young (Prepare Mixed) (G1 Evacuation Pause) 466M->151M(530M) 10.138ms
[2025-12-05T10:22:41.611+0000][6010.303s][info ][gc,cpu      ] GC(145) User=0.07s Sys=0.00s Real=0.01s
[2025-12-05T10:22:41.611+0000][6010.304s][info ][safepoint   ] Safepoint "G1CollectForAllocation", Time since last: 9565683343 ns, Reaching safepoint: 278017 ns, Cleanup: 8777 ns, At safepoint: 10999326 ns, Total: 11286120 ns
[2025-12-05T10:22:59.414+0000][6028.106s][debug][safepoint   ] Safepoint synchronization initiated using futex wait barrier. (263 threads)
[2025-12-05T10:22:59.416+0000][6028.109s][info ][gc,start    ] GC(146) Pause Young (Mixed) (G1 Evacuation Pause)
[2025-12-05T10:22:59.416+0000][6028.109s][info ][gc,task     ] GC(146) Using 13 workers of 13 for evacuation
[2025-12-05T10:22:59.434+0000][6028.126s][info ][gc,phases   ] GC(146)   Pre Evacuate Collection Set: 0.6ms
[2025-12-05T10:22:59.434+0000][6028.126s][info ][gc,phases   ] GC(146)   Merge Heap Roots: 0.5ms
[2025-12-05T10:22:59.434+0000][6028.127s][info ][gc,phases   ] GC(146)   Evacuate Collection Set: 13.9ms
[2025-12-05T10:22:59.434+0000][6028.127s][info ][gc,phases   ] GC(146)   Post Evacuate Collection Set: 2.6ms
[2025-12-05T10:22:59.434+0000][6028.127s][info ][gc,phases   ] GC(146)   Other: 0.3ms
[2025-12-05T10:22:59.434+0000][6028.127s][info ][gc,heap     ] GC(146) Eden regions: 23->0(315)
[2025-12-05T10:22:59.434+0000][6028.127s][info ][gc,heap     ] GC(146) Survivor regions: 3->3(4)
[2025-12-05T10:22:59.434+0000][6028.127s][info ][gc,heap     ] GC(146) Old regions: 149->148
[2025-12-05T10:22:59.434+0000][6028.127s][info ][gc,heap     ] GC(146) Archive regions: 2->2
[2025-12-05T10:22:59.434+0000][6028.127s][info ][gc,heap     ] GC(146) Humongous regions: 0->0
[2025-12-05T10:22:59.434+0000][6028.127s][info ][gc,metaspace] GC(146) Metaspace: 207093K(208384K)->207093K(208384K) NonClass: 182336K(183040K)->182336K(183040K) Class: 24756K(25344K)->24756K(25344K)
[2025-12-05T10:22:59.434+0000][6028.127s][info ][gc          ] GC(146) Pause Young (Mixed) (G1 Evacuation Pause) 174M->150M(530M) 18.080ms
[2025-12-05T10:22:59.434+0000][6028.127s][info ][gc,cpu      ] GC(146) User=0.16s Sys=0.00s Real=0.02s
[2025-12-05T10:22:59.435+0000][6028.127s][info ][safepoint   ] Safepoint "G1CollectForAllocation", Time since last: 17802282813 ns, Reaching safepoint: 2407543 ns, Cleanup: 6182 ns, At safepoint: 18728824 ns, Total: 21142549 ns
[2025-12-05T10:24:05.096+0000][6093.794s][debug][safepoint   ] Safepoint synchronization initiated using futex wait barrier. (261 threads)
[2025-12-05T10:24:05.096+0000][6093.794s][info ][safepoint   ] Safepoint "Cleanup", Time since last: 65666769684 ns, Reaching safepoint: 154819 ns, Cleanup: 11642 ns, At safepoint: 3888 ns, Total: 170349 ns
[2025-12-05T10:24:53.129+0000][6141.829s][debug][safepoint   ] Safepoint synchronization initiated using futex wait barrier. (264 threads)
[2025-12-05T10:24:53.130+0000][6141.829s][info ][safepoint   ] Safepoint "Cleanup", Time since last: 48034907705 ns, Reaching safepoint: 202511 ns, Cleanup: 156192 ns, At safepoint: 8687 ns, Total: 367390 ns
[2025-12-05T10:24:54.130+0000][6142.830s][debug][safepoint   ] Safepoint synchronization initiated using futex wait barrier. (269 threads)
[2025-12-05T10:24:54.130+0000][6142.830s][info ][safepoint   ] Safepoint "Cleanup", Time since last: 1000222891 ns, Reaching safepoint: 146914 ns, Cleanup: 18916 ns, At safepoint: 50758 ns, Total: 216588 ns
[2025-12-05T10:24:59.133+0000][6147.833s][debug][safepoint   ] Safepoint synchronization initiated using futex wait barrier. (268 threads)
[2025-12-05T10:24:59.133+0000][6147.833s][info ][safepoint   ] Safepoint "Cleanup", Time since last: 5003053557 ns, Reaching safepoint: 214131 ns, Cleanup: 24858 ns, At safepoint: 8286 ns, Total: 247275 ns
[2025-12-05T10:25:01.131+0000][6149.833s][debug][safepoint   ] Safepoint synchronization initiated using futex wait barrier. (269 threads)
[2025-12-05T10:25:01.131+0000][6149.834s][info ][safepoint   ] Safepoint "Cleanup", Time since last: 2000293484 ns, Reaching safepoint: 135039 ns, Cleanup: 23465 ns, At safepoint: 5671 ns, Total: 164175 ns
[2025-12-05T10:25:02.132+0000][6150.834s][debug][safepoint   ] Safepoint synchronization initiated using futex wait barrier. (269 threads)
[2025-12-05T10:25:02.132+0000][6150.834s][info ][safepoint   ] Safepoint "Cleanup", Time since last: 1000211309 ns, Reaching safepoint: 313551 ns, Cleanup: 90875 ns, At safepoint: 7845 ns, Total: 412271 ns
[2025-12-05T10:25:12.134+0000][6160.836s][debug][safepoint   ] Safepoint synchronization initiated using futex wait barrier. (268 threads)
[2025-12-05T10:25:12.134+0000][6160.836s][info ][safepoint   ] Safepoint "Cleanup", Time since last: 10001462491 ns, Reaching safepoint: 139770 ns, Cleanup: 19006 ns, At safepoint: 6202 ns, Total: 164978 ns
[2025-12-05T10:25:32.135+0000][6180.839s][debug][safepoint   ] Safepoint synchronization initiated using futex wait barrier. (268 threads)
[2025-12-05T10:25:32.135+0000][6180.839s][info ][safepoint   ] Safepoint "Cleanup", Time since last: 20003097826 ns, Reaching safepoint: 206819 ns, Cleanup: 28916 ns, At safepoint: 6422 ns, Total: 242157 ns
[2025-12-05T10:26:47.194+0000][6255.902s][debug][safepoint   ] Safepoint synchronization initiated using futex wait barrier. (266 threads)
[2025-12-05T10:26:47.194+0000][6255.903s][info ][safepoint   ] Safepoint "Cleanup", Time since last: 75063179419 ns, Reaching safepoint: 215406 ns, Cleanup: 28606 ns, At safepoint: 7063 ns, Total: 251075 ns
[2025-12-05T10:27:06.457+0000][6275.168s][debug][safepoint   ] Safepoint synchronization initiated using futex wait barrier. (263 threads)
[2025-12-05T10:27:06.461+0000][6275.171s][info ][gc,start    ] GC(147) Pause Young (Concurrent Start) (G1 Evacuation Pause)
[2025-12-05T10:27:06.461+0000][6275.172s][info ][gc,task     ] GC(147) Using 13 workers of 13 for evacuation
[2025-12-05T10:27:06.467+0000][6275.178s][info ][gc,phases   ] GC(147)   Pre Evacuate Collection Set: 1.0ms
[2025-12-05T10:27:06.467+0000][6275.178s][info ][gc,phases   ] GC(147)   Merge Heap Roots: 0.3ms
[2025-12-05T10:27:06.467+0000][6275.178s][info ][gc,phases   ] GC(147)   Evacuate Collection Set: 3.1ms
[2025-12-05T10:27:06.467+0000][6275.178s][info ][gc,phases   ] GC(147)   Post Evacuate Collection Set: 1.7ms
[2025-12-05T10:27:06.467+0000][6275.178s][info ][gc,phases   ] GC(147)   Other: 0.4ms
[2025-12-05T10:27:06.467+0000][6275.178s][info ][gc,heap     ] GC(147) Eden regions: 315->0(315)
[2025-12-05T10:27:06.467+0000][6275.178s][info ][gc,heap     ] GC(147) Survivor regions: 3->3(40)
[2025-12-05T10:27:06.467+0000][6275.178s][info ][gc,heap     ] GC(147) Old regions: 148->148
[2025-12-05T10:27:06.467+0000][6275.178s][info ][gc,heap     ] GC(147) Archive regions: 2->2
[2025-12-05T10:27:06.467+0000][6275.178s][info ][gc,heap     ] GC(147) Humongous regions: 0->0
[2025-12-05T10:27:06.467+0000][6275.178s][info ][gc,metaspace] GC(147) Metaspace: 207201K(208512K)->207201K(208512K) NonClass: 182432K(183168K)->182432K(183168K) Class: 24768K(25344K)->24768K(25344K)
[2025-12-05T10:27:06.467+0000][6275.178s][info ][gc          ] GC(147) Pause Young (Concurrent Start) (G1 Evacuation Pause) 465M->151M(530M) 6.632ms
[2025-12-05T10:27:06.468+0000][6275.178s][info ][gc,cpu      ] GC(147) User=0.03s Sys=0.00s Real=0.01s
[2025-12-05T10:27:06.468+0000][6275.178s][info ][gc          ] GC(148) Concurrent Mark Cycle
[2025-12-05T10:27:06.468+0000][6275.178s][info ][gc,marking  ] GC(148) Concurrent Clear Claimed Marks
[2025-12-05T10:27:06.468+0000][6275.179s][info ][gc,marking  ] GC(148) Concurrent Clear Claimed Marks 0.260ms
[2025-12-05T10:27:06.468+0000][6275.179s][info ][gc,marking  ] GC(148) Concurrent Scan Root Regions
[2025-12-05T10:27:06.468+0000][6275.179s][info ][safepoint   ] Safepoint "G1CollectForAllocation", Time since last: 19265257893 ns, Reaching safepoint: 3434566 ns, Cleanup: 6993 ns, At safepoint: 7694422 ns, Total: 11135981 ns
[2025-12-05T10:27:06.474+0000][6275.185s][info ][gc,marking  ] GC(148) Concurrent Scan Root Regions 6.395ms
[2025-12-05T10:27:06.475+0000][6275.185s][info ][gc,marking  ] GC(148) Concurrent Mark
[2025-12-05T10:27:06.475+0000][6275.185s][info ][gc,marking  ] GC(148) Concurrent Mark From Roots
[2025-12-05T10:27:06.475+0000][6275.185s][info ][gc,task     ] GC(148) Using 3 workers of 3 for marking
[2025-12-05T10:27:06.560+0000][6275.270s][info ][gc,marking  ] GC(148) Concurrent Mark From Roots 85.035ms
[2025-12-05T10:27:06.560+0000][6275.270s][info ][gc,marking  ] GC(148) Concurrent Preclean
[2025-12-05T10:27:06.560+0000][6275.271s][info ][gc,marking  ] GC(148) Concurrent Preclean 0.450ms
[2025-12-05T10:27:06.560+0000][6275.271s][debug][safepoint   ] Safepoint synchronization initiated using futex wait barrier. (263 threads)
[2025-12-05T10:27:06.560+0000][6275.271s][info ][gc,start    ] GC(148) Pause Remark
[2025-12-05T10:27:06.575+0000][6275.286s][info ][gc          ] GC(148) Pause Remark 156M->156M(530M) 14.551ms
[2025-12-05T10:27:06.575+0000][6275.286s][info ][gc,cpu      ] GC(148) User=0.13s Sys=0.00s Real=0.01s
[2025-12-05T10:27:06.576+0000][6275.286s][info ][safepoint   ] Safepoint "G1PauseRemark", Time since last: 91836137 ns, Reaching safepoint: 64524 ns, Cleanup: 25900 ns, At safepoint: 15393297 ns, Total: 15483721 ns
[2025-12-05T10:27:06.576+0000][6275.286s][info ][gc,marking  ] GC(148) Concurrent Mark 101.287ms
[2025-12-05T10:27:06.576+0000][6275.287s][info ][gc,marking  ] GC(148) Concurrent Rebuild Remembered Sets
[2025-12-05T10:27:06.628+0000][6275.339s][info ][gc,marking  ] GC(148) Concurrent Rebuild Remembered Sets 52.477ms
[2025-12-05T10:27:06.629+0000][6275.339s][debug][safepoint   ] Safepoint synchronization initiated using futex wait barrier. (263 threads)
[2025-12-05T10:27:06.629+0000][6275.339s][info ][gc,start    ] GC(148) Pause Cleanup
[2025-12-05T10:27:06.629+0000][6275.340s][info ][gc          ] GC(148) Pause Cleanup 156M->156M(530M) 0.503ms
[2025-12-05T10:27:06.629+0000][6275.340s][info ][gc,cpu      ] GC(148) User=0.00s Sys=0.00s Real=0.00s
[2025-12-05T10:27:06.629+0000][6275.340s][info ][safepoint   ] Safepoint "G1PauseCleanup", Time since last: 52771584 ns, Reaching safepoint: 58953 ns, Cleanup: 4309 ns, At safepoint: 740617 ns, Total: 803879 ns
[2025-12-05T10:27:06.629+0000][6275.340s][info ][gc,marking  ] GC(148) Concurrent Cleanup for Next Mark
[2025-12-05T10:27:06.630+0000][6275.341s][info ][gc,marking  ] GC(148) Concurrent Cleanup for Next Mark 0.673ms
[2025-12-05T10:27:06.630+0000][6275.341s][info ][gc          ] GC(148) Concurrent Mark Cycle 162.437ms
[2025-12-05T10:29:14.234+0000][6402.953s][debug][safepoint   ] Safepoint synchronization initiated using futex wait barrier. (261 threads)
[2025-12-05T10:29:14.235+0000][6402.953s][info ][safepoint   ] Safepoint "Cleanup", Time since last: 127613098924 ns, Reaching safepoint: 309457 ns, Cleanup: 28374 ns, At safepoint: 80876 ns, Total: 418707 ns
[2025-12-05T10:31:31.027+0000][6539.756s][debug][safepoint   ] Safepoint synchronization initiated using futex wait barrier. (260 threads)
[2025-12-05T10:31:31.027+0000][6539.756s][info ][gc,start    ] GC(149) Pause Young (Prepare Mixed) (G1 Evacuation Pause)
[2025-12-05T10:31:31.027+0000][6539.757s][info ][gc,task     ] GC(149) Using 13 workers of 13 for evacuation
[2025-12-05T10:31:31.038+0000][6539.768s][info ][gc,phases   ] GC(149)   Pre Evacuate Collection Set: 0.6ms
[2025-12-05T10:31:31.039+0000][6539.768s][info ][gc,phases   ] GC(149)   Merge Heap Roots: 1.9ms
[2025-12-05T10:31:31.039+0000][6539.768s][info ][gc,phases   ] GC(149)   Evacuate Collection Set: 5.3ms
[2025-12-05T10:31:31.039+0000][6539.768s][info ][gc,phases   ] GC(149)   Post Evacuate Collection Set: 3.1ms
[2025-12-05T10:31:31.039+0000][6539.768s][info ][gc,phases   ] GC(149)   Other: 0.5ms
[2025-12-05T10:31:31.039+0000][6539.768s][info ][gc,heap     ] GC(149) Eden regions: 315->0(23)
[2025-12-05T10:31:31.039+0000][6539.768s][info ][gc,heap     ] GC(149) Survivor regions: 3->3(40)
[2025-12-05T10:31:31.039+0000][6539.768s][info ][gc,heap     ] GC(149) Old regions: 148->148
[2025-12-05T10:31:31.039+0000][6539.768s][info ][gc,heap     ] GC(149) Archive regions: 2->2
[2025-12-05T10:31:31.039+0000][6539.768s][info ][gc,heap     ] GC(149) Humongous regions: 0->0
[2025-12-05T10:31:31.039+0000][6539.768s][info ][gc,metaspace] GC(149) Metaspace: 207215K(208512K)->207215K(208512K) NonClass: 182447K(183168K)->182447K(183168K) Class: 24768K(25344K)->24768K(25344K)
[2025-12-05T10:31:31.039+0000][6539.768s][info ][gc          ] GC(149) Pause Young (Prepare Mixed) (G1 Evacuation Pause) 466M->151M(530M) 11.432ms
[2025-12-05T10:31:31.039+0000][6539.768s][info ][gc,cpu      ] GC(149) User=0.08s Sys=0.00s Real=0.02s
[2025-12-05T10:31:31.039+0000][6539.768s][info ][safepoint   ] Safepoint "G1CollectForAllocation", Time since last: 136802544648 ns, Reaching safepoint: 269881 ns, Cleanup: 10169 ns, At safepoint: 11891181 ns, Total: 12171231 ns
[2025-12-05T10:31:49.048+0000][6557.777s][debug][safepoint   ] Safepoint synchronization initiated using futex wait barrier. (260 threads)
[2025-12-05T10:31:49.048+0000][6557.777s][info ][gc,start    ] GC(150) Pause Young (Mixed) (G1 Evacuation Pause)
[2025-12-05T10:31:49.048+0000][6557.777s][info ][gc,task     ] GC(150) Using 13 workers of 13 for evacuation
[2025-12-05T10:31:49.070+0000][6557.799s][info ][gc,phases   ] GC(150)   Pre Evacuate Collection Set: 1.2ms
[2025-12-05T10:31:49.070+0000][6557.799s][info ][gc,phases   ] GC(150)   Merge Heap Roots: 0.4ms
[2025-12-05T10:31:49.070+0000][6557.799s][info ][gc,phases   ] GC(150)   Evacuate Collection Set: 17.6ms
[2025-12-05T10:31:49.070+0000][6557.799s][info ][gc,phases   ] GC(150)   Post Evacuate Collection Set: 2.3ms
[2025-12-05T10:31:49.070+0000][6557.799s][info ][gc,phases   ] GC(150)   Other: 0.4ms
[2025-12-05T10:31:49.070+0000][6557.799s][info ][gc,heap     ] GC(150) Eden regions: 23->0(317)
[2025-12-05T10:31:49.070+0000][6557.799s][info ][gc,heap     ] GC(150) Survivor regions: 3->1(4)
[2025-12-05T10:31:49.070+0000][6557.799s][info ][gc,heap     ] GC(150) Old regions: 148->149
[2025-12-05T10:31:49.070+0000][6557.799s][info ][gc,heap     ] GC(150) Archive regions: 2->2
[2025-12-05T10:31:49.070+0000][6557.799s][info ][gc,heap     ] GC(150) Humongous regions: 0->0
[2025-12-05T10:31:49.070+0000][6557.799s][info ][gc,metaspace] GC(150) Metaspace: 207217K(208512K)->207217K(208512K) NonClass: 182448K(183168K)->182448K(183168K) Class: 24768K(25344K)->24768K(25344K)
[2025-12-05T10:31:49.070+0000][6557.799s][info ][gc          ] GC(150) Pause Young (Mixed) (G1 Evacuation Pause) 174M->150M(530M) 21.951ms
[2025-12-05T10:31:49.070+0000][6557.799s][info ][gc,cpu      ] GC(150) User=0.22s Sys=0.00s Real=0.03s
[2025-12-05T10:31:49.071+0000][6557.801s][info ][safepoint   ] Safepoint "G1CollectForAllocation", Time since last: 18008730018 ns, Reaching safepoint: 233511 ns, Cleanup: 80054 ns, At safepoint: 23297038 ns, Total: 23610603 ns
[2025-12-05T10:32:32.073+0000][6600.806s][debug][safepoint   ] Safepoint synchronization initiated using futex wait barrier. (260 threads)
[2025-12-05T10:32:32.073+0000][6600.806s][info ][safepoint   ] Safepoint "Cleanup", Time since last: 43005642915 ns, Reaching safepoint: 126774 ns, Cleanup: 16552 ns, At safepoint: 4429 ns, Total: 147755 ns
[2025-12-05T10:36:15.381+0000][6824.128s][debug][safepoint   ] Safepoint synchronization initiated using futex wait barrier. (255 threads)
[2025-12-05T10:36:15.382+0000][6824.129s][info ][gc,start    ] GC(151) Pause Young (Concurrent Start) (G1 Evacuation Pause)
[2025-12-05T10:36:15.382+0000][6824.129s][info ][gc,task     ] GC(151) Using 13 workers of 13 for evacuation
[2025-12-05T10:36:15.400+0000][6824.147s][info ][gc,phases   ] GC(151)   Pre Evacuate Collection Set: 2.2ms
[2025-12-05T10:36:15.400+0000][6824.147s][info ][gc,phases   ] GC(151)   Merge Heap Roots: 0.8ms
[2025-12-05T10:36:15.400+0000][6824.147s][info ][gc,phases   ] GC(151)   Evacuate Collection Set: 10.0ms
[2025-12-05T10:36:15.400+0000][6824.147s][info ][gc,phases   ] GC(151)   Post Evacuate Collection Set: 3.0ms
[2025-12-05T10:36:15.400+0000][6824.147s][info ][gc,phases   ] GC(151)   Other: 1.6ms
[2025-12-05T10:36:15.400+0000][6824.147s][info ][gc,heap     ] GC(151) Eden regions: 317->0(317)
[2025-12-05T10:36:15.400+0000][6824.147s][info ][gc,heap     ] GC(151) Survivor regions: 1->1(40)
[2025-12-05T10:36:15.400+0000][6824.147s][info ][gc,heap     ] GC(151) Old regions: 149->149
[2025-12-05T10:36:15.400+0000][6824.147s][info ][gc,heap     ] GC(151) Archive regions: 2->2
[2025-12-05T10:36:15.400+0000][6824.147s][info ][gc,heap     ] GC(151) Humongous regions: 0->0
[2025-12-05T10:36:15.400+0000][6824.147s][info ][gc,metaspace] GC(151) Metaspace: 207219K(208512K)->207219K(208512K) NonClass: 182450K(183168K)->182450K(183168K) Class: 24768K(25344K)->24768K(25344K)
[2025-12-05T10:36:15.400+0000][6824.147s][info ][gc          ] GC(151) Pause Young (Concurrent Start) (G1 Evacuation Pause) 467M->150M(530M) 17.660ms
[2025-12-05T10:36:15.400+0000][6824.147s][info ][gc,cpu      ] GC(151) User=0.09s Sys=0.00s Real=0.02s
[2025-12-05T10:36:15.400+0000][6824.147s][info ][gc          ] GC(152) Concurrent Mark Cycle
[2025-12-05T10:36:15.400+0000][6824.147s][info ][gc,marking  ] GC(152) Concurrent Clear Claimed Marks
[2025-12-05T10:36:15.400+0000][6824.147s][info ][safepoint   ] Safepoint "G1CollectForAllocation", Time since last: 223321679154 ns, Reaching safepoint: 964388 ns, Cleanup: 42793 ns, At safepoint: 18345631 ns, Total: 19352812 ns
[2025-12-05T10:36:15.400+0000][6824.147s][info ][gc,marking  ] GC(152) Concurrent Clear Claimed Marks 0.187ms
[2025-12-05T10:36:15.400+0000][6824.147s][info ][gc,marking  ] GC(152) Concurrent Scan Root Regions
[2025-12-05T10:36:15.420+0000][6824.167s][info ][gc,marking  ] GC(152) Concurrent Scan Root Regions 19.549ms
[2025-12-05T10:36:15.420+0000][6824.167s][info ][gc,marking  ] GC(152) Concurrent Mark
[2025-12-05T10:36:15.420+0000][6824.167s][info ][gc,marking  ] GC(152) Concurrent Mark From Roots
[2025-12-05T10:36:15.420+0000][6824.167s][info ][gc,task     ] GC(152) Using 3 workers of 3 for marking
[2025-12-05T10:36:15.541+0000][6824.288s][info ][gc,marking  ] GC(152) Concurrent Mark From Roots 121.115ms
[2025-12-05T10:36:15.541+0000][6824.288s][info ][gc,marking  ] GC(152) Concurrent Preclean
[2025-12-05T10:36:15.542+0000][6824.289s][info ][gc,marking  ] GC(152) Concurrent Preclean 0.365ms
[2025-12-05T10:36:15.542+0000][6824.289s][debug][safepoint   ] Safepoint synchronization initiated using futex wait barrier. (255 threads)
[2025-12-05T10:36:15.542+0000][6824.289s][info ][gc,start    ] GC(152) Pause Remark
[2025-12-05T10:36:15.598+0000][6824.346s][info ][gc          ] GC(152) Pause Remark 156M->156M(527M) 56.510ms
[2025-12-05T10:36:15.599+0000][6824.346s][info ][gc,cpu      ] GC(152) User=0.64s Sys=0.00s Real=0.05s
[2025-12-05T10:36:15.600+0000][6824.347s][info ][safepoint   ] Safepoint "G1PauseRemark", Time since last: 141447507 ns, Reaching safepoint: 86516 ns, Cleanup: 36040 ns, At safepoint: 58117112 ns, Total: 58239668 ns
[2025-12-05T10:36:15.600+0000][6824.347s][info ][gc,marking  ] GC(152) Concurrent Mark 180.020ms
[2025-12-05T10:36:15.600+0000][6824.347s][info ][gc,marking  ] GC(152) Concurrent Rebuild Remembered Sets
[2025-12-05T10:36:15.651+0000][6824.398s][info ][gc,marking  ] GC(152) Concurrent Rebuild Remembered Sets 51.320ms
[2025-12-05T10:36:15.652+0000][6824.399s][debug][safepoint   ] Safepoint synchronization initiated using futex wait barrier. (255 threads)
[2025-12-05T10:36:15.654+0000][6824.401s][info ][gc,start    ] GC(152) Pause Cleanup
[2025-12-05T10:36:15.654+0000][6824.402s][info ][gc          ] GC(152) Pause Cleanup 156M->156M(527M) 0.599ms
[2025-12-05T10:36:15.655+0000][6824.402s][info ][gc,cpu      ] GC(152) User=0.00s Sys=0.00s Real=0.00s
[2025-12-05T10:36:15.655+0000][6824.402s][info ][safepoint   ] Safepoint "G1PauseCleanup", Time since last: 51604899 ns, Reaching safepoint: 2239856 ns, Cleanup: 5691 ns, At safepoint: 836231 ns, Total: 3081778 ns
[2025-12-05T10:36:15.655+0000][6824.402s][info ][gc,marking  ] GC(152) Concurrent Cleanup for Next Mark
[2025-12-05T10:36:15.666+0000][6824.413s][info ][gc,marking  ] GC(152) Concurrent Cleanup for Next Mark 11.057ms
[2025-12-05T10:36:15.666+0000][6824.413s][info ][gc          ] GC(152) Concurrent Mark Cycle 265.841ms
[2025-12-05T10:38:32.541+0000][6961.298s][debug][safepoint   ] Safepoint synchronization initiated using futex wait barrier. (254 threads)
[2025-12-05T10:38:32.542+0000][6961.299s][info ][safepoint   ] Safepoint "Cleanup", Time since last: 136896696694 ns, Reaching safepoint: 1047255 ns, Cleanup: 32753 ns, At safepoint: 6843 ns, Total: 1086851 ns
[2025-12-05T10:40:31.603+0000][7080.368s][debug][safepoint   ] Safepoint synchronization initiated using futex wait barrier. (252 threads)
[2025-12-05T10:40:31.603+0000][7080.369s][info ][safepoint   ] Safepoint "Cleanup", Time since last: 119068471550 ns, Reaching safepoint: 661703 ns, Cleanup: 17674 ns, At safepoint: 3557 ns, Total: 682934 ns
