[2025-11-29T09:09:22.913+0000][0.131s][info][gc] Using G1
[2025-11-29T09:09:22.920+0000][0.138s][info][gc,init] Version: 17.0.16+8-Debian-1deb12u1 (release)
[2025-11-29T09:09:22.921+0000][0.139s][info][gc,init] CPUs: 16 total, 16 available
[2025-11-29T09:09:22.921+0000][0.139s][info][gc,init] Memory: 7590M
[2025-11-29T09:09:22.921+0000][0.139s][info][gc,init] Large Page Support: Disabled
[2025-11-29T09:09:22.921+0000][0.139s][info][gc,init] NUMA Support: Disabled
[2025-11-29T09:09:22.921+0000][0.139s][info][gc,init] Compressed Oops: Enabled (32-bit)
[2025-11-29T09:09:22.921+0000][0.139s][info][gc,init] Heap Region Size: 1M
[2025-11-29T09:09:22.921+0000][0.139s][info][gc,init] Heap Min Capacity: 8M
[2025-11-29T09:09:22.921+0000][0.139s][info][gc,init] Heap Initial Capacity: 120M
[2025-11-29T09:09:22.921+0000][0.139s][info][gc,init] Heap Max Capacity: 1898M
[2025-11-29T09:09:22.921+0000][0.139s][info][gc,init] Pre-touch: Disabled
[2025-11-29T09:09:22.921+0000][0.139s][info][gc,init] Parallel Workers: 13
[2025-11-29T09:09:22.921+0000][0.139s][info][gc,init] Concurrent Workers: 3
[2025-11-29T09:09:22.921+0000][0.139s][info][gc,init] Concurrent Refinement Workers: 13
[2025-11-29T09:09:22.921+0000][0.139s][info][gc,init] Periodic GC: Disabled
[2025-11-29T09:09:23.027+0000][0.245s][info][gc,metaspace] CDS archive(s) mapped at: [0x0000738a1f000000-0x0000738a1fbca000-0x0000738a1fbca000), size 12361728, SharedBaseAddress: 0x0000738a1f000000, ArchiveRelocationMode: 1.
[2025-11-29T09:09:23.027+0000][0.245s][info][gc,metaspace] Compressed class space mapped at: 0x0000738a20000000-0x0000738a60000000, reserved size: 1073741824
[2025-11-29T09:09:23.027+0000][0.245s][info][gc,metaspace] Narrow klass base: 0x0000738a1f000000, Narrow klass shift: 0, Narrow klass range: 0x100000000
[2025-11-29T09:09:23.097+0000][0.315s][info][cds,heap    ] initialize_from_archived_subgraph java.lang.Module$ArchivedData 0x0000738a1f1837f0 (early)
[2025-11-29T09:09:23.098+0000][0.316s][info][cds,heap    ] initialize_from_archived_subgraph java.util.ImmutableCollections 0x0000738a1f072308 (early)
[2025-11-29T09:09:23.101+0000][0.319s][info][cds,heap    ] initialize_from_archived_subgraph java.lang.Integer$IntegerCache 0x0000738a1f037660 (early)
[2025-11-29T09:09:23.128+0000][0.346s][info][cds,heap    ] initialize_from_archived_subgraph java.lang.module.Configuration 0x0000738a1f171770 (early)
[2025-11-29T09:09:23.128+0000][0.346s][info][cds,heap    ] initialize_from_archived_subgraph java.lang.ModuleLayer 0x0000738a1f145ba8 (early)
[2025-11-29T09:09:23.128+0000][0.346s][info][cds,heap    ] initialize_from_archived_subgraph jdk.internal.loader.ArchivedClassLoaders 0x0000738a1f1a7e68 (early)
[2025-11-29T09:09:23.128+0000][0.346s][info][cds,heap    ] initialize_from_archived_subgraph jdk.internal.module.ArchivedBootLayer 0x0000738a1f1783b0 (early)
[2025-11-29T09:09:23.143+0000][0.361s][info][cds,heap    ] initialize_from_archived_subgraph sun.util.locale.BaseLocale 0x0000738a1f26ebf0
[2025-11-29T09:09:23.182+0000][0.400s][info][cds,heap    ] initialize_from_archived_subgraph java.util.jar.Attributes$Name 0x0000738a1f1998d0
[2025-11-29T09:09:23.257+0000][0.475s][info][cds,heap    ] initialize_from_archived_subgraph java.lang.Long$LongCache 0x0000738a1f020f98
[2025-11-29T09:09:23.464+0000][0.682s][info][cds,heap    ] initialize_from_archived_subgraph java.lang.Character$CharacterCache 0x0000738a1f03a9e8
[2025-11-29T09:09:24.601+0000][1.819s][debug][safepoint   ] Safepoint synchronization initiated using futex wait barrier. (15 threads)
[2025-11-29T09:09:24.602+0000][1.820s][info ][safepoint   ] Safepoint "ICBufferFull", Time since last: 1512598719 ns, Reaching safepoint: 146472 ns, Cleanup: 87713 ns, At safepoint: 79799 ns, Total: 313984 ns
[2025-11-29T09:09:25.402+0000][2.620s][debug][safepoint   ] Safepoint synchronization initiated using futex wait barrier. (17 threads)
[2025-11-29T09:09:25.403+0000][2.621s][info ][gc,start    ] GC(0) Pause Young (Normal) (G1 Evacuation Pause)
[2025-11-29T09:09:25.403+0000][2.621s][info ][gc,task     ] GC(0) Using 2 workers of 13 for evacuation
[2025-11-29T09:09:25.420+0000][2.638s][info ][gc,phases   ] GC(0)   Pre Evacuate Collection Set: 0.2ms
[2025-11-29T09:09:25.420+0000][2.638s][info ][gc,phases   ] GC(0)   Merge Heap Roots: 0.2ms
[2025-11-29T09:09:25.420+0000][2.638s][info ][gc,phases   ] GC(0)   Evacuate Collection Set: 14.9ms
[2025-11-29T09:09:25.420+0000][2.638s][info ][gc,phases   ] GC(0)   Post Evacuate Collection Set: 2.0ms
[2025-11-29T09:09:25.420+0000][2.638s][info ][gc,phases   ] GC(0)   Other: 0.4ms
[2025-11-29T09:09:25.420+0000][2.638s][info ][gc,heap     ] GC(0) Eden regions: 56->0(58)
[2025-11-29T09:09:25.420+0000][2.638s][info ][gc,heap     ] GC(0) Survivor regions: 0->7(7)
[2025-11-29T09:09:25.420+0000][2.638s][info ][gc,heap     ] GC(0) Old regions: 0->1
[2025-11-29T09:09:25.420+0000][2.638s][info ][gc,heap     ] GC(0) Archive regions: 2->2
[2025-11-29T09:09:25.420+0000][2.638s][info ][gc,heap     ] GC(0) Humongous regions: 0->0
[2025-11-29T09:09:25.420+0000][2.638s][info ][gc,metaspace] GC(0) Metaspace: 2552K(2752K)->2552K(2752K) NonClass: 2318K(2432K)->2318K(2432K) Class: 233K(320K)->233K(320K)
[2025-11-29T09:09:25.420+0000][2.638s][info ][gc          ] GC(0) Pause Young (Normal) (G1 Evacuation Pause) 56M->8M(122M) 17.850ms
[2025-11-29T09:09:25.420+0000][2.638s][info ][gc,cpu      ] GC(0) User=0.02s Sys=0.02s Real=0.02s
[2025-11-29T09:09:25.420+0000][2.638s][info ][safepoint   ] Safepoint "G1CollectForAllocation", Time since last: 800630052 ns, Reaching safepoint: 36518 ns, Cleanup: 66905 ns, At safepoint: 18004421 ns, Total: 18107844 ns
[2025-11-29T09:09:26.421+0000][3.639s][debug][safepoint   ] Safepoint synchronization initiated using futex wait barrier. (17 threads)
[2025-11-29T09:09:26.421+0000][3.639s][info ][safepoint   ] Safepoint "Cleanup", Time since last: 1000153332 ns, Reaching safepoint: 40505 ns, Cleanup: 28173 ns, At safepoint: 1963 ns, Total: 70641 ns
[2025-11-29T09:09:26.566+0000][3.784s][debug][safepoint   ] Safepoint synchronization initiated using futex wait barrier. (15 threads)
[2025-11-29T09:09:26.566+0000][3.784s][info ][gc,start    ] GC(1) Pause Young (Normal) (G1 Evacuation Pause)
[2025-11-29T09:09:26.566+0000][3.784s][info ][gc,task     ] GC(1) Using 2 workers of 13 for evacuation
[2025-11-29T09:09:26.583+0000][3.801s][info ][gc,phases   ] GC(1)   Pre Evacuate Collection Set: 0.1ms
[2025-11-29T09:09:26.583+0000][3.801s][info ][gc,phases   ] GC(1)   Merge Heap Roots: 0.1ms
[2025-11-29T09:09:26.583+0000][3.801s][info ][gc,phases   ] GC(1)   Evacuate Collection Set: 13.0ms
[2025-11-29T09:09:26.583+0000][3.801s][info ][gc,phases   ] GC(1)   Post Evacuate Collection Set: 3.6ms
[2025-11-29T09:09:26.583+0000][3.801s][info ][gc,phases   ] GC(1)   Other: 0.1ms
[2025-11-29T09:09:26.583+0000][3.801s][info ][gc,heap     ] GC(1) Eden regions: 58->0(69)
[2025-11-29T09:09:26.583+0000][3.801s][info ][gc,heap     ] GC(1) Survivor regions: 7->3(9)
[2025-11-29T09:09:26.583+0000][3.801s][info ][gc,heap     ] GC(1) Old regions: 1->8
[2025-11-29T09:09:26.583+0000][3.801s][info ][gc,heap     ] GC(1) Archive regions: 2->2
[2025-11-29T09:09:26.583+0000][3.801s][info ][gc,heap     ] GC(1) Humongous regions: 0->0
[2025-11-29T09:09:26.583+0000][3.801s][info ][gc,metaspace] GC(1) Metaspace: 4469K(4736K)->4469K(4736K) NonClass: 3960K(4096K)->3960K(4096K) Class: 509K(640K)->509K(640K)
[2025-11-29T09:09:26.583+0000][3.801s][info ][gc          ] GC(1) Pause Young (Normal) (G1 Evacuation Pause) 66M->11M(122M) 17.102ms
[2025-11-29T09:09:26.583+0000][3.801s][info ][gc,cpu      ] GC(1) User=0.01s Sys=0.03s Real=0.01s
[2025-11-29T09:09:26.583+0000][3.801s][info ][safepoint   ] Safepoint "G1CollectForAllocation", Time since last: 145104716 ns, Reaching safepoint: 37831 ns, Cleanup: 20017 ns, At safepoint: 17178194 ns, Total: 17236042 ns
[2025-11-29T09:09:27.175+0000][4.393s][debug][safepoint   ] Safepoint synchronization initiated using futex wait barrier. (18 threads)
[2025-11-29T09:09:27.175+0000][4.393s][info ][gc,start    ] GC(2) Pause Young (Normal) (G1 Evacuation Pause)
[2025-11-29T09:09:27.175+0000][4.393s][info ][gc,task     ] GC(2) Using 2 workers of 13 for evacuation
[2025-11-29T09:09:27.187+0000][4.405s][info ][gc,phases   ] GC(2)   Pre Evacuate Collection Set: 0.2ms
[2025-11-29T09:09:27.187+0000][4.405s][info ][gc,phases   ] GC(2)   Merge Heap Roots: 0.2ms
[2025-11-29T09:09:27.187+0000][4.405s][info ][gc,phases   ] GC(2)   Evacuate Collection Set: 10.1ms
[2025-11-29T09:09:27.187+0000][4.405s][info ][gc,phases   ] GC(2)   Post Evacuate Collection Set: 1.3ms
[2025-11-29T09:09:27.187+0000][4.405s][info ][gc,phases   ] GC(2)   Other: 0.1ms
[2025-11-29T09:09:27.187+0000][4.405s][info ][gc,heap     ] GC(2) Eden regions: 69->0(67)
[2025-11-29T09:09:27.187+0000][4.405s][info ][gc,heap     ] GC(2) Survivor regions: 3->5(9)
[2025-11-29T09:09:27.187+0000][4.405s][info ][gc,heap     ] GC(2) Old regions: 8->8
[2025-11-29T09:09:27.187+0000][4.405s][info ][gc,heap     ] GC(2) Archive regions: 2->2
[2025-11-29T09:09:27.187+0000][4.405s][info ][gc,heap     ] GC(2) Humongous regions: 0->0
[2025-11-29T09:09:27.187+0000][4.405s][info ][gc,metaspace] GC(2) Metaspace: 7479K(7744K)->7479K(7744K) NonClass: 6535K(6656K)->6535K(6656K) Class: 944K(1088K)->944K(1088K)
[2025-11-29T09:09:27.187+0000][4.405s][info ][gc          ] GC(2) Pause Young (Normal) (G1 Evacuation Pause) 80M->13M(122M) 12.060ms
[2025-11-29T09:09:27.187+0000][4.405s][info ][gc,cpu      ] GC(2) User=0.01s Sys=0.01s Real=0.02s
[2025-11-29T09:09:27.187+0000][4.405s][info ][safepoint   ] Safepoint "G1CollectForAllocation", Time since last: 591873371 ns, Reaching safepoint: 39002 ns, Cleanup: 217264 ns, At safepoint: 12177867 ns, Total: 12434133 ns
[2025-11-29T09:09:27.651+0000][4.869s][debug][safepoint   ] Safepoint synchronization initiated using futex wait barrier. (17 threads)
[2025-11-29T09:09:27.651+0000][4.869s][info ][gc,start    ] GC(3) Pause Young (Normal) (G1 Evacuation Pause)
[2025-11-29T09:09:27.651+0000][4.869s][info ][gc,task     ] GC(3) Using 2 workers of 13 for evacuation
[2025-11-29T09:09:27.657+0000][4.875s][info ][gc,phases   ] GC(3)   Pre Evacuate Collection Set: 0.1ms
[2025-11-29T09:09:27.657+0000][4.875s][info ][gc,phases   ] GC(3)   Merge Heap Roots: 0.1ms
[2025-11-29T09:09:27.657+0000][4.875s][info ][gc,phases   ] GC(3)   Evacuate Collection Set: 4.5ms
[2025-11-29T09:09:27.657+0000][4.875s][info ][gc,phases   ] GC(3)   Post Evacuate Collection Set: 1.0ms
[2025-11-29T09:09:27.657+0000][4.875s][info ][gc,phases   ] GC(3)   Other: 0.1ms
[2025-11-29T09:09:27.657+0000][4.875s][info ][gc,heap     ] GC(3) Eden regions: 67->0(66)
[2025-11-29T09:09:27.657+0000][4.875s][info ][gc,heap     ] GC(3) Survivor regions: 5->6(9)
[2025-11-29T09:09:27.657+0000][4.875s][info ][gc,heap     ] GC(3) Old regions: 8->8
[2025-11-29T09:09:27.657+0000][4.875s][info ][gc,heap     ] GC(3) Archive regions: 2->2
[2025-11-29T09:09:27.657+0000][4.875s][info ][gc,heap     ] GC(3) Humongous regions: 0->0
[2025-11-29T09:09:27.657+0000][4.875s][info ][gc,metaspace] GC(3) Metaspace: 11028K(11392K)->11028K(11392K) NonClass: 9581K(9792K)->9581K(9792K) Class: 1447K(1600K)->1447K(1600K)
[2025-11-29T09:09:27.657+0000][4.875s][info ][gc          ] GC(3) Pause Young (Normal) (G1 Evacuation Pause) 80M->14M(122M) 5.952ms
[2025-11-29T09:09:27.657+0000][4.875s][info ][gc,cpu      ] GC(3) User=0.02s Sys=0.00s Real=0.01s
[2025-11-29T09:09:27.657+0000][4.875s][info ][safepoint   ] Safepoint "G1CollectForAllocation", Time since last: 463851333 ns, Reaching safepoint: 60723 ns, Cleanup: 75480 ns, At safepoint: 6039112 ns, Total: 6175315 ns
[2025-11-29T09:09:27.869+0000][5.087s][debug][safepoint   ] Safepoint synchronization initiated using futex wait barrier. (18 threads)
[2025-11-29T09:09:27.869+0000][5.087s][info ][safepoint   ] Safepoint "ICBufferFull", Time since last: 211225762 ns, Reaching safepoint: 42419 ns, Cleanup: 130573 ns, At safepoint: 2104 ns, Total: 175096 ns
[2025-11-29T09:09:28.059+0000][5.277s][debug][safepoint   ] Safepoint synchronization initiated using futex wait barrier. (21 threads)
[2025-11-29T09:09:28.060+0000][5.278s][info ][safepoint   ] Safepoint "ICBufferFull", Time since last: 190659378 ns, Reaching safepoint: 163804 ns, Cleanup: 133739 ns, At safepoint: 28854 ns, Total: 326397 ns
[2025-11-29T09:09:28.064+0000][5.282s][debug][safepoint   ] Safepoint synchronization initiated using futex wait barrier. (21 threads)
[2025-11-29T09:09:28.064+0000][5.282s][info ][gc,start    ] GC(4) Pause Young (Normal) (G1 Evacuation Pause)
[2025-11-29T09:09:28.064+0000][5.282s][info ][gc,task     ] GC(4) Using 4 workers of 13 for evacuation
[2025-11-29T09:09:28.070+0000][5.288s][info ][gc,phases   ] GC(4)   Pre Evacuate Collection Set: 0.1ms
[2025-11-29T09:09:28.070+0000][5.288s][info ][gc,phases   ] GC(4)   Merge Heap Roots: 0.1ms
[2025-11-29T09:09:28.070+0000][5.288s][info ][gc,phases   ] GC(4)   Evacuate Collection Set: 4.8ms
[2025-11-29T09:09:28.070+0000][5.288s][info ][gc,phases   ] GC(4)   Post Evacuate Collection Set: 0.8ms
[2025-11-29T09:09:28.070+0000][5.288s][info ][gc,phases   ] GC(4)   Other: 0.2ms
[2025-11-29T09:09:28.070+0000][5.288s][info ][gc,heap     ] GC(4) Eden regions: 66->0(66)
[2025-11-29T09:09:28.070+0000][5.288s][info ][gc,heap     ] GC(4) Survivor regions: 6->6(9)
[2025-11-29T09:09:28.070+0000][5.288s][info ][gc,heap     ] GC(4) Old regions: 8->11
[2025-11-29T09:09:28.070+0000][5.288s][info ][gc,heap     ] GC(4) Archive regions: 2->2
[2025-11-29T09:09:28.070+0000][5.288s][info ][gc,heap     ] GC(4) Humongous regions: 0->0
[2025-11-29T09:09:28.070+0000][5.288s][info ][gc,metaspace] GC(4) Metaspace: 12676K(12992K)->12676K(12992K) NonClass: 11024K(11200K)->11024K(11200K) Class: 1652K(1792K)->1652K(1792K)
[2025-11-29T09:09:28.070+0000][5.288s][info ][gc          ] GC(4) Pause Young (Normal) (G1 Evacuation Pause) 80M->16M(122M) 6.060ms
[2025-11-29T09:09:28.070+0000][5.288s][info ][gc,cpu      ] GC(4) User=0.05s Sys=0.01s Real=0.01s
[2025-11-29T09:09:28.070+0000][5.288s][info ][safepoint   ] Safepoint "G1CollectForAllocation", Time since last: 4218304 ns, Reaching safepoint: 168945 ns, Cleanup: 15239 ns, At safepoint: 6290798 ns, Total: 6474982 ns
[2025-11-29T09:09:28.247+0000][5.465s][debug][safepoint   ] Safepoint synchronization initiated using futex wait barrier. (22 threads)
[2025-11-29T09:09:28.248+0000][5.466s][info ][gc,start    ] GC(5) Pause Young (Normal) (G1 Evacuation Pause)
[2025-11-29T09:09:28.248+0000][5.466s][info ][gc,task     ] GC(5) Using 4 workers of 13 for evacuation
[2025-11-29T09:09:28.253+0000][5.471s][info ][gc,phases   ] GC(5)   Pre Evacuate Collection Set: 0.1ms
[2025-11-29T09:09:28.253+0000][5.471s][info ][gc,phases   ] GC(5)   Merge Heap Roots: 0.1ms
[2025-11-29T09:09:28.253+0000][5.471s][info ][gc,phases   ] GC(5)   Evacuate Collection Set: 3.7ms
[2025-11-29T09:09:28.253+0000][5.471s][info ][gc,phases   ] GC(5)   Post Evacuate Collection Set: 1.2ms
[2025-11-29T09:09:28.253+0000][5.471s][info ][gc,phases   ] GC(5)   Other: 0.1ms
[2025-11-29T09:09:28.253+0000][5.471s][info ][gc,heap     ] GC(5) Eden regions: 66->0(84)
[2025-11-29T09:09:28.253+0000][5.471s][info ][gc,heap     ] GC(5) Survivor regions: 6->4(9)
[2025-11-29T09:09:28.253+0000][5.471s][info ][gc,heap     ] GC(5) Old regions: 11->12
[2025-11-29T09:09:28.253+0000][5.471s][info ][gc,heap     ] GC(5) Archive regions: 2->2
[2025-11-29T09:09:28.253+0000][5.471s][info ][gc,heap     ] GC(5) Humongous regions: 0->0
[2025-11-29T09:09:28.253+0000][5.471s][info ][gc,metaspace] GC(5) Metaspace: 15091K(15424K)->15091K(15424K) NonClass: 13120K(13312K)->13120K(13312K) Class: 1970K(2112K)->1970K(2112K)
[2025-11-29T09:09:28.253+0000][5.471s][info ][gc          ] GC(5) Pause Young (Normal) (G1 Evacuation Pause) 82M->16M(147M) 5.387ms
[2025-11-29T09:09:28.253+0000][5.471s][info ][gc,cpu      ] GC(5) User=0.03s Sys=0.00s Real=0.00s
[2025-11-29T09:09:28.253+0000][5.471s][info ][safepoint   ] Safepoint "G1CollectForAllocation", Time since last: 176851500 ns, Reaching safepoint: 197577 ns, Cleanup: 72976 ns, At safepoint: 5642623 ns, Total: 5913176 ns
[2025-11-29T09:09:28.370+0000][5.588s][info ][cds,heap    ] initialize_from_archived_subgraph java.lang.Byte$ByteCache 0x0000738a1f03abf8
[2025-11-29T09:09:28.370+0000][5.588s][info ][cds,heap    ] initialize_from_archived_subgraph java.lang.Short$ShortCache 0x0000738a1f0412e8
[2025-11-29T09:09:28.481+0000][5.699s][debug][safepoint   ] Safepoint synchronization initiated using futex wait barrier. (21 threads)
[2025-11-29T09:09:28.481+0000][5.699s][info ][gc,start    ] GC(6) Pause Young (Normal) (G1 Evacuation Pause)
[2025-11-29T09:09:28.481+0000][5.699s][info ][gc,task     ] GC(6) Using 4 workers of 13 for evacuation
[2025-11-29T09:09:28.486+0000][5.704s][info ][gc,phases   ] GC(6)   Pre Evacuate Collection Set: 0.2ms
[2025-11-29T09:09:28.486+0000][5.704s][info ][gc,phases   ] GC(6)   Merge Heap Roots: 0.1ms
[2025-11-29T09:09:28.486+0000][5.704s][info ][gc,phases   ] GC(6)   Evacuate Collection Set: 3.0ms
[2025-11-29T09:09:28.486+0000][5.704s][info ][gc,phases   ] GC(6)   Post Evacuate Collection Set: 0.8ms
[2025-11-29T09:09:28.486+0000][5.704s][info ][gc,phases   ] GC(6)   Other: 0.2ms
[2025-11-29T09:09:28.486+0000][5.704s][info ][gc,heap     ] GC(6) Eden regions: 84->0(82)
[2025-11-29T09:09:28.486+0000][5.704s][info ][gc,heap     ] GC(6) Survivor regions: 4->6(11)
[2025-11-29T09:09:28.486+0000][5.704s][info ][gc,heap     ] GC(6) Old regions: 12->12
[2025-11-29T09:09:28.486+0000][5.704s][info ][gc,heap     ] GC(6) Archive regions: 2->2
[2025-11-29T09:09:28.486+0000][5.704s][info ][gc,heap     ] GC(6) Humongous regions: 0->0
[2025-11-29T09:09:28.486+0000][5.704s][info ][gc,metaspace] GC(6) Metaspace: 17442K(17792K)->17442K(17792K) NonClass: 15052K(15232K)->15052K(15232K) Class: 2390K(2560K)->2390K(2560K)
[2025-11-29T09:09:28.486+0000][5.704s][info ][gc          ] GC(6) Pause Young (Normal) (G1 Evacuation Pause) 100M->18M(147M) 4.405ms
[2025-11-29T09:09:28.486+0000][5.704s][info ][gc,cpu      ] GC(6) User=0.02s Sys=0.00s Real=0.01s
[2025-11-29T09:09:28.486+0000][5.704s][info ][safepoint   ] Safepoint "G1CollectForAllocation", Time since last: 227614100 ns, Reaching safepoint: 234927 ns, Cleanup: 182870 ns, At safepoint: 4640173 ns, Total: 5057970 ns
[2025-11-29T09:09:28.784+0000][6.002s][debug][safepoint   ] Safepoint synchronization initiated using futex wait barrier. (22 threads)
[2025-11-29T09:09:28.784+0000][6.002s][info ][gc,start    ] GC(7) Pause Young (Concurrent Start) (Metadata GC Threshold)
[2025-11-29T09:09:28.784+0000][6.002s][info ][gc,task     ] GC(7) Using 4 workers of 13 for evacuation
[2025-11-29T09:09:28.790+0000][6.008s][info ][gc,phases   ] GC(7)   Pre Evacuate Collection Set: 0.1ms
[2025-11-29T09:09:28.790+0000][6.008s][info ][gc,phases   ] GC(7)   Merge Heap Roots: 0.1ms
[2025-11-29T09:09:28.790+0000][6.008s][info ][gc,phases   ] GC(7)   Evacuate Collection Set: 4.5ms
[2025-11-29T09:09:28.790+0000][6.008s][info ][gc,phases   ] GC(7)   Post Evacuate Collection Set: 1.1ms
[2025-11-29T09:09:28.790+0000][6.008s][info ][gc,phases   ] GC(7)   Other: 0.4ms
[2025-11-29T09:09:28.790+0000][6.008s][info ][gc,heap     ] GC(7) Eden regions: 82->0(78)
[2025-11-29T09:09:28.790+0000][6.008s][info ][gc,heap     ] GC(7) Survivor regions: 6->10(11)
[2025-11-29T09:09:28.790+0000][6.008s][info ][gc,heap     ] GC(7) Old regions: 12->12
[2025-11-29T09:09:28.790+0000][6.008s][info ][gc,heap     ] GC(7) Archive regions: 2->2
[2025-11-29T09:09:28.790+0000][6.008s][info ][gc,heap     ] GC(7) Humongous regions: 0->0
[2025-11-29T09:09:28.790+0000][6.008s][info ][gc,metaspace] GC(7) Metaspace: 21166K(21504K)->21166K(21504K) NonClass: 18402K(18560K)->18402K(18560K) Class: 2763K(2944K)->2763K(2944K)
[2025-11-29T09:09:28.790+0000][6.008s][info ][gc          ] GC(7) Pause Young (Concurrent Start) (Metadata GC Threshold) 100M->22M(147M) 6.398ms
[2025-11-29T09:09:28.790+0000][6.008s][info ][gc,cpu      ] GC(7) User=0.06s Sys=0.00s Real=0.01s
[2025-11-29T09:09:28.790+0000][6.008s][info ][gc          ] GC(8) Concurrent Mark Cycle
[2025-11-29T09:09:28.791+0000][6.008s][info ][gc,marking  ] GC(8) Concurrent Clear Claimed Marks
[2025-11-29T09:09:28.791+0000][6.009s][info ][gc,marking  ] GC(8) Concurrent Clear Claimed Marks 0.052ms
[2025-11-29T09:09:28.791+0000][6.009s][info ][gc,marking  ] GC(8) Concurrent Scan Root Regions
[2025-11-29T09:09:28.791+0000][6.009s][info ][safepoint   ] Safepoint "CollectForMetadataAllocation", Time since last: 297810081 ns, Reaching safepoint: 166849 ns, Cleanup: 122689 ns, At safepoint: 6627424 ns, Total: 6916962 ns
[2025-11-29T09:09:28.793+0000][6.011s][info ][gc,marking  ] GC(8) Concurrent Scan Root Regions 2.870ms
[2025-11-29T09:09:28.793+0000][6.011s][info ][gc,marking  ] GC(8) Concurrent Mark
[2025-11-29T09:09:28.793+0000][6.011s][info ][gc,marking  ] GC(8) Concurrent Mark From Roots
[2025-11-29T09:09:28.793+0000][6.011s][info ][gc,task     ] GC(8) Using 3 workers of 3 for marking
[2025-11-29T09:09:28.799+0000][6.017s][info ][gc,marking  ] GC(8) Concurrent Mark From Roots 5.376ms
[2025-11-29T09:09:28.799+0000][6.017s][info ][gc,marking  ] GC(8) Concurrent Preclean
[2025-11-29T09:09:28.799+0000][6.017s][info ][gc,marking  ] GC(8) Concurrent Preclean 0.292ms
[2025-11-29T09:09:28.799+0000][6.017s][debug][safepoint   ] Safepoint synchronization initiated using futex wait barrier. (22 threads)
[2025-11-29T09:09:28.799+0000][6.017s][info ][gc,start    ] GC(8) Pause Remark
[2025-11-29T09:09:28.802+0000][6.020s][info ][gc          ] GC(8) Pause Remark 25M->25M(90M) 2.737ms
[2025-11-29T09:09:28.802+0000][6.020s][info ][gc,cpu      ] GC(8) User=0.02s Sys=0.00s Real=0.00s
[2025-11-29T09:09:28.802+0000][6.020s][info ][safepoint   ] Safepoint "G1PauseRemark", Time since last: 8708384 ns, Reaching safepoint: 124942 ns, Cleanup: 8426 ns, At safepoint: 2953857 ns, Total: 3087225 ns
[2025-11-29T09:09:28.802+0000][6.020s][info ][gc,marking  ] GC(8) Concurrent Mark 8.980ms
[2025-11-29T09:09:28.802+0000][6.020s][info ][gc,marking  ] GC(8) Concurrent Rebuild Remembered Sets
[2025-11-29T09:09:28.805+0000][6.023s][info ][gc,marking  ] GC(8) Concurrent Rebuild Remembered Sets 2.585ms
[2025-11-29T09:09:28.814+0000][6.032s][debug][safepoint   ] Safepoint synchronization initiated using futex wait barrier. (22 threads)
[2025-11-29T09:09:28.814+0000][6.032s][info ][gc,start    ] GC(8) Pause Cleanup
[2025-11-29T09:09:28.814+0000][6.032s][info ][gc          ] GC(8) Pause Cleanup 25M->25M(90M) 0.126ms
[2025-11-29T09:09:28.814+0000][6.032s][info ][gc,cpu      ] GC(8) User=0.00s Sys=0.00s Real=0.00s
[2025-11-29T09:09:28.815+0000][6.033s][info ][safepoint   ] Safepoint "G1PauseCleanup", Time since last: 2830946 ns, Reaching safepoint: 9124773 ns, Cleanup: 4759 ns, At safepoint: 213126 ns, Total: 9342658 ns
[2025-11-29T09:09:28.815+0000][6.033s][info ][gc,marking  ] GC(8) Concurrent Cleanup for Next Mark
[2025-11-29T09:09:28.816+0000][6.034s][info ][gc,marking  ] GC(8) Concurrent Cleanup for Next Mark 0.961ms
[2025-11-29T09:09:28.816+0000][6.034s][info ][gc          ] GC(8) Concurrent Mark Cycle 25.176ms
[2025-11-29T09:09:29.028+0000][6.246s][debug][safepoint   ] Safepoint synchronization initiated using futex wait barrier. (22 threads)
[2025-11-29T09:09:29.028+0000][6.246s][info ][gc,start    ] GC(9) Pause Young (Prepare Mixed) (G1 Preventive Collection)
[2025-11-29T09:09:29.028+0000][6.246s][info ][gc,task     ] GC(9) Using 4 workers of 13 for evacuation
[2025-11-29T09:09:29.038+0000][6.256s][info ][gc,phases   ] GC(9)   Pre Evacuate Collection Set: 0.2ms
[2025-11-29T09:09:29.038+0000][6.256s][info ][gc,phases   ] GC(9)   Merge Heap Roots: 0.1ms
[2025-11-29T09:09:29.038+0000][6.256s][info ][gc,phases   ] GC(9)   Evacuate Collection Set: 8.5ms
[2025-11-29T09:09:29.038+0000][6.256s][info ][gc,phases   ] GC(9)   Post Evacuate Collection Set: 1.0ms
[2025-11-29T09:09:29.038+0000][6.256s][info ][gc,phases   ] GC(9)   Other: 0.3ms
[2025-11-29T09:09:29.038+0000][6.256s][info ][gc,heap     ] GC(9) Eden regions: 55->0(1)
[2025-11-29T09:09:29.038+0000][6.256s][info ][gc,heap     ] GC(9) Survivor regions: 10->7(11)
[2025-11-29T09:09:29.039+0000][6.257s][info ][gc,heap     ] GC(9) Old regions: 12->18
[2025-11-29T09:09:29.039+0000][6.257s][info ][gc,heap     ] GC(9) Archive regions: 2->2
[2025-11-29T09:09:29.039+0000][6.257s][info ][gc,heap     ] GC(9) Humongous regions: 0->0
[2025-11-29T09:09:29.039+0000][6.257s][info ][gc,metaspace] GC(9) Metaspace: 23683K(24000K)->23683K(24000K) NonClass: 20567K(20736K)->20567K(20736K) Class: 3116K(3264K)->3116K(3264K)
[2025-11-29T09:09:29.039+0000][6.257s][info ][gc          ] GC(9) Pause Young (Prepare Mixed) (G1 Preventive Collection) 77M->24M(92M) 10.159ms
[2025-11-29T09:09:29.039+0000][6.257s][info ][gc,cpu      ] GC(9) User=0.05s Sys=0.02s Real=0.01s
[2025-11-29T09:09:29.039+0000][6.257s][info ][safepoint   ] Safepoint "G1CollectForAllocation", Time since last: 213341809 ns, Reaching safepoint: 389544 ns, Cleanup: 72425 ns, At safepoint: 10264165 ns, Total: 10726134 ns
[2025-11-29T09:09:29.042+0000][6.260s][debug][safepoint   ] Safepoint synchronization initiated using futex wait barrier. (22 threads)
[2025-11-29T09:09:29.042+0000][6.260s][info ][gc,start    ] GC(10) Pause Young (Mixed) (G1 Evacuation Pause)
[2025-11-29T09:09:29.042+0000][6.260s][info ][gc,task     ] GC(10) Using 4 workers of 13 for evacuation
[2025-11-29T09:09:29.046+0000][6.264s][info ][gc,phases   ] GC(10)   Pre Evacuate Collection Set: 0.1ms
[2025-11-29T09:09:29.046+0000][6.264s][info ][gc,phases   ] GC(10)   Merge Heap Roots: 0.1ms
[2025-11-29T09:09:29.046+0000][6.264s][info ][gc,phases   ] GC(10)   Evacuate Collection Set: 2.8ms
[2025-11-29T09:09:29.046+0000][6.264s][info ][gc,phases   ] GC(10)   Post Evacuate Collection Set: 1.0ms
[2025-11-29T09:09:29.046+0000][6.264s][info ][gc,phases   ] GC(10)   Other: 0.1ms
[2025-11-29T09:09:29.046+0000][6.264s][info ][gc,heap     ] GC(10) Eden regions: 1->0(49)
[2025-11-29T09:09:29.046+0000][6.264s][info ][gc,heap     ] GC(10) Survivor regions: 7->1(1)
[2025-11-29T09:09:29.046+0000][6.264s][info ][gc,heap     ] GC(10) Old regions: 18->23
[2025-11-29T09:09:29.046+0000][6.264s][info ][gc,heap     ] GC(10) Archive regions: 2->2
[2025-11-29T09:09:29.046+0000][6.264s][info ][gc,heap     ] GC(10) Humongous regions: 0->0
[2025-11-29T09:09:29.046+0000][6.264s][info ][gc,metaspace] GC(10) Metaspace: 23696K(24000K)->23696K(24000K) NonClass: 20579K(20736K)->20579K(20736K) Class: 3117K(3264K)->3117K(3264K)
[2025-11-29T09:09:29.046+0000][6.264s][info ][gc          ] GC(10) Pause Young (Mixed) (G1 Evacuation Pause) 25M->24M(92M) 4.229ms
[2025-11-29T09:09:29.046+0000][6.264s][info ][gc,cpu      ] GC(10) User=0.02s Sys=0.00s Real=0.01s
[2025-11-29T09:09:29.046+0000][6.264s][info ][safepoint   ] Safepoint "G1CollectForAllocation", Time since last: 3036397 ns, Reaching safepoint: 53489 ns, Cleanup: 3216 ns, At safepoint: 4374415 ns, Total: 4431120 ns
[2025-11-29T09:09:29.224+0000][6.442s][debug][safepoint   ] Safepoint synchronization initiated using futex wait barrier. (21 threads)
[2025-11-29T09:09:29.224+0000][6.442s][info ][gc,start    ] GC(11) Pause Young (Normal) (G1 Evacuation Pause)
[2025-11-29T09:09:29.224+0000][6.442s][info ][gc,task     ] GC(11) Using 3 workers of 13 for evacuation
[2025-11-29T09:09:29.231+0000][6.449s][info ][gc,phases   ] GC(11)   Pre Evacuate Collection Set: 0.1ms
[2025-11-29T09:09:29.231+0000][6.449s][info ][gc,phases   ] GC(11)   Merge Heap Roots: 0.1ms
[2025-11-29T09:09:29.231+0000][6.449s][info ][gc,phases   ] GC(11)   Evacuate Collection Set: 3.4ms
[2025-11-29T09:09:29.231+0000][6.449s][info ][gc,phases   ] GC(11)   Post Evacuate Collection Set: 2.9ms
[2025-11-29T09:09:29.231+0000][6.449s][info ][gc,phases   ] GC(11)   Other: 0.2ms
[2025-11-29T09:09:29.231+0000][6.449s][info ][gc,heap     ] GC(11) Eden regions: 49->0(118)
[2025-11-29T09:09:29.231+0000][6.449s][info ][gc,heap     ] GC(11) Survivor regions: 1->4(7)
[2025-11-29T09:09:29.231+0000][6.449s][info ][gc,heap     ] GC(11) Old regions: 23->23
[2025-11-29T09:09:29.231+0000][6.449s][info ][gc,heap     ] GC(11) Archive regions: 2->2
[2025-11-29T09:09:29.231+0000][6.449s][info ][gc,heap     ] GC(11) Humongous regions: 0->0
[2025-11-29T09:09:29.231+0000][6.449s][info ][gc,metaspace] GC(11) Metaspace: 25074K(25344K)->25074K(25344K) NonClass: 21797K(21952K)->21797K(21952K) Class: 3276K(3392K)->3276K(3392K)
[2025-11-29T09:09:29.231+0000][6.449s][info ][gc          ] GC(11) Pause Young (Normal) (G1 Evacuation Pause) 73M->27M(204M) 6.792ms
[2025-11-29T09:09:29.231+0000][6.449s][info ][gc,cpu      ] GC(11) User=0.03s Sys=0.00s Real=0.01s
[2025-11-29T09:09:29.231+0000][6.449s][info ][safepoint   ] Safepoint "G1CollectForAllocation", Time since last: 177950636 ns, Reaching safepoint: 41908 ns, Cleanup: 77715 ns, At safepoint: 6951526 ns, Total: 7071149 ns
[2025-11-29T09:09:29.802+0000][7.020s][debug][safepoint   ] Safepoint synchronization initiated using futex wait barrier. (16 threads)
[2025-11-29T09:09:29.802+0000][7.020s][info ][gc,start    ] GC(12) Pause Young (Normal) (G1 Evacuation Pause)
[2025-11-29T09:09:29.802+0000][7.020s][info ][gc,task     ] GC(12) Using 4 workers of 13 for evacuation
[2025-11-29T09:09:29.816+0000][7.034s][info ][gc,phases   ] GC(12)   Pre Evacuate Collection Set: 0.2ms
[2025-11-29T09:09:29.816+0000][7.034s][info ][gc,phases   ] GC(12)   Merge Heap Roots: 0.2ms
[2025-11-29T09:09:29.816+0000][7.034s][info ][gc,phases   ] GC(12)   Evacuate Collection Set: 11.5ms
[2025-11-29T09:09:29.816+0000][7.034s][info ][gc,phases   ] GC(12)   Post Evacuate Collection Set: 1.3ms
[2025-11-29T09:09:29.816+0000][7.034s][info ][gc,phases   ] GC(12)   Other: 0.1ms
[2025-11-29T09:09:29.816+0000][7.034s][info ][gc,heap     ] GC(12) Eden regions: 118->0(106)
[2025-11-29T09:09:29.816+0000][7.034s][info ][gc,heap     ] GC(12) Survivor regions: 4->16(16)
[2025-11-29T09:09:29.816+0000][7.034s][info ][gc,heap     ] GC(12) Old regions: 23->25
[2025-11-29T09:09:29.816+0000][7.034s][info ][gc,heap     ] GC(12) Archive regions: 2->2
[2025-11-29T09:09:29.816+0000][7.034s][info ][gc,heap     ] GC(12) Humongous regions: 0->0
[2025-11-29T09:09:29.816+0000][7.034s][info ][gc,metaspace] GC(12) Metaspace: 25267K(25600K)->25267K(25600K) NonClass: 21974K(22144K)->21974K(22144K) Class: 3293K(3456K)->3293K(3456K)
[2025-11-29T09:09:29.816+0000][7.034s][info ][gc          ] GC(12) Pause Young (Normal) (G1 Evacuation Pause) 145M->41M(204M) 13.371ms
[2025-11-29T09:09:29.816+0000][7.034s][info ][gc,cpu      ] GC(12) User=0.05s Sys=0.00s Real=0.01s
[2025-11-29T09:09:29.816+0000][7.034s][info ][safepoint   ] Safepoint "G1CollectForAllocation", Time since last: 570927591 ns, Reaching safepoint: 71112 ns, Cleanup: 145992 ns, At safepoint: 13465562 ns, Total: 13682666 ns
[2025-11-29T09:09:30.227+0000][7.445s][debug][safepoint   ] Safepoint synchronization initiated using futex wait barrier. (19 threads)
[2025-11-29T09:09:30.228+0000][7.446s][info ][gc,start    ] GC(13) Pause Young (Normal) (G1 Evacuation Pause)
[2025-11-29T09:09:30.228+0000][7.446s][info ][gc,task     ] GC(13) Using 4 workers of 13 for evacuation
[2025-11-29T09:09:30.240+0000][7.458s][info ][gc,phases   ] GC(13)   Pre Evacuate Collection Set: 0.1ms
[2025-11-29T09:09:30.240+0000][7.458s][info ][gc,phases   ] GC(13)   Merge Heap Roots: 0.1ms
[2025-11-29T09:09:30.240+0000][7.458s][info ][gc,phases   ] GC(13)   Evacuate Collection Set: 10.8ms
[2025-11-29T09:09:30.240+0000][7.458s][info ][gc,phases   ] GC(13)   Post Evacuate Collection Set: 1.7ms
[2025-11-29T09:09:30.240+0000][7.458s][info ][gc,phases   ] GC(13)   Other: 0.1ms
[2025-11-29T09:09:30.240+0000][7.458s][info ][gc,heap     ] GC(13) Eden regions: 106->0(103)
[2025-11-29T09:09:30.240+0000][7.458s][info ][gc,heap     ] GC(13) Survivor regions: 16->11(16)
[2025-11-29T09:09:30.240+0000][7.458s][info ][gc,heap     ] GC(13) Old regions: 25->41
[2025-11-29T09:09:30.240+0000][7.458s][info ][gc,heap     ] GC(13) Archive regions: 2->2
[2025-11-29T09:09:30.240+0000][7.458s][info ][gc,heap     ] GC(13) Humongous regions: 0->0
[2025-11-29T09:09:30.241+0000][7.459s][info ][gc,metaspace] GC(13) Metaspace: 25692K(26048K)->25692K(26048K) NonClass: 22336K(22528K)->22336K(22528K) Class: 3356K(3520K)->3356K(3520K)
[2025-11-29T09:09:30.241+0000][7.459s][info ][gc          ] GC(13) Pause Young (Normal) (G1 Evacuation Pause) 147M->51M(204M) 12.956ms
[2025-11-29T09:09:30.241+0000][7.459s][info ][gc,cpu      ] GC(13) User=0.08s Sys=0.00s Real=0.01s
[2025-11-29T09:09:30.241+0000][7.459s][info ][safepoint   ] Safepoint "G1CollectForAllocation", Time since last: 411480394 ns, Reaching safepoint: 165688 ns, Cleanup: 168764 ns, At safepoint: 13133196 ns, Total: 13467648 ns
[2025-11-29T09:09:30.655+0000][7.873s][debug][safepoint   ] Safepoint synchronization initiated using futex wait barrier. (20 threads)
[2025-11-29T09:09:30.655+0000][7.873s][info ][safepoint   ] Safepoint "ICBufferFull", Time since last: 414148754 ns, Reaching safepoint: 44903 ns, Cleanup: 138959 ns, At safepoint: 23604 ns, Total: 207466 ns
[2025-11-29T09:09:30.675+0000][7.893s][debug][safepoint   ] Safepoint synchronization initiated using futex wait barrier. (20 threads)
[2025-11-29T09:09:30.675+0000][7.893s][info ][gc,start    ] GC(14) Pause Young (Normal) (G1 Evacuation Pause)
[2025-11-29T09:09:30.675+0000][7.893s][info ][gc,task     ] GC(14) Using 4 workers of 13 for evacuation
[2025-11-29T09:09:30.683+0000][7.901s][info ][gc,phases   ] GC(14)   Pre Evacuate Collection Set: 0.1ms
[2025-11-29T09:09:30.683+0000][7.901s][info ][gc,phases   ] GC(14)   Merge Heap Roots: 0.1ms
[2025-11-29T09:09:30.683+0000][7.901s][info ][gc,phases   ] GC(14)   Evacuate Collection Set: 6.1ms
[2025-11-29T09:09:30.683+0000][7.901s][info ][gc,phases   ] GC(14)   Post Evacuate Collection Set: 1.3ms
[2025-11-29T09:09:30.683+0000][7.901s][info ][gc,phases   ] GC(14)   Other: 0.1ms
[2025-11-29T09:09:30.683+0000][7.901s][info ][gc,heap     ] GC(14) Eden regions: 103->0(103)
[2025-11-29T09:09:30.683+0000][7.901s][info ][gc,heap     ] GC(14) Survivor regions: 11->6(15)
[2025-11-29T09:09:30.683+0000][7.901s][info ][gc,heap     ] GC(14) Old regions: 41->50
[2025-11-29T09:09:30.683+0000][7.901s][info ][gc,heap     ] GC(14) Archive regions: 2->2
[2025-11-29T09:09:30.683+0000][7.901s][info ][gc,heap     ] GC(14) Humongous regions: 0->0
[2025-11-29T09:09:30.683+0000][7.901s][info ][gc,metaspace] GC(14) Metaspace: 25949K(26304K)->25949K(26304K) NonClass: 22574K(22784K)->22574K(22784K) Class: 3375K(3520K)->3375K(3520K)
[2025-11-29T09:09:30.683+0000][7.901s][info ][gc          ] GC(14) Pause Young (Normal) (G1 Evacuation Pause) 154M->56M(204M) 7.828ms
[2025-11-29T09:09:30.683+0000][7.901s][info ][gc,cpu      ] GC(14) User=0.06s Sys=0.01s Real=0.01s
[2025-11-29T09:09:30.683+0000][7.901s][info ][safepoint   ] Safepoint "G1CollectForAllocation", Time since last: 19943065 ns, Reaching safepoint: 52968 ns, Cleanup: 8196 ns, At safepoint: 8062303 ns, Total: 8123467 ns
[2025-11-29T09:09:30.993+0000][8.211s][debug][safepoint   ] Safepoint synchronization initiated using futex wait barrier. (21 threads)
[2025-11-29T09:09:30.993+0000][8.211s][info ][gc,start    ] GC(15) Pause Young (Normal) (G1 Evacuation Pause)
[2025-11-29T09:09:30.993+0000][8.211s][info ][gc,task     ] GC(15) Using 4 workers of 13 for evacuation
[2025-11-29T09:09:31.001+0000][8.219s][info ][gc,phases   ] GC(15)   Pre Evacuate Collection Set: 0.1ms
[2025-11-29T09:09:31.001+0000][8.219s][info ][gc,phases   ] GC(15)   Merge Heap Roots: 0.4ms
[2025-11-29T09:09:31.001+0000][8.219s][info ][gc,phases   ] GC(15)   Evacuate Collection Set: 4.8ms
[2025-11-29T09:09:31.001+0000][8.219s][info ][gc,phases   ] GC(15)   Post Evacuate Collection Set: 2.1ms
[2025-11-29T09:09:31.001+0000][8.219s][info ][gc,phases   ] GC(15)   Other: 0.1ms
[2025-11-29T09:09:31.001+0000][8.219s][info ][gc,heap     ] GC(15) Eden regions: 103->0(135)
[2025-11-29T09:09:31.001+0000][8.219s][info ][gc,heap     ] GC(15) Survivor regions: 6->9(14)
[2025-11-29T09:09:31.001+0000][8.219s][info ][gc,heap     ] GC(15) Old regions: 50->50
[2025-11-29T09:09:31.001+0000][8.219s][info ][gc,heap     ] GC(15) Archive regions: 2->2
[2025-11-29T09:09:31.001+0000][8.219s][info ][gc,heap     ] GC(15) Humongous regions: 0->0
[2025-11-29T09:09:31.001+0000][8.219s][info ][gc,metaspace] GC(15) Metaspace: 26508K(26816K)->26508K(26816K) NonClass: 23088K(23232K)->23088K(23232K) Class: 3420K(3584K)->3420K(3584K)
[2025-11-29T09:09:31.001+0000][8.219s][info ][gc          ] GC(15) Pause Young (Normal) (G1 Evacuation Pause) 159M->59M(245M) 7.671ms
[2025-11-29T09:09:31.001+0000][8.219s][info ][gc,cpu      ] GC(15) User=0.05s Sys=0.00s Real=0.01s
[2025-11-29T09:09:31.001+0000][8.219s][info ][safepoint   ] Safepoint "G1CollectForAllocation", Time since last: 309680078 ns, Reaching safepoint: 59701 ns, Cleanup: 122217 ns, At safepoint: 7795746 ns, Total: 7977664 ns
[2025-11-29T09:09:31.315+0000][8.533s][debug][safepoint   ] Safepoint synchronization initiated using futex wait barrier. (21 threads)
[2025-11-29T09:09:31.315+0000][8.533s][info ][gc,start    ] GC(16) Pause Young (Normal) (G1 Evacuation Pause)
[2025-11-29T09:09:31.315+0000][8.533s][info ][gc,task     ] GC(16) Using 5 workers of 13 for evacuation
[2025-11-29T09:09:31.320+0000][8.538s][info ][gc,phases   ] GC(16)   Pre Evacuate Collection Set: 0.2ms
[2025-11-29T09:09:31.320+0000][8.538s][info ][gc,phases   ] GC(16)   Merge Heap Roots: 0.1ms
[2025-11-29T09:09:31.320+0000][8.538s][info ][gc,phases   ] GC(16)   Evacuate Collection Set: 3.1ms
[2025-11-29T09:09:31.320+0000][8.538s][info ][gc,phases   ] GC(16)   Post Evacuate Collection Set: 0.9ms
[2025-11-29T09:09:31.320+0000][8.538s][info ][gc,phases   ] GC(16)   Other: 0.1ms
[2025-11-29T09:09:31.320+0000][8.538s][info ][gc,heap     ] GC(16) Eden regions: 135->0(137)
[2025-11-29T09:09:31.320+0000][8.538s][info ][gc,heap     ] GC(16) Survivor regions: 9->10(18)
[2025-11-29T09:09:31.320+0000][8.538s][info ][gc,heap     ] GC(16) Old regions: 50->50
[2025-11-29T09:09:31.320+0000][8.538s][info ][gc,heap     ] GC(16) Archive regions: 2->2
[2025-11-29T09:09:31.320+0000][8.538s][info ][gc,heap     ] GC(16) Humongous regions: 0->0
[2025-11-29T09:09:31.320+0000][8.538s][info ][gc,metaspace] GC(16) Metaspace: 27718K(27968K)->27718K(27968K) NonClass: 24203K(24320K)->24203K(24320K) Class: 3515K(3648K)->3515K(3648K)
[2025-11-29T09:09:31.320+0000][8.538s][info ][gc          ] GC(16) Pause Young (Normal) (G1 Evacuation Pause) 194M->60M(245M) 4.535ms
[2025-11-29T09:09:31.320+0000][8.538s][info ][gc,cpu      ] GC(16) User=0.03s Sys=0.00s Real=0.01s
[2025-11-29T09:09:31.320+0000][8.538s][info ][safepoint   ] Safepoint "G1CollectForAllocation", Time since last: 314148658 ns, Reaching safepoint: 145821 ns, Cleanup: 17272 ns, At safepoint: 4653545 ns, Total: 4816638 ns
[2025-11-29T09:09:31.921+0000][9.139s][debug][safepoint   ] Safepoint synchronization initiated using futex wait barrier. (20 threads)
[2025-11-29T09:09:31.922+0000][9.140s][info ][gc,start    ] GC(17) Pause Young (Normal) (G1 Evacuation Pause)
[2025-11-29T09:09:31.922+0000][9.140s][info ][gc,task     ] GC(17) Using 5 workers of 13 for evacuation
[2025-11-29T09:09:31.928+0000][9.146s][info ][gc,phases   ] GC(17)   Pre Evacuate Collection Set: 0.2ms
[2025-11-29T09:09:31.928+0000][9.146s][info ][gc,phases   ] GC(17)   Merge Heap Roots: 0.1ms
[2025-11-29T09:09:31.928+0000][9.146s][info ][gc,phases   ] GC(17)   Evacuate Collection Set: 4.2ms
[2025-11-29T09:09:31.928+0000][9.146s][info ][gc,phases   ] GC(17)   Post Evacuate Collection Set: 1.6ms
[2025-11-29T09:09:31.928+0000][9.146s][info ][gc,phases   ] GC(17)   Other: 0.1ms
[2025-11-29T09:09:31.928+0000][9.146s][info ][gc,heap     ] GC(17) Eden regions: 137->0(135)
[2025-11-29T09:09:31.928+0000][9.146s][info ][gc,heap     ] GC(17) Survivor regions: 10->12(19)
[2025-11-29T09:09:31.928+0000][9.146s][info ][gc,heap     ] GC(17) Old regions: 50->50
[2025-11-29T09:09:31.928+0000][9.146s][info ][gc,heap     ] GC(17) Archive regions: 2->2
[2025-11-29T09:09:31.928+0000][9.146s][info ][gc,heap     ] GC(17) Humongous regions: 0->0
[2025-11-29T09:09:31.928+0000][9.146s][info ][gc,metaspace] GC(17) Metaspace: 34638K(35008K)->34638K(35008K) NonClass: 30381K(30592K)->30381K(30592K) Class: 4257K(4416K)->4257K(4416K)
[2025-11-29T09:09:31.928+0000][9.146s][info ][gc          ] GC(17) Pause Young (Normal) (G1 Evacuation Pause) 197M->62M(245M) 6.385ms
[2025-11-29T09:09:31.928+0000][9.146s][info ][gc,cpu      ] GC(17) User=0.05s Sys=0.01s Real=0.01s
[2025-11-29T09:09:31.928+0000][9.146s][info ][safepoint   ] Safepoint "G1CollectForAllocation", Time since last: 601687281 ns, Reaching safepoint: 55604 ns, Cleanup: 164075 ns, At safepoint: 6526506 ns, Total: 6746185 ns
[2025-11-29T09:09:32.286+0000][9.504s][debug][safepoint   ] Safepoint synchronization initiated using futex wait barrier. (20 threads)
[2025-11-29T09:09:32.286+0000][9.504s][info ][gc,start    ] GC(18) Pause Young (Concurrent Start) (Metadata GC Threshold)
[2025-11-29T09:09:32.286+0000][9.504s][info ][gc,task     ] GC(18) Using 5 workers of 13 for evacuation
[2025-11-29T09:09:32.291+0000][9.509s][info ][gc,phases   ] GC(18)   Pre Evacuate Collection Set: 0.2ms
[2025-11-29T09:09:32.291+0000][9.509s][info ][gc,phases   ] GC(18)   Merge Heap Roots: 0.1ms
[2025-11-29T09:09:32.291+0000][9.509s][info ][gc,phases   ] GC(18)   Evacuate Collection Set: 3.8ms
[2025-11-29T09:09:32.291+0000][9.509s][info ][gc,phases   ] GC(18)   Post Evacuate Collection Set: 1.3ms
[2025-11-29T09:09:32.291+0000][9.509s][info ][gc,phases   ] GC(18)   Other: 0.1ms
[2025-11-29T09:09:32.291+0000][9.509s][info ][gc,heap     ] GC(18) Eden regions: 71->0(140)
[2025-11-29T09:09:32.291+0000][9.509s][info ][gc,heap     ] GC(18) Survivor regions: 12->7(19)
[2025-11-29T09:09:32.291+0000][9.509s][info ][gc,heap     ] GC(18) Old regions: 50->53
[2025-11-29T09:09:32.291+0000][9.509s][info ][gc,heap     ] GC(18) Archive regions: 2->2
[2025-11-29T09:09:32.291+0000][9.509s][info ][gc,heap     ] GC(18) Humongous regions: 0->0
[2025-11-29T09:09:32.291+0000][9.509s][info ][gc,metaspace] GC(18) Metaspace: 35655K(35968K)->35655K(35968K) NonClass: 31257K(31424K)->31257K(31424K) Class: 4397K(4544K)->4397K(4544K)
[2025-11-29T09:09:32.291+0000][9.509s][info ][gc          ] GC(18) Pause Young (Concurrent Start) (Metadata GC Threshold) 133M->60M(245M) 5.686ms
[2025-11-29T09:09:32.291+0000][9.509s][info ][gc,cpu      ] GC(18) User=0.03s Sys=0.00s Real=0.00s
[2025-11-29T09:09:32.292+0000][9.510s][info ][gc          ] GC(19) Concurrent Mark Cycle
[2025-11-29T09:09:32.292+0000][9.510s][info ][gc,marking  ] GC(19) Concurrent Clear Claimed Marks
[2025-11-29T09:09:32.292+0000][9.510s][info ][safepoint   ] Safepoint "CollectForMetadataAllocation", Time since last: 357374850 ns, Reaching safepoint: 136594 ns, Cleanup: 82383 ns, At safepoint: 5831304 ns, Total: 6050281 ns
[2025-11-29T09:09:32.292+0000][9.510s][info ][gc,marking  ] GC(19) Concurrent Clear Claimed Marks 0.053ms
[2025-11-29T09:09:32.292+0000][9.510s][info ][gc,marking  ] GC(19) Concurrent Scan Root Regions
[2025-11-29T09:09:32.295+0000][9.513s][info ][gc,marking  ] GC(19) Concurrent Scan Root Regions 3.164ms
[2025-11-29T09:09:32.295+0000][9.513s][info ][gc,marking  ] GC(19) Concurrent Mark
[2025-11-29T09:09:32.295+0000][9.513s][info ][gc,marking  ] GC(19) Concurrent Mark From Roots
[2025-11-29T09:09:32.295+0000][9.513s][info ][gc,task     ] GC(19) Using 3 workers of 3 for marking
[2025-11-29T09:09:32.313+0000][9.531s][info ][gc,marking  ] GC(19) Concurrent Mark From Roots 18.613ms
[2025-11-29T09:09:32.314+0000][9.531s][info ][gc,marking  ] GC(19) Concurrent Preclean
[2025-11-29T09:09:32.314+0000][9.532s][info ][gc,marking  ] GC(19) Concurrent Preclean 0.280ms
[2025-11-29T09:09:32.314+0000][9.532s][debug][safepoint   ] Safepoint synchronization initiated using futex wait barrier. (20 threads)
[2025-11-29T09:09:32.314+0000][9.532s][info ][gc,start    ] GC(19) Pause Remark
[2025-11-29T09:09:32.317+0000][9.535s][info ][gc          ] GC(19) Pause Remark 65M->65M(224M) 3.061ms
[2025-11-29T09:09:32.317+0000][9.535s][info ][gc,cpu      ] GC(19) User=0.01s Sys=0.00s Real=0.00s
[2025-11-29T09:09:32.317+0000][9.535s][info ][safepoint   ] Safepoint "G1PauseRemark", Time since last: 22273830 ns, Reaching safepoint: 123570 ns, Cleanup: 8175 ns, At safepoint: 3206443 ns, Total: 3338188 ns
[2025-11-29T09:09:32.317+0000][9.535s][info ][gc,marking  ] GC(19) Concurrent Mark 22.460ms
[2025-11-29T09:09:32.317+0000][9.535s][info ][gc,marking  ] GC(19) Concurrent Rebuild Remembered Sets
[2025-11-29T09:09:32.328+0000][9.546s][info ][gc,marking  ] GC(19) Concurrent Rebuild Remembered Sets 10.977ms
[2025-11-29T09:09:32.328+0000][9.546s][debug][safepoint   ] Safepoint synchronization initiated using futex wait barrier. (20 threads)
[2025-11-29T09:09:32.329+0000][9.547s][info ][gc,start    ] GC(19) Pause Cleanup
[2025-11-29T09:09:32.329+0000][9.547s][info ][gc          ] GC(19) Pause Cleanup 67M->67M(224M) 0.158ms
[2025-11-29T09:09:32.329+0000][9.547s][info ][gc,cpu      ] GC(19) User=0.00s Sys=0.00s Real=0.00s
[2025-11-29T09:09:32.329+0000][9.547s][info ][safepoint   ] Safepoint "G1PauseCleanup", Time since last: 11206519 ns, Reaching safepoint: 107240 ns, Cleanup: 6662 ns, At safepoint: 225620 ns, Total: 339522 ns
[2025-11-29T09:09:32.329+0000][9.547s][info ][gc,marking  ] GC(19) Concurrent Cleanup for Next Mark
[2025-11-29T09:09:32.331+0000][9.549s][info ][gc,marking  ] GC(19) Concurrent Cleanup for Next Mark 2.220ms
[2025-11-29T09:09:32.331+0000][9.549s][info ][gc          ] GC(19) Concurrent Mark Cycle 39.494ms
[2025-11-29T09:09:32.797+0000][10.015s][debug][safepoint   ] Safepoint synchronization initiated using futex wait barrier. (20 threads)
[2025-11-29T09:09:32.797+0000][10.015s][info ][gc,start    ] GC(20) Pause Young (Prepare Mixed) (G1 Evacuation Pause)
[2025-11-29T09:09:32.797+0000][10.015s][info ][gc,task     ] GC(20) Using 5 workers of 13 for evacuation
[2025-11-29T09:09:32.802+0000][10.020s][info ][gc,phases   ] GC(20)   Pre Evacuate Collection Set: 0.1ms
[2025-11-29T09:09:32.802+0000][10.020s][info ][gc,phases   ] GC(20)   Merge Heap Roots: 0.2ms
[2025-11-29T09:09:32.802+0000][10.020s][info ][gc,phases   ] GC(20)   Evacuate Collection Set: 3.4ms
[2025-11-29T09:09:32.802+0000][10.020s][info ][gc,phases   ] GC(20)   Post Evacuate Collection Set: 1.2ms
[2025-11-29T09:09:32.802+0000][10.020s][info ][gc,phases   ] GC(20)   Other: 0.1ms
[2025-11-29T09:09:32.802+0000][10.020s][info ][gc,heap     ] GC(20) Eden regions: 127->0(3)
[2025-11-29T09:09:32.802+0000][10.020s][info ][gc,heap     ] GC(20) Survivor regions: 7->8(17)
[2025-11-29T09:09:32.802+0000][10.020s][info ][gc,heap     ] GC(20) Old regions: 53->53
[2025-11-29T09:09:32.802+0000][10.020s][info ][gc,heap     ] GC(20) Archive regions: 2->2
[2025-11-29T09:09:32.802+0000][10.020s][info ][gc,heap     ] GC(20) Humongous regions: 0->0
[2025-11-29T09:09:32.802+0000][10.020s][info ][gc,metaspace] GC(20) Metaspace: 37116K(37568K)->37116K(37568K) NonClass: 32509K(32704K)->32509K(32704K) Class: 4606K(4864K)->4606K(4864K)
[2025-11-29T09:09:32.802+0000][10.020s][info ][gc          ] GC(20) Pause Young (Prepare Mixed) (G1 Evacuation Pause) 187M->61M(224M) 5.143ms
[2025-11-29T09:09:32.802+0000][10.020s][info ][gc,cpu      ] GC(20) User=0.02s Sys=0.01s Real=0.01s
[2025-11-29T09:09:32.802+0000][10.020s][info ][safepoint   ] Safepoint "G1CollectForAllocation", Time since last: 467796479 ns, Reaching safepoint: 83716 ns, Cleanup: 158023 ns, At safepoint: 5306189 ns, Total: 5547928 ns
[2025-11-29T09:09:32.821+0000][10.039s][debug][safepoint   ] Safepoint synchronization initiated using futex wait barrier. (20 threads)
[2025-11-29T09:09:32.821+0000][10.039s][info ][gc,start    ] GC(21) Pause Young (Mixed) (G1 Evacuation Pause)
[2025-11-29T09:09:32.821+0000][10.039s][info ][gc,task     ] GC(21) Using 5 workers of 13 for evacuation
[2025-11-29T09:09:32.826+0000][10.044s][info ][gc,phases   ] GC(21)   Pre Evacuate Collection Set: 0.2ms
[2025-11-29T09:09:32.826+0000][10.044s][info ][gc,phases   ] GC(21)   Merge Heap Roots: 0.1ms
[2025-11-29T09:09:32.826+0000][10.044s][info ][gc,phases   ] GC(21)   Evacuate Collection Set: 4.1ms
[2025-11-29T09:09:32.826+0000][10.044s][info ][gc,phases   ] GC(21)   Post Evacuate Collection Set: 0.9ms
[2025-11-29T09:09:32.826+0000][10.044s][info ][gc,phases   ] GC(21)   Other: 0.1ms
[2025-11-29T09:09:32.826+0000][10.044s][info ][gc,heap     ] GC(21) Eden regions: 3->0(127)
[2025-11-29T09:09:32.826+0000][10.044s][info ][gc,heap     ] GC(21) Survivor regions: 8->2(2)
[2025-11-29T09:09:32.826+0000][10.044s][info ][gc,heap     ] GC(21) Old regions: 53->59
[2025-11-29T09:09:32.826+0000][10.044s][info ][gc,heap     ] GC(21) Archive regions: 2->2
[2025-11-29T09:09:32.826+0000][10.044s][info ][gc,heap     ] GC(21) Humongous regions: 0->0
[2025-11-29T09:09:32.826+0000][10.044s][info ][gc,metaspace] GC(21) Metaspace: 37168K(37632K)->37168K(37632K) NonClass: 32556K(32768K)->32556K(32768K) Class: 4612K(4864K)->4612K(4864K)
[2025-11-29T09:09:32.826+0000][10.044s][info ][gc          ] GC(21) Pause Young (Mixed) (G1 Evacuation Pause) 64M->60M(224M) 5.448ms
[2025-11-29T09:09:32.826+0000][10.044s][info ][gc,cpu      ] GC(21) User=0.04s Sys=0.00s Real=0.01s
[2025-11-29T09:09:32.827+0000][10.045s][info ][safepoint   ] Safepoint "G1CollectForAllocation", Time since last: 18881257 ns, Reaching safepoint: 39854 ns, Cleanup: 15239 ns, At safepoint: 5576852 ns, Total: 5631945 ns
[2025-11-29T09:09:33.421+0000][10.639s][debug][safepoint   ] Safepoint synchronization initiated using futex wait barrier. (18 threads)
[2025-11-29T09:09:33.421+0000][10.639s][info ][gc,start    ] GC(22) Pause Young (Normal) (G1 Evacuation Pause)
[2025-11-29T09:09:33.421+0000][10.639s][info ][gc,task     ] GC(22) Using 5 workers of 13 for evacuation
[2025-11-29T09:09:33.425+0000][10.643s][info ][gc,phases   ] GC(22)   Pre Evacuate Collection Set: 0.2ms
[2025-11-29T09:09:33.425+0000][10.643s][info ][gc,phases   ] GC(22)   Merge Heap Roots: 0.2ms
[2025-11-29T09:09:33.425+0000][10.643s][info ][gc,phases   ] GC(22)   Evacuate Collection Set: 2.2ms
[2025-11-29T09:09:33.425+0000][10.643s][info ][gc,phases   ] GC(22)   Post Evacuate Collection Set: 0.9ms
[2025-11-29T09:09:33.425+0000][10.643s][info ][gc,phases   ] GC(22)   Other: 0.1ms
[2025-11-29T09:09:33.425+0000][10.643s][info ][gc,heap     ] GC(22) Eden regions: 127->0(127)
[2025-11-29T09:09:33.425+0000][10.643s][info ][gc,heap     ] GC(22) Survivor regions: 2->3(17)
[2025-11-29T09:09:33.425+0000][10.643s][info ][gc,heap     ] GC(22) Old regions: 59->59
[2025-11-29T09:09:33.425+0000][10.643s][info ][gc,heap     ] GC(22) Archive regions: 2->2
[2025-11-29T09:09:33.425+0000][10.643s][info ][gc,heap     ] GC(22) Humongous regions: 0->0
[2025-11-29T09:09:33.425+0000][10.643s][info ][gc,metaspace] GC(22) Metaspace: 40516K(40896K)->40516K(40896K) NonClass: 35424K(35584K)->35424K(35584K) Class: 5091K(5312K)->5091K(5312K)
[2025-11-29T09:09:33.425+0000][10.643s][info ][gc          ] GC(22) Pause Young (Normal) (G1 Evacuation Pause) 187M->61M(224M) 3.651ms
[2025-11-29T09:09:33.425+0000][10.643s][info ][gc,cpu      ] GC(22) User=0.01s Sys=0.00s Real=0.00s
[2025-11-29T09:09:33.425+0000][10.643s][info ][safepoint   ] Safepoint "G1CollectForAllocation", Time since last: 594417079 ns, Reaching safepoint: 54771 ns, Cleanup: 161441 ns, At safepoint: 3729742 ns, Total: 3945954 ns
[2025-11-29T09:09:34.203+0000][11.421s][debug][safepoint   ] Safepoint synchronization initiated using futex wait barrier. (19 threads)
[2025-11-29T09:09:34.203+0000][11.421s][info ][safepoint   ] Safepoint "ICBufferFull", Time since last: 777863823 ns, Reaching safepoint: 65672 ns, Cleanup: 195825 ns, At safepoint: 2965 ns, Total: 264462 ns
[2025-11-29T09:09:34.317+0000][11.535s][debug][safepoint   ] Safepoint synchronization initiated using futex wait barrier. (19 threads)
[2025-11-29T09:09:34.317+0000][11.535s][info ][gc,start    ] GC(23) Pause Young (Normal) (G1 Evacuation Pause)
[2025-11-29T09:09:34.317+0000][11.535s][info ][gc,task     ] GC(23) Using 5 workers of 13 for evacuation
[2025-11-29T09:09:34.321+0000][11.539s][info ][gc,phases   ] GC(23)   Pre Evacuate Collection Set: 0.2ms
[2025-11-29T09:09:34.321+0000][11.539s][info ][gc,phases   ] GC(23)   Merge Heap Roots: 0.1ms
[2025-11-29T09:09:34.322+0000][11.540s][info ][gc,phases   ] GC(23)   Evacuate Collection Set: 2.7ms
[2025-11-29T09:09:34.322+0000][11.540s][info ][gc,phases   ] GC(23)   Post Evacuate Collection Set: 1.3ms
[2025-11-29T09:09:34.322+0000][11.540s][info ][gc,phases   ] GC(23)   Other: 0.1ms
[2025-11-29T09:09:34.322+0000][11.540s][info ][gc,heap     ] GC(23) Eden regions: 127->0(125)
[2025-11-29T09:09:34.322+0000][11.540s][info ][gc,heap     ] GC(23) Survivor regions: 3->5(17)
[2025-11-29T09:09:34.322+0000][11.540s][info ][gc,heap     ] GC(23) Old regions: 59->59
[2025-11-29T09:09:34.322+0000][11.540s][info ][gc,heap     ] GC(23) Archive regions: 2->2
[2025-11-29T09:09:34.322+0000][11.540s][info ][gc,heap     ] GC(23) Humongous regions: 0->0
[2025-11-29T09:09:34.322+0000][11.540s][info ][gc,metaspace] GC(23) Metaspace: 42784K(43264K)->42784K(43264K) NonClass: 37394K(37632K)->37394K(37632K) Class: 5389K(5632K)->5389K(5632K)
[2025-11-29T09:09:34.322+0000][11.540s][info ][gc          ] GC(23) Pause Young (Normal) (G1 Evacuation Pause) 188M->63M(224M) 4.568ms
[2025-11-29T09:09:34.322+0000][11.540s][info ][gc,cpu      ] GC(23) User=0.02s Sys=0.00s Real=0.01s
[2025-11-29T09:09:34.322+0000][11.540s][info ][safepoint   ] Safepoint "G1CollectForAllocation", Time since last: 113866684 ns, Reaching safepoint: 48701 ns, Cleanup: 19706 ns, At safepoint: 4663049 ns, Total: 4731456 ns
[2025-11-29T09:09:35.105+0000][12.323s][debug][safepoint   ] Safepoint synchronization initiated using futex wait barrier. (18 threads)
[2025-11-29T09:09:35.106+0000][12.324s][info ][safepoint   ] Safepoint "ICBufferFull", Time since last: 783433636 ns, Reaching safepoint: 92763 ns, Cleanup: 306149 ns, At safepoint: 3206 ns, Total: 402118 ns
[2025-11-29T09:09:35.169+0000][12.387s][debug][safepoint   ] Safepoint synchronization initiated using futex wait barrier. (18 threads)
[2025-11-29T09:09:35.170+0000][12.388s][info ][gc,start    ] GC(24) Pause Young (Normal) (G1 Evacuation Pause)
[2025-11-29T09:09:35.170+0000][12.388s][info ][gc,task     ] GC(24) Using 5 workers of 13 for evacuation
[2025-11-29T09:09:35.174+0000][12.392s][info ][gc,phases   ] GC(24)   Pre Evacuate Collection Set: 0.2ms
[2025-11-29T09:09:35.174+0000][12.392s][info ][gc,phases   ] GC(24)   Merge Heap Roots: 0.1ms
[2025-11-29T09:09:35.174+0000][12.392s][info ][gc,phases   ] GC(24)   Evacuate Collection Set: 3.2ms
[2025-11-29T09:09:35.174+0000][12.392s][info ][gc,phases   ] GC(24)   Post Evacuate Collection Set: 1.2ms
[2025-11-29T09:09:35.174+0000][12.392s][info ][gc,phases   ] GC(24)   Other: 0.1ms
[2025-11-29T09:09:35.174+0000][12.392s][info ][gc,heap     ] GC(24) Eden regions: 125->0(124)
[2025-11-29T09:09:35.174+0000][12.392s][info ][gc,heap     ] GC(24) Survivor regions: 5->7(17)
[2025-11-29T09:09:35.174+0000][12.392s][info ][gc,heap     ] GC(24) Old regions: 59->59
[2025-11-29T09:09:35.174+0000][12.392s][info ][gc,heap     ] GC(24) Archive regions: 2->2
[2025-11-29T09:09:35.174+0000][12.392s][info ][gc,heap     ] GC(24) Humongous regions: 0->0
[2025-11-29T09:09:35.175+0000][12.393s][info ][gc,metaspace] GC(24) Metaspace: 46326K(46720K)->46326K(46720K) NonClass: 40444K(40640K)->40444K(40640K) Class: 5881K(6080K)->5881K(6080K)
[2025-11-29T09:09:35.175+0000][12.393s][info ][gc          ] GC(24) Pause Young (Normal) (G1 Evacuation Pause) 188M->65M(224M) 4.967ms
[2025-11-29T09:09:35.175+0000][12.393s][info ][gc,cpu      ] GC(24) User=0.01s Sys=0.01s Real=0.00s
[2025-11-29T09:09:35.175+0000][12.393s][info ][safepoint   ] Safepoint "G1CollectForAllocation", Time since last: 63865666 ns, Reaching safepoint: 115986 ns, Cleanup: 39814 ns, At safepoint: 5101318 ns, Total: 5257118 ns
[2025-11-29T09:09:35.988+0000][13.206s][debug][safepoint   ] Safepoint synchronization initiated using futex wait barrier. (21 threads)
[2025-11-29T09:09:35.988+0000][13.206s][info ][safepoint   ] Safepoint "ICBufferFull", Time since last: 813320980 ns, Reaching safepoint: 158896 ns, Cleanup: 174564 ns, At safepoint: 70872 ns, Total: 404332 ns
[2025-11-29T09:09:35.998+0000][13.216s][debug][safepoint   ] Safepoint synchronization initiated using futex wait barrier. (21 threads)
[2025-11-29T09:09:35.998+0000][13.216s][info ][gc,start    ] GC(25) Pause Young (Normal) (G1 Evacuation Pause)
[2025-11-29T09:09:35.998+0000][13.216s][info ][gc,task     ] GC(25) Using 5 workers of 13 for evacuation
[2025-11-29T09:09:36.005+0000][13.223s][info ][gc,phases   ] GC(25)   Pre Evacuate Collection Set: 0.2ms
[2025-11-29T09:09:36.005+0000][13.223s][info ][gc,phases   ] GC(25)   Merge Heap Roots: 0.2ms
[2025-11-29T09:09:36.005+0000][13.223s][info ][gc,phases   ] GC(25)   Evacuate Collection Set: 5.2ms
[2025-11-29T09:09:36.005+0000][13.223s][info ][gc,phases   ] GC(25)   Post Evacuate Collection Set: 1.3ms
[2025-11-29T09:09:36.005+0000][13.223s][info ][gc,phases   ] GC(25)   Other: 0.1ms
[2025-11-29T09:09:36.005+0000][13.223s][info ][gc,heap     ] GC(25) Eden regions: 124->0(121)
[2025-11-29T09:09:36.005+0000][13.223s][info ][gc,heap     ] GC(25) Survivor regions: 7->9(17)
[2025-11-29T09:09:36.005+0000][13.223s][info ][gc,heap     ] GC(25) Old regions: 59->59
[2025-11-29T09:09:36.005+0000][13.223s][info ][gc,heap     ] GC(25) Archive regions: 2->2
[2025-11-29T09:09:36.005+0000][13.223s][info ][gc,heap     ] GC(25) Humongous regions: 0->0
[2025-11-29T09:09:36.005+0000][13.223s][info ][gc,metaspace] GC(25) Metaspace: 50595K(51072K)->50595K(51072K) NonClass: 44145K(44416K)->44145K(44416K) Class: 6450K(6656K)->6450K(6656K)
[2025-11-29T09:09:36.005+0000][13.223s][info ][gc          ] GC(25) Pause Young (Normal) (G1 Evacuation Pause) 189M->67M(224M) 7.188ms
[2025-11-29T09:09:36.005+0000][13.223s][info ][gc,cpu      ] GC(25) User=0.04s Sys=0.00s Real=0.01s
[2025-11-29T09:09:36.005+0000][13.223s][info ][safepoint   ] Safepoint "G1CollectForAllocation", Time since last: 9355570 ns, Reaching safepoint: 306190 ns, Cleanup: 11792 ns, At safepoint: 7332778 ns, Total: 7650760 ns
[2025-11-29T09:09:37.724+0000][14.942s][debug][safepoint   ] Safepoint synchronization initiated using futex wait barrier. (24 threads)
[2025-11-29T09:09:37.724+0000][14.942s][info ][safepoint   ] Safepoint "Cleanup", Time since last: 1718762021 ns, Reaching safepoint: 61905 ns, Cleanup: 149689 ns, At safepoint: 2905 ns, Total: 214499 ns
[2025-11-29T09:09:37.885+0000][15.103s][debug][safepoint   ] Safepoint synchronization initiated using futex wait barrier. (18 threads)
[2025-11-29T09:09:37.885+0000][15.103s][info ][safepoint   ] Safepoint "ICBufferFull", Time since last: 160408049 ns, Reaching safepoint: 176168 ns, Cleanup: 121756 ns, At safepoint: 24085 ns, Total: 322009 ns
[2025-11-29T09:09:38.136+0000][15.354s][debug][safepoint   ] Safepoint synchronization initiated using futex wait barrier. (24 threads)
[2025-11-29T09:09:38.136+0000][15.355s][info ][gc,start    ] GC(26) Pause Young (Normal) (G1 Evacuation Pause)
[2025-11-29T09:09:38.137+0000][15.355s][info ][gc,task     ] GC(26) Using 5 workers of 13 for evacuation
[2025-11-29T09:09:38.143+0000][15.361s][info ][gc,phases   ] GC(26)   Pre Evacuate Collection Set: 0.2ms
[2025-11-29T09:09:38.144+0000][15.362s][info ][gc,phases   ] GC(26)   Merge Heap Roots: 0.1ms
[2025-11-29T09:09:38.144+0000][15.362s][info ][gc,phases   ] GC(26)   Evacuate Collection Set: 5.5ms
[2025-11-29T09:09:38.144+0000][15.362s][info ][gc,phases   ] GC(26)   Post Evacuate Collection Set: 1.0ms
[2025-11-29T09:09:38.144+0000][15.362s][info ][gc,phases   ] GC(26)   Other: 0.1ms
[2025-11-29T09:09:38.144+0000][15.362s][info ][gc,heap     ] GC(26) Eden regions: 121->0(116)
[2025-11-29T09:09:38.144+0000][15.362s][info ][gc,heap     ] GC(26) Survivor regions: 9->12(17)
[2025-11-29T09:09:38.144+0000][15.362s][info ][gc,heap     ] GC(26) Old regions: 59->59
[2025-11-29T09:09:38.144+0000][15.362s][info ][gc,heap     ] GC(26) Archive regions: 2->2
[2025-11-29T09:09:38.144+0000][15.362s][info ][gc,heap     ] GC(26) Humongous regions: 0->0
[2025-11-29T09:09:38.144+0000][15.362s][info ][gc,metaspace] GC(26) Metaspace: 56503K(56960K)->56503K(56960K) NonClass: 49361K(49600K)->49361K(49600K) Class: 7141K(7360K)->7141K(7360K)
[2025-11-29T09:09:38.144+0000][15.362s][info ][gc          ] GC(26) Pause Young (Normal) (G1 Evacuation Pause) 188M->71M(224M) 7.137ms
[2025-11-29T09:09:38.144+0000][15.362s][info ][gc,cpu      ] GC(26) User=0.07s Sys=0.00s Real=0.01s
[2025-11-29T09:09:38.144+0000][15.362s][info ][safepoint   ] Safepoint "G1CollectForAllocation", Time since last: 251127136 ns, Reaching safepoint: 174510 ns, Cleanup: 103472 ns, At safepoint: 7324538 ns, Total: 7602520 ns
[2025-11-29T09:09:38.649+0000][15.867s][debug][safepoint   ] Safepoint synchronization initiated using futex wait barrier. (20 threads)
[2025-11-29T09:09:38.649+0000][15.867s][info ][gc,start    ] GC(27) Pause Young (Concurrent Start) (Metadata GC Threshold)
[2025-11-29T09:09:38.649+0000][15.867s][info ][gc,task     ] GC(27) Using 5 workers of 13 for evacuation
[2025-11-29T09:09:38.657+0000][15.875s][info ][gc,phases   ] GC(27)   Pre Evacuate Collection Set: 0.2ms
[2025-11-29T09:09:38.657+0000][15.875s][info ][gc,phases   ] GC(27)   Merge Heap Roots: 0.1ms
[2025-11-29T09:09:38.657+0000][15.875s][info ][gc,phases   ] GC(27)   Evacuate Collection Set: 5.9ms
[2025-11-29T09:09:38.657+0000][15.875s][info ][gc,phases   ] GC(27)   Post Evacuate Collection Set: 1.1ms
[2025-11-29T09:09:38.657+0000][15.875s][info ][gc,phases   ] GC(27)   Other: 0.1ms
[2025-11-29T09:09:38.657+0000][15.875s][info ][gc,heap     ] GC(27) Eden regions: 110->0(119)
[2025-11-29T09:09:38.657+0000][15.875s][info ][gc,heap     ] GC(27) Survivor regions: 12->9(16)
[2025-11-29T09:09:38.657+0000][15.875s][info ][gc,heap     ] GC(27) Old regions: 59->62
[2025-11-29T09:09:38.657+0000][15.875s][info ][gc,heap     ] GC(27) Archive regions: 2->2
[2025-11-29T09:09:38.657+0000][15.875s][info ][gc,heap     ] GC(27) Humongous regions: 0->0
[2025-11-29T09:09:38.657+0000][15.875s][info ][gc,metaspace] GC(27) Metaspace: 59659K(60096K)->59659K(60096K) NonClass: 52055K(52288K)->52055K(52288K) Class: 7603K(7808K)->7603K(7808K)
[2025-11-29T09:09:38.657+0000][15.875s][info ][gc          ] GC(27) Pause Young (Concurrent Start) (Metadata GC Threshold) 181M->71M(224M) 7.576ms
[2025-11-29T09:09:38.657+0000][15.875s][info ][gc,cpu      ] GC(27) User=0.04s Sys=0.00s Real=0.00s
[2025-11-29T09:09:38.657+0000][15.875s][info ][gc          ] GC(28) Concurrent Mark Cycle
[2025-11-29T09:09:38.657+0000][15.875s][info ][gc,marking  ] GC(28) Concurrent Clear Claimed Marks
[2025-11-29T09:09:38.657+0000][15.875s][info ][safepoint   ] Safepoint "CollectForMetadataAllocation", Time since last: 505472819 ns, Reaching safepoint: 43882 ns, Cleanup: 48821 ns, At safepoint: 7773137 ns, Total: 7865840 ns
[2025-11-29T09:09:38.657+0000][15.875s][info ][gc,marking  ] GC(28) Concurrent Clear Claimed Marks 0.090ms
[2025-11-29T09:09:38.657+0000][15.875s][info ][gc,marking  ] GC(28) Concurrent Scan Root Regions
[2025-11-29T09:09:38.661+0000][15.880s][info ][gc,marking  ] GC(28) Concurrent Scan Root Regions 4.314ms
[2025-11-29T09:09:38.662+0000][15.880s][info ][gc,marking  ] GC(28) Concurrent Mark
[2025-11-29T09:09:38.662+0000][15.880s][info ][gc,marking  ] GC(28) Concurrent Mark From Roots
[2025-11-29T09:09:38.662+0000][15.880s][info ][gc,task     ] GC(28) Using 3 workers of 3 for marking
[2025-11-29T09:09:38.692+0000][15.910s][info ][gc,marking  ] GC(28) Concurrent Mark From Roots 30.041ms
[2025-11-29T09:09:38.692+0000][15.910s][info ][gc,marking  ] GC(28) Concurrent Preclean
[2025-11-29T09:09:38.692+0000][15.910s][info ][gc,marking  ] GC(28) Concurrent Preclean 0.231ms
[2025-11-29T09:09:38.692+0000][15.910s][debug][safepoint   ] Safepoint synchronization initiated using futex wait barrier. (20 threads)
[2025-11-29T09:09:38.692+0000][15.910s][info ][gc,start    ] GC(28) Pause Remark
[2025-11-29T09:09:38.696+0000][15.914s][info ][gc          ] GC(28) Pause Remark 77M->77M(224M) 3.762ms
[2025-11-29T09:09:38.696+0000][15.914s][info ][gc,cpu      ] GC(28) User=0.01s Sys=0.00s Real=0.00s
[2025-11-29T09:09:38.696+0000][15.914s][info ][safepoint   ] Safepoint "G1PauseRemark", Time since last: 34789905 ns, Reaching safepoint: 117839 ns, Cleanup: 12203 ns, At safepoint: 3913704 ns, Total: 4043746 ns
[2025-11-29T09:09:38.696+0000][15.914s][info ][gc,marking  ] GC(28) Concurrent Mark 34.497ms
[2025-11-29T09:09:38.696+0000][15.914s][info ][gc,marking  ] GC(28) Concurrent Rebuild Remembered Sets
[2025-11-29T09:09:38.712+0000][15.930s][info ][gc,marking  ] GC(28) Concurrent Rebuild Remembered Sets 16.381ms
[2025-11-29T09:09:38.713+0000][15.931s][debug][safepoint   ] Safepoint synchronization initiated using futex wait barrier. (20 threads)
[2025-11-29T09:09:38.713+0000][15.931s][info ][gc,start    ] GC(28) Pause Cleanup
[2025-11-29T09:09:38.713+0000][15.931s][info ][gc          ] GC(28) Pause Cleanup 81M->81M(224M) 0.284ms
[2025-11-29T09:09:38.713+0000][15.931s][info ][gc,cpu      ] GC(28) User=0.00s Sys=0.00s Real=0.00s
[2025-11-29T09:09:38.713+0000][15.931s][info ][safepoint   ] Safepoint "G1PauseCleanup", Time since last: 16581174 ns, Reaching safepoint: 126906 ns, Cleanup: 2905 ns, At safepoint: 355942 ns, Total: 485753 ns
[2025-11-29T09:09:38.713+0000][15.931s][info ][gc,marking  ] GC(28) Concurrent Cleanup for Next Mark
[2025-11-29T09:09:38.715+0000][15.933s][info ][gc,marking  ] GC(28) Concurrent Cleanup for Next Mark 1.924ms
[2025-11-29T09:09:38.715+0000][15.933s][info ][gc          ] GC(28) Concurrent Mark Cycle 58.076ms
[2025-11-29T09:09:39.310+0000][16.528s][debug][safepoint   ] Safepoint synchronization initiated using futex wait barrier. (21 threads)
[2025-11-29T09:09:39.311+0000][16.529s][info ][gc,start    ] GC(29) Pause Young (Prepare Mixed) (G1 Evacuation Pause)
[2025-11-29T09:09:39.311+0000][16.529s][info ][gc,task     ] GC(29) Using 5 workers of 13 for evacuation
[2025-11-29T09:09:39.317+0000][16.535s][info ][gc,phases   ] GC(29)   Pre Evacuate Collection Set: 0.2ms
[2025-11-29T09:09:39.317+0000][16.535s][info ][gc,phases   ] GC(29)   Merge Heap Roots: 0.2ms
[2025-11-29T09:09:39.317+0000][16.535s][info ][gc,phases   ] GC(29)   Evacuate Collection Set: 4.8ms
[2025-11-29T09:09:39.317+0000][16.535s][info ][gc,phases   ] GC(29)   Post Evacuate Collection Set: 1.3ms
[2025-11-29T09:09:39.317+0000][16.535s][info ][gc,phases   ] GC(29)   Other: 0.1ms
[2025-11-29T09:09:39.317+0000][16.535s][info ][gc,heap     ] GC(29) Eden regions: 119->0(2)
[2025-11-29T09:09:39.317+0000][16.535s][info ][gc,heap     ] GC(29) Survivor regions: 9->9(16)
[2025-11-29T09:09:39.317+0000][16.535s][info ][gc,heap     ] GC(29) Old regions: 62->64
[2025-11-29T09:09:39.317+0000][16.535s][info ][gc,heap     ] GC(29) Archive regions: 2->2
[2025-11-29T09:09:39.317+0000][16.535s][info ][gc,heap     ] GC(29) Humongous regions: 0->0
[2025-11-29T09:09:39.317+0000][16.535s][info ][gc,metaspace] GC(29) Metaspace: 63849K(64384K)->63849K(64384K) NonClass: 55701K(56000K)->55701K(56000K) Class: 8148K(8384K)->8148K(8384K)
[2025-11-29T09:09:39.317+0000][16.535s][info ][gc          ] GC(29) Pause Young (Prepare Mixed) (G1 Evacuation Pause) 190M->72M(224M) 6.713ms
[2025-11-29T09:09:39.317+0000][16.535s][info ][gc,cpu      ] GC(29) User=0.02s Sys=0.00s Real=0.01s
[2025-11-29T09:09:39.318+0000][16.536s][info ][safepoint   ] Safepoint "G1CollectForAllocation", Time since last: 596831226 ns, Reaching safepoint: 40946 ns, Cleanup: 794437 ns, At safepoint: 6843858 ns, Total: 7679241 ns
[2025-11-29T09:09:39.326+0000][16.544s][debug][safepoint   ] Safepoint synchronization initiated using futex wait barrier. (21 threads)
[2025-11-29T09:09:39.326+0000][16.544s][info ][gc,start    ] GC(30) Pause Young (Mixed) (G1 Evacuation Pause)
[2025-11-29T09:09:39.326+0000][16.544s][info ][gc,task     ] GC(30) Using 5 workers of 13 for evacuation
[2025-11-29T09:09:39.333+0000][16.551s][info ][gc,phases   ] GC(30)   Pre Evacuate Collection Set: 0.2ms
[2025-11-29T09:09:39.333+0000][16.551s][info ][gc,phases   ] GC(30)   Merge Heap Roots: 0.2ms
[2025-11-29T09:09:39.333+0000][16.551s][info ][gc,phases   ] GC(30)   Evacuate Collection Set: 4.9ms
[2025-11-29T09:09:39.333+0000][16.551s][info ][gc,phases   ] GC(30)   Post Evacuate Collection Set: 1.1ms
[2025-11-29T09:09:39.333+0000][16.551s][info ][gc,phases   ] GC(30)   Other: 0.1ms
[2025-11-29T09:09:39.333+0000][16.551s][info ][gc,heap     ] GC(30) Eden regions: 2->0(120)
[2025-11-29T09:09:39.333+0000][16.551s][info ][gc,heap     ] GC(30) Survivor regions: 9->2(2)
[2025-11-29T09:09:39.333+0000][16.551s][info ][gc,heap     ] GC(30) Old regions: 64->70
[2025-11-29T09:09:39.333+0000][16.551s][info ][gc,heap     ] GC(30) Archive regions: 2->2
[2025-11-29T09:09:39.333+0000][16.551s][info ][gc,heap     ] GC(30) Humongous regions: 0->0
[2025-11-29T09:09:39.333+0000][16.551s][info ][gc,metaspace] GC(30) Metaspace: 63891K(64384K)->63891K(64384K) NonClass: 55736K(56000K)->55736K(56000K) Class: 8154K(8384K)->8154K(8384K)
[2025-11-29T09:09:39.333+0000][16.551s][info ][gc          ] GC(30) Pause Young (Mixed) (G1 Evacuation Pause) 74M->72M(224M) 6.583ms
[2025-11-29T09:09:39.333+0000][16.551s][info ][gc,cpu      ] GC(30) User=0.03s Sys=0.00s Real=0.00s
[2025-11-29T09:09:39.333+0000][16.551s][info ][safepoint   ] Safepoint "G1CollectForAllocation", Time since last: 8791181 ns, Reaching safepoint: 38812 ns, Cleanup: 2705 ns, At safepoint: 6905404 ns, Total: 6946921 ns
[2025-11-29T09:09:39.686+0000][16.904s][debug][safepoint   ] Safepoint synchronization initiated using futex wait barrier. (21 threads)
[2025-11-29T09:09:39.686+0000][16.904s][info ][gc,start    ] GC(31) Pause Young (Normal) (G1 Evacuation Pause)
[2025-11-29T09:09:39.686+0000][16.904s][info ][gc,task     ] GC(31) Using 5 workers of 13 for evacuation
[2025-11-29T09:09:39.689+0000][16.907s][info ][gc,phases   ] GC(31)   Pre Evacuate Collection Set: 0.2ms
[2025-11-29T09:09:39.689+0000][16.907s][info ][gc,phases   ] GC(31)   Merge Heap Roots: 0.2ms
[2025-11-29T09:09:39.689+0000][16.907s][info ][gc,phases   ] GC(31)   Evacuate Collection Set: 1.6ms
[2025-11-29T09:09:39.689+0000][16.907s][info ][gc,phases   ] GC(31)   Post Evacuate Collection Set: 1.2ms
[2025-11-29T09:09:39.689+0000][16.907s][info ][gc,phases   ] GC(31)   Other: 0.1ms
[2025-11-29T09:09:39.689+0000][16.907s][info ][gc,heap     ] GC(31) Eden regions: 120->0(121)
[2025-11-29T09:09:39.689+0000][16.907s][info ][gc,heap     ] GC(31) Survivor regions: 2->1(16)
[2025-11-29T09:09:39.689+0000][16.907s][info ][gc,heap     ] GC(31) Old regions: 70->70
[2025-11-29T09:09:39.689+0000][16.907s][info ][gc,heap     ] GC(31) Archive regions: 2->2
[2025-11-29T09:09:39.689+0000][16.907s][info ][gc,heap     ] GC(31) Humongous regions: 0->0
[2025-11-29T09:09:39.689+0000][16.907s][info ][gc,metaspace] GC(31) Metaspace: 65693K(66176K)->65693K(66176K) NonClass: 57183K(57472K)->57183K(57472K) Class: 8510K(8704K)->8510K(8704K)
[2025-11-29T09:09:39.689+0000][16.907s][info ][gc          ] GC(31) Pause Young (Normal) (G1 Evacuation Pause) 192M->71M(224M) 3.378ms
[2025-11-29T09:09:39.689+0000][16.907s][info ][gc,cpu      ] GC(31) User=0.00s Sys=0.00s Real=0.00s
[2025-11-29T09:09:39.689+0000][16.907s][info ][safepoint   ] Safepoint "G1CollectForAllocation", Time since last: 352636907 ns, Reaching safepoint: 48390 ns, Cleanup: 18314 ns, At safepoint: 3457356 ns, Total: 3524060 ns
[2025-11-29T09:09:40.205+0000][17.423s][debug][safepoint   ] Safepoint synchronization initiated using futex wait barrier. (24 threads)
[2025-11-29T09:09:40.206+0000][17.424s][info ][safepoint   ] Safepoint "ICBufferFull", Time since last: 516002041 ns, Reaching safepoint: 76913 ns, Cleanup: 226922 ns, At safepoint: 76913 ns, Total: 380748 ns
[2025-11-29T09:09:40.434+0000][17.652s][debug][safepoint   ] Safepoint synchronization initiated using futex wait barrier. (29 threads)
[2025-11-29T09:09:40.434+0000][17.652s][info ][gc,start    ] GC(32) Pause Young (Normal) (G1 Evacuation Pause)
[2025-11-29T09:09:40.434+0000][17.652s][info ][gc,task     ] GC(32) Using 5 workers of 13 for evacuation
[2025-11-29T09:09:40.438+0000][17.656s][info ][gc,phases   ] GC(32)   Pre Evacuate Collection Set: 0.2ms
[2025-11-29T09:09:40.438+0000][17.656s][info ][gc,phases   ] GC(32)   Merge Heap Roots: 0.1ms
[2025-11-29T09:09:40.438+0000][17.656s][info ][gc,phases   ] GC(32)   Evacuate Collection Set: 2.4ms
[2025-11-29T09:09:40.438+0000][17.656s][info ][gc,phases   ] GC(32)   Post Evacuate Collection Set: 1.0ms
[2025-11-29T09:09:40.438+0000][17.656s][info ][gc,phases   ] GC(32)   Other: 0.1ms
[2025-11-29T09:09:40.438+0000][17.656s][info ][gc,heap     ] GC(32) Eden regions: 121->0(118)
[2025-11-29T09:09:40.438+0000][17.656s][info ][gc,heap     ] GC(32) Survivor regions: 1->4(16)
[2025-11-29T09:09:40.438+0000][17.656s][info ][gc,heap     ] GC(32) Old regions: 70->70
[2025-11-29T09:09:40.438+0000][17.656s][info ][gc,heap     ] GC(32) Archive regions: 2->2
[2025-11-29T09:09:40.438+0000][17.656s][info ][gc,heap     ] GC(32) Humongous regions: 0->0
[2025-11-29T09:09:40.438+0000][17.656s][info ][gc,metaspace] GC(32) Metaspace: 69817K(70336K)->69817K(70336K) NonClass: 60811K(61120K)->60811K(61120K) Class: 9005K(9216K)->9005K(9216K)
[2025-11-29T09:09:40.438+0000][17.656s][info ][gc          ] GC(32) Pause Young (Normal) (G1 Evacuation Pause) 192M->74M(224M) 3.926ms
[2025-11-29T09:09:40.438+0000][17.656s][info ][gc,cpu      ] GC(32) User=0.03s Sys=0.00s Real=0.01s
[2025-11-29T09:09:40.438+0000][17.656s][info ][safepoint   ] Safepoint "G1CollectForAllocation", Time since last: 228174918 ns, Reaching safepoint: 51315 ns, Cleanup: 118380 ns, At safepoint: 4145791 ns, Total: 4315486 ns
[2025-11-29T09:09:41.177+0000][18.395s][debug][safepoint   ] Safepoint synchronization initiated using futex wait barrier. (29 threads)
[2025-11-29T09:09:41.177+0000][18.395s][info ][safepoint   ] Safepoint "ICBufferFull", Time since last: 738237343 ns, Reaching safepoint: 174653 ns, Cleanup: 250589 ns, At safepoint: 183964 ns, Total: 609206 ns
[2025-11-29T09:09:41.332+0000][18.550s][debug][safepoint   ] Safepoint synchronization initiated using futex wait barrier. (29 threads)
[2025-11-29T09:09:41.332+0000][18.550s][info ][gc,start    ] GC(33) Pause Young (Normal) (G1 Evacuation Pause)
[2025-11-29T09:09:41.332+0000][18.550s][info ][gc,task     ] GC(33) Using 5 workers of 13 for evacuation
[2025-11-29T09:09:41.337+0000][18.555s][info ][gc,phases   ] GC(33)   Pre Evacuate Collection Set: 0.2ms
[2025-11-29T09:09:41.337+0000][18.555s][info ][gc,phases   ] GC(33)   Merge Heap Roots: 0.2ms
[2025-11-29T09:09:41.337+0000][18.555s][info ][gc,phases   ] GC(33)   Evacuate Collection Set: 3.7ms
[2025-11-29T09:09:41.337+0000][18.555s][info ][gc,phases   ] GC(33)   Post Evacuate Collection Set: 1.1ms
[2025-11-29T09:09:41.337+0000][18.555s][info ][gc,phases   ] GC(33)   Other: 0.1ms
[2025-11-29T09:09:41.337+0000][18.555s][info ][gc,heap     ] GC(33) Eden regions: 118->0(114)
[2025-11-29T09:09:41.337+0000][18.555s][info ][gc,heap     ] GC(33) Survivor regions: 4->7(16)
[2025-11-29T09:09:41.337+0000][18.555s][info ][gc,heap     ] GC(33) Old regions: 70->70
[2025-11-29T09:09:41.337+0000][18.555s][info ][gc,heap     ] GC(33) Archive regions: 2->2
[2025-11-29T09:09:41.337+0000][18.555s][info ][gc,heap     ] GC(33) Humongous regions: 0->0
[2025-11-29T09:09:41.337+0000][18.555s][info ][gc,metaspace] GC(33) Metaspace: 72216K(72832K)->72216K(72832K) NonClass: 62910K(63232K)->62910K(63232K) Class: 9306K(9600K)->9306K(9600K)
[2025-11-29T09:09:41.337+0000][18.555s][info ][gc          ] GC(33) Pause Young (Normal) (G1 Evacuation Pause) 192M->77M(224M) 5.349ms
[2025-11-29T09:09:41.337+0000][18.555s][info ][gc,cpu      ] GC(33) User=0.04s Sys=0.00s Real=0.01s
[2025-11-29T09:09:41.337+0000][18.555s][info ][safepoint   ] Safepoint "G1CollectForAllocation", Time since last: 154466725 ns, Reaching safepoint: 56414 ns, Cleanup: 23939 ns, At safepoint: 5504839 ns, Total: 5585192 ns
[2025-11-29T09:09:41.540+0000][18.758s][debug][safepoint   ] Safepoint synchronization initiated using futex wait barrier. (27 threads)
[2025-11-29T09:09:41.540+0000][18.758s][info ][safepoint   ] Safepoint "ICBufferFull", Time since last: 202645625 ns, Reaching safepoint: 51319 ns, Cleanup: 117110 ns, At safepoint: 1695 ns, Total: 170124 ns
[2025-11-29T09:09:42.012+0000][19.230s][debug][safepoint   ] Safepoint synchronization initiated using futex wait barrier. (24 threads)
[2025-11-29T09:09:42.012+0000][19.230s][info ][gc,start    ] GC(34) Pause Young (Normal) (G1 Evacuation Pause)
[2025-11-29T09:09:42.012+0000][19.230s][info ][gc,task     ] GC(34) Using 5 workers of 13 for evacuation
[2025-11-29T09:09:42.018+0000][19.236s][info ][gc,phases   ] GC(34)   Pre Evacuate Collection Set: 0.2ms
[2025-11-29T09:09:42.018+0000][19.236s][info ][gc,phases   ] GC(34)   Merge Heap Roots: 0.1ms
[2025-11-29T09:09:42.018+0000][19.236s][info ][gc,phases   ] GC(34)   Evacuate Collection Set: 4.0ms
[2025-11-29T09:09:42.018+0000][19.236s][info ][gc,phases   ] GC(34)   Post Evacuate Collection Set: 1.4ms
[2025-11-29T09:09:42.018+0000][19.236s][info ][gc,phases   ] GC(34)   Other: 0.1ms
[2025-11-29T09:09:42.018+0000][19.236s][info ][gc,heap     ] GC(34) Eden regions: 114->0(113)
[2025-11-29T09:09:42.018+0000][19.236s][info ][gc,heap     ] GC(34) Survivor regions: 7->8(16)
[2025-11-29T09:09:42.018+0000][19.236s][info ][gc,heap     ] GC(34) Old regions: 70->70
[2025-11-29T09:09:42.018+0000][19.236s][info ][gc,heap     ] GC(34) Archive regions: 2->2
[2025-11-29T09:09:42.018+0000][19.236s][info ][gc,heap     ] GC(34) Humongous regions: 0->0
[2025-11-29T09:09:42.018+0000][19.236s][info ][gc,metaspace] GC(34) Metaspace: 76451K(76992K)->76451K(76992K) NonClass: 66507K(66752K)->66507K(66752K) Class: 9943K(10240K)->9943K(10240K)
[2025-11-29T09:09:42.018+0000][19.236s][info ][gc          ] GC(34) Pause Young (Normal) (G1 Evacuation Pause) 191M->78M(224M) 6.005ms
[2025-11-29T09:09:42.018+0000][19.237s][info ][gc,cpu      ] GC(34) User=0.02s Sys=0.00s Real=0.01s
[2025-11-29T09:09:42.019+0000][19.237s][info ][safepoint   ] Safepoint "G1CollectForAllocation", Time since last: 472257722 ns, Reaching safepoint: 50136 ns, Cleanup: 114452 ns, At safepoint: 6087005 ns, Total: 6251593 ns
[2025-11-29T09:09:42.458+0000][19.676s][debug][safepoint   ] Safepoint synchronization initiated using futex wait barrier. (22 threads)
[2025-11-29T09:09:42.458+0000][19.676s][info ][gc,start    ] GC(35) Pause Young (Normal) (G1 Evacuation Pause)
[2025-11-29T09:09:42.458+0000][19.676s][info ][gc,task     ] GC(35) Using 5 workers of 13 for evacuation
[2025-11-29T09:09:42.464+0000][19.682s][info ][gc,phases   ] GC(35)   Pre Evacuate Collection Set: 0.1ms
[2025-11-29T09:09:42.464+0000][19.682s][info ][gc,phases   ] GC(35)   Merge Heap Roots: 0.1ms
[2025-11-29T09:09:42.464+0000][19.682s][info ][gc,phases   ] GC(35)   Evacuate Collection Set: 3.8ms
[2025-11-29T09:09:42.464+0000][19.682s][info ][gc,phases   ] GC(35)   Post Evacuate Collection Set: 1.1ms
[2025-11-29T09:09:42.464+0000][19.682s][info ][gc,phases   ] GC(35)   Other: 0.1ms
[2025-11-29T09:09:42.464+0000][19.682s][info ][gc,heap     ] GC(35) Eden regions: 113->0(111)
[2025-11-29T09:09:42.464+0000][19.682s][info ][gc,heap     ] GC(35) Survivor regions: 8->9(16)
[2025-11-29T09:09:42.464+0000][19.682s][info ][gc,heap     ] GC(35) Old regions: 70->70
[2025-11-29T09:09:42.464+0000][19.682s][info ][gc,heap     ] GC(35) Archive regions: 2->2
[2025-11-29T09:09:42.464+0000][19.682s][info ][gc,heap     ] GC(35) Humongous regions: 0->0
[2025-11-29T09:09:42.464+0000][19.682s][info ][gc,metaspace] GC(35) Metaspace: 79035K(79552K)->79035K(79552K) NonClass: 68662K(68928K)->68662K(68928K) Class: 10372K(10624K)->10372K(10624K)
[2025-11-29T09:09:42.464+0000][19.682s][info ][gc          ] GC(35) Pause Young (Normal) (G1 Evacuation Pause) 191M->79M(224M) 5.382ms
[2025-11-29T09:09:42.464+0000][19.682s][info ][gc,cpu      ] GC(35) User=0.02s Sys=0.00s Real=0.00s
[2025-11-29T09:09:42.464+0000][19.682s][info ][safepoint   ] Safepoint "G1CollectForAllocation", Time since last: 439577141 ns, Reaching safepoint: 40936 ns, Cleanup: 60032 ns, At safepoint: 5454634 ns, Total: 5555602 ns
[2025-11-29T09:09:42.753+0000][19.971s][debug][safepoint   ] Safepoint synchronization initiated using futex wait barrier. (22 threads)
[2025-11-29T09:09:42.753+0000][19.971s][info ][safepoint   ] Safepoint "ICBufferFull", Time since last: 289117186 ns, Reaching safepoint: 81321 ns, Cleanup: 282365 ns, At safepoint: 25908 ns, Total: 389594 ns
[2025-11-29T09:09:42.831+0000][20.049s][debug][safepoint   ] Safepoint synchronization initiated using futex wait barrier. (23 threads)
[2025-11-29T09:09:42.832+0000][20.050s][info ][safepoint   ] Safepoint "ICBufferFull", Time since last: 78059287 ns, Reaching safepoint: 69399 ns, Cleanup: 149638 ns, At safepoint: 71153 ns, Total: 290190 ns
[2025-11-29T09:09:42.938+0000][20.156s][debug][safepoint   ] Safepoint synchronization initiated using futex wait barrier. (25 threads)
[2025-11-29T09:09:42.939+0000][20.157s][info ][safepoint   ] Safepoint "ICBufferFull", Time since last: 106842767 ns, Reaching safepoint: 91149 ns, Cleanup: 135853 ns, At safepoint: 60312 ns, Total: 287314 ns
[2025-11-29T09:09:43.047+0000][20.265s][debug][safepoint   ] Safepoint synchronization initiated using futex wait barrier. (25 threads)
[2025-11-29T09:09:43.048+0000][20.266s][info ][safepoint   ] Safepoint "ICBufferFull", Time since last: 108461457 ns, Reaching safepoint: 288983 ns, Cleanup: 140651 ns, At safepoint: 53860 ns, Total: 483494 ns
[2025-11-29T09:09:43.048+0000][20.266s][debug][safepoint   ] Safepoint synchronization initiated using futex wait barrier. (25 threads)
[2025-11-29T09:09:43.048+0000][20.266s][info ][safepoint   ] Safepoint "ICBufferFull", Time since last: 176022 ns, Reaching safepoint: 127227 ns, Cleanup: 5671 ns, At safepoint: 48180 ns, Total: 181078 ns
[2025-11-29T09:09:43.060+0000][20.278s][debug][safepoint   ] Safepoint synchronization initiated using futex wait barrier. (25 threads)
[2025-11-29T09:09:43.060+0000][20.278s][info ][safepoint   ] Safepoint "ICBufferFull", Time since last: 11636399 ns, Reaching safepoint: 165257 ns, Cleanup: 200473 ns, At safepoint: 28974 ns, Total: 394704 ns
[2025-11-29T09:09:43.190+0000][20.408s][debug][safepoint   ] Safepoint synchronization initiated using futex wait barrier. (25 threads)
[2025-11-29T09:09:43.191+0000][20.409s][info ][gc,start    ] GC(36) Pause Young (Normal) (G1 Evacuation Pause)
[2025-11-29T09:09:43.191+0000][20.409s][info ][gc,task     ] GC(36) Using 5 workers of 13 for evacuation
[2025-11-29T09:09:43.196+0000][20.414s][info ][gc,phases   ] GC(36)   Pre Evacuate Collection Set: 0.1ms
[2025-11-29T09:09:43.196+0000][20.414s][info ][gc,phases   ] GC(36)   Merge Heap Roots: 0.1ms
[2025-11-29T09:09:43.196+0000][20.414s][info ][gc,phases   ] GC(36)   Evacuate Collection Set: 4.3ms
[2025-11-29T09:09:43.196+0000][20.414s][info ][gc,phases   ] GC(36)   Post Evacuate Collection Set: 1.0ms
[2025-11-29T09:09:43.196+0000][20.414s][info ][gc,phases   ] GC(36)   Other: 0.1ms
[2025-11-29T09:09:43.196+0000][20.414s][info ][gc,heap     ] GC(36) Eden regions: 111->0(110)
[2025-11-29T09:09:43.196+0000][20.414s][info ][gc,heap     ] GC(36) Survivor regions: 9->9(15)
[2025-11-29T09:09:43.196+0000][20.414s][info ][gc,heap     ] GC(36) Old regions: 70->71
[2025-11-29T09:09:43.196+0000][20.414s][info ][gc,heap     ] GC(36) Archive regions: 2->2
[2025-11-29T09:09:43.196+0000][20.414s][info ][gc,heap     ] GC(36) Humongous regions: 0->0
[2025-11-29T09:09:43.196+0000][20.414s][info ][gc,metaspace] GC(36) Metaspace: 81004K(81536K)->81004K(81536K) NonClass: 70406K(70656K)->70406K(70656K) Class: 10598K(10880K)->10598K(10880K)
[2025-11-29T09:09:43.196+0000][20.414s][info ][gc          ] GC(36) Pause Young (Normal) (G1 Evacuation Pause) 190M->80M(224M) 5.703ms
[2025-11-29T09:09:43.196+0000][20.414s][info ][gc,cpu      ] GC(36) User=0.03s Sys=0.00s Real=0.00s
[2025-11-29T09:09:43.196+0000][20.414s][info ][safepoint   ] Safepoint "G1CollectForAllocation", Time since last: 130292929 ns, Reaching safepoint: 167792 ns, Cleanup: 116006 ns, At safepoint: 5852517 ns, Total: 6136315 ns
[2025-11-29T09:09:43.470+0000][20.688s][debug][safepoint   ] Safepoint synchronization initiated using futex wait barrier. (25 threads)
[2025-11-29T09:09:43.470+0000][20.688s][info ][safepoint   ] Safepoint "ICBufferFull", Time since last: 273286405 ns, Reaching safepoint: 45284 ns, Cleanup: 151863 ns, At safepoint: 2194 ns, Total: 199341 ns
[2025-11-29T09:09:43.719+0000][20.937s][debug][safepoint   ] Safepoint synchronization initiated using futex wait barrier. (24 threads)
[2025-11-29T09:09:43.719+0000][20.937s][info ][gc,start    ] GC(37) Pause Young (Normal) (G1 Evacuation Pause)
[2025-11-29T09:09:43.719+0000][20.937s][info ][gc,task     ] GC(37) Using 5 workers of 13 for evacuation
[2025-11-29T09:09:43.726+0000][20.944s][info ][gc,phases   ] GC(37)   Pre Evacuate Collection Set: 0.2ms
[2025-11-29T09:09:43.726+0000][20.944s][info ][gc,phases   ] GC(37)   Merge Heap Roots: 0.2ms
[2025-11-29T09:09:43.726+0000][20.944s][info ][gc,phases   ] GC(37)   Evacuate Collection Set: 5.1ms
[2025-11-29T09:09:43.726+0000][20.944s][info ][gc,phases   ] GC(37)   Post Evacuate Collection Set: 1.2ms
[2025-11-29T09:09:43.726+0000][20.944s][info ][gc,phases   ] GC(37)   Other: 0.1ms
[2025-11-29T09:09:43.726+0000][20.944s][info ][gc,heap     ] GC(37) Eden regions: 110->0(109)
[2025-11-29T09:09:43.726+0000][20.944s][info ][gc,heap     ] GC(37) Survivor regions: 9->8(15)
[2025-11-29T09:09:43.726+0000][20.944s][info ][gc,heap     ] GC(37) Old regions: 71->74
[2025-11-29T09:09:43.726+0000][20.944s][info ][gc,heap     ] GC(37) Archive regions: 2->2
[2025-11-29T09:09:43.726+0000][20.944s][info ][gc,heap     ] GC(37) Humongous regions: 0->0
[2025-11-29T09:09:43.726+0000][20.944s][info ][gc,metaspace] GC(37) Metaspace: 82646K(83200K)->82646K(83200K) NonClass: 71814K(72064K)->71814K(72064K) Class: 10831K(11136K)->10831K(11136K)
[2025-11-29T09:09:43.726+0000][20.944s][info ][gc          ] GC(37) Pause Young (Normal) (G1 Evacuation Pause) 190M->81M(224M) 6.940ms
[2025-11-29T09:09:43.726+0000][20.944s][info ][gc,cpu      ] GC(37) User=0.03s Sys=0.00s Real=0.01s
[2025-11-29T09:09:43.726+0000][20.944s][info ][safepoint   ] Safepoint "G1CollectForAllocation", Time since last: 248920757 ns, Reaching safepoint: 40345 ns, Cleanup: 113201 ns, At safepoint: 7027048 ns, Total: 7180594 ns
[2025-11-29T09:09:44.155+0000][21.373s][debug][safepoint   ] Safepoint synchronization initiated using futex wait barrier. (22 threads)
[2025-11-29T09:09:44.155+0000][21.373s][info ][gc,start    ] GC(38) Pause Young (Normal) (G1 Evacuation Pause)
[2025-11-29T09:09:44.155+0000][21.373s][info ][gc,task     ] GC(38) Using 5 workers of 13 for evacuation
[2025-11-29T09:09:44.161+0000][21.379s][info ][gc,phases   ] GC(38)   Pre Evacuate Collection Set: 0.2ms
[2025-11-29T09:09:44.161+0000][21.379s][info ][gc,phases   ] GC(38)   Merge Heap Roots: 0.2ms
[2025-11-29T09:09:44.161+0000][21.379s][info ][gc,phases   ] GC(38)   Evacuate Collection Set: 4.4ms
[2025-11-29T09:09:44.161+0000][21.379s][info ][gc,phases   ] GC(38)   Post Evacuate Collection Set: 1.3ms
[2025-11-29T09:09:44.161+0000][21.379s][info ][gc,phases   ] GC(38)   Other: 0.1ms
[2025-11-29T09:09:44.161+0000][21.379s][info ][gc,heap     ] GC(38) Eden regions: 109->0(105)
[2025-11-29T09:09:44.161+0000][21.379s][info ][gc,heap     ] GC(38) Survivor regions: 8->10(15)
[2025-11-29T09:09:44.161+0000][21.379s][info ][gc,heap     ] GC(38) Old regions: 74->74
[2025-11-29T09:09:44.161+0000][21.379s][info ][gc,heap     ] GC(38) Archive regions: 2->2
[2025-11-29T09:09:44.161+0000][21.379s][info ][gc,heap     ] GC(38) Humongous regions: 0->0
[2025-11-29T09:09:44.161+0000][21.379s][info ][gc,metaspace] GC(38) Metaspace: 84750K(85376K)->84750K(85376K) NonClass: 73628K(73984K)->73628K(73984K) Class: 11122K(11392K)->11122K(11392K)
[2025-11-29T09:09:44.161+0000][21.379s][info ][gc          ] GC(38) Pause Young (Normal) (G1 Evacuation Pause) 190M->83M(224M) 6.239ms
[2025-11-29T09:09:44.161+0000][21.379s][info ][gc,cpu      ] GC(38) User=0.02s Sys=0.00s Real=0.01s
[2025-11-29T09:09:44.161+0000][21.379s][info ][safepoint   ] Safepoint "G1CollectForAllocation", Time since last: 428864900 ns, Reaching safepoint: 59070 ns, Cleanup: 102430 ns, At safepoint: 6297767 ns, Total: 6459267 ns
[2025-11-29T09:09:44.475+0000][21.693s][debug][safepoint   ] Safepoint synchronization initiated using futex wait barrier. (28 threads)
[2025-11-29T09:09:44.475+0000][21.693s][info ][safepoint   ] Safepoint "ICBufferFull", Time since last: 313257149 ns, Reaching safepoint: 88415 ns, Cleanup: 267297 ns, At safepoint: 54631 ns, Total: 410343 ns
[2025-11-29T09:09:44.894+0000][22.112s][debug][safepoint   ] Safepoint synchronization initiated using futex wait barrier. (27 threads)
[2025-11-29T09:09:44.895+0000][22.113s][info ][gc,start    ] GC(39) Pause Young (Normal) (G1 Evacuation Pause)
[2025-11-29T09:09:44.895+0000][22.113s][info ][gc,task     ] GC(39) Using 5 workers of 13 for evacuation
[2025-11-29T09:09:44.903+0000][22.121s][info ][gc,phases   ] GC(39)   Pre Evacuate Collection Set: 0.1ms
[2025-11-29T09:09:44.903+0000][22.121s][info ][gc,phases   ] GC(39)   Merge Heap Roots: 0.1ms
[2025-11-29T09:09:44.903+0000][22.121s][info ][gc,phases   ] GC(39)   Evacuate Collection Set: 5.9ms
[2025-11-29T09:09:44.903+0000][22.121s][info ][gc,phases   ] GC(39)   Post Evacuate Collection Set: 1.8ms
[2025-11-29T09:09:44.903+0000][22.121s][info ][gc,phases   ] GC(39)   Other: 0.1ms
[2025-11-29T09:09:44.903+0000][22.121s][info ][gc,heap     ] GC(39) Eden regions: 105->0(105)
[2025-11-29T09:09:44.903+0000][22.121s][info ][gc,heap     ] GC(39) Survivor regions: 10->9(15)
[2025-11-29T09:09:44.903+0000][22.121s][info ][gc,heap     ] GC(39) Old regions: 74->76
[2025-11-29T09:09:44.903+0000][22.121s][info ][gc,heap     ] GC(39) Archive regions: 2->2
[2025-11-29T09:09:44.903+0000][22.121s][info ][gc,heap     ] GC(39) Humongous regions: 0->0
[2025-11-29T09:09:44.903+0000][22.121s][info ][gc,metaspace] GC(39) Metaspace: 88229K(88768K)->88229K(88768K) NonClass: 76665K(76928K)->76665K(76928K) Class: 11564K(11840K)->11564K(11840K)
[2025-11-29T09:09:44.903+0000][22.121s][info ][gc          ] GC(39) Pause Young (Normal) (G1 Evacuation Pause) 188M->85M(224M) 8.163ms
[2025-11-29T09:09:44.903+0000][22.121s][info ][gc,cpu      ] GC(39) User=0.03s Sys=0.01s Real=0.01s
[2025-11-29T09:09:44.903+0000][22.121s][info ][safepoint   ] Safepoint "G1CollectForAllocation", Time since last: 419379746 ns, Reaching safepoint: 38301 ns, Cleanup: 142315 ns, At safepoint: 8255152 ns, Total: 8435768 ns
[2025-11-29T09:09:45.365+0000][22.583s][debug][safepoint   ] Safepoint synchronization initiated using futex wait barrier. (27 threads)
[2025-11-29T09:09:45.366+0000][22.584s][info ][safepoint   ] Safepoint "ICBufferFull", Time since last: 462453632 ns, Reaching safepoint: 59581 ns, Cleanup: 203398 ns, At safepoint: 3767 ns, Total: 266746 ns
[2025-11-29T09:09:45.437+0000][22.655s][debug][safepoint   ] Safepoint synchronization initiated using futex wait barrier. (27 threads)
[2025-11-29T09:09:45.437+0000][22.655s][info ][gc,start    ] GC(40) Pause Young (Normal) (G1 Evacuation Pause)
[2025-11-29T09:09:45.437+0000][22.655s][info ][gc,task     ] GC(40) Using 5 workers of 13 for evacuation
[2025-11-29T09:09:45.446+0000][22.664s][info ][gc,phases   ] GC(40)   Pre Evacuate Collection Set: 0.2ms
[2025-11-29T09:09:45.446+0000][22.664s][info ][gc,phases   ] GC(40)   Merge Heap Roots: 0.1ms
[2025-11-29T09:09:45.446+0000][22.664s][info ][gc,phases   ] GC(40)   Evacuate Collection Set: 6.6ms
[2025-11-29T09:09:45.446+0000][22.664s][info ][gc,phases   ] GC(40)   Post Evacuate Collection Set: 1.5ms
[2025-11-29T09:09:45.446+0000][22.664s][info ][gc,phases   ] GC(40)   Other: 0.1ms
[2025-11-29T09:09:45.446+0000][22.664s][info ][gc,heap     ] GC(40) Eden regions: 105->0(100)
[2025-11-29T09:09:45.446+0000][22.664s][info ][gc,heap     ] GC(40) Survivor regions: 9->11(15)
[2025-11-29T09:09:45.446+0000][22.664s][info ][gc,heap     ] GC(40) Old regions: 76->77
[2025-11-29T09:09:45.446+0000][22.664s][info ][gc,heap     ] GC(40) Archive regions: 2->2
[2025-11-29T09:09:45.446+0000][22.664s][info ][gc,heap     ] GC(40) Humongous regions: 0->0
[2025-11-29T09:09:45.446+0000][22.664s][info ][gc,metaspace] GC(40) Metaspace: 91382K(91968K)->91382K(91968K) NonClass: 79223K(79552K)->79223K(79552K) Class: 12158K(12416K)->12158K(12416K)
[2025-11-29T09:09:45.446+0000][22.664s][info ][gc          ] GC(40) Pause Young (Normal) (G1 Evacuation Pause) 190M->88M(224M) 8.653ms
[2025-11-29T09:09:45.446+0000][22.664s][info ][gc,cpu      ] GC(40) User=0.05s Sys=0.00s Real=0.01s
[2025-11-29T09:09:45.446+0000][22.664s][info ][safepoint   ] Safepoint "G1CollectForAllocation", Time since last: 71622046 ns, Reaching safepoint: 66744 ns, Cleanup: 79598 ns, At safepoint: 8802541 ns, Total: 8948883 ns
[2025-11-29T09:09:45.662+0000][22.880s][debug][safepoint   ] Safepoint synchronization initiated using futex wait barrier. (27 threads)
[2025-11-29T09:09:45.662+0000][22.880s][info ][gc,start    ] GC(41) Pause Young (Normal) (G1 Evacuation Pause)
[2025-11-29T09:09:45.662+0000][22.880s][info ][gc,task     ] GC(41) Using 5 workers of 13 for evacuation
[2025-11-29T09:09:45.676+0000][22.894s][info ][gc,phases   ] GC(41)   Pre Evacuate Collection Set: 0.1ms
[2025-11-29T09:09:45.676+0000][22.894s][info ][gc,phases   ] GC(41)   Merge Heap Roots: 0.1ms
[2025-11-29T09:09:45.676+0000][22.894s][info ][gc,phases   ] GC(41)   Evacuate Collection Set: 13.0ms
[2025-11-29T09:09:45.676+0000][22.894s][info ][gc,phases   ] GC(41)   Post Evacuate Collection Set: 1.2ms
[2025-11-29T09:09:45.676+0000][22.894s][info ][gc,phases   ] GC(41)   Other: 0.1ms
[2025-11-29T09:09:45.676+0000][22.894s][info ][gc,heap     ] GC(41) Eden regions: 100->0(76)
[2025-11-29T09:09:45.676+0000][22.894s][info ][gc,heap     ] GC(41) Survivor regions: 11->14(14)
[2025-11-29T09:09:45.676+0000][22.894s][info ][gc,heap     ] GC(41) Old regions: 77->92
[2025-11-29T09:09:45.676+0000][22.894s][info ][gc,heap     ] GC(41) Archive regions: 2->2
[2025-11-29T09:09:45.676+0000][22.894s][info ][gc,heap     ] GC(41) Humongous regions: 1->1
[2025-11-29T09:09:45.676+0000][22.894s][info ][gc,metaspace] GC(41) Metaspace: 91408K(91968K)->91408K(91968K) NonClass: 79250K(79552K)->79250K(79552K) Class: 12158K(12416K)->12158K(12416K)
[2025-11-29T09:09:45.676+0000][22.894s][info ][gc          ] GC(41) Pause Young (Normal) (G1 Evacuation Pause) 189M->107M(224M) 14.688ms
[2025-11-29T09:09:45.676+0000][22.894s][info ][gc,cpu      ] GC(41) User=0.11s Sys=0.00s Real=0.01s
[2025-11-29T09:09:45.676+0000][22.895s][info ][safepoint   ] Safepoint "G1CollectForAllocation", Time since last: 215506800 ns, Reaching safepoint: 52578 ns, Cleanup: 37550 ns, At safepoint: 14808800 ns, Total: 14898928 ns
[2025-11-29T09:09:45.929+0000][23.147s][debug][safepoint   ] Safepoint synchronization initiated using futex wait barrier. (24 threads)
[2025-11-29T09:09:45.929+0000][23.147s][info ][gc,start    ] GC(42) Pause Young (Normal) (G1 Evacuation Pause)
[2025-11-29T09:09:45.929+0000][23.147s][info ][gc,task     ] GC(42) Using 5 workers of 13 for evacuation
[2025-11-29T09:09:45.941+0000][23.159s][info ][gc,phases   ] GC(42)   Pre Evacuate Collection Set: 0.2ms
[2025-11-29T09:09:45.941+0000][23.159s][info ][gc,phases   ] GC(42)   Merge Heap Roots: 0.2ms
[2025-11-29T09:09:45.941+0000][23.159s][info ][gc,phases   ] GC(42)   Evacuate Collection Set: 9.6ms
[2025-11-29T09:09:45.941+0000][23.159s][info ][gc,phases   ] GC(42)   Post Evacuate Collection Set: 1.1ms
[2025-11-29T09:09:45.941+0000][23.159s][info ][gc,phases   ] GC(42)   Other: 0.1ms
[2025-11-29T09:09:45.941+0000][23.159s][info ][gc,heap     ] GC(42) Eden regions: 76->0(71)
[2025-11-29T09:09:45.941+0000][23.159s][info ][gc,heap     ] GC(42) Survivor regions: 14->7(12)
[2025-11-29T09:09:45.941+0000][23.159s][info ][gc,heap     ] GC(42) Old regions: 92->106
[2025-11-29T09:09:45.941+0000][23.159s][info ][gc,heap     ] GC(42) Archive regions: 2->2
[2025-11-29T09:09:45.941+0000][23.159s][info ][gc,heap     ] GC(42) Humongous regions: 1->1
[2025-11-29T09:09:45.941+0000][23.159s][info ][gc,metaspace] GC(42) Metaspace: 93171K(93760K)->93171K(93760K) NonClass: 80635K(80960K)->80635K(80960K) Class: 12536K(12800K)->12536K(12800K)
[2025-11-29T09:09:45.941+0000][23.159s][info ][gc          ] GC(42) Pause Young (Normal) (G1 Evacuation Pause) 183M->114M(224M) 11.339ms
[2025-11-29T09:09:45.941+0000][23.159s][info ][gc,cpu      ] GC(42) User=0.05s Sys=0.00s Real=0.01s
[2025-11-29T09:09:45.941+0000][23.159s][info ][safepoint   ] Safepoint "G1CollectForAllocation", Time since last: 252823319 ns, Reaching safepoint: 56996 ns, Cleanup: 37901 ns, At safepoint: 11419395 ns, Total: 11514292 ns
[2025-11-29T09:09:46.082+0000][23.300s][debug][safepoint   ] Safepoint synchronization initiated using futex wait barrier. (24 threads)
[2025-11-29T09:09:46.082+0000][23.300s][info ][gc,start    ] GC(43) Pause Young (Normal) (G1 Evacuation Pause)
[2025-11-29T09:09:46.082+0000][23.300s][info ][gc,task     ] GC(43) Using 5 workers of 13 for evacuation
[2025-11-29T09:09:46.093+0000][23.311s][info ][gc,phases   ] GC(43)   Pre Evacuate Collection Set: 0.2ms
[2025-11-29T09:09:46.093+0000][23.311s][info ][gc,phases   ] GC(43)   Merge Heap Roots: 0.1ms
[2025-11-29T09:09:46.093+0000][23.311s][info ][gc,phases   ] GC(43)   Evacuate Collection Set: 9.8ms
[2025-11-29T09:09:46.093+0000][23.311s][info ][gc,phases   ] GC(43)   Post Evacuate Collection Set: 0.8ms
[2025-11-29T09:09:46.093+0000][23.311s][info ][gc,phases   ] GC(43)   Other: 0.2ms
[2025-11-29T09:09:46.093+0000][23.312s][info ][gc,heap     ] GC(43) Eden regions: 71->0(55)
[2025-11-29T09:09:46.093+0000][23.312s][info ][gc,heap     ] GC(43) Survivor regions: 7->10(10)
[2025-11-29T09:09:46.094+0000][23.312s][info ][gc,heap     ] GC(43) Old regions: 106->115
[2025-11-29T09:09:46.094+0000][23.312s][info ][gc,heap     ] GC(43) Archive regions: 2->2
[2025-11-29T09:09:46.094+0000][23.312s][info ][gc,heap     ] GC(43) Humongous regions: 1->1
[2025-11-29T09:09:46.094+0000][23.312s][info ][gc,metaspace] GC(43) Metaspace: 93181K(93760K)->93181K(93760K) NonClass: 80645K(80960K)->80645K(80960K) Class: 12536K(12800K)->12536K(12800K)
[2025-11-29T09:09:46.094+0000][23.312s][info ][gc          ] GC(43) Pause Young (Normal) (G1 Evacuation Pause) 185M->126M(224M) 11.193ms
[2025-11-29T09:09:46.094+0000][23.312s][info ][gc,cpu      ] GC(43) User=0.08s Sys=0.00s Real=0.01s
[2025-11-29T09:09:46.094+0000][23.312s][info ][safepoint   ] Safepoint "G1CollectForAllocation", Time since last: 141338090 ns, Reaching safepoint: 56485 ns, Cleanup: 33392 ns, At safepoint: 11361499 ns, Total: 11451376 ns
[2025-11-29T09:09:46.217+0000][23.435s][debug][safepoint   ] Safepoint synchronization initiated using futex wait barrier. (24 threads)
[2025-11-29T09:09:46.217+0000][23.435s][info ][gc,start    ] GC(44) Pause Young (Normal) (G1 Evacuation Pause)
[2025-11-29T09:09:46.217+0000][23.435s][info ][gc,task     ] GC(44) Using 5 workers of 13 for evacuation
[2025-11-29T09:09:46.234+0000][23.452s][info ][gc,phases   ] GC(44)   Pre Evacuate Collection Set: 0.2ms
[2025-11-29T09:09:46.234+0000][23.452s][info ][gc,phases   ] GC(44)   Merge Heap Roots: 0.2ms
[2025-11-29T09:09:46.234+0000][23.452s][info ][gc,phases   ] GC(44)   Evacuate Collection Set: 15.2ms
[2025-11-29T09:09:46.234+0000][23.452s][info ][gc,phases   ] GC(44)   Post Evacuate Collection Set: 0.9ms
[2025-11-29T09:09:46.234+0000][23.452s][info ][gc,phases   ] GC(44)   Other: 0.1ms
[2025-11-29T09:09:46.234+0000][23.452s][info ][gc,heap     ] GC(44) Eden regions: 55->0(27)
[2025-11-29T09:09:46.234+0000][23.452s][info ][gc,heap     ] GC(44) Survivor regions: 10->9(9)
[2025-11-29T09:09:46.234+0000][23.452s][info ][gc,heap     ] GC(44) Old regions: 115->138
[2025-11-29T09:09:46.234+0000][23.452s][info ][gc,heap     ] GC(44) Archive regions: 2->2
[2025-11-29T09:09:46.234+0000][23.452s][info ][gc,heap     ] GC(44) Humongous regions: 4->4
[2025-11-29T09:09:46.234+0000][23.452s][info ][gc,metaspace] GC(44) Metaspace: 93181K(93760K)->93181K(93760K) NonClass: 80645K(80960K)->80645K(80960K) Class: 12536K(12800K)->12536K(12800K)
[2025-11-29T09:09:46.234+0000][23.452s][info ][gc          ] GC(44) Pause Young (Normal) (G1 Evacuation Pause) 184M->151M(224M) 16.701ms
[2025-11-29T09:09:46.234+0000][23.452s][info ][gc,cpu      ] GC(44) User=0.13s Sys=0.00s Real=0.01s
[2025-11-29T09:09:46.234+0000][23.452s][info ][safepoint   ] Safepoint "G1CollectForAllocation", Time since last: 123388728 ns, Reaching safepoint: 56164 ns, Cleanup: 14517 ns, At safepoint: 16845598 ns, Total: 16916279 ns
[2025-11-29T09:09:46.267+0000][23.485s][debug][safepoint   ] Safepoint synchronization initiated using futex wait barrier. (24 threads)
[2025-11-29T09:09:46.267+0000][23.485s][info ][gc,start    ] GC(45) Pause Young (Concurrent Start) (G1 Evacuation Pause)
[2025-11-29T09:09:46.267+0000][23.485s][info ][gc,task     ] GC(45) Using 5 workers of 13 for evacuation
[2025-11-29T09:09:46.287+0000][23.505s][info ][gc,phases   ] GC(45)   Pre Evacuate Collection Set: 0.3ms
[2025-11-29T09:09:46.287+0000][23.505s][info ][gc,phases   ] GC(45)   Merge Heap Roots: 0.3ms
[2025-11-29T09:09:46.287+0000][23.505s][info ][gc,phases   ] GC(45)   Evacuate Collection Set: 13.2ms
[2025-11-29T09:09:46.287+0000][23.505s][info ][gc,phases   ] GC(45)   Post Evacuate Collection Set: 5.9ms
[2025-11-29T09:09:46.287+0000][23.505s][info ][gc,phases   ] GC(45)   Other: 0.2ms
[2025-11-29T09:09:46.287+0000][23.505s][info ][gc,heap     ] GC(45) Eden regions: 27->0(101)
[2025-11-29T09:09:46.287+0000][23.505s][info ][gc,heap     ] GC(45) Survivor regions: 9->5(5)
[2025-11-29T09:09:46.287+0000][23.505s][info ][gc,heap     ] GC(45) Old regions: 138->153
[2025-11-29T09:09:46.287+0000][23.505s][info ][gc,heap     ] GC(45) Archive regions: 2->2
[2025-11-29T09:09:46.287+0000][23.505s][info ][gc,heap     ] GC(45) Humongous regions: 4->4
[2025-11-29T09:09:46.287+0000][23.505s][info ][gc,metaspace] GC(45) Metaspace: 93195K(93760K)->93195K(93760K) NonClass: 80659K(80960K)->80659K(80960K) Class: 12536K(12800K)->12536K(12800K)
[2025-11-29T09:09:46.287+0000][23.505s][info ][gc          ] GC(45) Pause Young (Concurrent Start) (G1 Evacuation Pause) 178M->162M(386M) 19.992ms
[2025-11-29T09:09:46.287+0000][23.505s][info ][gc,cpu      ] GC(45) User=0.08s Sys=0.01s Real=0.02s
[2025-11-29T09:09:46.287+0000][23.505s][info ][gc          ] GC(46) Concurrent Mark Cycle
[2025-11-29T09:09:46.287+0000][23.505s][info ][gc,marking  ] GC(46) Concurrent Clear Claimed Marks
[2025-11-29T09:09:46.287+0000][23.505s][info ][safepoint   ] Safepoint "G1CollectForAllocation", Time since last: 32979943 ns, Reaching safepoint: 80149 ns, Cleanup: 19647 ns, At safepoint: 20170331 ns, Total: 20270127 ns
[2025-11-29T09:09:46.287+0000][23.505s][info ][gc,marking  ] GC(46) Concurrent Clear Claimed Marks 0.108ms
[2025-11-29T09:09:46.287+0000][23.505s][info ][gc,marking  ] GC(46) Concurrent Scan Root Regions
[2025-11-29T09:09:46.290+0000][23.508s][info ][gc,marking  ] GC(46) Concurrent Scan Root Regions 2.985ms
[2025-11-29T09:09:46.290+0000][23.508s][info ][gc,marking  ] GC(46) Concurrent Mark
[2025-11-29T09:09:46.290+0000][23.508s][info ][gc,marking  ] GC(46) Concurrent Mark From Roots
[2025-11-29T09:09:46.290+0000][23.508s][info ][gc,task     ] GC(46) Using 3 workers of 3 for marking
[2025-11-29T09:09:46.342+0000][23.560s][info ][gc,marking  ] GC(46) Concurrent Mark From Roots 51.277ms
[2025-11-29T09:09:46.342+0000][23.560s][info ][gc,marking  ] GC(46) Concurrent Preclean
[2025-11-29T09:09:46.342+0000][23.560s][info ][gc,marking  ] GC(46) Concurrent Preclean 0.373ms
[2025-11-29T09:09:46.342+0000][23.560s][debug][safepoint   ] Safepoint synchronization initiated using futex wait barrier. (24 threads)
[2025-11-29T09:09:46.342+0000][23.560s][info ][gc,start    ] GC(46) Pause Remark
[2025-11-29T09:09:46.348+0000][23.566s][info ][gc          ] GC(46) Pause Remark 178M->168M(386M) 5.854ms
[2025-11-29T09:09:46.348+0000][23.566s][info ][gc,cpu      ] GC(46) User=0.02s Sys=0.00s Real=0.01s
[2025-11-29T09:09:46.348+0000][23.566s][info ][safepoint   ] Safepoint "G1PauseRemark", Time since last: 55005554 ns, Reaching safepoint: 137857 ns, Cleanup: 10880 ns, At safepoint: 5976705 ns, Total: 6125442 ns
[2025-11-29T09:09:46.348+0000][23.566s][info ][gc,marking  ] GC(46) Concurrent Mark 58.022ms
[2025-11-29T09:09:46.348+0000][23.566s][info ][gc,marking  ] GC(46) Concurrent Rebuild Remembered Sets
[2025-11-29T09:09:46.377+0000][23.595s][info ][gc,marking  ] GC(46) Concurrent Rebuild Remembered Sets 28.565ms
[2025-11-29T09:09:46.377+0000][23.595s][debug][safepoint   ] Safepoint synchronization initiated using futex wait barrier. (23 threads)
[2025-11-29T09:09:46.377+0000][23.595s][info ][gc,start    ] GC(46) Pause Cleanup
[2025-11-29T09:09:46.378+0000][23.596s][info ][gc          ] GC(46) Pause Cleanup 176M->176M(386M) 0.219ms
[2025-11-29T09:09:46.378+0000][23.596s][info ][gc,cpu      ] GC(46) User=0.00s Sys=0.00s Real=0.00s
[2025-11-29T09:09:46.378+0000][23.596s][info ][safepoint   ] Safepoint "G1PauseCleanup", Time since last: 28833797 ns, Reaching safepoint: 127137 ns, Cleanup: 3566 ns, At safepoint: 286142 ns, Total: 416845 ns
[2025-11-29T09:09:46.378+0000][23.596s][info ][gc,marking  ] GC(46) Concurrent Cleanup for Next Mark
[2025-11-29T09:09:46.380+0000][23.598s][info ][gc,marking  ] GC(46) Concurrent Cleanup for Next Mark 2.006ms
[2025-11-29T09:09:46.380+0000][23.598s][info ][gc          ] GC(46) Concurrent Mark Cycle 92.497ms
[2025-11-29T09:09:46.634+0000][23.852s][debug][safepoint   ] Safepoint synchronization initiated using futex wait barrier. (20 threads)
[2025-11-29T09:09:46.634+0000][23.852s][info ][gc,start    ] GC(47) Pause Young (Prepare Mixed) (G1 Evacuation Pause)
[2025-11-29T09:09:46.634+0000][23.852s][info ][gc,task     ] GC(47) Using 9 workers of 13 for evacuation
[2025-11-29T09:09:46.658+0000][23.876s][info ][gc,phases   ] GC(47)   Pre Evacuate Collection Set: 0.3ms
[2025-11-29T09:09:46.658+0000][23.876s][info ][gc,phases   ] GC(47)   Merge Heap Roots: 0.2ms
[2025-11-29T09:09:46.658+0000][23.876s][info ][gc,phases   ] GC(47)   Evacuate Collection Set: 22.9ms
[2025-11-29T09:09:46.658+0000][23.876s][info ][gc,phases   ] GC(47)   Post Evacuate Collection Set: 1.1ms
[2025-11-29T09:09:46.658+0000][23.876s][info ][gc,phases   ] GC(47)   Other: 0.2ms
[2025-11-29T09:09:46.658+0000][23.876s][info ][gc,heap     ] GC(47) Eden regions: 101->0(5)
[2025-11-29T09:09:46.658+0000][23.876s][info ][gc,heap     ] GC(47) Survivor regions: 5->14(14)
[2025-11-29T09:09:46.658+0000][23.876s][info ][gc,heap     ] GC(47) Old regions: 147->162
[2025-11-29T09:09:46.658+0000][23.876s][info ][gc,heap     ] GC(47) Archive regions: 2->2
[2025-11-29T09:09:46.658+0000][23.876s][info ][gc,heap     ] GC(47) Humongous regions: 1->1
[2025-11-29T09:09:46.658+0000][23.876s][info ][gc,metaspace] GC(47) Metaspace: 93195K(93760K)->93195K(93760K) NonClass: 80659K(80960K)->80659K(80960K) Class: 12536K(12800K)->12536K(12800K)
[2025-11-29T09:09:46.658+0000][23.876s][info ][gc          ] GC(47) Pause Young (Prepare Mixed) (G1 Evacuation Pause) 254M->177M(386M) 24.799ms
[2025-11-29T09:09:46.658+0000][23.876s][info ][gc,cpu      ] GC(47) User=0.12s Sys=0.10s Real=0.03s
[2025-11-29T09:09:46.658+0000][23.877s][info ][safepoint   ] Safepoint "G1CollectForAllocation", Time since last: 255966019 ns, Reaching safepoint: 52007 ns, Cleanup: 22722 ns, At safepoint: 24878156 ns, Total: 24952885 ns
[2025-11-29T09:09:46.664+0000][23.882s][debug][safepoint   ] Safepoint synchronization initiated using futex wait barrier. (20 threads)
[2025-11-29T09:09:46.664+0000][23.882s][info ][gc,start    ] GC(48) Pause Young (Mixed) (G1 Evacuation Pause)
[2025-11-29T09:09:46.664+0000][23.882s][info ][gc,task     ] GC(48) Using 9 workers of 13 for evacuation
[2025-11-29T09:09:46.675+0000][23.893s][info ][gc,phases   ] GC(48)   Pre Evacuate Collection Set: 0.3ms
[2025-11-29T09:09:46.675+0000][23.893s][info ][gc,phases   ] GC(48)   Merge Heap Roots: 0.2ms
[2025-11-29T09:09:46.675+0000][23.893s][info ][gc,phases   ] GC(48)   Evacuate Collection Set: 9.6ms
[2025-11-29T09:09:46.675+0000][23.893s][info ][gc,phases   ] GC(48)   Post Evacuate Collection Set: 1.4ms
[2025-11-29T09:09:46.675+0000][23.893s][info ][gc,phases   ] GC(48)   Other: 0.1ms
[2025-11-29T09:09:46.675+0000][23.893s][info ][gc,heap     ] GC(48) Eden regions: 5->0(98)
[2025-11-29T09:09:46.675+0000][23.893s][info ][gc,heap     ] GC(48) Survivor regions: 14->3(3)
[2025-11-29T09:09:46.675+0000][23.893s][info ][gc,heap     ] GC(48) Old regions: 162->167
[2025-11-29T09:09:46.675+0000][23.893s][info ][gc,heap     ] GC(48) Archive regions: 2->2
[2025-11-29T09:09:46.675+0000][23.893s][info ][gc,heap     ] GC(48) Humongous regions: 1->1
[2025-11-29T09:09:46.675+0000][23.893s][info ][gc,metaspace] GC(48) Metaspace: 93195K(93760K)->93195K(93760K) NonClass: 80659K(80960K)->80659K(80960K) Class: 12536K(12800K)->12536K(12800K)
[2025-11-29T09:09:46.675+0000][23.893s][info ][gc          ] GC(48) Pause Young (Mixed) (G1 Evacuation Pause) 182M->171M(386M) 11.769ms
[2025-11-29T09:09:46.675+0000][23.893s][info ][gc,cpu      ] GC(48) User=0.07s Sys=0.00s Real=0.01s
[2025-11-29T09:09:46.675+0000][23.893s][info ][safepoint   ] Safepoint "G1CollectForAllocation", Time since last: 5056483 ns, Reaching safepoint: 60382 ns, Cleanup: 5020 ns, At safepoint: 11831213 ns, Total: 11896615 ns
[2025-11-29T09:09:47.111+0000][24.329s][debug][safepoint   ] Safepoint synchronization initiated using futex wait barrier. (20 threads)
[2025-11-29T09:09:47.111+0000][24.329s][info ][gc,start    ] GC(49) Pause Young (Normal) (G1 Evacuation Pause)
[2025-11-29T09:09:47.111+0000][24.329s][info ][gc,task     ] GC(49) Using 9 workers of 13 for evacuation
[2025-11-29T09:09:47.115+0000][24.333s][info ][gc,phases   ] GC(49)   Pre Evacuate Collection Set: 0.3ms
[2025-11-29T09:09:47.115+0000][24.333s][info ][gc,phases   ] GC(49)   Merge Heap Roots: 0.2ms
[2025-11-29T09:09:47.115+0000][24.333s][info ][gc,phases   ] GC(49)   Evacuate Collection Set: 2.0ms
[2025-11-29T09:09:47.115+0000][24.333s][info ][gc,phases   ] GC(49)   Post Evacuate Collection Set: 1.4ms
[2025-11-29T09:09:47.115+0000][24.333s][info ][gc,phases   ] GC(49)   Other: 0.1ms
[2025-11-29T09:09:47.115+0000][24.333s][info ][gc,heap     ] GC(49) Eden regions: 98->0(107)
[2025-11-29T09:09:47.115+0000][24.333s][info ][gc,heap     ] GC(49) Survivor regions: 3->3(13)
[2025-11-29T09:09:47.115+0000][24.333s][info ][gc,heap     ] GC(49) Old regions: 167->167
[2025-11-29T09:09:47.115+0000][24.333s][info ][gc,heap     ] GC(49) Archive regions: 2->2
[2025-11-29T09:09:47.115+0000][24.333s][info ][gc,heap     ] GC(49) Humongous regions: 1->1
[2025-11-29T09:09:47.115+0000][24.333s][info ][gc,metaspace] GC(49) Metaspace: 96865K(97472K)->96865K(97472K) NonClass: 83732K(84032K)->83732K(84032K) Class: 13133K(13440K)->13133K(13440K)
[2025-11-29T09:09:47.115+0000][24.333s][info ][gc          ] GC(49) Pause Young (Normal) (G1 Evacuation Pause) 269M->171M(386M) 4.068ms
[2025-11-29T09:09:47.115+0000][24.333s][info ][gc,cpu      ] GC(49) User=0.02s Sys=0.00s Real=0.00s
[2025-11-29T09:09:47.115+0000][24.333s][info ][safepoint   ] Safepoint "G1CollectForAllocation", Time since last: 435523649 ns, Reaching safepoint: 52919 ns, Cleanup: 95637 ns, At safepoint: 4195132 ns, Total: 4343688 ns
[2025-11-29T09:09:47.407+0000][24.625s][debug][safepoint   ] ... found polling page loop exception at pc = 0x0000738a894e6a6e, stub =0x0000738a88a04400
[2025-11-29T09:09:47.906+0000][25.125s][debug][safepoint   ] Safepoint synchronization initiated using futex wait barrier. (22 threads)
[2025-11-29T09:09:47.907+0000][25.125s][info ][gc,start    ] GC(50) Pause Young (Normal) (G1 Evacuation Pause)
[2025-11-29T09:09:47.907+0000][25.125s][info ][gc,task     ] GC(50) Using 9 workers of 13 for evacuation
[2025-11-29T09:09:47.911+0000][25.129s][info ][gc,phases   ] GC(50)   Pre Evacuate Collection Set: 0.2ms
[2025-11-29T09:09:47.911+0000][25.129s][info ][gc,phases   ] GC(50)   Merge Heap Roots: 0.2ms
[2025-11-29T09:09:47.911+0000][25.129s][info ][gc,phases   ] GC(50)   Evacuate Collection Set: 2.6ms
[2025-11-29T09:09:47.911+0000][25.129s][info ][gc,phases   ] GC(50)   Post Evacuate Collection Set: 1.5ms
[2025-11-29T09:09:47.911+0000][25.129s][info ][gc,phases   ] GC(50)   Other: 0.1ms
[2025-11-29T09:09:47.911+0000][25.129s][info ][gc,heap     ] GC(50) Eden regions: 107->0(113)
[2025-11-29T09:09:47.911+0000][25.129s][info ][gc,heap     ] GC(50) Survivor regions: 3->6(14)
[2025-11-29T09:09:47.911+0000][25.129s][info ][gc,heap     ] GC(50) Old regions: 167->167
[2025-11-29T09:09:47.911+0000][25.129s][info ][gc,heap     ] GC(50) Archive regions: 2->2
[2025-11-29T09:09:47.911+0000][25.129s][info ][gc,heap     ] GC(50) Humongous regions: 1->1
[2025-11-29T09:09:47.911+0000][25.129s][info ][gc,metaspace] GC(50) Metaspace: 100742K(101376K)->100742K(101376K) NonClass: 87168K(87488K)->87168K(87488K) Class: 13573K(13888K)->13573K(13888K)
[2025-11-29T09:09:47.911+0000][25.129s][info ][gc          ] GC(50) Pause Young (Normal) (G1 Evacuation Pause) 278M->174M(386M) 4.654ms
[2025-11-29T09:09:47.911+0000][25.129s][info ][gc,cpu      ] GC(50) User=0.03s Sys=0.00s Real=0.00s
[2025-11-29T09:09:47.911+0000][25.130s][info ][safepoint   ] Safepoint "G1CollectForAllocation", Time since last: 791188173 ns, Reaching safepoint: 43010 ns, Cleanup: 155820 ns, At safepoint: 4788164 ns, Total: 4986994 ns
[2025-11-29T09:09:48.647+0000][25.865s][debug][safepoint   ] Safepoint synchronization initiated using futex wait barrier. (28 threads)
[2025-11-29T09:09:48.648+0000][25.866s][info ][gc,start    ] GC(51) Pause Young (Normal) (G1 Evacuation Pause)
[2025-11-29T09:09:48.648+0000][25.866s][info ][gc,task     ] GC(51) Using 10 workers of 13 for evacuation
[2025-11-29T09:09:48.655+0000][25.873s][info ][gc,phases   ] GC(51)   Pre Evacuate Collection Set: 0.3ms
[2025-11-29T09:09:48.655+0000][25.873s][info ][gc,phases   ] GC(51)   Merge Heap Roots: 0.2ms
[2025-11-29T09:09:48.655+0000][25.873s][info ][gc,phases   ] GC(51)   Evacuate Collection Set: 4.5ms
[2025-11-29T09:09:48.655+0000][25.873s][info ][gc,phases   ] GC(51)   Post Evacuate Collection Set: 1.6ms
[2025-11-29T09:09:48.655+0000][25.873s][info ][gc,phases   ] GC(51)   Other: 0.1ms
[2025-11-29T09:09:48.655+0000][25.873s][info ][gc,heap     ] GC(51) Eden regions: 113->0(118)
[2025-11-29T09:09:48.655+0000][25.873s][info ][gc,heap     ] GC(51) Survivor regions: 6->9(15)
[2025-11-29T09:09:48.655+0000][25.873s][info ][gc,heap     ] GC(51) Old regions: 167->167
[2025-11-29T09:09:48.655+0000][25.873s][info ][gc,heap     ] GC(51) Archive regions: 2->2
[2025-11-29T09:09:48.655+0000][25.873s][info ][gc,heap     ] GC(51) Humongous regions: 1->1
[2025-11-29T09:09:48.655+0000][25.873s][info ][gc,metaspace] GC(51) Metaspace: 103340K(104000K)->103340K(104000K) NonClass: 89616K(89984K)->89616K(89984K) Class: 13724K(14016K)->13724K(14016K)
[2025-11-29T09:09:48.655+0000][25.873s][info ][gc          ] GC(51) Pause Young (Normal) (G1 Evacuation Pause) 287M->177M(386M) 6.937ms
[2025-11-29T09:09:48.655+0000][25.873s][info ][gc,cpu      ] GC(51) User=0.05s Sys=0.00s Real=0.00s
[2025-11-29T09:09:48.655+0000][25.873s][info ][safepoint   ] Safepoint "G1CollectForAllocation", Time since last: 735815409 ns, Reaching safepoint: 299849 ns, Cleanup: 148442 ns, At safepoint: 7132785 ns, Total: 7581076 ns
[2025-11-29T09:09:49.503+0000][26.721s][debug][safepoint   ] Safepoint synchronization initiated using futex wait barrier. (29 threads)
[2025-11-29T09:09:49.503+0000][26.721s][info ][gc,start    ] GC(52) Pause Young (Normal) (G1 Evacuation Pause)
[2025-11-29T09:09:49.503+0000][26.721s][info ][gc,task     ] GC(52) Using 13 workers of 13 for evacuation
[2025-11-29T09:09:49.515+0000][26.733s][info ][gc,phases   ] GC(52)   Pre Evacuate Collection Set: 0.4ms
[2025-11-29T09:09:49.515+0000][26.733s][info ][gc,phases   ] GC(52)   Merge Heap Roots: 0.3ms
[2025-11-29T09:09:49.515+0000][26.733s][info ][gc,phases   ] GC(52)   Evacuate Collection Set: 8.4ms
[2025-11-29T09:09:49.515+0000][26.733s][info ][gc,phases   ] GC(52)   Post Evacuate Collection Set: 2.4ms
[2025-11-29T09:09:49.515+0000][26.733s][info ][gc,phases   ] GC(52)   Other: 0.1ms
[2025-11-29T09:09:49.515+0000][26.733s][info ][gc,heap     ] GC(52) Eden regions: 118->0(122)
[2025-11-29T09:09:49.515+0000][26.733s][info ][gc,heap     ] GC(52) Survivor regions: 9->11(16)
[2025-11-29T09:09:49.515+0000][26.733s][info ][gc,heap     ] GC(52) Old regions: 167->169
[2025-11-29T09:09:49.515+0000][26.733s][info ][gc,heap     ] GC(52) Archive regions: 2->2
[2025-11-29T09:09:49.515+0000][26.733s][info ][gc,heap     ] GC(52) Humongous regions: 1->1
[2025-11-29T09:09:49.515+0000][26.733s][info ][gc,metaspace] GC(52) Metaspace: 106812K(107520K)->106812K(107520K) NonClass: 92666K(93056K)->92666K(93056K) Class: 14146K(14464K)->14146K(14464K)
[2025-11-29T09:09:49.515+0000][26.733s][info ][gc          ] GC(52) Pause Young (Normal) (G1 Evacuation Pause) 295M->180M(386M) 11.670ms
[2025-11-29T09:09:49.515+0000][26.733s][info ][gc,cpu      ] GC(52) User=0.04s Sys=0.06s Real=0.01s
[2025-11-29T09:09:49.515+0000][26.733s][info ][safepoint   ] Safepoint "G1CollectForAllocation", Time since last: 847890016 ns, Reaching safepoint: 46141 ns, Cleanup: 113150 ns, At safepoint: 11829633 ns, Total: 11988924 ns
[2025-11-29T09:09:50.252+0000][27.470s][debug][safepoint   ] Safepoint synchronization initiated using futex wait barrier. (28 threads)
[2025-11-29T09:09:50.252+0000][27.470s][info ][gc,start    ] GC(53) Pause Young (Normal) (G1 Evacuation Pause)
[2025-11-29T09:09:50.252+0000][27.470s][info ][gc,task     ] GC(53) Using 13 workers of 13 for evacuation
[2025-11-29T09:09:50.263+0000][27.481s][info ][gc,phases   ] GC(53)   Pre Evacuate Collection Set: 0.5ms
[2025-11-29T09:09:50.263+0000][27.481s][info ][gc,phases   ] GC(53)   Merge Heap Roots: 0.4ms
[2025-11-29T09:09:50.263+0000][27.481s][info ][gc,phases   ] GC(53)   Evacuate Collection Set: 7.3ms
[2025-11-29T09:09:50.263+0000][27.481s][info ][gc,phases   ] GC(53)   Post Evacuate Collection Set: 2.0ms
[2025-11-29T09:09:50.263+0000][27.481s][info ][gc,phases   ] GC(53)   Other: 0.2ms
[2025-11-29T09:09:50.263+0000][27.481s][info ][gc,heap     ] GC(53) Eden regions: 122->0(127)
[2025-11-29T09:09:50.263+0000][27.481s][info ][gc,heap     ] GC(53) Survivor regions: 11->10(17)
[2025-11-29T09:09:50.263+0000][27.481s][info ][gc,heap     ] GC(53) Old regions: 169->172
[2025-11-29T09:09:50.263+0000][27.481s][info ][gc,heap     ] GC(53) Archive regions: 2->2
[2025-11-29T09:09:50.263+0000][27.481s][info ][gc,heap     ] GC(53) Humongous regions: 1->1
[2025-11-29T09:09:50.263+0000][27.481s][info ][gc,metaspace] GC(53) Metaspace: 110131K(110784K)->110131K(110784K) NonClass: 95607K(95936K)->95607K(95936K) Class: 14524K(14848K)->14524K(14848K)
[2025-11-29T09:09:50.263+0000][27.481s][info ][gc          ] GC(53) Pause Young (Normal) (G1 Evacuation Pause) 302M->182M(386M) 10.489ms
[2025-11-29T09:09:50.263+0000][27.481s][info ][gc,cpu      ] GC(53) User=0.06s Sys=0.03s Real=0.01s
[2025-11-29T09:09:50.263+0000][27.481s][info ][safepoint   ] Safepoint "G1CollectForAllocation", Time since last: 737158944 ns, Reaching safepoint: 94998 ns, Cleanup: 218035 ns, At safepoint: 10606604 ns, Total: 10919637 ns
[2025-11-29T09:09:51.009+0000][28.227s][debug][safepoint   ] Safepoint synchronization initiated using futex wait barrier. (37 threads)
[2025-11-29T09:09:51.009+0000][28.227s][info ][gc,start    ] GC(54) Pause Young (Normal) (G1 Evacuation Pause)
[2025-11-29T09:09:51.009+0000][28.227s][info ][gc,task     ] GC(54) Using 13 workers of 13 for evacuation
[2025-11-29T09:09:51.046+0000][28.264s][info ][gc,phases   ] GC(54)   Pre Evacuate Collection Set: 0.6ms
[2025-11-29T09:09:51.046+0000][28.264s][info ][gc,phases   ] GC(54)   Merge Heap Roots: 0.4ms
[2025-11-29T09:09:51.046+0000][28.264s][info ][gc,phases   ] GC(54)   Evacuate Collection Set: 33.6ms
[2025-11-29T09:09:51.046+0000][28.264s][info ][gc,phases   ] GC(54)   Post Evacuate Collection Set: 2.0ms
[2025-11-29T09:09:51.046+0000][28.264s][info ][gc,phases   ] GC(54)   Other: 0.2ms
[2025-11-29T09:09:51.046+0000][28.264s][info ][gc,heap     ] GC(54) Eden regions: 127->0(128)
[2025-11-29T09:09:51.046+0000][28.264s][info ][gc,heap     ] GC(54) Survivor regions: 10->13(18)
[2025-11-29T09:09:51.046+0000][28.264s][info ][gc,heap     ] GC(54) Old regions: 172->172
[2025-11-29T09:09:51.046+0000][28.264s][info ][gc,heap     ] GC(54) Archive regions: 2->2
[2025-11-29T09:09:51.046+0000][28.264s][info ][gc,heap     ] GC(54) Humongous regions: 1->1
[2025-11-29T09:09:51.046+0000][28.264s][info ][gc,metaspace] GC(54) Metaspace: 112776K(113536K)->112776K(113536K) NonClass: 98043K(98432K)->98043K(98432K) Class: 14732K(15104K)->14732K(15104K)
[2025-11-29T09:09:51.046+0000][28.264s][info ][gc          ] GC(54) Pause Young (Normal) (G1 Evacuation Pause) 309M->186M(386M) 36.900ms
[2025-11-29T09:09:51.046+0000][28.264s][info ][gc,cpu      ] GC(54) User=0.26s Sys=0.14s Real=0.04s
[2025-11-29T09:09:51.046+0000][28.264s][info ][safepoint   ] Safepoint "G1CollectForAllocation", Time since last: 745966303 ns, Reaching safepoint: 56520 ns, Cleanup: 110395 ns, At safepoint: 37259900 ns, Total: 37426815 ns
[2025-11-29T09:09:51.692+0000][28.910s][debug][safepoint   ] Safepoint synchronization initiated using futex wait barrier. (41 threads)
[2025-11-29T09:09:51.692+0000][28.910s][info ][safepoint   ] Safepoint "ICBufferFull", Time since last: 645600800 ns, Reaching safepoint: 60466 ns, Cleanup: 172645 ns, At safepoint: 57972 ns, Total: 291083 ns
[2025-11-29T09:09:51.791+0000][29.009s][debug][safepoint   ] Safepoint synchronization initiated using futex wait barrier. (44 threads)
[2025-11-29T09:09:51.791+0000][29.009s][info ][gc,start    ] GC(55) Pause Young (Normal) (G1 Evacuation Pause)
[2025-11-29T09:09:51.791+0000][29.009s][info ][gc,task     ] GC(55) Using 13 workers of 13 for evacuation
[2025-11-29T09:09:51.803+0000][29.021s][info ][gc,phases   ] GC(55)   Pre Evacuate Collection Set: 0.4ms
[2025-11-29T09:09:51.803+0000][29.021s][info ][gc,phases   ] GC(55)   Merge Heap Roots: 0.3ms
[2025-11-29T09:09:51.803+0000][29.021s][info ][gc,phases   ] GC(55)   Evacuate Collection Set: 9.6ms
[2025-11-29T09:09:51.803+0000][29.021s][info ][gc,phases   ] GC(55)   Post Evacuate Collection Set: 2.1ms
[2025-11-29T09:09:51.803+0000][29.021s][info ][gc,phases   ] GC(55)   Other: 0.1ms
[2025-11-29T09:09:51.803+0000][29.021s][info ][gc,heap     ] GC(55) Eden regions: 128->0(131)
[2025-11-29T09:09:51.803+0000][29.021s][info ][gc,heap     ] GC(55) Survivor regions: 13->12(18)
[2025-11-29T09:09:51.803+0000][29.021s][info ][gc,heap     ] GC(55) Old regions: 172->175
[2025-11-29T09:09:51.803+0000][29.021s][info ][gc,heap     ] GC(55) Archive regions: 2->2
[2025-11-29T09:09:51.803+0000][29.021s][info ][gc,heap     ] GC(55) Humongous regions: 1->1
[2025-11-29T09:09:51.803+0000][29.021s][info ][gc,metaspace] GC(55) Metaspace: 116231K(116928K)->116231K(116928K) NonClass: 101100K(101440K)->101100K(101440K) Class: 15130K(15488K)->15130K(15488K)
[2025-11-29T09:09:51.803+0000][29.021s][info ][gc          ] GC(55) Pause Young (Normal) (G1 Evacuation Pause) 314M->188M(386M) 12.596ms
[2025-11-29T09:09:51.803+0000][29.021s][info ][gc,cpu      ] GC(55) User=0.09s Sys=0.04s Real=0.01s
[2025-11-29T09:09:51.804+0000][29.022s][info ][safepoint   ] Safepoint "G1CollectForAllocation", Time since last: 98547758 ns, Reaching safepoint: 63902 ns, Cleanup: 35373 ns, At safepoint: 12967299 ns, Total: 13066574 ns
[2025-11-29T09:09:52.584+0000][29.802s][debug][safepoint   ] Safepoint synchronization initiated using futex wait barrier. (45 threads)
[2025-11-29T09:09:52.585+0000][29.803s][info ][gc,start    ] GC(56) Pause Young (Normal) (G1 Evacuation Pause)
[2025-11-29T09:09:52.585+0000][29.803s][info ][gc,task     ] GC(56) Using 13 workers of 13 for evacuation
[2025-11-29T09:09:52.595+0000][29.813s][info ][gc,phases   ] GC(56)   Pre Evacuate Collection Set: 0.4ms
[2025-11-29T09:09:52.595+0000][29.813s][info ][gc,phases   ] GC(56)   Merge Heap Roots: 0.4ms
[2025-11-29T09:09:52.595+0000][29.813s][info ][gc,phases   ] GC(56)   Evacuate Collection Set: 7.5ms
[2025-11-29T09:09:52.595+0000][29.813s][info ][gc,phases   ] GC(56)   Post Evacuate Collection Set: 2.0ms
[2025-11-29T09:09:52.595+0000][29.813s][info ][gc,phases   ] GC(56)   Other: 0.1ms
[2025-11-29T09:09:52.595+0000][29.813s][info ][gc,heap     ] GC(56) Eden regions: 131->0(125)
[2025-11-29T09:09:52.595+0000][29.813s][info ][gc,heap     ] GC(56) Survivor regions: 12->16(18)
[2025-11-29T09:09:52.595+0000][29.813s][info ][gc,heap     ] GC(56) Old regions: 175->178
[2025-11-29T09:09:52.595+0000][29.813s][info ][gc,heap     ] GC(56) Archive regions: 2->2
[2025-11-29T09:09:52.595+0000][29.813s][info ][gc,heap     ] GC(56) Humongous regions: 1->1
[2025-11-29T09:09:52.595+0000][29.813s][info ][gc,metaspace] GC(56) Metaspace: 118478K(119168K)->118478K(119168K) NonClass: 103154K(103488K)->103154K(103488K) Class: 15324K(15680K)->15324K(15680K)
[2025-11-29T09:09:52.595+0000][29.813s][info ][gc          ] GC(56) Pause Young (Normal) (G1 Evacuation Pause) 319M->194M(386M) 10.588ms
[2025-11-29T09:09:52.595+0000][29.813s][info ][gc,cpu      ] GC(56) User=0.08s Sys=0.03s Real=0.01s
[2025-11-29T09:09:52.595+0000][29.813s][info ][safepoint   ] Safepoint "G1CollectForAllocation", Time since last: 780677409 ns, Reaching safepoint: 65552 ns, Cleanup: 101609 ns, At safepoint: 10740577 ns, Total: 10907738 ns
[2025-11-29T09:09:52.938+0000][30.156s][debug][safepoint   ] Safepoint synchronization initiated using futex wait barrier. (45 threads)
[2025-11-29T09:09:52.938+0000][30.156s][info ][safepoint   ] Safepoint "ICBufferFull", Time since last: 342887624 ns, Reaching safepoint: 61975 ns, Cleanup: 180596 ns, At safepoint: 24435 ns, Total: 267006 ns
[2025-11-29T09:09:53.299+0000][30.517s][debug][safepoint   ] Safepoint synchronization initiated using futex wait barrier. (44 threads)
[2025-11-29T09:09:53.299+0000][30.517s][info ][safepoint   ] Safepoint "ICBufferFull", Time since last: 360335156 ns, Reaching safepoint: 46838 ns, Cleanup: 150580 ns, At safepoint: 64319 ns, Total: 261737 ns
[2025-11-29T09:09:53.308+0000][30.526s][debug][safepoint   ] ... found polling page loop exception at pc = 0x0000738a820e29d3, stub =0x0000738a88a04400
[2025-11-29T09:09:53.851+0000][31.070s][debug][safepoint   ] Safepoint synchronization initiated using futex wait barrier. (44 threads)
[2025-11-29T09:09:53.852+0000][31.070s][info ][gc,start    ] GC(57) Pause Young (Normal) (G1 Evacuation Pause)
[2025-11-29T09:09:53.852+0000][31.070s][info ][gc,task     ] GC(57) Using 13 workers of 13 for evacuation
[2025-11-29T09:09:53.862+0000][31.080s][info ][gc,phases   ] GC(57)   Pre Evacuate Collection Set: 0.4ms
[2025-11-29T09:09:53.862+0000][31.080s][info ][gc,phases   ] GC(57)   Merge Heap Roots: 0.3ms
[2025-11-29T09:09:53.862+0000][31.080s][info ][gc,phases   ] GC(57)   Evacuate Collection Set: 6.9ms
[2025-11-29T09:09:53.862+0000][31.080s][info ][gc,phases   ] GC(57)   Post Evacuate Collection Set: 2.0ms
[2025-11-29T09:09:53.862+0000][31.080s][info ][gc,phases   ] GC(57)   Other: 0.2ms
[2025-11-29T09:09:53.862+0000][31.080s][info ][gc,heap     ] GC(57) Eden regions: 125->0(129)
[2025-11-29T09:09:53.862+0000][31.080s][info ][gc,heap     ] GC(57) Survivor regions: 16->9(18)
[2025-11-29T09:09:53.862+0000][31.080s][info ][gc,heap     ] GC(57) Old regions: 178->184
[2025-11-29T09:09:53.862+0000][31.080s][info ][gc,heap     ] GC(57) Archive regions: 2->2
[2025-11-29T09:09:53.862+0000][31.080s][info ][gc,heap     ] GC(57) Humongous regions: 1->1
[2025-11-29T09:09:53.862+0000][31.080s][info ][gc,metaspace] GC(57) Metaspace: 122251K(123008K)->122251K(123008K) NonClass: 106586K(106944K)->106586K(106944K) Class: 15665K(16064K)->15665K(16064K)
[2025-11-29T09:09:53.862+0000][31.080s][info ][gc          ] GC(57) Pause Young (Normal) (G1 Evacuation Pause) 319M->193M(386M) 9.879ms
[2025-11-29T09:09:53.862+0000][31.080s][info ][gc,cpu      ] GC(57) User=0.07s Sys=0.00s Real=0.01s
[2025-11-29T09:09:53.862+0000][31.080s][info ][safepoint   ] Safepoint "G1CollectForAllocation", Time since last: 552407571 ns, Reaching safepoint: 99024 ns, Cleanup: 149408 ns, At safepoint: 10146532 ns, Total: 10394964 ns
[2025-11-29T09:09:54.659+0000][31.877s][debug][safepoint   ] Safepoint synchronization initiated using futex wait barrier. (46 threads)
[2025-11-29T09:09:54.659+0000][31.877s][info ][gc,start    ] GC(58) Pause Young (Normal) (G1 Evacuation Pause)
[2025-11-29T09:09:54.659+0000][31.877s][info ][gc,task     ] GC(58) Using 13 workers of 13 for evacuation
[2025-11-29T09:09:54.667+0000][31.885s][info ][gc,phases   ] GC(58)   Pre Evacuate Collection Set: 0.4ms
[2025-11-29T09:09:54.667+0000][31.885s][info ][gc,phases   ] GC(58)   Merge Heap Roots: 0.3ms
[2025-11-29T09:09:54.667+0000][31.885s][info ][gc,phases   ] GC(58)   Evacuate Collection Set: 5.0ms
[2025-11-29T09:09:54.667+0000][31.885s][info ][gc,phases   ] GC(58)   Post Evacuate Collection Set: 1.9ms
[2025-11-29T09:09:54.667+0000][31.885s][info ][gc,phases   ] GC(58)   Other: 0.1ms
[2025-11-29T09:09:54.667+0000][31.885s][info ][gc,heap     ] GC(58) Eden regions: 129->0(129)
[2025-11-29T09:09:54.667+0000][31.885s][info ][gc,heap     ] GC(58) Survivor regions: 9->11(18)
[2025-11-29T09:09:54.667+0000][31.885s][info ][gc,heap     ] GC(58) Old regions: 184->184
[2025-11-29T09:09:54.667+0000][31.885s][info ][gc,heap     ] GC(58) Archive regions: 2->2
[2025-11-29T09:09:54.667+0000][31.885s][info ][gc,heap     ] GC(58) Humongous regions: 1->1
[2025-11-29T09:09:54.667+0000][31.885s][info ][gc,metaspace] GC(58) Metaspace: 124099K(124864K)->124099K(124864K) NonClass: 108194K(108608K)->108194K(108608K) Class: 15905K(16256K)->15905K(16256K)
[2025-11-29T09:09:54.667+0000][31.885s][info ][gc          ] GC(58) Pause Young (Normal) (G1 Evacuation Pause) 322M->195M(386M) 7.796ms
[2025-11-29T09:09:54.667+0000][31.885s][info ][gc,cpu      ] GC(58) User=0.05s Sys=0.00s Real=0.01s
[2025-11-29T09:09:54.667+0000][31.885s][info ][safepoint   ] Safepoint "G1CollectForAllocation", Time since last: 797193881 ns, Reaching safepoint: 84387 ns, Cleanup: 164115 ns, At safepoint: 8060542 ns, Total: 8309044 ns
[2025-11-29T09:09:55.714+0000][32.932s][debug][safepoint   ] Safepoint synchronization initiated using futex wait barrier. (52 threads)
[2025-11-29T09:09:55.714+0000][32.932s][info ][gc,start    ] GC(59) Pause Young (Normal) (G1 Evacuation Pause)
[2025-11-29T09:09:55.714+0000][32.932s][info ][gc,task     ] GC(59) Using 13 workers of 13 for evacuation
[2025-11-29T09:09:55.726+0000][32.944s][info ][gc,phases   ] GC(59)   Pre Evacuate Collection Set: 0.5ms
[2025-11-29T09:09:55.726+0000][32.944s][info ][gc,phases   ] GC(59)   Merge Heap Roots: 0.4ms
[2025-11-29T09:09:55.726+0000][32.944s][info ][gc,phases   ] GC(59)   Evacuate Collection Set: 8.9ms
[2025-11-29T09:09:55.726+0000][32.944s][info ][gc,phases   ] GC(59)   Post Evacuate Collection Set: 1.7ms
[2025-11-29T09:09:55.726+0000][32.944s][info ][gc,phases   ] GC(59)   Other: 0.1ms
[2025-11-29T09:09:55.726+0000][32.944s][info ][gc,heap     ] GC(59) Eden regions: 129->0(125)
[2025-11-29T09:09:55.726+0000][32.944s][info ][gc,heap     ] GC(59) Survivor regions: 11->14(18)
[2025-11-29T09:09:55.726+0000][32.944s][info ][gc,heap     ] GC(59) Old regions: 184->186
[2025-11-29T09:09:55.726+0000][32.944s][info ][gc,heap     ] GC(59) Archive regions: 2->2
[2025-11-29T09:09:55.726+0000][32.944s][info ][gc,heap     ] GC(59) Humongous regions: 2->1
[2025-11-29T09:09:55.726+0000][32.944s][info ][gc,metaspace] GC(59) Metaspace: 133272K(134336K)->133272K(134336K) NonClass: 116334K(116928K)->116334K(116928K) Class: 16937K(17408K)->16937K(17408K)
[2025-11-29T09:09:55.726+0000][32.944s][info ][gc          ] GC(59) Pause Young (Normal) (G1 Evacuation Pause) 325M->200M(386M) 11.669ms
[2025-11-29T09:09:55.726+0000][32.944s][info ][gc,cpu      ] GC(59) User=0.04s Sys=0.04s Real=0.02s
[2025-11-29T09:09:55.726+0000][32.944s][info ][safepoint   ] Safepoint "G1CollectForAllocation", Time since last: 1046372290 ns, Reaching safepoint: 62556 ns, Cleanup: 138157 ns, At safepoint: 11904393 ns, Total: 12105106 ns
[2025-11-29T09:09:56.358+0000][33.576s][debug][safepoint   ] Safepoint synchronization initiated using futex wait barrier. (58 threads)
[2025-11-29T09:09:56.358+0000][33.576s][info ][safepoint   ] Safepoint "ICBufferFull", Time since last: 631829661 ns, Reaching safepoint: 49332 ns, Cleanup: 142204 ns, At safepoint: 46968 ns, Total: 238504 ns
[2025-11-29T09:09:56.768+0000][33.986s][debug][safepoint   ] Safepoint synchronization initiated using futex wait barrier. (61 threads)
[2025-11-29T09:09:56.769+0000][33.987s][info ][gc,start    ] GC(60) Pause Young (Normal) (G1 Evacuation Pause)
[2025-11-29T09:09:56.769+0000][33.987s][info ][gc,task     ] GC(60) Using 13 workers of 13 for evacuation
[2025-11-29T09:09:56.776+0000][33.994s][info ][gc,phases   ] GC(60)   Pre Evacuate Collection Set: 0.3ms
[2025-11-29T09:09:56.776+0000][33.994s][info ][gc,phases   ] GC(60)   Merge Heap Roots: 0.3ms
[2025-11-29T09:09:56.776+0000][33.994s][info ][gc,phases   ] GC(60)   Evacuate Collection Set: 5.1ms
[2025-11-29T09:09:56.776+0000][33.994s][info ][gc,phases   ] GC(60)   Post Evacuate Collection Set: 1.6ms
[2025-11-29T09:09:56.776+0000][33.994s][info ][gc,phases   ] GC(60)   Other: 0.1ms
[2025-11-29T09:09:56.776+0000][33.994s][info ][gc,heap     ] GC(60) Eden regions: 125->0(124)
[2025-11-29T09:09:56.776+0000][33.994s][info ][gc,heap     ] GC(60) Survivor regions: 14->12(18)
[2025-11-29T09:09:56.776+0000][33.994s][info ][gc,heap     ] GC(60) Old regions: 186->191
[2025-11-29T09:09:56.776+0000][33.994s][info ][gc,heap     ] GC(60) Archive regions: 2->2
[2025-11-29T09:09:56.776+0000][33.994s][info ][gc,heap     ] GC(60) Humongous regions: 1->1
[2025-11-29T09:09:56.776+0000][33.994s][info ][gc,metaspace] GC(60) Metaspace: 136675K(137792K)->136675K(137792K) NonClass: 119474K(120064K)->119474K(120064K) Class: 17200K(17728K)->17200K(17728K)
[2025-11-29T09:09:56.776+0000][33.994s][info ][gc          ] GC(60) Pause Young (Normal) (G1 Evacuation Pause) 325M->204M(386M) 7.556ms
[2025-11-29T09:09:56.776+0000][33.994s][info ][gc,cpu      ] GC(60) User=0.07s Sys=0.00s Real=0.00s
[2025-11-29T09:09:56.776+0000][33.994s][info ][safepoint   ] Safepoint "G1CollectForAllocation", Time since last: 410446026 ns, Reaching safepoint: 53056 ns, Cleanup: 56783 ns, At safepoint: 7728056 ns, Total: 7837895 ns
[2025-11-29T09:09:57.444+0000][34.662s][debug][safepoint   ] Safepoint synchronization initiated using futex wait barrier. (59 threads)
[2025-11-29T09:09:57.444+0000][34.662s][info ][gc,start    ] GC(61) Pause Young (Normal) (G1 Evacuation Pause)
[2025-11-29T09:09:57.444+0000][34.662s][info ][gc,task     ] GC(61) Using 13 workers of 13 for evacuation
[2025-11-29T09:09:57.452+0000][34.670s][info ][gc,phases   ] GC(61)   Pre Evacuate Collection Set: 0.4ms
[2025-11-29T09:09:57.452+0000][34.670s][info ][gc,phases   ] GC(61)   Merge Heap Roots: 0.3ms
[2025-11-29T09:09:57.452+0000][34.670s][info ][gc,phases   ] GC(61)   Evacuate Collection Set: 5.2ms
[2025-11-29T09:09:57.452+0000][34.670s][info ][gc,phases   ] GC(61)   Post Evacuate Collection Set: 2.0ms
[2025-11-29T09:09:57.452+0000][34.670s][info ][gc,phases   ] GC(61)   Other: 0.1ms
[2025-11-29T09:09:57.452+0000][34.670s][info ][gc,heap     ] GC(61) Eden regions: 124->0(120)
[2025-11-29T09:09:57.452+0000][34.670s][info ][gc,heap     ] GC(61) Survivor regions: 12->14(17)
[2025-11-29T09:09:57.452+0000][34.670s][info ][gc,heap     ] GC(61) Old regions: 191->194
[2025-11-29T09:09:57.452+0000][34.670s][info ][gc,heap     ] GC(61) Archive regions: 2->2
[2025-11-29T09:09:57.452+0000][34.670s][info ][gc,heap     ] GC(61) Humongous regions: 1->1
[2025-11-29T09:09:57.452+0000][34.670s][info ][gc,metaspace] GC(61) Metaspace: 139065K(140224K)->139065K(140224K) NonClass: 121784K(122368K)->121784K(122368K) Class: 17280K(17856K)->17280K(17856K)
[2025-11-29T09:09:57.452+0000][34.670s][info ][gc          ] GC(61) Pause Young (Normal) (G1 Evacuation Pause) 328M->209M(386M) 8.188ms
[2025-11-29T09:09:57.452+0000][34.671s][info ][gc,cpu      ] GC(61) User=0.08s Sys=0.00s Real=0.01s
[2025-11-29T09:09:57.453+0000][34.671s][info ][safepoint   ] Safepoint "G1CollectForAllocation", Time since last: 667883501 ns, Reaching safepoint: 63425 ns, Cleanup: 60350 ns, At safepoint: 8383091 ns, Total: 8506866 ns
[2025-11-29T09:09:58.075+0000][35.293s][debug][safepoint   ] Safepoint synchronization initiated using futex wait barrier. (59 threads)
[2025-11-29T09:09:58.075+0000][35.293s][info ][gc,start    ] GC(62) Pause Young (Normal) (G1 Evacuation Pause)
[2025-11-29T09:09:58.075+0000][35.293s][info ][gc,task     ] GC(62) Using 13 workers of 13 for evacuation
[2025-11-29T09:09:58.082+0000][35.300s][info ][gc,phases   ] GC(62)   Pre Evacuate Collection Set: 0.3ms
[2025-11-29T09:09:58.082+0000][35.300s][info ][gc,phases   ] GC(62)   Merge Heap Roots: 0.3ms
[2025-11-29T09:09:58.082+0000][35.300s][info ][gc,phases   ] GC(62)   Evacuate Collection Set: 5.2ms
[2025-11-29T09:09:58.082+0000][35.300s][info ][gc,phases   ] GC(62)   Post Evacuate Collection Set: 1.5ms
[2025-11-29T09:09:58.082+0000][35.300s][info ][gc,phases   ] GC(62)   Other: 0.1ms
[2025-11-29T09:09:58.082+0000][35.300s][info ][gc,heap     ] GC(62) Eden regions: 120->0(115)
[2025-11-29T09:09:58.082+0000][35.301s][info ][gc,heap     ] GC(62) Survivor regions: 14->14(17)
[2025-11-29T09:09:58.082+0000][35.301s][info ][gc,heap     ] GC(62) Old regions: 194->199
[2025-11-29T09:09:58.082+0000][35.301s][info ][gc,heap     ] GC(62) Archive regions: 2->2
[2025-11-29T09:09:58.082+0000][35.301s][info ][gc,heap     ] GC(62) Humongous regions: 1->1
[2025-11-29T09:09:58.082+0000][35.301s][info ][gc,metaspace] GC(62) Metaspace: 141377K(142592K)->141377K(142592K) NonClass: 124033K(124672K)->124033K(124672K) Class: 17344K(17920K)->17344K(17920K)
[2025-11-29T09:09:58.083+0000][35.301s][info ][gc          ] GC(62) Pause Young (Normal) (G1 Evacuation Pause) 329M->213M(386M) 7.439ms
[2025-11-29T09:09:58.083+0000][35.301s][info ][gc,cpu      ] GC(62) User=0.06s Sys=0.01s Real=0.01s
[2025-11-29T09:09:58.083+0000][35.301s][info ][safepoint   ] Safepoint "G1CollectForAllocation", Time since last: 622347942 ns, Reaching safepoint: 53269 ns, Cleanup: 44553 ns, At safepoint: 7551149 ns, Total: 7648971 ns
[2025-11-29T09:09:58.805+0000][36.023s][debug][safepoint   ] Safepoint synchronization initiated using futex wait barrier. (59 threads)
[2025-11-29T09:09:58.805+0000][36.023s][info ][gc,start    ] GC(63) Pause Young (Normal) (G1 Evacuation Pause)
[2025-11-29T09:09:58.805+0000][36.023s][info ][gc,task     ] GC(63) Using 13 workers of 13 for evacuation
[2025-11-29T09:09:58.815+0000][36.033s][info ][gc,phases   ] GC(63)   Pre Evacuate Collection Set: 0.5ms
[2025-11-29T09:09:58.815+0000][36.033s][info ][gc,phases   ] GC(63)   Merge Heap Roots: 0.5ms
[2025-11-29T09:09:58.815+0000][36.033s][info ][gc,phases   ] GC(63)   Evacuate Collection Set: 6.6ms
[2025-11-29T09:09:58.815+0000][36.033s][info ][gc,phases   ] GC(63)   Post Evacuate Collection Set: 2.0ms
[2025-11-29T09:09:58.815+0000][36.033s][info ][gc,phases   ] GC(63)   Other: 0.2ms
[2025-11-29T09:09:58.815+0000][36.033s][info ][gc,heap     ] GC(63) Eden regions: 115->0(113)
[2025-11-29T09:09:58.815+0000][36.033s][info ][gc,heap     ] GC(63) Survivor regions: 14->9(17)
[2025-11-29T09:09:58.815+0000][36.033s][info ][gc,heap     ] GC(63) Old regions: 199->207
[2025-11-29T09:09:58.815+0000][36.033s][info ][gc,heap     ] GC(63) Archive regions: 2->2
[2025-11-29T09:09:58.815+0000][36.033s][info ][gc,heap     ] GC(63) Humongous regions: 1->1
[2025-11-29T09:09:58.815+0000][36.033s][info ][gc,metaspace] GC(63) Metaspace: 145951K(147072K)->145951K(147072K) NonClass: 128164K(128768K)->128164K(128768K) Class: 17787K(18304K)->17787K(18304K)
[2025-11-29T09:09:58.815+0000][36.033s][info ][gc          ] GC(63) Pause Young (Normal) (G1 Evacuation Pause) 328M->217M(386M) 9.844ms
[2025-11-29T09:09:58.815+0000][36.033s][info ][gc,cpu      ] GC(63) User=0.07s Sys=0.00s Real=0.00s
[2025-11-29T09:09:58.815+0000][36.033s][info ][safepoint   ] Safepoint "G1CollectForAllocation", Time since last: 722203691 ns, Reaching safepoint: 430045 ns, Cleanup: 91550 ns, At safepoint: 9993681 ns, Total: 10515276 ns
[2025-11-29T09:09:59.133+0000][36.351s][info ][cds,heap    ] initialize_from_archived_subgraph jdk.internal.math.FDBigInteger 0x0000738a1f14dd58
[2025-11-29T09:09:59.624+0000][36.842s][debug][safepoint   ] Safepoint synchronization initiated using futex wait barrier. (79 threads)
[2025-11-29T09:09:59.624+0000][36.842s][info ][gc,start    ] GC(64) Pause Young (Normal) (G1 Evacuation Pause)
[2025-11-29T09:09:59.624+0000][36.842s][info ][gc,task     ] GC(64) Using 13 workers of 13 for evacuation
[2025-11-29T09:09:59.632+0000][36.850s][info ][gc,phases   ] GC(64)   Pre Evacuate Collection Set: 0.5ms
[2025-11-29T09:09:59.632+0000][36.850s][info ][gc,phases   ] GC(64)   Merge Heap Roots: 0.3ms
[2025-11-29T09:09:59.632+0000][36.850s][info ][gc,phases   ] GC(64)   Evacuate Collection Set: 4.5ms
[2025-11-29T09:09:59.632+0000][36.850s][info ][gc,phases   ] GC(64)   Post Evacuate Collection Set: 1.8ms
[2025-11-29T09:09:59.632+0000][36.850s][info ][gc,phases   ] GC(64)   Other: 0.1ms
[2025-11-29T09:09:59.632+0000][36.850s][info ][gc,heap     ] GC(64) Eden regions: 113->0(115)
[2025-11-29T09:09:59.632+0000][36.850s][info ][gc,heap     ] GC(64) Survivor regions: 9->10(16)
[2025-11-29T09:09:59.632+0000][36.850s][info ][gc,heap     ] GC(64) Old regions: 207->207
[2025-11-29T09:09:59.632+0000][36.850s][info ][gc,heap     ] GC(64) Archive regions: 2->2
[2025-11-29T09:09:59.632+0000][36.850s][info ][gc,heap     ] GC(64) Humongous regions: 1->1
[2025-11-29T09:09:59.632+0000][36.850s][info ][gc,metaspace] GC(64) Metaspace: 150423K(151552K)->150423K(151552K) NonClass: 132116K(132672K)->132116K(132672K) Class: 18307K(18880K)->18307K(18880K)
[2025-11-29T09:09:59.632+0000][36.850s][info ][gc          ] GC(64) Pause Young (Normal) (G1 Evacuation Pause) 330M->218M(386M) 7.343ms
[2025-11-29T09:09:59.632+0000][36.850s][info ][gc,cpu      ] GC(64) User=0.05s Sys=0.01s Real=0.01s
[2025-11-29T09:09:59.632+0000][36.850s][info ][safepoint   ] Safepoint "G1CollectForAllocation", Time since last: 808776374 ns, Reaching safepoint: 51907 ns, Cleanup: 132997 ns, At safepoint: 7446256 ns, Total: 7631160 ns
[2025-11-29T09:10:00.214+0000][37.432s][debug][safepoint   ] Safepoint synchronization initiated using futex wait barrier. (80 threads)
[2025-11-29T09:10:00.214+0000][37.432s][info ][gc,start    ] GC(65) Pause Young (Normal) (G1 Evacuation Pause)
[2025-11-29T09:10:00.214+0000][37.432s][info ][gc,task     ] GC(65) Using 13 workers of 13 for evacuation
[2025-11-29T09:10:00.222+0000][37.440s][info ][gc,phases   ] GC(65)   Pre Evacuate Collection Set: 0.5ms
[2025-11-29T09:10:00.222+0000][37.440s][info ][gc,phases   ] GC(65)   Merge Heap Roots: 0.3ms
[2025-11-29T09:10:00.222+0000][37.440s][info ][gc,phases   ] GC(65)   Evacuate Collection Set: 4.7ms
[2025-11-29T09:10:00.222+0000][37.440s][info ][gc,phases   ] GC(65)   Post Evacuate Collection Set: 2.1ms
[2025-11-29T09:10:00.222+0000][37.440s][info ][gc,phases   ] GC(65)   Other: 0.1ms
[2025-11-29T09:10:00.222+0000][37.440s][info ][gc,heap     ] GC(65) Eden regions: 115->0(114)
[2025-11-29T09:10:00.222+0000][37.440s][info ][gc,heap     ] GC(65) Survivor regions: 10->8(16)
[2025-11-29T09:10:00.222+0000][37.440s][info ][gc,heap     ] GC(65) Old regions: 207->211
[2025-11-29T09:10:00.222+0000][37.440s][info ][gc,heap     ] GC(65) Archive regions: 2->2
[2025-11-29T09:10:00.222+0000][37.440s][info ][gc,heap     ] GC(65) Humongous regions: 1->1
[2025-11-29T09:10:00.222+0000][37.440s][info ][gc,metaspace] GC(65) Metaspace: 152344K(153408K)->152344K(153408K) NonClass: 133800K(134336K)->133800K(134336K) Class: 18543K(19072K)->18543K(19072K)
[2025-11-29T09:10:00.222+0000][37.440s][info ][gc          ] GC(65) Pause Young (Normal) (G1 Evacuation Pause) 333M->220M(386M) 7.857ms
[2025-11-29T09:10:00.222+0000][37.440s][info ][gc,cpu      ] GC(65) User=0.06s Sys=0.00s Real=0.01s
[2025-11-29T09:10:00.222+0000][37.440s][info ][safepoint   ] Safepoint "G1CollectForAllocation", Time since last: 581897574 ns, Reaching safepoint: 76191 ns, Cleanup: 64090 ns, At safepoint: 8001833 ns, Total: 8142114 ns
[2025-11-29T09:10:00.782+0000][38.000s][debug][safepoint   ] Safepoint synchronization initiated using futex wait barrier. (80 threads)
[2025-11-29T09:10:00.782+0000][38.000s][info ][gc,start    ] GC(66) Pause Young (Normal) (G1 Evacuation Pause)
[2025-11-29T09:10:00.782+0000][38.000s][info ][gc,task     ] GC(66) Using 13 workers of 13 for evacuation
[2025-11-29T09:10:00.789+0000][38.007s][info ][gc,phases   ] GC(66)   Pre Evacuate Collection Set: 0.4ms
[2025-11-29T09:10:00.789+0000][38.007s][info ][gc,phases   ] GC(66)   Merge Heap Roots: 0.3ms
[2025-11-29T09:10:00.789+0000][38.007s][info ][gc,phases   ] GC(66)   Evacuate Collection Set: 4.2ms
[2025-11-29T09:10:00.789+0000][38.007s][info ][gc,phases   ] GC(66)   Post Evacuate Collection Set: 1.8ms
[2025-11-29T09:10:00.789+0000][38.007s][info ][gc,phases   ] GC(66)   Other: 0.1ms
[2025-11-29T09:10:00.789+0000][38.007s][info ][gc,heap     ] GC(66) Eden regions: 114->0(113)
[2025-11-29T09:10:00.789+0000][38.007s][info ][gc,heap     ] GC(66) Survivor regions: 8->10(16)
[2025-11-29T09:10:00.789+0000][38.007s][info ][gc,heap     ] GC(66) Old regions: 211->211
[2025-11-29T09:10:00.789+0000][38.007s][info ][gc,heap     ] GC(66) Archive regions: 2->2
[2025-11-29T09:10:00.789+0000][38.007s][info ][gc,heap     ] GC(66) Humongous regions: 1->1
[2025-11-29T09:10:00.789+0000][38.007s][info ][gc,metaspace] GC(66) Metaspace: 154030K(155136K)->154030K(155136K) NonClass: 135248K(135808K)->135248K(135808K) Class: 18781K(19328K)->18781K(19328K)
[2025-11-29T09:10:00.789+0000][38.007s][info ][gc          ] GC(66) Pause Young (Normal) (G1 Evacuation Pause) 334M->222M(386M) 6.869ms
[2025-11-29T09:10:00.789+0000][38.007s][info ][gc,cpu      ] GC(66) User=0.05s Sys=0.00s Real=0.01s
[2025-11-29T09:10:00.789+0000][38.007s][info ][safepoint   ] Safepoint "G1CollectForAllocation", Time since last: 560054231 ns, Reaching safepoint: 62256 ns, Cleanup: 51516 ns, At safepoint: 7038000 ns, Total: 7151772 ns
[2025-11-29T09:10:01.250+0000][38.468s][debug][safepoint   ] Safepoint synchronization initiated using futex wait barrier. (83 threads)
[2025-11-29T09:10:01.251+0000][38.469s][info ][gc,start    ] GC(67) Pause Young (Concurrent Start) (Metadata GC Threshold)
[2025-11-29T09:10:01.251+0000][38.469s][info ][gc,task     ] GC(67) Using 13 workers of 13 for evacuation
[2025-11-29T09:10:01.258+0000][38.476s][info ][gc,phases   ] GC(67)   Pre Evacuate Collection Set: 0.6ms
[2025-11-29T09:10:01.258+0000][38.476s][info ][gc,phases   ] GC(67)   Merge Heap Roots: 0.3ms
[2025-11-29T09:10:01.258+0000][38.476s][info ][gc,phases   ] GC(67)   Evacuate Collection Set: 4.5ms
[2025-11-29T09:10:01.258+0000][38.476s][info ][gc,phases   ] GC(67)   Post Evacuate Collection Set: 1.5ms
[2025-11-29T09:10:01.258+0000][38.476s][info ][gc,phases   ] GC(67)   Other: 0.2ms
[2025-11-29T09:10:01.258+0000][38.476s][info ][gc,heap     ] GC(67) Eden regions: 103->0(106)
[2025-11-29T09:10:01.258+0000][38.476s][info ][gc,heap     ] GC(67) Survivor regions: 10->11(16)
[2025-11-29T09:10:01.258+0000][38.476s][info ][gc,heap     ] GC(67) Old regions: 211->215
[2025-11-29T09:10:01.258+0000][38.476s][info ][gc,heap     ] GC(67) Archive regions: 2->2
[2025-11-29T09:10:01.258+0000][38.476s][info ][gc,heap     ] GC(67) Humongous regions: 1->1
[2025-11-29T09:10:01.258+0000][38.476s][info ][gc,metaspace] GC(67) Metaspace: 155173K(156288K)->155173K(156288K) NonClass: 136243K(136832K)->136243K(136832K) Class: 18929K(19456K)->18929K(19456K)
[2025-11-29T09:10:01.258+0000][38.476s][info ][gc          ] GC(67) Pause Young (Concurrent Start) (Metadata GC Threshold) 324M->226M(386M) 7.151ms
[2025-11-29T09:10:01.258+0000][38.476s][info ][gc,cpu      ] GC(67) User=0.07s Sys=0.01s Real=0.01s
[2025-11-29T09:10:01.258+0000][38.476s][info ][gc          ] GC(68) Concurrent Mark Cycle
[2025-11-29T09:10:01.258+0000][38.476s][info ][gc,marking  ] GC(68) Concurrent Clear Claimed Marks
[2025-11-29T09:10:01.258+0000][38.476s][info ][safepoint   ] Safepoint "CollectForMetadataAllocation", Time since last: 461319161 ns, Reaching safepoint: 58559 ns, Cleanup: 186286 ns, At safepoint: 7367148 ns, Total: 7611993 ns
[2025-11-29T09:10:01.258+0000][38.476s][info ][gc,marking  ] GC(68) Concurrent Clear Claimed Marks 0.187ms
[2025-11-29T09:10:01.258+0000][38.476s][info ][gc,marking  ] GC(68) Concurrent Scan Root Regions
[2025-11-29T09:10:01.258+0000][38.476s][debug][safepoint   ] Safepoint synchronization initiated using futex wait barrier. (83 threads)
[2025-11-29T09:10:01.258+0000][38.476s][info ][safepoint   ] Safepoint "CollectForMetadataAllocation", Time since last: 199827 ns, Reaching safepoint: 26930 ns, Cleanup: 3487 ns, At safepoint: 3827 ns, Total: 34244 ns
[2025-11-29T09:10:01.264+0000][38.482s][info ][gc,marking  ] GC(68) Concurrent Scan Root Regions 5.523ms
[2025-11-29T09:10:01.264+0000][38.482s][info ][gc,marking  ] GC(68) Concurrent Mark
[2025-11-29T09:10:01.264+0000][38.482s][info ][gc,marking  ] GC(68) Concurrent Mark From Roots
[2025-11-29T09:10:01.264+0000][38.482s][info ][gc,task     ] GC(68) Using 3 workers of 3 for marking
[2025-11-29T09:10:01.290+0000][38.508s][debug][safepoint   ] Safepoint synchronization initiated using futex wait barrier. (83 threads)
[2025-11-29T09:10:01.290+0000][38.508s][debug][safepoint   ] ... found polling page loop exception at pc = 0x0000738a894357ad, stub =0x0000738a88a04400
[2025-11-29T09:10:01.290+0000][38.508s][info ][safepoint   ] Safepoint "CollectForMetadataAllocation", Time since last: 31850863 ns, Reaching safepoint: 248397 ns, Cleanup: 4188 ns, At safepoint: 162051 ns, Total: 414636 ns
[2025-11-29T09:10:01.325+0000][38.543s][debug][safepoint   ] Safepoint synchronization initiated using futex wait barrier. (83 threads)
[2025-11-29T09:10:01.325+0000][38.543s][info ][safepoint   ] Safepoint "CollectForMetadataAllocation", Time since last: 34316425 ns, Reaching safepoint: 144969 ns, Cleanup: 31548 ns, At safepoint: 161160 ns, Total: 337677 ns
[2025-11-29T09:10:01.336+0000][38.554s][info ][gc,marking  ] GC(68) Concurrent Mark From Roots 72.795ms
[2025-11-29T09:10:01.336+0000][38.554s][info ][gc,marking  ] GC(68) Concurrent Preclean
[2025-11-29T09:10:01.337+0000][38.555s][info ][gc,marking  ] GC(68) Concurrent Preclean 0.284ms
[2025-11-29T09:10:01.337+0000][38.555s][debug][safepoint   ] Safepoint synchronization initiated using futex wait barrier. (83 threads)
[2025-11-29T09:10:01.337+0000][38.555s][info ][gc,start    ] GC(68) Pause Remark
[2025-11-29T09:10:01.344+0000][38.562s][info ][gc          ] GC(68) Pause Remark 249M->242M(409M) 6.835ms
[2025-11-29T09:10:01.344+0000][38.562s][info ][gc,cpu      ] GC(68) User=0.07s Sys=0.00s Real=0.01s
[2025-11-29T09:10:01.344+0000][38.562s][info ][safepoint   ] Safepoint "G1PauseRemark", Time since last: 11773829 ns, Reaching safepoint: 44373 ns, Cleanup: 9287 ns, At safepoint: 7074019 ns, Total: 7127679 ns
[2025-11-29T09:10:01.344+0000][38.562s][info ][gc,marking  ] GC(68) Concurrent Mark 80.420ms
[2025-11-29T09:10:01.344+0000][38.562s][info ][gc,marking  ] GC(68) Concurrent Rebuild Remembered Sets
[2025-11-29T09:10:01.384+0000][38.602s][info ][gc,marking  ] GC(68) Concurrent Rebuild Remembered Sets 40.084ms
[2025-11-29T09:10:01.384+0000][38.602s][debug][safepoint   ] Safepoint synchronization initiated using futex wait barrier. (83 threads)
[2025-11-29T09:10:01.384+0000][38.602s][info ][gc,start    ] GC(68) Pause Cleanup
[2025-11-29T09:10:01.385+0000][38.603s][info ][gc          ] GC(68) Pause Cleanup 246M->246M(409M) 0.495ms
[2025-11-29T09:10:01.385+0000][38.603s][info ][gc,cpu      ] GC(68) User=0.00s Sys=0.00s Real=0.00s
[2025-11-29T09:10:01.385+0000][38.603s][info ][safepoint   ] Safepoint "G1PauseCleanup", Time since last: 40305609 ns, Reaching safepoint: 32000 ns, Cleanup: 15719 ns, At safepoint: 645651 ns, Total: 693370 ns
[2025-11-29T09:10:01.385+0000][38.603s][info ][gc,marking  ] GC(68) Concurrent Cleanup for Next Mark
[2025-11-29T09:10:01.387+0000][38.605s][info ][gc,marking  ] GC(68) Concurrent Cleanup for Next Mark 2.176ms
[2025-11-29T09:10:01.387+0000][38.605s][info ][gc          ] GC(68) Concurrent Mark Cycle 129.450ms
[2025-11-29T09:10:01.794+0000][39.012s][debug][safepoint   ] Safepoint synchronization initiated using futex wait barrier. (82 threads)
[2025-11-29T09:10:01.795+0000][39.013s][info ][gc,start    ] GC(69) Pause Young (Prepare Mixed) (G1 Evacuation Pause)
[2025-11-29T09:10:01.795+0000][39.013s][info ][gc,task     ] GC(69) Using 13 workers of 13 for evacuation
[2025-11-29T09:10:01.802+0000][39.020s][info ][gc,phases   ] GC(69)   Pre Evacuate Collection Set: 0.4ms
[2025-11-29T09:10:01.802+0000][39.020s][info ][gc,phases   ] GC(69)   Merge Heap Roots: 0.3ms
[2025-11-29T09:10:01.802+0000][39.020s][info ][gc,phases   ] GC(69)   Evacuate Collection Set: 4.4ms
[2025-11-29T09:10:01.802+0000][39.020s][info ][gc,phases   ] GC(69)   Post Evacuate Collection Set: 1.9ms
[2025-11-29T09:10:01.802+0000][39.020s][info ][gc,phases   ] GC(69)   Other: 0.1ms
[2025-11-29T09:10:01.802+0000][39.020s][info ][gc,heap     ] GC(69) Eden regions: 105->0(10)
[2025-11-29T09:10:01.802+0000][39.020s][info ][gc,heap     ] GC(69) Survivor regions: 11->10(15)
[2025-11-29T09:10:01.802+0000][39.020s][info ][gc,heap     ] GC(69) Old regions: 209->212
[2025-11-29T09:10:01.802+0000][39.020s][info ][gc,heap     ] GC(69) Archive regions: 2->2
[2025-11-29T09:10:01.802+0000][39.020s][info ][gc,heap     ] GC(69) Humongous regions: 0->0
[2025-11-29T09:10:01.802+0000][39.020s][info ][gc,metaspace] GC(69) Metaspace: 156374K(157504K)->156374K(157504K) NonClass: 137201K(137792K)->137201K(137792K) Class: 19173K(19712K)->19173K(19712K)
[2025-11-29T09:10:01.802+0000][39.020s][info ][gc          ] GC(69) Pause Young (Prepare Mixed) (G1 Evacuation Pause) 324M->221M(409M) 7.186ms
[2025-11-29T09:10:01.802+0000][39.020s][info ][gc,cpu      ] GC(69) User=0.04s Sys=0.01s Real=0.01s
[2025-11-29T09:10:01.802+0000][39.020s][info ][safepoint   ] Safepoint "G1CollectForAllocation", Time since last: 409488885 ns, Reaching safepoint: 58739 ns, Cleanup: 50373 ns, At safepoint: 7433267 ns, Total: 7542379 ns
[2025-11-29T09:10:01.839+0000][39.057s][debug][safepoint   ] Safepoint synchronization initiated using futex wait barrier. (81 threads)
[2025-11-29T09:10:01.839+0000][39.057s][info ][gc,start    ] GC(70) Pause Young (Mixed) (G1 Evacuation Pause)
[2025-11-29T09:10:01.839+0000][39.057s][info ][gc,task     ] GC(70) Using 13 workers of 13 for evacuation
[2025-11-29T09:10:01.846+0000][39.064s][info ][gc,phases   ] GC(70)   Pre Evacuate Collection Set: 0.4ms
[2025-11-29T09:10:01.846+0000][39.064s][info ][gc,phases   ] GC(70)   Merge Heap Roots: 0.3ms
[2025-11-29T09:10:01.846+0000][39.064s][info ][gc,phases   ] GC(70)   Evacuate Collection Set: 4.6ms
[2025-11-29T09:10:01.846+0000][39.064s][info ][gc,phases   ] GC(70)   Post Evacuate Collection Set: 1.6ms
[2025-11-29T09:10:01.846+0000][39.064s][info ][gc,phases   ] GC(70)   Other: 0.2ms
[2025-11-29T09:10:01.846+0000][39.064s][info ][gc,heap     ] GC(70) Eden regions: 10->0(18)
[2025-11-29T09:10:01.846+0000][39.064s][info ][gc,heap     ] GC(70) Survivor regions: 10->2(3)
[2025-11-29T09:10:01.846+0000][39.064s][info ][gc,heap     ] GC(70) Old regions: 212->180
[2025-11-29T09:10:01.846+0000][39.064s][info ][gc,heap     ] GC(70) Archive regions: 2->2
[2025-11-29T09:10:01.846+0000][39.064s][info ][gc,heap     ] GC(70) Humongous regions: 0->0
[2025-11-29T09:10:01.846+0000][39.064s][info ][gc,metaspace] GC(70) Metaspace: 156401K(157568K)->156401K(157568K) NonClass: 137221K(137856K)->137221K(137856K) Class: 19179K(19712K)->19179K(19712K)
[2025-11-29T09:10:01.846+0000][39.064s][info ][gc          ] GC(70) Pause Young (Mixed) (G1 Evacuation Pause) 231M->181M(409M) 7.163ms
[2025-11-29T09:10:01.846+0000][39.064s][info ][gc,cpu      ] GC(70) User=0.05s Sys=0.00s Real=0.01s
[2025-11-29T09:10:01.846+0000][39.064s][info ][safepoint   ] Safepoint "G1CollectForAllocation", Time since last: 36641745 ns, Reaching safepoint: 68958 ns, Cleanup: 15168 ns, At safepoint: 7272718 ns, Total: 7356844 ns
[2025-11-29T09:10:01.932+0000][39.150s][debug][safepoint   ] Safepoint synchronization initiated using futex wait barrier. (80 threads)
[2025-11-29T09:10:01.932+0000][39.150s][info ][gc,start    ] GC(71) Pause Young (Mixed) (G1 Evacuation Pause)
[2025-11-29T09:10:01.932+0000][39.150s][info ][gc,task     ] GC(71) Using 13 workers of 13 for evacuation
[2025-11-29T09:10:01.937+0000][39.156s][info ][gc,phases   ] GC(71)   Pre Evacuate Collection Set: 0.5ms
[2025-11-29T09:10:01.938+0000][39.156s][info ][gc,phases   ] GC(71)   Merge Heap Roots: 0.4ms
[2025-11-29T09:10:01.938+0000][39.156s][info ][gc,phases   ] GC(71)   Evacuate Collection Set: 2.9ms
[2025-11-29T09:10:01.938+0000][39.156s][info ][gc,phases   ] GC(71)   Post Evacuate Collection Set: 1.8ms
[2025-11-29T09:10:01.938+0000][39.156s][info ][gc,phases   ] GC(71)   Other: 0.1ms
[2025-11-29T09:10:01.938+0000][39.156s][info ][gc,heap     ] GC(71) Eden regions: 18->0(193)
[2025-11-29T09:10:01.938+0000][39.156s][info ][gc,heap     ] GC(71) Survivor regions: 2->1(3)
[2025-11-29T09:10:01.938+0000][39.156s][info ][gc,heap     ] GC(71) Old regions: 180->155
[2025-11-29T09:10:01.938+0000][39.156s][info ][gc,heap     ] GC(71) Archive regions: 2->2
[2025-11-29T09:10:01.938+0000][39.156s][info ][gc,heap     ] GC(71) Humongous regions: 0->0
[2025-11-29T09:10:01.938+0000][39.156s][info ][gc,metaspace] GC(71) Metaspace: 156609K(157760K)->156609K(157760K) NonClass: 137392K(137984K)->137392K(137984K) Class: 19217K(19776K)->19217K(19776K)
[2025-11-29T09:10:01.938+0000][39.156s][info ][gc          ] GC(71) Pause Young (Mixed) (G1 Evacuation Pause) 199M->156M(409M) 5.908ms
[2025-11-29T09:10:01.938+0000][39.156s][info ][gc,cpu      ] GC(71) User=0.03s Sys=0.01s Real=0.01s
[2025-11-29T09:10:01.938+0000][39.156s][info ][safepoint   ] Safepoint "G1CollectForAllocation", Time since last: 85581402 ns, Reaching safepoint: 72695 ns, Cleanup: 31629 ns, At safepoint: 6070461 ns, Total: 6174785 ns
[2025-11-29T09:10:03.042+0000][40.260s][debug][safepoint   ] Safepoint synchronization initiated using futex wait barrier. (80 threads)
[2025-11-29T09:10:03.042+0000][40.260s][info ][safepoint   ] Safepoint "Cleanup", Time since last: 1103978368 ns, Reaching safepoint: 272176 ns, Cleanup: 118230 ns, At safepoint: 44222 ns, Total: 434628 ns
[2025-11-29T09:10:03.361+0000][40.579s][debug][safepoint   ] Safepoint synchronization initiated using futex wait barrier. (80 threads)
[2025-11-29T09:10:03.361+0000][40.579s][info ][gc,start    ] GC(72) Pause Young (Concurrent Start) (G1 Evacuation Pause)
[2025-11-29T09:10:03.361+0000][40.579s][info ][gc,task     ] GC(72) Using 13 workers of 13 for evacuation
[2025-11-29T09:10:03.368+0000][40.586s][info ][gc,phases   ] GC(72)   Pre Evacuate Collection Set: 0.6ms
[2025-11-29T09:10:03.368+0000][40.586s][info ][gc,phases   ] GC(72)   Merge Heap Roots: 0.3ms
[2025-11-29T09:10:03.368+0000][40.586s][info ][gc,phases   ] GC(72)   Evacuate Collection Set: 3.3ms
[2025-11-29T09:10:03.368+0000][40.586s][info ][gc,phases   ] GC(72)   Post Evacuate Collection Set: 1.9ms
[2025-11-29T09:10:03.368+0000][40.586s][info ][gc,phases   ] GC(72)   Other: 0.2ms
[2025-11-29T09:10:03.368+0000][40.586s][info ][gc,heap     ] GC(72) Eden regions: 193->0(192)
[2025-11-29T09:10:03.368+0000][40.586s][info ][gc,heap     ] GC(72) Survivor regions: 1->4(25)
[2025-11-29T09:10:03.368+0000][40.586s][info ][gc,heap     ] GC(72) Old regions: 155->155
[2025-11-29T09:10:03.368+0000][40.586s][info ][gc,heap     ] GC(72) Archive regions: 2->2
[2025-11-29T09:10:03.368+0000][40.586s][info ][gc,heap     ] GC(72) Humongous regions: 0->0
[2025-11-29T09:10:03.368+0000][40.586s][info ][gc,metaspace] GC(72) Metaspace: 160017K(161152K)->160017K(161152K) NonClass: 140340K(140928K)->140340K(140928K) Class: 19677K(20224K)->19677K(20224K)
[2025-11-29T09:10:03.368+0000][40.586s][info ][gc          ] GC(72) Pause Young (Concurrent Start) (G1 Evacuation Pause) 349M->159M(409M) 6.459ms
[2025-11-29T09:10:03.368+0000][40.586s][info ][gc,cpu      ] GC(72) User=0.03s Sys=0.00s Real=0.01s
[2025-11-29T09:10:03.368+0000][40.586s][info ][gc          ] GC(73) Concurrent Mark Cycle
[2025-11-29T09:10:03.368+0000][40.586s][info ][gc,marking  ] GC(73) Concurrent Clear Claimed Marks
[2025-11-29T09:10:03.368+0000][40.586s][info ][safepoint   ] Safepoint "G1CollectForAllocation", Time since last: 318923754 ns, Reaching safepoint: 123019 ns, Cleanup: 108883 ns, At safepoint: 6798594 ns, Total: 7030496 ns
[2025-11-29T09:10:03.368+0000][40.586s][info ][gc,marking  ] GC(73) Concurrent Clear Claimed Marks 0.204ms
[2025-11-29T09:10:03.368+0000][40.586s][info ][gc,marking  ] GC(73) Concurrent Scan Root Regions
[2025-11-29T09:10:03.371+0000][40.589s][info ][gc,marking  ] GC(73) Concurrent Scan Root Regions 2.513ms
[2025-11-29T09:10:03.371+0000][40.589s][info ][gc,marking  ] GC(73) Concurrent Mark
[2025-11-29T09:10:03.371+0000][40.589s][info ][gc,marking  ] GC(73) Concurrent Mark From Roots
[2025-11-29T09:10:03.371+0000][40.589s][info ][gc,task     ] GC(73) Using 3 workers of 3 for marking
[2025-11-29T09:10:03.446+0000][40.664s][info ][gc,marking  ] GC(73) Concurrent Mark From Roots 75.488ms
[2025-11-29T09:10:03.446+0000][40.664s][info ][gc,marking  ] GC(73) Concurrent Preclean
[2025-11-29T09:10:03.447+0000][40.665s][info ][gc,marking  ] GC(73) Concurrent Preclean 0.272ms
[2025-11-29T09:10:03.447+0000][40.665s][debug][safepoint   ] Safepoint synchronization initiated using futex wait barrier. (80 threads)
[2025-11-29T09:10:03.447+0000][40.665s][info ][gc,start    ] GC(73) Pause Remark
[2025-11-29T09:10:03.453+0000][40.671s][info ][gc          ] GC(73) Pause Remark 173M->173M(409M) 5.849ms
[2025-11-29T09:10:03.453+0000][40.671s][info ][gc,cpu      ] GC(73) User=0.05s Sys=0.00s Real=0.00s
[2025-11-29T09:10:03.453+0000][40.671s][info ][safepoint   ] Safepoint "G1PauseRemark", Time since last: 78515252 ns, Reaching safepoint: 128649 ns, Cleanup: 4248 ns, At safepoint: 6044012 ns, Total: 6176909 ns
[2025-11-29T09:10:03.453+0000][40.671s][info ][gc,marking  ] GC(73) Concurrent Mark 82.151ms
[2025-11-29T09:10:03.453+0000][40.671s][info ][gc,marking  ] GC(73) Concurrent Rebuild Remembered Sets
[2025-11-29T09:10:03.490+0000][40.708s][info ][gc,marking  ] GC(73) Concurrent Rebuild Remembered Sets 37.438ms
[2025-11-29T09:10:03.490+0000][40.708s][debug][safepoint   ] Safepoint synchronization initiated using futex wait barrier. (80 threads)
[2025-11-29T09:10:03.491+0000][40.709s][info ][gc,start    ] GC(73) Pause Cleanup
[2025-11-29T09:10:03.491+0000][40.709s][info ][gc          ] GC(73) Pause Cleanup 183M->183M(409M) 0.372ms
[2025-11-29T09:10:03.491+0000][40.709s][info ][gc,cpu      ] GC(73) User=0.00s Sys=0.00s Real=0.00s
[2025-11-29T09:10:03.491+0000][40.709s][info ][safepoint   ] Safepoint "G1PauseCleanup", Time since last: 37641644 ns, Reaching safepoint: 25637 ns, Cleanup: 30467 ns, At safepoint: 483730 ns, Total: 539834 ns
[2025-11-29T09:10:03.491+0000][40.709s][info ][gc,marking  ] GC(73) Concurrent Cleanup for Next Mark
[2025-11-29T09:10:03.492+0000][40.710s][info ][gc,marking  ] GC(73) Concurrent Cleanup for Next Mark 0.871ms
[2025-11-29T09:10:03.492+0000][40.710s][info ][gc          ] GC(73) Concurrent Mark Cycle 124.019ms
[2025-11-29T09:10:04.499+0000][41.717s][debug][safepoint   ] Safepoint synchronization initiated using futex wait barrier. (143 threads)
[2025-11-29T09:10:04.499+0000][41.717s][debug][safepoint   ] ... found polling page loop exception at pc = 0x0000738a89c46e6a, stub =0x0000738a88a04400
[2025-11-29T09:10:04.500+0000][41.718s][info ][safepoint   ] Safepoint "ICBufferFull", Time since last: 1008120821 ns, Reaching safepoint: 185535 ns, Cleanup: 174264 ns, At safepoint: 114493 ns, Total: 474292 ns
[2025-11-29T09:10:04.508+0000][41.726s][debug][safepoint   ] Safepoint synchronization initiated using futex wait barrier. (143 threads)
[2025-11-29T09:10:04.508+0000][41.726s][info ][gc,start    ] GC(74) Pause Young (Prepare Mixed) (G1 Evacuation Pause)
[2025-11-29T09:10:04.508+0000][41.726s][info ][gc,task     ] GC(74) Using 13 workers of 13 for evacuation
[2025-11-29T09:10:04.516+0000][41.734s][info ][gc,phases   ] GC(74)   Pre Evacuate Collection Set: 0.4ms
[2025-11-29T09:10:04.516+0000][41.734s][info ][gc,phases   ] GC(74)   Merge Heap Roots: 0.3ms
[2025-11-29T09:10:04.516+0000][41.734s][info ][gc,phases   ] GC(74)   Evacuate Collection Set: 4.3ms
[2025-11-29T09:10:04.516+0000][41.734s][info ][gc,phases   ] GC(74)   Post Evacuate Collection Set: 2.2ms
[2025-11-29T09:10:04.516+0000][41.734s][info ][gc,phases   ] GC(74)   Other: 0.2ms
[2025-11-29T09:10:04.516+0000][41.734s][info ][gc,heap     ] GC(74) Eden regions: 192->0(12)
[2025-11-29T09:10:04.516+0000][41.734s][info ][gc,heap     ] GC(74) Survivor regions: 4->8(25)
[2025-11-29T09:10:04.516+0000][41.734s][info ][gc,heap     ] GC(74) Old regions: 155->155
[2025-11-29T09:10:04.516+0000][41.734s][info ][gc,heap     ] GC(74) Archive regions: 2->2
[2025-11-29T09:10:04.516+0000][41.734s][info ][gc,heap     ] GC(74) Humongous regions: 0->0
[2025-11-29T09:10:04.516+0000][41.734s][info ][gc,metaspace] GC(74) Metaspace: 163583K(164864K)->163583K(164864K) NonClass: 143334K(144000K)->143334K(144000K) Class: 20249K(20864K)->20249K(20864K)
[2025-11-29T09:10:04.516+0000][41.734s][info ][gc          ] GC(74) Pause Young (Prepare Mixed) (G1 Evacuation Pause) 351M->163M(409M) 7.640ms
[2025-11-29T09:10:04.516+0000][41.734s][info ][gc,cpu      ] GC(74) User=0.05s Sys=0.01s Real=0.00s
[2025-11-29T09:10:04.516+0000][41.734s][info ][safepoint   ] Safepoint "G1CollectForAllocation", Time since last: 8248292 ns, Reaching safepoint: 299547 ns, Cleanup: 30366 ns, At safepoint: 8255246 ns, Total: 8585159 ns
[2025-11-29T09:10:04.554+0000][41.772s][debug][safepoint   ] Safepoint synchronization initiated using futex wait barrier. (144 threads)
[2025-11-29T09:10:04.554+0000][41.772s][debug][safepoint   ] ... found polling page loop exception at pc = 0x0000738a894e6a6e, stub =0x0000738a88a04400
[2025-11-29T09:10:04.554+0000][41.772s][info ][gc,start    ] GC(75) Pause Young (Mixed) (G1 Evacuation Pause)
[2025-11-29T09:10:04.554+0000][41.772s][info ][gc,task     ] GC(75) Using 13 workers of 13 for evacuation
[2025-11-29T09:10:04.562+0000][41.780s][info ][gc,phases   ] GC(75)   Pre Evacuate Collection Set: 0.4ms
[2025-11-29T09:10:04.562+0000][41.780s][info ][gc,phases   ] GC(75)   Merge Heap Roots: 0.3ms
[2025-11-29T09:10:04.562+0000][41.780s][info ][gc,phases   ] GC(75)   Evacuate Collection Set: 4.9ms
[2025-11-29T09:10:04.562+0000][41.780s][info ][gc,phases   ] GC(75)   Post Evacuate Collection Set: 1.8ms
[2025-11-29T09:10:04.562+0000][41.780s][info ][gc,phases   ] GC(75)   Other: 0.1ms
[2025-11-29T09:10:04.562+0000][41.780s][info ][gc,heap     ] GC(75) Eden regions: 12->0(191)
[2025-11-29T09:10:04.562+0000][41.780s][info ][gc,heap     ] GC(75) Survivor regions: 8->2(3)
[2025-11-29T09:10:04.562+0000][41.780s][info ][gc,heap     ] GC(75) Old regions: 155->158
[2025-11-29T09:10:04.562+0000][41.780s][info ][gc,heap     ] GC(75) Archive regions: 2->2
[2025-11-29T09:10:04.562+0000][41.780s][info ][gc,heap     ] GC(75) Humongous regions: 0->0
[2025-11-29T09:10:04.562+0000][41.780s][info ][gc,metaspace] GC(75) Metaspace: 163995K(165248K)->163995K(165248K) NonClass: 143707K(144384K)->143707K(144384K) Class: 20287K(20864K)->20287K(20864K)
[2025-11-29T09:10:04.562+0000][41.780s][info ][gc          ] GC(75) Pause Young (Mixed) (G1 Evacuation Pause) 175M->159M(409M) 7.758ms
[2025-11-29T09:10:04.562+0000][41.780s][info ][gc,cpu      ] GC(75) User=0.06s Sys=0.01s Real=0.01s
[2025-11-29T09:10:04.563+0000][41.781s][info ][safepoint   ] Safepoint "G1CollectForAllocation", Time since last: 37449347 ns, Reaching safepoint: 249183 ns, Cleanup: 62326 ns, At safepoint: 8452782 ns, Total: 8764291 ns
[2025-11-29T09:10:04.939+0000][42.157s][debug][safepoint   ] Safepoint synchronization initiated using futex wait barrier. (145 threads)
[2025-11-29T09:10:04.939+0000][42.157s][info ][gc,start    ] GC(76) Pause Young (Normal) (G1 Evacuation Pause)
[2025-11-29T09:10:04.939+0000][42.157s][info ][gc,task     ] GC(76) Using 13 workers of 13 for evacuation
[2025-11-29T09:10:04.952+0000][42.170s][info ][gc,phases   ] GC(76)   Pre Evacuate Collection Set: 0.4ms
[2025-11-29T09:10:04.952+0000][42.170s][info ][gc,phases   ] GC(76)   Merge Heap Roots: 0.3ms
[2025-11-29T09:10:04.952+0000][42.170s][info ][gc,phases   ] GC(76)   Evacuate Collection Set: 9.0ms
[2025-11-29T09:10:04.952+0000][42.170s][info ][gc,phases   ] GC(76)   Post Evacuate Collection Set: 2.7ms
[2025-11-29T09:10:04.952+0000][42.170s][info ][gc,phases   ] GC(76)   Other: 0.2ms
[2025-11-29T09:10:04.952+0000][42.170s][info ][gc,heap     ] GC(76) Eden regions: 191->0(146)
[2025-11-29T09:10:04.952+0000][42.170s][info ][gc,heap     ] GC(76) Survivor regions: 2->25(25)
[2025-11-29T09:10:04.952+0000][42.170s][info ][gc,heap     ] GC(76) Old regions: 158->159
[2025-11-29T09:10:04.952+0000][42.170s][info ][gc,heap     ] GC(76) Archive regions: 2->2
[2025-11-29T09:10:04.952+0000][42.170s][info ][gc,heap     ] GC(76) Humongous regions: 1->1
[2025-11-29T09:10:04.952+0000][42.170s][info ][gc,metaspace] GC(76) Metaspace: 166651K(167872K)->166651K(167872K) NonClass: 146079K(146688K)->146079K(146688K) Class: 20571K(21184K)->20571K(21184K)
[2025-11-29T09:10:04.952+0000][42.170s][info ][gc          ] GC(76) Pause Young (Normal) (G1 Evacuation Pause) 351M->185M(409M) 12.752ms
[2025-11-29T09:10:04.952+0000][42.170s][info ][gc,cpu      ] GC(76) User=0.11s Sys=0.01s Real=0.01s
[2025-11-29T09:10:04.953+0000][42.171s][info ][safepoint   ] Safepoint "G1CollectForAllocation", Time since last: 376493287 ns, Reaching safepoint: 94215 ns, Cleanup: 159085 ns, At safepoint: 13218794 ns, Total: 13472094 ns
[2025-11-29T09:10:05.148+0000][42.366s][debug][safepoint   ] Safepoint synchronization initiated using futex wait barrier. (145 threads)
[2025-11-29T09:10:05.148+0000][42.366s][info ][gc,start    ] GC(77) Pause Young (Normal) (G1 Evacuation Pause)
[2025-11-29T09:10:05.148+0000][42.366s][info ][gc,task     ] GC(77) Using 13 workers of 13 for evacuation
[2025-11-29T09:10:05.167+0000][42.385s][info ][gc,phases   ] GC(77)   Pre Evacuate Collection Set: 0.4ms
[2025-11-29T09:10:05.167+0000][42.385s][info ][gc,phases   ] GC(77)   Merge Heap Roots: 0.4ms
[2025-11-29T09:10:05.167+0000][42.385s][info ][gc,phases   ] GC(77)   Evacuate Collection Set: 16.2ms
[2025-11-29T09:10:05.167+0000][42.385s][info ][gc,phases   ] GC(77)   Post Evacuate Collection Set: 1.7ms
[2025-11-29T09:10:05.167+0000][42.385s][info ][gc,phases   ] GC(77)   Other: 0.2ms
[2025-11-29T09:10:05.167+0000][42.385s][info ][gc,heap     ] GC(77) Eden regions: 146->0(92)
[2025-11-29T09:10:05.167+0000][42.385s][info ][gc,heap     ] GC(77) Survivor regions: 25->22(22)
[2025-11-29T09:10:05.167+0000][42.385s][info ][gc,heap     ] GC(77) Old regions: 159->200
[2025-11-29T09:10:05.167+0000][42.385s][info ][gc,heap     ] GC(77) Archive regions: 2->2
[2025-11-29T09:10:05.167+0000][42.385s][info ][gc,heap     ] GC(77) Humongous regions: 4->4
[2025-11-29T09:10:05.167+0000][42.385s][info ][gc,metaspace] GC(77) Metaspace: 167501K(168704K)->167501K(168704K) NonClass: 146828K(147456K)->146828K(147456K) Class: 20673K(21248K)->20673K(21248K)
[2025-11-29T09:10:05.167+0000][42.385s][info ][gc          ] GC(77) Pause Young (Normal) (G1 Evacuation Pause) 334M->226M(409M) 19.005ms
[2025-11-29T09:10:05.167+0000][42.385s][info ][gc,cpu      ] GC(77) User=0.16s Sys=0.02s Real=0.02s
[2025-11-29T09:10:05.168+0000][42.386s][info ][safepoint   ] Safepoint "G1CollectForAllocation", Time since last: 195509041 ns, Reaching safepoint: 174344 ns, Cleanup: 29245 ns, At safepoint: 19504130 ns, Total: 19707719 ns
[2025-11-29T09:10:05.264+0000][42.482s][debug][safepoint   ] Safepoint synchronization initiated using futex wait barrier. (143 threads)
[2025-11-29T09:10:05.264+0000][42.482s][info ][gc,start    ] GC(78) Pause Young (Concurrent Start) (G1 Evacuation Pause)
[2025-11-29T09:10:05.264+0000][42.482s][info ][gc,task     ] GC(78) Using 13 workers of 13 for evacuation
[2025-11-29T09:10:05.281+0000][42.499s][info ][gc,phases   ] GC(78)   Pre Evacuate Collection Set: 0.6ms
[2025-11-29T09:10:05.281+0000][42.499s][info ][gc,phases   ] GC(78)   Merge Heap Roots: 0.3ms
[2025-11-29T09:10:05.281+0000][42.499s][info ][gc,phases   ] GC(78)   Evacuate Collection Set: 7.6ms
[2025-11-29T09:10:05.281+0000][42.499s][info ][gc,phases   ] GC(78)   Post Evacuate Collection Set: 8.1ms
[2025-11-29T09:10:05.281+0000][42.499s][info ][gc,phases   ] GC(78)   Other: 0.2ms
[2025-11-29T09:10:05.281+0000][42.499s][info ][gc,heap     ] GC(78) Eden regions: 92->0(289)
[2025-11-29T09:10:05.281+0000][42.499s][info ][gc,heap     ] GC(78) Survivor regions: 22->13(15)
[2025-11-29T09:10:05.281+0000][42.499s][info ][gc,heap     ] GC(78) Old regions: 200->225
[2025-11-29T09:10:05.281+0000][42.499s][info ][gc,heap     ] GC(78) Archive regions: 2->2
[2025-11-29T09:10:05.281+0000][42.499s][info ][gc,heap     ] GC(78) Humongous regions: 4->4
[2025-11-29T09:10:05.281+0000][42.499s][info ][gc,metaspace] GC(78) Metaspace: 168027K(169216K)->168027K(169216K) NonClass: 147283K(147904K)->147283K(147904K) Class: 20744K(21312K)->20744K(21312K)
[2025-11-29T09:10:05.281+0000][42.499s][info ][gc          ] GC(78) Pause Young (Concurrent Start) (G1 Evacuation Pause) 318M->241M(707M) 17.020ms
[2025-11-29T09:10:05.281+0000][42.499s][info ][gc,cpu      ] GC(78) User=0.09s Sys=0.02s Real=0.02s
[2025-11-29T09:10:05.281+0000][42.499s][info ][gc          ] GC(79) Concurrent Mark Cycle
[2025-11-29T09:10:05.281+0000][42.499s][info ][gc,marking  ] GC(79) Concurrent Clear Claimed Marks
[2025-11-29T09:10:05.282+0000][42.500s][info ][gc,marking  ] GC(79) Concurrent Clear Claimed Marks 0.246ms
[2025-11-29T09:10:05.282+0000][42.500s][info ][gc,marking  ] GC(79) Concurrent Scan Root Regions
[2025-11-29T09:10:05.282+0000][42.500s][info ][safepoint   ] Safepoint "G1CollectForAllocation", Time since last: 96376695 ns, Reaching safepoint: 54762 ns, Cleanup: 19546 ns, At safepoint: 17688299 ns, Total: 17762607 ns
[2025-11-29T09:10:05.288+0000][42.506s][info ][gc,marking  ] GC(79) Concurrent Scan Root Regions 6.302ms
[2025-11-29T09:10:05.288+0000][42.506s][info ][gc,marking  ] GC(79) Concurrent Mark
[2025-11-29T09:10:05.288+0000][42.506s][info ][gc,marking  ] GC(79) Concurrent Mark From Roots
[2025-11-29T09:10:05.288+0000][42.506s][info ][gc,task     ] GC(79) Using 3 workers of 3 for marking
[2025-11-29T09:10:05.361+0000][42.579s][info ][gc,marking  ] GC(79) Concurrent Mark From Roots 73.347ms
[2025-11-29T09:10:05.362+0000][42.580s][info ][gc,marking  ] GC(79) Concurrent Preclean
[2025-11-29T09:10:05.362+0000][42.580s][info ][gc,marking  ] GC(79) Concurrent Preclean 0.526ms
[2025-11-29T09:10:05.362+0000][42.580s][debug][safepoint   ] Safepoint synchronization initiated using futex wait barrier. (143 threads)
[2025-11-29T09:10:05.367+0000][42.585s][info ][gc,start    ] GC(79) Pause Remark
[2025-11-29T09:10:05.385+0000][42.603s][info ][gc          ] GC(79) Pause Remark 271M->249M(707M) 17.959ms
[2025-11-29T09:10:05.385+0000][42.603s][info ][gc,cpu      ] GC(79) User=0.16s Sys=0.00s Real=0.01s
[2025-11-29T09:10:05.386+0000][42.604s][info ][safepoint   ] Safepoint "G1PauseRemark", Time since last: 80214663 ns, Reaching safepoint: 4584146 ns, Cleanup: 21340 ns, At safepoint: 18810791 ns, Total: 23416277 ns
[2025-11-29T09:10:05.388+0000][42.606s][info ][gc,marking  ] GC(79) Concurrent Mark 99.922ms
[2025-11-29T09:10:05.388+0000][42.606s][info ][gc,marking  ] GC(79) Concurrent Rebuild Remembered Sets
[2025-11-29T09:10:05.488+0000][42.706s][info ][gc,marking  ] GC(79) Concurrent Rebuild Remembered Sets 100.151ms
[2025-11-29T09:10:05.488+0000][42.706s][debug][safepoint   ] Safepoint synchronization initiated using futex wait barrier. (146 threads)
[2025-11-29T09:10:05.511+0000][42.729s][info ][gc,start    ] GC(79) Pause Cleanup
[2025-11-29T09:10:05.512+0000][42.730s][info ][gc          ] GC(79) Pause Cleanup 266M->266M(707M) 0.795ms
[2025-11-29T09:10:05.512+0000][42.730s][info ][gc,cpu      ] GC(79) User=0.00s Sys=0.00s Real=0.00s
[2025-11-29T09:10:05.513+0000][42.731s][info ][safepoint   ] Safepoint "G1PauseCleanup", Time since last: 102776474 ns, Reaching safepoint: 22958077 ns, Cleanup: 38772 ns, At safepoint: 1361128 ns, Total: 24357977 ns
[2025-11-29T09:10:05.513+0000][42.731s][info ][gc,marking  ] GC(79) Concurrent Cleanup for Next Mark
[2025-11-29T09:10:05.521+0000][42.739s][info ][gc,marking  ] GC(79) Concurrent Cleanup for Next Mark 8.551ms
[2025-11-29T09:10:05.521+0000][42.739s][info ][gc          ] GC(79) Concurrent Mark Cycle 239.947ms
[2025-11-29T09:10:05.993+0000][43.211s][debug][safepoint   ] Safepoint synchronization initiated using futex wait barrier. (165 threads)
[2025-11-29T09:10:05.994+0000][43.212s][info ][safepoint   ] Safepoint "ICBufferFull", Time since last: 480459465 ns, Reaching safepoint: 441630 ns, Cleanup: 185916 ns, At safepoint: 300468 ns, Total: 928014 ns
[2025-11-29T09:10:05.996+0000][43.214s][debug][safepoint   ] Safepoint synchronization initiated using futex wait barrier. (166 threads)
[2025-11-29T09:10:05.996+0000][43.215s][info ][safepoint   ] Safepoint "ICBufferFull", Time since last: 858855 ns, Reaching safepoint: 1195562 ns, Cleanup: 8525 ns, At safepoint: 323161 ns, Total: 1527248 ns
[2025-11-29T09:10:06.231+0000][43.449s][debug][safepoint   ] Safepoint synchronization initiated using futex wait barrier. (238 threads)
[2025-11-29T09:10:06.231+0000][43.449s][info ][gc,start    ] GC(80) Pause Young (Prepare Mixed) (G1 Evacuation Pause)
[2025-11-29T09:10:06.231+0000][43.449s][info ][gc,task     ] GC(80) Using 13 workers of 13 for evacuation
[2025-11-29T09:10:06.247+0000][43.465s][info ][gc,phases   ] GC(80)   Pre Evacuate Collection Set: 0.4ms
[2025-11-29T09:10:06.247+0000][43.465s][info ][gc,phases   ] GC(80)   Merge Heap Roots: 0.3ms
[2025-11-29T09:10:06.247+0000][43.465s][info ][gc,phases   ] GC(80)   Evacuate Collection Set: 12.7ms
[2025-11-29T09:10:06.247+0000][43.465s][info ][gc,phases   ] GC(80)   Post Evacuate Collection Set: 1.9ms
[2025-11-29T09:10:06.247+0000][43.465s][info ][gc,phases   ] GC(80)   Other: 0.2ms
[2025-11-29T09:10:06.247+0000][43.465s][info ][gc,heap     ] GC(80) Eden regions: 289->0(18)
[2025-11-29T09:10:06.247+0000][43.465s][info ][gc,heap     ] GC(80) Survivor regions: 13->17(38)
[2025-11-29T09:10:06.247+0000][43.465s][info ][gc,heap     ] GC(80) Old regions: 207->207
[2025-11-29T09:10:06.247+0000][43.465s][info ][gc,heap     ] GC(80) Archive regions: 2->2
[2025-11-29T09:10:06.247+0000][43.465s][info ][gc,heap     ] GC(80) Humongous regions: 0->0
[2025-11-29T09:10:06.247+0000][43.465s][info ][gc,metaspace] GC(80) Metaspace: 173713K(174976K)->173713K(174976K) NonClass: 152235K(152896K)->152235K(152896K) Class: 21478K(22080K)->21478K(22080K)
[2025-11-29T09:10:06.247+0000][43.465s][info ][gc          ] GC(80) Pause Young (Prepare Mixed) (G1 Evacuation Pause) 508M->223M(707M) 15.644ms
[2025-11-29T09:10:06.247+0000][43.465s][info ][gc,cpu      ] GC(80) User=0.11s Sys=0.08s Real=0.02s
[2025-11-29T09:10:06.248+0000][43.466s][info ][safepoint   ] Safepoint "G1CollectForAllocation", Time since last: 234422395 ns, Reaching safepoint: 68538 ns, Cleanup: 131895 ns, At safepoint: 16606357 ns, Total: 16806790 ns
[2025-11-29T09:10:06.275+0000][43.495s][debug][safepoint   ] Safepoint synchronization initiated using futex wait barrier. (238 threads)
[2025-11-29T09:10:06.276+0000][43.495s][info ][gc,start    ] GC(81) Pause Young (Mixed) (G1 Evacuation Pause)
[2025-11-29T09:10:06.276+0000][43.495s][info ][gc,task     ] GC(81) Using 13 workers of 13 for evacuation
[2025-11-29T09:10:06.283+0000][43.502s][info ][gc,phases   ] GC(81)   Pre Evacuate Collection Set: 0.5ms
[2025-11-29T09:10:06.283+0000][43.503s][info ][gc,phases   ] GC(81)   Merge Heap Roots: 0.5ms
[2025-11-29T09:10:06.283+0000][43.503s][info ][gc,phases   ] GC(81)   Evacuate Collection Set: 5.0ms
[2025-11-29T09:10:06.283+0000][43.503s][info ][gc,phases   ] GC(81)   Post Evacuate Collection Set: 1.5ms
[2025-11-29T09:10:06.283+0000][43.503s][info ][gc,phases   ] GC(81)   Other: 0.2ms
[2025-11-29T09:10:06.283+0000][43.503s][info ][gc,heap     ] GC(81) Eden regions: 18->0(355)
[2025-11-29T09:10:06.283+0000][43.503s][info ][gc,heap     ] GC(81) Survivor regions: 17->3(5)
[2025-11-29T09:10:06.283+0000][43.503s][info ][gc,heap     ] GC(81) Old regions: 207->206
[2025-11-29T09:10:06.283+0000][43.503s][info ][gc,heap     ] GC(81) Archive regions: 2->2
[2025-11-29T09:10:06.283+0000][43.503s][info ][gc,heap     ] GC(81) Humongous regions: 0->0
[2025-11-29T09:10:06.283+0000][43.503s][info ][gc,metaspace] GC(81) Metaspace: 173850K(175104K)->173850K(175104K) NonClass: 152360K(153024K)->152360K(153024K) Class: 21489K(22080K)->21489K(22080K)
[2025-11-29T09:10:06.284+0000][43.503s][info ][gc          ] GC(81) Pause Young (Mixed) (G1 Evacuation Pause) 241M->208M(707M) 7.836ms
[2025-11-29T09:10:06.284+0000][43.503s][info ][gc,cpu      ] GC(81) User=0.07s Sys=0.00s Real=0.01s
[2025-11-29T09:10:06.284+0000][43.503s][info ][safepoint   ] Safepoint "G1CollectForAllocation", Time since last: 28868662 ns, Reaching safepoint: 78195 ns, Cleanup: 40435 ns, At safepoint: 8152535 ns, Total: 8271165 ns
[2025-11-29T09:10:06.963+0000][44.182s][debug][safepoint   ] Safepoint synchronization initiated using futex wait barrier. (247 threads)
[2025-11-29T09:10:06.963+0000][44.182s][info ][gc,start    ] GC(82) Pause Young (Normal) (G1 Evacuation Pause)
[2025-11-29T09:10:06.963+0000][44.182s][info ][gc,task     ] GC(82) Using 13 workers of 13 for evacuation
[2025-11-29T09:10:06.977+0000][44.196s][info ][gc,phases   ] GC(82)   Pre Evacuate Collection Set: 0.4ms
[2025-11-29T09:10:06.977+0000][44.196s][info ][gc,phases   ] GC(82)   Merge Heap Roots: 0.4ms
[2025-11-29T09:10:06.977+0000][44.196s][info ][gc,phases   ] GC(82)   Evacuate Collection Set: 11.3ms
[2025-11-29T09:10:06.977+0000][44.196s][info ][gc,phases   ] GC(82)   Post Evacuate Collection Set: 1.8ms
[2025-11-29T09:10:06.977+0000][44.196s][info ][gc,phases   ] GC(82)   Other: 0.2ms
[2025-11-29T09:10:06.977+0000][44.196s][info ][gc,heap     ] GC(82) Eden regions: 355->0(293)
[2025-11-29T09:10:06.977+0000][44.196s][info ][gc,heap     ] GC(82) Survivor regions: 3->44(45)
[2025-11-29T09:10:06.977+0000][44.196s][info ][gc,heap     ] GC(82) Old regions: 206->206
[2025-11-29T09:10:06.977+0000][44.196s][info ][gc,heap     ] GC(82) Archive regions: 2->2
[2025-11-29T09:10:06.977+0000][44.196s][info ][gc,heap     ] GC(82) Humongous regions: 3->3
[2025-11-29T09:10:06.977+0000][44.196s][info ][gc,metaspace] GC(82) Metaspace: 175462K(176704K)->175462K(176704K) NonClass: 153746K(154368K)->153746K(154368K) Class: 21715K(22336K)->21715K(22336K)
[2025-11-29T09:10:06.977+0000][44.196s][info ][gc          ] GC(82) Pause Young (Normal) (G1 Evacuation Pause) 566M->252M(707M) 14.253ms
[2025-11-29T09:10:06.977+0000][44.196s][info ][gc,cpu      ] GC(82) User=0.14s Sys=0.01s Real=0.02s
[2025-11-29T09:10:06.978+0000][44.198s][info ][safepoint   ] Safepoint "G1CollectForAllocation", Time since last: 678889432 ns, Reaching safepoint: 75851 ns, Cleanup: 196074 ns, At safepoint: 15469968 ns, Total: 15741893 ns
[2025-11-29T09:10:07.280+0000][44.499s][debug][safepoint   ] Safepoint synchronization initiated using futex wait barrier. (248 threads)
[2025-11-29T09:10:07.280+0000][44.500s][info ][safepoint   ] Safepoint "ICBufferFull", Time since last: 301342713 ns, Reaching safepoint: 184212 ns, Cleanup: 244855 ns, At safepoint: 273829 ns, Total: 702896 ns
[2025-11-29T09:10:07.605+0000][44.824s][debug][safepoint   ] Safepoint synchronization initiated using futex wait barrier. (261 threads)
[2025-11-29T09:10:07.607+0000][44.826s][info ][safepoint   ] Safepoint "ICBufferFull", Time since last: 324467480 ns, Reaching safepoint: 657922 ns, Cleanup: 722933 ns, At safepoint: 311679 ns, Total: 1692534 ns
[2025-11-29T09:10:08.037+0000][45.256s][debug][safepoint   ] ... found polling page loop exception at pc = 0x0000738a894e6a6e, stub =0x0000738a88a04400
[2025-11-29T09:10:08.349+0000][45.569s][debug][safepoint   ] Safepoint synchronization initiated using futex wait barrier. (267 threads)
[2025-11-29T09:10:08.350+0000][45.569s][debug][safepoint   ] ... found polling page loop exception at pc = 0x0000738a8939fa43, stub =0x0000738a88a04400
[2025-11-29T09:10:08.350+0000][45.569s][info ][safepoint   ] Safepoint "ICBufferFull", Time since last: 742894166 ns, Reaching safepoint: 235327 ns, Cleanup: 223575 ns, At safepoint: 189102 ns, Total: 648004 ns
[2025-11-29T09:10:08.369+0000][45.588s][debug][safepoint   ] Safepoint synchronization initiated using futex wait barrier. (267 threads)
[2025-11-29T09:10:08.374+0000][45.593s][info ][gc,start    ] GC(83) Pause Young (Normal) (G1 Evacuation Pause)
[2025-11-29T09:10:08.374+0000][45.593s][info ][gc,task     ] GC(83) Using 13 workers of 13 for evacuation
[2025-11-29T09:10:08.395+0000][45.614s][info ][gc,phases   ] GC(83)   Pre Evacuate Collection Set: 0.6ms
[2025-11-29T09:10:08.395+0000][45.614s][info ][gc,phases   ] GC(83)   Merge Heap Roots: 0.3ms
[2025-11-29T09:10:08.395+0000][45.614s][info ][gc,phases   ] GC(83)   Evacuate Collection Set: 17.7ms
[2025-11-29T09:10:08.395+0000][45.614s][info ][gc,phases   ] GC(83)   Post Evacuate Collection Set: 2.4ms
[2025-11-29T09:10:08.395+0000][45.614s][info ][gc,phases   ] GC(83)   Other: 0.4ms
[2025-11-29T09:10:08.395+0000][45.614s][info ][gc,heap     ] GC(83) Eden regions: 293->0(304)
[2025-11-29T09:10:08.395+0000][45.615s][info ][gc,heap     ] GC(83) Survivor regions: 44->11(43)
[2025-11-29T09:10:08.395+0000][45.615s][info ][gc,heap     ] GC(83) Old regions: 206->243
[2025-11-29T09:10:08.395+0000][45.615s][info ][gc,heap     ] GC(83) Archive regions: 2->2
[2025-11-29T09:10:08.395+0000][45.615s][info ][gc,heap     ] GC(83) Humongous regions: 3->3
[2025-11-29T09:10:08.395+0000][45.615s][info ][gc,metaspace] GC(83) Metaspace: 183465K(184832K)->183465K(184832K) NonClass: 160906K(161600K)->160906K(161600K) Class: 22558K(23232K)->22558K(23232K)
[2025-11-29T09:10:08.395+0000][45.615s][info ][gc          ] GC(83) Pause Young (Normal) (G1 Evacuation Pause) 545M->256M(707M) 21.526ms
[2025-11-29T09:10:08.396+0000][45.615s][info ][gc,cpu      ] GC(83) User=0.24s Sys=0.01s Real=0.02s
[2025-11-29T09:10:08.396+0000][45.616s][info ][safepoint   ] Safepoint "G1CollectForAllocation", Time since last: 19185808 ns, Reaching safepoint: 4496093 ns, Cleanup: 36307 ns, At safepoint: 22553074 ns, Total: 27085474 ns
[2025-11-29T09:10:09.468+0000][46.687s][debug][safepoint   ] Safepoint synchronization initiated using futex wait barrier. (259 threads)
[2025-11-29T09:10:09.468+0000][46.687s][info ][safepoint   ] Safepoint "Cleanup", Time since last: 1071380353 ns, Reaching safepoint: 379386 ns, Cleanup: 118931 ns, At safepoint: 72915 ns, Total: 571232 ns
[2025-11-29T09:10:10.382+0000][47.601s][debug][safepoint   ] Safepoint synchronization initiated using futex wait barrier. (260 threads)
[2025-11-29T09:10:10.382+0000][47.601s][info ][safepoint   ] Safepoint "ICBufferFull", Time since last: 913240265 ns, Reaching safepoint: 62196 ns, Cleanup: 192378 ns, At safepoint: 4067 ns, Total: 258641 ns
[2025-11-29T09:10:11.382+0000][48.601s][debug][safepoint   ] Safepoint synchronization initiated using futex wait barrier. (261 threads)
[2025-11-29T09:10:11.382+0000][48.601s][info ][safepoint   ] Safepoint "Cleanup", Time since last: 1000209285 ns, Reaching safepoint: 67396 ns, Cleanup: 30045 ns, At safepoint: 3046 ns, Total: 100487 ns
[2025-11-29T09:10:12.382+0000][49.601s][debug][safepoint   ] Safepoint synchronization initiated using futex wait barrier. (263 threads)
[2025-11-29T09:10:12.382+0000][49.602s][info ][safepoint   ] Safepoint "Cleanup", Time since last: 1000140636 ns, Reaching safepoint: 72766 ns, Cleanup: 53008 ns, At safepoint: 28012 ns, Total: 153786 ns
[2025-11-29T09:10:12.802+0000][50.021s][debug][safepoint   ] Safepoint synchronization initiated using futex wait barrier. (262 threads)
[2025-11-29T09:10:12.802+0000][50.022s][info ][gc,start    ] GC(84) Pause Young (Concurrent Start) (G1 Humongous Allocation)
[2025-11-29T09:10:12.803+0000][50.022s][info ][gc,task     ] GC(84) Using 13 workers of 13 for evacuation
[2025-11-29T09:10:12.827+0000][50.046s][info ][gc,phases   ] GC(84)   Pre Evacuate Collection Set: 0.6ms
[2025-11-29T09:10:12.827+0000][50.046s][info ][gc,phases   ] GC(84)   Merge Heap Roots: 0.2ms
[2025-11-29T09:10:12.827+0000][50.046s][info ][gc,phases   ] GC(84)   Evacuate Collection Set: 19.0ms
[2025-11-29T09:10:12.827+0000][50.046s][info ][gc,phases   ] GC(84)   Post Evacuate Collection Set: 4.2ms
[2025-11-29T09:10:12.827+0000][50.046s][info ][gc,phases   ] GC(84)   Other: 0.3ms
[2025-11-29T09:10:12.827+0000][50.046s][info ][gc,heap     ] GC(84) Eden regions: 118->0(313)
[2025-11-29T09:10:12.827+0000][50.046s][info ][gc,heap     ] GC(84) Survivor regions: 11->10(40)
[2025-11-29T09:10:12.827+0000][50.046s][info ][gc,heap     ] GC(84) Old regions: 243->243
[2025-11-29T09:10:12.827+0000][50.046s][info ][gc,heap     ] GC(84) Archive regions: 2->2
[2025-11-29T09:10:12.827+0000][50.046s][info ][gc,heap     ] GC(84) Humongous regions: 74->7
[2025-11-29T09:10:12.827+0000][50.046s][info ][gc,metaspace] GC(84) Metaspace: 188260K(189568K)->188260K(189568K) NonClass: 165153K(165824K)->165153K(165824K) Class: 23107K(23744K)->23107K(23744K)
[2025-11-29T09:10:12.827+0000][50.046s][info ][gc          ] GC(84) Pause Young (Concurrent Start) (G1 Humongous Allocation) 445M->259M(707M) 24.342ms
[2025-11-29T09:10:12.827+0000][50.046s][info ][gc,cpu      ] GC(84) User=0.04s Sys=0.02s Real=0.03s
[2025-11-29T09:10:12.827+0000][50.046s][info ][gc          ] GC(85) Concurrent Undo Cycle
[2025-11-29T09:10:12.827+0000][50.046s][info ][gc,marking  ] GC(85) Concurrent Cleanup for Next Mark
[2025-11-29T09:10:12.827+0000][50.047s][info ][safepoint   ] Safepoint "G1TryInitiateConcMark", Time since last: 419905509 ns, Reaching safepoint: 67420 ns, Cleanup: 9530 ns, At safepoint: 24954838 ns, Total: 25031788 ns
[2025-11-29T09:10:12.829+0000][50.048s][info ][gc,marking  ] GC(85) Concurrent Cleanup for Next Mark 1.978ms
[2025-11-29T09:10:12.829+0000][50.048s][info ][gc          ] GC(85) Concurrent Undo Cycle 2.114ms
[2025-11-29T09:10:13.494+0000][50.713s][debug][safepoint   ] Safepoint synchronization initiated using futex wait barrier. (262 threads)
[2025-11-29T09:10:13.494+0000][50.713s][info ][gc,start    ] GC(86) Pause Young (Normal) (G1 Evacuation Pause)
[2025-11-29T09:10:13.494+0000][50.713s][info ][gc,task     ] GC(86) Using 13 workers of 13 for evacuation
[2025-11-29T09:10:13.547+0000][50.766s][info ][gc,phases   ] GC(86)   Pre Evacuate Collection Set: 0.4ms
[2025-11-29T09:10:13.547+0000][50.766s][info ][gc,phases   ] GC(86)   Merge Heap Roots: 0.3ms
[2025-11-29T09:10:13.547+0000][50.766s][info ][gc,phases   ] GC(86)   Evacuate Collection Set: 49.7ms
[2025-11-29T09:10:13.547+0000][50.766s][info ][gc,phases   ] GC(86)   Post Evacuate Collection Set: 2.1ms
[2025-11-29T09:10:13.547+0000][50.766s][info ][gc,phases   ] GC(86)   Other: 0.3ms
[2025-11-29T09:10:13.547+0000][50.766s][info ][gc,heap     ] GC(86) Eden regions: 313->0(190)
[2025-11-29T09:10:13.547+0000][50.766s][info ][gc,heap     ] GC(86) Survivor regions: 10->41(41)
[2025-11-29T09:10:13.547+0000][50.766s][info ][gc,heap     ] GC(86) Old regions: 243->308
[2025-11-29T09:10:13.547+0000][50.766s][info ][gc,heap     ] GC(86) Archive regions: 2->2
[2025-11-29T09:10:13.547+0000][50.766s][info ][gc,heap     ] GC(86) Humongous regions: 45->12
[2025-11-29T09:10:13.547+0000][50.766s][info ][gc,metaspace] GC(86) Metaspace: 188801K(190144K)->188801K(190144K) NonClass: 165636K(166336K)->165636K(166336K) Class: 23164K(23808K)->23164K(23808K)
[2025-11-29T09:10:13.547+0000][50.766s][info ][gc          ] GC(86) Pause Young (Normal) (G1 Evacuation Pause) 610M->361M(719M) 52.869ms
[2025-11-29T09:10:13.547+0000][50.766s][info ][gc,cpu      ] GC(86) User=0.42s Sys=0.07s Real=0.06s
[2025-11-29T09:10:13.548+0000][50.767s][info ][safepoint   ] Safepoint "G1CollectForAllocation", Time since last: 666394062 ns, Reaching safepoint: 96962 ns, Cleanup: 55325 ns, At safepoint: 54364492 ns, Total: 54516779 ns
[2025-11-29T09:10:13.967+0000][51.187s][debug][safepoint   ] Safepoint synchronization initiated using futex wait barrier. (263 threads)
[2025-11-29T09:10:13.968+0000][51.187s][info ][gc,start    ] GC(87) Pause Young (Normal) (G1 Evacuation Pause)
[2025-11-29T09:10:13.968+0000][51.187s][info ][gc,task     ] GC(87) Using 13 workers of 13 for evacuation
[2025-11-29T09:10:13.995+0000][51.214s][info ][gc,phases   ] GC(87)   Pre Evacuate Collection Set: 0.4ms
[2025-11-29T09:10:13.995+0000][51.214s][info ][gc,phases   ] GC(87)   Merge Heap Roots: 0.3ms
[2025-11-29T09:10:13.995+0000][51.214s][info ][gc,phases   ] GC(87)   Evacuate Collection Set: 24.6ms
[2025-11-29T09:10:13.995+0000][51.214s][info ][gc,phases   ] GC(87)   Post Evacuate Collection Set: 1.7ms
[2025-11-29T09:10:13.995+0000][51.214s][info ][gc,phases   ] GC(87)   Other: 0.2ms
[2025-11-29T09:10:13.995+0000][51.214s][info ][gc,heap     ] GC(87) Eden regions: 190->0(151)
[2025-11-29T09:10:13.995+0000][51.214s][info ][gc,heap     ] GC(87) Survivor regions: 41->29(29)
[2025-11-29T09:10:13.995+0000][51.214s][info ][gc,heap     ] GC(87) Old regions: 308->367
[2025-11-29T09:10:13.995+0000][51.214s][info ][gc,heap     ] GC(87) Archive regions: 2->2
[2025-11-29T09:10:13.995+0000][51.214s][info ][gc,heap     ] GC(87) Humongous regions: 31->13
[2025-11-29T09:10:13.995+0000][51.214s][info ][gc,metaspace] GC(87) Metaspace: 189356K(190720K)->189356K(190720K) NonClass: 166135K(166848K)->166135K(166848K) Class: 23221K(23872K)->23221K(23872K)
[2025-11-29T09:10:13.995+0000][51.214s][info ][gc          ] GC(87) Pause Young (Normal) (G1 Evacuation Pause) 570M->409M(719M) 27.319ms
[2025-11-29T09:10:13.995+0000][51.214s][info ][gc,cpu      ] GC(87) User=0.33s Sys=0.01s Real=0.02s
[2025-11-29T09:10:13.996+0000][51.216s][info ][safepoint   ] Safepoint "G1CollectForAllocation", Time since last: 419087478 ns, Reaching safepoint: 65937 ns, Cleanup: 113285 ns, At safepoint: 28811796 ns, Total: 28991018 ns
[2025-11-29T09:10:14.418+0000][51.637s][debug][safepoint   ] Safepoint synchronization initiated using futex wait barrier. (269 threads)
[2025-11-29T09:10:14.418+0000][51.637s][info ][safepoint   ] Safepoint "ICBufferFull", Time since last: 421426157 ns, Reaching safepoint: 69555 ns, Cleanup: 197680 ns, At safepoint: 59884 ns, Total: 327119 ns
[2025-11-29T09:10:15.490+0000][52.710s][debug][safepoint   ] Safepoint synchronization initiated using futex wait barrier. (268 threads)
[2025-11-29T09:10:15.491+0000][52.710s][info ][safepoint   ] Safepoint "Cleanup", Time since last: 1072365276 ns, Reaching safepoint: 75406 ns, Cleanup: 73132 ns, At safepoint: 3518 ns, Total: 152056 ns
[2025-11-29T09:10:17.491+0000][54.710s][debug][safepoint   ] Safepoint synchronization initiated using futex wait barrier. (264 threads)
[2025-11-29T09:10:17.491+0000][54.710s][info ][safepoint   ] Safepoint "Cleanup", Time since last: 2000344980 ns, Reaching safepoint: 103352 ns, Cleanup: 25628 ns, At safepoint: 5280 ns, Total: 134260 ns
[2025-11-29T09:10:20.492+0000][57.711s][debug][safepoint   ] Safepoint synchronization initiated using futex wait barrier. (263 threads)
[2025-11-29T09:10:20.492+0000][57.711s][info ][safepoint   ] Safepoint "Cleanup", Time since last: 3000421763 ns, Reaching safepoint: 98393 ns, Cleanup: 12994 ns, At safepoint: 3397 ns, Total: 114784 ns
[2025-11-29T09:10:22.492+0000][59.711s][debug][safepoint   ] Safepoint synchronization initiated using futex wait barrier. (264 threads)
[2025-11-29T09:10:22.492+0000][59.711s][info ][safepoint   ] Safepoint "Cleanup", Time since last: 2000408921 ns, Reaching safepoint: 147656 ns, Cleanup: 29939 ns, At safepoint: 46520 ns, Total: 224115 ns
[2025-11-29T09:10:27.910+0000][65.129s][debug][safepoint   ] Safepoint synchronization initiated using futex wait barrier. (266 threads)
[2025-11-29T09:10:27.910+0000][65.129s][info ][safepoint   ] Safepoint "Cleanup", Time since last: 5417867744 ns, Reaching safepoint: 128920 ns, Cleanup: 23493 ns, At safepoint: 3797 ns, Total: 156210 ns
[2025-11-29T09:10:32.911+0000][70.130s][debug][safepoint   ] Safepoint synchronization initiated using futex wait barrier. (266 threads)
[2025-11-29T09:10:32.911+0000][70.130s][info ][safepoint   ] Safepoint "Cleanup", Time since last: 5000690462 ns, Reaching safepoint: 163675 ns, Cleanup: 24075 ns, At safepoint: 4439 ns, Total: 192189 ns
[2025-11-29T09:10:37.911+0000][75.131s][debug][safepoint   ] Safepoint synchronization initiated using futex wait barrier. (267 threads)
[2025-11-29T09:10:37.911+0000][75.131s][info ][safepoint   ] Safepoint "Cleanup", Time since last: 5000748566 ns, Reaching safepoint: 324294 ns, Cleanup: 47438 ns, At safepoint: 9087 ns, Total: 380819 ns
[2025-11-29T09:10:38.911+0000][76.132s][debug][safepoint   ] Safepoint synchronization initiated using futex wait barrier. (267 threads)
[2025-11-29T09:10:38.912+0000][76.132s][info ][safepoint   ] Safepoint "Cleanup", Time since last: 1000294439 ns, Reaching safepoint: 102020 ns, Cleanup: 16601 ns, At safepoint: 4979 ns, Total: 123600 ns
[2025-11-29T09:10:41.912+0000][79.132s][debug][safepoint   ] Safepoint synchronization initiated using futex wait barrier. (267 threads)
[2025-11-29T09:10:41.912+0000][79.133s][info ][safepoint   ] Safepoint "Cleanup", Time since last: 3000562014 ns, Reaching safepoint: 129360 ns, Cleanup: 20629 ns, At safepoint: 4698 ns, Total: 154687 ns
[2025-11-29T09:10:42.912+0000][80.133s][debug][safepoint   ] Safepoint synchronization initiated using futex wait barrier. (268 threads)
[2025-11-29T09:10:42.913+0000][80.133s][info ][safepoint   ] Safepoint "Cleanup", Time since last: 1000190946 ns, Reaching safepoint: 218066 ns, Cleanup: 80079 ns, At safepoint: 11191 ns, Total: 309336 ns
[2025-11-29T09:10:44.914+0000][82.134s][debug][safepoint   ] Safepoint synchronization initiated using futex wait barrier. (268 threads)
[2025-11-29T09:10:44.914+0000][82.134s][info ][safepoint   ] Safepoint "Cleanup", Time since last: 2001196656 ns, Reaching safepoint: 126383 ns, Cleanup: 23028 ns, At safepoint: 4710 ns, Total: 154121 ns
[2025-11-29T09:10:47.915+0000][85.135s][debug][safepoint   ] Safepoint synchronization initiated using futex wait barrier. (269 threads)
[2025-11-29T09:10:47.915+0000][85.135s][info ][safepoint   ] Safepoint "Cleanup", Time since last: 3000576586 ns, Reaching safepoint: 402589 ns, Cleanup: 25964 ns, At safepoint: 5080 ns, Total: 433633 ns
[2025-11-29T09:10:52.916+0000][90.137s][debug][safepoint   ] Safepoint synchronization initiated using futex wait barrier. (270 threads)
[2025-11-29T09:10:52.917+0000][90.137s][info ][safepoint   ] Safepoint "Cleanup", Time since last: 5001208641 ns, Reaching safepoint: 165988 ns, Cleanup: 36590 ns, At safepoint: 5431 ns, Total: 208009 ns
[2025-11-29T09:10:53.917+0000][91.138s][debug][safepoint   ] Safepoint synchronization initiated using futex wait barrier. (270 threads)
[2025-11-29T09:10:53.918+0000][91.138s][info ][safepoint   ] Safepoint "Cleanup", Time since last: 1000889715 ns, Reaching safepoint: 90543 ns, Cleanup: 12925 ns, At safepoint: 3918 ns, Total: 107386 ns
[2025-11-29T09:10:54.614+0000][91.834s][debug][safepoint   ] Safepoint synchronization initiated using futex wait barrier. (270 threads)
[2025-11-29T09:10:54.614+0000][91.835s][info ][gc,start    ] GC(88) Pause Young (Normal) (G1 Evacuation Pause)
[2025-11-29T09:10:54.614+0000][91.835s][info ][gc,task     ] GC(88) Using 13 workers of 13 for evacuation
[2025-11-29T09:10:54.639+0000][91.859s][info ][gc,phases   ] GC(88)   Pre Evacuate Collection Set: 0.4ms
[2025-11-29T09:10:54.639+0000][91.859s][info ][gc,phases   ] GC(88)   Merge Heap Roots: 0.3ms
[2025-11-29T09:10:54.639+0000][91.859s][info ][gc,phases   ] GC(88)   Evacuate Collection Set: 21.7ms
[2025-11-29T09:10:54.639+0000][91.859s][info ][gc,phases   ] GC(88)   Post Evacuate Collection Set: 1.8ms
[2025-11-29T09:10:54.639+0000][91.859s][info ][gc,phases   ] GC(88)   Other: 0.2ms
[2025-11-29T09:10:54.639+0000][91.859s][info ][gc,heap     ] GC(88) Eden regions: 151->0(156)
[2025-11-29T09:10:54.639+0000][91.859s][info ][gc,heap     ] GC(88) Survivor regions: 29->6(23)
[2025-11-29T09:10:54.639+0000][91.859s][info ][gc,heap     ] GC(88) Old regions: 367->398
[2025-11-29T09:10:54.639+0000][91.859s][info ][gc,heap     ] GC(88) Archive regions: 2->2
[2025-11-29T09:10:54.639+0000][91.859s][info ][gc,heap     ] GC(88) Humongous regions: 13->13
[2025-11-29T09:10:54.639+0000][91.859s][info ][gc,metaspace] GC(88) Metaspace: 193075K(194496K)->193075K(194496K) NonClass: 169513K(170240K)->169513K(170240K) Class: 23561K(24256K)->23561K(24256K)
[2025-11-29T09:10:54.639+0000][91.859s][info ][gc          ] GC(88) Pause Young (Normal) (G1 Evacuation Pause) 560M->417M(719M) 24.497ms
[2025-11-29T09:10:54.639+0000][91.859s][info ][gc,cpu      ] GC(88) User=0.17s Sys=0.01s Real=0.03s
[2025-11-29T09:10:54.640+0000][91.861s][info ][safepoint   ] Safepoint "G1CollectForAllocation", Time since last: 696471564 ns, Reaching safepoint: 93048 ns, Cleanup: 9018 ns, At safepoint: 26087219 ns, Total: 26189285 ns
[2025-11-29T09:10:55.153+0000][92.374s][debug][safepoint   ] Safepoint synchronization initiated using futex wait barrier. (273 threads)
[2025-11-29T09:10:55.154+0000][92.374s][info ][gc,start    ] GC(89) Pause Young (Normal) (G1 Evacuation Pause)
[2025-11-29T09:10:55.154+0000][92.374s][info ][gc,task     ] GC(89) Using 13 workers of 13 for evacuation
[2025-11-29T09:10:55.161+0000][92.381s][info ][gc,phases   ] GC(89)   Pre Evacuate Collection Set: 0.5ms
[2025-11-29T09:10:55.161+0000][92.382s][info ][gc,phases   ] GC(89)   Merge Heap Roots: 0.4ms
[2025-11-29T09:10:55.161+0000][92.382s][info ][gc,phases   ] GC(89)   Evacuate Collection Set: 4.1ms
[2025-11-29T09:10:55.161+0000][92.382s][info ][gc,phases   ] GC(89)   Post Evacuate Collection Set: 2.0ms
[2025-11-29T09:10:55.161+0000][92.382s][info ][gc,phases   ] GC(89)   Other: 0.2ms
[2025-11-29T09:10:55.161+0000][92.382s][info ][gc,heap     ] GC(89) Eden regions: 156->0(164)
[2025-11-29T09:10:55.161+0000][92.382s][info ][gc,heap     ] GC(89) Survivor regions: 6->9(21)
[2025-11-29T09:10:55.161+0000][92.382s][info ][gc,heap     ] GC(89) Old regions: 398->398
[2025-11-29T09:10:55.161+0000][92.382s][info ][gc,heap     ] GC(89) Archive regions: 2->2
[2025-11-29T09:10:55.161+0000][92.382s][info ][gc,heap     ] GC(89) Humongous regions: 13->13
[2025-11-29T09:10:55.161+0000][92.382s][info ][gc,metaspace] GC(89) Metaspace: 195252K(196672K)->195252K(196672K) NonClass: 171351K(172096K)->171351K(172096K) Class: 23900K(24576K)->23900K(24576K)
[2025-11-29T09:10:55.161+0000][92.382s][info ][gc          ] GC(89) Pause Young (Normal) (G1 Evacuation Pause) 573M->419M(719M) 7.413ms
[2025-11-29T09:10:55.161+0000][92.382s][info ][gc,cpu      ] GC(89) User=0.02s Sys=0.02s Real=0.01s
[2025-11-29T09:10:55.161+0000][92.382s][info ][safepoint   ] Safepoint "G1CollectForAllocation", Time since last: 513153370 ns, Reaching safepoint: 95513 ns, Cleanup: 364329 ns, At safepoint: 7664054 ns, Total: 8123896 ns
[2025-11-29T09:10:56.162+0000][93.382s][debug][safepoint   ] Safepoint synchronization initiated using futex wait barrier. (276 threads)
[2025-11-29T09:10:56.162+0000][93.382s][info ][safepoint   ] Safepoint "Cleanup", Time since last: 1000158776 ns, Reaching safepoint: 72689 ns, Cleanup: 108338 ns, At safepoint: 7194 ns, Total: 188221 ns
[2025-11-29T09:10:58.162+0000][95.383s][debug][safepoint   ] Safepoint synchronization initiated using futex wait barrier. (278 threads)
[2025-11-29T09:10:58.162+0000][95.383s][info ][safepoint   ] Safepoint "Cleanup", Time since last: 2000404758 ns, Reaching safepoint: 128527 ns, Cleanup: 42492 ns, At safepoint: 5029 ns, Total: 176048 ns
[2025-11-29T09:11:03.163+0000][100.384s][debug][safepoint   ] Safepoint synchronization initiated using futex wait barrier. (278 threads)
[2025-11-29T09:11:03.163+0000][100.384s][info ][safepoint   ] Safepoint "Cleanup", Time since last: 5000839397 ns, Reaching safepoint: 129055 ns, Cleanup: 16701 ns, At safepoint: 4489 ns, Total: 150245 ns
[2025-11-29T09:11:04.405+0000][101.626s][debug][safepoint   ] Safepoint synchronization initiated using futex wait barrier. (279 threads)
[2025-11-29T09:11:04.405+0000][101.626s][info ][gc,start    ] GC(90) Pause Young (Normal) (G1 Evacuation Pause)
[2025-11-29T09:11:04.405+0000][101.626s][info ][gc,task     ] GC(90) Using 13 workers of 13 for evacuation
[2025-11-29T09:11:04.411+0000][101.632s][info ][gc,phases   ] GC(90)   Pre Evacuate Collection Set: 0.4ms
[2025-11-29T09:11:04.412+0000][101.632s][info ][gc,phases   ] GC(90)   Merge Heap Roots: 0.3ms
[2025-11-29T09:11:04.412+0000][101.632s][info ][gc,phases   ] GC(90)   Evacuate Collection Set: 3.6ms
[2025-11-29T09:11:04.412+0000][101.632s][info ][gc,phases   ] GC(90)   Post Evacuate Collection Set: 1.6ms
[2025-11-29T09:11:04.412+0000][101.632s][info ][gc,phases   ] GC(90)   Other: 0.2ms
[2025-11-29T09:11:04.412+0000][101.632s][info ][gc,heap     ] GC(90) Eden regions: 164->0(173)
[2025-11-29T09:11:04.412+0000][101.632s][info ][gc,heap     ] GC(90) Survivor regions: 9->10(22)
[2025-11-29T09:11:04.412+0000][101.632s][info ][gc,heap     ] GC(90) Old regions: 398->398
[2025-11-29T09:11:04.412+0000][101.632s][info ][gc,heap     ] GC(90) Archive regions: 2->2
[2025-11-29T09:11:04.412+0000][101.632s][info ][gc,heap     ] GC(90) Humongous regions: 13->13
[2025-11-29T09:11:04.412+0000][101.632s][info ][gc,metaspace] GC(90) Metaspace: 195740K(197184K)->195740K(197184K) NonClass: 171761K(172544K)->171761K(172544K) Class: 23978K(24640K)->23978K(24640K)
[2025-11-29T09:11:04.412+0000][101.632s][info ][gc          ] GC(90) Pause Young (Normal) (G1 Evacuation Pause) 583M->420M(719M) 6.163ms
[2025-11-29T09:11:04.412+0000][101.632s][info ][gc,cpu      ] GC(90) User=0.03s Sys=0.00s Real=0.00s
[2025-11-29T09:11:04.412+0000][101.632s][info ][safepoint   ] Safepoint "G1CollectForAllocation", Time since last: 1241932245 ns, Reaching safepoint: 65684 ns, Cleanup: 3016 ns, At safepoint: 6419642 ns, Total: 6488342 ns
[2025-11-29T09:11:05.412+0000][102.632s][debug][safepoint   ] Safepoint synchronization initiated using futex wait barrier. (277 threads)
[2025-11-29T09:11:05.412+0000][102.633s][info ][safepoint   ] Safepoint "Cleanup", Time since last: 1000215554 ns, Reaching safepoint: 105770 ns, Cleanup: 94228 ns, At safepoint: 8035 ns, Total: 208033 ns
[2025-11-29T09:11:07.411+0000][104.633s][debug][safepoint   ] Safepoint synchronization initiated using futex wait barrier. (272 threads)
[2025-11-29T09:11:07.411+0000][104.633s][info ][safepoint   ] Safepoint "Cleanup", Time since last: 2000358610 ns, Reaching safepoint: 92365 ns, Cleanup: 47069 ns, At safepoint: 79250 ns, Total: 218684 ns
[2025-11-29T09:11:10.411+0000][107.634s][debug][safepoint   ] Safepoint synchronization initiated using futex wait barrier. (271 threads)
[2025-11-29T09:11:10.412+0000][107.634s][info ][safepoint   ] Safepoint "Cleanup", Time since last: 3000444921 ns, Reaching safepoint: 128504 ns, Cleanup: 25498 ns, At safepoint: 4920 ns, Total: 158922 ns
[2025-11-29T09:11:12.412+0000][109.634s][debug][safepoint   ] Safepoint synchronization initiated using futex wait barrier. (271 threads)
[2025-11-29T09:11:12.412+0000][109.634s][info ][safepoint   ] Safepoint "Cleanup", Time since last: 2000317964 ns, Reaching safepoint: 89500 ns, Cleanup: 42851 ns, At safepoint: 6072 ns, Total: 138423 ns
[2025-11-29T09:11:17.413+0000][114.635s][debug][safepoint   ] Safepoint synchronization initiated using futex wait barrier. (270 threads)
[2025-11-29T09:11:17.413+0000][114.635s][info ][safepoint   ] Safepoint "Cleanup", Time since last: 5001124692 ns, Reaching safepoint: 145005 ns, Cleanup: 15540 ns, At safepoint: 4508 ns, Total: 165053 ns
[2025-11-29T09:11:22.417+0000][119.639s][debug][safepoint   ] Safepoint synchronization initiated using futex wait barrier. (269 threads)
[2025-11-29T09:11:22.417+0000][119.639s][info ][safepoint   ] Safepoint "Cleanup", Time since last: 5003726748 ns, Reaching safepoint: 152620 ns, Cleanup: 25488 ns, At safepoint: 33043 ns, Total: 211151 ns
[2025-11-29T09:11:27.947+0000][125.169s][debug][safepoint   ] Safepoint synchronization initiated using futex wait barrier. (269 threads)
[2025-11-29T09:11:27.947+0000][125.170s][info ][safepoint   ] Safepoint "Cleanup", Time since last: 5529935251 ns, Reaching safepoint: 126119 ns, Cleanup: 17093 ns, At safepoint: 3096 ns, Total: 146308 ns
[2025-11-29T09:11:32.948+0000][130.170s][debug][safepoint   ] Safepoint synchronization initiated using futex wait barrier. (269 threads)
[2025-11-29T09:11:32.948+0000][130.171s][info ][safepoint   ] Safepoint "Cleanup", Time since last: 5000715284 ns, Reaching safepoint: 315559 ns, Cleanup: 25368 ns, At safepoint: 6172 ns, Total: 347099 ns
[2025-11-29T09:11:34.949+0000][132.171s][debug][safepoint   ] Safepoint synchronization initiated using futex wait barrier. (269 threads)
[2025-11-29T09:11:34.949+0000][132.171s][info ][safepoint   ] Safepoint "Cleanup", Time since last: 2000323977 ns, Reaching safepoint: 75924 ns, Cleanup: 14998 ns, At safepoint: 2856 ns, Total: 93778 ns
[2025-11-29T09:11:37.948+0000][135.172s][debug][safepoint   ] Safepoint synchronization initiated using futex wait barrier. (270 threads)
[2025-11-29T09:11:37.949+0000][135.172s][info ][safepoint   ] Safepoint "Cleanup", Time since last: 3000533611 ns, Reaching safepoint: 106322 ns, Cleanup: 23655 ns, At safepoint: 4769 ns, Total: 134746 ns
[2025-11-29T09:11:40.949+0000][138.172s][debug][safepoint   ] Safepoint synchronization initiated using futex wait barrier. (269 threads)
[2025-11-29T09:11:40.949+0000][138.172s][info ][safepoint   ] Safepoint "Cleanup", Time since last: 3000548294 ns, Reaching safepoint: 80273 ns, Cleanup: 14788 ns, At safepoint: 3968 ns, Total: 99029 ns
[2025-11-29T09:11:42.950+0000][140.173s][debug][safepoint   ] Safepoint synchronization initiated using futex wait barrier. (269 threads)
[2025-11-29T09:11:42.950+0000][140.173s][info ][safepoint   ] Safepoint "Cleanup", Time since last: 2000326084 ns, Reaching safepoint: 140117 ns, Cleanup: 45366 ns, At safepoint: 3918 ns, Total: 189401 ns
[2025-11-29T09:11:47.951+0000][145.174s][debug][safepoint   ] Safepoint synchronization initiated using futex wait barrier. (269 threads)
[2025-11-29T09:11:47.951+0000][145.174s][info ][safepoint   ] Safepoint "Cleanup", Time since last: 5001102831 ns, Reaching safepoint: 128315 ns, Cleanup: 25759 ns, At safepoint: 8105 ns, Total: 162179 ns
[2025-11-29T09:11:52.952+0000][150.175s][debug][safepoint   ] Safepoint synchronization initiated using futex wait barrier. (269 threads)
[2025-11-29T09:11:52.952+0000][150.175s][info ][safepoint   ] Safepoint "Cleanup", Time since last: 5000661974 ns, Reaching safepoint: 110722 ns, Cleanup: 18565 ns, At safepoint: 4960 ns, Total: 134247 ns
[2025-11-29T09:11:54.952+0000][152.175s][debug][safepoint   ] Safepoint synchronization initiated using futex wait barrier. (269 threads)
[2025-11-29T09:11:54.952+0000][152.175s][info ][safepoint   ] Safepoint "Cleanup", Time since last: 2000269538 ns, Reaching safepoint: 133294 ns, Cleanup: 18155 ns, At safepoint: 5180 ns, Total: 156629 ns
[2025-11-29T09:11:55.952+0000][153.175s][debug][safepoint   ] Safepoint synchronization initiated using futex wait barrier. (268 threads)
[2025-11-29T09:11:55.952+0000][153.176s][info ][safepoint   ] Safepoint "Cleanup", Time since last: 1000153150 ns, Reaching safepoint: 98187 ns, Cleanup: 14999 ns, At safepoint: 4007 ns, Total: 117193 ns
[2025-11-29T09:11:57.953+0000][155.176s][debug][safepoint   ] Safepoint synchronization initiated using futex wait barrier. (268 threads)
[2025-11-29T09:11:57.953+0000][155.176s][info ][safepoint   ] Safepoint "Cleanup", Time since last: 2000328517 ns, Reaching safepoint: 98879 ns, Cleanup: 28775 ns, At safepoint: 4378 ns, Total: 132032 ns
[2025-11-29T09:12:02.954+0000][160.177s][debug][safepoint   ] Safepoint synchronization initiated using futex wait barrier. (268 threads)
[2025-11-29T09:12:02.954+0000][160.177s][info ][safepoint   ] Safepoint "Cleanup", Time since last: 5000612371 ns, Reaching safepoint: 122244 ns, Cleanup: 17453 ns, At safepoint: 4358 ns, Total: 144055 ns
[2025-11-29T09:12:05.275+0000][162.498s][debug][safepoint   ] Safepoint synchronization initiated using futex wait barrier. (269 threads)
[2025-11-29T09:12:05.275+0000][162.498s][info ][safepoint   ] Safepoint "Cleanup", Time since last: 2321198902 ns, Reaching safepoint: 98738 ns, Cleanup: 179913 ns, At safepoint: 8145 ns, Total: 286796 ns
[2025-11-29T09:12:07.274+0000][164.499s][debug][safepoint   ] Safepoint synchronization initiated using futex wait barrier. (265 threads)
[2025-11-29T09:12:07.274+0000][164.499s][info ][safepoint   ] Safepoint "Cleanup", Time since last: 2000319968 ns, Reaching safepoint: 145026 ns, Cleanup: 23013 ns, At safepoint: 5711 ns, Total: 173750 ns
[2025-11-29T09:12:08.274+0000][165.499s][debug][safepoint   ] Safepoint synchronization initiated using futex wait barrier. (264 threads)
[2025-11-29T09:12:08.274+0000][165.499s][info ][safepoint   ] Safepoint "Cleanup", Time since last: 1000124827 ns, Reaching safepoint: 70634 ns, Cleanup: 15380 ns, At safepoint: 2855 ns, Total: 88869 ns
[2025-11-29T09:12:14.275+0000][171.500s][debug][safepoint   ] Safepoint synchronization initiated using futex wait barrier. (264 threads)
[2025-11-29T09:12:14.275+0000][171.500s][info ][safepoint   ] Safepoint "Cleanup", Time since last: 6000732201 ns, Reaching safepoint: 228679 ns, Cleanup: 11012 ns, At safepoint: 32046 ns, Total: 271737 ns
[2025-11-29T09:12:17.275+0000][174.500s][debug][safepoint   ] Safepoint synchronization initiated using futex wait barrier. (264 threads)
[2025-11-29T09:12:17.276+0000][174.501s][info ][safepoint   ] Safepoint "Cleanup", Time since last: 3000391150 ns, Reaching safepoint: 121870 ns, Cleanup: 13698 ns, At safepoint: 44923 ns, Total: 180491 ns
[2025-11-29T09:12:27.984+0000][185.209s][debug][safepoint   ] Safepoint synchronization initiated using futex wait barrier. (264 threads)
[2025-11-29T09:12:27.984+0000][185.209s][info ][safepoint   ] Safepoint "Cleanup", Time since last: 10708617916 ns, Reaching safepoint: 124089 ns, Cleanup: 25348 ns, At safepoint: 4649 ns, Total: 154086 ns
[2025-11-29T09:12:29.985+0000][187.210s][debug][safepoint   ] Safepoint synchronization initiated using futex wait barrier. (264 threads)
[2025-11-29T09:12:29.985+0000][187.210s][info ][safepoint   ] Safepoint "Cleanup", Time since last: 2000270014 ns, Reaching safepoint: 82547 ns, Cleanup: 16922 ns, At safepoint: 3757 ns, Total: 103226 ns
[2025-11-29T09:12:32.985+0000][190.210s][debug][safepoint   ] Safepoint synchronization initiated using futex wait barrier. (264 threads)
[2025-11-29T09:12:32.985+0000][190.210s][info ][safepoint   ] Safepoint "Cleanup", Time since last: 3000344247 ns, Reaching safepoint: 69713 ns, Cleanup: 16852 ns, At safepoint: 2605 ns, Total: 89170 ns
[2025-11-29T09:12:37.984+0000][195.211s][debug][safepoint   ] Safepoint synchronization initiated using futex wait barrier. (265 threads)
[2025-11-29T09:12:37.984+0000][195.211s][info ][safepoint   ] Safepoint "Cleanup", Time since last: 5000708816 ns, Reaching safepoint: 142996 ns, Cleanup: 25377 ns, At safepoint: 6152 ns, Total: 174525 ns
[2025-11-29T09:12:41.985+0000][199.212s][debug][safepoint   ] Safepoint synchronization initiated using futex wait barrier. (265 threads)
[2025-11-29T09:12:41.985+0000][199.212s][info ][safepoint   ] Safepoint "Cleanup", Time since last: 4000672408 ns, Reaching safepoint: 101219 ns, Cleanup: 14998 ns, At safepoint: 3436 ns, Total: 119653 ns
[2025-11-29T09:12:42.985+0000][200.212s][debug][safepoint   ] Safepoint synchronization initiated using futex wait barrier. (265 threads)
[2025-11-29T09:12:42.985+0000][200.212s][info ][safepoint   ] Safepoint "Cleanup", Time since last: 1000212237 ns, Reaching safepoint: 152614 ns, Cleanup: 37751 ns, At safepoint: 6331 ns, Total: 196696 ns
[2025-11-29T09:12:47.986+0000][205.213s][debug][safepoint   ] Safepoint synchronization initiated using futex wait barrier. (264 threads)
[2025-11-29T09:12:47.986+0000][205.213s][info ][safepoint   ] Safepoint "Cleanup", Time since last: 5000620240 ns, Reaching safepoint: 177034 ns, Cleanup: 37279 ns, At safepoint: 5712 ns, Total: 220025 ns
[2025-11-29T09:12:52.987+0000][210.214s][debug][safepoint   ] Safepoint synchronization initiated using futex wait barrier. (264 threads)
[2025-11-29T09:12:52.987+0000][210.214s][info ][safepoint   ] Safepoint "Cleanup", Time since last: 5000744249 ns, Reaching safepoint: 516547 ns, Cleanup: 36019 ns, At safepoint: 120863 ns, Total: 673429 ns
[2025-11-29T09:12:53.988+0000][211.215s][debug][safepoint   ] Safepoint synchronization initiated using futex wait barrier. (264 threads)
[2025-11-29T09:12:53.988+0000][211.215s][info ][safepoint   ] Safepoint "Cleanup", Time since last: 1000165427 ns, Reaching safepoint: 79483 ns, Cleanup: 17814 ns, At safepoint: 3447 ns, Total: 100744 ns
[2025-11-29T09:12:55.988+0000][213.215s][debug][safepoint   ] Safepoint synchronization initiated using futex wait barrier. (263 threads)
[2025-11-29T09:12:55.988+0000][213.215s][info ][safepoint   ] Safepoint "Cleanup", Time since last: 2000339111 ns, Reaching safepoint: 178975 ns, Cleanup: 14939 ns, At safepoint: 4869 ns, Total: 198783 ns
[2025-11-29T09:12:57.989+0000][215.216s][debug][safepoint   ] Safepoint synchronization initiated using futex wait barrier. (263 threads)
[2025-11-29T09:12:57.989+0000][215.216s][info ][safepoint   ] Safepoint "Cleanup", Time since last: 2000262912 ns, Reaching safepoint: 86237 ns, Cleanup: 24607 ns, At safepoint: 4028 ns, Total: 114872 ns
[2025-11-29T09:13:04.217+0000][221.444s][debug][safepoint   ] Safepoint synchronization initiated using futex wait barrier. (263 threads)
[2025-11-29T09:13:04.231+0000][221.458s][info ][gc,start    ] GC(91) Pause Young (Normal) (G1 Evacuation Pause)
[2025-11-29T09:13:04.231+0000][221.458s][info ][gc,task     ] GC(91) Using 13 workers of 13 for evacuation
[2025-11-29T09:13:04.867+0000][222.094s][info ][gc,mmu      ] GC(91) MMU target violated: 501.0ms (500.0ms/501.0ms)
[2025-11-29T09:13:04.870+0000][222.097s][info ][gc,phases   ] GC(91)   Pre Evacuate Collection Set: 11.9ms
[2025-11-29T09:13:04.870+0000][222.097s][info ][gc,phases   ] GC(91)   Merge Heap Roots: 4.2ms
[2025-11-29T09:13:04.870+0000][222.097s][info ][gc,phases   ] GC(91)   Evacuate Collection Set: 539.9ms
[2025-11-29T09:13:04.870+0000][222.097s][info ][gc,phases   ] GC(91)   Post Evacuate Collection Set: 75.2ms
[2025-11-29T09:13:04.871+0000][222.098s][info ][gc,phases   ] GC(91)   Other: 21.7ms
[2025-11-29T09:13:04.871+0000][222.098s][info ][gc,heap     ] GC(91) Eden regions: 173->0(159)
[2025-11-29T09:13:04.871+0000][222.098s][info ][gc,heap     ] GC(91) Survivor regions: 10->10(23)
[2025-11-29T09:13:04.871+0000][222.098s][info ][gc,heap     ] GC(91) Old regions: 398->398
[2025-11-29T09:13:04.871+0000][222.098s][info ][gc,heap     ] GC(91) Archive regions: 2->2
[2025-11-29T09:13:04.871+0000][222.098s][info ][gc,heap     ] GC(91) Humongous regions: 13->13
[2025-11-29T09:13:04.871+0000][222.098s][info ][gc,metaspace] GC(91) Metaspace: 196523K(198016K)->196523K(198016K) NonClass: 172495K(173312K)->172495K(173312K) Class: 24027K(24704K)->24027K(24704K)
[2025-11-29T09:13:04.874+0000][222.101s][info ][gc          ] GC(91) Pause Young (Normal) (G1 Evacuation Pause) 593M->421M(719M) 642.739ms
[2025-11-29T09:13:04.874+0000][222.101s][info ][gc,cpu      ] GC(91) User=6.62s Sys=0.40s Real=0.64s
[2025-11-29T09:13:04.875+0000][222.102s][info ][safepoint   ] Safepoint "G1CollectForAllocation", Time since last: 6227890919 ns, Reaching safepoint: 111583 ns, Cleanup: 73431 ns, At safepoint: 658079148 ns, Total: 658264162 ns
[2025-11-29T09:13:05.875+0000][223.102s][debug][safepoint   ] Safepoint synchronization initiated using futex wait barrier. (263 threads)
[2025-11-29T09:13:05.875+0000][223.102s][info ][safepoint   ] Safepoint "Cleanup", Time since last: 1000263857 ns, Reaching safepoint: 75674 ns, Cleanup: 69372 ns, At safepoint: 5040 ns, Total: 150086 ns
[2025-11-29T09:13:07.870+0000][225.103s][debug][safepoint   ] Safepoint synchronization initiated using futex wait barrier. (261 threads)
[2025-11-29T09:13:07.871+0000][225.103s][info ][safepoint   ] Safepoint "Cleanup", Time since last: 2000314113 ns, Reaching safepoint: 268122 ns, Cleanup: 37311 ns, At safepoint: 6603 ns, Total: 312036 ns
[2025-11-29T09:13:09.871+0000][227.103s][debug][safepoint   ] Safepoint synchronization initiated using futex wait barrier. (260 threads)
[2025-11-29T09:13:09.872+0000][227.104s][info ][safepoint   ] Safepoint "Cleanup", Time since last: 2000417184 ns, Reaching safepoint: 971997 ns, Cleanup: 101485 ns, At safepoint: 60065 ns, Total: 1133547 ns
[2025-11-29T09:13:10.872+0000][228.105s][debug][safepoint   ] Safepoint synchronization initiated using futex wait barrier. (260 threads)
[2025-11-29T09:13:10.873+0000][228.105s][info ][safepoint   ] Safepoint "Cleanup", Time since last: 1000236952 ns, Reaching safepoint: 215514 ns, Cleanup: 20008 ns, At safepoint: 6894 ns, Total: 242416 ns
[2025-11-29T09:13:12.264+0000][229.496s][debug][safepoint   ] Safepoint synchronization initiated using futex wait barrier. (260 threads)
[2025-11-29T09:13:12.264+0000][229.497s][info ][safepoint   ] Safepoint "Cleanup", Time since last: 1391466171 ns, Reaching safepoint: 208055 ns, Cleanup: 23294 ns, At safepoint: 48574 ns, Total: 279923 ns
[2025-11-29T09:13:13.265+0000][230.497s][debug][safepoint   ] Safepoint synchronization initiated using futex wait barrier. (260 threads)
[2025-11-29T09:13:13.265+0000][230.497s][info ][safepoint   ] Safepoint "Cleanup", Time since last: 1000183368 ns, Reaching safepoint: 159266 ns, Cleanup: 31811 ns, At safepoint: 7435 ns, Total: 198512 ns
[2025-11-29T09:13:15.265+0000][232.497s][debug][safepoint   ] Safepoint synchronization initiated using futex wait barrier. (260 threads)
[2025-11-29T09:13:15.265+0000][232.498s][info ][safepoint   ] Safepoint "Cleanup", Time since last: 2000422681 ns, Reaching safepoint: 86807 ns, Cleanup: 14848 ns, At safepoint: 3206 ns, Total: 104861 ns
[2025-11-29T09:13:17.266+0000][234.498s][debug][safepoint   ] Safepoint synchronization initiated using futex wait barrier. (260 threads)
[2025-11-29T09:13:17.266+0000][234.498s][info ][safepoint   ] Safepoint "Cleanup", Time since last: 2000287373 ns, Reaching safepoint: 129259 ns, Cleanup: 41500 ns, At safepoint: 3957 ns, Total: 174716 ns
[2025-11-29T09:13:19.266+0000][236.498s][debug][safepoint   ] Safepoint synchronization initiated using futex wait barrier. (260 threads)
[2025-11-29T09:13:19.266+0000][236.498s][info ][safepoint   ] Safepoint "Cleanup", Time since last: 2000339579 ns, Reaching safepoint: 100433 ns, Cleanup: 15250 ns, At safepoint: 18275 ns, Total: 133958 ns
[2025-11-29T09:13:20.266+0000][237.499s][debug][safepoint   ] Safepoint synchronization initiated using futex wait barrier. (260 threads)
[2025-11-29T09:13:20.267+0000][237.499s][info ][safepoint   ] Safepoint "Cleanup", Time since last: 1000266775 ns, Reaching safepoint: 88760 ns, Cleanup: 13857 ns, At safepoint: 2946 ns, Total: 105563 ns
[2025-11-29T09:13:23.010+0000][240.242s][debug][safepoint   ] Safepoint synchronization initiated using futex wait barrier. (260 threads)
[2025-11-29T09:13:23.010+0000][240.242s][info ][safepoint   ] Safepoint "Cleanup", Time since last: 2743403582 ns, Reaching safepoint: 78922 ns, Cleanup: 40457 ns, At safepoint: 3627 ns, Total: 123006 ns
[2025-11-29T09:13:28.011+0000][245.244s][debug][safepoint   ] Safepoint synchronization initiated using futex wait barrier. (260 threads)
[2025-11-29T09:13:28.011+0000][245.244s][info ][safepoint   ] Safepoint "Cleanup", Time since last: 5001185069 ns, Reaching safepoint: 131633 ns, Cleanup: 19187 ns, At safepoint: 3767 ns, Total: 154587 ns
[2025-11-29T09:13:33.012+0000][250.244s][debug][safepoint   ] Safepoint synchronization initiated using futex wait barrier. (262 threads)
[2025-11-29T09:13:33.012+0000][250.245s][info ][safepoint   ] Safepoint "Cleanup", Time since last: 5000655761 ns, Reaching safepoint: 104060 ns, Cleanup: 18205 ns, At safepoint: 3998 ns, Total: 126263 ns
[2025-11-29T09:13:35.012+0000][252.245s][debug][safepoint   ] Safepoint synchronization initiated using futex wait barrier. (261 threads)
[2025-11-29T09:13:35.013+0000][252.245s][info ][safepoint   ] Safepoint "Cleanup", Time since last: 2000287700 ns, Reaching safepoint: 86576 ns, Cleanup: 14929 ns, At safepoint: 3387 ns, Total: 104892 ns
[2025-11-29T09:13:38.014+0000][255.245s][debug][safepoint   ] Safepoint synchronization initiated using futex wait barrier. (262 threads)
[2025-11-29T09:13:38.014+0000][255.245s][info ][safepoint   ] Safepoint "Cleanup", Time since last: 3000374863 ns, Reaching safepoint: 130552 ns, Cleanup: 44986 ns, At safepoint: 4669 ns, Total: 180207 ns
[2025-11-29T09:13:43.015+0000][260.246s][debug][safepoint   ] Safepoint synchronization initiated using futex wait barrier. (261 threads)
[2025-11-29T09:13:43.015+0000][260.246s][info ][safepoint   ] Safepoint "Cleanup", Time since last: 5000755342 ns, Reaching safepoint: 208094 ns, Cleanup: 34648 ns, At safepoint: 6162 ns, Total: 248904 ns
[2025-11-29T09:13:48.016+0000][265.247s][debug][safepoint   ] Safepoint synchronization initiated using futex wait barrier. (261 threads)
[2025-11-29T09:13:48.016+0000][265.247s][info ][safepoint   ] Safepoint "Cleanup", Time since last: 5000720116 ns, Reaching safepoint: 83022 ns, Cleanup: 13927 ns, At safepoint: 3907 ns, Total: 100856 ns
[2025-11-29T09:13:53.017+0000][270.248s][debug][safepoint   ] Safepoint synchronization initiated using futex wait barrier. (260 threads)
[2025-11-29T09:13:53.017+0000][270.248s][info ][safepoint   ] Safepoint "Cleanup", Time since last: 5001004108 ns, Reaching safepoint: 132839 ns, Cleanup: 22185 ns, At safepoint: 4018 ns, Total: 159042 ns
[2025-11-29T09:13:55.017+0000][272.249s][debug][safepoint   ] Safepoint synchronization initiated using futex wait barrier. (260 threads)
[2025-11-29T09:13:55.017+0000][272.249s][info ][safepoint   ] Safepoint "Cleanup", Time since last: 2000295220 ns, Reaching safepoint: 128270 ns, Cleanup: 24149 ns, At safepoint: 4769 ns, Total: 157188 ns
[2025-11-29T09:13:56.018+0000][273.249s][debug][safepoint   ] Safepoint synchronization initiated using futex wait barrier. (260 threads)
[2025-11-29T09:13:56.018+0000][273.249s][info ][safepoint   ] Safepoint "Cleanup", Time since last: 1000202668 ns, Reaching safepoint: 170315 ns, Cleanup: 25950 ns, At safepoint: 6232 ns, Total: 202497 ns
[2025-11-29T09:13:58.018+0000][275.250s][debug][safepoint   ] Safepoint synchronization initiated using futex wait barrier. (260 threads)
[2025-11-29T09:13:58.018+0000][275.250s][info ][safepoint   ] Safepoint "Cleanup", Time since last: 2000321517 ns, Reaching safepoint: 168462 ns, Cleanup: 25724 ns, At safepoint: 52139 ns, Total: 246325 ns
[2025-11-29T09:14:03.019+0000][280.251s][debug][safepoint   ] Safepoint synchronization initiated using futex wait barrier. (260 threads)
[2025-11-29T09:14:03.019+0000][280.251s][info ][safepoint   ] Safepoint "Cleanup", Time since last: 5000716071 ns, Reaching safepoint: 103911 ns, Cleanup: 14156 ns, At safepoint: 3366 ns, Total: 121433 ns
[2025-11-29T09:14:05.019+0000][282.251s][debug][safepoint   ] Safepoint synchronization initiated using futex wait barrier. (261 threads)
[2025-11-29T09:14:05.020+0000][282.251s][info ][safepoint   ] Safepoint "Cleanup", Time since last: 2000275720 ns, Reaching safepoint: 126813 ns, Cleanup: 91488 ns, At safepoint: 5650 ns, Total: 223951 ns
[2025-11-29T09:14:08.020+0000][285.252s][debug][safepoint   ] Safepoint synchronization initiated using futex wait barrier. (260 threads)
[2025-11-29T09:14:08.020+0000][285.252s][info ][safepoint   ] Safepoint "Cleanup", Time since last: 3000748629 ns, Reaching safepoint: 171680 ns, Cleanup: 32921 ns, At safepoint: 7875 ns, Total: 212476 ns
[2025-11-29T09:14:11.021+0000][288.253s][debug][safepoint   ] Safepoint synchronization initiated using futex wait barrier. (258 threads)
[2025-11-29T09:14:11.021+0000][288.253s][info ][safepoint   ] Safepoint "Cleanup", Time since last: 3000569594 ns, Reaching safepoint: 117058 ns, Cleanup: 31318 ns, At safepoint: 3837 ns, Total: 152213 ns
[2025-11-29T09:14:13.021+0000][290.253s][debug][safepoint   ] Safepoint synchronization initiated using futex wait barrier. (258 threads)
[2025-11-29T09:14:13.021+0000][290.253s][info ][safepoint   ] Safepoint "Cleanup", Time since last: 2000257320 ns, Reaching safepoint: 121874 ns, Cleanup: 13184 ns, At safepoint: 4649 ns, Total: 139707 ns
[2025-11-29T09:14:18.023+0000][295.254s][debug][safepoint   ] Safepoint synchronization initiated using futex wait barrier. (258 threads)
[2025-11-29T09:14:18.023+0000][295.255s][info ][safepoint   ] Safepoint "Cleanup", Time since last: 5001170347 ns, Reaching safepoint: 251846 ns, Cleanup: 20698 ns, At safepoint: 6813 ns, Total: 279357 ns
[2025-11-29T09:14:22.024+0000][299.256s][debug][safepoint   ] Safepoint synchronization initiated using futex wait barrier. (258 threads)
[2025-11-29T09:14:22.025+0000][299.256s][info ][safepoint   ] Safepoint "Cleanup", Time since last: 4001599326 ns, Reaching safepoint: 82883 ns, Cleanup: 12935 ns, At safepoint: 3076 ns, Total: 98894 ns
[2025-11-29T09:14:23.026+0000][300.257s][debug][safepoint   ] Safepoint synchronization initiated using futex wait barrier. (258 threads)
[2025-11-29T09:14:23.026+0000][300.258s][info ][safepoint   ] Safepoint "Cleanup", Time since last: 1001004321 ns, Reaching safepoint: 75788 ns, Cleanup: 17896 ns, At safepoint: 3607 ns, Total: 97291 ns
[2025-11-29T09:14:25.051+0000][302.283s][debug][safepoint   ] Safepoint synchronization initiated using futex wait barrier. (258 threads)
[2025-11-29T09:14:25.051+0000][302.283s][info ][safepoint   ] Safepoint "Cleanup", Time since last: 2025492685 ns, Reaching safepoint: 246912 ns, Cleanup: 51315 ns, At safepoint: 4689 ns, Total: 302916 ns
[2025-11-29T09:14:29.052+0000][306.284s][debug][safepoint   ] Safepoint synchronization initiated using futex wait barrier. (258 threads)
[2025-11-29T09:14:29.052+0000][306.284s][info ][safepoint   ] Safepoint "Cleanup", Time since last: 4000538362 ns, Reaching safepoint: 199082 ns, Cleanup: 11541 ns, At safepoint: 5310 ns, Total: 215933 ns
[2025-11-29T09:14:37.238+0000][314.472s][debug][safepoint   ] Safepoint synchronization initiated using futex wait barrier. (258 threads)
[2025-11-29T09:14:37.238+0000][314.472s][info ][safepoint   ] Safepoint "Cleanup", Time since last: 8187797955 ns, Reaching safepoint: 144740 ns, Cleanup: 10400 ns, At safepoint: 53910 ns, Total: 209050 ns
[2025-11-29T09:14:38.238+0000][315.472s][debug][safepoint   ] Safepoint synchronization initiated using futex wait barrier. (259 threads)
[2025-11-29T09:14:38.239+0000][315.473s][info ][safepoint   ] Safepoint "Cleanup", Time since last: 1000193982 ns, Reaching safepoint: 536090 ns, Cleanup: 57477 ns, At safepoint: 9889 ns, Total: 603456 ns
[2025-11-29T09:14:42.240+0000][319.473s][debug][safepoint   ] Safepoint synchronization initiated using futex wait barrier. (258 threads)
[2025-11-29T09:14:42.240+0000][319.474s][info ][safepoint   ] Safepoint "Cleanup", Time since last: 4000548439 ns, Reaching safepoint: 236721 ns, Cleanup: 20759 ns, At safepoint: 5150 ns, Total: 262630 ns
[2025-11-29T09:14:48.241+0000][325.475s][debug][safepoint   ] Safepoint synchronization initiated using futex wait barrier. (258 threads)
[2025-11-29T09:14:48.241+0000][325.475s][info ][safepoint   ] Safepoint "Cleanup", Time since last: 6000955745 ns, Reaching safepoint: 100187 ns, Cleanup: 24195 ns, At safepoint: 4570 ns, Total: 128952 ns
[2025-11-29T09:14:53.242+0000][330.476s][debug][safepoint   ] Safepoint synchronization initiated using futex wait barrier. (258 threads)
[2025-11-29T09:14:53.242+0000][330.476s][info ][safepoint   ] Safepoint "Cleanup", Time since last: 5000767749 ns, Reaching safepoint: 122348 ns, Cleanup: 19839 ns, At safepoint: 3807 ns, Total: 145994 ns
[2025-11-29T09:14:56.242+0000][333.476s][debug][safepoint   ] Safepoint synchronization initiated using futex wait barrier. (258 threads)
[2025-11-29T09:14:56.242+0000][333.476s][info ][safepoint   ] Safepoint "Cleanup", Time since last: 3000387386 ns, Reaching safepoint: 100586 ns, Cleanup: 13827 ns, At safepoint: 3356 ns, Total: 117769 ns
[2025-11-29T09:14:58.243+0000][335.477s][debug][safepoint   ] Safepoint synchronization initiated using futex wait barrier. (258 threads)
[2025-11-29T09:14:58.243+0000][335.477s][info ][safepoint   ] Safepoint "Cleanup", Time since last: 2000352192 ns, Reaching safepoint: 151133 ns, Cleanup: 32884 ns, At safepoint: 6523 ns, Total: 190540 ns
[2025-11-29T09:15:03.244+0000][340.477s][debug][safepoint   ] Safepoint synchronization initiated using futex wait barrier. (258 threads)
[2025-11-29T09:15:03.244+0000][340.478s][info ][safepoint   ] Safepoint "Cleanup", Time since last: 5000732282 ns, Reaching safepoint: 85332 ns, Cleanup: 26461 ns, At safepoint: 3597 ns, Total: 115390 ns
[2025-11-29T09:15:05.244+0000][342.478s][debug][safepoint   ] Safepoint synchronization initiated using futex wait barrier. (258 threads)
[2025-11-29T09:15:05.244+0000][342.478s][info ][safepoint   ] Safepoint "Cleanup", Time since last: 2000256095 ns, Reaching safepoint: 115580 ns, Cleanup: 24607 ns, At safepoint: 3898 ns, Total: 144085 ns
[2025-11-29T09:15:07.243+0000][344.478s][debug][safepoint   ] Safepoint synchronization initiated using futex wait barrier. (257 threads)
[2025-11-29T09:15:07.243+0000][344.478s][info ][safepoint   ] Safepoint "Cleanup", Time since last: 2000319501 ns, Reaching safepoint: 71205 ns, Cleanup: 14308 ns, At safepoint: 2555 ns, Total: 88068 ns
[2025-11-29T09:15:10.625+0000][347.861s][debug][safepoint   ] Safepoint synchronization initiated using futex wait barrier. (256 threads)
[2025-11-29T09:15:10.626+0000][347.861s][info ][gc,start    ] GC(92) Pause Young (Normal) (G1 Evacuation Pause)
[2025-11-29T09:15:10.626+0000][347.861s][info ][gc,task     ] GC(92) Using 13 workers of 13 for evacuation
[2025-11-29T09:15:10.647+0000][347.883s][info ][gc,phases   ] GC(92)   Pre Evacuate Collection Set: 1.9ms
[2025-11-29T09:15:10.647+0000][347.883s][info ][gc,phases   ] GC(92)   Merge Heap Roots: 1.2ms
[2025-11-29T09:15:10.647+0000][347.883s][info ][gc,phases   ] GC(92)   Evacuate Collection Set: 14.1ms
[2025-11-29T09:15:10.647+0000][347.883s][info ][gc,phases   ] GC(92)   Post Evacuate Collection Set: 3.7ms
[2025-11-29T09:15:10.647+0000][347.883s][info ][gc,phases   ] GC(92)   Other: 0.9ms
[2025-11-29T09:15:10.647+0000][347.883s][info ][gc,heap     ] GC(92) Eden regions: 159->0(189)
[2025-11-29T09:15:10.647+0000][347.883s][info ][gc,heap     ] GC(92) Survivor regions: 10->10(22)
[2025-11-29T09:15:10.647+0000][347.883s][info ][gc,heap     ] GC(92) Old regions: 398->398
[2025-11-29T09:15:10.647+0000][347.883s][info ][gc,heap     ] GC(92) Archive regions: 2->2
[2025-11-29T09:15:10.647+0000][347.883s][info ][gc,heap     ] GC(92) Humongous regions: 13->13
[2025-11-29T09:15:10.647+0000][347.883s][info ][gc,metaspace] GC(92) Metaspace: 196898K(198336K)->196898K(198336K) NonClass: 172869K(173632K)->172869K(173632K) Class: 24028K(24704K)->24028K(24704K)
[2025-11-29T09:15:10.647+0000][347.883s][info ][gc          ] GC(92) Pause Young (Normal) (G1 Evacuation Pause) 580M->420M(719M) 21.690ms
[2025-11-29T09:15:10.648+0000][347.883s][info ][gc,cpu      ] GC(92) User=0.21s Sys=0.00s Real=0.02s
[2025-11-29T09:15:10.648+0000][347.884s][info ][safepoint   ] Safepoint "G1CollectForAllocation", Time since last: 3382127348 ns, Reaching safepoint: 217387 ns, Cleanup: 8376 ns, At safepoint: 22889504 ns, Total: 23115267 ns
[2025-11-29T09:15:11.648+0000][348.884s][debug][safepoint   ] Safepoint synchronization initiated using futex wait barrier. (256 threads)
[2025-11-29T09:15:11.648+0000][348.884s][info ][safepoint   ] Safepoint "Cleanup", Time since last: 1000219440 ns, Reaching safepoint: 77910 ns, Cleanup: 13516 ns, At safepoint: 3386 ns, Total: 94812 ns
[2025-11-29T09:15:12.649+0000][349.884s][debug][safepoint   ] Safepoint synchronization initiated using futex wait barrier. (256 threads)
[2025-11-29T09:15:12.649+0000][349.884s][info ][safepoint   ] Safepoint "Cleanup", Time since last: 1000182845 ns, Reaching safepoint: 81066 ns, Cleanup: 19146 ns, At safepoint: 3898 ns, Total: 104110 ns
[2025-11-29T09:15:17.649+0000][354.885s][debug][safepoint   ] Safepoint synchronization initiated using futex wait barrier. (256 threads)
[2025-11-29T09:15:17.650+0000][354.885s][info ][safepoint   ] Safepoint "Cleanup", Time since last: 5000739384 ns, Reaching safepoint: 88783 ns, Cleanup: 13797 ns, At safepoint: 4158 ns, Total: 106738 ns
[2025-11-29T09:15:22.650+0000][359.886s][debug][safepoint   ] Safepoint synchronization initiated using futex wait barrier. (258 threads)
[2025-11-29T09:15:22.651+0000][359.886s][info ][safepoint   ] Safepoint "Cleanup", Time since last: 5000750363 ns, Reaching safepoint: 552333 ns, Cleanup: 37533 ns, At safepoint: 5220 ns, Total: 595086 ns
[2025-11-29T09:15:26.652+0000][363.887s][debug][safepoint   ] Safepoint synchronization initiated using futex wait barrier. (256 threads)
[2025-11-29T09:15:26.652+0000][363.887s][info ][safepoint   ] Safepoint "Cleanup", Time since last: 4000592406 ns, Reaching safepoint: 191820 ns, Cleanup: 24727 ns, At safepoint: 33725 ns, Total: 250272 ns
[2025-11-29T09:15:27.652+0000][364.887s][debug][safepoint   ] Safepoint synchronization initiated using futex wait barrier. (256 threads)
[2025-11-29T09:15:27.653+0000][364.888s][info ][safepoint   ] Safepoint "Cleanup", Time since last: 1000165706 ns, Reaching safepoint: 763259 ns, Cleanup: 23716 ns, At safepoint: 85444 ns, Total: 872419 ns
[2025-11-29T09:15:31.653+0000][368.889s][debug][safepoint   ] Safepoint synchronization initiated using futex wait barrier. (256 threads)
[2025-11-29T09:15:31.654+0000][368.889s][info ][safepoint   ] Safepoint "Cleanup", Time since last: 4000532355 ns, Reaching safepoint: 143295 ns, Cleanup: 23075 ns, At safepoint: 5801 ns, Total: 172171 ns
[2025-11-29T09:15:32.654+0000][369.889s][debug][safepoint   ] Safepoint synchronization initiated using futex wait barrier. (256 threads)
[2025-11-29T09:15:32.654+0000][369.889s][info ][safepoint   ] Safepoint "Cleanup", Time since last: 1000169895 ns, Reaching safepoint: 162282 ns, Cleanup: 23455 ns, At safepoint: 5291 ns, Total: 191028 ns
[2025-11-29T09:15:35.654+0000][372.890s][debug][safepoint   ] Safepoint synchronization initiated using futex wait barrier. (256 threads)
[2025-11-29T09:15:35.654+0000][372.890s][info ][safepoint   ] Safepoint "Cleanup", Time since last: 3000432911 ns, Reaching safepoint: 132611 ns, Cleanup: 26671 ns, At safepoint: 4869 ns, Total: 164151 ns
[2025-11-29T09:15:37.653+0000][374.891s][debug][safepoint   ] Safepoint synchronization initiated using futex wait barrier. (256 threads)
[2025-11-29T09:15:37.653+0000][374.891s][info ][safepoint   ] Safepoint "Cleanup", Time since last: 2000879291 ns, Reaching safepoint: 136018 ns, Cleanup: 25569 ns, At safepoint: 4909 ns, Total: 166496 ns
[2025-11-29T09:15:39.654+0000][376.891s][debug][safepoint   ] Safepoint synchronization initiated using futex wait barrier. (256 threads)
[2025-11-29T09:15:39.654+0000][376.892s][info ][safepoint   ] Safepoint "Cleanup", Time since last: 2000323447 ns, Reaching safepoint: 127622 ns, Cleanup: 24957 ns, At safepoint: 4970 ns, Total: 157549 ns
[2025-11-29T09:15:47.655+0000][384.893s][debug][safepoint   ] Safepoint synchronization initiated using futex wait barrier. (256 threads)
[2025-11-29T09:15:47.655+0000][384.893s][info ][safepoint   ] Safepoint "Cleanup", Time since last: 8001131421 ns, Reaching safepoint: 200314 ns, Cleanup: 70865 ns, At safepoint: 4870 ns, Total: 276049 ns
[2025-11-29T09:15:52.656+0000][389.894s][debug][safepoint   ] Safepoint synchronization initiated using futex wait barrier. (256 threads)
[2025-11-29T09:15:52.657+0000][389.894s][info ][safepoint   ] Safepoint "Cleanup", Time since last: 5000987177 ns, Reaching safepoint: 191368 ns, Cleanup: 32412 ns, At safepoint: 6994 ns, Total: 230774 ns
[2025-11-29T09:15:55.657+0000][392.895s][debug][safepoint   ] Safepoint synchronization initiated using futex wait barrier. (256 threads)
[2025-11-29T09:15:55.657+0000][392.895s][info ][safepoint   ] Safepoint "Cleanup", Time since last: 3000646083 ns, Reaching safepoint: 207319 ns, Cleanup: 21050 ns, At safepoint: 5080 ns, Total: 233449 ns
[2025-11-29T09:15:57.658+0000][394.895s][debug][safepoint   ] Safepoint synchronization initiated using futex wait barrier. (256 threads)
[2025-11-29T09:15:57.658+0000][394.896s][info ][safepoint   ] Safepoint "Cleanup", Time since last: 2000322500 ns, Reaching safepoint: 171570 ns, Cleanup: 27102 ns, At safepoint: 5410 ns, Total: 204082 ns
[2025-11-29T09:16:02.659+0000][399.896s][debug][safepoint   ] Safepoint synchronization initiated using futex wait barrier. (256 threads)
[2025-11-29T09:16:02.659+0000][399.896s][info ][safepoint   ] Safepoint "Cleanup", Time since last: 5000778556 ns, Reaching safepoint: 135321 ns, Cleanup: 12223 ns, At safepoint: 3437 ns, Total: 150981 ns
[2025-11-29T09:16:05.659+0000][402.897s][debug][safepoint   ] Safepoint synchronization initiated using futex wait barrier. (256 threads)
[2025-11-29T09:16:05.660+0000][402.897s][info ][safepoint   ] Safepoint "Cleanup", Time since last: 3000626148 ns, Reaching safepoint: 125270 ns, Cleanup: 21131 ns, At safepoint: 4598 ns, Total: 150999 ns
[2025-11-29T09:16:07.658+0000][404.898s][debug][safepoint   ] Safepoint synchronization initiated using futex wait barrier. (255 threads)
[2025-11-29T09:16:07.658+0000][404.898s][info ][safepoint   ] Safepoint "Cleanup", Time since last: 2000313931 ns, Reaching safepoint: 117906 ns, Cleanup: 41800 ns, At safepoint: 4639 ns, Total: 164345 ns
[2025-11-29T09:16:12.661+0000][409.900s][debug][safepoint   ] Safepoint synchronization initiated using futex wait barrier. (254 threads)
[2025-11-29T09:16:12.661+0000][409.901s][info ][safepoint   ] Safepoint "Cleanup", Time since last: 5002711141 ns, Reaching safepoint: 233458 ns, Cleanup: 33394 ns, At safepoint: 91946 ns, Total: 358798 ns
[2025-11-29T09:16:17.663+0000][414.902s][debug][safepoint   ] Safepoint synchronization initiated using futex wait barrier. (254 threads)
[2025-11-29T09:16:17.663+0000][414.903s][info ][safepoint   ] Safepoint "Cleanup", Time since last: 5001497780 ns, Reaching safepoint: 169981 ns, Cleanup: 21913 ns, At safepoint: 34147 ns, Total: 226041 ns
[2025-11-29T09:16:22.665+0000][419.904s][debug][safepoint   ] Safepoint synchronization initiated using futex wait barrier. (254 threads)
[2025-11-29T09:16:22.665+0000][419.904s][info ][safepoint   ] Safepoint "Cleanup", Time since last: 5001543898 ns, Reaching safepoint: 164498 ns, Cleanup: 30549 ns, At safepoint: 6011 ns, Total: 201058 ns
[2025-11-29T09:16:28.121+0000][425.360s][debug][safepoint   ] Safepoint synchronization initiated using futex wait barrier. (255 threads)
[2025-11-29T09:16:28.121+0000][425.360s][info ][safepoint   ] Safepoint "Cleanup", Time since last: 5456099248 ns, Reaching safepoint: 106326 ns, Cleanup: 18095 ns, At safepoint: 3516 ns, Total: 127937 ns
[2025-11-29T09:16:33.122+0000][430.361s][debug][safepoint   ] Safepoint synchronization initiated using futex wait barrier. (255 threads)
[2025-11-29T09:16:33.122+0000][430.361s][info ][safepoint   ] Safepoint "Cleanup", Time since last: 5000698667 ns, Reaching safepoint: 150449 ns, Cleanup: 46269 ns, At safepoint: 38283 ns, Total: 235001 ns
[2025-11-29T09:16:38.122+0000][435.363s][debug][safepoint   ] Safepoint synchronization initiated using futex wait barrier. (254 threads)
[2025-11-29T09:16:38.122+0000][435.363s][info ][safepoint   ] Safepoint "Cleanup", Time since last: 5001636190 ns, Reaching safepoint: 170610 ns, Cleanup: 13685 ns, At safepoint: 4529 ns, Total: 188824 ns
[2025-11-29T09:16:48.124+0000][445.365s][debug][safepoint   ] Safepoint synchronization initiated using futex wait barrier. (254 threads)
[2025-11-29T09:16:48.124+0000][445.365s][info ][safepoint   ] Safepoint "Cleanup", Time since last: 10001370574 ns, Reaching safepoint: 417454 ns, Cleanup: 42925 ns, At safepoint: 4459 ns, Total: 464838 ns
[2025-11-29T09:16:53.125+0000][450.366s][debug][safepoint   ] Safepoint synchronization initiated using futex wait barrier. (254 threads)
[2025-11-29T09:16:53.125+0000][450.366s][info ][safepoint   ] Safepoint "Cleanup", Time since last: 5000763697 ns, Reaching safepoint: 222478 ns, Cleanup: 24287 ns, At safepoint: 133176 ns, Total: 379941 ns
[2025-11-29T09:16:56.125+0000][453.367s][debug][safepoint   ] Safepoint synchronization initiated using futex wait barrier. (254 threads)
[2025-11-29T09:16:56.126+0000][453.367s][info ][safepoint   ] Safepoint "Cleanup", Time since last: 3000430583 ns, Reaching safepoint: 83591 ns, Cleanup: 18756 ns, At safepoint: 3627 ns, Total: 105974 ns
[2025-11-29T09:16:58.126+0000][455.367s][debug][safepoint   ] Safepoint synchronization initiated using futex wait barrier. (254 threads)
[2025-11-29T09:16:58.127+0000][455.368s][info ][safepoint   ] Safepoint "Cleanup", Time since last: 2000533831 ns, Reaching safepoint: 404002 ns, Cleanup: 40899 ns, At safepoint: 91025 ns, Total: 535926 ns
[2025-11-29T09:17:03.127+0000][460.369s][debug][safepoint   ] Safepoint synchronization initiated using futex wait barrier. (255 threads)
[2025-11-29T09:17:03.127+0000][460.369s][info ][safepoint   ] Safepoint "Cleanup", Time since last: 5000702981 ns, Reaching safepoint: 87467 ns, Cleanup: 13015 ns, At safepoint: 4368 ns, Total: 104850 ns
[2025-11-29T09:17:05.128+0000][462.369s][debug][safepoint   ] Safepoint synchronization initiated using futex wait barrier. (254 threads)
[2025-11-29T09:17:05.128+0000][462.369s][info ][safepoint   ] Safepoint "Cleanup", Time since last: 2000312732 ns, Reaching safepoint: 155657 ns, Cleanup: 23625 ns, At safepoint: 4629 ns, Total: 183911 ns
[2025-11-29T09:17:08.126+0000][465.370s][debug][safepoint   ] Safepoint synchronization initiated using futex wait barrier. (254 threads)
[2025-11-29T09:17:08.126+0000][465.370s][info ][safepoint   ] Safepoint "Cleanup", Time since last: 3000473890 ns, Reaching safepoint: 129838 ns, Cleanup: 69843 ns, At safepoint: 5530 ns, Total: 205211 ns
[2025-11-29T09:17:09.126+0000][466.370s][debug][safepoint   ] Safepoint synchronization initiated using futex wait barrier. (254 threads)
[2025-11-29T09:17:09.126+0000][466.370s][info ][safepoint   ] Safepoint "Cleanup", Time since last: 1000142504 ns, Reaching safepoint: 78841 ns, Cleanup: 15199 ns, At safepoint: 3596 ns, Total: 97636 ns
[2025-11-29T09:17:13.127+0000][470.371s][debug][safepoint   ] Safepoint synchronization initiated using futex wait barrier. (253 threads)
[2025-11-29T09:17:13.127+0000][470.371s][info ][safepoint   ] Safepoint "Cleanup", Time since last: 4000573537 ns, Reaching safepoint: 72229 ns, Cleanup: 16622 ns, At safepoint: 2585 ns, Total: 91436 ns
[2025-11-29T09:17:14.127+0000][471.371s][debug][safepoint   ] Safepoint synchronization initiated using futex wait barrier. (253 threads)
[2025-11-29T09:17:14.127+0000][471.371s][info ][safepoint   ] Safepoint "Cleanup", Time since last: 1000184509 ns, Reaching safepoint: 101585 ns, Cleanup: 26111 ns, At safepoint: 3707 ns, Total: 131403 ns
[2025-11-29T09:17:17.128+0000][474.371s][debug][safepoint   ] Safepoint synchronization initiated using futex wait barrier. (253 threads)
[2025-11-29T09:17:17.128+0000][474.372s][info ][safepoint   ] Safepoint "Cleanup", Time since last: 3000437205 ns, Reaching safepoint: 122635 ns, Cleanup: 21361 ns, At safepoint: 6062 ns, Total: 150058 ns
[2025-11-29T09:17:18.128+0000][475.372s][debug][safepoint   ] Safepoint synchronization initiated using futex wait barrier. (253 threads)
[2025-11-29T09:17:18.128+0000][475.372s][info ][safepoint   ] Safepoint "Cleanup", Time since last: 1000152146 ns, Reaching safepoint: 80245 ns, Cleanup: 67309 ns, At safepoint: 5721 ns, Total: 153275 ns
[2025-11-29T09:17:22.129+0000][479.372s][debug][safepoint   ] Safepoint synchronization initiated using futex wait barrier. (253 threads)
[2025-11-29T09:17:22.129+0000][479.373s][info ][safepoint   ] Safepoint "Cleanup", Time since last: 4000507309 ns, Reaching safepoint: 92898 ns, Cleanup: 12525 ns, At safepoint: 3055 ns, Total: 108478 ns
[2025-11-29T09:17:33.131+0000][490.375s][debug][safepoint   ] Safepoint synchronization initiated using futex wait barrier. (253 threads)
[2025-11-29T09:17:33.131+0000][490.375s][info ][safepoint   ] Safepoint "Cleanup", Time since last: 11002011754 ns, Reaching safepoint: 134949 ns, Cleanup: 17363 ns, At safepoint: 3437 ns, Total: 155749 ns
[2025-11-29T09:17:38.130+0000][495.376s][debug][safepoint   ] Safepoint synchronization initiated using futex wait barrier. (253 threads)
[2025-11-29T09:17:38.130+0000][495.376s][info ][safepoint   ] Safepoint "Cleanup", Time since last: 5000797717 ns, Reaching safepoint: 267594 ns, Cleanup: 30158 ns, At safepoint: 42401 ns, Total: 340153 ns
[2025-11-29T09:17:42.628+0000][499.873s][debug][safepoint   ] Safepoint synchronization initiated using futex wait barrier. (253 threads)
[2025-11-29T09:17:42.631+0000][499.876s][info ][gc,start    ] GC(93) Pause Young (Normal) (G1 Evacuation Pause)
[2025-11-29T09:17:42.631+0000][499.876s][info ][gc,task     ] GC(93) Using 13 workers of 13 for evacuation
[2025-11-29T09:17:42.685+0000][499.931s][info ][gc,phases   ] GC(93)   Pre Evacuate Collection Set: 4.3ms
[2025-11-29T09:17:42.685+0000][499.931s][info ][gc,phases   ] GC(93)   Merge Heap Roots: 0.8ms
[2025-11-29T09:17:42.685+0000][499.931s][info ][gc,phases   ] GC(93)   Evacuate Collection Set: 38.5ms
[2025-11-29T09:17:42.685+0000][499.931s][info ][gc,phases   ] GC(93)   Post Evacuate Collection Set: 10.1ms
[2025-11-29T09:17:42.685+0000][499.931s][info ][gc,phases   ] GC(93)   Other: 1.6ms
[2025-11-29T09:17:42.685+0000][499.931s][info ][gc,heap     ] GC(93) Eden regions: 189->0(195)
[2025-11-29T09:17:42.685+0000][499.931s][info ][gc,heap     ] GC(93) Survivor regions: 10->10(25)
[2025-11-29T09:17:42.685+0000][499.931s][info ][gc,heap     ] GC(93) Old regions: 398->398
[2025-11-29T09:17:42.685+0000][499.931s][info ][gc,heap     ] GC(93) Archive regions: 2->2
[2025-11-29T09:17:42.685+0000][499.931s][info ][gc,heap     ] GC(93) Humongous regions: 13->13
[2025-11-29T09:17:42.685+0000][499.931s][info ][gc,metaspace] GC(93) Metaspace: 197323K(198784K)->197323K(198784K) NonClass: 173294K(174080K)->173294K(174080K) Class: 24029K(24704K)->24029K(24704K)
[2025-11-29T09:17:42.685+0000][499.931s][info ][gc          ] GC(93) Pause Young (Normal) (G1 Evacuation Pause) 609M->420M(719M) 54.871ms
[2025-11-29T09:17:42.685+0000][499.931s][info ][gc,cpu      ] GC(93) User=0.50s Sys=0.03s Real=0.05s
[2025-11-29T09:17:42.687+0000][499.932s][info ][safepoint   ] Safepoint "G1CollectForAllocation", Time since last: 4497580758 ns, Reaching safepoint: 1578075 ns, Cleanup: 41680 ns, At safepoint: 57242057 ns, Total: 58861812 ns
[2025-11-29T09:17:47.688+0000][504.933s][debug][safepoint   ] Safepoint synchronization initiated using futex wait barrier. (253 threads)
[2025-11-29T09:17:47.688+0000][504.933s][info ][safepoint   ] Safepoint "Cleanup", Time since last: 5000952508 ns, Reaching safepoint: 105623 ns, Cleanup: 40568 ns, At safepoint: 3858 ns, Total: 150049 ns
[2025-11-29T09:17:52.690+0000][509.935s][debug][safepoint   ] Safepoint synchronization initiated using futex wait barrier. (253 threads)
[2025-11-29T09:17:52.690+0000][509.936s][info ][safepoint   ] Safepoint "Cleanup", Time since last: 5001798370 ns, Reaching safepoint: 226496 ns, Cleanup: 38024 ns, At safepoint: 43323 ns, Total: 307843 ns
[2025-11-29T09:18:02.692+0000][519.938s][debug][safepoint   ] Safepoint synchronization initiated using futex wait barrier. (255 threads)
[2025-11-29T09:18:02.693+0000][519.938s][info ][safepoint   ] Safepoint "Cleanup", Time since last: 10002521765 ns, Reaching safepoint: 136162 ns, Cleanup: 25399 ns, At safepoint: 8296 ns, Total: 169857 ns
[2025-11-29T09:18:05.693+0000][522.939s][debug][safepoint   ] Safepoint synchronization initiated using futex wait barrier. (255 threads)
[2025-11-29T09:18:05.693+0000][522.939s][info ][safepoint   ] Safepoint "Cleanup", Time since last: 3000558263 ns, Reaching safepoint: 98309 ns, Cleanup: 14708 ns, At safepoint: 3507 ns, Total: 116524 ns
[2025-11-29T09:18:07.692+0000][524.939s][debug][safepoint   ] Safepoint synchronization initiated using futex wait barrier. (255 threads)
[2025-11-29T09:18:07.693+0000][524.940s][info ][safepoint   ] Safepoint "Cleanup", Time since last: 2000432621 ns, Reaching safepoint: 182832 ns, Cleanup: 42431 ns, At safepoint: 6473 ns, Total: 231736 ns
[2025-11-29T09:18:13.694+0000][530.940s][debug][safepoint   ] Safepoint synchronization initiated using futex wait barrier. (252 threads)
[2025-11-29T09:18:13.694+0000][530.941s][info ][safepoint   ] Safepoint "Cleanup", Time since last: 6000856251 ns, Reaching safepoint: 186330 ns, Cleanup: 26120 ns, At safepoint: 6873 ns, Total: 219323 ns
[2025-11-29T09:18:15.694+0000][532.941s][debug][safepoint   ] Safepoint synchronization initiated using futex wait barrier. (252 threads)
[2025-11-29T09:18:15.694+0000][532.941s][info ][safepoint   ] Safepoint "Cleanup", Time since last: 2000333009 ns, Reaching safepoint: 128247 ns, Cleanup: 20710 ns, At safepoint: 5351 ns, Total: 154308 ns
[2025-11-29T09:18:25.198+0000][542.445s][debug][safepoint   ] Safepoint synchronization initiated using futex wait barrier. (252 threads)
[2025-11-29T09:18:25.199+0000][542.445s][info ][safepoint   ] Safepoint "Cleanup", Time since last: 9504216483 ns, Reaching safepoint: 96125 ns, Cleanup: 16081 ns, At safepoint: 4619 ns, Total: 116825 ns
[2025-11-29T09:18:33.200+0000][550.447s][debug][safepoint   ] Safepoint synchronization initiated using futex wait barrier. (252 threads)
[2025-11-29T09:18:33.201+0000][550.447s][info ][safepoint   ] Safepoint "Cleanup", Time since last: 8001897284 ns, Reaching safepoint: 112456 ns, Cleanup: 24698 ns, At safepoint: 4468 ns, Total: 141622 ns
[2025-11-29T09:18:35.201+0000][552.448s][debug][safepoint   ] Safepoint synchronization initiated using futex wait barrier. (252 threads)
[2025-11-29T09:18:35.201+0000][552.448s][info ][safepoint   ] Safepoint "Cleanup", Time since last: 2000296230 ns, Reaching safepoint: 115752 ns, Cleanup: 19207 ns, At safepoint: 6563 ns, Total: 141522 ns
[2025-11-29T09:18:37.199+0000][554.448s][debug][safepoint   ] Safepoint synchronization initiated using futex wait barrier. (252 threads)
[2025-11-29T09:18:37.200+0000][554.449s][info ][safepoint   ] Safepoint "Cleanup", Time since last: 2000347119 ns, Reaching safepoint: 269939 ns, Cleanup: 36310 ns, At safepoint: 9538 ns, Total: 315787 ns
[2025-11-29T09:18:45.201+0000][562.450s][debug][safepoint   ] Safepoint synchronization initiated using futex wait barrier. (252 threads)
[2025-11-29T09:18:45.201+0000][562.450s][info ][safepoint   ] Safepoint "Cleanup", Time since last: 8001544063 ns, Reaching safepoint: 88990 ns, Cleanup: 22173 ns, At safepoint: 3727 ns, Total: 114890 ns
[2025-11-29T09:18:53.202+0000][570.451s][debug][safepoint   ] Safepoint synchronization initiated using futex wait barrier. (252 threads)
[2025-11-29T09:18:53.202+0000][570.451s][info ][safepoint   ] Safepoint "Cleanup", Time since last: 8001034115 ns, Reaching safepoint: 79635 ns, Cleanup: 16652 ns, At safepoint: 2645 ns, Total: 98932 ns
[2025-11-29T09:19:03.204+0000][580.453s][debug][safepoint   ] Safepoint synchronization initiated using futex wait barrier. (252 threads)
[2025-11-29T09:19:03.204+0000][580.453s][info ][safepoint   ] Safepoint "Cleanup", Time since last: 10001467519 ns, Reaching safepoint: 189323 ns, Cleanup: 21882 ns, At safepoint: 6914 ns, Total: 218119 ns
[2025-11-29T09:19:05.204+0000][582.453s][debug][safepoint   ] Safepoint synchronization initiated using futex wait barrier. (252 threads)
[2025-11-29T09:19:05.204+0000][582.454s][info ][safepoint   ] Safepoint "Cleanup", Time since last: 2000321930 ns, Reaching safepoint: 109891 ns, Cleanup: 20098 ns, At safepoint: 3778 ns, Total: 133767 ns
[2025-11-29T09:19:18.204+0000][595.455s][debug][safepoint   ] Safepoint synchronization initiated using futex wait barrier. (252 threads)
[2025-11-29T09:19:18.204+0000][595.455s][info ][safepoint   ] Safepoint "Cleanup", Time since last: 13001732205 ns, Reaching safepoint: 93250 ns, Cleanup: 20198 ns, At safepoint: 3668 ns, Total: 117116 ns
[2025-11-29T09:19:23.205+0000][600.456s][debug][safepoint   ] Safepoint synchronization initiated using futex wait barrier. (252 threads)
[2025-11-29T09:19:23.206+0000][600.457s][info ][safepoint   ] Safepoint "Cleanup", Time since last: 5000820470 ns, Reaching safepoint: 400611 ns, Cleanup: 97518 ns, At safepoint: 239671 ns, Total: 737800 ns
[2025-11-29T09:19:38.206+0000][615.459s][debug][safepoint   ] Safepoint synchronization initiated using futex wait barrier. (252 threads)
[2025-11-29T09:19:38.206+0000][615.459s][info ][safepoint   ] Safepoint "Cleanup", Time since last: 15001930487 ns, Reaching safepoint: 141232 ns, Cleanup: 23405 ns, At safepoint: 5330 ns, Total: 169967 ns
[2025-11-29T09:19:55.209+0000][632.462s][debug][safepoint   ] Safepoint synchronization initiated using futex wait barrier. (252 threads)
[2025-11-29T09:19:55.209+0000][632.462s][info ][safepoint   ] Safepoint "Cleanup", Time since last: 17002825186 ns, Reaching safepoint: 269939 ns, Cleanup: 27333 ns, At safepoint: 9668 ns, Total: 306940 ns
[2025-11-29T09:19:56.210+0000][633.462s][debug][safepoint   ] Safepoint synchronization initiated using futex wait barrier. (252 threads)
[2025-11-29T09:19:56.210+0000][633.462s][info ][safepoint   ] Safepoint "Cleanup", Time since last: 1000174509 ns, Reaching safepoint: 77599 ns, Cleanup: 16322 ns, At safepoint: 2745 ns, Total: 96666 ns
[2025-11-29T09:19:58.210+0000][635.463s][debug][safepoint   ] Safepoint synchronization initiated using futex wait barrier. (252 threads)
[2025-11-29T09:19:58.210+0000][635.463s][info ][safepoint   ] Safepoint "Cleanup", Time since last: 2000316379 ns, Reaching safepoint: 129780 ns, Cleanup: 22313 ns, At safepoint: 3977 ns, Total: 156070 ns
[2025-11-29T09:20:05.211+0000][642.464s][debug][safepoint   ] Safepoint synchronization initiated using futex wait barrier. (253 threads)
[2025-11-29T09:20:05.211+0000][642.464s][info ][safepoint   ] Safepoint "Cleanup", Time since last: 7001242508 ns, Reaching safepoint: 94000 ns, Cleanup: 22454 ns, At safepoint: 3907 ns, Total: 120361 ns
[2025-11-29T09:20:07.210+0000][644.465s][debug][safepoint   ] Safepoint synchronization initiated using futex wait barrier. (253 threads)
[2025-11-29T09:20:07.210+0000][644.465s][info ][safepoint   ] Safepoint "Cleanup", Time since last: 2000283895 ns, Reaching safepoint: 80164 ns, Cleanup: 14899 ns, At safepoint: 3667 ns, Total: 98730 ns
[2025-11-29T09:20:08.210+0000][645.465s][debug][safepoint   ] Safepoint synchronization initiated using futex wait barrier. (253 threads)
[2025-11-29T09:20:08.210+0000][645.465s][info ][safepoint   ] Safepoint "Cleanup", Time since last: 1000252634 ns, Reaching safepoint: 137985 ns, Cleanup: 24127 ns, At safepoint: 5290 ns, Total: 167402 ns
[2025-11-29T09:20:09.210+0000][646.465s][debug][safepoint   ] Safepoint synchronization initiated using futex wait barrier. (253 threads)
[2025-11-29T09:20:09.211+0000][646.465s][info ][safepoint   ] Safepoint "Cleanup", Time since last: 1000228045 ns, Reaching safepoint: 160989 ns, Cleanup: 25790 ns, At safepoint: 6492 ns, Total: 193271 ns
[2025-11-29T09:20:13.211+0000][650.466s][debug][safepoint   ] Safepoint synchronization initiated using futex wait barrier. (253 threads)
[2025-11-29T09:20:13.211+0000][650.466s][info ][safepoint   ] Safepoint "Cleanup", Time since last: 4000522976 ns, Reaching safepoint: 76136 ns, Cleanup: 11562 ns, At safepoint: 3227 ns, Total: 90925 ns
[2025-11-29T09:20:14.211+0000][651.466s][debug][safepoint   ] Safepoint synchronization initiated using futex wait barrier. (253 threads)
[2025-11-29T09:20:14.211+0000][651.466s][info ][safepoint   ] Safepoint "Cleanup", Time since last: 1000139476 ns, Reaching safepoint: 65446 ns, Cleanup: 10320 ns, At safepoint: 2564 ns, Total: 78330 ns
[2025-11-29T09:20:16.212+0000][653.467s][debug][safepoint   ] Safepoint synchronization initiated using futex wait barrier. (252 threads)
[2025-11-29T09:20:16.212+0000][653.467s][info ][safepoint   ] Safepoint "Cleanup", Time since last: 2000266419 ns, Reaching safepoint: 70776 ns, Cleanup: 24778 ns, At safepoint: 3276 ns, Total: 98830 ns
[2025-11-29T09:20:19.872+0000][657.127s][debug][safepoint   ] Safepoint synchronization initiated using futex wait barrier. (252 threads)
[2025-11-29T09:20:19.873+0000][657.128s][info ][gc,start    ] GC(94) Pause Young (Normal) (G1 Evacuation Pause)
[2025-11-29T09:20:19.873+0000][657.128s][info ][gc,task     ] GC(94) Using 13 workers of 13 for evacuation
[2025-11-29T09:20:19.893+0000][657.148s][info ][gc,phases   ] GC(94)   Pre Evacuate Collection Set: 0.5ms
[2025-11-29T09:20:19.893+0000][657.148s][info ][gc,phases   ] GC(94)   Merge Heap Roots: 0.4ms
[2025-11-29T09:20:19.893+0000][657.148s][info ][gc,phases   ] GC(94)   Evacuate Collection Set: 17.3ms
[2025-11-29T09:20:19.893+0000][657.148s][info ][gc,phases   ] GC(94)   Post Evacuate Collection Set: 2.2ms
[2025-11-29T09:20:19.893+0000][657.148s][info ][gc,phases   ] GC(94)   Other: 0.4ms
[2025-11-29T09:20:19.893+0000][657.148s][info ][gc,heap     ] GC(94) Eden regions: 195->0(201)
[2025-11-29T09:20:19.893+0000][657.148s][info ][gc,heap     ] GC(94) Survivor regions: 10->10(26)
[2025-11-29T09:20:19.893+0000][657.148s][info ][gc,heap     ] GC(94) Old regions: 398->398
[2025-11-29T09:20:19.893+0000][657.148s][info ][gc,heap     ] GC(94) Archive regions: 2->2
[2025-11-29T09:20:19.893+0000][657.148s][info ][gc,heap     ] GC(94) Humongous regions: 13->13
[2025-11-29T09:20:19.893+0000][657.148s][info ][gc,metaspace] GC(94) Metaspace: 197609K(199040K)->197609K(199040K) NonClass: 173579K(174336K)->173579K(174336K) Class: 24029K(24704K)->24029K(24704K)
[2025-11-29T09:20:19.893+0000][657.148s][info ][gc          ] GC(94) Pause Young (Normal) (G1 Evacuation Pause) 615M->420M(719M) 20.623ms
[2025-11-29T09:20:19.893+0000][657.148s][info ][gc,cpu      ] GC(94) User=0.20s Sys=0.01s Real=0.02s
[2025-11-29T09:20:19.894+0000][657.149s][info ][safepoint   ] Safepoint "G1CollectForAllocation", Time since last: 3660635516 ns, Reaching safepoint: 148806 ns, Cleanup: 7755 ns, At safepoint: 21326721 ns, Total: 21483282 ns
[2025-11-29T09:20:22.894+0000][660.149s][debug][safepoint   ] Safepoint synchronization initiated using futex wait barrier. (252 threads)
[2025-11-29T09:20:22.895+0000][660.149s][info ][safepoint   ] Safepoint "Cleanup", Time since last: 3000461271 ns, Reaching safepoint: 123839 ns, Cleanup: 23234 ns, At safepoint: 4629 ns, Total: 151702 ns
[2025-11-29T09:20:28.266+0000][665.521s][debug][safepoint   ] Safepoint synchronization initiated using futex wait barrier. (255 threads)
[2025-11-29T09:20:28.266+0000][665.521s][info ][safepoint   ] Safepoint "Cleanup", Time since last: 5371166164 ns, Reaching safepoint: 91165 ns, Cleanup: 55427 ns, At safepoint: 5921 ns, Total: 152513 ns
[2025-11-29T09:20:32.266+0000][669.521s][debug][safepoint   ] Safepoint synchronization initiated using futex wait barrier. (252 threads)
[2025-11-29T09:20:32.267+0000][669.521s][info ][safepoint   ] Safepoint "Cleanup", Time since last: 4000545193 ns, Reaching safepoint: 93029 ns, Cleanup: 18375 ns, At safepoint: 3407 ns, Total: 114811 ns
[2025-11-29T09:20:37.266+0000][674.522s][debug][safepoint   ] Safepoint synchronization initiated using futex wait barrier. (255 threads)
[2025-11-29T09:20:37.266+0000][674.522s][info ][safepoint   ] Safepoint "Cleanup", Time since last: 5000854142 ns, Reaching safepoint: 87729 ns, Cleanup: 65125 ns, At safepoint: 7926 ns, Total: 160780 ns
[2025-11-29T09:20:42.267+0000][679.523s][debug][safepoint   ] Safepoint synchronization initiated using futex wait barrier. (255 threads)
[2025-11-29T09:20:42.267+0000][679.523s][info ][safepoint   ] Safepoint "Cleanup", Time since last: 5000805315 ns, Reaching safepoint: 171489 ns, Cleanup: 32763 ns, At safepoint: 80033 ns, Total: 284285 ns
[2025-11-29T09:20:45.268+0000][682.524s][debug][safepoint   ] Safepoint synchronization initiated using futex wait barrier. (255 threads)
[2025-11-29T09:20:45.268+0000][682.524s][info ][safepoint   ] Safepoint "Cleanup", Time since last: 3000566288 ns, Reaching safepoint: 217878 ns, Cleanup: 69824 ns, At safepoint: 8326 ns, Total: 296028 ns
[2025-11-29T09:20:47.269+0000][684.525s][debug][safepoint   ] Safepoint synchronization initiated using futex wait barrier. (255 threads)
[2025-11-29T09:20:47.269+0000][684.525s][info ][safepoint   ] Safepoint "Cleanup", Time since last: 2000490454 ns, Reaching safepoint: 137695 ns, Cleanup: 35468 ns, At safepoint: 5240 ns, Total: 178403 ns
[2025-11-29T09:20:48.269+0000][685.525s][debug][safepoint   ] Safepoint synchronization initiated using futex wait barrier. (254 threads)
[2025-11-29T09:20:48.269+0000][685.525s][info ][safepoint   ] Safepoint "Cleanup", Time since last: 1000184718 ns, Reaching safepoint: 127926 ns, Cleanup: 30749 ns, At safepoint: 4769 ns, Total: 163444 ns
[2025-11-29T09:20:49.269+0000][686.526s][debug][safepoint   ] Safepoint synchronization initiated using futex wait barrier. (254 threads)
[2025-11-29T09:20:49.269+0000][686.526s][info ][safepoint   ] Safepoint "Cleanup", Time since last: 1000146573 ns, Reaching safepoint: 84352 ns, Cleanup: 14408 ns, At safepoint: 3536 ns, Total: 102296 ns
[2025-11-29T09:20:53.270+0000][690.526s][debug][safepoint   ] Safepoint synchronization initiated using futex wait barrier. (253 threads)
[2025-11-29T09:20:53.270+0000][690.526s][info ][safepoint   ] Safepoint "Cleanup", Time since last: 4000516426 ns, Reaching safepoint: 88350 ns, Cleanup: 13406 ns, At safepoint: 3326 ns, Total: 105082 ns
[2025-11-29T09:21:07.270+0000][704.528s][debug][safepoint   ] Safepoint synchronization initiated using futex wait barrier. (254 threads)
[2025-11-29T09:21:07.270+0000][704.528s][info ][safepoint   ] Safepoint "Cleanup", Time since last: 14002095308 ns, Reaching safepoint: 72778 ns, Cleanup: 8947 ns, At safepoint: 2004 ns, Total: 83729 ns
[2025-11-29T09:21:17.272+0000][714.530s][debug][safepoint   ] Safepoint synchronization initiated using futex wait barrier. (254 threads)
[2025-11-29T09:21:17.274+0000][714.532s][info ][safepoint   ] Safepoint "Cleanup", Time since last: 10001309776 ns, Reaching safepoint: 700856 ns, Cleanup: 25539 ns, At safepoint: 1807735 ns, Total: 2534130 ns
[2025-11-29T09:21:22.275+0000][719.533s][debug][safepoint   ] Safepoint synchronization initiated using futex wait barrier. (254 threads)
[2025-11-29T09:21:22.275+0000][719.533s][info ][safepoint   ] Safepoint "Cleanup", Time since last: 5000720361 ns, Reaching safepoint: 119450 ns, Cleanup: 14027 ns, At safepoint: 3977 ns, Total: 137454 ns
[2025-11-29T09:21:27.276+0000][724.534s][debug][safepoint   ] Safepoint synchronization initiated using futex wait barrier. (254 threads)
[2025-11-29T09:21:27.276+0000][724.534s][info ][safepoint   ] Safepoint "Cleanup", Time since last: 5000696113 ns, Reaching safepoint: 168774 ns, Cleanup: 27643 ns, At safepoint: 5521 ns, Total: 201938 ns
[2025-11-29T09:21:42.278+0000][739.538s][debug][safepoint   ] Safepoint synchronization initiated using futex wait barrier. (254 threads)
[2025-11-29T09:21:42.279+0000][739.539s][info ][safepoint   ] Safepoint "Cleanup", Time since last: 15004462310 ns, Reaching safepoint: 107497 ns, Cleanup: 15870 ns, At safepoint: 3748 ns, Total: 127115 ns
[2025-11-29T09:21:52.280+0000][749.540s][debug][safepoint   ] Safepoint synchronization initiated using futex wait barrier. (254 threads)
[2025-11-29T09:21:52.280+0000][749.540s][info ][safepoint   ] Safepoint "Cleanup", Time since last: 10001409358 ns, Reaching safepoint: 127795 ns, Cleanup: 26471 ns, At safepoint: 4268 ns, Total: 158534 ns
[2025-11-29T09:21:57.281+0000][754.541s][debug][safepoint   ] Safepoint synchronization initiated using futex wait barrier. (254 threads)
[2025-11-29T09:21:57.281+0000][754.541s][info ][safepoint   ] Safepoint "Cleanup", Time since last: 5000733732 ns, Reaching safepoint: 138155 ns, Cleanup: 22654 ns, At safepoint: 5370 ns, Total: 166179 ns
[2025-11-29T09:21:58.282+0000][755.542s][debug][safepoint   ] Safepoint synchronization initiated using futex wait barrier. (254 threads)
[2025-11-29T09:21:58.282+0000][755.542s][info ][safepoint   ] Safepoint "Cleanup", Time since last: 1000667023 ns, Reaching safepoint: 104090 ns, Cleanup: 15720 ns, At safepoint: 4829 ns, Total: 124639 ns
[2025-11-29T09:22:03.283+0000][760.543s][debug][safepoint   ] Safepoint synchronization initiated using futex wait barrier. (254 threads)
[2025-11-29T09:22:03.283+0000][760.543s][info ][safepoint   ] Safepoint "Cleanup", Time since last: 5000975620 ns, Reaching safepoint: 137264 ns, Cleanup: 17353 ns, At safepoint: 5541 ns, Total: 160158 ns
[2025-11-29T09:22:05.283+0000][762.543s][debug][safepoint   ] Safepoint synchronization initiated using futex wait barrier. (254 threads)
[2025-11-29T09:22:05.284+0000][762.544s][info ][safepoint   ] Safepoint "Cleanup", Time since last: 2000318968 ns, Reaching safepoint: 159326 ns, Cleanup: 31611 ns, At safepoint: 6012 ns, Total: 196949 ns
[2025-11-29T09:22:07.282+0000][764.544s][debug][safepoint   ] Safepoint synchronization initiated using futex wait barrier. (254 threads)
[2025-11-29T09:22:07.282+0000][764.544s][info ][safepoint   ] Safepoint "Cleanup", Time since last: 2000225599 ns, Reaching safepoint: 86907 ns, Cleanup: 11873 ns, At safepoint: 61578 ns, Total: 160358 ns
[2025-11-29T09:22:12.282+0000][769.545s][debug][safepoint   ] Safepoint synchronization initiated using futex wait barrier. (254 threads)
[2025-11-29T09:22:12.283+0000][769.545s][info ][safepoint   ] Safepoint "Cleanup", Time since last: 5000680394 ns, Reaching safepoint: 512294 ns, Cleanup: 14718 ns, At safepoint: 57069 ns, Total: 584081 ns
[2025-11-29T09:22:15.284+0000][772.546s][debug][safepoint   ] Safepoint synchronization initiated using futex wait barrier. (254 threads)
[2025-11-29T09:22:15.284+0000][772.546s][info ][safepoint   ] Safepoint "Cleanup", Time since last: 3001012182 ns, Reaching safepoint: 121674 ns, Cleanup: 20119 ns, At safepoint: 3737 ns, Total: 145530 ns
[2025-11-29T09:22:17.284+0000][774.547s][debug][safepoint   ] Safepoint synchronization initiated using futex wait barrier. (253 threads)
[2025-11-29T09:22:17.285+0000][774.547s][info ][safepoint   ] Safepoint "Cleanup", Time since last: 2000281934 ns, Reaching safepoint: 96276 ns, Cleanup: 18736 ns, At safepoint: 4628 ns, Total: 119640 ns
[2025-11-29T09:22:25.336+0000][782.598s][debug][safepoint   ] Safepoint synchronization initiated using futex wait barrier. (253 threads)
[2025-11-29T09:22:25.336+0000][782.598s][info ][safepoint   ] Safepoint "Cleanup", Time since last: 8051384100 ns, Reaching safepoint: 94191 ns, Cleanup: 15440 ns, At safepoint: 3847 ns, Total: 113478 ns
[2025-11-29T09:22:27.336+0000][784.599s][debug][safepoint   ] Safepoint synchronization initiated using futex wait barrier. (253 threads)
[2025-11-29T09:22:27.336+0000][784.599s][info ][safepoint   ] Safepoint "Cleanup", Time since last: 2000294951 ns, Reaching safepoint: 108248 ns, Cleanup: 18757 ns, At safepoint: 4959 ns, Total: 131964 ns
[2025-11-29T09:22:32.337+0000][789.599s][debug][safepoint   ] Safepoint synchronization initiated using futex wait barrier. (253 threads)
[2025-11-29T09:22:32.337+0000][789.599s][info ][safepoint   ] Safepoint "Cleanup", Time since last: 5000677286 ns, Reaching safepoint: 83370 ns, Cleanup: 13476 ns, At safepoint: 3577 ns, Total: 100423 ns
[2025-11-29T09:22:45.338+0000][802.601s][debug][safepoint   ] Safepoint synchronization initiated using futex wait barrier. (253 threads)
[2025-11-29T09:22:45.338+0000][802.601s][info ][safepoint   ] Safepoint "Cleanup", Time since last: 13001777984 ns, Reaching safepoint: 259728 ns, Cleanup: 25800 ns, At safepoint: 6612 ns, Total: 292140 ns
[2025-11-29T09:22:55.340+0000][812.604s][debug][safepoint   ] Safepoint synchronization initiated using futex wait barrier. (253 threads)
[2025-11-29T09:22:55.340+0000][812.604s][info ][safepoint   ] Safepoint "Cleanup", Time since last: 10002312907 ns, Reaching safepoint: 166310 ns, Cleanup: 24907 ns, At safepoint: 6022 ns, Total: 197239 ns
[2025-11-29T09:23:02.572+0000][819.835s][debug][safepoint   ] Safepoint synchronization initiated using futex wait barrier. (253 threads)
[2025-11-29T09:23:02.572+0000][819.836s][info ][gc,start    ] GC(95) Pause Young (Normal) (G1 Evacuation Pause)
[2025-11-29T09:23:02.572+0000][819.836s][info ][gc,task     ] GC(95) Using 13 workers of 13 for evacuation
[2025-11-29T09:23:02.614+0000][819.878s][info ][gc,phases   ] GC(95)   Pre Evacuate Collection Set: 1.0ms
[2025-11-29T09:23:02.614+0000][819.878s][info ][gc,phases   ] GC(95)   Merge Heap Roots: 0.4ms
[2025-11-29T09:23:02.614+0000][819.878s][info ][gc,phases   ] GC(95)   Evacuate Collection Set: 37.4ms
[2025-11-29T09:23:02.614+0000][819.878s][info ][gc,phases   ] GC(95)   Post Evacuate Collection Set: 3.1ms
[2025-11-29T09:23:02.614+0000][819.878s][info ][gc,phases   ] GC(95)   Other: 0.4ms
[2025-11-29T09:23:02.614+0000][819.878s][info ][gc,heap     ] GC(95) Eden regions: 201->0(205)
[2025-11-29T09:23:02.614+0000][819.878s][info ][gc,heap     ] GC(95) Survivor regions: 10->10(27)
[2025-11-29T09:23:02.614+0000][819.878s][info ][gc,heap     ] GC(95) Old regions: 398->398
[2025-11-29T09:23:02.614+0000][819.878s][info ][gc,heap     ] GC(95) Archive regions: 2->2
[2025-11-29T09:23:02.614+0000][819.878s][info ][gc,heap     ] GC(95) Humongous regions: 13->13
[2025-11-29T09:23:02.614+0000][819.878s][info ][gc,metaspace] GC(95) Metaspace: 198125K(199552K)->198125K(199552K) NonClass: 174095K(174848K)->174095K(174848K) Class: 24029K(24704K)->24029K(24704K)
[2025-11-29T09:23:02.614+0000][819.878s][info ][gc          ] GC(95) Pause Young (Normal) (G1 Evacuation Pause) 621M->421M(719M) 42.324ms
[2025-11-29T09:23:02.614+0000][819.878s][info ][gc,cpu      ] GC(95) User=0.45s Sys=0.01s Real=0.04s
[2025-11-29T09:23:02.616+0000][819.879s][info ][safepoint   ] Safepoint "G1CollectForAllocation", Time since last: 7231269124 ns, Reaching safepoint: 87395 ns, Cleanup: 5270 ns, At safepoint: 43820311 ns, Total: 43912976 ns
[2025-11-29T09:23:05.616+0000][822.880s][debug][safepoint   ] Safepoint synchronization initiated using futex wait barrier. (253 threads)
[2025-11-29T09:23:05.617+0000][822.880s][info ][safepoint   ] Safepoint "Cleanup", Time since last: 3000647200 ns, Reaching safepoint: 178529 ns, Cleanup: 49744 ns, At safepoint: 7013 ns, Total: 235286 ns
[2025-11-29T09:23:27.372+0000][844.639s][debug][safepoint   ] Safepoint synchronization initiated using futex wait barrier. (253 threads)
[2025-11-29T09:23:27.372+0000][844.639s][info ][safepoint   ] Safepoint "Cleanup", Time since last: 21758508851 ns, Reaching safepoint: 87588 ns, Cleanup: 21792 ns, At safepoint: 3697 ns, Total: 113077 ns
[2025-11-29T09:23:32.373+0000][849.639s][debug][safepoint   ] Safepoint synchronization initiated using futex wait barrier. (253 threads)
[2025-11-29T09:23:32.373+0000][849.639s][info ][safepoint   ] Safepoint "Cleanup", Time since last: 5000629821 ns, Reaching safepoint: 112567 ns, Cleanup: 17924 ns, At safepoint: 3657 ns, Total: 134148 ns
[2025-11-29T09:23:42.374+0000][859.642s][debug][safepoint   ] Safepoint synchronization initiated using futex wait barrier. (253 threads)
[2025-11-29T09:23:42.374+0000][859.642s][info ][safepoint   ] Safepoint "Cleanup", Time since last: 10002128230 ns, Reaching safepoint: 136723 ns, Cleanup: 24196 ns, At safepoint: 5140 ns, Total: 166059 ns
[2025-11-29T09:23:55.376+0000][872.644s][debug][safepoint   ] Safepoint synchronization initiated using futex wait barrier. (253 threads)
[2025-11-29T09:23:55.376+0000][872.644s][info ][safepoint   ] Safepoint "Cleanup", Time since last: 13001889332 ns, Reaching safepoint: 177781 ns, Cleanup: 38364 ns, At safepoint: 5420 ns, Total: 221565 ns
[2025-11-29T09:24:02.378+0000][879.645s][debug][safepoint   ] Safepoint synchronization initiated using futex wait barrier. (256 threads)
[2025-11-29T09:24:02.378+0000][879.645s][info ][safepoint   ] Safepoint "Cleanup", Time since last: 7001304960 ns, Reaching safepoint: 92448 ns, Cleanup: 59444 ns, At safepoint: 108349 ns, Total: 260241 ns
[2025-11-29T09:24:05.378+0000][882.646s][debug][safepoint   ] Safepoint synchronization initiated using futex wait barrier. (256 threads)
[2025-11-29T09:24:05.378+0000][882.646s][info ][safepoint   ] Safepoint "Cleanup", Time since last: 3000423367 ns, Reaching safepoint: 81406 ns, Cleanup: 12825 ns, At safepoint: 3637 ns, Total: 97868 ns
[2025-11-29T09:24:07.377+0000][884.647s][debug][safepoint   ] Safepoint synchronization initiated using futex wait barrier. (255 threads)
[2025-11-29T09:24:07.378+0000][884.647s][info ][safepoint   ] Safepoint "Cleanup", Time since last: 2000597909 ns, Reaching safepoint: 387735 ns, Cleanup: 38043 ns, At safepoint: 17233 ns, Total: 443011 ns
[2025-11-29T09:24:12.379+0000][889.648s][debug][safepoint   ] Safepoint synchronization initiated using futex wait barrier. (253 threads)
[2025-11-29T09:24:12.379+0000][889.648s][info ][safepoint   ] Safepoint "Cleanup", Time since last: 5000923174 ns, Reaching safepoint: 162763 ns, Cleanup: 14628 ns, At safepoint: 4538 ns, Total: 181929 ns
[2025-11-29T09:24:15.379+0000][892.649s][debug][safepoint   ] Safepoint synchronization initiated using futex wait barrier. (253 threads)
[2025-11-29T09:24:15.381+0000][892.650s][info ][safepoint   ] Safepoint "Cleanup", Time since last: 3000464804 ns, Reaching safepoint: 1068673 ns, Cleanup: 19147 ns, At safepoint: 326578 ns, Total: 1414398 ns
[2025-11-29T09:24:20.381+0000][897.651s][debug][safepoint   ] Safepoint synchronization initiated using futex wait barrier. (255 threads)
[2025-11-29T09:24:20.382+0000][897.651s][info ][safepoint   ] Safepoint "Cleanup", Time since last: 5000634985 ns, Reaching safepoint: 114290 ns, Cleanup: 17934 ns, At safepoint: 5180 ns, Total: 137404 ns
[2025-11-29T09:24:22.382+0000][899.651s][debug][safepoint   ] Safepoint synchronization initiated using futex wait barrier. (255 threads)
[2025-11-29T09:24:22.382+0000][899.651s][info ][safepoint   ] Safepoint "Cleanup", Time since last: 2000358380 ns, Reaching safepoint: 287733 ns, Cleanup: 51489 ns, At safepoint: 6362 ns, Total: 345584 ns
[2025-11-29T09:24:27.412+0000][904.681s][debug][safepoint   ] Safepoint synchronization initiated using futex wait barrier. (253 threads)
[2025-11-29T09:24:27.412+0000][904.681s][info ][safepoint   ] Safepoint "Cleanup", Time since last: 5029402182 ns, Reaching safepoint: 127515 ns, Cleanup: 21872 ns, At safepoint: 3787 ns, Total: 153174 ns
[2025-11-29T09:24:32.412+0000][909.682s][debug][safepoint   ] Safepoint synchronization initiated using futex wait barrier. (253 threads)
[2025-11-29T09:24:32.413+0000][909.682s][info ][safepoint   ] Safepoint "Cleanup", Time since last: 5000619105 ns, Reaching safepoint: 80875 ns, Cleanup: 14468 ns, At safepoint: 3366 ns, Total: 98709 ns
[2025-11-29T09:24:37.405+0000][914.682s][debug][safepoint   ] Safepoint synchronization initiated using futex wait barrier. (253 threads)
[2025-11-29T09:24:37.405+0000][914.683s][info ][safepoint   ] Safepoint "Cleanup", Time since last: 5000651978 ns, Reaching safepoint: 132504 ns, Cleanup: 21411 ns, At safepoint: 4780 ns, Total: 158695 ns
[2025-11-29T09:24:57.409+0000][934.686s][debug][safepoint   ] Safepoint synchronization initiated using futex wait barrier. (253 threads)
[2025-11-29T09:24:57.409+0000][934.687s][info ][safepoint   ] Safepoint "Cleanup", Time since last: 20003686125 ns, Reaching safepoint: 258276 ns, Cleanup: 23505 ns, At safepoint: 5832 ns, Total: 287613 ns
[2025-11-29T09:25:02.410+0000][939.687s][debug][safepoint   ] Safepoint synchronization initiated using futex wait barrier. (256 threads)
[2025-11-29T09:25:02.410+0000][939.687s][info ][safepoint   ] Safepoint "Cleanup", Time since last: 5000677422 ns, Reaching safepoint: 76116 ns, Cleanup: 43423 ns, At safepoint: 4199 ns, Total: 123738 ns
[2025-11-29T09:25:05.410+0000][942.688s][debug][safepoint   ] Safepoint synchronization initiated using futex wait barrier. (256 threads)
[2025-11-29T09:25:05.411+0000][942.688s][info ][safepoint   ] Safepoint "Cleanup", Time since last: 3000422006 ns, Reaching safepoint: 386422 ns, Cleanup: 23756 ns, At safepoint: 126753 ns, Total: 536931 ns
[2025-11-29T09:25:07.415+0000][944.689s][debug][safepoint   ] Safepoint synchronization initiated using futex wait barrier. (253 threads)
[2025-11-29T09:25:07.415+0000][944.689s][info ][safepoint   ] Safepoint "Cleanup", Time since last: 2000314227 ns, Reaching safepoint: 132124 ns, Cleanup: 94982 ns, At safepoint: 6363 ns, Total: 233469 ns
[2025-11-29T09:25:08.415+0000][945.689s][debug][safepoint   ] Safepoint synchronization initiated using futex wait barrier. (253 threads)
[2025-11-29T09:25:08.416+0000][945.689s][info ][safepoint   ] Safepoint "Cleanup", Time since last: 1000172803 ns, Reaching safepoint: 119189 ns, Cleanup: 159446 ns, At safepoint: 8416 ns, Total: 287051 ns
[2025-11-29T09:25:09.416+0000][946.689s][debug][safepoint   ] Safepoint synchronization initiated using futex wait barrier. (253 threads)
[2025-11-29T09:25:09.416+0000][946.690s][info ][safepoint   ] Safepoint "Cleanup", Time since last: 1000215307 ns, Reaching safepoint: 128797 ns, Cleanup: 24037 ns, At safepoint: 5099 ns, Total: 157933 ns
[2025-11-29T09:25:21.418+0000][958.692s][debug][safepoint   ] Safepoint synchronization initiated using futex wait barrier. (254 threads)
[2025-11-29T09:25:21.419+0000][958.693s][info ][safepoint   ] Safepoint "Cleanup", Time since last: 12002572147 ns, Reaching safepoint: 162142 ns, Cleanup: 123467 ns, At safepoint: 15991 ns, Total: 301600 ns
[2025-11-29T09:25:35.449+0000][972.723s][debug][safepoint   ] Safepoint synchronization initiated using futex wait barrier. (256 threads)
[2025-11-29T09:25:35.449+0000][972.723s][info ][safepoint   ] Safepoint "Cleanup", Time since last: 14030417277 ns, Reaching safepoint: 131461 ns, Cleanup: 13426 ns, At safepoint: 4779 ns, Total: 149666 ns
[2025-11-29T09:25:37.449+0000][974.724s][debug][safepoint   ] Safepoint synchronization initiated using futex wait barrier. (256 threads)
[2025-11-29T09:25:37.450+0000][974.724s][info ][safepoint   ] Safepoint "Cleanup", Time since last: 2001137200 ns, Reaching safepoint: 182389 ns, Cleanup: 53712 ns, At safepoint: 5972 ns, Total: 242073 ns
[2025-11-29T09:25:47.452+0000][984.726s][debug][safepoint   ] Safepoint synchronization initiated using futex wait barrier. (255 threads)
[2025-11-29T09:25:47.452+0000][984.727s][info ][safepoint   ] Safepoint "Cleanup", Time since last: 10001829346 ns, Reaching safepoint: 276510 ns, Cleanup: 37422 ns, At safepoint: 5461 ns, Total: 319393 ns
[2025-11-29T09:25:48.831+0000][986.106s][debug][safepoint   ] Safepoint synchronization initiated using futex wait barrier. (255 threads)
[2025-11-29T09:25:48.832+0000][986.107s][debug][safepoint   ] ... found polling page loop exception at pc = 0x0000738a8a0c3f6c, stub =0x0000738a88a04400
[2025-11-29T09:25:48.833+0000][986.108s][info ][gc,start    ] GC(96) Pause Young (Normal) (G1 Evacuation Pause)
[2025-11-29T09:25:48.833+0000][986.108s][info ][gc,task     ] GC(96) Using 13 workers of 13 for evacuation
[2025-11-29T09:25:48.875+0000][986.150s][info ][gc,phases   ] GC(96)   Pre Evacuate Collection Set: 1.5ms
[2025-11-29T09:25:48.875+0000][986.150s][info ][gc,phases   ] GC(96)   Merge Heap Roots: 0.9ms
[2025-11-29T09:25:48.875+0000][986.150s][info ][gc,phases   ] GC(96)   Evacuate Collection Set: 33.3ms
[2025-11-29T09:25:48.875+0000][986.150s][info ][gc,phases   ] GC(96)   Post Evacuate Collection Set: 6.4ms
[2025-11-29T09:25:48.875+0000][986.150s][info ][gc,phases   ] GC(96)   Other: 1.0ms
[2025-11-29T09:25:48.875+0000][986.150s][info ][gc,heap     ] GC(96) Eden regions: 205->0(208)
[2025-11-29T09:25:48.875+0000][986.150s][info ][gc,heap     ] GC(96) Survivor regions: 10->10(27)
[2025-11-29T09:25:48.875+0000][986.150s][info ][gc,heap     ] GC(96) Old regions: 398->398
[2025-11-29T09:25:48.876+0000][986.150s][info ][gc,heap     ] GC(96) Archive regions: 2->2
[2025-11-29T09:25:48.876+0000][986.150s][info ][gc,heap     ] GC(96) Humongous regions: 13->13
[2025-11-29T09:25:48.876+0000][986.150s][info ][gc,metaspace] GC(96) Metaspace: 198288K(199744K)->198288K(199744K) NonClass: 174255K(175040K)->174255K(175040K) Class: 24032K(24704K)->24032K(24704K)
[2025-11-29T09:25:48.876+0000][986.151s][info ][gc          ] GC(96) Pause Young (Normal) (G1 Evacuation Pause) 626M->420M(719M) 42.890ms
[2025-11-29T09:25:48.876+0000][986.151s][info ][gc,cpu      ] GC(96) User=0.48s Sys=0.01s Real=0.04s
[2025-11-29T09:25:48.877+0000][986.152s][info ][safepoint   ] Safepoint "G1CollectForAllocation", Time since last: 1379561446 ns, Reaching safepoint: 730152 ns, Cleanup: 8366 ns, At safepoint: 45122699 ns, Total: 45861217 ns
[2025-11-29T09:26:02.880+0000][1000.155s][debug][safepoint   ] Safepoint synchronization initiated using futex wait barrier. (257 threads)
[2025-11-29T09:26:02.880+0000][1000.155s][info ][safepoint   ] Safepoint "Cleanup", Time since last: 14002466479 ns, Reaching safepoint: 127214 ns, Cleanup: 51609 ns, At safepoint: 5380 ns, Total: 184203 ns
[2025-11-29T09:26:07.878+0000][1005.155s][debug][safepoint   ] Safepoint synchronization initiated using futex wait barrier. (254 threads)
[2025-11-29T09:26:07.878+0000][1005.156s][info ][safepoint   ] Safepoint "Cleanup", Time since last: 5000689507 ns, Reaching safepoint: 97176 ns, Cleanup: 31080 ns, At safepoint: 3036 ns, Total: 131292 ns
[2025-11-29T09:26:08.879+0000][1006.156s][debug][safepoint   ] Safepoint synchronization initiated using futex wait barrier. (254 threads)
[2025-11-29T09:26:08.879+0000][1006.156s][info ][safepoint   ] Safepoint "Cleanup", Time since last: 1000147085 ns, Reaching safepoint: 80785 ns, Cleanup: 13616 ns, At safepoint: 2785 ns, Total: 97186 ns
[2025-11-29T09:26:14.880+0000][1012.157s][debug][safepoint   ] Safepoint synchronization initiated using futex wait barrier. (254 threads)
[2025-11-29T09:26:14.880+0000][1012.157s][info ][safepoint   ] Safepoint "Cleanup", Time since last: 6000833137 ns, Reaching safepoint: 82168 ns, Cleanup: 13556 ns, At safepoint: 2905 ns, Total: 98629 ns
[2025-11-29T09:26:31.484+0000][1028.761s][debug][safepoint   ] Safepoint synchronization initiated using futex wait barrier. (254 threads)
[2025-11-29T09:26:31.484+0000][1028.761s][info ][safepoint   ] Safepoint "Cleanup", Time since last: 16603955287 ns, Reaching safepoint: 174114 ns, Cleanup: 26431 ns, At safepoint: 5681 ns, Total: 206226 ns
[2025-11-29T09:26:37.483+0000][1034.762s][debug][safepoint   ] Safepoint synchronization initiated using futex wait barrier. (254 threads)
[2025-11-29T09:26:37.484+0000][1034.762s][info ][safepoint   ] Safepoint "Cleanup", Time since last: 6000926684 ns, Reaching safepoint: 161932 ns, Cleanup: 22312 ns, At safepoint: 5100 ns, Total: 189344 ns
[2025-11-29T09:26:52.486+0000][1049.764s][debug][safepoint   ] Safepoint synchronization initiated using futex wait barrier. (257 threads)
[2025-11-29T09:26:52.486+0000][1049.764s][info ][safepoint   ] Safepoint "Cleanup", Time since last: 15002178967 ns, Reaching safepoint: 91626 ns, Cleanup: 16111 ns, At safepoint: 3527 ns, Total: 111264 ns
[2025-11-29T09:26:57.486+0000][1054.765s][debug][safepoint   ] Safepoint synchronization initiated using futex wait barrier. (257 threads)
[2025-11-29T09:26:57.487+0000][1054.765s][info ][safepoint   ] Safepoint "Cleanup", Time since last: 5000673742 ns, Reaching safepoint: 113408 ns, Cleanup: 19327 ns, At safepoint: 5751 ns, Total: 138486 ns
[2025-11-29T09:27:02.487+0000][1059.766s][debug][safepoint   ] Safepoint synchronization initiated using futex wait barrier. (254 threads)
[2025-11-29T09:27:02.488+0000][1059.766s][info ][safepoint   ] Safepoint "Cleanup", Time since last: 5000810451 ns, Reaching safepoint: 135731 ns, Cleanup: 18365 ns, At safepoint: 5210 ns, Total: 159306 ns
[2025-11-29T09:27:05.489+0000][1062.768s][debug][safepoint   ] Safepoint synchronization initiated using futex wait barrier. (254 threads)
[2025-11-29T09:27:05.489+0000][1062.768s][info ][safepoint   ] Safepoint "Cleanup", Time since last: 3001511781 ns, Reaching safepoint: 187330 ns, Cleanup: 45256 ns, At safepoint: 6232 ns, Total: 238818 ns
[2025-11-29T09:27:07.488+0000][1064.768s][debug][safepoint   ] Safepoint synchronization initiated using futex wait barrier. (254 threads)
[2025-11-29T09:27:07.488+0000][1064.768s][info ][safepoint   ] Safepoint "Cleanup", Time since last: 2000286918 ns, Reaching safepoint: 294175 ns, Cleanup: 43053 ns, At safepoint: 45858 ns, Total: 383086 ns
[2025-11-29T09:27:23.491+0000][1080.771s][debug][safepoint   ] Safepoint synchronization initiated using futex wait barrier. (253 threads)
[2025-11-29T09:27:23.491+0000][1080.772s][info ][safepoint   ] Safepoint "Cleanup", Time since last: 16002958119 ns, Reaching safepoint: 131662 ns, Cleanup: 22904 ns, At safepoint: 4409 ns, Total: 158975 ns
[2025-11-29T09:27:25.522+0000][1082.803s][debug][safepoint   ] Safepoint synchronization initiated using futex wait barrier. (253 threads)
[2025-11-29T09:27:25.522+0000][1082.803s][info ][safepoint   ] Safepoint "Cleanup", Time since last: 2031191697 ns, Reaching safepoint: 206457 ns, Cleanup: 22473 ns, At safepoint: 6913 ns, Total: 235843 ns
[2025-11-29T09:27:27.523+0000][1084.803s][debug][safepoint   ] Safepoint synchronization initiated using futex wait barrier. (253 threads)
[2025-11-29T09:27:27.523+0000][1084.803s][info ][safepoint   ] Safepoint "Cleanup", Time since last: 2000318780 ns, Reaching safepoint: 126012 ns, Cleanup: 21401 ns, At safepoint: 4509 ns, Total: 151922 ns
[2025-11-29T09:27:47.521+0000][1104.807s][debug][safepoint   ] Safepoint synchronization initiated using futex wait barrier. (253 threads)
[2025-11-29T09:27:47.521+0000][1104.807s][info ][safepoint   ] Safepoint "Cleanup", Time since last: 20003106149 ns, Reaching safepoint: 151070 ns, Cleanup: 23385 ns, At safepoint: 4569 ns, Total: 179024 ns
[2025-11-29T09:27:57.523+0000][1114.808s][debug][safepoint   ] Safepoint synchronization initiated using futex wait barrier. (253 threads)
[2025-11-29T09:27:57.523+0000][1114.808s][info ][safepoint   ] Safepoint "Cleanup", Time since last: 10001545189 ns, Reaching safepoint: 115021 ns, Cleanup: 15240 ns, At safepoint: 5440 ns, Total: 135701 ns
[2025-11-29T09:28:02.524+0000][1119.809s][debug][safepoint   ] Safepoint synchronization initiated using futex wait barrier. (253 threads)
[2025-11-29T09:28:02.525+0000][1119.811s][info ][safepoint   ] Safepoint "Cleanup", Time since last: 5000723292 ns, Reaching safepoint: 1565097 ns, Cleanup: 32863 ns, At safepoint: 10851 ns, Total: 1608811 ns
[2025-11-29T09:28:21.529+0000][1138.813s][debug][safepoint   ] Safepoint synchronization initiated using futex wait barrier. (253 threads)
[2025-11-29T09:28:21.529+0000][1138.813s][info ][safepoint   ] Safepoint "Cleanup", Time since last: 19002331060 ns, Reaching safepoint: 157252 ns, Cleanup: 23085 ns, At safepoint: 5180 ns, Total: 185517 ns
[2025-11-29T09:28:37.590+0000][1154.877s][debug][safepoint   ] Safepoint synchronization initiated using futex wait barrier. (254 threads)
[2025-11-29T09:28:37.591+0000][1154.878s][info ][gc,start    ] GC(97) Pause Young (Normal) (G1 Evacuation Pause)
[2025-11-29T09:28:37.591+0000][1154.878s][info ][gc,task     ] GC(97) Using 13 workers of 13 for evacuation
[2025-11-29T09:28:37.612+0000][1154.899s][info ][gc,phases   ] GC(97)   Pre Evacuate Collection Set: 0.7ms
[2025-11-29T09:28:37.612+0000][1154.899s][info ][gc,phases   ] GC(97)   Merge Heap Roots: 0.3ms
[2025-11-29T09:28:37.612+0000][1154.899s][info ][gc,phases   ] GC(97)   Evacuate Collection Set: 16.3ms
[2025-11-29T09:28:37.612+0000][1154.899s][info ][gc,phases   ] GC(97)   Post Evacuate Collection Set: 3.2ms
[2025-11-29T09:28:37.612+0000][1154.899s][info ][gc,phases   ] GC(97)   Other: 0.5ms
[2025-11-29T09:28:37.612+0000][1154.899s][info ][gc,heap     ] GC(97) Eden regions: 208->0(211)
[2025-11-29T09:28:37.612+0000][1154.899s][info ][gc,heap     ] GC(97) Survivor regions: 10->10(28)
[2025-11-29T09:28:37.612+0000][1154.899s][info ][gc,heap     ] GC(97) Old regions: 398->398
[2025-11-29T09:28:37.612+0000][1154.899s][info ][gc,heap     ] GC(97) Archive regions: 2->2
[2025-11-29T09:28:37.612+0000][1154.899s][info ][gc,heap     ] GC(97) Humongous regions: 13->13
[2025-11-29T09:28:37.612+0000][1154.899s][info ][gc,metaspace] GC(97) Metaspace: 198392K(199808K)->198392K(199808K) NonClass: 174357K(175104K)->174357K(175104K) Class: 24034K(24704K)->24034K(24704K)
[2025-11-29T09:28:37.612+0000][1154.899s][info ][gc          ] GC(97) Pause Young (Normal) (G1 Evacuation Pause) 628M->420M(719M) 20.974ms
[2025-11-29T09:28:37.612+0000][1154.899s][info ][gc,cpu      ] GC(97) User=0.19s Sys=0.01s Real=0.02s
[2025-11-29T09:28:37.613+0000][1154.900s][info ][safepoint   ] Safepoint "G1CollectForAllocation", Time since last: 16063384338 ns, Reaching safepoint: 854742 ns, Cleanup: 11583 ns, At safepoint: 21982015 ns, Total: 22848340 ns
[2025-11-29T09:28:45.615+0000][1162.901s][debug][safepoint   ] Safepoint synchronization initiated using futex wait barrier. (254 threads)
[2025-11-29T09:28:45.615+0000][1162.901s][info ][safepoint   ] Safepoint "Cleanup", Time since last: 8001423483 ns, Reaching safepoint: 188142 ns, Cleanup: 94511 ns, At safepoint: 9528 ns, Total: 292181 ns
[2025-11-29T09:28:47.615+0000][1164.902s][debug][safepoint   ] Safepoint synchronization initiated using futex wait barrier. (254 threads)
[2025-11-29T09:28:47.615+0000][1164.902s][info ][safepoint   ] Safepoint "Cleanup", Time since last: 2000401964 ns, Reaching safepoint: 155378 ns, Cleanup: 29677 ns, At safepoint: 6433 ns, Total: 191488 ns
[2025-11-29T09:28:55.617+0000][1172.903s][debug][safepoint   ] Safepoint synchronization initiated using futex wait barrier. (254 threads)
[2025-11-29T09:28:55.617+0000][1172.903s][info ][safepoint   ] Safepoint "Cleanup", Time since last: 8001184477 ns, Reaching safepoint: 194424 ns, Cleanup: 23005 ns, At safepoint: 5660 ns, Total: 223089 ns
[2025-11-29T09:29:03.618+0000][1180.904s][debug][safepoint   ] Safepoint synchronization initiated using futex wait barrier. (254 threads)
[2025-11-29T09:29:03.618+0000][1180.905s][info ][safepoint   ] Safepoint "Cleanup", Time since last: 8001215294 ns, Reaching safepoint: 142214 ns, Cleanup: 36710 ns, At safepoint: 5110 ns, Total: 184034 ns
[2025-11-29T09:29:05.619+0000][1182.905s][debug][safepoint   ] Safepoint synchronization initiated using futex wait barrier. (254 threads)
[2025-11-29T09:29:05.619+0000][1182.905s][info ][safepoint   ] Safepoint "Cleanup", Time since last: 2000286551 ns, Reaching safepoint: 133697 ns, Cleanup: 21522 ns, At safepoint: 3667 ns, Total: 158886 ns
[2025-11-29T09:29:07.617+0000][1184.905s][debug][safepoint   ] Safepoint synchronization initiated using futex wait barrier. (254 threads)
[2025-11-29T09:29:07.617+0000][1184.905s][info ][safepoint   ] Safepoint "Cleanup", Time since last: 2000249862 ns, Reaching safepoint: 127866 ns, Cleanup: 23254 ns, At safepoint: 4158 ns, Total: 155278 ns
[2025-11-29T09:29:32.596+0000][1209.884s][debug][safepoint   ] Safepoint synchronization initiated using futex wait barrier. (253 threads)
[2025-11-29T09:29:32.597+0000][1209.885s][info ][safepoint   ] Safepoint "Cleanup", Time since last: 24978730350 ns, Reaching safepoint: 372537 ns, Cleanup: 27753 ns, At safepoint: 7995 ns, Total: 408285 ns
[2025-11-29T09:29:42.597+0000][1219.887s][debug][safepoint   ] Safepoint synchronization initiated using futex wait barrier. (253 threads)
[2025-11-29T09:29:42.597+0000][1219.888s][info ][safepoint   ] Safepoint "Cleanup", Time since last: 10002776881 ns, Reaching safepoint: 130881 ns, Cleanup: 64885 ns, At safepoint: 5911 ns, Total: 201677 ns
[2025-11-29T09:29:52.599+0000][1229.890s][debug][safepoint   ] Safepoint synchronization initiated using futex wait barrier. (253 threads)
[2025-11-29T09:29:52.600+0000][1229.890s][info ][safepoint   ] Safepoint "Cleanup", Time since last: 10002073073 ns, Reaching safepoint: 139498 ns, Cleanup: 26270 ns, At safepoint: 5401 ns, Total: 171169 ns
[2025-11-29T09:30:02.601+0000][1239.892s][debug][safepoint   ] Safepoint synchronization initiated using futex wait barrier. (253 threads)
[2025-11-29T09:30:02.602+0000][1239.892s][info ][safepoint   ] Safepoint "Cleanup", Time since last: 10001807406 ns, Reaching safepoint: 138937 ns, Cleanup: 22052 ns, At safepoint: 4369 ns, Total: 165358 ns
[2025-11-29T09:30:07.601+0000][1244.893s][debug][safepoint   ] Safepoint synchronization initiated using futex wait barrier. (253 threads)
[2025-11-29T09:30:07.601+0000][1244.893s][info ][safepoint   ] Safepoint "Cleanup", Time since last: 5000859064 ns, Reaching safepoint: 176850 ns, Cleanup: 43132 ns, At safepoint: 5160 ns, Total: 225142 ns
[2025-11-29T09:31:05.639+0000][1302.933s][debug][safepoint   ] Safepoint synchronization initiated using futex wait barrier. (254 threads)
[2025-11-29T09:31:05.639+0000][1302.933s][info ][safepoint   ] Safepoint "Cleanup", Time since last: 58039839363 ns, Reaching safepoint: 168964 ns, Cleanup: 24367 ns, At safepoint: 4038 ns, Total: 197369 ns
[2025-11-29T09:31:07.638+0000][1304.933s][debug][safepoint   ] Safepoint synchronization initiated using futex wait barrier. (254 threads)
[2025-11-29T09:31:07.638+0000][1304.933s][info ][safepoint   ] Safepoint "Cleanup", Time since last: 2000353391 ns, Reaching safepoint: 133256 ns, Cleanup: 29717 ns, At safepoint: 5070 ns, Total: 168043 ns
[2025-11-29T09:31:17.639+0000][1314.935s][debug][safepoint   ] Safepoint synchronization initiated using futex wait barrier. (254 threads)
[2025-11-29T09:31:17.640+0000][1314.935s][info ][safepoint   ] Safepoint "Cleanup", Time since last: 10001607190 ns, Reaching safepoint: 187640 ns, Cleanup: 20820 ns, At safepoint: 5391 ns, Total: 213851 ns
[2025-11-29T09:31:22.640+0000][1319.936s][debug][safepoint   ] Safepoint synchronization initiated using futex wait barrier. (257 threads)
[2025-11-29T09:31:22.640+0000][1319.936s][info ][safepoint   ] Safepoint "Cleanup", Time since last: 5000675602 ns, Reaching safepoint: 121183 ns, Cleanup: 45467 ns, At safepoint: 5962 ns, Total: 172612 ns
[2025-11-29T09:31:27.669+0000][1324.965s][debug][safepoint   ] Safepoint synchronization initiated using futex wait barrier. (255 threads)
[2025-11-29T09:31:27.670+0000][1324.965s][info ][safepoint   ] Safepoint "Cleanup", Time since last: 5028719191 ns, Reaching safepoint: 456547 ns, Cleanup: 37512 ns, At safepoint: 8627 ns, Total: 502686 ns
[2025-11-29T09:31:28.938+0000][1326.233s][debug][safepoint   ] Safepoint synchronization initiated using futex wait barrier. (255 threads)
[2025-11-29T09:31:28.938+0000][1326.234s][info ][gc,start    ] GC(98) Pause Young (Normal) (G1 Evacuation Pause)
[2025-11-29T09:31:28.938+0000][1326.234s][info ][gc,task     ] GC(98) Using 13 workers of 13 for evacuation
[2025-11-29T09:31:28.963+0000][1326.259s][info ][gc,phases   ] GC(98)   Pre Evacuate Collection Set: 0.6ms
[2025-11-29T09:31:28.964+0000][1326.259s][info ][gc,phases   ] GC(98)   Merge Heap Roots: 0.4ms
[2025-11-29T09:31:28.964+0000][1326.259s][info ][gc,phases   ] GC(98)   Evacuate Collection Set: 21.5ms
[2025-11-29T09:31:28.964+0000][1326.259s][info ][gc,phases   ] GC(98)   Post Evacuate Collection Set: 2.6ms
[2025-11-29T09:31:28.964+0000][1326.259s][info ][gc,phases   ] GC(98)   Other: 0.6ms
[2025-11-29T09:31:28.964+0000][1326.259s][info ][gc,heap     ] GC(98) Eden regions: 211->0(212)
[2025-11-29T09:31:28.964+0000][1326.259s][info ][gc,heap     ] GC(98) Survivor regions: 10->6(28)
[2025-11-29T09:31:28.964+0000][1326.259s][info ][gc,heap     ] GC(98) Old regions: 398->403
[2025-11-29T09:31:28.964+0000][1326.259s][info ][gc,heap     ] GC(98) Archive regions: 2->2
[2025-11-29T09:31:28.964+0000][1326.259s][info ][gc,heap     ] GC(98) Humongous regions: 13->13
[2025-11-29T09:31:28.964+0000][1326.259s][info ][gc,metaspace] GC(98) Metaspace: 198565K(199936K)->198565K(199936K) NonClass: 174530K(175232K)->174530K(175232K) Class: 24034K(24704K)->24034K(24704K)
[2025-11-29T09:31:28.964+0000][1326.259s][info ][gc          ] GC(98) Pause Young (Normal) (G1 Evacuation Pause) 631M->420M(719M) 25.598ms
[2025-11-29T09:31:28.964+0000][1326.260s][info ][gc,cpu      ] GC(98) User=0.25s Sys=0.01s Real=0.03s
[2025-11-29T09:31:28.965+0000][1326.261s][info ][safepoint   ] Safepoint "G1CollectForAllocation", Time since last: 1267973691 ns, Reaching safepoint: 135160 ns, Cleanup: 8116 ns, At safepoint: 27228048 ns, Total: 27371324 ns
[2025-11-29T09:31:32.966+0000][1330.261s][debug][safepoint   ] Safepoint synchronization initiated using futex wait barrier. (253 threads)
[2025-11-29T09:31:32.966+0000][1330.262s][info ][safepoint   ] Safepoint "Cleanup", Time since last: 4000715919 ns, Reaching safepoint: 168594 ns, Cleanup: 28786 ns, At safepoint: 8536 ns, Total: 205916 ns
[2025-11-29T09:31:37.965+0000][1335.263s][debug][safepoint   ] Safepoint synchronization initiated using futex wait barrier. (253 threads)
[2025-11-29T09:31:37.966+0000][1335.263s][info ][safepoint   ] Safepoint "Cleanup", Time since last: 5001243243 ns, Reaching safepoint: 164215 ns, Cleanup: 24347 ns, At safepoint: 5080 ns, Total: 193642 ns
[2025-11-29T09:32:02.970+0000][1360.267s][debug][safepoint   ] Safepoint synchronization initiated using futex wait barrier. (253 threads)
[2025-11-29T09:32:02.970+0000][1360.268s][info ][safepoint   ] Safepoint "Cleanup", Time since last: 25004297115 ns, Reaching safepoint: 166029 ns, Cleanup: 14879 ns, At safepoint: 5651 ns, Total: 186559 ns
[2025-11-29T09:32:03.971+0000][1361.269s][debug][safepoint   ] Safepoint synchronization initiated using futex wait barrier. (253 threads)
[2025-11-29T09:32:03.972+0000][1361.269s][info ][safepoint   ] Safepoint "Cleanup", Time since last: 1001324009 ns, Reaching safepoint: 156671 ns, Cleanup: 40046 ns, At safepoint: 6553 ns, Total: 203270 ns
[2025-11-29T09:32:04.972+0000][1362.269s][debug][safepoint   ] Safepoint synchronization initiated using futex wait barrier. (253 threads)
[2025-11-29T09:32:04.972+0000][1362.269s][info ][safepoint   ] Safepoint "Cleanup", Time since last: 1000171141 ns, Reaching safepoint: 124850 ns, Cleanup: 57089 ns, At safepoint: 6753 ns, Total: 188692 ns
[2025-11-29T09:32:06.970+0000][1364.270s][debug][safepoint   ] Safepoint synchronization initiated using futex wait barrier. (253 threads)
[2025-11-29T09:32:06.971+0000][1364.270s][info ][safepoint   ] Safepoint "Cleanup", Time since last: 2000456661 ns, Reaching safepoint: 145779 ns, Cleanup: 27512 ns, At safepoint: 5420 ns, Total: 178711 ns
[2025-11-29T09:32:07.971+0000][1365.270s][debug][safepoint   ] Safepoint synchronization initiated using futex wait barrier. (253 threads)
[2025-11-29T09:32:07.971+0000][1365.270s][info ][safepoint   ] Safepoint "Cleanup", Time since last: 1000188828 ns, Reaching safepoint: 207516 ns, Cleanup: 25028 ns, At safepoint: 5952 ns, Total: 238496 ns
[2025-11-29T09:32:12.973+0000][1370.272s][debug][safepoint   ] Safepoint synchronization initiated using futex wait barrier. (253 threads)
[2025-11-29T09:32:12.973+0000][1370.273s][info ][safepoint   ] Safepoint "Cleanup", Time since last: 5001639394 ns, Reaching safepoint: 181447 ns, Cleanup: 226332 ns, At safepoint: 26621 ns, Total: 434400 ns
[2025-11-29T09:33:02.710+0000][1420.011s][debug][safepoint   ] Safepoint synchronization initiated using futex wait barrier. (253 threads)
[2025-11-29T09:33:02.710+0000][1420.011s][info ][safepoint   ] Safepoint "Cleanup", Time since last: 49738500984 ns, Reaching safepoint: 230854 ns, Cleanup: 15309 ns, At safepoint: 4729 ns, Total: 250892 ns
[2025-11-29T09:33:07.709+0000][1425.013s][debug][safepoint   ] Safepoint synchronization initiated using futex wait barrier. (253 threads)
[2025-11-29T09:33:07.710+0000][1425.013s][info ][safepoint   ] Safepoint "Cleanup", Time since last: 5001207899 ns, Reaching safepoint: 183502 ns, Cleanup: 38394 ns, At safepoint: 7574 ns, Total: 229470 ns
[2025-11-29T09:33:32.742+0000][1450.045s][debug][safepoint   ] Safepoint synchronization initiated using futex wait barrier. (253 threads)
[2025-11-29T09:33:32.742+0000][1450.045s][info ][safepoint   ] Safepoint "Cleanup", Time since last: 25032446615 ns, Reaching safepoint: 141491 ns, Cleanup: 35148 ns, At safepoint: 5150 ns, Total: 181789 ns
[2025-11-29T09:33:45.742+0000][1463.047s][debug][safepoint   ] Safepoint synchronization initiated using futex wait barrier. (253 threads)
[2025-11-29T09:33:45.742+0000][1463.048s][info ][safepoint   ] Safepoint "Cleanup", Time since last: 13002035333 ns, Reaching safepoint: 169576 ns, Cleanup: 23085 ns, At safepoint: 5300 ns, Total: 197961 ns
[2025-11-29T09:34:04.745+0000][1482.050s][debug][safepoint   ] Safepoint synchronization initiated using futex wait barrier. (254 threads)
[2025-11-29T09:34:04.746+0000][1482.051s][info ][safepoint   ] Safepoint "Cleanup", Time since last: 19002855245 ns, Reaching safepoint: 765041 ns, Cleanup: 16782 ns, At safepoint: 6132 ns, Total: 787955 ns
[2025-11-29T09:34:05.746+0000][1483.051s][debug][safepoint   ] Safepoint synchronization initiated using futex wait barrier. (254 threads)
[2025-11-29T09:34:05.746+0000][1483.052s][info ][safepoint   ] Safepoint "Cleanup", Time since last: 1000192877 ns, Reaching safepoint: 88961 ns, Cleanup: 32432 ns, At safepoint: 3958 ns, Total: 125351 ns
[2025-11-29T09:34:07.745+0000][1485.052s][debug][safepoint   ] Safepoint synchronization initiated using futex wait barrier. (253 threads)
[2025-11-29T09:34:07.745+0000][1485.052s][info ][safepoint   ] Safepoint "Cleanup", Time since last: 2000325853 ns, Reaching safepoint: 189633 ns, Cleanup: 44375 ns, At safepoint: 4870 ns, Total: 238878 ns
[2025-11-29T09:34:15.756+0000][1493.063s][debug][safepoint   ] Safepoint synchronization initiated using futex wait barrier. (253 threads)
[2025-11-29T09:34:15.756+0000][1493.063s][info ][safepoint   ] Safepoint "Cleanup", Time since last: 8010382498 ns, Reaching safepoint: 180899 ns, Cleanup: 19779 ns, At safepoint: 4899 ns, Total: 205577 ns
[2025-11-29T09:34:17.756+0000][1495.063s][debug][safepoint   ] Safepoint synchronization initiated using futex wait barrier. (253 threads)
[2025-11-29T09:34:17.756+0000][1495.063s][info ][safepoint   ] Safepoint "Cleanup", Time since last: 2000331720 ns, Reaching safepoint: 167382 ns, Cleanup: 15290 ns, At safepoint: 4198 ns, Total: 186870 ns
[2025-11-29T09:34:21.105+0000][1498.412s][debug][safepoint   ] Safepoint synchronization initiated using futex wait barrier. (253 threads)
[2025-11-29T09:34:21.106+0000][1498.412s][info ][gc,start    ] GC(99) Pause Young (Normal) (G1 Evacuation Pause)
[2025-11-29T09:34:21.106+0000][1498.413s][info ][gc,task     ] GC(99) Using 13 workers of 13 for evacuation
[2025-11-29T09:34:21.120+0000][1498.427s][info ][gc,phases   ] GC(99)   Pre Evacuate Collection Set: 0.5ms
[2025-11-29T09:34:21.120+0000][1498.427s][info ][gc,phases   ] GC(99)   Merge Heap Roots: 0.9ms
[2025-11-29T09:34:21.120+0000][1498.427s][info ][gc,phases   ] GC(99)   Evacuate Collection Set: 10.2ms
[2025-11-29T09:34:21.120+0000][1498.427s][info ][gc,phases   ] GC(99)   Post Evacuate Collection Set: 2.5ms
[2025-11-29T09:34:21.120+0000][1498.427s][info ][gc,phases   ] GC(99)   Other: 0.9ms
[2025-11-29T09:34:21.120+0000][1498.427s][info ][gc,heap     ] GC(99) Eden regions: 212->0(215)
[2025-11-29T09:34:21.120+0000][1498.427s][info ][gc,heap     ] GC(99) Survivor regions: 6->3(28)
[2025-11-29T09:34:21.120+0000][1498.427s][info ][gc,heap     ] GC(99) Old regions: 403->405
[2025-11-29T09:34:21.120+0000][1498.427s][info ][gc,heap     ] GC(99) Archive regions: 2->2
[2025-11-29T09:34:21.120+0000][1498.427s][info ][gc,heap     ] GC(99) Humongous regions: 13->13
[2025-11-29T09:34:21.120+0000][1498.427s][info ][gc,metaspace] GC(99) Metaspace: 198617K(200000K)->198617K(200000K) NonClass: 174582K(175296K)->174582K(175296K) Class: 24035K(24704K)->24035K(24704K)
[2025-11-29T09:34:21.120+0000][1498.427s][info ][gc          ] GC(99) Pause Young (Normal) (G1 Evacuation Pause) 632M->421M(719M) 14.910ms
[2025-11-29T09:34:21.121+0000][1498.427s][info ][gc,cpu      ] GC(99) User=0.14s Sys=0.00s Real=0.02s
[2025-11-29T09:34:21.121+0000][1498.428s][info ][safepoint   ] Safepoint "G1CollectForAllocation", Time since last: 3348583200 ns, Reaching safepoint: 162773 ns, Cleanup: 6954 ns, At safepoint: 16075564 ns, Total: 16245291 ns
[2025-11-29T09:34:27.778+0000][1505.085s][debug][safepoint   ] Safepoint synchronization initiated using futex wait barrier. (253 threads)
[2025-11-29T09:34:27.778+0000][1505.085s][info ][safepoint   ] Safepoint "Cleanup", Time since last: 6656900670 ns, Reaching safepoint: 130190 ns, Cleanup: 31450 ns, At safepoint: 4058 ns, Total: 165698 ns
[2025-11-29T09:34:30.779+0000][1508.086s][debug][safepoint   ] Safepoint synchronization initiated using futex wait barrier. (254 threads)
[2025-11-29T09:34:30.779+0000][1508.086s][info ][safepoint   ] Safepoint "Cleanup", Time since last: 3000584449 ns, Reaching safepoint: 95834 ns, Cleanup: 15711 ns, At safepoint: 2765 ns, Total: 114310 ns
[2025-11-29T09:34:46.780+0000][1524.089s][debug][safepoint   ] Safepoint synchronization initiated using futex wait barrier. (254 threads)
[2025-11-29T09:34:46.781+0000][1524.089s][info ][safepoint   ] Safepoint "Cleanup", Time since last: 16002897214 ns, Reaching safepoint: 477678 ns, Cleanup: 83691 ns, At safepoint: 74924 ns, Total: 636293 ns
[2025-11-29T09:34:47.781+0000][1525.090s][debug][safepoint   ] Safepoint synchronization initiated using futex wait barrier. (254 threads)
[2025-11-29T09:34:47.781+0000][1525.090s][info ][safepoint   ] Safepoint "Cleanup", Time since last: 1000198186 ns, Reaching safepoint: 157773 ns, Cleanup: 52961 ns, At safepoint: 5932 ns, Total: 216666 ns
[2025-11-29T09:34:48.781+0000][1526.090s][debug][safepoint   ] Safepoint synchronization initiated using futex wait barrier. (254 threads)
[2025-11-29T09:34:48.781+0000][1526.090s][info ][safepoint   ] Safepoint "Cleanup", Time since last: 1000142463 ns, Reaching safepoint: 98480 ns, Cleanup: 15910 ns, At safepoint: 5320 ns, Total: 119710 ns
[2025-11-29T09:34:57.783+0000][1535.091s][debug][safepoint   ] Safepoint synchronization initiated using futex wait barrier. (254 threads)
[2025-11-29T09:34:57.783+0000][1535.092s][info ][safepoint   ] Safepoint "Cleanup", Time since last: 9001374244 ns, Reaching safepoint: 257775 ns, Cleanup: 57190 ns, At safepoint: 10941 ns, Total: 325906 ns
[2025-11-29T09:35:12.783+0000][1550.095s][debug][safepoint   ] Safepoint synchronization initiated using futex wait barrier. (254 threads)
[2025-11-29T09:35:12.784+0000][1550.095s][info ][safepoint   ] Safepoint "Cleanup", Time since last: 15002763280 ns, Reaching safepoint: 90855 ns, Cleanup: 11993 ns, At safepoint: 3086 ns, Total: 105934 ns
[2025-11-29T09:35:18.217+0000][1555.528s][debug][safepoint   ] Safepoint synchronization initiated using futex wait barrier. (254 threads)
[2025-11-29T09:35:18.217+0000][1555.528s][info ][safepoint   ] Safepoint "Cleanup", Time since last: 5433285476 ns, Reaching safepoint: 92567 ns, Cleanup: 16883 ns, At safepoint: 3717 ns, Total: 113167 ns
[2025-11-29T09:35:29.814+0000][1567.125s][debug][safepoint   ] Safepoint synchronization initiated using futex wait barrier. (254 threads)
[2025-11-29T09:35:29.814+0000][1567.125s][info ][safepoint   ] Safepoint "Cleanup", Time since last: 11596891538 ns, Reaching safepoint: 194855 ns, Cleanup: 77158 ns, At safepoint: 9699 ns, Total: 281712 ns
[2025-11-29T09:35:31.815+0000][1569.126s][debug][safepoint   ] Safepoint synchronization initiated using futex wait barrier. (253 threads)
[2025-11-29T09:35:31.815+0000][1569.126s][info ][safepoint   ] Safepoint "Cleanup", Time since last: 2000374740 ns, Reaching safepoint: 138186 ns, Cleanup: 20760 ns, At safepoint: 4779 ns, Total: 163725 ns
[2025-11-29T09:35:32.815+0000][1570.126s][debug][safepoint   ] Safepoint synchronization initiated using futex wait barrier. (253 threads)
[2025-11-29T09:35:32.815+0000][1570.126s][info ][safepoint   ] Safepoint "Cleanup", Time since last: 1000190099 ns, Reaching safepoint: 171259 ns, Cleanup: 94722 ns, At safepoint: 6603 ns, Total: 272584 ns
[2025-11-29T09:35:37.814+0000][1575.127s][debug][safepoint   ] Safepoint synchronization initiated using futex wait barrier. (253 threads)
[2025-11-29T09:35:37.815+0000][1575.128s][info ][safepoint   ] Safepoint "Cleanup", Time since last: 5001150340 ns, Reaching safepoint: 155559 ns, Cleanup: 20460 ns, At safepoint: 4909 ns, Total: 180928 ns
[2025-11-29T09:35:45.816+0000][1583.129s][debug][safepoint   ] Safepoint synchronization initiated using futex wait barrier. (253 threads)
[2025-11-29T09:35:45.817+0000][1583.129s][info ][safepoint   ] Safepoint "Cleanup", Time since last: 8001807784 ns, Reaching safepoint: 80434 ns, Cleanup: 13637 ns, At safepoint: 3176 ns, Total: 97247 ns
[2025-11-29T09:35:47.817+0000][1585.130s][debug][safepoint   ] Safepoint synchronization initiated using futex wait barrier. (253 threads)
[2025-11-29T09:35:47.817+0000][1585.130s][info ][safepoint   ] Safepoint "Cleanup", Time since last: 2000335483 ns, Reaching safepoint: 80164 ns, Cleanup: 17083 ns, At safepoint: 3707 ns, Total: 100954 ns
[2025-11-29T09:35:52.818+0000][1590.131s][debug][safepoint   ] Safepoint synchronization initiated using futex wait barrier. (253 threads)
[2025-11-29T09:35:52.818+0000][1590.131s][info ][safepoint   ] Safepoint "Cleanup", Time since last: 5000738180 ns, Reaching safepoint: 106905 ns, Cleanup: 13917 ns, At safepoint: 3808 ns, Total: 124630 ns
[2025-11-29T09:36:04.820+0000][1602.133s][debug][safepoint   ] Safepoint synchronization initiated using futex wait barrier. (253 threads)
[2025-11-29T09:36:04.820+0000][1602.133s][info ][safepoint   ] Safepoint "Cleanup", Time since last: 12001779536 ns, Reaching safepoint: 57251 ns, Cleanup: 8306 ns, At safepoint: 2514 ns, Total: 68071 ns
[2025-11-29T09:36:05.820+0000][1603.133s][debug][safepoint   ] Safepoint synchronization initiated using futex wait barrier. (253 threads)
[2025-11-29T09:36:05.820+0000][1603.133s][info ][safepoint   ] Safepoint "Cleanup", Time since last: 1000186394 ns, Reaching safepoint: 135320 ns, Cleanup: 25028 ns, At safepoint: 4529 ns, Total: 164877 ns
[2025-11-29T09:36:15.821+0000][1613.135s][debug][safepoint   ] Safepoint synchronization initiated using futex wait barrier. (253 threads)
[2025-11-29T09:36:15.821+0000][1613.135s][info ][safepoint   ] Safepoint "Cleanup", Time since last: 10002426226 ns, Reaching safepoint: 95323 ns, Cleanup: 13376 ns, At safepoint: 3727 ns, Total: 112426 ns
[2025-11-29T09:36:16.821+0000][1614.136s][debug][safepoint   ] Safepoint synchronization initiated using futex wait barrier. (253 threads)
[2025-11-29T09:36:16.821+0000][1614.136s][info ][safepoint   ] Safepoint "Cleanup", Time since last: 1000154467 ns, Reaching safepoint: 118448 ns, Cleanup: 19999 ns, At safepoint: 4779 ns, Total: 143226 ns
[2025-11-29T09:36:17.822+0000][1615.136s][debug][safepoint   ] Safepoint synchronization initiated using futex wait barrier. (253 threads)
[2025-11-29T09:36:17.822+0000][1615.136s][info ][safepoint   ] Safepoint "Cleanup", Time since last: 1000129705 ns, Reaching safepoint: 98099 ns, Cleanup: 12514 ns, At safepoint: 45437 ns, Total: 156050 ns
[2025-11-29T09:36:27.856+0000][1625.171s][debug][safepoint   ] Safepoint synchronization initiated using futex wait barrier. (253 threads)
[2025-11-29T09:36:27.856+0000][1625.171s][info ][safepoint   ] Safepoint "Cleanup", Time since last: 10034653985 ns, Reaching safepoint: 102237 ns, Cleanup: 11723 ns, At safepoint: 3266 ns, Total: 117226 ns
[2025-11-29T09:36:32.857+0000][1630.172s][debug][safepoint   ] Safepoint synchronization initiated using futex wait barrier. (253 threads)
[2025-11-29T09:36:32.857+0000][1630.172s][info ][safepoint   ] Safepoint "Cleanup", Time since last: 5000825316 ns, Reaching safepoint: 120281 ns, Cleanup: 33113 ns, At safepoint: 3717 ns, Total: 157111 ns
[2025-11-29T09:36:47.857+0000][1645.174s][debug][safepoint   ] Safepoint synchronization initiated using futex wait barrier. (254 threads)
[2025-11-29T09:36:47.858+0000][1645.174s][info ][safepoint   ] Safepoint "Cleanup", Time since last: 15002097150 ns, Reaching safepoint: 165228 ns, Cleanup: 23265 ns, At safepoint: 6141 ns, Total: 194634 ns
[2025-11-29T09:36:52.858+0000][1650.175s][debug][safepoint   ] Safepoint synchronization initiated using futex wait barrier. (253 threads)
[2025-11-29T09:36:52.858+0000][1650.175s][info ][safepoint   ] Safepoint "Cleanup", Time since last: 5000694970 ns, Reaching safepoint: 131984 ns, Cleanup: 17754 ns, At safepoint: 4699 ns, Total: 154437 ns
[2025-11-29T09:36:55.859+0000][1653.175s][debug][safepoint   ] Safepoint synchronization initiated using futex wait barrier. (253 threads)
[2025-11-29T09:36:55.859+0000][1653.176s][info ][safepoint   ] Safepoint "Cleanup", Time since last: 3000457890 ns, Reaching safepoint: 84923 ns, Cleanup: 14508 ns, At safepoint: 3186 ns, Total: 102617 ns
[2025-11-29T09:37:05.579+0000][1662.896s][debug][safepoint   ] Safepoint synchronization initiated using futex wait barrier. (253 threads)
[2025-11-29T09:37:05.580+0000][1662.897s][info ][gc,start    ] GC(100) Pause Young (Normal) (G1 Evacuation Pause)
[2025-11-29T09:37:05.581+0000][1662.897s][info ][gc,task     ] GC(100) Using 13 workers of 13 for evacuation
[2025-11-29T09:37:05.601+0000][1662.918s][info ][gc,phases   ] GC(100)   Pre Evacuate Collection Set: 1.7ms
[2025-11-29T09:37:05.601+0000][1662.918s][info ][gc,phases   ] GC(100)   Merge Heap Roots: 0.6ms
[2025-11-29T09:37:05.601+0000][1662.918s][info ][gc,phases   ] GC(100)   Evacuate Collection Set: 14.5ms
[2025-11-29T09:37:05.601+0000][1662.918s][info ][gc,phases   ] GC(100)   Post Evacuate Collection Set: 3.2ms
[2025-11-29T09:37:05.601+0000][1662.918s][info ][gc,phases   ] GC(100)   Other: 1.6ms
[2025-11-29T09:37:05.601+0000][1662.918s][info ][gc,heap     ] GC(100) Eden regions: 215->0(215)
[2025-11-29T09:37:05.601+0000][1662.918s][info ][gc,heap     ] GC(100) Survivor regions: 3->2(28)
[2025-11-29T09:37:05.601+0000][1662.918s][info ][gc,heap     ] GC(100) Old regions: 405->407
[2025-11-29T09:37:05.601+0000][1662.918s][info ][gc,heap     ] GC(100) Archive regions: 2->2
[2025-11-29T09:37:05.601+0000][1662.918s][info ][gc,heap     ] GC(100) Humongous regions: 13->13
[2025-11-29T09:37:05.601+0000][1662.918s][info ][gc,metaspace] GC(100) Metaspace: 198798K(200256K)->198798K(200256K) NonClass: 174736K(175488K)->174736K(175488K) Class: 24061K(24768K)->24061K(24768K)
[2025-11-29T09:37:05.602+0000][1662.918s][info ][gc          ] GC(100) Pause Young (Normal) (G1 Evacuation Pause) 636M->421M(719M) 21.405ms
[2025-11-29T09:37:05.602+0000][1662.918s][info ][gc,cpu      ] GC(100) User=0.21s Sys=0.00s Real=0.02s
[2025-11-29T09:37:05.603+0000][1662.919s][info ][safepoint   ] Safepoint "G1CollectForAllocation", Time since last: 9720492433 ns, Reaching safepoint: 201847 ns, Cleanup: 8767 ns, At safepoint: 23096237 ns, Total: 23306851 ns
[2025-11-29T09:37:06.601+0000][1663.920s][debug][safepoint   ] Safepoint synchronization initiated using futex wait barrier. (253 threads)
[2025-11-29T09:37:06.601+0000][1663.920s][info ][safepoint   ] Safepoint "Cleanup", Time since last: 1000258295 ns, Reaching safepoint: 157563 ns, Cleanup: 88961 ns, At safepoint: 6613 ns, Total: 253137 ns
[2025-11-29T09:37:23.604+0000][1680.922s][debug][safepoint   ] Safepoint synchronization initiated using futex wait barrier. (253 threads)
[2025-11-29T09:37:23.604+0000][1680.922s][info ][safepoint   ] Safepoint "Cleanup", Time since last: 17002286941 ns, Reaching safepoint: 138847 ns, Cleanup: 28966 ns, At safepoint: 4999 ns, Total: 172812 ns
[2025-11-29T09:37:32.892+0000][1690.211s][debug][safepoint   ] Safepoint synchronization initiated using futex wait barrier. (252 threads)
[2025-11-29T09:37:32.892+0000][1690.211s][info ][safepoint   ] Safepoint "Cleanup", Time since last: 9288499954 ns, Reaching safepoint: 92778 ns, Cleanup: 14157 ns, At safepoint: 3898 ns, Total: 110833 ns
[2025-11-29T09:37:33.893+0000][1691.211s][debug][safepoint   ] Safepoint synchronization initiated using futex wait barrier. (253 threads)
[2025-11-29T09:37:33.893+0000][1691.211s][info ][safepoint   ] Safepoint "Cleanup", Time since last: 1000164985 ns, Reaching safepoint: 198631 ns, Cleanup: 23485 ns, At safepoint: 6302 ns, Total: 228418 ns
[2025-11-29T09:37:42.893+0000][1700.213s][debug][safepoint   ] Safepoint synchronization initiated using futex wait barrier. (253 threads)
[2025-11-29T09:37:42.893+0000][1700.213s][info ][safepoint   ] Safepoint "Cleanup", Time since last: 9001352007 ns, Reaching safepoint: 137985 ns, Cleanup: 23004 ns, At safepoint: 4569 ns, Total: 165558 ns
[2025-11-29T09:37:44.893+0000][1702.213s][debug][safepoint   ] Safepoint synchronization initiated using futex wait barrier. (253 threads)
[2025-11-29T09:37:44.893+0000][1702.213s][info ][safepoint   ] Safepoint "Cleanup", Time since last: 2000280229 ns, Reaching safepoint: 86055 ns, Cleanup: 13576 ns, At safepoint: 3227 ns, Total: 102858 ns
[2025-11-29T09:37:46.894+0000][1704.213s][debug][safepoint   ] Safepoint synchronization initiated using futex wait barrier. (253 threads)
[2025-11-29T09:37:46.894+0000][1704.214s][info ][safepoint   ] Safepoint "Cleanup", Time since last: 2000277436 ns, Reaching safepoint: 109791 ns, Cleanup: 15450 ns, At safepoint: 4138 ns, Total: 129379 ns
[2025-11-29T09:37:47.894+0000][1705.214s][debug][safepoint   ] Safepoint synchronization initiated using futex wait barrier. (253 threads)
[2025-11-29T09:37:47.894+0000][1705.214s][info ][safepoint   ] Safepoint "Cleanup", Time since last: 1000226097 ns, Reaching safepoint: 140419 ns, Cleanup: 22534 ns, At safepoint: 4809 ns, Total: 167762 ns
[2025-11-29T09:37:48.894+0000][1706.214s][debug][safepoint   ] Safepoint synchronization initiated using futex wait barrier. (253 threads)
[2025-11-29T09:37:48.894+0000][1706.214s][info ][safepoint   ] Safepoint "Cleanup", Time since last: 1000169487 ns, Reaching safepoint: 97537 ns, Cleanup: 15039 ns, At safepoint: 3587 ns, Total: 116163 ns
[2025-11-29T09:37:54.895+0000][1712.215s][debug][safepoint   ] Safepoint synchronization initiated using futex wait barrier. (253 threads)
[2025-11-29T09:37:54.896+0000][1712.215s][info ][safepoint   ] Safepoint "Cleanup", Time since last: 6000980588 ns, Reaching safepoint: 159577 ns, Cleanup: 20840 ns, At safepoint: 4649 ns, Total: 185066 ns
[2025-11-29T09:37:56.896+0000][1714.216s][debug][safepoint   ] Safepoint synchronization initiated using futex wait barrier. (253 threads)
[2025-11-29T09:37:56.896+0000][1714.216s][info ][safepoint   ] Safepoint "Cleanup", Time since last: 2000310009 ns, Reaching safepoint: 119079 ns, Cleanup: 18966 ns, At safepoint: 4679 ns, Total: 142724 ns
[2025-11-29T09:37:57.896+0000][1715.216s][debug][safepoint   ] Safepoint synchronization initiated using futex wait barrier. (253 threads)
[2025-11-29T09:37:57.897+0000][1715.216s][info ][safepoint   ] Safepoint "Cleanup", Time since last: 1000199217 ns, Reaching safepoint: 304936 ns, Cleanup: 24377 ns, At safepoint: 7063 ns, Total: 336376 ns
[2025-11-29T09:38:20.896+0000][1738.220s][debug][safepoint   ] Safepoint synchronization initiated using futex wait barrier. (253 threads)
[2025-11-29T09:38:20.899+0000][1738.223s][info ][safepoint   ] Safepoint "Cleanup", Time since last: 23003184630 ns, Reaching safepoint: 2948678 ns, Cleanup: 32254 ns, At safepoint: 11683 ns, Total: 2992615 ns
[2025-11-29T09:38:28.926+0000][1746.250s][debug][safepoint   ] Safepoint synchronization initiated using futex wait barrier. (253 threads)
[2025-11-29T09:38:28.926+0000][1746.250s][info ][safepoint   ] Safepoint "Cleanup", Time since last: 8027108201 ns, Reaching safepoint: 127470 ns, Cleanup: 18847 ns, At safepoint: 4709 ns, Total: 151026 ns
[2025-11-29T09:38:32.927+0000][1750.250s][debug][safepoint   ] Safepoint synchronization initiated using futex wait barrier. (253 threads)
[2025-11-29T09:38:32.927+0000][1750.251s][info ][safepoint   ] Safepoint "Cleanup", Time since last: 4000529341 ns, Reaching safepoint: 123680 ns, Cleanup: 19693 ns, At safepoint: 4299 ns, Total: 147672 ns
[2025-11-29T09:38:42.926+0000][1760.252s][debug][safepoint   ] Safepoint synchronization initiated using futex wait barrier. (254 threads)
[2025-11-29T09:38:42.926+0000][1760.252s][info ][safepoint   ] Safepoint "Cleanup", Time since last: 10001441581 ns, Reaching safepoint: 144440 ns, Cleanup: 21853 ns, At safepoint: 43234 ns, Total: 209527 ns
[2025-11-29T09:38:45.927+0000][1763.253s][debug][safepoint   ] Safepoint synchronization initiated using futex wait barrier. (254 threads)
[2025-11-29T09:38:45.927+0000][1763.253s][info ][safepoint   ] Safepoint "Cleanup", Time since last: 3000469871 ns, Reaching safepoint: 184528 ns, Cleanup: 18947 ns, At safepoint: 5731 ns, Total: 209206 ns
[2025-11-29T09:38:55.930+0000][1773.255s][debug][safepoint   ] Safepoint synchronization initiated using futex wait barrier. (256 threads)
[2025-11-29T09:38:55.930+0000][1773.256s][info ][safepoint   ] Safepoint "Cleanup", Time since last: 10002426121 ns, Reaching safepoint: 156603 ns, Cleanup: 65768 ns, At safepoint: 6402 ns, Total: 228773 ns
[2025-11-29T09:39:17.932+0000][1795.259s][debug][safepoint   ] Safepoint synchronization initiated using futex wait barrier. (256 threads)
[2025-11-29T09:39:17.932+0000][1795.260s][info ][safepoint   ] Safepoint "Cleanup", Time since last: 22003912096 ns, Reaching safepoint: 136523 ns, Cleanup: 27423 ns, At safepoint: 4569 ns, Total: 168515 ns
[2025-11-29T09:39:26.959+0000][1804.287s][debug][safepoint   ] Safepoint synchronization initiated using futex wait barrier. (254 threads)
[2025-11-29T09:39:26.959+0000][1804.287s][info ][safepoint   ] Safepoint "Cleanup", Time since last: 9027012035 ns, Reaching safepoint: 137226 ns, Cleanup: 21301 ns, At safepoint: 5170 ns, Total: 163697 ns
[2025-11-29T09:39:28.959+0000][1806.287s][debug][safepoint   ] Safepoint synchronization initiated using futex wait barrier. (256 threads)
[2025-11-29T09:39:28.959+0000][1806.287s][info ][safepoint   ] Safepoint "Cleanup", Time since last: 2000275414 ns, Reaching safepoint: 196971 ns, Cleanup: 19478 ns, At safepoint: 6493 ns, Total: 222942 ns
[2025-11-29T09:39:32.224+0000][1809.552s][debug][safepoint   ] Safepoint synchronization initiated using futex wait barrier. (256 threads)
[2025-11-29T09:39:32.224+0000][1809.552s][info ][safepoint   ] Safepoint "Cleanup", Time since last: 3264372584 ns, Reaching safepoint: 269763 ns, Cleanup: 15170 ns, At safepoint: 47722 ns, Total: 332655 ns
[2025-11-29T09:39:33.224+0000][1810.552s][debug][safepoint   ] Safepoint synchronization initiated using futex wait barrier. (254 threads)
[2025-11-29T09:39:33.225+0000][1810.552s][info ][safepoint   ] Safepoint "Cleanup", Time since last: 1000175274 ns, Reaching safepoint: 153547 ns, Cleanup: 136294 ns, At safepoint: 8687 ns, Total: 298528 ns
[2025-11-29T09:39:35.225+0000][1812.553s][debug][safepoint   ] Safepoint synchronization initiated using futex wait barrier. (255 threads)
[2025-11-29T09:39:35.225+0000][1812.553s][info ][safepoint   ] Safepoint "Cleanup", Time since last: 2000287519 ns, Reaching safepoint: 159068 ns, Cleanup: 37683 ns, At safepoint: 7525 ns, Total: 204276 ns
[2025-11-29T09:39:45.224+0000][1822.554s][debug][safepoint   ] Safepoint synchronization initiated using futex wait barrier. (252 threads)
[2025-11-29T09:39:45.224+0000][1822.554s][info ][safepoint   ] Safepoint "Cleanup", Time since last: 10001318273 ns, Reaching safepoint: 139531 ns, Cleanup: 17504 ns, At safepoint: 4619 ns, Total: 161654 ns
[2025-11-29T09:39:46.224+0000][1823.555s][debug][safepoint   ] Safepoint synchronization initiated using futex wait barrier. (252 threads)
[2025-11-29T09:39:46.224+0000][1823.555s][info ][safepoint   ] Safepoint "Cleanup", Time since last: 1000152982 ns, Reaching safepoint: 118530 ns, Cleanup: 18136 ns, At safepoint: 4328 ns, Total: 140994 ns
[2025-11-29T09:39:48.225+0000][1825.555s][debug][safepoint   ] Safepoint synchronization initiated using futex wait barrier. (252 threads)
[2025-11-29T09:39:48.225+0000][1825.555s][info ][safepoint   ] Safepoint "Cleanup", Time since last: 2000285107 ns, Reaching safepoint: 76579 ns, Cleanup: 11422 ns, At safepoint: 3397 ns, Total: 91398 ns
[2025-11-29T09:39:56.226+0000][1833.557s][debug][safepoint   ] Safepoint synchronization initiated using futex wait barrier. (253 threads)
[2025-11-29T09:39:56.227+0000][1833.557s][info ][safepoint   ] Safepoint "Cleanup", Time since last: 8001774313 ns, Reaching safepoint: 140313 ns, Cleanup: 29317 ns, At safepoint: 5751 ns, Total: 175381 ns
[2025-11-29T09:39:59.034+0000][1836.365s][debug][safepoint   ] Safepoint synchronization initiated using futex wait barrier. (253 threads)
[2025-11-29T09:39:59.035+0000][1836.365s][info ][gc,start    ] GC(101) Pause Young (Normal) (G1 Evacuation Pause)
[2025-11-29T09:39:59.035+0000][1836.365s][info ][gc,task     ] GC(101) Using 13 workers of 13 for evacuation
[2025-11-29T09:39:59.044+0000][1836.375s][info ][gc,phases   ] GC(101)   Pre Evacuate Collection Set: 0.7ms
[2025-11-29T09:39:59.044+0000][1836.375s][info ][gc,phases   ] GC(101)   Merge Heap Roots: 0.4ms
[2025-11-29T09:39:59.044+0000][1836.375s][info ][gc,phases   ] GC(101)   Evacuate Collection Set: 5.3ms
[2025-11-29T09:39:59.044+0000][1836.375s][info ][gc,phases   ] GC(101)   Post Evacuate Collection Set: 2.6ms
[2025-11-29T09:39:59.044+0000][1836.375s][info ][gc,phases   ] GC(101)   Other: 0.9ms
[2025-11-29T09:39:59.044+0000][1836.375s][info ][gc,heap     ] GC(101) Eden regions: 215->0(216)
[2025-11-29T09:39:59.045+0000][1836.375s][info ][gc,heap     ] GC(101) Survivor regions: 2->2(28)
[2025-11-29T09:39:59.045+0000][1836.375s][info ][gc,heap     ] GC(101) Old regions: 407->407
[2025-11-29T09:39:59.045+0000][1836.375s][info ][gc,heap     ] GC(101) Archive regions: 2->2
[2025-11-29T09:39:59.045+0000][1836.375s][info ][gc,heap     ] GC(101) Humongous regions: 13->13
[2025-11-29T09:39:59.045+0000][1836.375s][info ][gc,metaspace] GC(101) Metaspace: 198819K(200320K)->198819K(200320K) NonClass: 174757K(175552K)->174757K(175552K) Class: 24062K(24768K)->24062K(24768K)
[2025-11-29T09:39:59.045+0000][1836.375s][info ][gc          ] GC(101) Pause Young (Normal) (G1 Evacuation Pause) 636M->422M(719M) 9.611ms
[2025-11-29T09:39:59.045+0000][1836.375s][info ][gc,cpu      ] GC(101) User=0.06s Sys=0.00s Real=0.00s
[2025-11-29T09:39:59.045+0000][1836.376s][info ][safepoint   ] Safepoint "G1CollectForAllocation", Time since last: 2807593611 ns, Reaching safepoint: 207614 ns, Cleanup: 10611 ns, At safepoint: 11025322 ns, Total: 11243547 ns
[2025-11-29T09:40:03.046+0000][1840.376s][debug][safepoint   ] Safepoint synchronization initiated using futex wait barrier. (253 threads)
[2025-11-29T09:40:03.046+0000][1840.377s][info ][safepoint   ] Safepoint "Cleanup", Time since last: 4000592161 ns, Reaching safepoint: 131244 ns, Cleanup: 19177 ns, At safepoint: 5140 ns, Total: 155561 ns
[2025-11-29T09:40:05.047+0000][1842.377s][debug][safepoint   ] Safepoint synchronization initiated using futex wait barrier. (254 threads)
[2025-11-29T09:40:05.047+0000][1842.377s][info ][safepoint   ] Safepoint "Cleanup", Time since last: 2000305664 ns, Reaching safepoint: 125403 ns, Cleanup: 18877 ns, At safepoint: 5230 ns, Total: 149510 ns
[2025-11-29T09:40:13.046+0000][1850.378s][debug][safepoint   ] Safepoint synchronization initiated using futex wait barrier. (253 threads)
[2025-11-29T09:40:13.046+0000][1850.379s][info ][safepoint   ] Safepoint "Cleanup", Time since last: 8001333165 ns, Reaching safepoint: 117974 ns, Cleanup: 89254 ns, At safepoint: 11742 ns, Total: 218970 ns
[2025-11-29T09:40:18.047+0000][1855.379s][debug][safepoint   ] Safepoint synchronization initiated using futex wait barrier. (253 threads)
[2025-11-29T09:40:18.047+0000][1855.380s][info ][safepoint   ] Safepoint "Cleanup", Time since last: 5000695723 ns, Reaching safepoint: 160274 ns, Cleanup: 24017 ns, At safepoint: 5240 ns, Total: 189531 ns
[2025-11-29T09:40:32.990+0000][1870.323s][debug][safepoint   ] Safepoint synchronization initiated using futex wait barrier. (253 threads)
[2025-11-29T09:40:32.992+0000][1870.325s][info ][safepoint   ] Safepoint "Cleanup", Time since last: 14943410091 ns, Reaching safepoint: 1160973 ns, Cleanup: 20269 ns, At safepoint: 386146 ns, Total: 1567388 ns
[2025-11-29T09:40:37.990+0000][1875.325s][debug][safepoint   ] Safepoint synchronization initiated using futex wait barrier. (253 threads)
[2025-11-29T09:40:37.990+0000][1875.326s][info ][safepoint   ] Safepoint "Cleanup", Time since last: 5000898719 ns, Reaching safepoint: 152104 ns, Cleanup: 18486 ns, At safepoint: 5069 ns, Total: 175659 ns
[2025-11-29T09:40:47.992+0000][1885.327s][debug][safepoint   ] Safepoint synchronization initiated using futex wait barrier. (253 threads)
[2025-11-29T09:40:47.992+0000][1885.327s][info ][safepoint   ] Safepoint "Cleanup", Time since last: 10001362103 ns, Reaching safepoint: 240055 ns, Cleanup: 32794 ns, At safepoint: 6723 ns, Total: 279572 ns
[2025-11-29T09:40:50.992+0000][1888.328s][debug][safepoint   ] Safepoint synchronization initiated using futex wait barrier. (253 threads)
[2025-11-29T09:40:50.993+0000][1888.328s][info ][safepoint   ] Safepoint "Cleanup", Time since last: 3000532132 ns, Reaching safepoint: 172344 ns, Cleanup: 24027 ns, At safepoint: 5029 ns, Total: 201400 ns
[2025-11-29T09:40:52.993+0000][1890.328s][debug][safepoint   ] Safepoint synchronization initiated using futex wait barrier. (253 threads)
[2025-11-29T09:40:52.993+0000][1890.328s][info ][safepoint   ] Safepoint "Cleanup", Time since last: 2000298412 ns, Reaching safepoint: 88050 ns, Cleanup: 20280 ns, At safepoint: 4268 ns, Total: 112598 ns
[2025-11-29T09:40:54.993+0000][1892.329s][debug][safepoint   ] Safepoint synchronization initiated using futex wait barrier. (253 threads)
[2025-11-29T09:40:54.993+0000][1892.329s][info ][safepoint   ] Safepoint "Cleanup", Time since last: 2000247925 ns, Reaching safepoint: 106476 ns, Cleanup: 15690 ns, At safepoint: 4098 ns, Total: 126264 ns
[2025-11-29T09:41:53.025+0000][1950.365s][debug][safepoint   ] Safepoint synchronization initiated using futex wait barrier. (257 threads)
[2025-11-29T09:41:53.025+0000][1950.365s][info ][safepoint   ] Safepoint "Cleanup", Time since last: 58035843887 ns, Reaching safepoint: 113841 ns, Cleanup: 68422 ns, At safepoint: 7024 ns, Total: 189287 ns
[2025-11-29T09:41:56.025+0000][1953.365s][debug][safepoint   ] Safepoint synchronization initiated using futex wait barrier. (257 threads)
[2025-11-29T09:41:56.026+0000][1953.365s][info ][safepoint   ] Safepoint "Cleanup", Time since last: 3000425802 ns, Reaching safepoint: 114783 ns, Cleanup: 20590 ns, At safepoint: 3677 ns, Total: 139050 ns
[2025-11-29T09:41:58.026+0000][1955.366s][debug][safepoint   ] Safepoint synchronization initiated using futex wait barrier. (257 threads)
[2025-11-29T09:41:58.026+0000][1955.366s][info ][safepoint   ] Safepoint "Cleanup", Time since last: 2000314546 ns, Reaching safepoint: 182544 ns, Cleanup: 211479 ns, At safepoint: 33906 ns, Total: 427929 ns
[2025-11-29T09:42:03.028+0000][1960.368s][debug][safepoint   ] Safepoint synchronization initiated using futex wait barrier. (257 threads)
[2025-11-29T09:42:03.028+0000][1960.368s][info ][safepoint   ] Safepoint "Cleanup", Time since last: 5001807377 ns, Reaching safepoint: 175019 ns, Cleanup: 72851 ns, At safepoint: 6954 ns, Total: 254824 ns
[2025-11-29T09:42:07.029+0000][1964.371s][debug][safepoint   ] Safepoint synchronization initiated using futex wait barrier. (256 threads)
[2025-11-29T09:42:07.029+0000][1964.371s][info ][safepoint   ] Safepoint "Cleanup", Time since last: 4003189492 ns, Reaching safepoint: 81779 ns, Cleanup: 12444 ns, At safepoint: 3366 ns, Total: 97589 ns
[2025-11-29T09:42:08.030+0000][1965.372s][debug][safepoint   ] Safepoint synchronization initiated using futex wait barrier. (256 threads)
[2025-11-29T09:42:08.030+0000][1965.372s][info ][safepoint   ] Safepoint "Cleanup", Time since last: 1000128720 ns, Reaching safepoint: 184435 ns, Cleanup: 53122 ns, At safepoint: 5962 ns, Total: 243519 ns
[2025-11-29T09:42:38.059+0000][1995.403s][debug][safepoint   ] Safepoint synchronization initiated using futex wait barrier. (253 threads)
[2025-11-29T09:42:38.059+0000][1995.403s][info ][safepoint   ] Safepoint "Cleanup", Time since last: 30031399880 ns, Reaching safepoint: 157334 ns, Cleanup: 33915 ns, At safepoint: 4960 ns, Total: 196209 ns
[2025-11-29T09:42:54.873+0000][2012.217s][debug][safepoint   ] Safepoint synchronization initiated using futex wait barrier. (257 threads)
[2025-11-29T09:42:54.873+0000][2012.217s][info ][gc,start    ] GC(102) Pause Young (Normal) (G1 Evacuation Pause)
[2025-11-29T09:42:54.873+0000][2012.217s][info ][gc,task     ] GC(102) Using 13 workers of 13 for evacuation
[2025-11-29T09:42:54.883+0000][2012.227s][info ][gc,phases   ] GC(102)   Pre Evacuate Collection Set: 0.6ms
[2025-11-29T09:42:54.883+0000][2012.227s][info ][gc,phases   ] GC(102)   Merge Heap Roots: 0.3ms
[2025-11-29T09:42:54.883+0000][2012.227s][info ][gc,phases   ] GC(102)   Evacuate Collection Set: 5.2ms
[2025-11-29T09:42:54.883+0000][2012.227s][info ][gc,phases   ] GC(102)   Post Evacuate Collection Set: 3.5ms
[2025-11-29T09:42:54.883+0000][2012.227s][info ][gc,phases   ] GC(102)   Other: 0.6ms
[2025-11-29T09:42:54.883+0000][2012.227s][info ][gc,heap     ] GC(102) Eden regions: 216->0(217)
[2025-11-29T09:42:54.883+0000][2012.227s][info ][gc,heap     ] GC(102) Survivor regions: 2->2(28)
[2025-11-29T09:42:54.883+0000][2012.228s][info ][gc,heap     ] GC(102) Old regions: 407->407
[2025-11-29T09:42:54.883+0000][2012.228s][info ][gc,heap     ] GC(102) Archive regions: 2->2
[2025-11-29T09:42:54.883+0000][2012.228s][info ][gc,heap     ] GC(102) Humongous regions: 13->13
[2025-11-29T09:42:54.883+0000][2012.228s][info ][gc,metaspace] GC(102) Metaspace: 199078K(200512K)->199078K(200512K) NonClass: 175016K(175744K)->175016K(175744K) Class: 24062K(24768K)->24062K(24768K)
[2025-11-29T09:42:54.883+0000][2012.228s][info ][gc          ] GC(102) Pause Young (Normal) (G1 Evacuation Pause) 638M->422M(719M) 10.373ms
[2025-11-29T09:42:54.883+0000][2012.228s][info ][gc,cpu      ] GC(102) User=0.05s Sys=0.02s Real=0.01s
[2025-11-29T09:42:54.884+0000][2012.228s][info ][safepoint   ] Safepoint "G1CollectForAllocation", Time since last: 16813597661 ns, Reaching safepoint: 113670 ns, Cleanup: 46560 ns, At safepoint: 11022259 ns, Total: 11182489 ns
[2025-11-29T09:42:57.885+0000][2015.229s][debug][safepoint   ] Safepoint synchronization initiated using futex wait barrier. (254 threads)
[2025-11-29T09:42:57.885+0000][2015.229s][info ][safepoint   ] Safepoint "Cleanup", Time since last: 3000762930 ns, Reaching safepoint: 168677 ns, Cleanup: 20720 ns, At safepoint: 42021 ns, Total: 231418 ns
[2025-11-29T09:43:02.886+0000][2020.230s][debug][safepoint   ] Safepoint synchronization initiated using futex wait barrier. (254 threads)
[2025-11-29T09:43:02.886+0000][2020.230s][info ][safepoint   ] Safepoint "Cleanup", Time since last: 5000662982 ns, Reaching safepoint: 159589 ns, Cleanup: 35258 ns, At safepoint: 5471 ns, Total: 200318 ns
[2025-11-29T09:43:04.886+0000][2022.230s][debug][safepoint   ] Safepoint synchronization initiated using futex wait barrier. (254 threads)
[2025-11-29T09:43:04.886+0000][2022.230s][info ][safepoint   ] Safepoint "Cleanup", Time since last: 2000260464 ns, Reaching safepoint: 141474 ns, Cleanup: 16371 ns, At safepoint: 4228 ns, Total: 162073 ns
[2025-11-29T09:43:17.885+0000][2035.233s][debug][safepoint   ] Safepoint synchronization initiated using futex wait barrier. (254 threads)
[2025-11-29T09:43:17.885+0000][2035.233s][info ][safepoint   ] Safepoint "Cleanup", Time since last: 13002202288 ns, Reaching safepoint: 166964 ns, Cleanup: 24266 ns, At safepoint: 4940 ns, Total: 196170 ns
[2025-11-29T09:43:27.887+0000][2045.234s][debug][safepoint   ] Safepoint synchronization initiated using futex wait barrier. (254 threads)
[2025-11-29T09:43:27.887+0000][2045.235s][info ][safepoint   ] Safepoint "Cleanup", Time since last: 10001484969 ns, Reaching safepoint: 167955 ns, Cleanup: 25820 ns, At safepoint: 30860 ns, Total: 224635 ns
[2025-11-29T09:43:29.887+0000][2047.235s][debug][safepoint   ] Safepoint synchronization initiated using futex wait barrier. (254 threads)
[2025-11-29T09:43:29.887+0000][2047.235s][info ][safepoint   ] Safepoint "Cleanup", Time since last: 2000255970 ns, Reaching safepoint: 78101 ns, Cleanup: 13156 ns, At safepoint: 2755 ns, Total: 94012 ns
[2025-11-29T09:43:55.890+0000][2073.238s][debug][safepoint   ] Safepoint synchronization initiated using futex wait barrier. (253 threads)
[2025-11-29T09:43:55.890+0000][2073.239s][info ][safepoint   ] Safepoint "Cleanup", Time since last: 26003536952 ns, Reaching safepoint: 187232 ns, Cleanup: 25219 ns, At safepoint: 5631 ns, Total: 218082 ns
[2025-11-29T09:43:57.891+0000][2075.239s][debug][safepoint   ] Safepoint synchronization initiated using futex wait barrier. (253 threads)
[2025-11-29T09:43:57.892+0000][2075.240s][info ][safepoint   ] Safepoint "Cleanup", Time since last: 2000678300 ns, Reaching safepoint: 157094 ns, Cleanup: 21361 ns, At safepoint: 741908 ns, Total: 920363 ns
[2025-11-29T09:44:02.892+0000][2080.241s][debug][safepoint   ] Safepoint synchronization initiated using futex wait barrier. (253 threads)
[2025-11-29T09:44:02.893+0000][2080.241s][info ][safepoint   ] Safepoint "Cleanup", Time since last: 5000749330 ns, Reaching safepoint: 134570 ns, Cleanup: 17324 ns, At safepoint: 4579 ns, Total: 156473 ns
[2025-11-29T09:44:04.893+0000][2082.241s][debug][safepoint   ] Safepoint synchronization initiated using futex wait barrier. (253 threads)
[2025-11-29T09:44:04.893+0000][2082.242s][info ][safepoint   ] Safepoint "Cleanup", Time since last: 2000246544 ns, Reaching safepoint: 161823 ns, Cleanup: 40168 ns, At safepoint: 7144 ns, Total: 209135 ns
[2025-11-29T09:44:12.892+0000][2090.243s][debug][safepoint   ] Safepoint synchronization initiated using futex wait barrier. (253 threads)
[2025-11-29T09:44:12.892+0000][2090.243s][info ][safepoint   ] Safepoint "Cleanup", Time since last: 8001284650 ns, Reaching safepoint: 129529 ns, Cleanup: 33014 ns, At safepoint: 4779 ns, Total: 167322 ns
[2025-11-29T09:44:33.136+0000][2110.487s][debug][safepoint   ] Safepoint synchronization initiated using futex wait barrier. (253 threads)
[2025-11-29T09:44:33.136+0000][2110.487s][info ][safepoint   ] Safepoint "Cleanup", Time since last: 20244122640 ns, Reaching safepoint: 209225 ns, Cleanup: 22203 ns, At safepoint: 5160 ns, Total: 236588 ns
[2025-11-29T09:44:43.135+0000][2120.489s][debug][safepoint   ] Safepoint synchronization initiated using futex wait barrier. (254 threads)
[2025-11-29T09:44:43.135+0000][2120.489s][info ][safepoint   ] Safepoint "Cleanup", Time since last: 10001373820 ns, Reaching safepoint: 88852 ns, Cleanup: 14669 ns, At safepoint: 3466 ns, Total: 106987 ns
[2025-11-29T09:45:42.169+0000][2179.527s][debug][safepoint   ] Safepoint synchronization initiated using futex wait barrier. (253 threads)
[2025-11-29T09:45:42.170+0000][2179.527s][info ][safepoint   ] Safepoint "Cleanup", Time since last: 59037843863 ns, Reaching safepoint: 317012 ns, Cleanup: 102779 ns, At safepoint: 9308 ns, Total: 429099 ns
[2025-11-29T09:45:48.170+0000][2185.528s][debug][safepoint   ] Safepoint synchronization initiated using futex wait barrier. (253 threads)
[2025-11-29T09:45:48.171+0000][2185.528s][info ][safepoint   ] Safepoint "Cleanup", Time since last: 6000908435 ns, Reaching safepoint: 148748 ns, Cleanup: 89503 ns, At safepoint: 76889 ns, Total: 315140 ns
[2025-11-29T09:45:51.338+0000][2188.695s][debug][safepoint   ] Safepoint synchronization initiated using futex wait barrier. (253 threads)
[2025-11-29T09:45:51.338+0000][2188.696s][info ][gc,start    ] GC(103) Pause Young (Normal) (G1 Evacuation Pause)
[2025-11-29T09:45:51.338+0000][2188.696s][info ][gc,task     ] GC(103) Using 13 workers of 13 for evacuation
[2025-11-29T09:45:51.345+0000][2188.702s][info ][gc,phases   ] GC(103)   Pre Evacuate Collection Set: 0.6ms
[2025-11-29T09:45:51.345+0000][2188.702s][info ][gc,phases   ] GC(103)   Merge Heap Roots: 0.3ms
[2025-11-29T09:45:51.345+0000][2188.702s][info ][gc,phases   ] GC(103)   Evacuate Collection Set: 3.6ms
[2025-11-29T09:45:51.345+0000][2188.702s][info ][gc,phases   ] GC(103)   Post Evacuate Collection Set: 1.9ms
[2025-11-29T09:45:51.345+0000][2188.702s][info ][gc,phases   ] GC(103)   Other: 0.4ms
[2025-11-29T09:45:51.345+0000][2188.702s][info ][gc,heap     ] GC(103) Eden regions: 217->0(217)
[2025-11-29T09:45:51.345+0000][2188.702s][info ][gc,heap     ] GC(103) Survivor regions: 2->2(28)
[2025-11-29T09:45:51.345+0000][2188.702s][info ][gc,heap     ] GC(103) Old regions: 407->408
[2025-11-29T09:45:51.345+0000][2188.702s][info ][gc,heap     ] GC(103) Archive regions: 2->2
[2025-11-29T09:45:51.345+0000][2188.702s][info ][gc,heap     ] GC(103) Humongous regions: 13->13
[2025-11-29T09:45:51.345+0000][2188.703s][info ][gc,metaspace] GC(103) Metaspace: 199094K(200576K)->199094K(200576K) NonClass: 175029K(175808K)->175029K(175808K) Class: 24064K(24768K)->24064K(24768K)
[2025-11-29T09:45:51.345+0000][2188.703s][info ][gc          ] GC(103) Pause Young (Normal) (G1 Evacuation Pause) 639M->422M(719M) 6.839ms
[2025-11-29T09:45:51.345+0000][2188.703s][info ][gc,cpu      ] GC(103) User=0.05s Sys=0.00s Real=0.00s
[2025-11-29T09:45:51.345+0000][2188.703s][info ][safepoint   ] Safepoint "G1CollectForAllocation", Time since last: 3167004674 ns, Reaching safepoint: 79915 ns, Cleanup: 5320 ns, At safepoint: 7388320 ns, Total: 7473555 ns
[2025-11-29T09:46:17.346+0000][2214.706s][debug][safepoint   ] Safepoint synchronization initiated using futex wait barrier. (253 threads)
[2025-11-29T09:46:17.347+0000][2214.707s][info ][safepoint   ] Safepoint "Cleanup", Time since last: 26003331749 ns, Reaching safepoint: 868420 ns, Cleanup: 98701 ns, At safepoint: 9909 ns, Total: 977030 ns
[2025-11-29T09:47:20.356+0000][2277.720s][debug][safepoint   ] Safepoint synchronization initiated using futex wait barrier. (254 threads)
[2025-11-29T09:47:20.358+0000][2277.722s][info ][safepoint   ] Safepoint "Cleanup", Time since last: 63013084252 ns, Reaching safepoint: 1988744 ns, Cleanup: 21011 ns, At safepoint: 27082 ns, Total: 2036837 ns
[2025-11-29T09:47:22.358+0000][2279.723s][debug][safepoint   ] Safepoint synchronization initiated using futex wait barrier. (254 threads)
[2025-11-29T09:47:22.358+0000][2279.723s][info ][safepoint   ] Safepoint "Cleanup", Time since last: 2000349996 ns, Reaching safepoint: 103210 ns, Cleanup: 15600 ns, At safepoint: 4158 ns, Total: 122968 ns
[2025-11-29T09:47:27.359+0000][2284.723s][debug][safepoint   ] Safepoint synchronization initiated using futex wait barrier. (254 threads)
[2025-11-29T09:47:27.359+0000][2284.724s][info ][safepoint   ] Safepoint "Cleanup", Time since last: 5000660076 ns, Reaching safepoint: 74224 ns, Cleanup: 12334 ns, At safepoint: 2575 ns, Total: 89133 ns
[2025-11-29T09:47:55.361+0000][2312.728s][debug][safepoint   ] Safepoint synchronization initiated using futex wait barrier. (253 threads)
[2025-11-29T09:47:55.361+0000][2312.728s][info ][safepoint   ] Safepoint "Cleanup", Time since last: 28004017457 ns, Reaching safepoint: 90666 ns, Cleanup: 13907 ns, At safepoint: 3406 ns, Total: 107979 ns
[2025-11-29T09:48:07.361+0000][2324.729s][debug][safepoint   ] Safepoint synchronization initiated using futex wait barrier. (253 threads)
[2025-11-29T09:48:07.361+0000][2324.730s][info ][safepoint   ] Safepoint "Cleanup", Time since last: 12001725998 ns, Reaching safepoint: 102428 ns, Cleanup: 18506 ns, At safepoint: 3797 ns, Total: 124731 ns
[2025-11-29T09:48:47.581+0000][2364.953s][debug][safepoint   ] Safepoint synchronization initiated using futex wait barrier. (254 threads)
[2025-11-29T09:48:47.582+0000][2364.954s][info ][gc,start    ] GC(104) Pause Young (Normal) (G1 Evacuation Pause)
[2025-11-29T09:48:47.582+0000][2364.954s][info ][gc,task     ] GC(104) Using 13 workers of 13 for evacuation
[2025-11-29T09:48:47.590+0000][2364.962s][info ][gc,phases   ] GC(104)   Pre Evacuate Collection Set: 0.5ms
[2025-11-29T09:48:47.590+0000][2364.962s][info ][gc,phases   ] GC(104)   Merge Heap Roots: 0.3ms
[2025-11-29T09:48:47.590+0000][2364.962s][info ][gc,phases   ] GC(104)   Evacuate Collection Set: 3.6ms
[2025-11-29T09:48:47.590+0000][2364.962s][info ][gc,phases   ] GC(104)   Post Evacuate Collection Set: 2.9ms
[2025-11-29T09:48:47.590+0000][2364.962s][info ][gc,phases   ] GC(104)   Other: 0.6ms
[2025-11-29T09:48:47.590+0000][2364.962s][info ][gc,heap     ] GC(104) Eden regions: 217->0(218)
[2025-11-29T09:48:47.590+0000][2364.962s][info ][gc,heap     ] GC(104) Survivor regions: 2->2(28)
[2025-11-29T09:48:47.590+0000][2364.962s][info ][gc,heap     ] GC(104) Old regions: 408->408
[2025-11-29T09:48:47.590+0000][2364.962s][info ][gc,heap     ] GC(104) Archive regions: 2->2
[2025-11-29T09:48:47.590+0000][2364.962s][info ][gc,heap     ] GC(104) Humongous regions: 13->13
[2025-11-29T09:48:47.590+0000][2364.962s][info ][gc,metaspace] GC(104) Metaspace: 199110K(200576K)->199110K(200576K) NonClass: 175045K(175808K)->175045K(175808K) Class: 24064K(24768K)->24064K(24768K)
[2025-11-29T09:48:47.590+0000][2364.962s][info ][gc          ] GC(104) Pause Young (Normal) (G1 Evacuation Pause) 639M->422M(719M) 7.812ms
[2025-11-29T09:48:47.590+0000][2364.962s][info ][gc,cpu      ] GC(104) User=0.05s Sys=0.00s Real=0.01s
[2025-11-29T09:48:47.591+0000][2364.962s][info ][safepoint   ] Safepoint "G1CollectForAllocation", Time since last: 40223654121 ns, Reaching safepoint: 290368 ns, Cleanup: 7354 ns, At safepoint: 8851864 ns, Total: 9149586 ns
[2025-11-29T09:48:48.591+0000][2365.963s][debug][safepoint   ] Safepoint synchronization initiated using futex wait barrier. (254 threads)
[2025-11-29T09:48:48.591+0000][2365.963s][info ][safepoint   ] Safepoint "Cleanup", Time since last: 1000173395 ns, Reaching safepoint: 534304 ns, Cleanup: 36251 ns, At safepoint: 78732 ns, Total: 649287 ns
[2025-11-29T09:49:07.593+0000][2384.966s][debug][safepoint   ] Safepoint synchronization initiated using futex wait barrier. (256 threads)
[2025-11-29T09:49:07.593+0000][2384.966s][info ][safepoint   ] Safepoint "Cleanup", Time since last: 19002991090 ns, Reaching safepoint: 124650 ns, Cleanup: 19969 ns, At safepoint: 4619 ns, Total: 149238 ns
[2025-11-29T09:49:12.594+0000][2389.967s][debug][safepoint   ] Safepoint synchronization initiated using futex wait barrier. (254 threads)
[2025-11-29T09:49:12.594+0000][2389.967s][info ][safepoint   ] Safepoint "Cleanup", Time since last: 5000718204 ns, Reaching safepoint: 89583 ns, Cleanup: 62652 ns, At safepoint: 6983 ns, Total: 159218 ns
[2025-11-29T09:49:32.597+0000][2409.970s][debug][safepoint   ] Safepoint synchronization initiated using futex wait barrier. (254 threads)
[2025-11-29T09:49:32.597+0000][2409.970s][info ][safepoint   ] Safepoint "Cleanup", Time since last: 20002716098 ns, Reaching safepoint: 223181 ns, Cleanup: 15650 ns, At safepoint: 5301 ns, Total: 244132 ns
[2025-11-29T09:49:35.597+0000][2412.971s][debug][safepoint   ] Safepoint synchronization initiated using futex wait barrier. (254 threads)
[2025-11-29T09:49:35.597+0000][2412.971s][info ][safepoint   ] Safepoint "Cleanup", Time since last: 3000477561 ns, Reaching safepoint: 140942 ns, Cleanup: 36301 ns, At safepoint: 4508 ns, Total: 181751 ns
[2025-11-29T09:49:37.590+0000][2414.971s][debug][safepoint   ] Safepoint synchronization initiated using futex wait barrier. (254 threads)
[2025-11-29T09:49:37.590+0000][2414.971s][info ][safepoint   ] Safepoint "Cleanup", Time since last: 2000301457 ns, Reaching safepoint: 212269 ns, Cleanup: 16001 ns, At safepoint: 5681 ns, Total: 233951 ns
[2025-11-29T09:49:47.593+0000][2424.974s][debug][safepoint   ] Safepoint synchronization initiated using futex wait barrier. (253 threads)
[2025-11-29T09:49:47.593+0000][2424.974s][info ][safepoint   ] Safepoint "Cleanup", Time since last: 10002541313 ns, Reaching safepoint: 101386 ns, Cleanup: 15451 ns, At safepoint: 3788 ns, Total: 120625 ns
[2025-11-29T09:49:55.594+0000][2432.975s][debug][safepoint   ] Safepoint synchronization initiated using futex wait barrier. (253 threads)
[2025-11-29T09:49:55.594+0000][2432.976s][info ][safepoint   ] Safepoint "Cleanup", Time since last: 8001485352 ns, Reaching safepoint: 110364 ns, Cleanup: 44827 ns, At safepoint: 4959 ns, Total: 160150 ns
[2025-11-29T09:51:02.600+0000][2499.986s][debug][safepoint   ] Safepoint synchronization initiated using futex wait barrier. (254 threads)
[2025-11-29T09:51:02.600+0000][2499.986s][info ][safepoint   ] Safepoint "Cleanup", Time since last: 67010105883 ns, Reaching safepoint: 294013 ns, Cleanup: 29967 ns, At safepoint: 8296 ns, Total: 332276 ns
[2025-11-29T09:51:11.600+0000][2508.987s][debug][safepoint   ] Safepoint synchronization initiated using futex wait barrier. (254 threads)
[2025-11-29T09:51:11.600+0000][2508.988s][info ][safepoint   ] Safepoint "Cleanup", Time since last: 9001368408 ns, Reaching safepoint: 87988 ns, Cleanup: 16992 ns, At safepoint: 3627 ns, Total: 108607 ns
[2025-11-29T09:51:45.261+0000][2542.651s][debug][safepoint   ] Safepoint synchronization initiated using futex wait barrier. (254 threads)
[2025-11-29T09:51:45.262+0000][2542.651s][info ][gc,start    ] GC(105) Pause Young (Normal) (G1 Evacuation Pause)
[2025-11-29T09:51:45.262+0000][2542.651s][info ][gc,task     ] GC(105) Using 13 workers of 13 for evacuation
[2025-11-29T09:51:45.272+0000][2542.661s][info ][gc,phases   ] GC(105)   Pre Evacuate Collection Set: 0.4ms
[2025-11-29T09:51:45.272+0000][2542.661s][info ][gc,phases   ] GC(105)   Merge Heap Roots: 0.3ms
[2025-11-29T09:51:45.272+0000][2542.661s][info ][gc,phases   ] GC(105)   Evacuate Collection Set: 5.4ms
[2025-11-29T09:51:45.272+0000][2542.661s][info ][gc,phases   ] GC(105)   Post Evacuate Collection Set: 3.2ms
[2025-11-29T09:51:45.272+0000][2542.661s][info ][gc,phases   ] GC(105)   Other: 0.4ms
[2025-11-29T09:51:45.272+0000][2542.661s][info ][gc,heap     ] GC(105) Eden regions: 218->0(219)
[2025-11-29T09:51:45.272+0000][2542.661s][info ][gc,heap     ] GC(105) Survivor regions: 2->2(28)
[2025-11-29T09:51:45.272+0000][2542.661s][info ][gc,heap     ] GC(105) Old regions: 408->408
[2025-11-29T09:51:45.272+0000][2542.661s][info ][gc,heap     ] GC(105) Archive regions: 2->2
[2025-11-29T09:51:45.272+0000][2542.661s][info ][gc,heap     ] GC(105) Humongous regions: 13->13
[2025-11-29T09:51:45.272+0000][2542.661s][info ][gc,metaspace] GC(105) Metaspace: 199165K(200640K)->199165K(200640K) NonClass: 175100K(175872K)->175100K(175872K) Class: 24064K(24768K)->24064K(24768K)
[2025-11-29T09:51:45.272+0000][2542.661s][info ][gc          ] GC(105) Pause Young (Normal) (G1 Evacuation Pause) 640M->422M(719M) 9.793ms
[2025-11-29T09:51:45.272+0000][2542.661s][info ][gc,cpu      ] GC(105) User=0.08s Sys=0.00s Real=0.01s
[2025-11-29T09:51:45.272+0000][2542.661s][info ][safepoint   ] Safepoint "G1CollectForAllocation", Time since last: 33663003492 ns, Reaching safepoint: 338672 ns, Cleanup: 11123 ns, At safepoint: 10486538 ns, Total: 10836333 ns
[2025-11-29T09:52:12.274+0000][2569.665s][debug][safepoint   ] Safepoint synchronization initiated using futex wait barrier. (253 threads)
[2025-11-29T09:52:12.274+0000][2569.665s][info ][safepoint   ] Safepoint "Cleanup", Time since last: 27003884130 ns, Reaching safepoint: 172670 ns, Cleanup: 15680 ns, At safepoint: 4819 ns, Total: 193169 ns
[2025-11-29T09:52:27.405+0000][2584.796s][debug][safepoint   ] Safepoint synchronization initiated using futex wait barrier. (253 threads)
[2025-11-29T09:52:27.405+0000][2584.796s][info ][safepoint   ] Safepoint "Cleanup", Time since last: 15130492675 ns, Reaching safepoint: 131834 ns, Cleanup: 15579 ns, At safepoint: 4659 ns, Total: 152072 ns
[2025-11-29T09:52:35.406+0000][2592.797s][debug][safepoint   ] Safepoint synchronization initiated using futex wait barrier. (253 threads)
[2025-11-29T09:52:35.407+0000][2592.798s][info ][safepoint   ] Safepoint "Cleanup", Time since last: 8001306406 ns, Reaching safepoint: 136160 ns, Cleanup: 17805 ns, At safepoint: 5069 ns, Total: 159034 ns
[2025-11-29T09:52:42.406+0000][2599.799s][debug][safepoint   ] Safepoint synchronization initiated using futex wait barrier. (256 threads)
[2025-11-29T09:52:42.407+0000][2599.799s][info ][safepoint   ] Safepoint "Cleanup", Time since last: 7001337050 ns, Reaching safepoint: 352085 ns, Cleanup: 109480 ns, At safepoint: 8396 ns, Total: 469961 ns
[2025-11-29T09:52:44.407+0000][2601.800s][debug][safepoint   ] Safepoint synchronization initiated using futex wait barrier. (256 threads)
[2025-11-29T09:52:44.407+0000][2601.800s][info ][safepoint   ] Safepoint "Cleanup", Time since last: 2000338314 ns, Reaching safepoint: 174535 ns, Cleanup: 35678 ns, At safepoint: 6653 ns, Total: 216866 ns
[2025-11-29T09:52:47.408+0000][2604.800s][debug][safepoint   ] Safepoint synchronization initiated using futex wait barrier. (254 threads)
[2025-11-29T09:52:47.408+0000][2604.801s][info ][safepoint   ] Safepoint "Cleanup", Time since last: 3000433833 ns, Reaching safepoint: 182359 ns, Cleanup: 32903 ns, At safepoint: 6042 ns, Total: 221304 ns
[2025-11-29T09:52:52.409+0000][2609.801s][debug][safepoint   ] Safepoint synchronization initiated using futex wait barrier. (255 threads)
[2025-11-29T09:52:52.409+0000][2609.801s][info ][safepoint   ] Safepoint "Cleanup", Time since last: 5000722153 ns, Reaching safepoint: 116074 ns, Cleanup: 15209 ns, At safepoint: 4218 ns, Total: 135501 ns
[2025-11-29T09:53:07.410+0000][2624.804s][debug][safepoint   ] Safepoint synchronization initiated using futex wait barrier. (255 threads)
[2025-11-29T09:53:07.410+0000][2624.805s][info ][safepoint   ] Safepoint "Cleanup", Time since last: 15002910872 ns, Reaching safepoint: 164154 ns, Cleanup: 15249 ns, At safepoint: 4528 ns, Total: 183931 ns
[2025-11-29T09:53:09.411+0000][2626.805s][debug][safepoint   ] Safepoint synchronization initiated using futex wait barrier. (255 threads)
[2025-11-29T09:53:09.411+0000][2626.805s][info ][safepoint   ] Safepoint "Cleanup", Time since last: 2000609283 ns, Reaching safepoint: 101784 ns, Cleanup: 14408 ns, At safepoint: 3647 ns, Total: 119839 ns
[2025-11-29T09:53:25.443+0000][2642.838s][debug][safepoint   ] Safepoint synchronization initiated using futex wait barrier. (255 threads)
[2025-11-29T09:53:25.443+0000][2642.838s][info ][safepoint   ] Safepoint "Cleanup", Time since last: 16032401511 ns, Reaching safepoint: 109450 ns, Cleanup: 33324 ns, At safepoint: 5270 ns, Total: 148044 ns
[2025-11-29T09:53:32.444+0000][2649.839s][debug][safepoint   ] Safepoint synchronization initiated using futex wait barrier. (256 threads)
[2025-11-29T09:53:32.444+0000][2649.839s][info ][safepoint   ] Safepoint "Cleanup", Time since last: 7001090727 ns, Reaching safepoint: 166199 ns, Cleanup: 17453 ns, At safepoint: 4689 ns, Total: 188341 ns
[2025-11-29T09:53:49.446+0000][2666.842s][debug][safepoint   ] Safepoint synchronization initiated using futex wait barrier. (254 threads)
[2025-11-29T09:53:49.446+0000][2666.842s][info ][safepoint   ] Safepoint "Cleanup", Time since last: 17003085380 ns, Reaching safepoint: 99422 ns, Cleanup: 15531 ns, At safepoint: 3637 ns, Total: 118590 ns
[2025-11-29T09:54:02.448+0000][2679.845s][debug][safepoint   ] Safepoint synchronization initiated using futex wait barrier. (254 threads)
[2025-11-29T09:54:02.448+0000][2679.845s][info ][safepoint   ] Safepoint "Cleanup", Time since last: 13002210967 ns, Reaching safepoint: 140489 ns, Cleanup: 29135 ns, At safepoint: 5491 ns, Total: 175115 ns
[2025-11-29T09:54:05.449+0000][2682.845s][debug][safepoint   ] Safepoint synchronization initiated using futex wait barrier. (254 threads)
[2025-11-29T09:54:05.449+0000][2682.845s][info ][safepoint   ] Safepoint "Cleanup", Time since last: 3000509591 ns, Reaching safepoint: 114038 ns, Cleanup: 15941 ns, At safepoint: 4358 ns, Total: 134337 ns
[2025-11-29T09:54:22.450+0000][2699.848s][debug][safepoint   ] Safepoint synchronization initiated using futex wait barrier. (254 threads)
[2025-11-29T09:54:22.450+0000][2699.848s][info ][safepoint   ] Safepoint "Cleanup", Time since last: 17002390663 ns, Reaching safepoint: 178141 ns, Cleanup: 20109 ns, At safepoint: 5240 ns, Total: 203490 ns
[2025-11-29T09:54:43.481+0000][2720.881s][debug][safepoint   ] Safepoint synchronization initiated using futex wait barrier. (254 threads)
[2025-11-29T09:54:43.481+0000][2720.881s][info ][gc,start    ] GC(106) Pause Young (Normal) (G1 Evacuation Pause)
[2025-11-29T09:54:43.481+0000][2720.881s][info ][gc,task     ] GC(106) Using 13 workers of 13 for evacuation
[2025-11-29T09:54:43.490+0000][2720.889s][info ][gc,phases   ] GC(106)   Pre Evacuate Collection Set: 0.5ms
[2025-11-29T09:54:43.490+0000][2720.889s][info ][gc,phases   ] GC(106)   Merge Heap Roots: 0.3ms
[2025-11-29T09:54:43.490+0000][2720.889s][info ][gc,phases   ] GC(106)   Evacuate Collection Set: 4.1ms
[2025-11-29T09:54:43.490+0000][2720.889s][info ][gc,phases   ] GC(106)   Post Evacuate Collection Set: 3.1ms
[2025-11-29T09:54:43.490+0000][2720.889s][info ][gc,phases   ] GC(106)   Other: 0.3ms
[2025-11-29T09:54:43.490+0000][2720.889s][info ][gc,heap     ] GC(106) Eden regions: 219->0(219)
[2025-11-29T09:54:43.490+0000][2720.889s][info ][gc,heap     ] GC(106) Survivor regions: 2->2(28)
[2025-11-29T09:54:43.490+0000][2720.889s][info ][gc,heap     ] GC(106) Old regions: 408->408
[2025-11-29T09:54:43.490+0000][2720.889s][info ][gc,heap     ] GC(106) Archive regions: 2->2
[2025-11-29T09:54:43.490+0000][2720.889s][info ][gc,heap     ] GC(106) Humongous regions: 13->13
[2025-11-29T09:54:43.490+0000][2720.889s][info ][gc,metaspace] GC(106) Metaspace: 199432K(200896K)->199432K(200896K) NonClass: 175367K(176128K)->175367K(176128K) Class: 24065K(24768K)->24065K(24768K)
[2025-11-29T09:54:43.490+0000][2720.890s][info ][gc          ] GC(106) Pause Young (Normal) (G1 Evacuation Pause) 641M->422M(719M) 8.405ms
[2025-11-29T09:54:43.490+0000][2720.890s][info ][gc,cpu      ] GC(106) User=0.06s Sys=0.01s Real=0.01s
[2025-11-29T09:54:43.490+0000][2720.890s][info ][safepoint   ] Safepoint "G1CollectForAllocation", Time since last: 21032569825 ns, Reaching safepoint: 478226 ns, Cleanup: 5841 ns, At safepoint: 9070174 ns, Total: 9554241 ns
[2025-11-29T09:54:52.492+0000][2729.891s][debug][safepoint   ] Safepoint synchronization initiated using futex wait barrier. (254 threads)
[2025-11-29T09:54:52.492+0000][2729.892s][info ][safepoint   ] Safepoint "Cleanup", Time since last: 9001205242 ns, Reaching safepoint: 236844 ns, Cleanup: 33775 ns, At safepoint: 9889 ns, Total: 280508 ns
[2025-11-29T09:54:55.492+0000][2732.892s][debug][safepoint   ] Safepoint synchronization initiated using futex wait barrier. (254 threads)
[2025-11-29T09:54:55.492+0000][2732.892s][info ][safepoint   ] Safepoint "Cleanup", Time since last: 3000426400 ns, Reaching safepoint: 100001 ns, Cleanup: 15580 ns, At safepoint: 4489 ns, Total: 120070 ns
[2025-11-29T09:54:56.493+0000][2733.892s][debug][safepoint   ] Safepoint synchronization initiated using futex wait barrier. (254 threads)
[2025-11-29T09:54:56.493+0000][2733.892s][info ][safepoint   ] Safepoint "Cleanup", Time since last: 1000152178 ns, Reaching safepoint: 82237 ns, Cleanup: 14408 ns, At safepoint: 2986 ns, Total: 99631 ns
[2025-11-29T09:55:12.494+0000][2749.895s][debug][safepoint   ] Safepoint synchronization initiated using futex wait barrier. (254 threads)
[2025-11-29T09:55:12.494+0000][2749.895s][info ][safepoint   ] Safepoint "Cleanup", Time since last: 16002546680 ns, Reaching safepoint: 142362 ns, Cleanup: 16201 ns, At safepoint: 5591 ns, Total: 164154 ns
[2025-11-29T09:55:17.495+0000][2754.896s][debug][safepoint   ] Safepoint synchronization initiated using futex wait barrier. (254 threads)
[2025-11-29T09:55:17.495+0000][2754.896s][info ][safepoint   ] Safepoint "Cleanup", Time since last: 5000773931 ns, Reaching safepoint: 94081 ns, Cleanup: 14027 ns, At safepoint: 3777 ns, Total: 111885 ns
[2025-11-29T09:55:32.521+0000][2769.923s][debug][safepoint   ] Safepoint synchronization initiated using futex wait barrier. (254 threads)
[2025-11-29T09:55:32.522+0000][2769.923s][info ][safepoint   ] Safepoint "Cleanup", Time since last: 15026585717 ns, Reaching safepoint: 141580 ns, Cleanup: 26230 ns, At safepoint: 7475 ns, Total: 175285 ns
[2025-11-29T09:56:07.523+0000][2804.929s][debug][safepoint   ] Safepoint synchronization initiated using futex wait barrier. (254 threads)
[2025-11-29T09:56:07.523+0000][2804.929s][info ][safepoint   ] Safepoint "Cleanup", Time since last: 35005813753 ns, Reaching safepoint: 81617 ns, Cleanup: 14668 ns, At safepoint: 4538 ns, Total: 100823 ns
[2025-11-29T09:56:27.561+0000][2824.967s][debug][safepoint   ] Safepoint synchronization initiated using futex wait barrier. (253 threads)
[2025-11-29T09:56:27.562+0000][2824.967s][info ][safepoint   ] Safepoint "Cleanup", Time since last: 20038055071 ns, Reaching safepoint: 425356 ns, Cleanup: 16712 ns, At safepoint: 103218 ns, Total: 545286 ns
[2025-11-29T09:56:37.561+0000][2834.969s][debug][safepoint   ] Safepoint synchronization initiated using futex wait barrier. (253 threads)
[2025-11-29T09:56:37.561+0000][2834.969s][info ][safepoint   ] Safepoint "Cleanup", Time since last: 10001783603 ns, Reaching safepoint: 230943 ns, Cleanup: 17463 ns, At safepoint: 29597 ns, Total: 278003 ns
[2025-11-29T09:57:07.565+0000][2864.974s][debug][safepoint   ] Safepoint synchronization initiated using futex wait barrier. (253 threads)
[2025-11-29T09:57:07.567+0000][2864.975s][info ][safepoint   ] Safepoint "Cleanup", Time since last: 30004543793 ns, Reaching safepoint: 1530127 ns, Cleanup: 18185 ns, At safepoint: 5711 ns, Total: 1554023 ns
