[2025-12-05T03:57:59.791+0000][0.030s][info][gc] Using G1
[2025-12-05T03:57:59.799+0000][0.038s][info][gc,init] Version: 17.0.16+8-Debian-1deb12u1 (release)
[2025-12-05T03:57:59.799+0000][0.038s][info][gc,init] CPUs: 16 total, 16 available
[2025-12-05T03:57:59.799+0000][0.038s][info][gc,init] Memory: 7590M
[2025-12-05T03:57:59.799+0000][0.038s][info][gc,init] Large Page Support: Disabled
[2025-12-05T03:57:59.799+0000][0.038s][info][gc,init] NUMA Support: Disabled
[2025-12-05T03:57:59.799+0000][0.038s][info][gc,init] Compressed Oops: Enabled (32-bit)
[2025-12-05T03:57:59.799+0000][0.038s][info][gc,init] Heap Region Size: 1M
[2025-12-05T03:57:59.799+0000][0.038s][info][gc,init] Heap Min Capacity: 8M
[2025-12-05T03:57:59.799+0000][0.038s][info][gc,init] Heap Initial Capacity: 120M
[2025-12-05T03:57:59.799+0000][0.038s][info][gc,init] Heap Max Capacity: 1898M
[2025-12-05T03:57:59.799+0000][0.038s][info][gc,init] Pre-touch: Disabled
[2025-12-05T03:57:59.799+0000][0.038s][info][gc,init] Parallel Workers: 13
[2025-12-05T03:57:59.799+0000][0.038s][info][gc,init] Concurrent Workers: 3
[2025-12-05T03:57:59.799+0000][0.038s][info][gc,init] Concurrent Refinement Workers: 13
[2025-12-05T03:57:59.799+0000][0.038s][info][gc,init] Periodic GC: Disabled
[2025-12-05T03:57:59.840+0000][0.079s][info][gc,metaspace] CDS archive(s) mapped at: [0x000073c27f000000-0x000073c27fbca000-0x000073c27fbca000), size 12361728, SharedBaseAddress: 0x000073c27f000000, ArchiveRelocationMode: 1.
[2025-12-05T03:57:59.840+0000][0.079s][info][gc,metaspace] Compressed class space mapped at: 0x000073c280000000-0x000073c2c0000000, reserved size: 1073741824
[2025-12-05T03:57:59.840+0000][0.079s][info][gc,metaspace] Narrow klass base: 0x000073c27f000000, Narrow klass shift: 0, Narrow klass range: 0x100000000
[2025-12-05T03:57:59.869+0000][0.108s][info][cds,heap    ] initialize_from_archived_subgraph java.lang.Module$ArchivedData 0x000073c27f1837f0 (early)
[2025-12-05T03:57:59.869+0000][0.108s][info][cds,heap    ] initialize_from_archived_subgraph java.util.ImmutableCollections 0x000073c27f072308 (early)
[2025-12-05T03:57:59.872+0000][0.111s][info][cds,heap    ] initialize_from_archived_subgraph java.lang.Integer$IntegerCache 0x000073c27f037660 (early)
[2025-12-05T03:57:59.883+0000][0.122s][info][cds,heap    ] initialize_from_archived_subgraph java.lang.module.Configuration 0x000073c27f171770 (early)
[2025-12-05T03:57:59.883+0000][0.122s][info][cds,heap    ] initialize_from_archived_subgraph java.lang.ModuleLayer 0x000073c27f145ba8 (early)
[2025-12-05T03:57:59.883+0000][0.123s][info][cds,heap    ] initialize_from_archived_subgraph jdk.internal.loader.ArchivedClassLoaders 0x000073c27f1a7e68 (early)
[2025-12-05T03:57:59.884+0000][0.123s][info][cds,heap    ] initialize_from_archived_subgraph jdk.internal.module.ArchivedBootLayer 0x000073c27f1783b0 (early)
[2025-12-05T03:57:59.889+0000][0.129s][info][cds,heap    ] initialize_from_archived_subgraph sun.util.locale.BaseLocale 0x000073c27f26ebf0
[2025-12-05T03:57:59.913+0000][0.152s][info][cds,heap    ] initialize_from_archived_subgraph java.util.jar.Attributes$Name 0x000073c27f1998d0
[2025-12-05T03:57:59.966+0000][0.205s][info][cds,heap    ] initialize_from_archived_subgraph java.lang.Long$LongCache 0x000073c27f020f98
[2025-12-05T03:58:00.103+0000][0.342s][info][cds,heap    ] initialize_from_archived_subgraph java.lang.Character$CharacterCache 0x000073c27f03a9e8
[2025-12-05T03:58:00.603+0000][0.842s][debug][safepoint   ] Safepoint synchronization initiated using futex wait barrier. (19 threads)
[2025-12-05T03:58:00.603+0000][0.842s][info ][safepoint   ] Safepoint "ICBufferFull", Time since last: 737957077 ns, Reaching safepoint: 48563 ns, Cleanup: 78452 ns, At safepoint: 59394 ns, Total: 186409 ns
[2025-12-05T03:58:01.029+0000][1.268s][debug][safepoint   ] Safepoint synchronization initiated using futex wait barrier. (21 threads)
[2025-12-05T03:58:01.029+0000][1.268s][info ][gc,start    ] GC(0) Pause Young (Normal) (G1 Evacuation Pause)
[2025-12-05T03:58:01.029+0000][1.268s][info ][gc,task     ] GC(0) Using 2 workers of 13 for evacuation
[2025-12-05T03:58:01.048+0000][1.287s][info ][gc,phases   ] GC(0)   Pre Evacuate Collection Set: 0.2ms
[2025-12-05T03:58:01.048+0000][1.287s][info ][gc,phases   ] GC(0)   Merge Heap Roots: 0.3ms
[2025-12-05T03:58:01.048+0000][1.287s][info ][gc,phases   ] GC(0)   Evacuate Collection Set: 14.9ms
[2025-12-05T03:58:01.048+0000][1.287s][info ][gc,phases   ] GC(0)   Post Evacuate Collection Set: 3.2ms
[2025-12-05T03:58:01.048+0000][1.287s][info ][gc,phases   ] GC(0)   Other: 0.6ms
[2025-12-05T03:58:01.048+0000][1.287s][info ][gc,heap     ] GC(0) Eden regions: 56->0(58)
[2025-12-05T03:58:01.048+0000][1.287s][info ][gc,heap     ] GC(0) Survivor regions: 0->7(7)
[2025-12-05T03:58:01.048+0000][1.287s][info ][gc,heap     ] GC(0) Old regions: 0->2
[2025-12-05T03:58:01.048+0000][1.287s][info ][gc,heap     ] GC(0) Archive regions: 2->2
[2025-12-05T03:58:01.048+0000][1.287s][info ][gc,heap     ] GC(0) Humongous regions: 0->0
[2025-12-05T03:58:01.048+0000][1.287s][info ][gc,metaspace] GC(0) Metaspace: 2690K(2880K)->2690K(2880K) NonClass: 2440K(2560K)->2440K(2560K) Class: 249K(320K)->249K(320K)
[2025-12-05T03:58:01.048+0000][1.287s][info ][gc          ] GC(0) Pause Young (Normal) (G1 Evacuation Pause) 56M->9M(122M) 19.371ms
[2025-12-05T03:58:01.048+0000][1.287s][info ][gc,cpu      ] GC(0) User=0.06s Sys=0.03s Real=0.02s
[2025-12-05T03:58:01.049+0000][1.288s][info ][safepoint   ] Safepoint "G1CollectForAllocation", Time since last: 425776389 ns, Reaching safepoint: 153856 ns, Cleanup: 101436 ns, At safepoint: 19598051 ns, Total: 19853343 ns
[2025-12-05T03:58:01.551+0000][1.790s][debug][safepoint   ] Safepoint synchronization initiated using futex wait barrier. (21 threads)
[2025-12-05T03:58:01.551+0000][1.790s][info ][gc,start    ] GC(1) Pause Young (Normal) (G1 Evacuation Pause)
[2025-12-05T03:58:01.551+0000][1.790s][info ][gc,task     ] GC(1) Using 2 workers of 13 for evacuation
[2025-12-05T03:58:01.567+0000][1.806s][info ][gc,phases   ] GC(1)   Pre Evacuate Collection Set: 0.1ms
[2025-12-05T03:58:01.567+0000][1.807s][info ][gc,phases   ] GC(1)   Merge Heap Roots: 0.1ms
[2025-12-05T03:58:01.567+0000][1.807s][info ][gc,phases   ] GC(1)   Evacuate Collection Set: 12.8ms
[2025-12-05T03:58:01.567+0000][1.807s][info ][gc,phases   ] GC(1)   Post Evacuate Collection Set: 3.0ms
[2025-12-05T03:58:01.567+0000][1.807s][info ][gc,phases   ] GC(1)   Other: 0.1ms
[2025-12-05T03:58:01.567+0000][1.807s][info ][gc,heap     ] GC(1) Eden regions: 58->0(64)
[2025-12-05T03:58:01.567+0000][1.807s][info ][gc,heap     ] GC(1) Survivor regions: 7->3(9)
[2025-12-05T03:58:01.567+0000][1.807s][info ][gc,heap     ] GC(1) Old regions: 2->9
[2025-12-05T03:58:01.567+0000][1.807s][info ][gc,heap     ] GC(1) Archive regions: 2->2
[2025-12-05T03:58:01.567+0000][1.807s][info ][gc,heap     ] GC(1) Humongous regions: 0->0
[2025-12-05T03:58:01.568+0000][1.807s][info ][gc,metaspace] GC(1) Metaspace: 4648K(4928K)->4648K(4928K) NonClass: 4104K(4224K)->4104K(4224K) Class: 544K(704K)->544K(704K)
[2025-12-05T03:58:01.568+0000][1.807s][info ][gc          ] GC(1) Pause Young (Normal) (G1 Evacuation Pause) 67M->11M(122M) 16.226ms
[2025-12-05T03:58:01.568+0000][1.807s][info ][gc,cpu      ] GC(1) User=0.02s Sys=0.02s Real=0.01s
[2025-12-05T03:58:01.568+0000][1.807s][info ][safepoint   ] Safepoint "G1CollectForAllocation", Time since last: 502548058 ns, Reaching safepoint: 132735 ns, Cleanup: 68031 ns, At safepoint: 16351241 ns, Total: 16552007 ns
[2025-12-05T03:58:02.178+0000][2.417s][debug][safepoint   ] Safepoint synchronization initiated using futex wait barrier. (21 threads)
[2025-12-05T03:58:02.178+0000][2.417s][info ][gc,start    ] GC(2) Pause Young (Normal) (G1 Evacuation Pause)
[2025-12-05T03:58:02.178+0000][2.417s][info ][gc,task     ] GC(2) Using 2 workers of 13 for evacuation
[2025-12-05T03:58:02.184+0000][2.423s][info ][gc,phases   ] GC(2)   Pre Evacuate Collection Set: 0.1ms
[2025-12-05T03:58:02.184+0000][2.424s][info ][gc,phases   ] GC(2)   Merge Heap Roots: 0.1ms
[2025-12-05T03:58:02.184+0000][2.424s][info ][gc,phases   ] GC(2)   Evacuate Collection Set: 5.0ms
[2025-12-05T03:58:02.184+0000][2.424s][info ][gc,phases   ] GC(2)   Post Evacuate Collection Set: 1.1ms
[2025-12-05T03:58:02.184+0000][2.424s][info ][gc,phases   ] GC(2)   Other: 0.1ms
[2025-12-05T03:58:02.184+0000][2.424s][info ][gc,heap     ] GC(2) Eden regions: 64->0(68)
[2025-12-05T03:58:02.184+0000][2.424s][info ][gc,heap     ] GC(2) Survivor regions: 3->4(9)
[2025-12-05T03:58:02.185+0000][2.424s][info ][gc,heap     ] GC(2) Old regions: 9->9
[2025-12-05T03:58:02.185+0000][2.424s][info ][gc,heap     ] GC(2) Archive regions: 2->2
[2025-12-05T03:58:02.185+0000][2.424s][info ][gc,heap     ] GC(2) Humongous regions: 0->0
[2025-12-05T03:58:02.185+0000][2.424s][info ][gc,metaspace] GC(2) Metaspace: 7779K(8000K)->7779K(8000K) NonClass: 6793K(6912K)->6793K(6912K) Class: 985K(1088K)->985K(1088K)
[2025-12-05T03:58:02.185+0000][2.424s][info ][gc          ] GC(2) Pause Young (Normal) (G1 Evacuation Pause) 75M->13M(122M) 6.454ms
[2025-12-05T03:58:02.185+0000][2.424s][info ][gc,cpu      ] GC(2) User=0.03s Sys=0.00s Real=0.01s
[2025-12-05T03:58:02.185+0000][2.424s][info ][safepoint   ] Safepoint "G1CollectForAllocation", Time since last: 610111130 ns, Reaching safepoint: 49595 ns, Cleanup: 268858 ns, At safepoint: 6570330 ns, Total: 6888783 ns
[2025-12-05T03:58:02.633+0000][2.872s][debug][safepoint   ] Safepoint synchronization initiated using futex wait barrier. (18 threads)
[2025-12-05T03:58:02.633+0000][2.872s][info ][gc,start    ] GC(3) Pause Young (Normal) (G1 Evacuation Pause)
[2025-12-05T03:58:02.633+0000][2.872s][info ][gc,task     ] GC(3) Using 2 workers of 13 for evacuation
[2025-12-05T03:58:02.643+0000][2.882s][info ][gc,phases   ] GC(3)   Pre Evacuate Collection Set: 0.2ms
[2025-12-05T03:58:02.643+0000][2.882s][info ][gc,phases   ] GC(3)   Merge Heap Roots: 0.1ms
[2025-12-05T03:58:02.643+0000][2.882s][info ][gc,phases   ] GC(3)   Evacuate Collection Set: 8.4ms
[2025-12-05T03:58:02.643+0000][2.882s][info ][gc,phases   ] GC(3)   Post Evacuate Collection Set: 1.1ms
[2025-12-05T03:58:02.643+0000][2.882s][info ][gc,phases   ] GC(3)   Other: 0.1ms
[2025-12-05T03:58:02.643+0000][2.882s][info ][gc,heap     ] GC(3) Eden regions: 68->0(67)
[2025-12-05T03:58:02.643+0000][2.882s][info ][gc,heap     ] GC(3) Survivor regions: 4->5(9)
[2025-12-05T03:58:02.643+0000][2.882s][info ][gc,heap     ] GC(3) Old regions: 9->9
[2025-12-05T03:58:02.643+0000][2.882s][info ][gc,heap     ] GC(3) Archive regions: 2->2
[2025-12-05T03:58:02.643+0000][2.882s][info ][gc,heap     ] GC(3) Humongous regions: 0->0
[2025-12-05T03:58:02.643+0000][2.882s][info ][gc,metaspace] GC(3) Metaspace: 11170K(11584K)->11170K(11584K) NonClass: 9702K(9920K)->9702K(9920K) Class: 1467K(1664K)->1467K(1664K)
[2025-12-05T03:58:02.643+0000][2.882s][info ][gc          ] GC(3) Pause Young (Normal) (G1 Evacuation Pause) 81M->14M(122M) 10.076ms
[2025-12-05T03:58:02.643+0000][2.882s][info ][gc,cpu      ] GC(3) User=0.03s Sys=0.00s Real=0.01s
[2025-12-05T03:58:02.643+0000][2.882s][info ][safepoint   ] Safepoint "G1CollectForAllocation", Time since last: 447948207 ns, Reaching safepoint: 59505 ns, Cleanup: 195486 ns, At safepoint: 10179879 ns, Total: 10434870 ns
[2025-12-05T03:58:02.878+0000][3.117s][debug][safepoint   ] Safepoint synchronization initiated using futex wait barrier. (18 threads)
[2025-12-05T03:58:02.878+0000][3.117s][info ][safepoint   ] Safepoint "ICBufferFull", Time since last: 234632038 ns, Reaching safepoint: 155680 ns, Cleanup: 91796 ns, At safepoint: 96386 ns, Total: 343862 ns
[2025-12-05T03:58:02.998+0000][3.237s][debug][safepoint   ] Safepoint synchronization initiated using futex wait barrier. (20 threads)
[2025-12-05T03:58:02.999+0000][3.238s][info ][gc,start    ] GC(4) Pause Young (Normal) (G1 Evacuation Pause)
[2025-12-05T03:58:02.999+0000][3.238s][info ][gc,task     ] GC(4) Using 4 workers of 13 for evacuation
[2025-12-05T03:58:03.006+0000][3.245s][info ][gc,phases   ] GC(4)   Pre Evacuate Collection Set: 0.1ms
[2025-12-05T03:58:03.006+0000][3.245s][info ][gc,phases   ] GC(4)   Merge Heap Roots: 0.2ms
[2025-12-05T03:58:03.006+0000][3.245s][info ][gc,phases   ] GC(4)   Evacuate Collection Set: 5.0ms
[2025-12-05T03:58:03.006+0000][3.245s][info ][gc,phases   ] GC(4)   Post Evacuate Collection Set: 1.7ms
[2025-12-05T03:58:03.006+0000][3.245s][info ][gc,phases   ] GC(4)   Other: 0.1ms
[2025-12-05T03:58:03.006+0000][3.245s][info ][gc,heap     ] GC(4) Eden regions: 67->0(82)
[2025-12-05T03:58:03.006+0000][3.245s][info ][gc,heap     ] GC(4) Survivor regions: 5->6(9)
[2025-12-05T03:58:03.006+0000][3.245s][info ][gc,heap     ] GC(4) Old regions: 9->11
[2025-12-05T03:58:03.006+0000][3.245s][info ][gc,heap     ] GC(4) Archive regions: 2->2
[2025-12-05T03:58:03.006+0000][3.245s][info ][gc,heap     ] GC(4) Humongous regions: 0->0
[2025-12-05T03:58:03.006+0000][3.245s][info ][gc,metaspace] GC(4) Metaspace: 13176K(13504K)->13176K(13504K) NonClass: 11465K(11648K)->11465K(11648K) Class: 1710K(1856K)->1710K(1856K)
[2025-12-05T03:58:03.006+0000][3.245s][info ][gc          ] GC(4) Pause Young (Normal) (G1 Evacuation Pause) 81M->16M(147M) 7.230ms
[2025-12-05T03:58:03.006+0000][3.245s][info ][gc,cpu      ] GC(4) User=0.03s Sys=0.01s Real=0.01s
[2025-12-05T03:58:03.006+0000][3.245s][info ][safepoint   ] Safepoint "G1CollectForAllocation", Time since last: 120274024 ns, Reaching safepoint: 153686 ns, Cleanup: 71057 ns, At safepoint: 7484810 ns, Total: 7709553 ns
[2025-12-05T03:58:03.270+0000][3.509s][debug][safepoint   ] Safepoint synchronization initiated using futex wait barrier. (19 threads)
[2025-12-05T03:58:03.271+0000][3.510s][info ][gc,start    ] GC(5) Pause Young (Normal) (G1 Evacuation Pause)
[2025-12-05T03:58:03.271+0000][3.510s][info ][gc,task     ] GC(5) Using 4 workers of 13 for evacuation
[2025-12-05T03:58:03.275+0000][3.514s][info ][gc,phases   ] GC(5)   Pre Evacuate Collection Set: 0.2ms
[2025-12-05T03:58:03.275+0000][3.514s][info ][gc,phases   ] GC(5)   Merge Heap Roots: 0.1ms
[2025-12-05T03:58:03.275+0000][3.514s][info ][gc,phases   ] GC(5)   Evacuate Collection Set: 2.7ms
[2025-12-05T03:58:03.275+0000][3.514s][info ][gc,phases   ] GC(5)   Post Evacuate Collection Set: 1.2ms
[2025-12-05T03:58:03.275+0000][3.514s][info ][gc,phases   ] GC(5)   Other: 0.1ms
[2025-12-05T03:58:03.275+0000][3.514s][info ][gc,heap     ] GC(5) Eden regions: 82->0(81)
[2025-12-05T03:58:03.275+0000][3.514s][info ][gc,heap     ] GC(5) Survivor regions: 6->7(11)
[2025-12-05T03:58:03.275+0000][3.514s][info ][gc,heap     ] GC(5) Old regions: 11->11
[2025-12-05T03:58:03.275+0000][3.514s][info ][gc,heap     ] GC(5) Archive regions: 2->2
[2025-12-05T03:58:03.275+0000][3.514s][info ][gc,heap     ] GC(5) Humongous regions: 0->0
[2025-12-05T03:58:03.275+0000][3.514s][info ][gc,metaspace] GC(5) Metaspace: 15792K(16128K)->15792K(16128K) NonClass: 13682K(13824K)->13682K(13824K) Class: 2110K(2304K)->2110K(2304K)
[2025-12-05T03:58:03.275+0000][3.514s][info ][gc          ] GC(5) Pause Young (Normal) (G1 Evacuation Pause) 98M->17M(147M) 4.476ms
[2025-12-05T03:58:03.275+0000][3.514s][info ][gc,cpu      ] GC(5) User=0.00s Sys=0.01s Real=0.00s
[2025-12-05T03:58:03.275+0000][3.515s][info ][safepoint   ] Safepoint "G1CollectForAllocation", Time since last: 264445778 ns, Reaching safepoint: 238089 ns, Cleanup: 81337 ns, At safepoint: 4711591 ns, Total: 5031017 ns
[2025-12-05T03:58:03.321+0000][3.560s][info ][cds,heap    ] initialize_from_archived_subgraph java.lang.Byte$ByteCache 0x000073c27f03abf8
[2025-12-05T03:58:03.321+0000][3.560s][info ][cds,heap    ] initialize_from_archived_subgraph java.lang.Short$ShortCache 0x000073c27f0412e8
[2025-12-05T03:58:03.461+0000][3.700s][debug][safepoint   ] Safepoint synchronization initiated using futex wait barrier. (22 threads)
[2025-12-05T03:58:03.461+0000][3.700s][debug][safepoint   ] ... found polling page loop exception at pc = 0x000073c2e117d9a9, stub =0x000073c2e0a04400
[2025-12-05T03:58:03.461+0000][3.701s][info ][gc,start    ] GC(6) Pause Young (Normal) (G1 Evacuation Pause)
[2025-12-05T03:58:03.461+0000][3.701s][info ][gc,task     ] GC(6) Using 4 workers of 13 for evacuation
[2025-12-05T03:58:03.468+0000][3.707s][info ][gc,phases   ] GC(6)   Pre Evacuate Collection Set: 0.1ms
[2025-12-05T03:58:03.468+0000][3.707s][info ][gc,phases   ] GC(6)   Merge Heap Roots: 0.2ms
[2025-12-05T03:58:03.468+0000][3.707s][info ][gc,phases   ] GC(6)   Evacuate Collection Set: 5.0ms
[2025-12-05T03:58:03.468+0000][3.707s][info ][gc,phases   ] GC(6)   Post Evacuate Collection Set: 1.1ms
[2025-12-05T03:58:03.468+0000][3.707s][info ][gc,phases   ] GC(6)   Other: 0.1ms
[2025-12-05T03:58:03.468+0000][3.707s][info ][gc,heap     ] GC(6) Eden regions: 81->0(80)
[2025-12-05T03:58:03.468+0000][3.707s][info ][gc,heap     ] GC(6) Survivor regions: 7->8(11)
[2025-12-05T03:58:03.468+0000][3.707s][info ][gc,heap     ] GC(6) Old regions: 11->12
[2025-12-05T03:58:03.468+0000][3.707s][info ][gc,heap     ] GC(6) Archive regions: 2->2
[2025-12-05T03:58:03.468+0000][3.707s][info ][gc,heap     ] GC(6) Humongous regions: 0->0
[2025-12-05T03:58:03.468+0000][3.707s][info ][gc,metaspace] GC(6) Metaspace: 17824K(18112K)->17824K(18112K) NonClass: 15395K(15552K)->15395K(15552K) Class: 2428K(2560K)->2428K(2560K)
[2025-12-05T03:58:03.468+0000][3.707s][info ][gc          ] GC(6) Pause Young (Normal) (G1 Evacuation Pause) 98M->20M(147M) 6.620ms
[2025-12-05T03:58:03.468+0000][3.707s][info ][gc,cpu      ] GC(6) User=0.05s Sys=0.00s Real=0.01s
[2025-12-05T03:58:03.468+0000][3.707s][info ][safepoint   ] Safepoint "G1CollectForAllocation", Time since last: 185743202 ns, Reaching safepoint: 155029 ns, Cleanup: 69394 ns, At safepoint: 6795022 ns, Total: 7019445 ns
[2025-12-05T03:58:03.478+0000][3.717s][debug][safepoint   ] ... found polling page loop exception at pc = 0x000073c2e13196a7, stub =0x000073c2e0a04400
[2025-12-05T03:58:03.675+0000][3.914s][debug][safepoint   ] Safepoint synchronization initiated using futex wait barrier. (24 threads)
[2025-12-05T03:58:03.675+0000][3.914s][info ][gc,start    ] GC(7) Pause Young (Concurrent Start) (Metadata GC Threshold)
[2025-12-05T03:58:03.675+0000][3.914s][info ][gc,task     ] GC(7) Using 4 workers of 13 for evacuation
[2025-12-05T03:58:03.682+0000][3.921s][info ][gc,phases   ] GC(7)   Pre Evacuate Collection Set: 0.2ms
[2025-12-05T03:58:03.682+0000][3.921s][info ][gc,phases   ] GC(7)   Merge Heap Roots: 0.1ms
[2025-12-05T03:58:03.682+0000][3.921s][info ][gc,phases   ] GC(7)   Evacuate Collection Set: 5.3ms
[2025-12-05T03:58:03.682+0000][3.921s][info ][gc,phases   ] GC(7)   Post Evacuate Collection Set: 0.8ms
[2025-12-05T03:58:03.682+0000][3.921s][info ][gc,phases   ] GC(7)   Other: 0.6ms
[2025-12-05T03:58:03.682+0000][3.921s][info ][gc,heap     ] GC(7) Eden regions: 63->0(81)
[2025-12-05T03:58:03.682+0000][3.921s][info ][gc,heap     ] GC(7) Survivor regions: 8->7(11)
[2025-12-05T03:58:03.682+0000][3.921s][info ][gc,heap     ] GC(7) Old regions: 12->16
[2025-12-05T03:58:03.682+0000][3.921s][info ][gc,heap     ] GC(7) Archive regions: 2->2
[2025-12-05T03:58:03.682+0000][3.921s][info ][gc,heap     ] GC(7) Humongous regions: 0->0
[2025-12-05T03:58:03.682+0000][3.921s][info ][gc,metaspace] GC(7) Metaspace: 21201K(21504K)->21201K(21504K) NonClass: 18424K(18560K)->18424K(18560K) Class: 2777K(2944K)->2777K(2944K)
[2025-12-05T03:58:03.682+0000][3.921s][info ][gc          ] GC(7) Pause Young (Concurrent Start) (Metadata GC Threshold) 82M->22M(147M) 7.094ms
[2025-12-05T03:58:03.682+0000][3.921s][info ][gc,cpu      ] GC(7) User=0.01s Sys=0.02s Real=0.00s
[2025-12-05T03:58:03.682+0000][3.921s][info ][gc          ] GC(8) Concurrent Mark Cycle
[2025-12-05T03:58:03.682+0000][3.921s][info ][gc,marking  ] GC(8) Concurrent Clear Claimed Marks
[2025-12-05T03:58:03.682+0000][3.921s][info ][gc,marking  ] GC(8) Concurrent Clear Claimed Marks 0.038ms
[2025-12-05T03:58:03.682+0000][3.921s][info ][gc,marking  ] GC(8) Concurrent Scan Root Regions
[2025-12-05T03:58:03.682+0000][3.922s][info ][safepoint   ] Safepoint "CollectForMetadataAllocation", Time since last: 206808018 ns, Reaching safepoint: 44877 ns, Cleanup: 91696 ns, At safepoint: 7286690 ns, Total: 7423263 ns
[2025-12-05T03:58:03.683+0000][3.922s][debug][safepoint   ] Safepoint synchronization initiated using futex wait barrier. (24 threads)
[2025-12-05T03:58:03.683+0000][3.922s][info ][safepoint   ] Safepoint "CollectForMetadataAllocation", Time since last: 468827 ns, Reaching safepoint: 217063 ns, Cleanup: 2595 ns, At safepoint: 92038 ns, Total: 311696 ns
[2025-12-05T03:58:03.686+0000][3.925s][info ][gc,marking  ] GC(8) Concurrent Scan Root Regions 3.320ms
[2025-12-05T03:58:03.686+0000][3.925s][info ][gc,marking  ] GC(8) Concurrent Mark
[2025-12-05T03:58:03.686+0000][3.925s][info ][gc,marking  ] GC(8) Concurrent Mark From Roots
[2025-12-05T03:58:03.686+0000][3.925s][info ][gc,task     ] GC(8) Using 3 workers of 3 for marking
[2025-12-05T03:58:03.692+0000][3.931s][info ][gc,marking  ] GC(8) Concurrent Mark From Roots 6.438ms
[2025-12-05T03:58:03.692+0000][3.931s][info ][gc,marking  ] GC(8) Concurrent Preclean
[2025-12-05T03:58:03.693+0000][3.932s][info ][gc,marking  ] GC(8) Concurrent Preclean 0.310ms
[2025-12-05T03:58:03.693+0000][3.932s][debug][safepoint   ] Safepoint synchronization initiated using futex wait barrier. (24 threads)
[2025-12-05T03:58:03.693+0000][3.932s][debug][safepoint   ] ... found polling page loop exception at pc = 0x000073c2e1264a9f, stub =0x000073c2e0a04400
[2025-12-05T03:58:03.693+0000][3.932s][info ][gc,start    ] GC(8) Pause Remark
[2025-12-05T03:58:03.695+0000][3.934s][info ][gc          ] GC(8) Pause Remark 24M->24M(90M) 2.588ms
[2025-12-05T03:58:03.695+0000][3.935s][info ][gc,cpu      ] GC(8) User=0.02s Sys=0.00s Real=0.00s
[2025-12-05T03:58:03.696+0000][3.935s][info ][safepoint   ] Safepoint "G1PauseRemark", Time since last: 9445273 ns, Reaching safepoint: 117106 ns, Cleanup: 16552 ns, At safepoint: 2797647 ns, Total: 2931305 ns
[2025-12-05T03:58:03.696+0000][3.935s][info ][gc,marking  ] GC(8) Concurrent Mark 9.904ms
[2025-12-05T03:58:03.696+0000][3.935s][info ][gc,marking  ] GC(8) Concurrent Rebuild Remembered Sets
[2025-12-05T03:58:03.699+0000][3.938s][info ][gc,marking  ] GC(8) Concurrent Rebuild Remembered Sets 3.376ms
[2025-12-05T03:58:03.708+0000][3.947s][debug][safepoint   ] Safepoint synchronization initiated using futex wait barrier. (24 threads)
[2025-12-05T03:58:03.708+0000][3.947s][info ][gc,start    ] GC(8) Pause Cleanup
[2025-12-05T03:58:03.709+0000][3.948s][info ][gc          ] GC(8) Pause Cleanup 24M->24M(90M) 0.184ms
[2025-12-05T03:58:03.709+0000][3.948s][info ][gc,cpu      ] GC(8) User=0.00s Sys=0.00s Real=0.00s
[2025-12-05T03:58:03.709+0000][3.948s][info ][safepoint   ] Safepoint "G1PauseCleanup", Time since last: 3705289 ns, Reaching safepoint: 9038386 ns, Cleanup: 11232 ns, At safepoint: 486607 ns, Total: 9536225 ns
[2025-12-05T03:58:03.709+0000][3.948s][info ][gc,marking  ] GC(8) Concurrent Cleanup for Next Mark
[2025-12-05T03:58:03.710+0000][3.949s][info ][gc,marking  ] GC(8) Concurrent Cleanup for Next Mark 1.135ms
[2025-12-05T03:58:03.710+0000][3.949s][info ][gc          ] GC(8) Concurrent Mark Cycle 27.738ms
[2025-12-05T03:58:03.947+0000][4.186s][debug][safepoint   ] Safepoint synchronization initiated using futex wait barrier. (24 threads)
[2025-12-05T03:58:03.947+0000][4.187s][info ][gc,start    ] GC(9) Pause Young (Normal) (G1 Preventive Collection)
[2025-12-05T03:58:03.947+0000][4.187s][info ][gc,task     ] GC(9) Using 4 workers of 13 for evacuation
[2025-12-05T03:58:03.955+0000][4.194s][info ][gc,phases   ] GC(9)   Pre Evacuate Collection Set: 0.2ms
[2025-12-05T03:58:03.955+0000][4.194s][info ][gc,phases   ] GC(9)   Merge Heap Roots: 0.1ms
[2025-12-05T03:58:03.955+0000][4.194s][info ][gc,phases   ] GC(9)   Evacuate Collection Set: 5.6ms
[2025-12-05T03:58:03.955+0000][4.194s][info ][gc,phases   ] GC(9)   Post Evacuate Collection Set: 1.3ms
[2025-12-05T03:58:03.955+0000][4.194s][info ][gc,phases   ] GC(9)   Other: 0.1ms
[2025-12-05T03:58:03.955+0000][4.194s][info ][gc,heap     ] GC(9) Eden regions: 54->0(56)
[2025-12-05T03:58:03.955+0000][4.194s][info ][gc,heap     ] GC(9) Survivor regions: 7->8(11)
[2025-12-05T03:58:03.955+0000][4.194s][info ][gc,heap     ] GC(9) Old regions: 16->17
[2025-12-05T03:58:03.955+0000][4.194s][info ][gc,heap     ] GC(9) Archive regions: 2->2
[2025-12-05T03:58:03.955+0000][4.194s][info ][gc,heap     ] GC(9) Humongous regions: 0->0
[2025-12-05T03:58:03.955+0000][4.194s][info ][gc,metaspace] GC(9) Metaspace: 23788K(24064K)->23788K(24064K) NonClass: 20666K(20800K)->20666K(20800K) Class: 3121K(3264K)->3121K(3264K)
[2025-12-05T03:58:03.955+0000][4.194s][info ][gc          ] GC(9) Pause Young (Normal) (G1 Preventive Collection) 76M->24M(108M) 7.399ms
[2025-12-05T03:58:03.955+0000][4.194s][info ][gc,cpu      ] GC(9) User=0.04s Sys=0.01s Real=0.01s
[2025-12-05T03:58:03.955+0000][4.194s][info ][safepoint   ] Safepoint "G1CollectForAllocation", Time since last: 238333675 ns, Reaching safepoint: 158105 ns, Cleanup: 84332 ns, At safepoint: 7478087 ns, Total: 7720524 ns
[2025-12-05T03:58:04.226+0000][4.465s][debug][safepoint   ] Safepoint synchronization initiated using futex wait barrier. (23 threads)
[2025-12-05T03:58:04.227+0000][4.466s][info ][gc,start    ] GC(10) Pause Young (Normal) (G1 Evacuation Pause)
[2025-12-05T03:58:04.227+0000][4.466s][info ][gc,task     ] GC(10) Using 3 workers of 13 for evacuation
[2025-12-05T03:58:04.235+0000][4.474s][info ][gc,phases   ] GC(10)   Pre Evacuate Collection Set: 0.1ms
[2025-12-05T03:58:04.235+0000][4.474s][info ][gc,phases   ] GC(10)   Merge Heap Roots: 0.1ms
[2025-12-05T03:58:04.235+0000][4.474s][info ][gc,phases   ] GC(10)   Evacuate Collection Set: 6.5ms
[2025-12-05T03:58:04.235+0000][4.474s][info ][gc,phases   ] GC(10)   Post Evacuate Collection Set: 1.0ms
[2025-12-05T03:58:04.235+0000][4.474s][info ][gc,phases   ] GC(10)   Other: 0.1ms
[2025-12-05T03:58:04.235+0000][4.474s][info ][gc,heap     ] GC(10) Eden regions: 56->0(55)
[2025-12-05T03:58:04.235+0000][4.474s][info ][gc,heap     ] GC(10) Survivor regions: 8->7(8)
[2025-12-05T03:58:04.235+0000][4.474s][info ][gc,heap     ] GC(10) Old regions: 17->23
[2025-12-05T03:58:04.235+0000][4.474s][info ][gc,heap     ] GC(10) Archive regions: 2->2
[2025-12-05T03:58:04.235+0000][4.474s][info ][gc,heap     ] GC(10) Humongous regions: 0->0
[2025-12-05T03:58:04.235+0000][4.474s][info ][gc,metaspace] GC(10) Metaspace: 25112K(25408K)->25112K(25408K) NonClass: 21838K(22016K)->21838K(22016K) Class: 3274K(3392K)->3274K(3392K)
[2025-12-05T03:58:04.235+0000][4.474s][info ][gc          ] GC(10) Pause Young (Normal) (G1 Evacuation Pause) 80M->29M(108M) 8.067ms
[2025-12-05T03:58:04.235+0000][4.474s][info ][gc,cpu      ] GC(10) User=0.04s Sys=0.01s Real=0.01s
[2025-12-05T03:58:04.235+0000][4.474s][info ][safepoint   ] Safepoint "G1CollectForAllocation", Time since last: 271446837 ns, Reaching safepoint: 66799 ns, Cleanup: 249049 ns, At safepoint: 8206110 ns, Total: 8521958 ns
[2025-12-05T03:58:04.448+0000][4.687s][debug][safepoint   ] Safepoint synchronization initiated using futex wait barrier. (23 threads)
[2025-12-05T03:58:04.448+0000][4.687s][info ][gc,start    ] GC(11) Pause Young (Normal) (G1 Evacuation Pause)
[2025-12-05T03:58:04.448+0000][4.687s][info ][gc,task     ] GC(11) Using 2 workers of 13 for evacuation
[2025-12-05T03:58:04.460+0000][4.699s][info ][gc,phases   ] GC(11)   Pre Evacuate Collection Set: 0.2ms
[2025-12-05T03:58:04.460+0000][4.699s][info ][gc,phases   ] GC(11)   Merge Heap Roots: 0.2ms
[2025-12-05T03:58:04.460+0000][4.699s][info ][gc,phases   ] GC(11)   Evacuate Collection Set: 9.9ms
[2025-12-05T03:58:04.460+0000][4.699s][info ][gc,phases   ] GC(11)   Post Evacuate Collection Set: 1.2ms
[2025-12-05T03:58:04.460+0000][4.699s][info ][gc,phases   ] GC(11)   Other: 0.1ms
[2025-12-05T03:58:04.460+0000][4.699s][info ][gc,heap     ] GC(11) Eden regions: 55->0(49)
[2025-12-05T03:58:04.460+0000][4.699s][info ][gc,heap     ] GC(11) Survivor regions: 7->8(8)
[2025-12-05T03:58:04.460+0000][4.699s][info ][gc,heap     ] GC(11) Old regions: 23->27
[2025-12-05T03:58:04.460+0000][4.699s][info ][gc,heap     ] GC(11) Archive regions: 2->2
[2025-12-05T03:58:04.460+0000][4.699s][info ][gc,heap     ] GC(11) Humongous regions: 0->0
[2025-12-05T03:58:04.460+0000][4.699s][info ][gc,metaspace] GC(11) Metaspace: 25165K(25472K)->25165K(25472K) NonClass: 21877K(22016K)->21877K(22016K) Class: 3287K(3456K)->3287K(3456K)
[2025-12-05T03:58:04.460+0000][4.699s][info ][gc          ] GC(11) Pause Young (Normal) (G1 Evacuation Pause) 84M->34M(108M) 11.764ms
[2025-12-05T03:58:04.460+0000][4.699s][info ][gc,cpu      ] GC(11) User=0.05s Sys=0.00s Real=0.01s
[2025-12-05T03:58:04.460+0000][4.699s][info ][safepoint   ] Safepoint "G1CollectForAllocation", Time since last: 213398667 ns, Reaching safepoint: 55917 ns, Cleanup: 46239 ns, At safepoint: 11933357 ns, Total: 12035513 ns
[2025-12-05T03:58:04.513+0000][4.752s][debug][safepoint   ] Safepoint synchronization initiated using futex wait barrier. (22 threads)
[2025-12-05T03:58:04.513+0000][4.752s][info ][gc,start    ] GC(12) Pause Young (Normal) (G1 Evacuation Pause)
[2025-12-05T03:58:04.513+0000][4.752s][info ][gc,task     ] GC(12) Using 2 workers of 13 for evacuation
[2025-12-05T03:58:04.525+0000][4.764s][info ][gc,phases   ] GC(12)   Pre Evacuate Collection Set: 0.1ms
[2025-12-05T03:58:04.525+0000][4.765s][info ][gc,phases   ] GC(12)   Merge Heap Roots: 0.1ms
[2025-12-05T03:58:04.525+0000][4.765s][info ][gc,phases   ] GC(12)   Evacuate Collection Set: 11.3ms
[2025-12-05T03:58:04.525+0000][4.765s][info ][gc,phases   ] GC(12)   Post Evacuate Collection Set: 1.2ms
[2025-12-05T03:58:04.525+0000][4.765s][info ][gc,phases   ] GC(12)   Other: 0.1ms
[2025-12-05T03:58:04.525+0000][4.765s][info ][gc,heap     ] GC(12) Eden regions: 49->0(42)
[2025-12-05T03:58:04.525+0000][4.765s][info ][gc,heap     ] GC(12) Survivor regions: 8->7(8)
[2025-12-05T03:58:04.526+0000][4.765s][info ][gc,heap     ] GC(12) Old regions: 27->35
[2025-12-05T03:58:04.526+0000][4.765s][info ][gc,heap     ] GC(12) Archive regions: 2->2
[2025-12-05T03:58:04.526+0000][4.765s][info ][gc,heap     ] GC(12) Humongous regions: 0->0
[2025-12-05T03:58:04.526+0000][4.765s][info ][gc,metaspace] GC(12) Metaspace: 25167K(25472K)->25167K(25472K) NonClass: 21879K(22016K)->21879K(22016K) Class: 3288K(3456K)->3288K(3456K)
[2025-12-05T03:58:04.526+0000][4.765s][info ][gc          ] GC(12) Pause Young (Normal) (G1 Evacuation Pause) 83M->41M(108M) 12.921ms
[2025-12-05T03:58:04.526+0000][4.765s][info ][gc,cpu      ] GC(12) User=0.05s Sys=0.00s Real=0.01s
[2025-12-05T03:58:04.526+0000][4.765s][info ][safepoint   ] Safepoint "G1CollectForAllocation", Time since last: 52243334 ns, Reaching safepoint: 49425 ns, Cleanup: 9739 ns, At safepoint: 13044644 ns, Total: 13103808 ns
[2025-12-05T03:58:04.711+0000][4.950s][debug][safepoint   ] Safepoint synchronization initiated using futex wait barrier. (22 threads)
[2025-12-05T03:58:04.711+0000][4.950s][info ][gc,start    ] GC(13) Pause Young (Normal) (G1 Evacuation Pause)
[2025-12-05T03:58:04.711+0000][4.950s][info ][gc,task     ] GC(13) Using 2 workers of 13 for evacuation
[2025-12-05T03:58:04.721+0000][4.960s][info ][gc,phases   ] GC(13)   Pre Evacuate Collection Set: 0.1ms
[2025-12-05T03:58:04.721+0000][4.960s][info ][gc,phases   ] GC(13)   Merge Heap Roots: 0.1ms
[2025-12-05T03:58:04.721+0000][4.960s][info ][gc,phases   ] GC(13)   Evacuate Collection Set: 6.8ms
[2025-12-05T03:58:04.721+0000][4.960s][info ][gc,phases   ] GC(13)   Post Evacuate Collection Set: 3.0ms
[2025-12-05T03:58:04.721+0000][4.960s][info ][gc,phases   ] GC(13)   Other: 0.1ms
[2025-12-05T03:58:04.721+0000][4.960s][info ][gc,heap     ] GC(13) Eden regions: 42->0(108)
[2025-12-05T03:58:04.721+0000][4.960s][info ][gc,heap     ] GC(13) Survivor regions: 7->4(7)
[2025-12-05T03:58:04.721+0000][4.960s][info ][gc,heap     ] GC(13) Old regions: 35->42
[2025-12-05T03:58:04.721+0000][4.960s][info ][gc,heap     ] GC(13) Archive regions: 2->2
[2025-12-05T03:58:04.721+0000][4.960s][info ][gc,heap     ] GC(13) Humongous regions: 0->0
[2025-12-05T03:58:04.721+0000][4.960s][info ][gc,metaspace] GC(13) Metaspace: 25433K(25792K)->25433K(25792K) NonClass: 22122K(22336K)->22122K(22336K) Class: 3310K(3456K)->3310K(3456K)
[2025-12-05T03:58:04.721+0000][4.961s][info ][gc          ] GC(13) Pause Young (Normal) (G1 Evacuation Pause) 83M->45M(201M) 10.257ms
[2025-12-05T03:58:04.721+0000][4.961s][info ][gc,cpu      ] GC(13) User=0.02s Sys=0.00s Real=0.00s
[2025-12-05T03:58:04.722+0000][4.961s][info ][safepoint   ] Safepoint "G1CollectForAllocation", Time since last: 185255073 ns, Reaching safepoint: 188362 ns, Cleanup: 68202 ns, At safepoint: 10559401 ns, Total: 10815965 ns
[2025-12-05T03:58:05.379+0000][5.618s][debug][safepoint   ] Safepoint synchronization initiated using futex wait barrier. (19 threads)
[2025-12-05T03:58:05.379+0000][5.618s][info ][safepoint   ] Safepoint "ICBufferFull", Time since last: 657002078 ns, Reaching safepoint: 43874 ns, Cleanup: 132045 ns, At safepoint: 42211 ns, Total: 218130 ns
[2025-12-05T03:58:05.400+0000][5.639s][debug][safepoint   ] Safepoint synchronization initiated using futex wait barrier. (19 threads)
[2025-12-05T03:58:05.400+0000][5.639s][info ][gc,start    ] GC(14) Pause Young (Normal) (G1 Evacuation Pause)
[2025-12-05T03:58:05.400+0000][5.639s][info ][gc,task     ] GC(14) Using 4 workers of 13 for evacuation
[2025-12-05T03:58:05.407+0000][5.646s][info ][gc,phases   ] GC(14)   Pre Evacuate Collection Set: 0.1ms
[2025-12-05T03:58:05.407+0000][5.646s][info ][gc,phases   ] GC(14)   Merge Heap Roots: 0.1ms
[2025-12-05T03:58:05.407+0000][5.646s][info ][gc,phases   ] GC(14)   Evacuate Collection Set: 5.3ms
[2025-12-05T03:58:05.407+0000][5.646s][info ][gc,phases   ] GC(14)   Post Evacuate Collection Set: 1.2ms
[2025-12-05T03:58:05.407+0000][5.646s][info ][gc,phases   ] GC(14)   Other: 0.2ms
[2025-12-05T03:58:05.407+0000][5.646s][info ][gc,heap     ] GC(14) Eden regions: 108->0(99)
[2025-12-05T03:58:05.407+0000][5.646s][info ][gc,heap     ] GC(14) Survivor regions: 4->12(14)
[2025-12-05T03:58:05.407+0000][5.646s][info ][gc,heap     ] GC(14) Old regions: 42->42
[2025-12-05T03:58:05.407+0000][5.646s][info ][gc,heap     ] GC(14) Archive regions: 2->2
[2025-12-05T03:58:05.407+0000][5.646s][info ][gc,heap     ] GC(14) Humongous regions: 0->0
[2025-12-05T03:58:05.407+0000][5.646s][info ][gc,metaspace] GC(14) Metaspace: 25842K(26176K)->25842K(26176K) NonClass: 22471K(22656K)->22471K(22656K) Class: 3370K(3520K)->3370K(3520K)
[2025-12-05T03:58:05.407+0000][5.646s][info ][gc          ] GC(14) Pause Young (Normal) (G1 Evacuation Pause) 153M->53M(201M) 7.017ms
[2025-12-05T03:58:05.407+0000][5.646s][info ][gc,cpu      ] GC(14) User=0.02s Sys=0.01s Real=0.01s
[2025-12-05T03:58:05.407+0000][5.646s][info ][safepoint   ] Safepoint "G1CollectForAllocation", Time since last: 20758767 ns, Reaching safepoint: 51479 ns, Cleanup: 16873 ns, At safepoint: 7187537 ns, Total: 7255889 ns
[2025-12-05T03:58:05.748+0000][5.987s][debug][safepoint   ] Safepoint synchronization initiated using futex wait barrier. (20 threads)
[2025-12-05T03:58:05.748+0000][5.987s][info ][gc,start    ] GC(15) Pause Young (Normal) (G1 Evacuation Pause)
[2025-12-05T03:58:05.748+0000][5.987s][info ][gc,task     ] GC(15) Using 4 workers of 13 for evacuation
[2025-12-05T03:58:05.757+0000][5.996s][info ][gc,phases   ] GC(15)   Pre Evacuate Collection Set: 0.1ms
[2025-12-05T03:58:05.757+0000][5.996s][info ][gc,phases   ] GC(15)   Merge Heap Roots: 0.1ms
[2025-12-05T03:58:05.757+0000][5.996s][info ][gc,phases   ] GC(15)   Evacuate Collection Set: 7.5ms
[2025-12-05T03:58:05.757+0000][5.996s][info ][gc,phases   ] GC(15)   Post Evacuate Collection Set: 1.6ms
[2025-12-05T03:58:05.757+0000][5.996s][info ][gc,phases   ] GC(15)   Other: 0.1ms
[2025-12-05T03:58:05.757+0000][5.996s][info ][gc,heap     ] GC(15) Eden regions: 99->0(97)
[2025-12-05T03:58:05.757+0000][5.996s][info ][gc,heap     ] GC(15) Survivor regions: 12->6(14)
[2025-12-05T03:58:05.757+0000][5.996s][info ][gc,heap     ] GC(15) Old regions: 42->53
[2025-12-05T03:58:05.757+0000][5.996s][info ][gc,heap     ] GC(15) Archive regions: 2->2
[2025-12-05T03:58:05.757+0000][5.996s][info ][gc,heap     ] GC(15) Humongous regions: 0->0
[2025-12-05T03:58:05.757+0000][5.996s][info ][gc,metaspace] GC(15) Metaspace: 26063K(26368K)->26063K(26368K) NonClass: 22674K(22848K)->22674K(22848K) Class: 3389K(3520K)->3389K(3520K)
[2025-12-05T03:58:05.757+0000][5.996s][info ][gc          ] GC(15) Pause Young (Normal) (G1 Evacuation Pause) 152M->58M(201M) 9.568ms
[2025-12-05T03:58:05.757+0000][5.996s][info ][gc,cpu      ] GC(15) User=0.06s Sys=0.01s Real=0.01s
[2025-12-05T03:58:05.757+0000][5.997s][info ][safepoint   ] Safepoint "G1CollectForAllocation", Time since last: 340608205 ns, Reaching safepoint: 64043 ns, Cleanup: 131383 ns, At safepoint: 9683133 ns, Total: 9878559 ns
[2025-12-05T03:58:06.010+0000][6.249s][debug][safepoint   ] Safepoint synchronization initiated using futex wait barrier. (21 threads)
[2025-12-05T03:58:06.011+0000][6.250s][info ][gc,start    ] GC(16) Pause Young (Normal) (G1 Evacuation Pause)
[2025-12-05T03:58:06.011+0000][6.250s][info ][gc,task     ] GC(16) Using 4 workers of 13 for evacuation
[2025-12-05T03:58:06.015+0000][6.254s][info ][gc,phases   ] GC(16)   Pre Evacuate Collection Set: 0.1ms
[2025-12-05T03:58:06.015+0000][6.254s][info ][gc,phases   ] GC(16)   Merge Heap Roots: 0.1ms
[2025-12-05T03:58:06.015+0000][6.254s][info ][gc,phases   ] GC(16)   Evacuate Collection Set: 3.2ms
[2025-12-05T03:58:06.015+0000][6.254s][info ][gc,phases   ] GC(16)   Post Evacuate Collection Set: 1.1ms
[2025-12-05T03:58:06.015+0000][6.254s][info ][gc,phases   ] GC(16)   Other: 0.1ms
[2025-12-05T03:58:06.015+0000][6.254s][info ][gc,heap     ] GC(16) Eden regions: 97->0(99)
[2025-12-05T03:58:06.015+0000][6.254s][info ][gc,heap     ] GC(16) Survivor regions: 6->8(13)
[2025-12-05T03:58:06.015+0000][6.254s][info ][gc,heap     ] GC(16) Old regions: 53->53
[2025-12-05T03:58:06.015+0000][6.254s][info ][gc,heap     ] GC(16) Archive regions: 2->2
[2025-12-05T03:58:06.015+0000][6.254s][info ][gc,heap     ] GC(16) Humongous regions: 0->0
[2025-12-05T03:58:06.015+0000][6.254s][info ][gc,metaspace] GC(16) Metaspace: 27016K(27328K)->27016K(27328K) NonClass: 23565K(23744K)->23565K(23744K) Class: 3451K(3584K)->3451K(3584K)
[2025-12-05T03:58:06.015+0000][6.254s][info ][gc          ] GC(16) Pause Young (Normal) (G1 Evacuation Pause) 155M->60M(201M) 4.756ms
[2025-12-05T03:58:06.015+0000][6.255s][info ][gc,cpu      ] GC(16) User=0.01s Sys=0.01s Real=0.00s
[2025-12-05T03:58:06.016+0000][6.255s][info ][safepoint   ] Safepoint "G1CollectForAllocation", Time since last: 252987208 ns, Reaching safepoint: 149618 ns, Cleanup: 71047 ns, At safepoint: 4885516 ns, Total: 5106181 ns
[2025-12-05T03:58:06.235+0000][6.474s][debug][safepoint   ] Safepoint synchronization initiated using futex wait barrier. (19 threads)
[2025-12-05T03:58:06.235+0000][6.474s][info ][gc,start    ] GC(17) Pause Young (Normal) (G1 Evacuation Pause)
[2025-12-05T03:58:06.235+0000][6.474s][info ][gc,task     ] GC(17) Using 4 workers of 13 for evacuation
[2025-12-05T03:58:06.241+0000][6.480s][info ][gc,phases   ] GC(17)   Pre Evacuate Collection Set: 0.3ms
[2025-12-05T03:58:06.241+0000][6.480s][info ][gc,phases   ] GC(17)   Merge Heap Roots: 0.2ms
[2025-12-05T03:58:06.241+0000][6.480s][info ][gc,phases   ] GC(17)   Evacuate Collection Set: 3.8ms
[2025-12-05T03:58:06.241+0000][6.480s][info ][gc,phases   ] GC(17)   Post Evacuate Collection Set: 1.1ms
[2025-12-05T03:58:06.241+0000][6.480s][info ][gc,phases   ] GC(17)   Other: 0.2ms
[2025-12-05T03:58:06.241+0000][6.480s][info ][gc,heap     ] GC(17) Eden regions: 99->0(102)
[2025-12-05T03:58:06.241+0000][6.480s][info ][gc,heap     ] GC(17) Survivor regions: 8->3(14)
[2025-12-05T03:58:06.241+0000][6.480s][info ][gc,heap     ] GC(17) Old regions: 53->58
[2025-12-05T03:58:06.241+0000][6.480s][info ][gc,heap     ] GC(17) Archive regions: 2->2
[2025-12-05T03:58:06.241+0000][6.480s][info ][gc,heap     ] GC(17) Humongous regions: 0->0
[2025-12-05T03:58:06.241+0000][6.480s][info ][gc,metaspace] GC(17) Metaspace: 27717K(28032K)->27717K(28032K) NonClass: 24202K(24384K)->24202K(24384K) Class: 3514K(3648K)->3514K(3648K)
[2025-12-05T03:58:06.241+0000][6.480s][info ][gc          ] GC(17) Pause Young (Normal) (G1 Evacuation Pause) 159M->60M(201M) 5.700ms
[2025-12-05T03:58:06.241+0000][6.480s][info ][gc,cpu      ] GC(17) User=0.02s Sys=0.00s Real=0.00s
[2025-12-05T03:58:06.241+0000][6.480s][info ][safepoint   ] Safepoint "G1CollectForAllocation", Time since last: 219547535 ns, Reaching safepoint: 67941 ns, Cleanup: 78692 ns, At safepoint: 5848038 ns, Total: 5994671 ns
[2025-12-05T03:58:06.656+0000][6.895s][debug][safepoint   ] Safepoint synchronization initiated using futex wait barrier. (18 threads)
[2025-12-05T03:58:06.657+0000][6.896s][info ][gc,start    ] GC(18) Pause Young (Normal) (G1 Evacuation Pause)
[2025-12-05T03:58:06.657+0000][6.896s][info ][gc,task     ] GC(18) Using 4 workers of 13 for evacuation
[2025-12-05T03:58:06.661+0000][6.900s][info ][gc,phases   ] GC(18)   Pre Evacuate Collection Set: 0.2ms
[2025-12-05T03:58:06.661+0000][6.900s][info ][gc,phases   ] GC(18)   Merge Heap Roots: 0.1ms
[2025-12-05T03:58:06.661+0000][6.900s][info ][gc,phases   ] GC(18)   Evacuate Collection Set: 2.6ms
[2025-12-05T03:58:06.661+0000][6.900s][info ][gc,phases   ] GC(18)   Post Evacuate Collection Set: 1.8ms
[2025-12-05T03:58:06.661+0000][6.900s][info ][gc,phases   ] GC(18)   Other: 0.1ms
[2025-12-05T03:58:06.661+0000][6.900s][info ][gc,heap     ] GC(18) Eden regions: 102->0(134)
[2025-12-05T03:58:06.661+0000][6.900s][info ][gc,heap     ] GC(18) Survivor regions: 3->5(14)
[2025-12-05T03:58:06.661+0000][6.900s][info ][gc,heap     ] GC(18) Old regions: 58->58
[2025-12-05T03:58:06.661+0000][6.900s][info ][gc,heap     ] GC(18) Archive regions: 2->2
[2025-12-05T03:58:06.661+0000][6.900s][info ][gc,heap     ] GC(18) Humongous regions: 0->0
[2025-12-05T03:58:06.661+0000][6.900s][info ][gc,metaspace] GC(18) Metaspace: 32747K(33088K)->32747K(33088K) NonClass: 28708K(28928K)->28708K(28928K) Class: 4038K(4160K)->4038K(4160K)
[2025-12-05T03:58:06.661+0000][6.900s][info ][gc          ] GC(18) Pause Young (Normal) (G1 Evacuation Pause) 162M->62M(242M) 4.856ms
[2025-12-05T03:58:06.661+0000][6.900s][info ][gc,cpu      ] GC(18) User=0.02s Sys=0.00s Real=0.00s
[2025-12-05T03:58:06.661+0000][6.900s][info ][safepoint   ] Safepoint "G1CollectForAllocation", Time since last: 415254602 ns, Reaching safepoint: 47241 ns, Cleanup: 126303 ns, At safepoint: 4931044 ns, Total: 5104588 ns
[2025-12-05T03:58:07.284+0000][7.523s][debug][safepoint   ] Safepoint synchronization initiated using futex wait barrier. (18 threads)
[2025-12-05T03:58:07.284+0000][7.523s][info ][gc,start    ] GC(19) Pause Young (Normal) (G1 Evacuation Pause)
[2025-12-05T03:58:07.284+0000][7.523s][info ][gc,task     ] GC(19) Using 5 workers of 13 for evacuation
[2025-12-05T03:58:07.289+0000][7.528s][info ][gc,phases   ] GC(19)   Pre Evacuate Collection Set: 0.2ms
[2025-12-05T03:58:07.289+0000][7.528s][info ][gc,phases   ] GC(19)   Merge Heap Roots: 0.1ms
[2025-12-05T03:58:07.289+0000][7.528s][info ][gc,phases   ] GC(19)   Evacuate Collection Set: 3.0ms
[2025-12-05T03:58:07.289+0000][7.528s][info ][gc,phases   ] GC(19)   Post Evacuate Collection Set: 1.0ms
[2025-12-05T03:58:07.289+0000][7.528s][info ][gc,phases   ] GC(19)   Other: 0.1ms
[2025-12-05T03:58:07.289+0000][7.528s][info ][gc,heap     ] GC(19) Eden regions: 134->0(138)
[2025-12-05T03:58:07.289+0000][7.528s][info ][gc,heap     ] GC(19) Survivor regions: 5->6(18)
[2025-12-05T03:58:07.289+0000][7.528s][info ][gc,heap     ] GC(19) Old regions: 58->58
[2025-12-05T03:58:07.289+0000][7.528s][info ][gc,heap     ] GC(19) Archive regions: 2->2
[2025-12-05T03:58:07.289+0000][7.528s][info ][gc,heap     ] GC(19) Humongous regions: 0->0
[2025-12-05T03:58:07.289+0000][7.528s][info ][gc,metaspace] GC(19) Metaspace: 35792K(36160K)->35792K(36160K) NonClass: 31371K(31552K)->31371K(31552K) Class: 4421K(4608K)->4421K(4608K)
[2025-12-05T03:58:07.289+0000][7.528s][info ][gc          ] GC(19) Pause Young (Normal) (G1 Evacuation Pause) 196M->63M(242M) 4.533ms
[2025-12-05T03:58:07.289+0000][7.528s][info ][gc,cpu      ] GC(19) User=0.02s Sys=0.00s Real=0.00s
[2025-12-05T03:58:07.289+0000][7.528s][info ][safepoint   ] Safepoint "G1CollectForAllocation", Time since last: 622440437 ns, Reaching safepoint: 51199 ns, Cleanup: 193863 ns, At safepoint: 4606258 ns, Total: 4851320 ns
[2025-12-05T03:58:07.296+0000][7.535s][debug][safepoint   ] Safepoint synchronization initiated using futex wait barrier. (18 threads)
[2025-12-05T03:58:07.296+0000][7.535s][info ][gc,start    ] GC(20) Pause Young (Concurrent Start) (Metadata GC Threshold)
[2025-12-05T03:58:07.296+0000][7.535s][info ][gc,task     ] GC(20) Using 5 workers of 13 for evacuation
[2025-12-05T03:58:07.300+0000][7.539s][info ][gc,phases   ] GC(20)   Pre Evacuate Collection Set: 0.3ms
[2025-12-05T03:58:07.300+0000][7.539s][info ][gc,phases   ] GC(20)   Merge Heap Roots: 0.1ms
[2025-12-05T03:58:07.300+0000][7.539s][info ][gc,phases   ] GC(20)   Evacuate Collection Set: 2.5ms
[2025-12-05T03:58:07.300+0000][7.539s][info ][gc,phases   ] GC(20)   Post Evacuate Collection Set: 0.9ms
[2025-12-05T03:58:07.300+0000][7.539s][info ][gc,phases   ] GC(20)   Other: 0.1ms
[2025-12-05T03:58:07.300+0000][7.539s][info ][gc,heap     ] GC(20) Eden regions: 3->0(139)
[2025-12-05T03:58:07.300+0000][7.539s][info ][gc,heap     ] GC(20) Survivor regions: 6->6(18)
[2025-12-05T03:58:07.300+0000][7.539s][info ][gc,heap     ] GC(20) Old regions: 58->58
[2025-12-05T03:58:07.300+0000][7.539s][info ][gc,heap     ] GC(20) Archive regions: 2->2
[2025-12-05T03:58:07.300+0000][7.539s][info ][gc,heap     ] GC(20) Humongous regions: 0->0
[2025-12-05T03:58:07.300+0000][7.539s][info ][gc,metaspace] GC(20) Metaspace: 35805K(36160K)->35805K(36160K) NonClass: 31381K(31552K)->31381K(31552K) Class: 4423K(4608K)->4423K(4608K)
[2025-12-05T03:58:07.300+0000][7.539s][info ][gc          ] GC(20) Pause Young (Concurrent Start) (Metadata GC Threshold) 65M->63M(242M) 4.074ms
[2025-12-05T03:58:07.300+0000][7.539s][info ][gc,cpu      ] GC(20) User=0.02s Sys=0.00s Real=0.00s
[2025-12-05T03:58:07.300+0000][7.539s][info ][gc          ] GC(21) Concurrent Mark Cycle
[2025-12-05T03:58:07.300+0000][7.539s][info ][gc,marking  ] GC(21) Concurrent Clear Claimed Marks
[2025-12-05T03:58:07.300+0000][7.539s][info ][gc,marking  ] GC(21) Concurrent Clear Claimed Marks 0.029ms
[2025-12-05T03:58:07.300+0000][7.539s][info ][gc,marking  ] GC(21) Concurrent Scan Root Regions
[2025-12-05T03:58:07.300+0000][7.539s][info ][safepoint   ] Safepoint "CollectForMetadataAllocation", Time since last: 7383426 ns, Reaching safepoint: 43163 ns, Cleanup: 3967 ns, At safepoint: 4232860 ns, Total: 4279990 ns
[2025-12-05T03:58:07.302+0000][7.541s][info ][gc,marking  ] GC(21) Concurrent Scan Root Regions 1.977ms
[2025-12-05T03:58:07.302+0000][7.541s][info ][gc,marking  ] GC(21) Concurrent Mark
[2025-12-05T03:58:07.302+0000][7.541s][info ][gc,marking  ] GC(21) Concurrent Mark From Roots
[2025-12-05T03:58:07.302+0000][7.541s][info ][gc,task     ] GC(21) Using 3 workers of 3 for marking
[2025-12-05T03:58:07.327+0000][7.566s][info ][gc,marking  ] GC(21) Concurrent Mark From Roots 24.755ms
[2025-12-05T03:58:07.327+0000][7.566s][info ][gc,marking  ] GC(21) Concurrent Preclean
[2025-12-05T03:58:07.328+0000][7.567s][info ][gc,marking  ] GC(21) Concurrent Preclean 0.410ms
[2025-12-05T03:58:07.328+0000][7.567s][debug][safepoint   ] Safepoint synchronization initiated using futex wait barrier. (18 threads)
[2025-12-05T03:58:07.328+0000][7.567s][info ][gc,start    ] GC(21) Pause Remark
[2025-12-05T03:58:07.331+0000][7.570s][info ][gc          ] GC(21) Pause Remark 68M->68M(237M) 3.110ms
[2025-12-05T03:58:07.331+0000][7.570s][info ][gc,cpu      ] GC(21) User=0.01s Sys=0.00s Real=0.01s
[2025-12-05T03:58:07.331+0000][7.570s][info ][safepoint   ] Safepoint "G1PauseRemark", Time since last: 27311082 ns, Reaching safepoint: 128317 ns, Cleanup: 11552 ns, At safepoint: 3273783 ns, Total: 3413652 ns
[2025-12-05T03:58:07.331+0000][7.570s][info ][gc,marking  ] GC(21) Concurrent Mark 28.789ms
[2025-12-05T03:58:07.331+0000][7.570s][info ][gc,marking  ] GC(21) Concurrent Rebuild Remembered Sets
[2025-12-05T03:58:07.346+0000][7.585s][info ][gc,marking  ] GC(21) Concurrent Rebuild Remembered Sets 14.844ms
[2025-12-05T03:58:07.346+0000][7.585s][debug][safepoint   ] Safepoint synchronization initiated using futex wait barrier. (18 threads)
[2025-12-05T03:58:07.346+0000][7.585s][debug][safepoint   ] ... found polling page loop exception at pc = 0x000073c2e1298cbb, stub =0x000073c2e0a04400
[2025-12-05T03:58:07.346+0000][7.585s][info ][gc,start    ] GC(21) Pause Cleanup
[2025-12-05T03:58:07.347+0000][7.586s][info ][gc          ] GC(21) Pause Cleanup 70M->70M(237M) 0.202ms
[2025-12-05T03:58:07.347+0000][7.586s][info ][gc,cpu      ] GC(21) User=0.00s Sys=0.00s Real=0.00s
[2025-12-05T03:58:07.347+0000][7.586s][info ][safepoint   ] Safepoint "G1PauseCleanup", Time since last: 15098218 ns, Reaching safepoint: 126604 ns, Cleanup: 3998 ns, At safepoint: 290249 ns, Total: 420851 ns
[2025-12-05T03:58:07.347+0000][7.586s][info ][gc,marking  ] GC(21) Concurrent Cleanup for Next Mark
[2025-12-05T03:58:07.350+0000][7.589s][info ][gc,marking  ] GC(21) Concurrent Cleanup for Next Mark 3.000ms
[2025-12-05T03:58:07.350+0000][7.589s][info ][gc          ] GC(21) Concurrent Mark Cycle 49.429ms
[2025-12-05T03:58:07.969+0000][8.208s][debug][safepoint   ] Safepoint synchronization initiated using futex wait barrier. (18 threads)
[2025-12-05T03:58:07.969+0000][8.208s][info ][gc,start    ] GC(22) Pause Young (Prepare Mixed) (G1 Evacuation Pause)
[2025-12-05T03:58:07.969+0000][8.208s][info ][gc,task     ] GC(22) Using 5 workers of 13 for evacuation
[2025-12-05T03:58:07.975+0000][8.214s][info ][gc,phases   ] GC(22)   Pre Evacuate Collection Set: 0.1ms
[2025-12-05T03:58:07.975+0000][8.214s][info ][gc,phases   ] GC(22)   Merge Heap Roots: 0.1ms
[2025-12-05T03:58:07.975+0000][8.214s][info ][gc,phases   ] GC(22)   Evacuate Collection Set: 3.7ms
[2025-12-05T03:58:07.975+0000][8.214s][info ][gc,phases   ] GC(22)   Post Evacuate Collection Set: 1.1ms
[2025-12-05T03:58:07.975+0000][8.214s][info ][gc,phases   ] GC(22)   Other: 0.1ms
[2025-12-05T03:58:07.975+0000][8.214s][info ][gc,heap     ] GC(22) Eden regions: 136->0(4)
[2025-12-05T03:58:07.975+0000][8.214s][info ][gc,heap     ] GC(22) Survivor regions: 6->7(18)
[2025-12-05T03:58:07.975+0000][8.214s][info ][gc,heap     ] GC(22) Old regions: 58->58
[2025-12-05T03:58:07.975+0000][8.214s][info ][gc,heap     ] GC(22) Archive regions: 2->2
[2025-12-05T03:58:07.975+0000][8.214s][info ][gc,heap     ] GC(22) Humongous regions: 0->0
[2025-12-05T03:58:07.975+0000][8.214s][info ][gc,metaspace] GC(22) Metaspace: 38435K(38848K)->38435K(38848K) NonClass: 33581K(33792K)->33581K(33792K) Class: 4854K(5056K)->4854K(5056K)
[2025-12-05T03:58:07.975+0000][8.214s][info ][gc          ] GC(22) Pause Young (Prepare Mixed) (G1 Evacuation Pause) 199M->64M(237M) 5.261ms
[2025-12-05T03:58:07.975+0000][8.214s][info ][gc,cpu      ] GC(22) User=0.03s Sys=0.00s Real=0.01s
[2025-12-05T03:58:07.975+0000][8.214s][info ][safepoint   ] Safepoint "G1CollectForAllocation", Time since last: 622555760 ns, Reaching safepoint: 40909 ns, Cleanup: 172242 ns, At safepoint: 5377311 ns, Total: 5590462 ns
[2025-12-05T03:58:07.995+0000][8.234s][debug][safepoint   ] Safepoint synchronization initiated using futex wait barrier. (18 threads)
[2025-12-05T03:58:07.995+0000][8.234s][info ][gc,start    ] GC(23) Pause Young (Mixed) (G1 Evacuation Pause)
[2025-12-05T03:58:07.995+0000][8.234s][info ][gc,task     ] GC(23) Using 5 workers of 13 for evacuation
[2025-12-05T03:58:08.000+0000][8.239s][info ][gc,phases   ] GC(23)   Pre Evacuate Collection Set: 0.1ms
[2025-12-05T03:58:08.000+0000][8.239s][info ][gc,phases   ] GC(23)   Merge Heap Roots: 0.1ms
[2025-12-05T03:58:08.000+0000][8.239s][info ][gc,phases   ] GC(23)   Evacuate Collection Set: 4.3ms
[2025-12-05T03:58:08.000+0000][8.239s][info ][gc,phases   ] GC(23)   Post Evacuate Collection Set: 0.9ms
[2025-12-05T03:58:08.000+0000][8.239s][info ][gc,phases   ] GC(23)   Other: 0.1ms
[2025-12-05T03:58:08.000+0000][8.239s][info ][gc,heap     ] GC(23) Eden regions: 4->0(138)
[2025-12-05T03:58:08.000+0000][8.239s][info ][gc,heap     ] GC(23) Survivor regions: 7->1(2)
[2025-12-05T03:58:08.000+0000][8.239s][info ][gc,heap     ] GC(23) Old regions: 58->62
[2025-12-05T03:58:08.000+0000][8.239s][info ][gc,heap     ] GC(23) Archive regions: 2->2
[2025-12-05T03:58:08.000+0000][8.239s][info ][gc,heap     ] GC(23) Humongous regions: 0->0
[2025-12-05T03:58:08.000+0000][8.239s][info ][gc,metaspace] GC(23) Metaspace: 38612K(39040K)->38612K(39040K) NonClass: 33711K(33920K)->33711K(33920K) Class: 4901K(5120K)->4901K(5120K)
[2025-12-05T03:58:08.000+0000][8.239s][info ][gc          ] GC(23) Pause Young (Mixed) (G1 Evacuation Pause) 68M->63M(237M) 5.742ms
[2025-12-05T03:58:08.000+0000][8.239s][info ][gc,cpu      ] GC(23) User=0.02s Sys=0.00s Real=0.00s
[2025-12-05T03:58:08.000+0000][8.240s][info ][safepoint   ] Safepoint "G1CollectForAllocation", Time since last: 19616068 ns, Reaching safepoint: 226811 ns, Cleanup: 3637 ns, At safepoint: 5818658 ns, Total: 6049106 ns
[2025-12-05T03:58:08.428+0000][8.667s][debug][safepoint   ] Safepoint synchronization initiated using futex wait barrier. (18 threads)
[2025-12-05T03:58:08.428+0000][8.667s][info ][safepoint   ] Safepoint "ICBufferFull", Time since last: 427559544 ns, Reaching safepoint: 66378 ns, Cleanup: 194825 ns, At safepoint: 3036 ns, Total: 264239 ns
[2025-12-05T03:58:08.615+0000][8.854s][debug][safepoint   ] Safepoint synchronization initiated using futex wait barrier. (20 threads)
[2025-12-05T03:58:08.615+0000][8.854s][info ][gc,start    ] GC(24) Pause Young (Normal) (G1 Evacuation Pause)
[2025-12-05T03:58:08.615+0000][8.854s][info ][gc,task     ] GC(24) Using 5 workers of 13 for evacuation
[2025-12-05T03:58:08.619+0000][8.858s][info ][gc,phases   ] GC(24)   Pre Evacuate Collection Set: 0.2ms
[2025-12-05T03:58:08.619+0000][8.859s][info ][gc,phases   ] GC(24)   Merge Heap Roots: 0.1ms
[2025-12-05T03:58:08.619+0000][8.859s][info ][gc,phases   ] GC(24)   Evacuate Collection Set: 2.5ms
[2025-12-05T03:58:08.619+0000][8.859s][info ][gc,phases   ] GC(24)   Post Evacuate Collection Set: 1.5ms
[2025-12-05T03:58:08.620+0000][8.859s][info ][gc,phases   ] GC(24)   Other: 0.1ms
[2025-12-05T03:58:08.620+0000][8.859s][info ][gc,heap     ] GC(24) Eden regions: 138->0(135)
[2025-12-05T03:58:08.620+0000][8.859s][info ][gc,heap     ] GC(24) Survivor regions: 1->4(18)
[2025-12-05T03:58:08.620+0000][8.859s][info ][gc,heap     ] GC(24) Old regions: 62->62
[2025-12-05T03:58:08.620+0000][8.859s][info ][gc,heap     ] GC(24) Archive regions: 2->2
[2025-12-05T03:58:08.620+0000][8.859s][info ][gc,heap     ] GC(24) Humongous regions: 0->0
[2025-12-05T03:58:08.620+0000][8.859s][info ][gc,metaspace] GC(24) Metaspace: 41347K(41792K)->41347K(41792K) NonClass: 36145K(36352K)->36145K(36352K) Class: 5201K(5440K)->5201K(5440K)
[2025-12-05T03:58:08.620+0000][8.859s][info ][gc          ] GC(24) Pause Young (Normal) (G1 Evacuation Pause) 201M->65M(237M) 4.430ms
[2025-12-05T03:58:08.620+0000][8.859s][info ][gc,cpu      ] GC(24) User=0.03s Sys=0.00s Real=0.00s
[2025-12-05T03:58:08.620+0000][8.859s][info ][safepoint   ] Safepoint "G1CollectForAllocation", Time since last: 186678407 ns, Reaching safepoint: 56790 ns, Cleanup: 106795 ns, At safepoint: 4591242 ns, Total: 4754827 ns
[2025-12-05T03:58:09.283+0000][9.522s][debug][safepoint   ] Safepoint synchronization initiated using futex wait barrier. (18 threads)
[2025-12-05T03:58:09.283+0000][9.522s][info ][gc,start    ] GC(25) Pause Young (Normal) (G1 Evacuation Pause)
[2025-12-05T03:58:09.283+0000][9.522s][info ][gc,task     ] GC(25) Using 5 workers of 13 for evacuation
[2025-12-05T03:58:09.287+0000][9.526s][info ][gc,phases   ] GC(25)   Pre Evacuate Collection Set: 0.1ms
[2025-12-05T03:58:09.287+0000][9.526s][info ][gc,phases   ] GC(25)   Merge Heap Roots: 0.1ms
[2025-12-05T03:58:09.287+0000][9.526s][info ][gc,phases   ] GC(25)   Evacuate Collection Set: 2.6ms
[2025-12-05T03:58:09.287+0000][9.526s][info ][gc,phases   ] GC(25)   Post Evacuate Collection Set: 0.9ms
[2025-12-05T03:58:09.287+0000][9.526s][info ][gc,phases   ] GC(25)   Other: 0.1ms
[2025-12-05T03:58:09.287+0000][9.526s][info ][gc,heap     ] GC(25) Eden regions: 135->0(135)
[2025-12-05T03:58:09.287+0000][9.526s][info ][gc,heap     ] GC(25) Survivor regions: 4->5(18)
[2025-12-05T03:58:09.287+0000][9.526s][info ][gc,heap     ] GC(25) Old regions: 62->62
[2025-12-05T03:58:09.287+0000][9.526s][info ][gc,heap     ] GC(25) Archive regions: 2->2
[2025-12-05T03:58:09.287+0000][9.526s][info ][gc,heap     ] GC(25) Humongous regions: 0->0
[2025-12-05T03:58:09.287+0000][9.526s][info ][gc,metaspace] GC(25) Metaspace: 43506K(43904K)->43506K(43904K) NonClass: 38001K(38208K)->38001K(38208K) Class: 5504K(5696K)->5504K(5696K)
[2025-12-05T03:58:09.287+0000][9.526s][info ][gc          ] GC(25) Pause Young (Normal) (G1 Evacuation Pause) 200M->66M(237M) 3.921ms
[2025-12-05T03:58:09.287+0000][9.526s][info ][gc,cpu      ] GC(25) User=0.01s Sys=0.01s Real=0.00s
[2025-12-05T03:58:09.287+0000][9.526s][info ][safepoint   ] Safepoint "G1CollectForAllocation", Time since last: 663407801 ns, Reaching safepoint: 97217 ns, Cleanup: 102077 ns, At safepoint: 3989573 ns, Total: 4188867 ns
[2025-12-05T03:58:09.790+0000][10.029s][debug][safepoint   ] Safepoint synchronization initiated using futex wait barrier. (18 threads)
[2025-12-05T03:58:09.790+0000][10.029s][info ][safepoint   ] Safepoint "ICBufferFull", Time since last: 502237668 ns, Reaching safepoint: 72730 ns, Cleanup: 170949 ns, At safepoint: 2375 ns, Total: 246054 ns
[2025-12-05T03:58:09.817+0000][10.056s][debug][safepoint   ] ... found polling page loop exception at pc = 0x000073c2e14f365c, stub =0x000073c2e0a04400
[2025-12-05T03:58:10.184+0000][10.423s][debug][safepoint   ] Safepoint synchronization initiated using futex wait barrier. (21 threads)
[2025-12-05T03:58:10.184+0000][10.423s][info ][gc,start    ] GC(26) Pause Young (Normal) (G1 Evacuation Pause)
[2025-12-05T03:58:10.184+0000][10.423s][info ][gc,task     ] GC(26) Using 5 workers of 13 for evacuation
[2025-12-05T03:58:10.191+0000][10.430s][info ][gc,phases   ] GC(26)   Pre Evacuate Collection Set: 0.2ms
[2025-12-05T03:58:10.191+0000][10.430s][info ][gc,phases   ] GC(26)   Merge Heap Roots: 0.1ms
[2025-12-05T03:58:10.191+0000][10.430s][info ][gc,phases   ] GC(26)   Evacuate Collection Set: 4.7ms
[2025-12-05T03:58:10.191+0000][10.430s][info ][gc,phases   ] GC(26)   Post Evacuate Collection Set: 1.3ms
[2025-12-05T03:58:10.191+0000][10.430s][info ][gc,phases   ] GC(26)   Other: 0.1ms
[2025-12-05T03:58:10.191+0000][10.430s][info ][gc,heap     ] GC(26) Eden regions: 135->0(131)
[2025-12-05T03:58:10.191+0000][10.430s][info ][gc,heap     ] GC(26) Survivor regions: 5->8(18)
[2025-12-05T03:58:10.191+0000][10.430s][info ][gc,heap     ] GC(26) Old regions: 62->62
[2025-12-05T03:58:10.191+0000][10.430s][info ][gc,heap     ] GC(26) Archive regions: 2->2
[2025-12-05T03:58:10.191+0000][10.430s][info ][gc,heap     ] GC(26) Humongous regions: 0->0
[2025-12-05T03:58:10.191+0000][10.430s][info ][gc,metaspace] GC(26) Metaspace: 48057K(48576K)->48057K(48576K) NonClass: 41920K(42176K)->41920K(42176K) Class: 6136K(6400K)->6136K(6400K)
[2025-12-05T03:58:10.191+0000][10.430s][info ][gc          ] GC(26) Pause Young (Normal) (G1 Evacuation Pause) 201M->70M(237M) 6.510ms
[2025-12-05T03:58:10.191+0000][10.430s][info ][gc,cpu      ] GC(26) User=0.06s Sys=0.01s Real=0.01s
[2025-12-05T03:58:10.191+0000][10.430s][info ][safepoint   ] Safepoint "G1CollectForAllocation", Time since last: 394281050 ns, Reaching safepoint: 46099 ns, Cleanup: 121314 ns, At safepoint: 6657511 ns, Total: 6824924 ns
[2025-12-05T03:58:11.118+0000][11.357s][debug][safepoint   ] Safepoint synchronization initiated using futex wait barrier. (23 threads)
[2025-12-05T03:58:11.118+0000][11.357s][info ][safepoint   ] Safepoint "ICBufferFull", Time since last: 927112644 ns, Reaching safepoint: 39676 ns, Cleanup: 194184 ns, At safepoint: 19698 ns, Total: 253558 ns
[2025-12-05T03:58:11.156+0000][11.395s][debug][safepoint   ] Safepoint synchronization initiated using futex wait barrier. (23 threads)
[2025-12-05T03:58:11.156+0000][11.395s][info ][gc,start    ] GC(27) Pause Young (Normal) (G1 Evacuation Pause)
[2025-12-05T03:58:11.156+0000][11.395s][info ][gc,task     ] GC(27) Using 5 workers of 13 for evacuation
[2025-12-05T03:58:11.163+0000][11.402s][info ][gc,phases   ] GC(27)   Pre Evacuate Collection Set: 0.1ms
[2025-12-05T03:58:11.163+0000][11.402s][info ][gc,phases   ] GC(27)   Merge Heap Roots: 0.1ms
[2025-12-05T03:58:11.163+0000][11.402s][info ][gc,phases   ] GC(27)   Evacuate Collection Set: 5.0ms
[2025-12-05T03:58:11.163+0000][11.402s][info ][gc,phases   ] GC(27)   Post Evacuate Collection Set: 1.4ms
[2025-12-05T03:58:11.163+0000][11.402s][info ][gc,phases   ] GC(27)   Other: 0.1ms
[2025-12-05T03:58:11.163+0000][11.402s][info ][gc,heap     ] GC(27) Eden regions: 131->0(129)
[2025-12-05T03:58:11.163+0000][11.402s][info ][gc,heap     ] GC(27) Survivor regions: 8->10(18)
[2025-12-05T03:58:11.163+0000][11.402s][info ][gc,heap     ] GC(27) Old regions: 62->62
[2025-12-05T03:58:11.163+0000][11.402s][info ][gc,heap     ] GC(27) Archive regions: 2->2
[2025-12-05T03:58:11.163+0000][11.402s][info ][gc,heap     ] GC(27) Humongous regions: 0->0
[2025-12-05T03:58:11.163+0000][11.402s][info ][gc,metaspace] GC(27) Metaspace: 54902K(55424K)->54902K(55424K) NonClass: 47975K(48256K)->47975K(48256K) Class: 6926K(7168K)->6926K(7168K)
[2025-12-05T03:58:11.163+0000][11.402s][info ][gc          ] GC(27) Pause Young (Normal) (G1 Evacuation Pause) 201M->71M(237M) 6.858ms
[2025-12-05T03:58:11.163+0000][11.402s][info ][gc,cpu      ] GC(27) User=0.03s Sys=0.00s Real=0.01s
[2025-12-05T03:58:11.163+0000][11.402s][info ][safepoint   ] Safepoint "G1CollectForAllocation", Time since last: 38027780 ns, Reaching safepoint: 38454 ns, Cleanup: 17523 ns, At safepoint: 6905629 ns, Total: 6961606 ns
[2025-12-05T03:58:12.179+0000][12.418s][debug][safepoint   ] Safepoint synchronization initiated using futex wait barrier. (23 threads)
[2025-12-05T03:58:12.179+0000][12.418s][info ][safepoint   ] Safepoint "Cleanup", Time since last: 1015652315 ns, Reaching safepoint: 55396 ns, Cleanup: 32022 ns, At safepoint: 2465 ns, Total: 89883 ns
[2025-12-05T03:58:12.319+0000][12.558s][debug][safepoint   ] Safepoint synchronization initiated using futex wait barrier. (19 threads)
[2025-12-05T03:58:12.319+0000][12.558s][info ][safepoint   ] Safepoint "ICBufferFull", Time since last: 139612998 ns, Reaching safepoint: 50658 ns, Cleanup: 148536 ns, At safepoint: 29066 ns, Total: 228260 ns
[2025-12-05T03:58:12.873+0000][13.112s][debug][safepoint   ] Safepoint synchronization initiated using futex wait barrier. (20 threads)
[2025-12-05T03:58:12.873+0000][13.112s][info ][gc,start    ] GC(28) Pause Young (Normal) (G1 Evacuation Pause)
[2025-12-05T03:58:12.873+0000][13.112s][info ][gc,task     ] GC(28) Using 5 workers of 13 for evacuation
[2025-12-05T03:58:12.881+0000][13.120s][info ][gc,phases   ] GC(28)   Pre Evacuate Collection Set: 0.2ms
[2025-12-05T03:58:12.881+0000][13.120s][info ][gc,phases   ] GC(28)   Merge Heap Roots: 0.1ms
[2025-12-05T03:58:12.881+0000][13.121s][info ][gc,phases   ] GC(28)   Evacuate Collection Set: 6.7ms
[2025-12-05T03:58:12.881+0000][13.121s][info ][gc,phases   ] GC(28)   Post Evacuate Collection Set: 1.2ms
[2025-12-05T03:58:12.881+0000][13.121s][info ][gc,phases   ] GC(28)   Other: 0.1ms
[2025-12-05T03:58:12.881+0000][13.121s][info ][gc,heap     ] GC(28) Eden regions: 129->0(125)
[2025-12-05T03:58:12.881+0000][13.121s][info ][gc,heap     ] GC(28) Survivor regions: 10->12(18)
[2025-12-05T03:58:12.881+0000][13.121s][info ][gc,heap     ] GC(28) Old regions: 62->62
[2025-12-05T03:58:12.881+0000][13.121s][info ][gc,heap     ] GC(28) Archive regions: 2->2
[2025-12-05T03:58:12.881+0000][13.121s][info ][gc,heap     ] GC(28) Humongous regions: 0->0
[2025-12-05T03:58:12.881+0000][13.121s][info ][gc,metaspace] GC(28) Metaspace: 58623K(59136K)->58623K(59136K) NonClass: 51203K(51456K)->51203K(51456K) Class: 7420K(7680K)->7420K(7680K)
[2025-12-05T03:58:12.882+0000][13.121s][info ][gc          ] GC(28) Pause Young (Normal) (G1 Evacuation Pause) 200M->74M(237M) 8.341ms
[2025-12-05T03:58:12.882+0000][13.121s][info ][gc,cpu      ] GC(28) User=0.04s Sys=0.00s Real=0.00s
[2025-12-05T03:58:12.882+0000][13.121s][info ][safepoint   ] Safepoint "G1CollectForAllocation", Time since last: 554193924 ns, Reaching safepoint: 41149 ns, Cleanup: 86286 ns, At safepoint: 8438094 ns, Total: 8565529 ns
[2025-12-05T03:58:13.020+0000][13.259s][debug][safepoint   ] Safepoint synchronization initiated using futex wait barrier. (20 threads)
[2025-12-05T03:58:13.020+0000][13.260s][info ][gc,start    ] GC(29) Pause Young (Concurrent Start) (Metadata GC Threshold)
[2025-12-05T03:58:13.020+0000][13.260s][info ][gc,task     ] GC(29) Using 5 workers of 13 for evacuation
[2025-12-05T03:58:13.031+0000][13.270s][info ][gc,phases   ] GC(29)   Pre Evacuate Collection Set: 0.2ms
[2025-12-05T03:58:13.031+0000][13.270s][info ][gc,phases   ] GC(29)   Merge Heap Roots: 0.1ms
[2025-12-05T03:58:13.031+0000][13.270s][info ][gc,phases   ] GC(29)   Evacuate Collection Set: 8.0ms
[2025-12-05T03:58:13.031+0000][13.270s][info ][gc,phases   ] GC(29)   Post Evacuate Collection Set: 1.6ms
[2025-12-05T03:58:13.031+0000][13.270s][info ][gc,phases   ] GC(29)   Other: 0.2ms
[2025-12-05T03:58:13.031+0000][13.270s][info ][gc,heap     ] GC(29) Eden regions: 50->0(127)
[2025-12-05T03:58:13.031+0000][13.270s][info ][gc,heap     ] GC(29) Survivor regions: 12->10(18)
[2025-12-05T03:58:13.031+0000][13.270s][info ][gc,heap     ] GC(29) Old regions: 62->64
[2025-12-05T03:58:13.031+0000][13.270s][info ][gc,heap     ] GC(29) Archive regions: 2->2
[2025-12-05T03:58:13.031+0000][13.270s][info ][gc,heap     ] GC(29) Humongous regions: 0->0
[2025-12-05T03:58:13.031+0000][13.270s][info ][gc,metaspace] GC(29) Metaspace: 59970K(60416K)->59970K(60416K) NonClass: 52312K(52544K)->52312K(52544K) Class: 7658K(7872K)->7658K(7872K)
[2025-12-05T03:58:13.031+0000][13.270s][info ][gc          ] GC(29) Pause Young (Concurrent Start) (Metadata GC Threshold) 123M->74M(237M) 10.240ms
[2025-12-05T03:58:13.031+0000][13.270s][info ][gc,cpu      ] GC(29) User=0.05s Sys=0.00s Real=0.02s
[2025-12-05T03:58:13.031+0000][13.270s][info ][gc          ] GC(30) Concurrent Mark Cycle
[2025-12-05T03:58:13.031+0000][13.270s][info ][gc,marking  ] GC(30) Concurrent Clear Claimed Marks
[2025-12-05T03:58:13.031+0000][13.270s][info ][safepoint   ] Safepoint "CollectForMetadataAllocation", Time since last: 138798682 ns, Reaching safepoint: 49174 ns, Cleanup: 25700 ns, At safepoint: 10372424 ns, Total: 10447298 ns
[2025-12-05T03:58:13.031+0000][13.270s][info ][gc,marking  ] GC(30) Concurrent Clear Claimed Marks 0.089ms
[2025-12-05T03:58:13.031+0000][13.270s][info ][gc,marking  ] GC(30) Concurrent Scan Root Regions
[2025-12-05T03:58:13.036+0000][13.275s][info ][gc,marking  ] GC(30) Concurrent Scan Root Regions 5.184ms
[2025-12-05T03:58:13.036+0000][13.275s][info ][gc,marking  ] GC(30) Concurrent Mark
[2025-12-05T03:58:13.036+0000][13.275s][info ][gc,marking  ] GC(30) Concurrent Mark From Roots
[2025-12-05T03:58:13.036+0000][13.275s][info ][gc,task     ] GC(30) Using 3 workers of 3 for marking
[2025-12-05T03:58:13.062+0000][13.301s][debug][safepoint   ] Safepoint synchronization initiated using futex wait barrier. (20 threads)
[2025-12-05T03:58:13.062+0000][13.301s][info ][safepoint   ] Safepoint "CollectForMetadataAllocation", Time since last: 30641446 ns, Reaching safepoint: 121083 ns, Cleanup: 12414 ns, At safepoint: 143486 ns, Total: 276983 ns
[2025-12-05T03:58:13.065+0000][13.304s][info ][gc,marking  ] GC(30) Concurrent Mark From Roots 28.751ms
[2025-12-05T03:58:13.065+0000][13.304s][info ][gc,marking  ] GC(30) Concurrent Preclean
[2025-12-05T03:58:13.065+0000][13.304s][info ][gc,marking  ] GC(30) Concurrent Preclean 0.260ms
[2025-12-05T03:58:13.065+0000][13.304s][debug][safepoint   ] Safepoint synchronization initiated using futex wait barrier. (20 threads)
[2025-12-05T03:58:13.065+0000][13.305s][info ][gc,start    ] GC(30) Pause Remark
[2025-12-05T03:58:13.069+0000][13.308s][info ][gc          ] GC(30) Pause Remark 78M->78M(237M) 3.768ms
[2025-12-05T03:58:13.069+0000][13.308s][info ][gc,cpu      ] GC(30) User=0.01s Sys=0.00s Real=0.00s
[2025-12-05T03:58:13.069+0000][13.308s][info ][safepoint   ] Safepoint "G1PauseRemark", Time since last: 3568222 ns, Reaching safepoint: 123117 ns, Cleanup: 3467 ns, At safepoint: 3882718 ns, Total: 4009302 ns
[2025-12-05T03:58:13.069+0000][13.308s][info ][gc,marking  ] GC(30) Concurrent Mark 33.194ms
[2025-12-05T03:58:13.069+0000][13.308s][info ][gc,marking  ] GC(30) Concurrent Rebuild Remembered Sets
[2025-12-05T03:58:13.084+0000][13.323s][info ][gc,marking  ] GC(30) Concurrent Rebuild Remembered Sets 14.411ms
[2025-12-05T03:58:13.084+0000][13.323s][debug][safepoint   ] Safepoint synchronization initiated using futex wait barrier. (20 threads)
[2025-12-05T03:58:13.084+0000][13.323s][info ][gc,start    ] GC(30) Pause Cleanup
[2025-12-05T03:58:13.084+0000][13.323s][info ][gc          ] GC(30) Pause Cleanup 80M->80M(237M) 0.176ms
[2025-12-05T03:58:13.084+0000][13.323s][info ][gc,cpu      ] GC(30) User=0.00s Sys=0.00s Real=0.00s
[2025-12-05T03:58:13.084+0000][13.323s][info ][safepoint   ] Safepoint "G1PauseCleanup", Time since last: 14587330 ns, Reaching safepoint: 121534 ns, Cleanup: 15249 ns, At safepoint: 232578 ns, Total: 369361 ns
[2025-12-05T03:58:13.084+0000][13.323s][info ][gc,marking  ] GC(30) Concurrent Cleanup for Next Mark
[2025-12-05T03:58:13.086+0000][13.325s][info ][gc,marking  ] GC(30) Concurrent Cleanup for Next Mark 1.750ms
[2025-12-05T03:58:13.086+0000][13.325s][info ][gc          ] GC(30) Concurrent Mark Cycle 55.324ms
[2025-12-05T03:58:13.574+0000][13.813s][debug][safepoint   ] Safepoint synchronization initiated using futex wait barrier. (21 threads)
[2025-12-05T03:58:13.576+0000][13.815s][info ][gc,start    ] GC(31) Pause Young (Prepare Mixed) (G1 Evacuation Pause)
[2025-12-05T03:58:13.576+0000][13.815s][info ][gc,task     ] GC(31) Using 5 workers of 13 for evacuation
[2025-12-05T03:58:13.582+0000][13.821s][info ][gc,phases   ] GC(31)   Pre Evacuate Collection Set: 0.1ms
[2025-12-05T03:58:13.582+0000][13.821s][info ][gc,phases   ] GC(31)   Merge Heap Roots: 0.1ms
[2025-12-05T03:58:13.582+0000][13.821s][info ][gc,phases   ] GC(31)   Evacuate Collection Set: 4.9ms
[2025-12-05T03:58:13.582+0000][13.821s][info ][gc,phases   ] GC(31)   Post Evacuate Collection Set: 1.3ms
[2025-12-05T03:58:13.582+0000][13.821s][info ][gc,phases   ] GC(31)   Other: 0.1ms
[2025-12-05T03:58:13.582+0000][13.821s][info ][gc,heap     ] GC(31) Eden regions: 127->0(1)
[2025-12-05T03:58:13.582+0000][13.821s][info ][gc,heap     ] GC(31) Survivor regions: 10->11(18)
[2025-12-05T03:58:13.582+0000][13.821s][info ][gc,heap     ] GC(31) Old regions: 64->64
[2025-12-05T03:58:13.582+0000][13.821s][info ][gc,heap     ] GC(31) Archive regions: 2->2
[2025-12-05T03:58:13.582+0000][13.821s][info ][gc,heap     ] GC(31) Humongous regions: 0->0
[2025-12-05T03:58:13.582+0000][13.821s][info ][gc,metaspace] GC(31) Metaspace: 64203K(64704K)->64203K(64704K) NonClass: 55984K(56256K)->55984K(56256K) Class: 8218K(8448K)->8218K(8448K)
[2025-12-05T03:58:13.582+0000][13.821s][info ][gc          ] GC(31) Pause Young (Prepare Mixed) (G1 Evacuation Pause) 201M->74M(237M) 6.639ms
[2025-12-05T03:58:13.582+0000][13.821s][info ][gc,cpu      ] GC(31) User=0.03s Sys=0.00s Real=0.00s
[2025-12-05T03:58:13.582+0000][13.821s][info ][safepoint   ] Safepoint "G1CollectForAllocation", Time since last: 489928204 ns, Reaching safepoint: 44546 ns, Cleanup: 1261450 ns, At safepoint: 6711028 ns, Total: 8017024 ns
[2025-12-05T03:58:13.585+0000][13.824s][debug][safepoint   ] Safepoint synchronization initiated using futex wait barrier. (21 threads)
[2025-12-05T03:58:13.585+0000][13.824s][info ][gc,start    ] GC(32) Pause Young (Mixed) (G1 Evacuation Pause)
[2025-12-05T03:58:13.585+0000][13.824s][info ][gc,task     ] GC(32) Using 5 workers of 13 for evacuation
[2025-12-05T03:58:13.593+0000][13.833s][info ][gc,phases   ] GC(32)   Pre Evacuate Collection Set: 0.1ms
[2025-12-05T03:58:13.594+0000][13.833s][info ][gc,phases   ] GC(32)   Merge Heap Roots: 0.1ms
[2025-12-05T03:58:13.594+0000][13.833s][info ][gc,phases   ] GC(32)   Evacuate Collection Set: 7.2ms
[2025-12-05T03:58:13.594+0000][13.833s][info ][gc,phases   ] GC(32)   Post Evacuate Collection Set: 0.9ms
[2025-12-05T03:58:13.594+0000][13.833s][info ][gc,phases   ] GC(32)   Other: 0.1ms
[2025-12-05T03:58:13.594+0000][13.833s][info ][gc,heap     ] GC(32) Eden regions: 1->0(130)
[2025-12-05T03:58:13.594+0000][13.833s][info ][gc,heap     ] GC(32) Survivor regions: 11->2(2)
[2025-12-05T03:58:13.594+0000][13.833s][info ][gc,heap     ] GC(32) Old regions: 64->72
[2025-12-05T03:58:13.594+0000][13.833s][info ][gc,heap     ] GC(32) Archive regions: 2->2
[2025-12-05T03:58:13.594+0000][13.833s][info ][gc,heap     ] GC(32) Humongous regions: 0->0
[2025-12-05T03:58:13.594+0000][13.833s][info ][gc,metaspace] GC(32) Metaspace: 64219K(64704K)->64219K(64704K) NonClass: 55998K(56256K)->55998K(56256K) Class: 8220K(8448K)->8220K(8448K)
[2025-12-05T03:58:13.594+0000][13.833s][info ][gc          ] GC(32) Pause Young (Mixed) (G1 Evacuation Pause) 75M->74M(237M) 8.564ms
[2025-12-05T03:58:13.594+0000][13.833s][info ][gc,cpu      ] GC(32) User=0.04s Sys=0.00s Real=0.01s
[2025-12-05T03:58:13.594+0000][13.833s][info ][safepoint   ] Safepoint "G1CollectForAllocation", Time since last: 2758717 ns, Reaching safepoint: 16782 ns, Cleanup: 2114 ns, At safepoint: 8644606 ns, Total: 8663502 ns
[2025-12-05T03:58:13.945+0000][14.184s][debug][safepoint   ] Safepoint synchronization initiated using futex wait barrier. (21 threads)
[2025-12-05T03:58:13.945+0000][14.184s][info ][gc,start    ] GC(33) Pause Young (Concurrent Start) (G1 Evacuation Pause)
[2025-12-05T03:58:13.945+0000][14.184s][info ][gc,task     ] GC(33) Using 5 workers of 13 for evacuation
[2025-12-05T03:58:13.948+0000][14.187s][info ][gc,phases   ] GC(33)   Pre Evacuate Collection Set: 0.2ms
[2025-12-05T03:58:13.948+0000][14.187s][info ][gc,phases   ] GC(33)   Merge Heap Roots: 0.1ms
[2025-12-05T03:58:13.948+0000][14.187s][info ][gc,phases   ] GC(33)   Evacuate Collection Set: 1.5ms
[2025-12-05T03:58:13.948+0000][14.187s][info ][gc,phases   ] GC(33)   Post Evacuate Collection Set: 0.9ms
[2025-12-05T03:58:13.948+0000][14.187s][info ][gc,phases   ] GC(33)   Other: 0.1ms
[2025-12-05T03:58:13.948+0000][14.187s][info ][gc,heap     ] GC(33) Eden regions: 130->0(130)
[2025-12-05T03:58:13.948+0000][14.187s][info ][gc,heap     ] GC(33) Survivor regions: 2->2(17)
[2025-12-05T03:58:13.948+0000][14.187s][info ][gc,heap     ] GC(33) Old regions: 72->72
[2025-12-05T03:58:13.948+0000][14.187s][info ][gc,heap     ] GC(33) Archive regions: 2->2
[2025-12-05T03:58:13.948+0000][14.187s][info ][gc,heap     ] GC(33) Humongous regions: 0->0
[2025-12-05T03:58:13.948+0000][14.187s][info ][gc,metaspace] GC(33) Metaspace: 66954K(67456K)->66954K(67456K) NonClass: 58257K(58560K)->58257K(58560K) Class: 8697K(8896K)->8697K(8896K)
[2025-12-05T03:58:13.948+0000][14.187s][info ][gc          ] GC(33) Pause Young (Concurrent Start) (G1 Evacuation Pause) 204M->73M(237M) 2.859ms
[2025-12-05T03:58:13.948+0000][14.187s][info ][gc,cpu      ] GC(33) User=0.01s Sys=0.00s Real=0.00s
[2025-12-05T03:58:13.948+0000][14.187s][info ][gc          ] GC(34) Concurrent Mark Cycle
[2025-12-05T03:58:13.948+0000][14.187s][info ][gc,marking  ] GC(34) Concurrent Clear Claimed Marks
[2025-12-05T03:58:13.948+0000][14.187s][info ][safepoint   ] Safepoint "G1CollectForAllocation", Time since last: 351338245 ns, Reaching safepoint: 40288 ns, Cleanup: 47020 ns, At safepoint: 2965110 ns, Total: 3052418 ns
[2025-12-05T03:58:13.948+0000][14.187s][info ][gc,marking  ] GC(34) Concurrent Clear Claimed Marks 0.027ms
[2025-12-05T03:58:13.948+0000][14.187s][info ][gc,marking  ] GC(34) Concurrent Scan Root Regions
[2025-12-05T03:58:13.949+0000][14.188s][info ][gc,marking  ] GC(34) Concurrent Scan Root Regions 0.777ms
[2025-12-05T03:58:13.949+0000][14.188s][info ][gc,marking  ] GC(34) Concurrent Mark
[2025-12-05T03:58:13.949+0000][14.188s][info ][gc,marking  ] GC(34) Concurrent Mark From Roots
[2025-12-05T03:58:13.949+0000][14.188s][info ][gc,task     ] GC(34) Using 3 workers of 3 for marking
[2025-12-05T03:58:13.979+0000][14.218s][info ][gc,marking  ] GC(34) Concurrent Mark From Roots 29.963ms
[2025-12-05T03:58:13.979+0000][14.218s][info ][gc,marking  ] GC(34) Concurrent Preclean
[2025-12-05T03:58:13.979+0000][14.218s][info ][gc,marking  ] GC(34) Concurrent Preclean 0.258ms
[2025-12-05T03:58:13.979+0000][14.218s][debug][safepoint   ] Safepoint synchronization initiated using futex wait barrier. (21 threads)
[2025-12-05T03:58:13.979+0000][14.218s][info ][gc,start    ] GC(34) Pause Remark
[2025-12-05T03:58:13.983+0000][14.222s][info ][gc          ] GC(34) Pause Remark 77M->77M(237M) 3.568ms
[2025-12-05T03:58:13.983+0000][14.222s][info ][gc,cpu      ] GC(34) User=0.01s Sys=0.00s Real=0.01s
[2025-12-05T03:58:13.983+0000][14.222s][info ][safepoint   ] Safepoint "G1PauseRemark", Time since last: 31147460 ns, Reaching safepoint: 126063 ns, Cleanup: 8386 ns, At safepoint: 3686620 ns, Total: 3821069 ns
[2025-12-05T03:58:13.983+0000][14.222s][info ][gc,marking  ] GC(34) Concurrent Mark 34.216ms
[2025-12-05T03:58:13.983+0000][14.222s][info ][gc,marking  ] GC(34) Concurrent Rebuild Remembered Sets
[2025-12-05T03:58:13.999+0000][14.238s][info ][gc,marking  ] GC(34) Concurrent Rebuild Remembered Sets 16.055ms
[2025-12-05T03:58:13.999+0000][14.238s][debug][safepoint   ] Safepoint synchronization initiated using futex wait barrier. (21 threads)
[2025-12-05T03:58:13.999+0000][14.238s][info ][gc,start    ] GC(34) Pause Cleanup
[2025-12-05T03:58:13.999+0000][14.239s][info ][gc          ] GC(34) Pause Cleanup 79M->79M(237M) 0.169ms
[2025-12-05T03:58:13.999+0000][14.239s][info ][gc,cpu      ] GC(34) User=0.00s Sys=0.00s Real=0.00s
[2025-12-05T03:58:13.999+0000][14.239s][info ][safepoint   ] Safepoint "G1PauseCleanup", Time since last: 16237607 ns, Reaching safepoint: 17033 ns, Cleanup: 2725 ns, At safepoint: 204133 ns, Total: 223891 ns
[2025-12-05T03:58:14.000+0000][14.239s][info ][gc,marking  ] GC(34) Concurrent Cleanup for Next Mark
[2025-12-05T03:58:14.000+0000][14.239s][info ][gc,marking  ] GC(34) Concurrent Cleanup for Next Mark 0.257ms
[2025-12-05T03:58:14.000+0000][14.239s][info ][gc          ] GC(34) Concurrent Mark Cycle 51.779ms
[2025-12-05T03:58:14.218+0000][14.457s][debug][safepoint   ] Safepoint synchronization initiated using futex wait barrier. (24 threads)
[2025-12-05T03:58:14.218+0000][14.457s][info ][safepoint   ] Safepoint "ICBufferFull", Time since last: 218238929 ns, Reaching safepoint: 158780 ns, Cleanup: 96657 ns, At safepoint: 43624 ns, Total: 299061 ns
[2025-12-05T03:58:14.623+0000][14.862s][debug][safepoint   ] Safepoint synchronization initiated using futex wait barrier. (29 threads)
[2025-12-05T03:58:14.623+0000][14.862s][info ][safepoint   ] Safepoint "ICBufferFull", Time since last: 404670479 ns, Reaching safepoint: 147384 ns, Cleanup: 233810 ns, At safepoint: 47411 ns, Total: 428605 ns
[2025-12-05T03:58:14.729+0000][14.968s][debug][safepoint   ] Safepoint synchronization initiated using futex wait barrier. (29 threads)
[2025-12-05T03:58:14.729+0000][14.968s][info ][gc,start    ] GC(35) Pause Young (Prepare Mixed) (G1 Evacuation Pause)
[2025-12-05T03:58:14.729+0000][14.968s][info ][gc,task     ] GC(35) Using 5 workers of 13 for evacuation
[2025-12-05T03:58:14.734+0000][14.973s][info ][gc,phases   ] GC(35)   Pre Evacuate Collection Set: 0.3ms
[2025-12-05T03:58:14.734+0000][14.974s][info ][gc,phases   ] GC(35)   Merge Heap Roots: 0.3ms
[2025-12-05T03:58:14.734+0000][14.974s][info ][gc,phases   ] GC(35)   Evacuate Collection Set: 3.5ms
[2025-12-05T03:58:14.734+0000][14.974s][info ][gc,phases   ] GC(35)   Post Evacuate Collection Set: 1.1ms
[2025-12-05T03:58:14.734+0000][14.974s][info ][gc,phases   ] GC(35)   Other: 0.1ms
[2025-12-05T03:58:14.735+0000][14.974s][info ][gc,heap     ] GC(35) Eden regions: 130->0(5)
[2025-12-05T03:58:14.735+0000][14.974s][info ][gc,heap     ] GC(35) Survivor regions: 2->6(17)
[2025-12-05T03:58:14.735+0000][14.974s][info ][gc,heap     ] GC(35) Old regions: 72->72
[2025-12-05T03:58:14.735+0000][14.974s][info ][gc,heap     ] GC(35) Archive regions: 2->2
[2025-12-05T03:58:14.735+0000][14.974s][info ][gc,heap     ] GC(35) Humongous regions: 0->0
[2025-12-05T03:58:14.735+0000][14.974s][info ][gc,metaspace] GC(35) Metaspace: 70087K(70592K)->70087K(70592K) NonClass: 61044K(61312K)->61044K(61312K) Class: 9042K(9280K)->9042K(9280K)
[2025-12-05T03:58:14.735+0000][14.974s][info ][gc          ] GC(35) Pause Young (Prepare Mixed) (G1 Evacuation Pause) 203M->77M(237M) 5.417ms
[2025-12-05T03:58:14.735+0000][14.974s][info ][gc,cpu      ] GC(35) User=0.06s Sys=0.01s Real=0.01s
[2025-12-05T03:58:14.735+0000][14.974s][info ][safepoint   ] Safepoint "G1CollectForAllocation", Time since last: 105933663 ns, Reaching safepoint: 63112 ns, Cleanup: 39937 ns, At safepoint: 5593943 ns, Total: 5696992 ns
[2025-12-05T03:58:14.752+0000][14.991s][debug][safepoint   ] Safepoint synchronization initiated using futex wait barrier. (29 threads)
[2025-12-05T03:58:14.752+0000][14.991s][info ][gc,start    ] GC(36) Pause Young (Mixed) (G1 Evacuation Pause)
[2025-12-05T03:58:14.752+0000][14.991s][info ][gc,task     ] GC(36) Using 5 workers of 13 for evacuation
[2025-12-05T03:58:14.758+0000][14.997s][info ][gc,phases   ] GC(36)   Pre Evacuate Collection Set: 0.2ms
[2025-12-05T03:58:14.758+0000][14.997s][info ][gc,phases   ] GC(36)   Merge Heap Roots: 0.1ms
[2025-12-05T03:58:14.758+0000][14.997s][info ][gc,phases   ] GC(36)   Evacuate Collection Set: 5.2ms
[2025-12-05T03:58:14.758+0000][14.997s][info ][gc,phases   ] GC(36)   Post Evacuate Collection Set: 1.0ms
[2025-12-05T03:58:14.758+0000][14.997s][info ][gc,phases   ] GC(36)   Other: 0.1ms
[2025-12-05T03:58:14.758+0000][14.997s][info ][gc,heap     ] GC(36) Eden regions: 5->0(127)
[2025-12-05T03:58:14.758+0000][14.997s][info ][gc,heap     ] GC(36) Survivor regions: 6->1(2)
[2025-12-05T03:58:14.758+0000][14.997s][info ][gc,heap     ] GC(36) Old regions: 72->75
[2025-12-05T03:58:14.758+0000][14.997s][info ][gc,heap     ] GC(36) Archive regions: 2->2
[2025-12-05T03:58:14.758+0000][14.997s][info ][gc,heap     ] GC(36) Humongous regions: 0->0
[2025-12-05T03:58:14.758+0000][14.997s][info ][gc,metaspace] GC(36) Metaspace: 70129K(70592K)->70129K(70592K) NonClass: 61080K(61312K)->61080K(61312K) Class: 9049K(9280K)->9049K(9280K)
[2025-12-05T03:58:14.758+0000][14.997s][info ][gc          ] GC(36) Pause Young (Mixed) (G1 Evacuation Pause) 82M->76M(237M) 6.681ms
[2025-12-05T03:58:14.758+0000][14.997s][info ][gc,cpu      ] GC(36) User=0.05s Sys=0.00s Real=0.00s
[2025-12-05T03:58:14.759+0000][14.998s][info ][safepoint   ] Safepoint "G1CollectForAllocation", Time since last: 16896738 ns, Reaching safepoint: 59865 ns, Cleanup: 3477 ns, At safepoint: 6876141 ns, Total: 6939483 ns
[2025-12-05T03:58:15.039+0000][15.279s][debug][safepoint   ] Safepoint synchronization initiated using futex wait barrier. (29 threads)
[2025-12-05T03:58:15.040+0000][15.279s][info ][safepoint   ] Safepoint "ICBufferFull", Time since last: 280894222 ns, Reaching safepoint: 169236 ns, Cleanup: 121093 ns, At safepoint: 23545 ns, Total: 313874 ns
[2025-12-05T03:58:15.288+0000][15.527s][debug][safepoint   ] Safepoint synchronization initiated using futex wait barrier. (25 threads)
[2025-12-05T03:58:15.288+0000][15.527s][info ][safepoint   ] Safepoint "ICBufferFull", Time since last: 248389328 ns, Reaching safepoint: 45778 ns, Cleanup: 116254 ns, At safepoint: 41821 ns, Total: 203853 ns
[2025-12-05T03:58:15.405+0000][15.644s][debug][safepoint   ] Safepoint synchronization initiated using futex wait barrier. (27 threads)
[2025-12-05T03:58:15.405+0000][15.644s][info ][gc,start    ] GC(37) Pause Young (Normal) (G1 Evacuation Pause)
[2025-12-05T03:58:15.405+0000][15.644s][info ][gc,task     ] GC(37) Using 5 workers of 13 for evacuation
[2025-12-05T03:58:15.409+0000][15.648s][info ][gc,phases   ] GC(37)   Pre Evacuate Collection Set: 0.1ms
[2025-12-05T03:58:15.409+0000][15.648s][info ][gc,phases   ] GC(37)   Merge Heap Roots: 0.1ms
[2025-12-05T03:58:15.409+0000][15.648s][info ][gc,phases   ] GC(37)   Evacuate Collection Set: 2.5ms
[2025-12-05T03:58:15.409+0000][15.648s][info ][gc,phases   ] GC(37)   Post Evacuate Collection Set: 1.1ms
[2025-12-05T03:58:15.409+0000][15.648s][info ][gc,phases   ] GC(37)   Other: 0.1ms
[2025-12-05T03:58:15.409+0000][15.648s][info ][gc,heap     ] GC(37) Eden regions: 127->0(125)
[2025-12-05T03:58:15.409+0000][15.648s][info ][gc,heap     ] GC(37) Survivor regions: 1->3(16)
[2025-12-05T03:58:15.409+0000][15.648s][info ][gc,heap     ] GC(37) Old regions: 75->75
[2025-12-05T03:58:15.409+0000][15.649s][info ][gc,heap     ] GC(37) Archive regions: 2->2
[2025-12-05T03:58:15.409+0000][15.649s][info ][gc,heap     ] GC(37) Humongous regions: 0->0
[2025-12-05T03:58:15.409+0000][15.649s][info ][gc,metaspace] GC(37) Metaspace: 73218K(73792K)->73218K(73792K) NonClass: 63790K(64064K)->63790K(64064K) Class: 9428K(9728K)->9428K(9728K)
[2025-12-05T03:58:15.409+0000][15.649s][info ][gc          ] GC(37) Pause Young (Normal) (G1 Evacuation Pause) 203M->77M(237M) 4.082ms
[2025-12-05T03:58:15.410+0000][15.649s][info ][gc,cpu      ] GC(37) User=0.03s Sys=0.00s Real=0.00s
[2025-12-05T03:58:15.410+0000][15.649s][info ][safepoint   ] Safepoint "G1CollectForAllocation", Time since last: 116847831 ns, Reaching safepoint: 54926 ns, Cleanup: 101585 ns, At safepoint: 4238873 ns, Total: 4395384 ns
[2025-12-05T03:58:15.840+0000][16.079s][debug][safepoint   ] Safepoint synchronization initiated using futex wait barrier. (22 threads)
[2025-12-05T03:58:15.840+0000][16.079s][info ][gc,start    ] GC(38) Pause Young (Normal) (G1 Evacuation Pause)
[2025-12-05T03:58:15.840+0000][16.079s][info ][gc,task     ] GC(38) Using 5 workers of 13 for evacuation
[2025-12-05T03:58:15.845+0000][16.084s][info ][gc,phases   ] GC(38)   Pre Evacuate Collection Set: 0.3ms
[2025-12-05T03:58:15.845+0000][16.084s][info ][gc,phases   ] GC(38)   Merge Heap Roots: 0.3ms
[2025-12-05T03:58:15.845+0000][16.084s][info ][gc,phases   ] GC(38)   Evacuate Collection Set: 2.8ms
[2025-12-05T03:58:15.845+0000][16.084s][info ][gc,phases   ] GC(38)   Post Evacuate Collection Set: 1.0ms
[2025-12-05T03:58:15.845+0000][16.084s][info ][gc,phases   ] GC(38)   Other: 0.1ms
[2025-12-05T03:58:15.845+0000][16.084s][info ][gc,heap     ] GC(38) Eden regions: 125->0(125)
[2025-12-05T03:58:15.845+0000][16.084s][info ][gc,heap     ] GC(38) Survivor regions: 3->4(16)
[2025-12-05T03:58:15.845+0000][16.084s][info ][gc,heap     ] GC(38) Old regions: 75->75
[2025-12-05T03:58:15.845+0000][16.084s][info ][gc,heap     ] GC(38) Archive regions: 2->2
[2025-12-05T03:58:15.845+0000][16.084s][info ][gc,heap     ] GC(38) Humongous regions: 0->0
[2025-12-05T03:58:15.845+0000][16.084s][info ][gc,metaspace] GC(38) Metaspace: 78256K(78848K)->78256K(78848K) NonClass: 68027K(68352K)->68027K(68352K) Class: 10228K(10496K)->10228K(10496K)
[2025-12-05T03:58:15.845+0000][16.084s][info ][gc          ] GC(38) Pause Young (Normal) (G1 Evacuation Pause) 202M->78M(237M) 4.593ms
[2025-12-05T03:58:15.845+0000][16.084s][info ][gc,cpu      ] GC(38) User=0.02s Sys=0.00s Real=0.01s
[2025-12-05T03:58:15.845+0000][16.084s][info ][safepoint   ] Safepoint "G1CollectForAllocation", Time since last: 430637600 ns, Reaching safepoint: 61258 ns, Cleanup: 41871 ns, At safepoint: 4656897 ns, Total: 4760026 ns
[2025-12-05T03:58:16.135+0000][16.375s][debug][safepoint   ] Safepoint synchronization initiated using futex wait barrier. (23 threads)
[2025-12-05T03:58:16.136+0000][16.375s][info ][safepoint   ] Safepoint "ICBufferFull", Time since last: 290482877 ns, Reaching safepoint: 62821 ns, Cleanup: 191068 ns, At safepoint: 5040 ns, Total: 258929 ns
[2025-12-05T03:58:16.208+0000][16.447s][debug][safepoint   ] Safepoint synchronization initiated using futex wait barrier. (24 threads)
[2025-12-05T03:58:16.208+0000][16.447s][info ][safepoint   ] Safepoint "ICBufferFull", Time since last: 71960513 ns, Reaching safepoint: 156381 ns, Cleanup: 95955 ns, At safepoint: 61548 ns, Total: 313884 ns
[2025-12-05T03:58:16.279+0000][16.518s][debug][safepoint   ] Safepoint synchronization initiated using futex wait barrier. (24 threads)
[2025-12-05T03:58:16.280+0000][16.519s][info ][safepoint   ] Safepoint "ICBufferFull", Time since last: 71279191 ns, Reaching safepoint: 155990 ns, Cleanup: 92358 ns, At safepoint: 58733 ns, Total: 307081 ns
[2025-12-05T03:58:16.361+0000][16.600s][debug][safepoint   ] Safepoint synchronization initiated using futex wait barrier. (24 threads)
[2025-12-05T03:58:16.361+0000][16.600s][info ][safepoint   ] Safepoint "ICBufferFull", Time since last: 81111440 ns, Reaching safepoint: 51108 ns, Cleanup: 124930 ns, At safepoint: 31952 ns, Total: 207990 ns
[2025-12-05T03:58:16.368+0000][16.607s][debug][safepoint   ] Safepoint synchronization initiated using futex wait barrier. (24 threads)
[2025-12-05T03:58:16.368+0000][16.607s][info ][gc,start    ] GC(39) Pause Young (Normal) (G1 Evacuation Pause)
[2025-12-05T03:58:16.368+0000][16.607s][info ][gc,task     ] GC(39) Using 5 workers of 13 for evacuation
[2025-12-05T03:58:16.372+0000][16.611s][info ][gc,phases   ] GC(39)   Pre Evacuate Collection Set: 0.2ms
[2025-12-05T03:58:16.372+0000][16.611s][info ][gc,phases   ] GC(39)   Merge Heap Roots: 0.1ms
[2025-12-05T03:58:16.372+0000][16.611s][info ][gc,phases   ] GC(39)   Evacuate Collection Set: 2.6ms
[2025-12-05T03:58:16.372+0000][16.611s][info ][gc,phases   ] GC(39)   Post Evacuate Collection Set: 1.0ms
[2025-12-05T03:58:16.372+0000][16.611s][info ][gc,phases   ] GC(39)   Other: 0.1ms
[2025-12-05T03:58:16.372+0000][16.611s][info ][gc,heap     ] GC(39) Eden regions: 125->0(126)
[2025-12-05T03:58:16.372+0000][16.611s][info ][gc,heap     ] GC(39) Survivor regions: 4->4(17)
[2025-12-05T03:58:16.372+0000][16.611s][info ][gc,heap     ] GC(39) Old regions: 75->75
[2025-12-05T03:58:16.372+0000][16.611s][info ][gc,heap     ] GC(39) Archive regions: 2->2
[2025-12-05T03:58:16.372+0000][16.611s][info ][gc,heap     ] GC(39) Humongous regions: 0->0
[2025-12-05T03:58:16.372+0000][16.611s][info ][gc,metaspace] GC(39) Metaspace: 80641K(81216K)->80641K(81216K) NonClass: 70065K(70336K)->70065K(70336K) Class: 10575K(10880K)->10575K(10880K)
[2025-12-05T03:58:16.372+0000][16.611s][info ][gc          ] GC(39) Pause Young (Normal) (G1 Evacuation Pause) 203M->79M(237M) 4.027ms
[2025-12-05T03:58:16.372+0000][16.611s][info ][gc,cpu      ] GC(39) User=0.03s Sys=0.00s Real=0.01s
[2025-12-05T03:58:16.372+0000][16.611s][info ][safepoint   ] Safepoint "G1CollectForAllocation", Time since last: 7196052 ns, Reaching safepoint: 49966 ns, Cleanup: 21752 ns, At safepoint: 4140861 ns, Total: 4212579 ns
[2025-12-05T03:58:16.508+0000][16.747s][debug][safepoint   ] Safepoint synchronization initiated using futex wait barrier. (24 threads)
[2025-12-05T03:58:16.508+0000][16.747s][info ][safepoint   ] Safepoint "ICBufferFull", Time since last: 135762004 ns, Reaching safepoint: 47862 ns, Cleanup: 157072 ns, At safepoint: 3587 ns, Total: 208521 ns
[2025-12-05T03:58:16.541+0000][16.780s][debug][safepoint   ] Safepoint synchronization initiated using futex wait barrier. (24 threads)
[2025-12-05T03:58:16.541+0000][16.780s][info ][safepoint   ] Safepoint "ICBufferFull", Time since last: 32221289 ns, Reaching safepoint: 50417 ns, Cleanup: 166430 ns, At safepoint: 49204 ns, Total: 266051 ns
[2025-12-05T03:58:16.769+0000][17.008s][debug][safepoint   ] Safepoint synchronization initiated using futex wait barrier. (24 threads)
[2025-12-05T03:58:16.769+0000][17.009s][info ][safepoint   ] Safepoint "ICBufferFull", Time since last: 228498329 ns, Reaching safepoint: 49184 ns, Cleanup: 129900 ns, At safepoint: 2044 ns, Total: 181128 ns
[2025-12-05T03:58:16.886+0000][17.125s][debug][safepoint   ] Safepoint synchronization initiated using futex wait barrier. (24 threads)
[2025-12-05T03:58:16.886+0000][17.125s][info ][gc,start    ] GC(40) Pause Young (Normal) (G1 Evacuation Pause)
[2025-12-05T03:58:16.886+0000][17.125s][info ][gc,task     ] GC(40) Using 5 workers of 13 for evacuation
[2025-12-05T03:58:16.891+0000][17.130s][info ][gc,phases   ] GC(40)   Pre Evacuate Collection Set: 0.1ms
[2025-12-05T03:58:16.891+0000][17.130s][info ][gc,phases   ] GC(40)   Merge Heap Roots: 0.1ms
[2025-12-05T03:58:16.891+0000][17.130s][info ][gc,phases   ] GC(40)   Evacuate Collection Set: 3.8ms
[2025-12-05T03:58:16.891+0000][17.130s][info ][gc,phases   ] GC(40)   Post Evacuate Collection Set: 1.1ms
[2025-12-05T03:58:16.891+0000][17.130s][info ][gc,phases   ] GC(40)   Other: 0.1ms
[2025-12-05T03:58:16.891+0000][17.130s][info ][gc,heap     ] GC(40) Eden regions: 126->0(124)
[2025-12-05T03:58:16.891+0000][17.130s][info ][gc,heap     ] GC(40) Survivor regions: 4->6(17)
[2025-12-05T03:58:16.891+0000][17.130s][info ][gc,heap     ] GC(40) Old regions: 75->75
[2025-12-05T03:58:16.891+0000][17.130s][info ][gc,heap     ] GC(40) Archive regions: 2->2
[2025-12-05T03:58:16.891+0000][17.130s][info ][gc,heap     ] GC(40) Humongous regions: 0->0
[2025-12-05T03:58:16.891+0000][17.130s][info ][gc,metaspace] GC(40) Metaspace: 82131K(82752K)->82131K(82752K) NonClass: 71375K(71680K)->71375K(71680K) Class: 10756K(11072K)->10756K(11072K)
[2025-12-05T03:58:16.891+0000][17.130s][info ][gc          ] GC(40) Pause Young (Normal) (G1 Evacuation Pause) 205M->80M(237M) 5.436ms
[2025-12-05T03:58:16.891+0000][17.130s][info ][gc,cpu      ] GC(40) User=0.02s Sys=0.00s Real=0.01s
[2025-12-05T03:58:16.891+0000][17.130s][info ][safepoint   ] Safepoint "G1CollectForAllocation", Time since last: 116130296 ns, Reaching safepoint: 44245 ns, Cleanup: 56298 ns, At safepoint: 5495444 ns, Total: 5595987 ns
[2025-12-05T03:58:17.383+0000][17.624s][debug][safepoint   ] Safepoint synchronization initiated using futex wait barrier. (22 threads)
[2025-12-05T03:58:17.383+0000][17.624s][info ][gc,start    ] GC(41) Pause Young (Normal) (G1 Evacuation Pause)
[2025-12-05T03:58:17.383+0000][17.624s][info ][gc,task     ] GC(41) Using 5 workers of 13 for evacuation
[2025-12-05T03:58:17.390+0000][17.630s][info ][gc,phases   ] GC(41)   Pre Evacuate Collection Set: 0.3ms
[2025-12-05T03:58:17.390+0000][17.630s][info ][gc,phases   ] GC(41)   Merge Heap Roots: 0.2ms
[2025-12-05T03:58:17.390+0000][17.630s][info ][gc,phases   ] GC(41)   Evacuate Collection Set: 4.7ms
[2025-12-05T03:58:17.390+0000][17.630s][info ][gc,phases   ] GC(41)   Post Evacuate Collection Set: 1.1ms
[2025-12-05T03:58:17.390+0000][17.630s][info ][gc,phases   ] GC(41)   Other: 0.1ms
[2025-12-05T03:58:17.390+0000][17.630s][info ][gc,heap     ] GC(41) Eden regions: 124->0(120)
[2025-12-05T03:58:17.390+0000][17.630s][info ][gc,heap     ] GC(41) Survivor regions: 6->8(17)
[2025-12-05T03:58:17.390+0000][17.630s][info ][gc,heap     ] GC(41) Old regions: 75->75
[2025-12-05T03:58:17.390+0000][17.630s][info ][gc,heap     ] GC(41) Archive regions: 2->2
[2025-12-05T03:58:17.390+0000][17.630s][info ][gc,heap     ] GC(41) Humongous regions: 0->0
[2025-12-05T03:58:17.390+0000][17.630s][info ][gc,metaspace] GC(41) Metaspace: 84681K(85248K)->84681K(85248K) NonClass: 73557K(73856K)->73557K(73856K) Class: 11124K(11392K)->11124K(11392K)
[2025-12-05T03:58:17.390+0000][17.630s][info ][gc          ] GC(41) Pause Young (Normal) (G1 Evacuation Pause) 204M->83M(237M) 6.448ms
[2025-12-05T03:58:17.390+0000][17.630s][info ][gc,cpu      ] GC(41) User=0.03s Sys=0.00s Real=0.01s
[2025-12-05T03:58:17.390+0000][17.630s][info ][safepoint   ] Safepoint "G1CollectForAllocation", Time since last: 493311897 ns, Reaching safepoint: 76537 ns, Cleanup: 176729 ns, At safepoint: 6532384 ns, Total: 6785650 ns
[2025-12-05T03:58:17.691+0000][17.932s][debug][safepoint   ] Safepoint synchronization initiated using futex wait barrier. (24 threads)
[2025-12-05T03:58:17.691+0000][17.932s][info ][safepoint   ] Safepoint "ICBufferFull", Time since last: 301226829 ns, Reaching safepoint: 92858 ns, Cleanup: 279407 ns, At safepoint: 3287 ns, Total: 375552 ns
[2025-12-05T03:58:18.222+0000][18.462s][debug][safepoint   ] Safepoint synchronization initiated using futex wait barrier. (25 threads)
[2025-12-05T03:58:18.222+0000][18.463s][info ][gc,start    ] GC(42) Pause Young (Normal) (G1 Evacuation Pause)
[2025-12-05T03:58:18.222+0000][18.463s][info ][gc,task     ] GC(42) Using 5 workers of 13 for evacuation
[2025-12-05T03:58:18.229+0000][18.470s][info ][gc,phases   ] GC(42)   Pre Evacuate Collection Set: 0.2ms
[2025-12-05T03:58:18.229+0000][18.470s][info ][gc,phases   ] GC(42)   Merge Heap Roots: 0.2ms
[2025-12-05T03:58:18.229+0000][18.470s][info ][gc,phases   ] GC(42)   Evacuate Collection Set: 5.3ms
[2025-12-05T03:58:18.229+0000][18.470s][info ][gc,phases   ] GC(42)   Post Evacuate Collection Set: 1.4ms
[2025-12-05T03:58:18.229+0000][18.470s][info ][gc,phases   ] GC(42)   Other: 0.1ms
[2025-12-05T03:58:18.229+0000][18.470s][info ][gc,heap     ] GC(42) Eden regions: 120->0(116)
[2025-12-05T03:58:18.229+0000][18.470s][info ][gc,heap     ] GC(42) Survivor regions: 8->10(16)
[2025-12-05T03:58:18.229+0000][18.470s][info ][gc,heap     ] GC(42) Old regions: 75->75
[2025-12-05T03:58:18.229+0000][18.470s][info ][gc,heap     ] GC(42) Archive regions: 2->2
[2025-12-05T03:58:18.229+0000][18.470s][info ][gc,heap     ] GC(42) Humongous regions: 0->0
[2025-12-05T03:58:18.230+0000][18.470s][info ][gc,metaspace] GC(42) Metaspace: 89130K(89728K)->89130K(89728K) NonClass: 77410K(77696K)->77410K(77696K) Class: 11719K(12032K)->11719K(12032K)
[2025-12-05T03:58:18.230+0000][18.470s][info ][gc          ] GC(42) Pause Young (Normal) (G1 Evacuation Pause) 203M->85M(237M) 7.380ms
[2025-12-05T03:58:18.230+0000][18.470s][info ][gc,cpu      ] GC(42) User=0.03s Sys=0.01s Real=0.01s
[2025-12-05T03:58:18.230+0000][18.470s][info ][safepoint   ] Safepoint "G1CollectForAllocation", Time since last: 530485608 ns, Reaching safepoint: 50547 ns, Cleanup: 177121 ns, At safepoint: 7508523 ns, Total: 7736191 ns
[2025-12-05T03:58:18.630+0000][18.871s][debug][safepoint   ] Safepoint synchronization initiated using futex wait barrier. (28 threads)
[2025-12-05T03:58:18.631+0000][18.871s][info ][safepoint   ] Safepoint "ICBufferFull", Time since last: 400708026 ns, Reaching safepoint: 150720 ns, Cleanup: 129359 ns, At safepoint: 29116 ns, Total: 309195 ns
[2025-12-05T03:58:18.724+0000][18.964s][debug][safepoint   ] Safepoint synchronization initiated using futex wait barrier. (28 threads)
[2025-12-05T03:58:18.724+0000][18.965s][info ][gc,start    ] GC(43) Pause Young (Normal) (G1 Evacuation Pause)
[2025-12-05T03:58:18.724+0000][18.965s][info ][gc,task     ] GC(43) Using 5 workers of 13 for evacuation
[2025-12-05T03:58:18.736+0000][18.977s][info ][gc,phases   ] GC(43)   Pre Evacuate Collection Set: 0.2ms
[2025-12-05T03:58:18.736+0000][18.977s][info ][gc,phases   ] GC(43)   Merge Heap Roots: 0.2ms
[2025-12-05T03:58:18.736+0000][18.977s][info ][gc,phases   ] GC(43)   Evacuate Collection Set: 10.5ms
[2025-12-05T03:58:18.736+0000][18.977s][info ][gc,phases   ] GC(43)   Post Evacuate Collection Set: 1.2ms
[2025-12-05T03:58:18.736+0000][18.977s][info ][gc,phases   ] GC(43)   Other: 0.1ms
[2025-12-05T03:58:18.736+0000][18.977s][info ][gc,heap     ] GC(43) Eden regions: 116->0(94)
[2025-12-05T03:58:18.736+0000][18.977s][info ][gc,heap     ] GC(43) Survivor regions: 10->16(16)
[2025-12-05T03:58:18.736+0000][18.977s][info ][gc,heap     ] GC(43) Old regions: 75->82
[2025-12-05T03:58:18.736+0000][18.977s][info ][gc,heap     ] GC(43) Archive regions: 2->2
[2025-12-05T03:58:18.736+0000][18.977s][info ][gc,heap     ] GC(43) Humongous regions: 0->0
[2025-12-05T03:58:18.736+0000][18.977s][info ][gc,metaspace] GC(43) Metaspace: 91300K(91840K)->91300K(91840K) NonClass: 79141K(79424K)->79141K(79424K) Class: 12158K(12416K)->12158K(12416K)
[2025-12-05T03:58:18.736+0000][18.977s][info ][gc          ] GC(43) Pause Young (Normal) (G1 Evacuation Pause) 201M->98M(237M) 12.320ms
[2025-12-05T03:58:18.736+0000][18.977s][info ][gc,cpu      ] GC(43) User=0.09s Sys=0.00s Real=0.01s
[2025-12-05T03:58:18.736+0000][18.977s][info ][safepoint   ] Safepoint "G1CollectForAllocation", Time since last: 93255826 ns, Reaching safepoint: 55937 ns, Cleanup: 92458 ns, At safepoint: 12436135 ns, Total: 12584530 ns
[2025-12-05T03:58:18.871+0000][19.112s][debug][safepoint   ] Safepoint synchronization initiated using futex wait barrier. (28 threads)
[2025-12-05T03:58:18.872+0000][19.112s][info ][gc,start    ] GC(44) Pause Young (Concurrent Start) (G1 Evacuation Pause)
[2025-12-05T03:58:18.872+0000][19.112s][info ][gc,task     ] GC(44) Using 5 workers of 13 for evacuation
[2025-12-05T03:58:18.884+0000][19.125s][info ][gc,phases   ] GC(44)   Pre Evacuate Collection Set: 0.2ms
[2025-12-05T03:58:18.884+0000][19.125s][info ][gc,phases   ] GC(44)   Merge Heap Roots: 0.2ms
[2025-12-05T03:58:18.884+0000][19.125s][info ][gc,phases   ] GC(44)   Evacuate Collection Set: 11.0ms
[2025-12-05T03:58:18.884+0000][19.125s][info ][gc,phases   ] GC(44)   Post Evacuate Collection Set: 1.0ms
[2025-12-05T03:58:18.884+0000][19.125s][info ][gc,phases   ] GC(44)   Other: 0.1ms
[2025-12-05T03:58:18.884+0000][19.125s][info ][gc,heap     ] GC(44) Eden regions: 94->0(82)
[2025-12-05T03:58:18.884+0000][19.125s][info ][gc,heap     ] GC(44) Survivor regions: 16->11(14)
[2025-12-05T03:58:18.884+0000][19.125s][info ][gc,heap     ] GC(44) Old regions: 82->98
[2025-12-05T03:58:18.884+0000][19.125s][info ][gc,heap     ] GC(44) Archive regions: 2->2
[2025-12-05T03:58:18.884+0000][19.125s][info ][gc,heap     ] GC(44) Humongous regions: 1->1
[2025-12-05T03:58:18.884+0000][19.125s][info ][gc,metaspace] GC(44) Metaspace: 91324K(91904K)->91324K(91904K) NonClass: 79165K(79488K)->79165K(79488K) Class: 12158K(12416K)->12158K(12416K)
[2025-12-05T03:58:18.884+0000][19.125s][info ][gc          ] GC(44) Pause Young (Concurrent Start) (G1 Evacuation Pause) 193M->110M(237M) 12.678ms
[2025-12-05T03:58:18.884+0000][19.125s][info ][gc,cpu      ] GC(44) User=0.08s Sys=0.00s Real=0.01s
[2025-12-05T03:58:18.884+0000][19.125s][info ][gc          ] GC(45) Concurrent Mark Cycle
[2025-12-05T03:58:18.884+0000][19.125s][info ][gc,marking  ] GC(45) Concurrent Clear Claimed Marks
[2025-12-05T03:58:18.884+0000][19.125s][info ][safepoint   ] Safepoint "G1CollectForAllocation", Time since last: 134907912 ns, Reaching safepoint: 60577 ns, Cleanup: 42582 ns, At safepoint: 12856053 ns, Total: 12959212 ns
[2025-12-05T03:58:18.884+0000][19.125s][info ][gc,marking  ] GC(45) Concurrent Clear Claimed Marks 0.089ms
[2025-12-05T03:58:18.884+0000][19.125s][info ][gc,marking  ] GC(45) Concurrent Scan Root Regions
[2025-12-05T03:58:18.890+0000][19.131s][info ][gc,marking  ] GC(45) Concurrent Scan Root Regions 5.998ms
[2025-12-05T03:58:18.890+0000][19.131s][info ][gc,marking  ] GC(45) Concurrent Mark
[2025-12-05T03:58:18.890+0000][19.131s][info ][gc,marking  ] GC(45) Concurrent Mark From Roots
[2025-12-05T03:58:18.890+0000][19.131s][info ][gc,task     ] GC(45) Using 3 workers of 3 for marking
[2025-12-05T03:58:18.934+0000][19.174s][info ][gc,marking  ] GC(45) Concurrent Mark From Roots 43.307ms
[2025-12-05T03:58:18.934+0000][19.174s][info ][gc,marking  ] GC(45) Concurrent Preclean
[2025-12-05T03:58:18.934+0000][19.175s][info ][gc,marking  ] GC(45) Concurrent Preclean 0.397ms
[2025-12-05T03:58:18.934+0000][19.175s][debug][safepoint   ] Safepoint synchronization initiated using futex wait barrier. (27 threads)
[2025-12-05T03:58:18.934+0000][19.175s][info ][gc,start    ] GC(45) Pause Remark
[2025-12-05T03:58:18.940+0000][19.181s][info ][gc          ] GC(45) Pause Remark 121M->120M(237M) 5.699ms
[2025-12-05T03:58:18.940+0000][19.181s][info ][gc,cpu      ] GC(45) User=0.03s Sys=0.00s Real=0.00s
[2025-12-05T03:58:18.940+0000][19.181s][info ][safepoint   ] Safepoint "G1PauseRemark", Time since last: 49961891 ns, Reaching safepoint: 123758 ns, Cleanup: 14016 ns, At safepoint: 5865575 ns, Total: 6003349 ns
[2025-12-05T03:58:18.940+0000][19.181s][info ][gc,marking  ] GC(45) Concurrent Mark 49.973ms
[2025-12-05T03:58:18.940+0000][19.181s][info ][gc,marking  ] GC(45) Concurrent Rebuild Remembered Sets
[2025-12-05T03:58:18.966+0000][19.206s][info ][gc,marking  ] GC(45) Concurrent Rebuild Remembered Sets 25.325ms
[2025-12-05T03:58:18.966+0000][19.206s][debug][safepoint   ] Safepoint synchronization initiated using futex wait barrier. (27 threads)
[2025-12-05T03:58:18.966+0000][19.207s][info ][gc,start    ] GC(45) Pause Cleanup
[2025-12-05T03:58:18.966+0000][19.207s][info ][gc          ] GC(45) Pause Cleanup 123M->123M(237M) 0.180ms
[2025-12-05T03:58:18.966+0000][19.207s][info ][gc,cpu      ] GC(45) User=0.00s Sys=0.00s Real=0.00s
[2025-12-05T03:58:18.966+0000][19.207s][info ][safepoint   ] Safepoint "G1PauseCleanup", Time since last: 25585103 ns, Reaching safepoint: 18766 ns, Cleanup: 7825 ns, At safepoint: 215805 ns, Total: 242396 ns
[2025-12-05T03:58:18.966+0000][19.207s][info ][gc,marking  ] GC(45) Concurrent Cleanup for Next Mark
[2025-12-05T03:58:18.966+0000][19.207s][info ][gc,marking  ] GC(45) Concurrent Cleanup for Next Mark 0.248ms
[2025-12-05T03:58:18.966+0000][19.207s][info ][gc          ] GC(45) Concurrent Mark Cycle 82.172ms
[2025-12-05T03:58:19.089+0000][19.329s][debug][safepoint   ] Safepoint synchronization initiated using futex wait barrier. (27 threads)
[2025-12-05T03:58:19.089+0000][19.330s][info ][gc,start    ] GC(46) Pause Young (Prepare Mixed) (G1 Evacuation Pause)
[2025-12-05T03:58:19.089+0000][19.330s][info ][gc,task     ] GC(46) Using 5 workers of 13 for evacuation
[2025-12-05T03:58:19.098+0000][19.338s][info ][gc,phases   ] GC(46)   Pre Evacuate Collection Set: 0.2ms
[2025-12-05T03:58:19.098+0000][19.338s][info ][gc,phases   ] GC(46)   Merge Heap Roots: 0.2ms
[2025-12-05T03:58:19.098+0000][19.338s][info ][gc,phases   ] GC(46)   Evacuate Collection Set: 7.3ms
[2025-12-05T03:58:19.098+0000][19.338s][info ][gc,phases   ] GC(46)   Post Evacuate Collection Set: 1.0ms
[2025-12-05T03:58:19.098+0000][19.338s][info ][gc,phases   ] GC(46)   Other: 0.2ms
[2025-12-05T03:58:19.098+0000][19.338s][info ][gc,heap     ] GC(46) Eden regions: 82->0(8)
[2025-12-05T03:58:19.098+0000][19.338s][info ][gc,heap     ] GC(46) Survivor regions: 11->3(12)
[2025-12-05T03:58:19.098+0000][19.338s][info ][gc,heap     ] GC(46) Old regions: 98->107
[2025-12-05T03:58:19.098+0000][19.338s][info ][gc,heap     ] GC(46) Archive regions: 2->2
[2025-12-05T03:58:19.098+0000][19.338s][info ][gc,heap     ] GC(46) Humongous regions: 0->0
[2025-12-05T03:58:19.098+0000][19.338s][info ][gc,metaspace] GC(46) Metaspace: 92695K(93248K)->92695K(93248K) NonClass: 80158K(80448K)->80158K(80448K) Class: 12536K(12800K)->12536K(12800K)
[2025-12-05T03:58:19.098+0000][19.338s][info ][gc          ] GC(46) Pause Young (Prepare Mixed) (G1 Evacuation Pause) 191M->109M(237M) 8.906ms
[2025-12-05T03:58:19.098+0000][19.338s][info ][gc,cpu      ] GC(46) User=0.04s Sys=0.00s Real=0.01s
[2025-12-05T03:58:19.098+0000][19.338s][info ][safepoint   ] Safepoint "G1CollectForAllocation", Time since last: 122695361 ns, Reaching safepoint: 52460 ns, Cleanup: 23025 ns, At safepoint: 8982401 ns, Total: 9057886 ns
[2025-12-05T03:58:19.108+0000][19.349s][debug][safepoint   ] Safepoint synchronization initiated using futex wait barrier. (27 threads)
[2025-12-05T03:58:19.108+0000][19.349s][info ][gc,start    ] GC(47) Pause Young (Mixed) (G1 Evacuation Pause)
[2025-12-05T03:58:19.108+0000][19.349s][info ][gc,task     ] GC(47) Using 5 workers of 13 for evacuation
[2025-12-05T03:58:19.112+0000][19.353s][info ][gc,phases   ] GC(47)   Pre Evacuate Collection Set: 0.2ms
[2025-12-05T03:58:19.112+0000][19.353s][info ][gc,phases   ] GC(47)   Merge Heap Roots: 0.1ms
[2025-12-05T03:58:19.112+0000][19.353s][info ][gc,phases   ] GC(47)   Evacuate Collection Set: 2.7ms
[2025-12-05T03:58:19.112+0000][19.353s][info ][gc,phases   ] GC(47)   Post Evacuate Collection Set: 0.9ms
[2025-12-05T03:58:19.112+0000][19.353s][info ][gc,phases   ] GC(47)   Other: 0.1ms
[2025-12-05T03:58:19.112+0000][19.353s][info ][gc,heap     ] GC(47) Eden regions: 8->0(86)
[2025-12-05T03:58:19.112+0000][19.353s][info ][gc,heap     ] GC(47) Survivor regions: 3->1(2)
[2025-12-05T03:58:19.112+0000][19.353s][info ][gc,heap     ] GC(47) Old regions: 107->107
[2025-12-05T03:58:19.112+0000][19.353s][info ][gc,heap     ] GC(47) Archive regions: 2->2
[2025-12-05T03:58:19.112+0000][19.353s][info ][gc,heap     ] GC(47) Humongous regions: 0->0
[2025-12-05T03:58:19.112+0000][19.353s][info ][gc,metaspace] GC(47) Metaspace: 92702K(93248K)->92702K(93248K) NonClass: 80166K(80448K)->80166K(80448K) Class: 12536K(12800K)->12536K(12800K)
[2025-12-05T03:58:19.112+0000][19.353s][info ][gc          ] GC(47) Pause Young (Mixed) (G1 Evacuation Pause) 117M->108M(237M) 4.119ms
[2025-12-05T03:58:19.112+0000][19.353s][info ][gc,cpu      ] GC(47) User=0.01s Sys=0.00s Real=0.01s
[2025-12-05T03:58:19.112+0000][19.353s][info ][safepoint   ] Safepoint "G1CollectForAllocation", Time since last: 10145534 ns, Reaching safepoint: 57511 ns, Cleanup: 9889 ns, At safepoint: 4258771 ns, Total: 4326171 ns
[2025-12-05T03:58:19.202+0000][19.443s][debug][safepoint   ] Safepoint synchronization initiated using futex wait barrier. (25 threads)
[2025-12-05T03:58:19.202+0000][19.443s][info ][gc,start    ] GC(48) Pause Young (Normal) (G1 Evacuation Pause)
[2025-12-05T03:58:19.202+0000][19.443s][info ][gc,task     ] GC(48) Using 5 workers of 13 for evacuation
[2025-12-05T03:58:19.219+0000][19.459s][info ][gc,phases   ] GC(48)   Pre Evacuate Collection Set: 0.2ms
[2025-12-05T03:58:19.219+0000][19.459s][info ][gc,phases   ] GC(48)   Merge Heap Roots: 0.1ms
[2025-12-05T03:58:19.219+0000][19.459s][info ][gc,phases   ] GC(48)   Evacuate Collection Set: 14.5ms
[2025-12-05T03:58:19.219+0000][19.459s][info ][gc,phases   ] GC(48)   Post Evacuate Collection Set: 1.7ms
[2025-12-05T03:58:19.219+0000][19.459s][info ][gc,phases   ] GC(48)   Other: 0.1ms
[2025-12-05T03:58:19.219+0000][19.459s][info ][gc,heap     ] GC(48) Eden regions: 86->0(72)
[2025-12-05T03:58:19.219+0000][19.459s][info ][gc,heap     ] GC(48) Survivor regions: 1->11(11)
[2025-12-05T03:58:19.219+0000][19.459s][info ][gc,heap     ] GC(48) Old regions: 107->129
[2025-12-05T03:58:19.219+0000][19.459s][info ][gc,heap     ] GC(48) Archive regions: 2->2
[2025-12-05T03:58:19.219+0000][19.459s][info ][gc,heap     ] GC(48) Humongous regions: 3->3
[2025-12-05T03:58:19.219+0000][19.459s][info ][gc,metaspace] GC(48) Metaspace: 92704K(93248K)->92704K(93248K) NonClass: 80168K(80448K)->80168K(80448K) Class: 12536K(12800K)->12536K(12800K)
[2025-12-05T03:58:19.219+0000][19.459s][info ][gc          ] GC(48) Pause Young (Normal) (G1 Evacuation Pause) 197M->143M(285M) 16.847ms
[2025-12-05T03:58:19.219+0000][19.459s][info ][gc,cpu      ] GC(48) User=0.08s Sys=0.00s Real=0.01s
[2025-12-05T03:58:19.219+0000][19.460s][info ][safepoint   ] Safepoint "G1CollectForAllocation", Time since last: 89574823 ns, Reaching safepoint: 82008 ns, Cleanup: 14538 ns, At safepoint: 16921297 ns, Total: 17017843 ns
[2025-12-05T03:58:19.395+0000][19.636s][debug][safepoint   ] Safepoint synchronization initiated using futex wait barrier. (21 threads)
[2025-12-05T03:58:19.395+0000][19.636s][info ][gc,start    ] GC(49) Pause Young (Normal) (G1 Evacuation Pause)
[2025-12-05T03:58:19.395+0000][19.636s][info ][gc,task     ] GC(49) Using 6 workers of 13 for evacuation
[2025-12-05T03:58:19.417+0000][19.657s][info ][gc,phases   ] GC(49)   Pre Evacuate Collection Set: 0.2ms
[2025-12-05T03:58:19.417+0000][19.657s][info ][gc,phases   ] GC(49)   Merge Heap Roots: 0.3ms
[2025-12-05T03:58:19.417+0000][19.657s][info ][gc,phases   ] GC(49)   Evacuate Collection Set: 20.0ms
[2025-12-05T03:58:19.417+0000][19.657s][info ][gc,phases   ] GC(49)   Post Evacuate Collection Set: 0.9ms
[2025-12-05T03:58:19.417+0000][19.657s][info ][gc,phases   ] GC(49)   Other: 0.1ms
[2025-12-05T03:58:19.417+0000][19.657s][info ][gc,heap     ] GC(49) Eden regions: 72->0(47)
[2025-12-05T03:58:19.417+0000][19.657s][info ][gc,heap     ] GC(49) Survivor regions: 11->11(11)
[2025-12-05T03:58:19.417+0000][19.657s][info ][gc,heap     ] GC(49) Old regions: 129->157
[2025-12-05T03:58:19.417+0000][19.657s][info ][gc,heap     ] GC(49) Archive regions: 2->2
[2025-12-05T03:58:19.417+0000][19.657s][info ][gc,heap     ] GC(49) Humongous regions: 4->4
[2025-12-05T03:58:19.417+0000][19.657s][info ][gc,metaspace] GC(49) Metaspace: 92717K(93248K)->92717K(93248K) NonClass: 80180K(80448K)->80180K(80448K) Class: 12536K(12800K)->12536K(12800K)
[2025-12-05T03:58:19.417+0000][19.658s][info ][gc          ] GC(49) Pause Young (Normal) (G1 Evacuation Pause) 216M->172M(285M) 21.667ms
[2025-12-05T03:58:19.417+0000][19.658s][info ][gc,cpu      ] GC(49) User=0.12s Sys=0.00s Real=0.02s
[2025-12-05T03:58:19.417+0000][19.658s][info ][safepoint   ] Safepoint "G1CollectForAllocation", Time since last: 176219526 ns, Reaching safepoint: 56228 ns, Cleanup: 4348 ns, At safepoint: 21819773 ns, Total: 21880349 ns
[2025-12-05T03:58:19.470+0000][19.711s][debug][safepoint   ] Safepoint synchronization initiated using futex wait barrier. (21 threads)
[2025-12-05T03:58:19.471+0000][19.711s][info ][gc,start    ] GC(50) Pause Young (Concurrent Start) (G1 Evacuation Pause)
[2025-12-05T03:58:19.471+0000][19.711s][info ][gc,task     ] GC(50) Using 6 workers of 13 for evacuation
[2025-12-05T03:58:19.487+0000][19.728s][info ][gc,phases   ] GC(50)   Pre Evacuate Collection Set: 0.4ms
[2025-12-05T03:58:19.487+0000][19.728s][info ][gc,phases   ] GC(50)   Merge Heap Roots: 0.3ms
[2025-12-05T03:58:19.487+0000][19.728s][info ][gc,phases   ] GC(50)   Evacuate Collection Set: 15.0ms
[2025-12-05T03:58:19.487+0000][19.728s][info ][gc,phases   ] GC(50)   Post Evacuate Collection Set: 0.9ms
[2025-12-05T03:58:19.487+0000][19.728s][info ][gc,phases   ] GC(50)   Other: 0.2ms
[2025-12-05T03:58:19.487+0000][19.728s][info ][gc,heap     ] GC(50) Eden regions: 47->0(42)
[2025-12-05T03:58:19.487+0000][19.728s][info ][gc,heap     ] GC(50) Survivor regions: 11->8(8)
[2025-12-05T03:58:19.487+0000][19.728s][info ][gc,heap     ] GC(50) Old regions: 157->170
[2025-12-05T03:58:19.487+0000][19.728s][info ][gc,heap     ] GC(50) Archive regions: 2->2
[2025-12-05T03:58:19.487+0000][19.728s][info ][gc,heap     ] GC(50) Humongous regions: 4->4
[2025-12-05T03:58:19.487+0000][19.728s][info ][gc,metaspace] GC(50) Metaspace: 92719K(93248K)->92719K(93248K) NonClass: 80183K(80448K)->80183K(80448K) Class: 12536K(12800K)->12536K(12800K)
[2025-12-05T03:58:19.487+0000][19.728s][info ][gc          ] GC(50) Pause Young (Concurrent Start) (G1 Evacuation Pause) 219M->182M(285M) 16.931ms
[2025-12-05T03:58:19.488+0000][19.728s][info ][gc,cpu      ] GC(50) User=0.09s Sys=0.00s Real=0.01s
[2025-12-05T03:58:19.488+0000][19.728s][info ][safepoint   ] Safepoint "G1CollectForAllocation", Time since last: 53324947 ns, Reaching safepoint: 91375 ns, Cleanup: 23395 ns, At safepoint: 17045146 ns, Total: 17159916 ns
[2025-12-05T03:58:19.488+0000][19.728s][info ][gc          ] GC(51) Concurrent Mark Cycle
[2025-12-05T03:58:19.488+0000][19.728s][info ][gc,marking  ] GC(51) Concurrent Clear Claimed Marks
[2025-12-05T03:58:19.488+0000][19.728s][info ][gc,marking  ] GC(51) Concurrent Clear Claimed Marks 0.090ms
[2025-12-05T03:58:19.488+0000][19.728s][info ][gc,marking  ] GC(51) Concurrent Scan Root Regions
[2025-12-05T03:58:19.491+0000][19.732s][info ][gc,marking  ] GC(51) Concurrent Scan Root Regions 3.478ms
[2025-12-05T03:58:19.491+0000][19.732s][info ][gc,marking  ] GC(51) Concurrent Mark
[2025-12-05T03:58:19.491+0000][19.732s][info ][gc,marking  ] GC(51) Concurrent Mark From Roots
[2025-12-05T03:58:19.491+0000][19.732s][info ][gc,task     ] GC(51) Using 3 workers of 3 for marking
[2025-12-05T03:58:19.576+0000][19.816s][info ][gc,marking  ] GC(51) Concurrent Mark From Roots 84.310ms
[2025-12-05T03:58:19.576+0000][19.816s][info ][gc,marking  ] GC(51) Concurrent Preclean
[2025-12-05T03:58:19.576+0000][19.817s][info ][gc,marking  ] GC(51) Concurrent Preclean 0.496ms
[2025-12-05T03:58:19.576+0000][19.817s][debug][safepoint   ] Safepoint synchronization initiated using futex wait barrier. (21 threads)
[2025-12-05T03:58:19.577+0000][19.817s][debug][safepoint   ] ... found polling page loop exception at pc = 0x000073c2e14f365c, stub =0x000073c2e0a04400
[2025-12-05T03:58:19.577+0000][19.817s][info ][gc,start    ] GC(51) Pause Remark
[2025-12-05T03:58:19.584+0000][19.825s][info ][gc          ] GC(51) Pause Remark 221M->208M(350M) 7.128ms
[2025-12-05T03:58:19.584+0000][19.825s][info ][gc,cpu      ] GC(51) User=0.02s Sys=0.01s Real=0.01s
[2025-12-05T03:58:19.584+0000][19.825s][info ][safepoint   ] Safepoint "G1PauseRemark", Time since last: 88761516 ns, Reaching safepoint: 509149 ns, Cleanup: 5861 ns, At safepoint: 7272149 ns, Total: 7787159 ns
[2025-12-05T03:58:19.584+0000][19.825s][info ][gc,marking  ] GC(51) Concurrent Mark 92.914ms
[2025-12-05T03:58:19.584+0000][19.825s][info ][gc,marking  ] GC(51) Concurrent Rebuild Remembered Sets
[2025-12-05T03:58:19.624+0000][19.865s][debug][safepoint   ] Safepoint synchronization initiated using futex wait barrier. (21 threads)
[2025-12-05T03:58:19.625+0000][19.865s][info ][gc,start    ] GC(52) Pause Young (Normal) (G1 Evacuation Pause)
[2025-12-05T03:58:19.625+0000][19.865s][info ][gc,task     ] GC(52) Using 8 workers of 13 for evacuation
[2025-12-05T03:58:19.632+0000][19.873s][info ][gc,phases   ] GC(52)   Pre Evacuate Collection Set: 0.3ms
[2025-12-05T03:58:19.632+0000][19.873s][info ][gc,phases   ] GC(52)   Merge Heap Roots: 0.2ms
[2025-12-05T03:58:19.632+0000][19.873s][info ][gc,phases   ] GC(52)   Evacuate Collection Set: 6.1ms
[2025-12-05T03:58:19.632+0000][19.873s][info ][gc,phases   ] GC(52)   Post Evacuate Collection Set: 1.1ms
[2025-12-05T03:58:19.632+0000][19.873s][info ][gc,phases   ] GC(52)   Other: 0.2ms
[2025-12-05T03:58:19.633+0000][19.873s][info ][gc,heap     ] GC(52) Eden regions: 42->0(82)
[2025-12-05T03:58:19.633+0000][19.873s][info ][gc,heap     ] GC(52) Survivor regions: 8->4(7)
[2025-12-05T03:58:19.633+0000][19.873s][info ][gc,heap     ] GC(52) Old regions: 161->170
[2025-12-05T03:58:19.633+0000][19.873s][info ][gc,heap     ] GC(52) Archive regions: 2->2
[2025-12-05T03:58:19.633+0000][19.873s][info ][gc,heap     ] GC(52) Humongous regions: 0->0
[2025-12-05T03:58:19.633+0000][19.873s][info ][gc,metaspace] GC(52) Metaspace: 93329K(93888K)->93329K(93888K) NonClass: 80730K(81024K)->80730K(81024K) Class: 12598K(12864K)->12598K(12864K)
[2025-12-05T03:58:19.633+0000][19.873s][info ][gc          ] GC(52) Pause Young (Normal) (G1 Evacuation Pause) 211M->174M(350M) 7.999ms
[2025-12-05T03:58:19.633+0000][19.873s][info ][gc,cpu      ] GC(52) User=0.03s Sys=0.02s Real=0.01s
[2025-12-05T03:58:19.633+0000][19.873s][info ][safepoint   ] Safepoint "G1CollectForAllocation", Time since last: 40225806 ns, Reaching safepoint: 190806 ns, Cleanup: 4649 ns, At safepoint: 8146119 ns, Total: 8341574 ns
[2025-12-05T03:58:19.634+0000][19.874s][info ][gc,marking  ] GC(51) Concurrent Rebuild Remembered Sets 49.636ms
[2025-12-05T03:58:19.634+0000][19.875s][debug][safepoint   ] Safepoint synchronization initiated using futex wait barrier. (21 threads)
[2025-12-05T03:58:19.634+0000][19.875s][debug][safepoint   ] ... found polling page loop exception at pc = 0x000073c2e14f365c, stub =0x000073c2e0a04400
[2025-12-05T03:58:19.634+0000][19.875s][info ][gc,start    ] GC(51) Pause Cleanup
[2025-12-05T03:58:19.634+0000][19.875s][info ][gc          ] GC(51) Pause Cleanup 174M->174M(350M) 0.301ms
[2025-12-05T03:58:19.634+0000][19.875s][info ][gc,cpu      ] GC(51) User=0.00s Sys=0.00s Real=0.00s
[2025-12-05T03:58:19.634+0000][19.875s][info ][safepoint   ] Safepoint "G1PauseCleanup", Time since last: 1292054 ns, Reaching safepoint: 128878 ns, Cleanup: 4579 ns, At safepoint: 362446 ns, Total: 495903 ns
[2025-12-05T03:58:19.635+0000][19.875s][info ][gc,marking  ] GC(51) Concurrent Cleanup for Next Mark
[2025-12-05T03:58:19.636+0000][19.877s][info ][gc,marking  ] GC(51) Concurrent Cleanup for Next Mark 1.724ms
[2025-12-05T03:58:19.636+0000][19.877s][info ][gc          ] GC(51) Concurrent Mark Cycle 148.705ms
[2025-12-05T03:58:20.265+0000][20.505s][debug][safepoint   ] Safepoint synchronization initiated using futex wait barrier. (23 threads)
[2025-12-05T03:58:20.265+0000][20.506s][info ][gc,start    ] GC(53) Pause Young (Prepare Mixed) (G1 Evacuation Pause)
[2025-12-05T03:58:20.265+0000][20.506s][info ][gc,task     ] GC(53) Using 8 workers of 13 for evacuation
[2025-12-05T03:58:20.280+0000][20.520s][info ][gc,phases   ] GC(53)   Pre Evacuate Collection Set: 0.3ms
[2025-12-05T03:58:20.280+0000][20.520s][info ][gc,phases   ] GC(53)   Merge Heap Roots: 0.3ms
[2025-12-05T03:58:20.280+0000][20.520s][info ][gc,phases   ] GC(53)   Evacuate Collection Set: 4.3ms
[2025-12-05T03:58:20.280+0000][20.520s][info ][gc,phases   ] GC(53)   Post Evacuate Collection Set: 9.8ms
[2025-12-05T03:58:20.280+0000][20.520s][info ][gc,phases   ] GC(53)   Other: 0.2ms
[2025-12-05T03:58:20.280+0000][20.520s][info ][gc,heap     ] GC(53) Eden regions: 82->0(28)
[2025-12-05T03:58:20.280+0000][20.520s][info ][gc,heap     ] GC(53) Survivor regions: 4->5(11)
[2025-12-05T03:58:20.280+0000][20.520s][info ][gc,heap     ] GC(53) Old regions: 170->170
[2025-12-05T03:58:20.280+0000][20.520s][info ][gc,heap     ] GC(53) Archive regions: 2->2
[2025-12-05T03:58:20.280+0000][20.520s][info ][gc,heap     ] GC(53) Humongous regions: 0->0
[2025-12-05T03:58:20.280+0000][20.520s][info ][gc,metaspace] GC(53) Metaspace: 97004K(97600K)->97004K(97600K) NonClass: 83855K(84160K)->83855K(84160K) Class: 13149K(13440K)->13149K(13440K)
[2025-12-05T03:58:20.280+0000][20.521s][info ][gc          ] GC(53) Pause Young (Prepare Mixed) (G1 Evacuation Pause) 256M->175M(660M) 14.952ms
[2025-12-05T03:58:20.280+0000][20.521s][info ][gc,cpu      ] GC(53) User=0.06s Sys=0.01s Real=0.01s
[2025-12-05T03:58:20.280+0000][20.521s][info ][safepoint   ] Safepoint "G1CollectForAllocation", Time since last: 630275041 ns, Reaching safepoint: 70536 ns, Cleanup: 137564 ns, At safepoint: 15173198 ns, Total: 15381298 ns
[2025-12-05T03:58:20.572+0000][20.812s][debug][safepoint   ] Safepoint synchronization initiated using futex wait barrier. (25 threads)
[2025-12-05T03:58:20.572+0000][20.812s][info ][gc,start    ] GC(54) Pause Young (Mixed) (G1 Evacuation Pause)
[2025-12-05T03:58:20.572+0000][20.812s][info ][gc,task     ] GC(54) Using 13 workers of 13 for evacuation
[2025-12-05T03:58:20.577+0000][20.818s][info ][gc,phases   ] GC(54)   Pre Evacuate Collection Set: 0.5ms
[2025-12-05T03:58:20.577+0000][20.818s][info ][gc,phases   ] GC(54)   Merge Heap Roots: 0.3ms
[2025-12-05T03:58:20.577+0000][20.818s][info ][gc,phases   ] GC(54)   Evacuate Collection Set: 3.1ms
[2025-12-05T03:58:20.577+0000][20.818s][info ][gc,phases   ] GC(54)   Post Evacuate Collection Set: 1.4ms
[2025-12-05T03:58:20.577+0000][20.818s][info ][gc,phases   ] GC(54)   Other: 0.2ms
[2025-12-05T03:58:20.577+0000][20.818s][info ][gc,heap     ] GC(54) Eden regions: 28->0(278)
[2025-12-05T03:58:20.577+0000][20.818s][info ][gc,heap     ] GC(54) Survivor regions: 5->3(5)
[2025-12-05T03:58:20.577+0000][20.818s][info ][gc,heap     ] GC(54) Old regions: 170->167
[2025-12-05T03:58:20.577+0000][20.818s][info ][gc,heap     ] GC(54) Archive regions: 2->2
[2025-12-05T03:58:20.577+0000][20.818s][info ][gc,heap     ] GC(54) Humongous regions: 0->0
[2025-12-05T03:58:20.577+0000][20.818s][info ][gc,metaspace] GC(54) Metaspace: 98412K(99008K)->98412K(99008K) NonClass: 85087K(85376K)->85087K(85376K) Class: 13325K(13632K)->13325K(13632K)
[2025-12-05T03:58:20.578+0000][20.818s][info ][gc          ] GC(54) Pause Young (Mixed) (G1 Evacuation Pause) 203M->169M(660M) 5.620ms
[2025-12-05T03:58:20.578+0000][20.818s][info ][gc,cpu      ] GC(54) User=0.04s Sys=0.01s Real=0.00s
[2025-12-05T03:58:20.578+0000][20.818s][info ][safepoint   ] Safepoint "G1CollectForAllocation", Time since last: 291447816 ns, Reaching safepoint: 218510 ns, Cleanup: 97548 ns, At safepoint: 5770122 ns, Total: 6086180 ns
[2025-12-05T03:58:21.401+0000][21.642s][debug][safepoint   ] Safepoint synchronization initiated using futex wait barrier. (25 threads)
[2025-12-05T03:58:21.401+0000][21.642s][info ][safepoint   ] Safepoint "ICBufferFull", Time since last: 823592743 ns, Reaching safepoint: 43734 ns, Cleanup: 154407 ns, At safepoint: 2375 ns, Total: 200516 ns
[2025-12-05T03:58:22.868+0000][23.109s][debug][safepoint   ] Safepoint synchronization initiated using futex wait barrier. (26 threads)
[2025-12-05T03:58:22.868+0000][23.109s][info ][safepoint   ] Safepoint "ICBufferFull", Time since last: 1466845332 ns, Reaching safepoint: 49846 ns, Cleanup: 147353 ns, At safepoint: 2244 ns, Total: 199443 ns
[2025-12-05T03:58:23.117+0000][23.357s][debug][safepoint   ] Safepoint synchronization initiated using futex wait barrier. (29 threads)
[2025-12-05T03:58:23.117+0000][23.357s][info ][gc,start    ] GC(55) Pause Young (Normal) (G1 Evacuation Pause)
[2025-12-05T03:58:23.117+0000][23.357s][info ][gc,task     ] GC(55) Using 13 workers of 13 for evacuation
[2025-12-05T03:58:23.127+0000][23.368s][info ][gc,phases   ] GC(55)   Pre Evacuate Collection Set: 0.4ms
[2025-12-05T03:58:23.127+0000][23.368s][info ][gc,phases   ] GC(55)   Merge Heap Roots: 0.3ms
[2025-12-05T03:58:23.127+0000][23.368s][info ][gc,phases   ] GC(55)   Evacuate Collection Set: 8.0ms
[2025-12-05T03:58:23.127+0000][23.368s][info ][gc,phases   ] GC(55)   Post Evacuate Collection Set: 1.9ms
[2025-12-05T03:58:23.127+0000][23.368s][info ][gc,phases   ] GC(55)   Other: 0.1ms
[2025-12-05T03:58:23.127+0000][23.368s][info ][gc,heap     ] GC(55) Eden regions: 278->0(338)
[2025-12-05T03:58:23.127+0000][23.368s][info ][gc,heap     ] GC(55) Survivor regions: 3->10(36)
[2025-12-05T03:58:23.127+0000][23.368s][info ][gc,heap     ] GC(55) Old regions: 167->167
[2025-12-05T03:58:23.127+0000][23.368s][info ][gc,heap     ] GC(55) Archive regions: 2->2
[2025-12-05T03:58:23.128+0000][23.368s][info ][gc,heap     ] GC(55) Humongous regions: 0->0
[2025-12-05T03:58:23.128+0000][23.368s][info ][gc,metaspace] GC(55) Metaspace: 105923K(106560K)->105923K(106560K) NonClass: 91943K(92288K)->91943K(92288K) Class: 13979K(14272K)->13979K(14272K)
[2025-12-05T03:58:23.128+0000][23.368s][info ][gc          ] GC(55) Pause Young (Normal) (G1 Evacuation Pause) 447M->177M(660M) 10.802ms
[2025-12-05T03:58:23.128+0000][23.368s][info ][gc,cpu      ] GC(55) User=0.06s Sys=0.05s Real=0.01s
[2025-12-05T03:58:23.128+0000][23.368s][info ][safepoint   ] Safepoint "G1CollectForAllocation", Time since last: 248144736 ns, Reaching safepoint: 56709 ns, Cleanup: 22022 ns, At safepoint: 10905183 ns, Total: 10983914 ns
[2025-12-05T03:58:24.190+0000][24.431s][debug][safepoint   ] Safepoint synchronization initiated using futex wait barrier. (31 threads)
[2025-12-05T03:58:24.190+0000][24.431s][debug][safepoint   ] ... found polling page loop exception at pc = 0x000073c2e14222d6, stub =0x000073c2e0a04400
[2025-12-05T03:58:24.191+0000][24.431s][info ][safepoint   ] Safepoint "Cleanup", Time since last: 1062619374 ns, Reaching safepoint: 173894 ns, Cleanup: 115773 ns, At safepoint: 57380 ns, Total: 347047 ns
[2025-12-05T03:58:25.191+0000][25.431s][debug][safepoint   ] Safepoint synchronization initiated using futex wait barrier. (39 threads)
[2025-12-05T03:58:25.191+0000][25.431s][debug][safepoint   ] ... found polling page loop exception at pc = 0x000073c2e159ed88, stub =0x000073c2e0a04400
[2025-12-05T03:58:25.191+0000][25.432s][info ][safepoint   ] Safepoint "Cleanup", Time since last: 1000196664 ns, Reaching safepoint: 185812 ns, Cleanup: 180568 ns, At safepoint: 59664 ns, Total: 426044 ns
[2025-12-05T03:58:25.654+0000][25.895s][debug][safepoint   ] Safepoint synchronization initiated using futex wait barrier. (38 threads)
[2025-12-05T03:58:25.654+0000][25.895s][info ][gc,start    ] GC(56) Pause Young (Normal) (G1 Evacuation Pause)
[2025-12-05T03:58:25.654+0000][25.895s][info ][gc,task     ] GC(56) Using 13 workers of 13 for evacuation
[2025-12-05T03:58:25.663+0000][25.903s][info ][gc,phases   ] GC(56)   Pre Evacuate Collection Set: 0.4ms
[2025-12-05T03:58:25.663+0000][25.903s][info ][gc,phases   ] GC(56)   Merge Heap Roots: 0.3ms
[2025-12-05T03:58:25.663+0000][25.903s][info ][gc,phases   ] GC(56)   Evacuate Collection Set: 5.2ms
[2025-12-05T03:58:25.663+0000][25.903s][info ][gc,phases   ] GC(56)   Post Evacuate Collection Set: 2.4ms
[2025-12-05T03:58:25.663+0000][25.903s][info ][gc,phases   ] GC(56)   Other: 0.2ms
[2025-12-05T03:58:25.663+0000][25.903s][info ][gc,heap     ] GC(56) Eden regions: 338->0(337)
[2025-12-05T03:58:25.663+0000][25.903s][info ][gc,heap     ] GC(56) Survivor regions: 10->19(44)
[2025-12-05T03:58:25.663+0000][25.903s][info ][gc,heap     ] GC(56) Old regions: 167->167
[2025-12-05T03:58:25.663+0000][25.903s][info ][gc,heap     ] GC(56) Archive regions: 2->2
[2025-12-05T03:58:25.663+0000][25.903s][info ][gc,heap     ] GC(56) Humongous regions: 0->0
[2025-12-05T03:58:25.663+0000][25.903s][info ][gc,metaspace] GC(56) Metaspace: 113821K(114560K)->113821K(114560K) NonClass: 98966K(99328K)->98966K(99328K) Class: 14855K(15232K)->14855K(15232K)
[2025-12-05T03:58:25.663+0000][25.903s][info ][gc          ] GC(56) Pause Young (Normal) (G1 Evacuation Pause) 515M->186M(660M) 8.614ms
[2025-12-05T03:58:25.663+0000][25.903s][info ][gc,cpu      ] GC(56) User=0.07s Sys=0.01s Real=0.01s
[2025-12-05T03:58:25.663+0000][25.903s][info ][safepoint   ] Safepoint "G1CollectForAllocation", Time since last: 462744265 ns, Reaching safepoint: 67480 ns, Cleanup: 87870 ns, At safepoint: 8730863 ns, Total: 8886213 ns
[2025-12-05T03:58:26.919+0000][27.160s][debug][safepoint   ] Safepoint synchronization initiated using futex wait barrier. (46 threads)
[2025-12-05T03:58:26.919+0000][27.160s][info ][safepoint   ] Safepoint "ICBufferFull", Time since last: 1256203007 ns, Reaching safepoint: 65948 ns, Cleanup: 209794 ns, At safepoint: 4959 ns, Total: 280701 ns
[2025-12-05T03:58:27.524+0000][27.764s][debug][safepoint   ] Safepoint synchronization initiated using futex wait barrier. (44 threads)
[2025-12-05T03:58:27.524+0000][27.765s][info ][safepoint   ] Safepoint "ICBufferFull", Time since last: 604329563 ns, Reaching safepoint: 79864 ns, Cleanup: 194605 ns, At safepoint: 56309 ns, Total: 330778 ns
[2025-12-05T03:58:27.847+0000][28.087s][debug][safepoint   ] Safepoint synchronization initiated using futex wait barrier. (42 threads)
[2025-12-05T03:58:27.847+0000][28.087s][info ][safepoint   ] Safepoint "ICBufferFull", Time since last: 322717529 ns, Reaching safepoint: 58332 ns, Cleanup: 158696 ns, At safepoint: 3146 ns, Total: 220174 ns
[2025-12-05T03:58:28.750+0000][28.991s][debug][safepoint   ] Safepoint synchronization initiated using futex wait barrier. (44 threads)
[2025-12-05T03:58:28.751+0000][28.991s][info ][gc,start    ] GC(57) Pause Young (Normal) (G1 Evacuation Pause)
[2025-12-05T03:58:28.751+0000][28.991s][info ][gc,task     ] GC(57) Using 13 workers of 13 for evacuation
[2025-12-05T03:58:28.762+0000][29.003s][info ][gc,phases   ] GC(57)   Pre Evacuate Collection Set: 0.4ms
[2025-12-05T03:58:28.762+0000][29.003s][info ][gc,phases   ] GC(57)   Merge Heap Roots: 0.3ms
[2025-12-05T03:58:28.763+0000][29.003s][info ][gc,phases   ] GC(57)   Evacuate Collection Set: 8.0ms
[2025-12-05T03:58:28.763+0000][29.003s][info ][gc,phases   ] GC(57)   Post Evacuate Collection Set: 2.8ms
[2025-12-05T03:58:28.763+0000][29.003s][info ][gc,phases   ] GC(57)   Other: 0.4ms
[2025-12-05T03:58:28.763+0000][29.003s][info ][gc,heap     ] GC(57) Eden regions: 337->0(344)
[2025-12-05T03:58:28.763+0000][29.003s][info ][gc,heap     ] GC(57) Survivor regions: 19->25(45)
[2025-12-05T03:58:28.763+0000][29.003s][info ][gc,heap     ] GC(57) Old regions: 167->167
[2025-12-05T03:58:28.763+0000][29.003s][info ][gc,heap     ] GC(57) Archive regions: 2->2
[2025-12-05T03:58:28.763+0000][29.003s][info ][gc,heap     ] GC(57) Humongous regions: 0->0
[2025-12-05T03:58:28.763+0000][29.003s][info ][gc,metaspace] GC(57) Metaspace: 122325K(123136K)->122325K(123136K) NonClass: 106651K(107072K)->106651K(107072K) Class: 15673K(16064K)->15673K(16064K)
[2025-12-05T03:58:28.763+0000][29.003s][info ][gc          ] GC(57) Pause Young (Normal) (G1 Evacuation Pause) 523M->192M(660M) 12.019ms
[2025-12-05T03:58:28.763+0000][29.003s][info ][gc,cpu      ] GC(57) User=0.10s Sys=0.01s Real=0.01s
[2025-12-05T03:58:28.763+0000][29.003s][info ][safepoint   ] Safepoint "G1CollectForAllocation", Time since last: 903338900 ns, Reaching safepoint: 71097 ns, Cleanup: 180668 ns, At safepoint: 12225708 ns, Total: 12477473 ns
[2025-12-05T03:58:29.831+0000][30.071s][debug][safepoint   ] Safepoint synchronization initiated using futex wait barrier. (48 threads)
[2025-12-05T03:58:29.831+0000][30.072s][info ][safepoint   ] Safepoint "Cleanup", Time since last: 1067866515 ns, Reaching safepoint: 175408 ns, Cleanup: 169046 ns, At safepoint: 30408 ns, Total: 374862 ns
[2025-12-05T03:58:31.536+0000][31.777s][debug][safepoint   ] Safepoint synchronization initiated using futex wait barrier. (55 threads)
[2025-12-05T03:58:31.537+0000][31.777s][info ][safepoint   ] Safepoint "ICBufferFull", Time since last: 1705381853 ns, Reaching safepoint: 177201 ns, Cleanup: 185187 ns, At safepoint: 96947 ns, Total: 459335 ns
[2025-12-05T03:58:32.352+0000][32.592s][debug][safepoint   ] ... found polling page loop exception at pc = 0x000073c2e1650f3f, stub =0x000073c2e0a04400
[2025-12-05T03:58:32.492+0000][32.733s][debug][safepoint   ] Safepoint synchronization initiated using futex wait barrier. (61 threads)
[2025-12-05T03:58:32.492+0000][32.733s][info ][gc,start    ] GC(58) Pause Young (Normal) (G1 Evacuation Pause)
[2025-12-05T03:58:32.492+0000][32.733s][info ][gc,task     ] GC(58) Using 13 workers of 13 for evacuation
[2025-12-05T03:58:32.527+0000][32.768s][info ][gc,phases   ] GC(58)   Pre Evacuate Collection Set: 0.4ms
[2025-12-05T03:58:32.527+0000][32.768s][info ][gc,phases   ] GC(58)   Merge Heap Roots: 0.3ms
[2025-12-05T03:58:32.527+0000][32.768s][info ][gc,phases   ] GC(58)   Evacuate Collection Set: 30.2ms
[2025-12-05T03:58:32.527+0000][32.768s][info ][gc,phases   ] GC(58)   Post Evacuate Collection Set: 3.8ms
[2025-12-05T03:58:32.527+0000][32.768s][info ][gc,phases   ] GC(58)   Other: 0.2ms
[2025-12-05T03:58:32.527+0000][32.768s][info ][gc,heap     ] GC(58) Eden regions: 344->0(341)
[2025-12-05T03:58:32.527+0000][32.768s][info ][gc,heap     ] GC(58) Survivor regions: 25->34(47)
[2025-12-05T03:58:32.527+0000][32.768s][info ][gc,heap     ] GC(58) Old regions: 167->167
[2025-12-05T03:58:32.527+0000][32.768s][info ][gc,heap     ] GC(58) Archive regions: 2->2
[2025-12-05T03:58:32.527+0000][32.768s][info ][gc,heap     ] GC(58) Humongous regions: 1->0
[2025-12-05T03:58:32.527+0000][32.768s][info ][gc,metaspace] GC(58) Metaspace: 135992K(137152K)->135992K(137152K) NonClass: 118819K(119424K)->118819K(119424K) Class: 17173K(17728K)->17173K(17728K)
[2025-12-05T03:58:32.527+0000][32.768s][info ][gc          ] GC(58) Pause Young (Normal) (G1 Evacuation Pause) 537M->201M(660M) 34.964ms
[2025-12-05T03:58:32.527+0000][32.768s][info ][gc,cpu      ] GC(58) User=0.38s Sys=0.03s Real=0.03s
[2025-12-05T03:58:32.528+0000][32.768s][info ][safepoint   ] Safepoint "G1CollectForAllocation", Time since last: 955245264 ns, Reaching safepoint: 68422 ns, Cleanup: 186088 ns, At safepoint: 35288074 ns, Total: 35542584 ns
[2025-12-05T03:58:33.528+0000][33.768s][debug][safepoint   ] Safepoint synchronization initiated using futex wait barrier. (61 threads)
[2025-12-05T03:58:33.528+0000][33.769s][info ][safepoint   ] Safepoint "Cleanup", Time since last: 1000192855 ns, Reaching safepoint: 291001 ns, Cleanup: 106014 ns, At safepoint: 151943 ns, Total: 548958 ns
[2025-12-05T03:58:34.529+0000][34.769s][debug][safepoint   ] Safepoint synchronization initiated using futex wait barrier. (58 threads)
[2025-12-05T03:58:34.531+0000][34.771s][info ][safepoint   ] Safepoint "Cleanup", Time since last: 1000184278 ns, Reaching safepoint: 2232761 ns, Cleanup: 84012 ns, At safepoint: 58001 ns, Total: 2374774 ns
[2025-12-05T03:58:34.982+0000][35.223s][debug][safepoint   ] Safepoint synchronization initiated using futex wait barrier. (59 threads)
[2025-12-05T03:58:34.982+0000][35.223s][info ][gc,start    ] GC(59) Pause Young (Normal) (G1 Evacuation Pause)
[2025-12-05T03:58:34.982+0000][35.223s][info ][gc,task     ] GC(59) Using 13 workers of 13 for evacuation
[2025-12-05T03:58:35.029+0000][35.269s][info ][gc,phases   ] GC(59)   Pre Evacuate Collection Set: 0.3ms
[2025-12-05T03:58:35.029+0000][35.270s][info ][gc,phases   ] GC(59)   Merge Heap Roots: 0.3ms
[2025-12-05T03:58:35.029+0000][35.270s][info ][gc,phases   ] GC(59)   Evacuate Collection Set: 42.3ms
[2025-12-05T03:58:35.029+0000][35.270s][info ][gc,phases   ] GC(59)   Post Evacuate Collection Set: 3.3ms
[2025-12-05T03:58:35.029+0000][35.270s][info ][gc,phases   ] GC(59)   Other: 0.3ms
[2025-12-05T03:58:35.029+0000][35.270s][info ][gc,heap     ] GC(59) Eden regions: 341->0(333)
[2025-12-05T03:58:35.029+0000][35.270s][info ][gc,heap     ] GC(59) Survivor regions: 34->30(47)
[2025-12-05T03:58:35.029+0000][35.270s][info ][gc,heap     ] GC(59) Old regions: 167->183
[2025-12-05T03:58:35.029+0000][35.270s][info ][gc,heap     ] GC(59) Archive regions: 2->2
[2025-12-05T03:58:35.029+0000][35.270s][info ][gc,heap     ] GC(59) Humongous regions: 0->0
[2025-12-05T03:58:35.029+0000][35.270s][info ][gc,metaspace] GC(59) Metaspace: 142702K(143808K)->142702K(143808K) NonClass: 125287K(125824K)->125287K(125824K) Class: 17414K(17984K)->17414K(17984K)
[2025-12-05T03:58:35.029+0000][35.270s][info ][gc          ] GC(59) Pause Young (Normal) (G1 Evacuation Pause) 542M->213M(660M) 46.785ms
[2025-12-05T03:58:35.029+0000][35.270s][info ][gc,cpu      ] GC(59) User=0.48s Sys=0.02s Real=0.05s
[2025-12-05T03:58:35.029+0000][35.270s][info ][safepoint   ] Safepoint "G1CollectForAllocation", Time since last: 451239127 ns, Reaching safepoint: 58884 ns, Cleanup: 37432 ns, At safepoint: 47035170 ns, Total: 47131486 ns
[2025-12-05T03:58:36.065+0000][36.305s][info ][cds,heap    ] initialize_from_archived_subgraph jdk.internal.math.FDBigInteger 0x000073c27f14dd58
[2025-12-05T03:58:36.373+0000][36.613s][debug][safepoint   ] ... found polling page loop exception at pc = 0x000073c2e1d1dd8f, stub =0x000073c2e0a04400
[2025-12-05T03:58:36.375+0000][36.615s][debug][safepoint   ] Safepoint synchronization initiated using futex wait barrier. (67 threads)
[2025-12-05T03:58:36.375+0000][36.616s][info ][safepoint   ] Safepoint "Cleanup", Time since last: 1344667328 ns, Reaching safepoint: 768099 ns, Cleanup: 146102 ns, At safepoint: 213170 ns, Total: 1127371 ns
[2025-12-05T03:58:37.614+0000][37.854s][debug][safepoint   ] Safepoint synchronization initiated using futex wait barrier. (79 threads)
[2025-12-05T03:58:37.614+0000][37.854s][info ][gc,start    ] GC(60) Pause Young (Normal) (G1 Evacuation Pause)
[2025-12-05T03:58:37.614+0000][37.855s][info ][gc,task     ] GC(60) Using 13 workers of 13 for evacuation
[2025-12-05T03:58:37.632+0000][37.872s][info ][gc,phases   ] GC(60)   Pre Evacuate Collection Set: 0.4ms
[2025-12-05T03:58:37.632+0000][37.872s][info ][gc,phases   ] GC(60)   Merge Heap Roots: 0.3ms
[2025-12-05T03:58:37.632+0000][37.872s][info ][gc,phases   ] GC(60)   Evacuate Collection Set: 14.5ms
[2025-12-05T03:58:37.632+0000][37.872s][info ][gc,phases   ] GC(60)   Post Evacuate Collection Set: 2.5ms
[2025-12-05T03:58:37.632+0000][37.872s][info ][gc,phases   ] GC(60)   Other: 0.2ms
[2025-12-05T03:58:37.632+0000][37.872s][info ][gc,heap     ] GC(60) Eden regions: 333->0(332)
[2025-12-05T03:58:37.632+0000][37.872s][info ][gc,heap     ] GC(60) Survivor regions: 30->30(46)
[2025-12-05T03:58:37.632+0000][37.872s][info ][gc,heap     ] GC(60) Old regions: 183->190
[2025-12-05T03:58:37.632+0000][37.872s][info ][gc,heap     ] GC(60) Archive regions: 2->2
[2025-12-05T03:58:37.632+0000][37.872s][info ][gc,heap     ] GC(60) Humongous regions: 0->0
[2025-12-05T03:58:37.632+0000][37.872s][info ][gc,metaspace] GC(60) Metaspace: 152813K(153920K)->152813K(153920K) NonClass: 134203K(134784K)->134203K(134784K) Class: 18610K(19136K)->18610K(19136K)
[2025-12-05T03:58:37.632+0000][37.872s][info ][gc          ] GC(60) Pause Young (Normal) (G1 Evacuation Pause) 546M->219M(660M) 17.937ms
[2025-12-05T03:58:37.632+0000][37.872s][info ][gc,cpu      ] GC(60) User=0.18s Sys=0.00s Real=0.02s
[2025-12-05T03:58:37.632+0000][37.873s][info ][safepoint   ] Safepoint "G1CollectForAllocation", Time since last: 1238576902 ns, Reaching safepoint: 71137 ns, Cleanup: 150149 ns, At safepoint: 18073405 ns, Total: 18294691 ns
[2025-12-05T03:58:38.594+0000][38.835s][debug][safepoint   ] Safepoint synchronization initiated using futex wait barrier. (82 threads)
[2025-12-05T03:58:38.594+0000][38.835s][info ][safepoint   ] Safepoint "ICBufferFull", Time since last: 962303470 ns, Reaching safepoint: 56139 ns, Cleanup: 126613 ns, At safepoint: 2756 ns, Total: 185508 ns
[2025-12-05T03:58:38.799+0000][39.039s][debug][safepoint   ] Safepoint synchronization initiated using futex wait barrier. (81 threads)
[2025-12-05T03:58:38.799+0000][39.040s][info ][gc,start    ] GC(61) Pause Young (Concurrent Start) (Metadata GC Threshold)
[2025-12-05T03:58:38.799+0000][39.040s][info ][gc,task     ] GC(61) Using 13 workers of 13 for evacuation
[2025-12-05T03:58:38.820+0000][39.060s][info ][gc,phases   ] GC(61)   Pre Evacuate Collection Set: 0.7ms
[2025-12-05T03:58:38.820+0000][39.060s][info ][gc,phases   ] GC(61)   Merge Heap Roots: 0.3ms
[2025-12-05T03:58:38.820+0000][39.060s][info ][gc,phases   ] GC(61)   Evacuate Collection Set: 15.8ms
[2025-12-05T03:58:38.820+0000][39.060s][info ][gc,phases   ] GC(61)   Post Evacuate Collection Set: 2.1ms
[2025-12-05T03:58:38.820+0000][39.060s][info ][gc,phases   ] GC(61)   Other: 1.6ms
[2025-12-05T03:58:38.820+0000][39.060s][info ][gc,heap     ] GC(61) Eden regions: 221->0(329)
[2025-12-05T03:58:38.820+0000][39.060s][info ][gc,heap     ] GC(61) Survivor regions: 30->27(46)
[2025-12-05T03:58:38.820+0000][39.060s][info ][gc,heap     ] GC(61) Old regions: 190->199
[2025-12-05T03:58:38.820+0000][39.060s][info ][gc,heap     ] GC(61) Archive regions: 2->2
[2025-12-05T03:58:38.820+0000][39.060s][info ][gc,heap     ] GC(61) Humongous regions: 0->0
[2025-12-05T03:58:38.820+0000][39.060s][info ][gc,metaspace] GC(61) Metaspace: 155178K(156288K)->155178K(156288K) NonClass: 136217K(136768K)->136217K(136768K) Class: 18961K(19520K)->18961K(19520K)
[2025-12-05T03:58:38.820+0000][39.060s][info ][gc          ] GC(61) Pause Young (Concurrent Start) (Metadata GC Threshold) 440M->226M(660M) 20.616ms
[2025-12-05T03:58:38.820+0000][39.060s][info ][gc,cpu      ] GC(61) User=0.19s Sys=0.01s Real=0.02s
[2025-12-05T03:58:38.820+0000][39.060s][info ][safepoint   ] Safepoint "CollectForMetadataAllocation", Time since last: 204444169 ns, Reaching safepoint: 48333 ns, Cleanup: 47592 ns, At safepoint: 20844922 ns, Total: 20940847 ns
[2025-12-05T03:58:38.820+0000][39.060s][info ][gc          ] GC(62) Concurrent Mark Cycle
[2025-12-05T03:58:38.820+0000][39.061s][info ][gc,marking  ] GC(62) Concurrent Clear Claimed Marks
[2025-12-05T03:58:38.820+0000][39.061s][info ][gc,marking  ] GC(62) Concurrent Clear Claimed Marks 0.333ms
[2025-12-05T03:58:38.820+0000][39.061s][info ][gc,marking  ] GC(62) Concurrent Scan Root Regions
[2025-12-05T03:58:38.832+0000][39.073s][info ][gc,marking  ] GC(62) Concurrent Scan Root Regions 12.086ms
[2025-12-05T03:58:38.832+0000][39.073s][info ][gc,marking  ] GC(62) Concurrent Mark
[2025-12-05T03:58:38.832+0000][39.073s][info ][gc,marking  ] GC(62) Concurrent Mark From Roots
[2025-12-05T03:58:38.832+0000][39.073s][info ][gc,task     ] GC(62) Using 3 workers of 3 for marking
[2025-12-05T03:58:38.964+0000][39.205s][info ][gc,marking  ] GC(62) Concurrent Mark From Roots 131.622ms
[2025-12-05T03:58:38.964+0000][39.205s][info ][gc,marking  ] GC(62) Concurrent Preclean
[2025-12-05T03:58:38.964+0000][39.205s][info ][gc,marking  ] GC(62) Concurrent Preclean 0.359ms
[2025-12-05T03:58:38.965+0000][39.205s][debug][safepoint   ] Safepoint synchronization initiated using futex wait barrier. (79 threads)
[2025-12-05T03:58:38.965+0000][39.205s][info ][gc,start    ] GC(62) Pause Remark
[2025-12-05T03:58:38.974+0000][39.215s][info ][gc          ] GC(62) Pause Remark 263M->249M(660M) 9.329ms
[2025-12-05T03:58:38.974+0000][39.215s][info ][gc,cpu      ] GC(62) User=0.04s Sys=0.01s Real=0.01s
[2025-12-05T03:58:38.974+0000][39.215s][info ][safepoint   ] Safepoint "G1PauseRemark", Time since last: 144758830 ns, Reaching safepoint: 171681 ns, Cleanup: 68321 ns, At safepoint: 9524698 ns, Total: 9764700 ns
[2025-12-05T03:58:38.974+0000][39.215s][info ][gc,marking  ] GC(62) Concurrent Mark 141.989ms
[2025-12-05T03:58:38.974+0000][39.215s][info ][gc,marking  ] GC(62) Concurrent Rebuild Remembered Sets
[2025-12-05T03:58:39.017+0000][39.258s][info ][gc,marking  ] GC(62) Concurrent Rebuild Remembered Sets 42.796ms
[2025-12-05T03:58:39.017+0000][39.258s][debug][safepoint   ] Safepoint synchronization initiated using futex wait barrier. (78 threads)
[2025-12-05T03:58:39.017+0000][39.258s][info ][gc,start    ] GC(62) Pause Cleanup
[2025-12-05T03:58:39.018+0000][39.258s][info ][gc          ] GC(62) Pause Cleanup 258M->258M(660M) 0.388ms
[2025-12-05T03:58:39.018+0000][39.258s][info ][gc,cpu      ] GC(62) User=0.00s Sys=0.00s Real=0.00s
[2025-12-05T03:58:39.018+0000][39.258s][info ][safepoint   ] Safepoint "G1PauseCleanup", Time since last: 42998185 ns, Reaching safepoint: 28916 ns, Cleanup: 3797 ns, At safepoint: 475166 ns, Total: 507879 ns
[2025-12-05T03:58:39.018+0000][39.258s][info ][gc,marking  ] GC(62) Concurrent Cleanup for Next Mark
[2025-12-05T03:58:39.029+0000][39.270s][info ][gc,marking  ] GC(62) Concurrent Cleanup for Next Mark 11.561ms
[2025-12-05T03:58:39.030+0000][39.270s][info ][gc          ] GC(62) Concurrent Mark Cycle 209.699ms
[2025-12-05T03:58:40.054+0000][40.295s][debug][safepoint   ] Safepoint synchronization initiated using futex wait barrier. (78 threads)
[2025-12-05T03:58:40.055+0000][40.295s][info ][safepoint   ] Safepoint "ICBufferFull", Time since last: 1036391462 ns, Reaching safepoint: 73963 ns, Cleanup: 276853 ns, At safepoint: 2805 ns, Total: 353621 ns
[2025-12-05T03:58:40.579+0000][40.820s][debug][safepoint   ] Safepoint synchronization initiated using futex wait barrier. (95 threads)
[2025-12-05T03:58:40.579+0000][40.820s][info ][gc,start    ] GC(63) Pause Young (Prepare Mixed) (G1 Evacuation Pause)
[2025-12-05T03:58:40.579+0000][40.820s][info ][gc,task     ] GC(63) Using 13 workers of 13 for evacuation
[2025-12-05T03:58:40.610+0000][40.850s][info ][gc,phases   ] GC(63)   Pre Evacuate Collection Set: 0.4ms
[2025-12-05T03:58:40.610+0000][40.850s][info ][gc,phases   ] GC(63)   Merge Heap Roots: 0.3ms
[2025-12-05T03:58:40.610+0000][40.850s][info ][gc,phases   ] GC(63)   Evacuate Collection Set: 26.8ms
[2025-12-05T03:58:40.610+0000][40.850s][info ][gc,phases   ] GC(63)   Post Evacuate Collection Set: 2.4ms
[2025-12-05T03:58:40.610+0000][40.850s][info ][gc,phases   ] GC(63)   Other: 0.3ms
[2025-12-05T03:58:40.610+0000][40.850s][info ][gc,heap     ] GC(63) Eden regions: 329->0(12)
[2025-12-05T03:58:40.610+0000][40.850s][info ][gc,heap     ] GC(63) Survivor regions: 27->21(45)
[2025-12-05T03:58:40.610+0000][40.850s][info ][gc,heap     ] GC(63) Old regions: 185->196
[2025-12-05T03:58:40.610+0000][40.850s][info ][gc,heap     ] GC(63) Archive regions: 2->2
[2025-12-05T03:58:40.610+0000][40.850s][info ][gc,heap     ] GC(63) Humongous regions: 0->0
[2025-12-05T03:58:40.610+0000][40.850s][info ][gc,metaspace] GC(63) Metaspace: 159968K(161216K)->159968K(161216K) NonClass: 140261K(140928K)->140261K(140928K) Class: 19707K(20288K)->19707K(20288K)
[2025-12-05T03:58:40.610+0000][40.850s][info ][gc          ] GC(63) Pause Young (Prepare Mixed) (G1 Evacuation Pause) 541M->217M(660M) 30.343ms
[2025-12-05T03:58:40.610+0000][40.850s][info ][gc,cpu      ] GC(63) User=0.33s Sys=0.01s Real=0.04s
[2025-12-05T03:58:40.610+0000][40.851s][info ][safepoint   ] Safepoint "G1CollectForAllocation", Time since last: 524714890 ns, Reaching safepoint: 81506 ns, Cleanup: 61418 ns, At safepoint: 30595989 ns, Total: 30738913 ns
[2025-12-05T03:58:40.716+0000][40.957s][debug][safepoint   ] Safepoint synchronization initiated using futex wait barrier. (97 threads)
[2025-12-05T03:58:40.716+0000][40.957s][info ][gc,start    ] GC(64) Pause Young (Mixed) (G1 Evacuation Pause)
[2025-12-05T03:58:40.716+0000][40.957s][info ][gc,task     ] GC(64) Using 13 workers of 13 for evacuation
[2025-12-05T03:58:40.750+0000][40.990s][info ][gc,phases   ] GC(64)   Pre Evacuate Collection Set: 0.4ms
[2025-12-05T03:58:40.750+0000][40.990s][info ][gc,phases   ] GC(64)   Merge Heap Roots: 0.3ms
[2025-12-05T03:58:40.750+0000][40.990s][info ][gc,phases   ] GC(64)   Evacuate Collection Set: 30.1ms
[2025-12-05T03:58:40.750+0000][40.990s][info ][gc,phases   ] GC(64)   Post Evacuate Collection Set: 2.4ms
[2025-12-05T03:58:40.750+0000][40.990s][info ][gc,phases   ] GC(64)   Other: 0.3ms
[2025-12-05T03:58:40.750+0000][40.990s][info ][gc,heap     ] GC(64) Eden regions: 12->0(381)
[2025-12-05T03:58:40.750+0000][40.990s][info ][gc,heap     ] GC(64) Survivor regions: 21->4(5)
[2025-12-05T03:58:40.750+0000][40.990s][info ][gc,heap     ] GC(64) Old regions: 196->173
[2025-12-05T03:58:40.750+0000][40.990s][info ][gc,heap     ] GC(64) Archive regions: 2->2
[2025-12-05T03:58:40.750+0000][40.990s][info ][gc,heap     ] GC(64) Humongous regions: 0->0
[2025-12-05T03:58:40.750+0000][40.990s][info ][gc,metaspace] GC(64) Metaspace: 160237K(161408K)->160237K(161408K) NonClass: 140487K(141120K)->140487K(141120K) Class: 19749K(20288K)->19749K(20288K)
[2025-12-05T03:58:40.750+0000][40.990s][info ][gc          ] GC(64) Pause Young (Mixed) (G1 Evacuation Pause) 229M->177M(660M) 33.546ms
[2025-12-05T03:58:40.750+0000][40.990s][info ][gc,cpu      ] GC(64) User=0.40s Sys=0.02s Real=0.04s
[2025-12-05T03:58:40.750+0000][40.991s][info ][safepoint   ] Safepoint "G1CollectForAllocation", Time since last: 105985762 ns, Reaching safepoint: 53773 ns, Cleanup: 41139 ns, At safepoint: 33915953 ns, Total: 34010865 ns
[2025-12-05T03:58:41.535+0000][41.776s][debug][safepoint   ] Safepoint synchronization initiated using futex wait barrier. (145 threads)
[2025-12-05T03:58:41.535+0000][41.776s][info ][safepoint   ] Safepoint "ICBufferFull", Time since last: 784913722 ns, Reaching safepoint: 69423 ns, Cleanup: 188962 ns, At safepoint: 133055 ns, Total: 391440 ns
[2025-12-05T03:58:41.902+0000][42.143s][debug][safepoint   ] Safepoint synchronization initiated using futex wait barrier. (144 threads)
[2025-12-05T03:58:41.903+0000][42.143s][debug][safepoint   ] ... found polling page loop exception at pc = 0x000073c2e1880b21, stub =0x000073c2e0a04400
[2025-12-05T03:58:41.903+0000][42.143s][info ][gc,start    ] GC(65) Pause Young (Normal) (G1 Evacuation Pause)
[2025-12-05T03:58:41.903+0000][42.143s][info ][gc,task     ] GC(65) Using 13 workers of 13 for evacuation
[2025-12-05T03:58:41.951+0000][42.191s][info ][gc,phases   ] GC(65)   Pre Evacuate Collection Set: 0.7ms
[2025-12-05T03:58:41.951+0000][42.191s][info ][gc,phases   ] GC(65)   Merge Heap Roots: 0.5ms
[2025-12-05T03:58:41.951+0000][42.191s][info ][gc,phases   ] GC(65)   Evacuate Collection Set: 44.5ms
[2025-12-05T03:58:41.951+0000][42.191s][info ][gc,phases   ] GC(65)   Post Evacuate Collection Set: 1.9ms
[2025-12-05T03:58:41.951+0000][42.191s][info ][gc,phases   ] GC(65)   Other: 0.2ms
[2025-12-05T03:58:41.951+0000][42.191s][info ][gc,heap     ] GC(65) Eden regions: 381->0(286)
[2025-12-05T03:58:41.951+0000][42.191s][info ][gc,heap     ] GC(65) Survivor regions: 4->49(49)
[2025-12-05T03:58:41.951+0000][42.191s][info ][gc,heap     ] GC(65) Old regions: 173->180
[2025-12-05T03:58:41.951+0000][42.191s][info ][gc,heap     ] GC(65) Archive regions: 2->2
[2025-12-05T03:58:41.951+0000][42.191s][info ][gc,heap     ] GC(65) Humongous regions: 2->2
[2025-12-05T03:58:41.951+0000][42.191s][info ][gc,metaspace] GC(65) Metaspace: 165186K(166464K)->165186K(166464K) NonClass: 144807K(145472K)->144807K(145472K) Class: 20379K(20992K)->20379K(20992K)
[2025-12-05T03:58:41.951+0000][42.191s][info ][gc          ] GC(65) Pause Young (Normal) (G1 Evacuation Pause) 560M->231M(660M) 47.864ms
[2025-12-05T03:58:41.951+0000][42.191s][info ][gc,cpu      ] GC(65) User=0.61s Sys=0.00s Real=0.05s
[2025-12-05T03:58:41.951+0000][42.192s][info ][safepoint   ] Safepoint "G1CollectForAllocation", Time since last: 367157511 ns, Reaching safepoint: 210379 ns, Cleanup: 81927 ns, At safepoint: 48396499 ns, Total: 48688805 ns
[2025-12-05T03:58:42.357+0000][42.597s][debug][safepoint   ] Safepoint synchronization initiated using futex wait barrier. (145 threads)
[2025-12-05T03:58:42.357+0000][42.598s][debug][safepoint   ] ... found polling page loop exception at pc = 0x000073c2e13e4e96, stub =0x000073c2e0a04400
[2025-12-05T03:58:42.357+0000][42.598s][info ][safepoint   ] Safepoint "ICBufferFull", Time since last: 405717791 ns, Reaching safepoint: 245691 ns, Cleanup: 152953 ns, At safepoint: 63743 ns, Total: 462387 ns
[2025-12-05T03:58:42.446+0000][42.687s][debug][safepoint   ] Safepoint synchronization initiated using futex wait barrier. (153 threads)
[2025-12-05T03:58:42.447+0000][42.687s][info ][gc,start    ] GC(66) Pause Young (Normal) (G1 Evacuation Pause)
[2025-12-05T03:58:42.447+0000][42.687s][info ][gc,task     ] GC(66) Using 13 workers of 13 for evacuation
[2025-12-05T03:58:42.487+0000][42.727s][info ][gc,phases   ] GC(66)   Pre Evacuate Collection Set: 0.4ms
[2025-12-05T03:58:42.487+0000][42.727s][info ][gc,phases   ] GC(66)   Merge Heap Roots: 0.3ms
[2025-12-05T03:58:42.487+0000][42.727s][info ][gc,phases   ] GC(66)   Evacuate Collection Set: 37.2ms
[2025-12-05T03:58:42.487+0000][42.727s][info ][gc,phases   ] GC(66)   Post Evacuate Collection Set: 1.9ms
[2025-12-05T03:58:42.487+0000][42.727s][info ][gc,phases   ] GC(66)   Other: 0.2ms
[2025-12-05T03:58:42.487+0000][42.727s][info ][gc,heap     ] GC(66) Eden regions: 286->0(261)
[2025-12-05T03:58:42.487+0000][42.727s][info ][gc,heap     ] GC(66) Survivor regions: 49->25(42)
[2025-12-05T03:58:42.487+0000][42.727s][info ][gc,heap     ] GC(66) Old regions: 180->230
[2025-12-05T03:58:42.487+0000][42.727s][info ][gc,heap     ] GC(66) Archive regions: 2->2
[2025-12-05T03:58:42.487+0000][42.727s][info ][gc,heap     ] GC(66) Humongous regions: 4->4
[2025-12-05T03:58:42.487+0000][42.727s][info ][gc,metaspace] GC(66) Metaspace: 169424K(170752K)->169424K(170752K) NonClass: 148467K(149184K)->148467K(149184K) Class: 20957K(21568K)->20957K(21568K)
[2025-12-05T03:58:42.487+0000][42.727s][info ][gc          ] GC(66) Pause Young (Normal) (G1 Evacuation Pause) 519M->259M(660M) 40.028ms
[2025-12-05T03:58:42.487+0000][42.727s][info ][gc,cpu      ] GC(66) User=0.46s Sys=0.01s Real=0.04s
[2025-12-05T03:58:42.488+0000][42.729s][info ][safepoint   ] Safepoint "G1CollectForAllocation", Time since last: 89038847 ns, Reaching safepoint: 163534 ns, Cleanup: 49084 ns, At safepoint: 41345644 ns, Total: 41558262 ns
[2025-12-05T03:58:42.636+0000][42.877s][debug][safepoint   ] ... found polling page loop exception at pc = 0x000073c2e1cbc3d3, stub =0x000073c2e0a04400
[2025-12-05T03:58:42.646+0000][42.887s][debug][safepoint   ] ... found polling page loop exception at pc = 0x000073c2e1880b21, stub =0x000073c2e0a04400
[2025-12-05T03:58:42.654+0000][42.895s][debug][safepoint   ] Safepoint synchronization initiated using futex wait barrier. (189 threads)
[2025-12-05T03:58:42.655+0000][42.896s][info ][safepoint   ] Safepoint "ICBufferFull", Time since last: 166124008 ns, Reaching safepoint: 481989 ns, Cleanup: 171659 ns, At safepoint: 258856 ns, Total: 912504 ns
[2025-12-05T03:58:42.879+0000][43.119s][debug][safepoint   ] Safepoint synchronization initiated using futex wait barrier. (244 threads)
[2025-12-05T03:58:42.879+0000][43.120s][info ][gc,start    ] GC(67) Pause Young (Normal) (G1 Evacuation Pause)
[2025-12-05T03:58:42.879+0000][43.120s][info ][gc,task     ] GC(67) Using 13 workers of 13 for evacuation
[2025-12-05T03:58:42.891+0000][43.131s][info ][gc,phases   ] GC(67)   Pre Evacuate Collection Set: 0.4ms
[2025-12-05T03:58:42.891+0000][43.131s][info ][gc,phases   ] GC(67)   Merge Heap Roots: 0.3ms
[2025-12-05T03:58:42.891+0000][43.131s][info ][gc,phases   ] GC(67)   Evacuate Collection Set: 8.8ms
[2025-12-05T03:58:42.891+0000][43.131s][info ][gc,phases   ] GC(67)   Post Evacuate Collection Set: 1.6ms
[2025-12-05T03:58:42.891+0000][43.131s][info ][gc,phases   ] GC(67)   Other: 0.2ms
[2025-12-05T03:58:42.891+0000][43.131s][info ][gc,heap     ] GC(67) Eden regions: 261->0(265)
[2025-12-05T03:58:42.891+0000][43.131s][info ][gc,heap     ] GC(67) Survivor regions: 25->8(36)
[2025-12-05T03:58:42.891+0000][43.131s][info ][gc,heap     ] GC(67) Old regions: 230->255
[2025-12-05T03:58:42.891+0000][43.131s][info ][gc,heap     ] GC(67) Archive regions: 2->2
[2025-12-05T03:58:42.891+0000][43.131s][info ][gc,heap     ] GC(67) Humongous regions: 4->4
[2025-12-05T03:58:42.891+0000][43.131s][info ][gc,metaspace] GC(67) Metaspace: 173475K(174720K)->173475K(174720K) NonClass: 151992K(152640K)->151992K(152640K) Class: 21483K(22080K)->21483K(22080K)
[2025-12-05T03:58:42.891+0000][43.131s][info ][gc          ] GC(67) Pause Young (Normal) (G1 Evacuation Pause) 520M->267M(660M) 11.511ms
[2025-12-05T03:58:42.891+0000][43.131s][info ][gc,cpu      ] GC(67) User=0.13s Sys=0.00s Real=0.02s
[2025-12-05T03:58:42.891+0000][43.132s][info ][safepoint   ] Safepoint "G1CollectForAllocation", Time since last: 223914843 ns, Reaching safepoint: 81295 ns, Cleanup: 141922 ns, At safepoint: 12223752 ns, Total: 12446969 ns
[2025-12-05T03:58:43.252+0000][43.492s][debug][safepoint   ] Safepoint synchronization initiated using futex wait barrier. (243 threads)
[2025-12-05T03:58:43.252+0000][43.493s][info ][gc,start    ] GC(68) Pause Young (Normal) (G1 Evacuation Pause)
[2025-12-05T03:58:43.252+0000][43.493s][info ][gc,task     ] GC(68) Using 13 workers of 13 for evacuation
[2025-12-05T03:58:43.271+0000][43.512s][info ][gc,phases   ] GC(68)   Pre Evacuate Collection Set: 0.4ms
[2025-12-05T03:58:43.271+0000][43.512s][info ][gc,phases   ] GC(68)   Merge Heap Roots: 0.3ms
[2025-12-05T03:58:43.271+0000][43.512s][info ][gc,phases   ] GC(68)   Evacuate Collection Set: 16.9ms
[2025-12-05T03:58:43.271+0000][43.512s][info ][gc,phases   ] GC(68)   Post Evacuate Collection Set: 1.4ms
[2025-12-05T03:58:43.271+0000][43.512s][info ][gc,phases   ] GC(68)   Other: 0.3ms
[2025-12-05T03:58:43.271+0000][43.512s][info ][gc,heap     ] GC(68) Eden regions: 265->0(203)
[2025-12-05T03:58:43.271+0000][43.512s][info ][gc,heap     ] GC(68) Survivor regions: 8->35(35)
[2025-12-05T03:58:43.271+0000][43.512s][info ][gc,heap     ] GC(68) Old regions: 255->270
[2025-12-05T03:58:43.271+0000][43.512s][info ][gc,heap     ] GC(68) Archive regions: 2->2
[2025-12-05T03:58:43.271+0000][43.512s][info ][gc,heap     ] GC(68) Humongous regions: 7->7
[2025-12-05T03:58:43.271+0000][43.512s][info ][gc,metaspace] GC(68) Metaspace: 174189K(175488K)->174189K(175488K) NonClass: 152627K(153344K)->152627K(153344K) Class: 21562K(22144K)->21562K(22144K)
[2025-12-05T03:58:43.271+0000][43.512s][info ][gc          ] GC(68) Pause Young (Normal) (G1 Evacuation Pause) 535M->312M(660M) 19.360ms
[2025-12-05T03:58:43.271+0000][43.512s][info ][gc,cpu      ] GC(68) User=0.18s Sys=0.01s Real=0.02s
[2025-12-05T03:58:43.272+0000][43.513s][info ][safepoint   ] Safepoint "G1CollectForAllocation", Time since last: 360366828 ns, Reaching safepoint: 83320 ns, Cleanup: 117445 ns, At safepoint: 20567786 ns, Total: 20768551 ns
[2025-12-05T03:58:43.543+0000][43.784s][debug][safepoint   ] Safepoint synchronization initiated using futex wait barrier. (245 threads)
[2025-12-05T03:58:43.544+0000][43.784s][info ][safepoint   ] Safepoint "ICBufferFull", Time since last: 270949246 ns, Reaching safepoint: 164335 ns, Cleanup: 132304 ns, At safepoint: 123667 ns, Total: 420306 ns
[2025-12-05T03:58:43.635+0000][43.876s][debug][safepoint   ] Safepoint synchronization initiated using futex wait barrier. (257 threads)
[2025-12-05T03:58:43.636+0000][43.876s][info ][safepoint   ] Safepoint "ICBufferFull", Time since last: 91199268 ns, Reaching safepoint: 271671 ns, Cleanup: 142874 ns, At safepoint: 231023 ns, Total: 645568 ns
[2025-12-05T03:58:44.022+0000][44.262s][debug][safepoint   ] Safepoint synchronization initiated using futex wait barrier. (258 threads)
[2025-12-05T03:58:44.022+0000][44.263s][info ][gc,start    ] GC(69) Pause Young (Normal) (G1 Evacuation Pause)
[2025-12-05T03:58:44.022+0000][44.263s][info ][gc,task     ] GC(69) Using 13 workers of 13 for evacuation
[2025-12-05T03:58:44.042+0000][44.282s][info ][gc,phases   ] GC(69)   Pre Evacuate Collection Set: 0.5ms
[2025-12-05T03:58:44.042+0000][44.282s][info ][gc,phases   ] GC(69)   Merge Heap Roots: 0.3ms
[2025-12-05T03:58:44.042+0000][44.282s][info ][gc,phases   ] GC(69)   Evacuate Collection Set: 17.0ms
[2025-12-05T03:58:44.042+0000][44.282s][info ][gc,phases   ] GC(69)   Post Evacuate Collection Set: 1.7ms
[2025-12-05T03:58:44.042+0000][44.282s][info ][gc,phases   ] GC(69)   Other: 0.3ms
[2025-12-05T03:58:44.042+0000][44.282s][info ][gc,heap     ] GC(69) Eden regions: 203->0(199)
[2025-12-05T03:58:44.042+0000][44.282s][info ][gc,heap     ] GC(69) Survivor regions: 35->12(30)
[2025-12-05T03:58:44.042+0000][44.282s][info ][gc,heap     ] GC(69) Old regions: 270->307
[2025-12-05T03:58:44.042+0000][44.282s][info ][gc,heap     ] GC(69) Archive regions: 2->2
[2025-12-05T03:58:44.042+0000][44.282s][info ][gc,heap     ] GC(69) Humongous regions: 7->7
[2025-12-05T03:58:44.042+0000][44.282s][info ][gc,metaspace] GC(69) Metaspace: 178387K(179712K)->178387K(179712K) NonClass: 156402K(157120K)->156402K(157120K) Class: 21985K(22592K)->21985K(22592K)
[2025-12-05T03:58:44.042+0000][44.282s][info ][gc          ] GC(69) Pause Young (Normal) (G1 Evacuation Pause) 515M->326M(660M) 19.841ms
[2025-12-05T03:58:44.042+0000][44.282s][info ][gc,cpu      ] GC(69) User=0.19s Sys=0.01s Real=0.02s
[2025-12-05T03:58:44.043+0000][44.284s][info ][safepoint   ] Safepoint "G1CollectForAllocation", Time since last: 385962602 ns, Reaching safepoint: 96705 ns, Cleanup: 115071 ns, At safepoint: 21069408 ns, Total: 21281184 ns
[2025-12-05T03:58:44.503+0000][44.743s][debug][safepoint   ] Safepoint synchronization initiated using futex wait barrier. (258 threads)
[2025-12-05T03:58:44.503+0000][44.744s][info ][safepoint   ] Safepoint "ICBufferFull", Time since last: 459660261 ns, Reaching safepoint: 98479 ns, Cleanup: 276671 ns, At safepoint: 44665 ns, Total: 419815 ns
[2025-12-05T03:58:45.503+0000][45.744s][debug][safepoint   ] Safepoint synchronization initiated using futex wait barrier. (254 threads)
[2025-12-05T03:58:45.503+0000][45.744s][info ][safepoint   ] Safepoint "Cleanup", Time since last: 1000149203 ns, Reaching safepoint: 126062 ns, Cleanup: 89601 ns, At safepoint: 50467 ns, Total: 266130 ns
[2025-12-05T03:58:47.389+0000][47.633s][debug][safepoint   ] Safepoint synchronization initiated using futex wait barrier. (256 threads)
[2025-12-05T03:58:47.389+0000][47.633s][info ][safepoint   ] Safepoint "Cleanup", Time since last: 1888850985 ns, Reaching safepoint: 92837 ns, Cleanup: 148044 ns, At safepoint: 3447 ns, Total: 244328 ns
[2025-12-05T03:58:48.389+0000][48.633s][debug][safepoint   ] Safepoint synchronization initiated using futex wait barrier. (259 threads)
[2025-12-05T03:58:48.389+0000][48.633s][info ][safepoint   ] Safepoint "Cleanup", Time since last: 1000135775 ns, Reaching safepoint: 112400 ns, Cleanup: 78838 ns, At safepoint: 37981 ns, Total: 229219 ns
[2025-12-05T03:58:48.485+0000][48.729s][debug][safepoint   ] Safepoint synchronization initiated using futex wait barrier. (259 threads)
[2025-12-05T03:58:48.485+0000][48.729s][info ][gc,start    ] GC(70) Pause Young (Concurrent Start) (G1 Humongous Allocation)
[2025-12-05T03:58:48.485+0000][48.729s][info ][gc,task     ] GC(70) Using 13 workers of 13 for evacuation
[2025-12-05T03:58:48.496+0000][48.740s][info ][gc,phases   ] GC(70)   Pre Evacuate Collection Set: 0.9ms
[2025-12-05T03:58:48.496+0000][48.740s][info ][gc,phases   ] GC(70)   Merge Heap Roots: 0.3ms
[2025-12-05T03:58:48.496+0000][48.740s][info ][gc,phases   ] GC(70)   Evacuate Collection Set: 5.5ms
[2025-12-05T03:58:48.496+0000][48.740s][info ][gc,phases   ] GC(70)   Post Evacuate Collection Set: 3.7ms
[2025-12-05T03:58:48.496+0000][48.740s][info ][gc,phases   ] GC(70)   Other: 0.4ms
[2025-12-05T03:58:48.496+0000][48.740s][info ][gc,heap     ] GC(70) Eden regions: 115->0(206)
[2025-12-05T03:58:48.496+0000][48.740s][info ][gc,heap     ] GC(70) Survivor regions: 12->11(27)
[2025-12-05T03:58:48.496+0000][48.740s][info ][gc,heap     ] GC(70) Old regions: 307->307
[2025-12-05T03:58:48.496+0000][48.740s][info ][gc,heap     ] GC(70) Archive regions: 2->2
[2025-12-05T03:58:48.496+0000][48.740s][info ][gc,heap     ] GC(70) Humongous regions: 48->15
[2025-12-05T03:58:48.496+0000][48.740s][info ][gc,metaspace] GC(70) Metaspace: 183506K(184896K)->183506K(184896K) NonClass: 160931K(161664K)->160931K(161664K) Class: 22574K(23232K)->22574K(23232K)
[2025-12-05T03:58:48.496+0000][48.740s][info ][gc          ] GC(70) Pause Young (Concurrent Start) (G1 Humongous Allocation) 481M->333M(660M) 10.918ms
[2025-12-05T03:58:48.496+0000][48.740s][info ][gc,cpu      ] GC(70) User=0.06s Sys=0.01s Real=0.01s
[2025-12-05T03:58:48.496+0000][48.741s][info ][gc          ] GC(71) Concurrent Undo Cycle
[2025-12-05T03:58:48.496+0000][48.741s][info ][gc,marking  ] GC(71) Concurrent Cleanup for Next Mark
[2025-12-05T03:58:48.497+0000][48.741s][info ][safepoint   ] Safepoint "G1TryInitiateConcMark", Time since last: 95640537 ns, Reaching safepoint: 106560 ns, Cleanup: 22241 ns, At safepoint: 11880710 ns, Total: 12009511 ns
[2025-12-05T03:58:48.498+0000][48.742s][info ][gc,marking  ] GC(71) Concurrent Cleanup for Next Mark 1.634ms
[2025-12-05T03:58:48.498+0000][48.742s][info ][gc          ] GC(71) Concurrent Undo Cycle 1.741ms
[2025-12-05T03:58:48.654+0000][48.898s][debug][safepoint   ] Safepoint synchronization initiated using futex wait barrier. (259 threads)
[2025-12-05T03:58:48.654+0000][48.898s][info ][gc,start    ] GC(72) Pause Young (Concurrent Start) (G1 Humongous Allocation)
[2025-12-05T03:58:48.654+0000][48.898s][info ][gc,task     ] GC(72) Using 13 workers of 13 for evacuation
[2025-12-05T03:58:48.664+0000][48.908s][info ][gc,phases   ] GC(72)   Pre Evacuate Collection Set: 0.8ms
[2025-12-05T03:58:48.664+0000][48.908s][info ][gc,phases   ] GC(72)   Merge Heap Roots: 0.3ms
[2025-12-05T03:58:48.664+0000][48.908s][info ][gc,phases   ] GC(72)   Evacuate Collection Set: 6.7ms
[2025-12-05T03:58:48.664+0000][48.908s][info ][gc,phases   ] GC(72)   Post Evacuate Collection Set: 1.7ms
[2025-12-05T03:58:48.664+0000][48.908s][info ][gc,phases   ] GC(72)   Other: 0.4ms
[2025-12-05T03:58:48.664+0000][48.908s][info ][gc,heap     ] GC(72) Eden regions: 3->0(219)
[2025-12-05T03:58:48.664+0000][48.908s][info ][gc,heap     ] GC(72) Survivor regions: 11->11(28)
[2025-12-05T03:58:48.664+0000][48.908s][info ][gc,heap     ] GC(72) Old regions: 307->307
[2025-12-05T03:58:48.664+0000][48.908s][info ][gc,heap     ] GC(72) Archive regions: 2->2
[2025-12-05T03:58:48.664+0000][48.908s][info ][gc,heap     ] GC(72) Humongous regions: 43->11
[2025-12-05T03:58:48.664+0000][48.908s][info ][gc,metaspace] GC(72) Metaspace: 183535K(184896K)->183535K(184896K) NonClass: 160957K(161664K)->160957K(161664K) Class: 22578K(23232K)->22578K(23232K)
[2025-12-05T03:58:48.664+0000][48.909s][info ][gc          ] GC(72) Pause Young (Concurrent Start) (G1 Humongous Allocation) 363M->328M(660M) 10.096ms
[2025-12-05T03:58:48.664+0000][48.909s][info ][gc,cpu      ] GC(72) User=0.07s Sys=0.00s Real=0.01s
[2025-12-05T03:58:48.665+0000][48.909s][info ][gc          ] GC(73) Concurrent Undo Cycle
[2025-12-05T03:58:48.665+0000][48.909s][info ][gc,marking  ] GC(73) Concurrent Cleanup for Next Mark
[2025-12-05T03:58:48.665+0000][48.909s][info ][safepoint   ] Safepoint "G1TryInitiateConcMark", Time since last: 156970391 ns, Reaching safepoint: 157145 ns, Cleanup: 60193 ns, At safepoint: 11009367 ns, Total: 11226705 ns
[2025-12-05T03:58:48.666+0000][48.910s][info ][gc,marking  ] GC(73) Concurrent Cleanup for Next Mark 1.325ms
[2025-12-05T03:58:48.666+0000][48.910s][info ][gc          ] GC(73) Concurrent Undo Cycle 1.408ms
[2025-12-05T03:58:48.817+0000][49.061s][debug][safepoint   ] Safepoint synchronization initiated using futex wait barrier. (256 threads)
[2025-12-05T03:58:48.817+0000][49.061s][info ][gc,start    ] GC(74) Pause Young (Concurrent Start) (G1 Humongous Allocation)
[2025-12-05T03:58:48.817+0000][49.061s][info ][gc,task     ] GC(74) Using 13 workers of 13 for evacuation
[2025-12-05T03:58:48.824+0000][49.068s][info ][gc,phases   ] GC(74)   Pre Evacuate Collection Set: 0.9ms
[2025-12-05T03:58:48.824+0000][49.068s][info ][gc,phases   ] GC(74)   Merge Heap Roots: 0.3ms
[2025-12-05T03:58:48.824+0000][49.068s][info ][gc,phases   ] GC(74)   Evacuate Collection Set: 4.0ms
[2025-12-05T03:58:48.824+0000][49.068s][info ][gc,phases   ] GC(74)   Post Evacuate Collection Set: 1.5ms
[2025-12-05T03:58:48.824+0000][49.068s][info ][gc,phases   ] GC(74)   Other: 0.4ms
[2025-12-05T03:58:48.824+0000][49.068s][info ][gc,heap     ] GC(74) Eden regions: 6->0(225)
[2025-12-05T03:58:48.824+0000][49.068s][info ][gc,heap     ] GC(74) Survivor regions: 11->11(29)
[2025-12-05T03:58:48.824+0000][49.068s][info ][gc,heap     ] GC(74) Old regions: 307->307
[2025-12-05T03:58:48.824+0000][49.068s][info ][gc,heap     ] GC(74) Archive regions: 2->2
[2025-12-05T03:58:48.824+0000][49.068s][info ][gc,heap     ] GC(74) Humongous regions: 33->13
[2025-12-05T03:58:48.824+0000][49.068s][info ][gc,metaspace] GC(74) Metaspace: 183551K(184896K)->183551K(184896K) NonClass: 160973K(161664K)->160973K(161664K) Class: 22578K(23232K)->22578K(23232K)
[2025-12-05T03:58:48.824+0000][49.068s][info ][gc          ] GC(74) Pause Young (Concurrent Start) (G1 Humongous Allocation) 356M->330M(660M) 7.177ms
[2025-12-05T03:58:48.824+0000][49.068s][info ][gc,cpu      ] GC(74) User=0.05s Sys=0.01s Real=0.01s
[2025-12-05T03:58:48.824+0000][49.069s][info ][gc          ] GC(75) Concurrent Undo Cycle
[2025-12-05T03:58:48.824+0000][49.069s][info ][gc,marking  ] GC(75) Concurrent Cleanup for Next Mark
[2025-12-05T03:58:48.825+0000][49.069s][info ][safepoint   ] Safepoint "G1TryInitiateConcMark", Time since last: 151550748 ns, Reaching safepoint: 186910 ns, Cleanup: 24395 ns, At safepoint: 7957058 ns, Total: 8168363 ns
[2025-12-05T03:58:48.826+0000][49.070s][info ][gc,marking  ] GC(75) Concurrent Cleanup for Next Mark 1.255ms
[2025-12-05T03:58:48.826+0000][49.070s][info ][gc          ] GC(75) Concurrent Undo Cycle 1.318ms
[2025-12-05T03:58:49.220+0000][49.464s][debug][safepoint   ] Safepoint synchronization initiated using futex wait barrier. (257 threads)
[2025-12-05T03:58:49.220+0000][49.465s][info ][gc,start    ] GC(76) Pause Young (Normal) (G1 Evacuation Pause)
[2025-12-05T03:58:49.220+0000][49.465s][info ][gc,task     ] GC(76) Using 13 workers of 13 for evacuation
[2025-12-05T03:58:49.254+0000][49.498s][info ][gc,phases   ] GC(76)   Pre Evacuate Collection Set: 0.5ms
[2025-12-05T03:58:49.254+0000][49.498s][info ][gc,phases   ] GC(76)   Merge Heap Roots: 0.3ms
[2025-12-05T03:58:49.254+0000][49.498s][info ][gc,phases   ] GC(76)   Evacuate Collection Set: 30.4ms
[2025-12-05T03:58:49.254+0000][49.498s][info ][gc,phases   ] GC(76)   Post Evacuate Collection Set: 1.9ms
[2025-12-05T03:58:49.254+0000][49.498s][info ][gc,phases   ] GC(76)   Other: 0.2ms
[2025-12-05T03:58:49.254+0000][49.498s][info ][gc,heap     ] GC(76) Eden regions: 225->0(133)
[2025-12-05T03:58:49.254+0000][49.498s][info ][gc,heap     ] GC(76) Survivor regions: 11->30(30)
[2025-12-05T03:58:49.254+0000][49.498s][info ][gc,heap     ] GC(76) Old regions: 307->355
[2025-12-05T03:58:49.254+0000][49.498s][info ][gc,heap     ] GC(76) Archive regions: 2->2
[2025-12-05T03:58:49.254+0000][49.498s][info ][gc,heap     ] GC(76) Humongous regions: 29->14
[2025-12-05T03:58:49.254+0000][49.498s][info ][gc,metaspace] GC(76) Metaspace: 184048K(185408K)->184048K(185408K) NonClass: 161414K(162112K)->161414K(162112K) Class: 22633K(23296K)->22633K(23296K)
[2025-12-05T03:58:49.254+0000][49.498s][info ][gc          ] GC(76) Pause Young (Normal) (G1 Evacuation Pause) 571M->399M(660M) 33.484ms
[2025-12-05T03:58:49.254+0000][49.498s][info ][gc,cpu      ] GC(76) User=0.26s Sys=0.03s Real=0.03s
[2025-12-05T03:58:49.255+0000][49.499s][info ][safepoint   ] Safepoint "G1CollectForAllocation", Time since last: 395277925 ns, Reaching safepoint: 96411 ns, Cleanup: 70101 ns, At safepoint: 34737168 ns, Total: 34903680 ns
[2025-12-05T03:58:49.401+0000][49.646s][debug][safepoint   ] Safepoint synchronization initiated using futex wait barrier. (256 threads)
[2025-12-05T03:58:49.402+0000][49.646s][info ][gc,start    ] GC(77) Pause Young (Concurrent Start) (G1 Evacuation Pause)
[2025-12-05T03:58:49.402+0000][49.646s][info ][gc,task     ] GC(77) Using 13 workers of 13 for evacuation
[2025-12-05T03:58:49.475+0000][49.719s][info ][gc,phases   ] GC(77)   Pre Evacuate Collection Set: 0.8ms
[2025-12-05T03:58:49.475+0000][49.719s][info ][gc,phases   ] GC(77)   Merge Heap Roots: 0.6ms
[2025-12-05T03:58:49.475+0000][49.719s][info ][gc,phases   ] GC(77)   Evacuate Collection Set: 58.9ms
[2025-12-05T03:58:49.475+0000][49.719s][info ][gc,phases   ] GC(77)   Post Evacuate Collection Set: 12.5ms
[2025-12-05T03:58:49.475+0000][49.719s][info ][gc,phases   ] GC(77)   Other: 0.3ms
[2025-12-05T03:58:49.475+0000][49.719s][info ][gc,heap     ] GC(77) Eden regions: 133->0(190)
[2025-12-05T03:58:49.475+0000][49.719s][info ][gc,heap     ] GC(77) Survivor regions: 30->21(21)
[2025-12-05T03:58:49.475+0000][49.719s][info ][gc,heap     ] GC(77) Old regions: 355->415
[2025-12-05T03:58:49.475+0000][49.719s][info ][gc,heap     ] GC(77) Archive regions: 2->2
[2025-12-05T03:58:49.475+0000][49.719s][info ][gc,heap     ] GC(77) Humongous regions: 17->17
[2025-12-05T03:58:49.475+0000][49.719s][info ][gc,metaspace] GC(77) Metaspace: 184048K(185408K)->184048K(185408K) NonClass: 161414K(162112K)->161414K(162112K) Class: 22633K(23296K)->22633K(23296K)
[2025-12-05T03:58:49.475+0000][49.719s][info ][gc          ] GC(77) Pause Young (Concurrent Start) (G1 Evacuation Pause) 535M->453M(847M) 73.092ms
[2025-12-05T03:58:49.475+0000][49.719s][info ][gc,cpu      ] GC(77) User=0.54s Sys=0.06s Real=0.07s
[2025-12-05T03:58:49.475+0000][49.719s][info ][gc          ] GC(78) Concurrent Mark Cycle
[2025-12-05T03:58:49.475+0000][49.719s][info ][gc,marking  ] GC(78) Concurrent Clear Claimed Marks
[2025-12-05T03:58:49.475+0000][49.719s][info ][gc,marking  ] GC(78) Concurrent Clear Claimed Marks 0.333ms
[2025-12-05T03:58:49.475+0000][49.719s][info ][gc,marking  ] GC(78) Concurrent Scan Root Regions
[2025-12-05T03:58:49.479+0000][49.723s][info ][safepoint   ] Safepoint "G1CollectForAllocation", Time since last: 146284106 ns, Reaching safepoint: 168285 ns, Cleanup: 17583 ns, At safepoint: 77612616 ns, Total: 77798484 ns
[2025-12-05T03:58:49.488+0000][49.732s][info ][gc,marking  ] GC(78) Concurrent Scan Root Regions 12.898ms
[2025-12-05T03:58:49.488+0000][49.732s][info ][gc,marking  ] GC(78) Concurrent Mark
[2025-12-05T03:58:49.488+0000][49.732s][info ][gc,marking  ] GC(78) Concurrent Mark From Roots
[2025-12-05T03:58:49.488+0000][49.732s][info ][gc,task     ] GC(78) Using 3 workers of 3 for marking
[2025-12-05T03:58:49.599+0000][49.843s][info ][gc,marking  ] GC(78) Concurrent Mark From Roots 110.626ms
[2025-12-05T03:58:49.599+0000][49.843s][info ][gc,marking  ] GC(78) Concurrent Preclean
[2025-12-05T03:58:49.599+0000][49.843s][info ][gc,marking  ] GC(78) Concurrent Preclean 0.404ms
[2025-12-05T03:58:49.599+0000][49.844s][debug][safepoint   ] Safepoint synchronization initiated using futex wait barrier. (256 threads)
[2025-12-05T03:58:49.599+0000][49.844s][info ][gc,start    ] GC(78) Pause Remark
[2025-12-05T03:58:49.657+0000][49.901s][info ][gc          ] GC(78) Pause Remark 484M->414M(847M) 57.063ms
[2025-12-05T03:58:49.657+0000][49.901s][info ][gc,cpu      ] GC(78) User=0.66s Sys=0.01s Real=0.05s
[2025-12-05T03:58:49.658+0000][49.902s][info ][safepoint   ] Safepoint "G1PauseRemark", Time since last: 120196776 ns, Reaching safepoint: 35306 ns, Cleanup: 4158 ns, At safepoint: 58883271 ns, Total: 58922735 ns
[2025-12-05T03:58:49.658+0000][49.903s][info ][gc,marking  ] GC(78) Concurrent Mark 170.198ms
[2025-12-05T03:58:49.658+0000][49.903s][info ][gc,marking  ] GC(78) Concurrent Rebuild Remembered Sets
[2025-12-05T03:58:49.738+0000][49.982s][info ][gc,marking  ] GC(78) Concurrent Rebuild Remembered Sets 79.285ms
[2025-12-05T03:58:49.738+0000][49.982s][debug][safepoint   ] Safepoint synchronization initiated using futex wait barrier. (256 threads)
[2025-12-05T03:58:49.749+0000][49.993s][info ][gc,start    ] GC(78) Pause Cleanup
[2025-12-05T03:58:49.750+0000][49.994s][info ][gc          ] GC(78) Pause Cleanup 436M->436M(847M) 0.595ms
[2025-12-05T03:58:49.750+0000][49.994s][info ][gc,cpu      ] GC(78) User=0.00s Sys=0.00s Real=0.00s
[2025-12-05T03:58:49.750+0000][49.994s][info ][safepoint   ] Safepoint "G1PauseCleanup", Time since last: 79548122 ns, Reaching safepoint: 11172494 ns, Cleanup: 18384 ns, At safepoint: 807172 ns, Total: 11998050 ns
[2025-12-05T03:58:49.750+0000][49.994s][info ][gc,marking  ] GC(78) Concurrent Cleanup for Next Mark
[2025-12-05T03:58:49.762+0000][50.007s][info ][gc,marking  ] GC(78) Concurrent Cleanup for Next Mark 12.482ms
[2025-12-05T03:58:49.762+0000][50.007s][info ][gc          ] GC(78) Concurrent Mark Cycle 287.561ms
[2025-12-05T03:58:50.605+0000][50.849s][debug][safepoint   ] Safepoint synchronization initiated using futex wait barrier. (260 threads)
[2025-12-05T03:58:50.605+0000][50.849s][info ][safepoint   ] Safepoint "ICBufferFull", Time since last: 855040324 ns, Reaching safepoint: 59100 ns, Cleanup: 161242 ns, At safepoint: 4819 ns, Total: 225161 ns
[2025-12-05T03:58:50.781+0000][51.025s][debug][safepoint   ] Safepoint synchronization initiated using futex wait barrier. (261 threads)
[2025-12-05T03:58:50.781+0000][51.025s][info ][gc,start    ] GC(79) Pause Young (Prepare Mixed) (G1 Evacuation Pause)
[2025-12-05T03:58:50.781+0000][51.025s][info ][gc,task     ] GC(79) Using 13 workers of 13 for evacuation
[2025-12-05T03:58:50.801+0000][51.046s][info ][gc,phases   ] GC(79)   Pre Evacuate Collection Set: 0.5ms
[2025-12-05T03:58:50.802+0000][51.046s][info ][gc,phases   ] GC(79)   Merge Heap Roots: 0.5ms
[2025-12-05T03:58:50.802+0000][51.046s][info ][gc,phases   ] GC(79)   Evacuate Collection Set: 16.3ms
[2025-12-05T03:58:50.802+0000][51.046s][info ][gc,phases   ] GC(79)   Post Evacuate Collection Set: 3.0ms
[2025-12-05T03:58:50.802+0000][51.046s][info ][gc,phases   ] GC(79)   Other: 0.2ms
[2025-12-05T03:58:50.802+0000][51.046s][info ][gc,heap     ] GC(79) Eden regions: 190->0(15)
[2025-12-05T03:58:50.802+0000][51.046s][info ][gc,heap     ] GC(79) Survivor regions: 21->27(27)
[2025-12-05T03:58:50.802+0000][51.046s][info ][gc,heap     ] GC(79) Old regions: 359->383
[2025-12-05T03:58:50.802+0000][51.046s][info ][gc,heap     ] GC(79) Archive regions: 2->2
[2025-12-05T03:58:50.802+0000][51.046s][info ][gc,heap     ] GC(79) Humongous regions: 21->3
[2025-12-05T03:58:50.802+0000][51.046s][info ][gc,metaspace] GC(79) Metaspace: 188163K(189504K)->188163K(189504K) NonClass: 165084K(165760K)->165084K(165760K) Class: 23079K(23744K)->23079K(23744K)
[2025-12-05T03:58:50.802+0000][51.046s][info ][gc          ] GC(79) Pause Young (Prepare Mixed) (G1 Evacuation Pause) 591M->413M(847M) 20.669ms
[2025-12-05T03:58:50.802+0000][51.046s][info ][gc,cpu      ] GC(79) User=0.22s Sys=0.02s Real=0.02s
[2025-12-05T03:58:50.803+0000][51.047s][info ][safepoint   ] Safepoint "G1CollectForAllocation", Time since last: 175734924 ns, Reaching safepoint: 67085 ns, Cleanup: 40807 ns, At safepoint: 21974932 ns, Total: 22082824 ns
[2025-12-05T03:58:50.897+0000][51.142s][debug][safepoint   ] Safepoint synchronization initiated using futex wait barrier. (261 threads)
[2025-12-05T03:58:50.898+0000][51.142s][info ][gc,start    ] GC(80) Pause Young (Mixed) (G1 Evacuation Pause)
[2025-12-05T03:58:50.898+0000][51.142s][info ][gc,task     ] GC(80) Using 13 workers of 13 for evacuation
[2025-12-05T03:58:50.916+0000][51.160s][info ][gc,phases   ] GC(80)   Pre Evacuate Collection Set: 0.5ms
[2025-12-05T03:58:50.916+0000][51.160s][info ][gc,phases   ] GC(80)   Merge Heap Roots: 0.4ms
[2025-12-05T03:58:50.916+0000][51.160s][info ][gc,phases   ] GC(80)   Evacuate Collection Set: 16.1ms
[2025-12-05T03:58:50.916+0000][51.160s][info ][gc,phases   ] GC(80)   Post Evacuate Collection Set: 1.5ms
[2025-12-05T03:58:50.916+0000][51.161s][info ][gc,phases   ] GC(80)   Other: 0.2ms
[2025-12-05T03:58:50.916+0000][51.161s][info ][gc,heap     ] GC(80) Eden regions: 15->0(37)
[2025-12-05T03:58:50.916+0000][51.161s][info ][gc,heap     ] GC(80) Survivor regions: 27->5(6)
[2025-12-05T03:58:50.916+0000][51.161s][info ][gc,heap     ] GC(80) Old regions: 383->332
[2025-12-05T03:58:50.916+0000][51.161s][info ][gc,heap     ] GC(80) Archive regions: 2->2
[2025-12-05T03:58:50.916+0000][51.161s][info ][gc,heap     ] GC(80) Humongous regions: 3->3
[2025-12-05T03:58:50.916+0000][51.161s][info ][gc,metaspace] GC(80) Metaspace: 188493K(189888K)->188493K(189888K) NonClass: 165375K(166080K)->165375K(166080K) Class: 23117K(23808K)->23117K(23808K)
[2025-12-05T03:58:50.916+0000][51.161s][info ][gc          ] GC(80) Pause Young (Mixed) (G1 Evacuation Pause) 428M->340M(847M) 18.740ms
[2025-12-05T03:58:50.916+0000][51.161s][info ][gc,cpu      ] GC(80) User=0.21s Sys=0.01s Real=0.01s
[2025-12-05T03:58:50.918+0000][51.162s][info ][safepoint   ] Safepoint "G1CollectForAllocation", Time since last: 94556979 ns, Reaching safepoint: 78036 ns, Cleanup: 61745 ns, At safepoint: 20140459 ns, Total: 20280240 ns
[2025-12-05T03:58:51.282+0000][51.526s][debug][safepoint   ] Safepoint synchronization initiated using futex wait barrier. (264 threads)
[2025-12-05T03:58:51.282+0000][51.526s][info ][safepoint   ] Safepoint "ICBufferFull", Time since last: 364125706 ns, Reaching safepoint: 83737 ns, Cleanup: 244638 ns, At safepoint: 51506 ns, Total: 379881 ns
[2025-12-05T03:58:52.282+0000][52.527s][debug][safepoint   ] Safepoint synchronization initiated using futex wait barrier. (258 threads)
[2025-12-05T03:58:52.283+0000][52.527s][info ][safepoint   ] Safepoint "Cleanup", Time since last: 1000158038 ns, Reaching safepoint: 74570 ns, Cleanup: 28242 ns, At safepoint: 4900 ns, Total: 107712 ns
[2025-12-05T03:58:53.537+0000][53.781s][debug][safepoint   ] Safepoint synchronization initiated using futex wait barrier. (257 threads)
[2025-12-05T03:58:53.537+0000][53.781s][info ][gc,start    ] GC(81) Pause Young (Mixed) (G1 Evacuation Pause)
[2025-12-05T03:58:53.537+0000][53.781s][info ][gc,task     ] GC(81) Using 13 workers of 13 for evacuation
[2025-12-05T03:58:53.547+0000][53.791s][info ][gc,phases   ] GC(81)   Pre Evacuate Collection Set: 0.4ms
[2025-12-05T03:58:53.547+0000][53.791s][info ][gc,phases   ] GC(81)   Merge Heap Roots: 0.3ms
[2025-12-05T03:58:53.547+0000][53.791s][info ][gc,phases   ] GC(81)   Evacuate Collection Set: 7.2ms
[2025-12-05T03:58:53.547+0000][53.791s][info ][gc,phases   ] GC(81)   Post Evacuate Collection Set: 1.9ms
[2025-12-05T03:58:53.547+0000][53.791s][info ][gc,phases   ] GC(81)   Other: 0.3ms
[2025-12-05T03:58:53.547+0000][53.791s][info ][gc,heap     ] GC(81) Eden regions: 37->0(271)
[2025-12-05T03:58:53.547+0000][53.791s][info ][gc,heap     ] GC(81) Survivor regions: 5->3(6)
[2025-12-05T03:58:53.547+0000][53.791s][info ][gc,heap     ] GC(81) Old regions: 332->335
[2025-12-05T03:58:53.547+0000][53.791s][info ][gc,heap     ] GC(81) Archive regions: 2->2
[2025-12-05T03:58:53.547+0000][53.791s][info ][gc,heap     ] GC(81) Humongous regions: 3->3
[2025-12-05T03:58:53.547+0000][53.791s][info ][gc,metaspace] GC(81) Metaspace: 189389K(190784K)->189389K(190784K) NonClass: 166209K(166912K)->166209K(166912K) Class: 23180K(23872K)->23180K(23872K)
[2025-12-05T03:58:53.547+0000][53.791s][info ][gc          ] GC(81) Pause Young (Mixed) (G1 Evacuation Pause) 377M->341M(847M) 10.113ms
[2025-12-05T03:58:53.547+0000][53.791s][info ][gc,cpu      ] GC(81) User=0.07s Sys=0.01s Real=0.02s
[2025-12-05T03:58:53.547+0000][53.792s][info ][safepoint   ] Safepoint "G1CollectForAllocation", Time since last: 1254097106 ns, Reaching safepoint: 107631 ns, Cleanup: 8015 ns, At safepoint: 10745673 ns, Total: 10861319 ns
[2025-12-05T03:59:04.944+0000][65.188s][debug][safepoint   ] Safepoint synchronization initiated using futex wait barrier. (257 threads)
[2025-12-05T03:59:04.944+0000][65.188s][info ][safepoint   ] Safepoint "Cleanup", Time since last: 11396074703 ns, Reaching safepoint: 202609 ns, Cleanup: 64066 ns, At safepoint: 5521 ns, Total: 272196 ns
[2025-12-05T03:59:05.944+0000][66.188s][debug][safepoint   ] Safepoint synchronization initiated using futex wait barrier. (258 threads)
[2025-12-05T03:59:05.944+0000][66.188s][info ][safepoint   ] Safepoint "Cleanup", Time since last: 1000195091 ns, Reaching safepoint: 109586 ns, Cleanup: 18497 ns, At safepoint: 3987 ns, Total: 132070 ns
[2025-12-05T03:59:10.945+0000][71.189s][debug][safepoint   ] Safepoint synchronization initiated using futex wait barrier. (258 threads)
[2025-12-05T03:59:10.945+0000][71.189s][info ][safepoint   ] Safepoint "Cleanup", Time since last: 5000728556 ns, Reaching safepoint: 93414 ns, Cleanup: 82593 ns, At safepoint: 15510 ns, Total: 191517 ns
[2025-12-05T03:59:13.945+0000][74.190s][debug][safepoint   ] Safepoint synchronization initiated using futex wait barrier. (258 threads)
[2025-12-05T03:59:13.946+0000][74.190s][info ][safepoint   ] Safepoint "Cleanup", Time since last: 3000399692 ns, Reaching safepoint: 194647 ns, Cleanup: 19418 ns, At safepoint: 5531 ns, Total: 219596 ns
[2025-12-05T03:59:18.944+0000][79.190s][debug][safepoint   ] Safepoint synchronization initiated using futex wait barrier. (259 threads)
[2025-12-05T03:59:18.945+0000][79.191s][info ][safepoint   ] Safepoint "Cleanup", Time since last: 5000587317 ns, Reaching safepoint: 132707 ns, Cleanup: 21962 ns, At safepoint: 4188 ns, Total: 158857 ns
[2025-12-05T03:59:20.945+0000][81.191s][debug][safepoint   ] Safepoint synchronization initiated using futex wait barrier. (259 threads)
[2025-12-05T03:59:20.945+0000][81.191s][info ][safepoint   ] Safepoint "Cleanup", Time since last: 2000250244 ns, Reaching safepoint: 77410 ns, Cleanup: 12795 ns, At safepoint: 3316 ns, Total: 93521 ns
[2025-12-05T03:59:23.945+0000][84.191s][debug][safepoint   ] Safepoint synchronization initiated using futex wait barrier. (259 threads)
[2025-12-05T03:59:23.945+0000][84.191s][info ][safepoint   ] Safepoint "Cleanup", Time since last: 3000374941 ns, Reaching safepoint: 110413 ns, Cleanup: 15771 ns, At safepoint: 3597 ns, Total: 129781 ns
[2025-12-05T03:59:32.947+0000][93.193s][debug][safepoint   ] Safepoint synchronization initiated using futex wait barrier. (259 threads)
[2025-12-05T03:59:32.947+0000][93.193s][info ][safepoint   ] Safepoint "Cleanup", Time since last: 9001286792 ns, Reaching safepoint: 102478 ns, Cleanup: 12625 ns, At safepoint: 3967 ns, Total: 119070 ns
[2025-12-05T03:59:40.948+0000][101.194s][debug][safepoint   ] Safepoint synchronization initiated using futex wait barrier. (261 threads)
[2025-12-05T03:59:40.948+0000][101.194s][info ][safepoint   ] Safepoint "Cleanup", Time since last: 8001109218 ns, Reaching safepoint: 90535 ns, Cleanup: 60697 ns, At safepoint: 4950 ns, Total: 156182 ns
[2025-12-05T03:59:42.948+0000][103.194s][debug][safepoint   ] Safepoint synchronization initiated using futex wait barrier. (252 threads)
[2025-12-05T03:59:42.949+0000][103.195s][info ][safepoint   ] Safepoint "Cleanup", Time since last: 2000283093 ns, Reaching safepoint: 223383 ns, Cleanup: 42181 ns, At safepoint: 6593 ns, Total: 272157 ns
[2025-12-05T03:59:44.949+0000][105.195s][debug][safepoint   ] Safepoint synchronization initiated using futex wait barrier. (247 threads)
[2025-12-05T03:59:44.949+0000][105.195s][info ][safepoint   ] Safepoint "Cleanup", Time since last: 2000285267 ns, Reaching safepoint: 73513 ns, Cleanup: 20048 ns, At safepoint: 3277 ns, Total: 96838 ns
[2025-12-05T03:59:58.950+0000][119.198s][debug][safepoint   ] Safepoint synchronization initiated using futex wait barrier. (246 threads)
[2025-12-05T03:59:58.950+0000][119.198s][info ][safepoint   ] Safepoint "Cleanup", Time since last: 14002708929 ns, Reaching safepoint: 124901 ns, Cleanup: 16833 ns, At safepoint: 79253 ns, Total: 220987 ns
[2025-12-05T04:00:18.032+0000][138.282s][debug][safepoint   ] Safepoint synchronization initiated using futex wait barrier. (246 threads)
[2025-12-05T04:00:18.032+0000][138.282s][info ][safepoint   ] Safepoint "Cleanup", Time since last: 19084344781 ns, Reaching safepoint: 87840 ns, Cleanup: 15450 ns, At safepoint: 2595 ns, Total: 105885 ns
[2025-12-05T04:00:22.033+0000][142.283s][debug][safepoint   ] Safepoint synchronization initiated using futex wait barrier. (248 threads)
[2025-12-05T04:00:22.033+0000][142.283s][info ][safepoint   ] Safepoint "Cleanup", Time since last: 4000678017 ns, Reaching safepoint: 88491 ns, Cleanup: 15751 ns, At safepoint: 3517 ns, Total: 107759 ns
[2025-12-05T04:00:32.034+0000][152.285s][debug][safepoint   ] Safepoint synchronization initiated using futex wait barrier. (248 threads)
[2025-12-05T04:00:32.034+0000][152.285s][info ][safepoint   ] Safepoint "Cleanup", Time since last: 10001297646 ns, Reaching safepoint: 83021 ns, Cleanup: 15410 ns, At safepoint: 3146 ns, Total: 101577 ns
[2025-12-05T04:00:42.036+0000][162.286s][debug][safepoint   ] Safepoint synchronization initiated using futex wait barrier. (248 threads)
[2025-12-05T04:00:42.036+0000][162.286s][info ][safepoint   ] Safepoint "Cleanup", Time since last: 10001375968 ns, Reaching safepoint: 81618 ns, Cleanup: 12364 ns, At safepoint: 3076 ns, Total: 97058 ns
[2025-12-05T04:00:46.036+0000][166.287s][debug][safepoint   ] Safepoint synchronization initiated using futex wait barrier. (243 threads)
[2025-12-05T04:00:46.036+0000][166.287s][info ][safepoint   ] Safepoint "Cleanup", Time since last: 4000469033 ns, Reaching safepoint: 114983 ns, Cleanup: 19187 ns, At safepoint: 4178 ns, Total: 138348 ns
[2025-12-05T04:01:15.064+0000][195.317s][debug][safepoint   ] Safepoint synchronization initiated using futex wait barrier. (245 threads)
[2025-12-05T04:01:15.065+0000][195.317s][info ][safepoint   ] Safepoint "Cleanup", Time since last: 29029931085 ns, Reaching safepoint: 387164 ns, Cleanup: 50988 ns, At safepoint: 6212 ns, Total: 444364 ns
[2025-12-05T04:01:18.063+0000][198.318s][debug][safepoint   ] Safepoint synchronization initiated using futex wait barrier. (245 threads)
[2025-12-05T04:01:18.063+0000][198.318s][info ][safepoint   ] Safepoint "Cleanup", Time since last: 3000476961 ns, Reaching safepoint: 177120 ns, Cleanup: 24607 ns, At safepoint: 4429 ns, Total: 206156 ns
[2025-12-05T04:01:21.064+0000][201.318s][debug][safepoint   ] Safepoint synchronization initiated using futex wait barrier. (245 threads)
[2025-12-05T04:01:21.064+0000][201.319s][info ][safepoint   ] Safepoint "Cleanup", Time since last: 3000719270 ns, Reaching safepoint: 373752 ns, Cleanup: 19647 ns, At safepoint: 7665 ns, Total: 401064 ns
[2025-12-05T04:01:34.066+0000][214.321s][debug][safepoint   ] Safepoint synchronization initiated using futex wait barrier. (246 threads)
[2025-12-05T04:01:34.066+0000][214.321s][info ][safepoint   ] Safepoint "Cleanup", Time since last: 13001861094 ns, Reaching safepoint: 164638 ns, Cleanup: 11543 ns, At safepoint: 3476 ns, Total: 179657 ns
[2025-12-05T04:01:36.067+0000][216.321s][debug][safepoint   ] Safepoint synchronization initiated using futex wait barrier. (246 threads)
[2025-12-05T04:01:36.067+0000][216.321s][info ][safepoint   ] Safepoint "Cleanup", Time since last: 2000308037 ns, Reaching safepoint: 199776 ns, Cleanup: 15811 ns, At safepoint: 6031 ns, Total: 221618 ns
[2025-12-05T04:01:40.195+0000][220.450s][debug][safepoint   ] Safepoint synchronization initiated using futex wait barrier. (246 threads)
[2025-12-05T04:01:40.195+0000][220.450s][info ][safepoint   ] Safepoint "Cleanup", Time since last: 4128032766 ns, Reaching safepoint: 502841 ns, Cleanup: 51620 ns, At safepoint: 37482 ns, Total: 591943 ns
[2025-12-05T04:01:40.391+0000][220.645s][debug][safepoint   ] Safepoint synchronization initiated using futex wait barrier. (248 threads)
[2025-12-05T04:01:40.391+0000][220.646s][info ][gc,start    ] GC(82) Pause Young (Normal) (G1 Evacuation Pause)
[2025-12-05T04:01:40.391+0000][220.646s][info ][gc,task     ] GC(82) Using 13 workers of 13 for evacuation
[2025-12-05T04:01:40.399+0000][220.653s][info ][gc,phases   ] GC(82)   Pre Evacuate Collection Set: 0.6ms
[2025-12-05T04:01:40.399+0000][220.653s][info ][gc,phases   ] GC(82)   Merge Heap Roots: 0.4ms
[2025-12-05T04:01:40.399+0000][220.653s][info ][gc,phases   ] GC(82)   Evacuate Collection Set: 4.2ms
[2025-12-05T04:01:40.399+0000][220.653s][info ][gc,phases   ] GC(82)   Post Evacuate Collection Set: 2.2ms
[2025-12-05T04:01:40.399+0000][220.653s][info ][gc,phases   ] GC(82)   Other: 0.6ms
[2025-12-05T04:01:40.399+0000][220.653s][info ][gc,heap     ] GC(82) Eden regions: 271->0(292)
[2025-12-05T04:01:40.399+0000][220.654s][info ][gc,heap     ] GC(82) Survivor regions: 3->4(35)
[2025-12-05T04:01:40.399+0000][220.654s][info ][gc,heap     ] GC(82) Old regions: 335->335
[2025-12-05T04:01:40.399+0000][220.654s][info ][gc,heap     ] GC(82) Archive regions: 2->2
[2025-12-05T04:01:40.399+0000][220.654s][info ][gc,heap     ] GC(82) Humongous regions: 3->3
[2025-12-05T04:01:40.399+0000][220.654s][info ][gc,metaspace] GC(82) Metaspace: 191308K(192768K)->191308K(192768K) NonClass: 167874K(168640K)->167874K(168640K) Class: 23434K(24128K)->23434K(24128K)
[2025-12-05T04:01:40.399+0000][220.654s][info ][gc          ] GC(82) Pause Young (Normal) (G1 Evacuation Pause) 612M->341M(847M) 7.832ms
[2025-12-05T04:01:40.399+0000][220.654s][info ][gc,cpu      ] GC(82) User=0.06s Sys=0.00s Real=0.01s
[2025-12-05T04:01:40.399+0000][220.654s][info ][safepoint   ] Safepoint "G1CollectForAllocation", Time since last: 195263112 ns, Reaching safepoint: 67079 ns, Cleanup: 67761 ns, At safepoint: 8418801 ns, Total: 8553641 ns
[2025-12-05T04:01:41.420+0000][221.675s][debug][safepoint   ] Safepoint synchronization initiated using futex wait barrier. (248 threads)
[2025-12-05T04:01:41.420+0000][221.675s][info ][safepoint   ] Safepoint "Cleanup", Time since last: 1020656157 ns, Reaching safepoint: 135262 ns, Cleanup: 105934 ns, At safepoint: 4278 ns, Total: 245474 ns
[2025-12-05T04:01:42.839+0000][223.094s][debug][safepoint   ] Safepoint synchronization initiated using futex wait barrier. (248 threads)
[2025-12-05T04:01:42.839+0000][223.094s][info ][safepoint   ] Safepoint "Cleanup", Time since last: 1419100524 ns, Reaching safepoint: 91607 ns, Cleanup: 128638 ns, At safepoint: 3527 ns, Total: 223772 ns
[2025-12-05T04:01:43.949+0000][224.204s][debug][safepoint   ] Safepoint synchronization initiated using futex wait barrier. (246 threads)
[2025-12-05T04:01:43.949+0000][224.204s][info ][safepoint   ] Safepoint "ICBufferFull", Time since last: 1109454766 ns, Reaching safepoint: 118359 ns, Cleanup: 330729 ns, At safepoint: 89713 ns, Total: 538801 ns
[2025-12-05T04:01:45.163+0000][225.417s][debug][safepoint   ] Safepoint synchronization initiated using futex wait barrier. (247 threads)
[2025-12-05T04:01:45.163+0000][225.418s][info ][safepoint   ] Safepoint "Cleanup", Time since last: 1213302381 ns, Reaching safepoint: 97288 ns, Cleanup: 216207 ns, At safepoint: 7956 ns, Total: 321451 ns
[2025-12-05T04:01:45.345+0000][225.600s][debug][safepoint   ] Safepoint synchronization initiated using futex wait barrier. (247 threads)
[2025-12-05T04:01:45.346+0000][225.600s][info ][gc,start    ] GC(83) Pause Young (Normal) (G1 Evacuation Pause)
[2025-12-05T04:01:45.346+0000][225.600s][info ][gc,task     ] GC(83) Using 13 workers of 13 for evacuation
[2025-12-05T04:01:45.354+0000][225.609s][info ][gc,phases   ] GC(83)   Pre Evacuate Collection Set: 0.5ms
[2025-12-05T04:01:45.354+0000][225.609s][info ][gc,phases   ] GC(83)   Merge Heap Roots: 0.3ms
[2025-12-05T04:01:45.354+0000][225.609s][info ][gc,phases   ] GC(83)   Evacuate Collection Set: 5.6ms
[2025-12-05T04:01:45.354+0000][225.609s][info ][gc,phases   ] GC(83)   Post Evacuate Collection Set: 1.9ms
[2025-12-05T04:01:45.354+0000][225.609s][info ][gc,phases   ] GC(83)   Other: 0.2ms
[2025-12-05T04:01:45.354+0000][225.609s][info ][gc,heap     ] GC(83) Eden regions: 292->0(306)
[2025-12-05T04:01:45.354+0000][225.609s][info ][gc,heap     ] GC(83) Survivor regions: 4->9(37)
[2025-12-05T04:01:45.354+0000][225.609s][info ][gc,heap     ] GC(83) Old regions: 335->335
[2025-12-05T04:01:45.354+0000][225.609s][info ][gc,heap     ] GC(83) Archive regions: 2->2
[2025-12-05T04:01:45.354+0000][225.609s][info ][gc,heap     ] GC(83) Humongous regions: 20->3
[2025-12-05T04:01:45.354+0000][225.609s][info ][gc,metaspace] GC(83) Metaspace: 194009K(195392K)->194009K(195392K) NonClass: 170247K(170944K)->170247K(170944K) Class: 23762K(24448K)->23762K(24448K)
[2025-12-05T04:01:45.354+0000][225.609s][info ][gc          ] GC(83) Pause Young (Normal) (G1 Evacuation Pause) 650M->347M(847M) 8.506ms
[2025-12-05T04:01:45.354+0000][225.609s][info ][gc,cpu      ] GC(83) User=0.06s Sys=0.00s Real=0.01s
[2025-12-05T04:01:45.355+0000][225.610s][info ][safepoint   ] Safepoint "G1CollectForAllocation", Time since last: 182101423 ns, Reaching safepoint: 279249 ns, Cleanup: 44055 ns, At safepoint: 9472516 ns, Total: 9795820 ns
[2025-12-05T04:01:46.355+0000][226.610s][debug][safepoint   ] Safepoint synchronization initiated using futex wait barrier. (250 threads)
[2025-12-05T04:01:46.355+0000][226.610s][info ][safepoint   ] Safepoint "Cleanup", Time since last: 1000172832 ns, Reaching safepoint: 136423 ns, Cleanup: 185308 ns, At safepoint: 6452 ns, Total: 328183 ns
[2025-12-05T04:01:47.353+0000][227.610s][debug][safepoint   ] Safepoint synchronization initiated using futex wait barrier. (249 threads)
[2025-12-05T04:01:47.354+0000][227.610s][info ][safepoint   ] Safepoint "Cleanup", Time since last: 1000129029 ns, Reaching safepoint: 70566 ns, Cleanup: 16482 ns, At safepoint: 2655 ns, Total: 89703 ns
[2025-12-05T04:01:48.616+0000][228.873s][debug][safepoint   ] Safepoint synchronization initiated using futex wait barrier. (252 threads)
[2025-12-05T04:01:48.617+0000][228.873s][info ][safepoint   ] Safepoint "Cleanup", Time since last: 1262839303 ns, Reaching safepoint: 91136 ns, Cleanup: 175068 ns, At safepoint: 48955 ns, Total: 315159 ns
[2025-12-05T04:01:49.617+0000][229.874s][debug][safepoint   ] Safepoint synchronization initiated using futex wait barrier. (259 threads)
[2025-12-05T04:01:49.617+0000][229.874s][info ][safepoint   ] Safepoint "Cleanup", Time since last: 1000179321 ns, Reaching safepoint: 167673 ns, Cleanup: 163466 ns, At safepoint: 3987 ns, Total: 335126 ns
[2025-12-05T04:01:51.618+0000][231.874s][debug][safepoint   ] Safepoint synchronization initiated using futex wait barrier. (259 threads)
[2025-12-05T04:01:51.618+0000][231.875s][info ][safepoint   ] Safepoint "Cleanup", Time since last: 2000312665 ns, Reaching safepoint: 163807 ns, Cleanup: 20349 ns, At safepoint: 4248 ns, Total: 188404 ns
[2025-12-05T04:01:52.105+0000][232.362s][debug][safepoint   ] ... found polling page loop exception at pc = 0x000073c2d9f624d2, stub =0x000073c2e0a04400
[2025-12-05T04:01:53.106+0000][233.363s][debug][safepoint   ] Safepoint synchronization initiated using futex wait barrier. (256 threads)
[2025-12-05T04:01:53.106+0000][233.363s][info ][safepoint   ] Safepoint "Cleanup", Time since last: 1488210179 ns, Reaching safepoint: 104302 ns, Cleanup: 95554 ns, At safepoint: 4709 ns, Total: 204565 ns
[2025-12-05T04:01:54.106+0000][234.363s][debug][safepoint   ] Safepoint synchronization initiated using futex wait barrier. (253 threads)
[2025-12-05T04:01:54.107+0000][234.363s][info ][safepoint   ] Safepoint "Cleanup", Time since last: 1000159273 ns, Reaching safepoint: 145972 ns, Cleanup: 81618 ns, At safepoint: 37352 ns, Total: 264942 ns
[2025-12-05T04:01:56.107+0000][236.364s][debug][safepoint   ] Safepoint synchronization initiated using futex wait barrier. (255 threads)
[2025-12-05T04:01:56.107+0000][236.364s][info ][safepoint   ] Safepoint "Cleanup", Time since last: 2000354235 ns, Reaching safepoint: 163837 ns, Cleanup: 23735 ns, At safepoint: 5010 ns, Total: 192582 ns
[2025-12-05T04:01:58.107+0000][238.364s][debug][safepoint   ] Safepoint synchronization initiated using futex wait barrier. (255 threads)
[2025-12-05T04:01:58.108+0000][238.365s][info ][safepoint   ] Safepoint "Cleanup", Time since last: 2000266093 ns, Reaching safepoint: 383771 ns, Cleanup: 55477 ns, At safepoint: 6793 ns, Total: 446041 ns
[2025-12-05T04:02:02.295+0000][242.552s][debug][safepoint   ] Safepoint synchronization initiated using futex wait barrier. (255 threads)
[2025-12-05T04:02:02.296+0000][242.553s][info ][gc,start    ] GC(84) Pause Young (Normal) (G1 Evacuation Pause)
[2025-12-05T04:02:02.296+0000][242.553s][info ][gc,task     ] GC(84) Using 13 workers of 13 for evacuation
[2025-12-05T04:02:02.308+0000][242.565s][info ][gc,phases   ] GC(84)   Pre Evacuate Collection Set: 0.6ms
[2025-12-05T04:02:02.308+0000][242.565s][info ][gc,phases   ] GC(84)   Merge Heap Roots: 0.4ms
[2025-12-05T04:02:02.308+0000][242.565s][info ][gc,phases   ] GC(84)   Evacuate Collection Set: 8.7ms
[2025-12-05T04:02:02.308+0000][242.565s][info ][gc,phases   ] GC(84)   Post Evacuate Collection Set: 2.2ms
[2025-12-05T04:02:02.308+0000][242.565s][info ][gc,phases   ] GC(84)   Other: 0.5ms
[2025-12-05T04:02:02.308+0000][242.565s][info ][gc,heap     ] GC(84) Eden regions: 306->0(317)
[2025-12-05T04:02:02.308+0000][242.565s][info ][gc,heap     ] GC(84) Survivor regions: 9->15(40)
[2025-12-05T04:02:02.308+0000][242.565s][info ][gc,heap     ] GC(84) Old regions: 335->335
[2025-12-05T04:02:02.308+0000][242.565s][info ][gc,heap     ] GC(84) Archive regions: 2->2
[2025-12-05T04:02:02.308+0000][242.565s][info ][gc,heap     ] GC(84) Humongous regions: 3->3
[2025-12-05T04:02:02.308+0000][242.565s][info ][gc,metaspace] GC(84) Metaspace: 195696K(197056K)->195696K(197056K) NonClass: 171786K(172480K)->171786K(172480K) Class: 23909K(24576K)->23909K(24576K)
[2025-12-05T04:02:02.308+0000][242.565s][info ][gc          ] GC(84) Pause Young (Normal) (G1 Evacuation Pause) 653M->353M(847M) 12.290ms
[2025-12-05T04:02:02.308+0000][242.565s][info ][gc,cpu      ] GC(84) User=0.09s Sys=0.01s Real=0.01s
[2025-12-05T04:02:02.308+0000][242.565s][info ][safepoint   ] Safepoint "G1CollectForAllocation", Time since last: 4187457795 ns, Reaching safepoint: 211498 ns, Cleanup: 45689 ns, At safepoint: 12723825 ns, Total: 12981012 ns
[2025-12-05T04:02:04.309+0000][244.565s][debug][safepoint   ] Safepoint synchronization initiated using futex wait barrier. (255 threads)
[2025-12-05T04:02:04.309+0000][244.565s][info ][safepoint   ] Safepoint "Cleanup", Time since last: 2000300133 ns, Reaching safepoint: 95655 ns, Cleanup: 17855 ns, At safepoint: 3476 ns, Total: 116986 ns
[2025-12-05T04:02:11.309+0000][251.566s][debug][safepoint   ] Safepoint synchronization initiated using futex wait barrier. (255 threads)
[2025-12-05T04:02:11.310+0000][251.566s][info ][safepoint   ] Safepoint "Cleanup", Time since last: 7000811819 ns, Reaching safepoint: 98179 ns, Cleanup: 13046 ns, At safepoint: 3036 ns, Total: 114261 ns
[2025-12-05T04:02:17.308+0000][257.567s][debug][safepoint   ] Safepoint synchronization initiated using futex wait barrier. (255 threads)
[2025-12-05T04:02:17.308+0000][257.567s][info ][safepoint   ] Safepoint "Cleanup", Time since last: 6000827402 ns, Reaching safepoint: 98100 ns, Cleanup: 17443 ns, At safepoint: 4799 ns, Total: 120342 ns
[2025-12-05T04:02:18.309+0000][258.568s][debug][safepoint   ] Safepoint synchronization initiated using futex wait barrier. (256 threads)
[2025-12-05T04:02:18.309+0000][258.568s][info ][safepoint   ] Safepoint "Cleanup", Time since last: 1000193721 ns, Reaching safepoint: 90315 ns, Cleanup: 72379 ns, At safepoint: 4309 ns, Total: 167003 ns
[2025-12-05T04:02:29.310+0000][269.569s][debug][safepoint   ] Safepoint synchronization initiated using futex wait barrier. (257 threads)
[2025-12-05T04:02:29.310+0000][269.569s][info ][safepoint   ] Safepoint "Cleanup", Time since last: 11001420267 ns, Reaching safepoint: 146993 ns, Cleanup: 35770 ns, At safepoint: 4077 ns, Total: 186840 ns
[2025-12-05T04:02:37.312+0000][277.571s][debug][safepoint   ] Safepoint synchronization initiated using futex wait barrier. (257 threads)
[2025-12-05T04:02:37.312+0000][277.571s][info ][safepoint   ] Safepoint "Cleanup", Time since last: 8001430724 ns, Reaching safepoint: 153597 ns, Cleanup: 48944 ns, At safepoint: 6773 ns, Total: 209314 ns
[2025-12-05T04:02:42.313+0000][282.572s][debug][safepoint   ] Safepoint synchronization initiated using futex wait barrier. (257 threads)
[2025-12-05T04:02:42.313+0000][282.572s][info ][safepoint   ] Safepoint "Cleanup", Time since last: 5000795608 ns, Reaching safepoint: 150240 ns, Cleanup: 31060 ns, At safepoint: 4338 ns, Total: 185638 ns
[2025-12-05T04:02:49.312+0000][289.573s][debug][safepoint   ] Safepoint synchronization initiated using futex wait barrier. (255 threads)
[2025-12-05T04:02:49.312+0000][289.573s][info ][safepoint   ] Safepoint "Cleanup", Time since last: 7000963419 ns, Reaching safepoint: 241086 ns, Cleanup: 15129 ns, At safepoint: 33785 ns, Total: 290000 ns
[2025-12-05T04:02:51.313+0000][291.573s][debug][safepoint   ] Safepoint synchronization initiated using futex wait barrier. (257 threads)
[2025-12-05T04:02:51.313+0000][291.574s][info ][safepoint   ] Safepoint "Cleanup", Time since last: 2000269489 ns, Reaching safepoint: 191189 ns, Cleanup: 26852 ns, At safepoint: 5310 ns, Total: 223351 ns
[2025-12-05T04:02:58.314+0000][298.575s][debug][safepoint   ] Safepoint synchronization initiated using futex wait barrier. (256 threads)
[2025-12-05T04:02:58.314+0000][298.575s][info ][safepoint   ] Safepoint "Cleanup", Time since last: 7000850813 ns, Reaching safepoint: 91477 ns, Cleanup: 9358 ns, At safepoint: 3948 ns, Total: 104783 ns
[2025-12-05T04:03:29.132+0000][329.395s][debug][safepoint   ] Safepoint synchronization initiated using futex wait barrier. (256 threads)
[2025-12-05T04:03:29.132+0000][329.396s][info ][safepoint   ] Safepoint "Cleanup", Time since last: 30820541144 ns, Reaching safepoint: 343163 ns, Cleanup: 34607 ns, At safepoint: 6863 ns, Total: 384633 ns
[2025-12-05T04:03:29.819+0000][330.083s][debug][safepoint   ] Safepoint synchronization initiated using futex wait barrier. (256 threads)
[2025-12-05T04:03:29.820+0000][330.083s][info ][gc,start    ] GC(85) Pause Young (Normal) (G1 Evacuation Pause)
[2025-12-05T04:03:29.820+0000][330.083s][info ][gc,task     ] GC(85) Using 13 workers of 13 for evacuation
[2025-12-05T04:03:29.839+0000][330.103s][info ][gc,phases   ] GC(85)   Pre Evacuate Collection Set: 0.4ms
[2025-12-05T04:03:29.839+0000][330.103s][info ][gc,phases   ] GC(85)   Merge Heap Roots: 0.7ms
[2025-12-05T04:03:29.839+0000][330.103s][info ][gc,phases   ] GC(85)   Evacuate Collection Set: 16.3ms
[2025-12-05T04:03:29.839+0000][330.103s][info ][gc,phases   ] GC(85)   Post Evacuate Collection Set: 2.1ms
[2025-12-05T04:03:29.839+0000][330.103s][info ][gc,phases   ] GC(85)   Other: 0.2ms
[2025-12-05T04:03:29.840+0000][330.103s][info ][gc,heap     ] GC(85) Eden regions: 317->0(330)
[2025-12-05T04:03:29.840+0000][330.103s][info ][gc,heap     ] GC(85) Survivor regions: 15->17(42)
[2025-12-05T04:03:29.840+0000][330.103s][info ][gc,heap     ] GC(85) Old regions: 335->335
[2025-12-05T04:03:29.840+0000][330.103s][info ][gc,heap     ] GC(85) Archive regions: 2->2
[2025-12-05T04:03:29.840+0000][330.103s][info ][gc,heap     ] GC(85) Humongous regions: 3->3
[2025-12-05T04:03:29.840+0000][330.103s][info ][gc,metaspace] GC(85) Metaspace: 196047K(197504K)->196047K(197504K) NonClass: 172107K(172864K)->172107K(172864K) Class: 23939K(24640K)->23939K(24640K)
[2025-12-05T04:03:29.840+0000][330.103s][info ][gc          ] GC(85) Pause Young (Normal) (G1 Evacuation Pause) 670M->354M(847M) 19.754ms
[2025-12-05T04:03:29.840+0000][330.103s][info ][gc,cpu      ] GC(85) User=0.17s Sys=0.01s Real=0.02s
[2025-12-05T04:03:29.840+0000][330.104s][info ][safepoint   ] Safepoint "G1CollectForAllocation", Time since last: 687131901 ns, Reaching safepoint: 298507 ns, Cleanup: 23806 ns, At safepoint: 20733617 ns, Total: 21055930 ns
[2025-12-05T04:03:31.841+0000][332.104s][debug][safepoint   ] Safepoint synchronization initiated using futex wait barrier. (256 threads)
[2025-12-05T04:03:31.841+0000][332.104s][info ][safepoint   ] Safepoint "Cleanup", Time since last: 2000327868 ns, Reaching safepoint: 99943 ns, Cleanup: 51440 ns, At safepoint: 4659 ns, Total: 156042 ns
[2025-12-05T04:03:41.843+0000][342.106s][debug][safepoint   ] Safepoint synchronization initiated using futex wait barrier. (256 threads)
[2025-12-05T04:03:41.843+0000][342.106s][info ][safepoint   ] Safepoint "Cleanup", Time since last: 10001652563 ns, Reaching safepoint: 93871 ns, Cleanup: 14147 ns, At safepoint: 3928 ns, Total: 111946 ns
[2025-12-05T04:03:46.843+0000][347.107s][debug][safepoint   ] Safepoint synchronization initiated using futex wait barrier. (255 threads)
[2025-12-05T04:03:46.844+0000][347.107s][info ][safepoint   ] Safepoint "Cleanup", Time since last: 5000682234 ns, Reaching safepoint: 286302 ns, Cleanup: 30860 ns, At safepoint: 11181 ns, Total: 328343 ns
[2025-12-05T04:03:47.841+0000][348.107s][debug][safepoint   ] Safepoint synchronization initiated using futex wait barrier. (254 threads)
[2025-12-05T04:03:47.842+0000][348.107s][info ][safepoint   ] Safepoint "Cleanup", Time since last: 1000152205 ns, Reaching safepoint: 139590 ns, Cleanup: 26791 ns, At safepoint: 4769 ns, Total: 171150 ns
[2025-12-05T04:03:48.842+0000][349.108s][debug][safepoint   ] Safepoint synchronization initiated using futex wait barrier. (255 threads)
[2025-12-05T04:03:48.842+0000][349.108s][info ][safepoint   ] Safepoint "Cleanup", Time since last: 1000180064 ns, Reaching safepoint: 145310 ns, Cleanup: 41129 ns, At safepoint: 5481 ns, Total: 191920 ns
[2025-12-05T04:03:52.843+0000][353.109s][debug][safepoint   ] Safepoint synchronization initiated using futex wait barrier. (255 threads)
[2025-12-05T04:03:52.843+0000][353.109s][info ][safepoint   ] Safepoint "Cleanup", Time since last: 4001018444 ns, Reaching safepoint: 123539 ns, Cleanup: 37983 ns, At safepoint: 4689 ns, Total: 166211 ns
