[2025-12-02T05:19:16.326+0000][0.042s][info][gc] Using G1
[2025-12-02T05:19:16.333+0000][0.049s][info][gc,init] Version: 17.0.16+8-Debian-1deb12u1 (release)
[2025-12-02T05:19:16.333+0000][0.049s][info][gc,init] CPUs: 16 total, 16 available
[2025-12-02T05:19:16.333+0000][0.049s][info][gc,init] Memory: 7590M
[2025-12-02T05:19:16.333+0000][0.049s][info][gc,init] Large Page Support: Disabled
[2025-12-02T05:19:16.333+0000][0.049s][info][gc,init] NUMA Support: Disabled
[2025-12-02T05:19:16.333+0000][0.049s][info][gc,init] Compressed Oops: Enabled (32-bit)
[2025-12-02T05:19:16.333+0000][0.049s][info][gc,init] Heap Region Size: 1M
[2025-12-02T05:19:16.333+0000][0.049s][info][gc,init] Heap Min Capacity: 8M
[2025-12-02T05:19:16.333+0000][0.049s][info][gc,init] Heap Initial Capacity: 120M
[2025-12-02T05:19:16.333+0000][0.049s][info][gc,init] Heap Max Capacity: 1898M
[2025-12-02T05:19:16.333+0000][0.049s][info][gc,init] Pre-touch: Disabled
[2025-12-02T05:19:16.333+0000][0.049s][info][gc,init] Parallel Workers: 13
[2025-12-02T05:19:16.333+0000][0.049s][info][gc,init] Concurrent Workers: 3
[2025-12-02T05:19:16.333+0000][0.049s][info][gc,init] Concurrent Refinement Workers: 13
[2025-12-02T05:19:16.333+0000][0.049s][info][gc,init] Periodic GC: Disabled
[2025-12-02T05:19:16.377+0000][0.093s][info][gc,metaspace] CDS archive(s) mapped at: [0x00007013af000000-0x00007013afbca000-0x00007013afbca000), size 12361728, SharedBaseAddress: 0x00007013af000000, ArchiveRelocationMode: 1.
[2025-12-02T05:19:16.377+0000][0.093s][info][gc,metaspace] Compressed class space mapped at: 0x00007013b0000000-0x00007013f0000000, reserved size: 1073741824
[2025-12-02T05:19:16.377+0000][0.093s][info][gc,metaspace] Narrow klass base: 0x00007013af000000, Narrow klass shift: 0, Narrow klass range: 0x100000000
[2025-12-02T05:19:16.411+0000][0.128s][info][cds,heap    ] initialize_from_archived_subgraph java.lang.Module$ArchivedData 0x00007013af1837f0 (early)
[2025-12-02T05:19:16.413+0000][0.129s][info][cds,heap    ] initialize_from_archived_subgraph java.util.ImmutableCollections 0x00007013af072308 (early)
[2025-12-02T05:19:16.417+0000][0.133s][info][cds,heap    ] initialize_from_archived_subgraph java.lang.Integer$IntegerCache 0x00007013af037660 (early)
[2025-12-02T05:19:16.429+0000][0.145s][info][cds,heap    ] initialize_from_archived_subgraph java.lang.module.Configuration 0x00007013af171770 (early)
[2025-12-02T05:19:16.429+0000][0.145s][info][cds,heap    ] initialize_from_archived_subgraph java.lang.ModuleLayer 0x00007013af145ba8 (early)
[2025-12-02T05:19:16.429+0000][0.146s][info][cds,heap    ] initialize_from_archived_subgraph jdk.internal.loader.ArchivedClassLoaders 0x00007013af1a7e68 (early)
[2025-12-02T05:19:16.429+0000][0.146s][info][cds,heap    ] initialize_from_archived_subgraph jdk.internal.module.ArchivedBootLayer 0x00007013af1783b0 (early)
[2025-12-02T05:19:16.436+0000][0.152s][info][cds,heap    ] initialize_from_archived_subgraph sun.util.locale.BaseLocale 0x00007013af26ebf0
[2025-12-02T05:19:16.458+0000][0.175s][info][cds,heap    ] initialize_from_archived_subgraph java.util.jar.Attributes$Name 0x00007013af1998d0
[2025-12-02T05:19:16.511+0000][0.227s][info][cds,heap    ] initialize_from_archived_subgraph java.lang.Long$LongCache 0x00007013af020f98
[2025-12-02T05:19:16.664+0000][0.380s][info][cds,heap    ] initialize_from_archived_subgraph java.lang.Character$CharacterCache 0x00007013af03a9e8
[2025-12-02T05:19:17.189+0000][0.906s][debug][safepoint   ] Safepoint synchronization initiated using futex wait barrier. (15 threads)
[2025-12-02T05:19:17.190+0000][0.906s][info ][safepoint   ] Safepoint "ICBufferFull", Time since last: 781885759 ns, Reaching safepoint: 182494 ns, Cleanup: 125784 ns, At safepoint: 86300 ns, Total: 394578 ns
[2025-12-02T05:19:17.691+0000][1.407s][debug][safepoint   ] Safepoint synchronization initiated using futex wait barrier. (21 threads)
[2025-12-02T05:19:17.691+0000][1.407s][info ][gc,start    ] GC(0) Pause Young (Normal) (G1 Evacuation Pause)
[2025-12-02T05:19:17.692+0000][1.408s][info ][gc,task     ] GC(0) Using 2 workers of 13 for evacuation
[2025-12-02T05:19:17.708+0000][1.424s][info ][gc,phases   ] GC(0)   Pre Evacuate Collection Set: 0.1ms
[2025-12-02T05:19:17.708+0000][1.424s][info ][gc,phases   ] GC(0)   Merge Heap Roots: 0.3ms
[2025-12-02T05:19:17.708+0000][1.424s][info ][gc,phases   ] GC(0)   Evacuate Collection Set: 13.3ms
[2025-12-02T05:19:17.708+0000][1.424s][info ][gc,phases   ] GC(0)   Post Evacuate Collection Set: 2.4ms
[2025-12-02T05:19:17.708+0000][1.424s][info ][gc,phases   ] GC(0)   Other: 0.6ms
[2025-12-02T05:19:17.708+0000][1.424s][info ][gc,heap     ] GC(0) Eden regions: 56->0(58)
[2025-12-02T05:19:17.708+0000][1.424s][info ][gc,heap     ] GC(0) Survivor regions: 0->7(7)
[2025-12-02T05:19:17.708+0000][1.424s][info ][gc,heap     ] GC(0) Old regions: 0->2
[2025-12-02T05:19:17.708+0000][1.424s][info ][gc,heap     ] GC(0) Archive regions: 2->2
[2025-12-02T05:19:17.708+0000][1.424s][info ][gc,heap     ] GC(0) Humongous regions: 0->0
[2025-12-02T05:19:17.708+0000][1.424s][info ][gc,metaspace] GC(0) Metaspace: 2702K(2880K)->2702K(2880K) NonClass: 2453K(2560K)->2453K(2560K) Class: 249K(320K)->249K(320K)
[2025-12-02T05:19:17.708+0000][1.424s][info ][gc          ] GC(0) Pause Young (Normal) (G1 Evacuation Pause) 56M->9M(122M) 16.885ms
[2025-12-02T05:19:17.708+0000][1.424s][info ][gc,cpu      ] GC(0) User=0.05s Sys=0.01s Real=0.02s
[2025-12-02T05:19:17.708+0000][1.425s][info ][safepoint   ] Safepoint "G1CollectForAllocation", Time since last: 501272290 ns, Reaching safepoint: 57056 ns, Cleanup: 89116 ns, At safepoint: 17136668 ns, Total: 17282840 ns
[2025-12-02T05:19:18.286+0000][2.002s][debug][safepoint   ] Safepoint synchronization initiated using futex wait barrier. (19 threads)
[2025-12-02T05:19:18.286+0000][2.002s][info ][gc,start    ] GC(1) Pause Young (Normal) (G1 Evacuation Pause)
[2025-12-02T05:19:18.286+0000][2.002s][info ][gc,task     ] GC(1) Using 2 workers of 13 for evacuation
[2025-12-02T05:19:18.303+0000][2.019s][info ][gc,phases   ] GC(1)   Pre Evacuate Collection Set: 0.3ms
[2025-12-02T05:19:18.303+0000][2.019s][info ][gc,phases   ] GC(1)   Merge Heap Roots: 0.1ms
[2025-12-02T05:19:18.303+0000][2.019s][info ][gc,phases   ] GC(1)   Evacuate Collection Set: 12.8ms
[2025-12-02T05:19:18.303+0000][2.019s][info ][gc,phases   ] GC(1)   Post Evacuate Collection Set: 3.3ms
[2025-12-02T05:19:18.303+0000][2.019s][info ][gc,phases   ] GC(1)   Other: 0.1ms
[2025-12-02T05:19:18.303+0000][2.019s][info ][gc,heap     ] GC(1) Eden regions: 58->0(64)
[2025-12-02T05:19:18.303+0000][2.019s][info ][gc,heap     ] GC(1) Survivor regions: 7->3(9)
[2025-12-02T05:19:18.303+0000][2.019s][info ][gc,heap     ] GC(1) Old regions: 2->9
[2025-12-02T05:19:18.303+0000][2.019s][info ][gc,heap     ] GC(1) Archive regions: 2->2
[2025-12-02T05:19:18.303+0000][2.019s][info ][gc,heap     ] GC(1) Humongous regions: 0->0
[2025-12-02T05:19:18.303+0000][2.019s][info ][gc,metaspace] GC(1) Metaspace: 4654K(4928K)->4654K(4928K) NonClass: 4110K(4224K)->4110K(4224K) Class: 544K(704K)->544K(704K)
[2025-12-02T05:19:18.303+0000][2.019s][info ][gc          ] GC(1) Pause Young (Normal) (G1 Evacuation Pause) 67M->11M(122M) 16.806ms
[2025-12-02T05:19:18.303+0000][2.019s][info ][gc,cpu      ] GC(1) User=0.02s Sys=0.03s Real=0.02s
[2025-12-02T05:19:18.303+0000][2.019s][info ][safepoint   ] Safepoint "G1CollectForAllocation", Time since last: 577782941 ns, Reaching safepoint: 44833 ns, Cleanup: 60162 ns, At safepoint: 16949522 ns, Total: 17054517 ns
[2025-12-02T05:19:18.833+0000][2.550s][debug][safepoint   ] Safepoint synchronization initiated using futex wait barrier. (19 threads)
[2025-12-02T05:19:18.834+0000][2.550s][info ][gc,start    ] GC(2) Pause Young (Normal) (G1 Evacuation Pause)
[2025-12-02T05:19:18.834+0000][2.550s][info ][gc,task     ] GC(2) Using 2 workers of 13 for evacuation
[2025-12-02T05:19:18.842+0000][2.558s][info ][gc,phases   ] GC(2)   Pre Evacuate Collection Set: 0.1ms
[2025-12-02T05:19:18.842+0000][2.558s][info ][gc,phases   ] GC(2)   Merge Heap Roots: 0.1ms
[2025-12-02T05:19:18.842+0000][2.558s][info ][gc,phases   ] GC(2)   Evacuate Collection Set: 6.6ms
[2025-12-02T05:19:18.842+0000][2.558s][info ][gc,phases   ] GC(2)   Post Evacuate Collection Set: 1.1ms
[2025-12-02T05:19:18.842+0000][2.558s][info ][gc,phases   ] GC(2)   Other: 0.1ms
[2025-12-02T05:19:18.842+0000][2.558s][info ][gc,heap     ] GC(2) Eden regions: 64->0(68)
[2025-12-02T05:19:18.842+0000][2.558s][info ][gc,heap     ] GC(2) Survivor regions: 3->4(9)
[2025-12-02T05:19:18.842+0000][2.558s][info ][gc,heap     ] GC(2) Old regions: 9->9
[2025-12-02T05:19:18.842+0000][2.558s][info ][gc,heap     ] GC(2) Archive regions: 2->2
[2025-12-02T05:19:18.842+0000][2.558s][info ][gc,heap     ] GC(2) Humongous regions: 0->0
[2025-12-02T05:19:18.842+0000][2.558s][info ][gc,metaspace] GC(2) Metaspace: 7876K(8192K)->7876K(8192K) NonClass: 6874K(7040K)->6874K(7040K) Class: 1002K(1152K)->1002K(1152K)
[2025-12-02T05:19:18.842+0000][2.558s][info ][gc          ] GC(2) Pause Young (Normal) (G1 Evacuation Pause) 75M->13M(122M) 8.208ms
[2025-12-02T05:19:18.842+0000][2.558s][info ][gc,cpu      ] GC(2) User=0.01s Sys=0.01s Real=0.01s
[2025-12-02T05:19:18.842+0000][2.558s][info ][safepoint   ] Safepoint "G1CollectForAllocation", Time since last: 530325572 ns, Reaching safepoint: 41367 ns, Cleanup: 285992 ns, At safepoint: 8301584 ns, Total: 8628943 ns
[2025-12-02T05:19:19.350+0000][3.067s][debug][safepoint   ] Safepoint synchronization initiated using futex wait barrier. (17 threads)
[2025-12-02T05:19:19.351+0000][3.067s][info ][gc,start    ] GC(3) Pause Young (Normal) (G1 Evacuation Pause)
[2025-12-02T05:19:19.351+0000][3.067s][info ][gc,task     ] GC(3) Using 2 workers of 13 for evacuation
[2025-12-02T05:19:19.361+0000][3.077s][info ][gc,phases   ] GC(3)   Pre Evacuate Collection Set: 0.1ms
[2025-12-02T05:19:19.361+0000][3.077s][info ][gc,phases   ] GC(3)   Merge Heap Roots: 0.1ms
[2025-12-02T05:19:19.361+0000][3.077s][info ][gc,phases   ] GC(3)   Evacuate Collection Set: 8.5ms
[2025-12-02T05:19:19.361+0000][3.077s][info ][gc,phases   ] GC(3)   Post Evacuate Collection Set: 1.1ms
[2025-12-02T05:19:19.361+0000][3.077s][info ][gc,phases   ] GC(3)   Other: 0.1ms
[2025-12-02T05:19:19.361+0000][3.077s][info ][gc,heap     ] GC(3) Eden regions: 68->0(66)
[2025-12-02T05:19:19.361+0000][3.077s][info ][gc,heap     ] GC(3) Survivor regions: 4->6(9)
[2025-12-02T05:19:19.361+0000][3.077s][info ][gc,heap     ] GC(3) Old regions: 9->9
[2025-12-02T05:19:19.361+0000][3.077s][info ][gc,heap     ] GC(3) Archive regions: 2->2
[2025-12-02T05:19:19.361+0000][3.077s][info ][gc,heap     ] GC(3) Humongous regions: 0->0
[2025-12-02T05:19:19.361+0000][3.077s][info ][gc,metaspace] GC(3) Metaspace: 11182K(11584K)->11182K(11584K) NonClass: 9713K(9920K)->9713K(9920K) Class: 1468K(1664K)->1468K(1664K)
[2025-12-02T05:19:19.361+0000][3.077s][info ][gc          ] GC(3) Pause Young (Normal) (G1 Evacuation Pause) 81M->14M(122M) 9.991ms
[2025-12-02T05:19:19.361+0000][3.077s][info ][gc,cpu      ] GC(3) User=0.02s Sys=0.01s Real=0.01s
[2025-12-02T05:19:19.361+0000][3.077s][info ][safepoint   ] Safepoint "G1CollectForAllocation", Time since last: 508448650 ns, Reaching safepoint: 50594 ns, Cleanup: 125083 ns, At safepoint: 10088476 ns, Total: 10264153 ns
[2025-12-02T05:19:19.571+0000][3.288s][debug][safepoint   ] Safepoint synchronization initiated using futex wait barrier. (18 threads)
[2025-12-02T05:19:19.572+0000][3.288s][info ][safepoint   ] Safepoint "ICBufferFull", Time since last: 210613827 ns, Reaching safepoint: 68928 ns, Cleanup: 180486 ns, At safepoint: 28212 ns, Total: 277626 ns
[2025-12-02T05:19:19.779+0000][3.495s][debug][safepoint   ] Safepoint synchronization initiated using futex wait barrier. (21 threads)
[2025-12-02T05:19:19.779+0000][3.496s][info ][gc,start    ] GC(4) Pause Young (Normal) (G1 Evacuation Pause)
[2025-12-02T05:19:19.779+0000][3.496s][info ][gc,task     ] GC(4) Using 4 workers of 13 for evacuation
[2025-12-02T05:19:19.788+0000][3.504s][info ][gc,phases   ] GC(4)   Pre Evacuate Collection Set: 0.1ms
[2025-12-02T05:19:19.788+0000][3.504s][info ][gc,phases   ] GC(4)   Merge Heap Roots: 0.1ms
[2025-12-02T05:19:19.788+0000][3.504s][info ][gc,phases   ] GC(4)   Evacuate Collection Set: 6.7ms
[2025-12-02T05:19:19.788+0000][3.504s][info ][gc,phases   ] GC(4)   Post Evacuate Collection Set: 1.8ms
[2025-12-02T05:19:19.788+0000][3.504s][info ][gc,phases   ] GC(4)   Other: 0.1ms
[2025-12-02T05:19:19.788+0000][3.504s][info ][gc,heap     ] GC(4) Eden regions: 66->0(82)
[2025-12-02T05:19:19.788+0000][3.504s][info ][gc,heap     ] GC(4) Survivor regions: 6->6(9)
[2025-12-02T05:19:19.788+0000][3.504s][info ][gc,heap     ] GC(4) Old regions: 9->11
[2025-12-02T05:19:19.788+0000][3.504s][info ][gc,heap     ] GC(4) Archive regions: 2->2
[2025-12-02T05:19:19.788+0000][3.504s][info ][gc,heap     ] GC(4) Humongous regions: 0->0
[2025-12-02T05:19:19.788+0000][3.504s][info ][gc,metaspace] GC(4) Metaspace: 12982K(13312K)->12982K(13312K) NonClass: 11291K(11456K)->11291K(11456K) Class: 1691K(1856K)->1691K(1856K)
[2025-12-02T05:19:19.788+0000][3.504s][info ][gc          ] GC(4) Pause Young (Normal) (G1 Evacuation Pause) 80M->16M(147M) 8.949ms
[2025-12-02T05:19:19.788+0000][3.504s][info ][gc,cpu      ] GC(4) User=0.05s Sys=0.02s Real=0.01s
[2025-12-02T05:19:19.788+0000][3.505s][info ][safepoint   ] Safepoint "G1CollectForAllocation", Time since last: 207341525 ns, Reaching safepoint: 148846 ns, Cleanup: 119372 ns, At safepoint: 9125115 ns, Total: 9393333 ns
[2025-12-02T05:19:20.046+0000][3.762s][debug][safepoint   ] Safepoint synchronization initiated using futex wait barrier. (21 threads)
[2025-12-02T05:19:20.046+0000][3.762s][debug][safepoint   ] ... found polling page loop exception at pc = 0x00007014192645cf, stub =0x0000701418a04400
[2025-12-02T05:19:20.046+0000][3.762s][info ][gc,start    ] GC(5) Pause Young (Normal) (G1 Evacuation Pause)
[2025-12-02T05:19:20.046+0000][3.762s][info ][gc,task     ] GC(5) Using 4 workers of 13 for evacuation
[2025-12-02T05:19:20.050+0000][3.767s][info ][gc,phases   ] GC(5)   Pre Evacuate Collection Set: 0.2ms
[2025-12-02T05:19:20.050+0000][3.767s][info ][gc,phases   ] GC(5)   Merge Heap Roots: 0.1ms
[2025-12-02T05:19:20.050+0000][3.767s][info ][gc,phases   ] GC(5)   Evacuate Collection Set: 2.8ms
[2025-12-02T05:19:20.050+0000][3.767s][info ][gc,phases   ] GC(5)   Post Evacuate Collection Set: 1.1ms
[2025-12-02T05:19:20.050+0000][3.767s][info ][gc,phases   ] GC(5)   Other: 0.1ms
[2025-12-02T05:19:20.050+0000][3.767s][info ][gc,heap     ] GC(5) Eden regions: 82->0(81)
[2025-12-02T05:19:20.050+0000][3.767s][info ][gc,heap     ] GC(5) Survivor regions: 6->7(11)
[2025-12-02T05:19:20.050+0000][3.767s][info ][gc,heap     ] GC(5) Old regions: 11->11
[2025-12-02T05:19:20.050+0000][3.767s][info ][gc,heap     ] GC(5) Archive regions: 2->2
[2025-12-02T05:19:20.050+0000][3.767s][info ][gc,heap     ] GC(5) Humongous regions: 0->0
[2025-12-02T05:19:20.050+0000][3.767s][info ][gc,metaspace] GC(5) Metaspace: 15852K(16256K)->15852K(16256K) NonClass: 13751K(13952K)->13751K(13952K) Class: 2101K(2304K)->2101K(2304K)
[2025-12-02T05:19:20.050+0000][3.767s][info ][gc          ] GC(5) Pause Young (Normal) (G1 Evacuation Pause) 98M->17M(147M) 4.481ms
[2025-12-02T05:19:20.050+0000][3.767s][info ][gc,cpu      ] GC(5) User=0.02s Sys=0.00s Real=0.00s
[2025-12-02T05:19:20.051+0000][3.767s][info ][safepoint   ] Safepoint "G1CollectForAllocation", Time since last: 257397154 ns, Reaching safepoint: 176508 ns, Cleanup: 57728 ns, At safepoint: 4575325 ns, Total: 4809561 ns
[2025-12-02T05:19:20.091+0000][3.808s][info ][cds,heap    ] initialize_from_archived_subgraph java.lang.Byte$ByteCache 0x00007013af03abf8
[2025-12-02T05:19:20.091+0000][3.808s][info ][cds,heap    ] initialize_from_archived_subgraph java.lang.Short$ShortCache 0x00007013af0412e8
[2025-12-02T05:19:20.223+0000][3.939s][debug][safepoint   ] Safepoint synchronization initiated using futex wait barrier. (21 threads)
[2025-12-02T05:19:20.223+0000][3.939s][debug][safepoint   ] ... found polling page loop exception at pc = 0x0000701419153431, stub =0x0000701418a04400
[2025-12-02T05:19:20.223+0000][3.940s][info ][gc,start    ] GC(6) Pause Young (Normal) (G1 Evacuation Pause)
[2025-12-02T05:19:20.223+0000][3.940s][info ][gc,task     ] GC(6) Using 4 workers of 13 for evacuation
[2025-12-02T05:19:20.231+0000][3.947s][info ][gc,phases   ] GC(6)   Pre Evacuate Collection Set: 0.1ms
[2025-12-02T05:19:20.231+0000][3.947s][info ][gc,phases   ] GC(6)   Merge Heap Roots: 0.1ms
[2025-12-02T05:19:20.231+0000][3.947s][info ][gc,phases   ] GC(6)   Evacuate Collection Set: 5.6ms
[2025-12-02T05:19:20.231+0000][3.947s][info ][gc,phases   ] GC(6)   Post Evacuate Collection Set: 1.2ms
[2025-12-02T05:19:20.231+0000][3.947s][info ][gc,phases   ] GC(6)   Other: 0.1ms
[2025-12-02T05:19:20.231+0000][3.947s][info ][gc,heap     ] GC(6) Eden regions: 81->0(80)
[2025-12-02T05:19:20.231+0000][3.947s][info ][gc,heap     ] GC(6) Survivor regions: 7->8(11)
[2025-12-02T05:19:20.231+0000][3.947s][info ][gc,heap     ] GC(6) Old regions: 11->12
[2025-12-02T05:19:20.231+0000][3.947s][info ][gc,heap     ] GC(6) Archive regions: 2->2
[2025-12-02T05:19:20.231+0000][3.947s][info ][gc,heap     ] GC(6) Humongous regions: 0->0
[2025-12-02T05:19:20.231+0000][3.947s][info ][gc,metaspace] GC(6) Metaspace: 17722K(18048K)->17722K(18048K) NonClass: 15305K(15488K)->15305K(15488K) Class: 2416K(2560K)->2416K(2560K)
[2025-12-02T05:19:20.231+0000][3.947s][info ][gc          ] GC(6) Pause Young (Normal) (G1 Evacuation Pause) 98M->20M(147M) 7.295ms
[2025-12-02T05:19:20.231+0000][3.947s][info ][gc,cpu      ] GC(6) User=0.06s Sys=0.00s Real=0.00s
[2025-12-02T05:19:20.231+0000][3.947s][info ][safepoint   ] Safepoint "G1CollectForAllocation", Time since last: 172576362 ns, Reaching safepoint: 162231 ns, Cleanup: 86431 ns, At safepoint: 7461912 ns, Total: 7710574 ns
[2025-12-02T05:19:20.480+0000][4.197s][debug][safepoint   ] Safepoint synchronization initiated using futex wait barrier. (22 threads)
[2025-12-02T05:19:20.481+0000][4.197s][info ][gc,start    ] GC(7) Pause Young (Concurrent Start) (Metadata GC Threshold)
[2025-12-02T05:19:20.481+0000][4.197s][info ][gc,task     ] GC(7) Using 4 workers of 13 for evacuation
[2025-12-02T05:19:20.491+0000][4.207s][info ][gc,phases   ] GC(7)   Pre Evacuate Collection Set: 0.2ms
[2025-12-02T05:19:20.491+0000][4.207s][info ][gc,phases   ] GC(7)   Merge Heap Roots: 0.1ms
[2025-12-02T05:19:20.491+0000][4.207s][info ][gc,phases   ] GC(7)   Evacuate Collection Set: 7.8ms
[2025-12-02T05:19:20.491+0000][4.207s][info ][gc,phases   ] GC(7)   Post Evacuate Collection Set: 1.3ms
[2025-12-02T05:19:20.491+0000][4.207s][info ][gc,phases   ] GC(7)   Other: 0.6ms
[2025-12-02T05:19:20.491+0000][4.207s][info ][gc,heap     ] GC(7) Eden regions: 65->0(81)
[2025-12-02T05:19:20.491+0000][4.207s][info ][gc,heap     ] GC(7) Survivor regions: 8->7(11)
[2025-12-02T05:19:20.491+0000][4.207s][info ][gc,heap     ] GC(7) Old regions: 12->16
[2025-12-02T05:19:20.491+0000][4.207s][info ][gc,heap     ] GC(7) Archive regions: 2->2
[2025-12-02T05:19:20.491+0000][4.207s][info ][gc,heap     ] GC(7) Humongous regions: 0->0
[2025-12-02T05:19:20.491+0000][4.207s][info ][gc,metaspace] GC(7) Metaspace: 21223K(21504K)->21223K(21504K) NonClass: 18463K(18624K)->18463K(18624K) Class: 2760K(2880K)->2760K(2880K)
[2025-12-02T05:19:20.491+0000][4.207s][info ][gc          ] GC(7) Pause Young (Concurrent Start) (Metadata GC Threshold) 84M->22M(147M) 10.114ms
[2025-12-02T05:19:20.491+0000][4.207s][info ][gc,cpu      ] GC(7) User=0.06s Sys=0.01s Real=0.01s
[2025-12-02T05:19:20.491+0000][4.207s][info ][gc          ] GC(8) Concurrent Mark Cycle
[2025-12-02T05:19:20.491+0000][4.207s][info ][gc,marking  ] GC(8) Concurrent Clear Claimed Marks
[2025-12-02T05:19:20.491+0000][4.207s][info ][safepoint   ] Safepoint "CollectForMetadataAllocation", Time since last: 249630766 ns, Reaching safepoint: 42108 ns, Cleanup: 103132 ns, At safepoint: 10284219 ns, Total: 10429459 ns
[2025-12-02T05:19:20.491+0000][4.207s][info ][gc,marking  ] GC(8) Concurrent Clear Claimed Marks 0.059ms
[2025-12-02T05:19:20.491+0000][4.207s][info ][gc,marking  ] GC(8) Concurrent Scan Root Regions
[2025-12-02T05:19:20.491+0000][4.207s][debug][safepoint   ] Safepoint synchronization initiated using futex wait barrier. (22 threads)
[2025-12-02T05:19:20.491+0000][4.208s][info ][safepoint   ] Safepoint "CollectForMetadataAllocation", Time since last: 250280 ns, Reaching safepoint: 123264 ns, Cleanup: 2525 ns, At safepoint: 79598 ns, Total: 205387 ns
[2025-12-02T05:19:20.494+0000][4.210s][info ][gc,marking  ] GC(8) Concurrent Scan Root Regions 3.050ms
[2025-12-02T05:19:20.494+0000][4.210s][info ][gc,marking  ] GC(8) Concurrent Mark
[2025-12-02T05:19:20.494+0000][4.210s][info ][gc,marking  ] GC(8) Concurrent Mark From Roots
[2025-12-02T05:19:20.494+0000][4.210s][info ][gc,task     ] GC(8) Using 3 workers of 3 for marking
[2025-12-02T05:19:20.500+0000][4.216s][info ][gc,marking  ] GC(8) Concurrent Mark From Roots 5.988ms
[2025-12-02T05:19:20.500+0000][4.216s][info ][gc,marking  ] GC(8) Concurrent Preclean
[2025-12-02T05:19:20.500+0000][4.217s][info ][gc,marking  ] GC(8) Concurrent Preclean 0.317ms
[2025-12-02T05:19:20.501+0000][4.217s][debug][safepoint   ] Safepoint synchronization initiated using futex wait barrier. (22 threads)
[2025-12-02T05:19:20.501+0000][4.217s][info ][gc,start    ] GC(8) Pause Remark
[2025-12-02T05:19:20.504+0000][4.220s][info ][gc          ] GC(8) Pause Remark 24M->24M(94M) 2.953ms
[2025-12-02T05:19:20.504+0000][4.220s][info ][gc,cpu      ] GC(8) User=0.02s Sys=0.00s Real=0.01s
[2025-12-02T05:19:20.504+0000][4.220s][info ][safepoint   ] Safepoint "G1PauseRemark", Time since last: 9274023 ns, Reaching safepoint: 141834 ns, Cleanup: 20137 ns, At safepoint: 3280889 ns, Total: 3442860 ns
[2025-12-02T05:19:20.504+0000][4.221s][info ][gc,marking  ] GC(8) Concurrent Mark 10.196ms
[2025-12-02T05:19:20.504+0000][4.221s][info ][gc,marking  ] GC(8) Concurrent Rebuild Remembered Sets
[2025-12-02T05:19:20.507+0000][4.223s][info ][gc,marking  ] GC(8) Concurrent Rebuild Remembered Sets 2.871ms
[2025-12-02T05:19:20.514+0000][4.230s][debug][safepoint   ] Safepoint synchronization initiated using futex wait barrier. (22 threads)
[2025-12-02T05:19:20.514+0000][4.230s][info ][gc,start    ] GC(8) Pause Cleanup
[2025-12-02T05:19:20.514+0000][4.230s][info ][gc          ] GC(8) Pause Cleanup 24M->24M(94M) 0.146ms
[2025-12-02T05:19:20.514+0000][4.230s][info ][gc,cpu      ] GC(8) User=0.00s Sys=0.00s Real=0.00s
[2025-12-02T05:19:20.514+0000][4.231s][info ][safepoint   ] Safepoint "G1PauseCleanup", Time since last: 3147622 ns, Reaching safepoint: 6806263 ns, Cleanup: 6703 ns, At safepoint: 425581 ns, Total: 7238547 ns
[2025-12-02T05:19:20.515+0000][4.231s][info ][gc,marking  ] GC(8) Concurrent Cleanup for Next Mark
[2025-12-02T05:19:20.516+0000][4.232s][info ][gc,marking  ] GC(8) Concurrent Cleanup for Next Mark 1.209ms
[2025-12-02T05:19:20.516+0000][4.232s][info ][gc          ] GC(8) Concurrent Mark Cycle 24.987ms
[2025-12-02T05:19:20.763+0000][4.479s][debug][safepoint   ] Safepoint synchronization initiated using futex wait barrier. (22 threads)
[2025-12-02T05:19:20.763+0000][4.479s][info ][gc,start    ] GC(9) Pause Young (Prepare Mixed) (G1 Preventive Collection)
[2025-12-02T05:19:20.763+0000][4.479s][info ][gc,task     ] GC(9) Using 4 workers of 13 for evacuation
[2025-12-02T05:19:20.770+0000][4.486s][info ][gc,phases   ] GC(9)   Pre Evacuate Collection Set: 0.1ms
[2025-12-02T05:19:20.770+0000][4.486s][info ][gc,phases   ] GC(9)   Merge Heap Roots: 0.1ms
[2025-12-02T05:19:20.770+0000][4.486s][info ][gc,phases   ] GC(9)   Evacuate Collection Set: 5.3ms
[2025-12-02T05:19:20.770+0000][4.486s][info ][gc,phases   ] GC(9)   Post Evacuate Collection Set: 1.6ms
[2025-12-02T05:19:20.770+0000][4.486s][info ][gc,phases   ] GC(9)   Other: 0.1ms
[2025-12-02T05:19:20.770+0000][4.486s][info ][gc,heap     ] GC(9) Eden regions: 57->0(1)
[2025-12-02T05:19:20.770+0000][4.486s][info ][gc,heap     ] GC(9) Survivor regions: 7->8(11)
[2025-12-02T05:19:20.770+0000][4.486s][info ][gc,heap     ] GC(9) Old regions: 16->17
[2025-12-02T05:19:20.770+0000][4.486s][info ][gc,heap     ] GC(9) Archive regions: 2->2
[2025-12-02T05:19:20.770+0000][4.486s][info ][gc,heap     ] GC(9) Humongous regions: 0->0
[2025-12-02T05:19:20.770+0000][4.486s][info ][gc,metaspace] GC(9) Metaspace: 23731K(24064K)->23731K(24064K) NonClass: 20617K(20800K)->20617K(20800K) Class: 3114K(3264K)->3114K(3264K)
[2025-12-02T05:19:20.770+0000][4.486s][info ][gc          ] GC(9) Pause Young (Prepare Mixed) (G1 Preventive Collection) 79M->25M(113M) 7.330ms
[2025-12-02T05:19:20.770+0000][4.486s][info ][gc,cpu      ] GC(9) User=0.04s Sys=0.00s Real=0.00s
[2025-12-02T05:19:20.770+0000][4.487s][info ][safepoint   ] Safepoint "G1CollectForAllocation", Time since last: 248128643 ns, Reaching safepoint: 86481 ns, Cleanup: 137315 ns, At safepoint: 7476529 ns, Total: 7700325 ns
[2025-12-02T05:19:20.772+0000][4.489s][debug][safepoint   ] Safepoint synchronization initiated using futex wait barrier. (22 threads)
[2025-12-02T05:19:20.773+0000][4.489s][info ][gc,start    ] GC(10) Pause Young (Mixed) (G1 Evacuation Pause)
[2025-12-02T05:19:20.773+0000][4.489s][info ][gc,task     ] GC(10) Using 4 workers of 13 for evacuation
[2025-12-02T05:19:20.778+0000][4.494s][info ][gc,phases   ] GC(10)   Pre Evacuate Collection Set: 0.2ms
[2025-12-02T05:19:20.778+0000][4.494s][info ][gc,phases   ] GC(10)   Merge Heap Roots: 0.1ms
[2025-12-02T05:19:20.778+0000][4.494s][info ][gc,phases   ] GC(10)   Evacuate Collection Set: 3.7ms
[2025-12-02T05:19:20.778+0000][4.494s][info ][gc,phases   ] GC(10)   Post Evacuate Collection Set: 1.2ms
[2025-12-02T05:19:20.778+0000][4.494s][info ][gc,phases   ] GC(10)   Other: 0.2ms
[2025-12-02T05:19:20.778+0000][4.494s][info ][gc,heap     ] GC(10) Eden regions: 1->0(63)
[2025-12-02T05:19:20.778+0000][4.494s][info ][gc,heap     ] GC(10) Survivor regions: 8->2(2)
[2025-12-02T05:19:20.778+0000][4.494s][info ][gc,heap     ] GC(10) Old regions: 17->24
[2025-12-02T05:19:20.778+0000][4.494s][info ][gc,heap     ] GC(10) Archive regions: 2->2
[2025-12-02T05:19:20.778+0000][4.494s][info ][gc,heap     ] GC(10) Humongous regions: 0->0
[2025-12-02T05:19:20.778+0000][4.494s][info ][gc,metaspace] GC(10) Metaspace: 23769K(24128K)->23769K(24128K) NonClass: 20654K(20864K)->20654K(20864K) Class: 3115K(3264K)->3115K(3264K)
[2025-12-02T05:19:20.778+0000][4.494s][info ][gc          ] GC(10) Pause Young (Mixed) (G1 Evacuation Pause) 26M->25M(113M) 5.512ms
[2025-12-02T05:19:20.778+0000][4.494s][info ][gc,cpu      ] GC(10) User=0.03s Sys=0.00s Real=0.01s
[2025-12-02T05:19:20.778+0000][4.494s][info ][safepoint   ] Safepoint "G1CollectForAllocation", Time since last: 2116836 ns, Reaching safepoint: 146502 ns, Cleanup: 11361 ns, At safepoint: 5641635 ns, Total: 5799498 ns
[2025-12-02T05:19:21.085+0000][4.801s][debug][safepoint   ] Safepoint synchronization initiated using futex wait barrier. (21 threads)
[2025-12-02T05:19:21.085+0000][4.801s][info ][gc,start    ] GC(11) Pause Young (Normal) (G1 Evacuation Pause)
[2025-12-02T05:19:21.085+0000][4.801s][info ][gc,task     ] GC(11) Using 3 workers of 13 for evacuation
[2025-12-02T05:19:21.090+0000][4.806s][info ][gc,phases   ] GC(11)   Pre Evacuate Collection Set: 0.1ms
[2025-12-02T05:19:21.090+0000][4.806s][info ][gc,phases   ] GC(11)   Merge Heap Roots: 0.1ms
[2025-12-02T05:19:21.090+0000][4.806s][info ][gc,phases   ] GC(11)   Evacuate Collection Set: 3.5ms
[2025-12-02T05:19:21.090+0000][4.806s][info ][gc,phases   ] GC(11)   Post Evacuate Collection Set: 1.2ms
[2025-12-02T05:19:21.090+0000][4.806s][info ][gc,phases   ] GC(11)   Other: 0.1ms
[2025-12-02T05:19:21.090+0000][4.806s][info ][gc,heap     ] GC(11) Eden regions: 63->0(59)
[2025-12-02T05:19:21.090+0000][4.806s][info ][gc,heap     ] GC(11) Survivor regions: 2->5(9)
[2025-12-02T05:19:21.090+0000][4.806s][info ][gc,heap     ] GC(11) Old regions: 24->24
[2025-12-02T05:19:21.090+0000][4.806s][info ][gc,heap     ] GC(11) Archive regions: 2->2
[2025-12-02T05:19:21.090+0000][4.806s][info ][gc,heap     ] GC(11) Humongous regions: 0->0
[2025-12-02T05:19:21.090+0000][4.806s][info ][gc,metaspace] GC(11) Metaspace: 25233K(25536K)->25233K(25536K) NonClass: 21954K(22144K)->21954K(22144K) Class: 3278K(3392K)->3278K(3392K)
[2025-12-02T05:19:21.090+0000][4.806s][info ][gc          ] GC(11) Pause Young (Normal) (G1 Evacuation Pause) 88M->29M(113M) 5.067ms
[2025-12-02T05:19:21.090+0000][4.806s][info ][gc,cpu      ] GC(11) User=0.02s Sys=0.00s Real=0.00s
[2025-12-02T05:19:21.090+0000][4.806s][info ][safepoint   ] Safepoint "G1CollectForAllocation", Time since last: 306495669 ns, Reaching safepoint: 78636 ns, Cleanup: 162983 ns, At safepoint: 5243719 ns, Total: 5485338 ns
[2025-12-02T05:19:21.285+0000][5.002s][debug][safepoint   ] Safepoint synchronization initiated using futex wait barrier. (21 threads)
[2025-12-02T05:19:21.286+0000][5.002s][info ][gc,start    ] GC(12) Pause Young (Normal) (G1 Evacuation Pause)
[2025-12-02T05:19:21.286+0000][5.002s][info ][gc,task     ] GC(12) Using 2 workers of 13 for evacuation
[2025-12-02T05:19:21.297+0000][5.014s][info ][gc,phases   ] GC(12)   Pre Evacuate Collection Set: 0.1ms
[2025-12-02T05:19:21.297+0000][5.014s][info ][gc,phases   ] GC(12)   Merge Heap Roots: 0.2ms
[2025-12-02T05:19:21.297+0000][5.014s][info ][gc,phases   ] GC(12)   Evacuate Collection Set: 9.7ms
[2025-12-02T05:19:21.297+0000][5.014s][info ][gc,phases   ] GC(12)   Post Evacuate Collection Set: 1.5ms
[2025-12-02T05:19:21.297+0000][5.014s][info ][gc,phases   ] GC(12)   Other: 0.1ms
[2025-12-02T05:19:21.297+0000][5.014s][info ][gc,heap     ] GC(12) Eden regions: 59->0(51)
[2025-12-02T05:19:21.297+0000][5.014s][info ][gc,heap     ] GC(12) Survivor regions: 5->8(8)
[2025-12-02T05:19:21.297+0000][5.014s][info ][gc,heap     ] GC(12) Old regions: 24->28
[2025-12-02T05:19:21.297+0000][5.014s][info ][gc,heap     ] GC(12) Archive regions: 2->2
[2025-12-02T05:19:21.297+0000][5.014s][info ][gc,heap     ] GC(12) Humongous regions: 0->0
[2025-12-02T05:19:21.297+0000][5.014s][info ][gc,metaspace] GC(12) Metaspace: 25276K(25664K)->25276K(25664K) NonClass: 21986K(22208K)->21986K(22208K) Class: 3290K(3456K)->3290K(3456K)
[2025-12-02T05:19:21.297+0000][5.014s][info ][gc          ] GC(12) Pause Young (Normal) (G1 Evacuation Pause) 88M->36M(113M) 11.754ms
[2025-12-02T05:19:21.297+0000][5.014s][info ][gc,cpu      ] GC(12) User=0.04s Sys=0.01s Real=0.01s
[2025-12-02T05:19:21.297+0000][5.014s][info ][safepoint   ] Safepoint "G1CollectForAllocation", Time since last: 195342571 ns, Reaching safepoint: 55323 ns, Cleanup: 35656 ns, At safepoint: 11812711 ns, Total: 11903690 ns
[2025-12-02T05:19:21.419+0000][5.135s][debug][safepoint   ] Safepoint synchronization initiated using futex wait barrier. (21 threads)
[2025-12-02T05:19:21.419+0000][5.136s][info ][gc,start    ] GC(13) Pause Young (Normal) (G1 Evacuation Pause)
[2025-12-02T05:19:21.419+0000][5.136s][info ][gc,task     ] GC(13) Using 2 workers of 13 for evacuation
[2025-12-02T05:19:21.436+0000][5.152s][info ][gc,phases   ] GC(13)   Pre Evacuate Collection Set: 0.1ms
[2025-12-02T05:19:21.436+0000][5.152s][info ][gc,phases   ] GC(13)   Merge Heap Roots: 0.1ms
[2025-12-02T05:19:21.436+0000][5.152s][info ][gc,phases   ] GC(13)   Evacuate Collection Set: 11.0ms
[2025-12-02T05:19:21.436+0000][5.152s][info ][gc,phases   ] GC(13)   Post Evacuate Collection Set: 5.3ms
[2025-12-02T05:19:21.436+0000][5.152s][info ][gc,phases   ] GC(13)   Other: 0.1ms
[2025-12-02T05:19:21.436+0000][5.152s][info ][gc,heap     ] GC(13) Eden regions: 51->0(158)
[2025-12-02T05:19:21.436+0000][5.152s][info ][gc,heap     ] GC(13) Survivor regions: 8->7(8)
[2025-12-02T05:19:21.436+0000][5.152s][info ][gc,heap     ] GC(13) Old regions: 28->36
[2025-12-02T05:19:21.436+0000][5.152s][info ][gc,heap     ] GC(13) Archive regions: 2->2
[2025-12-02T05:19:21.436+0000][5.152s][info ][gc,heap     ] GC(13) Humongous regions: 0->0
[2025-12-02T05:19:21.436+0000][5.152s][info ][gc,metaspace] GC(13) Metaspace: 25393K(25728K)->25393K(25728K) NonClass: 22099K(22272K)->22099K(22272K) Class: 3294K(3456K)->3294K(3456K)
[2025-12-02T05:19:21.436+0000][5.152s][info ][gc          ] GC(13) Pause Young (Normal) (G1 Evacuation Pause) 87M->43M(275M) 16.798ms
[2025-12-02T05:19:21.436+0000][5.152s][info ][gc,cpu      ] GC(13) User=0.03s Sys=0.00s Real=0.02s
[2025-12-02T05:19:21.436+0000][5.152s][info ][safepoint   ] Safepoint "G1CollectForAllocation", Time since last: 121762849 ns, Reaching safepoint: 53439 ns, Cleanup: 35927 ns, At safepoint: 16925801 ns, Total: 17015167 ns
[2025-12-02T05:19:22.197+0000][5.914s][debug][safepoint   ] Safepoint synchronization initiated using futex wait barrier. (18 threads)
[2025-12-02T05:19:22.198+0000][5.914s][info ][safepoint   ] Safepoint "ICBufferFull", Time since last: 761240829 ns, Reaching safepoint: 49983 ns, Cleanup: 162131 ns, At safepoint: 31699 ns, Total: 243813 ns
[2025-12-02T05:19:22.594+0000][6.310s][debug][safepoint   ] Safepoint synchronization initiated using futex wait barrier. (19 threads)
[2025-12-02T05:19:22.594+0000][6.310s][info ][gc,start    ] GC(14) Pause Young (Normal) (G1 Evacuation Pause)
[2025-12-02T05:19:22.594+0000][6.310s][info ][gc,task     ] GC(14) Using 6 workers of 13 for evacuation
[2025-12-02T05:19:22.606+0000][6.323s][info ][gc,phases   ] GC(14)   Pre Evacuate Collection Set: 0.2ms
[2025-12-02T05:19:22.606+0000][6.323s][info ][gc,phases   ] GC(14)   Merge Heap Roots: 0.2ms
[2025-12-02T05:19:22.606+0000][6.323s][info ][gc,phases   ] GC(14)   Evacuate Collection Set: 10.4ms
[2025-12-02T05:19:22.606+0000][6.323s][info ][gc,phases   ] GC(14)   Post Evacuate Collection Set: 1.4ms
[2025-12-02T05:19:22.606+0000][6.323s][info ][gc,phases   ] GC(14)   Other: 0.1ms
[2025-12-02T05:19:22.606+0000][6.323s][info ][gc,heap     ] GC(14) Eden regions: 158->0(147)
[2025-12-02T05:19:22.606+0000][6.323s][info ][gc,heap     ] GC(14) Survivor regions: 7->18(21)
[2025-12-02T05:19:22.606+0000][6.323s][info ][gc,heap     ] GC(14) Old regions: 36->36
[2025-12-02T05:19:22.606+0000][6.323s][info ][gc,heap     ] GC(14) Archive regions: 2->2
[2025-12-02T05:19:22.606+0000][6.323s][info ][gc,heap     ] GC(14) Humongous regions: 0->0
[2025-12-02T05:19:22.606+0000][6.323s][info ][gc,metaspace] GC(14) Metaspace: 26027K(26368K)->26027K(26368K) NonClass: 22655K(22848K)->22655K(22848K) Class: 3372K(3520K)->3372K(3520K)
[2025-12-02T05:19:22.606+0000][6.323s][info ][gc          ] GC(14) Pause Young (Normal) (G1 Evacuation Pause) 201M->54M(275M) 12.390ms
[2025-12-02T05:19:22.606+0000][6.323s][info ][gc,cpu      ] GC(14) User=0.03s Sys=0.04s Real=0.01s
[2025-12-02T05:19:22.607+0000][6.323s][info ][safepoint   ] Safepoint "G1CollectForAllocation", Time since last: 396247455 ns, Reaching safepoint: 45364 ns, Cleanup: 79147 ns, At safepoint: 12498576 ns, Total: 12623087 ns
[2025-12-02T05:19:23.139+0000][6.856s][debug][safepoint   ] Safepoint synchronization initiated using futex wait barrier. (20 threads)
[2025-12-02T05:19:23.140+0000][6.856s][info ][gc,start    ] GC(15) Pause Young (Normal) (G1 Evacuation Pause)
[2025-12-02T05:19:23.140+0000][6.856s][info ][gc,task     ] GC(15) Using 6 workers of 13 for evacuation
[2025-12-02T05:19:23.150+0000][6.867s][info ][gc,phases   ] GC(15)   Pre Evacuate Collection Set: 0.2ms
[2025-12-02T05:19:23.150+0000][6.867s][info ][gc,phases   ] GC(15)   Merge Heap Roots: 0.2ms
[2025-12-02T05:19:23.150+0000][6.867s][info ][gc,phases   ] GC(15)   Evacuate Collection Set: 7.7ms
[2025-12-02T05:19:23.150+0000][6.867s][info ][gc,phases   ] GC(15)   Post Evacuate Collection Set: 1.8ms
[2025-12-02T05:19:23.150+0000][6.867s][info ][gc,phases   ] GC(15)   Other: 0.2ms
[2025-12-02T05:19:23.150+0000][6.867s][info ][gc,heap     ] GC(15) Eden regions: 147->0(148)
[2025-12-02T05:19:23.150+0000][6.867s][info ][gc,heap     ] GC(15) Survivor regions: 18->8(21)
[2025-12-02T05:19:23.150+0000][6.867s][info ][gc,heap     ] GC(15) Old regions: 36->53
[2025-12-02T05:19:23.150+0000][6.867s][info ][gc,heap     ] GC(15) Archive regions: 2->2
[2025-12-02T05:19:23.150+0000][6.867s][info ][gc,heap     ] GC(15) Humongous regions: 0->0
[2025-12-02T05:19:23.150+0000][6.867s][info ][gc,metaspace] GC(15) Metaspace: 26623K(27008K)->26623K(27008K) NonClass: 23200K(23424K)->23200K(23424K) Class: 3422K(3584K)->3422K(3584K)
[2025-12-02T05:19:23.150+0000][6.867s][info ][gc          ] GC(15) Pause Young (Normal) (G1 Evacuation Pause) 201M->60M(275M) 10.266ms
[2025-12-02T05:19:23.150+0000][6.867s][info ][gc,cpu      ] GC(15) User=0.08s Sys=0.01s Real=0.01s
[2025-12-02T05:19:23.151+0000][6.867s][info ][safepoint   ] Safepoint "G1CollectForAllocation", Time since last: 532902333 ns, Reaching safepoint: 478520 ns, Cleanup: 163344 ns, At safepoint: 10439327 ns, Total: 11081191 ns
[2025-12-02T05:19:23.415+0000][7.131s][debug][safepoint   ] Safepoint synchronization initiated using futex wait barrier. (20 threads)
[2025-12-02T05:19:23.415+0000][7.131s][info ][gc,start    ] GC(16) Pause Young (Normal) (G1 Evacuation Pause)
[2025-12-02T05:19:23.415+0000][7.131s][info ][gc,task     ] GC(16) Using 6 workers of 13 for evacuation
[2025-12-02T05:19:23.419+0000][7.135s][info ][gc,phases   ] GC(16)   Pre Evacuate Collection Set: 0.2ms
[2025-12-02T05:19:23.419+0000][7.135s][info ][gc,phases   ] GC(16)   Merge Heap Roots: 0.2ms
[2025-12-02T05:19:23.419+0000][7.135s][info ][gc,phases   ] GC(16)   Evacuate Collection Set: 2.2ms
[2025-12-02T05:19:23.419+0000][7.135s][info ][gc,phases   ] GC(16)   Post Evacuate Collection Set: 1.2ms
[2025-12-02T05:19:23.419+0000][7.135s][info ][gc,phases   ] GC(16)   Other: 0.1ms
[2025-12-02T05:19:23.419+0000][7.135s][info ][gc,heap     ] GC(16) Eden regions: 148->0(158)
[2025-12-02T05:19:23.419+0000][7.135s][info ][gc,heap     ] GC(16) Survivor regions: 8->7(20)
[2025-12-02T05:19:23.419+0000][7.135s][info ][gc,heap     ] GC(16) Old regions: 53->53
[2025-12-02T05:19:23.419+0000][7.135s][info ][gc,heap     ] GC(16) Archive regions: 2->2
[2025-12-02T05:19:23.419+0000][7.135s][info ][gc,heap     ] GC(16) Humongous regions: 0->0
[2025-12-02T05:19:23.419+0000][7.135s][info ][gc,metaspace] GC(16) Metaspace: 27825K(28160K)->27825K(28160K) NonClass: 24309K(24512K)->24309K(24512K) Class: 3516K(3648K)->3516K(3648K)
[2025-12-02T05:19:23.419+0000][7.135s][info ][gc          ] GC(16) Pause Young (Normal) (G1 Evacuation Pause) 208M->59M(275M) 4.058ms
[2025-12-02T05:19:23.419+0000][7.135s][info ][gc,cpu      ] GC(16) User=0.02s Sys=0.00s Real=0.00s
[2025-12-02T05:19:23.419+0000][7.135s][info ][safepoint   ] Safepoint "G1CollectForAllocation", Time since last: 264399542 ns, Reaching safepoint: 64710 ns, Cleanup: 17142 ns, At safepoint: 4143624 ns, Total: 4225476 ns
[2025-12-02T05:19:24.221+0000][7.937s][debug][safepoint   ] Safepoint synchronization initiated using futex wait barrier. (19 threads)
[2025-12-02T05:19:24.221+0000][7.938s][info ][gc,start    ] GC(17) Pause Young (Normal) (G1 Evacuation Pause)
[2025-12-02T05:19:24.221+0000][7.938s][info ][gc,task     ] GC(17) Using 6 workers of 13 for evacuation
[2025-12-02T05:19:24.227+0000][7.943s][info ][gc,phases   ] GC(17)   Pre Evacuate Collection Set: 0.3ms
[2025-12-02T05:19:24.227+0000][7.943s][info ][gc,phases   ] GC(17)   Merge Heap Roots: 0.2ms
[2025-12-02T05:19:24.227+0000][7.943s][info ][gc,phases   ] GC(17)   Evacuate Collection Set: 3.4ms
[2025-12-02T05:19:24.227+0000][7.943s][info ][gc,phases   ] GC(17)   Post Evacuate Collection Set: 1.7ms
[2025-12-02T05:19:24.227+0000][7.943s][info ][gc,phases   ] GC(17)   Other: 0.2ms
[2025-12-02T05:19:24.227+0000][7.943s][info ][gc,heap     ] GC(17) Eden regions: 158->0(155)
[2025-12-02T05:19:24.227+0000][7.943s][info ][gc,heap     ] GC(17) Survivor regions: 7->10(21)
[2025-12-02T05:19:24.227+0000][7.943s][info ][gc,heap     ] GC(17) Old regions: 53->53
[2025-12-02T05:19:24.227+0000][7.943s][info ][gc,heap     ] GC(17) Archive regions: 2->2
[2025-12-02T05:19:24.227+0000][7.943s][info ][gc,heap     ] GC(17) Humongous regions: 0->0
[2025-12-02T05:19:24.227+0000][7.943s][info ][gc,metaspace] GC(17) Metaspace: 35215K(35584K)->35215K(35584K) NonClass: 30896K(31104K)->30896K(31104K) Class: 4318K(4480K)->4318K(4480K)
[2025-12-02T05:19:24.227+0000][7.943s][info ][gc          ] GC(17) Pause Young (Normal) (G1 Evacuation Pause) 217M->62M(275M) 5.871ms
[2025-12-02T05:19:24.227+0000][7.943s][info ][gc,cpu      ] GC(17) User=0.03s Sys=0.00s Real=0.00s
[2025-12-02T05:19:24.227+0000][7.944s][info ][safepoint   ] Safepoint "G1CollectForAllocation", Time since last: 801727573 ns, Reaching safepoint: 57627 ns, Cleanup: 204871 ns, At safepoint: 6057492 ns, Total: 6319990 ns
[2025-12-02T05:19:24.407+0000][8.123s][debug][safepoint   ] Safepoint synchronization initiated using futex wait barrier. (19 threads)
[2025-12-02T05:19:24.407+0000][8.124s][info ][gc,start    ] GC(18) Pause Young (Concurrent Start) (Metadata GC Threshold)
[2025-12-02T05:19:24.407+0000][8.124s][info ][gc,task     ] GC(18) Using 6 workers of 13 for evacuation
[2025-12-02T05:19:24.412+0000][8.128s][info ][gc,phases   ] GC(18)   Pre Evacuate Collection Set: 0.2ms
[2025-12-02T05:19:24.412+0000][8.128s][info ][gc,phases   ] GC(18)   Merge Heap Roots: 0.3ms
[2025-12-02T05:19:24.412+0000][8.128s][info ][gc,phases   ] GC(18)   Evacuate Collection Set: 3.0ms
[2025-12-02T05:19:24.412+0000][8.128s][info ][gc,phases   ] GC(18)   Post Evacuate Collection Set: 1.2ms
[2025-12-02T05:19:24.412+0000][8.128s][info ][gc,phases   ] GC(18)   Other: 0.1ms
[2025-12-02T05:19:24.412+0000][8.128s][info ][gc,heap     ] GC(18) Eden regions: 37->0(155)
[2025-12-02T05:19:24.412+0000][8.128s][info ][gc,heap     ] GC(18) Survivor regions: 10->10(21)
[2025-12-02T05:19:24.412+0000][8.128s][info ][gc,heap     ] GC(18) Old regions: 53->53
[2025-12-02T05:19:24.412+0000][8.128s][info ][gc,heap     ] GC(18) Archive regions: 2->2
[2025-12-02T05:19:24.412+0000][8.128s][info ][gc,heap     ] GC(18) Humongous regions: 0->0
[2025-12-02T05:19:24.412+0000][8.128s][info ][gc,metaspace] GC(18) Metaspace: 35764K(36096K)->35764K(36096K) NonClass: 31367K(31552K)->31367K(31552K) Class: 4397K(4544K)->4397K(4544K)
[2025-12-02T05:19:24.412+0000][8.128s][info ][gc          ] GC(18) Pause Young (Concurrent Start) (Metadata GC Threshold) 98M->62M(275M) 4.940ms
[2025-12-02T05:19:24.412+0000][8.129s][info ][gc,cpu      ] GC(18) User=0.03s Sys=0.00s Real=0.00s
[2025-12-02T05:19:24.412+0000][8.129s][info ][gc          ] GC(19) Concurrent Mark Cycle
[2025-12-02T05:19:24.412+0000][8.129s][info ][gc,marking  ] GC(19) Concurrent Clear Claimed Marks
[2025-12-02T05:19:24.412+0000][8.129s][info ][safepoint   ] Safepoint "CollectForMetadataAllocation", Time since last: 179860043 ns, Reaching safepoint: 83054 ns, Cleanup: 70110 ns, At safepoint: 5102045 ns, Total: 5255209 ns
[2025-12-02T05:19:24.412+0000][8.129s][info ][gc,marking  ] GC(19) Concurrent Clear Claimed Marks 0.045ms
[2025-12-02T05:19:24.412+0000][8.129s][info ][gc,marking  ] GC(19) Concurrent Scan Root Regions
[2025-12-02T05:19:24.414+0000][8.131s][info ][gc,marking  ] GC(19) Concurrent Scan Root Regions 2.104ms
[2025-12-02T05:19:24.414+0000][8.131s][info ][gc,marking  ] GC(19) Concurrent Mark
[2025-12-02T05:19:24.414+0000][8.131s][info ][gc,marking  ] GC(19) Concurrent Mark From Roots
[2025-12-02T05:19:24.414+0000][8.131s][info ][gc,task     ] GC(19) Using 3 workers of 3 for marking
[2025-12-02T05:19:24.440+0000][8.157s][info ][gc,marking  ] GC(19) Concurrent Mark From Roots 25.828ms
[2025-12-02T05:19:24.440+0000][8.157s][info ][gc,marking  ] GC(19) Concurrent Preclean
[2025-12-02T05:19:24.441+0000][8.157s][info ][gc,marking  ] GC(19) Concurrent Preclean 0.305ms
[2025-12-02T05:19:24.441+0000][8.157s][debug][safepoint   ] Safepoint synchronization initiated using futex wait barrier. (19 threads)
[2025-12-02T05:19:24.441+0000][8.157s][info ][gc,start    ] GC(19) Pause Remark
[2025-12-02T05:19:24.444+0000][8.160s][info ][gc          ] GC(19) Pause Remark 67M->67M(234M) 3.084ms
[2025-12-02T05:19:24.444+0000][8.160s][info ][gc,cpu      ] GC(19) User=0.01s Sys=0.00s Real=0.00s
[2025-12-02T05:19:24.444+0000][8.160s][info ][safepoint   ] Safepoint "G1PauseRemark", Time since last: 28426679 ns, Reaching safepoint: 109664 ns, Cleanup: 8486 ns, At safepoint: 3196903 ns, Total: 3315053 ns
[2025-12-02T05:19:24.444+0000][8.160s][info ][gc,marking  ] GC(19) Concurrent Mark 29.649ms
[2025-12-02T05:19:24.444+0000][8.160s][info ][gc,marking  ] GC(19) Concurrent Rebuild Remembered Sets
[2025-12-02T05:19:24.455+0000][8.171s][info ][gc,marking  ] GC(19) Concurrent Rebuild Remembered Sets 10.592ms
[2025-12-02T05:19:24.455+0000][8.171s][debug][safepoint   ] Safepoint synchronization initiated using futex wait barrier. (19 threads)
[2025-12-02T05:19:24.455+0000][8.171s][info ][gc,start    ] GC(19) Pause Cleanup
[2025-12-02T05:19:24.455+0000][8.171s][info ][gc          ] GC(19) Pause Cleanup 69M->69M(234M) 0.210ms
[2025-12-02T05:19:24.455+0000][8.171s][info ][gc,cpu      ] GC(19) User=0.00s Sys=0.00s Real=0.00s
[2025-12-02T05:19:24.455+0000][8.171s][info ][safepoint   ] Safepoint "G1PauseCleanup", Time since last: 10814146 ns, Reaching safepoint: 20718 ns, Cleanup: 3236 ns, At safepoint: 285892 ns, Total: 309846 ns
[2025-12-02T05:19:24.455+0000][8.172s][info ][gc,marking  ] GC(19) Concurrent Cleanup for Next Mark
[2025-12-02T05:19:24.458+0000][8.174s][info ][gc,marking  ] GC(19) Concurrent Cleanup for Next Mark 2.461ms
[2025-12-02T05:19:24.458+0000][8.174s][info ][gc          ] GC(19) Concurrent Mark Cycle 45.476ms
[2025-12-02T05:19:25.019+0000][8.735s][debug][safepoint   ] Safepoint synchronization initiated using futex wait barrier. (19 threads)
[2025-12-02T05:19:25.019+0000][8.736s][info ][gc,start    ] GC(20) Pause Young (Prepare Mixed) (G1 Evacuation Pause)
[2025-12-02T05:19:25.019+0000][8.736s][info ][gc,task     ] GC(20) Using 5 workers of 13 for evacuation
[2025-12-02T05:19:25.024+0000][8.741s][info ][gc,phases   ] GC(20)   Pre Evacuate Collection Set: 0.2ms
[2025-12-02T05:19:25.025+0000][8.741s][info ][gc,phases   ] GC(20)   Merge Heap Roots: 0.2ms
[2025-12-02T05:19:25.025+0000][8.741s][info ][gc,phases   ] GC(20)   Evacuate Collection Set: 3.5ms
[2025-12-02T05:19:25.025+0000][8.741s][info ][gc,phases   ] GC(20)   Post Evacuate Collection Set: 1.1ms
[2025-12-02T05:19:25.025+0000][8.741s][info ][gc,phases   ] GC(20)   Other: 0.1ms
[2025-12-02T05:19:25.025+0000][8.741s][info ][gc,heap     ] GC(20) Eden regions: 130->0(2)
[2025-12-02T05:19:25.025+0000][8.741s][info ][gc,heap     ] GC(20) Survivor regions: 10->9(18)
[2025-12-02T05:19:25.025+0000][8.741s][info ][gc,heap     ] GC(20) Old regions: 53->53
[2025-12-02T05:19:25.025+0000][8.741s][info ][gc,heap     ] GC(20) Archive regions: 2->2
[2025-12-02T05:19:25.025+0000][8.741s][info ][gc,heap     ] GC(20) Humongous regions: 0->0
[2025-12-02T05:19:25.025+0000][8.741s][info ][gc,metaspace] GC(20) Metaspace: 37293K(37760K)->37293K(37760K) NonClass: 32678K(32896K)->32678K(32896K) Class: 4615K(4864K)->4615K(4864K)
[2025-12-02T05:19:25.025+0000][8.741s][info ][gc          ] GC(20) Pause Young (Prepare Mixed) (G1 Evacuation Pause) 192M->61M(234M) 5.215ms
[2025-12-02T05:19:25.025+0000][8.741s][info ][gc,cpu      ] GC(20) User=0.03s Sys=0.01s Real=0.01s
[2025-12-02T05:19:25.025+0000][8.741s][info ][safepoint   ] Safepoint "G1CollectForAllocation", Time since last: 563963408 ns, Reaching safepoint: 50855 ns, Cleanup: 183911 ns, At safepoint: 5384711 ns, Total: 5619477 ns
[2025-12-02T05:19:25.042+0000][8.758s][debug][safepoint   ] Safepoint synchronization initiated using futex wait barrier. (19 threads)
[2025-12-02T05:19:25.042+0000][8.759s][info ][gc,start    ] GC(21) Pause Young (Mixed) (G1 Evacuation Pause)
[2025-12-02T05:19:25.042+0000][8.759s][info ][gc,task     ] GC(21) Using 5 workers of 13 for evacuation
[2025-12-02T05:19:25.049+0000][8.765s][info ][gc,phases   ] GC(21)   Pre Evacuate Collection Set: 0.2ms
[2025-12-02T05:19:25.049+0000][8.765s][info ][gc,phases   ] GC(21)   Merge Heap Roots: 0.2ms
[2025-12-02T05:19:25.049+0000][8.765s][info ][gc,phases   ] GC(21)   Evacuate Collection Set: 5.0ms
[2025-12-02T05:19:25.049+0000][8.765s][info ][gc,phases   ] GC(21)   Post Evacuate Collection Set: 1.1ms
[2025-12-02T05:19:25.049+0000][8.765s][info ][gc,phases   ] GC(21)   Other: 0.1ms
[2025-12-02T05:19:25.049+0000][8.765s][info ][gc,heap     ] GC(21) Eden regions: 2->0(133)
[2025-12-02T05:19:25.049+0000][8.765s][info ][gc,heap     ] GC(21) Survivor regions: 9->2(2)
[2025-12-02T05:19:25.049+0000][8.765s][info ][gc,heap     ] GC(21) Old regions: 53->60
[2025-12-02T05:19:25.049+0000][8.765s][info ][gc,heap     ] GC(21) Archive regions: 2->2
[2025-12-02T05:19:25.049+0000][8.765s][info ][gc,heap     ] GC(21) Humongous regions: 0->0
[2025-12-02T05:19:25.049+0000][8.765s][info ][gc,metaspace] GC(21) Metaspace: 37391K(37888K)->37391K(37888K) NonClass: 32762K(33024K)->32762K(33024K) Class: 4628K(4864K)->4628K(4864K)
[2025-12-02T05:19:25.049+0000][8.765s][info ][gc          ] GC(21) Pause Young (Mixed) (G1 Evacuation Pause) 63M->61M(234M) 6.701ms
[2025-12-02T05:19:25.049+0000][8.765s][info ][gc,cpu      ] GC(21) User=0.04s Sys=0.02s Real=0.00s
[2025-12-02T05:19:25.049+0000][8.765s][info ][safepoint   ] Safepoint "G1CollectForAllocation", Time since last: 17408355 ns, Reaching safepoint: 57006 ns, Cleanup: 3997 ns, At safepoint: 6808708 ns, Total: 6869711 ns
[2025-12-02T05:19:25.768+0000][9.485s][debug][safepoint   ] Safepoint synchronization initiated using futex wait barrier. (19 threads)
[2025-12-02T05:19:25.769+0000][9.485s][info ][safepoint   ] Safepoint "ICBufferFull", Time since last: 719199127 ns, Reaching safepoint: 47789 ns, Cleanup: 200933 ns, At safepoint: 4138 ns, Total: 252860 ns
[2025-12-02T05:19:25.779+0000][9.495s][debug][safepoint   ] Safepoint synchronization initiated using futex wait barrier. (19 threads)
[2025-12-02T05:19:25.779+0000][9.495s][info ][gc,start    ] GC(22) Pause Young (Normal) (G1 Evacuation Pause)
[2025-12-02T05:19:25.779+0000][9.495s][info ][gc,task     ] GC(22) Using 5 workers of 13 for evacuation
[2025-12-02T05:19:25.782+0000][9.498s][info ][gc,phases   ] GC(22)   Pre Evacuate Collection Set: 0.2ms
[2025-12-02T05:19:25.782+0000][9.498s][info ][gc,phases   ] GC(22)   Merge Heap Roots: 0.1ms
[2025-12-02T05:19:25.782+0000][9.498s][info ][gc,phases   ] GC(22)   Evacuate Collection Set: 2.0ms
[2025-12-02T05:19:25.782+0000][9.498s][info ][gc,phases   ] GC(22)   Post Evacuate Collection Set: 0.9ms
[2025-12-02T05:19:25.782+0000][9.498s][info ][gc,phases   ] GC(22)   Other: 0.1ms
[2025-12-02T05:19:25.782+0000][9.498s][info ][gc,heap     ] GC(22) Eden regions: 133->0(133)
[2025-12-02T05:19:25.782+0000][9.498s][info ][gc,heap     ] GC(22) Survivor regions: 2->3(17)
[2025-12-02T05:19:25.782+0000][9.498s][info ][gc,heap     ] GC(22) Old regions: 60->60
[2025-12-02T05:19:25.782+0000][9.498s][info ][gc,heap     ] GC(22) Archive regions: 2->2
[2025-12-02T05:19:25.782+0000][9.498s][info ][gc,heap     ] GC(22) Humongous regions: 0->0
[2025-12-02T05:19:25.782+0000][9.498s][info ][gc,metaspace] GC(22) Metaspace: 40644K(41088K)->40644K(41088K) NonClass: 35550K(35776K)->35550K(35776K) Class: 5094K(5312K)->5094K(5312K)
[2025-12-02T05:19:25.782+0000][9.498s][info ][gc          ] GC(22) Pause Young (Normal) (G1 Evacuation Pause) 194M->63M(234M) 3.419ms
[2025-12-02T05:19:25.782+0000][9.498s][info ][gc,cpu      ] GC(22) User=0.01s Sys=0.00s Real=0.01s
[2025-12-02T05:19:25.782+0000][9.498s][info ][safepoint   ] Safepoint "G1CollectForAllocation", Time since last: 9831665 ns, Reaching safepoint: 42909 ns, Cleanup: 11151 ns, At safepoint: 3489682 ns, Total: 3543742 ns
[2025-12-02T05:19:26.676+0000][10.392s][debug][safepoint   ] Safepoint synchronization initiated using futex wait barrier. (18 threads)
[2025-12-02T05:19:26.677+0000][10.393s][info ][safepoint   ] Safepoint "ICBufferFull", Time since last: 894220774 ns, Reaching safepoint: 92052 ns, Cleanup: 237271 ns, At safepoint: 4318 ns, Total: 333641 ns
[2025-12-02T05:19:26.694+0000][10.410s][debug][safepoint   ] Safepoint synchronization initiated using futex wait barrier. (18 threads)
[2025-12-02T05:19:26.694+0000][10.410s][info ][gc,start    ] GC(23) Pause Young (Normal) (G1 Evacuation Pause)
[2025-12-02T05:19:26.694+0000][10.410s][info ][gc,task     ] GC(23) Using 5 workers of 13 for evacuation
[2025-12-02T05:19:26.698+0000][10.414s][info ][gc,phases   ] GC(23)   Pre Evacuate Collection Set: 0.2ms
[2025-12-02T05:19:26.698+0000][10.414s][info ][gc,phases   ] GC(23)   Merge Heap Roots: 0.2ms
[2025-12-02T05:19:26.698+0000][10.414s][info ][gc,phases   ] GC(23)   Evacuate Collection Set: 2.7ms
[2025-12-02T05:19:26.698+0000][10.414s][info ][gc,phases   ] GC(23)   Post Evacuate Collection Set: 1.0ms
[2025-12-02T05:19:26.698+0000][10.414s][info ][gc,phases   ] GC(23)   Other: 0.1ms
[2025-12-02T05:19:26.698+0000][10.414s][info ][gc,heap     ] GC(23) Eden regions: 133->0(132)
[2025-12-02T05:19:26.698+0000][10.414s][info ][gc,heap     ] GC(23) Survivor regions: 3->5(17)
[2025-12-02T05:19:26.698+0000][10.414s][info ][gc,heap     ] GC(23) Old regions: 60->60
[2025-12-02T05:19:26.698+0000][10.414s][info ][gc,heap     ] GC(23) Archive regions: 2->2
[2025-12-02T05:19:26.698+0000][10.414s][info ][gc,heap     ] GC(23) Humongous regions: 0->0
[2025-12-02T05:19:26.698+0000][10.414s][info ][gc,metaspace] GC(23) Metaspace: 43184K(43648K)->43184K(43648K) NonClass: 37751K(38016K)->37751K(38016K) Class: 5432K(5632K)->5432K(5632K)
[2025-12-02T05:19:26.698+0000][10.414s][info ][gc          ] GC(23) Pause Young (Normal) (G1 Evacuation Pause) 196M->64M(234M) 4.191ms
[2025-12-02T05:19:26.698+0000][10.414s][info ][gc,cpu      ] GC(23) User=0.02s Sys=0.01s Real=0.00s
[2025-12-02T05:19:26.698+0000][10.414s][info ][safepoint   ] Safepoint "G1CollectForAllocation", Time since last: 17254608 ns, Reaching safepoint: 161490 ns, Cleanup: 8506 ns, At safepoint: 4281410 ns, Total: 4451406 ns
[2025-12-02T05:19:27.326+0000][11.042s][debug][safepoint   ] Safepoint synchronization initiated using futex wait barrier. (18 threads)
[2025-12-02T05:19:27.327+0000][11.043s][info ][safepoint   ] Safepoint "ICBufferFull", Time since last: 628015394 ns, Reaching safepoint: 73848 ns, Cleanup: 182750 ns, At safepoint: 48750 ns, Total: 305348 ns
[2025-12-02T05:19:27.514+0000][11.230s][debug][safepoint   ] Safepoint synchronization initiated using futex wait barrier. (19 threads)
[2025-12-02T05:19:27.514+0000][11.230s][info ][gc,start    ] GC(24) Pause Young (Normal) (G1 Evacuation Pause)
[2025-12-02T05:19:27.514+0000][11.231s][info ][gc,task     ] GC(24) Using 5 workers of 13 for evacuation
[2025-12-02T05:19:27.520+0000][11.236s][info ][gc,phases   ] GC(24)   Pre Evacuate Collection Set: 0.1ms
[2025-12-02T05:19:27.520+0000][11.236s][info ][gc,phases   ] GC(24)   Merge Heap Roots: 0.1ms
[2025-12-02T05:19:27.520+0000][11.236s][info ][gc,phases   ] GC(24)   Evacuate Collection Set: 4.1ms
[2025-12-02T05:19:27.520+0000][11.236s][info ][gc,phases   ] GC(24)   Post Evacuate Collection Set: 1.2ms
[2025-12-02T05:19:27.520+0000][11.236s][info ][gc,phases   ] GC(24)   Other: 0.1ms
[2025-12-02T05:19:27.520+0000][11.236s][info ][gc,heap     ] GC(24) Eden regions: 132->0(130)
[2025-12-02T05:19:27.520+0000][11.236s][info ][gc,heap     ] GC(24) Survivor regions: 5->8(18)
[2025-12-02T05:19:27.520+0000][11.236s][info ][gc,heap     ] GC(24) Old regions: 60->60
[2025-12-02T05:19:27.520+0000][11.236s][info ][gc,heap     ] GC(24) Archive regions: 2->2
[2025-12-02T05:19:27.520+0000][11.236s][info ][gc,heap     ] GC(24) Humongous regions: 0->0
[2025-12-02T05:19:27.520+0000][11.236s][info ][gc,metaspace] GC(24) Metaspace: 47044K(47424K)->47044K(47424K) NonClass: 41087K(41280K)->41087K(41280K) Class: 5957K(6144K)->5957K(6144K)
[2025-12-02T05:19:27.520+0000][11.236s][info ][gc          ] GC(24) Pause Young (Normal) (G1 Evacuation Pause) 196M->67M(234M) 5.783ms
[2025-12-02T05:19:27.520+0000][11.236s][info ][gc,cpu      ] GC(24) User=0.03s Sys=0.00s Real=0.00s
[2025-12-02T05:19:27.520+0000][11.236s][info ][safepoint   ] Safepoint "G1CollectForAllocation", Time since last: 187570132 ns, Reaching safepoint: 81291 ns, Cleanup: 61705 ns, At safepoint: 5936807 ns, Total: 6079803 ns
[2025-12-02T05:19:28.243+0000][11.959s][debug][safepoint   ] Safepoint synchronization initiated using futex wait barrier. (23 threads)
[2025-12-02T05:19:28.243+0000][11.959s][info ][safepoint   ] Safepoint "ICBufferFull", Time since last: 722670275 ns, Reaching safepoint: 63277 ns, Cleanup: 210141 ns, At safepoint: 27171 ns, Total: 300589 ns
[2025-12-02T05:19:28.396+0000][12.112s][debug][safepoint   ] Safepoint synchronization initiated using futex wait barrier. (23 threads)
[2025-12-02T05:19:28.396+0000][12.112s][info ][gc,start    ] GC(25) Pause Young (Normal) (G1 Evacuation Pause)
[2025-12-02T05:19:28.396+0000][12.112s][info ][gc,task     ] GC(25) Using 5 workers of 13 for evacuation
[2025-12-02T05:19:28.403+0000][12.119s][info ][gc,phases   ] GC(25)   Pre Evacuate Collection Set: 0.2ms
[2025-12-02T05:19:28.403+0000][12.119s][info ][gc,phases   ] GC(25)   Merge Heap Roots: 0.1ms
[2025-12-02T05:19:28.403+0000][12.119s][info ][gc,phases   ] GC(25)   Evacuate Collection Set: 5.2ms
[2025-12-02T05:19:28.403+0000][12.119s][info ][gc,phases   ] GC(25)   Post Evacuate Collection Set: 1.1ms
[2025-12-02T05:19:28.403+0000][12.119s][info ][gc,phases   ] GC(25)   Other: 0.1ms
[2025-12-02T05:19:28.403+0000][12.119s][info ][gc,heap     ] GC(25) Eden regions: 130->0(128)
[2025-12-02T05:19:28.403+0000][12.119s][info ][gc,heap     ] GC(25) Survivor regions: 8->10(18)
[2025-12-02T05:19:28.403+0000][12.119s][info ][gc,heap     ] GC(25) Old regions: 60->60
[2025-12-02T05:19:28.403+0000][12.119s][info ][gc,heap     ] GC(25) Archive regions: 2->2
[2025-12-02T05:19:28.403+0000][12.119s][info ][gc,heap     ] GC(25) Humongous regions: 0->0
[2025-12-02T05:19:28.403+0000][12.119s][info ][gc,metaspace] GC(25) Metaspace: 51799K(52288K)->51799K(52288K) NonClass: 45206K(45440K)->45206K(45440K) Class: 6593K(6848K)->6593K(6848K)
[2025-12-02T05:19:28.403+0000][12.119s][info ][gc          ] GC(25) Pause Young (Normal) (G1 Evacuation Pause) 197M->69M(234M) 6.916ms
[2025-12-02T05:19:28.403+0000][12.119s][info ][gc,cpu      ] GC(25) User=0.08s Sys=0.00s Real=0.01s
[2025-12-02T05:19:28.403+0000][12.119s][info ][safepoint   ] Safepoint "G1CollectForAllocation", Time since last: 152281466 ns, Reaching safepoint: 60793 ns, Cleanup: 61765 ns, At safepoint: 7074487 ns, Total: 7197045 ns
[2025-12-02T05:19:29.912+0000][13.628s][debug][safepoint   ] Safepoint synchronization initiated using futex wait barrier. (26 threads)
[2025-12-02T05:19:29.912+0000][13.629s][info ][safepoint   ] Safepoint "Cleanup", Time since last: 1509497681 ns, Reaching safepoint: 61945 ns, Cleanup: 130873 ns, At safepoint: 4448 ns, Total: 197266 ns
[2025-12-02T05:19:30.077+0000][13.793s][debug][safepoint   ] Safepoint synchronization initiated using futex wait barrier. (19 threads)
[2025-12-02T05:19:30.077+0000][13.793s][info ][safepoint   ] Safepoint "ICBufferFull", Time since last: 164389851 ns, Reaching safepoint: 191216 ns, Cleanup: 135021 ns, At safepoint: 88384 ns, Total: 414621 ns
[2025-12-02T05:19:30.541+0000][14.257s][debug][safepoint   ] Safepoint synchronization initiated using futex wait barrier. (24 threads)
[2025-12-02T05:19:30.541+0000][14.257s][info ][gc,start    ] GC(26) Pause Young (Normal) (G1 Evacuation Pause)
[2025-12-02T05:19:30.541+0000][14.257s][info ][gc,task     ] GC(26) Using 5 workers of 13 for evacuation
[2025-12-02T05:19:30.551+0000][14.267s][info ][gc,phases   ] GC(26)   Pre Evacuate Collection Set: 0.1ms
[2025-12-02T05:19:30.551+0000][14.267s][info ][gc,phases   ] GC(26)   Merge Heap Roots: 0.2ms
[2025-12-02T05:19:30.551+0000][14.267s][info ][gc,phases   ] GC(26)   Evacuate Collection Set: 6.9ms
[2025-12-02T05:19:30.551+0000][14.267s][info ][gc,phases   ] GC(26)   Post Evacuate Collection Set: 1.8ms
[2025-12-02T05:19:30.551+0000][14.267s][info ][gc,phases   ] GC(26)   Other: 0.1ms
[2025-12-02T05:19:30.551+0000][14.267s][info ][gc,heap     ] GC(26) Eden regions: 128->0(124)
[2025-12-02T05:19:30.551+0000][14.267s][info ][gc,heap     ] GC(26) Survivor regions: 10->12(18)
[2025-12-02T05:19:30.551+0000][14.267s][info ][gc,heap     ] GC(26) Old regions: 60->60
[2025-12-02T05:19:30.551+0000][14.267s][info ][gc,heap     ] GC(26) Archive regions: 2->2
[2025-12-02T05:19:30.551+0000][14.267s][info ][gc,heap     ] GC(26) Humongous regions: 0->0
[2025-12-02T05:19:30.551+0000][14.267s][info ][gc,metaspace] GC(26) Metaspace: 57683K(58176K)->57683K(58176K) NonClass: 50419K(50688K)->50419K(50688K) Class: 7263K(7488K)->7263K(7488K)
[2025-12-02T05:19:30.551+0000][14.267s][info ][gc          ] GC(26) Pause Young (Normal) (G1 Evacuation Pause) 197M->72M(234M) 9.309ms
[2025-12-02T05:19:30.551+0000][14.267s][info ][gc,cpu      ] GC(26) User=0.06s Sys=0.00s Real=0.00s
[2025-12-02T05:19:30.551+0000][14.267s][info ][safepoint   ] Safepoint "G1CollectForAllocation", Time since last: 463873569 ns, Reaching safepoint: 55534 ns, Cleanup: 122507 ns, At safepoint: 9444610 ns, Total: 9622651 ns
[2025-12-02T05:19:30.855+0000][14.571s][debug][safepoint   ] Safepoint synchronization initiated using futex wait barrier. (18 threads)
[2025-12-02T05:19:30.855+0000][14.571s][info ][gc,start    ] GC(27) Pause Young (Concurrent Start) (Metadata GC Threshold)
[2025-12-02T05:19:30.855+0000][14.571s][info ][gc,task     ] GC(27) Using 5 workers of 13 for evacuation
[2025-12-02T05:19:30.863+0000][14.579s][info ][gc,phases   ] GC(27)   Pre Evacuate Collection Set: 0.2ms
[2025-12-02T05:19:30.863+0000][14.579s][info ][gc,phases   ] GC(27)   Merge Heap Roots: 0.2ms
[2025-12-02T05:19:30.863+0000][14.579s][info ][gc,phases   ] GC(27)   Evacuate Collection Set: 6.3ms
[2025-12-02T05:19:30.863+0000][14.579s][info ][gc,phases   ] GC(27)   Post Evacuate Collection Set: 1.1ms
[2025-12-02T05:19:30.863+0000][14.579s][info ][gc,phases   ] GC(27)   Other: 0.2ms
[2025-12-02T05:19:30.863+0000][14.579s][info ][gc,heap     ] GC(27) Eden regions: 80->0(127)
[2025-12-02T05:19:30.863+0000][14.579s][info ][gc,heap     ] GC(27) Survivor regions: 12->9(17)
[2025-12-02T05:19:30.863+0000][14.579s][info ][gc,heap     ] GC(27) Old regions: 60->63
[2025-12-02T05:19:30.863+0000][14.579s][info ][gc,heap     ] GC(27) Archive regions: 2->2
[2025-12-02T05:19:30.863+0000][14.579s][info ][gc,heap     ] GC(27) Humongous regions: 0->0
[2025-12-02T05:19:30.863+0000][14.579s][info ][gc,metaspace] GC(27) Metaspace: 59818K(60288K)->59818K(60288K) NonClass: 52199K(52416K)->52199K(52416K) Class: 7619K(7872K)->7619K(7872K)
[2025-12-02T05:19:30.863+0000][14.579s][info ][gc          ] GC(27) Pause Young (Concurrent Start) (Metadata GC Threshold) 152M->72M(234M) 8.066ms
[2025-12-02T05:19:30.863+0000][14.579s][info ][gc,cpu      ] GC(27) User=0.05s Sys=0.00s Real=0.01s
[2025-12-02T05:19:30.863+0000][14.579s][info ][gc          ] GC(28) Concurrent Mark Cycle
[2025-12-02T05:19:30.863+0000][14.579s][info ][gc,marking  ] GC(28) Concurrent Clear Claimed Marks
[2025-12-02T05:19:30.863+0000][14.579s][info ][gc,marking  ] GC(28) Concurrent Clear Claimed Marks 0.060ms
[2025-12-02T05:19:30.863+0000][14.579s][info ][gc,marking  ] GC(28) Concurrent Scan Root Regions
[2025-12-02T05:19:30.863+0000][14.579s][info ][safepoint   ] Safepoint "CollectForMetadataAllocation", Time since last: 304143430 ns, Reaching safepoint: 92973 ns, Cleanup: 52157 ns, At safepoint: 8268023 ns, Total: 8413153 ns
[2025-12-02T05:19:30.868+0000][14.584s][info ][gc,marking  ] GC(28) Concurrent Scan Root Regions 4.819ms
[2025-12-02T05:19:30.868+0000][14.584s][info ][gc,marking  ] GC(28) Concurrent Mark
[2025-12-02T05:19:30.868+0000][14.584s][info ][gc,marking  ] GC(28) Concurrent Mark From Roots
[2025-12-02T05:19:30.868+0000][14.584s][info ][gc,task     ] GC(28) Using 3 workers of 3 for marking
[2025-12-02T05:19:30.900+0000][14.616s][info ][gc,marking  ] GC(28) Concurrent Mark From Roots 31.916ms
[2025-12-02T05:19:30.900+0000][14.616s][info ][gc,marking  ] GC(28) Concurrent Preclean
[2025-12-02T05:19:30.900+0000][14.616s][info ][gc,marking  ] GC(28) Concurrent Preclean 0.249ms
[2025-12-02T05:19:30.901+0000][14.617s][debug][safepoint   ] Safepoint synchronization initiated using futex wait barrier. (18 threads)
[2025-12-02T05:19:30.901+0000][14.617s][info ][gc,start    ] GC(28) Pause Remark
[2025-12-02T05:19:30.905+0000][14.621s][info ][gc          ] GC(28) Pause Remark 80M->80M(234M) 3.984ms
[2025-12-02T05:19:30.905+0000][14.621s][info ][gc,cpu      ] GC(28) User=0.01s Sys=0.00s Real=0.01s
[2025-12-02T05:19:30.905+0000][14.621s][info ][safepoint   ] Safepoint "G1PauseRemark", Time since last: 37181624 ns, Reaching safepoint: 256377 ns, Cleanup: 11040 ns, At safepoint: 4102202 ns, Total: 4369619 ns
[2025-12-02T05:19:30.905+0000][14.621s][info ][gc,marking  ] GC(28) Concurrent Mark 36.763ms
[2025-12-02T05:19:30.905+0000][14.621s][info ][gc,marking  ] GC(28) Concurrent Rebuild Remembered Sets
[2025-12-02T05:19:30.920+0000][14.636s][info ][gc,marking  ] GC(28) Concurrent Rebuild Remembered Sets 14.870ms
[2025-12-02T05:19:30.920+0000][14.636s][debug][safepoint   ] Safepoint synchronization initiated using futex wait barrier. (18 threads)
[2025-12-02T05:19:30.920+0000][14.636s][info ][gc,start    ] GC(28) Pause Cleanup
[2025-12-02T05:19:30.920+0000][14.636s][info ][gc          ] GC(28) Pause Cleanup 84M->84M(234M) 0.166ms
[2025-12-02T05:19:30.920+0000][14.636s][info ][gc,cpu      ] GC(28) User=0.00s Sys=0.00s Real=0.00s
[2025-12-02T05:19:30.920+0000][14.636s][info ][safepoint   ] Safepoint "G1PauseCleanup", Time since last: 15055545 ns, Reaching safepoint: 110235 ns, Cleanup: 3066 ns, At safepoint: 246859 ns, Total: 360160 ns
[2025-12-02T05:19:30.920+0000][14.636s][info ][gc,marking  ] GC(28) Concurrent Cleanup for Next Mark
[2025-12-02T05:19:30.922+0000][14.638s][info ][gc,marking  ] GC(28) Concurrent Cleanup for Next Mark 1.836ms
[2025-12-02T05:19:30.922+0000][14.638s][info ][gc          ] GC(28) Concurrent Mark Cycle 58.992ms
[2025-12-02T05:19:31.521+0000][15.237s][debug][safepoint   ] Safepoint synchronization initiated using futex wait barrier. (21 threads)
[2025-12-02T05:19:31.522+0000][15.239s][info ][gc,start    ] GC(29) Pause Young (Prepare Mixed) (G1 Evacuation Pause)
[2025-12-02T05:19:31.523+0000][15.239s][info ][gc,task     ] GC(29) Using 5 workers of 13 for evacuation
[2025-12-02T05:19:31.530+0000][15.246s][info ][gc,phases   ] GC(29)   Pre Evacuate Collection Set: 0.2ms
[2025-12-02T05:19:31.530+0000][15.246s][info ][gc,phases   ] GC(29)   Merge Heap Roots: 0.2ms
[2025-12-02T05:19:31.530+0000][15.246s][info ][gc,phases   ] GC(29)   Evacuate Collection Set: 5.0ms
[2025-12-02T05:19:31.530+0000][15.246s][info ][gc,phases   ] GC(29)   Post Evacuate Collection Set: 1.5ms
[2025-12-02T05:19:31.530+0000][15.246s][info ][gc,phases   ] GC(29)   Other: 0.1ms
[2025-12-02T05:19:31.530+0000][15.246s][info ][gc,heap     ] GC(29) Eden regions: 127->0(1)
[2025-12-02T05:19:31.530+0000][15.246s][info ][gc,heap     ] GC(29) Survivor regions: 9->10(17)
[2025-12-02T05:19:31.530+0000][15.246s][info ][gc,heap     ] GC(29) Old regions: 63->63
[2025-12-02T05:19:31.530+0000][15.246s][info ][gc,heap     ] GC(29) Archive regions: 2->2
[2025-12-02T05:19:31.530+0000][15.246s][info ][gc,heap     ] GC(29) Humongous regions: 0->0
[2025-12-02T05:19:31.530+0000][15.246s][info ][gc,metaspace] GC(29) Metaspace: 64116K(64576K)->64116K(64576K) NonClass: 55930K(56192K)->55930K(56192K) Class: 8186K(8384K)->8186K(8384K)
[2025-12-02T05:19:31.530+0000][15.246s][info ][gc          ] GC(29) Pause Young (Prepare Mixed) (G1 Evacuation Pause) 199M->73M(234M) 7.156ms
[2025-12-02T05:19:31.530+0000][15.246s][info ][gc,cpu      ] GC(29) User=0.03s Sys=0.00s Real=0.00s
[2025-12-02T05:19:31.530+0000][15.246s][info ][safepoint   ] Safepoint "G1CollectForAllocation", Time since last: 600498221 ns, Reaching safepoint: 47969 ns, Cleanup: 1603271 ns, At safepoint: 7253176 ns, Total: 8904416 ns
[2025-12-02T05:19:31.534+0000][15.250s][debug][safepoint   ] Safepoint synchronization initiated using futex wait barrier. (21 threads)
[2025-12-02T05:19:31.534+0000][15.250s][info ][gc,start    ] GC(30) Pause Young (Mixed) (G1 Evacuation Pause)
[2025-12-02T05:19:31.534+0000][15.250s][info ][gc,task     ] GC(30) Using 5 workers of 13 for evacuation
[2025-12-02T05:19:31.544+0000][15.260s][info ][gc,phases   ] GC(30)   Pre Evacuate Collection Set: 0.2ms
[2025-12-02T05:19:31.544+0000][15.260s][info ][gc,phases   ] GC(30)   Merge Heap Roots: 0.3ms
[2025-12-02T05:19:31.544+0000][15.260s][info ][gc,phases   ] GC(30)   Evacuate Collection Set: 8.2ms
[2025-12-02T05:19:31.544+0000][15.260s][info ][gc,phases   ] GC(30)   Post Evacuate Collection Set: 1.0ms
[2025-12-02T05:19:31.544+0000][15.260s][info ][gc,phases   ] GC(30)   Other: 0.1ms
[2025-12-02T05:19:31.544+0000][15.260s][info ][gc,heap     ] GC(30) Eden regions: 1->0(127)
[2025-12-02T05:19:31.544+0000][15.260s][info ][gc,heap     ] GC(30) Survivor regions: 10->2(2)
[2025-12-02T05:19:31.544+0000][15.260s][info ][gc,heap     ] GC(30) Old regions: 63->71
[2025-12-02T05:19:31.544+0000][15.260s][info ][gc,heap     ] GC(30) Archive regions: 2->2
[2025-12-02T05:19:31.544+0000][15.260s][info ][gc,heap     ] GC(30) Humongous regions: 0->0
[2025-12-02T05:19:31.544+0000][15.260s][info ][gc,metaspace] GC(30) Metaspace: 64138K(64576K)->64138K(64576K) NonClass: 55945K(56192K)->55945K(56192K) Class: 8192K(8384K)->8192K(8384K)
[2025-12-02T05:19:31.544+0000][15.260s][info ][gc          ] GC(30) Pause Young (Mixed) (G1 Evacuation Pause) 74M->72M(234M) 9.917ms
[2025-12-02T05:19:31.544+0000][15.260s][info ][gc,cpu      ] GC(30) User=0.05s Sys=0.00s Real=0.01s
[2025-12-02T05:19:31.544+0000][15.260s][info ][safepoint   ] Safepoint "G1CollectForAllocation", Time since last: 4312378 ns, Reaching safepoint: 55202 ns, Cleanup: 4018 ns, At safepoint: 10001423 ns, Total: 10060643 ns
[2025-12-02T05:19:31.897+0000][15.613s][debug][safepoint   ] Safepoint synchronization initiated using futex wait barrier. (21 threads)
[2025-12-02T05:19:31.897+0000][15.613s][info ][gc,start    ] GC(31) Pause Young (Normal) (G1 Evacuation Pause)
[2025-12-02T05:19:31.897+0000][15.613s][info ][gc,task     ] GC(31) Using 5 workers of 13 for evacuation
[2025-12-02T05:19:31.900+0000][15.616s][info ][gc,phases   ] GC(31)   Pre Evacuate Collection Set: 0.2ms
[2025-12-02T05:19:31.900+0000][15.617s][info ][gc,phases   ] GC(31)   Merge Heap Roots: 0.2ms
[2025-12-02T05:19:31.900+0000][15.617s][info ][gc,phases   ] GC(31)   Evacuate Collection Set: 1.6ms
[2025-12-02T05:19:31.900+0000][15.617s][info ][gc,phases   ] GC(31)   Post Evacuate Collection Set: 1.2ms
[2025-12-02T05:19:31.900+0000][15.617s][info ][gc,phases   ] GC(31)   Other: 0.1ms
[2025-12-02T05:19:31.900+0000][15.617s][info ][gc,heap     ] GC(31) Eden regions: 127->0(129)
[2025-12-02T05:19:31.900+0000][15.617s][info ][gc,heap     ] GC(31) Survivor regions: 2->1(17)
[2025-12-02T05:19:31.900+0000][15.617s][info ][gc,heap     ] GC(31) Old regions: 71->71
[2025-12-02T05:19:31.900+0000][15.617s][info ][gc,heap     ] GC(31) Archive regions: 2->2
[2025-12-02T05:19:31.900+0000][15.617s][info ][gc,heap     ] GC(31) Humongous regions: 0->0
[2025-12-02T05:19:31.900+0000][15.617s][info ][gc,metaspace] GC(31) Metaspace: 66374K(66816K)->66374K(66816K) NonClass: 57770K(57984K)->57770K(57984K) Class: 8603K(8832K)->8603K(8832K)
[2025-12-02T05:19:31.901+0000][15.617s][info ][gc          ] GC(31) Pause Young (Normal) (G1 Evacuation Pause) 199M->72M(234M) 3.310ms
[2025-12-02T05:19:31.901+0000][15.617s][info ][gc,cpu      ] GC(31) User=0.01s Sys=0.00s Real=0.00s
[2025-12-02T05:19:31.901+0000][15.617s][info ][safepoint   ] Safepoint "G1CollectForAllocation", Time since last: 352930103 ns, Reaching safepoint: 108101 ns, Cleanup: 57687 ns, At safepoint: 3428434 ns, Total: 3594222 ns
[2025-12-02T05:19:32.252+0000][15.968s][debug][safepoint   ] Safepoint synchronization initiated using futex wait barrier. (25 threads)
[2025-12-02T05:19:32.252+0000][15.968s][info ][safepoint   ] Safepoint "ICBufferFull", Time since last: 351044475 ns, Reaching safepoint: 50264 ns, Cleanup: 112489 ns, At safepoint: 46837 ns, Total: 209590 ns
[2025-12-02T05:19:32.645+0000][16.361s][debug][safepoint   ] Safepoint synchronization initiated using futex wait barrier. (29 threads)
[2025-12-02T05:19:32.645+0000][16.361s][info ][gc,start    ] GC(32) Pause Young (Normal) (G1 Evacuation Pause)
[2025-12-02T05:19:32.645+0000][16.361s][info ][gc,task     ] GC(32) Using 5 workers of 13 for evacuation
[2025-12-02T05:19:32.656+0000][16.372s][info ][gc,phases   ] GC(32)   Pre Evacuate Collection Set: 0.1ms
[2025-12-02T05:19:32.656+0000][16.372s][info ][gc,phases   ] GC(32)   Merge Heap Roots: 0.1ms
[2025-12-02T05:19:32.656+0000][16.372s][info ][gc,phases   ] GC(32)   Evacuate Collection Set: 6.9ms
[2025-12-02T05:19:32.656+0000][16.372s][info ][gc,phases   ] GC(32)   Post Evacuate Collection Set: 2.9ms
[2025-12-02T05:19:32.656+0000][16.372s][info ][gc,phases   ] GC(32)   Other: 0.2ms
[2025-12-02T05:19:32.656+0000][16.372s][info ][gc,heap     ] GC(32) Eden regions: 129->0(124)
[2025-12-02T05:19:32.656+0000][16.372s][info ][gc,heap     ] GC(32) Survivor regions: 1->5(17)
[2025-12-02T05:19:32.656+0000][16.372s][info ][gc,heap     ] GC(32) Old regions: 71->71
[2025-12-02T05:19:32.656+0000][16.372s][info ][gc,heap     ] GC(32) Archive regions: 2->2
[2025-12-02T05:19:32.656+0000][16.372s][info ][gc,heap     ] GC(32) Humongous regions: 0->0
[2025-12-02T05:19:32.656+0000][16.372s][info ][gc,metaspace] GC(32) Metaspace: 70089K(70528K)->70089K(70528K) NonClass: 61072K(61312K)->61072K(61312K) Class: 9016K(9216K)->9016K(9216K)
[2025-12-02T05:19:32.656+0000][16.372s][info ][gc          ] GC(32) Pause Young (Normal) (G1 Evacuation Pause) 201M->75M(234M) 10.421ms
[2025-12-02T05:19:32.656+0000][16.372s][info ][gc,cpu      ] GC(32) User=0.08s Sys=0.01s Real=0.01s
[2025-12-02T05:19:32.656+0000][16.372s][info ][safepoint   ] Safepoint "G1CollectForAllocation", Time since last: 392748454 ns, Reaching safepoint: 355386 ns, Cleanup: 390205 ns, At safepoint: 10561660 ns, Total: 11307251 ns
[2025-12-02T05:19:33.042+0000][16.758s][debug][safepoint   ] Safepoint synchronization initiated using futex wait barrier. (29 threads)
[2025-12-02T05:19:33.042+0000][16.758s][info ][safepoint   ] Safepoint "ICBufferFull", Time since last: 385879413 ns, Reaching safepoint: 176127 ns, Cleanup: 208448 ns, At safepoint: 145470 ns, Total: 530045 ns
[2025-12-02T05:19:33.394+0000][17.110s][debug][safepoint   ] Safepoint synchronization initiated using futex wait barrier. (29 threads)
[2025-12-02T05:19:33.394+0000][17.110s][info ][safepoint   ] Safepoint "ICBufferFull", Time since last: 351303259 ns, Reaching safepoint: 147174 ns, Cleanup: 153014 ns, At safepoint: 25568 ns, Total: 325756 ns
[2025-12-02T05:19:33.451+0000][17.167s][debug][safepoint   ] Safepoint synchronization initiated using futex wait barrier. (29 threads)
[2025-12-02T05:19:33.452+0000][17.168s][info ][gc,start    ] GC(33) Pause Young (Normal) (G1 Evacuation Pause)
[2025-12-02T05:19:33.452+0000][17.168s][info ][gc,task     ] GC(33) Using 5 workers of 13 for evacuation
[2025-12-02T05:19:33.459+0000][17.175s][info ][gc,phases   ] GC(33)   Pre Evacuate Collection Set: 0.2ms
[2025-12-02T05:19:33.459+0000][17.175s][info ][gc,phases   ] GC(33)   Merge Heap Roots: 0.2ms
[2025-12-02T05:19:33.459+0000][17.175s][info ][gc,phases   ] GC(33)   Evacuate Collection Set: 4.9ms
[2025-12-02T05:19:33.459+0000][17.175s][info ][gc,phases   ] GC(33)   Post Evacuate Collection Set: 1.6ms
[2025-12-02T05:19:33.459+0000][17.175s][info ][gc,phases   ] GC(33)   Other: 0.1ms
[2025-12-02T05:19:33.459+0000][17.175s][info ][gc,heap     ] GC(33) Eden regions: 124->0(122)
[2025-12-02T05:19:33.459+0000][17.175s][info ][gc,heap     ] GC(33) Survivor regions: 5->7(17)
[2025-12-02T05:19:33.459+0000][17.175s][info ][gc,heap     ] GC(33) Old regions: 71->71
[2025-12-02T05:19:33.459+0000][17.175s][info ][gc,heap     ] GC(33) Archive regions: 2->2
[2025-12-02T05:19:33.459+0000][17.175s][info ][gc,heap     ] GC(33) Humongous regions: 0->0
[2025-12-02T05:19:33.459+0000][17.175s][info ][gc,metaspace] GC(33) Metaspace: 73180K(73728K)->73180K(73728K) NonClass: 63771K(64064K)->63771K(64064K) Class: 9408K(9664K)->9408K(9664K)
[2025-12-02T05:19:33.459+0000][17.175s][info ][gc          ] GC(33) Pause Young (Normal) (G1 Evacuation Pause) 199M->78M(234M) 7.082ms
[2025-12-02T05:19:33.459+0000][17.175s][info ][gc,cpu      ] GC(33) User=0.03s Sys=0.00s Real=0.01s
[2025-12-02T05:19:33.459+0000][17.175s][info ][safepoint   ] Safepoint "G1CollectForAllocation", Time since last: 56749904 ns, Reaching safepoint: 999558 ns, Cleanup: 50735 ns, At safepoint: 7242334 ns, Total: 8292627 ns
[2025-12-02T05:19:34.087+0000][17.804s][debug][safepoint   ] Safepoint synchronization initiated using futex wait barrier. (25 threads)
[2025-12-02T05:19:34.088+0000][17.804s][info ][gc,start    ] GC(34) Pause Young (Normal) (G1 Evacuation Pause)
[2025-12-02T05:19:34.088+0000][17.804s][info ][gc,task     ] GC(34) Using 5 workers of 13 for evacuation
[2025-12-02T05:19:34.093+0000][17.809s][info ][gc,phases   ] GC(34)   Pre Evacuate Collection Set: 0.1ms
[2025-12-02T05:19:34.093+0000][17.809s][info ][gc,phases   ] GC(34)   Merge Heap Roots: 0.1ms
[2025-12-02T05:19:34.093+0000][17.809s][info ][gc,phases   ] GC(34)   Evacuate Collection Set: 4.3ms
[2025-12-02T05:19:34.093+0000][17.809s][info ][gc,phases   ] GC(34)   Post Evacuate Collection Set: 1.0ms
[2025-12-02T05:19:34.093+0000][17.809s][info ][gc,phases   ] GC(34)   Other: 0.1ms
[2025-12-02T05:19:34.093+0000][17.809s][info ][gc,heap     ] GC(34) Eden regions: 122->0(121)
[2025-12-02T05:19:34.093+0000][17.809s][info ][gc,heap     ] GC(34) Survivor regions: 7->8(17)
[2025-12-02T05:19:34.093+0000][17.809s][info ][gc,heap     ] GC(34) Old regions: 71->71
[2025-12-02T05:19:34.093+0000][17.809s][info ][gc,heap     ] GC(34) Archive regions: 2->2
[2025-12-02T05:19:34.093+0000][17.809s][info ][gc,heap     ] GC(34) Humongous regions: 0->0
[2025-12-02T05:19:34.093+0000][17.809s][info ][gc,metaspace] GC(34) Metaspace: 77972K(78528K)->77972K(78528K) NonClass: 67844K(68096K)->67844K(68096K) Class: 10128K(10432K)->10128K(10432K)
[2025-12-02T05:19:34.093+0000][17.810s][info ][gc          ] GC(34) Pause Young (Normal) (G1 Evacuation Pause) 200M->78M(234M) 5.799ms
[2025-12-02T05:19:34.093+0000][17.810s][info ][gc,cpu      ] GC(34) User=0.02s Sys=0.00s Real=0.01s
[2025-12-02T05:19:34.093+0000][17.810s][info ][safepoint   ] Safepoint "G1CollectForAllocation", Time since last: 628476819 ns, Reaching safepoint: 41717 ns, Cleanup: 96489 ns, At safepoint: 5875263 ns, Total: 6013469 ns
[2025-12-02T05:19:34.429+0000][18.145s][debug][safepoint   ] Safepoint synchronization initiated using futex wait barrier. (23 threads)
[2025-12-02T05:19:34.429+0000][18.145s][info ][gc,start    ] GC(35) Pause Young (Normal) (G1 Evacuation Pause)
[2025-12-02T05:19:34.429+0000][18.145s][info ][gc,task     ] GC(35) Using 5 workers of 13 for evacuation
[2025-12-02T05:19:34.434+0000][18.150s][info ][gc,phases   ] GC(35)   Pre Evacuate Collection Set: 0.1ms
[2025-12-02T05:19:34.434+0000][18.150s][info ][gc,phases   ] GC(35)   Merge Heap Roots: 0.2ms
[2025-12-02T05:19:34.434+0000][18.150s][info ][gc,phases   ] GC(35)   Evacuate Collection Set: 3.6ms
[2025-12-02T05:19:34.434+0000][18.150s][info ][gc,phases   ] GC(35)   Post Evacuate Collection Set: 1.0ms
[2025-12-02T05:19:34.434+0000][18.150s][info ][gc,phases   ] GC(35)   Other: 0.1ms
[2025-12-02T05:19:34.434+0000][18.150s][info ][gc,heap     ] GC(35) Eden regions: 121->0(119)
[2025-12-02T05:19:34.434+0000][18.150s][info ][gc,heap     ] GC(35) Survivor regions: 8->9(17)
[2025-12-02T05:19:34.434+0000][18.150s][info ][gc,heap     ] GC(35) Old regions: 71->71
[2025-12-02T05:19:34.434+0000][18.150s][info ][gc,heap     ] GC(35) Archive regions: 2->2
[2025-12-02T05:19:34.434+0000][18.150s][info ][gc,heap     ] GC(35) Humongous regions: 0->0
[2025-12-02T05:19:34.434+0000][18.150s][info ][gc,metaspace] GC(35) Metaspace: 80177K(80704K)->80177K(80704K) NonClass: 69632K(69888K)->69632K(69888K) Class: 10545K(10816K)->10545K(10816K)
[2025-12-02T05:19:34.434+0000][18.150s][info ][gc          ] GC(35) Pause Young (Normal) (G1 Evacuation Pause) 199M->80M(234M) 5.060ms
[2025-12-02T05:19:34.434+0000][18.150s][info ][gc,cpu      ] GC(35) User=0.01s Sys=0.01s Real=0.01s
[2025-12-02T05:19:34.434+0000][18.150s][info ][safepoint   ] Safepoint "G1CollectForAllocation", Time since last: 335153171 ns, Reaching safepoint: 45905 ns, Cleanup: 118079 ns, At safepoint: 5109792 ns, Total: 5273776 ns
[2025-12-02T05:19:34.521+0000][18.237s][debug][safepoint   ] Safepoint synchronization initiated using futex wait barrier. (24 threads)
[2025-12-02T05:19:34.521+0000][18.237s][info ][safepoint   ] Safepoint "ICBufferFull", Time since last: 86876118 ns, Reaching safepoint: 45174 ns, Cleanup: 100397 ns, At safepoint: 43370 ns, Total: 188941 ns
[2025-12-02T05:19:34.607+0000][18.323s][debug][safepoint   ] Safepoint synchronization initiated using futex wait barrier. (24 threads)
[2025-12-02T05:19:34.607+0000][18.323s][info ][safepoint   ] Safepoint "ICBufferFull", Time since last: 85790280 ns, Reaching safepoint: 58439 ns, Cleanup: 103623 ns, At safepoint: 24435 ns, Total: 186497 ns
[2025-12-02T05:19:34.738+0000][18.454s][debug][safepoint   ] Safepoint synchronization initiated using futex wait barrier. (26 threads)
[2025-12-02T05:19:34.738+0000][18.454s][info ][safepoint   ] Safepoint "ICBufferFull", Time since last: 130998742 ns, Reaching safepoint: 61705 ns, Cleanup: 182499 ns, At safepoint: 29195 ns, Total: 273399 ns
[2025-12-02T05:19:34.874+0000][18.590s][debug][safepoint   ] Safepoint synchronization initiated using futex wait barrier. (26 threads)
[2025-12-02T05:19:34.874+0000][18.590s][info ][safepoint   ] Safepoint "ICBufferFull", Time since last: 135956811 ns, Reaching safepoint: 53860 ns, Cleanup: 115415 ns, At safepoint: 2044 ns, Total: 171319 ns
[2025-12-02T05:19:35.097+0000][18.813s][debug][safepoint   ] Safepoint synchronization initiated using futex wait barrier. (26 threads)
[2025-12-02T05:19:35.097+0000][18.813s][info ][safepoint   ] Safepoint "ICBufferFull", Time since last: 222173654 ns, Reaching safepoint: 100547 ns, Cleanup: 296271 ns, At safepoint: 9848 ns, Total: 406666 ns
[2025-12-02T05:19:35.147+0000][18.863s][debug][safepoint   ] Safepoint synchronization initiated using futex wait barrier. (26 threads)
[2025-12-02T05:19:35.147+0000][18.863s][info ][safepoint   ] Safepoint "ICBufferFull", Time since last: 50060132 ns, Reaching safepoint: 149398 ns, Cleanup: 141843 ns, At safepoint: 23204 ns, Total: 314445 ns
[2025-12-02T05:19:35.156+0000][18.872s][debug][safepoint   ] Safepoint synchronization initiated using futex wait barrier. (26 threads)
[2025-12-02T05:19:35.159+0000][18.875s][info ][gc,start    ] GC(36) Pause Young (Normal) (G1 Evacuation Pause)
[2025-12-02T05:19:35.159+0000][18.875s][info ][gc,task     ] GC(36) Using 5 workers of 13 for evacuation
[2025-12-02T05:19:35.164+0000][18.880s][info ][gc,phases   ] GC(36)   Pre Evacuate Collection Set: 0.1ms
[2025-12-02T05:19:35.164+0000][18.880s][info ][gc,phases   ] GC(36)   Merge Heap Roots: 0.1ms
[2025-12-02T05:19:35.164+0000][18.880s][info ][gc,phases   ] GC(36)   Evacuate Collection Set: 3.8ms
[2025-12-02T05:19:35.164+0000][18.880s][info ][gc,phases   ] GC(36)   Post Evacuate Collection Set: 1.0ms
[2025-12-02T05:19:35.164+0000][18.880s][info ][gc,phases   ] GC(36)   Other: 0.1ms
[2025-12-02T05:19:35.164+0000][18.880s][info ][gc,heap     ] GC(36) Eden regions: 119->0(116)
[2025-12-02T05:19:35.164+0000][18.880s][info ][gc,heap     ] GC(36) Survivor regions: 9->10(16)
[2025-12-02T05:19:35.164+0000][18.880s][info ][gc,heap     ] GC(36) Old regions: 71->72
[2025-12-02T05:19:35.164+0000][18.880s][info ][gc,heap     ] GC(36) Archive regions: 2->2
[2025-12-02T05:19:35.164+0000][18.880s][info ][gc,heap     ] GC(36) Humongous regions: 0->0
[2025-12-02T05:19:35.164+0000][18.880s][info ][gc,metaspace] GC(36) Metaspace: 81496K(82048K)->81496K(82048K) NonClass: 70842K(71104K)->70842K(71104K) Class: 10654K(10944K)->10654K(10944K)
[2025-12-02T05:19:35.164+0000][18.880s][info ][gc          ] GC(36) Pause Young (Normal) (G1 Evacuation Pause) 199M->81M(234M) 5.254ms
[2025-12-02T05:19:35.164+0000][18.880s][info ][gc,cpu      ] GC(36) User=0.03s Sys=0.00s Real=0.01s
[2025-12-02T05:19:35.164+0000][18.880s][info ][safepoint   ] Safepoint "G1CollectForAllocation", Time since last: 9116790 ns, Reaching safepoint: 2214387 ns, Cleanup: 21660 ns, At safepoint: 5506677 ns, Total: 7742724 ns
[2025-12-02T05:19:35.636+0000][19.352s][debug][safepoint   ] Safepoint synchronization initiated using futex wait barrier. (22 threads)
[2025-12-02T05:19:35.636+0000][19.352s][info ][safepoint   ] Safepoint "ICBufferFull", Time since last: 471413747 ns, Reaching safepoint: 171223 ns, Cleanup: 169555 ns, At safepoint: 61605 ns, Total: 402383 ns
[2025-12-02T05:19:35.725+0000][19.442s][debug][safepoint   ] Safepoint synchronization initiated using futex wait barrier. (22 threads)
[2025-12-02T05:19:35.726+0000][19.442s][info ][gc,start    ] GC(37) Pause Young (Normal) (G1 Evacuation Pause)
[2025-12-02T05:19:35.726+0000][19.442s][info ][gc,task     ] GC(37) Using 5 workers of 13 for evacuation
[2025-12-02T05:19:35.733+0000][19.449s][info ][gc,phases   ] GC(37)   Pre Evacuate Collection Set: 0.1ms
[2025-12-02T05:19:35.733+0000][19.449s][info ][gc,phases   ] GC(37)   Merge Heap Roots: 0.2ms
[2025-12-02T05:19:35.733+0000][19.449s][info ][gc,phases   ] GC(37)   Evacuate Collection Set: 5.6ms
[2025-12-02T05:19:35.733+0000][19.449s][info ][gc,phases   ] GC(37)   Post Evacuate Collection Set: 1.6ms
[2025-12-02T05:19:35.733+0000][19.449s][info ][gc,phases   ] GC(37)   Other: 0.1ms
[2025-12-02T05:19:35.733+0000][19.449s][info ][gc,heap     ] GC(37) Eden regions: 116->0(117)
[2025-12-02T05:19:35.733+0000][19.449s][info ][gc,heap     ] GC(37) Survivor regions: 10->8(16)
[2025-12-02T05:19:35.733+0000][19.449s][info ][gc,heap     ] GC(37) Old regions: 72->75
[2025-12-02T05:19:35.733+0000][19.449s][info ][gc,heap     ] GC(37) Archive regions: 2->2
[2025-12-02T05:19:35.733+0000][19.449s][info ][gc,heap     ] GC(37) Humongous regions: 0->0
[2025-12-02T05:19:35.733+0000][19.449s][info ][gc,metaspace] GC(37) Metaspace: 84754K(85312K)->84754K(85312K) NonClass: 73631K(73920K)->73631K(73920K) Class: 11123K(11392K)->11123K(11392K)
[2025-12-02T05:19:35.733+0000][19.449s][info ][gc          ] GC(37) Pause Young (Normal) (G1 Evacuation Pause) 197M->83M(234M) 7.801ms
[2025-12-02T05:19:35.733+0000][19.449s][info ][gc,cpu      ] GC(37) User=0.03s Sys=0.01s Real=0.01s
[2025-12-02T05:19:35.733+0000][19.449s][info ][safepoint   ] Safepoint "G1CollectForAllocation", Time since last: 89501941 ns, Reaching safepoint: 46316 ns, Cleanup: 28072 ns, At safepoint: 7859343 ns, Total: 7933731 ns
[2025-12-02T05:19:36.043+0000][19.759s][debug][safepoint   ] Safepoint synchronization initiated using futex wait barrier. (26 threads)
[2025-12-02T05:19:36.044+0000][19.760s][info ][safepoint   ] Safepoint "ICBufferFull", Time since last: 309902437 ns, Reaching safepoint: 208588 ns, Cleanup: 198539 ns, At safepoint: 72565 ns, Total: 479692 ns
[2025-12-02T05:19:36.296+0000][20.012s][debug][safepoint   ] Safepoint synchronization initiated using futex wait barrier. (26 threads)
[2025-12-02T05:19:36.296+0000][20.012s][info ][gc,start    ] GC(38) Pause Young (Normal) (G1 Evacuation Pause)
[2025-12-02T05:19:36.296+0000][20.012s][info ][gc,task     ] GC(38) Using 5 workers of 13 for evacuation
[2025-12-02T05:19:36.304+0000][20.020s][info ][gc,phases   ] GC(38)   Pre Evacuate Collection Set: 0.2ms
[2025-12-02T05:19:36.304+0000][20.020s][info ][gc,phases   ] GC(38)   Merge Heap Roots: 0.4ms
[2025-12-02T05:19:36.304+0000][20.020s][info ][gc,phases   ] GC(38)   Evacuate Collection Set: 5.6ms
[2025-12-02T05:19:36.304+0000][20.020s][info ][gc,phases   ] GC(38)   Post Evacuate Collection Set: 1.4ms
[2025-12-02T05:19:36.304+0000][20.020s][info ][gc,phases   ] GC(38)   Other: 0.1ms
[2025-12-02T05:19:36.304+0000][20.020s][info ][gc,heap     ] GC(38) Eden regions: 117->0(113)
[2025-12-02T05:19:36.304+0000][20.020s][info ][gc,heap     ] GC(38) Survivor regions: 8->10(16)
[2025-12-02T05:19:36.304+0000][20.020s][info ][gc,heap     ] GC(38) Old regions: 75->75
[2025-12-02T05:19:36.304+0000][20.020s][info ][gc,heap     ] GC(38) Archive regions: 2->2
[2025-12-02T05:19:36.304+0000][20.020s][info ][gc,heap     ] GC(38) Humongous regions: 0->0
[2025-12-02T05:19:36.304+0000][20.020s][info ][gc,metaspace] GC(38) Metaspace: 86979K(87552K)->86979K(87552K) NonClass: 75611K(75904K)->75611K(75904K) Class: 11367K(11648K)->11367K(11648K)
[2025-12-02T05:19:36.304+0000][20.020s][info ][gc          ] GC(38) Pause Young (Normal) (G1 Evacuation Pause) 200M->85M(234M) 7.859ms
[2025-12-02T05:19:36.304+0000][20.020s][info ][gc,cpu      ] GC(38) User=0.05s Sys=0.00s Real=0.01s
[2025-12-02T05:19:36.304+0000][20.020s][info ][safepoint   ] Safepoint "G1CollectForAllocation", Time since last: 251812020 ns, Reaching safepoint: 167722 ns, Cleanup: 104634 ns, At safepoint: 8035089 ns, Total: 8307445 ns
[2025-12-02T05:19:36.856+0000][20.572s][debug][safepoint   ] Safepoint synchronization initiated using futex wait barrier. (22 threads)
[2025-12-02T05:19:36.856+0000][20.572s][info ][gc,start    ] GC(39) Pause Young (Normal) (G1 Evacuation Pause)
[2025-12-02T05:19:36.856+0000][20.572s][info ][gc,task     ] GC(39) Using 5 workers of 13 for evacuation
[2025-12-02T05:19:36.864+0000][20.580s][info ][gc,phases   ] GC(39)   Pre Evacuate Collection Set: 0.2ms
[2025-12-02T05:19:36.864+0000][20.580s][info ][gc,phases   ] GC(39)   Merge Heap Roots: 0.1ms
[2025-12-02T05:19:36.864+0000][20.580s][info ][gc,phases   ] GC(39)   Evacuate Collection Set: 5.9ms
[2025-12-02T05:19:36.864+0000][20.580s][info ][gc,phases   ] GC(39)   Post Evacuate Collection Set: 1.7ms
[2025-12-02T05:19:36.864+0000][20.580s][info ][gc,phases   ] GC(39)   Other: 0.1ms
[2025-12-02T05:19:36.864+0000][20.580s][info ][gc,heap     ] GC(39) Eden regions: 113->0(111)
[2025-12-02T05:19:36.864+0000][20.580s][info ][gc,heap     ] GC(39) Survivor regions: 10->10(16)
[2025-12-02T05:19:36.864+0000][20.580s][info ][gc,heap     ] GC(39) Old regions: 75->77
[2025-12-02T05:19:36.864+0000][20.580s][info ][gc,heap     ] GC(39) Archive regions: 2->2
[2025-12-02T05:19:36.864+0000][20.580s][info ][gc,heap     ] GC(39) Humongous regions: 0->0
[2025-12-02T05:19:36.864+0000][20.580s][info ][gc,metaspace] GC(39) Metaspace: 91169K(91776K)->91169K(91776K) NonClass: 79033K(79360K)->79033K(79360K) Class: 12136K(12416K)->12136K(12416K)
[2025-12-02T05:19:36.864+0000][20.580s][info ][gc          ] GC(39) Pause Young (Normal) (G1 Evacuation Pause) 198M->86M(234M) 8.155ms
[2025-12-02T05:19:36.864+0000][20.580s][info ][gc,cpu      ] GC(39) User=0.04s Sys=0.00s Real=0.01s
[2025-12-02T05:19:36.864+0000][20.581s][info ][safepoint   ] Safepoint "G1CollectForAllocation", Time since last: 552083363 ns, Reaching safepoint: 67445 ns, Cleanup: 141663 ns, At safepoint: 8229981 ns, Total: 8439089 ns
[2025-12-02T05:19:37.060+0000][20.776s][debug][safepoint   ] Safepoint synchronization initiated using futex wait barrier. (26 threads)
[2025-12-02T05:19:37.060+0000][20.776s][info ][safepoint   ] Safepoint "ICBufferFull", Time since last: 195686075 ns, Reaching safepoint: 48119 ns, Cleanup: 113211 ns, At safepoint: 33472 ns, Total: 194802 ns
[2025-12-02T05:19:37.178+0000][20.894s][debug][safepoint   ] Safepoint synchronization initiated using futex wait barrier. (26 threads)
[2025-12-02T05:19:37.178+0000][20.894s][info ][gc,start    ] GC(40) Pause Young (Normal) (G1 Evacuation Pause)
[2025-12-02T05:19:37.178+0000][20.894s][info ][gc,task     ] GC(40) Using 5 workers of 13 for evacuation
[2025-12-02T05:19:37.193+0000][20.910s][info ][gc,phases   ] GC(40)   Pre Evacuate Collection Set: 0.2ms
[2025-12-02T05:19:37.194+0000][20.910s][info ][gc,phases   ] GC(40)   Merge Heap Roots: 0.2ms
[2025-12-02T05:19:37.194+0000][20.910s][info ][gc,phases   ] GC(40)   Evacuate Collection Set: 13.3ms
[2025-12-02T05:19:37.194+0000][20.910s][info ][gc,phases   ] GC(40)   Post Evacuate Collection Set: 1.3ms
[2025-12-02T05:19:37.194+0000][20.910s][info ][gc,phases   ] GC(40)   Other: 0.1ms
[2025-12-02T05:19:37.194+0000][20.910s][info ][gc,heap     ] GC(40) Eden regions: 111->0(81)
[2025-12-02T05:19:37.194+0000][20.910s][info ][gc,heap     ] GC(40) Survivor regions: 10->16(16)
[2025-12-02T05:19:37.194+0000][20.910s][info ][gc,heap     ] GC(40) Old regions: 77->89
[2025-12-02T05:19:37.194+0000][20.910s][info ][gc,heap     ] GC(40) Archive regions: 2->2
[2025-12-02T05:19:37.194+0000][20.910s][info ][gc,heap     ] GC(40) Humongous regions: 1->1
[2025-12-02T05:19:37.194+0000][20.910s][info ][gc,metaspace] GC(40) Metaspace: 91452K(92032K)->91452K(92032K) NonClass: 79294K(79616K)->79294K(79616K) Class: 12158K(12416K)->12158K(12416K)
[2025-12-02T05:19:37.194+0000][20.910s][info ][gc          ] GC(40) Pause Young (Normal) (G1 Evacuation Pause) 198M->106M(234M) 15.233ms
[2025-12-02T05:19:37.194+0000][20.910s][info ][gc,cpu      ] GC(40) User=0.11s Sys=0.01s Real=0.02s
[2025-12-02T05:19:37.194+0000][20.910s][info ][safepoint   ] Safepoint "G1CollectForAllocation", Time since last: 117980465 ns, Reaching safepoint: 50644 ns, Cleanup: 28213 ns, At safepoint: 15365105 ns, Total: 15443962 ns
[2025-12-02T05:19:37.394+0000][21.110s][debug][safepoint   ] Safepoint synchronization initiated using futex wait barrier. (26 threads)
[2025-12-02T05:19:37.394+0000][21.110s][info ][gc,start    ] GC(41) Pause Young (Normal) (G1 Evacuation Pause)
[2025-12-02T05:19:37.394+0000][21.110s][info ][gc,task     ] GC(41) Using 5 workers of 13 for evacuation
[2025-12-02T05:19:37.404+0000][21.120s][info ][gc,phases   ] GC(41)   Pre Evacuate Collection Set: 0.2ms
[2025-12-02T05:19:37.404+0000][21.120s][info ][gc,phases   ] GC(41)   Merge Heap Roots: 0.1ms
[2025-12-02T05:19:37.404+0000][21.120s][info ][gc,phases   ] GC(41)   Evacuate Collection Set: 8.2ms
[2025-12-02T05:19:37.404+0000][21.120s][info ][gc,phases   ] GC(41)   Post Evacuate Collection Set: 1.1ms
[2025-12-02T05:19:37.404+0000][21.120s][info ][gc,phases   ] GC(41)   Other: 0.1ms
[2025-12-02T05:19:37.404+0000][21.120s][info ][gc,heap     ] GC(41) Eden regions: 81->0(82)
[2025-12-02T05:19:37.404+0000][21.120s][info ][gc,heap     ] GC(41) Survivor regions: 16->3(13)
[2025-12-02T05:19:37.404+0000][21.120s][info ][gc,heap     ] GC(41) Old regions: 89->105
[2025-12-02T05:19:37.404+0000][21.120s][info ][gc,heap     ] GC(41) Archive regions: 2->2
[2025-12-02T05:19:37.404+0000][21.120s][info ][gc,heap     ] GC(41) Humongous regions: 1->1
[2025-12-02T05:19:37.404+0000][21.120s][info ][gc,metaspace] GC(41) Metaspace: 93032K(93696K)->93032K(93696K) NonClass: 80539K(80896K)->80539K(80896K) Class: 12493K(12800K)->12493K(12800K)
[2025-12-02T05:19:37.404+0000][21.120s][info ][gc          ] GC(41) Pause Young (Normal) (G1 Evacuation Pause) 187M->109M(234M) 9.852ms
[2025-12-02T05:19:37.404+0000][21.120s][info ][gc,cpu      ] GC(41) User=0.06s Sys=0.00s Real=0.01s
[2025-12-02T05:19:37.404+0000][21.120s][info ][safepoint   ] Safepoint "G1CollectForAllocation", Time since last: 199951751 ns, Reaching safepoint: 53189 ns, Cleanup: 138668 ns, At safepoint: 9943126 ns, Total: 10134983 ns
[2025-12-02T05:19:37.587+0000][21.303s][debug][safepoint   ] Safepoint synchronization initiated using futex wait barrier. (24 threads)
[2025-12-02T05:19:37.587+0000][21.303s][info ][gc,start    ] GC(42) Pause Young (Normal) (G1 Evacuation Pause)
[2025-12-02T05:19:37.587+0000][21.303s][info ][gc,task     ] GC(42) Using 5 workers of 13 for evacuation
[2025-12-02T05:19:37.596+0000][21.312s][info ][gc,phases   ] GC(42)   Pre Evacuate Collection Set: 0.1ms
[2025-12-02T05:19:37.596+0000][21.312s][info ][gc,phases   ] GC(42)   Merge Heap Roots: 0.1ms
[2025-12-02T05:19:37.596+0000][21.312s][info ][gc,phases   ] GC(42)   Evacuate Collection Set: 7.7ms
[2025-12-02T05:19:37.596+0000][21.312s][info ][gc,phases   ] GC(42)   Post Evacuate Collection Set: 1.0ms
[2025-12-02T05:19:37.596+0000][21.312s][info ][gc,phases   ] GC(42)   Other: 0.1ms
[2025-12-02T05:19:37.596+0000][21.312s][info ][gc,heap     ] GC(42) Eden regions: 82->0(62)
[2025-12-02T05:19:37.596+0000][21.312s][info ][gc,heap     ] GC(42) Survivor regions: 3->11(11)
[2025-12-02T05:19:37.596+0000][21.312s][info ][gc,heap     ] GC(42) Old regions: 105->110
[2025-12-02T05:19:37.596+0000][21.312s][info ][gc,heap     ] GC(42) Archive regions: 2->2
[2025-12-02T05:19:37.596+0000][21.312s][info ][gc,heap     ] GC(42) Humongous regions: 1->1
[2025-12-02T05:19:37.596+0000][21.312s][info ][gc,metaspace] GC(42) Metaspace: 93225K(93824K)->93225K(93824K) NonClass: 80689K(81024K)->80689K(81024K) Class: 12536K(12800K)->12536K(12800K)
[2025-12-02T05:19:37.596+0000][21.312s][info ][gc          ] GC(42) Pause Young (Normal) (G1 Evacuation Pause) 191M->122M(234M) 9.114ms
[2025-12-02T05:19:37.596+0000][21.312s][info ][gc,cpu      ] GC(42) User=0.05s Sys=0.00s Real=0.01s
[2025-12-02T05:19:37.596+0000][21.312s][info ][safepoint   ] Safepoint "G1CollectForAllocation", Time since last: 183029158 ns, Reaching safepoint: 52197 ns, Cleanup: 36258 ns, At safepoint: 9218663 ns, Total: 9307118 ns
[2025-12-02T05:19:37.711+0000][21.427s][debug][safepoint   ] Safepoint synchronization initiated using futex wait barrier. (24 threads)
[2025-12-02T05:19:37.711+0000][21.427s][info ][gc,start    ] GC(43) Pause Young (Normal) (G1 Evacuation Pause)
[2025-12-02T05:19:37.711+0000][21.427s][info ][gc,task     ] GC(43) Using 5 workers of 13 for evacuation
[2025-12-02T05:19:37.738+0000][21.454s][info ][gc,phases   ] GC(43)   Pre Evacuate Collection Set: 0.2ms
[2025-12-02T05:19:37.738+0000][21.454s][info ][gc,phases   ] GC(43)   Merge Heap Roots: 0.1ms
[2025-12-02T05:19:37.738+0000][21.454s][info ][gc,phases   ] GC(43)   Evacuate Collection Set: 25.2ms
[2025-12-02T05:19:37.738+0000][21.454s][info ][gc,phases   ] GC(43)   Post Evacuate Collection Set: 1.0ms
[2025-12-02T05:19:37.738+0000][21.454s][info ][gc,phases   ] GC(43)   Other: 0.1ms
[2025-12-02T05:19:37.738+0000][21.454s][info ][gc,heap     ] GC(43) Eden regions: 62->0(33)
[2025-12-02T05:19:37.738+0000][21.454s][info ][gc,heap     ] GC(43) Survivor regions: 11->10(10)
[2025-12-02T05:19:37.738+0000][21.454s][info ][gc,heap     ] GC(43) Old regions: 110->137
[2025-12-02T05:19:37.738+0000][21.454s][info ][gc,heap     ] GC(43) Archive regions: 2->2
[2025-12-02T05:19:37.738+0000][21.454s][info ][gc,heap     ] GC(43) Humongous regions: 4->4
[2025-12-02T05:19:37.738+0000][21.454s][info ][gc,metaspace] GC(43) Metaspace: 93225K(93824K)->93225K(93824K) NonClass: 80689K(81024K)->80689K(81024K) Class: 12536K(12800K)->12536K(12800K)
[2025-12-02T05:19:37.738+0000][21.454s][info ][gc          ] GC(43) Pause Young (Normal) (G1 Evacuation Pause) 187M->151M(234M) 26.816ms
[2025-12-02T05:19:37.738+0000][21.454s][info ][gc,cpu      ] GC(43) User=0.12s Sys=0.00s Real=0.03s
[2025-12-02T05:19:37.738+0000][21.454s][info ][safepoint   ] Safepoint "G1CollectForAllocation", Time since last: 115080870 ns, Reaching safepoint: 60031 ns, Cleanup: 13946 ns, At safepoint: 26915770 ns, Total: 26989747 ns
[2025-12-02T05:19:37.777+0000][21.493s][debug][safepoint   ] Safepoint synchronization initiated using futex wait barrier. (24 threads)
[2025-12-02T05:19:37.777+0000][21.493s][info ][gc,start    ] GC(44) Pause Young (Concurrent Start) (G1 Evacuation Pause)
[2025-12-02T05:19:37.777+0000][21.493s][info ][gc,task     ] GC(44) Using 5 workers of 13 for evacuation
[2025-12-02T05:19:37.800+0000][21.516s][info ][gc,phases   ] GC(44)   Pre Evacuate Collection Set: 0.3ms
[2025-12-02T05:19:37.800+0000][21.516s][info ][gc,phases   ] GC(44)   Merge Heap Roots: 0.2ms
[2025-12-02T05:19:37.800+0000][21.516s][info ][gc,phases   ] GC(44)   Evacuate Collection Set: 21.2ms
[2025-12-02T05:19:37.800+0000][21.516s][info ][gc,phases   ] GC(44)   Post Evacuate Collection Set: 0.8ms
[2025-12-02T05:19:37.800+0000][21.516s][info ][gc,phases   ] GC(44)   Other: 0.1ms
[2025-12-02T05:19:37.800+0000][21.516s][info ][gc,heap     ] GC(44) Eden regions: 33->0(23)
[2025-12-02T05:19:37.800+0000][21.516s][info ][gc,heap     ] GC(44) Survivor regions: 10->6(6)
[2025-12-02T05:19:37.800+0000][21.516s][info ][gc,heap     ] GC(44) Old regions: 137->154
[2025-12-02T05:19:37.800+0000][21.516s][info ][gc,heap     ] GC(44) Archive regions: 2->2
[2025-12-02T05:19:37.800+0000][21.516s][info ][gc,heap     ] GC(44) Humongous regions: 4->4
[2025-12-02T05:19:37.800+0000][21.516s][info ][gc,metaspace] GC(44) Metaspace: 93239K(93824K)->93239K(93824K) NonClass: 80703K(81024K)->80703K(81024K) Class: 12536K(12800K)->12536K(12800K)
[2025-12-02T05:19:37.800+0000][21.516s][info ][gc          ] GC(44) Pause Young (Concurrent Start) (G1 Evacuation Pause) 184M->164M(234M) 22.799ms
[2025-12-02T05:19:37.800+0000][21.516s][info ][gc,cpu      ] GC(44) User=0.11s Sys=0.01s Real=0.02s
[2025-12-02T05:19:37.800+0000][21.516s][info ][gc          ] GC(45) Concurrent Mark Cycle
[2025-12-02T05:19:37.800+0000][21.516s][info ][gc,marking  ] GC(45) Concurrent Clear Claimed Marks
[2025-12-02T05:19:37.800+0000][21.516s][info ][safepoint   ] Safepoint "G1CollectForAllocation", Time since last: 38951768 ns, Reaching safepoint: 54922 ns, Cleanup: 15549 ns, At safepoint: 22921248 ns, Total: 22991719 ns
[2025-12-02T05:19:37.800+0000][21.516s][info ][gc,marking  ] GC(45) Concurrent Clear Claimed Marks 0.086ms
[2025-12-02T05:19:37.800+0000][21.516s][info ][gc,marking  ] GC(45) Concurrent Scan Root Regions
[2025-12-02T05:19:37.804+0000][21.520s][info ][gc,marking  ] GC(45) Concurrent Scan Root Regions 3.912ms
[2025-12-02T05:19:37.804+0000][21.520s][info ][gc,marking  ] GC(45) Concurrent Mark
[2025-12-02T05:19:37.804+0000][21.520s][info ][gc,marking  ] GC(45) Concurrent Mark From Roots
[2025-12-02T05:19:37.804+0000][21.520s][info ][gc,task     ] GC(45) Using 3 workers of 3 for marking
[2025-12-02T05:19:37.839+0000][21.555s][debug][safepoint   ] Safepoint synchronization initiated using futex wait barrier. (24 threads)
[2025-12-02T05:19:37.839+0000][21.556s][info ][gc,start    ] GC(46) Pause Young (Normal) (G1 Evacuation Pause)
[2025-12-02T05:19:37.839+0000][21.556s][info ][gc,task     ] GC(46) Using 5 workers of 13 for evacuation
[2025-12-02T05:19:37.860+0000][21.576s][info ][gc,phases   ] GC(46)   Pre Evacuate Collection Set: 0.5ms
[2025-12-02T05:19:37.860+0000][21.576s][info ][gc,phases   ] GC(46)   Merge Heap Roots: 0.2ms
[2025-12-02T05:19:37.860+0000][21.576s][info ][gc,phases   ] GC(46)   Evacuate Collection Set: 12.2ms
[2025-12-02T05:19:37.860+0000][21.576s][info ][gc,phases   ] GC(46)   Post Evacuate Collection Set: 7.8ms
[2025-12-02T05:19:37.860+0000][21.576s][info ][gc,phases   ] GC(46)   Other: 0.1ms
[2025-12-02T05:19:37.860+0000][21.576s][info ][gc,heap     ] GC(46) Eden regions: 23->0(158)
[2025-12-02T05:19:37.860+0000][21.576s][info ][gc,heap     ] GC(46) Survivor regions: 6->4(4)
[2025-12-02T05:19:37.860+0000][21.576s][info ][gc,heap     ] GC(46) Old regions: 154->165
[2025-12-02T05:19:37.860+0000][21.576s][info ][gc,heap     ] GC(46) Archive regions: 2->2
[2025-12-02T05:19:37.860+0000][21.576s][info ][gc,heap     ] GC(46) Humongous regions: 5->5
[2025-12-02T05:19:37.860+0000][21.576s][info ][gc,metaspace] GC(46) Metaspace: 93239K(93824K)->93239K(93824K) NonClass: 80703K(81024K)->80703K(81024K) Class: 12536K(12800K)->12536K(12800K)
[2025-12-02T05:19:37.860+0000][21.577s][info ][gc          ] GC(46) Pause Young (Normal) (G1 Evacuation Pause) 188M->174M(509M) 20.979ms
[2025-12-02T05:19:37.860+0000][21.577s][info ][gc,cpu      ] GC(46) User=0.07s Sys=0.00s Real=0.02s
[2025-12-02T05:19:37.861+0000][21.577s][info ][safepoint   ] Safepoint "G1CollectForAllocation", Time since last: 39092413 ns, Reaching safepoint: 145460 ns, Cleanup: 3897 ns, At safepoint: 21161317 ns, Total: 21310674 ns
[2025-12-02T05:19:37.893+0000][21.609s][info ][gc,marking  ] GC(45) Concurrent Mark From Roots 89.111ms
[2025-12-02T05:19:37.893+0000][21.610s][info ][gc,marking  ] GC(45) Concurrent Preclean
[2025-12-02T05:19:37.894+0000][21.610s][info ][gc,marking  ] GC(45) Concurrent Preclean 0.373ms
[2025-12-02T05:19:37.894+0000][21.610s][debug][safepoint   ] Safepoint synchronization initiated using futex wait barrier. (24 threads)
[2025-12-02T05:19:37.894+0000][21.610s][info ][gc,start    ] GC(45) Pause Remark
[2025-12-02T05:19:37.900+0000][21.616s][info ][gc          ] GC(45) Pause Remark 182M->168M(509M) 6.280ms
[2025-12-02T05:19:37.900+0000][21.617s][info ][gc,cpu      ] GC(45) User=0.02s Sys=0.00s Real=0.00s
[2025-12-02T05:19:37.901+0000][21.617s][info ][safepoint   ] Safepoint "G1PauseRemark", Time since last: 33301487 ns, Reaching safepoint: 142194 ns, Cleanup: 4699 ns, At safepoint: 6526693 ns, Total: 6673586 ns
[2025-12-02T05:19:37.901+0000][21.617s][info ][gc,marking  ] GC(45) Concurrent Mark 96.424ms
[2025-12-02T05:19:37.901+0000][21.617s][info ][gc,marking  ] GC(45) Concurrent Rebuild Remembered Sets
[2025-12-02T05:19:37.942+0000][21.658s][info ][gc,marking  ] GC(45) Concurrent Rebuild Remembered Sets 40.927ms
[2025-12-02T05:19:37.942+0000][21.658s][debug][safepoint   ] Safepoint synchronization initiated using futex wait barrier. (24 threads)
[2025-12-02T05:19:37.942+0000][21.658s][info ][gc,start    ] GC(45) Pause Cleanup
[2025-12-02T05:19:37.942+0000][21.658s][info ][gc          ] GC(45) Pause Cleanup 177M->177M(509M) 0.263ms
[2025-12-02T05:19:37.942+0000][21.658s][info ][gc,cpu      ] GC(45) User=0.00s Sys=0.00s Real=0.00s
[2025-12-02T05:19:37.942+0000][21.658s][info ][safepoint   ] Safepoint "G1PauseCleanup", Time since last: 41206052 ns, Reaching safepoint: 126596 ns, Cleanup: 34514 ns, At safepoint: 381850 ns, Total: 542960 ns
[2025-12-02T05:19:37.942+0000][21.658s][info ][gc,marking  ] GC(45) Concurrent Cleanup for Next Mark
[2025-12-02T05:19:37.948+0000][21.664s][info ][gc,marking  ] GC(45) Concurrent Cleanup for Next Mark 5.461ms
[2025-12-02T05:19:37.948+0000][21.664s][info ][gc          ] GC(45) Concurrent Mark Cycle 147.783ms
[2025-12-02T05:19:38.775+0000][22.491s][debug][safepoint   ] Safepoint synchronization initiated using futex wait barrier. (23 threads)
[2025-12-02T05:19:38.775+0000][22.491s][info ][gc,start    ] GC(47) Pause Young (Prepare Mixed) (G1 Evacuation Pause)
[2025-12-02T05:19:38.775+0000][22.491s][info ][gc,task     ] GC(47) Using 12 workers of 13 for evacuation
[2025-12-02T05:19:38.790+0000][22.506s][info ][gc,phases   ] GC(47)   Pre Evacuate Collection Set: 0.3ms
[2025-12-02T05:19:38.790+0000][22.506s][info ][gc,phases   ] GC(47)   Merge Heap Roots: 0.3ms
[2025-12-02T05:19:38.790+0000][22.506s][info ][gc,phases   ] GC(47)   Evacuate Collection Set: 12.6ms
[2025-12-02T05:19:38.790+0000][22.506s][info ][gc,phases   ] GC(47)   Post Evacuate Collection Set: 1.4ms
[2025-12-02T05:19:38.790+0000][22.506s][info ][gc,phases   ] GC(47)   Other: 0.2ms
[2025-12-02T05:19:38.790+0000][22.506s][info ][gc,heap     ] GC(47) Eden regions: 158->0(13)
[2025-12-02T05:19:38.790+0000][22.506s][info ][gc,heap     ] GC(47) Survivor regions: 4->12(21)
[2025-12-02T05:19:38.790+0000][22.506s][info ][gc,heap     ] GC(47) Old regions: 155->155
[2025-12-02T05:19:38.790+0000][22.506s][info ][gc,heap     ] GC(47) Archive regions: 2->2
[2025-12-02T05:19:38.790+0000][22.506s][info ][gc,heap     ] GC(47) Humongous regions: 1->1
[2025-12-02T05:19:38.790+0000][22.506s][info ][gc,metaspace] GC(47) Metaspace: 96677K(97280K)->96677K(97280K) NonClass: 83580K(83904K)->83580K(83904K) Class: 13096K(13376K)->13096K(13376K)
[2025-12-02T05:19:38.790+0000][22.506s][info ][gc          ] GC(47) Pause Young (Prepare Mixed) (G1 Evacuation Pause) 318M->168M(509M) 14.872ms
[2025-12-02T05:19:38.790+0000][22.506s][info ][gc,cpu      ] GC(47) User=0.08s Sys=0.05s Real=0.01s
[2025-12-02T05:19:38.790+0000][22.506s][info ][safepoint   ] Safepoint "G1CollectForAllocation", Time since last: 832892321 ns, Reaching safepoint: 63899 ns, Cleanup: 78696 ns, At safepoint: 14972272 ns, Total: 15114867 ns
[2025-12-02T05:19:38.858+0000][22.574s][debug][safepoint   ] Safepoint synchronization initiated using futex wait barrier. (23 threads)
[2025-12-02T05:19:38.858+0000][22.575s][info ][gc,start    ] GC(48) Pause Young (Mixed) (G1 Evacuation Pause)
[2025-12-02T05:19:38.858+0000][22.575s][info ][gc,task     ] GC(48) Using 12 workers of 13 for evacuation
[2025-12-02T05:19:38.865+0000][22.581s][info ][gc,phases   ] GC(48)   Pre Evacuate Collection Set: 0.5ms
[2025-12-02T05:19:38.865+0000][22.581s][info ][gc,phases   ] GC(48)   Merge Heap Roots: 0.4ms
[2025-12-02T05:19:38.865+0000][22.581s][info ][gc,phases   ] GC(48)   Evacuate Collection Set: 4.2ms
[2025-12-02T05:19:38.865+0000][22.581s][info ][gc,phases   ] GC(48)   Post Evacuate Collection Set: 1.4ms
[2025-12-02T05:19:38.865+0000][22.581s][info ][gc,phases   ] GC(48)   Other: 0.2ms
[2025-12-02T05:19:38.865+0000][22.581s][info ][gc,heap     ] GC(48) Eden regions: 13->0(175)
[2025-12-02T05:19:38.865+0000][22.581s][info ][gc,heap     ] GC(48) Survivor regions: 12->2(4)
[2025-12-02T05:19:38.865+0000][22.581s][info ][gc,heap     ] GC(48) Old regions: 155->162
[2025-12-02T05:19:38.865+0000][22.581s][info ][gc,heap     ] GC(48) Archive regions: 2->2
[2025-12-02T05:19:38.865+0000][22.581s][info ][gc,heap     ] GC(48) Humongous regions: 1->1
[2025-12-02T05:19:38.865+0000][22.581s][info ][gc,metaspace] GC(48) Metaspace: 97040K(97664K)->97040K(97664K) NonClass: 83892K(84224K)->83892K(84224K) Class: 13147K(13440K)->13147K(13440K)
[2025-12-02T05:19:38.865+0000][22.581s][info ][gc          ] GC(48) Pause Young (Mixed) (G1 Evacuation Pause) 181M->165M(509M) 6.798ms
[2025-12-02T05:19:38.865+0000][22.581s][info ][gc,cpu      ] GC(48) User=0.06s Sys=0.00s Real=0.01s
[2025-12-02T05:19:38.865+0000][22.581s][info ][safepoint   ] Safepoint "G1CollectForAllocation", Time since last: 67934478 ns, Reaching safepoint: 70481 ns, Cleanup: 67996 ns, At safepoint: 6899427 ns, Total: 7037904 ns
[2025-12-02T05:19:39.506+0000][23.222s][debug][safepoint   ] Safepoint synchronization initiated using futex wait barrier. (26 threads)
[2025-12-02T05:19:39.506+0000][23.222s][info ][safepoint   ] Safepoint "ICBufferFull", Time since last: 640317091 ns, Reaching safepoint: 78316 ns, Cleanup: 301761 ns, At safepoint: 35556 ns, Total: 415633 ns
[2025-12-02T05:19:40.073+0000][23.789s][debug][safepoint   ] Safepoint synchronization initiated using futex wait barrier. (27 threads)
[2025-12-02T05:19:40.074+0000][23.790s][info ][gc,start    ] GC(49) Pause Young (Normal) (G1 Evacuation Pause)
[2025-12-02T05:19:40.074+0000][23.790s][info ][gc,task     ] GC(49) Using 12 workers of 13 for evacuation
[2025-12-02T05:19:40.082+0000][23.798s][info ][gc,phases   ] GC(49)   Pre Evacuate Collection Set: 0.3ms
[2025-12-02T05:19:40.082+0000][23.798s][info ][gc,phases   ] GC(49)   Merge Heap Roots: 0.3ms
[2025-12-02T05:19:40.082+0000][23.798s][info ][gc,phases   ] GC(49)   Evacuate Collection Set: 6.1ms
[2025-12-02T05:19:40.082+0000][23.798s][info ][gc,phases   ] GC(49)   Post Evacuate Collection Set: 1.8ms
[2025-12-02T05:19:40.082+0000][23.798s][info ][gc,phases   ] GC(49)   Other: 0.1ms
[2025-12-02T05:19:40.082+0000][23.798s][info ][gc,heap     ] GC(49) Eden regions: 175->0(201)
[2025-12-02T05:19:40.082+0000][23.798s][info ][gc,heap     ] GC(49) Survivor regions: 2->7(23)
[2025-12-02T05:19:40.082+0000][23.798s][info ][gc,heap     ] GC(49) Old regions: 162->162
[2025-12-02T05:19:40.082+0000][23.798s][info ][gc,heap     ] GC(49) Archive regions: 2->2
[2025-12-02T05:19:40.082+0000][23.798s][info ][gc,heap     ] GC(49) Humongous regions: 1->1
[2025-12-02T05:19:40.082+0000][23.798s][info ][gc,metaspace] GC(49) Metaspace: 102407K(103040K)->102407K(103040K) NonClass: 88749K(89088K)->88749K(89088K) Class: 13658K(13952K)->13658K(13952K)
[2025-12-02T05:19:40.082+0000][23.798s][info ][gc          ] GC(49) Pause Young (Normal) (G1 Evacuation Pause) 340M->169M(509M) 8.726ms
[2025-12-02T05:19:40.082+0000][23.798s][info ][gc,cpu      ] GC(49) User=0.05s Sys=0.03s Real=0.01s
[2025-12-02T05:19:40.082+0000][23.799s][info ][safepoint   ] Safepoint "G1CollectForAllocation", Time since last: 567360513 ns, Reaching safepoint: 53700 ns, Cleanup: 115345 ns, At safepoint: 8913026 ns, Total: 9082071 ns
[2025-12-02T05:19:41.103+0000][24.819s][debug][safepoint   ] Safepoint synchronization initiated using futex wait barrier. (31 threads)
[2025-12-02T05:19:41.104+0000][24.820s][info ][safepoint   ] Safepoint "ICBufferFull", Time since last: 1020825878 ns, Reaching safepoint: 40686 ns, Cleanup: 132727 ns, At safepoint: 38331 ns, Total: 211744 ns
[2025-12-02T05:19:41.325+0000][25.041s][debug][safepoint   ] Safepoint synchronization initiated using futex wait barrier. (30 threads)
[2025-12-02T05:19:41.325+0000][25.041s][info ][gc,start    ] GC(50) Pause Young (Normal) (G1 Evacuation Pause)
[2025-12-02T05:19:41.325+0000][25.041s][info ][gc,task     ] GC(50) Using 13 workers of 13 for evacuation
[2025-12-02T05:19:41.339+0000][25.055s][info ][gc,phases   ] GC(50)   Pre Evacuate Collection Set: 0.5ms
[2025-12-02T05:19:41.339+0000][25.055s][info ][gc,phases   ] GC(50)   Merge Heap Roots: 0.3ms
[2025-12-02T05:19:41.339+0000][25.055s][info ][gc,phases   ] GC(50)   Evacuate Collection Set: 11.1ms
[2025-12-02T05:19:41.339+0000][25.055s][info ][gc,phases   ] GC(50)   Post Evacuate Collection Set: 1.9ms
[2025-12-02T05:19:41.339+0000][25.055s][info ][gc,phases   ] GC(50)   Other: 0.2ms
[2025-12-02T05:19:41.339+0000][25.055s][info ][gc,heap     ] GC(50) Eden regions: 201->0(209)
[2025-12-02T05:19:41.339+0000][25.055s][info ][gc,heap     ] GC(50) Survivor regions: 7->11(26)
[2025-12-02T05:19:41.339+0000][25.055s][info ][gc,heap     ] GC(50) Old regions: 162->162
[2025-12-02T05:19:41.339+0000][25.055s][info ][gc,heap     ] GC(50) Archive regions: 2->2
[2025-12-02T05:19:41.339+0000][25.055s][info ][gc,heap     ] GC(50) Humongous regions: 1->1
[2025-12-02T05:19:41.339+0000][25.055s][info ][gc,metaspace] GC(50) Metaspace: 107981K(108608K)->107981K(108608K) NonClass: 93712K(94016K)->93712K(94016K) Class: 14268K(14592K)->14268K(14592K)
[2025-12-02T05:19:41.339+0000][25.055s][info ][gc          ] GC(50) Pause Young (Normal) (G1 Evacuation Pause) 370M->174M(509M) 14.053ms
[2025-12-02T05:19:41.339+0000][25.055s][info ][gc,cpu      ] GC(50) User=0.09s Sys=0.07s Real=0.01s
[2025-12-02T05:19:41.339+0000][25.055s][info ][safepoint   ] Safepoint "G1CollectForAllocation", Time since last: 221211711 ns, Reaching safepoint: 61935 ns, Cleanup: 29515 ns, At safepoint: 14172037 ns, Total: 14263487 ns
[2025-12-02T05:19:42.520+0000][26.237s][debug][safepoint   ] Safepoint synchronization initiated using futex wait barrier. (41 threads)
[2025-12-02T05:19:42.521+0000][26.237s][info ][safepoint   ] Safepoint "ICBufferFull", Time since last: 1181513562 ns, Reaching safepoint: 54412 ns, Cleanup: 137505 ns, At safepoint: 24806 ns, Total: 216723 ns
[2025-12-02T05:19:42.591+0000][26.307s][debug][safepoint   ] Safepoint synchronization initiated using futex wait barrier. (41 threads)
[2025-12-02T05:19:42.591+0000][26.307s][info ][gc,start    ] GC(51) Pause Young (Normal) (G1 Evacuation Pause)
[2025-12-02T05:19:42.591+0000][26.307s][info ][gc,task     ] GC(51) Using 13 workers of 13 for evacuation
[2025-12-02T05:19:42.626+0000][26.342s][info ][gc,phases   ] GC(51)   Pre Evacuate Collection Set: 0.5ms
[2025-12-02T05:19:42.626+0000][26.342s][info ][gc,phases   ] GC(51)   Merge Heap Roots: 0.4ms
[2025-12-02T05:19:42.626+0000][26.342s][info ][gc,phases   ] GC(51)   Evacuate Collection Set: 30.8ms
[2025-12-02T05:19:42.626+0000][26.342s][info ][gc,phases   ] GC(51)   Post Evacuate Collection Set: 2.6ms
[2025-12-02T05:19:42.626+0000][26.342s][info ][gc,phases   ] GC(51)   Other: 0.2ms
[2025-12-02T05:19:42.626+0000][26.342s][info ][gc,heap     ] GC(51) Eden regions: 209->0(218)
[2025-12-02T05:19:42.626+0000][26.342s][info ][gc,heap     ] GC(51) Survivor regions: 11->16(28)
[2025-12-02T05:19:42.626+0000][26.342s][info ][gc,heap     ] GC(51) Old regions: 162->162
[2025-12-02T05:19:42.626+0000][26.342s][info ][gc,heap     ] GC(51) Archive regions: 2->2
[2025-12-02T05:19:42.626+0000][26.342s][info ][gc,heap     ] GC(51) Humongous regions: 1->1
[2025-12-02T05:19:42.626+0000][26.342s][info ][gc,metaspace] GC(51) Metaspace: 112788K(113536K)->112788K(113536K) NonClass: 98061K(98432K)->98061K(98432K) Class: 14726K(15104K)->14726K(15104K)
[2025-12-02T05:19:42.626+0000][26.342s][info ][gc          ] GC(51) Pause Young (Normal) (G1 Evacuation Pause) 383M->179M(509M) 34.623ms
[2025-12-02T05:19:42.626+0000][26.342s][info ][gc,cpu      ] GC(51) User=0.25s Sys=0.14s Real=0.04s
[2025-12-02T05:19:42.626+0000][26.342s][info ][safepoint   ] Safepoint "G1CollectForAllocation", Time since last: 70595677 ns, Reaching safepoint: 58719 ns, Cleanup: 15930 ns, At safepoint: 34879154 ns, Total: 34953803 ns
[2025-12-02T05:19:43.198+0000][26.914s][debug][safepoint   ] Safepoint synchronization initiated using futex wait barrier. (42 threads)
[2025-12-02T05:19:43.198+0000][26.914s][info ][safepoint   ] Safepoint "ICBufferFull", Time since last: 571659046 ns, Reaching safepoint: 61485 ns, Cleanup: 184022 ns, At safepoint: 160198 ns, Total: 405705 ns
[2025-12-02T05:19:43.870+0000][27.586s][debug][safepoint   ] Safepoint synchronization initiated using futex wait barrier. (46 threads)
[2025-12-02T05:19:43.870+0000][27.586s][info ][gc,start    ] GC(52) Pause Young (Normal) (G1 Evacuation Pause)
[2025-12-02T05:19:43.870+0000][27.586s][info ][gc,task     ] GC(52) Using 13 workers of 13 for evacuation
[2025-12-02T05:19:43.888+0000][27.604s][info ][gc,phases   ] GC(52)   Pre Evacuate Collection Set: 0.5ms
[2025-12-02T05:19:43.888+0000][27.604s][info ][gc,phases   ] GC(52)   Merge Heap Roots: 0.3ms
[2025-12-02T05:19:43.888+0000][27.604s][info ][gc,phases   ] GC(52)   Evacuate Collection Set: 14.6ms
[2025-12-02T05:19:43.888+0000][27.604s][info ][gc,phases   ] GC(52)   Post Evacuate Collection Set: 2.3ms
[2025-12-02T05:19:43.888+0000][27.604s][info ][gc,phases   ] GC(52)   Other: 0.2ms
[2025-12-02T05:19:43.888+0000][27.604s][info ][gc,heap     ] GC(52) Eden regions: 218->0(221)
[2025-12-02T05:19:43.888+0000][27.604s][info ][gc,heap     ] GC(52) Survivor regions: 16->22(30)
[2025-12-02T05:19:43.888+0000][27.604s][info ][gc,heap     ] GC(52) Old regions: 162->163
[2025-12-02T05:19:43.888+0000][27.604s][info ][gc,heap     ] GC(52) Archive regions: 2->2
[2025-12-02T05:19:43.888+0000][27.604s][info ][gc,heap     ] GC(52) Humongous regions: 1->1
[2025-12-02T05:19:43.888+0000][27.604s][info ][gc,metaspace] GC(52) Metaspace: 118522K(119232K)->118522K(119232K) NonClass: 103198K(103552K)->103198K(103552K) Class: 15323K(15680K)->15323K(15680K)
[2025-12-02T05:19:43.888+0000][27.604s][info ][gc          ] GC(52) Pause Young (Normal) (G1 Evacuation Pause) 397M->185M(509M) 17.945ms
[2025-12-02T05:19:43.888+0000][27.604s][info ][gc,cpu      ] GC(52) User=0.15s Sys=0.06s Real=0.02s
[2025-12-02T05:19:43.888+0000][27.604s][info ][safepoint   ] Safepoint "G1CollectForAllocation", Time since last: 671352358 ns, Reaching safepoint: 75100 ns, Cleanup: 117218 ns, At safepoint: 18184402 ns, Total: 18376720 ns
[2025-12-02T05:19:44.270+0000][27.986s][debug][safepoint   ] Safepoint synchronization initiated using futex wait barrier. (46 threads)
[2025-12-02T05:19:44.270+0000][27.986s][info ][safepoint   ] Safepoint "ICBufferFull", Time since last: 381978080 ns, Reaching safepoint: 43370 ns, Cleanup: 124802 ns, At safepoint: 33583 ns, Total: 201755 ns
[2025-12-02T05:19:44.629+0000][28.345s][debug][safepoint   ] Safepoint synchronization initiated using futex wait barrier. (46 threads)
[2025-12-02T05:19:44.630+0000][28.346s][info ][safepoint   ] Safepoint "ICBufferFull", Time since last: 358945544 ns, Reaching safepoint: 67346 ns, Cleanup: 239265 ns, At safepoint: 24305 ns, Total: 330916 ns
[2025-12-02T05:19:45.493+0000][29.209s][debug][safepoint   ] Safepoint synchronization initiated using futex wait barrier. (44 threads)
[2025-12-02T05:19:45.493+0000][29.209s][info ][gc,start    ] GC(53) Pause Young (Normal) (G1 Evacuation Pause)
[2025-12-02T05:19:45.493+0000][29.209s][info ][gc,task     ] GC(53) Using 13 workers of 13 for evacuation
[2025-12-02T05:19:45.507+0000][29.223s][info ][gc,phases   ] GC(53)   Pre Evacuate Collection Set: 0.4ms
[2025-12-02T05:19:45.507+0000][29.223s][info ][gc,phases   ] GC(53)   Merge Heap Roots: 0.3ms
[2025-12-02T05:19:45.507+0000][29.223s][info ][gc,phases   ] GC(53)   Evacuate Collection Set: 10.8ms
[2025-12-02T05:19:45.507+0000][29.223s][info ][gc,phases   ] GC(53)   Post Evacuate Collection Set: 2.4ms
[2025-12-02T05:19:45.507+0000][29.223s][info ][gc,phases   ] GC(53)   Other: 0.1ms
[2025-12-02T05:19:45.507+0000][29.223s][info ][gc,heap     ] GC(53) Eden regions: 221->0(227)
[2025-12-02T05:19:45.507+0000][29.223s][info ][gc,heap     ] GC(53) Survivor regions: 22->15(31)
[2025-12-02T05:19:45.507+0000][29.223s][info ][gc,heap     ] GC(53) Old regions: 163->172
[2025-12-02T05:19:45.507+0000][29.223s][info ][gc,heap     ] GC(53) Archive regions: 2->2
[2025-12-02T05:19:45.507+0000][29.223s][info ][gc,heap     ] GC(53) Humongous regions: 1->1
[2025-12-02T05:19:45.507+0000][29.223s][info ][gc,metaspace] GC(53) Metaspace: 122761K(123520K)->122761K(123520K) NonClass: 107017K(107392K)->107017K(107392K) Class: 15743K(16128K)->15743K(16128K)
[2025-12-02T05:19:45.507+0000][29.223s][info ][gc          ] GC(53) Pause Young (Normal) (G1 Evacuation Pause) 406M->187M(509M) 14.155ms
[2025-12-02T05:19:45.507+0000][29.223s][info ][gc,cpu      ] GC(53) User=0.08s Sys=0.01s Real=0.01s
[2025-12-02T05:19:45.507+0000][29.224s][info ][safepoint   ] Safepoint "G1CollectForAllocation", Time since last: 863331311 ns, Reaching safepoint: 64730 ns, Cleanup: 211103 ns, At safepoint: 14382640 ns, Total: 14658473 ns
[2025-12-02T05:19:46.523+0000][30.240s][debug][safepoint   ] Safepoint synchronization initiated using futex wait barrier. (48 threads)
[2025-12-02T05:19:46.524+0000][30.240s][info ][safepoint   ] Safepoint "Cleanup", Time since last: 1015968894 ns, Reaching safepoint: 144589 ns, Cleanup: 137666 ns, At safepoint: 23523 ns, Total: 305778 ns
[2025-12-02T05:19:47.159+0000][30.875s][debug][safepoint   ] Safepoint synchronization initiated using futex wait barrier. (55 threads)
[2025-12-02T05:19:47.159+0000][30.875s][info ][gc,start    ] GC(54) Pause Young (Normal) (G1 Evacuation Pause)
[2025-12-02T05:19:47.159+0000][30.875s][info ][gc,task     ] GC(54) Using 13 workers of 13 for evacuation
[2025-12-02T05:19:47.182+0000][30.899s][info ][gc,phases   ] GC(54)   Pre Evacuate Collection Set: 0.3ms
[2025-12-02T05:19:47.183+0000][30.899s][info ][gc,phases   ] GC(54)   Merge Heap Roots: 0.4ms
[2025-12-02T05:19:47.183+0000][30.899s][info ][gc,phases   ] GC(54)   Evacuate Collection Set: 19.3ms
[2025-12-02T05:19:47.183+0000][30.899s][info ][gc,phases   ] GC(54)   Post Evacuate Collection Set: 3.2ms
[2025-12-02T05:19:47.183+0000][30.899s][info ][gc,phases   ] GC(54)   Other: 0.2ms
[2025-12-02T05:19:47.183+0000][30.899s][info ][gc,heap     ] GC(54) Eden regions: 227->0(225)
[2025-12-02T05:19:47.183+0000][30.899s][info ][gc,heap     ] GC(54) Survivor regions: 15->21(31)
[2025-12-02T05:19:47.183+0000][30.899s][info ][gc,heap     ] GC(54) Old regions: 172->172
[2025-12-02T05:19:47.183+0000][30.899s][info ][gc,heap     ] GC(54) Archive regions: 2->2
[2025-12-02T05:19:47.183+0000][30.899s][info ][gc,heap     ] GC(54) Humongous regions: 2->1
[2025-12-02T05:19:47.183+0000][30.899s][info ][gc,metaspace] GC(54) Metaspace: 133910K(134976K)->133910K(134976K) NonClass: 116902K(117440K)->116902K(117440K) Class: 17007K(17536K)->17007K(17536K)
[2025-12-02T05:19:47.183+0000][30.899s][info ][gc          ] GC(54) Pause Young (Normal) (G1 Evacuation Pause) 415M->193M(509M) 23.526ms
[2025-12-02T05:19:47.183+0000][30.899s][info ][gc,cpu      ] GC(54) User=0.07s Sys=0.05s Real=0.03s
[2025-12-02T05:19:47.183+0000][30.899s][info ][safepoint   ] Safepoint "G1CollectForAllocation", Time since last: 635191200 ns, Reaching safepoint: 65672 ns, Cleanup: 65392 ns, At safepoint: 23741469 ns, Total: 23872533 ns
[2025-12-02T05:19:47.841+0000][31.557s][debug][safepoint   ] Safepoint synchronization initiated using futex wait barrier. (61 threads)
[2025-12-02T05:19:47.842+0000][31.558s][info ][safepoint   ] Safepoint "ICBufferFull", Time since last: 658308748 ns, Reaching safepoint: 178442 ns, Cleanup: 147685 ns, At safepoint: 61223 ns, Total: 387350 ns
[2025-12-02T05:19:48.730+0000][32.446s][debug][safepoint   ] Safepoint synchronization initiated using futex wait barrier. (61 threads)
[2025-12-02T05:19:48.730+0000][32.446s][info ][gc,start    ] GC(55) Pause Young (Normal) (G1 Evacuation Pause)
[2025-12-02T05:19:48.730+0000][32.446s][info ][gc,task     ] GC(55) Using 13 workers of 13 for evacuation
[2025-12-02T05:19:48.748+0000][32.464s][info ][gc,phases   ] GC(55)   Pre Evacuate Collection Set: 0.4ms
[2025-12-02T05:19:48.748+0000][32.464s][info ][gc,phases   ] GC(55)   Merge Heap Roots: 0.3ms
[2025-12-02T05:19:48.748+0000][32.464s][info ][gc,phases   ] GC(55)   Evacuate Collection Set: 13.2ms
[2025-12-02T05:19:48.748+0000][32.464s][info ][gc,phases   ] GC(55)   Post Evacuate Collection Set: 3.2ms
[2025-12-02T05:19:48.748+0000][32.464s][info ][gc,phases   ] GC(55)   Other: 0.2ms
[2025-12-02T05:19:48.748+0000][32.464s][info ][gc,heap     ] GC(55) Eden regions: 225->0(221)
[2025-12-02T05:19:48.748+0000][32.464s][info ][gc,heap     ] GC(55) Survivor regions: 21->24(31)
[2025-12-02T05:19:48.748+0000][32.464s][info ][gc,heap     ] GC(55) Old regions: 172->176
[2025-12-02T05:19:48.748+0000][32.464s][info ][gc,heap     ] GC(55) Archive regions: 2->2
[2025-12-02T05:19:48.748+0000][32.464s][info ][gc,heap     ] GC(55) Humongous regions: 1->1
[2025-12-02T05:19:48.748+0000][32.464s][info ][gc,metaspace] GC(55) Metaspace: 138941K(140096K)->138941K(140096K) NonClass: 121667K(122304K)->121667K(122304K) Class: 17273K(17792K)->17273K(17792K)
[2025-12-02T05:19:48.748+0000][32.464s][info ][gc          ] GC(55) Pause Young (Normal) (G1 Evacuation Pause) 418M->201M(509M) 17.353ms
[2025-12-02T05:19:48.748+0000][32.464s][info ][gc,cpu      ] GC(55) User=0.13s Sys=0.06s Real=0.02s
[2025-12-02T05:19:48.748+0000][32.464s][info ][safepoint   ] Safepoint "G1CollectForAllocation", Time since last: 888627490 ns, Reaching safepoint: 52748 ns, Cleanup: 90829 ns, At safepoint: 17747035 ns, Total: 17890612 ns
[2025-12-02T05:19:49.748+0000][33.464s][debug][safepoint   ] Safepoint synchronization initiated using futex wait barrier. (60 threads)
[2025-12-02T05:19:49.748+0000][33.465s][info ][safepoint   ] Safepoint "Cleanup", Time since last: 1000180791 ns, Reaching safepoint: 92372 ns, Cleanup: 91430 ns, At safepoint: 34524 ns, Total: 218326 ns
[2025-12-02T05:19:49.920+0000][33.636s][debug][safepoint   ] Safepoint synchronization initiated using futex wait barrier. (59 threads)
[2025-12-02T05:19:49.920+0000][33.636s][info ][gc,start    ] GC(56) Pause Young (Normal) (G1 Evacuation Pause)
[2025-12-02T05:19:49.920+0000][33.636s][info ][gc,task     ] GC(56) Using 13 workers of 13 for evacuation
[2025-12-02T05:19:49.930+0000][33.646s][info ][gc,phases   ] GC(56)   Pre Evacuate Collection Set: 0.3ms
[2025-12-02T05:19:49.930+0000][33.646s][info ][gc,phases   ] GC(56)   Merge Heap Roots: 0.3ms
[2025-12-02T05:19:49.930+0000][33.646s][info ][gc,phases   ] GC(56)   Evacuate Collection Set: 6.9ms
[2025-12-02T05:19:49.930+0000][33.646s][info ][gc,phases   ] GC(56)   Post Evacuate Collection Set: 2.0ms
[2025-12-02T05:19:49.930+0000][33.646s][info ][gc,phases   ] GC(56)   Other: 0.1ms
[2025-12-02T05:19:49.930+0000][33.646s][info ][gc,heap     ] GC(56) Eden regions: 221->0(217)
[2025-12-02T05:19:49.930+0000][33.646s][info ][gc,heap     ] GC(56) Survivor regions: 24->23(31)
[2025-12-02T05:19:49.930+0000][33.646s][info ][gc,heap     ] GC(56) Old regions: 176->184
[2025-12-02T05:19:49.930+0000][33.646s][info ][gc,heap     ] GC(56) Archive regions: 2->2
[2025-12-02T05:19:49.930+0000][33.646s][info ][gc,heap     ] GC(56) Humongous regions: 1->1
[2025-12-02T05:19:49.930+0000][33.646s][info ][gc,metaspace] GC(56) Metaspace: 143690K(144896K)->143690K(144896K) NonClass: 126176K(126784K)->126176K(126784K) Class: 17514K(18112K)->17514K(18112K)
[2025-12-02T05:19:49.930+0000][33.646s][info ][gc          ] GC(56) Pause Young (Normal) (G1 Evacuation Pause) 422M->208M(509M) 9.735ms
[2025-12-02T05:19:49.930+0000][33.646s][info ][gc,cpu      ] GC(56) User=0.08s Sys=0.02s Real=0.01s
[2025-12-02T05:19:49.930+0000][33.646s][info ][safepoint   ] Safepoint "G1CollectForAllocation", Time since last: 171734355 ns, Reaching safepoint: 47058 ns, Cleanup: 10719 ns, At safepoint: 9803226 ns, Total: 9861003 ns
[2025-12-02T05:19:50.410+0000][34.126s][info ][cds,heap    ] initialize_from_archived_subgraph jdk.internal.math.FDBigInteger 0x00007013af14dd58
[2025-12-02T05:19:51.102+0000][34.818s][debug][safepoint   ] Safepoint synchronization initiated using futex wait barrier. (81 threads)
[2025-12-02T05:19:51.102+0000][34.818s][info ][safepoint   ] Safepoint "ICBufferFull", Time since last: 1171692191 ns, Reaching safepoint: 43461 ns, Cleanup: 130383 ns, At safepoint: 29935 ns, Total: 203779 ns
[2025-12-02T05:19:51.255+0000][34.971s][debug][safepoint   ] Safepoint synchronization initiated using futex wait barrier. (81 threads)
[2025-12-02T05:19:51.256+0000][34.972s][info ][gc,start    ] GC(57) Pause Young (Normal) (G1 Evacuation Pause)
[2025-12-02T05:19:51.256+0000][34.972s][info ][gc,task     ] GC(57) Using 13 workers of 13 for evacuation
[2025-12-02T05:19:51.267+0000][34.983s][info ][gc,phases   ] GC(57)   Pre Evacuate Collection Set: 0.5ms
[2025-12-02T05:19:51.267+0000][34.983s][info ][gc,phases   ] GC(57)   Merge Heap Roots: 0.4ms
[2025-12-02T05:19:51.267+0000][34.983s][info ][gc,phases   ] GC(57)   Evacuate Collection Set: 8.2ms
[2025-12-02T05:19:51.267+0000][34.983s][info ][gc,phases   ] GC(57)   Post Evacuate Collection Set: 2.4ms
[2025-12-02T05:19:51.267+0000][34.983s][info ][gc,phases   ] GC(57)   Other: 0.1ms
[2025-12-02T05:19:51.267+0000][34.983s][info ][gc,heap     ] GC(57) Eden regions: 217->0(216)
[2025-12-02T05:19:51.267+0000][34.983s][info ][gc,heap     ] GC(57) Survivor regions: 23->21(30)
[2025-12-02T05:19:51.267+0000][34.983s][info ][gc,heap     ] GC(57) Old regions: 184->191
[2025-12-02T05:19:51.267+0000][34.983s][info ][gc,heap     ] GC(57) Archive regions: 2->2
[2025-12-02T05:19:51.267+0000][34.983s][info ][gc,heap     ] GC(57) Humongous regions: 1->1
[2025-12-02T05:19:51.267+0000][34.983s][info ][gc,metaspace] GC(57) Metaspace: 152025K(153088K)->152025K(153088K) NonClass: 133543K(134080K)->133543K(134080K) Class: 18482K(19008K)->18482K(19008K)
[2025-12-02T05:19:51.267+0000][34.983s][info ][gc          ] GC(57) Pause Young (Normal) (G1 Evacuation Pause) 425M->213M(509M) 11.715ms
[2025-12-02T05:19:51.267+0000][34.983s][info ][gc,cpu      ] GC(57) User=0.10s Sys=0.00s Real=0.01s
[2025-12-02T05:19:51.268+0000][34.984s][info ][safepoint   ] Safepoint "G1CollectForAllocation", Time since last: 153458456 ns, Reaching safepoint: 49122 ns, Cleanup: 40625 ns, At safepoint: 12025853 ns, Total: 12115600 ns
[2025-12-02T05:19:52.104+0000][35.821s][debug][safepoint   ] Safepoint synchronization initiated using futex wait barrier. (81 threads)
[2025-12-02T05:19:52.105+0000][35.821s][info ][safepoint   ] Safepoint "ICBufferFull", Time since last: 836966022 ns, Reaching safepoint: 61915 ns, Cleanup: 177389 ns, At safepoint: 32060 ns, Total: 271364 ns
[2025-12-02T05:19:52.126+0000][35.842s][debug][safepoint   ] Safepoint synchronization initiated using futex wait barrier. (81 threads)
[2025-12-02T05:19:52.126+0000][35.842s][info ][gc,start    ] GC(58) Pause Young (Normal) (G1 Evacuation Pause)
[2025-12-02T05:19:52.126+0000][35.842s][info ][gc,task     ] GC(58) Using 13 workers of 13 for evacuation
[2025-12-02T05:19:52.136+0000][35.852s][info ][gc,phases   ] GC(58)   Pre Evacuate Collection Set: 0.6ms
[2025-12-02T05:19:52.136+0000][35.852s][info ][gc,phases   ] GC(58)   Merge Heap Roots: 0.5ms
[2025-12-02T05:19:52.136+0000][35.852s][info ][gc,phases   ] GC(58)   Evacuate Collection Set: 7.2ms
[2025-12-02T05:19:52.136+0000][35.852s][info ][gc,phases   ] GC(58)   Post Evacuate Collection Set: 2.3ms
[2025-12-02T05:19:52.136+0000][35.852s][info ][gc,phases   ] GC(58)   Other: 0.2ms
[2025-12-02T05:19:52.136+0000][35.852s][info ][gc,heap     ] GC(58) Eden regions: 216->0(213)
[2025-12-02T05:19:52.136+0000][35.852s][info ][gc,heap     ] GC(58) Survivor regions: 21->19(30)
[2025-12-02T05:19:52.136+0000][35.852s][info ][gc,heap     ] GC(58) Old regions: 191->198
[2025-12-02T05:19:52.136+0000][35.852s][info ][gc,heap     ] GC(58) Archive regions: 2->2
[2025-12-02T05:19:52.136+0000][35.852s][info ][gc,heap     ] GC(58) Humongous regions: 1->1
[2025-12-02T05:19:52.136+0000][35.852s][info ][gc,metaspace] GC(58) Metaspace: 154384K(155584K)->154384K(155584K) NonClass: 135575K(136192K)->135575K(136192K) Class: 18808K(19392K)->18808K(19392K)
[2025-12-02T05:19:52.136+0000][35.852s][info ][gc          ] GC(58) Pause Young (Normal) (G1 Evacuation Pause) 429M->218M(509M) 10.750ms
[2025-12-02T05:19:52.136+0000][35.853s][info ][gc,cpu      ] GC(58) User=0.09s Sys=0.00s Real=0.01s
[2025-12-02T05:19:52.136+0000][35.853s][info ][safepoint   ] Safepoint "G1CollectForAllocation", Time since last: 20761659 ns, Reaching safepoint: 74990 ns, Cleanup: 24586 ns, At safepoint: 10873818 ns, Total: 10973394 ns
[2025-12-02T05:19:52.534+0000][36.250s][debug][safepoint   ] Safepoint synchronization initiated using futex wait barrier. (81 threads)
[2025-12-02T05:19:52.534+0000][36.250s][info ][gc,start    ] GC(59) Pause Young (Concurrent Start) (Metadata GC Threshold)
[2025-12-02T05:19:52.534+0000][36.250s][info ][gc,task     ] GC(59) Using 13 workers of 13 for evacuation
[2025-12-02T05:19:52.548+0000][36.264s][info ][gc,phases   ] GC(59)   Pre Evacuate Collection Set: 0.6ms
[2025-12-02T05:19:52.548+0000][36.264s][info ][gc,phases   ] GC(59)   Merge Heap Roots: 0.3ms
[2025-12-02T05:19:52.548+0000][36.264s][info ][gc,phases   ] GC(59)   Evacuate Collection Set: 9.3ms
[2025-12-02T05:19:52.548+0000][36.264s][info ][gc,phases   ] GC(59)   Post Evacuate Collection Set: 2.6ms
[2025-12-02T05:19:52.548+0000][36.264s][info ][gc,phases   ] GC(59)   Other: 0.7ms
[2025-12-02T05:19:52.548+0000][36.264s][info ][gc,heap     ] GC(59) Eden regions: 94->0(194)
[2025-12-02T05:19:52.548+0000][36.264s][info ][gc,heap     ] GC(59) Survivor regions: 19->14(29)
[2025-12-02T05:19:52.548+0000][36.264s][info ][gc,heap     ] GC(59) Old regions: 198->206
[2025-12-02T05:19:52.548+0000][36.264s][info ][gc,heap     ] GC(59) Archive regions: 2->2
[2025-12-02T05:19:52.548+0000][36.264s][info ][gc,heap     ] GC(59) Humongous regions: 1->1
[2025-12-02T05:19:52.548+0000][36.264s][info ][gc,metaspace] GC(59) Metaspace: 155293K(156416K)->155293K(156416K) NonClass: 136318K(136896K)->136318K(136896K) Class: 18975K(19520K)->18975K(19520K)
[2025-12-02T05:19:52.548+0000][36.264s][info ][gc          ] GC(59) Pause Young (Concurrent Start) (Metadata GC Threshold) 312M->220M(509M) 13.493ms
[2025-12-02T05:19:52.548+0000][36.264s][info ][gc,cpu      ] GC(59) User=0.07s Sys=0.00s Real=0.01s
[2025-12-02T05:19:52.548+0000][36.264s][info ][gc          ] GC(60) Concurrent Mark Cycle
[2025-12-02T05:19:52.548+0000][36.264s][info ][gc,marking  ] GC(60) Concurrent Clear Claimed Marks
[2025-12-02T05:19:52.548+0000][36.264s][info ][safepoint   ] Safepoint "CollectForMetadataAllocation", Time since last: 397556947 ns, Reaching safepoint: 47037 ns, Cleanup: 69008 ns, At safepoint: 13671327 ns, Total: 13787372 ns
[2025-12-02T05:19:52.548+0000][36.264s][info ][gc,marking  ] GC(60) Concurrent Clear Claimed Marks 0.206ms
[2025-12-02T05:19:52.548+0000][36.264s][info ][gc,marking  ] GC(60) Concurrent Scan Root Regions
[2025-12-02T05:19:52.555+0000][36.271s][info ][gc,marking  ] GC(60) Concurrent Scan Root Regions 7.320ms
[2025-12-02T05:19:52.555+0000][36.272s][info ][gc,marking  ] GC(60) Concurrent Mark
[2025-12-02T05:19:52.555+0000][36.272s][info ][gc,marking  ] GC(60) Concurrent Mark From Roots
[2025-12-02T05:19:52.555+0000][36.272s][info ][gc,task     ] GC(60) Using 3 workers of 3 for marking
[2025-12-02T05:19:52.619+0000][36.335s][info ][gc,marking  ] GC(60) Concurrent Mark From Roots 63.212ms
[2025-12-02T05:19:52.619+0000][36.335s][info ][gc,marking  ] GC(60) Concurrent Preclean
[2025-12-02T05:19:52.619+0000][36.335s][info ][gc,marking  ] GC(60) Concurrent Preclean 0.266ms
[2025-12-02T05:19:52.619+0000][36.335s][debug][safepoint   ] Safepoint synchronization initiated using futex wait barrier. (81 threads)
[2025-12-02T05:19:52.619+0000][36.335s][info ][gc,start    ] GC(60) Pause Remark
[2025-12-02T05:19:52.626+0000][36.342s][info ][gc          ] GC(60) Pause Remark 231M->194M(509M) 7.104ms
[2025-12-02T05:19:52.626+0000][36.342s][info ][gc,cpu      ] GC(60) User=0.04s Sys=0.01s Real=0.01s
[2025-12-02T05:19:52.627+0000][36.343s][info ][safepoint   ] Safepoint "G1PauseRemark", Time since last: 71196196 ns, Reaching safepoint: 21130 ns, Cleanup: 52888 ns, At safepoint: 7466061 ns, Total: 7540079 ns
[2025-12-02T05:19:52.627+0000][36.343s][info ][gc,marking  ] GC(60) Concurrent Mark 71.208ms
[2025-12-02T05:19:52.627+0000][36.343s][info ][gc,marking  ] GC(60) Concurrent Rebuild Remembered Sets
[2025-12-02T05:19:52.673+0000][36.389s][info ][gc,marking  ] GC(60) Concurrent Rebuild Remembered Sets 46.617ms
[2025-12-02T05:19:52.673+0000][36.389s][debug][safepoint   ] Safepoint synchronization initiated using futex wait barrier. (81 threads)
[2025-12-02T05:19:52.674+0000][36.390s][info ][gc,start    ] GC(60) Pause Cleanup
[2025-12-02T05:19:52.674+0000][36.390s][info ][gc          ] GC(60) Pause Cleanup 203M->203M(509M) 0.375ms
[2025-12-02T05:19:52.674+0000][36.390s][info ][gc,cpu      ] GC(60) User=0.00s Sys=0.00s Real=0.00s
[2025-12-02T05:19:52.674+0000][36.390s][info ][safepoint   ] Safepoint "G1PauseCleanup", Time since last: 46820666 ns, Reaching safepoint: 117759 ns, Cleanup: 2966 ns, At safepoint: 483489 ns, Total: 604214 ns
[2025-12-02T05:19:52.674+0000][36.390s][info ][gc,marking  ] GC(60) Concurrent Cleanup for Next Mark
[2025-12-02T05:19:52.678+0000][36.394s][info ][gc,marking  ] GC(60) Concurrent Cleanup for Next Mark 3.505ms
[2025-12-02T05:19:52.678+0000][36.394s][info ][gc          ] GC(60) Concurrent Mark Cycle 129.787ms
[2025-12-02T05:19:53.484+0000][37.200s][debug][safepoint   ] Safepoint synchronization initiated using futex wait barrier. (81 threads)
[2025-12-02T05:19:53.484+0000][37.201s][info ][gc,start    ] GC(61) Pause Young (Prepare Mixed) (G1 Evacuation Pause)
[2025-12-02T05:19:53.484+0000][37.201s][info ][gc,task     ] GC(61) Using 13 workers of 13 for evacuation
[2025-12-02T05:19:53.493+0000][37.209s][info ][gc,phases   ] GC(61)   Pre Evacuate Collection Set: 0.7ms
[2025-12-02T05:19:53.493+0000][37.209s][info ][gc,phases   ] GC(61)   Merge Heap Roots: 0.3ms
[2025-12-02T05:19:53.493+0000][37.209s][info ][gc,phases   ] GC(61)   Evacuate Collection Set: 5.2ms
[2025-12-02T05:19:53.493+0000][37.209s][info ][gc,phases   ] GC(61)   Post Evacuate Collection Set: 2.1ms
[2025-12-02T05:19:53.493+0000][37.209s][info ][gc,phases   ] GC(61)   Other: 0.1ms
[2025-12-02T05:19:53.493+0000][37.209s][info ][gc,heap     ] GC(61) Eden regions: 194->0(9)
[2025-12-02T05:19:53.493+0000][37.209s][info ][gc,heap     ] GC(61) Survivor regions: 14->16(26)
[2025-12-02T05:19:53.493+0000][37.209s][info ][gc,heap     ] GC(61) Old regions: 170->170
[2025-12-02T05:19:53.493+0000][37.209s][info ][gc,heap     ] GC(61) Archive regions: 2->2
[2025-12-02T05:19:53.493+0000][37.209s][info ][gc,heap     ] GC(61) Humongous regions: 0->0
[2025-12-02T05:19:53.493+0000][37.209s][info ][gc,metaspace] GC(61) Metaspace: 157947K(159104K)->157947K(159104K) NonClass: 138557K(139136K)->138557K(139136K) Class: 19389K(19968K)->19389K(19968K)
[2025-12-02T05:19:53.493+0000][37.209s][info ][gc          ] GC(61) Pause Young (Prepare Mixed) (G1 Evacuation Pause) 377M->186M(509M) 8.690ms
[2025-12-02T05:19:53.493+0000][37.209s][info ][gc,cpu      ] GC(61) User=0.06s Sys=0.01s Real=0.01s
[2025-12-02T05:19:53.493+0000][37.209s][info ][safepoint   ] Safepoint "G1CollectForAllocation", Time since last: 810299078 ns, Reaching safepoint: 46927 ns, Cleanup: 108422 ns, At safepoint: 8837650 ns, Total: 8992999 ns
[2025-12-02T05:19:53.540+0000][37.256s][debug][safepoint   ] Safepoint synchronization initiated using futex wait barrier. (81 threads)
[2025-12-02T05:19:53.540+0000][37.256s][info ][gc,start    ] GC(62) Pause Young (Mixed) (G1 Evacuation Pause)
[2025-12-02T05:19:53.540+0000][37.256s][info ][gc,task     ] GC(62) Using 13 workers of 13 for evacuation
[2025-12-02T05:19:53.548+0000][37.264s][info ][gc,phases   ] GC(62)   Pre Evacuate Collection Set: 0.3ms
[2025-12-02T05:19:53.548+0000][37.264s][info ][gc,phases   ] GC(62)   Merge Heap Roots: 0.3ms
[2025-12-02T05:19:53.548+0000][37.264s][info ][gc,phases   ] GC(62)   Evacuate Collection Set: 6.2ms
[2025-12-02T05:19:53.548+0000][37.264s][info ][gc,phases   ] GC(62)   Post Evacuate Collection Set: 1.6ms
[2025-12-02T05:19:53.548+0000][37.264s][info ][gc,phases   ] GC(62)   Other: 0.1ms
[2025-12-02T05:19:53.548+0000][37.264s][info ][gc,heap     ] GC(62) Eden regions: 9->0(248)
[2025-12-02T05:19:53.548+0000][37.264s][info ][gc,heap     ] GC(62) Survivor regions: 16->3(4)
[2025-12-02T05:19:53.548+0000][37.264s][info ][gc,heap     ] GC(62) Old regions: 170->160
[2025-12-02T05:19:53.548+0000][37.264s][info ][gc,heap     ] GC(62) Archive regions: 2->2
[2025-12-02T05:19:53.548+0000][37.264s][info ][gc,heap     ] GC(62) Humongous regions: 0->0
[2025-12-02T05:19:53.548+0000][37.264s][info ][gc,metaspace] GC(62) Metaspace: 158041K(159168K)->158041K(159168K) NonClass: 138637K(139200K)->138637K(139200K) Class: 19403K(19968K)->19403K(19968K)
[2025-12-02T05:19:53.548+0000][37.264s][info ][gc          ] GC(62) Pause Young (Mixed) (G1 Evacuation Pause) 195M->162M(509M) 8.628ms
[2025-12-02T05:19:53.548+0000][37.264s][info ][gc,cpu      ] GC(62) User=0.07s Sys=0.00s Real=0.01s
[2025-12-02T05:19:53.548+0000][37.265s][info ][safepoint   ] Safepoint "G1CollectForAllocation", Time since last: 46336237 ns, Reaching safepoint: 43992 ns, Cleanup: 50855 ns, At safepoint: 8784617 ns, Total: 8879464 ns
[2025-12-02T05:19:54.241+0000][37.957s][debug][safepoint   ] Safepoint synchronization initiated using futex wait barrier. (97 threads)
[2025-12-02T05:19:54.241+0000][37.957s][info ][safepoint   ] Safepoint "ICBufferFull", Time since last: 692318255 ns, Reaching safepoint: 59711 ns, Cleanup: 207766 ns, At safepoint: 23113 ns, Total: 290590 ns
[2025-12-02T05:19:54.992+0000][38.708s][debug][safepoint   ] Safepoint synchronization initiated using futex wait barrier. (143 threads)
[2025-12-02T05:19:54.992+0000][38.709s][info ][gc,start    ] GC(63) Pause Young (Normal) (G1 Evacuation Pause)
[2025-12-02T05:19:54.993+0000][38.709s][info ][gc,task     ] GC(63) Using 13 workers of 13 for evacuation
[2025-12-02T05:19:54.999+0000][38.716s][info ][gc,phases   ] GC(63)   Pre Evacuate Collection Set: 0.4ms
[2025-12-02T05:19:55.000+0000][38.716s][info ][gc,phases   ] GC(63)   Merge Heap Roots: 0.4ms
[2025-12-02T05:19:55.000+0000][38.716s][info ][gc,phases   ] GC(63)   Evacuate Collection Set: 3.9ms
[2025-12-02T05:19:55.000+0000][38.716s][info ][gc,phases   ] GC(63)   Post Evacuate Collection Set: 2.1ms
[2025-12-02T05:19:55.000+0000][38.716s][info ][gc,phases   ] GC(63)   Other: 0.2ms
[2025-12-02T05:19:55.000+0000][38.716s][info ][gc,heap     ] GC(63) Eden regions: 248->0(251)
[2025-12-02T05:19:55.000+0000][38.716s][info ][gc,heap     ] GC(63) Survivor regions: 3->7(32)
[2025-12-02T05:19:55.000+0000][38.716s][info ][gc,heap     ] GC(63) Old regions: 160->160
[2025-12-02T05:19:55.000+0000][38.716s][info ][gc,heap     ] GC(63) Archive regions: 2->2
[2025-12-02T05:19:55.000+0000][38.716s][info ][gc,heap     ] GC(63) Humongous regions: 0->0
[2025-12-02T05:19:55.000+0000][38.716s][info ][gc,metaspace] GC(63) Metaspace: 162441K(163712K)->162441K(163712K) NonClass: 142338K(142976K)->142338K(142976K) Class: 20103K(20736K)->20103K(20736K)
[2025-12-02T05:19:55.000+0000][38.716s][info ][gc          ] GC(63) Pause Young (Normal) (G1 Evacuation Pause) 410M->166M(509M) 7.180ms
[2025-12-02T05:19:55.000+0000][38.716s][info ][gc,cpu      ] GC(63) User=0.06s Sys=0.02s Real=0.01s
[2025-12-02T05:19:55.000+0000][38.716s][info ][safepoint   ] Safepoint "G1CollectForAllocation", Time since last: 751027973 ns, Reaching safepoint: 179494 ns, Cleanup: 112920 ns, At safepoint: 7423801 ns, Total: 7716215 ns
[2025-12-02T05:19:55.575+0000][39.291s][debug][safepoint   ] Safepoint synchronization initiated using futex wait barrier. (142 threads)
[2025-12-02T05:19:55.575+0000][39.291s][info ][gc,start    ] GC(64) Pause Young (Normal) (G1 Evacuation Pause)
[2025-12-02T05:19:55.575+0000][39.291s][info ][gc,task     ] GC(64) Using 13 workers of 13 for evacuation
[2025-12-02T05:19:55.606+0000][39.322s][info ][gc,phases   ] GC(64)   Pre Evacuate Collection Set: 0.6ms
[2025-12-02T05:19:55.606+0000][39.322s][info ][gc,phases   ] GC(64)   Merge Heap Roots: 0.3ms
[2025-12-02T05:19:55.606+0000][39.322s][info ][gc,phases   ] GC(64)   Evacuate Collection Set: 27.0ms
[2025-12-02T05:19:55.606+0000][39.322s][info ][gc,phases   ] GC(64)   Post Evacuate Collection Set: 2.5ms
[2025-12-02T05:19:55.606+0000][39.322s][info ][gc,phases   ] GC(64)   Other: 0.3ms
[2025-12-02T05:19:55.606+0000][39.322s][info ][gc,heap     ] GC(64) Eden regions: 251->0(201)
[2025-12-02T05:19:55.606+0000][39.322s][info ][gc,heap     ] GC(64) Survivor regions: 7->33(33)
[2025-12-02T05:19:55.606+0000][39.322s][info ][gc,heap     ] GC(64) Old regions: 160->166
[2025-12-02T05:19:55.606+0000][39.322s][info ][gc,heap     ] GC(64) Archive regions: 2->2
[2025-12-02T05:19:55.606+0000][39.322s][info ][gc,heap     ] GC(64) Humongous regions: 1->1
[2025-12-02T05:19:55.606+0000][39.322s][info ][gc,metaspace] GC(64) Metaspace: 165748K(166976K)->165748K(166976K) NonClass: 145299K(145920K)->145299K(145920K) Class: 20449K(21056K)->20449K(21056K)
[2025-12-02T05:19:55.606+0000][39.322s][info ][gc          ] GC(64) Pause Young (Normal) (G1 Evacuation Pause) 418M->200M(509M) 30.719ms
[2025-12-02T05:19:55.606+0000][39.322s][info ][gc,cpu      ] GC(64) User=0.23s Sys=0.13s Real=0.03s
[2025-12-02T05:19:55.607+0000][39.323s][info ][safepoint   ] Safepoint "G1CollectForAllocation", Time since last: 574536765 ns, Reaching safepoint: 202136 ns, Cleanup: 275642 ns, At safepoint: 31556936 ns, Total: 32034714 ns
[2025-12-02T05:19:55.919+0000][39.635s][debug][safepoint   ] Safepoint synchronization initiated using futex wait barrier. (140 threads)
[2025-12-02T05:19:55.919+0000][39.635s][info ][gc,start    ] GC(65) Pause Young (Normal) (G1 Evacuation Pause)
[2025-12-02T05:19:55.919+0000][39.635s][info ][gc,task     ] GC(65) Using 13 workers of 13 for evacuation
[2025-12-02T05:19:55.939+0000][39.655s][info ][gc,phases   ] GC(65)   Pre Evacuate Collection Set: 0.4ms
[2025-12-02T05:19:55.939+0000][39.655s][info ][gc,phases   ] GC(65)   Merge Heap Roots: 0.3ms
[2025-12-02T05:19:55.939+0000][39.655s][info ][gc,phases   ] GC(65)   Evacuate Collection Set: 17.1ms
[2025-12-02T05:19:55.939+0000][39.655s][info ][gc,phases   ] GC(65)   Post Evacuate Collection Set: 1.7ms
[2025-12-02T05:19:55.939+0000][39.655s][info ][gc,phases   ] GC(65)   Other: 0.1ms
[2025-12-02T05:19:55.939+0000][39.655s][info ][gc,heap     ] GC(65) Eden regions: 201->0(158)
[2025-12-02T05:19:55.939+0000][39.655s][info ][gc,heap     ] GC(65) Survivor regions: 33->30(30)
[2025-12-02T05:19:55.939+0000][39.655s][info ][gc,heap     ] GC(65) Old regions: 166->207
[2025-12-02T05:19:55.939+0000][39.655s][info ][gc,heap     ] GC(65) Archive regions: 2->2
[2025-12-02T05:19:55.939+0000][39.655s][info ][gc,heap     ] GC(65) Humongous regions: 4->4
[2025-12-02T05:19:55.939+0000][39.655s][info ][gc,metaspace] GC(65) Metaspace: 166792K(168064K)->166792K(168064K) NonClass: 146210K(146880K)->146210K(146880K) Class: 20582K(21184K)->20582K(21184K)
[2025-12-02T05:19:55.939+0000][39.655s][info ][gc          ] GC(65) Pause Young (Normal) (G1 Evacuation Pause) 404M->241M(509M) 19.711ms
[2025-12-02T05:19:55.939+0000][39.655s][info ][gc,cpu      ] GC(65) User=0.22s Sys=0.01s Real=0.02s
[2025-12-02T05:19:55.940+0000][39.656s][info ][safepoint   ] Safepoint "G1CollectForAllocation", Time since last: 312700334 ns, Reaching safepoint: 64280 ns, Cleanup: 35526 ns, At safepoint: 20249843 ns, Total: 20349649 ns
[2025-12-02T05:19:56.197+0000][39.913s][debug][safepoint   ] Safepoint synchronization initiated using futex wait barrier. (148 threads)
[2025-12-02T05:19:56.202+0000][39.918s][info ][safepoint   ] Safepoint "ICBufferFull", Time since last: 257755842 ns, Reaching safepoint: 4467186 ns, Cleanup: 171118 ns, At safepoint: 239646 ns, Total: 4877950 ns
[2025-12-02T05:19:56.238+0000][39.954s][debug][safepoint   ] Safepoint synchronization initiated using futex wait barrier. (148 threads)
[2025-12-02T05:19:56.238+0000][39.954s][info ][gc,start    ] GC(66) Pause Young (Normal) (G1 Evacuation Pause)
[2025-12-02T05:19:56.238+0000][39.954s][info ][gc,task     ] GC(66) Using 13 workers of 13 for evacuation
[2025-12-02T05:19:56.254+0000][39.970s][info ][gc,phases   ] GC(66)   Pre Evacuate Collection Set: 0.4ms
[2025-12-02T05:19:56.254+0000][39.970s][info ][gc,phases   ] GC(66)   Merge Heap Roots: 0.8ms
[2025-12-02T05:19:56.254+0000][39.970s][info ][gc,phases   ] GC(66)   Evacuate Collection Set: 12.7ms
[2025-12-02T05:19:56.254+0000][39.970s][info ][gc,phases   ] GC(66)   Post Evacuate Collection Set: 2.1ms
[2025-12-02T05:19:56.254+0000][39.970s][info ][gc,phases   ] GC(66)   Other: 0.2ms
[2025-12-02T05:19:56.254+0000][39.970s][info ][gc,heap     ] GC(66) Eden regions: 158->0(157)
[2025-12-02T05:19:56.254+0000][39.970s][info ][gc,heap     ] GC(66) Survivor regions: 30->7(24)
[2025-12-02T05:19:56.254+0000][39.970s][info ][gc,heap     ] GC(66) Old regions: 207->240
[2025-12-02T05:19:56.254+0000][39.970s][info ][gc,heap     ] GC(66) Archive regions: 2->2
[2025-12-02T05:19:56.254+0000][39.970s][info ][gc,heap     ] GC(66) Humongous regions: 4->4
[2025-12-02T05:19:56.254+0000][39.970s][info ][gc,metaspace] GC(66) Metaspace: 169689K(170944K)->169689K(170944K) NonClass: 148746K(149376K)->148746K(149376K) Class: 20942K(21568K)->20942K(21568K)
[2025-12-02T05:19:56.254+0000][39.970s][info ][gc          ] GC(66) Pause Young (Normal) (G1 Evacuation Pause) 399M->251M(509M) 16.408ms
[2025-12-02T05:19:56.255+0000][39.971s][info ][gc,cpu      ] GC(66) User=0.17s Sys=0.01s Real=0.02s
[2025-12-02T05:19:56.255+0000][39.971s][info ][safepoint   ] Safepoint "G1CollectForAllocation", Time since last: 35635562 ns, Reaching safepoint: 61444 ns, Cleanup: 79809 ns, At safepoint: 17123485 ns, Total: 17264738 ns
[2025-12-02T05:19:56.463+0000][40.179s][debug][safepoint   ] Safepoint synchronization initiated using futex wait barrier. (209 threads)
[2025-12-02T05:19:56.463+0000][40.179s][debug][safepoint   ] ... found polling page loop exception at pc = 0x0000701419684c82, stub =0x0000701418a04400
[2025-12-02T05:19:56.464+0000][40.180s][info ][safepoint   ] Safepoint "ICBufferFull", Time since last: 204975912 ns, Reaching safepoint: 3370487 ns, Cleanup: 216473 ns, At safepoint: 279840 ns, Total: 3866800 ns
[2025-12-02T05:19:56.466+0000][40.182s][debug][safepoint   ] Safepoint synchronization initiated using futex wait barrier. (212 threads)
[2025-12-02T05:19:56.468+0000][40.184s][info ][safepoint   ] Safepoint "ICBufferFull", Time since last: 476646 ns, Reaching safepoint: 1950757 ns, Cleanup: 19276 ns, At safepoint: 1584981 ns, Total: 3555014 ns
[2025-12-02T05:19:56.582+0000][40.298s][debug][safepoint   ] Safepoint synchronization initiated using futex wait barrier. (233 threads)
[2025-12-02T05:19:56.583+0000][40.299s][info ][gc,start    ] GC(67) Pause Young (Normal) (G1 Evacuation Pause)
[2025-12-02T05:19:56.583+0000][40.299s][info ][gc,task     ] GC(67) Using 13 workers of 13 for evacuation
[2025-12-02T05:19:56.594+0000][40.310s][info ][gc,phases   ] GC(67)   Pre Evacuate Collection Set: 0.6ms
[2025-12-02T05:19:56.594+0000][40.310s][info ][gc,phases   ] GC(67)   Merge Heap Roots: 0.4ms
[2025-12-02T05:19:56.594+0000][40.310s][info ][gc,phases   ] GC(67)   Evacuate Collection Set: 4.4ms
[2025-12-02T05:19:56.594+0000][40.310s][info ][gc,phases   ] GC(67)   Post Evacuate Collection Set: 6.0ms
[2025-12-02T05:19:56.594+0000][40.310s][info ][gc,phases   ] GC(67)   Other: 0.3ms
[2025-12-02T05:19:56.594+0000][40.310s][info ][gc,heap     ] GC(67) Eden regions: 157->0(260)
[2025-12-02T05:19:56.594+0000][40.310s][info ][gc,heap     ] GC(67) Survivor regions: 7->11(21)
[2025-12-02T05:19:56.594+0000][40.310s][info ][gc,heap     ] GC(67) Old regions: 240->240
[2025-12-02T05:19:56.594+0000][40.310s][info ][gc,heap     ] GC(67) Archive regions: 2->2
[2025-12-02T05:19:56.594+0000][40.310s][info ][gc,heap     ] GC(67) Humongous regions: 4->4
[2025-12-02T05:19:56.595+0000][40.310s][info ][gc,metaspace] GC(67) Metaspace: 174020K(175296K)->174020K(175296K) NonClass: 152535K(153216K)->152535K(153216K) Class: 21484K(22080K)->21484K(22080K)
[2025-12-02T05:19:56.595+0000][40.310s][info ][gc          ] GC(67) Pause Young (Normal) (G1 Evacuation Pause) 408M->255M(642M) 11.738ms
[2025-12-02T05:19:56.595+0000][40.311s][info ][gc,cpu      ] GC(67) User=0.06s Sys=0.01s Real=0.01s
[2025-12-02T05:19:56.595+0000][40.311s][info ][safepoint   ] Safepoint "G1CollectForAllocation", Time since last: 114271034 ns, Reaching safepoint: 419239 ns, Cleanup: 32961 ns, At safepoint: 12402489 ns, Total: 12854689 ns
[2025-12-02T05:19:56.677+0000][40.393s][debug][safepoint   ] ... found polling page loop exception at pc = 0x0000701419684c82, stub =0x0000701418a04400
[2025-12-02T05:19:56.692+0000][40.408s][debug][safepoint   ] ... found polling page loop exception at pc = 0x0000701419b7796c, stub =0x0000701418a04400
[2025-12-02T05:19:57.293+0000][41.009s][debug][safepoint   ] Safepoint synchronization initiated using futex wait barrier. (245 threads)
[2025-12-02T05:19:57.294+0000][41.010s][info ][gc,start    ] GC(68) Pause Young (Normal) (G1 Evacuation Pause)
[2025-12-02T05:19:57.294+0000][41.010s][info ][gc,task     ] GC(68) Using 13 workers of 13 for evacuation
[2025-12-02T05:19:57.305+0000][41.021s][info ][gc,phases   ] GC(68)   Pre Evacuate Collection Set: 0.5ms
[2025-12-02T05:19:57.305+0000][41.021s][info ][gc,phases   ] GC(68)   Merge Heap Roots: 0.3ms
[2025-12-02T05:19:57.305+0000][41.021s][info ][gc,phases   ] GC(68)   Evacuate Collection Set: 8.6ms
[2025-12-02T05:19:57.305+0000][41.021s][info ][gc,phases   ] GC(68)   Post Evacuate Collection Set: 2.0ms
[2025-12-02T05:19:57.305+0000][41.021s][info ][gc,phases   ] GC(68)   Other: 0.3ms
[2025-12-02T05:19:57.305+0000][41.021s][info ][gc,heap     ] GC(68) Eden regions: 260->0(237)
[2025-12-02T05:19:57.305+0000][41.021s][info ][gc,heap     ] GC(68) Survivor regions: 11->29(34)
[2025-12-02T05:19:57.305+0000][41.021s][info ][gc,heap     ] GC(68) Old regions: 240->240
[2025-12-02T05:19:57.305+0000][41.021s][info ][gc,heap     ] GC(68) Archive regions: 2->2
[2025-12-02T05:19:57.305+0000][41.021s][info ][gc,heap     ] GC(68) Humongous regions: 5->5
[2025-12-02T05:19:57.305+0000][41.021s][info ][gc,metaspace] GC(68) Metaspace: 176830K(178112K)->176830K(178112K) NonClass: 154974K(155648K)->154974K(155648K) Class: 21855K(22464K)->21855K(22464K)
[2025-12-02T05:19:57.305+0000][41.021s][info ][gc          ] GC(68) Pause Young (Normal) (G1 Evacuation Pause) 516M->274M(642M) 11.808ms
[2025-12-02T05:19:57.305+0000][41.021s][info ][gc,cpu      ] GC(68) User=0.12s Sys=0.00s Real=0.01s
[2025-12-02T05:19:57.307+0000][41.023s][info ][safepoint   ] Safepoint "G1CollectForAllocation", Time since last: 698203155 ns, Reaching safepoint: 62366 ns, Cleanup: 127797 ns, At safepoint: 13216081 ns, Total: 13406244 ns
[2025-12-02T05:19:57.693+0000][41.409s][debug][safepoint   ] Safepoint synchronization initiated using futex wait barrier. (244 threads)
[2025-12-02T05:19:57.694+0000][41.410s][info ][safepoint   ] Safepoint "ICBufferFull", Time since last: 386393340 ns, Reaching safepoint: 367012 ns, Cleanup: 160178 ns, At safepoint: 210962 ns, Total: 738152 ns
[2025-12-02T05:19:57.694+0000][41.410s][debug][safepoint   ] Safepoint synchronization initiated using futex wait barrier. (244 threads)
[2025-12-02T05:19:57.695+0000][41.410s][info ][safepoint   ] Safepoint "ICBufferFull", Time since last: 259192 ns, Reaching safepoint: 250040 ns, Cleanup: 13034 ns, At safepoint: 125473 ns, Total: 388547 ns
[2025-12-02T05:19:57.695+0000][41.411s][debug][safepoint   ] Safepoint synchronization initiated using futex wait barrier. (244 threads)
[2025-12-02T05:19:57.695+0000][41.411s][info ][safepoint   ] Safepoint "ICBufferFull", Time since last: 232317 ns, Reaching safepoint: 39624 ns, Cleanup: 7654 ns, At safepoint: 123390 ns, Total: 170668 ns
[2025-12-02T05:19:57.900+0000][41.616s][debug][safepoint   ] Safepoint synchronization initiated using futex wait barrier. (257 threads)
[2025-12-02T05:19:57.900+0000][41.616s][debug][safepoint   ] ... found polling page loop exception at pc = 0x0000701411f33b62, stub =0x0000701418a04400
[2025-12-02T05:19:57.901+0000][41.617s][info ][safepoint   ] Safepoint "ICBufferFull", Time since last: 205131493 ns, Reaching safepoint: 412622 ns, Cleanup: 225655 ns, At safepoint: 501853 ns, Total: 1140130 ns
[2025-12-02T05:19:57.936+0000][41.652s][debug][safepoint   ] ... found polling page loop exception at pc = 0x000070141929c7ad, stub =0x0000701418a04400
[2025-12-02T05:19:57.948+0000][41.664s][debug][safepoint   ] Safepoint synchronization initiated using futex wait barrier. (257 threads)
[2025-12-02T05:19:57.948+0000][41.664s][info ][gc,start    ] GC(69) Pause Young (Normal) (G1 Evacuation Pause)
[2025-12-02T05:19:57.948+0000][41.664s][info ][gc,task     ] GC(69) Using 13 workers of 13 for evacuation
[2025-12-02T05:19:57.962+0000][41.678s][info ][gc,phases   ] GC(69)   Pre Evacuate Collection Set: 0.4ms
[2025-12-02T05:19:57.962+0000][41.678s][info ][gc,phases   ] GC(69)   Merge Heap Roots: 0.3ms
[2025-12-02T05:19:57.962+0000][41.678s][info ][gc,phases   ] GC(69)   Evacuate Collection Set: 11.0ms
[2025-12-02T05:19:57.962+0000][41.678s][info ][gc,phases   ] GC(69)   Post Evacuate Collection Set: 2.1ms
[2025-12-02T05:19:57.962+0000][41.678s][info ][gc,phases   ] GC(69)   Other: 0.4ms
[2025-12-02T05:19:57.962+0000][41.678s][info ][gc,heap     ] GC(69) Eden regions: 237->0(217)
[2025-12-02T05:19:57.962+0000][41.678s][info ][gc,heap     ] GC(69) Survivor regions: 29->22(34)
[2025-12-02T05:19:57.962+0000][41.678s][info ][gc,heap     ] GC(69) Old regions: 240->268
[2025-12-02T05:19:57.962+0000][41.678s][info ][gc,heap     ] GC(69) Archive regions: 2->2
[2025-12-02T05:19:57.962+0000][41.678s][info ][gc,heap     ] GC(69) Humongous regions: 7->7
[2025-12-02T05:19:57.962+0000][41.678s][info ][gc,metaspace] GC(69) Metaspace: 179577K(180928K)->179577K(180928K) NonClass: 157449K(158144K)->157449K(158144K) Class: 22128K(22784K)->22128K(22784K)
[2025-12-02T05:19:57.962+0000][41.678s][info ][gc          ] GC(69) Pause Young (Normal) (G1 Evacuation Pause) 513M->297M(642M) 14.416ms
[2025-12-02T05:19:57.962+0000][41.678s][info ][gc,cpu      ] GC(69) User=0.15s Sys=0.00s Real=0.02s
[2025-12-02T05:19:57.963+0000][41.679s][info ][safepoint   ] Safepoint "G1CollectForAllocation", Time since last: 46492066 ns, Reaching safepoint: 73967 ns, Cleanup: 86842 ns, At safepoint: 15625600 ns, Total: 15786409 ns
[2025-12-02T05:19:58.132+0000][41.848s][debug][safepoint   ] ... found polling page loop exception at pc = 0x000070141982316d, stub =0x0000701418a04400
[2025-12-02T05:19:58.165+0000][41.880s][debug][safepoint   ] ... found polling page loop exception at pc = 0x000070141921db8b, stub =0x0000701418a04400
[2025-12-02T05:19:59.409+0000][43.125s][debug][safepoint   ] Safepoint synchronization initiated using futex wait barrier. (254 threads)
[2025-12-02T05:19:59.410+0000][43.125s][info ][safepoint   ] Safepoint "Cleanup", Time since last: 1445726255 ns, Reaching safepoint: 105586 ns, Cleanup: 181367 ns, At safepoint: 27011 ns, Total: 313964 ns
[2025-12-02T05:20:01.108+0000][44.824s][debug][safepoint   ] Safepoint synchronization initiated using futex wait barrier. (254 threads)
[2025-12-02T05:20:01.108+0000][44.824s][info ][safepoint   ] Safepoint "Cleanup", Time since last: 1698046111 ns, Reaching safepoint: 83235 ns, Cleanup: 70992 ns, At safepoint: 3807 ns, Total: 158034 ns
[2025-12-02T05:20:02.108+0000][45.824s][debug][safepoint   ] Safepoint synchronization initiated using futex wait barrier. (254 threads)
[2025-12-02T05:20:02.108+0000][45.824s][info ][safepoint   ] Safepoint "Cleanup", Time since last: 1000153570 ns, Reaching safepoint: 79368 ns, Cleanup: 37509 ns, At safepoint: 33102 ns, Total: 149979 ns
[2025-12-02T05:20:03.108+0000][46.824s][debug][safepoint   ] Safepoint synchronization initiated using futex wait barrier. (254 threads)
[2025-12-02T05:20:03.108+0000][46.824s][info ][safepoint   ] Safepoint "Cleanup", Time since last: 1000124135 ns, Reaching safepoint: 79518 ns, Cleanup: 21149 ns, At safepoint: 36297 ns, Total: 136964 ns
[2025-12-02T05:20:03.285+0000][47.001s][debug][safepoint   ] Safepoint synchronization initiated using futex wait barrier. (254 threads)
[2025-12-02T05:20:03.285+0000][47.001s][info ][gc,start    ] GC(70) Pause Young (Concurrent Start) (G1 Humongous Allocation)
[2025-12-02T05:20:03.285+0000][47.001s][info ][gc,task     ] GC(70) Using 13 workers of 13 for evacuation
[2025-12-02T05:20:03.306+0000][47.022s][info ][gc,phases   ] GC(70)   Pre Evacuate Collection Set: 1.0ms
[2025-12-02T05:20:03.306+0000][47.022s][info ][gc,phases   ] GC(70)   Merge Heap Roots: 0.3ms
[2025-12-02T05:20:03.306+0000][47.022s][info ][gc,phases   ] GC(70)   Evacuate Collection Set: 16.1ms
[2025-12-02T05:20:03.306+0000][47.022s][info ][gc,phases   ] GC(70)   Post Evacuate Collection Set: 3.3ms
[2025-12-02T05:20:03.306+0000][47.022s][info ][gc,phases   ] GC(70)   Other: 0.5ms
[2025-12-02T05:20:03.306+0000][47.022s][info ][gc,heap     ] GC(70) Eden regions: 191->0(220)
[2025-12-02T05:20:03.306+0000][47.022s][info ][gc,heap     ] GC(70) Survivor regions: 22->5(30)
[2025-12-02T05:20:03.306+0000][47.022s][info ][gc,heap     ] GC(70) Old regions: 268->289
[2025-12-02T05:20:03.306+0000][47.022s][info ][gc,heap     ] GC(70) Archive regions: 2->2
[2025-12-02T05:20:03.306+0000][47.022s][info ][gc,heap     ] GC(70) Humongous regions: 64->11
[2025-12-02T05:20:03.306+0000][47.022s][info ][gc,metaspace] GC(70) Metaspace: 185903K(187264K)->185903K(187264K) NonClass: 163076K(163776K)->163076K(163776K) Class: 22826K(23488K)->22826K(23488K)
[2025-12-02T05:20:03.306+0000][47.022s][info ][gc          ] GC(70) Pause Young (Concurrent Start) (G1 Humongous Allocation) 544M->305M(642M) 21.219ms
[2025-12-02T05:20:03.307+0000][47.022s][info ][gc,cpu      ] GC(70) User=0.12s Sys=0.02s Real=0.02s
[2025-12-02T05:20:03.307+0000][47.023s][info ][gc          ] GC(71) Concurrent Undo Cycle
[2025-12-02T05:20:03.307+0000][47.023s][info ][gc,marking  ] GC(71) Concurrent Cleanup for Next Mark
[2025-12-02T05:20:03.308+0000][47.024s][info ][safepoint   ] Safepoint "G1TryInitiateConcMark", Time since last: 176628542 ns, Reaching safepoint: 104414 ns, Cleanup: 15699 ns, At safepoint: 23179155 ns, Total: 23299268 ns
[2025-12-02T05:20:03.310+0000][47.026s][info ][gc,marking  ] GC(71) Concurrent Cleanup for Next Mark 3.097ms
[2025-12-02T05:20:03.310+0000][47.026s][info ][gc          ] GC(71) Concurrent Undo Cycle 3.161ms
[2025-12-02T05:20:03.722+0000][47.438s][debug][safepoint   ] Safepoint synchronization initiated using futex wait barrier. (256 threads)
[2025-12-02T05:20:03.722+0000][47.438s][info ][gc,start    ] GC(72) Pause Young (Concurrent Start) (G1 Humongous Allocation)
[2025-12-02T05:20:03.722+0000][47.438s][info ][gc,task     ] GC(72) Using 13 workers of 13 for evacuation
[2025-12-02T05:20:03.733+0000][47.449s][info ][gc,phases   ] GC(72)   Pre Evacuate Collection Set: 0.9ms
[2025-12-02T05:20:03.733+0000][47.449s][info ][gc,phases   ] GC(72)   Merge Heap Roots: 0.3ms
[2025-12-02T05:20:03.733+0000][47.449s][info ][gc,phases   ] GC(72)   Evacuate Collection Set: 8.4ms
[2025-12-02T05:20:03.733+0000][47.449s][info ][gc,phases   ] GC(72)   Post Evacuate Collection Set: 1.7ms
[2025-12-02T05:20:03.733+0000][47.449s][info ][gc,phases   ] GC(72)   Other: 0.3ms
[2025-12-02T05:20:03.733+0000][47.449s][info ][gc,heap     ] GC(72) Eden regions: 67->0(203)
[2025-12-02T05:20:03.733+0000][47.449s][info ][gc,heap     ] GC(72) Survivor regions: 5->21(29)
[2025-12-02T05:20:03.733+0000][47.449s][info ][gc,heap     ] GC(72) Old regions: 289->289
[2025-12-02T05:20:03.733+0000][47.449s][info ][gc,heap     ] GC(72) Archive regions: 2->2
[2025-12-02T05:20:03.733+0000][47.449s][info ][gc,heap     ] GC(72) Humongous regions: 58->11
[2025-12-02T05:20:03.733+0000][47.449s][info ][gc,metaspace] GC(72) Metaspace: 186428K(187776K)->186428K(187776K) NonClass: 163543K(164224K)->163543K(164224K) Class: 22884K(23552K)->22884K(23552K)
[2025-12-02T05:20:03.734+0000][47.449s][info ][gc          ] GC(72) Pause Young (Concurrent Start) (G1 Humongous Allocation) 419M->321M(642M) 11.574ms
[2025-12-02T05:20:03.734+0000][47.450s][info ][gc,cpu      ] GC(72) User=0.08s Sys=0.00s Real=0.01s
[2025-12-02T05:20:03.734+0000][47.450s][info ][gc          ] GC(73) Concurrent Undo Cycle
[2025-12-02T05:20:03.734+0000][47.450s][info ][gc,marking  ] GC(73) Concurrent Cleanup for Next Mark
[2025-12-02T05:20:03.734+0000][47.450s][info ][safepoint   ] Safepoint "G1TryInitiateConcMark", Time since last: 413485778 ns, Reaching safepoint: 78195 ns, Cleanup: 76583 ns, At safepoint: 11931884 ns, Total: 12086662 ns
[2025-12-02T05:20:03.734+0000][47.450s][info ][gc,marking  ] GC(73) Concurrent Cleanup for Next Mark 0.718ms
[2025-12-02T05:20:03.734+0000][47.450s][info ][gc          ] GC(73) Concurrent Undo Cycle 0.765ms
[2025-12-02T05:20:03.968+0000][47.684s][debug][safepoint   ] Safepoint synchronization initiated using futex wait barrier. (256 threads)
[2025-12-02T05:20:03.968+0000][47.684s][info ][gc,start    ] GC(74) Pause Young (Normal) (G1 Evacuation Pause)
[2025-12-02T05:20:03.968+0000][47.684s][info ][gc,task     ] GC(74) Using 13 workers of 13 for evacuation
[2025-12-02T05:20:04.000+0000][47.716s][info ][gc,phases   ] GC(74)   Pre Evacuate Collection Set: 0.3ms
[2025-12-02T05:20:04.000+0000][47.716s][info ][gc,phases   ] GC(74)   Merge Heap Roots: 0.3ms
[2025-12-02T05:20:04.000+0000][47.716s][info ][gc,phases   ] GC(74)   Evacuate Collection Set: 29.8ms
[2025-12-02T05:20:04.000+0000][47.716s][info ][gc,phases   ] GC(74)   Post Evacuate Collection Set: 1.7ms
[2025-12-02T05:20:04.000+0000][47.716s][info ][gc,phases   ] GC(74)   Other: 0.2ms
[2025-12-02T05:20:04.000+0000][47.716s][info ][gc,heap     ] GC(74) Eden regions: 203->0(119)
[2025-12-02T05:20:04.000+0000][47.716s][info ][gc,heap     ] GC(74) Survivor regions: 21->28(28)
[2025-12-02T05:20:04.000+0000][47.716s][info ][gc,heap     ] GC(74) Old regions: 289->348
[2025-12-02T05:20:04.000+0000][47.716s][info ][gc,heap     ] GC(74) Archive regions: 2->2
[2025-12-02T05:20:04.000+0000][47.716s][info ][gc,heap     ] GC(74) Humongous regions: 16->16
[2025-12-02T05:20:04.000+0000][47.716s][info ][gc,metaspace] GC(74) Metaspace: 186430K(187776K)->186430K(187776K) NonClass: 163546K(164224K)->163546K(164224K) Class: 22884K(23552K)->22884K(23552K)
[2025-12-02T05:20:04.000+0000][47.716s][info ][gc          ] GC(74) Pause Young (Normal) (G1 Evacuation Pause) 529M->392M(642M) 32.288ms
[2025-12-02T05:20:04.000+0000][47.716s][info ][gc,cpu      ] GC(74) User=0.29s Sys=0.02s Real=0.03s
[2025-12-02T05:20:04.002+0000][47.718s][info ][safepoint   ] Safepoint "G1CollectForAllocation", Time since last: 234068762 ns, Reaching safepoint: 68818 ns, Cleanup: 35516 ns, At safepoint: 33718148 ns, Total: 33822482 ns
[2025-12-02T05:20:04.129+0000][47.845s][debug][safepoint   ] Safepoint synchronization initiated using futex wait barrier. (256 threads)
[2025-12-02T05:20:04.129+0000][47.845s][info ][gc,start    ] GC(75) Pause Young (Concurrent Start) (G1 Evacuation Pause)
[2025-12-02T05:20:04.129+0000][47.845s][info ][gc,task     ] GC(75) Using 13 workers of 13 for evacuation
[2025-12-02T05:20:04.155+0000][47.871s][info ][gc,phases   ] GC(75)   Pre Evacuate Collection Set: 0.5ms
[2025-12-02T05:20:04.155+0000][47.871s][info ][gc,phases   ] GC(75)   Merge Heap Roots: 0.3ms
[2025-12-02T05:20:04.155+0000][47.871s][info ][gc,phases   ] GC(75)   Evacuate Collection Set: 23.8ms
[2025-12-02T05:20:04.155+0000][47.871s][info ][gc,phases   ] GC(75)   Post Evacuate Collection Set: 1.5ms
[2025-12-02T05:20:04.155+0000][47.871s][info ][gc,phases   ] GC(75)   Other: 0.2ms
[2025-12-02T05:20:04.155+0000][47.871s][info ][gc,heap     ] GC(75) Eden regions: 119->0(75)
[2025-12-02T05:20:04.155+0000][47.871s][info ][gc,heap     ] GC(75) Survivor regions: 28->19(19)
[2025-12-02T05:20:04.155+0000][47.871s][info ][gc,heap     ] GC(75) Old regions: 348->403
[2025-12-02T05:20:04.155+0000][47.871s][info ][gc,heap     ] GC(75) Archive regions: 2->2
[2025-12-02T05:20:04.155+0000][47.871s][info ][gc,heap     ] GC(75) Humongous regions: 19->19
[2025-12-02T05:20:04.155+0000][47.871s][info ][gc,metaspace] GC(75) Metaspace: 186430K(187776K)->186430K(187776K) NonClass: 163546K(164224K)->163546K(164224K) Class: 22884K(23552K)->22884K(23552K)
[2025-12-02T05:20:04.155+0000][47.871s][info ][gc          ] GC(75) Pause Young (Concurrent Start) (G1 Evacuation Pause) 514M->441M(642M) 26.378ms
[2025-12-02T05:20:04.155+0000][47.871s][info ][gc,cpu      ] GC(75) User=0.27s Sys=0.01s Real=0.03s
[2025-12-02T05:20:04.155+0000][47.871s][info ][gc          ] GC(76) Concurrent Mark Cycle
[2025-12-02T05:20:04.155+0000][47.871s][info ][gc,marking  ] GC(76) Concurrent Clear Claimed Marks
[2025-12-02T05:20:04.156+0000][47.872s][info ][gc,marking  ] GC(76) Concurrent Clear Claimed Marks 0.225ms
[2025-12-02T05:20:04.156+0000][47.872s][info ][gc,marking  ] GC(76) Concurrent Scan Root Regions
[2025-12-02T05:20:04.157+0000][47.872s][info ][safepoint   ] Safepoint "G1CollectForAllocation", Time since last: 127030560 ns, Reaching safepoint: 58549 ns, Cleanup: 3256 ns, At safepoint: 27731268 ns, Total: 27793073 ns
[2025-12-02T05:20:04.166+0000][47.882s][info ][gc,marking  ] GC(76) Concurrent Scan Root Regions 10.226ms
[2025-12-02T05:20:04.166+0000][47.882s][info ][gc,marking  ] GC(76) Concurrent Mark
[2025-12-02T05:20:04.166+0000][47.882s][info ][gc,marking  ] GC(76) Concurrent Mark From Roots
[2025-12-02T05:20:04.166+0000][47.882s][info ][gc,task     ] GC(76) Using 3 workers of 3 for marking
[2025-12-02T05:20:04.268+0000][47.984s][info ][gc,marking  ] GC(76) Concurrent Mark From Roots 101.689ms
[2025-12-02T05:20:04.268+0000][47.984s][info ][gc,marking  ] GC(76) Concurrent Preclean
[2025-12-02T05:20:04.268+0000][47.984s][info ][gc,marking  ] GC(76) Concurrent Preclean 0.581ms
[2025-12-02T05:20:04.268+0000][47.984s][debug][safepoint   ] Safepoint synchronization initiated using futex wait barrier. (255 threads)
[2025-12-02T05:20:04.269+0000][47.985s][info ][gc,start    ] GC(76) Pause Remark
[2025-12-02T05:20:04.288+0000][48.004s][info ][gc          ] GC(76) Pause Remark 495M->426M(715M) 19.714ms
[2025-12-02T05:20:04.288+0000][48.004s][info ][gc,cpu      ] GC(76) User=0.11s Sys=0.03s Real=0.02s
[2025-12-02T05:20:04.290+0000][48.006s][info ][safepoint   ] Safepoint "G1PauseRemark", Time since last: 111829499 ns, Reaching safepoint: 65531 ns, Cleanup: 65162 ns, At safepoint: 21145072 ns, Total: 21275765 ns
[2025-12-02T05:20:04.290+0000][48.006s][info ][gc,marking  ] GC(76) Concurrent Mark 123.869ms
[2025-12-02T05:20:04.290+0000][48.006s][info ][gc,marking  ] GC(76) Concurrent Rebuild Remembered Sets
[2025-12-02T05:20:04.366+0000][48.082s][info ][gc,marking  ] GC(76) Concurrent Rebuild Remembered Sets 75.891ms
[2025-12-02T05:20:04.366+0000][48.082s][debug][safepoint   ] Safepoint synchronization initiated using futex wait barrier. (255 threads)
[2025-12-02T05:20:04.373+0000][48.088s][info ][gc,start    ] GC(76) Pause Cleanup
[2025-12-02T05:20:04.373+0000][48.089s][info ][gc          ] GC(76) Pause Cleanup 442M->442M(715M) 0.550ms
[2025-12-02T05:20:04.373+0000][48.089s][info ][gc,cpu      ] GC(76) User=0.00s Sys=0.00s Real=0.00s
[2025-12-02T05:20:04.373+0000][48.089s][info ][safepoint   ] Safepoint "G1PauseCleanup", Time since last: 76211058 ns, Reaching safepoint: 6616090 ns, Cleanup: 46406 ns, At safepoint: 758951 ns, Total: 7421447 ns
[2025-12-02T05:20:04.373+0000][48.089s][info ][gc,marking  ] GC(76) Concurrent Cleanup for Next Mark
[2025-12-02T05:20:04.375+0000][48.091s][info ][gc,marking  ] GC(76) Concurrent Cleanup for Next Mark 2.037ms
[2025-12-02T05:20:04.375+0000][48.091s][info ][gc          ] GC(76) Concurrent Mark Cycle 220.058ms
[2025-12-02T05:20:04.460+0000][48.176s][debug][safepoint   ] Safepoint synchronization initiated using futex wait barrier. (257 threads)
[2025-12-02T05:20:04.460+0000][48.176s][info ][gc,start    ] GC(77) Pause Young (Prepare Mixed) (G1 Evacuation Pause)
[2025-12-02T05:20:04.460+0000][48.176s][info ][gc,task     ] GC(77) Using 13 workers of 13 for evacuation
[2025-12-02T05:20:04.482+0000][48.198s][info ][gc,phases   ] GC(77)   Pre Evacuate Collection Set: 0.5ms
[2025-12-02T05:20:04.482+0000][48.198s][info ][gc,phases   ] GC(77)   Merge Heap Roots: 0.5ms
[2025-12-02T05:20:04.482+0000][48.198s][info ][gc,phases   ] GC(77)   Evacuate Collection Set: 18.9ms
[2025-12-02T05:20:04.482+0000][48.198s][info ][gc,phases   ] GC(77)   Post Evacuate Collection Set: 1.4ms
[2025-12-02T05:20:04.482+0000][48.198s][info ][gc,phases   ] GC(77)   Other: 0.3ms
[2025-12-02T05:20:04.482+0000][48.198s][info ][gc,heap     ] GC(77) Eden regions: 74->0(23)
[2025-12-02T05:20:04.482+0000][48.198s][info ][gc,heap     ] GC(77) Survivor regions: 19->12(12)
[2025-12-02T05:20:04.482+0000][48.198s][info ][gc,heap     ] GC(77) Old regions: 349->374
[2025-12-02T05:20:04.482+0000][48.198s][info ][gc,heap     ] GC(77) Archive regions: 2->2
[2025-12-02T05:20:04.482+0000][48.198s][info ][gc,heap     ] GC(77) Humongous regions: 20->2
[2025-12-02T05:20:04.482+0000][48.198s][info ][gc,metaspace] GC(77) Metaspace: 186743K(188096K)->186743K(188096K) NonClass: 163806K(164480K)->163806K(164480K) Class: 22937K(23616K)->22937K(23616K)
[2025-12-02T05:20:04.482+0000][48.198s][info ][gc          ] GC(77) Pause Young (Prepare Mixed) (G1 Evacuation Pause) 462M->388M(715M) 21.588ms
[2025-12-02T05:20:04.482+0000][48.198s][info ][gc,cpu      ] GC(77) User=0.11s Sys=0.14s Real=0.03s
[2025-12-02T05:20:04.483+0000][48.199s][info ][safepoint   ] Safepoint "G1CollectForAllocation", Time since last: 86745214 ns, Reaching safepoint: 109834 ns, Cleanup: 71263 ns, At safepoint: 22877983 ns, Total: 23059080 ns
[2025-12-02T05:20:04.514+0000][48.230s][debug][safepoint   ] Safepoint synchronization initiated using futex wait barrier. (257 threads)
[2025-12-02T05:20:04.514+0000][48.230s][info ][gc,start    ] GC(78) Pause Young (Mixed) (G1 Evacuation Pause)
[2025-12-02T05:20:04.514+0000][48.230s][info ][gc,task     ] GC(78) Using 13 workers of 13 for evacuation
[2025-12-02T05:20:04.532+0000][48.248s][info ][gc,phases   ] GC(78)   Pre Evacuate Collection Set: 0.7ms
[2025-12-02T05:20:04.532+0000][48.248s][info ][gc,phases   ] GC(78)   Merge Heap Roots: 0.7ms
[2025-12-02T05:20:04.532+0000][48.248s][info ][gc,phases   ] GC(78)   Evacuate Collection Set: 13.5ms
[2025-12-02T05:20:04.532+0000][48.248s][info ][gc,phases   ] GC(78)   Post Evacuate Collection Set: 2.4ms
[2025-12-02T05:20:04.532+0000][48.248s][info ][gc,phases   ] GC(78)   Other: 0.3ms
[2025-12-02T05:20:04.532+0000][48.248s][info ][gc,heap     ] GC(78) Eden regions: 23->0(31)
[2025-12-02T05:20:04.532+0000][48.248s][info ][gc,heap     ] GC(78) Survivor regions: 12->4(5)
[2025-12-02T05:20:04.532+0000][48.248s][info ][gc,heap     ] GC(78) Old regions: 374->320
[2025-12-02T05:20:04.532+0000][48.248s][info ][gc,heap     ] GC(78) Archive regions: 2->2
[2025-12-02T05:20:04.532+0000][48.248s][info ][gc,heap     ] GC(78) Humongous regions: 2->2
[2025-12-02T05:20:04.532+0000][48.248s][info ][gc,metaspace] GC(78) Metaspace: 186746K(188096K)->186746K(188096K) NonClass: 163809K(164480K)->163809K(164480K) Class: 22937K(23616K)->22937K(23616K)
[2025-12-02T05:20:04.532+0000][48.248s][info ][gc          ] GC(78) Pause Young (Mixed) (G1 Evacuation Pause) 411M->326M(715M) 17.607ms
[2025-12-02T05:20:04.532+0000][48.248s][info ][gc,cpu      ] GC(78) User=0.11s Sys=0.04s Real=0.01s
[2025-12-02T05:20:04.532+0000][48.248s][info ][safepoint   ] Safepoint "G1CollectForAllocation", Time since last: 31173646 ns, Reaching safepoint: 108402 ns, Cleanup: 18314 ns, At safepoint: 17947487 ns, Total: 18074203 ns
[2025-12-02T05:20:04.589+0000][48.305s][debug][safepoint   ] Safepoint synchronization initiated using futex wait barrier. (258 threads)
[2025-12-02T05:20:04.589+0000][48.305s][info ][gc,start    ] GC(79) Pause Young (Mixed) (G1 Evacuation Pause)
[2025-12-02T05:20:04.589+0000][48.305s][info ][gc,task     ] GC(79) Using 13 workers of 13 for evacuation
[2025-12-02T05:20:04.596+0000][48.312s][info ][gc,phases   ] GC(79)   Pre Evacuate Collection Set: 0.5ms
[2025-12-02T05:20:04.596+0000][48.312s][info ][gc,phases   ] GC(79)   Merge Heap Roots: 0.4ms
[2025-12-02T05:20:04.596+0000][48.312s][info ][gc,phases   ] GC(79)   Evacuate Collection Set: 3.9ms
[2025-12-02T05:20:04.596+0000][48.312s][info ][gc,phases   ] GC(79)   Post Evacuate Collection Set: 1.3ms
[2025-12-02T05:20:04.596+0000][48.312s][info ][gc,phases   ] GC(79)   Other: 0.2ms
[2025-12-02T05:20:04.596+0000][48.312s][info ][gc,heap     ] GC(79) Eden regions: 31->0(192)
[2025-12-02T05:20:04.596+0000][48.312s][info ][gc,heap     ] GC(79) Survivor regions: 4->4(5)
[2025-12-02T05:20:04.596+0000][48.312s][info ][gc,heap     ] GC(79) Old regions: 320->314
[2025-12-02T05:20:04.596+0000][48.312s][info ][gc,heap     ] GC(79) Archive regions: 2->2
[2025-12-02T05:20:04.596+0000][48.312s][info ][gc,heap     ] GC(79) Humongous regions: 2->2
[2025-12-02T05:20:04.596+0000][48.312s][info ][gc,metaspace] GC(79) Metaspace: 186852K(188224K)->186852K(188224K) NonClass: 163908K(164608K)->163908K(164608K) Class: 22944K(23616K)->22944K(23616K)
[2025-12-02T05:20:04.596+0000][48.312s][info ][gc          ] GC(79) Pause Young (Mixed) (G1 Evacuation Pause) 357M->320M(715M) 6.355ms
[2025-12-02T05:20:04.596+0000][48.312s][info ][gc,cpu      ] GC(79) User=0.04s Sys=0.00s Real=0.01s
[2025-12-02T05:20:04.596+0000][48.312s][info ][safepoint   ] Safepoint "G1CollectForAllocation", Time since last: 56831338 ns, Reaching safepoint: 118471 ns, Cleanup: 25758 ns, At safepoint: 6603357 ns, Total: 6747586 ns
[2025-12-02T05:20:04.954+0000][48.670s][debug][safepoint   ] Safepoint synchronization initiated using futex wait barrier. (259 threads)
[2025-12-02T05:20:04.954+0000][48.670s][info ][safepoint   ] Safepoint "ICBufferFull", Time since last: 358121124 ns, Reaching safepoint: 187880 ns, Cleanup: 197146 ns, At safepoint: 63749 ns, Total: 448775 ns
[2025-12-02T05:20:06.155+0000][49.871s][debug][safepoint   ] Safepoint synchronization initiated using futex wait barrier. (257 threads)
[2025-12-02T05:20:06.155+0000][49.871s][info ][safepoint   ] Safepoint "Cleanup", Time since last: 1200587490 ns, Reaching safepoint: 78266 ns, Cleanup: 148566 ns, At safepoint: 6001 ns, Total: 232833 ns
[2025-12-02T05:20:07.155+0000][50.871s][debug][safepoint   ] Safepoint synchronization initiated using futex wait barrier. (255 threads)
[2025-12-02T05:20:07.155+0000][50.871s][info ][safepoint   ] Safepoint "Cleanup", Time since last: 1000135535 ns, Reaching safepoint: 67576 ns, Cleanup: 11691 ns, At safepoint: 2826 ns, Total: 82093 ns
[2025-12-02T05:20:23.463+0000][67.179s][debug][safepoint   ] Safepoint synchronization initiated using futex wait barrier. (254 threads)
[2025-12-02T05:20:23.464+0000][67.180s][info ][safepoint   ] Safepoint "Cleanup", Time since last: 16307428156 ns, Reaching safepoint: 513795 ns, Cleanup: 109073 ns, At safepoint: 34353 ns, Total: 657221 ns
[2025-12-02T05:20:36.465+0000][80.181s][debug][safepoint   ] Safepoint synchronization initiated using futex wait barrier. (254 threads)
[2025-12-02T05:20:36.465+0000][80.182s][info ][safepoint   ] Safepoint "Cleanup", Time since last: 13001948933 ns, Reaching safepoint: 243883 ns, Cleanup: 27020 ns, At safepoint: 6533 ns, Total: 277436 ns
[2025-12-02T05:20:39.466+0000][83.182s][debug][safepoint   ] Safepoint synchronization initiated using futex wait barrier. (254 threads)
[2025-12-02T05:20:39.466+0000][83.182s][info ][safepoint   ] Safepoint "Cleanup", Time since last: 3000404035 ns, Reaching safepoint: 171359 ns, Cleanup: 24566 ns, At safepoint: 6432 ns, Total: 202357 ns
[2025-12-02T05:20:46.467+0000][90.183s][debug][safepoint   ] Safepoint synchronization initiated using futex wait barrier. (254 threads)
[2025-12-02T05:20:46.467+0000][90.184s][info ][safepoint   ] Safepoint "Cleanup", Time since last: 7001060886 ns, Reaching safepoint: 81121 ns, Cleanup: 11922 ns, At safepoint: 3246 ns, Total: 96289 ns
[2025-12-02T05:20:55.469+0000][99.185s][debug][safepoint   ] Safepoint synchronization initiated using futex wait barrier. (252 threads)
[2025-12-02T05:20:55.469+0000][99.185s][info ][safepoint   ] Safepoint "Cleanup", Time since last: 9001219148 ns, Reaching safepoint: 292233 ns, Cleanup: 30878 ns, At safepoint: 47949 ns, Total: 371060 ns
[2025-12-02T05:20:59.470+0000][103.186s][debug][safepoint   ] Safepoint synchronization initiated using futex wait barrier. (242 threads)
[2025-12-02T05:20:59.470+0000][103.186s][info ][safepoint   ] Safepoint "Cleanup", Time since last: 4000789827 ns, Reaching safepoint: 82193 ns, Cleanup: 11030 ns, At safepoint: 3116 ns, Total: 96339 ns
[2025-12-02T05:21:00.470+0000][104.186s][debug][safepoint   ] Safepoint synchronization initiated using futex wait barrier. (242 threads)
[2025-12-02T05:21:00.470+0000][104.186s][info ][safepoint   ] Safepoint "Cleanup", Time since last: 1000155655 ns, Reaching safepoint: 70594 ns, Cleanup: 13144 ns, At safepoint: 2797 ns, Total: 86535 ns
[2025-12-02T05:21:22.033+0000][125.749s][debug][safepoint   ] Safepoint synchronization initiated using futex wait barrier. (240 threads)
[2025-12-02T05:21:22.034+0000][125.750s][info ][gc,start    ] GC(80) Pause Young (Normal) (G1 Evacuation Pause)
[2025-12-02T05:21:22.034+0000][125.750s][info ][gc,task     ] GC(80) Using 13 workers of 13 for evacuation
[2025-12-02T05:21:22.061+0000][125.777s][info ][gc,phases   ] GC(80)   Pre Evacuate Collection Set: 1.1ms
[2025-12-02T05:21:22.061+0000][125.777s][info ][gc,phases   ] GC(80)   Merge Heap Roots: 0.4ms
[2025-12-02T05:21:22.061+0000][125.777s][info ][gc,phases   ] GC(80)   Evacuate Collection Set: 15.4ms
[2025-12-02T05:21:22.061+0000][125.777s][info ][gc,phases   ] GC(80)   Post Evacuate Collection Set: 9.7ms
[2025-12-02T05:21:22.061+0000][125.777s][info ][gc,phases   ] GC(80)   Other: 0.5ms
[2025-12-02T05:21:22.061+0000][125.777s][info ][gc,heap     ] GC(80) Eden regions: 192->0(360)
[2025-12-02T05:21:22.061+0000][125.777s][info ][gc,heap     ] GC(80) Survivor regions: 4->7(25)
[2025-12-02T05:21:22.061+0000][125.777s][info ][gc,heap     ] GC(80) Old regions: 314->314
[2025-12-02T05:21:22.061+0000][125.777s][info ][gc,heap     ] GC(80) Archive regions: 2->2
[2025-12-02T05:21:22.061+0000][125.777s][info ][gc,heap     ] GC(80) Humongous regions: 2->2
[2025-12-02T05:21:22.061+0000][125.777s][info ][gc,metaspace] GC(80) Metaspace: 189801K(191168K)->189801K(191168K) NonClass: 166581K(167296K)->166581K(167296K) Class: 23219K(23872K)->23219K(23872K)
[2025-12-02T05:21:22.061+0000][125.777s][info ][gc          ] GC(80) Pause Young (Normal) (G1 Evacuation Pause) 512M->323M(976M) 27.012ms
[2025-12-02T05:21:22.061+0000][125.777s][info ][gc,cpu      ] GC(80) User=0.22s Sys=0.01s Real=0.02s
[2025-12-02T05:21:22.063+0000][125.779s][info ][safepoint   ] Safepoint "G1CollectForAllocation", Time since last: 21563059056 ns, Reaching safepoint: 137966 ns, Cleanup: 6823 ns, At safepoint: 29454890 ns, Total: 29599679 ns
[2025-12-02T05:21:23.063+0000][126.779s][debug][safepoint   ] Safepoint synchronization initiated using futex wait barrier. (240 threads)
[2025-12-02T05:21:23.063+0000][126.779s][info ][safepoint   ] Safepoint "Cleanup", Time since last: 1000205352 ns, Reaching safepoint: 78085 ns, Cleanup: 15118 ns, At safepoint: 3687 ns, Total: 96890 ns
[2025-12-02T05:21:44.065+0000][147.782s][debug][safepoint   ] Safepoint synchronization initiated using futex wait barrier. (240 threads)
[2025-12-02T05:21:44.065+0000][147.782s][info ][safepoint   ] Safepoint "Cleanup", Time since last: 21002830263 ns, Reaching safepoint: 97028 ns, Cleanup: 13847 ns, At safepoint: 3597 ns, Total: 114472 ns
[2025-12-02T05:21:45.066+0000][148.782s][debug][safepoint   ] Safepoint synchronization initiated using futex wait barrier. (240 threads)
[2025-12-02T05:21:45.066+0000][148.782s][info ][safepoint   ] Safepoint "Cleanup", Time since last: 1000166318 ns, Reaching safepoint: 115112 ns, Cleanup: 26131 ns, At safepoint: 3326 ns, Total: 144569 ns
[2025-12-02T05:21:55.067+0000][158.784s][debug][safepoint   ] Safepoint synchronization initiated using futex wait barrier. (240 threads)
[2025-12-02T05:21:55.068+0000][158.784s][info ][safepoint   ] Safepoint "Cleanup", Time since last: 10001742705 ns, Reaching safepoint: 130403 ns, Cleanup: 27321 ns, At safepoint: 5791 ns, Total: 163515 ns
[2025-12-02T05:21:59.067+0000][162.785s][debug][safepoint   ] Safepoint synchronization initiated using futex wait barrier. (235 threads)
[2025-12-02T05:21:59.067+0000][162.785s][info ][safepoint   ] Safepoint "Cleanup", Time since last: 4000579455 ns, Reaching safepoint: 129140 ns, Cleanup: 37450 ns, At safepoint: 56685 ns, Total: 223275 ns
[2025-12-02T05:22:21.074+0000][184.792s][debug][safepoint   ] Safepoint synchronization initiated using futex wait barrier. (234 threads)
[2025-12-02T05:22:21.074+0000][184.792s][info ][safepoint   ] Safepoint "Cleanup", Time since last: 22006731189 ns, Reaching safepoint: 106218 ns, Cleanup: 15910 ns, At safepoint: 5600 ns, Total: 127728 ns
[2025-12-02T05:22:23.074+0000][186.792s][debug][safepoint   ] Safepoint synchronization initiated using futex wait barrier. (234 threads)
[2025-12-02T05:22:23.074+0000][186.792s][info ][safepoint   ] Safepoint "Cleanup", Time since last: 2000252041 ns, Reaching safepoint: 83506 ns, Cleanup: 29615 ns, At safepoint: 3637 ns, Total: 116758 ns
[2025-12-02T05:22:33.074+0000][196.794s][debug][safepoint   ] Safepoint synchronization initiated using futex wait barrier. (234 threads)
[2025-12-02T05:22:33.074+0000][196.794s][info ][safepoint   ] Safepoint "Cleanup", Time since last: 10001209268 ns, Reaching safepoint: 106173 ns, Cleanup: 13716 ns, At safepoint: 3567 ns, Total: 123456 ns
[2025-12-02T05:22:39.075+0000][202.794s][debug][safepoint   ] Safepoint synchronization initiated using futex wait barrier. (234 threads)
[2025-12-02T05:22:39.075+0000][202.795s][info ][safepoint   ] Safepoint "Cleanup", Time since last: 6000725672 ns, Reaching safepoint: 87749 ns, Cleanup: 14538 ns, At safepoint: 3757 ns, Total: 106044 ns
[2025-12-02T05:23:00.077+0000][223.797s][debug][safepoint   ] Safepoint synchronization initiated using futex wait barrier. (230 threads)
[2025-12-02T05:23:00.077+0000][223.797s][info ][safepoint   ] Safepoint "Cleanup", Time since last: 21002602422 ns, Reaching safepoint: 138292 ns, Cleanup: 45076 ns, At safepoint: 4548 ns, Total: 187916 ns
[2025-12-02T05:23:03.077+0000][226.798s][debug][safepoint   ] Safepoint synchronization initiated using futex wait barrier. (230 threads)
[2025-12-02T05:23:03.077+0000][226.798s][info ][safepoint   ] Safepoint "Cleanup", Time since last: 3000412828 ns, Reaching safepoint: 104699 ns, Cleanup: 13064 ns, At safepoint: 32602 ns, Total: 150365 ns
[2025-12-02T05:23:09.078+0000][232.799s][debug][safepoint   ] Safepoint synchronization initiated using futex wait barrier. (230 threads)
[2025-12-02T05:23:09.078+0000][232.799s][info ][safepoint   ] Safepoint "Cleanup", Time since last: 6000830435 ns, Reaching safepoint: 72207 ns, Cleanup: 14348 ns, At safepoint: 3055 ns, Total: 89610 ns
[2025-12-02T05:23:21.567+0000][245.287s][debug][safepoint   ] Safepoint synchronization initiated using futex wait barrier. (230 threads)
[2025-12-02T05:23:21.567+0000][245.287s][info ][safepoint   ] Safepoint "Cleanup", Time since last: 12488467703 ns, Reaching safepoint: 136810 ns, Cleanup: 21411 ns, At safepoint: 4378 ns, Total: 162599 ns
[2025-12-02T05:23:22.567+0000][246.288s][debug][safepoint   ] Safepoint synchronization initiated using futex wait barrier. (230 threads)
[2025-12-02T05:23:22.567+0000][246.288s][info ][safepoint   ] Safepoint "Cleanup", Time since last: 1000189903 ns, Reaching safepoint: 144084 ns, Cleanup: 29265 ns, At safepoint: 4699 ns, Total: 178048 ns
[2025-12-02T05:23:23.567+0000][247.288s][debug][safepoint   ] Safepoint synchronization initiated using futex wait barrier. (230 threads)
[2025-12-02T05:23:23.568+0000][247.288s][info ][safepoint   ] Safepoint "Cleanup", Time since last: 1000142821 ns, Reaching safepoint: 85612 ns, Cleanup: 21511 ns, At safepoint: 3457 ns, Total: 110580 ns
[2025-12-02T05:23:46.570+0000][270.292s][debug][safepoint   ] Safepoint synchronization initiated using futex wait barrier. (230 threads)
[2025-12-02T05:23:46.570+0000][270.292s][info ][safepoint   ] Safepoint "Cleanup", Time since last: 23003700903 ns, Reaching safepoint: 141981 ns, Cleanup: 15199 ns, At safepoint: 4017 ns, Total: 161197 ns
[2025-12-02T05:23:55.569+0000][279.293s][debug][safepoint   ] Safepoint synchronization initiated using futex wait barrier. (232 threads)
[2025-12-02T05:23:55.569+0000][279.293s][info ][safepoint   ] Safepoint "Cleanup", Time since last: 9001367312 ns, Reaching safepoint: 79932 ns, Cleanup: 37671 ns, At safepoint: 4288 ns, Total: 121891 ns
[2025-12-02T05:24:00.570+0000][284.294s][debug][safepoint   ] Safepoint synchronization initiated using futex wait barrier. (228 threads)
[2025-12-02T05:24:00.570+0000][284.294s][info ][safepoint   ] Safepoint "Cleanup", Time since last: 5000850323 ns, Reaching safepoint: 79859 ns, Cleanup: 19927 ns, At safepoint: 3807 ns, Total: 103593 ns
[2025-12-02T05:24:15.573+0000][299.298s][debug][safepoint   ] Safepoint synchronization initiated using futex wait barrier. (228 threads)
[2025-12-02T05:24:15.574+0000][299.298s][info ][safepoint   ] Safepoint "Cleanup", Time since last: 15003302362 ns, Reaching safepoint: 130566 ns, Cleanup: 24402 ns, At safepoint: 4900 ns, Total: 159868 ns
[2025-12-02T05:24:22.575+0000][306.299s][debug][safepoint   ] Safepoint synchronization initiated using futex wait barrier. (228 threads)
[2025-12-02T05:24:22.575+0000][306.299s][info ][safepoint   ] Safepoint "Cleanup", Time since last: 7001213601 ns, Reaching safepoint: 63311 ns, Cleanup: 9538 ns, At safepoint: 3446 ns, Total: 76295 ns
[2025-12-02T05:24:32.575+0000][316.301s][debug][safepoint   ] Safepoint synchronization initiated using futex wait barrier. (228 threads)
[2025-12-02T05:24:32.575+0000][316.301s][info ][safepoint   ] Safepoint "Cleanup", Time since last: 10001733267 ns, Reaching safepoint: 204152 ns, Cleanup: 14237 ns, At safepoint: 4930 ns, Total: 223319 ns
[2025-12-02T05:24:56.576+0000][340.304s][debug][safepoint   ] Safepoint synchronization initiated using futex wait barrier. (228 threads)
[2025-12-02T05:24:56.577+0000][340.305s][info ][safepoint   ] Safepoint "Cleanup", Time since last: 24003115092 ns, Reaching safepoint: 457499 ns, Cleanup: 15791 ns, At safepoint: 38784 ns, Total: 512074 ns
[2025-12-02T05:24:57.577+0000][341.305s][debug][safepoint   ] Safepoint synchronization initiated using futex wait barrier. (227 threads)
[2025-12-02T05:24:57.577+0000][341.305s][info ][safepoint   ] Safepoint "Cleanup", Time since last: 1000152603 ns, Reaching safepoint: 76527 ns, Cleanup: 12584 ns, At safepoint: 3346 ns, Total: 92457 ns
[2025-12-02T05:25:22.582+0000][366.310s][debug][safepoint   ] Safepoint synchronization initiated using futex wait barrier. (226 threads)
[2025-12-02T05:25:22.582+0000][366.310s][info ][safepoint   ] Safepoint "Cleanup", Time since last: 25004914222 ns, Reaching safepoint: 179395 ns, Cleanup: 12073 ns, At safepoint: 30419 ns, Total: 221887 ns
[2025-12-02T05:25:23.582+0000][367.310s][debug][safepoint   ] Safepoint synchronization initiated using futex wait barrier. (226 threads)
[2025-12-02T05:25:23.582+0000][367.310s][info ][safepoint   ] Safepoint "Cleanup", Time since last: 1000157162 ns, Reaching safepoint: 125792 ns, Cleanup: 41330 ns, At safepoint: 3006 ns, Total: 170128 ns
[2025-12-02T05:25:26.581+0000][370.311s][debug][safepoint   ] Safepoint synchronization initiated using futex wait barrier. (226 threads)
[2025-12-02T05:25:26.581+0000][370.311s][info ][safepoint   ] Safepoint "Cleanup", Time since last: 3000423023 ns, Reaching safepoint: 99801 ns, Cleanup: 18686 ns, At safepoint: 3677 ns, Total: 122164 ns
[2025-12-02T05:25:29.581+0000][373.312s][debug][safepoint   ] Safepoint synchronization initiated using futex wait barrier. (226 threads)
[2025-12-02T05:25:29.582+0000][373.312s][info ][safepoint   ] Safepoint "Cleanup", Time since last: 3000680139 ns, Reaching safepoint: 76186 ns, Cleanup: 12865 ns, At safepoint: 3296 ns, Total: 92347 ns
[2025-12-02T05:25:31.908+0000][375.638s][debug][safepoint   ] Safepoint synchronization initiated using futex wait barrier. (226 threads)
[2025-12-02T05:25:31.909+0000][375.639s][info ][safepoint   ] Safepoint "Cleanup", Time since last: 2326447421 ns, Reaching safepoint: 536584 ns, Cleanup: 40748 ns, At safepoint: 70275 ns, Total: 647607 ns
[2025-12-02T05:25:32.947+0000][376.677s][debug][safepoint   ] Safepoint synchronization initiated using futex wait barrier. (227 threads)
[2025-12-02T05:25:32.947+0000][376.678s][info ][safepoint   ] Safepoint "Cleanup", Time since last: 1038441881 ns, Reaching safepoint: 92038 ns, Cleanup: 99451 ns, At safepoint: 106967 ns, Total: 298456 ns
[2025-12-02T05:25:33.034+0000][376.764s][debug][safepoint   ] Safepoint synchronization initiated using futex wait barrier. (226 threads)
[2025-12-02T05:25:33.036+0000][376.766s][info ][gc,start    ] GC(81) Pause Young (Normal) (G1 Evacuation Pause)
[2025-12-02T05:25:33.036+0000][376.767s][info ][gc,task     ] GC(81) Using 13 workers of 13 for evacuation
[2025-12-02T05:25:33.087+0000][376.817s][info ][gc,phases   ] GC(81)   Pre Evacuate Collection Set: 4.2ms
[2025-12-02T05:25:33.087+0000][376.817s][info ][gc,phases   ] GC(81)   Merge Heap Roots: 2.4ms
[2025-12-02T05:25:33.087+0000][376.817s][info ][gc,phases   ] GC(81)   Evacuate Collection Set: 31.2ms
[2025-12-02T05:25:33.087+0000][376.817s][info ][gc,phases   ] GC(81)   Post Evacuate Collection Set: 8.0ms
[2025-12-02T05:25:33.087+0000][376.817s][info ][gc,phases   ] GC(81)   Other: 6.6ms
[2025-12-02T05:25:33.087+0000][376.817s][info ][gc,heap     ] GC(81) Eden regions: 360->0(440)
[2025-12-02T05:25:33.087+0000][376.817s][info ][gc,heap     ] GC(81) Survivor regions: 7->9(46)
[2025-12-02T05:25:33.087+0000][376.817s][info ][gc,heap     ] GC(81) Old regions: 314->314
[2025-12-02T05:25:33.087+0000][376.817s][info ][gc,heap     ] GC(81) Archive regions: 2->2
[2025-12-02T05:25:33.087+0000][376.817s][info ][gc,heap     ] GC(81) Humongous regions: 2->2
[2025-12-02T05:25:33.087+0000][376.817s][info ][gc,metaspace] GC(81) Metaspace: 191821K(193216K)->191821K(193216K) NonClass: 168362K(169088K)->168362K(169088K) Class: 23459K(24128K)->23459K(24128K)
[2025-12-02T05:25:33.087+0000][376.817s][info ][gc          ] GC(81) Pause Young (Normal) (G1 Evacuation Pause) 683M->325M(976M) 50.869ms
[2025-12-02T05:25:33.087+0000][376.818s][info ][gc,cpu      ] GC(81) User=0.46s Sys=0.02s Real=0.06s
[2025-12-02T05:25:33.089+0000][376.819s][info ][safepoint   ] Safepoint "G1CollectForAllocation", Time since last: 86328772 ns, Reaching safepoint: 165284 ns, Cleanup: 60827 ns, At safepoint: 55206269 ns, Total: 55432380 ns
[2025-12-02T05:25:34.089+0000][377.820s][debug][safepoint   ] Safepoint synchronization initiated using futex wait barrier. (233 threads)
[2025-12-02T05:25:34.090+0000][377.820s][info ][safepoint   ] Safepoint "Cleanup", Time since last: 1000245914 ns, Reaching safepoint: 265231 ns, Cleanup: 247046 ns, At safepoint: 67440 ns, Total: 579717 ns
[2025-12-02T05:25:35.090+0000][378.820s][debug][safepoint   ] Safepoint synchronization initiated using futex wait barrier. (227 threads)
[2025-12-02T05:25:35.090+0000][378.821s][info ][safepoint   ] Safepoint "Cleanup", Time since last: 1000284370 ns, Reaching safepoint: 127385 ns, Cleanup: 56118 ns, At safepoint: 6122 ns, Total: 189625 ns
[2025-12-02T05:25:36.091+0000][379.821s][debug][safepoint   ] Safepoint synchronization initiated using futex wait barrier. (228 threads)
[2025-12-02T05:25:36.091+0000][379.821s][info ][safepoint   ] Safepoint "Cleanup", Time since last: 1000127528 ns, Reaching safepoint: 155780 ns, Cleanup: 248399 ns, At safepoint: 5841 ns, Total: 410020 ns
[2025-12-02T05:25:38.091+0000][381.822s][debug][safepoint   ] Safepoint synchronization initiated using futex wait barrier. (226 threads)
[2025-12-02T05:25:38.091+0000][381.822s][info ][safepoint   ] Safepoint "Cleanup", Time since last: 2000329068 ns, Reaching safepoint: 127465 ns, Cleanup: 40548 ns, At safepoint: 4639 ns, Total: 172652 ns
[2025-12-02T05:25:39.092+0000][382.822s][debug][safepoint   ] Safepoint synchronization initiated using futex wait barrier. (227 threads)
[2025-12-02T05:25:39.092+0000][382.823s][info ][safepoint   ] Safepoint "Cleanup", Time since last: 1000199345 ns, Reaching safepoint: 97768 ns, Cleanup: 482450 ns, At safepoint: 77770 ns, Total: 657988 ns
[2025-12-02T05:25:40.092+0000][383.823s][debug][safepoint   ] Safepoint synchronization initiated using futex wait barrier. (226 threads)
[2025-12-02T05:25:40.097+0000][383.827s][info ][safepoint   ] Safepoint "Cleanup", Time since last: 1000145348 ns, Reaching safepoint: 3351591 ns, Cleanup: 66859 ns, At safepoint: 815532 ns, Total: 4233982 ns
[2025-12-02T05:25:41.210+0000][384.940s][debug][safepoint   ] Safepoint synchronization initiated using futex wait barrier. (230 threads)
[2025-12-02T05:25:41.210+0000][384.941s][info ][safepoint   ] Safepoint "Cleanup", Time since last: 1113317856 ns, Reaching safepoint: 160540 ns, Cleanup: 100094 ns, At safepoint: 29917 ns, Total: 290551 ns
[2025-12-02T05:25:42.613+0000][386.343s][debug][safepoint   ] Safepoint synchronization initiated using futex wait barrier. (229 threads)
[2025-12-02T05:25:42.614+0000][386.344s][info ][safepoint   ] Safepoint "Cleanup", Time since last: 1402775765 ns, Reaching safepoint: 244307 ns, Cleanup: 245966 ns, At safepoint: 89593 ns, Total: 579866 ns
[2025-12-02T05:25:46.614+0000][390.344s][debug][safepoint   ] Safepoint synchronization initiated using futex wait barrier. (228 threads)
[2025-12-02T05:25:46.614+0000][390.345s][info ][safepoint   ] Safepoint "Cleanup", Time since last: 4000560322 ns, Reaching safepoint: 127987 ns, Cleanup: 23736 ns, At safepoint: 4278 ns, Total: 156001 ns
[2025-12-02T05:25:51.615+0000][395.345s][debug][safepoint   ] Safepoint synchronization initiated using futex wait barrier. (227 threads)
[2025-12-02T05:25:51.615+0000][395.345s][info ][safepoint   ] Safepoint "Cleanup", Time since last: 5000749807 ns, Reaching safepoint: 118729 ns, Cleanup: 23265 ns, At safepoint: 4318 ns, Total: 146312 ns
[2025-12-02T05:26:02.616+0000][406.347s][debug][safepoint   ] Safepoint synchronization initiated using futex wait barrier. (227 threads)
[2025-12-02T05:26:02.616+0000][406.348s][info ][safepoint   ] Safepoint "Cleanup", Time since last: 11001999044 ns, Reaching safepoint: 125290 ns, Cleanup: 102136 ns, At safepoint: 6202 ns, Total: 233628 ns
[2025-12-02T05:26:22.721+0000][426.453s][debug][safepoint   ] Safepoint synchronization initiated using futex wait barrier. (224 threads)
[2025-12-02T05:26:22.721+0000][426.453s][info ][safepoint   ] Safepoint "Cleanup", Time since last: 20105218946 ns, Reaching safepoint: 156047 ns, Cleanup: 142802 ns, At safepoint: 8917 ns, Total: 307766 ns
[2025-12-02T05:26:25.720+0000][429.454s][debug][safepoint   ] Safepoint synchronization initiated using futex wait barrier. (224 threads)
[2025-12-02T05:26:25.720+0000][429.454s][info ][safepoint   ] Safepoint "Cleanup", Time since last: 3000492073 ns, Reaching safepoint: 255878 ns, Cleanup: 29636 ns, At safepoint: 7254 ns, Total: 292768 ns
[2025-12-02T05:26:38.727+0000][442.461s][debug][safepoint   ] Safepoint synchronization initiated using futex wait barrier. (224 threads)
[2025-12-02T05:26:38.728+0000][442.461s][info ][safepoint   ] Safepoint "Cleanup", Time since last: 13006905191 ns, Reaching safepoint: 248948 ns, Cleanup: 14678 ns, At safepoint: 34286 ns, Total: 297912 ns
[2025-12-02T05:26:39.728+0000][443.461s][debug][safepoint   ] Safepoint synchronization initiated using futex wait barrier. (224 threads)
[2025-12-02T05:26:39.728+0000][443.462s][info ][safepoint   ] Safepoint "Cleanup", Time since last: 1000174113 ns, Reaching safepoint: 85634 ns, Cleanup: 14308 ns, At safepoint: 44044 ns, Total: 143986 ns
[2025-12-02T05:26:41.728+0000][445.462s][debug][safepoint   ] Safepoint synchronization initiated using futex wait barrier. (224 threads)
[2025-12-02T05:26:41.728+0000][445.462s][info ][safepoint   ] Safepoint "Cleanup", Time since last: 2000270816 ns, Reaching safepoint: 128317 ns, Cleanup: 19557 ns, At safepoint: 4769 ns, Total: 152643 ns
[2025-12-02T05:26:42.728+0000][446.462s][debug][safepoint   ] Safepoint synchronization initiated using futex wait barrier. (224 threads)
[2025-12-02T05:26:42.729+0000][446.462s][info ][safepoint   ] Safepoint "Cleanup", Time since last: 1000136792 ns, Reaching safepoint: 103800 ns, Cleanup: 22042 ns, At safepoint: 3537 ns, Total: 129379 ns
[2025-12-02T05:26:55.729+0000][459.464s][debug][safepoint   ] Safepoint synchronization initiated using futex wait barrier. (224 threads)
[2025-12-02T05:26:55.729+0000][459.464s][info ][safepoint   ] Safepoint "Cleanup", Time since last: 13002032607 ns, Reaching safepoint: 117515 ns, Cleanup: 19688 ns, At safepoint: 3587 ns, Total: 140790 ns
[2025-12-02T05:27:03.730+0000][467.466s][debug][safepoint   ] Safepoint synchronization initiated using futex wait barrier. (223 threads)
[2025-12-02T05:27:03.730+0000][467.466s][info ][safepoint   ] Safepoint "Cleanup", Time since last: 8001136839 ns, Reaching safepoint: 165528 ns, Cleanup: 27944 ns, At safepoint: 5350 ns, Total: 198822 ns
[2025-12-02T05:27:18.751+0000][482.486s][debug][safepoint   ] Safepoint synchronization initiated using futex wait barrier. (228 threads)
[2025-12-02T05:27:18.751+0000][482.487s][debug][safepoint   ] ... found polling page loop exception at pc = 0x000070141a064f1c, stub =0x0000701418a04400
[2025-12-02T05:27:18.751+0000][482.487s][info ][safepoint   ] Safepoint "Cleanup", Time since last: 15020651485 ns, Reaching safepoint: 236239 ns, Cleanup: 38173 ns, At safepoint: 51569 ns, Total: 325981 ns
[2025-12-02T05:27:20.053+0000][483.789s][debug][safepoint   ] Safepoint synchronization initiated using futex wait barrier. (226 threads)
[2025-12-02T05:27:20.053+0000][483.789s][info ][safepoint   ] Safepoint "Cleanup", Time since last: 1301813872 ns, Reaching safepoint: 60436 ns, Cleanup: 138617 ns, At safepoint: 33464 ns, Total: 232517 ns
[2025-12-02T05:27:20.518+0000][484.253s][debug][safepoint   ] Safepoint synchronization initiated using futex wait barrier. (226 threads)
[2025-12-02T05:27:20.518+0000][484.254s][info ][gc,start    ] GC(82) Pause Young (Normal) (G1 Evacuation Pause)
[2025-12-02T05:27:20.518+0000][484.254s][info ][gc,task     ] GC(82) Using 13 workers of 13 for evacuation
[2025-12-02T05:27:20.558+0000][484.294s][info ][gc,phases   ] GC(82)   Pre Evacuate Collection Set: 2.1ms
[2025-12-02T05:27:20.558+0000][484.294s][info ][gc,phases   ] GC(82)   Merge Heap Roots: 0.4ms
[2025-12-02T05:27:20.558+0000][484.294s][info ][gc,phases   ] GC(82)   Evacuate Collection Set: 29.1ms
[2025-12-02T05:27:20.558+0000][484.294s][info ][gc,phases   ] GC(82)   Post Evacuate Collection Set: 7.8ms
[2025-12-02T05:27:20.558+0000][484.294s][info ][gc,phases   ] GC(82)   Other: 0.9ms
[2025-12-02T05:27:20.558+0000][484.294s][info ][gc,heap     ] GC(82) Eden regions: 440->0(453)
[2025-12-02T05:27:20.558+0000][484.294s][info ][gc,heap     ] GC(82) Survivor regions: 9->13(57)
[2025-12-02T05:27:20.558+0000][484.294s][info ][gc,heap     ] GC(82) Old regions: 314->314
[2025-12-02T05:27:20.558+0000][484.294s][info ][gc,heap     ] GC(82) Archive regions: 2->2
[2025-12-02T05:27:20.559+0000][484.294s][info ][gc,heap     ] GC(82) Humongous regions: 19->2
[2025-12-02T05:27:20.559+0000][484.294s][info ][gc,metaspace] GC(82) Metaspace: 194076K(195520K)->194076K(195520K) NonClass: 170370K(171136K)->170370K(171136K) Class: 23705K(24384K)->23705K(24384K)
[2025-12-02T05:27:20.559+0000][484.294s][info ][gc          ] GC(82) Pause Young (Normal) (G1 Evacuation Pause) 782M->329M(976M) 40.173ms
[2025-12-02T05:27:20.559+0000][484.294s][info ][gc,cpu      ] GC(82) User=0.38s Sys=0.02s Real=0.04s
[2025-12-02T05:27:20.560+0000][484.296s][info ][safepoint   ] Safepoint "G1CollectForAllocation", Time since last: 464641593 ns, Reaching safepoint: 185947 ns, Cleanup: 52141 ns, At safepoint: 42073017 ns, Total: 42311105 ns
[2025-12-02T05:27:21.380+0000][485.116s][debug][safepoint   ] Safepoint synchronization initiated using futex wait barrier. (229 threads)
[2025-12-02T05:27:21.381+0000][485.116s][info ][safepoint   ] Safepoint "ICBufferFull", Time since last: 820186213 ns, Reaching safepoint: 91626 ns, Cleanup: 217979 ns, At safepoint: 104160 ns, Total: 413765 ns
[2025-12-02T05:27:22.381+0000][486.117s][debug][safepoint   ] Safepoint synchronization initiated using futex wait barrier. (228 threads)
[2025-12-02T05:27:22.390+0000][486.126s][debug][safepoint   ] ... found polling page loop exception at pc = 0x0000701419ff18d8, stub =0x0000701418a04400
[2025-12-02T05:27:22.391+0000][486.127s][info ][safepoint   ] Safepoint "Cleanup", Time since last: 1000251187 ns, Reaching safepoint: 10062971 ns, Cleanup: 152574 ns, At safepoint: 210464 ns, Total: 10426009 ns
[2025-12-02T05:27:23.113+0000][486.848s][debug][safepoint   ] Safepoint synchronization initiated using futex wait barrier. (230 threads)
[2025-12-02T05:27:23.113+0000][486.849s][info ][safepoint   ] Safepoint "ICBufferFull", Time since last: 721263125 ns, Reaching safepoint: 76788 ns, Cleanup: 160428 ns, At safepoint: 3256 ns, Total: 240472 ns
[2025-12-02T05:27:24.113+0000][487.849s][debug][safepoint   ] Safepoint synchronization initiated using futex wait barrier. (235 threads)
[2025-12-02T05:27:24.113+0000][487.849s][info ][safepoint   ] Safepoint "Cleanup", Time since last: 1000176029 ns, Reaching safepoint: 128497 ns, Cleanup: 127495 ns, At safepoint: 61318 ns, Total: 317310 ns
[2025-12-02T05:27:26.111+0000][489.849s][debug][safepoint   ] Safepoint synchronization initiated using futex wait barrier. (235 threads)
[2025-12-02T05:27:26.112+0000][489.850s][info ][safepoint   ] Safepoint "Cleanup", Time since last: 2000331405 ns, Reaching safepoint: 129449 ns, Cleanup: 92347 ns, At safepoint: 4780 ns, Total: 226576 ns
[2025-12-02T05:27:28.112+0000][491.850s][debug][safepoint   ] Safepoint synchronization initiated using futex wait barrier. (234 threads)
[2025-12-02T05:27:28.112+0000][491.850s][info ][safepoint   ] Safepoint "Cleanup", Time since last: 2000303570 ns, Reaching safepoint: 141742 ns, Cleanup: 56899 ns, At safepoint: 5230 ns, Total: 203871 ns
[2025-12-02T05:27:33.113+0000][496.851s][debug][safepoint   ] Safepoint synchronization initiated using futex wait barrier. (234 threads)
[2025-12-02T05:27:33.113+0000][496.851s][info ][safepoint   ] Safepoint "Cleanup", Time since last: 5000778086 ns, Reaching safepoint: 141762 ns, Cleanup: 24177 ns, At safepoint: 5410 ns, Total: 171349 ns
[2025-12-02T05:27:34.113+0000][497.851s][debug][safepoint   ] Safepoint synchronization initiated using futex wait barrier. (232 threads)
[2025-12-02T05:27:34.113+0000][497.851s][info ][safepoint   ] Safepoint "Cleanup", Time since last: 1000167628 ns, Reaching safepoint: 123428 ns, Cleanup: 21291 ns, At safepoint: 26911 ns, Total: 171630 ns
[2025-12-02T05:27:43.799+0000][507.537s][debug][safepoint   ] Safepoint synchronization initiated using futex wait barrier. (232 threads)
[2025-12-02T05:27:43.799+0000][507.537s][info ][gc,start    ] GC(83) Pause Young (Normal) (G1 Evacuation Pause)
[2025-12-02T05:27:43.799+0000][507.537s][info ][gc,task     ] GC(83) Using 13 workers of 13 for evacuation
[2025-12-02T05:27:43.878+0000][507.616s][info ][gc,phases   ] GC(83)   Pre Evacuate Collection Set: 0.4ms
[2025-12-02T05:27:43.878+0000][507.616s][info ][gc,phases   ] GC(83)   Merge Heap Roots: 0.3ms
[2025-12-02T05:27:43.878+0000][507.616s][info ][gc,phases   ] GC(83)   Evacuate Collection Set: 68.4ms
[2025-12-02T05:27:43.878+0000][507.616s][info ][gc,phases   ] GC(83)   Post Evacuate Collection Set: 9.3ms
[2025-12-02T05:27:43.878+0000][507.616s][info ][gc,phases   ] GC(83)   Other: 0.3ms
[2025-12-02T05:27:43.878+0000][507.616s][info ][gc,heap     ] GC(83) Eden regions: 453->0(459)
[2025-12-02T05:27:43.878+0000][507.616s][info ][gc,heap     ] GC(83) Survivor regions: 13->22(59)
[2025-12-02T05:27:43.878+0000][507.616s][info ][gc,heap     ] GC(83) Old regions: 314->314
[2025-12-02T05:27:43.878+0000][507.616s][info ][gc,heap     ] GC(83) Archive regions: 2->2
[2025-12-02T05:27:43.878+0000][507.616s][info ][gc,heap     ] GC(83) Humongous regions: 2->2
[2025-12-02T05:27:43.878+0000][507.616s][info ][gc,metaspace] GC(83) Metaspace: 196355K(197824K)->196355K(197824K) NonClass: 172419K(173184K)->172419K(173184K) Class: 23935K(24640K)->23935K(24640K)
[2025-12-02T05:27:43.878+0000][507.616s][info ][gc          ] GC(83) Pause Young (Normal) (G1 Evacuation Pause) 782M->338M(976M) 78.776ms
[2025-12-02T05:27:43.878+0000][507.616s][info ][gc,cpu      ] GC(83) User=0.89s Sys=0.01s Real=0.07s
[2025-12-02T05:27:43.880+0000][507.618s][info ][safepoint   ] Safepoint "G1CollectForAllocation", Time since last: 9685814311 ns, Reaching safepoint: 83330 ns, Cleanup: 18917 ns, At safepoint: 80264145 ns, Total: 80366392 ns
[2025-12-02T05:27:44.880+0000][508.618s][debug][safepoint   ] Safepoint synchronization initiated using futex wait barrier. (233 threads)
[2025-12-02T05:27:44.880+0000][508.618s][info ][safepoint   ] Safepoint "Cleanup", Time since last: 1000183616 ns, Reaching safepoint: 68962 ns, Cleanup: 152694 ns, At safepoint: 4819 ns, Total: 226475 ns
[2025-12-02T05:27:55.880+0000][519.620s][debug][safepoint   ] Safepoint synchronization initiated using futex wait barrier. (233 threads)
[2025-12-02T05:27:55.880+0000][519.620s][info ][safepoint   ] Safepoint "Cleanup", Time since last: 11001598640 ns, Reaching safepoint: 174004 ns, Cleanup: 17785 ns, At safepoint: 5280 ns, Total: 197069 ns
[2025-12-02T05:28:04.882+0000][528.621s][debug][safepoint   ] Safepoint synchronization initiated using futex wait barrier. (232 threads)
[2025-12-02T05:28:04.882+0000][528.622s][info ][safepoint   ] Safepoint "Cleanup", Time since last: 9001453994 ns, Reaching safepoint: 430167 ns, Cleanup: 60787 ns, At safepoint: 6733 ns, Total: 497687 ns
[2025-12-02T05:28:05.882+0000][529.622s][debug][safepoint   ] Safepoint synchronization initiated using futex wait barrier. (232 threads)
[2025-12-02T05:28:05.882+0000][529.622s][info ][safepoint   ] Safepoint "Cleanup", Time since last: 1000154296 ns, Reaching safepoint: 83731 ns, Cleanup: 15620 ns, At safepoint: 3126 ns, Total: 102477 ns
[2025-12-02T05:28:15.884+0000][539.623s][debug][safepoint   ] Safepoint synchronization initiated using futex wait barrier. (232 threads)
[2025-12-02T05:28:15.884+0000][539.623s][info ][safepoint   ] Safepoint "Cleanup", Time since last: 10001224546 ns, Reaching safepoint: 155269 ns, Cleanup: 20749 ns, At safepoint: 4529 ns, Total: 180547 ns
[2025-12-02T05:28:22.789+0000][546.528s][debug][safepoint   ] Safepoint synchronization initiated using futex wait barrier. (232 threads)
[2025-12-02T05:28:22.789+0000][546.528s][info ][safepoint   ] Safepoint "Cleanup", Time since last: 6904847597 ns, Reaching safepoint: 79593 ns, Cleanup: 89462 ns, At safepoint: 5481 ns, Total: 174536 ns
[2025-12-02T05:28:23.789+0000][547.529s][debug][safepoint   ] Safepoint synchronization initiated using futex wait barrier. (232 threads)
[2025-12-02T05:28:23.789+0000][547.529s][info ][safepoint   ] Safepoint "Cleanup", Time since last: 1000143076 ns, Reaching safepoint: 159397 ns, Cleanup: 40107 ns, At safepoint: 50106 ns, Total: 249610 ns
[2025-12-02T05:28:43.790+0000][567.531s][debug][safepoint   ] Safepoint synchronization initiated using futex wait barrier. (231 threads)
[2025-12-02T05:28:43.790+0000][567.532s][info ][safepoint   ] Safepoint "Cleanup", Time since last: 20002726921 ns, Reaching safepoint: 124850 ns, Cleanup: 15420 ns, At safepoint: 5190 ns, Total: 145460 ns
[2025-12-02T05:28:50.791+0000][574.533s][debug][safepoint   ] Safepoint synchronization initiated using futex wait barrier. (230 threads)
[2025-12-02T05:28:50.791+0000][574.533s][info ][safepoint   ] Safepoint "Cleanup", Time since last: 7000949384 ns, Reaching safepoint: 140290 ns, Cleanup: 28935 ns, At safepoint: 5160 ns, Total: 174385 ns
[2025-12-02T05:28:58.791+0000][582.534s][debug][safepoint   ] Safepoint synchronization initiated using futex wait barrier. (230 threads)
[2025-12-02T05:28:58.791+0000][582.534s][info ][safepoint   ] Safepoint "Cleanup", Time since last: 8001187444 ns, Reaching safepoint: 106885 ns, Cleanup: 19337 ns, At safepoint: 3106 ns, Total: 129328 ns
[2025-12-02T05:29:05.792+0000][589.535s][debug][safepoint   ] Safepoint synchronization initiated using futex wait barrier. (229 threads)
[2025-12-02T05:29:05.792+0000][589.535s][info ][safepoint   ] Safepoint "Cleanup", Time since last: 7001056402 ns, Reaching safepoint: 127805 ns, Cleanup: 18967 ns, At safepoint: 4478 ns, Total: 151250 ns
[2025-12-02T05:29:15.794+0000][599.537s][debug][safepoint   ] Safepoint synchronization initiated using futex wait barrier. (229 threads)
[2025-12-02T05:29:15.794+0000][599.538s][info ][safepoint   ] Safepoint "Cleanup", Time since last: 10001965718 ns, Reaching safepoint: 216536 ns, Cleanup: 51569 ns, At safepoint: 6774 ns, Total: 274879 ns
[2025-12-02T05:29:22.795+0000][606.539s][debug][safepoint   ] Safepoint synchronization initiated using futex wait barrier. (229 threads)
[2025-12-02T05:29:22.796+0000][606.539s][info ][safepoint   ] Safepoint "Cleanup", Time since last: 7000989719 ns, Reaching safepoint: 230293 ns, Cleanup: 25098 ns, At safepoint: 5701 ns, Total: 261092 ns
[2025-12-02T05:29:26.793+0000][610.539s][debug][safepoint   ] Safepoint synchronization initiated using futex wait barrier. (230 threads)
[2025-12-02T05:29:26.793+0000][610.540s][info ][safepoint   ] Safepoint "Cleanup", Time since last: 4000685513 ns, Reaching safepoint: 114921 ns, Cleanup: 25779 ns, At safepoint: 5000 ns, Total: 145700 ns
[2025-12-02T05:30:06.799+0000][650.547s][debug][safepoint   ] Safepoint synchronization initiated using futex wait barrier. (228 threads)
[2025-12-02T05:30:06.799+0000][650.547s][info ][safepoint   ] Safepoint "Cleanup", Time since last: 40006895572 ns, Reaching safepoint: 233981 ns, Cleanup: 23746 ns, At safepoint: 4719 ns, Total: 262446 ns
[2025-12-02T05:30:22.801+0000][666.549s][debug][safepoint   ] Safepoint synchronization initiated using futex wait barrier. (229 threads)
[2025-12-02T05:30:22.801+0000][666.549s][info ][safepoint   ] Safepoint "Cleanup", Time since last: 16002413441 ns, Reaching safepoint: 149618 ns, Cleanup: 33886 ns, At safepoint: 4238 ns, Total: 187742 ns
[2025-12-02T05:30:23.802+0000][667.550s][debug][safepoint   ] Safepoint synchronization initiated using futex wait barrier. (228 threads)
[2025-12-02T05:30:23.802+0000][667.550s][info ][safepoint   ] Safepoint "Cleanup", Time since last: 1000160756 ns, Reaching safepoint: 76618 ns, Cleanup: 14197 ns, At safepoint: 3186 ns, Total: 94001 ns
[2025-12-02T05:30:35.801+0000][679.551s][debug][safepoint   ] Safepoint synchronization initiated using futex wait barrier. (227 threads)
[2025-12-02T05:30:35.801+0000][679.551s][info ][safepoint   ] Safepoint "Cleanup", Time since last: 12001782675 ns, Reaching safepoint: 72409 ns, Cleanup: 12074 ns, At safepoint: 2795 ns, Total: 87278 ns
[2025-12-02T05:31:07.803+0000][711.556s][debug][safepoint   ] Safepoint synchronization initiated using futex wait barrier. (226 threads)
[2025-12-02T05:31:07.803+0000][711.556s][info ][safepoint   ] Safepoint "Cleanup", Time since last: 32004397242 ns, Reaching safepoint: 218772 ns, Cleanup: 21441 ns, At safepoint: 31321 ns, Total: 271534 ns
[2025-12-02T05:31:23.806+0000][727.559s][debug][safepoint   ] Safepoint synchronization initiated using futex wait barrier. (226 threads)
[2025-12-02T05:31:23.806+0000][727.559s][info ][safepoint   ] Safepoint "Cleanup", Time since last: 16002466560 ns, Reaching safepoint: 77720 ns, Cleanup: 12204 ns, At safepoint: 2805 ns, Total: 92729 ns
[2025-12-02T05:31:27.804+0000][731.559s][debug][safepoint   ] Safepoint synchronization initiated using futex wait barrier. (227 threads)
[2025-12-02T05:31:27.805+0000][731.560s][info ][safepoint   ] Safepoint "Cleanup", Time since last: 4000545017 ns, Reaching safepoint: 357389 ns, Cleanup: 30189 ns, At safepoint: 7444 ns, Total: 395022 ns
[2025-12-02T05:31:39.807+0000][743.562s][debug][safepoint   ] Safepoint synchronization initiated using futex wait barrier. (227 threads)
[2025-12-02T05:31:39.808+0000][743.563s][info ][safepoint   ] Safepoint "Cleanup", Time since last: 12002581210 ns, Reaching safepoint: 198989 ns, Cleanup: 54847 ns, At safepoint: 35890 ns, Total: 289726 ns
[2025-12-02T05:31:45.808+0000][749.563s][debug][safepoint   ] Safepoint synchronization initiated using futex wait barrier. (226 threads)
[2025-12-02T05:31:45.809+0000][749.564s][info ][safepoint   ] Safepoint "Cleanup", Time since last: 6000864701 ns, Reaching safepoint: 134642 ns, Cleanup: 25259 ns, At safepoint: 4759 ns, Total: 164660 ns
[2025-12-02T05:32:08.809+0000][772.566s][debug][safepoint   ] Safepoint synchronization initiated using futex wait barrier. (227 threads)
[2025-12-02T05:32:08.812+0000][772.569s][info ][safepoint   ] Safepoint "Cleanup", Time since last: 23002900696 ns, Reaching safepoint: 2253247 ns, Cleanup: 23956 ns, At safepoint: 240275 ns, Total: 2517478 ns
[2025-12-02T05:32:12.812+0000][776.570s][debug][safepoint   ] Safepoint synchronization initiated using futex wait barrier. (227 threads)
[2025-12-02T05:32:12.812+0000][776.570s][info ][safepoint   ] Safepoint "Cleanup", Time since last: 4000582975 ns, Reaching safepoint: 104242 ns, Cleanup: 14167 ns, At safepoint: 3527 ns, Total: 121936 ns
[2025-12-02T05:32:22.814+0000][786.571s][debug][safepoint   ] Safepoint synchronization initiated using futex wait barrier. (227 threads)
[2025-12-02T05:32:22.814+0000][786.571s][info ][safepoint   ] Safepoint "Cleanup", Time since last: 10001407649 ns, Reaching safepoint: 86798 ns, Cleanup: 19508 ns, At safepoint: 3667 ns, Total: 109973 ns
[2025-12-02T05:32:40.432+0000][804.192s][debug][safepoint   ] Safepoint synchronization initiated using futex wait barrier. (226 threads)
[2025-12-02T05:32:40.438+0000][804.198s][info ][gc,start    ] GC(84) Pause Young (Normal) (G1 Evacuation Pause)
[2025-12-02T05:32:40.439+0000][804.199s][info ][gc,task     ] GC(84) Using 13 workers of 13 for evacuation
[2025-12-02T05:32:40.685+0000][804.445s][info ][gc,phases   ] GC(84)   Pre Evacuate Collection Set: 16.3ms
[2025-12-02T05:32:40.685+0000][804.445s][info ][gc,phases   ] GC(84)   Merge Heap Roots: 6.4ms
[2025-12-02T05:32:40.685+0000][804.445s][info ][gc,phases   ] GC(84)   Evacuate Collection Set: 186.9ms
[2025-12-02T05:32:40.685+0000][804.445s][info ][gc,phases   ] GC(84)   Post Evacuate Collection Set: 30.4ms
[2025-12-02T05:32:40.685+0000][804.445s][info ][gc,phases   ] GC(84)   Other: 11.7ms
[2025-12-02T05:32:40.685+0000][804.445s][info ][gc,heap     ] GC(84) Eden regions: 459->0(475)
[2025-12-02T05:32:40.685+0000][804.445s][info ][gc,heap     ] GC(84) Survivor regions: 22->22(61)
[2025-12-02T05:32:40.685+0000][804.445s][info ][gc,heap     ] GC(84) Old regions: 314->314
[2025-12-02T05:32:40.685+0000][804.445s][info ][gc,heap     ] GC(84) Archive regions: 2->2
[2025-12-02T05:32:40.685+0000][804.445s][info ][gc,heap     ] GC(84) Humongous regions: 2->2
[2025-12-02T05:32:40.685+0000][804.445s][info ][gc,metaspace] GC(84) Metaspace: 196776K(198208K)->196776K(198208K) NonClass: 172814K(173568K)->172814K(173568K) Class: 23961K(24640K)->23961K(24640K)
[2025-12-02T05:32:40.686+0000][804.446s][info ][gc          ] GC(84) Pause Young (Normal) (G1 Evacuation Pause) 797M->338M(976M) 247.238ms
[2025-12-02T05:32:40.686+0000][804.446s][info ][gc,cpu      ] GC(84) User=2.76s Sys=0.00s Real=0.24s
[2025-12-02T05:32:40.688+0000][804.448s][info ][safepoint   ] Safepoint "G1CollectForAllocation", Time since last: 17620987812 ns, Reaching safepoint: 247900 ns, Cleanup: 50678 ns, At safepoint: 255381944 ns, Total: 255680522 ns
[2025-12-02T05:33:09.689+0000][833.451s][debug][safepoint   ] Safepoint synchronization initiated using futex wait barrier. (226 threads)
[2025-12-02T05:33:09.690+0000][833.452s][info ][safepoint   ] Safepoint "Cleanup", Time since last: 29003581266 ns, Reaching safepoint: 129030 ns, Cleanup: 12685 ns, At safepoint: 3977 ns, Total: 145692 ns
[2025-12-02T05:33:22.692+0000][846.454s][debug][safepoint   ] Safepoint synchronization initiated using futex wait barrier. (226 threads)
[2025-12-02T05:33:22.693+0000][846.455s][info ][safepoint   ] Safepoint "Cleanup", Time since last: 13001910767 ns, Reaching safepoint: 1065612 ns, Cleanup: 11082 ns, At safepoint: 189757 ns, Total: 1266451 ns
[2025-12-02T05:33:28.692+0000][852.455s][debug][safepoint   ] Safepoint synchronization initiated using futex wait barrier. (226 threads)
[2025-12-02T05:33:28.692+0000][852.456s][info ][safepoint   ] Safepoint "Cleanup", Time since last: 6000720364 ns, Reaching safepoint: 75176 ns, Cleanup: 16983 ns, At safepoint: 2745 ns, Total: 94904 ns
[2025-12-02T05:33:35.693+0000][859.457s][debug][safepoint   ] Safepoint synchronization initiated using futex wait barrier. (226 threads)
[2025-12-02T05:33:35.693+0000][859.457s][info ][safepoint   ] Safepoint "Cleanup", Time since last: 7001386506 ns, Reaching safepoint: 181792 ns, Cleanup: 15701 ns, At safepoint: 4258 ns, Total: 201751 ns
[2025-12-02T05:34:10.698+0000][894.464s][debug][safepoint   ] Safepoint synchronization initiated using futex wait barrier. (225 threads)
[2025-12-02T05:34:10.698+0000][894.464s][info ][safepoint   ] Safepoint "Cleanup", Time since last: 35006656776 ns, Reaching safepoint: 131324 ns, Cleanup: 14598 ns, At safepoint: 5480 ns, Total: 151402 ns
[2025-12-02T05:34:23.699+0000][907.466s][debug][safepoint   ] Safepoint synchronization initiated using futex wait barrier. (225 threads)
[2025-12-02T05:34:23.700+0000][907.466s][info ][safepoint   ] Safepoint "Cleanup", Time since last: 13001689635 ns, Reaching safepoint: 135021 ns, Cleanup: 21972 ns, At safepoint: 6873 ns, Total: 163866 ns
[2025-12-02T05:35:03.701+0000][947.471s][debug][safepoint   ] Safepoint synchronization initiated using futex wait barrier. (224 threads)
[2025-12-02T05:35:03.701+0000][947.471s][info ][safepoint   ] Safepoint "Cleanup", Time since last: 40005365633 ns, Reaching safepoint: 124932 ns, Cleanup: 12875 ns, At safepoint: 3046 ns, Total: 140853 ns
[2025-12-02T05:35:15.703+0000][959.473s][debug][safepoint   ] Safepoint synchronization initiated using futex wait barrier. (223 threads)
[2025-12-02T05:35:15.703+0000][959.473s][info ][safepoint   ] Safepoint "Cleanup", Time since last: 12001686460 ns, Reaching safepoint: 195388 ns, Cleanup: 22003 ns, At safepoint: 6322 ns, Total: 223713 ns
[2025-12-02T05:35:28.703+0000][972.475s][debug][safepoint   ] Safepoint synchronization initiated using futex wait barrier. (224 threads)
[2025-12-02T05:35:28.703+0000][972.475s][info ][safepoint   ] Safepoint "Cleanup", Time since last: 13002086002 ns, Reaching safepoint: 87977 ns, Cleanup: 18044 ns, At safepoint: 3146 ns, Total: 109167 ns
[2025-12-02T05:36:12.709+0000][1016.483s][debug][safepoint   ] Safepoint synchronization initiated using futex wait barrier. (225 threads)
[2025-12-02T05:36:12.709+0000][1016.483s][info ][safepoint   ] Safepoint "Cleanup", Time since last: 44007629161 ns, Reaching safepoint: 276675 ns, Cleanup: 15179 ns, At safepoint: 30359 ns, Total: 322213 ns
[2025-12-02T05:36:29.048+0000][1032.825s][debug][safepoint   ] Safepoint synchronization initiated using futex wait barrier. (224 threads)
[2025-12-02T05:36:29.048+0000][1032.825s][info ][safepoint   ] Safepoint "Cleanup", Time since last: 16341265919 ns, Reaching safepoint: 122386 ns, Cleanup: 14087 ns, At safepoint: 3837 ns, Total: 140310 ns
[2025-12-02T05:37:14.053+0000][1077.832s][debug][safepoint   ] Safepoint synchronization initiated using futex wait barrier. (224 threads)
[2025-12-02T05:37:14.054+0000][1077.833s][info ][safepoint   ] Safepoint "Cleanup", Time since last: 45007621550 ns, Reaching safepoint: 220747 ns, Cleanup: 27182 ns, At safepoint: 6403 ns, Total: 254332 ns
[2025-12-02T05:37:15.054+0000][1078.833s][debug][safepoint   ] Safepoint synchronization initiated using futex wait barrier. (224 threads)
[2025-12-02T05:37:15.054+0000][1078.833s][info ][safepoint   ] Safepoint "Cleanup", Time since last: 1000188702 ns, Reaching safepoint: 124040 ns, Cleanup: 29607 ns, At safepoint: 4088 ns, Total: 157735 ns
[2025-12-02T05:37:29.082+0000][1092.863s][debug][safepoint   ] Safepoint synchronization initiated using futex wait barrier. (225 threads)
[2025-12-02T05:37:29.082+0000][1092.863s][info ][safepoint   ] Safepoint "Cleanup", Time since last: 14029869074 ns, Reaching safepoint: 120511 ns, Cleanup: 30659 ns, At safepoint: 4238 ns, Total: 155408 ns
[2025-12-02T05:38:15.085+0000][1138.869s][debug][safepoint   ] Safepoint synchronization initiated using futex wait barrier. (224 threads)
[2025-12-02T05:38:15.086+0000][1138.870s][info ][safepoint   ] Safepoint "Cleanup", Time since last: 46006369767 ns, Reaching safepoint: 117126 ns, Cleanup: 19778 ns, At safepoint: 3858 ns, Total: 140762 ns
[2025-12-02T05:38:23.119+0000][1146.903s][debug][safepoint   ] Safepoint synchronization initiated using futex wait barrier. (224 threads)
[2025-12-02T05:38:23.119+0000][1146.903s][info ][safepoint   ] Safepoint "Cleanup", Time since last: 8033471571 ns, Reaching safepoint: 96225 ns, Cleanup: 18787 ns, At safepoint: 2695 ns, Total: 117707 ns
[2025-12-02T05:39:16.123+0000][1199.911s][debug][safepoint   ] Safepoint synchronization initiated using futex wait barrier. (225 threads)
[2025-12-02T05:39:16.123+0000][1199.911s][info ][safepoint   ] Safepoint "Cleanup", Time since last: 53007765822 ns, Reaching safepoint: 105806 ns, Cleanup: 68584 ns, At safepoint: 5430 ns, Total: 179820 ns
[2025-12-02T05:39:17.502+0000][1201.290s][debug][safepoint   ] Safepoint synchronization initiated using futex wait barrier. (225 threads)
[2025-12-02T05:39:17.506+0000][1201.294s][info ][gc,start    ] GC(85) Pause Young (Normal) (G1 Evacuation Pause)
[2025-12-02T05:39:17.506+0000][1201.294s][info ][gc,task     ] GC(85) Using 13 workers of 13 for evacuation
[2025-12-02T05:39:17.612+0000][1201.400s][info ][gc,phases   ] GC(85)   Pre Evacuate Collection Set: 5.0ms
[2025-12-02T05:39:17.612+0000][1201.400s][info ][gc,phases   ] GC(85)   Merge Heap Roots: 2.6ms
[2025-12-02T05:39:17.612+0000][1201.400s][info ][gc,phases   ] GC(85)   Evacuate Collection Set: 80.4ms
[2025-12-02T05:39:17.612+0000][1201.400s][info ][gc,phases   ] GC(85)   Post Evacuate Collection Set: 15.9ms
[2025-12-02T05:39:17.612+0000][1201.401s][info ][gc,phases   ] GC(85)   Other: 5.6ms
[2025-12-02T05:39:17.612+0000][1201.401s][info ][gc,heap     ] GC(85) Eden regions: 475->0(487)
[2025-12-02T05:39:17.612+0000][1201.401s][info ][gc,heap     ] GC(85) Survivor regions: 22->23(63)
[2025-12-02T05:39:17.612+0000][1201.401s][info ][gc,heap     ] GC(85) Old regions: 314->314
[2025-12-02T05:39:17.612+0000][1201.401s][info ][gc,heap     ] GC(85) Archive regions: 2->2
[2025-12-02T05:39:17.612+0000][1201.401s][info ][gc,heap     ] GC(85) Humongous regions: 2->2
[2025-12-02T05:39:17.612+0000][1201.401s][info ][gc,metaspace] GC(85) Metaspace: 196903K(198400K)->196903K(198400K) NonClass: 172937K(173696K)->172937K(173696K) Class: 23965K(24704K)->23965K(24704K)
[2025-12-02T05:39:17.613+0000][1201.401s][info ][gc          ] GC(85) Pause Young (Normal) (G1 Evacuation Pause) 813M->339M(976M) 106.836ms
[2025-12-02T05:39:17.613+0000][1201.401s][info ][gc,cpu      ] GC(85) User=1.23s Sys=0.00s Real=0.11s
[2025-12-02T05:39:17.614+0000][1201.403s][info ][safepoint   ] Safepoint "G1CollectForAllocation", Time since last: 1379300123 ns, Reaching safepoint: 105936 ns, Cleanup: 100847 ns, At safepoint: 111996550 ns, Total: 112203333 ns
[2025-12-02T05:39:22.615+0000][1206.404s][debug][safepoint   ] Safepoint synchronization initiated using futex wait barrier. (225 threads)
[2025-12-02T05:39:22.616+0000][1206.404s][info ][safepoint   ] Safepoint "Cleanup", Time since last: 5001186114 ns, Reaching safepoint: 76919 ns, Cleanup: 47832 ns, At safepoint: 4559 ns, Total: 129310 ns
[2025-12-02T05:39:28.615+0000][1212.405s][debug][safepoint   ] Safepoint synchronization initiated using futex wait barrier. (225 threads)
[2025-12-02T05:39:28.615+0000][1212.405s][info ][safepoint   ] Safepoint "Cleanup", Time since last: 6000897958 ns, Reaching safepoint: 88521 ns, Cleanup: 89403 ns, At safepoint: 7725 ns, Total: 185649 ns
[2025-12-02T05:40:23.181+0000][1266.973s][debug][safepoint   ] Safepoint synchronization initiated using futex wait barrier. (225 threads)
[2025-12-02T05:40:23.181+0000][1266.974s][info ][safepoint   ] Safepoint "Cleanup", Time since last: 54568466427 ns, Reaching safepoint: 111355 ns, Cleanup: 23415 ns, At safepoint: 8627 ns, Total: 143397 ns
[2025-12-02T05:41:18.210+0000][1322.007s][debug][safepoint   ] Safepoint synchronization initiated using futex wait barrier. (224 threads)
[2025-12-02T05:41:18.210+0000][1322.007s][info ][safepoint   ] Safepoint "Cleanup", Time since last: 55032907784 ns, Reaching safepoint: 108079 ns, Cleanup: 19337 ns, At safepoint: 3788 ns, Total: 131204 ns
[2025-12-02T05:41:23.210+0000][1327.007s][debug][safepoint   ] Safepoint synchronization initiated using futex wait barrier. (223 threads)
[2025-12-02T05:41:23.210+0000][1327.007s][info ][safepoint   ] Safepoint "Cleanup", Time since last: 5000620717 ns, Reaching safepoint: 75296 ns, Cleanup: 15199 ns, At safepoint: 3557 ns, Total: 94052 ns
[2025-12-02T05:41:25.211+0000][1329.008s][debug][safepoint   ] Safepoint synchronization initiated using futex wait barrier. (223 threads)
[2025-12-02T05:41:25.211+0000][1329.008s][info ][safepoint   ] Safepoint "Cleanup", Time since last: 2000267471 ns, Reaching safepoint: 68833 ns, Cleanup: 12905 ns, At safepoint: 2906 ns, Total: 84644 ns
[2025-12-02T05:41:29.210+0000][1333.008s][debug][safepoint   ] Safepoint synchronization initiated using futex wait barrier. (224 threads)
[2025-12-02T05:41:29.210+0000][1333.008s][info ][safepoint   ] Safepoint "Cleanup", Time since last: 4000540699 ns, Reaching safepoint: 119782 ns, Cleanup: 36751 ns, At safepoint: 3967 ns, Total: 160500 ns
[2025-12-02T05:41:35.211+0000][1339.009s][debug][safepoint   ] Safepoint synchronization initiated using futex wait barrier. (224 threads)
[2025-12-02T05:41:35.211+0000][1339.009s][info ][safepoint   ] Safepoint "Cleanup", Time since last: 6000757633 ns, Reaching safepoint: 102118 ns, Cleanup: 16171 ns, At safepoint: 5240 ns, Total: 123529 ns
[2025-12-02T05:41:55.214+0000][1359.013s][debug][safepoint   ] Safepoint synchronization initiated using futex wait barrier. (224 threads)
[2025-12-02T05:41:55.215+0000][1359.013s][info ][safepoint   ] Safepoint "Cleanup", Time since last: 20003461325 ns, Reaching safepoint: 198630 ns, Cleanup: 26771 ns, At safepoint: 7534 ns, Total: 232935 ns
[2025-12-02T05:41:58.184+0000][1361.984s][debug][safepoint   ] Safepoint synchronization initiated using futex wait barrier. (224 threads)
[2025-12-02T05:41:58.184+0000][1361.985s][info ][safepoint   ] Safepoint "Cleanup", Time since last: 2971436931 ns, Reaching safepoint: 214691 ns, Cleanup: 22182 ns, At safepoint: 51028 ns, Total: 287901 ns
[2025-12-02T05:41:59.184+0000][1362.985s][debug][safepoint   ] Safepoint synchronization initiated using futex wait barrier. (224 threads)
[2025-12-02T05:41:59.184+0000][1362.985s][info ][safepoint   ] Safepoint "Cleanup", Time since last: 1000148014 ns, Reaching safepoint: 104151 ns, Cleanup: 25790 ns, At safepoint: 4308 ns, Total: 134249 ns
[2025-12-02T05:42:19.245+0000][1383.046s][debug][safepoint   ] Safepoint synchronization initiated using futex wait barrier. (224 threads)
[2025-12-02T05:42:19.246+0000][1383.046s][info ][safepoint   ] Safepoint "Cleanup", Time since last: 20061113252 ns, Reaching safepoint: 333664 ns, Cleanup: 18175 ns, At safepoint: 4739 ns, Total: 356578 ns
[2025-12-02T05:42:23.246+0000][1387.047s][debug][safepoint   ] Safepoint synchronization initiated using futex wait barrier. (224 threads)
[2025-12-02T05:42:23.246+0000][1387.047s][info ][safepoint   ] Safepoint "Cleanup", Time since last: 4000445290 ns, Reaching safepoint: 75365 ns, Cleanup: 15310 ns, At safepoint: 3196 ns, Total: 93871 ns
[2025-12-02T05:42:55.248+0000][1419.051s][debug][safepoint   ] Safepoint synchronization initiated using futex wait barrier. (223 threads)
[2025-12-02T05:42:55.248+0000][1419.051s][info ][safepoint   ] Safepoint "Cleanup", Time since last: 32004002977 ns, Reaching safepoint: 104532 ns, Cleanup: 20129 ns, At safepoint: 4158 ns, Total: 128819 ns
[2025-12-02T05:43:20.251+0000][1444.055s][debug][safepoint   ] Safepoint synchronization initiated using futex wait barrier. (224 threads)
[2025-12-02T05:43:20.251+0000][1444.056s][info ][safepoint   ] Safepoint "Cleanup", Time since last: 25004306298 ns, Reaching safepoint: 89392 ns, Cleanup: 16542 ns, At safepoint: 4068 ns, Total: 110002 ns
[2025-12-02T05:43:29.249+0000][1453.057s][debug][safepoint   ] Safepoint synchronization initiated using futex wait barrier. (225 threads)
[2025-12-02T05:43:29.250+0000][1453.057s][info ][safepoint   ] Safepoint "Cleanup", Time since last: 9001119719 ns, Reaching safepoint: 83069 ns, Cleanup: 13827 ns, At safepoint: 11922 ns, Total: 108818 ns
[2025-12-02T05:43:37.251+0000][1461.058s][debug][safepoint   ] Safepoint synchronization initiated using futex wait barrier. (225 threads)
[2025-12-02T05:43:37.251+0000][1461.058s][info ][safepoint   ] Safepoint "Cleanup", Time since last: 8001060568 ns, Reaching safepoint: 92529 ns, Cleanup: 82039 ns, At safepoint: 31080 ns, Total: 205648 ns
[2025-12-02T05:44:21.309+0000][1505.118s][debug][safepoint   ] Safepoint synchronization initiated using futex wait barrier. (224 threads)
[2025-12-02T05:44:21.309+0000][1505.118s][info ][safepoint   ] Safepoint "Cleanup", Time since last: 44059678883 ns, Reaching safepoint: 135902 ns, Cleanup: 14398 ns, At safepoint: 3647 ns, Total: 153947 ns
[2025-12-02T05:45:22.346+0000][1566.160s][debug][safepoint   ] Safepoint synchronization initiated using futex wait barrier. (225 threads)
[2025-12-02T05:45:22.346+0000][1566.160s][info ][safepoint   ] Safepoint "Cleanup", Time since last: 61042236818 ns, Reaching safepoint: 285030 ns, Cleanup: 26441 ns, At safepoint: 5230 ns, Total: 316701 ns
[2025-12-02T05:45:29.346+0000][1573.161s][debug][safepoint   ] Safepoint synchronization initiated using futex wait barrier. (225 threads)
[2025-12-02T05:45:29.346+0000][1573.161s][info ][safepoint   ] Safepoint "Cleanup", Time since last: 7000856366 ns, Reaching safepoint: 123398 ns, Cleanup: 26260 ns, At safepoint: 4439 ns, Total: 154097 ns
[2025-12-02T05:46:05.215+0000][1609.033s][debug][safepoint   ] Safepoint synchronization initiated using futex wait barrier. (225 threads)
[2025-12-02T05:46:05.216+0000][1609.034s][info ][gc,start    ] GC(86) Pause Young (Normal) (G1 Evacuation Pause)
[2025-12-02T05:46:05.216+0000][1609.034s][info ][gc,task     ] GC(86) Using 13 workers of 13 for evacuation
[2025-12-02T05:46:05.285+0000][1609.102s][info ][gc,phases   ] GC(86)   Pre Evacuate Collection Set: 1.4ms
[2025-12-02T05:46:05.285+0000][1609.102s][info ][gc,phases   ] GC(86)   Merge Heap Roots: 1.5ms
[2025-12-02T05:46:05.285+0000][1609.102s][info ][gc,phases   ] GC(86)   Evacuate Collection Set: 59.9ms
[2025-12-02T05:46:05.285+0000][1609.102s][info ][gc,phases   ] GC(86)   Post Evacuate Collection Set: 5.2ms
[2025-12-02T05:46:05.285+0000][1609.102s][info ][gc,phases   ] GC(86)   Other: 0.6ms
[2025-12-02T05:46:05.285+0000][1609.102s][info ][gc,heap     ] GC(86) Eden regions: 487->0(499)
[2025-12-02T05:46:05.285+0000][1609.102s][info ][gc,heap     ] GC(86) Survivor regions: 23->22(64)
[2025-12-02T05:46:05.285+0000][1609.102s][info ][gc,heap     ] GC(86) Old regions: 314->314
[2025-12-02T05:46:05.285+0000][1609.102s][info ][gc,heap     ] GC(86) Archive regions: 2->2
[2025-12-02T05:46:05.285+0000][1609.102s][info ][gc,heap     ] GC(86) Humongous regions: 2->2
[2025-12-02T05:46:05.285+0000][1609.102s][info ][gc,metaspace] GC(86) Metaspace: 197129K(198592K)->197129K(198592K) NonClass: 173160K(173888K)->173160K(173888K) Class: 23969K(24704K)->23969K(24704K)
[2025-12-02T05:46:05.285+0000][1609.103s][info ][gc          ] GC(86) Pause Young (Normal) (G1 Evacuation Pause) 826M->338M(976M) 68.650ms
[2025-12-02T05:46:05.285+0000][1609.103s][info ][gc,cpu      ] GC(86) User=0.80s Sys=0.02s Real=0.07s
[2025-12-02T05:46:05.286+0000][1609.104s][info ][safepoint   ] Safepoint "G1CollectForAllocation", Time since last: 35871244337 ns, Reaching safepoint: 890335 ns, Cleanup: 6933 ns, At safepoint: 70317654 ns, Total: 71214922 ns
[2025-12-02T05:46:23.289+0000][1627.107s][debug][safepoint   ] Safepoint synchronization initiated using futex wait barrier. (225 threads)
[2025-12-02T05:46:23.290+0000][1627.107s][info ][safepoint   ] Safepoint "Cleanup", Time since last: 18002991370 ns, Reaching safepoint: 251453 ns, Cleanup: 36741 ns, At safepoint: 64103 ns, Total: 352297 ns
[2025-12-02T05:47:23.421+0000][1687.243s][debug][safepoint   ] Safepoint synchronization initiated using futex wait barrier. (223 threads)
[2025-12-02T05:47:23.421+0000][1687.243s][info ][safepoint   ] Safepoint "Cleanup", Time since last: 60135718236 ns, Reaching safepoint: 281754 ns, Cleanup: 26802 ns, At safepoint: 6142 ns, Total: 314698 ns
[2025-12-02T05:47:24.422+0000][1688.244s][debug][safepoint   ] Safepoint synchronization initiated using futex wait barrier. (224 threads)
[2025-12-02T05:47:24.422+0000][1688.244s][info ][safepoint   ] Safepoint "Cleanup", Time since last: 1000216594 ns, Reaching safepoint: 200066 ns, Cleanup: 49606 ns, At safepoint: 38544 ns, Total: 288216 ns
[2025-12-02T05:47:29.421+0000][1693.244s][debug][safepoint   ] Safepoint synchronization initiated using futex wait barrier. (225 threads)
[2025-12-02T05:47:29.421+0000][1693.245s][info ][safepoint   ] Safepoint "Cleanup", Time since last: 5000694243 ns, Reaching safepoint: 83251 ns, Cleanup: 13756 ns, At safepoint: 3617 ns, Total: 100624 ns
[2025-12-02T05:48:23.453+0000][1747.279s][debug][safepoint   ] Safepoint synchronization initiated using futex wait barrier. (225 threads)
[2025-12-02T05:48:23.453+0000][1747.279s][info ][safepoint   ] Safepoint "Cleanup", Time since last: 54034407267 ns, Reaching safepoint: 125942 ns, Cleanup: 19597 ns, At safepoint: 3748 ns, Total: 149287 ns
[2025-12-02T05:48:50.455+0000][1774.283s][debug][safepoint   ] Safepoint synchronization initiated using futex wait barrier. (226 threads)
[2025-12-02T05:48:50.456+0000][1774.283s][info ][safepoint   ] Safepoint "Cleanup", Time since last: 27004002395 ns, Reaching safepoint: 235595 ns, Cleanup: 33063 ns, At safepoint: 4759 ns, Total: 273417 ns
[2025-12-02T05:49:21.481+0000][1805.313s][debug][safepoint   ] Safepoint synchronization initiated using futex wait barrier. (224 threads)
[2025-12-02T05:49:21.482+0000][1805.313s][info ][safepoint   ] Safepoint "Cleanup", Time since last: 31029118062 ns, Reaching safepoint: 142055 ns, Cleanup: 21351 ns, At safepoint: 4870 ns, Total: 168276 ns
[2025-12-02T05:49:23.482+0000][1807.313s][debug][safepoint   ] Safepoint synchronization initiated using futex wait barrier. (226 threads)
[2025-12-02T05:49:23.482+0000][1807.313s][info ][safepoint   ] Safepoint "Cleanup", Time since last: 2000285246 ns, Reaching safepoint: 269743 ns, Cleanup: 29927 ns, At safepoint: 9048 ns, Total: 308718 ns
[2025-12-02T05:49:26.481+0000][1810.314s][debug][safepoint   ] Safepoint synchronization initiated using futex wait barrier. (226 threads)
[2025-12-02T05:49:26.481+0000][1810.314s][info ][safepoint   ] Safepoint "Cleanup", Time since last: 3000504155 ns, Reaching safepoint: 82830 ns, Cleanup: 19007 ns, At safepoint: 4168 ns, Total: 106005 ns
[2025-12-02T05:49:29.482+0000][1813.314s][debug][safepoint   ] Safepoint synchronization initiated using futex wait barrier. (227 threads)
[2025-12-02T05:49:29.482+0000][1813.315s][info ][safepoint   ] Safepoint "Cleanup", Time since last: 3000504593 ns, Reaching safepoint: 152134 ns, Cleanup: 25349 ns, At safepoint: 5391 ns, Total: 182874 ns
[2025-12-02T05:49:31.482+0000][1815.315s][debug][safepoint   ] Safepoint synchronization initiated using futex wait barrier. (226 threads)
[2025-12-02T05:49:31.482+0000][1815.315s][info ][safepoint   ] Safepoint "Cleanup", Time since last: 2000237510 ns, Reaching safepoint: 78040 ns, Cleanup: 11042 ns, At safepoint: 3647 ns, Total: 92729 ns
[2025-12-02T05:50:22.532+0000][1866.369s][debug][safepoint   ] Safepoint synchronization initiated using futex wait barrier. (224 threads)
[2025-12-02T05:50:22.532+0000][1866.369s][info ][safepoint   ] Safepoint "Cleanup", Time since last: 51053994601 ns, Reaching safepoint: 102820 ns, Cleanup: 51840 ns, At safepoint: 5561 ns, Total: 160221 ns
[2025-12-02T05:51:27.568+0000][1931.409s][debug][safepoint   ] Safepoint synchronization initiated using futex wait barrier. (225 threads)
[2025-12-02T05:51:27.568+0000][1931.409s][info ][safepoint   ] Safepoint "Cleanup", Time since last: 65039441238 ns, Reaching safepoint: 146533 ns, Cleanup: 26060 ns, At safepoint: 4649 ns, Total: 177242 ns
[2025-12-02T05:51:51.571+0000][1955.412s][debug][safepoint   ] Safepoint synchronization initiated using futex wait barrier. (225 threads)
[2025-12-02T05:51:51.571+0000][1955.412s][info ][safepoint   ] Safepoint "Cleanup", Time since last: 24003431803 ns, Reaching safepoint: 74233 ns, Cleanup: 14137 ns, At safepoint: 2666 ns, Total: 91036 ns
[2025-12-02T05:53:02.489+0000][2026.336s][debug][safepoint   ] Safepoint synchronization initiated using futex wait barrier. (224 threads)
[2025-12-02T05:53:02.490+0000][2026.337s][info ][gc,start    ] GC(87) Pause Young (Normal) (G1 Evacuation Pause)
[2025-12-02T05:53:02.490+0000][2026.337s][info ][gc,task     ] GC(87) Using 13 workers of 13 for evacuation
[2025-12-02T05:53:02.584+0000][2026.430s][info ][gc,phases   ] GC(87)   Pre Evacuate Collection Set: 1.4ms
[2025-12-02T05:53:02.584+0000][2026.430s][info ][gc,phases   ] GC(87)   Merge Heap Roots: 0.6ms
[2025-12-02T05:53:02.584+0000][2026.430s][info ][gc,phases   ] GC(87)   Evacuate Collection Set: 84.2ms
[2025-12-02T05:53:02.584+0000][2026.430s][info ][gc,phases   ] GC(87)   Post Evacuate Collection Set: 6.9ms
[2025-12-02T05:53:02.584+0000][2026.430s][info ][gc,phases   ] GC(87)   Other: 0.4ms
[2025-12-02T05:53:02.584+0000][2026.431s][info ][gc,heap     ] GC(87) Eden regions: 499->0(506)
[2025-12-02T05:53:02.584+0000][2026.431s][info ][gc,heap     ] GC(87) Survivor regions: 22->22(66)
[2025-12-02T05:53:02.584+0000][2026.431s][info ][gc,heap     ] GC(87) Old regions: 314->314
[2025-12-02T05:53:02.584+0000][2026.431s][info ][gc,heap     ] GC(87) Archive regions: 2->2
[2025-12-02T05:53:02.584+0000][2026.431s][info ][gc,heap     ] GC(87) Humongous regions: 2->2
[2025-12-02T05:53:02.584+0000][2026.431s][info ][gc,metaspace] GC(87) Metaspace: 197242K(198784K)->197242K(198784K) NonClass: 173272K(174080K)->173272K(174080K) Class: 23969K(24704K)->23969K(24704K)
[2025-12-02T05:53:02.584+0000][2026.431s][info ][gc          ] GC(87) Pause Young (Normal) (G1 Evacuation Pause) 837M->338M(976M) 93.673ms
[2025-12-02T05:53:02.584+0000][2026.431s][info ][gc,cpu      ] GC(87) User=1.09s Sys=0.04s Real=0.10s
[2025-12-02T05:53:02.585+0000][2026.432s][info ][safepoint   ] Safepoint "G1CollectForAllocation", Time since last: 70923476960 ns, Reaching safepoint: 1002480 ns, Cleanup: 6302 ns, At safepoint: 95265171 ns, Total: 96273953 ns
[2025-12-02T05:53:03.585+0000][2027.432s][debug][safepoint   ] Safepoint synchronization initiated using futex wait barrier. (224 threads)
[2025-12-02T05:53:03.586+0000][2027.432s][info ][safepoint   ] Safepoint "Cleanup", Time since last: 1000190833 ns, Reaching safepoint: 90434 ns, Cleanup: 45839 ns, At safepoint: 4308 ns, Total: 140581 ns
[2025-12-02T05:53:05.586+0000][2029.433s][debug][safepoint   ] Safepoint synchronization initiated using futex wait barrier. (224 threads)
[2025-12-02T05:53:05.586+0000][2029.433s][info ][safepoint   ] Safepoint "Cleanup", Time since last: 2000242405 ns, Reaching safepoint: 136032 ns, Cleanup: 19578 ns, At safepoint: 4188 ns, Total: 159798 ns
[2025-12-02T05:53:29.642+0000][2053.492s][debug][safepoint   ] Safepoint synchronization initiated using futex wait barrier. (223 threads)
[2025-12-02T05:53:29.643+0000][2053.492s][info ][safepoint   ] Safepoint "Cleanup", Time since last: 24059110824 ns, Reaching safepoint: 97108 ns, Cleanup: 23525 ns, At safepoint: 5791 ns, Total: 126424 ns
[2025-12-02T05:53:30.643+0000][2054.492s][debug][safepoint   ] Safepoint synchronization initiated using futex wait barrier. (224 threads)
[2025-12-02T05:53:30.643+0000][2054.492s][info ][safepoint   ] Safepoint "Cleanup", Time since last: 1000163047 ns, Reaching safepoint: 91436 ns, Cleanup: 28205 ns, At safepoint: 4067 ns, Total: 123708 ns
[2025-12-02T05:54:22.692+0000][2106.544s][debug][safepoint   ] Safepoint synchronization initiated using futex wait barrier. (226 threads)
[2025-12-02T05:54:22.692+0000][2106.544s][info ][safepoint   ] Safepoint "Cleanup", Time since last: 52051553664 ns, Reaching safepoint: 77390 ns, Cleanup: 14227 ns, At safepoint: 2766 ns, Total: 94383 ns
[2025-12-02T05:54:23.693+0000][2107.544s][debug][safepoint   ] Safepoint synchronization initiated using futex wait barrier. (226 threads)
[2025-12-02T05:54:23.693+0000][2107.544s][info ][safepoint   ] Safepoint "Cleanup", Time since last: 1000451399 ns, Reaching safepoint: 83682 ns, Cleanup: 14858 ns, At safepoint: 3026 ns, Total: 101566 ns
[2025-12-02T05:54:30.692+0000][2114.545s][debug][safepoint   ] Safepoint synchronization initiated using futex wait barrier. (224 threads)
[2025-12-02T05:54:30.692+0000][2114.545s][info ][safepoint   ] Safepoint "Cleanup", Time since last: 7000841215 ns, Reaching safepoint: 95714 ns, Cleanup: 39677 ns, At safepoint: 4909 ns, Total: 140300 ns
[2025-12-02T05:54:50.695+0000][2134.548s][debug][safepoint   ] Safepoint synchronization initiated using futex wait barrier. (224 threads)
[2025-12-02T05:54:50.695+0000][2134.548s][info ][safepoint   ] Safepoint "Cleanup", Time since last: 20002521465 ns, Reaching safepoint: 79403 ns, Cleanup: 12745 ns, At safepoint: 3286 ns, Total: 95434 ns
[2025-12-02T05:55:22.721+0000][2166.576s][debug][safepoint   ] Safepoint synchronization initiated using futex wait barrier. (224 threads)
[2025-12-02T05:55:22.721+0000][2166.576s][info ][safepoint   ] Safepoint "Cleanup", Time since last: 32027996155 ns, Reaching safepoint: 90434 ns, Cleanup: 14588 ns, At safepoint: 2916 ns, Total: 107938 ns
[2025-12-02T05:55:30.720+0000][2174.577s][debug][safepoint   ] Safepoint synchronization initiated using futex wait barrier. (224 threads)
[2025-12-02T05:55:30.720+0000][2174.578s][info ][safepoint   ] Safepoint "Cleanup", Time since last: 8001143524 ns, Reaching safepoint: 186860 ns, Cleanup: 125182 ns, At safepoint: 13946 ns, Total: 325988 ns
[2025-12-02T05:55:31.720+0000][2175.578s][debug][safepoint   ] Safepoint synchronization initiated using futex wait barrier. (224 threads)
[2025-12-02T05:55:31.720+0000][2175.578s][info ][safepoint   ] Safepoint "Cleanup", Time since last: 1000169591 ns, Reaching safepoint: 70616 ns, Cleanup: 17083 ns, At safepoint: 3056 ns, Total: 90755 ns
[2025-12-02T05:55:37.901+0000][2181.758s][debug][safepoint   ] ... found polling page loop exception at pc = 0x000070141934605f, stub =0x0000701418a04400
[2025-12-02T05:55:38.902+0000][2182.760s][debug][safepoint   ] Safepoint synchronization initiated using futex wait barrier. (225 threads)
[2025-12-02T05:55:38.903+0000][2182.760s][info ][safepoint   ] Safepoint "Cleanup", Time since last: 7181756710 ns, Reaching safepoint: 314247 ns, Cleanup: 172633 ns, At safepoint: 73131 ns, Total: 560011 ns
[2025-12-02T05:55:40.525+0000][2184.382s][debug][safepoint   ] Safepoint synchronization initiated using futex wait barrier. (238 threads)
[2025-12-02T05:55:40.525+0000][2184.383s][info ][safepoint   ] Safepoint "Cleanup", Time since last: 1622092419 ns, Reaching safepoint: 113138 ns, Cleanup: 290230 ns, At safepoint: 11923 ns, Total: 415291 ns
[2025-12-02T05:55:55.526+0000][2199.385s][debug][safepoint   ] Safepoint synchronization initiated using futex wait barrier. (234 threads)
[2025-12-02T05:55:55.526+0000][2199.385s][info ][safepoint   ] Safepoint "Cleanup", Time since last: 15002189374 ns, Reaching safepoint: 316159 ns, Cleanup: 32984 ns, At safepoint: 5680 ns, Total: 354823 ns
[2025-12-02T05:55:58.526+0000][2202.386s][debug][safepoint   ] Safepoint synchronization initiated using futex wait barrier. (234 threads)
[2025-12-02T05:55:58.527+0000][2202.386s][info ][safepoint   ] Safepoint "Cleanup", Time since last: 3000532025 ns, Reaching safepoint: 170849 ns, Cleanup: 24958 ns, At safepoint: 5411 ns, Total: 201218 ns
[2025-12-02T05:56:06.528+0000][2210.387s][debug][safepoint   ] Safepoint synchronization initiated using futex wait barrier. (234 threads)
[2025-12-02T05:56:06.528+0000][2210.387s][info ][safepoint   ] Safepoint "Cleanup", Time since last: 8001307100 ns, Reaching safepoint: 147614 ns, Cleanup: 15920 ns, At safepoint: 3848 ns, Total: 167382 ns
[2025-12-02T05:56:16.530+0000][2220.389s][debug][safepoint   ] Safepoint synchronization initiated using futex wait barrier. (234 threads)
[2025-12-02T05:56:16.530+0000][2220.389s][info ][safepoint   ] Safepoint "Cleanup", Time since last: 10001452647 ns, Reaching safepoint: 401724 ns, Cleanup: 29507 ns, At safepoint: 7394 ns, Total: 438625 ns
[2025-12-02T05:56:18.754+0000][2222.614s][debug][safepoint   ] Safepoint synchronization initiated using futex wait barrier. (234 threads)
[2025-12-02T05:56:18.754+0000][2222.614s][info ][safepoint   ] Safepoint "Cleanup", Time since last: 2224312710 ns, Reaching safepoint: 77630 ns, Cleanup: 12834 ns, At safepoint: 2645 ns, Total: 93109 ns
[2025-12-02T05:56:22.755+0000][2226.614s][debug][safepoint   ] Safepoint synchronization initiated using futex wait barrier. (234 threads)
[2025-12-02T05:56:22.755+0000][2226.614s][info ][safepoint   ] Safepoint "Cleanup", Time since last: 4000457994 ns, Reaching safepoint: 98701 ns, Cleanup: 17393 ns, At safepoint: 4429 ns, Total: 120523 ns
[2025-12-02T05:56:23.755+0000][2227.614s][debug][safepoint   ] Safepoint synchronization initiated using futex wait barrier. (235 threads)
[2025-12-02T05:56:23.755+0000][2227.615s][info ][safepoint   ] Safepoint "Cleanup", Time since last: 1000130798 ns, Reaching safepoint: 137840 ns, Cleanup: 33102 ns, At safepoint: 4528 ns, Total: 175470 ns
[2025-12-02T05:56:31.754+0000][2235.616s][debug][safepoint   ] Safepoint synchronization initiated using futex wait barrier. (235 threads)
[2025-12-02T05:56:31.754+0000][2235.616s][info ][safepoint   ] Safepoint "Cleanup", Time since last: 8001008589 ns, Reaching safepoint: 103479 ns, Cleanup: 13637 ns, At safepoint: 3256 ns, Total: 120372 ns
[2025-12-02T05:56:32.754+0000][2236.616s][debug][safepoint   ] Safepoint synchronization initiated using futex wait barrier. (236 threads)
[2025-12-02T05:56:32.754+0000][2236.616s][info ][safepoint   ] Safepoint "Cleanup", Time since last: 1000133687 ns, Reaching safepoint: 71898 ns, Cleanup: 12625 ns, At safepoint: 2635 ns, Total: 87158 ns
[2025-12-02T05:56:42.755+0000][2246.617s][debug][safepoint   ] Safepoint synchronization initiated using futex wait barrier. (229 threads)
[2025-12-02T05:56:42.756+0000][2246.618s][info ][safepoint   ] Safepoint "Cleanup", Time since last: 10001436823 ns, Reaching safepoint: 329475 ns, Cleanup: 27924 ns, At safepoint: 6863 ns, Total: 364262 ns
[2025-12-02T05:57:22.760+0000][2286.624s][debug][safepoint   ] Safepoint synchronization initiated using futex wait barrier. (229 threads)
[2025-12-02T05:57:22.761+0000][2286.624s][info ][safepoint   ] Safepoint "Cleanup", Time since last: 40005845795 ns, Reaching safepoint: 261164 ns, Cleanup: 27493 ns, At safepoint: 41590 ns, Total: 330247 ns
[2025-12-02T05:57:30.760+0000][2294.626s][debug][safepoint   ] Safepoint synchronization initiated using futex wait barrier. (230 threads)
[2025-12-02T05:57:30.760+0000][2294.626s][info ][safepoint   ] Safepoint "Cleanup", Time since last: 8001747193 ns, Reaching safepoint: 312392 ns, Cleanup: 39737 ns, At safepoint: 6001 ns, Total: 358130 ns
[2025-12-02T05:57:33.761+0000][2297.626s][debug][safepoint   ] Safepoint synchronization initiated using futex wait barrier. (229 threads)
[2025-12-02T05:57:33.761+0000][2297.627s][info ][safepoint   ] Safepoint "Cleanup", Time since last: 3000410625 ns, Reaching safepoint: 140771 ns, Cleanup: 19398 ns, At safepoint: 3757 ns, Total: 163926 ns
[2025-12-02T05:57:36.761+0000][2300.627s][debug][safepoint   ] Safepoint synchronization initiated using futex wait barrier. (229 threads)
[2025-12-02T05:57:36.762+0000][2300.627s][info ][safepoint   ] Safepoint "Cleanup", Time since last: 3000476971 ns, Reaching safepoint: 117046 ns, Cleanup: 20279 ns, At safepoint: 4047 ns, Total: 141372 ns
[2025-12-02T05:57:45.763+0000][2309.628s][debug][safepoint   ] Safepoint synchronization initiated using futex wait barrier. (228 threads)
[2025-12-02T05:57:45.763+0000][2309.628s][info ][safepoint   ] Safepoint "Cleanup", Time since last: 9001142410 ns, Reaching safepoint: 75576 ns, Cleanup: 13045 ns, At safepoint: 3066 ns, Total: 91687 ns
[2025-12-02T05:57:46.763+0000][2310.629s][debug][safepoint   ] Safepoint synchronization initiated using futex wait barrier. (228 threads)
[2025-12-02T05:57:46.763+0000][2310.629s][info ][safepoint   ] Safepoint "Cleanup", Time since last: 1000140111 ns, Reaching safepoint: 67039 ns, Cleanup: 13256 ns, At safepoint: 3276 ns, Total: 83571 ns
[2025-12-02T05:57:48.763+0000][2312.629s][debug][safepoint   ] Safepoint synchronization initiated using futex wait barrier. (228 threads)
[2025-12-02T05:57:48.764+0000][2312.629s][info ][safepoint   ] Safepoint "Cleanup", Time since last: 2000317971 ns, Reaching safepoint: 265492 ns, Cleanup: 24146 ns, At safepoint: 35168 ns, Total: 324806 ns
[2025-12-02T05:58:10.764+0000][2334.632s][debug][safepoint   ] Safepoint synchronization initiated using futex wait barrier. (228 threads)
[2025-12-02T05:58:10.767+0000][2334.635s][info ][safepoint   ] Safepoint "Cleanup", Time since last: 22002731623 ns, Reaching safepoint: 2494429 ns, Cleanup: 15089 ns, At safepoint: 229783 ns, Total: 2739301 ns
[2025-12-02T05:58:32.769+0000][2356.639s][debug][safepoint   ] Safepoint synchronization initiated using futex wait barrier. (227 threads)
[2025-12-02T05:58:32.769+0000][2356.639s][info ][safepoint   ] Safepoint "Cleanup", Time since last: 22003751003 ns, Reaching safepoint: 105714 ns, Cleanup: 15710 ns, At safepoint: 4148 ns, Total: 125572 ns
[2025-12-02T05:58:35.769+0000][2359.639s][debug][safepoint   ] Safepoint synchronization initiated using futex wait barrier. (228 threads)
[2025-12-02T05:58:35.769+0000][2359.639s][info ][safepoint   ] Safepoint "Cleanup", Time since last: 3000360248 ns, Reaching safepoint: 75916 ns, Cleanup: 12605 ns, At safepoint: 2985 ns, Total: 91506 ns
[2025-12-02T05:58:36.769+0000][2360.639s][debug][safepoint   ] Safepoint synchronization initiated using futex wait barrier. (228 threads)
[2025-12-02T05:58:36.770+0000][2360.639s][info ][safepoint   ] Safepoint "Cleanup", Time since last: 1000134208 ns, Reaching safepoint: 72570 ns, Cleanup: 12033 ns, At safepoint: 3577 ns, Total: 88180 ns
[2025-12-02T05:58:38.770+0000][2362.640s][debug][safepoint   ] Safepoint synchronization initiated using futex wait barrier. (228 threads)
[2025-12-02T05:58:38.770+0000][2362.640s][info ][safepoint   ] Safepoint "Cleanup", Time since last: 2000239303 ns, Reaching safepoint: 99412 ns, Cleanup: 21201 ns, At safepoint: 3847 ns, Total: 124460 ns
[2025-12-02T05:59:23.858+0000][2407.730s][debug][safepoint   ] Safepoint synchronization initiated using futex wait barrier. (228 threads)
[2025-12-02T05:59:23.858+0000][2407.730s][info ][safepoint   ] Safepoint "Cleanup", Time since last: 45090023446 ns, Reaching safepoint: 184926 ns, Cleanup: 34427 ns, At safepoint: 6382 ns, Total: 225735 ns
[2025-12-02T05:59:30.857+0000][2414.731s][debug][safepoint   ] Safepoint synchronization initiated using futex wait barrier. (230 threads)
[2025-12-02T05:59:30.858+0000][2414.731s][info ][safepoint   ] Safepoint "Cleanup", Time since last: 7001043877 ns, Reaching safepoint: 192201 ns, Cleanup: 33845 ns, At safepoint: 4729 ns, Total: 230775 ns
[2025-12-02T05:59:35.858+0000][2419.732s][debug][safepoint   ] Safepoint synchronization initiated using futex wait barrier. (229 threads)
[2025-12-02T05:59:35.858+0000][2419.732s][info ][safepoint   ] Safepoint "Cleanup", Time since last: 5000657101 ns, Reaching safepoint: 110653 ns, Cleanup: 19197 ns, At safepoint: 5170 ns, Total: 135020 ns
[2025-12-02T05:59:40.440+0000][2424.313s][debug][safepoint   ] Safepoint synchronization initiated using futex wait barrier. (229 threads)
[2025-12-02T05:59:40.442+0000][2424.316s][info ][gc,start    ] GC(88) Pause Young (Normal) (G1 Evacuation Pause)
[2025-12-02T05:59:40.442+0000][2424.316s][info ][gc,task     ] GC(88) Using 13 workers of 13 for evacuation
[2025-12-02T05:59:40.563+0000][2424.437s][info ][gc,phases   ] GC(88)   Pre Evacuate Collection Set: 5.3ms
[2025-12-02T05:59:40.563+0000][2424.437s][info ][gc,phases   ] GC(88)   Merge Heap Roots: 1.8ms
[2025-12-02T05:59:40.563+0000][2424.437s][info ][gc,phases   ] GC(88)   Evacuate Collection Set: 99.6ms
[2025-12-02T05:59:40.563+0000][2424.437s][info ][gc,phases   ] GC(88)   Post Evacuate Collection Set: 12.5ms
[2025-12-02T05:59:40.563+0000][2424.437s][info ][gc,phases   ] GC(88)   Other: 3.7ms
[2025-12-02T05:59:40.563+0000][2424.437s][info ][gc,heap     ] GC(88) Eden regions: 506->0(509)
[2025-12-02T05:59:40.563+0000][2424.437s][info ][gc,heap     ] GC(88) Survivor regions: 22->21(66)
[2025-12-02T05:59:40.563+0000][2424.437s][info ][gc,heap     ] GC(88) Old regions: 314->317
[2025-12-02T05:59:40.563+0000][2424.437s][info ][gc,heap     ] GC(88) Archive regions: 2->2
[2025-12-02T05:59:40.563+0000][2424.437s][info ][gc,heap     ] GC(88) Humongous regions: 2->2
[2025-12-02T05:59:40.563+0000][2424.437s][info ][gc,metaspace] GC(88) Metaspace: 198665K(200128K)->198665K(200128K) NonClass: 174570K(175296K)->174570K(175296K) Class: 24095K(24832K)->24095K(24832K)
[2025-12-02T05:59:40.563+0000][2424.437s][info ][gc          ] GC(88) Pause Young (Normal) (G1 Evacuation Pause) 844M->340M(976M) 121.225ms
[2025-12-02T05:59:40.563+0000][2424.437s][info ][gc,cpu      ] GC(88) User=1.41s Sys=0.00s Real=0.12s
[2025-12-02T05:59:40.565+0000][2424.438s][info ][safepoint   ] Safepoint "G1CollectForAllocation", Time since last: 4581135169 ns, Reaching safepoint: 140791 ns, Cleanup: 64735 ns, At safepoint: 125021427 ns, Total: 125226953 ns
[2025-12-02T05:59:50.566+0000][2434.440s][debug][safepoint   ] Safepoint synchronization initiated using futex wait barrier. (229 threads)
[2025-12-02T05:59:50.566+0000][2434.440s][info ][safepoint   ] Safepoint "Cleanup", Time since last: 10001467980 ns, Reaching safepoint: 77158 ns, Cleanup: 16893 ns, At safepoint: 3407 ns, Total: 97458 ns
[2025-12-02T06:00:18.890+0000][2462.767s][debug][safepoint   ] Safepoint synchronization initiated using futex wait barrier. (233 threads)
[2025-12-02T06:00:18.890+0000][2462.767s][info ][safepoint   ] Safepoint "Cleanup", Time since last: 28326664760 ns, Reaching safepoint: 87048 ns, Cleanup: 39887 ns, At safepoint: 3687 ns, Total: 130622 ns
[2025-12-02T06:00:22.891+0000][2466.767s][debug][safepoint   ] Safepoint synchronization initiated using futex wait barrier. (234 threads)
[2025-12-02T06:00:22.891+0000][2466.767s][info ][safepoint   ] Safepoint "Cleanup", Time since last: 4000552463 ns, Reaching safepoint: 133036 ns, Cleanup: 21161 ns, At safepoint: 4729 ns, Total: 158926 ns
[2025-12-02T06:00:23.891+0000][2467.768s][debug][safepoint   ] Safepoint synchronization initiated using futex wait barrier. (234 threads)
[2025-12-02T06:00:23.891+0000][2467.768s][info ][safepoint   ] Safepoint "Cleanup", Time since last: 1000180515 ns, Reaching safepoint: 166381 ns, Cleanup: 19418 ns, At safepoint: 5500 ns, Total: 191299 ns
[2025-12-02T06:00:25.890+0000][2469.768s][debug][safepoint   ] Safepoint synchronization initiated using futex wait barrier. (234 threads)
[2025-12-02T06:00:25.890+0000][2469.769s][info ][safepoint   ] Safepoint "Cleanup", Time since last: 2000294012 ns, Reaching safepoint: 338954 ns, Cleanup: 29897 ns, At safepoint: 9989 ns, Total: 378840 ns
[2025-12-02T06:00:32.892+0000][2476.770s][debug][safepoint   ] Safepoint synchronization initiated using futex wait barrier. (234 threads)
[2025-12-02T06:00:32.892+0000][2476.770s][info ][safepoint   ] Safepoint "Cleanup", Time since last: 7001096824 ns, Reaching safepoint: 103349 ns, Cleanup: 12094 ns, At safepoint: 4669 ns, Total: 120112 ns
[2025-12-02T06:00:35.892+0000][2479.770s][debug][safepoint   ] Safepoint synchronization initiated using futex wait barrier. (233 threads)
[2025-12-02T06:00:35.892+0000][2479.770s][info ][safepoint   ] Safepoint "Cleanup", Time since last: 3000366160 ns, Reaching safepoint: 70166 ns, Cleanup: 10660 ns, At safepoint: 2976 ns, Total: 83802 ns
[2025-12-02T06:00:36.892+0000][2480.770s][debug][safepoint   ] Safepoint synchronization initiated using futex wait barrier. (234 threads)
[2025-12-02T06:00:36.892+0000][2480.770s][info ][safepoint   ] Safepoint "Cleanup", Time since last: 1000115710 ns, Reaching safepoint: 66478 ns, Cleanup: 12113 ns, At safepoint: 2745 ns, Total: 81336 ns
[2025-12-02T06:00:54.895+0000][2498.773s][debug][safepoint   ] Safepoint synchronization initiated using futex wait barrier. (234 threads)
[2025-12-02T06:00:54.895+0000][2498.773s][info ][safepoint   ] Safepoint "Cleanup", Time since last: 18002287278 ns, Reaching safepoint: 80425 ns, Cleanup: 7705 ns, At safepoint: 3798 ns, Total: 91928 ns
[2025-12-02T06:00:56.893+0000][2500.773s][debug][safepoint   ] Safepoint synchronization initiated using futex wait barrier. (234 threads)
[2025-12-02T06:00:56.893+0000][2500.773s][info ][safepoint   ] Safepoint "Cleanup", Time since last: 2000263288 ns, Reaching safepoint: 204664 ns, Cleanup: 28766 ns, At safepoint: 69764 ns, Total: 303194 ns
[2025-12-02T06:01:05.895+0000][2509.774s][debug][safepoint   ] Safepoint synchronization initiated using futex wait barrier. (234 threads)
[2025-12-02T06:01:05.896+0000][2509.776s][info ][safepoint   ] Safepoint "Cleanup", Time since last: 9001132518 ns, Reaching safepoint: 1113277 ns, Cleanup: 20780 ns, At safepoint: 93571 ns, Total: 1227628 ns
[2025-12-02T06:01:30.923+0000][2534.805s][debug][safepoint   ] Safepoint synchronization initiated using futex wait barrier. (230 threads)
[2025-12-02T06:01:30.923+0000][2534.805s][info ][safepoint   ] Safepoint "Cleanup", Time since last: 25029459124 ns, Reaching safepoint: 83030 ns, Cleanup: 14738 ns, At safepoint: 3396 ns, Total: 101164 ns
[2025-12-02T06:02:25.960+0000][2589.847s][debug][safepoint   ] Safepoint synchronization initiated using futex wait barrier. (228 threads)
[2025-12-02T06:02:25.961+0000][2589.847s][info ][safepoint   ] Safepoint "Cleanup", Time since last: 55041332884 ns, Reaching safepoint: 189084 ns, Cleanup: 31481 ns, At safepoint: 6723 ns, Total: 227288 ns
[2025-12-02T06:03:16.968+0000][2640.856s][debug][safepoint   ] Safepoint synchronization initiated using futex wait barrier. (228 threads)
[2025-12-02T06:03:16.968+0000][2640.856s][info ][safepoint   ] Safepoint "Cleanup", Time since last: 51009074733 ns, Reaching safepoint: 148217 ns, Cleanup: 26330 ns, At safepoint: 5261 ns, Total: 179808 ns
[2025-12-02T06:03:30.993+0000][2654.883s][debug][safepoint   ] Safepoint synchronization initiated using futex wait barrier. (229 threads)
[2025-12-02T06:03:30.993+0000][2654.883s][info ][safepoint   ] Safepoint "Cleanup", Time since last: 14027117725 ns, Reaching safepoint: 156782 ns, Cleanup: 34717 ns, At safepoint: 5120 ns, Total: 196619 ns
[2025-12-02T06:03:39.994+0000][2663.885s][debug][safepoint   ] Safepoint synchronization initiated using futex wait barrier. (228 threads)
[2025-12-02T06:03:39.994+0000][2663.885s][info ][safepoint   ] Safepoint "Cleanup", Time since last: 9001163349 ns, Reaching safepoint: 87158 ns, Cleanup: 14478 ns, At safepoint: 4259 ns, Total: 105895 ns
[2025-12-02T06:04:41.027+0000][2724.921s][debug][safepoint   ] Safepoint synchronization initiated using futex wait barrier. (228 threads)
[2025-12-02T06:04:41.027+0000][2724.921s][info ][safepoint   ] Safepoint "Cleanup", Time since last: 61036428255 ns, Reaching safepoint: 165739 ns, Cleanup: 17143 ns, At safepoint: 3747 ns, Total: 186629 ns
[2025-12-02T06:04:51.028+0000][2734.922s][debug][safepoint   ] Safepoint synchronization initiated using futex wait barrier. (228 threads)
[2025-12-02T06:04:51.028+0000][2734.923s][info ][safepoint   ] Safepoint "Cleanup", Time since last: 10001223026 ns, Reaching safepoint: 71198 ns, Cleanup: 11462 ns, At safepoint: 2995 ns, Total: 85655 ns
[2025-12-02T06:04:55.029+0000][2738.923s][debug][safepoint   ] Safepoint synchronization initiated using futex wait barrier. (228 threads)
[2025-12-02T06:04:55.029+0000][2738.923s][info ][safepoint   ] Safepoint "Cleanup", Time since last: 4000579683 ns, Reaching safepoint: 64163 ns, Cleanup: 12034 ns, At safepoint: 3406 ns, Total: 79603 ns
[2025-12-02T06:05:31.057+0000][2774.956s][debug][safepoint   ] Safepoint synchronization initiated using futex wait barrier. (229 threads)
[2025-12-02T06:05:31.057+0000][2774.956s][info ][safepoint   ] Safepoint "Cleanup", Time since last: 36032346503 ns, Reaching safepoint: 132596 ns, Cleanup: 27432 ns, At safepoint: 4669 ns, Total: 164697 ns
[2025-12-02T06:06:23.076+0000][2826.977s][debug][safepoint   ] Safepoint synchronization initiated using futex wait barrier. (229 threads)
[2025-12-02T06:06:23.076+0000][2826.977s][info ][safepoint   ] Safepoint "Cleanup", Time since last: 52021004429 ns, Reaching safepoint: 116474 ns, Cleanup: 17805 ns, At safepoint: 3977 ns, Total: 138256 ns
[2025-12-02T06:06:30.075+0000][2833.978s][debug][safepoint   ] Safepoint synchronization initiated using futex wait barrier. (229 threads)
[2025-12-02T06:06:30.075+0000][2833.978s][info ][safepoint   ] Safepoint "Cleanup", Time since last: 7001058585 ns, Reaching safepoint: 92418 ns, Cleanup: 17273 ns, At safepoint: 3687 ns, Total: 113378 ns
[2025-12-02T06:06:48.236+0000][2852.139s][debug][safepoint   ] Safepoint synchronization initiated using futex wait barrier. (227 threads)
[2025-12-02T06:06:48.238+0000][2852.141s][info ][gc,start    ] GC(89) Pause Young (Normal) (G1 Evacuation Pause)
[2025-12-02T06:06:48.238+0000][2852.141s][info ][gc,task     ] GC(89) Using 13 workers of 13 for evacuation
[2025-12-02T06:06:48.266+0000][2852.169s][info ][gc,phases   ] GC(89)   Pre Evacuate Collection Set: 0.7ms
[2025-12-02T06:06:48.266+0000][2852.169s][info ][gc,phases   ] GC(89)   Merge Heap Roots: 1.0ms
[2025-12-02T06:06:48.266+0000][2852.169s][info ][gc,phases   ] GC(89)   Evacuate Collection Set: 18.9ms
[2025-12-02T06:06:48.266+0000][2852.169s][info ][gc,phases   ] GC(89)   Post Evacuate Collection Set: 5.6ms
[2025-12-02T06:06:48.266+0000][2852.169s][info ][gc,phases   ] GC(89)   Other: 1.3ms
[2025-12-02T06:06:48.266+0000][2852.169s][info ][gc,heap     ] GC(89) Eden regions: 509->0(513)
[2025-12-02T06:06:48.266+0000][2852.169s][info ][gc,heap     ] GC(89) Survivor regions: 21->21(67)
[2025-12-02T06:06:48.266+0000][2852.169s][info ][gc,heap     ] GC(89) Old regions: 317->318
[2025-12-02T06:06:48.266+0000][2852.169s][info ][gc,heap     ] GC(89) Archive regions: 2->2
[2025-12-02T06:06:48.266+0000][2852.169s][info ][gc,heap     ] GC(89) Humongous regions: 2->2
[2025-12-02T06:06:48.266+0000][2852.169s][info ][gc,metaspace] GC(89) Metaspace: 198828K(200320K)->198828K(200320K) NonClass: 174732K(175488K)->174732K(175488K) Class: 24095K(24832K)->24095K(24832K)
[2025-12-02T06:06:48.266+0000][2852.169s][info ][gc          ] GC(89) Pause Young (Normal) (G1 Evacuation Pause) 849M->340M(976M) 27.629ms
[2025-12-02T06:06:48.266+0000][2852.169s][info ][gc,cpu      ] GC(89) User=0.26s Sys=0.00s Real=0.02s
[2025-12-02T06:06:48.268+0000][2852.170s][info ][safepoint   ] Safepoint "G1CollectForAllocation", Time since last: 18160637470 ns, Reaching safepoint: 2284156 ns, Cleanup: 10109 ns, At safepoint: 29480038 ns, Total: 31774303 ns
[2025-12-02T06:07:06.269+0000][2870.173s][debug][safepoint   ] Safepoint synchronization initiated using futex wait barrier. (227 threads)
[2025-12-02T06:07:06.270+0000][2870.174s][info ][safepoint   ] Safepoint "Cleanup", Time since last: 18002696372 ns, Reaching safepoint: 562624 ns, Cleanup: 88571 ns, At safepoint: 160189 ns, Total: 811384 ns
[2025-12-02T06:07:31.272+0000][2895.178s][debug][safepoint   ] Safepoint synchronization initiated using futex wait barrier. (228 threads)
[2025-12-02T06:07:31.272+0000][2895.178s][info ][safepoint   ] Safepoint "Cleanup", Time since last: 25004259414 ns, Reaching safepoint: 142705 ns, Cleanup: 20840 ns, At safepoint: 4999 ns, Total: 168544 ns
[2025-12-02T06:07:50.275+0000][2914.181s][debug][safepoint   ] Safepoint synchronization initiated using futex wait barrier. (229 threads)
[2025-12-02T06:07:50.275+0000][2914.182s][info ][safepoint   ] Safepoint "Cleanup", Time since last: 19003015778 ns, Reaching safepoint: 83752 ns, Cleanup: 13236 ns, At safepoint: 2625 ns, Total: 99613 ns
[2025-12-02T06:08:15.277+0000][2939.186s][debug][safepoint   ] Safepoint synchronization initiated using futex wait barrier. (229 threads)
[2025-12-02T06:08:15.277+0000][2939.187s][info ][safepoint   ] Safepoint "Cleanup", Time since last: 25004776647 ns, Reaching safepoint: 160149 ns, Cleanup: 54555 ns, At safepoint: 4990 ns, Total: 219694 ns
[2025-12-02T06:08:16.890+0000][2940.799s][debug][safepoint   ] Safepoint synchronization initiated using futex wait barrier. (229 threads)
[2025-12-02T06:08:16.890+0000][2940.799s][info ][safepoint   ] Safepoint "Cleanup", Time since last: 1612434397 ns, Reaching safepoint: 228606 ns, Cleanup: 125813 ns, At safepoint: 61168 ns, Total: 415587 ns
[2025-12-02T06:08:17.890+0000][2941.800s][debug][safepoint   ] Safepoint synchronization initiated using futex wait barrier. (229 threads)
[2025-12-02T06:08:17.890+0000][2941.800s][info ][safepoint   ] Safepoint "Cleanup", Time since last: 1000181840 ns, Reaching safepoint: 69494 ns, Cleanup: 39286 ns, At safepoint: 2875 ns, Total: 111655 ns
[2025-12-02T06:08:20.206+0000][2944.116s][debug][safepoint   ] Safepoint synchronization initiated using futex wait barrier. (229 threads)
[2025-12-02T06:08:20.206+0000][2944.116s][info ][safepoint   ] Safepoint "Cleanup", Time since last: 2315915478 ns, Reaching safepoint: 89452 ns, Cleanup: 21371 ns, At safepoint: 3407 ns, Total: 114230 ns
[2025-12-02T06:08:21.207+0000][2945.116s][debug][safepoint   ] Safepoint synchronization initiated using futex wait barrier. (229 threads)
[2025-12-02T06:08:21.207+0000][2945.116s][info ][safepoint   ] Safepoint "Cleanup", Time since last: 1000146051 ns, Reaching safepoint: 80185 ns, Cleanup: 37913 ns, At safepoint: 3527 ns, Total: 121625 ns
[2025-12-02T06:08:22.207+0000][2946.116s][debug][safepoint   ] Safepoint synchronization initiated using futex wait barrier. (231 threads)
[2025-12-02T06:08:22.207+0000][2946.116s][info ][safepoint   ] Safepoint "Cleanup", Time since last: 1000199750 ns, Reaching safepoint: 88961 ns, Cleanup: 60587 ns, At safepoint: 3837 ns, Total: 153385 ns
[2025-12-02T06:08:23.207+0000][2947.117s][debug][safepoint   ] Safepoint synchronization initiated using futex wait barrier. (231 threads)
[2025-12-02T06:08:23.207+0000][2947.117s][info ][safepoint   ] Safepoint "Cleanup", Time since last: 1000193329 ns, Reaching safepoint: 85104 ns, Cleanup: 26601 ns, At safepoint: 3868 ns, Total: 115573 ns
[2025-12-02T06:08:45.209+0000][2969.120s][debug][safepoint   ] Safepoint synchronization initiated using futex wait barrier. (229 threads)
[2025-12-02T06:08:45.210+0000][2969.120s][info ][safepoint   ] Safepoint "Cleanup", Time since last: 22003155207 ns, Reaching safepoint: 179606 ns, Cleanup: 26080 ns, At safepoint: 4939 ns, Total: 210625 ns
[2025-12-02T06:09:18.212+0000][3002.125s][debug][safepoint   ] Safepoint synchronization initiated using futex wait barrier. (229 threads)
[2025-12-02T06:09:18.212+0000][3002.125s][info ][safepoint   ] Safepoint "Cleanup", Time since last: 33004768228 ns, Reaching safepoint: 150680 ns, Cleanup: 25570 ns, At safepoint: 5230 ns, Total: 181480 ns
[2025-12-02T06:10:45.269+0000][3089.188s][debug][safepoint   ] Safepoint synchronization initiated using futex wait barrier. (231 threads)
[2025-12-02T06:10:45.269+0000][3089.188s][info ][safepoint   ] Safepoint "Cleanup", Time since last: 87062954741 ns, Reaching safepoint: 306621 ns, Cleanup: 54635 ns, At safepoint: 6172 ns, Total: 367428 ns
[2025-12-02T06:10:59.270+0000][3103.191s][debug][safepoint   ] Safepoint synchronization initiated using futex wait barrier. (231 threads)
[2025-12-02T06:10:59.270+0000][3103.191s][info ][safepoint   ] Safepoint "Cleanup", Time since last: 14002248621 ns, Reaching safepoint: 230805 ns, Cleanup: 17584 ns, At safepoint: 30679 ns, Total: 279068 ns
[2025-12-02T06:11:13.272+0000][3117.193s][debug][safepoint   ] Safepoint synchronization initiated using futex wait barrier. (232 threads)
[2025-12-02T06:11:13.272+0000][3117.193s][info ][safepoint   ] Safepoint "Cleanup", Time since last: 14001911288 ns, Reaching safepoint: 124920 ns, Cleanup: 54054 ns, At safepoint: 4068 ns, Total: 183042 ns
[2025-12-02T06:11:15.273+0000][3119.193s][debug][safepoint   ] Safepoint synchronization initiated using futex wait barrier. (232 threads)
[2025-12-02T06:11:15.273+0000][3119.193s][info ][safepoint   ] Safepoint "Cleanup", Time since last: 2000253511 ns, Reaching safepoint: 162413 ns, Cleanup: 34746 ns, At safepoint: 4740 ns, Total: 201899 ns
[2025-12-02T06:11:17.273+0000][3121.194s][debug][safepoint   ] Safepoint synchronization initiated using futex wait barrier. (232 threads)
[2025-12-02T06:11:17.273+0000][3121.194s][info ][safepoint   ] Safepoint "Cleanup", Time since last: 2000320728 ns, Reaching safepoint: 72770 ns, Cleanup: 25890 ns, At safepoint: 3386 ns, Total: 102046 ns
[2025-12-02T06:11:18.273+0000][3122.194s][debug][safepoint   ] Safepoint synchronization initiated using futex wait barrier. (232 threads)
[2025-12-02T06:11:18.274+0000][3122.194s][info ][safepoint   ] Safepoint "Cleanup", Time since last: 1000185466 ns, Reaching safepoint: 145210 ns, Cleanup: 31009 ns, At safepoint: 41721 ns, Total: 217940 ns
[2025-12-02T06:11:19.301+0000][3123.221s][debug][safepoint   ] Safepoint synchronization initiated using futex wait barrier. (231 threads)
[2025-12-02T06:11:19.301+0000][3123.221s][info ][safepoint   ] Safepoint "Cleanup", Time since last: 1027091887 ns, Reaching safepoint: 153245 ns, Cleanup: 21181 ns, At safepoint: 42131 ns, Total: 216557 ns
[2025-12-02T06:11:21.301+0000][3125.222s][debug][safepoint   ] Safepoint synchronization initiated using futex wait barrier. (231 threads)
[2025-12-02T06:11:21.301+0000][3125.222s][info ][safepoint   ] Safepoint "Cleanup", Time since last: 2000316054 ns, Reaching safepoint: 82489 ns, Cleanup: 54986 ns, At safepoint: 4528 ns, Total: 142003 ns
[2025-12-02T06:11:22.302+0000][3126.222s][debug][safepoint   ] Safepoint synchronization initiated using futex wait barrier. (231 threads)
[2025-12-02T06:11:22.302+0000][3126.222s][info ][safepoint   ] Safepoint "Cleanup", Time since last: 1000136511 ns, Reaching safepoint: 108930 ns, Cleanup: 19878 ns, At safepoint: 3717 ns, Total: 132525 ns
[2025-12-02T06:11:23.302+0000][3127.222s][debug][safepoint   ] Safepoint synchronization initiated using futex wait barrier. (231 threads)
[2025-12-02T06:11:23.302+0000][3127.223s][info ][safepoint   ] Safepoint "Cleanup", Time since last: 1000156987 ns, Reaching safepoint: 158366 ns, Cleanup: 59274 ns, At safepoint: 54745 ns, Total: 272385 ns
[2025-12-02T06:11:23.500+0000][3127.420s][debug][safepoint   ] Safepoint synchronization initiated using futex wait barrier. (231 threads)
[2025-12-02T06:11:23.500+0000][3127.421s][info ][gc,start    ] GC(90) Pause Young (Normal) (G1 Evacuation Pause)
[2025-12-02T06:11:23.500+0000][3127.421s][info ][gc,task     ] GC(90) Using 13 workers of 13 for evacuation
[2025-12-02T06:11:23.560+0000][3127.481s][info ][gc,phases   ] GC(90)   Pre Evacuate Collection Set: 0.8ms
[2025-12-02T06:11:23.560+0000][3127.481s][info ][gc,phases   ] GC(90)   Merge Heap Roots: 1.2ms
[2025-12-02T06:11:23.560+0000][3127.481s][info ][gc,phases   ] GC(90)   Evacuate Collection Set: 53.8ms
[2025-12-02T06:11:23.560+0000][3127.481s][info ][gc,phases   ] GC(90)   Post Evacuate Collection Set: 3.9ms
[2025-12-02T06:11:23.560+0000][3127.481s][info ][gc,phases   ] GC(90)   Other: 0.6ms
[2025-12-02T06:11:23.560+0000][3127.481s][info ][gc,heap     ] GC(90) Eden regions: 513->0(496)
[2025-12-02T06:11:23.560+0000][3127.481s][info ][gc,heap     ] GC(90) Survivor regions: 21->29(67)
[2025-12-02T06:11:23.560+0000][3127.481s][info ][gc,heap     ] GC(90) Old regions: 318->320
[2025-12-02T06:11:23.560+0000][3127.481s][info ][gc,heap     ] GC(90) Archive regions: 2->2
[2025-12-02T06:11:23.560+0000][3127.481s][info ][gc,heap     ] GC(90) Humongous regions: 2->2
[2025-12-02T06:11:23.560+0000][3127.481s][info ][gc,metaspace] GC(90) Metaspace: 199389K(200896K)->199389K(200896K) NonClass: 175226K(176000K)->175226K(176000K) Class: 24163K(24896K)->24163K(24896K)
[2025-12-02T06:11:23.560+0000][3127.481s][info ][gc          ] GC(90) Pause Young (Normal) (G1 Evacuation Pause) 853M->351M(976M) 60.292ms
[2025-12-02T06:11:23.561+0000][3127.481s][info ][gc,cpu      ] GC(90) User=0.72s Sys=0.00s Real=0.06s
[2025-12-02T06:11:23.562+0000][3127.482s][info ][safepoint   ] Safepoint "G1CollectForAllocation", Time since last: 197627730 ns, Reaching safepoint: 98690 ns, Cleanup: 7444 ns, At safepoint: 62093092 ns, Total: 62199226 ns
[2025-12-02T06:11:25.424+0000][3129.344s][debug][safepoint   ] Safepoint synchronization initiated using futex wait barrier. (234 threads)
[2025-12-02T06:11:25.424+0000][3129.344s][info ][safepoint   ] Safepoint "Cleanup", Time since last: 1861580002 ns, Reaching safepoint: 77840 ns, Cleanup: 51730 ns, At safepoint: 2925 ns, Total: 132495 ns
[2025-12-02T06:11:33.423+0000][3137.346s][debug][safepoint   ] Safepoint synchronization initiated using futex wait barrier. (234 threads)
[2025-12-02T06:11:33.423+0000][3137.346s][info ][safepoint   ] Safepoint "Cleanup", Time since last: 8001339375 ns, Reaching safepoint: 97808 ns, Cleanup: 77249 ns, At safepoint: 5280 ns, Total: 180337 ns
[2025-12-02T06:11:55.426+0000][3159.349s][debug][safepoint   ] Safepoint synchronization initiated using futex wait barrier. (230 threads)
[2025-12-02T06:11:55.426+0000][3159.349s][info ][safepoint   ] Safepoint "Cleanup", Time since last: 22003256045 ns, Reaching safepoint: 111114 ns, Cleanup: 16602 ns, At safepoint: 4048 ns, Total: 131764 ns
[2025-12-02T06:12:15.427+0000][3179.352s][debug][safepoint   ] Safepoint synchronization initiated using futex wait barrier. (229 threads)
[2025-12-02T06:12:15.427+0000][3179.352s][info ][safepoint   ] Safepoint "Cleanup", Time since last: 20002919561 ns, Reaching safepoint: 88320 ns, Cleanup: 20720 ns, At safepoint: 4399 ns, Total: 113439 ns
[2025-12-02T06:12:16.428+0000][3180.352s][debug][safepoint   ] Safepoint synchronization initiated using futex wait barrier. (237 threads)
[2025-12-02T06:12:16.428+0000][3180.352s][info ][safepoint   ] Safepoint "Cleanup", Time since last: 1000170208 ns, Reaching safepoint: 90044 ns, Cleanup: 50858 ns, At safepoint: 3857 ns, Total: 144759 ns
[2025-12-02T06:12:17.428+0000][3181.353s][debug][safepoint   ] Safepoint synchronization initiated using futex wait barrier. (237 threads)
[2025-12-02T06:12:17.428+0000][3181.353s][info ][safepoint   ] Safepoint "Cleanup", Time since last: 1000163630 ns, Reaching safepoint: 133347 ns, Cleanup: 68121 ns, At safepoint: 4789 ns, Total: 206257 ns
[2025-12-02T06:12:19.339+0000][3183.264s][debug][safepoint   ] Safepoint synchronization initiated using futex wait barrier. (237 threads)
[2025-12-02T06:12:19.339+0000][3183.264s][info ][safepoint   ] Safepoint "Cleanup", Time since last: 1910818120 ns, Reaching safepoint: 80065 ns, Cleanup: 13806 ns, At safepoint: 3377 ns, Total: 97248 ns
[2025-12-02T06:12:25.340+0000][3189.265s][debug][safepoint   ] Safepoint synchronization initiated using futex wait barrier. (235 threads)
[2025-12-02T06:12:25.341+0000][3189.265s][info ][safepoint   ] Safepoint "Cleanup", Time since last: 6001196735 ns, Reaching safepoint: 170388 ns, Cleanup: 103879 ns, At safepoint: 7294 ns, Total: 281561 ns
[2025-12-02T06:12:30.340+0000][3194.266s][debug][safepoint   ] Safepoint synchronization initiated using futex wait barrier. (235 threads)
[2025-12-02T06:12:30.340+0000][3194.266s][info ][safepoint   ] Safepoint "Cleanup", Time since last: 5000726241 ns, Reaching safepoint: 117386 ns, Cleanup: 14808 ns, At safepoint: 3547 ns, Total: 135741 ns
[2025-12-02T06:12:47.342+0000][3211.269s][debug][safepoint   ] Safepoint synchronization initiated using futex wait barrier. (235 threads)
[2025-12-02T06:12:47.342+0000][3211.269s][info ][safepoint   ] Safepoint "Cleanup", Time since last: 17002587795 ns, Reaching safepoint: 116835 ns, Cleanup: 34086 ns, At safepoint: 5731 ns, Total: 156652 ns
[2025-12-02T06:12:53.343+0000][3217.270s][debug][safepoint   ] Safepoint synchronization initiated using futex wait barrier. (236 threads)
[2025-12-02T06:12:53.344+0000][3217.270s][info ][safepoint   ] Safepoint "Cleanup", Time since last: 6001011144 ns, Reaching safepoint: 187280 ns, Cleanup: 64965 ns, At safepoint: 6082 ns, Total: 258327 ns
[2025-12-02T06:12:55.344+0000][3219.270s][debug][safepoint   ] Safepoint synchronization initiated using futex wait barrier. (237 threads)
[2025-12-02T06:12:55.344+0000][3219.271s][info ][safepoint   ] Safepoint "Cleanup", Time since last: 2000315527 ns, Reaching safepoint: 92518 ns, Cleanup: 34897 ns, At safepoint: 4218 ns, Total: 131633 ns
[2025-12-02T06:12:56.342+0000][3220.271s][debug][safepoint   ] Safepoint synchronization initiated using futex wait barrier. (236 threads)
[2025-12-02T06:12:56.342+0000][3220.271s][info ][safepoint   ] Safepoint "Cleanup", Time since last: 1000136460 ns, Reaching safepoint: 126793 ns, Cleanup: 28555 ns, At safepoint: 4679 ns, Total: 160027 ns
[2025-12-02T06:12:58.343+0000][3222.271s][debug][safepoint   ] Safepoint synchronization initiated using futex wait barrier. (236 threads)
[2025-12-02T06:12:58.343+0000][3222.271s][info ][safepoint   ] Safepoint "Cleanup", Time since last: 2000350638 ns, Reaching safepoint: 137555 ns, Cleanup: 35147 ns, At safepoint: 4138 ns, Total: 176840 ns
[2025-12-02T06:13:10.345+0000][3234.273s][debug][safepoint   ] Safepoint synchronization initiated using futex wait barrier. (236 threads)
[2025-12-02T06:13:10.345+0000][3234.274s][info ][safepoint   ] Safepoint "Cleanup", Time since last: 12002130074 ns, Reaching safepoint: 137315 ns, Cleanup: 24708 ns, At safepoint: 5149 ns, Total: 167172 ns
[2025-12-02T06:13:52.380+0000][3276.311s][debug][safepoint   ] Safepoint synchronization initiated using futex wait barrier. (233 threads)
[2025-12-02T06:13:52.380+0000][3276.311s][info ][safepoint   ] Safepoint "Cleanup", Time since last: 42036976589 ns, Reaching safepoint: 73491 ns, Cleanup: 11312 ns, At safepoint: 2555 ns, Total: 87358 ns
[2025-12-02T06:13:53.380+0000][3277.311s][debug][safepoint   ] Safepoint synchronization initiated using futex wait barrier. (233 threads)
[2025-12-02T06:13:53.380+0000][3277.311s][info ][safepoint   ] Safepoint "Cleanup", Time since last: 1000159373 ns, Reaching safepoint: 97598 ns, Cleanup: 16542 ns, At safepoint: 3807 ns, Total: 117947 ns
[2025-12-02T06:13:55.380+0000][3279.311s][debug][safepoint   ] Safepoint synchronization initiated using futex wait barrier. (233 threads)
[2025-12-02T06:13:55.381+0000][3279.311s][info ][safepoint   ] Safepoint "Cleanup", Time since last: 2000249275 ns, Reaching safepoint: 73932 ns, Cleanup: 14919 ns, At safepoint: 3376 ns, Total: 92227 ns
[2025-12-02T06:15:05.386+0000][3349.322s][debug][safepoint   ] Safepoint synchronization initiated using futex wait barrier. (233 threads)
[2025-12-02T06:15:05.386+0000][3349.322s][info ][safepoint   ] Safepoint "Cleanup", Time since last: 70010472839 ns, Reaching safepoint: 180818 ns, Cleanup: 17153 ns, At safepoint: 4669 ns, Total: 202640 ns
[2025-12-02T06:15:24.042+0000][3367.979s][debug][safepoint   ] Safepoint synchronization initiated using futex wait barrier. (232 threads)
[2025-12-02T06:15:24.043+0000][3367.979s][info ][gc,start    ] GC(91) Pause Young (Normal) (G1 Evacuation Pause)
[2025-12-02T06:15:24.043+0000][3367.979s][info ][gc,task     ] GC(91) Using 13 workers of 13 for evacuation
[2025-12-02T06:15:24.185+0000][3368.121s][info ][gc,phases   ] GC(91)   Pre Evacuate Collection Set: 0.7ms
[2025-12-02T06:15:24.185+0000][3368.121s][info ][gc,phases   ] GC(91)   Merge Heap Roots: 0.5ms
[2025-12-02T06:15:24.185+0000][3368.121s][info ][gc,phases   ] GC(91)   Evacuate Collection Set: 133.1ms
[2025-12-02T06:15:24.185+0000][3368.121s][info ][gc,phases   ] GC(91)   Post Evacuate Collection Set: 6.4ms
[2025-12-02T06:15:24.185+0000][3368.121s][info ][gc,phases   ] GC(91)   Other: 1.4ms
[2025-12-02T06:15:24.185+0000][3368.121s][info ][gc,heap     ] GC(91) Eden regions: 496->0(403)
[2025-12-02T06:15:24.185+0000][3368.121s][info ][gc,heap     ] GC(91) Survivor regions: 29->66(66)
[2025-12-02T06:15:24.185+0000][3368.121s][info ][gc,heap     ] GC(91) Old regions: 320->335
[2025-12-02T06:15:24.185+0000][3368.121s][info ][gc,heap     ] GC(91) Archive regions: 2->2
[2025-12-02T06:15:24.185+0000][3368.121s][info ][gc,heap     ] GC(91) Humongous regions: 6->6
[2025-12-02T06:15:24.185+0000][3368.121s][info ][gc,metaspace] GC(91) Metaspace: 200054K(201536K)->200054K(201536K) NonClass: 175824K(176576K)->175824K(176576K) Class: 24230K(24960K)->24230K(24960K)
[2025-12-02T06:15:24.185+0000][3368.121s][info ][gc          ] GC(91) Pause Young (Normal) (G1 Evacuation Pause) 851M->407M(976M) 142.048ms
[2025-12-02T06:15:24.185+0000][3368.121s][info ][gc,cpu      ] GC(91) User=1.74s Sys=0.00s Real=0.14s
[2025-12-02T06:15:24.187+0000][3368.123s][info ][safepoint   ] Safepoint "G1CollectForAllocation", Time since last: 18656547360 ns, Reaching safepoint: 128717 ns, Cleanup: 9859 ns, At safepoint: 143972405 ns, Total: 144110981 ns
[2025-12-02T06:15:25.187+0000][3369.123s][debug][safepoint   ] Safepoint synchronization initiated using futex wait barrier. (232 threads)
[2025-12-02T06:15:25.187+0000][3369.123s][info ][safepoint   ] Safepoint "Cleanup", Time since last: 1000210982 ns, Reaching safepoint: 89292 ns, Cleanup: 49074 ns, At safepoint: 4739 ns, Total: 143105 ns
[2025-12-02T06:17:30.489+0000][3494.435s][debug][safepoint   ] Safepoint synchronization initiated using futex wait barrier. (230 threads)
[2025-12-02T06:17:30.489+0000][3494.435s][info ][safepoint   ] Safepoint "Cleanup", Time since last: 125311679856 ns, Reaching safepoint: 87458 ns, Cleanup: 63292 ns, At safepoint: 4588 ns, Total: 155338 ns
[2025-12-02T06:18:20.548+0000][3544.496s][debug][safepoint   ] Safepoint synchronization initiated using futex wait barrier. (231 threads)
[2025-12-02T06:18:20.548+0000][3544.496s][info ][safepoint   ] Safepoint "Cleanup", Time since last: 50061204270 ns, Reaching safepoint: 85825 ns, Cleanup: 16231 ns, At safepoint: 3456 ns, Total: 105512 ns
[2025-12-02T06:18:21.548+0000][3545.496s][debug][safepoint   ] Safepoint synchronization initiated using futex wait barrier. (231 threads)
[2025-12-02T06:18:21.548+0000][3545.496s][info ][safepoint   ] Safepoint "Cleanup", Time since last: 1000131200 ns, Reaching safepoint: 66457 ns, Cleanup: 14849 ns, At safepoint: 2665 ns, Total: 83971 ns
[2025-12-02T06:18:22.549+0000][3546.497s][debug][safepoint   ] Safepoint synchronization initiated using futex wait barrier. (231 threads)
[2025-12-02T06:18:22.549+0000][3546.497s][info ][safepoint   ] Safepoint "Cleanup", Time since last: 1000150842 ns, Reaching safepoint: 91576 ns, Cleanup: 14588 ns, At safepoint: 3577 ns, Total: 109741 ns
[2025-12-02T06:18:54.551+0000][3578.501s][debug][safepoint   ] Safepoint synchronization initiated using futex wait barrier. (231 threads)
[2025-12-02T06:18:54.551+0000][3578.501s][info ][safepoint   ] Safepoint "Cleanup", Time since last: 32004305442 ns, Reaching safepoint: 128958 ns, Cleanup: 17674 ns, At safepoint: 5511 ns, Total: 152143 ns
[2025-12-02T06:18:55.550+0000][3579.501s][debug][safepoint   ] Safepoint synchronization initiated using futex wait barrier. (231 threads)
[2025-12-02T06:18:55.550+0000][3579.501s][info ][safepoint   ] Safepoint "Cleanup", Time since last: 1000153104 ns, Reaching safepoint: 72520 ns, Cleanup: 12474 ns, At safepoint: 3256 ns, Total: 88250 ns
[2025-12-02T06:19:09.552+0000][3593.503s][debug][safepoint   ] Safepoint synchronization initiated using futex wait barrier. (235 threads)
[2025-12-02T06:19:09.552+0000][3593.504s][info ][safepoint   ] Safepoint "Cleanup", Time since last: 14001887470 ns, Reaching safepoint: 285338 ns, Cleanup: 68402 ns, At safepoint: 6242 ns, Total: 359982 ns
[2025-12-02T06:19:10.552+0000][3594.504s][debug][safepoint   ] Safepoint synchronization initiated using futex wait barrier. (237 threads)
[2025-12-02T06:19:10.552+0000][3594.504s][info ][safepoint   ] Safepoint "Cleanup", Time since last: 1000151463 ns, Reaching safepoint: 94271 ns, Cleanup: 25439 ns, At safepoint: 98640 ns, Total: 218350 ns
[2025-12-02T06:19:22.586+0000][3606.538s][debug][safepoint   ] Safepoint synchronization initiated using futex wait barrier. (236 threads)
[2025-12-02T06:19:22.587+0000][3606.539s][info ][safepoint   ] Safepoint "Cleanup", Time since last: 12033992155 ns, Reaching safepoint: 361189 ns, Cleanup: 24978 ns, At safepoint: 428794 ns, Total: 814961 ns
[2025-12-02T06:19:34.587+0000][3618.541s][debug][safepoint   ] Safepoint synchronization initiated using futex wait barrier. (235 threads)
[2025-12-02T06:19:34.587+0000][3618.541s][info ][safepoint   ] Safepoint "Cleanup", Time since last: 12002005740 ns, Reaching safepoint: 114009 ns, Cleanup: 26942 ns, At safepoint: 5260 ns, Total: 146211 ns
[2025-12-02T06:19:57.589+0000][3641.545s][debug][safepoint   ] Safepoint synchronization initiated using futex wait barrier. (235 threads)
[2025-12-02T06:19:57.589+0000][3641.545s][info ][safepoint   ] Safepoint "Cleanup", Time since last: 23003907467 ns, Reaching safepoint: 135830 ns, Cleanup: 24017 ns, At safepoint: 4959 ns, Total: 164806 ns
[2025-12-02T06:19:58.589+0000][3642.545s][debug][safepoint   ] Safepoint synchronization initiated using futex wait barrier. (236 threads)
[2025-12-02T06:19:58.589+0000][3642.545s][info ][safepoint   ] Safepoint "Cleanup", Time since last: 1000203840 ns, Reaching safepoint: 98629 ns, Cleanup: 64173 ns, At safepoint: 4860 ns, Total: 167662 ns
[2025-12-02T06:20:42.623+0000][3686.581s][debug][safepoint   ] Safepoint synchronization initiated using futex wait barrier. (229 threads)
[2025-12-02T06:20:42.623+0000][3686.581s][info ][safepoint   ] Safepoint "Cleanup", Time since last: 44035235835 ns, Reaching safepoint: 91106 ns, Cleanup: 14468 ns, At safepoint: 4027 ns, Total: 109601 ns
[2025-12-02T06:20:52.080+0000][3696.038s][debug][safepoint   ] Safepoint synchronization initiated using futex wait barrier. (229 threads)
[2025-12-02T06:20:52.080+0000][3696.038s][info ][gc,start    ] GC(92) Pause Young (Normal) (G1 Evacuation Pause)
[2025-12-02T06:20:52.080+0000][3696.038s][info ][gc,task     ] GC(92) Using 13 workers of 13 for evacuation
[2025-12-02T06:20:52.153+0000][3696.111s][info ][gc,phases   ] GC(92)   Pre Evacuate Collection Set: 0.7ms
[2025-12-02T06:20:52.153+0000][3696.111s][info ][gc,phases   ] GC(92)   Merge Heap Roots: 0.6ms
[2025-12-02T06:20:52.153+0000][3696.111s][info ][gc,phases   ] GC(92)   Evacuate Collection Set: 68.4ms
[2025-12-02T06:20:52.153+0000][3696.111s][info ][gc,phases   ] GC(92)   Post Evacuate Collection Set: 2.9ms
[2025-12-02T06:20:52.153+0000][3696.111s][info ][gc,phases   ] GC(92)   Other: 0.4ms
[2025-12-02T06:20:52.153+0000][3696.111s][info ][gc,heap     ] GC(92) Eden regions: 403->0(417)
[2025-12-02T06:20:52.153+0000][3696.111s][info ][gc,heap     ] GC(92) Survivor regions: 66->7(59)
[2025-12-02T06:20:52.153+0000][3696.111s][info ][gc,heap     ] GC(92) Old regions: 335->401
[2025-12-02T06:20:52.153+0000][3696.111s][info ][gc,heap     ] GC(92) Archive regions: 2->2
[2025-12-02T06:20:52.153+0000][3696.111s][info ][gc,heap     ] GC(92) Humongous regions: 6->6
[2025-12-02T06:20:52.153+0000][3696.111s][info ][gc,metaspace] GC(92) Metaspace: 200163K(201728K)->200163K(201728K) NonClass: 175930K(176768K)->175930K(176768K) Class: 24233K(24960K)->24233K(24960K)
[2025-12-02T06:20:52.154+0000][3696.111s][info ][gc          ] GC(92) Pause Young (Normal) (G1 Evacuation Pause) 810M->413M(976M) 73.173ms
[2025-12-02T06:20:52.154+0000][3696.111s][info ][gc,cpu      ] GC(92) User=0.90s Sys=0.00s Real=0.07s
[2025-12-02T06:20:52.155+0000][3696.113s][info ][safepoint   ] Safepoint "G1CollectForAllocation", Time since last: 9456931488 ns, Reaching safepoint: 77238 ns, Cleanup: 5461 ns, At safepoint: 74937406 ns, Total: 75020105 ns
[2025-12-02T06:22:32.659+0000][3796.624s][debug][safepoint   ] Safepoint synchronization initiated using futex wait barrier. (227 threads)
[2025-12-02T06:22:32.660+0000][3796.625s][info ][safepoint   ] Safepoint "Cleanup", Time since last: 100511482902 ns, Reaching safepoint: 734359 ns, Cleanup: 15109 ns, At safepoint: 4940 ns, Total: 754408 ns
[2025-12-02T06:22:58.662+0000][3822.629s][debug][safepoint   ] Safepoint synchronization initiated using futex wait barrier. (228 threads)
[2025-12-02T06:22:58.662+0000][3822.629s][info ][safepoint   ] Safepoint "Cleanup", Time since last: 26003737632 ns, Reaching safepoint: 85445 ns, Cleanup: 13766 ns, At safepoint: 26992 ns, Total: 126203 ns
[2025-12-02T06:25:00.670+0000][3944.644s][debug][safepoint   ] Safepoint synchronization initiated using futex wait barrier. (229 threads)
[2025-12-02T06:25:00.670+0000][3944.645s][info ][safepoint   ] Safepoint "Cleanup", Time since last: 122015700727 ns, Reaching safepoint: 117216 ns, Cleanup: 18265 ns, At safepoint: 4288 ns, Total: 139769 ns
[2025-12-02T06:26:22.811+0000][4026.790s][debug][safepoint   ] Safepoint synchronization initiated using futex wait barrier. (228 threads)
[2025-12-02T06:26:22.811+0000][4026.790s][info ][safepoint   ] Safepoint "Cleanup", Time since last: 82145009851 ns, Reaching safepoint: 173984 ns, Cleanup: 22994 ns, At safepoint: 6873 ns, Total: 203851 ns
[2025-12-02T06:26:42.984+0000][4046.965s][debug][safepoint   ] Safepoint synchronization initiated using futex wait barrier. (228 threads)
[2025-12-02T06:26:42.984+0000][4046.965s][info ][gc,start    ] GC(93) Pause Young (Concurrent Start) (G1 Evacuation Pause)
[2025-12-02T06:26:42.984+0000][4046.965s][info ][gc,task     ] GC(93) Using 13 workers of 13 for evacuation
[2025-12-02T06:26:43.037+0000][4047.017s][info ][gc,phases   ] GC(93)   Pre Evacuate Collection Set: 8.3ms
[2025-12-02T06:26:43.037+0000][4047.017s][info ][gc,phases   ] GC(93)   Merge Heap Roots: 0.5ms
[2025-12-02T06:26:43.037+0000][4047.017s][info ][gc,phases   ] GC(93)   Evacuate Collection Set: 32.9ms
[2025-12-02T06:26:43.037+0000][4047.017s][info ][gc,phases   ] GC(93)   Post Evacuate Collection Set: 2.7ms
[2025-12-02T06:26:43.037+0000][4047.017s][info ][gc,phases   ] GC(93)   Other: 7.8ms
[2025-12-02T06:26:43.037+0000][4047.017s][info ][gc,heap     ] GC(93) Eden regions: 417->0(427)
[2025-12-02T06:26:43.037+0000][4047.017s][info ][gc,heap     ] GC(93) Survivor regions: 7->3(53)
[2025-12-02T06:26:43.037+0000][4047.017s][info ][gc,heap     ] GC(93) Old regions: 401->401
[2025-12-02T06:26:43.037+0000][4047.017s][info ][gc,heap     ] GC(93) Archive regions: 2->2
[2025-12-02T06:26:43.037+0000][4047.017s][info ][gc,heap     ] GC(93) Humongous regions: 6->6
[2025-12-02T06:26:43.037+0000][4047.017s][info ][gc,metaspace] GC(93) Metaspace: 200200K(201728K)->200200K(201728K) NonClass: 175966K(176768K)->175966K(176768K) Class: 24233K(24960K)->24233K(24960K)
[2025-12-02T06:26:43.037+0000][4047.017s][info ][gc          ] GC(93) Pause Young (Concurrent Start) (G1 Evacuation Pause) 830M->410M(976M) 52.300ms
[2025-12-02T06:26:43.037+0000][4047.017s][info ][gc,cpu      ] GC(93) User=0.15s Sys=0.00s Real=0.06s
[2025-12-02T06:26:43.038+0000][4047.019s][info ][safepoint   ] Safepoint "G1CollectForAllocation", Time since last: 20174994575 ns, Reaching safepoint: 122996 ns, Cleanup: 5621 ns, At safepoint: 53862804 ns, Total: 53991421 ns
[2025-12-02T06:26:43.038+0000][4047.019s][info ][gc          ] GC(94) Concurrent Mark Cycle
[2025-12-02T06:26:43.039+0000][4047.019s][info ][gc,marking  ] GC(94) Concurrent Clear Claimed Marks
[2025-12-02T06:26:43.039+0000][4047.020s][info ][gc,marking  ] GC(94) Concurrent Clear Claimed Marks 0.415ms
[2025-12-02T06:26:43.039+0000][4047.020s][info ][gc,marking  ] GC(94) Concurrent Scan Root Regions
[2025-12-02T06:26:43.224+0000][4047.204s][info ][gc,marking  ] GC(94) Concurrent Scan Root Regions 184.766ms
[2025-12-02T06:26:43.224+0000][4047.204s][info ][gc,marking  ] GC(94) Concurrent Mark
[2025-12-02T06:26:43.224+0000][4047.204s][info ][gc,marking  ] GC(94) Concurrent Mark From Roots
[2025-12-02T06:26:43.224+0000][4047.204s][info ][gc,task     ] GC(94) Using 3 workers of 3 for marking
[2025-12-02T06:26:43.736+0000][4047.717s][info ][gc,marking  ] GC(94) Concurrent Mark From Roots 512.176ms
[2025-12-02T06:26:43.736+0000][4047.717s][info ][gc,marking  ] GC(94) Concurrent Preclean
[2025-12-02T06:26:43.738+0000][4047.719s][info ][gc,marking  ] GC(94) Concurrent Preclean 1.964ms
[2025-12-02T06:26:43.738+0000][4047.719s][debug][safepoint   ] Safepoint synchronization initiated using futex wait barrier. (228 threads)
[2025-12-02T06:26:43.738+0000][4047.719s][info ][gc,start    ] GC(94) Pause Remark
[2025-12-02T06:26:44.277+0000][4048.258s][info ][gc,mmu      ] GC(94) MMU target violated: 501.0ms (500.0ms/501.0ms)
[2025-12-02T06:26:44.277+0000][4048.258s][info ][gc          ] GC(94) Pause Remark 417M->272M(917M) 538.956ms
[2025-12-02T06:26:44.277+0000][4048.258s][info ][gc,cpu      ] GC(94) User=5.58s Sys=0.00s Real=0.54s
[2025-12-02T06:26:44.279+0000][4048.260s][info ][safepoint   ] Safepoint "G1PauseRemark", Time since last: 699935357 ns, Reaching safepoint: 36961 ns, Cleanup: 30349 ns, At safepoint: 541069632 ns, Total: 541136942 ns
[2025-12-02T06:26:44.279+0000][4048.260s][info ][gc,marking  ] GC(94) Concurrent Mark 1055.591ms
[2025-12-02T06:26:44.279+0000][4048.260s][info ][gc,marking  ] GC(94) Concurrent Rebuild Remembered Sets
[2025-12-02T06:26:44.373+0000][4048.354s][info ][gc,marking  ] GC(94) Concurrent Rebuild Remembered Sets 93.897ms
[2025-12-02T06:26:44.373+0000][4048.354s][debug][safepoint   ] Safepoint synchronization initiated using futex wait barrier. (228 threads)
[2025-12-02T06:26:44.482+0000][4048.463s][info ][gc,start    ] GC(94) Pause Cleanup
[2025-12-02T06:26:44.483+0000][4048.463s][info ][gc          ] GC(94) Pause Cleanup 273M->273M(917M) 0.743ms
[2025-12-02T06:26:44.483+0000][4048.463s][info ][gc,cpu      ] GC(94) User=0.00s Sys=0.00s Real=0.00s
[2025-12-02T06:26:44.484+0000][4048.465s][info ][safepoint   ] Safepoint "G1PauseCleanup", Time since last: 94133884 ns, Reaching safepoint: 108536574 ns, Cleanup: 8026 ns, At safepoint: 2047924 ns, Total: 110592524 ns
[2025-12-02T06:26:44.484+0000][4048.465s][info ][gc,marking  ] GC(94) Concurrent Cleanup for Next Mark
[2025-12-02T06:26:44.506+0000][4048.486s][info ][gc,marking  ] GC(94) Concurrent Cleanup for Next Mark 21.480ms
[2025-12-02T06:26:44.506+0000][4048.486s][info ][gc          ] GC(94) Concurrent Mark Cycle 1467.176ms
[2025-12-02T06:27:00.484+0000][4064.467s][debug][safepoint   ] Safepoint synchronization initiated using futex wait barrier. (228 threads)
[2025-12-02T06:27:00.484+0000][4064.467s][info ][safepoint   ] Safepoint "Cleanup", Time since last: 16002041674 ns, Reaching safepoint: 164145 ns, Cleanup: 23576 ns, At safepoint: 4028 ns, Total: 191749 ns
[2025-12-02T06:27:03.485+0000][4067.467s][debug][safepoint   ] Safepoint synchronization initiated using futex wait barrier. (228 threads)
[2025-12-02T06:27:03.485+0000][4067.467s][info ][safepoint   ] Safepoint "Cleanup", Time since last: 3000453263 ns, Reaching safepoint: 82579 ns, Cleanup: 19638 ns, At safepoint: 3667 ns, Total: 105884 ns
[2025-12-02T06:27:22.488+0000][4086.470s][debug][safepoint   ] Safepoint synchronization initiated using futex wait barrier. (228 threads)
[2025-12-02T06:27:22.488+0000][4086.470s][info ][safepoint   ] Safepoint "Cleanup", Time since last: 19002756606 ns, Reaching safepoint: 83130 ns, Cleanup: 13346 ns, At safepoint: 3366 ns, Total: 99842 ns
[2025-12-02T06:28:04.489+0000][4128.476s][debug][safepoint   ] Safepoint synchronization initiated using futex wait barrier. (227 threads)
[2025-12-02T06:28:04.490+0000][4128.476s][info ][safepoint   ] Safepoint "Cleanup", Time since last: 42005300486 ns, Reaching safepoint: 81757 ns, Cleanup: 13977 ns, At safepoint: 3236 ns, Total: 98970 ns
[2025-12-02T06:29:19.496+0000][4203.486s][debug][safepoint   ] Safepoint synchronization initiated using futex wait barrier. (230 threads)
[2025-12-02T06:29:19.496+0000][4203.486s][info ][safepoint   ] Safepoint "Cleanup", Time since last: 75010425242 ns, Reaching safepoint: 86096 ns, Cleanup: 25549 ns, At safepoint: 3236 ns, Total: 114881 ns
[2025-12-02T06:31:22.507+0000][4326.505s][debug][safepoint   ] Safepoint synchronization initiated using futex wait barrier. (227 threads)
[2025-12-02T06:31:22.508+0000][4326.505s][info ][safepoint   ] Safepoint "Cleanup", Time since last: 123018388658 ns, Reaching safepoint: 88079 ns, Cleanup: 13836 ns, At safepoint: 3517 ns, Total: 105432 ns
[2025-12-02T06:32:34.512+0000][4398.515s][debug][safepoint   ] Safepoint synchronization initiated using futex wait barrier. (227 threads)
[2025-12-02T06:32:34.512+0000][4398.515s][info ][safepoint   ] Safepoint "Cleanup", Time since last: 72010059578 ns, Reaching safepoint: 295461 ns, Cleanup: 25207 ns, At safepoint: 6362 ns, Total: 327030 ns
[2025-12-02T06:32:40.323+0000][4404.326s][debug][safepoint   ] Safepoint synchronization initiated using futex wait barrier. (227 threads)
[2025-12-02T06:32:40.324+0000][4404.327s][info ][gc,start    ] GC(95) Pause Young (Prepare Mixed) (G1 Evacuation Pause)
[2025-12-02T06:32:40.324+0000][4404.327s][info ][gc,task     ] GC(95) Using 13 workers of 13 for evacuation
[2025-12-02T06:32:40.354+0000][4404.357s][info ][gc,phases   ] GC(95)   Pre Evacuate Collection Set: 0.7ms
[2025-12-02T06:32:40.354+0000][4404.357s][info ][gc,phases   ] GC(95)   Merge Heap Roots: 0.6ms
[2025-12-02T06:32:40.354+0000][4404.357s][info ][gc,phases   ] GC(95)   Evacuate Collection Set: 25.0ms
[2025-12-02T06:32:40.354+0000][4404.357s][info ][gc,phases   ] GC(95)   Post Evacuate Collection Set: 3.5ms
[2025-12-02T06:32:40.354+0000][4404.357s][info ][gc,phases   ] GC(95)   Other: 0.3ms
[2025-12-02T06:32:40.354+0000][4404.357s][info ][gc,heap     ] GC(95) Eden regions: 427->0(43)
[2025-12-02T06:32:40.354+0000][4404.357s][info ][gc,heap     ] GC(95) Survivor regions: 3->2(54)
[2025-12-02T06:32:40.354+0000][4404.357s][info ][gc,heap     ] GC(95) Old regions: 262->262
[2025-12-02T06:32:40.354+0000][4404.357s][info ][gc,heap     ] GC(95) Archive regions: 2->2
[2025-12-02T06:32:40.354+0000][4404.357s][info ][gc,heap     ] GC(95) Humongous regions: 0->0
[2025-12-02T06:32:40.354+0000][4404.357s][info ][gc,metaspace] GC(95) Metaspace: 199002K(201728K)->199002K(201728K) NonClass: 175010K(176768K)->175010K(176768K) Class: 23991K(24960K)->23991K(24960K)
[2025-12-02T06:32:40.354+0000][4404.357s][info ][gc          ] GC(95) Pause Young (Prepare Mixed) (G1 Evacuation Pause) 692M->263M(917M) 30.116ms
[2025-12-02T06:32:40.354+0000][4404.357s][info ][gc,cpu      ] GC(95) User=0.31s Sys=0.03s Real=0.04s
[2025-12-02T06:32:40.356+0000][4404.359s][info ][safepoint   ] Safepoint "G1CollectForAllocation", Time since last: 5811191362 ns, Reaching safepoint: 776078 ns, Cleanup: 5550 ns, At safepoint: 31544335 ns, Total: 32325963 ns
[2025-12-02T06:33:09.358+0000][4433.363s][debug][safepoint   ] Safepoint synchronization initiated using futex wait barrier. (228 threads)
[2025-12-02T06:33:09.359+0000][4433.363s][info ][safepoint   ] Safepoint "Cleanup", Time since last: 29004132097 ns, Reaching safepoint: 389418 ns, Cleanup: 35629 ns, At safepoint: 155889 ns, Total: 580936 ns
[2025-12-02T06:33:15.225+0000][4439.230s][debug][safepoint   ] Safepoint synchronization initiated using futex wait barrier. (228 threads)
[2025-12-02T06:33:15.225+0000][4439.230s][info ][gc,start    ] GC(96) Pause Young (Mixed) (G1 Evacuation Pause)
[2025-12-02T06:33:15.225+0000][4439.230s][info ][gc,task     ] GC(96) Using 13 workers of 13 for evacuation
[2025-12-02T06:33:15.294+0000][4439.298s][info ][gc,phases   ] GC(96)   Pre Evacuate Collection Set: 0.5ms
[2025-12-02T06:33:15.294+0000][4439.298s][info ][gc,phases   ] GC(96)   Merge Heap Roots: 0.7ms
[2025-12-02T06:33:15.294+0000][4439.298s][info ][gc,phases   ] GC(96)   Evacuate Collection Set: 62.0ms
[2025-12-02T06:33:15.294+0000][4439.298s][info ][gc,phases   ] GC(96)   Post Evacuate Collection Set: 4.5ms
[2025-12-02T06:33:15.294+0000][4439.298s][info ][gc,phases   ] GC(96)   Other: 0.8ms
[2025-12-02T06:33:15.294+0000][4439.298s][info ][gc,heap     ] GC(96) Eden regions: 43->0(43)
[2025-12-02T06:33:15.294+0000][4439.298s][info ][gc,heap     ] GC(96) Survivor regions: 2->2(6)
[2025-12-02T06:33:15.294+0000][4439.298s][info ][gc,heap     ] GC(96) Old regions: 262->185
[2025-12-02T06:33:15.294+0000][4439.298s][info ][gc,heap     ] GC(96) Archive regions: 2->2
[2025-12-02T06:33:15.294+0000][4439.298s][info ][gc,heap     ] GC(96) Humongous regions: 0->0
[2025-12-02T06:33:15.294+0000][4439.298s][info ][gc,metaspace] GC(96) Metaspace: 199002K(201728K)->199002K(201728K) NonClass: 175010K(176768K)->175010K(176768K) Class: 23991K(24960K)->23991K(24960K)
[2025-12-02T06:33:15.294+0000][4439.298s][info ][gc          ] GC(96) Pause Young (Mixed) (G1 Evacuation Pause) 306M->187M(917M) 68.541ms
[2025-12-02T06:33:15.294+0000][4439.298s][info ][gc,cpu      ] GC(96) User=0.82s Sys=0.00s Real=0.07s
[2025-12-02T06:33:15.295+0000][4439.300s][info ][safepoint   ] Safepoint "G1CollectForAllocation", Time since last: 5866248772 ns, Reaching safepoint: 110503 ns, Cleanup: 6853 ns, At safepoint: 69917875 ns, Total: 70035231 ns
[2025-12-02T06:33:23.044+0000][4447.048s][debug][safepoint   ] Safepoint synchronization initiated using futex wait barrier. (228 threads)
[2025-12-02T06:33:23.044+0000][4447.048s][info ][safepoint   ] Safepoint "Cleanup", Time since last: 7748559638 ns, Reaching safepoint: 106304 ns, Cleanup: 69253 ns, At safepoint: 7174 ns, Total: 182731 ns
[2025-12-02T06:33:42.044+0000][4466.051s][debug][safepoint   ] Safepoint synchronization initiated using futex wait barrier. (228 threads)
[2025-12-02T06:33:42.045+0000][4466.052s][info ][safepoint   ] Safepoint "Cleanup", Time since last: 19002946643 ns, Reaching safepoint: 448582 ns, Cleanup: 15289 ns, At safepoint: 43093 ns, Total: 506964 ns
[2025-12-02T06:33:50.350+0000][4474.357s][debug][safepoint   ] Safepoint synchronization initiated using futex wait barrier. (228 threads)
[2025-12-02T06:33:50.350+0000][4474.357s][info ][gc,start    ] GC(97) Pause Young (Mixed) (G1 Evacuation Pause)
[2025-12-02T06:33:50.350+0000][4474.357s][info ][gc,task     ] GC(97) Using 13 workers of 13 for evacuation
[2025-12-02T06:33:50.382+0000][4474.389s][info ][gc,phases   ] GC(97)   Pre Evacuate Collection Set: 0.6ms
[2025-12-02T06:33:50.382+0000][4474.389s][info ][gc,phases   ] GC(97)   Merge Heap Roots: 1.3ms
[2025-12-02T06:33:50.382+0000][4474.389s][info ][gc,phases   ] GC(97)   Evacuate Collection Set: 27.9ms
[2025-12-02T06:33:50.382+0000][4474.389s][info ][gc,phases   ] GC(97)   Post Evacuate Collection Set: 1.9ms
[2025-12-02T06:33:50.382+0000][4474.389s][info ][gc,phases   ] GC(97)   Other: 0.4ms
[2025-12-02T06:33:50.382+0000][4474.389s][info ][gc,heap     ] GC(97) Eden regions: 43->0(548)
[2025-12-02T06:33:50.382+0000][4474.389s][info ][gc,heap     ] GC(97) Survivor regions: 2->2(6)
[2025-12-02T06:33:50.382+0000][4474.389s][info ][gc,heap     ] GC(97) Old regions: 185->182
[2025-12-02T06:33:50.382+0000][4474.389s][info ][gc,heap     ] GC(97) Archive regions: 2->2
[2025-12-02T06:33:50.382+0000][4474.389s][info ][gc,heap     ] GC(97) Humongous regions: 0->0
[2025-12-02T06:33:50.382+0000][4474.389s][info ][gc,metaspace] GC(97) Metaspace: 199002K(201728K)->199002K(201728K) NonClass: 175010K(176768K)->175010K(176768K) Class: 23991K(24960K)->23991K(24960K)
[2025-12-02T06:33:50.382+0000][4474.389s][info ][gc          ] GC(97) Pause Young (Mixed) (G1 Evacuation Pause) 230M->183M(917M) 32.348ms
[2025-12-02T06:33:50.383+0000][4474.389s][info ][gc,cpu      ] GC(97) User=0.34s Sys=0.00s Real=0.04s
[2025-12-02T06:33:50.384+0000][4474.391s][info ][safepoint   ] Safepoint "G1CollectForAllocation", Time since last: 8304805099 ns, Reaching safepoint: 209132 ns, Cleanup: 12674 ns, At safepoint: 33952441 ns, Total: 34174247 ns
[2025-12-02T06:34:10.385+0000][4494.394s][debug][safepoint   ] Safepoint synchronization initiated using futex wait barrier. (227 threads)
[2025-12-02T06:34:10.385+0000][4494.394s][info ][safepoint   ] Safepoint "Cleanup", Time since last: 20002903470 ns, Reaching safepoint: 152703 ns, Cleanup: 20239 ns, At safepoint: 5410 ns, Total: 178352 ns
[2025-12-02T06:35:11.082+0000][4555.093s][debug][safepoint   ] Safepoint synchronization initiated using futex wait barrier. (227 threads)
[2025-12-02T06:35:11.082+0000][4555.094s][info ][safepoint   ] Safepoint "Cleanup", Time since last: 60699562439 ns, Reaching safepoint: 104370 ns, Cleanup: 16291 ns, At safepoint: 3407 ns, Total: 124068 ns
[2025-12-02T06:35:23.084+0000][4567.095s][debug][safepoint   ] Safepoint synchronization initiated using futex wait barrier. (227 threads)
[2025-12-02T06:35:23.084+0000][4567.095s][info ][safepoint   ] Safepoint "Cleanup", Time since last: 12001723810 ns, Reaching safepoint: 100082 ns, Cleanup: 18897 ns, At safepoint: 2795 ns, Total: 121774 ns
[2025-12-02T06:36:12.087+0000][4616.102s][debug][safepoint   ] Safepoint synchronization initiated using futex wait barrier. (230 threads)
[2025-12-02T06:36:12.087+0000][4616.103s][info ][safepoint   ] Safepoint "Cleanup", Time since last: 49007110303 ns, Reaching safepoint: 145039 ns, Cleanup: 31250 ns, At safepoint: 3978 ns, Total: 180267 ns
[2025-12-02T06:37:13.092+0000][4677.111s][debug][safepoint   ] Safepoint synchronization initiated using futex wait barrier. (228 threads)
[2025-12-02T06:37:13.092+0000][4677.112s][info ][safepoint   ] Safepoint "Cleanup", Time since last: 61008839157 ns, Reaching safepoint: 94341 ns, Cleanup: 13446 ns, At safepoint: 3166 ns, Total: 110953 ns
[2025-12-02T06:38:14.097+0000][4738.120s][debug][safepoint   ] Safepoint synchronization initiated using futex wait barrier. (227 threads)
[2025-12-02T06:38:14.097+0000][4738.120s][info ][safepoint   ] Safepoint "Cleanup", Time since last: 61008549215 ns, Reaching safepoint: 199022 ns, Cleanup: 22974 ns, At safepoint: 3858 ns, Total: 225854 ns
[2025-12-02T06:38:23.099+0000][4747.122s][debug][safepoint   ] Safepoint synchronization initiated using futex wait barrier. (227 threads)
[2025-12-02T06:38:23.099+0000][4747.122s][info ][safepoint   ] Safepoint "Cleanup", Time since last: 9001179239 ns, Reaching safepoint: 143074 ns, Cleanup: 15099 ns, At safepoint: 33264 ns, Total: 191437 ns
[2025-12-02T06:39:15.103+0000][4799.129s][debug][safepoint   ] Safepoint synchronization initiated using futex wait barrier. (229 threads)
[2025-12-02T06:39:15.103+0000][4799.130s][info ][safepoint   ] Safepoint "Cleanup", Time since last: 52007564350 ns, Reaching safepoint: 279427 ns, Cleanup: 32372 ns, At safepoint: 10350 ns, Total: 322149 ns
[2025-12-02T06:40:00.108+0000][4844.138s][debug][safepoint   ] Safepoint synchronization initiated using futex wait barrier. (229 threads)
[2025-12-02T06:40:00.108+0000][4844.138s][info ][safepoint   ] Safepoint "Cleanup", Time since last: 45008546970 ns, Reaching safepoint: 132474 ns, Cleanup: 14909 ns, At safepoint: 3907 ns, Total: 151290 ns
[2025-12-02T06:40:03.108+0000][4847.139s][debug][safepoint   ] Safepoint synchronization initiated using futex wait barrier. (229 threads)
[2025-12-02T06:40:03.110+0000][4847.140s][debug][safepoint   ] ... found polling page loop exception at pc = 0x00007014192223e6, stub =0x0000701418a04400
[2025-12-02T06:40:03.112+0000][4847.142s][info ][safepoint   ] Safepoint "Cleanup", Time since last: 3000460100 ns, Reaching safepoint: 2338808 ns, Cleanup: 161459 ns, At safepoint: 884247 ns, Total: 3384514 ns
[2025-12-02T06:40:04.973+0000][4849.003s][debug][safepoint   ] Safepoint synchronization initiated using futex wait barrier. (234 threads)
[2025-12-02T06:40:04.974+0000][4849.005s][info ][safepoint   ] Safepoint "Cleanup", Time since last: 1860883144 ns, Reaching safepoint: 894649 ns, Cleanup: 389227 ns, At safepoint: 562571 ns, Total: 1846447 ns
[2025-12-02T06:40:05.975+0000][4850.005s][debug][safepoint   ] Safepoint synchronization initiated using futex wait barrier. (235 threads)
[2025-12-02T06:40:05.978+0000][4850.009s][info ][safepoint   ] Safepoint "Cleanup", Time since last: 1000153856 ns, Reaching safepoint: 3351427 ns, Cleanup: 18536 ns, At safepoint: 140670 ns, Total: 3510633 ns
[2025-12-02T06:40:06.978+0000][4851.009s][debug][safepoint   ] Safepoint synchronization initiated using futex wait barrier. (238 threads)
[2025-12-02T06:40:06.978+0000][4851.009s][info ][safepoint   ] Safepoint "Cleanup", Time since last: 1000213442 ns, Reaching safepoint: 79273 ns, Cleanup: 21361 ns, At safepoint: 3556 ns, Total: 104190 ns
[2025-12-02T06:40:11.979+0000][4856.010s][debug][safepoint   ] Safepoint synchronization initiated using futex wait barrier. (241 threads)
[2025-12-02T06:40:11.979+0000][4856.010s][info ][safepoint   ] Safepoint "Cleanup", Time since last: 5000658710 ns, Reaching safepoint: 130531 ns, Cleanup: 31962 ns, At safepoint: 4248 ns, Total: 166741 ns
[2025-12-02T06:40:14.980+0000][4859.010s][debug][safepoint   ] Safepoint synchronization initiated using futex wait barrier. (241 threads)
[2025-12-02T06:40:14.980+0000][4859.010s][info ][safepoint   ] Safepoint "Cleanup", Time since last: 3000495049 ns, Reaching safepoint: 114119 ns, Cleanup: 17344 ns, At safepoint: 3546 ns, Total: 135009 ns
[2025-12-02T06:40:15.980+0000][4860.010s][debug][safepoint   ] Safepoint synchronization initiated using futex wait barrier. (241 threads)
[2025-12-02T06:40:15.980+0000][4860.011s][info ][safepoint   ] Safepoint "Cleanup", Time since last: 1000128738 ns, Reaching safepoint: 113549 ns, Cleanup: 22282 ns, At safepoint: 4249 ns, Total: 140080 ns
[2025-12-02T06:40:22.272+0000][4866.302s][debug][safepoint   ] Safepoint synchronization initiated using futex wait barrier. (244 threads)
[2025-12-02T06:40:22.272+0000][4866.302s][info ][safepoint   ] Safepoint "Cleanup", Time since last: 6291687531 ns, Reaching safepoint: 156040 ns, Cleanup: 28505 ns, At safepoint: 4989 ns, Total: 189534 ns
[2025-12-02T06:40:23.272+0000][4867.303s][debug][safepoint   ] Safepoint synchronization initiated using futex wait barrier. (244 threads)
[2025-12-02T06:40:23.272+0000][4867.303s][info ][safepoint   ] Safepoint "Cleanup", Time since last: 1000152093 ns, Reaching safepoint: 159867 ns, Cleanup: 41109 ns, At safepoint: 6552 ns, Total: 207528 ns
[2025-12-02T06:40:37.271+0000][4881.305s][debug][safepoint   ] Safepoint synchronization initiated using futex wait barrier. (247 threads)
[2025-12-02T06:40:37.272+0000][4881.305s][info ][safepoint   ] Safepoint "Cleanup", Time since last: 14001885777 ns, Reaching safepoint: 167793 ns, Cleanup: 25088 ns, At safepoint: 41049 ns, Total: 233930 ns
[2025-12-02T06:40:42.782+0000][4886.815s][debug][safepoint   ] Safepoint synchronization initiated using futex wait barrier. (247 threads)
[2025-12-02T06:40:42.787+0000][4886.820s][info ][gc,start    ] GC(98) Pause Young (Concurrent Start) (G1 Evacuation Pause)
[2025-12-02T06:40:42.787+0000][4886.820s][info ][gc,task     ] GC(98) Using 13 workers of 13 for evacuation
[2025-12-02T06:40:42.854+0000][4886.887s][info ][gc,phases   ] GC(98)   Pre Evacuate Collection Set: 14.5ms
[2025-12-02T06:40:42.854+0000][4886.887s][info ][gc,phases   ] GC(98)   Merge Heap Roots: 2.3ms
[2025-12-02T06:40:42.854+0000][4886.888s][info ][gc,phases   ] GC(98)   Evacuate Collection Set: 28.1ms
[2025-12-02T06:40:42.854+0000][4886.888s][info ][gc,phases   ] GC(98)   Post Evacuate Collection Set: 14.7ms
[2025-12-02T06:40:42.854+0000][4886.888s][info ][gc,phases   ] GC(98)   Other: 9.7ms
[2025-12-02T06:40:42.854+0000][4886.888s][info ][gc,heap     ] GC(98) Eden regions: 548->0(546)
[2025-12-02T06:40:42.854+0000][4886.888s][info ][gc,heap     ] GC(98) Survivor regions: 2->4(69)
[2025-12-02T06:40:42.854+0000][4886.888s][info ][gc,heap     ] GC(98) Old regions: 182->182
[2025-12-02T06:40:42.854+0000][4886.888s][info ][gc,heap     ] GC(98) Archive regions: 2->2
[2025-12-02T06:40:42.854+0000][4886.888s][info ][gc,heap     ] GC(98) Humongous regions: 0->0
[2025-12-02T06:40:42.854+0000][4886.888s][info ][gc,metaspace] GC(98) Metaspace: 200904K(202432K)->200904K(202432K) NonClass: 176668K(177472K)->176668K(177472K) Class: 24235K(24960K)->24235K(24960K)
[2025-12-02T06:40:42.855+0000][4886.888s][info ][gc          ] GC(98) Pause Young (Concurrent Start) (G1 Evacuation Pause) 731M->185M(917M) 67.766ms
[2025-12-02T06:40:42.855+0000][4886.888s][info ][gc,cpu      ] GC(98) User=0.55s Sys=0.00s Real=0.06s
[2025-12-02T06:40:42.855+0000][4886.888s][info ][gc          ] GC(99) Concurrent Mark Cycle
[2025-12-02T06:40:42.855+0000][4886.889s][info ][gc,marking  ] GC(99) Concurrent Clear Claimed Marks
[2025-12-02T06:40:42.856+0000][4886.889s][info ][gc,marking  ] GC(99) Concurrent Clear Claimed Marks 0.419ms
[2025-12-02T06:40:42.856+0000][4886.889s][info ][gc,marking  ] GC(99) Concurrent Scan Root Regions
[2025-12-02T06:40:42.856+0000][4886.890s][info ][safepoint   ] Safepoint "G1CollectForAllocation", Time since last: 5510180915 ns, Reaching safepoint: 2273920 ns, Cleanup: 53914 ns, At safepoint: 72096186 ns, Total: 74424020 ns
[2025-12-02T06:40:42.948+0000][4886.981s][info ][gc,marking  ] GC(99) Concurrent Scan Root Regions 92.191ms
[2025-12-02T06:40:42.948+0000][4886.981s][info ][gc,marking  ] GC(99) Concurrent Mark
[2025-12-02T06:40:42.948+0000][4886.981s][info ][gc,marking  ] GC(99) Concurrent Mark From Roots
[2025-12-02T06:40:42.948+0000][4886.981s][info ][gc,task     ] GC(99) Using 3 workers of 3 for marking
[2025-12-02T06:40:43.371+0000][4887.404s][info ][gc,marking  ] GC(99) Concurrent Mark From Roots 422.983ms
[2025-12-02T06:40:43.371+0000][4887.404s][info ][gc,marking  ] GC(99) Concurrent Preclean
[2025-12-02T06:40:43.372+0000][4887.405s][info ][gc,marking  ] GC(99) Concurrent Preclean 0.908ms
[2025-12-02T06:40:43.372+0000][4887.405s][debug][safepoint   ] Safepoint synchronization initiated using futex wait barrier. (247 threads)
[2025-12-02T06:40:43.372+0000][4887.406s][info ][gc,start    ] GC(99) Pause Remark
[2025-12-02T06:40:43.573+0000][4887.607s][info ][gc          ] GC(99) Pause Remark 195M->195M(664M) 200.947ms
[2025-12-02T06:40:43.573+0000][4887.607s][info ][gc,cpu      ] GC(99) User=2.49s Sys=0.00s Real=0.20s
[2025-12-02T06:40:43.575+0000][4887.608s][info ][safepoint   ] Safepoint "G1PauseRemark", Time since last: 515844196 ns, Reaching safepoint: 42682 ns, Cleanup: 42271 ns, At safepoint: 202826982 ns, Total: 202911935 ns
[2025-12-02T06:40:43.575+0000][4887.608s][info ][gc,marking  ] GC(99) Concurrent Mark 627.131ms
[2025-12-02T06:40:43.575+0000][4887.608s][info ][gc,marking  ] GC(99) Concurrent Rebuild Remembered Sets
[2025-12-02T06:40:43.649+0000][4887.683s][info ][gc,marking  ] GC(99) Concurrent Rebuild Remembered Sets 74.087ms
[2025-12-02T06:40:43.649+0000][4887.683s][debug][safepoint   ] Safepoint synchronization initiated using futex wait barrier. (247 threads)
[2025-12-02T06:40:43.649+0000][4887.683s][info ][gc,start    ] GC(99) Pause Cleanup
[2025-12-02T06:40:43.650+0000][4887.683s][info ][gc          ] GC(99) Pause Cleanup 195M->195M(664M) 0.507ms
[2025-12-02T06:40:43.650+0000][4887.683s][info ][gc,cpu      ] GC(99) User=0.00s Sys=0.00s Real=0.00s
[2025-12-02T06:40:43.650+0000][4887.684s][info ][safepoint   ] Safepoint "G1PauseCleanup", Time since last: 74354417 ns, Reaching safepoint: 38674 ns, Cleanup: 3557 ns, At safepoint: 1119702 ns, Total: 1161933 ns
[2025-12-02T06:40:43.650+0000][4887.684s][info ][gc,marking  ] GC(99) Concurrent Cleanup for Next Mark
[2025-12-02T06:40:43.671+0000][4887.705s][info ][gc,marking  ] GC(99) Concurrent Cleanup for Next Mark 20.910ms
[2025-12-02T06:40:43.671+0000][4887.705s][info ][gc          ] GC(99) Concurrent Mark Cycle 816.464ms
[2025-12-02T06:40:55.652+0000][4899.686s][debug][safepoint   ] Safepoint synchronization initiated using futex wait barrier. (247 threads)
[2025-12-02T06:40:55.652+0000][4899.686s][info ][safepoint   ] Safepoint "Cleanup", Time since last: 12001697442 ns, Reaching safepoint: 161771 ns, Cleanup: 27373 ns, At safepoint: 5180 ns, Total: 194324 ns
[2025-12-02T06:40:57.653+0000][4901.686s][debug][safepoint   ] Safepoint synchronization initiated using futex wait barrier. (250 threads)
[2025-12-02T06:40:57.653+0000][4901.686s][info ][safepoint   ] Safepoint "Cleanup", Time since last: 2000553029 ns, Reaching safepoint: 118799 ns, Cleanup: 20539 ns, At safepoint: 4038 ns, Total: 143376 ns
[2025-12-02T06:41:02.654+0000][4906.688s][debug][safepoint   ] Safepoint synchronization initiated using futex wait barrier. (250 threads)
[2025-12-02T06:41:02.655+0000][4906.688s][info ][safepoint   ] Safepoint "Cleanup", Time since last: 5001700861 ns, Reaching safepoint: 101605 ns, Cleanup: 15831 ns, At safepoint: 3326 ns, Total: 120762 ns
[2025-12-02T06:41:04.655+0000][4908.689s][debug][safepoint   ] Safepoint synchronization initiated using futex wait barrier. (249 threads)
[2025-12-02T06:41:04.655+0000][4908.689s][info ][safepoint   ] Safepoint "Cleanup", Time since last: 2000384157 ns, Reaching safepoint: 155809 ns, Cleanup: 19929 ns, At safepoint: 6943 ns, Total: 182681 ns
[2025-12-02T06:41:16.657+0000][4920.691s][debug][safepoint   ] Safepoint synchronization initiated using futex wait barrier. (248 threads)
[2025-12-02T06:41:16.658+0000][4920.691s][info ][safepoint   ] Safepoint "Cleanup", Time since last: 12001772019 ns, Reaching safepoint: 534237 ns, Cleanup: 21601 ns, At safepoint: 177411 ns, Total: 733249 ns
[2025-12-02T06:41:22.307+0000][4926.341s][debug][safepoint   ] Safepoint synchronization initiated using futex wait barrier. (251 threads)
[2025-12-02T06:41:22.307+0000][4926.341s][info ][safepoint   ] Safepoint "Cleanup", Time since last: 5649508516 ns, Reaching safepoint: 132875 ns, Cleanup: 13526 ns, At safepoint: 4319 ns, Total: 150720 ns
[2025-12-02T06:41:23.307+0000][4927.341s][debug][safepoint   ] Safepoint synchronization initiated using futex wait barrier. (251 threads)
[2025-12-02T06:41:23.308+0000][4927.341s][info ][safepoint   ] Safepoint "Cleanup", Time since last: 1000172128 ns, Reaching safepoint: 233719 ns, Cleanup: 42411 ns, At safepoint: 5631 ns, Total: 281761 ns
[2025-12-02T06:41:52.309+0000][4956.346s][debug][safepoint   ] Safepoint synchronization initiated using futex wait barrier. (254 threads)
[2025-12-02T06:41:52.309+0000][4956.346s][info ][safepoint   ] Safepoint "Cleanup", Time since last: 29004274629 ns, Reaching safepoint: 97207 ns, Cleanup: 68211 ns, At safepoint: 5801 ns, Total: 171219 ns
[2025-12-02T06:41:58.309+0000][4962.347s][debug][safepoint   ] Safepoint synchronization initiated using futex wait barrier. (254 threads)
[2025-12-02T06:41:58.309+0000][4962.347s][info ][safepoint   ] Safepoint "Cleanup", Time since last: 6000828340 ns, Reaching safepoint: 76356 ns, Cleanup: 14037 ns, At safepoint: 3246 ns, Total: 93639 ns
[2025-12-02T06:42:10.311+0000][4974.348s][debug][safepoint   ] Safepoint synchronization initiated using futex wait barrier. (254 threads)
[2025-12-02T06:42:10.311+0000][4974.349s][info ][safepoint   ] Safepoint "Cleanup", Time since last: 12001642614 ns, Reaching safepoint: 143776 ns, Cleanup: 25860 ns, At safepoint: 4929 ns, Total: 174565 ns
[2025-12-02T06:42:27.340+0000][4991.380s][debug][safepoint   ] Safepoint synchronization initiated using futex wait barrier. (258 threads)
[2025-12-02T06:42:27.341+0000][4991.380s][info ][safepoint   ] Safepoint "Cleanup", Time since last: 17030931322 ns, Reaching safepoint: 159997 ns, Cleanup: 21331 ns, At safepoint: 4408 ns, Total: 185736 ns
[2025-12-02T06:42:46.343+0000][5010.382s][debug][safepoint   ] Safepoint synchronization initiated using futex wait barrier. (260 threads)
[2025-12-02T06:42:46.343+0000][5010.383s][info ][safepoint   ] Safepoint "Cleanup", Time since last: 19002598657 ns, Reaching safepoint: 131262 ns, Cleanup: 120933 ns, At safepoint: 37121 ns, Total: 289316 ns
[2025-12-02T06:43:07.344+0000][5031.385s][debug][safepoint   ] Safepoint synchronization initiated using futex wait barrier. (263 threads)
[2025-12-02T06:43:07.344+0000][5031.386s][info ][safepoint   ] Safepoint "Cleanup", Time since last: 21002779720 ns, Reaching safepoint: 108318 ns, Cleanup: 20910 ns, At safepoint: 3557 ns, Total: 132785 ns
[2025-12-02T06:43:17.346+0000][5041.388s][debug][safepoint   ] Safepoint synchronization initiated using futex wait barrier. (263 threads)
[2025-12-02T06:43:17.347+0000][5041.388s][info ][safepoint   ] Safepoint "Cleanup", Time since last: 10002072109 ns, Reaching safepoint: 303833 ns, Cleanup: 30860 ns, At safepoint: 5550 ns, Total: 340243 ns
[2025-12-02T06:43:22.386+0000][5046.427s][debug][safepoint   ] Safepoint synchronization initiated using futex wait barrier. (263 threads)
[2025-12-02T06:43:22.386+0000][5046.427s][info ][safepoint   ] Safepoint "Cleanup", Time since last: 5039074401 ns, Reaching safepoint: 86016 ns, Cleanup: 17994 ns, At safepoint: 3827 ns, Total: 107837 ns
[2025-12-02T06:43:52.386+0000][5076.431s][debug][safepoint   ] Safepoint synchronization initiated using futex wait barrier. (265 threads)
[2025-12-02T06:43:52.386+0000][5076.432s][info ][safepoint   ] Safepoint "Cleanup", Time since last: 30004314683 ns, Reaching safepoint: 115571 ns, Cleanup: 54093 ns, At safepoint: 29988 ns, Total: 199652 ns
[2025-12-02T06:43:53.581+0000][5077.626s][debug][safepoint   ] Safepoint synchronization initiated using futex wait barrier. (268 threads)
[2025-12-02T06:43:53.581+0000][5077.627s][info ][safepoint   ] Safepoint "Cleanup", Time since last: 1194747586 ns, Reaching safepoint: 85473 ns, Cleanup: 144868 ns, At safepoint: 6302 ns, Total: 236643 ns
[2025-12-02T06:44:20.416+0000][5104.467s][debug][safepoint   ] Safepoint synchronization initiated using futex wait barrier. (268 threads)
[2025-12-02T06:44:20.416+0000][5104.468s][info ][safepoint   ] Safepoint "Cleanup", Time since last: 26840615893 ns, Reaching safepoint: 611595 ns, Cleanup: 20860 ns, At safepoint: 4910 ns, Total: 637365 ns
[2025-12-02T06:44:22.417+0000][5106.468s][debug][safepoint   ] Safepoint synchronization initiated using futex wait barrier. (268 threads)
[2025-12-02T06:44:22.417+0000][5106.468s][info ][safepoint   ] Safepoint "Cleanup", Time since last: 2000330412 ns, Reaching safepoint: 68582 ns, Cleanup: 10902 ns, At safepoint: 2745 ns, Total: 82229 ns
[2025-12-02T06:45:43.444+0000][5187.506s][debug][safepoint   ] Safepoint synchronization initiated using futex wait barrier. (263 threads)
[2025-12-02T06:45:43.444+0000][5187.506s][info ][safepoint   ] Safepoint "Cleanup", Time since last: 81037334160 ns, Reaching safepoint: 116762 ns, Cleanup: 21223 ns, At safepoint: 3497 ns, Total: 141482 ns
[2025-12-02T06:46:47.604+0000][5251.672s][debug][safepoint   ] Safepoint synchronization initiated using futex wait barrier. (261 threads)
[2025-12-02T06:46:47.606+0000][5251.673s][info ][gc,start    ] GC(100) Pause Young (Prepare Mixed) (G1 Preventive Collection)
[2025-12-02T06:46:47.606+0000][5251.673s][info ][gc,task     ] GC(100) Using 13 workers of 13 for evacuation
[2025-12-02T06:46:47.635+0000][5251.703s][info ][gc,phases   ] GC(100)   Pre Evacuate Collection Set: 1.0ms
[2025-12-02T06:46:47.635+0000][5251.703s][info ][gc,phases   ] GC(100)   Merge Heap Roots: 0.8ms
[2025-12-02T06:46:47.635+0000][5251.703s][info ][gc,phases   ] GC(100)   Evacuate Collection Set: 23.0ms
[2025-12-02T06:46:47.635+0000][5251.703s][info ][gc,phases   ] GC(100)   Post Evacuate Collection Set: 4.4ms
[2025-12-02T06:46:47.636+0000][5251.703s][info ][gc,phases   ] GC(100)   Other: 1.3ms
[2025-12-02T06:46:47.636+0000][5251.703s][info ][gc,heap     ] GC(100) Eden regions: 459->0(27)
[2025-12-02T06:46:47.636+0000][5251.703s][info ][gc,heap     ] GC(100) Survivor regions: 4->6(69)
[2025-12-02T06:46:47.636+0000][5251.703s][info ][gc,heap     ] GC(100) Old regions: 182->182
[2025-12-02T06:46:47.636+0000][5251.703s][info ][gc,heap     ] GC(100) Archive regions: 2->2
[2025-12-02T06:46:47.636+0000][5251.703s][info ][gc,heap     ] GC(100) Humongous regions: 0->0
[2025-12-02T06:46:47.636+0000][5251.703s][info ][gc,metaspace] GC(100) Metaspace: 201455K(202816K)->201455K(202816K) NonClass: 177140K(177856K)->177140K(177856K) Class: 24315K(24960K)->24315K(24960K)
[2025-12-02T06:46:47.636+0000][5251.703s][info ][gc          ] GC(100) Pause Young (Prepare Mixed) (G1 Preventive Collection) 644M->187M(664M) 30.071ms
[2025-12-02T06:46:47.636+0000][5251.703s][info ][gc,cpu      ] GC(100) User=0.34s Sys=0.00s Real=0.03s
[2025-12-02T06:46:47.637+0000][5251.705s][info ][safepoint   ] Safepoint "G1CollectForAllocation", Time since last: 64166303966 ns, Reaching safepoint: 441632 ns, Cleanup: 11483 ns, At safepoint: 32065206 ns, Total: 32518321 ns
[2025-12-02T06:47:09.130+0000][5273.201s][debug][safepoint   ] Safepoint synchronization initiated using futex wait barrier. (261 threads)
[2025-12-02T06:47:09.130+0000][5273.201s][info ][gc,start    ] GC(101) Pause Young (Mixed) (G1 Evacuation Pause)
[2025-12-02T06:47:09.130+0000][5273.201s][info ][gc,task     ] GC(101) Using 13 workers of 13 for evacuation
[2025-12-02T06:47:09.300+0000][5273.371s][info ][gc,phases   ] GC(101)   Pre Evacuate Collection Set: 0.5ms
[2025-12-02T06:47:09.300+0000][5273.371s][info ][gc,phases   ] GC(101)   Merge Heap Roots: 1.0ms
[2025-12-02T06:47:09.300+0000][5273.371s][info ][gc,phases   ] GC(101)   Evacuate Collection Set: 162.6ms
[2025-12-02T06:47:09.300+0000][5273.371s][info ][gc,phases   ] GC(101)   Post Evacuate Collection Set: 4.1ms
[2025-12-02T06:47:09.300+0000][5273.371s][info ][gc,phases   ] GC(101)   Other: 1.5ms
[2025-12-02T06:47:09.300+0000][5273.371s][info ][gc,heap     ] GC(101) Eden regions: 27->0(395)
[2025-12-02T06:47:09.300+0000][5273.371s][info ][gc,heap     ] GC(101) Survivor regions: 6->3(5)
[2025-12-02T06:47:09.300+0000][5273.371s][info ][gc,heap     ] GC(101) Old regions: 182->167
[2025-12-02T06:47:09.300+0000][5273.371s][info ][gc,heap     ] GC(101) Archive regions: 2->2
[2025-12-02T06:47:09.300+0000][5273.371s][info ][gc,heap     ] GC(101) Humongous regions: 0->0
[2025-12-02T06:47:09.300+0000][5273.371s][info ][gc,metaspace] GC(101) Metaspace: 201456K(202816K)->201456K(202816K) NonClass: 177141K(177856K)->177141K(177856K) Class: 24315K(24960K)->24315K(24960K)
[2025-12-02T06:47:09.300+0000][5273.371s][info ][gc          ] GC(101) Pause Young (Mixed) (G1 Evacuation Pause) 214M->170M(664M) 169.612ms
[2025-12-02T06:47:09.300+0000][5273.371s][info ][gc,cpu      ] GC(101) User=2.12s Sys=0.00s Real=0.17s
[2025-12-02T06:47:09.302+0000][5273.372s][info ][safepoint   ] Safepoint "G1CollectForAllocation", Time since last: 21496136480 ns, Reaching safepoint: 315773 ns, Cleanup: 15200 ns, At safepoint: 171366457 ns, Total: 171697430 ns
[2025-12-02T06:47:22.304+0000][5286.375s][debug][safepoint   ] Safepoint synchronization initiated using futex wait barrier. (260 threads)
[2025-12-02T06:47:22.304+0000][5286.375s][info ][safepoint   ] Safepoint "Cleanup", Time since last: 13002089091 ns, Reaching safepoint: 259861 ns, Cleanup: 25510 ns, At safepoint: 5731 ns, Total: 291102 ns
[2025-12-02T06:47:23.304+0000][5287.375s][debug][safepoint   ] Safepoint synchronization initiated using futex wait barrier. (263 threads)
[2025-12-02T06:47:23.305+0000][5287.376s][info ][safepoint   ] Safepoint "Cleanup", Time since last: 1000176605 ns, Reaching safepoint: 356551 ns, Cleanup: 143363 ns, At safepoint: 29698 ns, Total: 529612 ns
[2025-12-02T06:47:39.304+0000][5303.379s][debug][safepoint   ] Safepoint synchronization initiated using futex wait barrier. (265 threads)
[2025-12-02T06:47:39.305+0000][5303.380s][info ][safepoint   ] Safepoint "Cleanup", Time since last: 16003701601 ns, Reaching safepoint: 365973 ns, Cleanup: 73165 ns, At safepoint: 10601 ns, Total: 449739 ns
[2025-12-02T06:47:55.308+0000][5319.383s][debug][safepoint   ] Safepoint synchronization initiated using futex wait barrier. (264 threads)
[2025-12-02T06:47:55.308+0000][5319.383s][info ][safepoint   ] Safepoint "Cleanup", Time since last: 16003230770 ns, Reaching safepoint: 117462 ns, Cleanup: 70469 ns, At safepoint: 5762 ns, Total: 193693 ns
[2025-12-02T06:48:07.307+0000][5331.385s][debug][safepoint   ] Safepoint synchronization initiated using futex wait barrier. (264 threads)
[2025-12-02T06:48:07.308+0000][5331.386s][info ][safepoint   ] Safepoint "Cleanup", Time since last: 12001926629 ns, Reaching safepoint: 334810 ns, Cleanup: 338157 ns, At safepoint: 272568 ns, Total: 945535 ns
[2025-12-02T06:48:22.627+0000][5346.705s][debug][safepoint   ] Safepoint synchronization initiated using futex wait barrier. (263 threads)
[2025-12-02T06:48:22.627+0000][5346.705s][info ][safepoint   ] Safepoint "Cleanup", Time since last: 15318803398 ns, Reaching safepoint: 178717 ns, Cleanup: 52289 ns, At safepoint: 6462 ns, Total: 237468 ns
[2025-12-02T06:49:24.636+0000][5408.719s][debug][safepoint   ] Safepoint synchronization initiated using futex wait barrier. (261 threads)
[2025-12-02T06:49:24.636+0000][5408.720s][info ][safepoint   ] Safepoint "Cleanup", Time since last: 62014452197 ns, Reaching safepoint: 110587 ns, Cleanup: 80768 ns, At safepoint: 8106 ns, Total: 199461 ns
[2025-12-02T06:49:44.635+0000][5428.723s][debug][safepoint   ] Safepoint synchronization initiated using futex wait barrier. (266 threads)
[2025-12-02T06:49:44.635+0000][5428.723s][info ][safepoint   ] Safepoint "Cleanup", Time since last: 20003032490 ns, Reaching safepoint: 75158 ns, Cleanup: 12705 ns, At safepoint: 2686 ns, Total: 90549 ns
[2025-12-02T06:52:39.668+0000][5603.773s][debug][safepoint   ] Safepoint synchronization initiated using futex wait barrier. (263 threads)
[2025-12-02T06:52:39.668+0000][5603.774s][info ][gc,start    ] GC(102) Pause Young (Concurrent Start) (G1 Evacuation Pause)
[2025-12-02T06:52:39.668+0000][5603.774s][info ][gc,task     ] GC(102) Using 13 workers of 13 for evacuation
[2025-12-02T06:52:39.714+0000][5603.820s][info ][gc,phases   ] GC(102)   Pre Evacuate Collection Set: 3.4ms
[2025-12-02T06:52:39.714+0000][5603.820s][info ][gc,phases   ] GC(102)   Merge Heap Roots: 0.5ms
[2025-12-02T06:52:39.714+0000][5603.820s][info ][gc,phases   ] GC(102)   Evacuate Collection Set: 32.6ms
[2025-12-02T06:52:39.714+0000][5603.820s][info ][gc,phases   ] GC(102)   Post Evacuate Collection Set: 5.2ms
[2025-12-02T06:52:39.714+0000][5603.820s][info ][gc,phases   ] GC(102)   Other: 4.5ms
[2025-12-02T06:52:39.714+0000][5603.820s][info ][gc,heap     ] GC(102) Eden regions: 395->0(394)
[2025-12-02T06:52:39.714+0000][5603.820s][info ][gc,heap     ] GC(102) Survivor regions: 3->4(50)
[2025-12-02T06:52:39.714+0000][5603.820s][info ][gc,heap     ] GC(102) Old regions: 167->167
[2025-12-02T06:52:39.714+0000][5603.820s][info ][gc,heap     ] GC(102) Archive regions: 2->2
[2025-12-02T06:52:39.714+0000][5603.820s][info ][gc,heap     ] GC(102) Humongous regions: 0->0
[2025-12-02T06:52:39.714+0000][5603.820s][info ][gc,metaspace] GC(102) Metaspace: 201490K(202816K)->201490K(202816K) NonClass: 177174K(177856K)->177174K(177856K) Class: 24315K(24960K)->24315K(24960K)
[2025-12-02T06:52:39.714+0000][5603.820s][info ][gc          ] GC(102) Pause Young (Concurrent Start) (G1 Evacuation Pause) 565M->171M(664M) 46.000ms
[2025-12-02T06:52:39.714+0000][5603.820s][info ][gc,cpu      ] GC(102) User=0.24s Sys=0.00s Real=0.05s
[2025-12-02T06:52:39.715+0000][5603.821s][info ][gc          ] GC(103) Concurrent Mark Cycle
[2025-12-02T06:52:39.716+0000][5603.821s][info ][safepoint   ] Safepoint "G1CollectForAllocation", Time since last: 175050529597 ns, Reaching safepoint: 235223 ns, Cleanup: 11662 ns, At safepoint: 47560886 ns, Total: 47807771 ns
[2025-12-02T06:52:39.716+0000][5603.821s][info ][gc,marking  ] GC(103) Concurrent Clear Claimed Marks
[2025-12-02T06:52:39.716+0000][5603.821s][info ][gc,marking  ] GC(103) Concurrent Clear Claimed Marks 0.362ms
[2025-12-02T06:52:39.716+0000][5603.822s][info ][gc,marking  ] GC(103) Concurrent Scan Root Regions
[2025-12-02T06:52:39.826+0000][5603.932s][info ][gc,marking  ] GC(103) Concurrent Scan Root Regions 110.221ms
[2025-12-02T06:52:39.826+0000][5603.932s][info ][gc,marking  ] GC(103) Concurrent Mark
[2025-12-02T06:52:39.826+0000][5603.932s][info ][gc,marking  ] GC(103) Concurrent Mark From Roots
[2025-12-02T06:52:39.826+0000][5603.932s][info ][gc,task     ] GC(103) Using 3 workers of 3 for marking
[2025-12-02T06:52:40.188+0000][5604.294s][info ][gc,marking  ] GC(103) Concurrent Mark From Roots 362.101ms
[2025-12-02T06:52:40.188+0000][5604.294s][info ][gc,marking  ] GC(103) Concurrent Preclean
[2025-12-02T06:52:40.189+0000][5604.295s][info ][gc,marking  ] GC(103) Concurrent Preclean 0.734ms
[2025-12-02T06:52:40.189+0000][5604.295s][debug][safepoint   ] Safepoint synchronization initiated using futex wait barrier. (263 threads)
[2025-12-02T06:52:40.190+0000][5604.295s][info ][gc,start    ] GC(103) Pause Remark
[2025-12-02T06:52:40.349+0000][5604.455s][info ][gc          ] GC(103) Pause Remark 179M->179M(604M) 159.522ms
[2025-12-02T06:52:40.349+0000][5604.455s][info ][gc,cpu      ] GC(103) User=2.02s Sys=0.00s Real=0.16s
[2025-12-02T06:52:40.351+0000][5604.456s][info ][safepoint   ] Safepoint "G1PauseRemark", Time since last: 473765778 ns, Reaching safepoint: 86771 ns, Cleanup: 6152 ns, At safepoint: 161176244 ns, Total: 161269167 ns
[2025-12-02T06:52:40.351+0000][5604.456s][info ][gc,marking  ] GC(103) Concurrent Mark 524.471ms
[2025-12-02T06:52:40.351+0000][5604.456s][info ][gc,marking  ] GC(103) Concurrent Rebuild Remembered Sets
[2025-12-02T06:52:40.420+0000][5604.525s][info ][gc,marking  ] GC(103) Concurrent Rebuild Remembered Sets 69.166ms
[2025-12-02T06:52:40.420+0000][5604.526s][debug][safepoint   ] Safepoint synchronization initiated using futex wait barrier. (263 threads)
[2025-12-02T06:52:40.420+0000][5604.526s][info ][gc,start    ] GC(103) Pause Cleanup
[2025-12-02T06:52:40.421+0000][5604.526s][info ][gc          ] GC(103) Pause Cleanup 179M->179M(604M) 0.460ms
[2025-12-02T06:52:40.421+0000][5604.526s][info ][gc,cpu      ] GC(103) User=0.00s Sys=0.00s Real=0.00s
[2025-12-02T06:52:40.421+0000][5604.526s][info ][safepoint   ] Safepoint "G1PauseCleanup", Time since last: 69409294 ns, Reaching safepoint: 41382 ns, Cleanup: 33806 ns, At safepoint: 634467 ns, Total: 709655 ns
[2025-12-02T06:52:40.421+0000][5604.526s][info ][gc,marking  ] GC(103) Concurrent Cleanup for Next Mark
[2025-12-02T06:52:40.438+0000][5604.543s][info ][gc,marking  ] GC(103) Concurrent Cleanup for Next Mark 16.813ms
[2025-12-02T06:52:40.438+0000][5604.543s][info ][gc          ] GC(103) Concurrent Mark Cycle 722.417ms
[2025-12-02T06:53:19.424+0000][5643.532s][debug][safepoint   ] Safepoint synchronization initiated using futex wait barrier. (265 threads)
[2025-12-02T06:53:19.425+0000][5643.533s][info ][safepoint   ] Safepoint "Cleanup", Time since last: 39006111312 ns, Reaching safepoint: 207337 ns, Cleanup: 60629 ns, At safepoint: 5801 ns, Total: 273767 ns
[2025-12-02T06:53:22.425+0000][5646.533s][debug][safepoint   ] Safepoint synchronization initiated using futex wait barrier. (265 threads)
[2025-12-02T06:53:22.426+0000][5646.534s][info ][safepoint   ] Safepoint "Cleanup", Time since last: 3000690232 ns, Reaching safepoint: 134474 ns, Cleanup: 22544 ns, At safepoint: 4279 ns, Total: 161297 ns
[2025-12-02T06:53:55.428+0000][5679.538s][debug][safepoint   ] Safepoint synchronization initiated using futex wait barrier. (265 threads)
[2025-12-02T06:53:55.428+0000][5679.539s][info ][safepoint   ] Safepoint "Cleanup", Time since last: 33004924959 ns, Reaching safepoint: 271139 ns, Cleanup: 31922 ns, At safepoint: 7595 ns, Total: 310656 ns
[2025-12-02T06:55:31.431+0000][5775.553s][debug][safepoint   ] Safepoint synchronization initiated using futex wait barrier. (263 threads)
[2025-12-02T06:55:31.431+0000][5775.553s][info ][safepoint   ] Safepoint "Cleanup", Time since last: 96014329613 ns, Reaching safepoint: 145673 ns, Cleanup: 34908 ns, At safepoint: 3397 ns, Total: 183978 ns
[2025-12-02T06:55:32.432+0000][5776.553s][debug][safepoint   ] Safepoint synchronization initiated using futex wait barrier. (263 threads)
[2025-12-02T06:55:32.432+0000][5776.554s][info ][safepoint   ] Safepoint "Cleanup", Time since last: 1000216116 ns, Reaching safepoint: 96618 ns, Cleanup: 20369 ns, At safepoint: 3968 ns, Total: 120955 ns
[2025-12-02T06:55:38.436+0000][5782.558s][debug][safepoint   ] Safepoint synchronization initiated using futex wait barrier. (263 threads)
[2025-12-02T06:55:38.436+0000][5782.558s][info ][safepoint   ] Safepoint "Cleanup", Time since last: 6004088469 ns, Reaching safepoint: 95977 ns, Cleanup: 18526 ns, At safepoint: 3748 ns, Total: 118251 ns
[2025-12-02T06:55:40.436+0000][5784.558s][debug][safepoint   ] Safepoint synchronization initiated using futex wait barrier. (263 threads)
[2025-12-02T06:55:40.436+0000][5784.558s][info ][safepoint   ] Safepoint "Cleanup", Time since last: 2000332852 ns, Reaching safepoint: 81319 ns, Cleanup: 16853 ns, At safepoint: 3016 ns, Total: 101188 ns
[2025-12-02T06:55:45.382+0000][5789.504s][debug][safepoint   ] Safepoint synchronization initiated using futex wait barrier. (264 threads)
[2025-12-02T06:55:45.383+0000][5789.504s][info ][safepoint   ] Safepoint "Cleanup", Time since last: 4945859227 ns, Reaching safepoint: 244127 ns, Cleanup: 51271 ns, At safepoint: 42372 ns, Total: 337770 ns
[2025-12-02T06:55:46.383+0000][5790.505s][debug][safepoint   ] Safepoint synchronization initiated using futex wait barrier. (267 threads)
[2025-12-02T06:55:46.383+0000][5790.505s][info ][safepoint   ] Safepoint "Cleanup", Time since last: 1000139144 ns, Reaching safepoint: 78413 ns, Cleanup: 45549 ns, At safepoint: 2876 ns, Total: 126838 ns
[2025-12-02T06:55:54.384+0000][5798.506s][debug][safepoint   ] Safepoint synchronization initiated using futex wait barrier. (266 threads)
[2025-12-02T06:55:54.384+0000][5798.506s][info ][safepoint   ] Safepoint "Cleanup", Time since last: 8001177147 ns, Reaching safepoint: 101839 ns, Cleanup: 17424 ns, At safepoint: 3536 ns, Total: 122799 ns
[2025-12-02T06:55:55.795+0000][5799.919s][debug][safepoint   ] Safepoint synchronization initiated using futex wait barrier. (266 threads)
[2025-12-02T06:55:55.795+0000][5799.919s][info ][safepoint   ] Safepoint "Cleanup", Time since last: 1412848072 ns, Reaching safepoint: 143179 ns, Cleanup: 82090 ns, At safepoint: 4048 ns, Total: 229317 ns
[2025-12-02T06:55:56.795+0000][5800.919s][debug][safepoint   ] Safepoint synchronization initiated using futex wait barrier. (267 threads)
[2025-12-02T06:55:56.795+0000][5800.919s][info ][safepoint   ] Safepoint "Cleanup", Time since last: 1000199300 ns, Reaching safepoint: 109564 ns, Cleanup: 23876 ns, At safepoint: 5351 ns, Total: 138791 ns
[2025-12-02T06:56:04.797+0000][5808.921s][debug][safepoint   ] Safepoint synchronization initiated using futex wait barrier. (268 threads)
[2025-12-02T06:56:04.797+0000][5808.921s][info ][safepoint   ] Safepoint "Cleanup", Time since last: 8001213444 ns, Reaching safepoint: 173578 ns, Cleanup: 51010 ns, At safepoint: 39427 ns, Total: 264015 ns
[2025-12-02T06:56:08.798+0000][5812.922s][debug][safepoint   ] Safepoint synchronization initiated using futex wait barrier. (268 threads)
[2025-12-02T06:56:08.798+0000][5812.922s][info ][safepoint   ] Safepoint "Cleanup", Time since last: 4000847642 ns, Reaching safepoint: 268965 ns, Cleanup: 81118 ns, At safepoint: 6162 ns, Total: 356245 ns
[2025-12-02T06:56:09.798+0000][5813.922s][debug][safepoint   ] Safepoint synchronization initiated using futex wait barrier. (268 threads)
[2025-12-02T06:56:09.798+0000][5813.922s][info ][safepoint   ] Safepoint "Cleanup", Time since last: 1000149575 ns, Reaching safepoint: 85928 ns, Cleanup: 31231 ns, At safepoint: 3126 ns, Total: 120285 ns
[2025-12-02T06:56:10.798+0000][5814.922s][debug][safepoint   ] Safepoint synchronization initiated using futex wait barrier. (268 threads)
[2025-12-02T06:56:10.798+0000][5814.923s][info ][safepoint   ] Safepoint "Cleanup", Time since last: 1000132011 ns, Reaching safepoint: 74906 ns, Cleanup: 24298 ns, At safepoint: 2685 ns, Total: 101889 ns
[2025-12-02T06:56:22.890+0000][5827.014s][debug][safepoint   ] Safepoint synchronization initiated using futex wait barrier. (266 threads)
[2025-12-02T06:56:22.890+0000][5827.015s][info ][safepoint   ] Safepoint "Cleanup", Time since last: 12091856170 ns, Reaching safepoint: 132367 ns, Cleanup: 41541 ns, At safepoint: 4859 ns, Total: 178767 ns
[2025-12-02T06:56:25.887+0000][5830.015s][debug][safepoint   ] Safepoint synchronization initiated using futex wait barrier. (266 threads)
[2025-12-02T06:56:25.887+0000][5830.015s][info ][safepoint   ] Safepoint "Cleanup", Time since last: 3000444604 ns, Reaching safepoint: 99583 ns, Cleanup: 30059 ns, At safepoint: 3957 ns, Total: 133599 ns
[2025-12-02T06:56:26.887+0000][5831.015s][debug][safepoint   ] Safepoint synchronization initiated using futex wait barrier. (266 threads)
[2025-12-02T06:56:26.887+0000][5831.016s][info ][safepoint   ] Safepoint "Cleanup", Time since last: 1000171437 ns, Reaching safepoint: 144160 ns, Cleanup: 19348 ns, At safepoint: 3777 ns, Total: 167285 ns
[2025-12-02T06:56:30.888+0000][5835.016s][debug][safepoint   ] Safepoint synchronization initiated using futex wait barrier. (266 threads)
[2025-12-02T06:56:30.888+0000][5835.016s][info ][safepoint   ] Safepoint "Cleanup", Time since last: 4000503499 ns, Reaching safepoint: 162868 ns, Cleanup: 49577 ns, At safepoint: 5661 ns, Total: 218106 ns
[2025-12-02T06:56:31.888+0000][5836.016s][debug][safepoint   ] Safepoint synchronization initiated using futex wait barrier. (267 threads)
[2025-12-02T06:56:31.888+0000][5836.017s][info ][safepoint   ] Safepoint "Cleanup", Time since last: 1000145491 ns, Reaching safepoint: 103722 ns, Cleanup: 17965 ns, At safepoint: 4970 ns, Total: 126657 ns
[2025-12-02T06:56:49.891+0000][5854.019s][debug][safepoint   ] Safepoint synchronization initiated using futex wait barrier. (263 threads)
[2025-12-02T06:56:49.891+0000][5854.019s][info ][safepoint   ] Safepoint "Cleanup", Time since last: 18002528550 ns, Reaching safepoint: 127088 ns, Cleanup: 31682 ns, At safepoint: 3798 ns, Total: 162568 ns
[2025-12-02T06:57:03.892+0000][5868.022s][debug][safepoint   ] Safepoint synchronization initiated using futex wait barrier. (264 threads)
[2025-12-02T06:57:03.892+0000][5868.022s][info ][safepoint   ] Safepoint "Cleanup", Time since last: 14002554029 ns, Reaching safepoint: 161135 ns, Cleanup: 32514 ns, At safepoint: 4789 ns, Total: 198438 ns
[2025-12-02T06:57:25.715+0000][5889.848s][debug][safepoint   ] Safepoint synchronization initiated using futex wait barrier. (263 threads)
[2025-12-02T06:57:25.716+0000][5889.849s][info ][gc,start    ] GC(104) Pause Young (Prepare Mixed) (G1 Evacuation Pause)
[2025-12-02T06:57:25.716+0000][5889.849s][info ][gc,task     ] GC(104) Using 13 workers of 13 for evacuation
[2025-12-02T06:57:25.752+0000][5889.885s][info ][gc,phases   ] GC(104)   Pre Evacuate Collection Set: 2.6ms
[2025-12-02T06:57:25.752+0000][5889.885s][info ][gc,phases   ] GC(104)   Merge Heap Roots: 0.9ms
[2025-12-02T06:57:25.752+0000][5889.885s][info ][gc,phases   ] GC(104)   Evacuate Collection Set: 24.8ms
[2025-12-02T06:57:25.752+0000][5889.885s][info ][gc,phases   ] GC(104)   Post Evacuate Collection Set: 6.2ms
[2025-12-02T06:57:25.753+0000][5889.885s][info ][gc,phases   ] GC(104)   Other: 2.4ms
[2025-12-02T06:57:25.753+0000][5889.886s][info ][gc,heap     ] GC(104) Eden regions: 394->0(24)
[2025-12-02T06:57:25.753+0000][5889.886s][info ][gc,heap     ] GC(104) Survivor regions: 4->6(50)
[2025-12-02T06:57:25.753+0000][5889.886s][info ][gc,heap     ] GC(104) Old regions: 167->167
[2025-12-02T06:57:25.753+0000][5889.886s][info ][gc,heap     ] GC(104) Archive regions: 2->2
[2025-12-02T06:57:25.753+0000][5889.886s][info ][gc,heap     ] GC(104) Humongous regions: 0->0
[2025-12-02T06:57:25.753+0000][5889.886s][info ][gc,metaspace] GC(104) Metaspace: 202765K(203968K)->202765K(203968K) NonClass: 178342K(179008K)->178342K(179008K) Class: 24422K(24960K)->24422K(24960K)
[2025-12-02T06:57:25.753+0000][5889.886s][info ][gc          ] GC(104) Pause Young (Prepare Mixed) (G1 Evacuation Pause) 565M->173M(604M) 37.090ms
[2025-12-02T06:57:25.753+0000][5889.886s][info ][gc,cpu      ] GC(104) User=0.31s Sys=0.03s Real=0.04s
[2025-12-02T06:57:25.754+0000][5889.887s][info ][safepoint   ] Safepoint "G1CollectForAllocation", Time since last: 21826146315 ns, Reaching safepoint: 216797 ns, Cleanup: 11401 ns, At safepoint: 38744591 ns, Total: 38972789 ns
[2025-12-02T06:57:26.754+0000][5890.887s][debug][safepoint   ] Safepoint synchronization initiated using futex wait barrier. (263 threads)
[2025-12-02T06:57:26.754+0000][5890.887s][info ][safepoint   ] Safepoint "Cleanup", Time since last: 1000213509 ns, Reaching safepoint: 85216 ns, Cleanup: 51705 ns, At safepoint: 5750 ns, Total: 142671 ns
[2025-12-02T06:57:30.755+0000][5894.888s][debug][safepoint   ] Safepoint synchronization initiated using futex wait barrier. (263 threads)
[2025-12-02T06:57:30.755+0000][5894.888s][info ][safepoint   ] Safepoint "Cleanup", Time since last: 4000546514 ns, Reaching safepoint: 188144 ns, Cleanup: 68976 ns, At safepoint: 5360 ns, Total: 262480 ns
[2025-12-02T06:57:31.755+0000][5895.888s][debug][safepoint   ] Safepoint synchronization initiated using futex wait barrier. (262 threads)
[2025-12-02T06:57:31.756+0000][5895.889s][info ][safepoint   ] Safepoint "Cleanup", Time since last: 1000173047 ns, Reaching safepoint: 105616 ns, Cleanup: 22343 ns, At safepoint: 4769 ns, Total: 132728 ns
[2025-12-02T06:57:32.756+0000][5896.889s][debug][safepoint   ] Safepoint synchronization initiated using futex wait barrier. (262 threads)
[2025-12-02T06:57:32.756+0000][5896.889s][info ][safepoint   ] Safepoint "Cleanup", Time since last: 1000129642 ns, Reaching safepoint: 95396 ns, Cleanup: 26532 ns, At safepoint: 3957 ns, Total: 125885 ns
[2025-12-02T06:57:37.595+0000][5901.728s][debug][safepoint   ] Safepoint synchronization initiated using futex wait barrier. (262 threads)
[2025-12-02T06:57:37.595+0000][5901.728s][info ][gc,start    ] GC(105) Pause Young (Mixed) (G1 Evacuation Pause)
[2025-12-02T06:57:37.595+0000][5901.728s][info ][gc,task     ] GC(105) Using 13 workers of 13 for evacuation
[2025-12-02T06:57:37.675+0000][5901.808s][info ][gc,phases   ] GC(105)   Pre Evacuate Collection Set: 0.4ms
[2025-12-02T06:57:37.676+0000][5901.809s][info ][gc,phases   ] GC(105)   Merge Heap Roots: 0.7ms
[2025-12-02T06:57:37.676+0000][5901.809s][info ][gc,phases   ] GC(105)   Evacuate Collection Set: 73.9ms
[2025-12-02T06:57:37.676+0000][5901.809s][info ][gc,phases   ] GC(105)   Post Evacuate Collection Set: 5.2ms
[2025-12-02T06:57:37.676+0000][5901.809s][info ][gc,phases   ] GC(105)   Other: 0.3ms
[2025-12-02T06:57:37.676+0000][5901.809s][info ][gc,heap     ] GC(105) Eden regions: 24->0(361)
[2025-12-02T06:57:37.676+0000][5901.809s][info ][gc,heap     ] GC(105) Survivor regions: 6->1(4)
[2025-12-02T06:57:37.676+0000][5901.809s][info ][gc,heap     ] GC(105) Old regions: 167->167
[2025-12-02T06:57:37.676+0000][5901.809s][info ][gc,heap     ] GC(105) Archive regions: 2->2
[2025-12-02T06:57:37.676+0000][5901.809s][info ][gc,heap     ] GC(105) Humongous regions: 0->0
[2025-12-02T06:57:37.676+0000][5901.809s][info ][gc,metaspace] GC(105) Metaspace: 202810K(204096K)->202810K(204096K) NonClass: 178380K(179072K)->178380K(179072K) Class: 24429K(25024K)->24429K(25024K)
[2025-12-02T06:57:37.676+0000][5901.809s][info ][gc          ] GC(105) Pause Young (Mixed) (G1 Evacuation Pause) 197M->168M(604M) 80.568ms
[2025-12-02T06:57:37.676+0000][5901.809s][info ][gc,cpu      ] GC(105) User=0.87s Sys=0.00s Real=0.08s
[2025-12-02T06:57:37.677+0000][5901.810s][info ][safepoint   ] Safepoint "G1CollectForAllocation", Time since last: 4838948748 ns, Reaching safepoint: 190988 ns, Cleanup: 7425 ns, At safepoint: 81954685 ns, Total: 82153098 ns
[2025-12-02T06:57:38.677+0000][5902.810s][debug][safepoint   ] Safepoint synchronization initiated using futex wait barrier. (262 threads)
[2025-12-02T06:57:38.677+0000][5902.810s][info ][safepoint   ] Safepoint "Cleanup", Time since last: 1000218125 ns, Reaching safepoint: 152853 ns, Cleanup: 25139 ns, At safepoint: 4129 ns, Total: 182121 ns
[2025-12-02T06:57:43.678+0000][5907.811s][debug][safepoint   ] Safepoint synchronization initiated using futex wait barrier. (262 threads)
[2025-12-02T06:57:43.678+0000][5907.811s][info ][safepoint   ] Safepoint "Cleanup", Time since last: 5000760374 ns, Reaching safepoint: 205725 ns, Cleanup: 20440 ns, At safepoint: 4158 ns, Total: 230323 ns
[2025-12-02T06:57:45.679+0000][5909.812s][debug][safepoint   ] Safepoint synchronization initiated using futex wait barrier. (262 threads)
[2025-12-02T06:57:45.679+0000][5909.812s][info ][safepoint   ] Safepoint "Cleanup", Time since last: 2000269457 ns, Reaching safepoint: 90748 ns, Cleanup: 13988 ns, At safepoint: 3837 ns, Total: 108573 ns
[2025-12-02T06:58:22.683+0000][5946.818s][debug][safepoint   ] Safepoint synchronization initiated using futex wait barrier. (262 threads)
[2025-12-02T06:58:22.683+0000][5946.818s][info ][safepoint   ] Safepoint "Cleanup", Time since last: 37006177206 ns, Reaching safepoint: 264274 ns, Cleanup: 20811 ns, At safepoint: 5561 ns, Total: 290646 ns
[2025-12-02T06:58:32.683+0000][5956.821s][debug][safepoint   ] Safepoint synchronization initiated using futex wait barrier. (264 threads)
[2025-12-02T06:58:32.683+0000][5956.821s][info ][safepoint   ] Safepoint "Cleanup", Time since last: 10002790449 ns, Reaching safepoint: 216552 ns, Cleanup: 30248 ns, At safepoint: 4810 ns, Total: 251610 ns
[2025-12-02T06:58:37.684+0000][5961.822s][debug][safepoint   ] Safepoint synchronization initiated using futex wait barrier. (267 threads)
[2025-12-02T06:58:37.685+0000][5961.822s][info ][safepoint   ] Safepoint "Cleanup", Time since last: 5001057004 ns, Reaching safepoint: 104093 ns, Cleanup: 36732 ns, At safepoint: 3837 ns, Total: 144662 ns
[2025-12-02T06:58:38.685+0000][5962.823s][debug][safepoint   ] Safepoint synchronization initiated using futex wait barrier. (267 threads)
[2025-12-02T06:58:38.685+0000][5962.823s][info ][safepoint   ] Safepoint "Cleanup", Time since last: 1000160985 ns, Reaching safepoint: 107159 ns, Cleanup: 23296 ns, At safepoint: 4789 ns, Total: 135244 ns
[2025-12-02T06:58:39.685+0000][5963.823s][debug][safepoint   ] Safepoint synchronization initiated using futex wait barrier. (267 threads)
[2025-12-02T06:58:39.685+0000][5963.823s][info ][safepoint   ] Safepoint "Cleanup", Time since last: 1000182726 ns, Reaching safepoint: 142066 ns, Cleanup: 23115 ns, At safepoint: 4880 ns, Total: 170061 ns
[2025-12-02T06:58:40.685+0000][5964.823s][debug][safepoint   ] Safepoint synchronization initiated using futex wait barrier. (267 threads)
[2025-12-02T06:58:40.686+0000][5964.823s][info ][safepoint   ] Safepoint "Cleanup", Time since last: 1000154304 ns, Reaching safepoint: 147347 ns, Cleanup: 35950 ns, At safepoint: 5501 ns, Total: 188798 ns
[2025-12-02T06:58:41.686+0000][5965.824s][debug][safepoint   ] Safepoint synchronization initiated using futex wait barrier. (268 threads)
[2025-12-02T06:58:41.686+0000][5965.824s][info ][safepoint   ] Safepoint "Cleanup", Time since last: 1000396600 ns, Reaching safepoint: 179170 ns, Cleanup: 31812 ns, At safepoint: 5230 ns, Total: 216212 ns
[2025-12-02T06:58:44.687+0000][5968.825s][debug][safepoint   ] Safepoint synchronization initiated using futex wait barrier. (267 threads)
[2025-12-02T06:58:44.687+0000][5968.825s][info ][safepoint   ] Safepoint "Cleanup", Time since last: 3000563592 ns, Reaching safepoint: 81529 ns, Cleanup: 25059 ns, At safepoint: 3527 ns, Total: 110115 ns
[2025-12-02T06:58:49.687+0000][5973.825s][debug][safepoint   ] Safepoint synchronization initiated using futex wait barrier. (267 threads)
[2025-12-02T06:58:49.688+0000][5973.826s][info ][safepoint   ] Safepoint "Cleanup", Time since last: 5000621850 ns, Reaching safepoint: 158579 ns, Cleanup: 73794 ns, At safepoint: 4519 ns, Total: 236892 ns
[2025-12-02T06:58:50.688+0000][5974.826s][debug][safepoint   ] Safepoint synchronization initiated using futex wait barrier. (267 threads)
[2025-12-02T06:58:50.688+0000][5974.826s][info ][safepoint   ] Safepoint "Cleanup", Time since last: 1000190372 ns, Reaching safepoint: 178197 ns, Cleanup: 98392 ns, At safepoint: 29117 ns, Total: 305706 ns
[2025-12-02T06:58:52.689+0000][5976.826s][debug][safepoint   ] Safepoint synchronization initiated using futex wait barrier. (267 threads)
[2025-12-02T06:58:52.689+0000][5976.826s][info ][safepoint   ] Safepoint "Cleanup", Time since last: 2000335558 ns, Reaching safepoint: 87961 ns, Cleanup: 16953 ns, At safepoint: 3828 ns, Total: 108742 ns
[2025-12-02T06:58:54.644+0000][5978.782s][debug][safepoint   ] Safepoint synchronization initiated using futex wait barrier. (268 threads)
[2025-12-02T06:58:54.645+0000][5978.782s][info ][safepoint   ] Safepoint "Cleanup", Time since last: 1955703004 ns, Reaching safepoint: 102029 ns, Cleanup: 122599 ns, At safepoint: 9088 ns, Total: 233716 ns
[2025-12-02T06:58:55.642+0000][5979.783s][debug][safepoint   ] Safepoint synchronization initiated using futex wait barrier. (267 threads)
[2025-12-02T06:58:55.643+0000][5979.783s][info ][safepoint   ] Safepoint "Cleanup", Time since last: 1000160774 ns, Reaching safepoint: 153379 ns, Cleanup: 20039 ns, At safepoint: 5431 ns, Total: 178849 ns
[2025-12-02T06:59:00.643+0000][5984.784s][debug][safepoint   ] Safepoint synchronization initiated using futex wait barrier. (267 threads)
[2025-12-02T06:59:00.644+0000][5984.784s][info ][safepoint   ] Safepoint "Cleanup", Time since last: 5000834957 ns, Reaching safepoint: 157317 ns, Cleanup: 113241 ns, At safepoint: 4759 ns, Total: 275317 ns
[2025-12-02T06:59:02.644+0000][5986.784s][debug][safepoint   ] Safepoint synchronization initiated using futex wait barrier. (269 threads)
[2025-12-02T06:59:02.644+0000][5986.784s][info ][safepoint   ] Safepoint "Cleanup", Time since last: 2000477463 ns, Reaching safepoint: 101949 ns, Cleanup: 29367 ns, At safepoint: 4018 ns, Total: 135334 ns
[2025-12-02T06:59:04.645+0000][5988.785s][debug][safepoint   ] Safepoint synchronization initiated using futex wait barrier. (269 threads)
[2025-12-02T06:59:04.645+0000][5988.785s][info ][safepoint   ] Safepoint "Cleanup", Time since last: 2000336869 ns, Reaching safepoint: 82440 ns, Cleanup: 18196 ns, At safepoint: 3587 ns, Total: 104223 ns
[2025-12-02T06:59:05.645+0000][5989.785s][debug][safepoint   ] Safepoint synchronization initiated using futex wait barrier. (270 threads)
[2025-12-02T06:59:05.645+0000][5989.785s][info ][safepoint   ] Safepoint "Cleanup", Time since last: 1000150494 ns, Reaching safepoint: 165382 ns, Cleanup: 53544 ns, At safepoint: 4920 ns, Total: 223846 ns
[2025-12-02T06:59:09.646+0000][5993.786s][debug][safepoint   ] Safepoint synchronization initiated using futex wait barrier. (270 threads)
[2025-12-02T06:59:09.646+0000][5993.786s][info ][safepoint   ] Safepoint "Cleanup", Time since last: 4000655637 ns, Reaching safepoint: 129152 ns, Cleanup: 33976 ns, At safepoint: 3797 ns, Total: 166925 ns
[2025-12-02T06:59:11.646+0000][5995.786s][debug][safepoint   ] Safepoint synchronization initiated using futex wait barrier. (269 threads)
[2025-12-02T06:59:11.646+0000][5995.787s][info ][safepoint   ] Safepoint "Cleanup", Time since last: 2000321745 ns, Reaching safepoint: 83172 ns, Cleanup: 30280 ns, At safepoint: 3797 ns, Total: 117249 ns
[2025-12-02T06:59:15.647+0000][5999.787s][debug][safepoint   ] Safepoint synchronization initiated using futex wait barrier. (268 threads)
[2025-12-02T06:59:15.647+0000][5999.787s][info ][safepoint   ] Safepoint "Cleanup", Time since last: 4000603320 ns, Reaching safepoint: 126987 ns, Cleanup: 30881 ns, At safepoint: 4308 ns, Total: 162176 ns
[2025-12-02T06:59:19.648+0000][6003.789s][debug][safepoint   ] Safepoint synchronization initiated using futex wait barrier. (269 threads)
[2025-12-02T06:59:19.649+0000][6003.789s][info ][safepoint   ] Safepoint "Cleanup", Time since last: 4001273372 ns, Reaching safepoint: 158188 ns, Cleanup: 55113 ns, At safepoint: 10841 ns, Total: 224142 ns
[2025-12-02T06:59:22.994+0000][6007.134s][debug][safepoint   ] Safepoint synchronization initiated using futex wait barrier. (268 threads)
[2025-12-02T06:59:22.994+0000][6007.134s][info ][safepoint   ] Safepoint "Cleanup", Time since last: 3345207673 ns, Reaching safepoint: 101438 ns, Cleanup: 13446 ns, At safepoint: 3657 ns, Total: 118541 ns
[2025-12-02T06:59:24.994+0000][6009.135s][debug][safepoint   ] Safepoint synchronization initiated using futex wait barrier. (270 threads)
[2025-12-02T06:59:24.994+0000][6009.135s][info ][safepoint   ] Safepoint "Cleanup", Time since last: 2000371599 ns, Reaching safepoint: 114032 ns, Cleanup: 23886 ns, At safepoint: 49587 ns, Total: 187505 ns
[2025-12-02T06:59:25.992+0000][6010.135s][debug][safepoint   ] Safepoint synchronization initiated using futex wait barrier. (270 threads)
[2025-12-02T06:59:25.992+0000][6010.135s][info ][safepoint   ] Safepoint "Cleanup", Time since last: 1000199783 ns, Reaching safepoint: 103281 ns, Cleanup: 30038 ns, At safepoint: 4068 ns, Total: 137387 ns
[2025-12-02T06:59:26.992+0000][6011.135s][debug][safepoint   ] Safepoint synchronization initiated using futex wait barrier. (270 threads)
[2025-12-02T06:59:26.992+0000][6011.135s][info ][safepoint   ] Safepoint "Cleanup", Time since last: 1000163395 ns, Reaching safepoint: 108751 ns, Cleanup: 22905 ns, At safepoint: 22564 ns, Total: 154220 ns
[2025-12-02T06:59:28.993+0000][6013.136s][debug][safepoint   ] Safepoint synchronization initiated using futex wait barrier. (269 threads)
[2025-12-02T06:59:28.993+0000][6013.136s][info ][safepoint   ] Safepoint "Cleanup", Time since last: 2000502091 ns, Reaching safepoint: 105434 ns, Cleanup: 83363 ns, At safepoint: 4007 ns, Total: 192804 ns
[2025-12-02T07:00:58.999+0000][6103.151s][debug][safepoint   ] Safepoint synchronization initiated using futex wait barrier. (262 threads)
[2025-12-02T07:00:59.000+0000][6103.151s][info ][safepoint   ] Safepoint "Cleanup", Time since last: 90014551271 ns, Reaching safepoint: 184075 ns, Cleanup: 25880 ns, At safepoint: 5821 ns, Total: 215776 ns
[2025-12-02T07:01:00.000+0000][6104.151s][debug][safepoint   ] Safepoint synchronization initiated using futex wait barrier. (262 threads)
[2025-12-02T07:01:00.000+0000][6104.151s][info ][safepoint   ] Safepoint "Cleanup", Time since last: 1000196636 ns, Reaching safepoint: 160330 ns, Cleanup: 43253 ns, At safepoint: 6913 ns, Total: 210496 ns
[2025-12-02T07:01:38.243+0000][6142.396s][debug][safepoint   ] Safepoint synchronization initiated using futex wait barrier. (264 threads)
[2025-12-02T07:01:38.243+0000][6142.397s][info ][gc,start    ] GC(106) Pause Young (Concurrent Start) (G1 Evacuation Pause)
[2025-12-02T07:01:38.243+0000][6142.397s][info ][gc,task     ] GC(106) Using 13 workers of 13 for evacuation
[2025-12-02T07:01:38.256+0000][6142.410s][info ][gc,phases   ] GC(106)   Pre Evacuate Collection Set: 1.1ms
[2025-12-02T07:01:38.256+0000][6142.410s][info ][gc,phases   ] GC(106)   Merge Heap Roots: 0.7ms
[2025-12-02T07:01:38.256+0000][6142.410s][info ][gc,phases   ] GC(106)   Evacuate Collection Set: 7.1ms
[2025-12-02T07:01:38.256+0000][6142.410s][info ][gc,phases   ] GC(106)   Post Evacuate Collection Set: 2.6ms
[2025-12-02T07:01:38.256+0000][6142.410s][info ][gc,phases   ] GC(106)   Other: 1.5ms
[2025-12-02T07:01:38.256+0000][6142.410s][info ][gc,heap     ] GC(106) Eden regions: 361->0(360)
[2025-12-02T07:01:38.256+0000][6142.410s][info ][gc,heap     ] GC(106) Survivor regions: 1->2(46)
[2025-12-02T07:01:38.256+0000][6142.410s][info ][gc,heap     ] GC(106) Old regions: 167->167
[2025-12-02T07:01:38.256+0000][6142.410s][info ][gc,heap     ] GC(106) Archive regions: 2->2
[2025-12-02T07:01:38.256+0000][6142.410s][info ][gc,heap     ] GC(106) Humongous regions: 0->0
[2025-12-02T07:01:38.256+0000][6142.410s][info ][gc,metaspace] GC(106) Metaspace: 203419K(204736K)->203419K(204736K) NonClass: 178939K(179648K)->178939K(179648K) Class: 24479K(25088K)->24479K(25088K)
[2025-12-02T07:01:38.256+0000][6142.410s][info ][gc          ] GC(106) Pause Young (Concurrent Start) (G1 Evacuation Pause) 529M->169M(604M) 13.076ms
[2025-12-02T07:01:38.256+0000][6142.410s][info ][gc,cpu      ] GC(106) User=0.08s Sys=0.00s Real=0.02s
[2025-12-02T07:01:38.256+0000][6142.410s][info ][gc          ] GC(107) Concurrent Mark Cycle
[2025-12-02T07:01:38.256+0000][6142.410s][info ][gc,marking  ] GC(107) Concurrent Clear Claimed Marks
[2025-12-02T07:01:38.257+0000][6142.410s][info ][safepoint   ] Safepoint "G1CollectForAllocation", Time since last: 38245084311 ns, Reaching safepoint: 105619 ns, Cleanup: 6633 ns, At safepoint: 13776064 ns, Total: 13888316 ns
[2025-12-02T07:01:38.257+0000][6142.410s][info ][gc,marking  ] GC(107) Concurrent Clear Claimed Marks 0.267ms
[2025-12-02T07:01:38.257+0000][6142.410s][info ][gc,marking  ] GC(107) Concurrent Scan Root Regions
[2025-12-02T07:01:38.268+0000][6142.422s][info ][gc,marking  ] GC(107) Concurrent Scan Root Regions 11.379ms
[2025-12-02T07:01:38.268+0000][6142.422s][info ][gc,marking  ] GC(107) Concurrent Mark
[2025-12-02T07:01:38.268+0000][6142.422s][info ][gc,marking  ] GC(107) Concurrent Mark From Roots
[2025-12-02T07:01:38.268+0000][6142.422s][info ][gc,task     ] GC(107) Using 3 workers of 3 for marking
[2025-12-02T07:01:38.432+0000][6142.586s][info ][gc,marking  ] GC(107) Concurrent Mark From Roots 164.372ms
[2025-12-02T07:01:38.432+0000][6142.586s][info ][gc,marking  ] GC(107) Concurrent Preclean
[2025-12-02T07:01:38.433+0000][6142.587s][info ][gc,marking  ] GC(107) Concurrent Preclean 0.476ms
[2025-12-02T07:01:38.433+0000][6142.587s][debug][safepoint   ] Safepoint synchronization initiated using futex wait barrier. (264 threads)
[2025-12-02T07:01:38.433+0000][6142.587s][info ][gc,start    ] GC(107) Pause Remark
[2025-12-02T07:01:38.451+0000][6142.605s][info ][gc          ] GC(107) Pause Remark 174M->174M(590M) 17.817ms
[2025-12-02T07:01:38.451+0000][6142.605s][info ][gc,cpu      ] GC(107) User=0.17s Sys=0.00s Real=0.02s
[2025-12-02T07:01:38.452+0000][6142.606s][info ][safepoint   ] Safepoint "G1PauseRemark", Time since last: 176478548 ns, Reaching safepoint: 40520 ns, Cleanup: 29017 ns, At safepoint: 19171679 ns, Total: 19241216 ns
[2025-12-02T07:01:38.452+0000][6142.606s][info ][gc,marking  ] GC(107) Concurrent Mark 184.403ms
[2025-12-02T07:01:38.452+0000][6142.606s][info ][gc,marking  ] GC(107) Concurrent Rebuild Remembered Sets
[2025-12-02T07:01:38.512+0000][6142.666s][info ][gc,marking  ] GC(107) Concurrent Rebuild Remembered Sets 59.624ms
[2025-12-02T07:01:38.512+0000][6142.666s][debug][safepoint   ] Safepoint synchronization initiated using futex wait barrier. (264 threads)
[2025-12-02T07:01:38.512+0000][6142.666s][info ][gc,start    ] GC(107) Pause Cleanup
[2025-12-02T07:01:38.513+0000][6142.666s][info ][gc          ] GC(107) Pause Cleanup 175M->175M(590M) 0.459ms
[2025-12-02T07:01:38.513+0000][6142.666s][info ][gc,cpu      ] GC(107) User=0.01s Sys=0.00s Real=0.00s
[2025-12-02T07:01:38.513+0000][6142.666s][info ][safepoint   ] Safepoint "G1PauseCleanup", Time since last: 59908651 ns, Reaching safepoint: 40971 ns, Cleanup: 3527 ns, At safepoint: 610173 ns, Total: 654671 ns
[2025-12-02T07:01:38.513+0000][6142.667s][info ][gc,marking  ] GC(107) Concurrent Cleanup for Next Mark
[2025-12-02T07:01:38.527+0000][6142.681s][info ][gc,marking  ] GC(107) Concurrent Cleanup for Next Mark 14.123ms
[2025-12-02T07:01:38.527+0000][6142.681s][info ][gc          ] GC(107) Concurrent Mark Cycle 270.880ms
[2025-12-02T07:06:41.004+0000][6445.189s][debug][safepoint   ] Safepoint synchronization initiated using futex wait barrier. (261 threads)
[2025-12-02T07:06:41.221+0000][6445.407s][info ][gc,start    ] GC(108) Pause Young (Prepare Mixed) (G1 Evacuation Pause)
[2025-12-02T07:06:41.226+0000][6445.412s][info ][gc,task     ] GC(108) Using 13 workers of 13 for evacuation
[2025-12-02T07:06:42.389+0000][6446.575s][info ][gc,mmu      ] GC(108) MMU target violated: 501.0ms (500.0ms/501.0ms)
[2025-12-02T07:06:42.390+0000][6446.576s][info ][gc,phases   ] GC(108)   Pre Evacuate Collection Set: 97.3ms
[2025-12-02T07:06:42.390+0000][6446.576s][info ][gc,phases   ] GC(108)   Merge Heap Roots: 34.8ms
[2025-12-02T07:06:42.390+0000][6446.576s][info ][gc,phases   ] GC(108)   Evacuate Collection Set: 948.7ms
[2025-12-02T07:06:42.390+0000][6446.576s][info ][gc,phases   ] GC(108)   Post Evacuate Collection Set: 41.2ms
[2025-12-02T07:06:42.390+0000][6446.576s][info ][gc,phases   ] GC(108)   Other: 93.8ms
[2025-12-02T07:06:42.391+0000][6446.577s][info ][gc,heap     ] GC(108) Eden regions: 360->0(27)
[2025-12-02T07:06:42.391+0000][6446.577s][info ][gc,heap     ] GC(108) Survivor regions: 2->2(46)
[2025-12-02T07:06:42.391+0000][6446.577s][info ][gc,heap     ] GC(108) Old regions: 167->167
[2025-12-02T07:06:42.391+0000][6446.577s][info ][gc,heap     ] GC(108) Archive regions: 2->2
[2025-12-02T07:06:42.391+0000][6446.577s][info ][gc,heap     ] GC(108) Humongous regions: 0->0
[2025-12-02T07:06:42.391+0000][6446.577s][info ][gc,metaspace] GC(108) Metaspace: 203432K(204736K)->203432K(204736K) NonClass: 178952K(179648K)->178952K(179648K) Class: 24479K(25088K)->24479K(25088K)
[2025-12-02T07:06:42.392+0000][6446.578s][info ][gc          ] GC(108) Pause Young (Prepare Mixed) (G1 Evacuation Pause) 529M->169M(590M) 1171.085ms
[2025-12-02T07:06:42.393+0000][6446.578s][info ][gc,cpu      ] GC(108) User=8.57s Sys=0.03s Real=1.18s
[2025-12-02T07:06:42.393+0000][6446.579s][info ][safepoint   ] Safepoint "G1CollectForAllocation", Time since last: 302500787331 ns, Reaching safepoint: 179860101 ns, Cleanup: 5718930 ns, At safepoint: 1226331342 ns, Total: 1411910373 ns
[2025-12-02T07:06:43.394+0000][6447.580s][debug][safepoint   ] Safepoint synchronization initiated using futex wait barrier. (262 threads)
[2025-12-02T07:06:43.394+0000][6447.580s][info ][safepoint   ] Safepoint "Cleanup", Time since last: 1000696055 ns, Reaching safepoint: 120094 ns, Cleanup: 52772 ns, At safepoint: 5881 ns, Total: 178747 ns
[2025-12-02T07:06:58.402+0000][6462.582s][debug][safepoint   ] Safepoint synchronization initiated using futex wait barrier. (262 threads)
[2025-12-02T07:06:58.402+0000][6462.583s][info ][safepoint   ] Safepoint "Cleanup", Time since last: 15002305243 ns, Reaching safepoint: 183316 ns, Cleanup: 12525 ns, At safepoint: 3266 ns, Total: 199107 ns
[2025-12-02T07:07:03.649+0000][6467.830s][debug][safepoint   ] Safepoint synchronization initiated using futex wait barrier. (262 threads)
[2025-12-02T07:07:03.650+0000][6467.831s][info ][gc,start    ] GC(109) Pause Young (Mixed) (G1 Evacuation Pause)
[2025-12-02T07:07:03.651+0000][6467.831s][info ][gc,task     ] GC(109) Using 13 workers of 13 for evacuation
[2025-12-02T07:07:03.850+0000][6468.031s][info ][gc,phases   ] GC(109)   Pre Evacuate Collection Set: 1.5ms
[2025-12-02T07:07:03.850+0000][6468.031s][info ][gc,phases   ] GC(109)   Merge Heap Roots: 6.3ms
[2025-12-02T07:07:03.850+0000][6468.031s][info ][gc,phases   ] GC(109)   Evacuate Collection Set: 184.8ms
[2025-12-02T07:07:03.850+0000][6468.031s][info ][gc,phases   ] GC(109)   Post Evacuate Collection Set: 5.5ms
[2025-12-02T07:07:03.850+0000][6468.031s][info ][gc,phases   ] GC(109)   Other: 2.2ms
[2025-12-02T07:07:03.850+0000][6468.031s][info ][gc,heap     ] GC(109) Eden regions: 27->0(352)
[2025-12-02T07:07:03.850+0000][6468.031s][info ][gc,heap     ] GC(109) Survivor regions: 2->2(4)
[2025-12-02T07:07:03.850+0000][6468.031s][info ][gc,heap     ] GC(109) Old regions: 167->163
[2025-12-02T07:07:03.850+0000][6468.031s][info ][gc,heap     ] GC(109) Archive regions: 2->2
[2025-12-02T07:07:03.850+0000][6468.031s][info ][gc,heap     ] GC(109) Humongous regions: 0->0
[2025-12-02T07:07:03.850+0000][6468.031s][info ][gc,metaspace] GC(109) Metaspace: 203433K(204736K)->203433K(204736K) NonClass: 178953K(179648K)->178953K(179648K) Class: 24479K(25088K)->24479K(25088K)
[2025-12-02T07:07:03.850+0000][6468.031s][info ][gc          ] GC(109) Pause Young (Mixed) (G1 Evacuation Pause) 196M->165M(590M) 199.505ms
[2025-12-02T07:07:03.850+0000][6468.031s][info ][gc,cpu      ] GC(109) User=2.30s Sys=0.00s Real=0.20s
[2025-12-02T07:07:03.851+0000][6468.032s][info ][safepoint   ] Safepoint "G1CollectForAllocation", Time since last: 5247461345 ns, Reaching safepoint: 146134 ns, Cleanup: 5791 ns, At safepoint: 202094508 ns, Total: 202246433 ns
[2025-12-02T07:08:55.857+0000][6580.048s][debug][safepoint   ] Safepoint synchronization initiated using futex wait barrier. (263 threads)
[2025-12-02T07:08:55.857+0000][6580.048s][info ][safepoint   ] Safepoint "Cleanup", Time since last: 112015637374 ns, Reaching safepoint: 247000 ns, Cleanup: 22343 ns, At safepoint: 4859 ns, Total: 274202 ns
[2025-12-02T07:09:45.861+0000][6630.054s][debug][safepoint   ] Safepoint synchronization initiated using futex wait barrier. (262 threads)
[2025-12-02T07:09:45.861+0000][6630.054s][info ][safepoint   ] Safepoint "Cleanup", Time since last: 50006182963 ns, Reaching safepoint: 98452 ns, Cleanup: 12013 ns, At safepoint: 2736 ns, Total: 113201 ns
[2025-12-02T07:09:54.862+0000][6639.056s][debug][safepoint   ] Safepoint synchronization initiated using futex wait barrier. (262 threads)
[2025-12-02T07:09:54.862+0000][6639.056s][info ][safepoint   ] Safepoint "Cleanup", Time since last: 9001097491 ns, Reaching safepoint: 88401 ns, Cleanup: 12485 ns, At safepoint: 3506 ns, Total: 104392 ns
[2025-12-02T07:10:34.863+0000][6679.062s][debug][safepoint   ] Safepoint synchronization initiated using futex wait barrier. (262 threads)
[2025-12-02T07:10:34.863+0000][6679.062s][info ][safepoint   ] Safepoint "Cleanup", Time since last: 40006314148 ns, Reaching safepoint: 182655 ns, Cleanup: 13316 ns, At safepoint: 4639 ns, Total: 200610 ns
[2025-12-02T07:11:25.866+0000][6730.068s][debug][safepoint   ] Safepoint synchronization initiated using futex wait barrier. (262 threads)
[2025-12-02T07:11:25.866+0000][6730.069s][info ][safepoint   ] Safepoint "Cleanup", Time since last: 51006282526 ns, Reaching safepoint: 95826 ns, Cleanup: 13987 ns, At safepoint: 3497 ns, Total: 113310 ns
[2025-12-02T07:11:59.421+0000][6763.627s][debug][safepoint   ] Safepoint synchronization initiated using futex wait barrier. (262 threads)
[2025-12-02T07:11:59.426+0000][6763.631s][info ][gc,start    ] GC(110) Pause Young (Concurrent Start) (G1 Evacuation Pause)
[2025-12-02T07:11:59.426+0000][6763.631s][info ][gc,task     ] GC(110) Using 13 workers of 13 for evacuation
[2025-12-02T07:11:59.575+0000][6763.780s][info ][gc,phases   ] GC(110)   Pre Evacuate Collection Set: 20.2ms
[2025-12-02T07:11:59.575+0000][6763.780s][info ][gc,phases   ] GC(110)   Merge Heap Roots: 1.6ms
[2025-12-02T07:11:59.575+0000][6763.780s][info ][gc,phases   ] GC(110)   Evacuate Collection Set: 103.7ms
[2025-12-02T07:11:59.575+0000][6763.780s][info ][gc,phases   ] GC(110)   Post Evacuate Collection Set: 17.4ms
[2025-12-02T07:11:59.575+0000][6763.780s][info ][gc,phases   ] GC(110)   Other: 10.4ms
[2025-12-02T07:11:59.575+0000][6763.780s][info ][gc,heap     ] GC(110) Eden regions: 352->0(352)
[2025-12-02T07:11:59.575+0000][6763.780s][info ][gc,heap     ] GC(110) Survivor regions: 2->2(45)
[2025-12-02T07:11:59.575+0000][6763.780s][info ][gc,heap     ] GC(110) Old regions: 163->163
[2025-12-02T07:11:59.575+0000][6763.780s][info ][gc,heap     ] GC(110) Archive regions: 2->2
[2025-12-02T07:11:59.575+0000][6763.780s][info ][gc,heap     ] GC(110) Humongous regions: 0->0
[2025-12-02T07:11:59.575+0000][6763.780s][info ][gc,metaspace] GC(110) Metaspace: 203439K(204736K)->203439K(204736K) NonClass: 178958K(179648K)->178958K(179648K) Class: 24480K(25088K)->24480K(25088K)
[2025-12-02T07:11:59.575+0000][6763.781s][info ][gc          ] GC(110) Pause Young (Concurrent Start) (G1 Evacuation Pause) 517M->165M(590M) 149.582ms
[2025-12-02T07:11:59.575+0000][6763.781s][info ][gc,cpu      ] GC(110) User=0.76s Sys=0.01s Real=0.15s
[2025-12-02T07:11:59.576+0000][6763.781s][info ][gc          ] GC(111) Concurrent Mark Cycle
[2025-12-02T07:11:59.576+0000][6763.782s][info ][gc,marking  ] GC(111) Concurrent Clear Claimed Marks
[2025-12-02T07:11:59.577+0000][6763.783s][info ][gc,marking  ] GC(111) Concurrent Clear Claimed Marks 0.885ms
[2025-12-02T07:11:59.577+0000][6763.783s][info ][gc,marking  ] GC(111) Concurrent Scan Root Regions
[2025-12-02T07:11:59.576+0000][6763.782s][info ][safepoint   ] Safepoint "G1CollectForAllocation", Time since last: 33557904899 ns, Reaching safepoint: 95936 ns, Cleanup: 52141 ns, At safepoint: 154968836 ns, Total: 155116913 ns
[2025-12-02T07:11:59.892+0000][6764.098s][info ][gc,marking  ] GC(111) Concurrent Scan Root Regions 314.797ms
[2025-12-02T07:11:59.892+0000][6764.098s][info ][gc,marking  ] GC(111) Concurrent Mark
[2025-12-02T07:11:59.892+0000][6764.098s][info ][gc,marking  ] GC(111) Concurrent Mark From Roots
[2025-12-02T07:11:59.892+0000][6764.098s][info ][gc,task     ] GC(111) Using 3 workers of 3 for marking
[2025-12-02T07:12:00.794+0000][6764.999s][info ][gc,marking  ] GC(111) Concurrent Mark From Roots 901.497ms
[2025-12-02T07:12:00.794+0000][6764.999s][info ][gc,marking  ] GC(111) Concurrent Preclean
[2025-12-02T07:12:00.795+0000][6765.000s][info ][gc,marking  ] GC(111) Concurrent Preclean 0.867ms
[2025-12-02T07:12:00.795+0000][6765.000s][debug][safepoint   ] Safepoint synchronization initiated using futex wait barrier. (262 threads)
[2025-12-02T07:12:00.795+0000][6765.000s][info ][gc,start    ] GC(111) Pause Remark
[2025-12-02T07:12:02.083+0000][6766.288s][info ][gc,mmu      ] GC(111) MMU target violated: 501.0ms (500.0ms/501.0ms)
[2025-12-02T07:12:02.083+0000][6766.289s][info ][gc          ] GC(111) Pause Remark 172M->172M(580M) 1288.094ms
[2025-12-02T07:12:02.083+0000][6766.289s][info ][gc,cpu      ] GC(111) User=12.85s Sys=0.00s Real=1.28s
[2025-12-02T07:12:02.085+0000][6766.291s][info ][safepoint   ] Safepoint "G1PauseRemark", Time since last: 1218719144 ns, Reaching safepoint: 55828 ns, Cleanup: 3867 ns, At safepoint: 1290287006 ns, Total: 1290346701 ns
[2025-12-02T07:12:02.085+0000][6766.291s][info ][gc,marking  ] GC(111) Concurrent Mark 2193.133ms
[2025-12-02T07:12:02.085+0000][6766.291s][info ][gc,marking  ] GC(111) Concurrent Rebuild Remembered Sets
[2025-12-02T07:12:02.167+0000][6766.373s][info ][gc,marking  ] GC(111) Concurrent Rebuild Remembered Sets 81.954ms
[2025-12-02T07:12:02.168+0000][6766.373s][debug][safepoint   ] Safepoint synchronization initiated using futex wait barrier. (262 threads)
[2025-12-02T07:12:02.904+0000][6767.109s][info ][gc,start    ] GC(111) Pause Cleanup
[2025-12-02T07:12:02.905+0000][6767.110s][info ][gc          ] GC(111) Pause Cleanup 172M->172M(580M) 0.670ms
[2025-12-02T07:12:02.905+0000][6767.110s][info ][gc,cpu      ] GC(111) User=0.00s Sys=0.00s Real=0.00s
[2025-12-02T07:12:02.906+0000][6767.112s][info ][safepoint   ] Safepoint "G1PauseCleanup", Time since last: 82212536 ns, Reaching safepoint: 736186729 ns, Cleanup: 84675 ns, At safepoint: 2447520 ns, Total: 738718924 ns
[2025-12-02T07:12:02.906+0000][6767.112s][info ][gc,marking  ] GC(111) Concurrent Cleanup for Next Mark
[2025-12-02T07:12:02.942+0000][6767.147s][info ][gc,marking  ] GC(111) Concurrent Cleanup for Next Mark 35.429ms
[2025-12-02T07:12:02.942+0000][6767.147s][info ][gc          ] GC(111) Concurrent Mark Cycle 3365.820ms
[2025-12-02T07:13:05.915+0000][6830.125s][debug][safepoint   ] Safepoint synchronization initiated using futex wait barrier. (263 threads)
[2025-12-02T07:13:05.915+0000][6830.125s][info ][safepoint   ] Safepoint "Cleanup", Time since last: 63013424165 ns, Reaching safepoint: 215919 ns, Cleanup: 15690 ns, At safepoint: 5010 ns, Total: 236619 ns
[2025-12-02T07:13:55.919+0000][6880.134s][debug][safepoint   ] Safepoint synchronization initiated using futex wait barrier. (264 threads)
[2025-12-02T07:13:55.921+0000][6880.136s][info ][safepoint   ] Safepoint "Cleanup", Time since last: 50008238261 ns, Reaching safepoint: 2353342 ns, Cleanup: 14918 ns, At safepoint: 149116 ns, Total: 2517376 ns
[2025-12-02T07:14:56.925+0000][6941.144s][debug][safepoint   ] Safepoint synchronization initiated using futex wait barrier. (262 threads)
[2025-12-02T07:14:56.925+0000][6941.145s][info ][safepoint   ] Safepoint "Cleanup", Time since last: 61008330772 ns, Reaching safepoint: 458503 ns, Cleanup: 63243 ns, At safepoint: 45798 ns, Total: 567544 ns
[2025-12-02T07:14:57.925+0000][6942.145s][debug][safepoint   ] Safepoint synchronization initiated using futex wait barrier. (262 threads)
[2025-12-02T07:14:57.926+0000][6942.145s][info ][safepoint   ] Safepoint "Cleanup", Time since last: 1000231378 ns, Reaching safepoint: 140051 ns, Cleanup: 14268 ns, At safepoint: 5972 ns, Total: 160291 ns
[2025-12-02T07:16:52.449+0000][7056.678s][debug][safepoint   ] Safepoint synchronization initiated using futex wait barrier. (262 threads)
[2025-12-02T07:16:52.454+0000][7056.683s][info ][gc,start    ] GC(112) Pause Young (Prepare Mixed) (G1 Evacuation Pause)
[2025-12-02T07:16:52.454+0000][7056.683s][info ][gc,task     ] GC(112) Using 13 workers of 13 for evacuation
[2025-12-02T07:16:52.562+0000][7056.790s][info ][gc,phases   ] GC(112)   Pre Evacuate Collection Set: 5.6ms
[2025-12-02T07:16:52.562+0000][7056.790s][info ][gc,phases   ] GC(112)   Merge Heap Roots: 3.6ms
[2025-12-02T07:16:52.562+0000][7056.790s][info ][gc,phases   ] GC(112)   Evacuate Collection Set: 75.8ms
[2025-12-02T07:16:52.562+0000][7056.790s][info ][gc,phases   ] GC(112)   Post Evacuate Collection Set: 19.2ms
[2025-12-02T07:16:52.562+0000][7056.790s][info ][gc,phases   ] GC(112)   Other: 7.2ms
[2025-12-02T07:16:52.562+0000][7056.790s][info ][gc,heap     ] GC(112) Eden regions: 352->0(27)
[2025-12-02T07:16:52.562+0000][7056.790s][info ][gc,heap     ] GC(112) Survivor regions: 2->2(45)
[2025-12-02T07:16:52.562+0000][7056.790s][info ][gc,heap     ] GC(112) Old regions: 163->163
[2025-12-02T07:16:52.562+0000][7056.790s][info ][gc,heap     ] GC(112) Archive regions: 2->2
[2025-12-02T07:16:52.562+0000][7056.790s][info ][gc,heap     ] GC(112) Humongous regions: 0->0
[2025-12-02T07:16:52.562+0000][7056.791s][info ][gc,metaspace] GC(112) Metaspace: 203433K(204736K)->203433K(204736K) NonClass: 178957K(179648K)->178957K(179648K) Class: 24475K(25088K)->24475K(25088K)
[2025-12-02T07:16:52.563+0000][7056.791s][info ][gc          ] GC(112) Pause Young (Prepare Mixed) (G1 Evacuation Pause) 517M->165M(580M) 108.471ms
[2025-12-02T07:16:52.563+0000][7056.791s][info ][gc,cpu      ] GC(112) User=0.84s Sys=0.00s Real=0.11s
[2025-12-02T07:16:52.564+0000][7056.793s][info ][safepoint   ] Safepoint "G1CollectForAllocation", Time since last: 114532770384 ns, Reaching safepoint: 86970 ns, Cleanup: 84005 ns, At safepoint: 114602215 ns, Total: 114773190 ns
[2025-12-02T07:16:53.564+0000][7057.793s][debug][safepoint   ] Safepoint synchronization initiated using futex wait barrier. (262 threads)
[2025-12-02T07:16:53.565+0000][7057.793s][info ][safepoint   ] Safepoint "Cleanup", Time since last: 1000191481 ns, Reaching safepoint: 146266 ns, Cleanup: 42053 ns, At safepoint: 4629 ns, Total: 192948 ns
[2025-12-02T07:17:05.564+0000][7069.795s][debug][safepoint   ] Safepoint synchronization initiated using futex wait barrier. (262 threads)
[2025-12-02T07:17:05.564+0000][7069.796s][info ][safepoint   ] Safepoint "Cleanup", Time since last: 12001943397 ns, Reaching safepoint: 210292 ns, Cleanup: 65648 ns, At safepoint: 35610 ns, Total: 311550 ns
[2025-12-02T07:17:06.564+0000][7070.796s][debug][safepoint   ] Safepoint synchronization initiated using futex wait barrier. (262 threads)
[2025-12-02T07:17:06.564+0000][7070.796s][info ][safepoint   ] Safepoint "Cleanup", Time since last: 1000177376 ns, Reaching safepoint: 123823 ns, Cleanup: 28736 ns, At safepoint: 4449 ns, Total: 157008 ns
[2025-12-02T07:17:10.873+0000][7075.104s][debug][safepoint   ] Safepoint synchronization initiated using futex wait barrier. (262 threads)
[2025-12-02T07:17:10.873+0000][7075.105s][info ][gc,start    ] GC(113) Pause Young (Mixed) (G1 Evacuation Pause)
[2025-12-02T07:17:10.873+0000][7075.105s][info ][gc,task     ] GC(113) Using 13 workers of 13 for evacuation
[2025-12-02T07:17:10.987+0000][7075.219s][info ][gc,phases   ] GC(113)   Pre Evacuate Collection Set: 0.9ms
[2025-12-02T07:17:10.987+0000][7075.219s][info ][gc,phases   ] GC(113)   Merge Heap Roots: 1.9ms
[2025-12-02T07:17:10.987+0000][7075.219s][info ][gc,phases   ] GC(113)   Evacuate Collection Set: 105.3ms
[2025-12-02T07:17:10.987+0000][7075.219s][info ][gc,phases   ] GC(113)   Post Evacuate Collection Set: 5.3ms
[2025-12-02T07:17:10.987+0000][7075.219s][info ][gc,phases   ] GC(113)   Other: 0.6ms
[2025-12-02T07:17:10.987+0000][7075.219s][info ][gc,heap     ] GC(113) Eden regions: 27->0(346)
[2025-12-02T07:17:10.987+0000][7075.219s][info ][gc,heap     ] GC(113) Survivor regions: 2->2(4)
[2025-12-02T07:17:10.987+0000][7075.219s][info ][gc,heap     ] GC(113) Old regions: 163->161
[2025-12-02T07:17:10.987+0000][7075.219s][info ][gc,heap     ] GC(113) Archive regions: 2->2
[2025-12-02T07:17:10.987+0000][7075.219s][info ][gc,heap     ] GC(113) Humongous regions: 0->0
[2025-12-02T07:17:10.987+0000][7075.219s][info ][gc,metaspace] GC(113) Metaspace: 203433K(204736K)->203433K(204736K) NonClass: 178957K(179648K)->178957K(179648K) Class: 24475K(25088K)->24475K(25088K)
[2025-12-02T07:17:10.988+0000][7075.219s][info ][gc          ] GC(113) Pause Young (Mixed) (G1 Evacuation Pause) 192M->163M(580M) 114.503ms
[2025-12-02T07:17:10.988+0000][7075.219s][info ][gc,cpu      ] GC(113) User=1.25s Sys=0.00s Real=0.12s
[2025-12-02T07:17:10.989+0000][7075.221s][info ][safepoint   ] Safepoint "G1CollectForAllocation", Time since last: 4308605743 ns, Reaching safepoint: 188780 ns, Cleanup: 9038 ns, At safepoint: 116287904 ns, Total: 116485722 ns
[2025-12-02T07:17:12.990+0000][7077.221s][debug][safepoint   ] Safepoint synchronization initiated using futex wait barrier. (264 threads)
[2025-12-02T07:17:12.990+0000][7077.221s][info ][safepoint   ] Safepoint "Cleanup", Time since last: 2000406293 ns, Reaching safepoint: 95407 ns, Cleanup: 13707 ns, At safepoint: 3096 ns, Total: 112210 ns
[2025-12-02T07:17:13.990+0000][7078.222s][debug][safepoint   ] Safepoint synchronization initiated using futex wait barrier. (265 threads)
[2025-12-02T07:17:13.990+0000][7078.222s][info ][safepoint   ] Safepoint "Cleanup", Time since last: 1000149435 ns, Reaching safepoint: 160124 ns, Cleanup: 38174 ns, At safepoint: 4329 ns, Total: 202627 ns
[2025-12-02T07:17:50.567+0000][7114.803s][debug][safepoint   ] Safepoint synchronization initiated using futex wait barrier. (263 threads)
[2025-12-02T07:17:50.567+0000][7114.803s][info ][safepoint   ] Safepoint "Cleanup", Time since last: 36580807752 ns, Reaching safepoint: 440070 ns, Cleanup: 22755 ns, At safepoint: 43475 ns, Total: 506300 ns
[2025-12-02T07:17:51.568+0000][7115.803s][debug][safepoint   ] Safepoint synchronization initiated using futex wait barrier. (264 threads)
[2025-12-02T07:17:51.568+0000][7115.803s][info ][safepoint   ] Safepoint "Cleanup", Time since last: 1000157094 ns, Reaching safepoint: 77111 ns, Cleanup: 88553 ns, At safepoint: 4459 ns, Total: 170123 ns
[2025-12-02T07:18:04.567+0000][7128.805s][debug][safepoint   ] Safepoint synchronization initiated using futex wait barrier. (263 threads)
[2025-12-02T07:18:04.567+0000][7128.805s][info ][safepoint   ] Safepoint "Cleanup", Time since last: 13001636455 ns, Reaching safepoint: 180043 ns, Cleanup: 13676 ns, At safepoint: 3788 ns, Total: 197507 ns
[2025-12-02T07:19:57.605+0000][7241.853s][debug][safepoint   ] Safepoint synchronization initiated using futex wait barrier. (263 threads)
[2025-12-02T07:19:57.605+0000][7241.854s][info ][safepoint   ] Safepoint "Cleanup", Time since last: 113048139588 ns, Reaching safepoint: 82961 ns, Cleanup: 17875 ns, At safepoint: 2555 ns, Total: 103391 ns
[2025-12-02T07:20:20.612+0000][7264.860s][debug][safepoint   ] Safepoint synchronization initiated using futex wait barrier. (263 threads)
[2025-12-02T07:20:20.612+0000][7264.860s][info ][safepoint   ] Safepoint "Cleanup", Time since last: 23006821901 ns, Reaching safepoint: 86198 ns, Cleanup: 16102 ns, At safepoint: 3607 ns, Total: 105907 ns
[2025-12-02T07:21:57.131+0000][7361.391s][debug][safepoint   ] Safepoint synchronization initiated using futex wait barrier. (261 threads)
[2025-12-02T07:21:57.132+0000][7361.392s][info ][gc,start    ] GC(114) Pause Young (Concurrent Start) (G1 Evacuation Pause)
[2025-12-02T07:21:57.132+0000][7361.392s][info ][gc,task     ] GC(114) Using 13 workers of 13 for evacuation
[2025-12-02T07:21:57.162+0000][7361.422s][info ][gc,phases   ] GC(114)   Pre Evacuate Collection Set: 1.2ms
[2025-12-02T07:21:57.162+0000][7361.422s][info ][gc,phases   ] GC(114)   Merge Heap Roots: 0.5ms
[2025-12-02T07:21:57.162+0000][7361.422s][info ][gc,phases   ] GC(114)   Evacuate Collection Set: 21.6ms
[2025-12-02T07:21:57.162+0000][7361.422s][info ][gc,phases   ] GC(114)   Post Evacuate Collection Set: 3.2ms
[2025-12-02T07:21:57.162+0000][7361.422s][info ][gc,phases   ] GC(114)   Other: 4.2ms
[2025-12-02T07:21:57.162+0000][7361.422s][info ][gc,heap     ] GC(114) Eden regions: 346->0(345)
[2025-12-02T07:21:57.162+0000][7361.422s][info ][gc,heap     ] GC(114) Survivor regions: 2->3(44)
[2025-12-02T07:21:57.162+0000][7361.422s][info ][gc,heap     ] GC(114) Old regions: 161->161
[2025-12-02T07:21:57.162+0000][7361.422s][info ][gc,heap     ] GC(114) Archive regions: 2->2
[2025-12-02T07:21:57.162+0000][7361.422s][info ][gc,heap     ] GC(114) Humongous regions: 0->0
[2025-12-02T07:21:57.162+0000][7361.422s][info ][gc,metaspace] GC(114) Metaspace: 203476K(204736K)->203476K(204736K) NonClass: 179000K(179648K)->179000K(179648K) Class: 24475K(25088K)->24475K(25088K)
[2025-12-02T07:21:57.163+0000][7361.423s][info ][gc          ] GC(114) Pause Young (Concurrent Start) (G1 Evacuation Pause) 509M->164M(580M) 30.465ms
[2025-12-02T07:21:57.163+0000][7361.423s][info ][gc,cpu      ] GC(114) User=0.19s Sys=0.02s Real=0.03s
[2025-12-02T07:21:57.163+0000][7361.423s][info ][safepoint   ] Safepoint "G1CollectForAllocation", Time since last: 96531027306 ns, Reaching safepoint: 302089 ns, Cleanup: 10190 ns, At safepoint: 31697655 ns, Total: 32009934 ns
[2025-12-02T07:21:57.164+0000][7361.424s][info ][gc          ] GC(115) Concurrent Mark Cycle
[2025-12-02T07:21:57.164+0000][7361.425s][info ][gc,marking  ] GC(115) Concurrent Clear Claimed Marks
[2025-12-02T07:21:57.165+0000][7361.425s][info ][gc,marking  ] GC(115) Concurrent Clear Claimed Marks 0.823ms
[2025-12-02T07:21:57.165+0000][7361.425s][info ][gc,marking  ] GC(115) Concurrent Scan Root Regions
[2025-12-02T07:21:57.270+0000][7361.530s][info ][gc,marking  ] GC(115) Concurrent Scan Root Regions 105.339ms
[2025-12-02T07:21:57.270+0000][7361.530s][info ][gc,marking  ] GC(115) Concurrent Mark
[2025-12-02T07:21:57.270+0000][7361.530s][info ][gc,marking  ] GC(115) Concurrent Mark From Roots
[2025-12-02T07:21:57.270+0000][7361.530s][info ][gc,task     ] GC(115) Using 3 workers of 3 for marking
[2025-12-02T07:21:57.668+0000][7361.928s][info ][gc,marking  ] GC(115) Concurrent Mark From Roots 398.157ms
[2025-12-02T07:21:57.668+0000][7361.929s][info ][gc,marking  ] GC(115) Concurrent Preclean
[2025-12-02T07:21:57.669+0000][7361.930s][info ][gc,marking  ] GC(115) Concurrent Preclean 0.928ms
[2025-12-02T07:21:57.670+0000][7361.930s][debug][safepoint   ] Safepoint synchronization initiated using futex wait barrier. (262 threads)
[2025-12-02T07:21:57.670+0000][7361.930s][info ][gc,start    ] GC(115) Pause Remark
[2025-12-02T07:21:58.012+0000][7362.273s][info ][gc          ] GC(115) Pause Remark 171M->171M(577M) 342.653ms
[2025-12-02T07:21:58.013+0000][7362.273s][info ][gc,cpu      ] GC(115) User=3.72s Sys=0.00s Real=0.34s
[2025-12-02T07:21:58.014+0000][7362.274s][info ][safepoint   ] Safepoint "G1PauseRemark", Time since last: 506145066 ns, Reaching safepoint: 68133 ns, Cleanup: 82841 ns, At safepoint: 344351407 ns, Total: 344502381 ns
[2025-12-02T07:21:58.014+0000][7362.274s][info ][gc,marking  ] GC(115) Concurrent Mark 743.927ms
[2025-12-02T07:21:58.014+0000][7362.274s][info ][gc,marking  ] GC(115) Concurrent Rebuild Remembered Sets
[2025-12-02T07:21:58.079+0000][7362.340s][info ][gc,marking  ] GC(115) Concurrent Rebuild Remembered Sets 65.239ms
[2025-12-02T07:21:58.079+0000][7362.340s][debug][safepoint   ] Safepoint synchronization initiated using futex wait barrier. (262 threads)
[2025-12-02T07:21:58.214+0000][7362.474s][info ][gc,start    ] GC(115) Pause Cleanup
[2025-12-02T07:21:58.215+0000][7362.475s][info ][gc          ] GC(115) Pause Cleanup 171M->171M(577M) 0.710ms
[2025-12-02T07:21:58.215+0000][7362.475s][info ][gc,cpu      ] GC(115) User=0.00s Sys=0.00s Real=0.00s
[2025-12-02T07:21:58.217+0000][7362.477s][info ][safepoint   ] Safepoint "G1PauseCleanup", Time since last: 65470842 ns, Reaching safepoint: 134601303 ns, Cleanup: 8717 ns, At safepoint: 2778957 ns, Total: 137388977 ns
[2025-12-02T07:21:58.217+0000][7362.477s][info ][gc,marking  ] GC(115) Concurrent Cleanup for Next Mark
[2025-12-02T07:21:58.236+0000][7362.496s][info ][gc,marking  ] GC(115) Concurrent Cleanup for Next Mark 19.397ms
[2025-12-02T07:21:58.236+0000][7362.497s][info ][gc          ] GC(115) Concurrent Mark Cycle 1072.607ms
[2025-12-02T07:24:00.222+0000][7484.493s][debug][safepoint   ] Safepoint synchronization initiated using futex wait barrier. (262 threads)
[2025-12-02T07:24:00.222+0000][7484.493s][info ][safepoint   ] Safepoint "Cleanup", Time since last: 122015931617 ns, Reaching safepoint: 122096 ns, Cleanup: 13927 ns, At safepoint: 3537 ns, Total: 139560 ns
[2025-12-02T07:24:22.226+0000][7506.497s][debug][safepoint   ] Safepoint synchronization initiated using futex wait barrier. (262 threads)
[2025-12-02T07:24:22.226+0000][7506.497s][info ][safepoint   ] Safepoint "Cleanup", Time since last: 22003888612 ns, Reaching safepoint: 205642 ns, Cleanup: 30329 ns, At safepoint: 5350 ns, Total: 241321 ns
[2025-12-02T07:24:43.227+0000][7527.500s][debug][safepoint   ] Safepoint synchronization initiated using futex wait barrier. (265 threads)
[2025-12-02T07:24:43.227+0000][7527.501s][info ][safepoint   ] Safepoint "Cleanup", Time since last: 21003203323 ns, Reaching safepoint: 149572 ns, Cleanup: 99785 ns, At safepoint: 6422 ns, Total: 255779 ns
[2025-12-02T07:25:00.227+0000][7544.504s][debug][safepoint   ] Safepoint synchronization initiated using futex wait barrier. (262 threads)
[2025-12-02T07:25:00.227+0000][7544.504s][info ][safepoint   ] Safepoint "Cleanup", Time since last: 17002908460 ns, Reaching safepoint: 129692 ns, Cleanup: 36351 ns, At safepoint: 4018 ns, Total: 170061 ns
[2025-12-02T07:25:55.236+0000][7599.515s][debug][safepoint   ] Safepoint synchronization initiated using futex wait barrier. (262 threads)
[2025-12-02T07:25:55.236+0000][7599.515s][info ][safepoint   ] Safepoint "Cleanup", Time since last: 55011260592 ns, Reaching safepoint: 65737 ns, Cleanup: 11241 ns, At safepoint: 2926 ns, Total: 79904 ns
[2025-12-02T07:26:20.237+0000][7624.518s][debug][safepoint   ] Safepoint synchronization initiated using futex wait barrier. (265 threads)
[2025-12-02T07:26:20.237+0000][7624.518s][info ][safepoint   ] Safepoint "Cleanup", Time since last: 25002898970 ns, Reaching safepoint: 106638 ns, Cleanup: 18255 ns, At safepoint: 5100 ns, Total: 129993 ns
[2025-12-02T07:26:22.238+0000][7626.519s][debug][safepoint   ] Safepoint synchronization initiated using futex wait barrier. (265 threads)
[2025-12-02T07:26:22.238+0000][7626.519s][info ][safepoint   ] Safepoint "Cleanup", Time since last: 2001199088 ns, Reaching safepoint: 127389 ns, Cleanup: 21151 ns, At safepoint: 4639 ns, Total: 153179 ns
[2025-12-02T07:26:44.441+0000][7648.724s][debug][safepoint   ] Safepoint synchronization initiated using futex wait barrier. (265 threads)
[2025-12-02T07:26:44.441+0000][7648.725s][info ][gc,start    ] GC(116) Pause Young (Prepare Mixed) (G1 Evacuation Pause)
[2025-12-02T07:26:44.441+0000][7648.725s][info ][gc,task     ] GC(116) Using 13 workers of 13 for evacuation
[2025-12-02T07:26:44.456+0000][7648.739s][info ][gc,phases   ] GC(116)   Pre Evacuate Collection Set: 0.7ms
[2025-12-02T07:26:44.456+0000][7648.739s][info ][gc,phases   ] GC(116)   Merge Heap Roots: 0.6ms
[2025-12-02T07:26:44.456+0000][7648.739s][info ][gc,phases   ] GC(116)   Evacuate Collection Set: 10.7ms
[2025-12-02T07:26:44.456+0000][7648.739s][info ][gc,phases   ] GC(116)   Post Evacuate Collection Set: 2.5ms
[2025-12-02T07:26:44.456+0000][7648.739s][info ][gc,phases   ] GC(116)   Other: 0.4ms
[2025-12-02T07:26:44.456+0000][7648.739s][info ][gc,heap     ] GC(116) Eden regions: 345->0(25)
[2025-12-02T07:26:44.456+0000][7648.739s][info ][gc,heap     ] GC(116) Survivor regions: 3->3(44)
[2025-12-02T07:26:44.456+0000][7648.739s][info ][gc,heap     ] GC(116) Old regions: 161->161
[2025-12-02T07:26:44.456+0000][7648.739s][info ][gc,heap     ] GC(116) Archive regions: 2->2
[2025-12-02T07:26:44.456+0000][7648.740s][info ][gc,heap     ] GC(116) Humongous regions: 0->0
[2025-12-02T07:26:44.456+0000][7648.740s][info ][gc,metaspace] GC(116) Metaspace: 203526K(204928K)->203526K(204928K) NonClass: 179069K(179840K)->179069K(179840K) Class: 24457K(25088K)->24457K(25088K)
[2025-12-02T07:26:44.456+0000][7648.740s][info ][gc          ] GC(116) Pause Young (Prepare Mixed) (G1 Evacuation Pause) 509M->164M(577M) 14.911ms
[2025-12-02T07:26:44.456+0000][7648.740s][info ][gc,cpu      ] GC(116) User=0.14s Sys=0.00s Real=0.02s
[2025-12-02T07:26:44.456+0000][7648.740s][info ][safepoint   ] Safepoint "G1CollectForAllocation", Time since last: 22204855482 ns, Reaching safepoint: 138540 ns, Cleanup: 7475 ns, At safepoint: 15321146 ns, Total: 15467161 ns
[2025-12-02T07:27:04.163+0000][7668.450s][debug][safepoint   ] Safepoint synchronization initiated using futex wait barrier. (263 threads)
[2025-12-02T07:27:04.163+0000][7668.450s][info ][gc,start    ] GC(117) Pause Young (Mixed) (G1 Evacuation Pause)
[2025-12-02T07:27:04.163+0000][7668.450s][info ][gc,task     ] GC(117) Using 13 workers of 13 for evacuation
[2025-12-02T07:27:04.258+0000][7668.545s][info ][gc,phases   ] GC(117)   Pre Evacuate Collection Set: 0.4ms
[2025-12-02T07:27:04.258+0000][7668.545s][info ][gc,phases   ] GC(117)   Merge Heap Roots: 0.9ms
[2025-12-02T07:27:04.258+0000][7668.545s][info ][gc,phases   ] GC(117)   Evacuate Collection Set: 88.1ms
[2025-12-02T07:27:04.258+0000][7668.545s][info ][gc,phases   ] GC(117)   Post Evacuate Collection Set: 5.3ms
[2025-12-02T07:27:04.258+0000][7668.545s][info ][gc,phases   ] GC(117)   Other: 0.4ms
[2025-12-02T07:27:04.258+0000][7668.545s][info ][gc,heap     ] GC(117) Eden regions: 25->0(344)
[2025-12-02T07:27:04.258+0000][7668.545s][info ][gc,heap     ] GC(117) Survivor regions: 3->2(4)
[2025-12-02T07:27:04.258+0000][7668.545s][info ][gc,heap     ] GC(117) Old regions: 161->160
[2025-12-02T07:27:04.258+0000][7668.545s][info ][gc,heap     ] GC(117) Archive regions: 2->2
[2025-12-02T07:27:04.258+0000][7668.545s][info ][gc,heap     ] GC(117) Humongous regions: 0->0
[2025-12-02T07:27:04.258+0000][7668.545s][info ][gc,metaspace] GC(117) Metaspace: 203539K(204928K)->203539K(204928K) NonClass: 179081K(179840K)->179081K(179840K) Class: 24457K(25088K)->24457K(25088K)
[2025-12-02T07:27:04.258+0000][7668.545s][info ][gc          ] GC(117) Pause Young (Mixed) (G1 Evacuation Pause) 189M->161M(577M) 95.297ms
[2025-12-02T07:27:04.258+0000][7668.545s][info ][gc,cpu      ] GC(117) User=1.16s Sys=0.00s Real=0.09s
[2025-12-02T07:27:04.260+0000][7668.547s][info ][safepoint   ] Safepoint "G1CollectForAllocation", Time since last: 19710048486 ns, Reaching safepoint: 123601 ns, Cleanup: 6223 ns, At safepoint: 97063834 ns, Total: 97193658 ns
[2025-12-02T07:27:15.262+0000][7679.549s][debug][safepoint   ] Safepoint synchronization initiated using futex wait barrier. (263 threads)
[2025-12-02T07:27:15.262+0000][7679.549s][info ][safepoint   ] Safepoint "Cleanup", Time since last: 11001926969 ns, Reaching safepoint: 246041 ns, Cleanup: 85818 ns, At safepoint: 8857 ns, Total: 340716 ns
[2025-12-02T07:28:54.272+0000][7778.566s][debug][safepoint   ] Safepoint synchronization initiated using futex wait barrier. (262 threads)
[2025-12-02T07:28:54.273+0000][7778.568s][info ][safepoint   ] Safepoint "Cleanup", Time since last: 99016608922 ns, Reaching safepoint: 1684093 ns, Cleanup: 33354 ns, At safepoint: 47021 ns, Total: 1764468 ns
[2025-12-02T07:30:16.277+0000][7860.579s][debug][safepoint   ] Safepoint synchronization initiated using futex wait barrier. (266 threads)
[2025-12-02T07:30:16.277+0000][7860.579s][info ][safepoint   ] Safepoint "Cleanup", Time since last: 82011290646 ns, Reaching safepoint: 127718 ns, Cleanup: 66459 ns, At safepoint: 103832 ns, Total: 298009 ns
[2025-12-02T07:30:19.278+0000][7863.580s][debug][safepoint   ] Safepoint synchronization initiated using futex wait barrier. (269 threads)
[2025-12-02T07:30:19.279+0000][7863.580s][info ][safepoint   ] Safepoint "Cleanup", Time since last: 3000393114 ns, Reaching safepoint: 697866 ns, Cleanup: 21582 ns, At safepoint: 86769 ns, Total: 806217 ns
[2025-12-02T07:30:21.279+0000][7865.581s][debug][safepoint   ] Safepoint synchronization initiated using futex wait barrier. (269 threads)
[2025-12-02T07:30:21.279+0000][7865.581s][info ][safepoint   ] Safepoint "Cleanup", Time since last: 2000310300 ns, Reaching safepoint: 94784 ns, Cleanup: 12374 ns, At safepoint: 3196 ns, Total: 110354 ns
[2025-12-02T07:30:22.279+0000][7866.581s][debug][safepoint   ] Safepoint synchronization initiated using futex wait barrier. (269 threads)
[2025-12-02T07:30:22.282+0000][7866.584s][info ][safepoint   ] Safepoint "Cleanup", Time since last: 1000111328 ns, Reaching safepoint: 2357163 ns, Cleanup: 16191 ns, At safepoint: 209858 ns, Total: 2583212 ns
[2025-12-02T07:30:25.282+0000][7869.584s][debug][safepoint   ] Safepoint synchronization initiated using futex wait barrier. (269 threads)
[2025-12-02T07:30:25.283+0000][7869.584s][info ][safepoint   ] Safepoint "Cleanup", Time since last: 3000447911 ns, Reaching safepoint: 229044 ns, Cleanup: 39247 ns, At safepoint: 6352 ns, Total: 274643 ns
[2025-12-02T07:30:29.194+0000][7873.498s][debug][safepoint   ] Safepoint synchronization initiated using futex wait barrier. (269 threads)
[2025-12-02T07:30:29.194+0000][7873.499s][info ][safepoint   ] Safepoint "Cleanup", Time since last: 3914023023 ns, Reaching safepoint: 498408 ns, Cleanup: 49436 ns, At safepoint: 105514 ns, Total: 653358 ns
[2025-12-02T07:30:30.198+0000][7874.503s][debug][safepoint   ] Safepoint synchronization initiated using futex wait barrier. (274 threads)
[2025-12-02T07:30:30.198+0000][7874.503s][info ][safepoint   ] Safepoint "Cleanup", Time since last: 1003729825 ns, Reaching safepoint: 158929 ns, Cleanup: 35799 ns, At safepoint: 5200 ns, Total: 199928 ns
[2025-12-02T07:30:32.199+0000][7876.503s][debug][safepoint   ] Safepoint synchronization initiated using futex wait barrier. (272 threads)
[2025-12-02T07:30:32.199+0000][7876.503s][info ][safepoint   ] Safepoint "Cleanup", Time since last: 2000335673 ns, Reaching safepoint: 85616 ns, Cleanup: 12625 ns, At safepoint: 3597 ns, Total: 101838 ns
[2025-12-02T07:30:34.184+0000][7878.488s][debug][safepoint   ] Safepoint synchronization initiated using futex wait barrier. (271 threads)
[2025-12-02T07:30:34.184+0000][7878.489s][info ][gc,start    ] GC(118) Pause Young (Concurrent Start) (G1 Humongous Allocation)
[2025-12-02T07:30:34.184+0000][7878.489s][info ][gc,task     ] GC(118) Using 13 workers of 13 for evacuation
[2025-12-02T07:30:34.207+0000][7878.512s][info ][gc,phases   ] GC(118)   Pre Evacuate Collection Set: 1.3ms
[2025-12-02T07:30:34.207+0000][7878.512s][info ][gc,phases   ] GC(118)   Merge Heap Roots: 0.4ms
[2025-12-02T07:30:34.207+0000][7878.512s][info ][gc,phases   ] GC(118)   Evacuate Collection Set: 16.7ms
[2025-12-02T07:30:34.207+0000][7878.512s][info ][gc,phases   ] GC(118)   Post Evacuate Collection Set: 2.4ms
[2025-12-02T07:30:34.207+0000][7878.512s][info ][gc,phases   ] GC(118)   Other: 2.4ms
[2025-12-02T07:30:34.207+0000][7878.512s][info ][gc,heap     ] GC(118) Eden regions: 268->0(344)
[2025-12-02T07:30:34.207+0000][7878.512s][info ][gc,heap     ] GC(118) Survivor regions: 2->2(44)
[2025-12-02T07:30:34.207+0000][7878.512s][info ][gc,heap     ] GC(118) Old regions: 160->160
[2025-12-02T07:30:34.207+0000][7878.512s][info ][gc,heap     ] GC(118) Archive regions: 2->2
[2025-12-02T07:30:34.207+0000][7878.512s][info ][gc,heap     ] GC(118) Humongous regions: 0->0
[2025-12-02T07:30:34.207+0000][7878.512s][info ][gc,metaspace] GC(118) Metaspace: 203706K(205056K)->203706K(205056K) NonClass: 179240K(179968K)->179240K(179968K) Class: 24465K(25088K)->24465K(25088K)
[2025-12-02T07:30:34.208+0000][7878.512s][info ][gc          ] GC(118) Pause Young (Concurrent Start) (G1 Humongous Allocation) 429M->162M(577M) 23.364ms
[2025-12-02T07:30:34.208+0000][7878.512s][info ][gc,cpu      ] GC(118) User=0.10s Sys=0.00s Real=0.03s
[2025-12-02T07:30:34.209+0000][7878.513s][info ][gc          ] GC(119) Concurrent Mark Cycle
[2025-12-02T07:30:34.209+0000][7878.513s][info ][gc,marking  ] GC(119) Concurrent Clear Claimed Marks
[2025-12-02T07:30:34.209+0000][7878.514s][info ][safepoint   ] Safepoint "G1TryInitiateConcMark", Time since last: 1984951241 ns, Reaching safepoint: 390320 ns, Cleanup: 30188 ns, At safepoint: 25098206 ns, Total: 25518714 ns
[2025-12-02T07:30:34.209+0000][7878.514s][info ][gc,marking  ] GC(119) Concurrent Clear Claimed Marks 0.452ms
[2025-12-02T07:30:34.209+0000][7878.514s][info ][gc,marking  ] GC(119) Concurrent Scan Root Regions
[2025-12-02T07:30:34.306+0000][7878.611s][info ][gc,marking  ] GC(119) Concurrent Scan Root Regions 97.148ms
[2025-12-02T07:30:34.307+0000][7878.611s][info ][gc,marking  ] GC(119) Concurrent Mark
[2025-12-02T07:30:34.307+0000][7878.611s][info ][gc,marking  ] GC(119) Concurrent Mark From Roots
[2025-12-02T07:30:34.307+0000][7878.611s][info ][gc,task     ] GC(119) Using 3 workers of 3 for marking
[2025-12-02T07:30:34.958+0000][7879.263s][info ][gc,marking  ] GC(119) Concurrent Mark From Roots 651.361ms
[2025-12-02T07:30:34.958+0000][7879.263s][info ][gc,marking  ] GC(119) Concurrent Preclean
[2025-12-02T07:30:34.959+0000][7879.263s][info ][gc,marking  ] GC(119) Concurrent Preclean 0.762ms
[2025-12-02T07:30:34.959+0000][7879.263s][debug][safepoint   ] Safepoint synchronization initiated using futex wait barrier. (272 threads)
[2025-12-02T07:30:34.959+0000][7879.264s][info ][gc,start    ] GC(119) Pause Remark
[2025-12-02T07:30:35.233+0000][7879.538s][info ][gc          ] GC(119) Pause Remark 186M->186M(577M) 273.971ms
[2025-12-02T07:30:35.233+0000][7879.538s][info ][gc,cpu      ] GC(119) User=2.90s Sys=0.00s Real=0.28s
[2025-12-02T07:30:35.235+0000][7879.540s][info ][safepoint   ] Safepoint "G1PauseRemark", Time since last: 749653981 ns, Reaching safepoint: 60348 ns, Cleanup: 47923 ns, At safepoint: 275998403 ns, Total: 276106674 ns
[2025-12-02T07:30:35.235+0000][7879.540s][info ][gc,marking  ] GC(119) Concurrent Mark 928.548ms
[2025-12-02T07:30:35.235+0000][7879.540s][info ][gc,marking  ] GC(119) Concurrent Rebuild Remembered Sets
[2025-12-02T07:30:35.326+0000][7879.631s][info ][gc,marking  ] GC(119) Concurrent Rebuild Remembered Sets 91.246ms
[2025-12-02T07:30:35.327+0000][7879.631s][debug][safepoint   ] Safepoint synchronization initiated using futex wait barrier. (272 threads)
[2025-12-02T07:30:35.549+0000][7879.853s][info ][gc,start    ] GC(119) Pause Cleanup
[2025-12-02T07:30:35.549+0000][7879.854s][info ][gc          ] GC(119) Pause Cleanup 186M->186M(577M) 0.639ms
[2025-12-02T07:30:35.549+0000][7879.854s][info ][gc,cpu      ] GC(119) User=0.00s Sys=0.00s Real=0.00s
[2025-12-02T07:30:35.551+0000][7879.855s][info ][safepoint   ] Safepoint "G1PauseCleanup", Time since last: 91528249 ns, Reaching safepoint: 221890691 ns, Cleanup: 9529 ns, At safepoint: 2397203 ns, Total: 224297423 ns
[2025-12-02T07:30:35.551+0000][7879.855s][info ][gc,marking  ] GC(119) Concurrent Cleanup for Next Mark
[2025-12-02T07:30:35.593+0000][7879.897s][info ][gc,marking  ] GC(119) Concurrent Cleanup for Next Mark 41.665ms
[2025-12-02T07:30:35.593+0000][7879.898s][info ][gc          ] GC(119) Concurrent Mark Cycle 1384.278ms
[2025-12-02T07:30:36.551+0000][7880.856s][debug][safepoint   ] Safepoint synchronization initiated using futex wait barrier. (272 threads)
[2025-12-02T07:30:36.551+0000][7880.856s][info ][safepoint   ] Safepoint "Cleanup", Time since last: 1000185409 ns, Reaching safepoint: 306507 ns, Cleanup: 26241 ns, At safepoint: 4879 ns, Total: 337627 ns
[2025-12-02T07:30:38.552+0000][7882.856s][debug][safepoint   ] Safepoint synchronization initiated using futex wait barrier. (272 threads)
[2025-12-02T07:30:38.552+0000][7882.856s][info ][safepoint   ] Safepoint "Cleanup", Time since last: 2000286896 ns, Reaching safepoint: 168378 ns, Cleanup: 25670 ns, At safepoint: 4729 ns, Total: 198777 ns
[2025-12-02T07:30:39.552+0000][7883.857s][debug][safepoint   ] Safepoint synchronization initiated using futex wait barrier. (273 threads)
[2025-12-02T07:30:39.552+0000][7883.857s][info ][safepoint   ] Safepoint "Cleanup", Time since last: 1000145318 ns, Reaching safepoint: 107560 ns, Cleanup: 42242 ns, At safepoint: 4479 ns, Total: 154281 ns
[2025-12-02T07:30:40.552+0000][7884.857s][debug][safepoint   ] Safepoint synchronization initiated using futex wait barrier. (273 threads)
[2025-12-02T07:30:40.553+0000][7884.857s][info ][safepoint   ] Safepoint "Cleanup", Time since last: 1000211507 ns, Reaching safepoint: 179409 ns, Cleanup: 166774 ns, At safepoint: 9599 ns, Total: 355782 ns
[2025-12-02T07:30:41.553+0000][7885.857s][debug][safepoint   ] Safepoint synchronization initiated using futex wait barrier. (273 threads)
[2025-12-02T07:30:41.553+0000][7885.858s][info ][safepoint   ] Safepoint "Cleanup", Time since last: 1000150570 ns, Reaching safepoint: 101347 ns, Cleanup: 15480 ns, At safepoint: 4619 ns, Total: 121446 ns
[2025-12-02T07:30:44.553+0000][7888.858s][debug][safepoint   ] Safepoint synchronization initiated using futex wait barrier. (274 threads)
[2025-12-02T07:30:44.554+0000][7888.858s][info ][safepoint   ] Safepoint "Cleanup", Time since last: 3000400569 ns, Reaching safepoint: 101237 ns, Cleanup: 23506 ns, At safepoint: 4960 ns, Total: 129703 ns
[2025-12-02T07:30:47.554+0000][7891.859s][debug][safepoint   ] Safepoint synchronization initiated using futex wait barrier. (274 threads)
[2025-12-02T07:30:47.554+0000][7891.859s][info ][safepoint   ] Safepoint "Cleanup", Time since last: 3000513010 ns, Reaching safepoint: 193236 ns, Cleanup: 22474 ns, At safepoint: 5090 ns, Total: 220800 ns
[2025-12-02T07:30:52.063+0000][7896.367s][debug][safepoint   ] Safepoint synchronization initiated using futex wait barrier. (275 threads)
[2025-12-02T07:30:52.063+0000][7896.368s][info ][safepoint   ] Safepoint "Cleanup", Time since last: 4508669126 ns, Reaching safepoint: 207713 ns, Cleanup: 25961 ns, At safepoint: 52792 ns, Total: 286466 ns
[2025-12-02T07:30:53.063+0000][7897.368s][debug][safepoint   ] Safepoint synchronization initiated using futex wait barrier. (275 threads)
[2025-12-02T07:30:53.064+0000][7897.368s][info ][safepoint   ] Safepoint "Cleanup", Time since last: 1000213208 ns, Reaching safepoint: 143379 ns, Cleanup: 53474 ns, At safepoint: 4929 ns, Total: 201782 ns
[2025-12-02T07:30:54.064+0000][7898.368s][debug][safepoint   ] Safepoint synchronization initiated using futex wait barrier. (275 threads)
[2025-12-02T07:30:54.064+0000][7898.368s][info ][safepoint   ] Safepoint "Cleanup", Time since last: 1000159328 ns, Reaching safepoint: 80627 ns, Cleanup: 17233 ns, At safepoint: 3076 ns, Total: 100936 ns
[2025-12-02T07:30:55.064+0000][7899.369s][debug][safepoint   ] Safepoint synchronization initiated using futex wait barrier. (275 threads)
[2025-12-02T07:30:55.064+0000][7899.369s][info ][safepoint   ] Safepoint "Cleanup", Time since last: 1000128588 ns, Reaching safepoint: 83162 ns, Cleanup: 13627 ns, At safepoint: 38244 ns, Total: 135033 ns
[2025-12-02T07:31:00.061+0000][7904.369s][debug][safepoint   ] Safepoint synchronization initiated using futex wait barrier. (276 threads)
[2025-12-02T07:31:00.062+0000][7904.370s][info ][safepoint   ] Safepoint "Cleanup", Time since last: 5000728556 ns, Reaching safepoint: 115259 ns, Cleanup: 18693 ns, At safepoint: 3747 ns, Total: 137699 ns
[2025-12-02T07:31:20.064+0000][7924.372s][debug][safepoint   ] Safepoint synchronization initiated using futex wait barrier. (275 threads)
[2025-12-02T07:31:20.064+0000][7924.372s][info ][safepoint   ] Safepoint "Cleanup", Time since last: 20002688579 ns, Reaching safepoint: 164594 ns, Cleanup: 22144 ns, At safepoint: 6523 ns, Total: 193261 ns
[2025-12-02T07:31:45.013+0000][7949.323s][debug][safepoint   ] Safepoint synchronization initiated using futex wait barrier. (276 threads)
[2025-12-02T07:31:45.013+0000][7949.323s][info ][safepoint   ] Safepoint "Cleanup", Time since last: 24950292743 ns, Reaching safepoint: 345452 ns, Cleanup: 26592 ns, At safepoint: 7635 ns, Total: 379679 ns
[2025-12-02T07:32:08.014+0000][7972.327s][debug][safepoint   ] Safepoint synchronization initiated using futex wait barrier. (275 threads)
[2025-12-02T07:32:08.014+0000][7972.327s][info ][safepoint   ] Safepoint "Cleanup", Time since last: 23003618216 ns, Reaching safepoint: 137557 ns, Cleanup: 13346 ns, At safepoint: 3747 ns, Total: 154650 ns
[2025-12-02T07:32:15.015+0000][7979.328s][debug][safepoint   ] Safepoint synchronization initiated using futex wait barrier. (276 threads)
[2025-12-02T07:32:15.015+0000][7979.328s][info ][safepoint   ] Safepoint "Cleanup", Time since last: 7000840605 ns, Reaching safepoint: 89654 ns, Cleanup: 13557 ns, At safepoint: 3597 ns, Total: 106808 ns
[2025-12-02T07:33:00.042+0000][8024.360s][debug][safepoint   ] Safepoint synchronization initiated using futex wait barrier. (276 threads)
[2025-12-02T07:33:00.042+0000][8024.361s][info ][safepoint   ] Safepoint "Cleanup", Time since last: 45032362514 ns, Reaching safepoint: 441197 ns, Cleanup: 16041 ns, At safepoint: 4378 ns, Total: 461616 ns
[2025-12-02T07:33:30.068+0000][8054.402s][debug][safepoint   ] Safepoint synchronization initiated using futex wait barrier. (278 threads)
[2025-12-02T07:33:30.068+0000][8054.402s][info ][safepoint   ] Safepoint "Cleanup", Time since last: 30041405040 ns, Reaching safepoint: 96227 ns, Cleanup: 16923 ns, At safepoint: 3778 ns, Total: 116928 ns
[2025-12-02T07:34:15.096+0000][8099.419s][debug][safepoint   ] Safepoint synchronization initiated using futex wait barrier. (278 threads)
[2025-12-02T07:34:15.098+0000][8099.421s][info ][safepoint   ] Safepoint "Cleanup", Time since last: 45016458544 ns, Reaching safepoint: 2333884 ns, Cleanup: 25300 ns, At safepoint: 139030 ns, Total: 2498214 ns
[2025-12-02T07:34:16.098+0000][8100.421s][debug][safepoint   ] Safepoint synchronization initiated using futex wait barrier. (280 threads)
[2025-12-02T07:34:16.099+0000][8100.422s][info ][safepoint   ] Safepoint "Cleanup", Time since last: 1000180743 ns, Reaching safepoint: 169300 ns, Cleanup: 144010 ns, At safepoint: 11403 ns, Total: 324713 ns
[2025-12-02T07:34:32.240+0000][8116.565s][debug][safepoint   ] Safepoint synchronization initiated using futex wait barrier. (280 threads)
[2025-12-02T07:34:32.242+0000][8116.568s][info ][gc,start    ] GC(120) Pause Young (Prepare Mixed) (G1 Evacuation Pause)
[2025-12-02T07:34:32.242+0000][8116.568s][info ][gc,task     ] GC(120) Using 13 workers of 13 for evacuation
[2025-12-02T07:34:32.267+0000][8116.593s][info ][gc,phases   ] GC(120)   Pre Evacuate Collection Set: 2.2ms
[2025-12-02T07:34:32.267+0000][8116.593s][info ][gc,phases   ] GC(120)   Merge Heap Roots: 1.4ms
[2025-12-02T07:34:32.267+0000][8116.593s][info ][gc,phases   ] GC(120)   Evacuate Collection Set: 15.0ms
[2025-12-02T07:34:32.267+0000][8116.593s][info ][gc,phases   ] GC(120)   Post Evacuate Collection Set: 5.7ms
[2025-12-02T07:34:32.267+0000][8116.593s][info ][gc,phases   ] GC(120)   Other: 3.0ms
[2025-12-02T07:34:32.267+0000][8116.593s][info ][gc,heap     ] GC(120) Eden regions: 344->0(24)
[2025-12-02T07:34:32.267+0000][8116.593s][info ][gc,heap     ] GC(120) Survivor regions: 2->4(44)
[2025-12-02T07:34:32.267+0000][8116.593s][info ][gc,heap     ] GC(120) Old regions: 160->160
[2025-12-02T07:34:32.267+0000][8116.593s][info ][gc,heap     ] GC(120) Archive regions: 2->2
[2025-12-02T07:34:32.267+0000][8116.593s][info ][gc,heap     ] GC(120) Humongous regions: 17->0
[2025-12-02T07:34:32.267+0000][8116.593s][info ][gc,metaspace] GC(120) Metaspace: 204104K(205376K)->204104K(205376K) NonClass: 179611K(180288K)->179611K(180288K) Class: 24493K(25088K)->24493K(25088K)
[2025-12-02T07:34:32.268+0000][8116.594s][info ][gc          ] GC(120) Pause Young (Prepare Mixed) (G1 Evacuation Pause) 523M->164M(577M) 25.676ms
[2025-12-02T07:34:32.268+0000][8116.594s][info ][gc,cpu      ] GC(120) User=0.25s Sys=0.00s Real=0.03s
[2025-12-02T07:34:32.270+0000][8116.595s][info ][safepoint   ] Safepoint "G1CollectForAllocation", Time since last: 16143424123 ns, Reaching safepoint: 248113 ns, Cleanup: 8737 ns, At safepoint: 30038805 ns, Total: 30295655 ns
[2025-12-02T07:34:51.189+0000][8135.515s][debug][safepoint   ] Safepoint synchronization initiated using futex wait barrier. (280 threads)
[2025-12-02T07:34:51.190+0000][8135.515s][info ][gc,start    ] GC(121) Pause Young (Mixed) (G1 Evacuation Pause)
[2025-12-02T07:34:51.190+0000][8135.515s][info ][gc,task     ] GC(121) Using 13 workers of 13 for evacuation
[2025-12-02T07:34:51.256+0000][8135.582s][info ][gc,phases   ] GC(121)   Pre Evacuate Collection Set: 0.4ms
[2025-12-02T07:34:51.256+0000][8135.582s][info ][gc,phases   ] GC(121)   Merge Heap Roots: 2.2ms
[2025-12-02T07:34:51.256+0000][8135.582s][info ][gc,phases   ] GC(121)   Evacuate Collection Set: 60.7ms
[2025-12-02T07:34:51.256+0000][8135.582s][info ][gc,phases   ] GC(121)   Post Evacuate Collection Set: 3.0ms
[2025-12-02T07:34:51.256+0000][8135.582s][info ][gc,phases   ] GC(121)   Other: 0.2ms
[2025-12-02T07:34:51.256+0000][8135.582s][info ][gc,heap     ] GC(121) Eden regions: 24->0(343)
[2025-12-02T07:34:51.256+0000][8135.582s][info ][gc,heap     ] GC(121) Survivor regions: 4->3(4)
[2025-12-02T07:34:51.256+0000][8135.582s][info ][gc,heap     ] GC(121) Old regions: 160->159
[2025-12-02T07:34:51.256+0000][8135.582s][info ][gc,heap     ] GC(121) Archive regions: 2->2
[2025-12-02T07:34:51.257+0000][8135.582s][info ][gc,heap     ] GC(121) Humongous regions: 0->0
[2025-12-02T07:34:51.257+0000][8135.582s][info ][gc,metaspace] GC(121) Metaspace: 204104K(205376K)->204104K(205376K) NonClass: 179611K(180288K)->179611K(180288K) Class: 24493K(25088K)->24493K(25088K)
[2025-12-02T07:34:51.257+0000][8135.582s][info ][gc          ] GC(121) Pause Young (Mixed) (G1 Evacuation Pause) 188M->161M(577M) 66.664ms
[2025-12-02T07:34:51.257+0000][8135.582s][info ][gc,cpu      ] GC(121) User=0.82s Sys=0.00s Real=0.07s
[2025-12-02T07:34:51.258+0000][8135.583s][info ][safepoint   ] Safepoint "G1CollectForAllocation", Time since last: 18919360234 ns, Reaching safepoint: 442150 ns, Cleanup: 6162 ns, At safepoint: 68009003 ns, Total: 68457315 ns
[2025-12-02T07:36:42.267+0000][8246.603s][debug][safepoint   ] Safepoint synchronization initiated using futex wait barrier. (272 threads)
[2025-12-02T07:36:42.267+0000][8246.603s][info ][safepoint   ] Safepoint "Cleanup", Time since last: 111019873067 ns, Reaching safepoint: 262180 ns, Cleanup: 39797 ns, At safepoint: 6182 ns, Total: 308159 ns
[2025-12-02T07:36:43.268+0000][8247.604s][debug][safepoint   ] Safepoint synchronization initiated using futex wait barrier. (272 threads)
[2025-12-02T07:36:43.268+0000][8247.604s][info ][safepoint   ] Safepoint "Cleanup", Time since last: 1000207722 ns, Reaching safepoint: 94554 ns, Cleanup: 16673 ns, At safepoint: 5781 ns, Total: 117008 ns
[2025-12-02T07:36:47.268+0000][8251.604s][debug][safepoint   ] Safepoint synchronization initiated using futex wait barrier. (272 threads)
[2025-12-02T07:36:47.269+0000][8251.605s][info ][safepoint   ] Safepoint "Cleanup", Time since last: 4000685206 ns, Reaching safepoint: 167586 ns, Cleanup: 32483 ns, At safepoint: 7825 ns, Total: 207894 ns
[2025-12-02T07:36:48.269+0000][8252.605s][debug][safepoint   ] Safepoint synchronization initiated using futex wait barrier. (272 threads)
[2025-12-02T07:36:48.269+0000][8252.605s][info ][safepoint   ] Safepoint "Cleanup", Time since last: 1000181779 ns, Reaching safepoint: 102800 ns, Cleanup: 14498 ns, At safepoint: 3948 ns, Total: 121246 ns
[2025-12-02T07:36:56.267+0000][8260.606s][debug][safepoint   ] Safepoint synchronization initiated using futex wait barrier. (272 threads)
[2025-12-02T07:36:56.267+0000][8260.606s][info ][safepoint   ] Safepoint "Cleanup", Time since last: 8001177573 ns, Reaching safepoint: 140393 ns, Cleanup: 17644 ns, At safepoint: 4709 ns, Total: 162746 ns
[2025-12-02T07:37:09.269+0000][8273.608s][debug][safepoint   ] Safepoint synchronization initiated using futex wait barrier. (272 threads)
[2025-12-02T07:37:09.269+0000][8273.608s][info ][safepoint   ] Safepoint "Cleanup", Time since last: 13001767164 ns, Reaching safepoint: 133460 ns, Cleanup: 21532 ns, At safepoint: 4499 ns, Total: 159491 ns
[2025-12-02T07:37:10.269+0000][8274.608s][debug][safepoint   ] Safepoint synchronization initiated using futex wait barrier. (272 threads)
[2025-12-02T07:37:10.270+0000][8274.608s][info ][safepoint   ] Safepoint "Cleanup", Time since last: 1000173387 ns, Reaching safepoint: 93823 ns, Cleanup: 17484 ns, At safepoint: 4218 ns, Total: 115525 ns
[2025-12-02T07:39:08.279+0000][8392.627s][debug][safepoint   ] Safepoint synchronization initiated using futex wait barrier. (271 threads)
[2025-12-02T07:39:08.279+0000][8392.628s][info ][safepoint   ] Safepoint "Cleanup", Time since last: 118018702005 ns, Reaching safepoint: 355372 ns, Cleanup: 63703 ns, At safepoint: 14659 ns, Total: 433734 ns
[2025-12-02T07:39:12.253+0000][8396.601s][debug][safepoint   ] Safepoint synchronization initiated using futex wait barrier. (271 threads)
[2025-12-02T07:39:12.258+0000][8396.606s][info ][gc,start    ] GC(122) Pause Young (Concurrent Start) (G1 Evacuation Pause)
[2025-12-02T07:39:12.258+0000][8396.606s][info ][gc,task     ] GC(122) Using 13 workers of 13 for evacuation
[2025-12-02T07:39:12.374+0000][8396.722s][info ][gc,phases   ] GC(122)   Pre Evacuate Collection Set: 23.1ms
[2025-12-02T07:39:12.374+0000][8396.722s][info ][gc,phases   ] GC(122)   Merge Heap Roots: 1.1ms
[2025-12-02T07:39:12.374+0000][8396.722s][info ][gc,phases   ] GC(122)   Evacuate Collection Set: 71.6ms
[2025-12-02T07:39:12.374+0000][8396.722s][info ][gc,phases   ] GC(122)   Post Evacuate Collection Set: 14.0ms
[2025-12-02T07:39:12.374+0000][8396.722s][info ][gc,phases   ] GC(122)   Other: 10.2ms
[2025-12-02T07:39:12.374+0000][8396.722s][info ][gc,heap     ] GC(122) Eden regions: 343->0(343)
[2025-12-02T07:39:12.374+0000][8396.722s][info ][gc,heap     ] GC(122) Survivor regions: 3->3(44)
[2025-12-02T07:39:12.374+0000][8396.722s][info ][gc,heap     ] GC(122) Old regions: 159->159
[2025-12-02T07:39:12.374+0000][8396.722s][info ][gc,heap     ] GC(122) Archive regions: 2->2
[2025-12-02T07:39:12.374+0000][8396.722s][info ][gc,heap     ] GC(122) Humongous regions: 0->0
[2025-12-02T07:39:12.374+0000][8396.722s][info ][gc,metaspace] GC(122) Metaspace: 204229K(205504K)->204229K(205504K) NonClass: 179720K(180416K)->179720K(180416K) Class: 24509K(25088K)->24509K(25088K)
[2025-12-02T07:39:12.375+0000][8396.724s][info ][gc          ] GC(122) Pause Young (Concurrent Start) (G1 Evacuation Pause) 504M->161M(577M) 117.400ms
[2025-12-02T07:39:12.375+0000][8396.724s][info ][gc,cpu      ] GC(122) User=0.62s Sys=0.00s Real=0.12s
[2025-12-02T07:39:12.378+0000][8396.726s][info ][gc          ] GC(123) Concurrent Mark Cycle
[2025-12-02T07:39:12.378+0000][8396.727s][info ][gc,marking  ] GC(123) Concurrent Clear Claimed Marks
[2025-12-02T07:39:12.378+0000][8396.727s][info ][safepoint   ] Safepoint "G1CollectForAllocation", Time since last: 3973818922 ns, Reaching safepoint: 126446 ns, Cleanup: 87490 ns, At safepoint: 124910179 ns, Total: 125124115 ns
[2025-12-02T07:39:12.379+0000][8396.727s][info ][gc,marking  ] GC(123) Concurrent Clear Claimed Marks 0.937ms
[2025-12-02T07:39:12.379+0000][8396.727s][info ][gc,marking  ] GC(123) Concurrent Scan Root Regions
[2025-12-02T07:39:12.669+0000][8397.017s][info ][gc,marking  ] GC(123) Concurrent Scan Root Regions 289.839ms
[2025-12-02T07:39:12.669+0000][8397.017s][info ][gc,marking  ] GC(123) Concurrent Mark
[2025-12-02T07:39:12.669+0000][8397.017s][info ][gc,marking  ] GC(123) Concurrent Mark From Roots
[2025-12-02T07:39:12.669+0000][8397.017s][info ][gc,task     ] GC(123) Using 3 workers of 3 for marking
[2025-12-02T07:39:13.380+0000][8397.728s][debug][safepoint   ] Safepoint synchronization initiated using futex wait barrier. (271 threads)
[2025-12-02T07:39:13.380+0000][8397.729s][info ][safepoint   ] Safepoint "Cleanup", Time since last: 1000890670 ns, Reaching safepoint: 1084769 ns, Cleanup: 16743 ns, At safepoint: 86558 ns, Total: 1188070 ns
[2025-12-02T07:39:13.567+0000][8397.916s][info ][gc,marking  ] GC(123) Concurrent Mark From Roots 898.340ms
[2025-12-02T07:39:13.567+0000][8397.916s][info ][gc,marking  ] GC(123) Concurrent Preclean
[2025-12-02T07:39:13.568+0000][8397.916s][info ][gc,marking  ] GC(123) Concurrent Preclean 0.456ms
[2025-12-02T07:39:13.568+0000][8397.916s][debug][safepoint   ] Safepoint synchronization initiated using futex wait barrier. (270 threads)
[2025-12-02T07:39:13.568+0000][8397.916s][info ][gc,start    ] GC(123) Pause Remark
[2025-12-02T07:39:13.918+0000][8398.266s][info ][gc          ] GC(123) Pause Remark 171M->171M(577M) 349.891ms
[2025-12-02T07:39:13.918+0000][8398.267s][info ][gc,cpu      ] GC(123) User=4.48s Sys=0.00s Real=0.35s
[2025-12-02T07:39:13.920+0000][8398.268s][info ][safepoint   ] Safepoint "G1PauseRemark", Time since last: 187714621 ns, Reaching safepoint: 50267 ns, Cleanup: 4549 ns, At safepoint: 351818628 ns, Total: 351873444 ns
[2025-12-02T07:39:13.920+0000][8398.268s][info ][gc,marking  ] GC(123) Concurrent Mark 1250.933ms
[2025-12-02T07:39:13.920+0000][8398.268s][info ][gc,marking  ] GC(123) Concurrent Rebuild Remembered Sets
[2025-12-02T07:39:14.016+0000][8398.365s][info ][gc,marking  ] GC(123) Concurrent Rebuild Remembered Sets 96.595ms
[2025-12-02T07:39:14.017+0000][8398.365s][debug][safepoint   ] Safepoint synchronization initiated using futex wait barrier. (270 threads)
[2025-12-02T07:39:14.017+0000][8398.365s][info ][gc,start    ] GC(123) Pause Cleanup
[2025-12-02T07:39:14.017+0000][8398.366s][info ][gc          ] GC(123) Pause Cleanup 171M->171M(577M) 0.562ms
[2025-12-02T07:39:14.017+0000][8398.366s][info ][gc,cpu      ] GC(123) User=0.01s Sys=0.00s Real=0.00s
[2025-12-02T07:39:14.017+0000][8398.366s][info ][safepoint   ] Safepoint "G1PauseCleanup", Time since last: 96851640 ns, Reaching safepoint: 40599 ns, Cleanup: 64866 ns, At safepoint: 727945 ns, Total: 833410 ns
[2025-12-02T07:39:14.017+0000][8398.366s][info ][gc,marking  ] GC(123) Concurrent Cleanup for Next Mark
[2025-12-02T07:39:14.038+0000][8398.386s][info ][gc,marking  ] GC(123) Concurrent Cleanup for Next Mark 20.370ms
[2025-12-02T07:39:14.038+0000][8398.386s][info ][gc          ] GC(123) Concurrent Mark Cycle 1660.229ms
[2025-12-02T07:39:15.018+0000][8399.366s][debug][safepoint   ] Safepoint synchronization initiated using futex wait barrier. (271 threads)
[2025-12-02T07:39:15.023+0000][8399.371s][info ][safepoint   ] Safepoint "Cleanup", Time since last: 1000353391 ns, Reaching safepoint: 4456511 ns, Cleanup: 24378 ns, At safepoint: 298280 ns, Total: 4779169 ns
[2025-12-02T07:39:16.023+0000][8400.371s][debug][safepoint   ] Safepoint synchronization initiated using futex wait barrier. (271 threads)
[2025-12-02T07:39:16.023+0000][8400.371s][info ][safepoint   ] Safepoint "Cleanup", Time since last: 1000202936 ns, Reaching safepoint: 171845 ns, Cleanup: 40739 ns, At safepoint: 4408 ns, Total: 216992 ns
[2025-12-02T07:40:19.288+0000][8463.641s][debug][safepoint   ] Safepoint synchronization initiated using futex wait barrier. (273 threads)
[2025-12-02T07:40:19.288+0000][8463.642s][info ][safepoint   ] Safepoint "Cleanup", Time since last: 63270032041 ns, Reaching safepoint: 242582 ns, Cleanup: 34377 ns, At safepoint: 5931 ns, Total: 282890 ns
[2025-12-02T07:40:45.290+0000][8489.646s][debug][safepoint   ] Safepoint synchronization initiated using futex wait barrier. (273 threads)
[2025-12-02T07:40:45.291+0000][8489.646s][info ][safepoint   ] Safepoint "Cleanup", Time since last: 26004089083 ns, Reaching safepoint: 457759 ns, Cleanup: 32844 ns, At safepoint: 39016 ns, Total: 529619 ns
[2025-12-02T07:40:46.291+0000][8490.647s][debug][safepoint   ] Safepoint synchronization initiated using futex wait barrier. (273 threads)
[2025-12-02T07:40:46.291+0000][8490.647s][info ][safepoint   ] Safepoint "Cleanup", Time since last: 1000183109 ns, Reaching safepoint: 165732 ns, Cleanup: 64155 ns, At safepoint: 8276 ns, Total: 238163 ns
[2025-12-02T07:40:50.292+0000][8494.647s][debug][safepoint   ] Safepoint synchronization initiated using futex wait barrier. (273 threads)
[2025-12-02T07:40:50.292+0000][8494.648s][info ][safepoint   ] Safepoint "Cleanup", Time since last: 4000587370 ns, Reaching safepoint: 211752 ns, Cleanup: 48650 ns, At safepoint: 7433 ns, Total: 267835 ns
[2025-12-02T07:40:51.292+0000][8495.648s][debug][safepoint   ] Safepoint synchronization initiated using futex wait barrier. (273 threads)
[2025-12-02T07:40:51.292+0000][8495.648s][info ][safepoint   ] Safepoint "Cleanup", Time since last: 1000152365 ns, Reaching safepoint: 74288 ns, Cleanup: 14817 ns, At safepoint: 2835 ns, Total: 91940 ns
[2025-12-02T07:40:52.292+0000][8496.648s][debug][safepoint   ] Safepoint synchronization initiated using futex wait barrier. (274 threads)
[2025-12-02T07:40:52.293+0000][8496.648s][info ][safepoint   ] Safepoint "Cleanup", Time since last: 1000169442 ns, Reaching safepoint: 243801 ns, Cleanup: 111516 ns, At safepoint: 51836 ns, Total: 407153 ns
[2025-12-02T07:40:53.293+0000][8497.649s][debug][safepoint   ] Safepoint synchronization initiated using futex wait barrier. (275 threads)
[2025-12-02T07:40:53.293+0000][8497.649s][info ][safepoint   ] Safepoint "Cleanup", Time since last: 1000201158 ns, Reaching safepoint: 131363 ns, Cleanup: 79917 ns, At safepoint: 3938 ns, Total: 215218 ns
[2025-12-02T07:40:54.293+0000][8498.649s][debug][safepoint   ] Safepoint synchronization initiated using futex wait barrier. (275 threads)
[2025-12-02T07:40:54.294+0000][8498.649s][info ][safepoint   ] Safepoint "Cleanup", Time since last: 1000165565 ns, Reaching safepoint: 147483 ns, Cleanup: 15148 ns, At safepoint: 4398 ns, Total: 167029 ns
[2025-12-02T07:40:55.294+0000][8499.650s][debug][safepoint   ] Safepoint synchronization initiated using futex wait barrier. (274 threads)
[2025-12-02T07:40:55.294+0000][8499.650s][info ][safepoint   ] Safepoint "Cleanup", Time since last: 1000391491 ns, Reaching safepoint: 145924 ns, Cleanup: 27453 ns, At safepoint: 4449 ns, Total: 177826 ns
[2025-12-02T07:40:59.292+0000][8503.650s][debug][safepoint   ] Safepoint synchronization initiated using futex wait barrier. (274 threads)
[2025-12-02T07:40:59.292+0000][8503.650s][info ][safepoint   ] Safepoint "Cleanup", Time since last: 4000536517 ns, Reaching safepoint: 83132 ns, Cleanup: 21892 ns, At safepoint: 5290 ns, Total: 110314 ns
[2025-12-02T07:41:02.292+0000][8506.651s][debug][safepoint   ] Safepoint synchronization initiated using futex wait barrier. (287 threads)
[2025-12-02T07:41:02.293+0000][8506.651s][info ][safepoint   ] Safepoint "Cleanup", Time since last: 3000454709 ns, Reaching safepoint: 119692 ns, Cleanup: 343466 ns, At safepoint: 12034 ns, Total: 475192 ns
[2025-12-02T07:41:03.293+0000][8507.652s][debug][safepoint   ] Safepoint synchronization initiated using futex wait barrier. (286 threads)
[2025-12-02T07:41:03.293+0000][8507.652s][info ][safepoint   ] Safepoint "Cleanup", Time since last: 1000195047 ns, Reaching safepoint: 125845 ns, Cleanup: 20970 ns, At safepoint: 3667 ns, Total: 150482 ns
[2025-12-02T07:41:05.294+0000][8509.652s][debug][safepoint   ] Safepoint synchronization initiated using futex wait barrier. (286 threads)
[2025-12-02T07:41:05.294+0000][8509.652s][info ][safepoint   ] Safepoint "Cleanup", Time since last: 2000349229 ns, Reaching safepoint: 106988 ns, Cleanup: 18976 ns, At safepoint: 4118 ns, Total: 130082 ns
[2025-12-02T07:41:12.299+0000][8516.657s][debug][safepoint   ] Safepoint synchronization initiated using futex wait barrier. (284 threads)
[2025-12-02T07:41:12.299+0000][8516.658s][info ][safepoint   ] Safepoint "Cleanup", Time since last: 7005096636 ns, Reaching safepoint: 274953 ns, Cleanup: 30890 ns, At safepoint: 6012 ns, Total: 311855 ns
[2025-12-02T07:41:55.346+0000][8559.706s][debug][safepoint   ] Safepoint synchronization initiated using futex wait barrier. (283 threads)
[2025-12-02T07:41:55.346+0000][8559.707s][info ][safepoint   ] Safepoint "Cleanup", Time since last: 43048758678 ns, Reaching safepoint: 234052 ns, Cleanup: 16062 ns, At safepoint: 6242 ns, Total: 256356 ns
[2025-12-02T07:42:31.448+0000][8595.814s][debug][safepoint   ] Safepoint synchronization initiated using futex wait barrier. (275 threads)
[2025-12-02T07:42:31.454+0000][8595.820s][info ][gc,start    ] GC(124) Pause Young (Prepare Mixed) (G1 Evacuation Pause)
[2025-12-02T07:42:31.454+0000][8595.820s][info ][gc,task     ] GC(124) Using 13 workers of 13 for evacuation
[2025-12-02T07:42:31.527+0000][8595.893s][info ][gc,phases   ] GC(124)   Pre Evacuate Collection Set: 4.7ms
[2025-12-02T07:42:31.527+0000][8595.893s][info ][gc,phases   ] GC(124)   Merge Heap Roots: 3.1ms
[2025-12-02T07:42:31.527+0000][8595.893s][info ][gc,phases   ] GC(124)   Evacuate Collection Set: 43.4ms
[2025-12-02T07:42:31.527+0000][8595.893s][info ][gc,phases   ] GC(124)   Post Evacuate Collection Set: 19.1ms
[2025-12-02T07:42:31.527+0000][8595.893s][info ][gc,phases   ] GC(124)   Other: 8.1ms
[2025-12-02T07:42:31.527+0000][8595.893s][info ][gc,heap     ] GC(124) Eden regions: 343->0(24)
[2025-12-02T07:42:31.527+0000][8595.893s][info ][gc,heap     ] GC(124) Survivor regions: 3->4(44)
[2025-12-02T07:42:31.527+0000][8595.893s][info ][gc,heap     ] GC(124) Old regions: 159->159
[2025-12-02T07:42:31.527+0000][8595.893s][info ][gc,heap     ] GC(124) Archive regions: 2->2
[2025-12-02T07:42:31.527+0000][8595.893s][info ][gc,heap     ] GC(124) Humongous regions: 23->0
[2025-12-02T07:42:31.527+0000][8595.893s][info ][gc,metaspace] GC(124) Metaspace: 204794K(206080K)->204794K(206080K) NonClass: 180219K(180864K)->180219K(180864K) Class: 24574K(25216K)->24574K(25216K)
[2025-12-02T07:42:31.528+0000][8595.894s][info ][gc          ] GC(124) Pause Young (Prepare Mixed) (G1 Evacuation Pause) 527M->163M(577M) 73.836ms
[2025-12-02T07:42:31.528+0000][8595.894s][info ][gc,cpu      ] GC(124) User=0.71s Sys=0.06s Real=0.07s
[2025-12-02T07:42:31.529+0000][8595.894s][info ][safepoint   ] Safepoint "G1CollectForAllocation", Time since last: 36106931936 ns, Reaching safepoint: 127296 ns, Cleanup: 50338 ns, At safepoint: 80724344 ns, Total: 80901978 ns
[2025-12-02T07:42:32.529+0000][8596.895s][debug][safepoint   ] Safepoint synchronization initiated using futex wait barrier. (275 threads)
[2025-12-02T07:42:32.530+0000][8596.895s][info ][safepoint   ] Safepoint "Cleanup", Time since last: 1000254539 ns, Reaching safepoint: 133368 ns, Cleanup: 257278 ns, At safepoint: 42553 ns, Total: 433199 ns
[2025-12-02T07:42:50.345+0000][8614.710s][debug][safepoint   ] Safepoint synchronization initiated using futex wait barrier. (275 threads)
[2025-12-02T07:42:50.349+0000][8614.714s][info ][gc,start    ] GC(125) Pause Young (Mixed) (G1 Evacuation Pause)
[2025-12-02T07:42:50.349+0000][8614.714s][info ][gc,task     ] GC(125) Using 13 workers of 13 for evacuation
[2025-12-02T07:42:50.548+0000][8614.914s][info ][gc,phases   ] GC(125)   Pre Evacuate Collection Set: 2.7ms
[2025-12-02T07:42:50.549+0000][8614.914s][info ][gc,phases   ] GC(125)   Merge Heap Roots: 9.6ms
[2025-12-02T07:42:50.549+0000][8614.914s][info ][gc,phases   ] GC(125)   Evacuate Collection Set: 178.1ms
[2025-12-02T07:42:50.549+0000][8614.914s][info ][gc,phases   ] GC(125)   Post Evacuate Collection Set: 8.1ms
[2025-12-02T07:42:50.549+0000][8614.914s][info ][gc,phases   ] GC(125)   Other: 4.4ms
[2025-12-02T07:42:50.549+0000][8614.914s][info ][gc,heap     ] GC(125) Eden regions: 24->0(344)
[2025-12-02T07:42:50.549+0000][8614.914s][info ][gc,heap     ] GC(125) Survivor regions: 4->2(4)
[2025-12-02T07:42:50.549+0000][8614.914s][info ][gc,heap     ] GC(125) Old regions: 159->158
[2025-12-02T07:42:50.549+0000][8614.914s][info ][gc,heap     ] GC(125) Archive regions: 2->2
[2025-12-02T07:42:50.549+0000][8614.914s][info ][gc,heap     ] GC(125) Humongous regions: 0->0
[2025-12-02T07:42:50.549+0000][8614.914s][info ][gc,metaspace] GC(125) Metaspace: 204794K(206080K)->204794K(206080K) NonClass: 180219K(180864K)->180219K(180864K) Class: 24574K(25216K)->24574K(25216K)
[2025-12-02T07:42:50.549+0000][8614.914s][info ][gc          ] GC(125) Pause Young (Mixed) (G1 Evacuation Pause) 187M->160M(577M) 200.374ms
[2025-12-02T07:42:50.549+0000][8614.915s][info ][gc,cpu      ] GC(125) User=2.16s Sys=0.06s Real=0.20s
[2025-12-02T07:42:50.551+0000][8614.916s][info ][safepoint   ] Safepoint "G1CollectForAllocation", Time since last: 17815352802 ns, Reaching safepoint: 132758 ns, Cleanup: 55478 ns, At safepoint: 205568658 ns, Total: 205756894 ns
[2025-12-02T07:44:02.555+0000][8686.927s][debug][safepoint   ] Safepoint synchronization initiated using futex wait barrier. (272 threads)
[2025-12-02T07:44:02.555+0000][8686.927s][info ][safepoint   ] Safepoint "Cleanup", Time since last: 72010727468 ns, Reaching safepoint: 201860 ns, Cleanup: 53173 ns, At safepoint: 11633 ns, Total: 266666 ns
[2025-12-02T07:44:32.557+0000][8716.931s][debug][safepoint   ] Safepoint synchronization initiated using futex wait barrier. (271 threads)
[2025-12-02T07:44:32.557+0000][8716.931s][info ][safepoint   ] Safepoint "Cleanup", Time since last: 30003786324 ns, Reaching safepoint: 196490 ns, Cleanup: 54606 ns, At safepoint: 4158 ns, Total: 255254 ns
[2025-12-02T07:44:51.560+0000][8735.934s][debug][safepoint   ] Safepoint synchronization initiated using futex wait barrier. (273 threads)
[2025-12-02T07:44:51.560+0000][8735.934s][info ][safepoint   ] Safepoint "Cleanup", Time since last: 19002428414 ns, Reaching safepoint: 432311 ns, Cleanup: 50537 ns, At safepoint: 83040 ns, Total: 565888 ns
[2025-12-02T07:44:52.561+0000][8736.935s][debug][safepoint   ] Safepoint synchronization initiated using futex wait barrier. (279 threads)
[2025-12-02T07:44:52.884+0000][8737.258s][info ][safepoint   ] Safepoint "Cleanup", Time since last: 1000259766 ns, Reaching safepoint: 321059897 ns, Cleanup: 166170 ns, At safepoint: 1960421 ns, Total: 323186488 ns
[2025-12-02T07:44:53.890+0000][8738.264s][debug][safepoint   ] Safepoint synchronization initiated using futex wait barrier. (284 threads)
[2025-12-02T07:44:53.890+0000][8738.264s][info ][safepoint   ] Safepoint "Cleanup", Time since last: 1006341998 ns, Reaching safepoint: 82969 ns, Cleanup: 118879 ns, At safepoint: 7104 ns, Total: 208952 ns
[2025-12-02T07:44:54.890+0000][8739.264s][debug][safepoint   ] Safepoint synchronization initiated using futex wait barrier. (283 threads)
[2025-12-02T07:44:54.891+0000][8739.265s][info ][safepoint   ] Safepoint "Cleanup", Time since last: 1000145492 ns, Reaching safepoint: 139649 ns, Cleanup: 20840 ns, At safepoint: 5160 ns, Total: 165649 ns
[2025-12-02T07:45:22.892+0000][8767.268s][debug][safepoint   ] Safepoint synchronization initiated using futex wait barrier. (283 threads)
[2025-12-02T07:45:22.892+0000][8767.268s][info ][safepoint   ] Safepoint "Cleanup", Time since last: 28003566119 ns, Reaching safepoint: 178314 ns, Cleanup: 15029 ns, At safepoint: 5611 ns, Total: 198954 ns
[2025-12-02T07:45:51.894+0000][8796.272s][debug][safepoint   ] Safepoint synchronization initiated using futex wait barrier. (283 threads)
[2025-12-02T07:45:51.894+0000][8796.272s][info ][safepoint   ] Safepoint "Cleanup", Time since last: 29003900140 ns, Reaching safepoint: 150391 ns, Cleanup: 30419 ns, At safepoint: 3998 ns, Total: 184808 ns
[2025-12-02T07:46:12.895+0000][8817.275s][debug][safepoint   ] Safepoint synchronization initiated using futex wait barrier. (287 threads)
[2025-12-02T07:46:12.895+0000][8817.276s][info ][safepoint   ] Safepoint "Cleanup", Time since last: 21002897868 ns, Reaching safepoint: 145932 ns, Cleanup: 69294 ns, At safepoint: 50849 ns, Total: 266075 ns
[2025-12-02T07:46:29.494+0000][8833.877s][debug][safepoint   ] Safepoint synchronization initiated using futex wait barrier. (286 threads)
[2025-12-02T07:46:29.494+0000][8833.877s][info ][safepoint   ] Safepoint "Cleanup", Time since last: 16601084027 ns, Reaching safepoint: 184304 ns, Cleanup: 28545 ns, At safepoint: 4929 ns, Total: 217778 ns
[2025-12-02T07:46:32.494+0000][8836.877s][debug][safepoint   ] Safepoint synchronization initiated using futex wait barrier. (287 threads)
[2025-12-02T07:46:32.495+0000][8836.877s][info ][safepoint   ] Safepoint "Cleanup", Time since last: 3000411191 ns, Reaching safepoint: 99231 ns, Cleanup: 35488 ns, At safepoint: 3156 ns, Total: 137875 ns
[2025-12-02T07:46:33.495+0000][8837.878s][debug][safepoint   ] Safepoint synchronization initiated using futex wait barrier. (287 threads)
[2025-12-02T07:46:33.495+0000][8837.878s][info ][safepoint   ] Safepoint "Cleanup", Time since last: 1000164903 ns, Reaching safepoint: 142083 ns, Cleanup: 137655 ns, At safepoint: 7093 ns, Total: 286831 ns
[2025-12-02T07:46:36.495+0000][8840.878s][debug][safepoint   ] Safepoint synchronization initiated using futex wait barrier. (285 threads)
[2025-12-02T07:46:36.496+0000][8840.878s][info ][safepoint   ] Safepoint "Cleanup", Time since last: 3000395155 ns, Reaching safepoint: 149880 ns, Cleanup: 29858 ns, At safepoint: 5441 ns, Total: 185179 ns
[2025-12-02T07:46:58.497+0000][8862.883s][debug][safepoint   ] Safepoint synchronization initiated using futex wait barrier. (282 threads)
[2025-12-02T07:46:58.498+0000][8862.883s][info ][safepoint   ] Safepoint "Cleanup", Time since last: 22004096141 ns, Reaching safepoint: 395477 ns, Cleanup: 21501 ns, At safepoint: 69553 ns, Total: 486531 ns
[2025-12-02T07:47:12.527+0000][8876.913s][debug][safepoint   ] Safepoint synchronization initiated using futex wait barrier. (281 threads)
[2025-12-02T07:47:12.529+0000][8876.914s][info ][gc,start    ] GC(126) Pause Young (Concurrent Start) (G1 Evacuation Pause)
[2025-12-02T07:47:12.529+0000][8876.914s][info ][gc,task     ] GC(126) Using 13 workers of 13 for evacuation
[2025-12-02T07:47:12.645+0000][8877.030s][info ][gc,phases   ] GC(126)   Pre Evacuate Collection Set: 15.6ms
[2025-12-02T07:47:12.645+0000][8877.031s][info ][gc,phases   ] GC(126)   Merge Heap Roots: 2.1ms
[2025-12-02T07:47:12.645+0000][8877.031s][info ][gc,phases   ] GC(126)   Evacuate Collection Set: 74.2ms
[2025-12-02T07:47:12.645+0000][8877.031s][info ][gc,phases   ] GC(126)   Post Evacuate Collection Set: 17.2ms
[2025-12-02T07:47:12.645+0000][8877.031s][info ][gc,phases   ] GC(126)   Other: 7.6ms
[2025-12-02T07:47:12.645+0000][8877.031s][info ][gc,heap     ] GC(126) Eden regions: 344->0(342)
[2025-12-02T07:47:12.645+0000][8877.031s][info ][gc,heap     ] GC(126) Survivor regions: 2->4(44)
[2025-12-02T07:47:12.645+0000][8877.031s][info ][gc,heap     ] GC(126) Old regions: 158->158
[2025-12-02T07:47:12.646+0000][8877.031s][info ][gc,heap     ] GC(126) Archive regions: 2->2
[2025-12-02T07:47:12.646+0000][8877.031s][info ][gc,heap     ] GC(126) Humongous regions: 0->0
[2025-12-02T07:47:12.646+0000][8877.031s][info ][gc,metaspace] GC(126) Metaspace: 205937K(207296K)->205937K(207296K) NonClass: 181245K(181952K)->181245K(181952K) Class: 24691K(25344K)->24691K(25344K)
[2025-12-02T07:47:12.646+0000][8877.031s][info ][gc          ] GC(126) Pause Young (Concurrent Start) (G1 Evacuation Pause) 504M->161M(577M) 116.940ms
[2025-12-02T07:47:12.646+0000][8877.031s][info ][gc,cpu      ] GC(126) User=0.71s Sys=0.05s Real=0.12s
[2025-12-02T07:47:12.647+0000][8877.032s][info ][gc          ] GC(127) Concurrent Mark Cycle
[2025-12-02T07:47:12.647+0000][8877.033s][info ][safepoint   ] Safepoint "G1CollectForAllocation", Time since last: 14029496163 ns, Reaching safepoint: 240956 ns, Cleanup: 69424 ns, At safepoint: 119779729 ns, Total: 120090109 ns
[2025-12-02T07:47:12.648+0000][8877.033s][info ][gc,marking  ] GC(127) Concurrent Clear Claimed Marks
[2025-12-02T07:47:12.648+0000][8877.034s][info ][gc,marking  ] GC(127) Concurrent Clear Claimed Marks 0.851ms
[2025-12-02T07:47:12.648+0000][8877.034s][info ][gc,marking  ] GC(127) Concurrent Scan Root Regions
[2025-12-02T07:47:12.841+0000][8877.226s][info ][gc,marking  ] GC(127) Concurrent Scan Root Regions 192.084ms
[2025-12-02T07:47:12.841+0000][8877.226s][info ][gc,marking  ] GC(127) Concurrent Mark
[2025-12-02T07:47:12.841+0000][8877.226s][info ][gc,marking  ] GC(127) Concurrent Mark From Roots
[2025-12-02T07:47:12.841+0000][8877.226s][info ][gc,task     ] GC(127) Using 3 workers of 3 for marking
[2025-12-02T07:47:13.358+0000][8877.743s][info ][gc,marking  ] GC(127) Concurrent Mark From Roots 517.152ms
[2025-12-02T07:47:13.358+0000][8877.743s][info ][gc,marking  ] GC(127) Concurrent Preclean
[2025-12-02T07:47:13.359+0000][8877.744s][info ][gc,marking  ] GC(127) Concurrent Preclean 0.685ms
[2025-12-02T07:47:13.359+0000][8877.744s][debug][safepoint   ] Safepoint synchronization initiated using futex wait barrier. (281 threads)
[2025-12-02T07:47:13.359+0000][8877.744s][info ][gc,start    ] GC(127) Pause Remark
[2025-12-02T07:47:13.427+0000][8877.812s][info ][gc          ] GC(127) Pause Remark 168M->168M(570M) 67.999ms
[2025-12-02T07:47:13.427+0000][8877.812s][info ][gc,cpu      ] GC(127) User=0.83s Sys=0.00s Real=0.07s
[2025-12-02T07:47:13.429+0000][8877.814s][info ][safepoint   ] Safepoint "G1PauseRemark", Time since last: 711252981 ns, Reaching safepoint: 41440 ns, Cleanup: 30329 ns, At safepoint: 69926243 ns, Total: 69998012 ns
[2025-12-02T07:47:13.429+0000][8877.814s][info ][gc,marking  ] GC(127) Concurrent Mark 588.134ms
[2025-12-02T07:47:13.429+0000][8877.814s][info ][gc,marking  ] GC(127) Concurrent Rebuild Remembered Sets
[2025-12-02T07:47:13.510+0000][8877.896s][info ][gc,marking  ] GC(127) Concurrent Rebuild Remembered Sets 81.608ms
[2025-12-02T07:47:13.511+0000][8877.896s][debug][safepoint   ] Safepoint synchronization initiated using futex wait barrier. (281 threads)
[2025-12-02T07:47:13.511+0000][8877.896s][info ][gc,start    ] GC(127) Pause Cleanup
[2025-12-02T07:47:13.511+0000][8877.896s][info ][gc          ] GC(127) Pause Cleanup 168M->168M(570M) 0.402ms
[2025-12-02T07:47:13.511+0000][8877.896s][info ][gc,cpu      ] GC(127) User=0.00s Sys=0.00s Real=0.00s
[2025-12-02T07:47:13.511+0000][8877.896s][info ][safepoint   ] Safepoint "G1PauseCleanup", Time since last: 81877328 ns, Reaching safepoint: 44125 ns, Cleanup: 3116 ns, At safepoint: 540936 ns, Total: 588177 ns
[2025-12-02T07:47:13.511+0000][8877.896s][info ][gc,marking  ] GC(127) Concurrent Cleanup for Next Mark
[2025-12-02T07:47:13.540+0000][8877.925s][info ][gc,marking  ] GC(127) Concurrent Cleanup for Next Mark 29.050ms
[2025-12-02T07:47:13.540+0000][8877.926s][info ][gc          ] GC(127) Concurrent Mark Cycle 893.119ms
[2025-12-02T07:47:22.531+0000][8886.916s][debug][safepoint   ] Safepoint synchronization initiated using futex wait barrier. (283 threads)
[2025-12-02T07:47:22.531+0000][8886.916s][info ][safepoint   ] Safepoint "Cleanup", Time since last: 9019782899 ns, Reaching safepoint: 173525 ns, Cleanup: 32683 ns, At safepoint: 5381 ns, Total: 211589 ns
[2025-12-02T07:47:50.533+0000][8914.920s][debug][safepoint   ] Safepoint synchronization initiated using futex wait barrier. (284 threads)
[2025-12-02T07:47:50.534+0000][8914.921s][info ][safepoint   ] Safepoint "Cleanup", Time since last: 28003851650 ns, Reaching safepoint: 195136 ns, Cleanup: 52832 ns, At safepoint: 58533 ns, Total: 306501 ns
[2025-12-02T07:47:51.534+0000][8915.921s][debug][safepoint   ] Safepoint synchronization initiated using futex wait barrier. (284 threads)
[2025-12-02T07:47:51.534+0000][8915.921s][info ][safepoint   ] Safepoint "Cleanup", Time since last: 1000147186 ns, Reaching safepoint: 135972 ns, Cleanup: 39376 ns, At safepoint: 3617 ns, Total: 178965 ns
[2025-12-02T07:47:52.534+0000][8916.921s][debug][safepoint   ] Safepoint synchronization initiated using futex wait barrier. (286 threads)
[2025-12-02T07:47:52.534+0000][8916.921s][info ][safepoint   ] Safepoint "Cleanup", Time since last: 1000140633 ns, Reaching safepoint: 199013 ns, Cleanup: 30930 ns, At safepoint: 5461 ns, Total: 235404 ns
[2025-12-02T07:47:54.535+0000][8918.922s][debug][safepoint   ] Safepoint synchronization initiated using futex wait barrier. (285 threads)
[2025-12-02T07:47:54.535+0000][8918.922s][info ][safepoint   ] Safepoint "Cleanup", Time since last: 2000322748 ns, Reaching safepoint: 94097 ns, Cleanup: 21070 ns, At safepoint: 3977 ns, Total: 119144 ns
[2025-12-02T07:47:57.533+0000][8921.922s][debug][safepoint   ] Safepoint synchronization initiated using futex wait barrier. (283 threads)
[2025-12-02T07:47:57.533+0000][8921.922s][info ][safepoint   ] Safepoint "Cleanup", Time since last: 3000376901 ns, Reaching safepoint: 116600 ns, Cleanup: 14577 ns, At safepoint: 2846 ns, Total: 134023 ns
[2025-12-02T07:47:59.533+0000][8923.922s][debug][safepoint   ] Safepoint synchronization initiated using futex wait barrier. (284 threads)
[2025-12-02T07:47:59.534+0000][8923.923s][info ][safepoint   ] Safepoint "Cleanup", Time since last: 2000289282 ns, Reaching safepoint: 150644 ns, Cleanup: 22873 ns, At safepoint: 4839 ns, Total: 178356 ns
[2025-12-02T07:48:02.534+0000][8926.923s][debug][safepoint   ] Safepoint synchronization initiated using futex wait barrier. (284 threads)
[2025-12-02T07:48:02.534+0000][8926.923s][info ][safepoint   ] Safepoint "Cleanup", Time since last: 3000582120 ns, Reaching safepoint: 121577 ns, Cleanup: 88101 ns, At safepoint: 18907 ns, Total: 228585 ns
[2025-12-02T07:48:03.535+0000][8927.924s][debug][safepoint   ] Safepoint synchronization initiated using futex wait barrier. (284 threads)
[2025-12-02T07:48:03.535+0000][8927.924s][info ][safepoint   ] Safepoint "Cleanup", Time since last: 1000179917 ns, Reaching safepoint: 152246 ns, Cleanup: 80978 ns, At safepoint: 40198 ns, Total: 273422 ns
[2025-12-02T07:48:05.535+0000][8929.924s][debug][safepoint   ] Safepoint synchronization initiated using futex wait barrier. (283 threads)
[2025-12-02T07:48:05.535+0000][8929.924s][info ][safepoint   ] Safepoint "Cleanup", Time since last: 2000318082 ns, Reaching safepoint: 96328 ns, Cleanup: 27303 ns, At safepoint: 3547 ns, Total: 127178 ns
[2025-12-02T07:48:07.536+0000][8931.925s][debug][safepoint   ] Safepoint synchronization initiated using futex wait barrier. (283 threads)
[2025-12-02T07:48:07.536+0000][8931.925s][info ][safepoint   ] Safepoint "Cleanup", Time since last: 2000327088 ns, Reaching safepoint: 145583 ns, Cleanup: 16001 ns, At safepoint: 3737 ns, Total: 165321 ns
[2025-12-02T07:48:09.536+0000][8933.925s][debug][safepoint   ] Safepoint synchronization initiated using futex wait barrier. (283 threads)
[2025-12-02T07:48:09.536+0000][8933.925s][info ][safepoint   ] Safepoint "Cleanup", Time since last: 2000375658 ns, Reaching safepoint: 108381 ns, Cleanup: 33064 ns, At safepoint: 6313 ns, Total: 147758 ns
[2025-12-02T07:48:11.537+0000][8935.926s][debug][safepoint   ] Safepoint synchronization initiated using futex wait barrier. (283 threads)
[2025-12-02T07:48:11.537+0000][8935.926s][info ][safepoint   ] Safepoint "Cleanup", Time since last: 2000396988 ns, Reaching safepoint: 343134 ns, Cleanup: 43955 ns, At safepoint: 7044 ns, Total: 394133 ns
[2025-12-02T07:48:13.537+0000][8937.926s][debug][safepoint   ] Safepoint synchronization initiated using futex wait barrier. (284 threads)
[2025-12-02T07:48:13.537+0000][8937.927s][info ][safepoint   ] Safepoint "Cleanup", Time since last: 2000272562 ns, Reaching safepoint: 130833 ns, Cleanup: 13887 ns, At safepoint: 3617 ns, Total: 148337 ns
[2025-12-02T07:48:14.538+0000][8938.927s][debug][safepoint   ] Safepoint synchronization initiated using futex wait barrier. (284 threads)
[2025-12-02T07:48:14.538+0000][8938.927s][info ][safepoint   ] Safepoint "Cleanup", Time since last: 1000153987 ns, Reaching safepoint: 98991 ns, Cleanup: 17193 ns, At safepoint: 4179 ns, Total: 120363 ns
[2025-12-02T07:48:19.538+0000][8943.927s][debug][safepoint   ] Safepoint synchronization initiated using futex wait barrier. (283 threads)
[2025-12-02T07:48:19.539+0000][8943.928s][info ][safepoint   ] Safepoint "Cleanup", Time since last: 5000650042 ns, Reaching safepoint: 272745 ns, Cleanup: 40438 ns, At safepoint: 6142 ns, Total: 319325 ns
[2025-12-02T07:48:21.539+0000][8945.928s][debug][safepoint   ] Safepoint synchronization initiated using futex wait barrier. (283 threads)
[2025-12-02T07:48:21.539+0000][8945.928s][info ][safepoint   ] Safepoint "Cleanup", Time since last: 2000292293 ns, Reaching safepoint: 136432 ns, Cleanup: 44185 ns, At safepoint: 6804 ns, Total: 187421 ns
[2025-12-02T07:48:23.565+0000][8947.954s][debug][safepoint   ] Safepoint synchronization initiated using futex wait barrier. (284 threads)
[2025-12-02T07:48:23.566+0000][8947.955s][info ][safepoint   ] Safepoint "Cleanup", Time since last: 2025475654 ns, Reaching safepoint: 589474 ns, Cleanup: 24057 ns, At safepoint: 227297 ns, Total: 840828 ns
[2025-12-02T07:48:31.565+0000][8955.956s][debug][safepoint   ] Safepoint synchronization initiated using futex wait barrier. (283 threads)
[2025-12-02T07:48:31.565+0000][8955.956s][info ][safepoint   ] Safepoint "Cleanup", Time since last: 8001217171 ns, Reaching safepoint: 202711 ns, Cleanup: 25910 ns, At safepoint: 5701 ns, Total: 234322 ns
[2025-12-02T07:48:32.565+0000][8956.956s][debug][safepoint   ] Safepoint synchronization initiated using futex wait barrier. (284 threads)
[2025-12-02T07:48:32.565+0000][8956.956s][info ][safepoint   ] Safepoint "Cleanup", Time since last: 1000154546 ns, Reaching safepoint: 79343 ns, Cleanup: 16371 ns, At safepoint: 3216 ns, Total: 98930 ns
[2025-12-02T07:48:34.565+0000][8958.957s][debug][safepoint   ] Safepoint synchronization initiated using futex wait barrier. (284 threads)
[2025-12-02T07:48:34.566+0000][8958.957s][info ][safepoint   ] Safepoint "Cleanup", Time since last: 2000223964 ns, Reaching safepoint: 87533 ns, Cleanup: 18586 ns, At safepoint: 3597 ns, Total: 109716 ns
[2025-12-02T07:48:35.566+0000][8959.957s][debug][safepoint   ] Safepoint synchronization initiated using futex wait barrier. (285 threads)
[2025-12-02T07:48:35.566+0000][8959.957s][info ][safepoint   ] Safepoint "Cleanup", Time since last: 1000183355 ns, Reaching safepoint: 97222 ns, Cleanup: 18205 ns, At safepoint: 4169 ns, Total: 119596 ns
[2025-12-02T07:48:38.566+0000][8962.957s][debug][safepoint   ] Safepoint synchronization initiated using futex wait barrier. (283 threads)
[2025-12-02T07:48:38.566+0000][8962.958s][info ][safepoint   ] Safepoint "Cleanup", Time since last: 3000405101 ns, Reaching safepoint: 129866 ns, Cleanup: 47804 ns, At safepoint: 6874 ns, Total: 184544 ns
[2025-12-02T07:48:39.567+0000][8963.958s][debug][safepoint   ] Safepoint synchronization initiated using futex wait barrier. (284 threads)
[2025-12-02T07:48:39.567+0000][8963.958s][info ][safepoint   ] Safepoint "Cleanup", Time since last: 1000140575 ns, Reaching safepoint: 79697 ns, Cleanup: 20711 ns, At safepoint: 3837 ns, Total: 104245 ns
[2025-12-02T07:48:41.567+0000][8965.958s][debug][safepoint   ] Safepoint synchronization initiated using futex wait barrier. (286 threads)
[2025-12-02T07:48:41.567+0000][8965.958s][info ][safepoint   ] Safepoint "Cleanup", Time since last: 2000252323 ns, Reaching safepoint: 87098 ns, Cleanup: 17554 ns, At safepoint: 3366 ns, Total: 108018 ns
[2025-12-02T07:48:44.568+0000][8968.959s][debug][safepoint   ] Safepoint synchronization initiated using futex wait barrier. (285 threads)
[2025-12-02T07:48:44.568+0000][8968.959s][info ][safepoint   ] Safepoint "Cleanup", Time since last: 3000853971 ns, Reaching safepoint: 107347 ns, Cleanup: 15670 ns, At safepoint: 3587 ns, Total: 126604 ns
[2025-12-02T07:48:45.568+0000][8969.959s][debug][safepoint   ] Safepoint synchronization initiated using futex wait barrier. (285 threads)
[2025-12-02T07:48:45.568+0000][8969.959s][info ][safepoint   ] Safepoint "Cleanup", Time since last: 1000167692 ns, Reaching safepoint: 138838 ns, Cleanup: 32653 ns, At safepoint: 4409 ns, Total: 175900 ns
[2025-12-02T07:48:51.569+0000][8975.960s][debug][safepoint   ] Safepoint synchronization initiated using futex wait barrier. (283 threads)
[2025-12-02T07:48:51.569+0000][8975.961s][info ][safepoint   ] Safepoint "Cleanup", Time since last: 6000852199 ns, Reaching safepoint: 111401 ns, Cleanup: 93377 ns, At safepoint: 10390 ns, Total: 215168 ns
[2025-12-02T07:48:52.570+0000][8976.961s][debug][safepoint   ] Safepoint synchronization initiated using futex wait barrier. (283 threads)
[2025-12-02T07:48:52.570+0000][8976.961s][info ][safepoint   ] Safepoint "Cleanup", Time since last: 1000146557 ns, Reaching safepoint: 93627 ns, Cleanup: 62158 ns, At safepoint: 6723 ns, Total: 162508 ns
[2025-12-02T07:48:53.570+0000][8977.961s][debug][safepoint   ] Safepoint synchronization initiated using futex wait barrier. (283 threads)
[2025-12-02T07:48:53.570+0000][8977.961s][info ][safepoint   ] Safepoint "Cleanup", Time since last: 1000177191 ns, Reaching safepoint: 241237 ns, Cleanup: 27763 ns, At safepoint: 8546 ns, Total: 277546 ns
[2025-12-02T07:48:54.570+0000][8978.961s][debug][safepoint   ] Safepoint synchronization initiated using futex wait barrier. (283 threads)
[2025-12-02T07:48:54.573+0000][8978.964s][info ][safepoint   ] Safepoint "Cleanup", Time since last: 1000176890 ns, Reaching safepoint: 2383419 ns, Cleanup: 14167 ns, At safepoint: 553880 ns, Total: 2951466 ns
[2025-12-02T07:48:57.571+0000][8981.965s][debug][safepoint   ] Safepoint synchronization initiated using futex wait barrier. (283 threads)
[2025-12-02T07:48:57.571+0000][8981.965s][info ][safepoint   ] Safepoint "Cleanup", Time since last: 3000466656 ns, Reaching safepoint: 95154 ns, Cleanup: 14538 ns, At safepoint: 4008 ns, Total: 113700 ns
[2025-12-02T07:49:00.572+0000][8984.965s][debug][safepoint   ] Safepoint synchronization initiated using futex wait barrier. (283 threads)
[2025-12-02T07:49:00.572+0000][8984.966s][info ][safepoint   ] Safepoint "Cleanup", Time since last: 3000476564 ns, Reaching safepoint: 142295 ns, Cleanup: 22313 ns, At safepoint: 5470 ns, Total: 170078 ns
[2025-12-02T07:49:01.788+0000][8986.181s][debug][safepoint   ] Safepoint synchronization initiated using futex wait barrier. (283 threads)
[2025-12-02T07:49:01.788+0000][8986.182s][info ][safepoint   ] Safepoint "Cleanup", Time since last: 1215654536 ns, Reaching safepoint: 85855 ns, Cleanup: 147976 ns, At safepoint: 11101 ns, Total: 244932 ns
[2025-12-02T07:49:13.790+0000][8998.183s][debug][safepoint   ] Safepoint synchronization initiated using futex wait barrier. (283 threads)
[2025-12-02T07:49:13.790+0000][8998.183s][info ][safepoint   ] Safepoint "Cleanup", Time since last: 12001665925 ns, Reaching safepoint: 221597 ns, Cleanup: 16242 ns, At safepoint: 4669 ns, Total: 242508 ns
[2025-12-02T07:49:29.598+0000][9013.993s][debug][safepoint   ] Safepoint synchronization initiated using futex wait barrier. (284 threads)
[2025-12-02T07:49:29.598+0000][9013.994s][info ][safepoint   ] Safepoint "Cleanup", Time since last: 15809875366 ns, Reaching safepoint: 236035 ns, Cleanup: 16512 ns, At safepoint: 4048 ns, Total: 256595 ns
[2025-12-02T07:49:48.601+0000][9032.996s][debug][safepoint   ] Safepoint synchronization initiated using futex wait barrier. (284 threads)
[2025-12-02T07:49:48.601+0000][9032.997s][info ][safepoint   ] Safepoint "Cleanup", Time since last: 19002705677 ns, Reaching safepoint: 204765 ns, Cleanup: 33345 ns, At safepoint: 4529 ns, Total: 242639 ns
[2025-12-02T07:49:49.601+0000][9033.997s][debug][safepoint   ] Safepoint synchronization initiated using futex wait barrier. (286 threads)
[2025-12-02T07:49:49.602+0000][9033.997s][info ][safepoint   ] Safepoint "Cleanup", Time since last: 1000195840 ns, Reaching safepoint: 143417 ns, Cleanup: 40348 ns, At safepoint: 5270 ns, Total: 189035 ns
[2025-12-02T07:49:52.602+0000][9036.998s][debug][safepoint   ] Safepoint synchronization initiated using futex wait barrier. (284 threads)
[2025-12-02T07:49:52.603+0000][9036.998s][info ][safepoint   ] Safepoint "Cleanup", Time since last: 3000645488 ns, Reaching safepoint: 327171 ns, Cleanup: 30680 ns, At safepoint: 7354 ns, Total: 365205 ns
[2025-12-02T07:50:02.603+0000][9047.000s][debug][safepoint   ] Safepoint synchronization initiated using futex wait barrier. (284 threads)
[2025-12-02T07:50:02.603+0000][9047.000s][info ][safepoint   ] Safepoint "Cleanup", Time since last: 10001890304 ns, Reaching safepoint: 105905 ns, Cleanup: 17694 ns, At safepoint: 3777 ns, Total: 127376 ns
[2025-12-02T07:50:03.603+0000][9048.000s][debug][safepoint   ] Safepoint synchronization initiated using futex wait barrier. (284 threads)
[2025-12-02T07:50:03.603+0000][9048.000s][info ][safepoint   ] Safepoint "Cleanup", Time since last: 1000154930 ns, Reaching safepoint: 79594 ns, Cleanup: 13296 ns, At safepoint: 3045 ns, Total: 95935 ns
[2025-12-02T07:50:08.983+0000][9053.381s][debug][safepoint   ] Safepoint synchronization initiated using futex wait barrier. (284 threads)
[2025-12-02T07:50:08.984+0000][9053.381s][debug][safepoint   ] ... found polling page loop exception at pc = 0x0000701419290da2, stub =0x0000701418a04400
[2025-12-02T07:50:08.988+0000][9053.386s][info ][gc,start    ] GC(128) Pause Young (Prepare Mixed) (G1 Evacuation Pause)
[2025-12-02T07:50:08.988+0000][9053.386s][info ][gc,task     ] GC(128) Using 13 workers of 13 for evacuation
[2025-12-02T07:50:09.040+0000][9053.437s][info ][gc,phases   ] GC(128)   Pre Evacuate Collection Set: 3.0ms
[2025-12-02T07:50:09.040+0000][9053.437s][info ][gc,phases   ] GC(128)   Merge Heap Roots: 2.2ms
[2025-12-02T07:50:09.040+0000][9053.437s][info ][gc,phases   ] GC(128)   Evacuate Collection Set: 33.6ms
[2025-12-02T07:50:09.040+0000][9053.437s][info ][gc,phases   ] GC(128)   Post Evacuate Collection Set: 11.0ms
[2025-12-02T07:50:09.040+0000][9053.437s][info ][gc,phases   ] GC(128)   Other: 5.6ms
[2025-12-02T07:50:09.040+0000][9053.437s][info ][gc,heap     ] GC(128) Eden regions: 338->0(23)
[2025-12-02T07:50:09.040+0000][9053.437s][info ][gc,heap     ] GC(128) Survivor regions: 4->5(43)
[2025-12-02T07:50:09.040+0000][9053.437s][info ][gc,heap     ] GC(128) Old regions: 158->158
[2025-12-02T07:50:09.040+0000][9053.437s][info ][gc,heap     ] GC(128) Archive regions: 2->2
[2025-12-02T07:50:09.040+0000][9053.437s][info ][gc,heap     ] GC(128) Humongous regions: 0->0
[2025-12-02T07:50:09.040+0000][9053.437s][info ][gc,metaspace] GC(128) Metaspace: 206552K(208000K)->206552K(208000K) NonClass: 181823K(182592K)->181823K(182592K) Class: 24729K(25408K)->24729K(25408K)
[2025-12-02T07:50:09.041+0000][9053.438s][info ][gc          ] GC(128) Pause Young (Prepare Mixed) (G1 Evacuation Pause) 499M->163M(570M) 52.212ms
[2025-12-02T07:50:09.041+0000][9053.438s][info ][gc,cpu      ] GC(128) User=0.57s Sys=0.00s Real=0.06s
[2025-12-02T07:50:09.042+0000][9053.439s][info ][safepoint   ] Safepoint "G1CollectForAllocation", Time since last: 5380430250 ns, Reaching safepoint: 616079 ns, Cleanup: 72129 ns, At safepoint: 57926306 ns, Total: 58614514 ns
[2025-12-02T07:50:11.042+0000][9055.440s][debug][safepoint   ] Safepoint synchronization initiated using futex wait barrier. (284 threads)
[2025-12-02T07:50:11.043+0000][9055.440s][info ][safepoint   ] Safepoint "Cleanup", Time since last: 2000321691 ns, Reaching safepoint: 93931 ns, Cleanup: 46490 ns, At safepoint: 4549 ns, Total: 144970 ns
[2025-12-02T07:50:12.743+0000][9057.140s][debug][safepoint   ] Safepoint synchronization initiated using futex wait barrier. (284 threads)
[2025-12-02T07:50:12.862+0000][9057.259s][info ][gc,start    ] GC(129) Pause Young (Mixed) (G1 Evacuation Pause)
[2025-12-02T07:50:12.862+0000][9057.259s][info ][gc,task     ] GC(129) Using 13 workers of 13 for evacuation
[2025-12-02T07:50:13.099+0000][9057.497s][info ][gc,phases   ] GC(129)   Pre Evacuate Collection Set: 0.6ms
[2025-12-02T07:50:13.100+0000][9057.497s][info ][gc,phases   ] GC(129)   Merge Heap Roots: 2.4ms
[2025-12-02T07:50:13.100+0000][9057.497s][info ][gc,phases   ] GC(129)   Evacuate Collection Set: 225.7ms
[2025-12-02T07:50:13.100+0000][9057.497s][info ][gc,phases   ] GC(129)   Post Evacuate Collection Set: 8.6ms
[2025-12-02T07:50:13.100+0000][9057.497s][info ][gc,phases   ] GC(129)   Other: 0.3ms
[2025-12-02T07:50:13.100+0000][9057.497s][info ][gc,heap     ] GC(129) Eden regions: 23->0(337)
[2025-12-02T07:50:13.100+0000][9057.497s][info ][gc,heap     ] GC(129) Survivor regions: 5->3(4)
[2025-12-02T07:50:13.100+0000][9057.497s][info ][gc,heap     ] GC(129) Old regions: 158->160
[2025-12-02T07:50:13.100+0000][9057.497s][info ][gc,heap     ] GC(129) Archive regions: 2->2
[2025-12-02T07:50:13.100+0000][9057.497s][info ][gc,heap     ] GC(129) Humongous regions: 4->4
[2025-12-02T07:50:13.100+0000][9057.497s][info ][gc,metaspace] GC(129) Metaspace: 206553K(208000K)->206553K(208000K) NonClass: 181824K(182592K)->181824K(182592K) Class: 24729K(25408K)->24729K(25408K)
[2025-12-02T07:50:13.100+0000][9057.497s][info ][gc          ] GC(129) Pause Young (Mixed) (G1 Evacuation Pause) 190M->166M(570M) 237.836ms
[2025-12-02T07:50:13.100+0000][9057.497s][info ][gc,cpu      ] GC(129) User=2.87s Sys=0.00s Real=0.23s
[2025-12-02T07:50:13.102+0000][9057.499s][info ][safepoint   ] Safepoint "G1CollectForAllocation", Time since last: 1700399991 ns, Reaching safepoint: 118857470 ns, Cleanup: 43254 ns, At safepoint: 240282239 ns, Total: 359182963 ns
[2025-12-02T07:50:13.123+0000][9057.520s][debug][safepoint   ] Safepoint synchronization initiated using futex wait barrier. (284 threads)
[2025-12-02T07:50:13.123+0000][9057.520s][info ][gc,start    ] GC(130) Pause Young (Concurrent Start) (G1 Humongous Allocation)
[2025-12-02T07:50:13.123+0000][9057.520s][info ][gc,task     ] GC(130) Using 13 workers of 13 for evacuation
[2025-12-02T07:50:13.148+0000][9057.545s][info ][gc,phases   ] GC(130)   Pre Evacuate Collection Set: 0.8ms
[2025-12-02T07:50:13.148+0000][9057.545s][info ][gc,phases   ] GC(130)   Merge Heap Roots: 0.4ms
[2025-12-02T07:50:13.148+0000][9057.545s][info ][gc,phases   ] GC(130)   Evacuate Collection Set: 16.2ms
[2025-12-02T07:50:13.148+0000][9057.545s][info ][gc,phases   ] GC(130)   Post Evacuate Collection Set: 1.9ms
[2025-12-02T07:50:13.148+0000][9057.545s][info ][gc,phases   ] GC(130)   Other: 5.6ms
[2025-12-02T07:50:13.148+0000][9057.545s][info ][gc,heap     ] GC(130) Eden regions: 8->0(336)
[2025-12-02T07:50:13.148+0000][9057.545s][info ][gc,heap     ] GC(130) Survivor regions: 3->3(43)
[2025-12-02T07:50:13.148+0000][9057.545s][info ][gc,heap     ] GC(130) Old regions: 160->160
[2025-12-02T07:50:13.148+0000][9057.545s][info ][gc,heap     ] GC(130) Archive regions: 2->2
[2025-12-02T07:50:13.148+0000][9057.545s][info ][gc,heap     ] GC(130) Humongous regions: 4->4
[2025-12-02T07:50:13.148+0000][9057.545s][info ][gc,metaspace] GC(130) Metaspace: 206553K(208000K)->206553K(208000K) NonClass: 181824K(182592K)->181824K(182592K) Class: 24729K(25408K)->24729K(25408K)
[2025-12-02T07:50:13.148+0000][9057.545s][info ][gc          ] GC(130) Pause Young (Concurrent Start) (G1 Humongous Allocation) 174M->166M(570M) 25.329ms
[2025-12-02T07:50:13.148+0000][9057.545s][info ][gc,cpu      ] GC(130) User=0.09s Sys=0.00s Real=0.02s
[2025-12-02T07:50:13.149+0000][9057.546s][info ][gc          ] GC(131) Concurrent Mark Cycle
[2025-12-02T07:50:13.149+0000][9057.546s][info ][gc,marking  ] GC(131) Concurrent Clear Claimed Marks
[2025-12-02T07:50:13.149+0000][9057.547s][info ][gc,marking  ] GC(131) Concurrent Clear Claimed Marks 0.451ms
[2025-12-02T07:50:13.149+0000][9057.547s][info ][gc,marking  ] GC(131) Concurrent Scan Root Regions
[2025-12-02T07:50:13.150+0000][9057.547s][info ][safepoint   ] Safepoint "G1TryInitiateConcMark", Time since last: 20423851 ns, Reaching safepoint: 108710 ns, Cleanup: 5781 ns, At safepoint: 27218942 ns, Total: 27333433 ns
[2025-12-02T07:50:13.243+0000][9057.640s][info ][gc,marking  ] GC(131) Concurrent Scan Root Regions 93.450ms
[2025-12-02T07:50:13.243+0000][9057.640s][info ][gc,marking  ] GC(131) Concurrent Mark
[2025-12-02T07:50:13.243+0000][9057.640s][info ][gc,marking  ] GC(131) Concurrent Mark From Roots
[2025-12-02T07:50:13.243+0000][9057.640s][info ][gc,task     ] GC(131) Using 3 workers of 3 for marking
[2025-12-02T07:50:13.662+0000][9058.059s][info ][gc,marking  ] GC(131) Concurrent Mark From Roots 418.637ms
[2025-12-02T07:50:13.662+0000][9058.059s][info ][gc,marking  ] GC(131) Concurrent Preclean
[2025-12-02T07:50:13.663+0000][9058.060s][info ][gc,marking  ] GC(131) Concurrent Preclean 0.990ms
[2025-12-02T07:50:13.663+0000][9058.060s][debug][safepoint   ] Safepoint synchronization initiated using futex wait barrier. (284 threads)
[2025-12-02T07:50:13.666+0000][9058.064s][info ][gc,start    ] GC(131) Pause Remark
[2025-12-02T07:50:13.682+0000][9058.079s][info ][gc          ] GC(131) Pause Remark 180M->180M(570M) 15.702ms
[2025-12-02T07:50:13.682+0000][9058.079s][info ][gc,cpu      ] GC(131) User=0.14s Sys=0.00s Real=0.02s
[2025-12-02T07:50:13.683+0000][9058.080s][info ][safepoint   ] Safepoint "G1PauseRemark", Time since last: 512989353 ns, Reaching safepoint: 3347369 ns, Cleanup: 42673 ns, At safepoint: 16921392 ns, Total: 20311434 ns
[2025-12-02T07:50:13.683+0000][9058.080s][info ][gc,marking  ] GC(131) Concurrent Mark 440.284ms
[2025-12-02T07:50:13.683+0000][9058.080s][info ][gc,marking  ] GC(131) Concurrent Rebuild Remembered Sets
[2025-12-02T07:50:13.748+0000][9058.145s][info ][gc,marking  ] GC(131) Concurrent Rebuild Remembered Sets 64.907ms
[2025-12-02T07:50:13.748+0000][9058.146s][debug][safepoint   ] Safepoint synchronization initiated using futex wait barrier. (284 threads)
[2025-12-02T07:50:13.748+0000][9058.146s][info ][gc,start    ] GC(131) Pause Cleanup
[2025-12-02T07:50:13.749+0000][9058.146s][info ][gc          ] GC(131) Pause Cleanup 180M->180M(570M) 0.401ms
[2025-12-02T07:50:13.749+0000][9058.146s][info ][gc,cpu      ] GC(131) User=0.00s Sys=0.00s Real=0.00s
[2025-12-02T07:50:13.749+0000][9058.146s][info ][safepoint   ] Safepoint "G1PauseCleanup", Time since last: 65157504 ns, Reaching safepoint: 46059 ns, Cleanup: 3386 ns, At safepoint: 536957 ns, Total: 586402 ns
[2025-12-02T07:50:13.749+0000][9058.146s][info ][gc,marking  ] GC(131) Concurrent Cleanup for Next Mark
[2025-12-02T07:50:13.771+0000][9058.168s][info ][gc,marking  ] GC(131) Concurrent Cleanup for Next Mark 21.874ms
[2025-12-02T07:50:13.771+0000][9058.168s][info ][gc          ] GC(131) Concurrent Mark Cycle 622.026ms
[2025-12-02T07:50:14.749+0000][9059.146s][debug][safepoint   ] Safepoint synchronization initiated using futex wait barrier. (284 threads)
[2025-12-02T07:50:14.751+0000][9059.149s][info ][safepoint   ] Safepoint "Cleanup", Time since last: 1000166913 ns, Reaching safepoint: 2278737 ns, Cleanup: 14177 ns, At safepoint: 59094 ns, Total: 2352008 ns
[2025-12-02T07:50:17.752+0000][9062.149s][debug][safepoint   ] Safepoint synchronization initiated using futex wait barrier. (284 threads)
[2025-12-02T07:50:17.752+0000][9062.149s][info ][safepoint   ] Safepoint "Cleanup", Time since last: 3000449177 ns, Reaching safepoint: 206469 ns, Cleanup: 25860 ns, At safepoint: 32022 ns, Total: 264351 ns
[2025-12-02T07:50:18.752+0000][9063.149s][debug][safepoint   ] Safepoint synchronization initiated using futex wait barrier. (284 threads)
[2025-12-02T07:50:18.752+0000][9063.150s][info ][safepoint   ] Safepoint "Cleanup", Time since last: 1000132100 ns, Reaching safepoint: 74313 ns, Cleanup: 21682 ns, At safepoint: 3096 ns, Total: 99091 ns
[2025-12-02T07:50:22.635+0000][9067.033s][debug][safepoint   ] Safepoint synchronization initiated using futex wait barrier. (285 threads)
[2025-12-02T07:50:22.635+0000][9067.033s][info ][safepoint   ] Safepoint "Cleanup", Time since last: 3882977464 ns, Reaching safepoint: 122406 ns, Cleanup: 15289 ns, At safepoint: 4329 ns, Total: 142024 ns
[2025-12-02T07:50:31.634+0000][9076.034s][debug][safepoint   ] Safepoint synchronization initiated using futex wait barrier. (284 threads)
[2025-12-02T07:50:31.634+0000][9076.035s][info ][safepoint   ] Safepoint "Cleanup", Time since last: 9001401979 ns, Reaching safepoint: 356647 ns, Cleanup: 89275 ns, At safepoint: 46676 ns, Total: 492598 ns
[2025-12-02T07:50:32.838+0000][9077.238s][debug][safepoint   ] Safepoint synchronization initiated using futex wait barrier. (284 threads)
[2025-12-02T07:50:32.838+0000][9077.238s][info ][safepoint   ] Safepoint "Cleanup", Time since last: 1203405073 ns, Reaching safepoint: 94903 ns, Cleanup: 46390 ns, At safepoint: 3637 ns, Total: 144930 ns
[2025-12-02T07:50:35.838+0000][9080.239s][debug][safepoint   ] Safepoint synchronization initiated using futex wait barrier. (284 threads)
[2025-12-02T07:50:35.838+0000][9080.239s][info ][safepoint   ] Safepoint "Cleanup", Time since last: 3000441180 ns, Reaching safepoint: 115392 ns, Cleanup: 17687 ns, At safepoint: 5251 ns, Total: 138330 ns
[2025-12-02T07:50:39.839+0000][9084.239s][debug][safepoint   ] Safepoint synchronization initiated using futex wait barrier. (284 threads)
[2025-12-02T07:50:39.839+0000][9084.239s][info ][safepoint   ] Safepoint "Cleanup", Time since last: 4000647114 ns, Reaching safepoint: 102908 ns, Cleanup: 15240 ns, At safepoint: 3907 ns, Total: 122055 ns
[2025-12-02T07:50:50.844+0000][9095.244s][debug][safepoint   ] Safepoint synchronization initiated using futex wait barrier. (284 threads)
[2025-12-02T07:50:50.844+0000][9095.244s][info ][safepoint   ] Safepoint "Cleanup", Time since last: 11004652052 ns, Reaching safepoint: 107038 ns, Cleanup: 15940 ns, At safepoint: 3667 ns, Total: 126645 ns
[2025-12-02T07:50:52.844+0000][9097.245s][debug][safepoint   ] Safepoint synchronization initiated using futex wait barrier. (284 threads)
[2025-12-02T07:50:52.848+0000][9097.248s][info ][safepoint   ] Safepoint "Cleanup", Time since last: 2000318979 ns, Reaching safepoint: 3421743 ns, Cleanup: 27854 ns, At safepoint: 160000 ns, Total: 3609597 ns
[2025-12-02T07:50:53.848+0000][9098.248s][debug][safepoint   ] Safepoint synchronization initiated using futex wait barrier. (284 threads)
[2025-12-02T07:50:53.848+0000][9098.249s][info ][safepoint   ] Safepoint "Cleanup", Time since last: 1000205036 ns, Reaching safepoint: 103761 ns, Cleanup: 29497 ns, At safepoint: 3276 ns, Total: 136534 ns
[2025-12-02T07:50:54.852+0000][9099.252s][debug][safepoint   ] Safepoint synchronization initiated using futex wait barrier. (284 threads)
[2025-12-02T07:50:54.854+0000][9099.254s][info ][safepoint   ] Safepoint "Cleanup", Time since last: 1003538285 ns, Reaching safepoint: 1472300 ns, Cleanup: 17754 ns, At safepoint: 433650 ns, Total: 1923704 ns
[2025-12-02T07:50:55.852+0000][9100.254s][debug][safepoint   ] Safepoint synchronization initiated using futex wait barrier. (284 threads)
[2025-12-02T07:50:55.852+0000][9100.254s][info ][safepoint   ] Safepoint "Cleanup", Time since last: 1000183613 ns, Reaching safepoint: 88200 ns, Cleanup: 32824 ns, At safepoint: 3206 ns, Total: 124230 ns
[2025-12-02T07:51:18.855+0000][9123.258s][debug][safepoint   ] Safepoint synchronization initiated using futex wait barrier. (282 threads)
[2025-12-02T07:51:18.855+0000][9123.258s][info ][safepoint   ] Safepoint "Cleanup", Time since last: 23003463888 ns, Reaching safepoint: 85025 ns, Cleanup: 12143 ns, At safepoint: 3086 ns, Total: 100254 ns
[2025-12-02T07:52:52.671+0000][9217.080s][debug][safepoint   ] Safepoint synchronization initiated using futex wait barrier. (281 threads)
[2025-12-02T07:52:52.672+0000][9217.081s][info ][safepoint   ] Safepoint "Cleanup", Time since last: 93822527123 ns, Reaching safepoint: 124168 ns, Cleanup: 17775 ns, At safepoint: 3807 ns, Total: 145750 ns
[2025-12-02T07:52:54.672+0000][9219.081s][debug][safepoint   ] Safepoint synchronization initiated using futex wait barrier. (281 threads)
[2025-12-02T07:52:54.673+0000][9219.081s][info ][safepoint   ] Safepoint "Cleanup", Time since last: 2000825265 ns, Reaching safepoint: 111504 ns, Cleanup: 16342 ns, At safepoint: 4068 ns, Total: 131914 ns
[2025-12-02T07:53:54.677+0000][9279.090s][debug][safepoint   ] Safepoint synchronization initiated using futex wait barrier. (281 threads)
[2025-12-02T07:53:54.677+0000][9279.091s][info ][safepoint   ] Safepoint "Cleanup", Time since last: 60008936756 ns, Reaching safepoint: 179567 ns, Cleanup: 25279 ns, At safepoint: 4719 ns, Total: 209565 ns
[2025-12-02T07:54:02.813+0000][9287.229s][debug][safepoint   ] Safepoint synchronization initiated using futex wait barrier. (280 threads)
[2025-12-02T07:54:02.814+0000][9287.229s][info ][gc,start    ] GC(132) Pause Young (Prepare Mixed) (G1 Evacuation Pause)
[2025-12-02T07:54:02.814+0000][9287.229s][info ][gc,task     ] GC(132) Using 13 workers of 13 for evacuation
[2025-12-02T07:54:02.825+0000][9287.240s][info ][gc,phases   ] GC(132)   Pre Evacuate Collection Set: 0.8ms
[2025-12-02T07:54:02.825+0000][9287.240s][info ][gc,phases   ] GC(132)   Merge Heap Roots: 0.6ms
[2025-12-02T07:54:02.825+0000][9287.240s][info ][gc,phases   ] GC(132)   Evacuate Collection Set: 6.3ms
[2025-12-02T07:54:02.825+0000][9287.240s][info ][gc,phases   ] GC(132)   Post Evacuate Collection Set: 2.8ms
[2025-12-02T07:54:02.825+0000][9287.240s][info ][gc,phases   ] GC(132)   Other: 0.6ms
[2025-12-02T07:54:02.825+0000][9287.240s][info ][gc,heap     ] GC(132) Eden regions: 336->0(26)
[2025-12-02T07:54:02.825+0000][9287.240s][info ][gc,heap     ] GC(132) Survivor regions: 3->2(43)
[2025-12-02T07:54:02.825+0000][9287.240s][info ][gc,heap     ] GC(132) Old regions: 160->160
[2025-12-02T07:54:02.825+0000][9287.240s][info ][gc,heap     ] GC(132) Archive regions: 2->2
[2025-12-02T07:54:02.825+0000][9287.240s][info ][gc,heap     ] GC(132) Humongous regions: 17->0
[2025-12-02T07:54:02.825+0000][9287.240s][info ][gc,metaspace] GC(132) Metaspace: 206774K(208192K)->206774K(208192K) NonClass: 182024K(182784K)->182024K(182784K) Class: 24750K(25408K)->24750K(25408K)
[2025-12-02T07:54:02.825+0000][9287.240s][info ][gc          ] GC(132) Pause Young (Prepare Mixed) (G1 Evacuation Pause) 515M->161M(570M) 10.897ms
[2025-12-02T07:54:02.825+0000][9287.240s][info ][gc,cpu      ] GC(132) User=0.08s Sys=0.01s Real=0.01s
[2025-12-02T07:54:02.826+0000][9287.241s][info ][safepoint   ] Safepoint "G1CollectForAllocation", Time since last: 8137966283 ns, Reaching safepoint: 133508 ns, Cleanup: 8196 ns, At safepoint: 12568265 ns, Total: 12709969 ns
[2025-12-02T07:54:22.931+0000][9307.347s][debug][safepoint   ] Safepoint synchronization initiated using futex wait barrier. (280 threads)
[2025-12-02T07:54:22.931+0000][9307.347s][info ][gc,start    ] GC(133) Pause Young (Mixed) (G1 Evacuation Pause)
[2025-12-02T07:54:22.932+0000][9307.347s][info ][gc,task     ] GC(133) Using 13 workers of 13 for evacuation
[2025-12-02T07:54:22.991+0000][9307.407s][info ][gc,phases   ] GC(133)   Pre Evacuate Collection Set: 0.7ms
[2025-12-02T07:54:22.991+0000][9307.407s][info ][gc,phases   ] GC(133)   Merge Heap Roots: 0.6ms
[2025-12-02T07:54:22.991+0000][9307.407s][info ][gc,phases   ] GC(133)   Evacuate Collection Set: 53.8ms
[2025-12-02T07:54:22.991+0000][9307.407s][info ][gc,phases   ] GC(133)   Post Evacuate Collection Set: 4.2ms
[2025-12-02T07:54:22.992+0000][9307.407s][info ][gc,phases   ] GC(133)   Other: 0.8ms
[2025-12-02T07:54:22.992+0000][9307.407s][info ][gc,heap     ] GC(133) Eden regions: 26->0(340)
[2025-12-02T07:54:22.992+0000][9307.407s][info ][gc,heap     ] GC(133) Survivor regions: 2->2(4)
[2025-12-02T07:54:22.992+0000][9307.407s][info ][gc,heap     ] GC(133) Old regions: 160->158
[2025-12-02T07:54:22.992+0000][9307.407s][info ][gc,heap     ] GC(133) Archive regions: 2->2
[2025-12-02T07:54:22.992+0000][9307.407s][info ][gc,heap     ] GC(133) Humongous regions: 0->0
[2025-12-02T07:54:22.992+0000][9307.407s][info ][gc,metaspace] GC(133) Metaspace: 206774K(208192K)->206774K(208192K) NonClass: 182024K(182784K)->182024K(182784K) Class: 24750K(25408K)->24750K(25408K)
[2025-12-02T07:54:22.992+0000][9307.407s][info ][gc          ] GC(133) Pause Young (Mixed) (G1 Evacuation Pause) 187M->159M(570M) 60.111ms
[2025-12-02T07:54:22.992+0000][9307.407s][info ][gc,cpu      ] GC(133) User=0.66s Sys=0.00s Real=0.06s
[2025-12-02T07:54:22.993+0000][9307.408s][info ][safepoint   ] Safepoint "G1CollectForAllocation", Time since last: 20105267760 ns, Reaching safepoint: 70967 ns, Cleanup: 4920 ns, At safepoint: 61513983 ns, Total: 61589870 ns
[2025-12-02T07:54:55.962+0000][9340.382s][debug][safepoint   ] Safepoint synchronization initiated using futex wait barrier. (280 threads)
[2025-12-02T07:54:55.962+0000][9340.382s][info ][safepoint   ] Safepoint "Cleanup", Time since last: 32973498675 ns, Reaching safepoint: 144248 ns, Cleanup: 31310 ns, At safepoint: 5661 ns, Total: 181219 ns
[2025-12-02T07:55:54.967+0000][9399.390s][debug][safepoint   ] Safepoint synchronization initiated using futex wait barrier. (279 threads)
[2025-12-02T07:55:54.967+0000][9399.390s][info ][safepoint   ] Safepoint "Cleanup", Time since last: 59007950295 ns, Reaching safepoint: 142886 ns, Cleanup: 77610 ns, At safepoint: 9218 ns, Total: 229714 ns
[2025-12-02T07:56:52.973+0000][9457.399s][debug][safepoint   ] Safepoint synchronization initiated using futex wait barrier. (280 threads)
[2025-12-02T07:56:52.973+0000][9457.399s][info ][safepoint   ] Safepoint "Cleanup", Time since last: 58009081324 ns, Reaching safepoint: 186690 ns, Cleanup: 24007 ns, At safepoint: 6853 ns, Total: 217550 ns
[2025-12-02T07:56:54.973+0000][9459.400s][debug][safepoint   ] Safepoint synchronization initiated using futex wait barrier. (280 threads)
[2025-12-02T07:56:54.973+0000][9459.400s][info ][safepoint   ] Safepoint "Cleanup", Time since last: 2000314598 ns, Reaching safepoint: 140101 ns, Cleanup: 23455 ns, At safepoint: 4599 ns, Total: 168155 ns
[2025-12-02T07:59:06.567+0000][9591.004s][debug][safepoint   ] Safepoint synchronization initiated using futex wait barrier. (280 threads)
[2025-12-02T07:59:06.567+0000][9591.004s][info ][gc,start    ] GC(134) Pause Young (Concurrent Start) (G1 Evacuation Pause)
[2025-12-02T07:59:06.567+0000][9591.004s][info ][gc,task     ] GC(134) Using 13 workers of 13 for evacuation
[2025-12-02T07:59:06.587+0000][9591.024s][info ][gc,phases   ] GC(134)   Pre Evacuate Collection Set: 2.3ms
[2025-12-02T07:59:06.587+0000][9591.024s][info ][gc,phases   ] GC(134)   Merge Heap Roots: 0.3ms
[2025-12-02T07:59:06.587+0000][9591.024s][info ][gc,phases   ] GC(134)   Evacuate Collection Set: 13.7ms
[2025-12-02T07:59:06.587+0000][9591.024s][info ][gc,phases   ] GC(134)   Post Evacuate Collection Set: 2.6ms
[2025-12-02T07:59:06.587+0000][9591.024s][info ][gc,phases   ] GC(134)   Other: 0.8ms
[2025-12-02T07:59:06.587+0000][9591.024s][info ][gc,heap     ] GC(134) Eden regions: 340->0(340)
[2025-12-02T07:59:06.587+0000][9591.024s][info ][gc,heap     ] GC(134) Survivor regions: 2->2(43)
[2025-12-02T07:59:06.587+0000][9591.024s][info ][gc,heap     ] GC(134) Old regions: 158->158
[2025-12-02T07:59:06.587+0000][9591.024s][info ][gc,heap     ] GC(134) Archive regions: 2->2
[2025-12-02T07:59:06.587+0000][9591.024s][info ][gc,heap     ] GC(134) Humongous regions: 0->0
[2025-12-02T07:59:06.587+0000][9591.024s][info ][gc,metaspace] GC(134) Metaspace: 206785K(208192K)->206785K(208192K) NonClass: 182034K(182784K)->182034K(182784K) Class: 24750K(25408K)->24750K(25408K)
[2025-12-02T07:59:06.587+0000][9591.024s][info ][gc          ] GC(134) Pause Young (Concurrent Start) (G1 Evacuation Pause) 499M->159M(570M) 19.823ms
[2025-12-02T07:59:06.587+0000][9591.024s][info ][gc,cpu      ] GC(134) User=0.11s Sys=0.00s Real=0.02s
[2025-12-02T07:59:06.587+0000][9591.025s][info ][gc          ] GC(135) Concurrent Mark Cycle
[2025-12-02T07:59:06.587+0000][9591.025s][info ][gc,marking  ] GC(135) Concurrent Clear Claimed Marks
[2025-12-02T07:59:06.588+0000][9591.025s][info ][safepoint   ] Safepoint "G1CollectForAllocation", Time since last: 131604121581 ns, Reaching safepoint: 230563 ns, Cleanup: 11432 ns, At safepoint: 20647908 ns, Total: 20889903 ns
[2025-12-02T07:59:06.588+0000][9591.025s][info ][gc,marking  ] GC(135) Concurrent Clear Claimed Marks 0.413ms
[2025-12-02T07:59:06.588+0000][9591.025s][info ][gc,marking  ] GC(135) Concurrent Scan Root Regions
[2025-12-02T07:59:06.627+0000][9591.064s][info ][gc,marking  ] GC(135) Concurrent Scan Root Regions 39.181ms
[2025-12-02T07:59:06.627+0000][9591.064s][info ][gc,marking  ] GC(135) Concurrent Mark
[2025-12-02T07:59:06.627+0000][9591.064s][info ][gc,marking  ] GC(135) Concurrent Mark From Roots
[2025-12-02T07:59:06.627+0000][9591.064s][info ][gc,task     ] GC(135) Using 3 workers of 3 for marking
[2025-12-02T07:59:06.815+0000][9591.252s][info ][gc,marking  ] GC(135) Concurrent Mark From Roots 187.758ms
[2025-12-02T07:59:06.815+0000][9591.252s][info ][gc,marking  ] GC(135) Concurrent Preclean
[2025-12-02T07:59:06.815+0000][9591.253s][info ][gc,marking  ] GC(135) Concurrent Preclean 0.425ms
[2025-12-02T07:59:06.815+0000][9591.253s][debug][safepoint   ] Safepoint synchronization initiated using futex wait barrier. (280 threads)
[2025-12-02T07:59:06.816+0000][9591.253s][info ][gc,start    ] GC(135) Pause Remark
[2025-12-02T07:59:06.833+0000][9591.270s][info ][gc          ] GC(135) Pause Remark 164M->164M(560M) 17.175ms
[2025-12-02T07:59:06.833+0000][9591.270s][info ][gc,cpu      ] GC(135) User=0.18s Sys=0.00s Real=0.02s
[2025-12-02T07:59:06.834+0000][9591.271s][info ][safepoint   ] Safepoint "G1PauseRemark", Time since last: 227765994 ns, Reaching safepoint: 38804 ns, Cleanup: 4338 ns, At safepoint: 18245515 ns, Total: 18288657 ns
[2025-12-02T07:59:06.834+0000][9591.271s][info ][gc,marking  ] GC(135) Concurrent Mark 206.711ms
[2025-12-02T07:59:06.834+0000][9591.271s][info ][gc,marking  ] GC(135) Concurrent Rebuild Remembered Sets
[2025-12-02T07:59:06.891+0000][9591.328s][info ][gc,marking  ] GC(135) Concurrent Rebuild Remembered Sets 56.635ms
[2025-12-02T07:59:06.891+0000][9591.328s][debug][safepoint   ] Safepoint synchronization initiated using futex wait barrier. (280 threads)
[2025-12-02T07:59:06.891+0000][9591.328s][info ][gc,start    ] GC(135) Pause Cleanup
[2025-12-02T07:59:06.891+0000][9591.328s][info ][gc          ] GC(135) Pause Cleanup 164M->164M(560M) 0.389ms
[2025-12-02T07:59:06.891+0000][9591.328s][info ][gc,cpu      ] GC(135) User=0.00s Sys=0.00s Real=0.00s
[2025-12-02T07:59:06.891+0000][9591.328s][info ][safepoint   ] Safepoint "G1PauseCleanup", Time since last: 56891991 ns, Reaching safepoint: 56068 ns, Cleanup: 33815 ns, At safepoint: 600653 ns, Total: 690536 ns
[2025-12-02T07:59:06.891+0000][9591.329s][info ][gc,marking  ] GC(135) Concurrent Cleanup for Next Mark
[2025-12-02T07:59:06.905+0000][9591.342s][info ][gc,marking  ] GC(135) Concurrent Cleanup for Next Mark 13.205ms
[2025-12-02T07:59:06.905+0000][9591.342s][info ][gc          ] GC(135) Concurrent Mark Cycle 317.358ms
[2025-12-02T07:59:22.894+0000][9607.331s][debug][safepoint   ] Safepoint synchronization initiated using futex wait barrier. (280 threads)
[2025-12-02T07:59:22.894+0000][9607.331s][info ][safepoint   ] Safepoint "Cleanup", Time since last: 16002279281 ns, Reaching safepoint: 231809 ns, Cleanup: 18946 ns, At safepoint: 57281 ns, Total: 308036 ns
[2025-12-02T08:00:22.902+0000][9667.344s][debug][safepoint   ] Safepoint synchronization initiated using futex wait barrier. (280 threads)
[2025-12-02T08:00:22.902+0000][9667.344s][info ][safepoint   ] Safepoint "Cleanup", Time since last: 60012560894 ns, Reaching safepoint: 221337 ns, Cleanup: 25409 ns, At safepoint: 5631 ns, Total: 252377 ns
[2025-12-02T08:00:31.901+0000][9676.345s][debug][safepoint   ] Safepoint synchronization initiated using futex wait barrier. (280 threads)
[2025-12-02T08:00:31.901+0000][9676.345s][info ][safepoint   ] Safepoint "Cleanup", Time since last: 9001307244 ns, Reaching safepoint: 155399 ns, Cleanup: 23034 ns, At safepoint: 4789 ns, Total: 183222 ns
[2025-12-02T08:01:01.904+0000][9706.350s][debug][safepoint   ] Safepoint synchronization initiated using futex wait barrier. (279 threads)
[2025-12-02T08:01:01.904+0000][9706.350s][info ][safepoint   ] Safepoint "Cleanup", Time since last: 30004318310 ns, Reaching safepoint: 367078 ns, Cleanup: 80355 ns, At safepoint: 7074 ns, Total: 454507 ns
[2025-12-02T08:01:06.905+0000][9711.351s][debug][safepoint   ] Safepoint synchronization initiated using futex wait barrier. (279 threads)
[2025-12-02T08:01:06.905+0000][9711.351s][info ][safepoint   ] Safepoint "Cleanup", Time since last: 5000661580 ns, Reaching safepoint: 234352 ns, Cleanup: 26621 ns, At safepoint: 7615 ns, Total: 268588 ns
[2025-12-02T08:01:54.910+0000][9759.358s][debug][safepoint   ] Safepoint synchronization initiated using futex wait barrier. (279 threads)
[2025-12-02T08:01:54.910+0000][9759.359s][info ][safepoint   ] Safepoint "Cleanup", Time since last: 48007095697 ns, Reaching safepoint: 211969 ns, Cleanup: 216338 ns, At safepoint: 11412 ns, Total: 439719 ns
[2025-12-02T08:02:22.912+0000][9787.362s][debug][safepoint   ] Safepoint synchronization initiated using futex wait barrier. (279 threads)
[2025-12-02T08:02:22.912+0000][9787.363s][info ][safepoint   ] Safepoint "Cleanup", Time since last: 28003866423 ns, Reaching safepoint: 146564 ns, Cleanup: 21271 ns, At safepoint: 4258 ns, Total: 172093 ns
[2025-12-02T08:02:54.915+0000][9819.367s][debug][safepoint   ] Safepoint synchronization initiated using futex wait barrier. (279 threads)
[2025-12-02T08:02:54.915+0000][9819.368s][info ][safepoint   ] Safepoint "Cleanup", Time since last: 32004674968 ns, Reaching safepoint: 228230 ns, Cleanup: 16391 ns, At safepoint: 5511 ns, Total: 250132 ns
[2025-12-02T08:03:36.187+0000][9860.645s][debug][safepoint   ] Safepoint synchronization initiated using futex wait barrier. (279 threads)
[2025-12-02T08:03:36.194+0000][9860.652s][info ][gc,start    ] GC(136) Pause Young (Prepare Mixed) (G1 Evacuation Pause)
[2025-12-02T08:03:36.195+0000][9860.652s][info ][gc,task     ] GC(136) Using 13 workers of 13 for evacuation
[2025-12-02T08:03:36.269+0000][9860.727s][info ][gc,phases   ] GC(136)   Pre Evacuate Collection Set: 4.0ms
[2025-12-02T08:03:36.269+0000][9860.727s][info ][gc,phases   ] GC(136)   Merge Heap Roots: 3.6ms
[2025-12-02T08:03:36.269+0000][9860.727s][info ][gc,phases   ] GC(136)   Evacuate Collection Set: 52.9ms
[2025-12-02T08:03:36.269+0000][9860.727s][info ][gc,phases   ] GC(136)   Post Evacuate Collection Set: 11.3ms
[2025-12-02T08:03:36.269+0000][9860.727s][info ][gc,phases   ] GC(136)   Other: 8.5ms
[2025-12-02T08:03:36.269+0000][9860.727s][info ][gc,heap     ] GC(136) Eden regions: 334->0(26)
[2025-12-02T08:03:36.269+0000][9860.727s][info ][gc,heap     ] GC(136) Survivor regions: 2->2(42)
[2025-12-02T08:03:36.269+0000][9860.727s][info ][gc,heap     ] GC(136) Old regions: 158->158
[2025-12-02T08:03:36.269+0000][9860.727s][info ][gc,heap     ] GC(136) Archive regions: 2->2
[2025-12-02T08:03:36.269+0000][9860.727s][info ][gc,heap     ] GC(136) Humongous regions: 0->0
[2025-12-02T08:03:36.269+0000][9860.727s][info ][gc,metaspace] GC(136) Metaspace: 206797K(208192K)->206797K(208192K) NonClass: 182046K(182784K)->182046K(182784K) Class: 24750K(25408K)->24750K(25408K)
[2025-12-02T08:03:36.270+0000][9860.728s][info ][gc          ] GC(136) Pause Young (Prepare Mixed) (G1 Evacuation Pause) 493M->159M(560M) 75.444ms
[2025-12-02T08:03:36.270+0000][9860.728s][info ][gc,cpu      ] GC(136) User=0.45s Sys=0.00s Real=0.07s
[2025-12-02T08:03:36.271+0000][9860.729s][info ][safepoint   ] Safepoint "G1CollectForAllocation", Time since last: 41277529094 ns, Reaching safepoint: 1286042 ns, Cleanup: 56649 ns, At safepoint: 82803803 ns, Total: 84146494 ns
[2025-12-02T08:03:55.277+0000][9879.735s][debug][safepoint   ] Safepoint synchronization initiated using futex wait barrier. (279 threads)
[2025-12-02T08:03:55.278+0000][9879.735s][info ][safepoint   ] Safepoint "Cleanup", Time since last: 19005790147 ns, Reaching safepoint: 207160 ns, Cleanup: 73382 ns, At safepoint: 8606 ns, Total: 289148 ns
[2025-12-02T08:03:56.529+0000][9880.988s][debug][safepoint   ] Safepoint synchronization initiated using futex wait barrier. (279 threads)
[2025-12-02T08:03:56.529+0000][9880.988s][info ][gc,start    ] GC(137) Pause Young (Mixed) (G1 Evacuation Pause)
[2025-12-02T08:03:56.529+0000][9880.988s][info ][gc,task     ] GC(137) Using 13 workers of 13 for evacuation
[2025-12-02T08:03:56.644+0000][9881.103s][info ][gc,phases   ] GC(137)   Pre Evacuate Collection Set: 0.5ms
[2025-12-02T08:03:56.644+0000][9881.103s][info ][gc,phases   ] GC(137)   Merge Heap Roots: 2.6ms
[2025-12-02T08:03:56.644+0000][9881.103s][info ][gc,phases   ] GC(137)   Evacuate Collection Set: 106.8ms
[2025-12-02T08:03:56.644+0000][9881.103s][info ][gc,phases   ] GC(137)   Post Evacuate Collection Set: 4.7ms
[2025-12-02T08:03:56.644+0000][9881.103s][info ][gc,phases   ] GC(137)   Other: 0.4ms
[2025-12-02T08:03:56.644+0000][9881.103s][info ][gc,heap     ] GC(137) Eden regions: 26->0(334)
[2025-12-02T08:03:56.644+0000][9881.103s][info ][gc,heap     ] GC(137) Survivor regions: 2->2(4)
[2025-12-02T08:03:56.644+0000][9881.103s][info ][gc,heap     ] GC(137) Old regions: 158->157
[2025-12-02T08:03:56.644+0000][9881.103s][info ][gc,heap     ] GC(137) Archive regions: 2->2
[2025-12-02T08:03:56.644+0000][9881.103s][info ][gc,heap     ] GC(137) Humongous regions: 0->0
[2025-12-02T08:03:56.644+0000][9881.103s][info ][gc,metaspace] GC(137) Metaspace: 206798K(208192K)->206798K(208192K) NonClass: 182047K(182784K)->182047K(182784K) Class: 24750K(25408K)->24750K(25408K)
[2025-12-02T08:03:56.644+0000][9881.103s][info ][gc          ] GC(137) Pause Young (Mixed) (G1 Evacuation Pause) 185M->158M(560M) 115.178ms
[2025-12-02T08:03:56.645+0000][9881.104s][info ][gc,cpu      ] GC(137) User=1.29s Sys=0.00s Real=0.12s
[2025-12-02T08:03:56.646+0000][9881.105s][info ][safepoint   ] Safepoint "G1CollectForAllocation", Time since last: 1252629864 ns, Reaching safepoint: 221608 ns, Cleanup: 5731 ns, At safepoint: 116734838 ns, Total: 116962177 ns
[2025-12-02T08:04:29.650+0000][9914.111s][debug][safepoint   ] Safepoint synchronization initiated using futex wait barrier. (279 threads)
[2025-12-02T08:04:29.651+0000][9914.111s][info ][safepoint   ] Safepoint "Cleanup", Time since last: 33006013569 ns, Reaching safepoint: 190588 ns, Cleanup: 20290 ns, At safepoint: 7083 ns, Total: 217961 ns
[2025-12-02T08:04:39.652+0000][9924.113s][debug][safepoint   ] Safepoint synchronization initiated using futex wait barrier. (280 threads)
[2025-12-02T08:04:39.653+0000][9924.113s][info ][safepoint   ] Safepoint "Cleanup", Time since last: 10001695439 ns, Reaching safepoint: 229163 ns, Cleanup: 141513 ns, At safepoint: 69024 ns, Total: 439700 ns
[2025-12-02T08:04:54.655+0000][9939.116s][debug][safepoint   ] Safepoint synchronization initiated using futex wait barrier. (279 threads)
[2025-12-02T08:04:54.655+0000][9939.116s][info ][safepoint   ] Safepoint "Cleanup", Time since last: 15002392405 ns, Reaching safepoint: 114961 ns, Cleanup: 15089 ns, At safepoint: 3527 ns, Total: 133577 ns
[2025-12-02T08:05:22.658+0000][9967.121s][debug][safepoint   ] Safepoint synchronization initiated using futex wait barrier. (279 threads)
[2025-12-02T08:05:22.658+0000][9967.121s][info ][safepoint   ] Safepoint "Cleanup", Time since last: 28005223100 ns, Reaching safepoint: 303325 ns, Cleanup: 16722 ns, At safepoint: 4709 ns, Total: 324756 ns
[2025-12-02T08:06:41.664+0000][10046.134s][debug][safepoint   ] Safepoint synchronization initiated using futex wait barrier. (279 threads)
[2025-12-02T08:06:41.664+0000][10046.134s][info ][safepoint   ] Safepoint "Cleanup", Time since last: 79012255730 ns, Reaching safepoint: 124631 ns, Cleanup: 15339 ns, At safepoint: 3878 ns, Total: 143848 ns
[2025-12-02T08:06:54.666+0000][10059.136s][debug][safepoint   ] Safepoint synchronization initiated using futex wait barrier. (280 threads)
[2025-12-02T08:06:54.666+0000][10059.136s][info ][safepoint   ] Safepoint "Cleanup", Time since last: 13001811353 ns, Reaching safepoint: 144048 ns, Cleanup: 16852 ns, At safepoint: 4790 ns, Total: 165690 ns
[2025-12-02T08:07:42.668+0000][10107.142s][debug][safepoint   ] Safepoint synchronization initiated using futex wait barrier. (279 threads)
[2025-12-02T08:07:42.668+0000][10107.142s][info ][safepoint   ] Safepoint "Cleanup", Time since last: 48006224161 ns, Reaching safepoint: 178885 ns, Cleanup: 27213 ns, At safepoint: 5580 ns, Total: 211678 ns
[2025-12-02T08:07:54.670+0000][10119.144s][debug][safepoint   ] Safepoint synchronization initiated using futex wait barrier. (279 threads)
[2025-12-02T08:07:54.670+0000][10119.144s][info ][safepoint   ] Safepoint "Cleanup", Time since last: 12001878598 ns, Reaching safepoint: 110353 ns, Cleanup: 15079 ns, At safepoint: 3617 ns, Total: 129049 ns
[2025-12-02T08:08:33.883+0000][10158.361s][debug][safepoint   ] Safepoint synchronization initiated using futex wait barrier. (279 threads)
[2025-12-02T08:08:33.884+0000][10158.361s][info ][gc,start    ] GC(138) Pause Young (Concurrent Start) (G1 Evacuation Pause)
[2025-12-02T08:08:33.884+0000][10158.361s][info ][gc,task     ] GC(138) Using 13 workers of 13 for evacuation
[2025-12-02T08:08:33.928+0000][10158.406s][info ][gc,phases   ] GC(138)   Pre Evacuate Collection Set: 1.5ms
[2025-12-02T08:08:33.928+0000][10158.406s][info ][gc,phases   ] GC(138)   Merge Heap Roots: 0.4ms
[2025-12-02T08:08:33.928+0000][10158.406s][info ][gc,phases   ] GC(138)   Evacuate Collection Set: 35.8ms
[2025-12-02T08:08:33.928+0000][10158.406s][info ][gc,phases   ] GC(138)   Post Evacuate Collection Set: 1.9ms
[2025-12-02T08:08:33.928+0000][10158.406s][info ][gc,phases   ] GC(138)   Other: 5.1ms
[2025-12-02T08:08:33.928+0000][10158.406s][info ][gc,heap     ] GC(138) Eden regions: 334->0(334)
[2025-12-02T08:08:33.928+0000][10158.406s][info ][gc,heap     ] GC(138) Survivor regions: 2->2(42)
[2025-12-02T08:08:33.928+0000][10158.406s][info ][gc,heap     ] GC(138) Old regions: 157->157
[2025-12-02T08:08:33.928+0000][10158.406s][info ][gc,heap     ] GC(138) Archive regions: 2->2
[2025-12-02T08:08:33.928+0000][10158.406s][info ][gc,heap     ] GC(138) Humongous regions: 0->0
[2025-12-02T08:08:33.928+0000][10158.406s][info ][gc,metaspace] GC(138) Metaspace: 206802K(208192K)->206802K(208192K) NonClass: 182051K(182784K)->182051K(182784K) Class: 24750K(25408K)->24750K(25408K)
[2025-12-02T08:08:33.928+0000][10158.406s][info ][gc          ] GC(138) Pause Young (Concurrent Start) (G1 Evacuation Pause) 492M->158M(560M) 44.550ms
[2025-12-02T08:08:33.929+0000][10158.406s][info ][gc,cpu      ] GC(138) User=0.14s Sys=0.01s Real=0.04s
[2025-12-02T08:08:33.929+0000][10158.407s][info ][gc          ] GC(139) Concurrent Mark Cycle
[2025-12-02T08:08:33.930+0000][10158.407s][info ][gc,marking  ] GC(139) Concurrent Clear Claimed Marks
[2025-12-02T08:08:33.930+0000][10158.407s][info ][gc,marking  ] GC(139) Concurrent Clear Claimed Marks 0.486ms
[2025-12-02T08:08:33.930+0000][10158.407s][info ][gc,marking  ] GC(139) Concurrent Scan Root Regions
[2025-12-02T08:08:33.930+0000][10158.407s][info ][safepoint   ] Safepoint "G1CollectForAllocation", Time since last: 39216809016 ns, Reaching safepoint: 182752 ns, Cleanup: 10731 ns, At safepoint: 46305305 ns, Total: 46498788 ns
[2025-12-02T08:08:34.177+0000][10158.655s][info ][gc,marking  ] GC(139) Concurrent Scan Root Regions 247.226ms
[2025-12-02T08:08:34.177+0000][10158.655s][info ][gc,marking  ] GC(139) Concurrent Mark
[2025-12-02T08:08:34.177+0000][10158.655s][info ][gc,marking  ] GC(139) Concurrent Mark From Roots
[2025-12-02T08:08:34.177+0000][10158.655s][info ][gc,task     ] GC(139) Using 3 workers of 3 for marking
[2025-12-02T08:08:34.792+0000][10159.269s][info ][gc,marking  ] GC(139) Concurrent Mark From Roots 614.634ms
[2025-12-02T08:08:34.792+0000][10159.269s][info ][gc,marking  ] GC(139) Concurrent Preclean
[2025-12-02T08:08:34.793+0000][10159.270s][info ][gc,marking  ] GC(139) Concurrent Preclean 0.631ms
[2025-12-02T08:08:34.793+0000][10159.270s][debug][safepoint   ] Safepoint synchronization initiated using futex wait barrier. (279 threads)
[2025-12-02T08:08:34.793+0000][10159.270s][info ][gc,start    ] GC(139) Pause Remark
[2025-12-02T08:08:36.010+0000][10160.488s][info ][gc,mmu      ] GC(139) MMU target violated: 501.0ms (500.0ms/501.0ms)
[2025-12-02T08:08:36.010+0000][10160.488s][info ][gc          ] GC(139) Pause Remark 164M->164M(560M) 1217.365ms
[2025-12-02T08:08:36.010+0000][10160.488s][info ][gc,cpu      ] GC(139) User=12.63s Sys=0.00s Real=1.21s
[2025-12-02T08:08:36.013+0000][10160.490s][info ][safepoint   ] Safepoint "G1PauseRemark", Time since last: 862756816 ns, Reaching safepoint: 40097 ns, Cleanup: 29838 ns, At safepoint: 1219866467 ns, Total: 1219936402 ns
[2025-12-02T08:08:36.013+0000][10160.490s][info ][gc,marking  ] GC(139) Concurrent Mark 1835.531ms
[2025-12-02T08:08:36.013+0000][10160.490s][info ][gc,marking  ] GC(139) Concurrent Rebuild Remembered Sets
[2025-12-02T08:08:36.128+0000][10160.606s][info ][gc,marking  ] GC(139) Concurrent Rebuild Remembered Sets 115.599ms
[2025-12-02T08:08:36.129+0000][10160.606s][debug][safepoint   ] Safepoint synchronization initiated using futex wait barrier. (279 threads)
[2025-12-02T08:08:36.970+0000][10161.447s][info ][gc,start    ] GC(139) Pause Cleanup
[2025-12-02T08:08:36.971+0000][10161.448s][info ][gc          ] GC(139) Pause Cleanup 164M->164M(560M) 0.705ms
[2025-12-02T08:08:36.971+0000][10161.448s][info ][gc,cpu      ] GC(139) User=0.01s Sys=0.00s Real=0.00s
[2025-12-02T08:08:36.973+0000][10161.450s][info ][safepoint   ] Safepoint "G1PauseCleanup", Time since last: 115905089 ns, Reaching safepoint: 841208187 ns, Cleanup: 17333 ns, At safepoint: 2873635 ns, Total: 844099155 ns
[2025-12-02T08:08:36.973+0000][10161.450s][info ][gc,marking  ] GC(139) Concurrent Cleanup for Next Mark
[2025-12-02T08:08:36.993+0000][10161.471s][info ][gc,marking  ] GC(139) Concurrent Cleanup for Next Mark 20.673ms
[2025-12-02T08:08:36.993+0000][10161.471s][info ][gc          ] GC(139) Concurrent Mark Cycle 3064.441ms
[2025-12-02T08:08:43.974+0000][10168.451s][debug][safepoint   ] Safepoint synchronization initiated using futex wait barrier. (279 threads)
[2025-12-02T08:08:43.974+0000][10168.452s][info ][safepoint   ] Safepoint "Cleanup", Time since last: 7001068502 ns, Reaching safepoint: 204444 ns, Cleanup: 32422 ns, At safepoint: 78782 ns, Total: 315648 ns
[2025-12-02T08:08:54.976+0000][10179.453s][debug][safepoint   ] Safepoint synchronization initiated using futex wait barrier. (279 threads)
[2025-12-02T08:08:54.976+0000][10179.453s][info ][safepoint   ] Safepoint "Cleanup", Time since last: 11001526289 ns, Reaching safepoint: 188286 ns, Cleanup: 22042 ns, At safepoint: 5099 ns, Total: 215427 ns
[2025-12-02T08:09:16.977+0000][10201.457s][debug][safepoint   ] Safepoint synchronization initiated using futex wait barrier. (279 threads)
[2025-12-02T08:09:16.978+0000][10201.457s][info ][safepoint   ] Safepoint "Cleanup", Time since last: 22003497622 ns, Reaching safepoint: 273658 ns, Cleanup: 115433 ns, At safepoint: 13025 ns, Total: 402116 ns
[2025-12-02T08:09:54.981+0000][10239.463s][debug][safepoint   ] Safepoint synchronization initiated using futex wait barrier. (279 threads)
[2025-12-02T08:09:54.981+0000][10239.463s][info ][safepoint   ] Safepoint "Cleanup", Time since last: 38005568528 ns, Reaching safepoint: 101786 ns, Cleanup: 13095 ns, At safepoint: 2805 ns, Total: 117686 ns
[2025-12-02T08:10:07.979+0000][10252.465s][debug][safepoint   ] Safepoint synchronization initiated using futex wait barrier. (279 threads)
[2025-12-02T08:10:07.979+0000][10252.465s][info ][safepoint   ] Safepoint "Cleanup", Time since last: 13001639191 ns, Reaching safepoint: 108155 ns, Cleanup: 17385 ns, At safepoint: 3406 ns, Total: 128946 ns
[2025-12-02T08:10:09.979+0000][10254.465s][debug][safepoint   ] Safepoint synchronization initiated using futex wait barrier. (279 threads)
[2025-12-02T08:10:09.979+0000][10254.465s][info ][safepoint   ] Safepoint "Cleanup", Time since last: 2000292321 ns, Reaching safepoint: 81852 ns, Cleanup: 50811 ns, At safepoint: 3798 ns, Total: 136461 ns
[2025-12-02T08:10:14.980+0000][10259.466s][debug][safepoint   ] Safepoint synchronization initiated using futex wait barrier. (287 threads)
[2025-12-02T08:10:14.980+0000][10259.466s][info ][safepoint   ] Safepoint "Cleanup", Time since last: 5000777152 ns, Reaching safepoint: 199435 ns, Cleanup: 34788 ns, At safepoint: 58469 ns, Total: 292692 ns
[2025-12-02T08:10:16.482+0000][10260.968s][debug][safepoint   ] Safepoint synchronization initiated using futex wait barrier. (293 threads)
[2025-12-02T08:10:16.482+0000][10260.968s][info ][safepoint   ] Safepoint "Cleanup", Time since last: 1501381656 ns, Reaching safepoint: 131354 ns, Cleanup: 93049 ns, At safepoint: 29497 ns, Total: 253900 ns
[2025-12-02T08:10:20.483+0000][10264.968s][debug][safepoint   ] Safepoint synchronization initiated using futex wait barrier. (295 threads)
[2025-12-02T08:10:20.483+0000][10264.968s][info ][safepoint   ] Safepoint "Cleanup", Time since last: 4000520642 ns, Reaching safepoint: 115340 ns, Cleanup: 16492 ns, At safepoint: 5190 ns, Total: 137022 ns
[2025-12-02T08:10:41.316+0000][10285.804s][debug][safepoint   ] Safepoint synchronization initiated using futex wait barrier. (291 threads)
[2025-12-02T08:10:41.316+0000][10285.804s][info ][safepoint   ] Safepoint "Cleanup", Time since last: 20835573761 ns, Reaching safepoint: 126455 ns, Cleanup: 18486 ns, At safepoint: 4709 ns, Total: 149650 ns
[2025-12-02T08:10:43.317+0000][10287.804s][debug][safepoint   ] Safepoint synchronization initiated using futex wait barrier. (291 threads)
[2025-12-02T08:10:43.317+0000][10287.805s][info ][safepoint   ] Safepoint "Cleanup", Time since last: 2000267246 ns, Reaching safepoint: 87099 ns, Cleanup: 30579 ns, At safepoint: 3026 ns, Total: 120704 ns
[2025-12-02T08:10:45.317+0000][10289.805s][debug][safepoint   ] Safepoint synchronization initiated using futex wait barrier. (291 threads)
[2025-12-02T08:10:45.317+0000][10289.805s][info ][safepoint   ] Safepoint "Cleanup", Time since last: 2000286917 ns, Reaching safepoint: 113068 ns, Cleanup: 18375 ns, At safepoint: 6002 ns, Total: 137445 ns
[2025-12-02T08:10:52.318+0000][10296.806s][debug][safepoint   ] Safepoint synchronization initiated using futex wait barrier. (291 threads)
[2025-12-02T08:10:52.318+0000][10296.806s][info ][safepoint   ] Safepoint "Cleanup", Time since last: 7001194358 ns, Reaching safepoint: 175077 ns, Cleanup: 30414 ns, At safepoint: 8625 ns, Total: 214116 ns
[2025-12-02T08:12:16.439+0000][10380.932s][debug][safepoint   ] Safepoint synchronization initiated using futex wait barrier. (282 threads)
[2025-12-02T08:12:16.440+0000][10380.933s][info ][gc,start    ] GC(140) Pause Young (Prepare Mixed) (G1 Evacuation Pause)
[2025-12-02T08:12:16.440+0000][10380.933s][info ][gc,task     ] GC(140) Using 13 workers of 13 for evacuation
[2025-12-02T08:12:16.458+0000][10380.951s][info ][gc,phases   ] GC(140)   Pre Evacuate Collection Set: 0.6ms
[2025-12-02T08:12:16.458+0000][10380.951s][info ][gc,phases   ] GC(140)   Merge Heap Roots: 0.3ms
[2025-12-02T08:12:16.458+0000][10380.951s][info ][gc,phases   ] GC(140)   Evacuate Collection Set: 14.5ms
[2025-12-02T08:12:16.458+0000][10380.951s][info ][gc,phases   ] GC(140)   Post Evacuate Collection Set: 2.4ms
[2025-12-02T08:12:16.458+0000][10380.951s][info ][gc,phases   ] GC(140)   Other: 0.4ms
[2025-12-02T08:12:16.458+0000][10380.951s][info ][gc,heap     ] GC(140) Eden regions: 334->0(24)
[2025-12-02T08:12:16.458+0000][10380.951s][info ][gc,heap     ] GC(140) Survivor regions: 2->4(42)
[2025-12-02T08:12:16.458+0000][10380.951s][info ][gc,heap     ] GC(140) Old regions: 157->157
[2025-12-02T08:12:16.458+0000][10380.951s][info ][gc,heap     ] GC(140) Archive regions: 2->2
[2025-12-02T08:12:16.458+0000][10380.951s][info ][gc,heap     ] GC(140) Humongous regions: 0->0
[2025-12-02T08:12:16.458+0000][10380.951s][info ][gc,metaspace] GC(140) Metaspace: 207481K(208896K)->207481K(208896K) NonClass: 182655K(183424K)->182655K(183424K) Class: 24826K(25472K)->24826K(25472K)
[2025-12-02T08:12:16.458+0000][10380.951s][info ][gc          ] GC(140) Pause Young (Prepare Mixed) (G1 Evacuation Pause) 492M->160M(560M) 18.210ms
[2025-12-02T08:12:16.458+0000][10380.951s][info ][gc,cpu      ] GC(140) User=0.18s Sys=0.00s Real=0.02s
[2025-12-02T08:12:16.459+0000][10380.952s][info ][safepoint   ] Safepoint "G1CollectForAllocation", Time since last: 84125439993 ns, Reaching safepoint: 649823 ns, Cleanup: 6312 ns, At safepoint: 19292467 ns, Total: 19948602 ns
[2025-12-02T08:12:35.250+0000][10399.746s][debug][safepoint   ] Safepoint synchronization initiated using futex wait barrier. (278 threads)
[2025-12-02T08:12:35.251+0000][10399.747s][info ][gc,start    ] GC(141) Pause Young (Mixed) (G1 Evacuation Pause)
[2025-12-02T08:12:35.252+0000][10399.747s][info ][gc,task     ] GC(141) Using 13 workers of 13 for evacuation
[2025-12-02T08:12:35.324+0000][10399.820s][info ][gc,phases   ] GC(141)   Pre Evacuate Collection Set: 0.5ms
[2025-12-02T08:12:35.324+0000][10399.820s][info ][gc,phases   ] GC(141)   Merge Heap Roots: 0.5ms
[2025-12-02T08:12:35.324+0000][10399.820s][info ][gc,phases   ] GC(141)   Evacuate Collection Set: 67.5ms
[2025-12-02T08:12:35.324+0000][10399.820s][info ][gc,phases   ] GC(141)   Post Evacuate Collection Set: 3.6ms
[2025-12-02T08:12:35.324+0000][10399.820s][info ][gc,phases   ] GC(141)   Other: 0.5ms
[2025-12-02T08:12:35.324+0000][10399.820s][info ][gc,heap     ] GC(141) Eden regions: 24->0(335)
[2025-12-02T08:12:35.324+0000][10399.820s][info ][gc,heap     ] GC(141) Survivor regions: 4->1(4)
[2025-12-02T08:12:35.324+0000][10399.820s][info ][gc,heap     ] GC(141) Old regions: 157->159
[2025-12-02T08:12:35.324+0000][10399.820s][info ][gc,heap     ] GC(141) Archive regions: 2->2
[2025-12-02T08:12:35.324+0000][10399.820s][info ][gc,heap     ] GC(141) Humongous regions: 0->0
[2025-12-02T08:12:35.324+0000][10399.820s][info ][gc,metaspace] GC(141) Metaspace: 207482K(208896K)->207482K(208896K) NonClass: 182656K(183424K)->182656K(183424K) Class: 24826K(25472K)->24826K(25472K)
[2025-12-02T08:12:35.324+0000][10399.820s][info ][gc          ] GC(141) Pause Young (Mixed) (G1 Evacuation Pause) 184M->159M(560M) 72.549ms
[2025-12-02T08:12:35.324+0000][10399.820s][info ][gc,cpu      ] GC(141) User=0.83s Sys=0.00s Real=0.08s
[2025-12-02T08:12:35.325+0000][10399.821s][info ][safepoint   ] Safepoint "G1CollectForAllocation", Time since last: 18794058800 ns, Reaching safepoint: 1116231 ns, Cleanup: 21621 ns, At safepoint: 73984499 ns, Total: 75122351 ns
[2025-12-02T08:12:36.325+0000][10400.821s][debug][safepoint   ] Safepoint synchronization initiated using futex wait barrier. (279 threads)
[2025-12-02T08:12:36.326+0000][10400.821s][info ][safepoint   ] Safepoint "Cleanup", Time since last: 1000259170 ns, Reaching safepoint: 93419 ns, Cleanup: 56178 ns, At safepoint: 6412 ns, Total: 156009 ns
[2025-12-02T08:12:48.327+0000][10412.823s][debug][safepoint   ] Safepoint synchronization initiated using futex wait barrier. (279 threads)
[2025-12-02T08:12:48.328+0000][10412.823s][info ][safepoint   ] Safepoint "Cleanup", Time since last: 12001792269 ns, Reaching safepoint: 89913 ns, Cleanup: 12734 ns, At safepoint: 2726 ns, Total: 105373 ns
[2025-12-02T08:13:06.330+0000][10430.826s][debug][safepoint   ] Safepoint synchronization initiated using futex wait barrier. (281 threads)
[2025-12-02T08:13:06.330+0000][10430.826s][info ][safepoint   ] Safepoint "Cleanup", Time since last: 18002736684 ns, Reaching safepoint: 86436 ns, Cleanup: 12474 ns, At safepoint: 2876 ns, Total: 101786 ns
[2025-12-02T08:13:28.331+0000][10452.829s][debug][safepoint   ] Safepoint synchronization initiated using futex wait barrier. (281 threads)
[2025-12-02T08:13:28.331+0000][10452.829s][info ][safepoint   ] Safepoint "Cleanup", Time since last: 22003066040 ns, Reaching safepoint: 115680 ns, Cleanup: 14478 ns, At safepoint: 3216 ns, Total: 133374 ns
[2025-12-02T08:14:26.333+0000][10510.838s][debug][safepoint   ] Safepoint synchronization initiated using futex wait barrier. (278 threads)
[2025-12-02T08:14:26.334+0000][10510.838s][info ][safepoint   ] Safepoint "Cleanup", Time since last: 58008224935 ns, Reaching safepoint: 148155 ns, Cleanup: 17784 ns, At safepoint: 5560 ns, Total: 171499 ns
[2025-12-02T08:14:50.337+0000][10534.841s][debug][safepoint   ] Safepoint synchronization initiated using futex wait barrier. (281 threads)
[2025-12-02T08:14:50.337+0000][10534.842s][info ][safepoint   ] Safepoint "Cleanup", Time since last: 24003484314 ns, Reaching safepoint: 149861 ns, Cleanup: 53684 ns, At safepoint: 113339 ns, Total: 316884 ns
[2025-12-02T08:15:22.339+0000][10566.846s][debug][safepoint   ] Safepoint synchronization initiated using futex wait barrier. (282 threads)
[2025-12-02T08:15:22.339+0000][10566.846s][info ][safepoint   ] Safepoint "Cleanup", Time since last: 32004573128 ns, Reaching safepoint: 132310 ns, Cleanup: 16201 ns, At safepoint: 4329 ns, Total: 152840 ns
[2025-12-02T08:16:09.341+0000][10613.853s][debug][safepoint   ] Safepoint synchronization initiated using futex wait barrier. (279 threads)
[2025-12-02T08:16:09.341+0000][10613.854s][debug][safepoint   ] ... found polling page loop exception at pc = 0x0000701419848814, stub =0x0000701418a04400
[2025-12-02T08:16:09.342+0000][10613.855s][info ][safepoint   ] Safepoint "Cleanup", Time since last: 47006964753 ns, Reaching safepoint: 1158459 ns, Cleanup: 30500 ns, At safepoint: 208787 ns, Total: 1397746 ns
[2025-12-02T08:16:41.345+0000][10645.860s][debug][safepoint   ] Safepoint synchronization initiated using futex wait barrier. (278 threads)
[2025-12-02T08:16:41.345+0000][10645.860s][info ][safepoint   ] Safepoint "Cleanup", Time since last: 32005054168 ns, Reaching safepoint: 79154 ns, Cleanup: 14017 ns, At safepoint: 24438 ns, Total: 117609 ns
[2025-12-02T08:16:59.344+0000][10663.862s][debug][safepoint   ] Safepoint synchronization initiated using futex wait barrier. (281 threads)
[2025-12-02T08:16:59.345+0000][10663.862s][info ][safepoint   ] Safepoint "Cleanup", Time since last: 18002269898 ns, Reaching safepoint: 144931 ns, Cleanup: 22153 ns, At safepoint: 4228 ns, Total: 171312 ns
[2025-12-02T08:17:12.715+0000][10677.233s][debug][safepoint   ] Safepoint synchronization initiated using futex wait barrier. (279 threads)
[2025-12-02T08:17:12.716+0000][10677.233s][info ][gc,start    ] GC(142) Pause Young (Concurrent Start) (G1 Evacuation Pause)
[2025-12-02T08:17:12.716+0000][10677.233s][info ][gc,task     ] GC(142) Using 13 workers of 13 for evacuation
[2025-12-02T08:17:12.740+0000][10677.258s][info ][gc,phases   ] GC(142)   Pre Evacuate Collection Set: 1.4ms
[2025-12-02T08:17:12.740+0000][10677.258s][info ][gc,phases   ] GC(142)   Merge Heap Roots: 0.3ms
[2025-12-02T08:17:12.740+0000][10677.258s][info ][gc,phases   ] GC(142)   Evacuate Collection Set: 17.4ms
[2025-12-02T08:17:12.740+0000][10677.258s][info ][gc,phases   ] GC(142)   Post Evacuate Collection Set: 2.6ms
[2025-12-02T08:17:12.740+0000][10677.258s][info ][gc,phases   ] GC(142)   Other: 2.9ms
[2025-12-02T08:17:12.740+0000][10677.258s][info ][gc,heap     ] GC(142) Eden regions: 335->0(335)
[2025-12-02T08:17:12.740+0000][10677.258s][info ][gc,heap     ] GC(142) Survivor regions: 1->1(42)
[2025-12-02T08:17:12.740+0000][10677.258s][info ][gc,heap     ] GC(142) Old regions: 159->159
[2025-12-02T08:17:12.740+0000][10677.258s][info ][gc,heap     ] GC(142) Archive regions: 2->2
[2025-12-02T08:17:12.740+0000][10677.258s][info ][gc,heap     ] GC(142) Humongous regions: 0->0
[2025-12-02T08:17:12.740+0000][10677.258s][info ][gc,metaspace] GC(142) Metaspace: 207511K(208896K)->207511K(208896K) NonClass: 182685K(183424K)->182685K(183424K) Class: 24826K(25472K)->24826K(25472K)
[2025-12-02T08:17:12.740+0000][10677.258s][info ][gc          ] GC(142) Pause Young (Concurrent Start) (G1 Evacuation Pause) 494M->160M(560M) 24.671ms
[2025-12-02T08:17:12.741+0000][10677.258s][info ][gc,cpu      ] GC(142) User=0.11s Sys=0.01s Real=0.03s
[2025-12-02T08:17:12.741+0000][10677.258s][info ][gc          ] GC(143) Concurrent Mark Cycle
[2025-12-02T08:17:12.741+0000][10677.258s][info ][gc,marking  ] GC(143) Concurrent Clear Claimed Marks
[2025-12-02T08:17:12.741+0000][10677.259s][info ][safepoint   ] Safepoint "G1CollectForAllocation", Time since last: 13370661641 ns, Reaching safepoint: 161714 ns, Cleanup: 9509 ns, At safepoint: 25868450 ns, Total: 26039673 ns
[2025-12-02T08:17:12.742+0000][10677.260s][info ][gc,marking  ] GC(143) Concurrent Clear Claimed Marks 1.333ms
[2025-12-02T08:17:12.742+0000][10677.260s][info ][gc,marking  ] GC(143) Concurrent Scan Root Regions
[2025-12-02T08:17:12.809+0000][10677.327s][info ][gc,marking  ] GC(143) Concurrent Scan Root Regions 66.928ms
[2025-12-02T08:17:12.809+0000][10677.327s][info ][gc,marking  ] GC(143) Concurrent Mark
[2025-12-02T08:17:12.809+0000][10677.327s][info ][gc,marking  ] GC(143) Concurrent Mark From Roots
[2025-12-02T08:17:12.809+0000][10677.327s][info ][gc,task     ] GC(143) Using 3 workers of 3 for marking
[2025-12-02T08:17:13.163+0000][10677.680s][info ][gc,marking  ] GC(143) Concurrent Mark From Roots 353.641ms
[2025-12-02T08:17:13.163+0000][10677.680s][info ][gc,marking  ] GC(143) Concurrent Preclean
[2025-12-02T08:17:13.164+0000][10677.681s][info ][gc,marking  ] GC(143) Concurrent Preclean 0.729ms
[2025-12-02T08:17:13.164+0000][10677.681s][debug][safepoint   ] Safepoint synchronization initiated using futex wait barrier. (279 threads)
[2025-12-02T08:17:13.164+0000][10677.681s][info ][gc,start    ] GC(143) Pause Remark
[2025-12-02T08:17:13.355+0000][10677.873s][info ][gc          ] GC(143) Pause Remark 166M->166M(560M) 191.061ms
[2025-12-02T08:17:13.355+0000][10677.873s][info ][gc,cpu      ] GC(143) User=2.33s Sys=0.00s Real=0.19s
[2025-12-02T08:17:13.357+0000][10677.874s][info ][safepoint   ] Safepoint "G1PauseRemark", Time since last: 422411285 ns, Reaching safepoint: 62762 ns, Cleanup: 46961 ns, At safepoint: 192772788 ns, Total: 192882511 ns
[2025-12-02T08:17:13.357+0000][10677.874s][info ][gc,marking  ] GC(143) Concurrent Mark 547.663ms
[2025-12-02T08:17:13.357+0000][10677.874s][info ][gc,marking  ] GC(143) Concurrent Rebuild Remembered Sets
[2025-12-02T08:17:13.420+0000][10677.937s][info ][gc,marking  ] GC(143) Concurrent Rebuild Remembered Sets 63.156ms
[2025-12-02T08:17:13.420+0000][10677.938s][debug][safepoint   ] Safepoint synchronization initiated using futex wait barrier. (279 threads)
[2025-12-02T08:17:13.422+0000][10677.940s][info ][gc,start    ] GC(143) Pause Cleanup
[2025-12-02T08:17:13.423+0000][10677.940s][info ][gc          ] GC(143) Pause Cleanup 166M->166M(560M) 0.366ms
[2025-12-02T08:17:13.423+0000][10677.940s][info ][gc,cpu      ] GC(143) User=0.00s Sys=0.00s Real=0.00s
[2025-12-02T08:17:13.423+0000][10677.940s][info ][safepoint   ] Safepoint "G1PauseCleanup", Time since last: 63411364 ns, Reaching safepoint: 2134399 ns, Cleanup: 4899 ns, At safepoint: 513849 ns, Total: 2653147 ns
[2025-12-02T08:17:13.423+0000][10677.940s][info ][gc,marking  ] GC(143) Concurrent Cleanup for Next Mark
[2025-12-02T08:17:13.437+0000][10677.954s][info ][gc,marking  ] GC(143) Concurrent Cleanup for Next Mark 13.984ms
[2025-12-02T08:17:13.437+0000][10677.954s][info ][gc          ] GC(143) Concurrent Mark Cycle 696.124ms
[2025-12-02T08:17:22.426+0000][10686.943s][debug][safepoint   ] Safepoint synchronization initiated using futex wait barrier. (280 threads)
[2025-12-02T08:17:22.427+0000][10686.944s][info ][safepoint   ] Safepoint "Cleanup", Time since last: 9002780117 ns, Reaching safepoint: 726252 ns, Cleanup: 19779 ns, At safepoint: 417943 ns, Total: 1163974 ns
[2025-12-02T08:17:50.554+0000][10715.073s][debug][safepoint   ] Safepoint synchronization initiated using futex wait barrier. (278 threads)
[2025-12-02T08:17:50.554+0000][10715.073s][info ][safepoint   ] Safepoint "Cleanup", Time since last: 28129137378 ns, Reaching safepoint: 102348 ns, Cleanup: 14879 ns, At safepoint: 5521 ns, Total: 122748 ns
[2025-12-02T08:19:57.564+0000][10842.096s][debug][safepoint   ] Safepoint synchronization initiated using futex wait barrier. (277 threads)
[2025-12-02T08:19:57.564+0000][10842.096s][info ][safepoint   ] Safepoint "Cleanup", Time since last: 127022296765 ns, Reaching safepoint: 269711 ns, Cleanup: 29247 ns, At safepoint: 41671 ns, Total: 340629 ns
[2025-12-02T08:21:53.482+0000][10958.021s][debug][safepoint   ] Safepoint synchronization initiated using futex wait barrier. (278 threads)
[2025-12-02T08:21:53.485+0000][10958.024s][info ][gc,start    ] GC(144) Pause Young (Prepare Mixed) (G1 Evacuation Pause)
[2025-12-02T08:21:53.485+0000][10958.024s][info ][gc,task     ] GC(144) Using 13 workers of 13 for evacuation
[2025-12-02T08:21:53.497+0000][10958.036s][info ][gc,phases   ] GC(144)   Pre Evacuate Collection Set: 1.0ms
[2025-12-02T08:21:53.497+0000][10958.036s][info ][gc,phases   ] GC(144)   Merge Heap Roots: 0.4ms
[2025-12-02T08:21:53.497+0000][10958.036s][info ][gc,phases   ] GC(144)   Evacuate Collection Set: 6.2ms
[2025-12-02T08:21:53.497+0000][10958.036s][info ][gc,phases   ] GC(144)   Post Evacuate Collection Set: 3.3ms
[2025-12-02T08:21:53.497+0000][10958.036s][info ][gc,phases   ] GC(144)   Other: 1.4ms
[2025-12-02T08:21:53.497+0000][10958.036s][info ][gc,heap     ] GC(144) Eden regions: 335->0(27)
[2025-12-02T08:21:53.497+0000][10958.036s][info ][gc,heap     ] GC(144) Survivor regions: 1->1(42)
[2025-12-02T08:21:53.497+0000][10958.036s][info ][gc,heap     ] GC(144) Old regions: 159->159
[2025-12-02T08:21:53.497+0000][10958.036s][info ][gc,heap     ] GC(144) Archive regions: 2->2
[2025-12-02T08:21:53.497+0000][10958.036s][info ][gc,heap     ] GC(144) Humongous regions: 0->0
[2025-12-02T08:21:53.497+0000][10958.036s][info ][gc,metaspace] GC(144) Metaspace: 207519K(208896K)->207519K(208896K) NonClass: 182694K(183424K)->182694K(183424K) Class: 24825K(25472K)->24825K(25472K)
[2025-12-02T08:21:53.497+0000][10958.036s][info ][gc          ] GC(144) Pause Young (Prepare Mixed) (G1 Evacuation Pause) 495M->160M(560M) 11.864ms
[2025-12-02T08:21:53.497+0000][10958.036s][info ][gc,cpu      ] GC(144) User=0.10s Sys=0.00s Real=0.01s
[2025-12-02T08:21:53.498+0000][10958.037s][info ][safepoint   ] Safepoint "G1CollectForAllocation", Time since last: 115924918145 ns, Reaching safepoint: 2499946 ns, Cleanup: 39968 ns, At safepoint: 13653692 ns, Total: 16193606 ns
[2025-12-02T08:22:14.866+0000][10979.408s][debug][safepoint   ] Safepoint synchronization initiated using futex wait barrier. (276 threads)
[2025-12-02T08:22:14.866+0000][10979.408s][info ][gc,start    ] GC(145) Pause Young (Mixed) (G1 Evacuation Pause)
[2025-12-02T08:22:14.867+0000][10979.408s][info ][gc,task     ] GC(145) Using 13 workers of 13 for evacuation
[2025-12-02T08:22:14.935+0000][10979.476s][info ][gc,phases   ] GC(145)   Pre Evacuate Collection Set: 0.4ms
[2025-12-02T08:22:14.935+0000][10979.477s][info ][gc,phases   ] GC(145)   Merge Heap Roots: 0.7ms
[2025-12-02T08:22:14.935+0000][10979.477s][info ][gc,phases   ] GC(145)   Evacuate Collection Set: 61.9ms
[2025-12-02T08:22:14.935+0000][10979.477s][info ][gc,phases   ] GC(145)   Post Evacuate Collection Set: 4.9ms
[2025-12-02T08:22:14.935+0000][10979.477s][info ][gc,phases   ] GC(145)   Other: 0.4ms
[2025-12-02T08:22:14.935+0000][10979.477s][info ][gc,heap     ] GC(145) Eden regions: 27->0(335)
[2025-12-02T08:22:14.935+0000][10979.477s][info ][gc,heap     ] GC(145) Survivor regions: 1->1(4)
[2025-12-02T08:22:14.935+0000][10979.477s][info ][gc,heap     ] GC(145) Old regions: 159->157
[2025-12-02T08:22:14.935+0000][10979.477s][info ][gc,heap     ] GC(145) Archive regions: 2->2
[2025-12-02T08:22:14.935+0000][10979.477s][info ][gc,heap     ] GC(145) Humongous regions: 0->0
[2025-12-02T08:22:14.935+0000][10979.477s][info ][gc,metaspace] GC(145) Metaspace: 207520K(208896K)->207520K(208896K) NonClass: 182695K(183424K)->182695K(183424K) Class: 24825K(25472K)->24825K(25472K)
[2025-12-02T08:22:14.935+0000][10979.477s][info ][gc          ] GC(145) Pause Young (Mixed) (G1 Evacuation Pause) 187M->158M(560M) 68.426ms
[2025-12-02T08:22:14.935+0000][10979.477s][info ][gc,cpu      ] GC(145) User=0.74s Sys=0.00s Real=0.07s
[2025-12-02T08:22:14.937+0000][10979.479s][info ][safepoint   ] Safepoint "G1CollectForAllocation", Time since last: 21370801178 ns, Reaching safepoint: 168788 ns, Cleanup: 10130 ns, At safepoint: 70491640 ns, Total: 70670558 ns
[2025-12-02T08:26:05.797+0000][11210.358s][debug][safepoint   ] Safepoint synchronization initiated using futex wait barrier. (277 threads)
[2025-12-02T08:26:05.798+0000][11210.358s][info ][safepoint   ] Safepoint "Cleanup", Time since last: 230879057684 ns, Reaching safepoint: 130964 ns, Cleanup: 13987 ns, At safepoint: 3527 ns, Total: 148478 ns
[2025-12-02T08:26:09.798+0000][11214.358s][debug][safepoint   ] Safepoint synchronization initiated using futex wait barrier. (277 threads)
[2025-12-02T08:26:09.798+0000][11214.359s][info ][safepoint   ] Safepoint "Cleanup", Time since last: 4000568985 ns, Reaching safepoint: 85245 ns, Cleanup: 13837 ns, At safepoint: 3858 ns, Total: 102940 ns
[2025-12-02T08:26:22.801+0000][11227.361s][debug][safepoint   ] Safepoint synchronization initiated using futex wait barrier. (277 threads)
[2025-12-02T08:26:22.801+0000][11227.361s][info ][safepoint   ] Safepoint "Cleanup", Time since last: 13002270598 ns, Reaching safepoint: 140492 ns, Cleanup: 20360 ns, At safepoint: 4278 ns, Total: 165130 ns
[2025-12-02T08:26:42.802+0000][11247.365s][debug][safepoint   ] Safepoint synchronization initiated using futex wait barrier. (277 threads)
[2025-12-02T08:26:42.802+0000][11247.366s][info ][safepoint   ] Safepoint "Cleanup", Time since last: 20004358077 ns, Reaching safepoint: 205678 ns, Cleanup: 31351 ns, At safepoint: 8356 ns, Total: 245385 ns
[2025-12-02T08:26:57.126+0000][11261.691s][debug][safepoint   ] Safepoint synchronization initiated using futex wait barrier. (280 threads)
[2025-12-02T08:26:57.129+0000][11261.694s][info ][gc,start    ] GC(146) Pause Young (Concurrent Start) (G1 Evacuation Pause)
[2025-12-02T08:26:57.129+0000][11261.694s][info ][gc,task     ] GC(146) Using 13 workers of 13 for evacuation
[2025-12-02T08:26:57.151+0000][11261.716s][info ][gc,phases   ] GC(146)   Pre Evacuate Collection Set: 1.0ms
[2025-12-02T08:26:57.151+0000][11261.716s][info ][gc,phases   ] GC(146)   Merge Heap Roots: 0.8ms
[2025-12-02T08:26:57.151+0000][11261.716s][info ][gc,phases   ] GC(146)   Evacuate Collection Set: 12.9ms
[2025-12-02T08:26:57.151+0000][11261.716s][info ][gc,phases   ] GC(146)   Post Evacuate Collection Set: 5.8ms
[2025-12-02T08:26:57.151+0000][11261.716s][info ][gc,phases   ] GC(146)   Other: 1.6ms
[2025-12-02T08:26:57.151+0000][11261.716s][info ][gc,heap     ] GC(146) Eden regions: 335->0(335)
[2025-12-02T08:26:57.151+0000][11261.716s][info ][gc,heap     ] GC(146) Survivor regions: 1->1(42)
[2025-12-02T08:26:57.151+0000][11261.716s][info ][gc,heap     ] GC(146) Old regions: 157->157
[2025-12-02T08:26:57.151+0000][11261.716s][info ][gc,heap     ] GC(146) Archive regions: 2->2
[2025-12-02T08:26:57.151+0000][11261.716s][info ][gc,heap     ] GC(146) Humongous regions: 0->0
[2025-12-02T08:26:57.151+0000][11261.716s][info ][gc,metaspace] GC(146) Metaspace: 207528K(208896K)->207528K(208896K) NonClass: 182702K(183424K)->182702K(183424K) Class: 24825K(25472K)->24825K(25472K)
[2025-12-02T08:26:57.151+0000][11261.716s][info ][gc          ] GC(146) Pause Young (Concurrent Start) (G1 Evacuation Pause) 493M->158M(560M) 22.561ms
[2025-12-02T08:26:57.152+0000][11261.717s][info ][gc,cpu      ] GC(146) User=0.13s Sys=0.01s Real=0.02s
[2025-12-02T08:26:57.152+0000][11261.717s][info ][gc          ] GC(147) Concurrent Mark Cycle
[2025-12-02T08:26:57.152+0000][11261.717s][info ][gc,marking  ] GC(147) Concurrent Clear Claimed Marks
[2025-12-02T08:26:57.152+0000][11261.717s][info ][safepoint   ] Safepoint "G1CollectForAllocation", Time since last: 14325812127 ns, Reaching safepoint: 2266221 ns, Cleanup: 5951 ns, At safepoint: 23695123 ns, Total: 25967295 ns
[2025-12-02T08:26:57.153+0000][11261.718s][info ][gc,marking  ] GC(147) Concurrent Clear Claimed Marks 1.288ms
[2025-12-02T08:26:57.153+0000][11261.718s][info ][gc,marking  ] GC(147) Concurrent Scan Root Regions
[2025-12-02T08:26:57.182+0000][11261.747s][info ][gc,marking  ] GC(147) Concurrent Scan Root Regions 29.025ms
[2025-12-02T08:26:57.182+0000][11261.747s][info ][gc,marking  ] GC(147) Concurrent Mark
[2025-12-02T08:26:57.182+0000][11261.747s][info ][gc,marking  ] GC(147) Concurrent Mark From Roots
[2025-12-02T08:26:57.182+0000][11261.747s][info ][gc,task     ] GC(147) Using 3 workers of 3 for marking
[2025-12-02T08:26:57.394+0000][11261.959s][info ][gc,marking  ] GC(147) Concurrent Mark From Roots 211.302ms
[2025-12-02T08:26:57.394+0000][11261.959s][info ][gc,marking  ] GC(147) Concurrent Preclean
[2025-12-02T08:26:57.394+0000][11261.959s][info ][gc,marking  ] GC(147) Concurrent Preclean 0.503ms
[2025-12-02T08:26:57.394+0000][11261.959s][debug][safepoint   ] Safepoint synchronization initiated using futex wait barrier. (280 threads)
[2025-12-02T08:26:57.395+0000][11261.960s][info ][gc,start    ] GC(147) Pause Remark
[2025-12-02T08:26:57.503+0000][11262.067s][info ][gc          ] GC(147) Pause Remark 164M->164M(557M) 107.919ms
[2025-12-02T08:26:57.503+0000][11262.068s][info ][gc,cpu      ] GC(147) User=1.34s Sys=0.00s Real=0.10s
[2025-12-02T08:26:57.504+0000][11262.069s][info ][safepoint   ] Safepoint "G1PauseRemark", Time since last: 242060018 ns, Reaching safepoint: 45668 ns, Cleanup: 4188 ns, At safepoint: 109369326 ns, Total: 109419182 ns
[2025-12-02T08:26:57.504+0000][11262.069s][info ][gc,marking  ] GC(147) Concurrent Mark 321.552ms
[2025-12-02T08:26:57.504+0000][11262.069s][info ][gc,marking  ] GC(147) Concurrent Rebuild Remembered Sets
[2025-12-02T08:26:57.567+0000][11262.132s][info ][gc,marking  ] GC(147) Concurrent Rebuild Remembered Sets 63.339ms
[2025-12-02T08:26:57.567+0000][11262.132s][debug][safepoint   ] Safepoint synchronization initiated using futex wait barrier. (280 threads)
[2025-12-02T08:26:57.568+0000][11262.133s][info ][gc,start    ] GC(147) Pause Cleanup
[2025-12-02T08:26:57.568+0000][11262.133s][info ][gc          ] GC(147) Pause Cleanup 164M->164M(557M) 0.493ms
[2025-12-02T08:26:57.568+0000][11262.133s][info ][gc,cpu      ] GC(147) User=0.00s Sys=0.00s Real=0.00s
[2025-12-02T08:26:57.568+0000][11262.133s][info ][safepoint   ] Safepoint "G1PauseCleanup", Time since last: 63572798 ns, Reaching safepoint: 40448 ns, Cleanup: 28646 ns, At safepoint: 760143 ns, Total: 829237 ns
[2025-12-02T08:26:57.568+0000][11262.133s][info ][gc,marking  ] GC(147) Concurrent Cleanup for Next Mark
[2025-12-02T08:26:57.582+0000][11262.146s][info ][gc,marking  ] GC(147) Concurrent Cleanup for Next Mark 13.145ms
[2025-12-02T08:26:57.582+0000][11262.147s][info ][gc          ] GC(147) Concurrent Mark Cycle 429.722ms
[2025-12-02T08:28:21.904+0000][11346.473s][debug][safepoint   ] Safepoint synchronization initiated using futex wait barrier. (276 threads)
[2025-12-02T08:28:21.904+0000][11346.474s][info ][safepoint   ] Safepoint "Cleanup", Time since last: 84340154087 ns, Reaching safepoint: 80967 ns, Cleanup: 15470 ns, At safepoint: 3035 ns, Total: 99472 ns
[2025-12-02T08:30:46.994+0000][11491.575s][debug][safepoint   ] Safepoint synchronization initiated using futex wait barrier. (285 threads)
[2025-12-02T08:30:46.994+0000][11491.575s][info ][safepoint   ] Safepoint "Cleanup", Time since last: 145101437457 ns, Reaching safepoint: 192723 ns, Cleanup: 124010 ns, At safepoint: 5922 ns, Total: 322655 ns
[2025-12-02T08:30:51.995+0000][11496.576s][debug][safepoint   ] Safepoint synchronization initiated using futex wait barrier. (283 threads)
[2025-12-02T08:30:51.995+0000][11496.577s][info ][safepoint   ] Safepoint "Cleanup", Time since last: 5001206521 ns, Reaching safepoint: 100795 ns, Cleanup: 22133 ns, At safepoint: 4008 ns, Total: 126936 ns
[2025-12-02T08:30:52.995+0000][11497.577s][debug][safepoint   ] Safepoint synchronization initiated using futex wait barrier. (283 threads)
[2025-12-02T08:30:52.996+0000][11497.577s][info ][safepoint   ] Safepoint "Cleanup", Time since last: 1000148175 ns, Reaching safepoint: 126756 ns, Cleanup: 32012 ns, At safepoint: 27543 ns, Total: 186311 ns
[2025-12-02T08:30:53.996+0000][11498.577s][debug][safepoint   ] Safepoint synchronization initiated using futex wait barrier. (283 threads)
[2025-12-02T08:30:53.996+0000][11498.577s][info ][safepoint   ] Safepoint "Cleanup", Time since last: 1000184896 ns, Reaching safepoint: 90615 ns, Cleanup: 22444 ns, At safepoint: 3497 ns, Total: 116556 ns
[2025-12-02T08:31:01.995+0000][11506.578s][debug][safepoint   ] Safepoint synchronization initiated using futex wait barrier. (283 threads)
[2025-12-02T08:31:01.995+0000][11506.578s][info ][safepoint   ] Safepoint "Cleanup", Time since last: 8000992662 ns, Reaching safepoint: 86315 ns, Cleanup: 20068 ns, At safepoint: 3347 ns, Total: 109730 ns
[2025-12-02T08:31:16.997+0000][11521.580s][debug][safepoint   ] Safepoint synchronization initiated using futex wait barrier. (283 threads)
[2025-12-02T08:31:16.997+0000][11521.581s][info ][safepoint   ] Safepoint "Cleanup", Time since last: 15001984475 ns, Reaching safepoint: 145262 ns, Cleanup: 22904 ns, At safepoint: 40198 ns, Total: 208364 ns
[2025-12-02T08:31:21.998+0000][11526.581s][debug][safepoint   ] Safepoint synchronization initiated using futex wait barrier. (286 threads)
[2025-12-02T08:31:21.998+0000][11526.581s][info ][safepoint   ] Safepoint "Cleanup", Time since last: 5000732601 ns, Reaching safepoint: 77300 ns, Cleanup: 40679 ns, At safepoint: 4418 ns, Total: 122397 ns
[2025-12-02T08:31:26.327+0000][11530.913s][debug][safepoint   ] Safepoint synchronization initiated using futex wait barrier. (286 threads)
[2025-12-02T08:31:26.327+0000][11530.914s][info ][gc,start    ] GC(148) Pause Young (Prepare Mixed) (G1 Evacuation Pause)
[2025-12-02T08:31:26.327+0000][11530.914s][info ][gc,task     ] GC(148) Using 13 workers of 13 for evacuation
[2025-12-02T08:31:26.341+0000][11530.927s][info ][gc,phases   ] GC(148)   Pre Evacuate Collection Set: 0.8ms
[2025-12-02T08:31:26.341+0000][11530.927s][info ][gc,phases   ] GC(148)   Merge Heap Roots: 0.4ms
[2025-12-02T08:31:26.341+0000][11530.927s][info ][gc,phases   ] GC(148)   Evacuate Collection Set: 9.3ms
[2025-12-02T08:31:26.341+0000][11530.927s][info ][gc,phases   ] GC(148)   Post Evacuate Collection Set: 2.7ms
[2025-12-02T08:31:26.341+0000][11530.927s][info ][gc,phases   ] GC(148)   Other: 0.8ms
[2025-12-02T08:31:26.341+0000][11530.927s][info ][gc,heap     ] GC(148) Eden regions: 335->0(25)
[2025-12-02T08:31:26.341+0000][11530.927s][info ][gc,heap     ] GC(148) Survivor regions: 1->2(42)
[2025-12-02T08:31:26.341+0000][11530.927s][info ][gc,heap     ] GC(148) Old regions: 157->157
[2025-12-02T08:31:26.341+0000][11530.927s][info ][gc,heap     ] GC(148) Archive regions: 2->2
[2025-12-02T08:31:26.341+0000][11530.927s][info ][gc,heap     ] GC(148) Humongous regions: 0->0
[2025-12-02T08:31:26.341+0000][11530.927s][info ][gc,metaspace] GC(148) Metaspace: 207620K(208960K)->207620K(208960K) NonClass: 182793K(183488K)->182793K(183488K) Class: 24827K(25472K)->24827K(25472K)
[2025-12-02T08:31:26.341+0000][11530.927s][info ][gc          ] GC(148) Pause Young (Prepare Mixed) (G1 Evacuation Pause) 493M->159M(557M) 13.589ms
[2025-12-02T08:31:26.341+0000][11530.927s][info ][gc,cpu      ] GC(148) User=0.13s Sys=0.00s Real=0.01s
[2025-12-02T08:31:26.342+0000][11530.928s][info ][safepoint   ] Safepoint "G1CollectForAllocation", Time since last: 4331231035 ns, Reaching safepoint: 337632 ns, Cleanup: 9669 ns, At safepoint: 15122561 ns, Total: 15469862 ns
[2025-12-02T08:31:37.343+0000][11541.930s][debug][safepoint   ] Safepoint synchronization initiated using futex wait barrier. (283 threads)
[2025-12-02T08:31:37.344+0000][11541.930s][info ][safepoint   ] Safepoint "Cleanup", Time since last: 11001480431 ns, Reaching safepoint: 107609 ns, Cleanup: 14257 ns, At safepoint: 4319 ns, Total: 126185 ns
[2025-12-02T08:31:45.133+0000][11549.719s][debug][safepoint   ] Safepoint synchronization initiated using futex wait barrier. (283 threads)
[2025-12-02T08:31:45.133+0000][11549.719s][info ][gc,start    ] GC(149) Pause Young (Mixed) (G1 Evacuation Pause)
[2025-12-02T08:31:45.133+0000][11549.719s][info ][gc,task     ] GC(149) Using 13 workers of 13 for evacuation
[2025-12-02T08:31:45.167+0000][11549.753s][info ][gc,phases   ] GC(149)   Pre Evacuate Collection Set: 0.4ms
[2025-12-02T08:31:45.167+0000][11549.753s][info ][gc,phases   ] GC(149)   Merge Heap Roots: 0.7ms
[2025-12-02T08:31:45.167+0000][11549.753s][info ][gc,phases   ] GC(149)   Evacuate Collection Set: 28.6ms
[2025-12-02T08:31:45.167+0000][11549.753s][info ][gc,phases   ] GC(149)   Post Evacuate Collection Set: 3.7ms
[2025-12-02T08:31:45.167+0000][11549.753s][info ][gc,phases   ] GC(149)   Other: 0.3ms
[2025-12-02T08:31:45.167+0000][11549.753s][info ][gc,heap     ] GC(149) Eden regions: 25->0(331)
[2025-12-02T08:31:45.167+0000][11549.753s][info ][gc,heap     ] GC(149) Survivor regions: 2->3(4)
[2025-12-02T08:31:45.167+0000][11549.753s][info ][gc,heap     ] GC(149) Old regions: 157->156
[2025-12-02T08:31:45.167+0000][11549.753s][info ][gc,heap     ] GC(149) Archive regions: 2->2
[2025-12-02T08:31:45.167+0000][11549.753s][info ][gc,heap     ] GC(149) Humongous regions: 0->0
[2025-12-02T08:31:45.167+0000][11549.753s][info ][gc,metaspace] GC(149) Metaspace: 207628K(208960K)->207628K(208960K) NonClass: 182801K(183488K)->182801K(183488K) Class: 24827K(25472K)->24827K(25472K)
[2025-12-02T08:31:45.167+0000][11549.753s][info ][gc          ] GC(149) Pause Young (Mixed) (G1 Evacuation Pause) 184M->158M(557M) 33.753ms
[2025-12-02T08:31:45.167+0000][11549.753s][info ][gc,cpu      ] GC(149) User=0.36s Sys=0.00s Real=0.03s
[2025-12-02T08:31:45.168+0000][11549.754s][info ][safepoint   ] Safepoint "G1CollectForAllocation", Time since last: 7789147191 ns, Reaching safepoint: 112488 ns, Cleanup: 5230 ns, At safepoint: 35341060 ns, Total: 35458778 ns
[2025-12-02T08:31:46.168+0000][11550.755s][debug][safepoint   ] Safepoint synchronization initiated using futex wait barrier. (283 threads)
[2025-12-02T08:31:46.169+0000][11550.755s][info ][safepoint   ] Safepoint "Cleanup", Time since last: 1000265934 ns, Reaching safepoint: 94062 ns, Cleanup: 14388 ns, At safepoint: 4388 ns, Total: 112838 ns
[2025-12-02T08:32:02.169+0000][11566.757s][debug][safepoint   ] Safepoint synchronization initiated using futex wait barrier. (283 threads)
[2025-12-02T08:32:02.169+0000][11566.757s][info ][safepoint   ] Safepoint "Cleanup", Time since last: 16002124818 ns, Reaching safepoint: 109823 ns, Cleanup: 14839 ns, At safepoint: 4699 ns, Total: 129361 ns
[2025-12-02T08:32:22.171+0000][11586.759s][debug][safepoint   ] Safepoint synchronization initiated using futex wait barrier. (282 threads)
[2025-12-02T08:32:22.172+0000][11586.760s][info ][safepoint   ] Safepoint "Cleanup", Time since last: 20002339175 ns, Reaching safepoint: 298749 ns, Cleanup: 27303 ns, At safepoint: 151543 ns, Total: 477595 ns
[2025-12-02T08:33:07.055+0000][11631.648s][debug][safepoint   ] Safepoint synchronization initiated using futex wait barrier. (281 threads)
[2025-12-02T08:33:07.055+0000][11631.648s][info ][safepoint   ] Safepoint "Cleanup", Time since last: 44887751990 ns, Reaching safepoint: 167935 ns, Cleanup: 17805 ns, At safepoint: 5951 ns, Total: 191691 ns
[2025-12-02T08:34:09.089+0000][11693.686s][debug][safepoint   ] Safepoint synchronization initiated using futex wait barrier. (281 threads)
[2025-12-02T08:34:09.089+0000][11693.686s][info ][safepoint   ] Safepoint "Cleanup", Time since last: 62038119935 ns, Reaching safepoint: 90866 ns, Cleanup: 40779 ns, At safepoint: 4729 ns, Total: 136374 ns
[2025-12-02T08:34:32.129+0000][11716.729s][debug][safepoint   ] Safepoint synchronization initiated using futex wait barrier. (286 threads)
[2025-12-02T08:34:32.129+0000][11716.729s][info ][safepoint   ] Safepoint "Cleanup", Time since last: 23042796375 ns, Reaching safepoint: 93150 ns, Cleanup: 45588 ns, At safepoint: 4028 ns, Total: 142766 ns
[2025-12-02T08:36:11.800+0000][11816.406s][debug][safepoint   ] Safepoint synchronization initiated using futex wait barrier. (280 threads)
[2025-12-02T08:36:11.805+0000][11816.411s][info ][gc,start    ] GC(150) Pause Young (Concurrent Start) (G1 Evacuation Pause)
[2025-12-02T08:36:11.805+0000][11816.411s][info ][gc,task     ] GC(150) Using 13 workers of 13 for evacuation
[2025-12-02T08:36:11.924+0000][11816.531s][info ][gc,phases   ] GC(150)   Pre Evacuate Collection Set: 24.9ms
[2025-12-02T08:36:11.924+0000][11816.531s][info ][gc,phases   ] GC(150)   Merge Heap Roots: 3.0ms
[2025-12-02T08:36:11.924+0000][11816.531s][info ][gc,phases   ] GC(150)   Evacuate Collection Set: 65.0ms
[2025-12-02T08:36:11.924+0000][11816.531s][info ][gc,phases   ] GC(150)   Post Evacuate Collection Set: 17.0ms
[2025-12-02T08:36:11.924+0000][11816.531s][info ][gc,phases   ] GC(150)   Other: 14.0ms
[2025-12-02T08:36:11.924+0000][11816.531s][info ][gc,heap     ] GC(150) Eden regions: 331->0(331)
[2025-12-02T08:36:11.925+0000][11816.531s][info ][gc,heap     ] GC(150) Survivor regions: 3->3(42)
[2025-12-02T08:36:11.925+0000][11816.531s][info ][gc,heap     ] GC(150) Old regions: 156->156
[2025-12-02T08:36:11.925+0000][11816.531s][info ][gc,heap     ] GC(150) Archive regions: 2->2
[2025-12-02T08:36:11.925+0000][11816.531s][info ][gc,heap     ] GC(150) Humongous regions: 0->0
[2025-12-02T08:36:11.925+0000][11816.531s][info ][gc,metaspace] GC(150) Metaspace: 207677K(209088K)->207677K(209088K) NonClass: 182849K(183616K)->182849K(183616K) Class: 24828K(25472K)->24828K(25472K)
[2025-12-02T08:36:11.925+0000][11816.531s][info ][gc          ] GC(150) Pause Young (Concurrent Start) (G1 Evacuation Pause) 489M->159M(557M) 120.053ms
[2025-12-02T08:36:11.925+0000][11816.531s][info ][gc,cpu      ] GC(150) User=0.85s Sys=0.04s Real=0.12s
[2025-12-02T08:36:11.926+0000][11816.532s][info ][gc          ] GC(151) Concurrent Mark Cycle
[2025-12-02T08:36:11.926+0000][11816.532s][info ][gc,marking  ] GC(151) Concurrent Clear Claimed Marks
[2025-12-02T08:36:11.927+0000][11816.533s][info ][safepoint   ] Safepoint "G1CollectForAllocation", Time since last: 99677286109 ns, Reaching safepoint: 323816 ns, Cleanup: 26892 ns, At safepoint: 126612475 ns, Total: 126963183 ns
[2025-12-02T08:36:11.927+0000][11816.533s][info ][gc,marking  ] GC(151) Concurrent Clear Claimed Marks 0.930ms
[2025-12-02T08:36:11.927+0000][11816.533s][info ][gc,marking  ] GC(151) Concurrent Scan Root Regions
[2025-12-02T08:36:12.027+0000][11816.633s][info ][gc,marking  ] GC(151) Concurrent Scan Root Regions 99.575ms
[2025-12-02T08:36:12.027+0000][11816.633s][info ][gc,marking  ] GC(151) Concurrent Mark
[2025-12-02T08:36:12.027+0000][11816.633s][info ][gc,marking  ] GC(151) Concurrent Mark From Roots
[2025-12-02T08:36:12.027+0000][11816.633s][info ][gc,task     ] GC(151) Using 3 workers of 3 for marking
[2025-12-02T08:36:12.488+0000][11817.094s][info ][gc,marking  ] GC(151) Concurrent Mark From Roots 460.849ms
[2025-12-02T08:36:12.488+0000][11817.094s][info ][gc,marking  ] GC(151) Concurrent Preclean
[2025-12-02T08:36:12.488+0000][11817.095s][info ][gc,marking  ] GC(151) Concurrent Preclean 0.752ms
[2025-12-02T08:36:12.489+0000][11817.095s][debug][safepoint   ] Safepoint synchronization initiated using futex wait barrier. (280 threads)
[2025-12-02T08:36:12.489+0000][11817.095s][info ][gc,start    ] GC(151) Pause Remark
[2025-12-02T08:36:12.675+0000][11817.281s][info ][gc          ] GC(151) Pause Remark 165M->165M(557M) 185.986ms
[2025-12-02T08:36:12.675+0000][11817.281s][info ][gc,cpu      ] GC(151) User=2.35s Sys=0.00s Real=0.19s
[2025-12-02T08:36:12.677+0000][11817.283s][info ][safepoint   ] Safepoint "G1PauseRemark", Time since last: 561669100 ns, Reaching safepoint: 66699 ns, Cleanup: 40950 ns, At safepoint: 188331106 ns, Total: 188438755 ns
[2025-12-02T08:36:12.677+0000][11817.283s][info ][gc,marking  ] GC(151) Concurrent Mark 650.417ms
[2025-12-02T08:36:12.677+0000][11817.283s][info ][gc,marking  ] GC(151) Concurrent Rebuild Remembered Sets
[2025-12-02T08:36:12.747+0000][11817.353s][info ][gc,marking  ] GC(151) Concurrent Rebuild Remembered Sets 69.530ms
[2025-12-02T08:36:12.747+0000][11817.353s][debug][safepoint   ] Safepoint synchronization initiated using futex wait barrier. (280 threads)
[2025-12-02T08:36:12.747+0000][11817.353s][info ][gc,start    ] GC(151) Pause Cleanup
[2025-12-02T08:36:12.748+0000][11817.355s][info ][gc          ] GC(151) Pause Cleanup 165M->165M(557M) 1.306ms
[2025-12-02T08:36:12.748+0000][11817.355s][info ][gc,cpu      ] GC(151) User=0.00s Sys=0.00s Real=0.00s
[2025-12-02T08:36:12.748+0000][11817.355s][info ][safepoint   ] Safepoint "G1PauseCleanup", Time since last: 69776519 ns, Reaching safepoint: 194887 ns, Cleanup: 4369 ns, At safepoint: 1457219 ns, Total: 1656475 ns
[2025-12-02T08:36:12.748+0000][11817.355s][info ][gc,marking  ] GC(151) Concurrent Cleanup for Next Mark
[2025-12-02T08:36:12.766+0000][11817.372s][info ][gc,marking  ] GC(151) Concurrent Cleanup for Next Mark 17.149ms
[2025-12-02T08:36:12.766+0000][11817.372s][info ][gc          ] GC(151) Concurrent Mark Cycle 839.739ms
[2025-12-02T08:40:14.773+0000][12059.397s][debug][safepoint   ] Safepoint synchronization initiated using futex wait barrier. (277 threads)
[2025-12-02T08:40:14.774+0000][12059.397s][info ][safepoint   ] Safepoint "Cleanup", Time since last: 242041963483 ns, Reaching safepoint: 237779 ns, Cleanup: 25449 ns, At safepoint: 6954 ns, Total: 270182 ns
[2025-12-02T08:40:50.196+0000][12094.821s][debug][safepoint   ] Safepoint synchronization initiated using futex wait barrier. (277 threads)
[2025-12-02T08:40:50.197+0000][12094.822s][info ][gc,start    ] GC(152) Pause Young (Prepare Mixed) (G1 Evacuation Pause)
[2025-12-02T08:40:50.197+0000][12094.822s][info ][gc,task     ] GC(152) Using 13 workers of 13 for evacuation
[2025-12-02T08:40:50.218+0000][12094.844s][info ][gc,phases   ] GC(152)   Pre Evacuate Collection Set: 0.7ms
[2025-12-02T08:40:50.218+0000][12094.844s][info ][gc,phases   ] GC(152)   Merge Heap Roots: 0.7ms
[2025-12-02T08:40:50.218+0000][12094.844s][info ][gc,phases   ] GC(152)   Evacuate Collection Set: 16.1ms
[2025-12-02T08:40:50.218+0000][12094.844s][info ][gc,phases   ] GC(152)   Post Evacuate Collection Set: 4.0ms
[2025-12-02T08:40:50.218+0000][12094.844s][info ][gc,phases   ] GC(152)   Other: 0.9ms
[2025-12-02T08:40:50.218+0000][12094.844s][info ][gc,heap     ] GC(152) Eden regions: 331->0(24)
[2025-12-02T08:40:50.218+0000][12094.844s][info ][gc,heap     ] GC(152) Survivor regions: 3->3(42)
[2025-12-02T08:40:50.218+0000][12094.844s][info ][gc,heap     ] GC(152) Old regions: 156->156
[2025-12-02T08:40:50.218+0000][12094.844s][info ][gc,heap     ] GC(152) Archive regions: 2->2
[2025-12-02T08:40:50.219+0000][12094.844s][info ][gc,heap     ] GC(152) Humongous regions: 0->0
[2025-12-02T08:40:50.219+0000][12094.844s][info ][gc,metaspace] GC(152) Metaspace: 207677K(209088K)->207677K(209088K) NonClass: 182849K(183616K)->182849K(183616K) Class: 24828K(25472K)->24828K(25472K)
[2025-12-02T08:40:50.219+0000][12094.844s][info ][gc          ] GC(152) Pause Young (Prepare Mixed) (G1 Evacuation Pause) 490M->159M(557M) 21.935ms
[2025-12-02T08:40:50.219+0000][12094.844s][info ][gc,cpu      ] GC(152) User=0.24s Sys=0.00s Real=0.02s
[2025-12-02T08:40:50.220+0000][12094.846s][info ][safepoint   ] Safepoint "G1CollectForAllocation", Time since last: 35424525665 ns, Reaching safepoint: 281524 ns, Cleanup: 7404 ns, At safepoint: 23771046 ns, Total: 24059974 ns
[2025-12-02T08:41:09.172+0000][12113.799s][debug][safepoint   ] Safepoint synchronization initiated using futex wait barrier. (280 threads)
[2025-12-02T08:41:09.172+0000][12113.800s][info ][gc,start    ] GC(153) Pause Young (Mixed) (G1 Evacuation Pause)
[2025-12-02T08:41:09.172+0000][12113.800s][info ][gc,task     ] GC(153) Using 13 workers of 13 for evacuation
[2025-12-02T08:41:09.221+0000][12113.848s][info ][gc,phases   ] GC(153)   Pre Evacuate Collection Set: 0.4ms
[2025-12-02T08:41:09.221+0000][12113.848s][info ][gc,phases   ] GC(153)   Merge Heap Roots: 0.3ms
[2025-12-02T08:41:09.221+0000][12113.848s][info ][gc,phases   ] GC(153)   Evacuate Collection Set: 43.8ms
[2025-12-02T08:41:09.221+0000][12113.848s][info ][gc,phases   ] GC(153)   Post Evacuate Collection Set: 3.6ms
[2025-12-02T08:41:09.221+0000][12113.848s][info ][gc,phases   ] GC(153)   Other: 0.3ms
[2025-12-02T08:41:09.221+0000][12113.848s][info ][gc,heap     ] GC(153) Eden regions: 24->0(331)
[2025-12-02T08:41:09.221+0000][12113.848s][info ][gc,heap     ] GC(153) Survivor regions: 3->3(4)
[2025-12-02T08:41:09.221+0000][12113.848s][info ][gc,heap     ] GC(153) Old regions: 156->156
[2025-12-02T08:41:09.221+0000][12113.848s][info ][gc,heap     ] GC(153) Archive regions: 2->2
[2025-12-02T08:41:09.221+0000][12113.848s][info ][gc,heap     ] GC(153) Humongous regions: 0->0
[2025-12-02T08:41:09.221+0000][12113.848s][info ][gc,metaspace] GC(153) Metaspace: 207681K(209088K)->207681K(209088K) NonClass: 182852K(183616K)->182852K(183616K) Class: 24828K(25472K)->24828K(25472K)
[2025-12-02T08:41:09.221+0000][12113.848s][info ][gc          ] GC(153) Pause Young (Mixed) (G1 Evacuation Pause) 183M->158M(557M) 48.468ms
[2025-12-02T08:41:09.221+0000][12113.849s][info ][gc,cpu      ] GC(153) User=0.56s Sys=0.00s Real=0.04s
[2025-12-02T08:41:09.222+0000][12113.850s][info ][safepoint   ] Safepoint "G1CollectForAllocation", Time since last: 18953860765 ns, Reaching safepoint: 442474 ns, Cleanup: 29127 ns, At safepoint: 50014476 ns, Total: 50486077 ns
[2025-12-02T08:41:22.224+0000][12126.852s][debug][safepoint   ] Safepoint synchronization initiated using futex wait barrier. (282 threads)
[2025-12-02T08:41:22.224+0000][12126.852s][info ][safepoint   ] Safepoint "Cleanup", Time since last: 13001899661 ns, Reaching safepoint: 103078 ns, Cleanup: 14919 ns, At safepoint: 3657 ns, Total: 121654 ns
[2025-12-02T08:44:51.435+0000][12336.077s][debug][safepoint   ] Safepoint synchronization initiated using futex wait barrier. (281 threads)
[2025-12-02T08:44:51.435+0000][12336.077s][info ][safepoint   ] Safepoint "Cleanup", Time since last: 209224697978 ns, Reaching safepoint: 182091 ns, Cleanup: 16792 ns, At safepoint: 3978 ns, Total: 202861 ns
[2025-12-02T08:45:18.436+0000][12363.080s][debug][safepoint   ] Safepoint synchronization initiated using futex wait barrier. (280 threads)
[2025-12-02T08:45:18.436+0000][12363.080s][info ][safepoint   ] Safepoint "Cleanup", Time since last: 27003569449 ns, Reaching safepoint: 122456 ns, Cleanup: 14488 ns, At safepoint: 5100 ns, Total: 142044 ns
[2025-12-02T08:45:47.245+0000][12391.891s][debug][safepoint   ] Safepoint synchronization initiated using futex wait barrier. (280 threads)
[2025-12-02T08:45:47.246+0000][12391.892s][info ][gc,start    ] GC(154) Pause Young (Concurrent Start) (G1 Evacuation Pause)
[2025-12-02T08:45:47.246+0000][12391.892s][info ][gc,task     ] GC(154) Using 13 workers of 13 for evacuation
[2025-12-02T08:45:47.397+0000][12392.043s][info ][gc,phases   ] GC(154)   Pre Evacuate Collection Set: 31.9ms
[2025-12-02T08:45:47.397+0000][12392.043s][info ][gc,phases   ] GC(154)   Merge Heap Roots: 1.9ms
[2025-12-02T08:45:47.397+0000][12392.043s][info ][gc,phases   ] GC(154)   Evacuate Collection Set: 87.9ms
[2025-12-02T08:45:47.397+0000][12392.043s][info ][gc,phases   ] GC(154)   Post Evacuate Collection Set: 22.1ms
[2025-12-02T08:45:47.397+0000][12392.043s][info ][gc,phases   ] GC(154)   Other: 7.4ms
[2025-12-02T08:45:47.397+0000][12392.043s][info ][gc,heap     ] GC(154) Eden regions: 331->0(331)
[2025-12-02T08:45:47.397+0000][12392.043s][info ][gc,heap     ] GC(154) Survivor regions: 3->3(42)
[2025-12-02T08:45:47.397+0000][12392.043s][info ][gc,heap     ] GC(154) Old regions: 156->156
[2025-12-02T08:45:47.397+0000][12392.043s][info ][gc,heap     ] GC(154) Archive regions: 2->2
[2025-12-02T08:45:47.397+0000][12392.043s][info ][gc,heap     ] GC(154) Humongous regions: 0->0
[2025-12-02T08:45:47.397+0000][12392.043s][info ][gc,metaspace] GC(154) Metaspace: 207687K(209088K)->207687K(209088K) NonClass: 182858K(183616K)->182858K(183616K) Class: 24828K(25472K)->24828K(25472K)
[2025-12-02T08:45:47.397+0000][12392.044s][info ][gc          ] GC(154) Pause Young (Concurrent Start) (G1 Evacuation Pause) 489M->158M(557M) 151.565ms
[2025-12-02T08:45:47.398+0000][12392.044s][info ][gc,cpu      ] GC(154) User=0.83s Sys=0.00s Real=0.15s
[2025-12-02T08:45:47.398+0000][12392.044s][info ][gc          ] GC(155) Concurrent Mark Cycle
[2025-12-02T08:45:47.398+0000][12392.044s][info ][gc,marking  ] GC(155) Concurrent Clear Claimed Marks
[2025-12-02T08:45:47.398+0000][12392.045s][info ][safepoint   ] Safepoint "G1CollectForAllocation", Time since last: 28810707310 ns, Reaching safepoint: 96816 ns, Cleanup: 45107 ns, At safepoint: 153202298 ns, Total: 153344221 ns
[2025-12-02T08:45:47.399+0000][12392.045s][info ][gc,marking  ] GC(155) Concurrent Clear Claimed Marks 0.742ms
[2025-12-02T08:45:47.399+0000][12392.045s][info ][gc,marking  ] GC(155) Concurrent Scan Root Regions
[2025-12-02T08:45:47.546+0000][12392.192s][info ][gc,marking  ] GC(155) Concurrent Scan Root Regions 147.153ms
[2025-12-02T08:45:47.546+0000][12392.192s][info ][gc,marking  ] GC(155) Concurrent Mark
[2025-12-02T08:45:47.546+0000][12392.192s][info ][gc,marking  ] GC(155) Concurrent Mark From Roots
[2025-12-02T08:45:47.546+0000][12392.192s][info ][gc,task     ] GC(155) Using 3 workers of 3 for marking
[2025-12-02T08:45:48.033+0000][12392.679s][info ][gc,marking  ] GC(155) Concurrent Mark From Roots 486.957ms
[2025-12-02T08:45:48.033+0000][12392.679s][info ][gc,marking  ] GC(155) Concurrent Preclean
[2025-12-02T08:45:48.034+0000][12392.680s][info ][gc,marking  ] GC(155) Concurrent Preclean 0.688ms
[2025-12-02T08:45:48.034+0000][12392.680s][debug][safepoint   ] Safepoint synchronization initiated using futex wait barrier. (280 threads)
[2025-12-02T08:45:48.034+0000][12392.680s][info ][gc,start    ] GC(155) Pause Remark
[2025-12-02T08:45:48.865+0000][12393.511s][info ][gc,mmu      ] GC(155) MMU target violated: 501.0ms (500.0ms/501.0ms)
[2025-12-02T08:45:48.865+0000][12393.511s][info ][gc          ] GC(155) Pause Remark 165M->165M(557M) 830.897ms
[2025-12-02T08:45:48.865+0000][12393.511s][info ][gc,cpu      ] GC(155) User=7.79s Sys=0.00s Real=0.83s
[2025-12-02T08:45:48.867+0000][12393.513s][info ][safepoint   ] Safepoint "G1PauseRemark", Time since last: 635562306 ns, Reaching safepoint: 44306 ns, Cleanup: 34145 ns, At safepoint: 833295905 ns, Total: 833374356 ns
[2025-12-02T08:45:48.867+0000][12393.514s][info ][gc,marking  ] GC(155) Concurrent Mark 1321.339ms
[2025-12-02T08:45:48.867+0000][12393.514s][info ][gc,marking  ] GC(155) Concurrent Rebuild Remembered Sets
[2025-12-02T08:45:48.945+0000][12393.591s][info ][gc,marking  ] GC(155) Concurrent Rebuild Remembered Sets 77.821ms
[2025-12-02T08:45:48.945+0000][12393.592s][debug][safepoint   ] Safepoint synchronization initiated using futex wait barrier. (280 threads)
[2025-12-02T08:45:49.207+0000][12393.853s][info ][gc,start    ] GC(155) Pause Cleanup
[2025-12-02T08:45:49.207+0000][12393.853s][info ][gc          ] GC(155) Pause Cleanup 165M->165M(557M) 0.628ms
[2025-12-02T08:45:49.207+0000][12393.854s][info ][gc,cpu      ] GC(155) User=0.00s Sys=0.00s Real=0.00s
[2025-12-02T08:45:49.209+0000][12393.855s][info ][safepoint   ] Safepoint "G1PauseCleanup", Time since last: 78100196 ns, Reaching safepoint: 261181713 ns, Cleanup: 8887 ns, At safepoint: 2294781 ns, Total: 263485381 ns
[2025-12-02T08:45:49.209+0000][12393.855s][info ][gc,marking  ] GC(155) Concurrent Cleanup for Next Mark
[2025-12-02T08:45:49.229+0000][12393.875s][info ][gc,marking  ] GC(155) Concurrent Cleanup for Next Mark 20.011ms
[2025-12-02T08:45:49.229+0000][12393.875s][info ][gc          ] GC(155) Concurrent Mark Cycle 1831.098ms
[2025-12-02T08:45:52.209+0000][12396.856s][debug][safepoint   ] Safepoint synchronization initiated using futex wait barrier. (279 threads)
[2025-12-02T08:45:52.210+0000][12396.856s][info ][safepoint   ] Safepoint "Cleanup", Time since last: 3000483223 ns, Reaching safepoint: 118898 ns, Cleanup: 20029 ns, At safepoint: 4468 ns, Total: 143395 ns
[2025-12-02T08:46:14.210+0000][12418.858s][debug][safepoint   ] Safepoint synchronization initiated using futex wait barrier. (278 threads)
[2025-12-02T08:46:14.210+0000][12418.858s][info ][safepoint   ] Safepoint "Cleanup", Time since last: 22002603077 ns, Reaching safepoint: 82619 ns, Cleanup: 13205 ns, At safepoint: 3477 ns, Total: 99301 ns
[2025-12-02T08:46:51.501+0000][12456.151s][debug][safepoint   ] Safepoint synchronization initiated using futex wait barrier. (279 threads)
[2025-12-02T08:46:51.501+0000][12456.151s][info ][safepoint   ] Safepoint "Cleanup", Time since last: 37292978966 ns, Reaching safepoint: 93009 ns, Cleanup: 13837 ns, At safepoint: 2735 ns, Total: 109581 ns
[2025-12-02T08:47:21.504+0000][12486.156s][debug][safepoint   ] Safepoint synchronization initiated using futex wait barrier. (283 threads)
[2025-12-02T08:47:21.506+0000][12486.158s][info ][safepoint   ] Safepoint "Cleanup", Time since last: 30004377225 ns, Reaching safepoint: 2303824 ns, Cleanup: 21080 ns, At safepoint: 146360 ns, Total: 2471264 ns
[2025-12-02T08:47:28.505+0000][12493.159s][debug][safepoint   ] Safepoint synchronization initiated using futex wait barrier. (283 threads)
[2025-12-02T08:47:28.505+0000][12493.159s][info ][safepoint   ] Safepoint "Cleanup", Time since last: 7000871059 ns, Reaching safepoint: 89653 ns, Cleanup: 13195 ns, At safepoint: 3377 ns, Total: 106225 ns
[2025-12-02T08:48:23.510+0000][12548.167s][debug][safepoint   ] Safepoint synchronization initiated using futex wait barrier. (275 threads)
[2025-12-02T08:48:23.510+0000][12548.167s][info ][safepoint   ] Safepoint "Cleanup", Time since last: 55007495294 ns, Reaching safepoint: 118398 ns, Cleanup: 15460 ns, At safepoint: 3717 ns, Total: 137575 ns
[2025-12-02T08:50:24.699+0000][12669.364s][debug][safepoint   ] Safepoint synchronization initiated using futex wait barrier. (276 threads)
[2025-12-02T08:50:24.699+0000][12669.364s][info ][gc,start    ] GC(156) Pause Young (Prepare Mixed) (G1 Evacuation Pause)
[2025-12-02T08:50:24.699+0000][12669.364s][info ][gc,task     ] GC(156) Using 13 workers of 13 for evacuation
[2025-12-02T08:50:24.712+0000][12669.377s][info ][gc,phases   ] GC(156)   Pre Evacuate Collection Set: 0.7ms
[2025-12-02T08:50:24.712+0000][12669.377s][info ][gc,phases   ] GC(156)   Merge Heap Roots: 0.9ms
[2025-12-02T08:50:24.712+0000][12669.377s][info ][gc,phases   ] GC(156)   Evacuate Collection Set: 8.1ms
[2025-12-02T08:50:24.712+0000][12669.377s][info ][gc,phases   ] GC(156)   Post Evacuate Collection Set: 2.8ms
[2025-12-02T08:50:24.712+0000][12669.377s][info ][gc,phases   ] GC(156)   Other: 0.2ms
[2025-12-02T08:50:24.712+0000][12669.377s][info ][gc,heap     ] GC(156) Eden regions: 331->0(24)
[2025-12-02T08:50:24.712+0000][12669.377s][info ][gc,heap     ] GC(156) Survivor regions: 3->3(42)
[2025-12-02T08:50:24.712+0000][12669.377s][info ][gc,heap     ] GC(156) Old regions: 156->156
[2025-12-02T08:50:24.712+0000][12669.377s][info ][gc,heap     ] GC(156) Archive regions: 2->2
[2025-12-02T08:50:24.712+0000][12669.377s][info ][gc,heap     ] GC(156) Humongous regions: 0->0
[2025-12-02T08:50:24.712+0000][12669.377s][info ][gc,metaspace] GC(156) Metaspace: 207654K(209088K)->207654K(209088K) NonClass: 182836K(183616K)->182836K(183616K) Class: 24817K(25472K)->24817K(25472K)
[2025-12-02T08:50:24.712+0000][12669.377s][info ][gc          ] GC(156) Pause Young (Prepare Mixed) (G1 Evacuation Pause) 489M->158M(557M) 12.872ms
[2025-12-02T08:50:24.712+0000][12669.377s][info ][gc,cpu      ] GC(156) User=0.11s Sys=0.01s Real=0.01s
[2025-12-02T08:50:24.713+0000][12669.377s][info ][safepoint   ] Safepoint "G1CollectForAllocation", Time since last: 121196719281 ns, Reaching safepoint: 103940 ns, Cleanup: 5931 ns, At safepoint: 13589879 ns, Total: 13699750 ns
[2025-12-02T08:50:25.713+0000][12670.378s][debug][safepoint   ] Safepoint synchronization initiated using futex wait barrier. (276 threads)
[2025-12-02T08:50:25.713+0000][12670.378s][info ][safepoint   ] Safepoint "Cleanup", Time since last: 1000222434 ns, Reaching safepoint: 91586 ns, Cleanup: 14698 ns, At safepoint: 4409 ns, Total: 110693 ns
[2025-12-02T08:50:43.709+0000][12688.375s][debug][safepoint   ] Safepoint synchronization initiated using futex wait barrier. (276 threads)
[2025-12-02T08:50:43.709+0000][12688.376s][info ][gc,start    ] GC(157) Pause Young (Mixed) (G1 Evacuation Pause)
[2025-12-02T08:50:43.710+0000][12688.376s][info ][gc,task     ] GC(157) Using 13 workers of 13 for evacuation
[2025-12-02T08:50:43.817+0000][12688.483s][info ][gc,phases   ] GC(157)   Pre Evacuate Collection Set: 0.4ms
[2025-12-02T08:50:43.817+0000][12688.483s][info ][gc,phases   ] GC(157)   Merge Heap Roots: 0.8ms
[2025-12-02T08:50:43.817+0000][12688.483s][info ][gc,phases   ] GC(157)   Evacuate Collection Set: 101.9ms
[2025-12-02T08:50:43.817+0000][12688.483s][info ][gc,phases   ] GC(157)   Post Evacuate Collection Set: 3.9ms
[2025-12-02T08:50:43.817+0000][12688.483s][info ][gc,phases   ] GC(157)   Other: 0.8ms
[2025-12-02T08:50:43.817+0000][12688.483s][info ][gc,heap     ] GC(157) Eden regions: 24->0(332)
[2025-12-02T08:50:43.817+0000][12688.483s][info ][gc,heap     ] GC(157) Survivor regions: 3->2(4)
[2025-12-02T08:50:43.817+0000][12688.483s][info ][gc,heap     ] GC(157) Old regions: 156->156
[2025-12-02T08:50:43.817+0000][12688.483s][info ][gc,heap     ] GC(157) Archive regions: 2->2
[2025-12-02T08:50:43.817+0000][12688.483s][info ][gc,heap     ] GC(157) Humongous regions: 0->0
[2025-12-02T08:50:43.817+0000][12688.483s][info ][gc,metaspace] GC(157) Metaspace: 207654K(209088K)->207654K(209088K) NonClass: 182836K(183616K)->182836K(183616K) Class: 24817K(25472K)->24817K(25472K)
[2025-12-02T08:50:43.817+0000][12688.483s][info ][gc          ] GC(157) Pause Young (Mixed) (G1 Evacuation Pause) 182M->158M(557M) 107.811ms
[2025-12-02T08:50:43.817+0000][12688.483s][info ][gc,cpu      ] GC(157) User=0.78s Sys=0.00s Real=0.11s
[2025-12-02T08:50:43.819+0000][12688.485s][info ][safepoint   ] Safepoint "G1CollectForAllocation", Time since last: 17997518961 ns, Reaching safepoint: 151302 ns, Cleanup: 7514 ns, At safepoint: 109335689 ns, Total: 109494505 ns
[2025-12-02T08:50:51.820+0000][12696.486s][debug][safepoint   ] Safepoint synchronization initiated using futex wait barrier. (279 threads)
[2025-12-02T08:50:51.820+0000][12696.486s][info ][safepoint   ] Safepoint "Cleanup", Time since last: 8001025708 ns, Reaching safepoint: 85073 ns, Cleanup: 12394 ns, At safepoint: 2766 ns, Total: 100233 ns
[2025-12-02T08:52:26.834+0000][12791.508s][debug][safepoint   ] Safepoint synchronization initiated using futex wait barrier. (276 threads)
[2025-12-02T08:52:26.834+0000][12791.509s][info ][safepoint   ] Safepoint "Cleanup", Time since last: 95022508045 ns, Reaching safepoint: 289468 ns, Cleanup: 19267 ns, At safepoint: 9749 ns, Total: 318484 ns
[2025-12-02T08:53:54.842+0000][12879.521s][debug][safepoint   ] Safepoint synchronization initiated using futex wait barrier. (277 threads)
[2025-12-02T08:53:54.843+0000][12879.521s][info ][safepoint   ] Safepoint "Cleanup", Time since last: 88012035181 ns, Reaching safepoint: 256544 ns, Cleanup: 26171 ns, At safepoint: 8045 ns, Total: 290760 ns
[2025-12-02T08:55:21.854+0000][12966.539s][debug][safepoint   ] Safepoint synchronization initiated using futex wait barrier. (278 threads)
[2025-12-02T08:55:21.856+0000][12966.540s][info ][safepoint   ] Safepoint "Cleanup", Time since last: 87017608217 ns, Reaching safepoint: 1403068 ns, Cleanup: 49826 ns, At safepoint: 424538 ns, Total: 1877432 ns
[2025-12-02T08:55:22.917+0000][12967.602s][debug][safepoint   ] Safepoint synchronization initiated using futex wait barrier. (278 threads)
[2025-12-02T08:55:22.918+0000][12967.602s][info ][gc,start    ] GC(158) Pause Young (Concurrent Start) (G1 Evacuation Pause)
[2025-12-02T08:55:22.918+0000][12967.602s][info ][gc,task     ] GC(158) Using 13 workers of 13 for evacuation
[2025-12-02T08:55:22.944+0000][12967.628s][info ][gc,phases   ] GC(158)   Pre Evacuate Collection Set: 1.9ms
[2025-12-02T08:55:22.944+0000][12967.628s][info ][gc,phases   ] GC(158)   Merge Heap Roots: 0.7ms
[2025-12-02T08:55:22.944+0000][12967.628s][info ][gc,phases   ] GC(158)   Evacuate Collection Set: 17.1ms
[2025-12-02T08:55:22.944+0000][12967.628s][info ][gc,phases   ] GC(158)   Post Evacuate Collection Set: 4.2ms
[2025-12-02T08:55:22.944+0000][12967.628s][info ][gc,phases   ] GC(158)   Other: 2.3ms
[2025-12-02T08:55:22.944+0000][12967.628s][info ][gc,heap     ] GC(158) Eden regions: 332->0(332)
[2025-12-02T08:55:22.944+0000][12967.628s][info ][gc,heap     ] GC(158) Survivor regions: 2->2(42)
[2025-12-02T08:55:22.944+0000][12967.628s][info ][gc,heap     ] GC(158) Old regions: 156->156
[2025-12-02T08:55:22.944+0000][12967.628s][info ][gc,heap     ] GC(158) Archive regions: 2->2
[2025-12-02T08:55:22.944+0000][12967.628s][info ][gc,heap     ] GC(158) Humongous regions: 0->0
[2025-12-02T08:55:22.944+0000][12967.628s][info ][gc,metaspace] GC(158) Metaspace: 207666K(209088K)->207666K(209088K) NonClass: 182848K(183616K)->182848K(183616K) Class: 24817K(25472K)->24817K(25472K)
[2025-12-02T08:55:22.944+0000][12967.629s][info ][gc          ] GC(158) Pause Young (Concurrent Start) (G1 Evacuation Pause) 490M->158M(557M) 26.358ms
[2025-12-02T08:55:22.944+0000][12967.629s][info ][gc,cpu      ] GC(158) User=0.14s Sys=0.00s Real=0.02s
[2025-12-02T08:55:22.944+0000][12967.629s][info ][gc          ] GC(159) Concurrent Mark Cycle
[2025-12-02T08:55:22.945+0000][12967.629s][info ][safepoint   ] Safepoint "G1CollectForAllocation", Time since last: 1061460870 ns, Reaching safepoint: 90434 ns, Cleanup: 5491 ns, At safepoint: 27231482 ns, Total: 27327407 ns
[2025-12-02T08:55:22.946+0000][12967.631s][info ][gc,marking  ] GC(159) Concurrent Clear Claimed Marks
[2025-12-02T08:55:22.947+0000][12967.631s][info ][gc,marking  ] GC(159) Concurrent Clear Claimed Marks 0.687ms
[2025-12-02T08:55:22.947+0000][12967.631s][info ][gc,marking  ] GC(159) Concurrent Scan Root Regions
[2025-12-02T08:55:23.032+0000][12967.717s][info ][gc,marking  ] GC(159) Concurrent Scan Root Regions 85.200ms
[2025-12-02T08:55:23.032+0000][12967.717s][info ][gc,marking  ] GC(159) Concurrent Mark
[2025-12-02T08:55:23.032+0000][12967.717s][info ][gc,marking  ] GC(159) Concurrent Mark From Roots
[2025-12-02T08:55:23.032+0000][12967.717s][info ][gc,task     ] GC(159) Using 3 workers of 3 for marking
[2025-12-02T08:55:23.386+0000][12968.071s][info ][gc,marking  ] GC(159) Concurrent Mark From Roots 353.812ms
[2025-12-02T08:55:23.386+0000][12968.071s][info ][gc,marking  ] GC(159) Concurrent Preclean
[2025-12-02T08:55:23.386+0000][12968.071s][info ][gc,marking  ] GC(159) Concurrent Preclean 0.463ms
[2025-12-02T08:55:23.387+0000][12968.071s][debug][safepoint   ] Safepoint synchronization initiated using futex wait barrier. (278 threads)
[2025-12-02T08:55:23.387+0000][12968.071s][info ][gc,start    ] GC(159) Pause Remark
[2025-12-02T08:55:23.569+0000][12968.254s][info ][gc          ] GC(159) Pause Remark 164M->164M(557M) 182.584ms
[2025-12-02T08:55:23.570+0000][12968.254s][info ][gc,cpu      ] GC(159) User=2.33s Sys=0.00s Real=0.18s
[2025-12-02T08:55:23.571+0000][12968.256s][info ][safepoint   ] Safepoint "G1PauseRemark", Time since last: 441880382 ns, Reaching safepoint: 40498 ns, Cleanup: 29046 ns, At safepoint: 184443772 ns, Total: 184513316 ns
[2025-12-02T08:55:23.571+0000][12968.256s][info ][gc,marking  ] GC(159) Concurrent Mark 539.038ms
[2025-12-02T08:55:23.571+0000][12968.256s][info ][gc,marking  ] GC(159) Concurrent Rebuild Remembered Sets
[2025-12-02T08:55:23.632+0000][12968.317s][info ][gc,marking  ] GC(159) Concurrent Rebuild Remembered Sets 61.104ms
[2025-12-02T08:55:23.632+0000][12968.317s][debug][safepoint   ] Safepoint synchronization initiated using futex wait barrier. (278 threads)
[2025-12-02T08:55:23.633+0000][12968.317s][info ][gc,start    ] GC(159) Pause Cleanup
[2025-12-02T08:55:23.633+0000][12968.318s][info ][gc          ] GC(159) Pause Cleanup 164M->164M(557M) 0.376ms
[2025-12-02T08:55:23.633+0000][12968.318s][info ][gc,cpu      ] GC(159) User=0.00s Sys=0.00s Real=0.00s
[2025-12-02T08:55:23.633+0000][12968.318s][info ][safepoint   ] Safepoint "G1PauseCleanup", Time since last: 61383005 ns, Reaching safepoint: 41610 ns, Cleanup: 3006 ns, At safepoint: 547194 ns, Total: 591810 ns
[2025-12-02T08:55:23.638+0000][12968.323s][info ][gc,marking  ] GC(159) Concurrent Cleanup for Next Mark
[2025-12-02T08:55:23.652+0000][12968.337s][info ][gc,marking  ] GC(159) Concurrent Cleanup for Next Mark 14.015ms
[2025-12-02T08:55:23.652+0000][12968.337s][info ][gc          ] GC(159) Concurrent Mark Cycle 707.752ms
[2025-12-02T08:57:57.643+0000][13122.340s][debug][safepoint   ] Safepoint synchronization initiated using futex wait barrier. (277 threads)
[2025-12-02T08:57:57.644+0000][13122.340s][info ][safepoint   ] Safepoint "Cleanup", Time since last: 154022227316 ns, Reaching safepoint: 133587 ns, Cleanup: 15079 ns, At safepoint: 5510 ns, Total: 154176 ns
[2025-12-02T08:58:04.645+0000][13129.341s][debug][safepoint   ] Safepoint synchronization initiated using futex wait barrier. (278 threads)
[2025-12-02T08:58:04.645+0000][13129.341s][info ][safepoint   ] Safepoint "Cleanup", Time since last: 7001141716 ns, Reaching safepoint: 114710 ns, Cleanup: 24938 ns, At safepoint: 3888 ns, Total: 143536 ns
[2025-12-02T08:58:11.646+0000][13136.343s][debug][safepoint   ] Safepoint synchronization initiated using futex wait barrier. (278 threads)
[2025-12-02T08:58:11.646+0000][13136.343s][info ][safepoint   ] Safepoint "Cleanup", Time since last: 7001240173 ns, Reaching safepoint: 143707 ns, Cleanup: 22343 ns, At safepoint: 4739 ns, Total: 170789 ns
[2025-12-02T08:59:36.511+0000][13221.213s][debug][safepoint   ] Safepoint synchronization initiated using futex wait barrier. (278 threads)
[2025-12-02T08:59:36.511+0000][13221.214s][info ][gc,start    ] GC(160) Pause Young (Prepare Mixed) (G1 Evacuation Pause)
[2025-12-02T08:59:36.511+0000][13221.214s][info ][gc,task     ] GC(160) Using 13 workers of 13 for evacuation
[2025-12-02T08:59:36.521+0000][13221.224s][info ][gc,phases   ] GC(160)   Pre Evacuate Collection Set: 0.4ms
[2025-12-02T08:59:36.521+0000][13221.224s][info ][gc,phases   ] GC(160)   Merge Heap Roots: 0.2ms
[2025-12-02T08:59:36.521+0000][13221.224s][info ][gc,phases   ] GC(160)   Evacuate Collection Set: 5.9ms
[2025-12-02T08:59:36.521+0000][13221.224s][info ][gc,phases   ] GC(160)   Post Evacuate Collection Set: 2.6ms
[2025-12-02T08:59:36.521+0000][13221.224s][info ][gc,phases   ] GC(160)   Other: 0.8ms
[2025-12-02T08:59:36.521+0000][13221.224s][info ][gc,heap     ] GC(160) Eden regions: 332->0(25)
[2025-12-02T08:59:36.521+0000][13221.224s][info ][gc,heap     ] GC(160) Survivor regions: 2->2(42)
[2025-12-02T08:59:36.521+0000][13221.224s][info ][gc,heap     ] GC(160) Old regions: 156->156
[2025-12-02T08:59:36.521+0000][13221.224s][info ][gc,heap     ] GC(160) Archive regions: 2->2
[2025-12-02T08:59:36.521+0000][13221.224s][info ][gc,heap     ] GC(160) Humongous regions: 0->0
[2025-12-02T08:59:36.521+0000][13221.224s][info ][gc,metaspace] GC(160) Metaspace: 207680K(209088K)->207680K(209088K) NonClass: 182862K(183616K)->182862K(183616K) Class: 24817K(25472K)->24817K(25472K)
[2025-12-02T08:59:36.521+0000][13221.224s][info ][gc          ] GC(160) Pause Young (Prepare Mixed) (G1 Evacuation Pause) 490M->158M(557M) 10.031ms
[2025-12-02T08:59:36.521+0000][13221.224s][info ][gc,cpu      ] GC(160) User=0.07s Sys=0.01s Real=0.01s
[2025-12-02T08:59:36.522+0000][13221.225s][info ][safepoint   ] Safepoint "G1CollectForAllocation", Time since last: 84870737035 ns, Reaching safepoint: 151631 ns, Cleanup: 6593 ns, At safepoint: 11050565 ns, Total: 11208789 ns
[2025-12-02T08:59:37.522+0000][13222.225s][debug][safepoint   ] Safepoint synchronization initiated using futex wait barrier. (278 threads)
[2025-12-02T08:59:37.522+0000][13222.225s][info ][safepoint   ] Safepoint "Cleanup", Time since last: 1000198167 ns, Reaching safepoint: 188483 ns, Cleanup: 58132 ns, At safepoint: 26201 ns, Total: 272816 ns
[2025-12-02T08:59:46.602+0000][13231.305s][debug][safepoint   ] Safepoint synchronization initiated using futex wait barrier. (278 threads)
[2025-12-02T08:59:46.602+0000][13231.305s][info ][gc,start    ] GC(161) Pause Young (Mixed) (G1 Evacuation Pause)
[2025-12-02T08:59:46.602+0000][13231.305s][info ][gc,task     ] GC(161) Using 13 workers of 13 for evacuation
[2025-12-02T08:59:46.633+0000][13231.336s][info ][gc,phases   ] GC(161)   Pre Evacuate Collection Set: 0.8ms
[2025-12-02T08:59:46.633+0000][13231.336s][info ][gc,phases   ] GC(161)   Merge Heap Roots: 0.4ms
[2025-12-02T08:59:46.633+0000][13231.336s][info ][gc,phases   ] GC(161)   Evacuate Collection Set: 26.8ms
[2025-12-02T08:59:46.633+0000][13231.336s][info ][gc,phases   ] GC(161)   Post Evacuate Collection Set: 2.7ms
[2025-12-02T08:59:46.633+0000][13231.336s][info ][gc,phases   ] GC(161)   Other: 0.5ms
[2025-12-02T08:59:46.633+0000][13231.336s][info ][gc,heap     ] GC(161) Eden regions: 25->0(332)
[2025-12-02T08:59:46.633+0000][13231.336s][info ][gc,heap     ] GC(161) Survivor regions: 2->2(4)
[2025-12-02T08:59:46.633+0000][13231.336s][info ][gc,heap     ] GC(161) Old regions: 156->156
[2025-12-02T08:59:46.633+0000][13231.336s][info ][gc,heap     ] GC(161) Archive regions: 2->2
[2025-12-02T08:59:46.633+0000][13231.336s][info ][gc,heap     ] GC(161) Humongous regions: 0->0
[2025-12-02T08:59:46.633+0000][13231.336s][info ][gc,metaspace] GC(161) Metaspace: 207680K(209088K)->207680K(209088K) NonClass: 182862K(183616K)->182862K(183616K) Class: 24817K(25472K)->24817K(25472K)
[2025-12-02T08:59:46.633+0000][13231.336s][info ][gc          ] GC(161) Pause Young (Mixed) (G1 Evacuation Pause) 183M->157M(557M) 31.195ms
[2025-12-02T08:59:46.633+0000][13231.336s][info ][gc,cpu      ] GC(161) User=0.31s Sys=0.00s Real=0.03s
[2025-12-02T08:59:46.635+0000][13231.338s][info ][safepoint   ] Safepoint "G1CollectForAllocation", Time since last: 9079407141 ns, Reaching safepoint: 154809 ns, Cleanup: 6262 ns, At safepoint: 33088603 ns, Total: 33249674 ns
[2025-12-02T09:00:22.638+0000][13267.343s][debug][safepoint   ] Safepoint synchronization initiated using futex wait barrier. (278 threads)
[2025-12-02T09:00:22.638+0000][13267.343s][info ][safepoint   ] Safepoint "Cleanup", Time since last: 36004867651 ns, Reaching safepoint: 146793 ns, Cleanup: 15300 ns, At safepoint: 5049 ns, Total: 167142 ns
[2025-12-02T09:00:33.939+0000][13278.645s][debug][safepoint   ] Safepoint synchronization initiated using futex wait barrier. (278 threads)
[2025-12-02T09:00:33.940+0000][13278.646s][info ][safepoint   ] Safepoint "Cleanup", Time since last: 11302365564 ns, Reaching safepoint: 1027229 ns, Cleanup: 16041 ns, At safepoint: 207009 ns, Total: 1250279 ns
[2025-12-02T09:00:54.943+0000][13299.649s][debug][safepoint   ] Safepoint synchronization initiated using futex wait barrier. (278 threads)
[2025-12-02T09:00:54.943+0000][13299.649s][info ][safepoint   ] Safepoint "Cleanup", Time since last: 21002875363 ns, Reaching safepoint: 170318 ns, Cleanup: 15731 ns, At safepoint: 5620 ns, Total: 191669 ns
[2025-12-02T09:01:20.941+0000][13325.653s][debug][safepoint   ] Safepoint synchronization initiated using futex wait barrier. (282 threads)
[2025-12-02T09:01:20.941+0000][13325.654s][info ][safepoint   ] Safepoint "Cleanup", Time since last: 26003923259 ns, Reaching safepoint: 214424 ns, Cleanup: 56078 ns, At safepoint: 4939 ns, Total: 275441 ns
[2025-12-02T09:01:21.941+0000][13326.654s][debug][safepoint   ] Safepoint synchronization initiated using futex wait barrier. (284 threads)
[2025-12-02T09:01:21.941+0000][13326.654s][info ][safepoint   ] Safepoint "Cleanup", Time since last: 1000206105 ns, Reaching safepoint: 198963 ns, Cleanup: 37532 ns, At safepoint: 5932 ns, Total: 242427 ns
[2025-12-02T09:01:26.959+0000][13331.674s][debug][safepoint   ] Safepoint synchronization initiated using futex wait barrier. (284 threads)
[2025-12-02T09:01:26.959+0000][13331.674s][info ][safepoint   ] Safepoint "Cleanup", Time since last: 5019929753 ns, Reaching safepoint: 147704 ns, Cleanup: 33094 ns, At safepoint: 4399 ns, Total: 185197 ns
[2025-12-02T09:03:55.981+0000][13480.703s][debug][safepoint   ] Safepoint synchronization initiated using futex wait barrier. (277 threads)
[2025-12-02T09:03:55.989+0000][13480.711s][info ][safepoint   ] Safepoint "Cleanup", Time since last: 149028492306 ns, Reaching safepoint: 7905305 ns, Cleanup: 60947 ns, At safepoint: 120551 ns, Total: 8086803 ns
[2025-12-02T09:04:21.103+0000][13505.826s][debug][safepoint   ] Safepoint synchronization initiated using futex wait barrier. (277 threads)
[2025-12-02T09:04:21.104+0000][13505.827s][info ][gc,start    ] GC(162) Pause Young (Concurrent Start) (G1 Evacuation Pause)
[2025-12-02T09:04:21.104+0000][13505.827s][info ][gc,task     ] GC(162) Using 13 workers of 13 for evacuation
[2025-12-02T09:04:21.179+0000][13505.902s][info ][gc,phases   ] GC(162)   Pre Evacuate Collection Set: 7.3ms
[2025-12-02T09:04:21.179+0000][13505.902s][info ][gc,phases   ] GC(162)   Merge Heap Roots: 0.4ms
[2025-12-02T09:04:21.179+0000][13505.902s][info ][gc,phases   ] GC(162)   Evacuate Collection Set: 56.1ms
[2025-12-02T09:04:21.179+0000][13505.902s][info ][gc,phases   ] GC(162)   Post Evacuate Collection Set: 6.6ms
[2025-12-02T09:04:21.179+0000][13505.902s][info ][gc,phases   ] GC(162)   Other: 4.3ms
[2025-12-02T09:04:21.179+0000][13505.902s][info ][gc,heap     ] GC(162) Eden regions: 332->0(332)
[2025-12-02T09:04:21.179+0000][13505.902s][info ][gc,heap     ] GC(162) Survivor regions: 2->2(42)
[2025-12-02T09:04:21.179+0000][13505.902s][info ][gc,heap     ] GC(162) Old regions: 156->156
[2025-12-02T09:04:21.179+0000][13505.902s][info ][gc,heap     ] GC(162) Archive regions: 2->2
[2025-12-02T09:04:21.179+0000][13505.902s][info ][gc,heap     ] GC(162) Humongous regions: 0->0
[2025-12-02T09:04:21.179+0000][13505.902s][info ][gc,metaspace] GC(162) Metaspace: 207717K(209152K)->207717K(209152K) NonClass: 182896K(183680K)->182896K(183680K) Class: 24820K(25472K)->24820K(25472K)
[2025-12-02T09:04:21.180+0000][13505.903s][info ][gc          ] GC(162) Pause Young (Concurrent Start) (G1 Evacuation Pause) 489M->158M(557M) 75.561ms
[2025-12-02T09:04:21.180+0000][13505.903s][info ][gc,cpu      ] GC(162) User=0.29s Sys=0.00s Real=0.08s
[2025-12-02T09:04:21.181+0000][13505.904s][info ][gc          ] GC(163) Concurrent Mark Cycle
[2025-12-02T09:04:21.181+0000][13505.904s][info ][gc,marking  ] GC(163) Concurrent Clear Claimed Marks
[2025-12-02T09:04:21.182+0000][13505.905s][info ][safepoint   ] Safepoint "G1CollectForAllocation", Time since last: 25115601391 ns, Reaching safepoint: 238817 ns, Cleanup: 13767 ns, At safepoint: 77903525 ns, Total: 78156109 ns
[2025-12-02T09:04:21.182+0000][13505.905s][info ][gc,marking  ] GC(163) Concurrent Clear Claimed Marks 1.183ms
[2025-12-02T09:04:21.182+0000][13505.905s][info ][gc,marking  ] GC(163) Concurrent Scan Root Regions
[2025-12-02T09:04:21.396+0000][13506.119s][info ][gc,marking  ] GC(163) Concurrent Scan Root Regions 213.528ms
[2025-12-02T09:04:21.396+0000][13506.119s][info ][gc,marking  ] GC(163) Concurrent Mark
[2025-12-02T09:04:21.396+0000][13506.119s][info ][gc,marking  ] GC(163) Concurrent Mark From Roots
[2025-12-02T09:04:21.396+0000][13506.119s][info ][gc,task     ] GC(163) Using 3 workers of 3 for marking
[2025-12-02T09:04:21.898+0000][13506.621s][info ][gc,marking  ] GC(163) Concurrent Mark From Roots 501.805ms
[2025-12-02T09:04:21.898+0000][13506.621s][info ][gc,marking  ] GC(163) Concurrent Preclean
[2025-12-02T09:04:21.899+0000][13506.622s][info ][gc,marking  ] GC(163) Concurrent Preclean 0.978ms
[2025-12-02T09:04:21.899+0000][13506.622s][debug][safepoint   ] Safepoint synchronization initiated using futex wait barrier. (277 threads)
[2025-12-02T09:04:21.899+0000][13506.622s][info ][gc,start    ] GC(163) Pause Remark
[2025-12-02T09:04:22.557+0000][13507.280s][info ][gc,mmu      ] GC(163) MMU target violated: 501.0ms (500.0ms/501.0ms)
[2025-12-02T09:04:22.557+0000][13507.280s][info ][gc          ] GC(163) Pause Remark 163M->163M(554M) 658.307ms
[2025-12-02T09:04:22.558+0000][13507.281s][info ][gc,cpu      ] GC(163) User=6.45s Sys=0.00s Real=0.66s
[2025-12-02T09:04:22.560+0000][13507.283s][info ][safepoint   ] Safepoint "G1PauseRemark", Time since last: 717323999 ns, Reaching safepoint: 67670 ns, Cleanup: 36409 ns, At safepoint: 661346610 ns, Total: 661450689 ns
[2025-12-02T09:04:22.560+0000][13507.283s][info ][gc,marking  ] GC(163) Concurrent Mark 1164.602ms
[2025-12-02T09:04:22.560+0000][13507.284s][info ][gc,marking  ] GC(163) Concurrent Rebuild Remembered Sets
[2025-12-02T09:04:22.633+0000][13507.356s][info ][gc,marking  ] GC(163) Concurrent Rebuild Remembered Sets 72.325ms
[2025-12-02T09:04:22.633+0000][13507.356s][debug][safepoint   ] Safepoint synchronization initiated using futex wait barrier. (277 threads)
[2025-12-02T09:04:22.828+0000][13507.551s][info ][gc,start    ] GC(163) Pause Cleanup
[2025-12-02T09:04:22.829+0000][13507.552s][info ][gc          ] GC(163) Pause Cleanup 164M->164M(554M) 0.876ms
[2025-12-02T09:04:22.829+0000][13507.552s][info ][gc,cpu      ] GC(163) User=0.00s Sys=0.00s Real=0.00s
[2025-12-02T09:04:22.830+0000][13507.553s][info ][safepoint   ] Safepoint "G1PauseCleanup", Time since last: 72589294 ns, Reaching safepoint: 194632855 ns, Cleanup: 10340 ns, At safepoint: 2640228 ns, Total: 197283423 ns
[2025-12-02T09:04:22.830+0000][13507.553s][info ][gc,marking  ] GC(163) Concurrent Cleanup for Next Mark
[2025-12-02T09:04:22.846+0000][13507.569s][info ][gc,marking  ] GC(163) Concurrent Cleanup for Next Mark 15.532ms
[2025-12-02T09:04:22.846+0000][13507.569s][info ][gc          ] GC(163) Concurrent Mark Cycle 1665.417ms
[2025-12-02T09:04:48.833+0000][13533.557s][debug][safepoint   ] Safepoint synchronization initiated using futex wait barrier. (276 threads)
[2025-12-02T09:04:48.833+0000][13533.557s][info ][safepoint   ] Safepoint "Cleanup", Time since last: 26004075508 ns, Reaching safepoint: 121433 ns, Cleanup: 17303 ns, At safepoint: 5170 ns, Total: 143906 ns
[2025-12-02T09:08:53.899+0000][13778.637s][debug][safepoint   ] Safepoint synchronization initiated using futex wait barrier. (276 threads)
[2025-12-02T09:08:53.901+0000][13778.638s][info ][gc,start    ] GC(164) Pause Young (Prepare Mixed) (G1 Evacuation Pause)
[2025-12-02T09:08:53.901+0000][13778.638s][info ][gc,task     ] GC(164) Using 13 workers of 13 for evacuation
[2025-12-02T09:08:54.025+0000][13778.762s][info ][gc,phases   ] GC(164)   Pre Evacuate Collection Set: 8.2ms
[2025-12-02T09:08:54.025+0000][13778.762s][info ][gc,phases   ] GC(164)   Merge Heap Roots: 4.0ms
[2025-12-02T09:08:54.025+0000][13778.762s][info ][gc,phases   ] GC(164)   Evacuate Collection Set: 93.3ms
[2025-12-02T09:08:54.025+0000][13778.762s][info ][gc,phases   ] GC(164)   Post Evacuate Collection Set: 15.7ms
[2025-12-02T09:08:54.025+0000][13778.762s][info ][gc,phases   ] GC(164)   Other: 3.4ms
[2025-12-02T09:08:54.025+0000][13778.762s][info ][gc,heap     ] GC(164) Eden regions: 330->0(25)
[2025-12-02T09:08:54.025+0000][13778.762s][info ][gc,heap     ] GC(164) Survivor regions: 2->2(42)
[2025-12-02T09:08:54.025+0000][13778.762s][info ][gc,heap     ] GC(164) Old regions: 156->157
[2025-12-02T09:08:54.025+0000][13778.762s][info ][gc,heap     ] GC(164) Archive regions: 2->2
[2025-12-02T09:08:54.025+0000][13778.762s][info ][gc,heap     ] GC(164) Humongous regions: 0->0
[2025-12-02T09:08:54.025+0000][13778.762s][info ][gc,metaspace] GC(164) Metaspace: 207718K(209152K)->207718K(209152K) NonClass: 182896K(183680K)->182896K(183680K) Class: 24821K(25472K)->24821K(25472K)
[2025-12-02T09:08:54.026+0000][13778.763s][info ][gc          ] GC(164) Pause Young (Prepare Mixed) (G1 Evacuation Pause) 488M->158M(554M) 124.604ms
[2025-12-02T09:08:54.026+0000][13778.763s][info ][gc,cpu      ] GC(164) User=0.85s Sys=0.00s Real=0.12s
[2025-12-02T09:08:54.027+0000][13778.764s][info ][safepoint   ] Safepoint "G1CollectForAllocation", Time since last: 245079091334 ns, Reaching safepoint: 684240 ns, Cleanup: 90363 ns, At safepoint: 126768003 ns, Total: 127542606 ns
[2025-12-02T09:09:13.737+0000][13798.476s][debug][safepoint   ] Safepoint synchronization initiated using futex wait barrier. (276 threads)
[2025-12-02T09:09:13.738+0000][13798.476s][info ][gc,start    ] GC(165) Pause Young (Mixed) (G1 Evacuation Pause)
[2025-12-02T09:09:13.738+0000][13798.476s][info ][gc,task     ] GC(165) Using 13 workers of 13 for evacuation
[2025-12-02T09:09:13.896+0000][13798.635s][info ][gc,phases   ] GC(165)   Pre Evacuate Collection Set: 0.5ms
[2025-12-02T09:09:13.896+0000][13798.635s][info ][gc,phases   ] GC(165)   Merge Heap Roots: 1.9ms
[2025-12-02T09:09:13.896+0000][13798.635s][info ][gc,phases   ] GC(165)   Evacuate Collection Set: 148.7ms
[2025-12-02T09:09:13.896+0000][13798.635s][info ][gc,phases   ] GC(165)   Post Evacuate Collection Set: 6.6ms
[2025-12-02T09:09:13.896+0000][13798.635s][info ][gc,phases   ] GC(165)   Other: 0.5ms
[2025-12-02T09:09:13.896+0000][13798.635s][info ][gc,heap     ] GC(165) Eden regions: 25->0(330)
[2025-12-02T09:09:13.896+0000][13798.635s][info ][gc,heap     ] GC(165) Survivor regions: 2->2(4)
[2025-12-02T09:09:13.896+0000][13798.635s][info ][gc,heap     ] GC(165) Old regions: 157->156
[2025-12-02T09:09:13.896+0000][13798.635s][info ][gc,heap     ] GC(165) Archive regions: 2->2
[2025-12-02T09:09:13.896+0000][13798.635s][info ][gc,heap     ] GC(165) Humongous regions: 0->0
[2025-12-02T09:09:13.896+0000][13798.635s][info ][gc,metaspace] GC(165) Metaspace: 207718K(209152K)->207718K(209152K) NonClass: 182896K(183680K)->182896K(183680K) Class: 24821K(25472K)->24821K(25472K)
[2025-12-02T09:09:13.897+0000][13798.635s][info ][gc          ] GC(165) Pause Young (Mixed) (G1 Evacuation Pause) 183M->157M(554M) 158.521ms
[2025-12-02T09:09:13.897+0000][13798.635s][info ][gc,cpu      ] GC(165) User=1.39s Sys=0.00s Real=0.16s
[2025-12-02T09:09:13.898+0000][13798.637s][info ][safepoint   ] Safepoint "G1CollectForAllocation", Time since last: 19711750080 ns, Reaching safepoint: 437236 ns, Cleanup: 32282 ns, At safepoint: 160466899 ns, Total: 160936417 ns
[2025-12-02T09:13:51.180+0000][14075.934s][debug][safepoint   ] Safepoint synchronization initiated using futex wait barrier. (277 threads)
[2025-12-02T09:13:51.185+0000][14075.939s][info ][gc,start    ] GC(166) Pause Young (Concurrent Start) (G1 Evacuation Pause)
[2025-12-02T09:13:51.185+0000][14075.939s][info ][gc,task     ] GC(166) Using 13 workers of 13 for evacuation
[2025-12-02T09:13:51.401+0000][14076.154s][info ][gc,phases   ] GC(166)   Pre Evacuate Collection Set: 39.6ms
[2025-12-02T09:13:51.401+0000][14076.154s][info ][gc,phases   ] GC(166)   Merge Heap Roots: 3.2ms
[2025-12-02T09:13:51.401+0000][14076.154s][info ][gc,phases   ] GC(166)   Evacuate Collection Set: 145.5ms
[2025-12-02T09:13:51.401+0000][14076.154s][info ][gc,phases   ] GC(166)   Post Evacuate Collection Set: 16.4ms
[2025-12-02T09:13:51.401+0000][14076.155s][info ][gc,phases   ] GC(166)   Other: 14.9ms
[2025-12-02T09:13:51.401+0000][14076.155s][info ][gc,heap     ] GC(166) Eden regions: 330->0(330)
[2025-12-02T09:13:51.401+0000][14076.155s][info ][gc,heap     ] GC(166) Survivor regions: 2->2(42)
[2025-12-02T09:13:51.401+0000][14076.155s][info ][gc,heap     ] GC(166) Old regions: 156->156
[2025-12-02T09:13:51.401+0000][14076.155s][info ][gc,heap     ] GC(166) Archive regions: 2->2
[2025-12-02T09:13:51.401+0000][14076.155s][info ][gc,heap     ] GC(166) Humongous regions: 0->0
[2025-12-02T09:13:51.401+0000][14076.155s][info ][gc,metaspace] GC(166) Metaspace: 207719K(209152K)->207719K(209152K) NonClass: 182897K(183680K)->182897K(183680K) Class: 24821K(25472K)->24821K(25472K)
[2025-12-02T09:13:51.402+0000][14076.156s][info ][gc          ] GC(166) Pause Young (Concurrent Start) (G1 Evacuation Pause) 487M->157M(554M) 216.816ms
[2025-12-02T09:13:51.402+0000][14076.156s][info ][gc,cpu      ] GC(166) User=1.03s Sys=0.03s Real=0.21s
[2025-12-02T09:13:51.403+0000][14076.156s][info ][gc          ] GC(167) Concurrent Mark Cycle
[2025-12-02T09:13:51.403+0000][14076.156s][info ][safepoint   ] Safepoint "G1CollectForAllocation", Time since last: 277296274654 ns, Reaching safepoint: 1144591 ns, Cleanup: 178403 ns, At safepoint: 221938625 ns, Total: 223261619 ns
[2025-12-02T09:13:51.403+0000][14076.157s][info ][gc,marking  ] GC(167) Concurrent Clear Claimed Marks
[2025-12-02T09:13:51.404+0000][14076.157s][info ][gc,marking  ] GC(167) Concurrent Clear Claimed Marks 0.644ms
[2025-12-02T09:13:51.404+0000][14076.157s][info ][gc,marking  ] GC(167) Concurrent Scan Root Regions
[2025-12-02T09:13:51.881+0000][14076.635s][info ][gc,marking  ] GC(167) Concurrent Scan Root Regions 477.159ms
[2025-12-02T09:13:51.881+0000][14076.635s][info ][gc,marking  ] GC(167) Concurrent Mark
[2025-12-02T09:13:51.881+0000][14076.635s][info ][gc,marking  ] GC(167) Concurrent Mark From Roots
[2025-12-02T09:13:51.881+0000][14076.635s][info ][gc,task     ] GC(167) Using 3 workers of 3 for marking
[2025-12-02T09:13:53.173+0000][14077.927s][info ][gc,marking  ] GC(167) Concurrent Mark From Roots 1292.170ms
[2025-12-02T09:13:53.173+0000][14077.927s][info ][gc,marking  ] GC(167) Concurrent Preclean
[2025-12-02T09:13:53.174+0000][14077.928s][info ][gc,marking  ] GC(167) Concurrent Preclean 0.836ms
[2025-12-02T09:13:53.174+0000][14077.928s][debug][safepoint   ] Safepoint synchronization initiated using futex wait barrier. (277 threads)
[2025-12-02T09:13:53.174+0000][14077.928s][info ][gc,start    ] GC(167) Pause Remark
[2025-12-02T09:13:53.905+0000][14078.659s][info ][gc,mmu      ] GC(167) MMU target violated: 501.0ms (500.0ms/501.0ms)
[2025-12-02T09:13:53.905+0000][14078.659s][info ][gc          ] GC(167) Pause Remark 163M->163M(554M) 731.121ms
[2025-12-02T09:13:53.906+0000][14078.659s][info ][gc,cpu      ] GC(167) User=9.42s Sys=0.00s Real=0.74s
[2025-12-02T09:13:53.908+0000][14078.661s][info ][safepoint   ] Safepoint "G1PauseRemark", Time since last: 1771509643 ns, Reaching safepoint: 86286 ns, Cleanup: 31851 ns, At safepoint: 733437300 ns, Total: 733555437 ns
[2025-12-02T09:13:53.908+0000][14078.661s][info ][gc,marking  ] GC(167) Concurrent Mark 2026.893ms
[2025-12-02T09:13:53.908+0000][14078.662s][info ][gc,marking  ] GC(167) Concurrent Rebuild Remembered Sets
[2025-12-02T09:13:54.006+0000][14078.760s][info ][gc,marking  ] GC(167) Concurrent Rebuild Remembered Sets 97.947ms
[2025-12-02T09:13:54.006+0000][14078.760s][debug][safepoint   ] Safepoint synchronization initiated using futex wait barrier. (277 threads)
[2025-12-02T09:13:54.006+0000][14078.760s][info ][gc,start    ] GC(167) Pause Cleanup
[2025-12-02T09:13:54.007+0000][14078.761s][info ][gc          ] GC(167) Pause Cleanup 163M->163M(554M) 1.227ms
[2025-12-02T09:13:54.007+0000][14078.761s][info ][gc,cpu      ] GC(167) User=0.01s Sys=0.00s Real=0.00s
[2025-12-02T09:13:54.009+0000][14078.762s][info ][safepoint   ] Safepoint "G1PauseCleanup", Time since last: 98367506 ns, Reaching safepoint: 40308 ns, Cleanup: 2975 ns, At safepoint: 2647238 ns, Total: 2690521 ns
[2025-12-02T09:13:54.009+0000][14078.763s][info ][gc,marking  ] GC(167) Concurrent Cleanup for Next Mark
[2025-12-02T09:13:54.049+0000][14078.803s][info ][gc,marking  ] GC(167) Concurrent Cleanup for Next Mark 40.672ms
[2025-12-02T09:13:54.050+0000][14078.803s][info ][gc          ] GC(167) Concurrent Mark Cycle 2646.955ms
[2025-12-02T09:15:27.015+0000][14171.776s][debug][safepoint   ] Safepoint synchronization initiated using futex wait barrier. (278 threads)
[2025-12-02T09:15:27.015+0000][14171.776s][info ][safepoint   ] Safepoint "Cleanup", Time since last: 93013015916 ns, Reaching safepoint: 205163 ns, Cleanup: 424037 ns, At safepoint: 9087 ns, Total: 638287 ns
[2025-12-02T09:16:17.020+0000][14221.782s][debug][safepoint   ] Safepoint synchronization initiated using futex wait barrier. (277 threads)
[2025-12-02T09:16:17.020+0000][14221.783s][info ][safepoint   ] Safepoint "Cleanup", Time since last: 50006109051 ns, Reaching safepoint: 281170 ns, Cleanup: 17594 ns, At safepoint: 5110 ns, Total: 303874 ns
[2025-12-02T09:17:18.436+0000][14283.202s][debug][safepoint   ] Safepoint synchronization initiated using futex wait barrier. (277 threads)
[2025-12-02T09:17:18.437+0000][14283.203s][info ][safepoint   ] Safepoint "Cleanup", Time since last: 61419762769 ns, Reaching safepoint: 204973 ns, Cleanup: 21831 ns, At safepoint: 5852 ns, Total: 232656 ns
[2025-12-02T09:17:19.437+0000][14284.203s][debug][safepoint   ] Safepoint synchronization initiated using futex wait barrier. (279 threads)
[2025-12-02T09:17:19.437+0000][14284.203s][info ][safepoint   ] Safepoint "Cleanup", Time since last: 1000140456 ns, Reaching safepoint: 166419 ns, Cleanup: 26100 ns, At safepoint: 4339 ns, Total: 196858 ns
[2025-12-02T09:18:16.441+0000][14341.210s][debug][safepoint   ] Safepoint synchronization initiated using futex wait barrier. (277 threads)
[2025-12-02T09:18:16.441+0000][14341.210s][info ][safepoint   ] Safepoint "Cleanup", Time since last: 57007456809 ns, Reaching safepoint: 147102 ns, Cleanup: 14478 ns, At safepoint: 3256 ns, Total: 164836 ns
[2025-12-02T09:18:28.237+0000][14353.008s][debug][safepoint   ] Safepoint synchronization initiated using futex wait barrier. (275 threads)
[2025-12-02T09:18:28.241+0000][14353.012s][info ][gc,start    ] GC(168) Pause Young (Prepare Mixed) (G1 Evacuation Pause)
[2025-12-02T09:18:28.241+0000][14353.012s][info ][gc,task     ] GC(168) Using 13 workers of 13 for evacuation
[2025-12-02T09:18:28.307+0000][14353.078s][info ][gc,phases   ] GC(168)   Pre Evacuate Collection Set: 4.7ms
[2025-12-02T09:18:28.307+0000][14353.078s][info ][gc,phases   ] GC(168)   Merge Heap Roots: 3.1ms
[2025-12-02T09:18:28.307+0000][14353.078s][info ][gc,phases   ] GC(168)   Evacuate Collection Set: 40.8ms
[2025-12-02T09:18:28.307+0000][14353.078s][info ][gc,phases   ] GC(168)   Post Evacuate Collection Set: 15.7ms
[2025-12-02T09:18:28.307+0000][14353.078s][info ][gc,phases   ] GC(168)   Other: 5.3ms
[2025-12-02T09:18:28.307+0000][14353.078s][info ][gc,heap     ] GC(168) Eden regions: 330->0(25)
[2025-12-02T09:18:28.307+0000][14353.078s][info ][gc,heap     ] GC(168) Survivor regions: 2->2(42)
[2025-12-02T09:18:28.307+0000][14353.078s][info ][gc,heap     ] GC(168) Old regions: 156->156
[2025-12-02T09:18:28.307+0000][14353.078s][info ][gc,heap     ] GC(168) Archive regions: 2->2
[2025-12-02T09:18:28.307+0000][14353.078s][info ][gc,heap     ] GC(168) Humongous regions: 0->0
[2025-12-02T09:18:28.307+0000][14353.078s][info ][gc,metaspace] GC(168) Metaspace: 207735K(209152K)->207735K(209152K) NonClass: 182913K(183680K)->182913K(183680K) Class: 24821K(25472K)->24821K(25472K)
[2025-12-02T09:18:28.308+0000][14353.079s][info ][gc          ] GC(168) Pause Young (Prepare Mixed) (G1 Evacuation Pause) 487M->157M(554M) 66.951ms
[2025-12-02T09:18:28.308+0000][14353.079s][info ][gc,cpu      ] GC(168) User=0.62s Sys=0.01s Real=0.07s
[2025-12-02T09:18:28.309+0000][14353.080s][info ][safepoint   ] Safepoint "G1CollectForAllocation", Time since last: 11797325889 ns, Reaching safepoint: 68341 ns, Cleanup: 5100 ns, At safepoint: 72325215 ns, Total: 72398656 ns
[2025-12-02T09:18:48.097+0000][14372.868s][debug][safepoint   ] Safepoint synchronization initiated using futex wait barrier. (275 threads)
[2025-12-02T09:18:48.099+0000][14372.870s][info ][gc,start    ] GC(169) Pause Young (Mixed) (G1 Evacuation Pause)
[2025-12-02T09:18:48.099+0000][14372.870s][info ][gc,task     ] GC(169) Using 13 workers of 13 for evacuation
[2025-12-02T09:18:48.204+0000][14372.975s][info ][gc,phases   ] GC(169)   Pre Evacuate Collection Set: 0.5ms
[2025-12-02T09:18:48.204+0000][14372.975s][info ][gc,phases   ] GC(169)   Merge Heap Roots: 2.6ms
[2025-12-02T09:18:48.204+0000][14372.975s][info ][gc,phases   ] GC(169)   Evacuate Collection Set: 97.5ms
[2025-12-02T09:18:48.204+0000][14372.975s][info ][gc,phases   ] GC(169)   Post Evacuate Collection Set: 3.5ms
[2025-12-02T09:18:48.204+0000][14372.975s][info ][gc,phases   ] GC(169)   Other: 0.3ms
[2025-12-02T09:18:48.204+0000][14372.975s][info ][gc,heap     ] GC(169) Eden regions: 25->0(330)
[2025-12-02T09:18:48.204+0000][14372.975s][info ][gc,heap     ] GC(169) Survivor regions: 2->2(4)
[2025-12-02T09:18:48.204+0000][14372.975s][info ][gc,heap     ] GC(169) Old regions: 156->155
[2025-12-02T09:18:48.204+0000][14372.975s][info ][gc,heap     ] GC(169) Archive regions: 2->2
[2025-12-02T09:18:48.204+0000][14372.975s][info ][gc,heap     ] GC(169) Humongous regions: 0->0
[2025-12-02T09:18:48.204+0000][14372.975s][info ][gc,metaspace] GC(169) Metaspace: 207735K(209152K)->207735K(209152K) NonClass: 182913K(183680K)->182913K(183680K) Class: 24821K(25472K)->24821K(25472K)
[2025-12-02T09:18:48.204+0000][14372.975s][info ][gc          ] GC(169) Pause Young (Mixed) (G1 Evacuation Pause) 182M->156M(554M) 104.493ms
[2025-12-02T09:18:48.204+0000][14372.975s][info ][gc,cpu      ] GC(169) User=1.22s Sys=0.00s Real=0.10s
[2025-12-02T09:18:48.206+0000][14372.977s][info ][safepoint   ] Safepoint "G1CollectForAllocation", Time since last: 19787694982 ns, Reaching safepoint: 2330589 ns, Cleanup: 28074 ns, At safepoint: 106328441 ns, Total: 108687104 ns
[2025-12-02T09:20:10.546+0000][14455.322s][debug][safepoint   ] Safepoint synchronization initiated using futex wait barrier. (278 threads)
[2025-12-02T09:20:10.547+0000][14455.323s][info ][safepoint   ] Safepoint "Cleanup", Time since last: 82345644040 ns, Reaching safepoint: 594291 ns, Cleanup: 363809 ns, At safepoint: 121899 ns, Total: 1079999 ns
[2025-12-02T09:20:54.575+0000][14499.353s][debug][safepoint   ] Safepoint synchronization initiated using futex wait barrier. (277 threads)
[2025-12-02T09:20:54.576+0000][14499.353s][info ][safepoint   ] Safepoint "Cleanup", Time since last: 44029982654 ns, Reaching safepoint: 75653 ns, Cleanup: 13546 ns, At safepoint: 4448 ns, Total: 93647 ns
[2025-12-02T09:23:20.665+0000][14645.453s][debug][safepoint   ] Safepoint synchronization initiated using futex wait barrier. (276 threads)
[2025-12-02T09:23:20.666+0000][14645.453s][info ][gc,start    ] GC(170) Pause Young (Concurrent Start) (G1 Evacuation Pause)
[2025-12-02T09:23:20.666+0000][14645.453s][info ][gc,task     ] GC(170) Using 13 workers of 13 for evacuation
[2025-12-02T09:23:20.716+0000][14645.504s][info ][gc,phases   ] GC(170)   Pre Evacuate Collection Set: 2.2ms
[2025-12-02T09:23:20.716+0000][14645.504s][info ][gc,phases   ] GC(170)   Merge Heap Roots: 0.7ms
[2025-12-02T09:23:20.716+0000][14645.504s][info ][gc,phases   ] GC(170)   Evacuate Collection Set: 39.9ms
[2025-12-02T09:23:20.716+0000][14645.504s][info ][gc,phases   ] GC(170)   Post Evacuate Collection Set: 4.4ms
[2025-12-02T09:23:20.716+0000][14645.504s][info ][gc,phases   ] GC(170)   Other: 3.4ms
[2025-12-02T09:23:20.716+0000][14645.504s][info ][gc,heap     ] GC(170) Eden regions: 330->0(330)
[2025-12-02T09:23:20.716+0000][14645.504s][info ][gc,heap     ] GC(170) Survivor regions: 2->2(42)
[2025-12-02T09:23:20.716+0000][14645.504s][info ][gc,heap     ] GC(170) Old regions: 155->155
[2025-12-02T09:23:20.716+0000][14645.504s][info ][gc,heap     ] GC(170) Archive regions: 2->2
[2025-12-02T09:23:20.716+0000][14645.504s][info ][gc,heap     ] GC(170) Humongous regions: 0->0
[2025-12-02T09:23:20.716+0000][14645.504s][info ][gc,metaspace] GC(170) Metaspace: 207752K(209152K)->207752K(209152K) NonClass: 182930K(183680K)->182930K(183680K) Class: 24821K(25472K)->24821K(25472K)
[2025-12-02T09:23:20.717+0000][14645.504s][info ][gc          ] GC(170) Pause Young (Concurrent Start) (G1 Evacuation Pause) 486M->156M(554M) 50.772ms
[2025-12-02T09:23:20.717+0000][14645.504s][info ][gc,cpu      ] GC(170) User=0.21s Sys=0.00s Real=0.05s
[2025-12-02T09:23:20.718+0000][14645.505s][info ][gc          ] GC(171) Concurrent Mark Cycle
[2025-12-02T09:23:20.718+0000][14645.506s][info ][gc,marking  ] GC(171) Concurrent Clear Claimed Marks
[2025-12-02T09:23:20.719+0000][14645.506s][info ][safepoint   ] Safepoint "G1CollectForAllocation", Time since last: 146099409147 ns, Reaching safepoint: 159365 ns, Cleanup: 7214 ns, At safepoint: 52897451 ns, Total: 53064030 ns
[2025-12-02T09:23:20.719+0000][14645.506s][info ][gc,marking  ] GC(171) Concurrent Clear Claimed Marks 0.449ms
[2025-12-02T09:23:20.719+0000][14645.506s][info ][gc,marking  ] GC(171) Concurrent Scan Root Regions
[2025-12-02T09:23:20.853+0000][14645.640s][info ][gc,marking  ] GC(171) Concurrent Scan Root Regions 134.436ms
[2025-12-02T09:23:20.853+0000][14645.640s][info ][gc,marking  ] GC(171) Concurrent Mark
[2025-12-02T09:23:20.853+0000][14645.640s][info ][gc,marking  ] GC(171) Concurrent Mark From Roots
[2025-12-02T09:23:20.853+0000][14645.640s][info ][gc,task     ] GC(171) Using 3 workers of 3 for marking
[2025-12-02T09:23:21.266+0000][14646.053s][info ][gc,marking  ] GC(171) Concurrent Mark From Roots 412.408ms
[2025-12-02T09:23:21.266+0000][14646.053s][info ][gc,marking  ] GC(171) Concurrent Preclean
[2025-12-02T09:23:21.266+0000][14646.053s][info ][gc,marking  ] GC(171) Concurrent Preclean 0.497ms
[2025-12-02T09:23:21.266+0000][14646.054s][debug][safepoint   ] Safepoint synchronization initiated using futex wait barrier. (276 threads)
[2025-12-02T09:23:21.266+0000][14646.054s][info ][gc,start    ] GC(171) Pause Remark
[2025-12-02T09:23:21.495+0000][14646.282s][info ][gc          ] GC(171) Pause Remark 163M->163M(554M) 228.555ms
[2025-12-02T09:23:21.495+0000][14646.282s][info ][gc,cpu      ] GC(171) User=2.93s Sys=0.00s Real=0.23s
[2025-12-02T09:23:21.497+0000][14646.284s][info ][safepoint   ] Safepoint "G1PauseRemark", Time since last: 547732749 ns, Reaching safepoint: 47111 ns, Cleanup: 44876 ns, At safepoint: 230582213 ns, Total: 230674200 ns
[2025-12-02T09:23:21.497+0000][14646.284s][info ][gc,marking  ] GC(171) Concurrent Mark 643.890ms
[2025-12-02T09:23:21.497+0000][14646.284s][info ][gc,marking  ] GC(171) Concurrent Rebuild Remembered Sets
[2025-12-02T09:23:21.559+0000][14646.346s][info ][gc,marking  ] GC(171) Concurrent Rebuild Remembered Sets 61.929ms
[2025-12-02T09:23:21.559+0000][14646.346s][debug][safepoint   ] Safepoint synchronization initiated using futex wait barrier. (276 threads)
[2025-12-02T09:23:21.559+0000][14646.347s][info ][gc,start    ] GC(171) Pause Cleanup
[2025-12-02T09:23:21.560+0000][14646.347s][info ][gc          ] GC(171) Pause Cleanup 163M->163M(554M) 0.523ms
[2025-12-02T09:23:21.560+0000][14646.347s][info ][gc,cpu      ] GC(171) User=0.00s Sys=0.00s Real=0.00s
[2025-12-02T09:23:21.560+0000][14646.347s][info ][safepoint   ] Safepoint "G1PauseCleanup", Time since last: 62213626 ns, Reaching safepoint: 53012 ns, Cleanup: 4258 ns, At safepoint: 696175 ns, Total: 753445 ns
[2025-12-02T09:23:21.560+0000][14646.347s][info ][gc,marking  ] GC(171) Concurrent Cleanup for Next Mark
[2025-12-02T09:23:21.574+0000][14646.361s][info ][gc,marking  ] GC(171) Concurrent Cleanup for Next Mark 14.125ms
[2025-12-02T09:23:21.574+0000][14646.361s][info ][gc          ] GC(171) Concurrent Mark Cycle 856.474ms
[2025-12-02T09:26:25.570+0000][14830.374s][debug][safepoint   ] Safepoint synchronization initiated using futex wait barrier. (276 threads)
[2025-12-02T09:26:25.571+0000][14830.374s][info ][safepoint   ] Safepoint "Cleanup", Time since last: 184026960382 ns, Reaching safepoint: 235019 ns, Cleanup: 55999 ns, At safepoint: 5231 ns, Total: 296249 ns
[2025-12-02T09:26:27.568+0000][14832.375s][debug][safepoint   ] Safepoint synchronization initiated using futex wait barrier. (277 threads)
[2025-12-02T09:26:27.568+0000][14832.375s][info ][safepoint   ] Safepoint "Cleanup", Time since last: 2000243670 ns, Reaching safepoint: 92203 ns, Cleanup: 18835 ns, At safepoint: 3026 ns, Total: 114064 ns
[2025-12-02T09:26:46.570+0000][14851.377s][debug][safepoint   ] Safepoint synchronization initiated using futex wait barrier. (277 threads)
[2025-12-02T09:26:46.571+0000][14851.378s][info ][safepoint   ] Safepoint "Cleanup", Time since last: 19002568466 ns, Reaching safepoint: 96683 ns, Cleanup: 14859 ns, At safepoint: 3107 ns, Total: 114649 ns
[2025-12-02T09:27:12.571+0000][14877.381s][debug][safepoint   ] Safepoint synchronization initiated using futex wait barrier. (285 threads)
[2025-12-02T09:27:12.572+0000][14877.381s][info ][safepoint   ] Safepoint "Cleanup", Time since last: 26003463817 ns, Reaching safepoint: 188390 ns, Cleanup: 58003 ns, At safepoint: 9659 ns, Total: 256052 ns
[2025-12-02T09:27:20.573+0000][14885.382s][debug][safepoint   ] Safepoint synchronization initiated using futex wait barrier. (285 threads)
[2025-12-02T09:27:20.573+0000][14885.383s][info ][safepoint   ] Safepoint "Cleanup", Time since last: 8001239116 ns, Reaching safepoint: 157729 ns, Cleanup: 18827 ns, At safepoint: 5931 ns, Total: 182487 ns
[2025-12-02T09:27:26.571+0000][14891.384s][debug][safepoint   ] Safepoint synchronization initiated using futex wait barrier. (285 threads)
[2025-12-02T09:27:26.571+0000][14891.384s][info ][safepoint   ] Safepoint "Cleanup", Time since last: 6000976871 ns, Reaching safepoint: 150749 ns, Cleanup: 33031 ns, At safepoint: 5520 ns, Total: 189300 ns
[2025-12-02T09:27:29.572+0000][14894.384s][debug][safepoint   ] Safepoint synchronization initiated using futex wait barrier. (285 threads)
[2025-12-02T09:27:29.572+0000][14894.385s][info ][safepoint   ] Safepoint "Cleanup", Time since last: 3000629119 ns, Reaching safepoint: 147963 ns, Cleanup: 28273 ns, At safepoint: 4298 ns, Total: 180534 ns
[2025-12-02T09:27:34.573+0000][14899.385s][debug][safepoint   ] Safepoint synchronization initiated using futex wait barrier. (285 threads)
[2025-12-02T09:27:34.573+0000][14899.385s][info ][safepoint   ] Safepoint "Cleanup", Time since last: 5000727975 ns, Reaching safepoint: 93172 ns, Cleanup: 16492 ns, At safepoint: 3988 ns, Total: 113652 ns
[2025-12-02T09:27:48.650+0000][14913.463s][debug][safepoint   ] Safepoint synchronization initiated using futex wait barrier. (285 threads)
[2025-12-02T09:27:48.651+0000][14913.463s][info ][gc,start    ] GC(172) Pause Young (Prepare Mixed) (G1 Evacuation Pause)
[2025-12-02T09:27:48.651+0000][14913.463s][info ][gc,task     ] GC(172) Using 13 workers of 13 for evacuation
[2025-12-02T09:27:48.672+0000][14913.485s][info ][gc,phases   ] GC(172)   Pre Evacuate Collection Set: 1.6ms
[2025-12-02T09:27:48.672+0000][14913.485s][info ][gc,phases   ] GC(172)   Merge Heap Roots: 0.7ms
[2025-12-02T09:27:48.672+0000][14913.485s][info ][gc,phases   ] GC(172)   Evacuate Collection Set: 14.4ms
[2025-12-02T09:27:48.672+0000][14913.485s][info ][gc,phases   ] GC(172)   Post Evacuate Collection Set: 4.2ms
[2025-12-02T09:27:48.672+0000][14913.485s][info ][gc,phases   ] GC(172)   Other: 1.1ms
[2025-12-02T09:27:48.672+0000][14913.485s][info ][gc,heap     ] GC(172) Eden regions: 330->0(25)
[2025-12-02T09:27:48.672+0000][14913.485s][info ][gc,heap     ] GC(172) Survivor regions: 2->2(42)
[2025-12-02T09:27:48.672+0000][14913.485s][info ][gc,heap     ] GC(172) Old regions: 155->156
[2025-12-02T09:27:48.672+0000][14913.485s][info ][gc,heap     ] GC(172) Archive regions: 2->2
[2025-12-02T09:27:48.672+0000][14913.485s][info ][gc,heap     ] GC(172) Humongous regions: 0->0
[2025-12-02T09:27:48.673+0000][14913.485s][info ][gc,metaspace] GC(172) Metaspace: 207812K(209216K)->207812K(209216K) NonClass: 182984K(183744K)->182984K(183744K) Class: 24827K(25472K)->24827K(25472K)
[2025-12-02T09:27:48.673+0000][14913.485s][info ][gc          ] GC(172) Pause Young (Prepare Mixed) (G1 Evacuation Pause) 486M->156M(554M) 21.971ms
[2025-12-02T09:27:48.673+0000][14913.485s][info ][gc,cpu      ] GC(172) User=0.21s Sys=0.00s Real=0.02s
[2025-12-02T09:27:48.674+0000][14913.486s][info ][safepoint   ] Safepoint "G1CollectForAllocation", Time since last: 14077125753 ns, Reaching safepoint: 253355 ns, Cleanup: 9859 ns, At safepoint: 23566455 ns, Total: 23829669 ns
[2025-12-02T09:28:08.175+0000][14932.990s][debug][safepoint   ] Safepoint synchronization initiated using futex wait barrier. (285 threads)
[2025-12-02T09:28:08.252+0000][14933.067s][info ][gc,start    ] GC(173) Pause Young (Mixed) (G1 Evacuation Pause)
[2025-12-02T09:28:08.252+0000][14933.067s][info ][gc,task     ] GC(173) Using 13 workers of 13 for evacuation
[2025-12-02T09:28:08.316+0000][14933.131s][info ][gc,phases   ] GC(173)   Pre Evacuate Collection Set: 0.7ms
[2025-12-02T09:28:08.316+0000][14933.131s][info ][gc,phases   ] GC(173)   Merge Heap Roots: 0.8ms
[2025-12-02T09:28:08.316+0000][14933.131s][info ][gc,phases   ] GC(173)   Evacuate Collection Set: 59.0ms
[2025-12-02T09:28:08.316+0000][14933.131s][info ][gc,phases   ] GC(173)   Post Evacuate Collection Set: 3.1ms
[2025-12-02T09:28:08.316+0000][14933.131s][info ][gc,phases   ] GC(173)   Other: 0.4ms
[2025-12-02T09:28:08.316+0000][14933.131s][info ][gc,heap     ] GC(173) Eden regions: 25->0(330)
[2025-12-02T09:28:08.316+0000][14933.131s][info ][gc,heap     ] GC(173) Survivor regions: 2->2(4)
[2025-12-02T09:28:08.316+0000][14933.131s][info ][gc,heap     ] GC(173) Old regions: 156->154
[2025-12-02T09:28:08.316+0000][14933.131s][info ][gc,heap     ] GC(173) Archive regions: 2->2
[2025-12-02T09:28:08.316+0000][14933.131s][info ][gc,heap     ] GC(173) Humongous regions: 0->0
[2025-12-02T09:28:08.316+0000][14933.131s][info ][gc,metaspace] GC(173) Metaspace: 207818K(209216K)->207818K(209216K) NonClass: 182990K(183744K)->182990K(183744K) Class: 24828K(25472K)->24828K(25472K)
[2025-12-02T09:28:08.316+0000][14933.131s][info ][gc          ] GC(173) Pause Young (Mixed) (G1 Evacuation Pause) 181M->156M(554M) 64.171ms
[2025-12-02T09:28:08.316+0000][14933.131s][info ][gc,cpu      ] GC(173) User=0.60s Sys=0.00s Real=0.07s
[2025-12-02T09:28:08.317+0000][14933.132s][info ][safepoint   ] Safepoint "G1CollectForAllocation", Time since last: 19503524024 ns, Reaching safepoint: 76590772 ns, Cleanup: 45089 ns, At safepoint: 65869260 ns, Total: 142505121 ns
[2025-12-02T09:28:09.318+0000][14934.133s][debug][safepoint   ] Safepoint synchronization initiated using futex wait barrier. (285 threads)
[2025-12-02T09:28:09.318+0000][14934.133s][info ][safepoint   ] Safepoint "Cleanup", Time since last: 1000192087 ns, Reaching safepoint: 93783 ns, Cleanup: 26812 ns, At safepoint: 4048 ns, Total: 124643 ns
[2025-12-02T09:31:06.903+0000][15111.733s][debug][safepoint   ] Safepoint synchronization initiated using futex wait barrier. (278 threads)
[2025-12-02T09:31:06.906+0000][15111.736s][info ][safepoint   ] Safepoint "Cleanup", Time since last: 177600148492 ns, Reaching safepoint: 2744472 ns, Cleanup: 24778 ns, At safepoint: 87711 ns, Total: 2856961 ns
[2025-12-02T09:31:08.906+0000][15113.736s][debug][safepoint   ] Safepoint synchronization initiated using futex wait barrier. (278 threads)
[2025-12-02T09:31:08.910+0000][15113.740s][info ][safepoint   ] Safepoint "Cleanup", Time since last: 2000392926 ns, Reaching safepoint: 3366315 ns, Cleanup: 51099 ns, At safepoint: 282931 ns, Total: 3700345 ns
[2025-12-02T09:31:32.936+0000][15137.768s][debug][safepoint   ] Safepoint synchronization initiated using futex wait barrier. (278 threads)
[2025-12-02T09:31:32.936+0000][15137.769s][info ][safepoint   ] Safepoint "Cleanup", Time since last: 24028605280 ns, Reaching safepoint: 280721 ns, Cleanup: 29307 ns, At safepoint: 50528 ns, Total: 360556 ns
[2025-12-02T09:31:33.936+0000][15138.769s][debug][safepoint   ] Safepoint synchronization initiated using futex wait barrier. (280 threads)
[2025-12-02T09:31:33.937+0000][15138.769s][info ][safepoint   ] Safepoint "Cleanup", Time since last: 1000194298 ns, Reaching safepoint: 188928 ns, Cleanup: 153328 ns, At safepoint: 7304 ns, Total: 349560 ns
[2025-12-02T09:31:36.937+0000][15141.770s][debug][safepoint   ] Safepoint synchronization initiated using futex wait barrier. (280 threads)
[2025-12-02T09:31:36.938+0000][15141.770s][info ][safepoint   ] Safepoint "Cleanup", Time since last: 3000557948 ns, Reaching safepoint: 122809 ns, Cleanup: 17233 ns, At safepoint: 58885 ns, Total: 198927 ns
[2025-12-02T09:31:38.938+0000][15143.770s][debug][safepoint   ] Safepoint synchronization initiated using futex wait barrier. (280 threads)
[2025-12-02T09:31:38.938+0000][15143.771s][info ][safepoint   ] Safepoint "Cleanup", Time since last: 2000274312 ns, Reaching safepoint: 118661 ns, Cleanup: 21462 ns, At safepoint: 46580 ns, Total: 186703 ns
[2025-12-02T09:31:51.940+0000][15156.773s][debug][safepoint   ] Safepoint synchronization initiated using futex wait barrier. (284 threads)
[2025-12-02T09:31:51.940+0000][15156.773s][info ][safepoint   ] Safepoint "Cleanup", Time since last: 13002062023 ns, Reaching safepoint: 138098 ns, Cleanup: 20670 ns, At safepoint: 4018 ns, Total: 162786 ns
[2025-12-02T09:31:54.941+0000][15159.773s][debug][safepoint   ] Safepoint synchronization initiated using futex wait barrier. (285 threads)
[2025-12-02T09:31:54.941+0000][15159.773s][info ][safepoint   ] Safepoint "Cleanup", Time since last: 3000458247 ns, Reaching safepoint: 83482 ns, Cleanup: 14608 ns, At safepoint: 3507 ns, Total: 101597 ns
[2025-12-02T09:32:05.940+0000][15170.775s][debug][safepoint   ] Safepoint synchronization initiated using futex wait barrier. (285 threads)
[2025-12-02T09:32:05.940+0000][15170.775s][info ][safepoint   ] Safepoint "Cleanup", Time since last: 11001547650 ns, Reaching safepoint: 94173 ns, Cleanup: 15550 ns, At safepoint: 2776 ns, Total: 112499 ns
[2025-12-02T09:32:11.941+0000][15176.776s][debug][safepoint   ] Safepoint synchronization initiated using futex wait barrier. (285 threads)
[2025-12-02T09:32:11.941+0000][15176.776s][info ][safepoint   ] Safepoint "Cleanup", Time since last: 6000939275 ns, Reaching safepoint: 83903 ns, Cleanup: 13666 ns, At safepoint: 2896 ns, Total: 100465 ns
[2025-12-02T09:32:13.941+0000][15178.776s][debug][safepoint   ] Safepoint synchronization initiated using futex wait barrier. (285 threads)
[2025-12-02T09:32:13.942+0000][15178.777s][info ][safepoint   ] Safepoint "Cleanup", Time since last: 2000358646 ns, Reaching safepoint: 223885 ns, Cleanup: 17695 ns, At safepoint: 50758 ns, Total: 292338 ns
[2025-12-02T09:32:14.651+0000][15179.486s][debug][safepoint   ] Safepoint synchronization initiated using futex wait barrier. (285 threads)
[2025-12-02T09:32:14.651+0000][15179.486s][info ][gc,start    ] GC(174) Pause Young (Concurrent Start) (G1 Evacuation Pause)
[2025-12-02T09:32:14.651+0000][15179.486s][info ][gc,task     ] GC(174) Using 13 workers of 13 for evacuation
[2025-12-02T09:32:14.680+0000][15179.516s][info ][gc,phases   ] GC(174)   Pre Evacuate Collection Set: 1.3ms
[2025-12-02T09:32:14.680+0000][15179.516s][info ][gc,phases   ] GC(174)   Merge Heap Roots: 0.5ms
[2025-12-02T09:32:14.680+0000][15179.516s][info ][gc,phases   ] GC(174)   Evacuate Collection Set: 21.7ms
[2025-12-02T09:32:14.680+0000][15179.516s][info ][gc,phases   ] GC(174)   Post Evacuate Collection Set: 2.6ms
[2025-12-02T09:32:14.680+0000][15179.516s][info ][gc,phases   ] GC(174)   Other: 3.4ms
[2025-12-02T09:32:14.680+0000][15179.516s][info ][gc,heap     ] GC(174) Eden regions: 330->0(329)
[2025-12-02T09:32:14.680+0000][15179.516s][info ][gc,heap     ] GC(174) Survivor regions: 2->3(42)
[2025-12-02T09:32:14.680+0000][15179.516s][info ][gc,heap     ] GC(174) Old regions: 154->154
[2025-12-02T09:32:14.680+0000][15179.516s][info ][gc,heap     ] GC(174) Archive regions: 2->2
[2025-12-02T09:32:14.680+0000][15179.516s][info ][gc,heap     ] GC(174) Humongous regions: 0->0
[2025-12-02T09:32:14.680+0000][15179.516s][info ][gc,metaspace] GC(174) Metaspace: 207933K(209344K)->207933K(209344K) NonClass: 183083K(183808K)->183083K(183808K) Class: 24849K(25536K)->24849K(25536K)
[2025-12-02T09:32:14.681+0000][15179.516s][info ][gc          ] GC(174) Pause Young (Concurrent Start) (G1 Evacuation Pause) 486M->156M(554M) 29.638ms
[2025-12-02T09:32:14.681+0000][15179.516s][info ][gc,cpu      ] GC(174) User=0.14s Sys=0.01s Real=0.03s
[2025-12-02T09:32:14.681+0000][15179.516s][info ][gc          ] GC(175) Concurrent Mark Cycle
[2025-12-02T09:32:14.681+0000][15179.516s][info ][gc,marking  ] GC(175) Concurrent Clear Claimed Marks
[2025-12-02T09:32:14.682+0000][15179.517s][info ][gc,marking  ] GC(175) Concurrent Clear Claimed Marks 0.581ms
[2025-12-02T09:32:14.682+0000][15179.517s][info ][gc,marking  ] GC(175) Concurrent Scan Root Regions
[2025-12-02T09:32:14.682+0000][15179.517s][info ][safepoint   ] Safepoint "G1CollectForAllocation", Time since last: 709048852 ns, Reaching safepoint: 93402 ns, Cleanup: 7825 ns, At safepoint: 31305724 ns, Total: 31406951 ns
[2025-12-02T09:32:14.791+0000][15179.627s][info ][gc,marking  ] GC(175) Concurrent Scan Root Regions 109.562ms
[2025-12-02T09:32:14.791+0000][15179.627s][info ][gc,marking  ] GC(175) Concurrent Mark
[2025-12-02T09:32:14.791+0000][15179.627s][info ][gc,marking  ] GC(175) Concurrent Mark From Roots
[2025-12-02T09:32:14.791+0000][15179.627s][info ][gc,task     ] GC(175) Using 3 workers of 3 for marking
[2025-12-02T09:32:15.175+0000][15180.010s][info ][gc,marking  ] GC(175) Concurrent Mark From Roots 383.603ms
[2025-12-02T09:32:15.175+0000][15180.010s][info ][gc,marking  ] GC(175) Concurrent Preclean
[2025-12-02T09:32:15.175+0000][15180.011s][info ][gc,marking  ] GC(175) Concurrent Preclean 0.427ms
[2025-12-02T09:32:15.176+0000][15180.011s][debug][safepoint   ] Safepoint synchronization initiated using futex wait barrier. (285 threads)
[2025-12-02T09:32:15.176+0000][15180.011s][info ][gc,start    ] GC(175) Pause Remark
[2025-12-02T09:32:15.374+0000][15180.209s][info ][gc          ] GC(175) Pause Remark 163M->163M(554M) 198.261ms
[2025-12-02T09:32:15.374+0000][15180.209s][info ][gc,cpu      ] GC(175) User=2.53s Sys=0.00s Real=0.20s
[2025-12-02T09:32:15.376+0000][15180.211s][info ][safepoint   ] Safepoint "G1PauseRemark", Time since last: 493620970 ns, Reaching safepoint: 45098 ns, Cleanup: 33646 ns, At safepoint: 200218346 ns, Total: 200297090 ns
[2025-12-02T09:32:15.376+0000][15180.211s][info ][gc,marking  ] GC(175) Concurrent Mark 584.644ms
[2025-12-02T09:32:15.376+0000][15180.211s][info ][gc,marking  ] GC(175) Concurrent Rebuild Remembered Sets
[2025-12-02T09:32:15.443+0000][15180.278s][info ][gc,marking  ] GC(175) Concurrent Rebuild Remembered Sets 66.568ms
[2025-12-02T09:32:15.443+0000][15180.278s][debug][safepoint   ] Safepoint synchronization initiated using futex wait barrier. (285 threads)
[2025-12-02T09:32:15.443+0000][15180.278s][info ][gc,start    ] GC(175) Pause Cleanup
[2025-12-02T09:32:15.443+0000][15180.278s][info ][gc          ] GC(175) Pause Cleanup 163M->163M(554M) 0.373ms
[2025-12-02T09:32:15.443+0000][15180.278s][info ][gc,cpu      ] GC(175) User=0.00s Sys=0.00s Real=0.00s
[2025-12-02T09:32:15.443+0000][15180.278s][info ][safepoint   ] Safepoint "G1PauseCleanup", Time since last: 66811462 ns, Reaching safepoint: 41872 ns, Cleanup: 3206 ns, At safepoint: 517557 ns, Total: 562635 ns
[2025-12-02T09:32:15.443+0000][15180.279s][info ][gc,marking  ] GC(175) Concurrent Cleanup for Next Mark
[2025-12-02T09:32:15.459+0000][15180.294s][info ][gc,marking  ] GC(175) Concurrent Cleanup for Next Mark 15.380ms
[2025-12-02T09:32:15.459+0000][15180.294s][info ][gc          ] GC(175) Concurrent Mark Cycle 777.860ms
[2025-12-02T09:32:19.444+0000][15184.279s][debug][safepoint   ] Safepoint synchronization initiated using futex wait barrier. (285 threads)
[2025-12-02T09:32:19.444+0000][15184.279s][info ][safepoint   ] Safepoint "Cleanup", Time since last: 4000612453 ns, Reaching safepoint: 127097 ns, Cleanup: 16923 ns, At safepoint: 5410 ns, Total: 149430 ns
[2025-12-02T09:32:21.189+0000][15186.025s][debug][safepoint   ] Safepoint synchronization initiated using futex wait barrier. (287 threads)
[2025-12-02T09:32:21.190+0000][15186.025s][info ][safepoint   ] Safepoint "Cleanup", Time since last: 1745266269 ns, Reaching safepoint: 92940 ns, Cleanup: 30269 ns, At safepoint: 52302 ns, Total: 175511 ns
[2025-12-02T09:32:22.190+0000][15187.025s][debug][safepoint   ] Safepoint synchronization initiated using futex wait barrier. (287 threads)
[2025-12-02T09:32:22.190+0000][15187.025s][info ][safepoint   ] Safepoint "Cleanup", Time since last: 1000143317 ns, Reaching safepoint: 75036 ns, Cleanup: 14187 ns, At safepoint: 3036 ns, Total: 92259 ns
[2025-12-02T09:32:27.966+0000][15192.804s][debug][safepoint   ] Safepoint synchronization initiated using futex wait barrier. (287 threads)
[2025-12-02T09:32:27.966+0000][15192.804s][info ][safepoint   ] Safepoint "Cleanup", Time since last: 5779091973 ns, Reaching safepoint: 140721 ns, Cleanup: 33004 ns, At safepoint: 5380 ns, Total: 179105 ns
[2025-12-02T09:32:48.969+0000][15213.807s][debug][safepoint   ] Safepoint synchronization initiated using futex wait barrier. (288 threads)
[2025-12-02T09:32:48.969+0000][15213.807s][info ][safepoint   ] Safepoint "Cleanup", Time since last: 21002940568 ns, Reaching safepoint: 120625 ns, Cleanup: 22915 ns, At safepoint: 3526 ns, Total: 147066 ns
[2025-12-02T09:32:50.970+0000][15215.808s][debug][safepoint   ] Safepoint synchronization initiated using futex wait barrier. (288 threads)
[2025-12-02T09:32:50.970+0000][15215.808s][info ][safepoint   ] Safepoint "Cleanup", Time since last: 2000291452 ns, Reaching safepoint: 119012 ns, Cleanup: 26291 ns, At safepoint: 7595 ns, Total: 152898 ns
[2025-12-02T09:32:57.969+0000][15222.809s][debug][safepoint   ] Safepoint synchronization initiated using futex wait barrier. (288 threads)
[2025-12-02T09:32:57.969+0000][15222.809s][info ][safepoint   ] Safepoint "Cleanup", Time since last: 7001150401 ns, Reaching safepoint: 92290 ns, Cleanup: 18476 ns, At safepoint: 3196 ns, Total: 113962 ns
[2025-12-02T09:33:36.005+0000][15260.849s][debug][safepoint   ] Safepoint synchronization initiated using futex wait barrier. (287 threads)
[2025-12-02T09:33:36.006+0000][15260.849s][info ][safepoint   ] Safepoint "Cleanup", Time since last: 38039714307 ns, Reaching safepoint: 672306 ns, Cleanup: 43093 ns, At safepoint: 6403 ns, Total: 721802 ns
[2025-12-02T09:33:38.006+0000][15262.850s][debug][safepoint   ] Safepoint synchronization initiated using futex wait barrier. (287 threads)
[2025-12-02T09:33:38.007+0000][15262.850s][info ][safepoint   ] Safepoint "Cleanup", Time since last: 2000281168 ns, Reaching safepoint: 158989 ns, Cleanup: 49636 ns, At safepoint: 5431 ns, Total: 214056 ns
[2025-12-02T09:35:22.040+0000][15366.891s][debug][safepoint   ] Safepoint synchronization initiated using futex wait barrier. (278 threads)
[2025-12-02T09:35:22.040+0000][15366.891s][info ][safepoint   ] Safepoint "Cleanup", Time since last: 104040740632 ns, Reaching safepoint: 126336 ns, Cleanup: 14849 ns, At safepoint: 2975 ns, Total: 144160 ns
[2025-12-02T09:35:47.071+0000][15391.924s][debug][safepoint   ] Safepoint synchronization initiated using futex wait barrier. (276 threads)
[2025-12-02T09:35:47.073+0000][15391.926s][info ][safepoint   ] Safepoint "Cleanup", Time since last: 25033082096 ns, Reaching safepoint: 1142790 ns, Cleanup: 19719 ns, At safepoint: 451958 ns, Total: 1614467 ns
[2025-12-02T09:35:48.073+0000][15392.926s][debug][safepoint   ] Safepoint synchronization initiated using futex wait barrier. (276 threads)
[2025-12-02T09:35:48.073+0000][15392.926s][info ][safepoint   ] Safepoint "Cleanup", Time since last: 1000282589 ns, Reaching safepoint: 101617 ns, Cleanup: 15099 ns, At safepoint: 4098 ns, Total: 120814 ns
[2025-12-02T09:35:58.716+0000][15403.572s][debug][safepoint   ] Safepoint synchronization initiated using futex wait barrier. (277 threads)
[2025-12-02T09:35:58.725+0000][15403.580s][info ][gc,start    ] GC(176) Pause Young (Prepare Mixed) (G1 Evacuation Pause)
[2025-12-02T09:35:58.725+0000][15403.580s][info ][gc,task     ] GC(176) Using 13 workers of 13 for evacuation
[2025-12-02T09:35:58.839+0000][15403.694s][info ][gc,phases   ] GC(176)   Pre Evacuate Collection Set: 7.1ms
[2025-12-02T09:35:58.839+0000][15403.694s][info ][gc,phases   ] GC(176)   Merge Heap Roots: 3.6ms
[2025-12-02T09:35:58.839+0000][15403.694s][info ][gc,phases   ] GC(176)   Evacuate Collection Set: 74.5ms
[2025-12-02T09:35:58.839+0000][15403.694s][info ][gc,phases   ] GC(176)   Post Evacuate Collection Set: 24.7ms
[2025-12-02T09:35:58.839+0000][15403.694s][info ][gc,phases   ] GC(176)   Other: 10.8ms
[2025-12-02T09:35:58.839+0000][15403.694s][info ][gc,heap     ] GC(176) Eden regions: 329->0(24)
[2025-12-02T09:35:58.839+0000][15403.694s][info ][gc,heap     ] GC(176) Survivor regions: 3->3(42)
[2025-12-02T09:35:58.839+0000][15403.694s][info ][gc,heap     ] GC(176) Old regions: 154->155
[2025-12-02T09:35:58.839+0000][15403.694s][info ][gc,heap     ] GC(176) Archive regions: 2->2
[2025-12-02T09:35:58.839+0000][15403.694s][info ][gc,heap     ] GC(176) Humongous regions: 1->0
[2025-12-02T09:35:58.839+0000][15403.694s][info ][gc,metaspace] GC(176) Metaspace: 208058K(209472K)->208058K(209472K) NonClass: 183203K(183936K)->183203K(183936K) Class: 24855K(25536K)->24855K(25536K)
[2025-12-02T09:35:58.839+0000][15403.694s][info ][gc          ] GC(176) Pause Young (Prepare Mixed) (G1 Evacuation Pause) 486M->157M(554M) 114.153ms
[2025-12-02T09:35:58.839+0000][15403.694s][info ][gc,cpu      ] GC(176) User=0.98s Sys=0.00s Real=0.11s
[2025-12-02T09:35:58.840+0000][15403.695s][info ][safepoint   ] Safepoint "G1CollectForAllocation", Time since last: 10645629102 ns, Reaching safepoint: 753846 ns, Cleanup: 78121 ns, At safepoint: 122483463 ns, Total: 123315430 ns
[2025-12-02T09:35:59.840+0000][15404.695s][debug][safepoint   ] Safepoint synchronization initiated using futex wait barrier. (280 threads)
[2025-12-02T09:35:59.840+0000][15404.695s][info ][safepoint   ] Safepoint "Cleanup", Time since last: 1000153096 ns, Reaching safepoint: 104603 ns, Cleanup: 125452 ns, At safepoint: 12474 ns, Total: 242529 ns
[2025-12-02T09:36:08.844+0000][15413.699s][debug][safepoint   ] Safepoint synchronization initiated using futex wait barrier. (280 threads)
[2025-12-02T09:36:08.844+0000][15413.699s][info ][safepoint   ] Safepoint "Cleanup", Time since last: 9003345287 ns, Reaching safepoint: 118279 ns, Cleanup: 20941 ns, At safepoint: 3276 ns, Total: 142496 ns
[2025-12-02T09:36:16.156+0000][15421.011s][debug][safepoint   ] Safepoint synchronization initiated using futex wait barrier. (279 threads)
[2025-12-02T09:36:16.156+0000][15421.011s][info ][gc,start    ] GC(177) Pause Young (Mixed) (G1 Evacuation Pause)
[2025-12-02T09:36:16.156+0000][15421.011s][info ][gc,task     ] GC(177) Using 13 workers of 13 for evacuation
[2025-12-02T09:36:16.254+0000][15421.110s][info ][gc,phases   ] GC(177)   Pre Evacuate Collection Set: 0.5ms
[2025-12-02T09:36:16.255+0000][15421.110s][info ][gc,phases   ] GC(177)   Merge Heap Roots: 3.5ms
[2025-12-02T09:36:16.255+0000][15421.110s][info ][gc,phases   ] GC(177)   Evacuate Collection Set: 86.8ms
[2025-12-02T09:36:16.255+0000][15421.110s][info ][gc,phases   ] GC(177)   Post Evacuate Collection Set: 7.4ms
[2025-12-02T09:36:16.255+0000][15421.110s][info ][gc,phases   ] GC(177)   Other: 0.4ms
[2025-12-02T09:36:16.255+0000][15421.110s][info ][gc,heap     ] GC(177) Eden regions: 24->0(330)
[2025-12-02T09:36:16.255+0000][15421.110s][info ][gc,heap     ] GC(177) Survivor regions: 3->2(4)
[2025-12-02T09:36:16.255+0000][15421.110s][info ][gc,heap     ] GC(177) Old regions: 155->155
[2025-12-02T09:36:16.255+0000][15421.110s][info ][gc,heap     ] GC(177) Archive regions: 2->2
[2025-12-02T09:36:16.255+0000][15421.110s][info ][gc,heap     ] GC(177) Humongous regions: 0->0
[2025-12-02T09:36:16.255+0000][15421.110s][info ][gc,metaspace] GC(177) Metaspace: 208101K(209536K)->208101K(209536K) NonClass: 183243K(184000K)->183243K(184000K) Class: 24857K(25536K)->24857K(25536K)
[2025-12-02T09:36:16.255+0000][15421.110s][info ][gc          ] GC(177) Pause Young (Mixed) (G1 Evacuation Pause) 181M->157M(554M) 98.840ms
[2025-12-02T09:36:16.255+0000][15421.110s][info ][gc,cpu      ] GC(177) User=0.88s Sys=0.00s Real=0.10s
[2025-12-02T09:36:16.257+0000][15421.112s][info ][safepoint   ] Safepoint "G1CollectForAllocation", Time since last: 7312086425 ns, Reaching safepoint: 92761 ns, Cleanup: 5841 ns, At safepoint: 101035253 ns, Total: 101133855 ns
[2025-12-02T09:37:00.105+0000][15464.966s][debug][safepoint   ] Safepoint synchronization initiated using futex wait barrier. (284 threads)
[2025-12-02T09:37:00.106+0000][15464.966s][info ][safepoint   ] Safepoint "Cleanup", Time since last: 43853555499 ns, Reaching safepoint: 135714 ns, Cleanup: 35709 ns, At safepoint: 5230 ns, Total: 176653 ns
[2025-12-02T09:37:22.109+0000][15486.969s][debug][safepoint   ] Safepoint synchronization initiated using futex wait barrier. (282 threads)
[2025-12-02T09:37:22.109+0000][15486.969s][info ][safepoint   ] Safepoint "Cleanup", Time since last: 22003485879 ns, Reaching safepoint: 172535 ns, Cleanup: 16613 ns, At safepoint: 7995 ns, Total: 197143 ns
[2025-12-02T09:37:43.053+0000][15507.916s][debug][safepoint   ] Safepoint synchronization initiated using futex wait barrier. (277 threads)
[2025-12-02T09:37:43.054+0000][15507.917s][info ][gc,start    ] GC(178) Pause Young (Concurrent Start) (G1 Humongous Allocation)
[2025-12-02T09:37:43.054+0000][15507.917s][info ][gc,task     ] GC(178) Using 13 workers of 13 for evacuation
[2025-12-02T09:37:43.089+0000][15507.951s][info ][gc,phases   ] GC(178)   Pre Evacuate Collection Set: 1.8ms
[2025-12-02T09:37:43.089+0000][15507.951s][info ][gc,phases   ] GC(178)   Merge Heap Roots: 0.4ms
[2025-12-02T09:37:43.089+0000][15507.951s][info ][gc,phases   ] GC(178)   Evacuate Collection Set: 26.7ms
[2025-12-02T09:37:43.089+0000][15507.951s][info ][gc,phases   ] GC(178)   Post Evacuate Collection Set: 2.2ms
[2025-12-02T09:37:43.089+0000][15507.951s][info ][gc,phases   ] GC(178)   Other: 4.1ms
[2025-12-02T09:37:43.089+0000][15507.951s][info ][gc,heap     ] GC(178) Eden regions: 118->0(330)
[2025-12-02T09:37:43.089+0000][15507.951s][info ][gc,heap     ] GC(178) Survivor regions: 2->2(42)
[2025-12-02T09:37:43.089+0000][15507.951s][info ][gc,heap     ] GC(178) Old regions: 155->155
[2025-12-02T09:37:43.089+0000][15507.951s][info ][gc,heap     ] GC(178) Archive regions: 2->2
[2025-12-02T09:37:43.089+0000][15507.951s][info ][gc,heap     ] GC(178) Humongous regions: 0->0
[2025-12-02T09:37:43.089+0000][15507.951s][info ][gc,metaspace] GC(178) Metaspace: 208115K(209536K)->208115K(209536K) NonClass: 183254K(184000K)->183254K(184000K) Class: 24860K(25536K)->24860K(25536K)
[2025-12-02T09:37:43.089+0000][15507.952s][info ][gc          ] GC(178) Pause Young (Concurrent Start) (G1 Humongous Allocation) 274M->157M(554M) 35.041ms
[2025-12-02T09:37:43.089+0000][15507.952s][info ][gc,cpu      ] GC(178) User=0.12s Sys=0.01s Real=0.04s
[2025-12-02T09:37:43.090+0000][15507.952s][info ][gc          ] GC(179) Concurrent Mark Cycle
[2025-12-02T09:37:43.090+0000][15507.953s][info ][gc,marking  ] GC(179) Concurrent Clear Claimed Marks
[2025-12-02T09:37:43.091+0000][15507.953s][info ][gc,marking  ] GC(179) Concurrent Clear Claimed Marks 0.433ms
[2025-12-02T09:37:43.091+0000][15507.953s][info ][gc,marking  ] GC(179) Concurrent Scan Root Regions
[2025-12-02T09:37:43.091+0000][15507.953s][info ][safepoint   ] Safepoint "G1TryInitiateConcMark", Time since last: 20946226756 ns, Reaching safepoint: 119452 ns, Cleanup: 57963 ns, At safepoint: 37642364 ns, Total: 37819779 ns
[2025-12-02T09:37:43.228+0000][15508.090s][info ][gc,marking  ] GC(179) Concurrent Scan Root Regions 136.872ms
[2025-12-02T09:37:43.228+0000][15508.090s][info ][gc,marking  ] GC(179) Concurrent Mark
[2025-12-02T09:37:43.228+0000][15508.090s][info ][gc,marking  ] GC(179) Concurrent Mark From Roots
[2025-12-02T09:37:43.228+0000][15508.090s][info ][gc,task     ] GC(179) Using 3 workers of 3 for marking
[2025-12-02T09:37:43.721+0000][15508.583s][info ][gc,marking  ] GC(179) Concurrent Mark From Roots 492.985ms
[2025-12-02T09:37:43.721+0000][15508.583s][info ][gc,marking  ] GC(179) Concurrent Preclean
[2025-12-02T09:37:43.721+0000][15508.583s][info ][gc,marking  ] GC(179) Concurrent Preclean 0.469ms
[2025-12-02T09:37:43.721+0000][15508.584s][debug][safepoint   ] Safepoint synchronization initiated using futex wait barrier. (277 threads)
[2025-12-02T09:37:43.722+0000][15508.584s][info ][gc,start    ] GC(179) Pause Remark
[2025-12-02T09:37:43.969+0000][15508.831s][info ][gc          ] GC(179) Pause Remark 184M->184M(554M) 247.418ms
[2025-12-02T09:37:43.969+0000][15508.831s][info ][gc,cpu      ] GC(179) User=3.16s Sys=0.00s Real=0.25s
[2025-12-02T09:37:43.971+0000][15508.833s][info ][safepoint   ] Safepoint "G1PauseRemark", Time since last: 630143206 ns, Reaching safepoint: 51750 ns, Cleanup: 5320 ns, At safepoint: 249359791 ns, Total: 249416861 ns
[2025-12-02T09:37:43.971+0000][15508.833s][info ][gc,marking  ] GC(179) Concurrent Mark 743.248ms
[2025-12-02T09:37:43.971+0000][15508.833s][info ][gc,marking  ] GC(179) Concurrent Rebuild Remembered Sets
[2025-12-02T09:37:44.057+0000][15508.919s][info ][gc,marking  ] GC(179) Concurrent Rebuild Remembered Sets 85.731ms
[2025-12-02T09:37:44.057+0000][15508.919s][debug][safepoint   ] Safepoint synchronization initiated using futex wait barrier. (277 threads)
[2025-12-02T09:37:44.057+0000][15508.919s][info ][gc,start    ] GC(179) Pause Cleanup
[2025-12-02T09:37:44.058+0000][15508.920s][info ][gc          ] GC(179) Pause Cleanup 184M->184M(554M) 0.459ms
[2025-12-02T09:37:44.058+0000][15508.920s][info ][gc,cpu      ] GC(179) User=0.00s Sys=0.00s Real=0.00s
[2025-12-02T09:37:44.058+0000][15508.920s][info ][safepoint   ] Safepoint "G1PauseCleanup", Time since last: 86170959 ns, Reaching safepoint: 70357 ns, Cleanup: 49476 ns, At safepoint: 665221 ns, Total: 785054 ns
[2025-12-02T09:37:44.058+0000][15508.920s][info ][gc,marking  ] GC(179) Concurrent Cleanup for Next Mark
[2025-12-02T09:37:44.076+0000][15508.938s][info ][gc,marking  ] GC(179) Concurrent Cleanup for Next Mark 18.165ms
[2025-12-02T09:37:44.076+0000][15508.938s][info ][gc          ] GC(179) Concurrent Mark Cycle 986.187ms
[2025-12-02T09:37:45.058+0000][15509.920s][debug][safepoint   ] Safepoint synchronization initiated using futex wait barrier. (277 threads)
[2025-12-02T09:37:45.058+0000][15509.920s][info ][safepoint   ] Safepoint "Cleanup", Time since last: 1000177286 ns, Reaching safepoint: 201321 ns, Cleanup: 28074 ns, At safepoint: 7685 ns, Total: 237080 ns
[2025-12-02T09:37:46.058+0000][15510.921s][debug][safepoint   ] Safepoint synchronization initiated using futex wait barrier. (279 threads)
[2025-12-02T09:37:46.059+0000][15510.921s][info ][safepoint   ] Safepoint "Cleanup", Time since last: 1000194636 ns, Reaching safepoint: 142557 ns, Cleanup: 35819 ns, At safepoint: 4789 ns, Total: 183165 ns
[2025-12-02T09:37:48.059+0000][15512.921s][debug][safepoint   ] Safepoint synchronization initiated using futex wait barrier. (281 threads)
[2025-12-02T09:37:48.059+0000][15512.921s][info ][safepoint   ] Safepoint "Cleanup", Time since last: 2000511140 ns, Reaching safepoint: 151664 ns, Cleanup: 23646 ns, At safepoint: 4709 ns, Total: 180019 ns
[2025-12-02T09:37:49.059+0000][15513.922s][debug][safepoint   ] Safepoint synchronization initiated using futex wait barrier. (282 threads)
[2025-12-02T09:37:49.060+0000][15513.922s][info ][safepoint   ] Safepoint "Cleanup", Time since last: 1000151325 ns, Reaching safepoint: 113100 ns, Cleanup: 18646 ns, At safepoint: 3998 ns, Total: 135744 ns
[2025-12-02T09:38:39.170+0000][15564.037s][debug][safepoint   ] Safepoint synchronization initiated using futex wait barrier. (285 threads)
[2025-12-02T09:38:39.170+0000][15564.037s][info ][safepoint   ] Safepoint "Cleanup", Time since last: 50115329663 ns, Reaching safepoint: 253081 ns, Cleanup: 30910 ns, At safepoint: 26060 ns, Total: 310051 ns
[2025-12-02T09:38:45.171+0000][15570.038s][debug][safepoint   ] Safepoint synchronization initiated using futex wait barrier. (286 threads)
[2025-12-02T09:38:45.171+0000][15570.038s][info ][safepoint   ] Safepoint "Cleanup", Time since last: 6000851503 ns, Reaching safepoint: 135674 ns, Cleanup: 29858 ns, At safepoint: 3496 ns, Total: 169028 ns
[2025-12-02T09:39:09.173+0000][15594.042s][debug][safepoint   ] Safepoint synchronization initiated using futex wait barrier. (289 threads)
[2025-12-02T09:39:09.173+0000][15594.043s][info ][safepoint   ] Safepoint "Cleanup", Time since last: 24003625110 ns, Reaching safepoint: 239865 ns, Cleanup: 96217 ns, At safepoint: 319780 ns, Total: 655862 ns
[2025-12-02T09:39:10.174+0000][15595.043s][debug][safepoint   ] Safepoint synchronization initiated using futex wait barrier. (295 threads)
[2025-12-02T09:39:10.174+0000][15595.043s][info ][safepoint   ] Safepoint "Cleanup", Time since last: 1000184684 ns, Reaching safepoint: 80547 ns, Cleanup: 144981 ns, At safepoint: 10139 ns, Total: 235667 ns
[2025-12-02T09:39:21.175+0000][15606.045s][debug][safepoint   ] Safepoint synchronization initiated using futex wait barrier. (290 threads)
[2025-12-02T09:39:21.176+0000][15606.045s][info ][safepoint   ] Safepoint "Cleanup", Time since last: 11001667299 ns, Reaching safepoint: 168947 ns, Cleanup: 23295 ns, At safepoint: 4389 ns, Total: 196631 ns
[2025-12-02T09:40:09.211+0000][15654.084s][debug][safepoint   ] Safepoint synchronization initiated using futex wait barrier. (289 threads)
[2025-12-02T09:40:09.211+0000][15654.085s][info ][safepoint   ] Safepoint "Cleanup", Time since last: 48039520465 ns, Reaching safepoint: 111176 ns, Cleanup: 16121 ns, At safepoint: 3617 ns, Total: 130914 ns
[2025-12-02T09:40:14.212+0000][15659.086s][debug][safepoint   ] Safepoint synchronization initiated using futex wait barrier. (288 threads)
[2025-12-02T09:40:14.212+0000][15659.086s][info ][safepoint   ] Safepoint "Cleanup", Time since last: 5001143466 ns, Reaching safepoint: 120885 ns, Cleanup: 16983 ns, At safepoint: 3727 ns, Total: 141595 ns
[2025-12-02T09:40:22.213+0000][15667.087s][debug][safepoint   ] Safepoint synchronization initiated using futex wait barrier. (282 threads)
[2025-12-02T09:40:22.213+0000][15667.087s][info ][safepoint   ] Safepoint "Cleanup", Time since last: 8001270777 ns, Reaching safepoint: 143950 ns, Cleanup: 17822 ns, At safepoint: 4098 ns, Total: 165870 ns
[2025-12-02T09:41:15.519+0000][15720.398s][debug][safepoint   ] Safepoint synchronization initiated using futex wait barrier. (281 threads)
[2025-12-02T09:41:15.522+0000][15720.400s][info ][gc,start    ] GC(180) Pause Young (Prepare Mixed) (G1 Evacuation Pause)
[2025-12-02T09:41:15.522+0000][15720.400s][info ][gc,task     ] GC(180) Using 13 workers of 13 for evacuation
[2025-12-02T09:41:15.560+0000][15720.438s][info ][gc,phases   ] GC(180)   Pre Evacuate Collection Set: 1.1ms
[2025-12-02T09:41:15.560+0000][15720.438s][info ][gc,phases   ] GC(180)   Merge Heap Roots: 2.1ms
[2025-12-02T09:41:15.560+0000][15720.438s][info ][gc,phases   ] GC(180)   Evacuate Collection Set: 21.0ms
[2025-12-02T09:41:15.560+0000][15720.438s][info ][gc,phases   ] GC(180)   Post Evacuate Collection Set: 12.2ms
[2025-12-02T09:41:15.560+0000][15720.438s][info ][gc,phases   ] GC(180)   Other: 2.9ms
[2025-12-02T09:41:15.560+0000][15720.438s][info ][gc,heap     ] GC(180) Eden regions: 330->0(25)
[2025-12-02T09:41:15.560+0000][15720.438s][info ][gc,heap     ] GC(180) Survivor regions: 2->2(42)
[2025-12-02T09:41:15.560+0000][15720.438s][info ][gc,heap     ] GC(180) Old regions: 155->155
[2025-12-02T09:41:15.560+0000][15720.438s][info ][gc,heap     ] GC(180) Archive regions: 2->2
[2025-12-02T09:41:15.560+0000][15720.438s][info ][gc,heap     ] GC(180) Humongous regions: 17->0
[2025-12-02T09:41:15.560+0000][15720.438s][info ][gc,metaspace] GC(180) Metaspace: 208253K(209664K)->208253K(209664K) NonClass: 183390K(184128K)->183390K(184128K) Class: 24863K(25536K)->24863K(25536K)
[2025-12-02T09:41:15.560+0000][15720.439s][info ][gc          ] GC(180) Pause Young (Prepare Mixed) (G1 Evacuation Pause) 504M->157M(554M) 38.257ms
[2025-12-02T09:41:15.560+0000][15720.439s][info ][gc,cpu      ] GC(180) User=0.28s Sys=0.02s Real=0.04s
[2025-12-02T09:41:15.564+0000][15720.442s][info ][safepoint   ] Safepoint "G1CollectForAllocation", Time since last: 53310437535 ns, Reaching safepoint: 895545 ns, Cleanup: 10230 ns, At safepoint: 43638470 ns, Total: 44544245 ns
[2025-12-02T09:41:16.564+0000][15721.442s][debug][safepoint   ] Safepoint synchronization initiated using futex wait barrier. (284 threads)
[2025-12-02T09:41:16.564+0000][15721.443s][debug][safepoint   ] ... found polling page loop exception at pc = 0x000070141a3acc3f, stub =0x0000701418a04400
[2025-12-02T09:41:16.565+0000][15721.444s][info ][safepoint   ] Safepoint "Cleanup", Time since last: 1000211005 ns, Reaching safepoint: 975099 ns, Cleanup: 25539 ns, At safepoint: 293529 ns, Total: 1294167 ns
[2025-12-02T09:41:30.088+0000][15734.969s][debug][safepoint   ] Safepoint synchronization initiated using futex wait barrier. (286 threads)
[2025-12-02T09:41:30.089+0000][15734.970s][info ][gc,start    ] GC(181) Pause Young (Mixed) (G1 Evacuation Pause)
[2025-12-02T09:41:30.089+0000][15734.970s][info ][gc,task     ] GC(181) Using 13 workers of 13 for evacuation
[2025-12-02T09:41:30.146+0000][15735.027s][info ][gc,phases   ] GC(181)   Pre Evacuate Collection Set: 0.8ms
[2025-12-02T09:41:30.147+0000][15735.028s][info ][gc,phases   ] GC(181)   Merge Heap Roots: 1.7ms
[2025-12-02T09:41:30.147+0000][15735.028s][info ][gc,phases   ] GC(181)   Evacuate Collection Set: 49.9ms
[2025-12-02T09:41:30.147+0000][15735.028s][info ][gc,phases   ] GC(181)   Post Evacuate Collection Set: 4.3ms
[2025-12-02T09:41:30.147+0000][15735.028s][info ][gc,phases   ] GC(181)   Other: 1.1ms
[2025-12-02T09:41:30.147+0000][15735.028s][info ][gc,heap     ] GC(181) Eden regions: 25->0(329)
[2025-12-02T09:41:30.147+0000][15735.028s][info ][gc,heap     ] GC(181) Survivor regions: 2->3(4)
[2025-12-02T09:41:30.147+0000][15735.028s][info ][gc,heap     ] GC(181) Old regions: 155->154
[2025-12-02T09:41:30.147+0000][15735.028s][info ][gc,heap     ] GC(181) Archive regions: 2->2
[2025-12-02T09:41:30.147+0000][15735.028s][info ][gc,heap     ] GC(181) Humongous regions: 0->0
[2025-12-02T09:41:30.147+0000][15735.028s][info ][gc,metaspace] GC(181) Metaspace: 208265K(209664K)->208265K(209664K) NonClass: 183401K(184128K)->183401K(184128K) Class: 24864K(25536K)->24864K(25536K)
[2025-12-02T09:41:30.147+0000][15735.028s][info ][gc          ] GC(181) Pause Young (Mixed) (G1 Evacuation Pause) 182M->156M(554M) 58.028ms
[2025-12-02T09:41:30.147+0000][15735.028s][info ][gc,cpu      ] GC(181) User=0.64s Sys=0.00s Real=0.05s
[2025-12-02T09:41:30.148+0000][15735.029s][info ][safepoint   ] Safepoint "G1CollectForAllocation", Time since last: 13525614860 ns, Reaching safepoint: 102998 ns, Cleanup: 4259 ns, At safepoint: 59947837 ns, Total: 60055094 ns
[2025-12-02T09:41:31.149+0000][15736.030s][debug][safepoint   ] Safepoint synchronization initiated using futex wait barrier. (286 threads)
[2025-12-02T09:41:31.149+0000][15736.030s][info ][safepoint   ] Safepoint "Cleanup", Time since last: 1000227881 ns, Reaching safepoint: 104772 ns, Cleanup: 50187 ns, At safepoint: 6683 ns, Total: 161642 ns
[2025-12-02T09:41:46.151+0000][15751.032s][debug][safepoint   ] Safepoint synchronization initiated using futex wait barrier. (286 threads)
[2025-12-02T09:41:46.151+0000][15751.032s][info ][safepoint   ] Safepoint "Cleanup", Time since last: 15002138151 ns, Reaching safepoint: 103632 ns, Cleanup: 26221 ns, At safepoint: 3607 ns, Total: 133460 ns
[2025-12-02T09:42:03.151+0000][15768.035s][debug][safepoint   ] Safepoint synchronization initiated using futex wait barrier. (286 threads)
[2025-12-02T09:42:03.152+0000][15768.035s][info ][safepoint   ] Safepoint "Cleanup", Time since last: 17002600233 ns, Reaching safepoint: 539747 ns, Cleanup: 30848 ns, At safepoint: 12855 ns, Total: 583450 ns
[2025-12-02T09:42:20.155+0000][15785.038s][debug][safepoint   ] Safepoint synchronization initiated using futex wait barrier. (286 threads)
[2025-12-02T09:42:20.155+0000][15785.039s][info ][safepoint   ] Safepoint "Cleanup", Time since last: 17003001498 ns, Reaching safepoint: 248953 ns, Cleanup: 30048 ns, At safepoint: 6824 ns, Total: 285825 ns
[2025-12-02T09:43:22.314+0000][15847.202s][debug][safepoint   ] Safepoint synchronization initiated using futex wait barrier. (278 threads)
[2025-12-02T09:43:22.314+0000][15847.202s][info ][safepoint   ] Safepoint "Cleanup", Time since last: 62163210326 ns, Reaching safepoint: 264753 ns, Cleanup: 27353 ns, At safepoint: 6904 ns, Total: 299010 ns
[2025-12-02T09:44:24.348+0000][15909.241s][debug][safepoint   ] Safepoint synchronization initiated using futex wait barrier. (277 threads)
[2025-12-02T09:44:24.349+0000][15909.241s][info ][safepoint   ] Safepoint "Cleanup", Time since last: 62038972344 ns, Reaching safepoint: 228030 ns, Cleanup: 34526 ns, At safepoint: 5461 ns, Total: 268017 ns
[2025-12-02T09:44:56.377+0000][15941.274s][debug][safepoint   ] Safepoint synchronization initiated using futex wait barrier. (279 threads)
[2025-12-02T09:44:56.378+0000][15941.274s][info ][safepoint   ] Safepoint "Cleanup", Time since last: 32032910373 ns, Reaching safepoint: 124301 ns, Cleanup: 16251 ns, At safepoint: 5912 ns, Total: 146464 ns
[2025-12-02T09:45:32.278+0000][15977.180s][debug][safepoint   ] Safepoint synchronization initiated using futex wait barrier. (278 threads)
[2025-12-02T09:45:32.279+0000][15977.181s][info ][gc,start    ] GC(182) Pause Young (Concurrent Start) (G1 Evacuation Pause)
[2025-12-02T09:45:32.279+0000][15977.182s][info ][gc,task     ] GC(182) Using 13 workers of 13 for evacuation
[2025-12-02T09:45:32.313+0000][15977.215s][info ][gc,phases   ] GC(182)   Pre Evacuate Collection Set: 2.9ms
[2025-12-02T09:45:32.313+0000][15977.215s][info ][gc,phases   ] GC(182)   Merge Heap Roots: 0.6ms
[2025-12-02T09:45:32.313+0000][15977.215s][info ][gc,phases   ] GC(182)   Evacuate Collection Set: 22.6ms
[2025-12-02T09:45:32.313+0000][15977.215s][info ][gc,phases   ] GC(182)   Post Evacuate Collection Set: 5.4ms
[2025-12-02T09:45:32.313+0000][15977.215s][info ][gc,phases   ] GC(182)   Other: 2.6ms
[2025-12-02T09:45:32.313+0000][15977.215s][info ][gc,heap     ] GC(182) Eden regions: 329->0(329)
[2025-12-02T09:45:32.313+0000][15977.215s][info ][gc,heap     ] GC(182) Survivor regions: 3->3(42)
[2025-12-02T09:45:32.313+0000][15977.215s][info ][gc,heap     ] GC(182) Old regions: 154->154
[2025-12-02T09:45:32.313+0000][15977.215s][info ][gc,heap     ] GC(182) Archive regions: 2->2
[2025-12-02T09:45:32.313+0000][15977.216s][info ][gc,heap     ] GC(182) Humongous regions: 0->0
[2025-12-02T09:45:32.313+0000][15977.216s][info ][gc,metaspace] GC(182) Metaspace: 208365K(209792K)->208365K(209792K) NonClass: 183486K(184256K)->183486K(184256K) Class: 24879K(25536K)->24879K(25536K)
[2025-12-02T09:45:32.313+0000][15977.216s][info ][gc          ] GC(182) Pause Young (Concurrent Start) (G1 Evacuation Pause) 485M->156M(554M) 34.138ms
[2025-12-02T09:45:32.314+0000][15977.216s][info ][gc,cpu      ] GC(182) User=0.18s Sys=0.05s Real=0.03s
[2025-12-02T09:45:32.314+0000][15977.216s][info ][gc          ] GC(183) Concurrent Mark Cycle
[2025-12-02T09:45:32.314+0000][15977.216s][info ][gc,marking  ] GC(183) Concurrent Clear Claimed Marks
[2025-12-02T09:45:32.314+0000][15977.216s][info ][safepoint   ] Safepoint "G1CollectForAllocation", Time since last: 35905741134 ns, Reaching safepoint: 1126403 ns, Cleanup: 15870 ns, At safepoint: 35135692 ns, Total: 36277965 ns
[2025-12-02T09:45:32.315+0000][15977.217s][info ][gc,marking  ] GC(183) Concurrent Clear Claimed Marks 0.795ms
[2025-12-02T09:45:32.315+0000][15977.217s][info ][gc,marking  ] GC(183) Concurrent Scan Root Regions
[2025-12-02T09:45:32.381+0000][15977.283s][info ][gc,marking  ] GC(183) Concurrent Scan Root Regions 65.857ms
[2025-12-02T09:45:32.381+0000][15977.283s][info ][gc,marking  ] GC(183) Concurrent Mark
[2025-12-02T09:45:32.381+0000][15977.283s][info ][gc,marking  ] GC(183) Concurrent Mark From Roots
[2025-12-02T09:45:32.381+0000][15977.283s][info ][gc,task     ] GC(183) Using 3 workers of 3 for marking
[2025-12-02T09:45:32.759+0000][15977.661s][info ][gc,marking  ] GC(183) Concurrent Mark From Roots 377.691ms
[2025-12-02T09:45:32.759+0000][15977.661s][info ][gc,marking  ] GC(183) Concurrent Preclean
[2025-12-02T09:45:32.759+0000][15977.661s][info ][gc,marking  ] GC(183) Concurrent Preclean 0.528ms
[2025-12-02T09:45:32.759+0000][15977.661s][debug][safepoint   ] Safepoint synchronization initiated using futex wait barrier. (276 threads)
[2025-12-02T09:45:32.759+0000][15977.662s][info ][gc,start    ] GC(183) Pause Remark
[2025-12-02T09:45:32.977+0000][15977.879s][info ][gc          ] GC(183) Pause Remark 162M->162M(550M) 217.392ms
[2025-12-02T09:45:32.977+0000][15977.879s][info ][gc,cpu      ] GC(183) User=2.77s Sys=0.00s Real=0.22s
[2025-12-02T09:45:32.979+0000][15977.881s][info ][safepoint   ] Safepoint "G1PauseRemark", Time since last: 445026798 ns, Reaching safepoint: 52060 ns, Cleanup: 4930 ns, At safepoint: 219328656 ns, Total: 219385646 ns
[2025-12-02T09:45:32.979+0000][15977.881s][info ][gc,marking  ] GC(183) Concurrent Mark 597.943ms
[2025-12-02T09:45:32.979+0000][15977.881s][info ][gc,marking  ] GC(183) Concurrent Rebuild Remembered Sets
[2025-12-02T09:45:33.045+0000][15977.948s][info ][gc,marking  ] GC(183) Concurrent Rebuild Remembered Sets 66.552ms
[2025-12-02T09:45:33.045+0000][15977.948s][debug][safepoint   ] Safepoint synchronization initiated using futex wait barrier. (276 threads)
[2025-12-02T09:45:33.046+0000][15977.948s][info ][gc,start    ] GC(183) Pause Cleanup
[2025-12-02T09:45:33.046+0000][15977.948s][info ][gc          ] GC(183) Pause Cleanup 162M->162M(550M) 0.400ms
[2025-12-02T09:45:33.046+0000][15977.948s][info ][gc,cpu      ] GC(183) User=0.00s Sys=0.00s Real=0.00s
[2025-12-02T09:45:33.046+0000][15977.948s][info ][safepoint   ] Safepoint "G1PauseCleanup", Time since last: 66812117 ns, Reaching safepoint: 44216 ns, Cleanup: 3857 ns, At safepoint: 541437 ns, Total: 589510 ns
[2025-12-02T09:45:33.046+0000][15977.948s][info ][gc,marking  ] GC(183) Concurrent Cleanup for Next Mark
[2025-12-02T09:45:33.060+0000][15977.962s][info ][gc,marking  ] GC(183) Concurrent Cleanup for Next Mark 14.034ms
[2025-12-02T09:45:33.060+0000][15977.962s][info ][gc          ] GC(183) Concurrent Mark Cycle 746.311ms
[2025-12-02T09:45:51.049+0000][15995.951s][debug][safepoint   ] Safepoint synchronization initiated using futex wait barrier. (278 threads)
[2025-12-02T09:45:51.050+0000][15995.952s][info ][safepoint   ] Safepoint "Cleanup", Time since last: 18002995712 ns, Reaching safepoint: 308884 ns, Cleanup: 28065 ns, At safepoint: 183870 ns, Total: 520819 ns
[2025-12-02T09:46:45.447+0000][16050.353s][debug][safepoint   ] Safepoint synchronization initiated using futex wait barrier. (279 threads)
[2025-12-02T09:46:45.448+0000][16050.353s][info ][safepoint   ] Safepoint "Cleanup", Time since last: 54401082113 ns, Reaching safepoint: 262530 ns, Cleanup: 341000 ns, At safepoint: 52089 ns, Total: 655619 ns
[2025-12-02T09:50:02.549+0000][16247.467s][debug][safepoint   ] Safepoint synchronization initiated using futex wait barrier. (283 threads)
[2025-12-02T09:50:02.550+0000][16247.468s][info ][safepoint   ] Safepoint "Cleanup", Time since last: 197113453517 ns, Reaching safepoint: 323180 ns, Cleanup: 364900 ns, At safepoint: 92063 ns, Total: 780143 ns
[2025-12-02T09:50:05.344+0000][16250.262s][debug][safepoint   ] Safepoint synchronization initiated using futex wait barrier. (283 threads)
[2025-12-02T09:50:05.350+0000][16250.268s][info ][gc,start    ] GC(184) Pause Young (Prepare Mixed) (G1 Evacuation Pause)
[2025-12-02T09:50:05.350+0000][16250.268s][info ][gc,task     ] GC(184) Using 13 workers of 13 for evacuation
[2025-12-02T09:50:05.477+0000][16250.394s][info ][gc,phases   ] GC(184)   Pre Evacuate Collection Set: 5.3ms
[2025-12-02T09:50:05.477+0000][16250.394s][info ][gc,phases   ] GC(184)   Merge Heap Roots: 2.7ms
[2025-12-02T09:50:05.477+0000][16250.394s][info ][gc,phases   ] GC(184)   Evacuate Collection Set: 91.6ms
[2025-12-02T09:50:05.477+0000][16250.394s][info ][gc,phases   ] GC(184)   Post Evacuate Collection Set: 23.5ms
[2025-12-02T09:50:05.477+0000][16250.394s][info ][gc,phases   ] GC(184)   Other: 8.2ms
[2025-12-02T09:50:05.477+0000][16250.394s][info ][gc,heap     ] GC(184) Eden regions: 327->0(24)
[2025-12-02T09:50:05.477+0000][16250.395s][info ][gc,heap     ] GC(184) Survivor regions: 3->3(42)
[2025-12-02T09:50:05.477+0000][16250.395s][info ][gc,heap     ] GC(184) Old regions: 154->155
[2025-12-02T09:50:05.477+0000][16250.395s][info ][gc,heap     ] GC(184) Archive regions: 2->2
[2025-12-02T09:50:05.477+0000][16250.395s][info ][gc,heap     ] GC(184) Humongous regions: 0->0
[2025-12-02T09:50:05.477+0000][16250.395s][info ][gc,metaspace] GC(184) Metaspace: 208412K(209920K)->208412K(209920K) NonClass: 183530K(184320K)->183530K(184320K) Class: 24882K(25600K)->24882K(25600K)
[2025-12-02T09:50:05.477+0000][16250.395s][info ][gc          ] GC(184) Pause Young (Prepare Mixed) (G1 Evacuation Pause) 483M->157M(550M) 127.237ms
[2025-12-02T09:50:05.478+0000][16250.395s][info ][gc,cpu      ] GC(184) User=1.03s Sys=0.00s Real=0.13s
[2025-12-02T09:50:05.479+0000][16250.397s][info ][safepoint   ] Safepoint "G1CollectForAllocation", Time since last: 2794494723 ns, Reaching safepoint: 130524 ns, Cleanup: 78755 ns, At safepoint: 134164463 ns, Total: 134373742 ns
[2025-12-02T09:50:24.273+0000][16269.191s][debug][safepoint   ] Safepoint synchronization initiated using futex wait barrier. (283 threads)
[2025-12-02T09:50:24.273+0000][16269.191s][info ][gc,start    ] GC(185) Pause Young (Mixed) (G1 Evacuation Pause)
[2025-12-02T09:50:24.273+0000][16269.191s][info ][gc,task     ] GC(185) Using 13 workers of 13 for evacuation
[2025-12-02T09:50:24.377+0000][16269.295s][info ][gc,phases   ] GC(185)   Pre Evacuate Collection Set: 1.0ms
[2025-12-02T09:50:24.377+0000][16269.295s][info ][gc,phases   ] GC(185)   Merge Heap Roots: 3.6ms
[2025-12-02T09:50:24.377+0000][16269.295s][info ][gc,phases   ] GC(185)   Evacuate Collection Set: 93.7ms
[2025-12-02T09:50:24.377+0000][16269.295s][info ][gc,phases   ] GC(185)   Post Evacuate Collection Set: 5.2ms
[2025-12-02T09:50:24.377+0000][16269.295s][info ][gc,phases   ] GC(185)   Other: 0.4ms
[2025-12-02T09:50:24.377+0000][16269.295s][info ][gc,heap     ] GC(185) Eden regions: 24->0(327)
[2025-12-02T09:50:24.377+0000][16269.295s][info ][gc,heap     ] GC(185) Survivor regions: 3->3(4)
[2025-12-02T09:50:24.377+0000][16269.295s][info ][gc,heap     ] GC(185) Old regions: 155->154
[2025-12-02T09:50:24.377+0000][16269.295s][info ][gc,heap     ] GC(185) Archive regions: 2->2
[2025-12-02T09:50:24.377+0000][16269.295s][info ][gc,heap     ] GC(185) Humongous regions: 0->0
[2025-12-02T09:50:24.377+0000][16269.295s][info ][gc,metaspace] GC(185) Metaspace: 208412K(209920K)->208412K(209920K) NonClass: 183530K(184320K)->183530K(184320K) Class: 24882K(25600K)->24882K(25600K)
[2025-12-02T09:50:24.377+0000][16269.295s][info ][gc          ] GC(185) Pause Young (Mixed) (G1 Evacuation Pause) 181M->156M(550M) 104.098ms
[2025-12-02T09:50:24.377+0000][16269.295s][info ][gc,cpu      ] GC(185) User=1.21s Sys=0.00s Real=0.10s
[2025-12-02T09:50:24.379+0000][16269.296s][info ][safepoint   ] Safepoint "G1CollectForAllocation", Time since last: 18793925550 ns, Reaching safepoint: 154085 ns, Cleanup: 7584 ns, At safepoint: 105794934 ns, Total: 105956603 ns
[2025-12-02T09:50:54.587+0000][16299.507s][debug][safepoint   ] Safepoint synchronization initiated using futex wait barrier. (283 threads)
[2025-12-02T09:50:54.587+0000][16299.507s][info ][safepoint   ] Safepoint "Cleanup", Time since last: 30210519696 ns, Reaching safepoint: 141778 ns, Cleanup: 43335 ns, At safepoint: 7235 ns, Total: 192348 ns
[2025-12-02T09:52:06.592+0000][16371.520s][debug][safepoint   ] Safepoint synchronization initiated using futex wait barrier. (283 threads)
[2025-12-02T09:52:06.595+0000][16371.523s][info ][safepoint   ] Safepoint "Cleanup", Time since last: 72012822864 ns, Reaching safepoint: 2385150 ns, Cleanup: 410421 ns, At safepoint: 105505 ns, Total: 2901076 ns
[2025-12-02T09:52:22.597+0000][16387.525s][debug][safepoint   ] Safepoint synchronization initiated using futex wait barrier. (283 threads)
[2025-12-02T09:52:22.597+0000][16387.525s][info ][safepoint   ] Safepoint "Cleanup", Time since last: 16001956910 ns, Reaching safepoint: 126681 ns, Cleanup: 29816 ns, At safepoint: 3477 ns, Total: 159974 ns
[2025-12-02T09:54:59.643+0000][16544.587s][debug][safepoint   ] Safepoint synchronization initiated using futex wait barrier. (278 threads)
[2025-12-02T09:54:59.653+0000][16544.598s][info ][gc,start    ] GC(186) Pause Young (Concurrent Start) (G1 Evacuation Pause)
[2025-12-02T09:54:59.654+0000][16544.598s][info ][gc,task     ] GC(186) Using 13 workers of 13 for evacuation
[2025-12-02T09:54:59.896+0000][16544.840s][info ][gc,phases   ] GC(186)   Pre Evacuate Collection Set: 71.6ms
[2025-12-02T09:54:59.896+0000][16544.840s][info ][gc,phases   ] GC(186)   Merge Heap Roots: 1.7ms
[2025-12-02T09:54:59.896+0000][16544.840s][info ][gc,phases   ] GC(186)   Evacuate Collection Set: 145.5ms
[2025-12-02T09:54:59.896+0000][16544.840s][info ][gc,phases   ] GC(186)   Post Evacuate Collection Set: 16.1ms
[2025-12-02T09:54:59.896+0000][16544.840s][info ][gc,phases   ] GC(186)   Other: 16.9ms
[2025-12-02T09:54:59.896+0000][16544.841s][info ][gc,heap     ] GC(186) Eden regions: 327->0(327)
[2025-12-02T09:54:59.896+0000][16544.841s][info ][gc,heap     ] GC(186) Survivor regions: 3->3(42)
[2025-12-02T09:54:59.896+0000][16544.841s][info ][gc,heap     ] GC(186) Old regions: 154->154
[2025-12-02T09:54:59.896+0000][16544.841s][info ][gc,heap     ] GC(186) Archive regions: 2->2
[2025-12-02T09:54:59.896+0000][16544.841s][info ][gc,heap     ] GC(186) Humongous regions: 0->0
[2025-12-02T09:54:59.896+0000][16544.841s][info ][gc,metaspace] GC(186) Metaspace: 208436K(209920K)->208436K(209920K) NonClass: 183554K(184320K)->183554K(184320K) Class: 24882K(25600K)->24882K(25600K)
[2025-12-02T09:54:59.897+0000][16544.842s][info ][gc          ] GC(186) Pause Young (Concurrent Start) (G1 Evacuation Pause) 483M->156M(550M) 243.684ms
[2025-12-02T09:54:59.897+0000][16544.842s][info ][gc,cpu      ] GC(186) User=0.86s Sys=0.00s Real=0.24s
[2025-12-02T09:54:59.898+0000][16544.843s][info ][gc          ] GC(187) Concurrent Mark Cycle
[2025-12-02T09:54:59.898+0000][16544.843s][info ][safepoint   ] Safepoint "G1CollectForAllocation", Time since last: 157061978653 ns, Reaching safepoint: 275846 ns, Cleanup: 9468 ns, At safepoint: 255378146 ns, Total: 255663460 ns
[2025-12-02T09:54:59.899+0000][16544.843s][info ][gc,marking  ] GC(187) Concurrent Clear Claimed Marks
[2025-12-02T09:54:59.901+0000][16544.845s][info ][gc,marking  ] GC(187) Concurrent Clear Claimed Marks 2.119ms
[2025-12-02T09:54:59.901+0000][16544.845s][info ][gc,marking  ] GC(187) Concurrent Scan Root Regions
[2025-12-02T09:55:00.231+0000][16545.175s][info ][gc,marking  ] GC(187) Concurrent Scan Root Regions 329.654ms
[2025-12-02T09:55:00.231+0000][16545.175s][info ][gc,marking  ] GC(187) Concurrent Mark
[2025-12-02T09:55:00.231+0000][16545.175s][info ][gc,marking  ] GC(187) Concurrent Mark From Roots
[2025-12-02T09:55:00.231+0000][16545.175s][info ][gc,task     ] GC(187) Using 3 workers of 3 for marking
[2025-12-02T09:55:00.899+0000][16545.844s][debug][safepoint   ] Safepoint synchronization initiated using futex wait barrier. (278 threads)
[2025-12-02T09:55:00.899+0000][16545.844s][info ][safepoint   ] Safepoint "Cleanup", Time since last: 1000661711 ns, Reaching safepoint: 412381 ns, Cleanup: 29777 ns, At safepoint: 117238 ns, Total: 559396 ns
[2025-12-02T09:55:01.128+0000][16546.072s][info ][gc,marking  ] GC(187) Concurrent Mark From Roots 897.085ms
[2025-12-02T09:55:01.128+0000][16546.072s][info ][gc,marking  ] GC(187) Concurrent Preclean
[2025-12-02T09:55:01.129+0000][16546.073s][info ][gc,marking  ] GC(187) Concurrent Preclean 1.080ms
[2025-12-02T09:55:01.129+0000][16546.074s][debug][safepoint   ] Safepoint synchronization initiated using futex wait barrier. (278 threads)
[2025-12-02T09:55:01.130+0000][16546.074s][info ][gc,start    ] GC(187) Pause Remark
[2025-12-02T09:55:01.849+0000][16546.793s][info ][gc,mmu      ] GC(187) MMU target violated: 501.0ms (500.0ms/501.0ms)
[2025-12-02T09:55:01.849+0000][16546.793s][info ][gc          ] GC(187) Pause Remark 162M->162M(550M) 718.757ms
[2025-12-02T09:55:01.849+0000][16546.793s][info ][gc,cpu      ] GC(187) User=9.27s Sys=0.00s Real=0.72s
[2025-12-02T09:55:01.851+0000][16546.795s][info ][safepoint   ] Safepoint "G1PauseRemark", Time since last: 229912898 ns, Reaching safepoint: 242401 ns, Cleanup: 24838 ns, At safepoint: 721181048 ns, Total: 721448287 ns
[2025-12-02T09:55:01.851+0000][16546.795s][info ][gc,marking  ] GC(187) Concurrent Mark 1620.358ms
[2025-12-02T09:55:01.851+0000][16546.795s][info ][gc,marking  ] GC(187) Concurrent Rebuild Remembered Sets
[2025-12-02T09:55:01.975+0000][16546.919s][info ][gc,marking  ] GC(187) Concurrent Rebuild Remembered Sets 123.531ms
[2025-12-02T09:55:01.975+0000][16546.919s][debug][safepoint   ] Safepoint synchronization initiated using futex wait barrier. (278 threads)
[2025-12-02T09:55:01.976+0000][16546.920s][info ][gc,start    ] GC(187) Pause Cleanup
[2025-12-02T09:55:01.977+0000][16546.921s][info ][gc          ] GC(187) Pause Cleanup 162M->162M(550M) 1.081ms
[2025-12-02T09:55:01.977+0000][16546.921s][info ][gc,cpu      ] GC(187) User=0.01s Sys=0.00s Real=0.00s
[2025-12-02T09:55:01.978+0000][16546.922s][info ][safepoint   ] Safepoint "G1PauseCleanup", Time since last: 123919531 ns, Reaching safepoint: 886295 ns, Cleanup: 42884 ns, At safepoint: 2013598 ns, Total: 2942777 ns
[2025-12-02T09:55:01.978+0000][16546.922s][info ][gc,marking  ] GC(187) Concurrent Cleanup for Next Mark
[2025-12-02T09:55:02.001+0000][16546.946s][info ][gc,marking  ] GC(187) Concurrent Cleanup for Next Mark 23.381ms
[2025-12-02T09:55:02.001+0000][16546.946s][info ][gc          ] GC(187) Concurrent Mark Cycle 2102.994ms
[2025-12-02T09:57:18.987+0000][16683.942s][debug][safepoint   ] Safepoint synchronization initiated using futex wait barrier. (281 threads)
[2025-12-02T09:57:18.987+0000][16683.943s][info ][safepoint   ] Safepoint "Cleanup", Time since last: 137020237491 ns, Reaching safepoint: 134342 ns, Cleanup: 58234 ns, At safepoint: 5210 ns, Total: 197786 ns
[2025-12-02T09:59:30.520+0000][16815.489s][debug][safepoint   ] Safepoint synchronization initiated using futex wait barrier. (277 threads)
[2025-12-02T09:59:30.521+0000][16815.490s][info ][gc,start    ] GC(188) Pause Young (Prepare Mixed) (G1 Evacuation Pause)
[2025-12-02T09:59:30.522+0000][16815.491s][info ][gc,task     ] GC(188) Using 13 workers of 13 for evacuation
[2025-12-02T09:59:30.583+0000][16815.552s][info ][gc,phases   ] GC(188)   Pre Evacuate Collection Set: 2.9ms
[2025-12-02T09:59:30.583+0000][16815.552s][info ][gc,phases   ] GC(188)   Merge Heap Roots: 1.2ms
[2025-12-02T09:59:30.583+0000][16815.552s][info ][gc,phases   ] GC(188)   Evacuate Collection Set: 46.6ms
[2025-12-02T09:59:30.583+0000][16815.552s][info ][gc,phases   ] GC(188)   Post Evacuate Collection Set: 9.2ms
[2025-12-02T09:59:30.583+0000][16815.552s][info ][gc,phases   ] GC(188)   Other: 2.4ms
[2025-12-02T09:59:30.583+0000][16815.552s][info ][gc,heap     ] GC(188) Eden regions: 327->0(24)
[2025-12-02T09:59:30.583+0000][16815.552s][info ][gc,heap     ] GC(188) Survivor regions: 3->3(42)
[2025-12-02T09:59:30.583+0000][16815.552s][info ][gc,heap     ] GC(188) Old regions: 154->154
[2025-12-02T09:59:30.583+0000][16815.552s][info ][gc,heap     ] GC(188) Archive regions: 2->2
[2025-12-02T09:59:30.583+0000][16815.552s][info ][gc,heap     ] GC(188) Humongous regions: 0->0
[2025-12-02T09:59:30.583+0000][16815.552s][info ][gc,metaspace] GC(188) Metaspace: 208438K(209920K)->208438K(209920K) NonClass: 183556K(184320K)->183556K(184320K) Class: 24882K(25600K)->24882K(25600K)
[2025-12-02T09:59:30.583+0000][16815.552s][info ][gc          ] GC(188) Pause Young (Prepare Mixed) (G1 Evacuation Pause) 483M->156M(550M) 61.426ms
[2025-12-02T09:59:30.583+0000][16815.552s][info ][gc,cpu      ] GC(188) User=0.39s Sys=0.00s Real=0.06s
[2025-12-02T09:59:30.585+0000][16815.553s][info ][safepoint   ] Safepoint "G1CollectForAllocation", Time since last: 131546312891 ns, Reaching safepoint: 177234 ns, Cleanup: 17765 ns, At safepoint: 64438937 ns, Total: 64633936 ns
[2025-12-02T09:59:49.429+0000][16834.398s][debug][safepoint   ] Safepoint synchronization initiated using futex wait barrier. (277 threads)
[2025-12-02T09:59:49.430+0000][16834.399s][info ][gc,start    ] GC(189) Pause Young (Mixed) (G1 Evacuation Pause)
[2025-12-02T09:59:49.430+0000][16834.399s][info ][gc,task     ] GC(189) Using 13 workers of 13 for evacuation
[2025-12-02T09:59:49.562+0000][16834.531s][info ][gc,phases   ] GC(189)   Pre Evacuate Collection Set: 0.8ms
[2025-12-02T09:59:49.562+0000][16834.531s][info ][gc,phases   ] GC(189)   Merge Heap Roots: 4.1ms
[2025-12-02T09:59:49.562+0000][16834.531s][info ][gc,phases   ] GC(189)   Evacuate Collection Set: 118.8ms
[2025-12-02T09:59:49.562+0000][16834.531s][info ][gc,phases   ] GC(189)   Post Evacuate Collection Set: 7.9ms
[2025-12-02T09:59:49.563+0000][16834.531s][info ][gc,phases   ] GC(189)   Other: 1.5ms
[2025-12-02T09:59:49.563+0000][16834.531s][info ][gc,heap     ] GC(189) Eden regions: 24->0(328)
[2025-12-02T09:59:49.563+0000][16834.531s][info ][gc,heap     ] GC(189) Survivor regions: 3->2(4)
[2025-12-02T09:59:49.563+0000][16834.531s][info ][gc,heap     ] GC(189) Old regions: 154->154
[2025-12-02T09:59:49.563+0000][16834.531s][info ][gc,heap     ] GC(189) Archive regions: 2->2
[2025-12-02T09:59:49.563+0000][16834.531s][info ][gc,heap     ] GC(189) Humongous regions: 0->0
[2025-12-02T09:59:49.563+0000][16834.532s][info ][gc,metaspace] GC(189) Metaspace: 208438K(209920K)->208438K(209920K) NonClass: 183556K(184320K)->183556K(184320K) Class: 24882K(25600K)->24882K(25600K)
[2025-12-02T09:59:49.563+0000][16834.532s][info ][gc          ] GC(189) Pause Young (Mixed) (G1 Evacuation Pause) 180M->156M(550M) 132.962ms
[2025-12-02T09:59:49.563+0000][16834.532s][info ][gc,cpu      ] GC(189) User=1.05s Sys=0.00s Real=0.13s
[2025-12-02T09:59:49.564+0000][16834.533s][info ][safepoint   ] Safepoint "G1CollectForAllocation", Time since last: 18844668243 ns, Reaching safepoint: 153560 ns, Cleanup: 9458 ns, At safepoint: 135070294 ns, Total: 135233312 ns
[2025-12-02T10:01:59.922+0000][16964.903s][debug][safepoint   ] Safepoint synchronization initiated using futex wait barrier. (278 threads)
[2025-12-02T10:01:59.922+0000][16964.903s][info ][safepoint   ] Safepoint "Cleanup", Time since last: 130369731108 ns, Reaching safepoint: 276078 ns, Cleanup: 57662 ns, At safepoint: 5781 ns, Total: 339521 ns
[2025-12-02T10:02:41.927+0000][17006.911s][debug][safepoint   ] Safepoint synchronization initiated using futex wait barrier. (279 threads)
[2025-12-02T10:02:41.927+0000][17006.911s][info ][safepoint   ] Safepoint "Cleanup", Time since last: 42007490351 ns, Reaching safepoint: 195100 ns, Cleanup: 23285 ns, At safepoint: 5771 ns, Total: 224156 ns
[2025-12-02T10:04:23.210+0000][17108.201s][debug][safepoint   ] Safepoint synchronization initiated using futex wait barrier. (277 threads)
[2025-12-02T10:04:23.212+0000][17108.204s][info ][gc,start    ] GC(190) Pause Young (Concurrent Start) (G1 Evacuation Pause)
[2025-12-02T10:04:23.213+0000][17108.205s][info ][gc,task     ] GC(190) Using 13 workers of 13 for evacuation
[2025-12-02T10:04:23.484+0000][17108.475s][info ][gc,phases   ] GC(190)   Pre Evacuate Collection Set: 75.5ms
[2025-12-02T10:04:23.484+0000][17108.476s][info ][gc,phases   ] GC(190)   Merge Heap Roots: 2.8ms
[2025-12-02T10:04:23.484+0000][17108.476s][info ][gc,phases   ] GC(190)   Evacuate Collection Set: 159.4ms
[2025-12-02T10:04:23.484+0000][17108.476s][info ][gc,phases   ] GC(190)   Post Evacuate Collection Set: 17.4ms
[2025-12-02T10:04:23.484+0000][17108.476s][info ][gc,phases   ] GC(190)   Other: 17.4ms
[2025-12-02T10:04:23.484+0000][17108.476s][info ][gc,heap     ] GC(190) Eden regions: 328->0(328)
[2025-12-02T10:04:23.484+0000][17108.476s][info ][gc,heap     ] GC(190) Survivor regions: 2->2(42)
[2025-12-02T10:04:23.484+0000][17108.476s][info ][gc,heap     ] GC(190) Old regions: 154->154
[2025-12-02T10:04:23.484+0000][17108.476s][info ][gc,heap     ] GC(190) Archive regions: 2->2
[2025-12-02T10:04:23.484+0000][17108.476s][info ][gc,heap     ] GC(190) Humongous regions: 0->0
[2025-12-02T10:04:23.484+0000][17108.476s][info ][gc,metaspace] GC(190) Metaspace: 208438K(209920K)->208438K(209920K) NonClass: 183556K(184320K)->183556K(184320K) Class: 24882K(25600K)->24882K(25600K)
[2025-12-02T10:04:23.485+0000][17108.477s][info ][gc          ] GC(190) Pause Young (Concurrent Start) (G1 Evacuation Pause) 484M->156M(550M) 272.882ms
[2025-12-02T10:04:23.485+0000][17108.477s][info ][gc,cpu      ] GC(190) User=0.94s Sys=0.00s Real=0.28s
[2025-12-02T10:04:23.486+0000][17108.478s][info ][gc          ] GC(191) Concurrent Mark Cycle
[2025-12-02T10:04:23.487+0000][17108.479s][info ][gc,marking  ] GC(191) Concurrent Clear Claimed Marks
[2025-12-02T10:04:23.488+0000][17108.480s][info ][gc,marking  ] GC(191) Concurrent Clear Claimed Marks 1.318ms
[2025-12-02T10:04:23.488+0000][17108.480s][info ][gc,marking  ] GC(191) Concurrent Scan Root Regions
[2025-12-02T10:04:23.487+0000][17108.479s][info ][safepoint   ] Safepoint "G1CollectForAllocation", Time since last: 101290175999 ns, Reaching safepoint: 305931 ns, Cleanup: 442715 ns, At safepoint: 276475186 ns, Total: 277223832 ns
[2025-12-02T10:04:23.955+0000][17108.947s][info ][gc,marking  ] GC(191) Concurrent Scan Root Regions 467.329ms
[2025-12-02T10:04:23.955+0000][17108.947s][info ][gc,marking  ] GC(191) Concurrent Mark
[2025-12-02T10:04:23.955+0000][17108.947s][info ][gc,marking  ] GC(191) Concurrent Mark From Roots
[2025-12-02T10:04:23.955+0000][17108.947s][info ][gc,task     ] GC(191) Using 3 workers of 3 for marking
[2025-12-02T10:04:24.764+0000][17109.756s][info ][gc,marking  ] GC(191) Concurrent Mark From Roots 809.088ms
[2025-12-02T10:04:24.765+0000][17109.756s][info ][gc,marking  ] GC(191) Concurrent Preclean
[2025-12-02T10:04:24.765+0000][17109.757s][info ][gc,marking  ] GC(191) Concurrent Preclean 0.563ms
[2025-12-02T10:04:24.765+0000][17109.757s][debug][safepoint   ] Safepoint synchronization initiated using futex wait barrier. (277 threads)
[2025-12-02T10:04:24.765+0000][17109.757s][info ][gc,start    ] GC(191) Pause Remark
[2025-12-02T10:04:25.358+0000][17110.350s][info ][gc,mmu      ] GC(191) MMU target violated: 501.0ms (500.0ms/501.0ms)
[2025-12-02T10:04:25.358+0000][17110.350s][info ][gc          ] GC(191) Pause Remark 162M->162M(550M) 593.070ms
[2025-12-02T10:04:25.359+0000][17110.350s][info ][gc,cpu      ] GC(191) User=7.59s Sys=0.00s Real=0.59s
[2025-12-02T10:04:25.360+0000][17110.352s][info ][safepoint   ] Safepoint "G1PauseRemark", Time since last: 1278506177 ns, Reaching safepoint: 97729 ns, Cleanup: 27864 ns, At safepoint: 594846598 ns, Total: 594972191 ns
[2025-12-02T10:04:25.360+0000][17110.352s][info ][gc,marking  ] GC(191) Concurrent Mark 1405.002ms
[2025-12-02T10:04:25.360+0000][17110.352s][info ][gc,marking  ] GC(191) Concurrent Rebuild Remembered Sets
[2025-12-02T10:04:25.460+0000][17110.452s][info ][gc,marking  ] GC(191) Concurrent Rebuild Remembered Sets 99.599ms
[2025-12-02T10:04:25.460+0000][17110.452s][debug][safepoint   ] Safepoint synchronization initiated using futex wait barrier. (277 threads)
[2025-12-02T10:04:25.462+0000][17110.454s][info ][gc,start    ] GC(191) Pause Cleanup
[2025-12-02T10:04:25.463+0000][17110.455s][info ][gc          ] GC(191) Pause Cleanup 162M->162M(550M) 0.505ms
[2025-12-02T10:04:25.463+0000][17110.455s][info ][gc,cpu      ] GC(191) User=0.00s Sys=0.00s Real=0.00s
[2025-12-02T10:04:25.463+0000][17110.455s][info ][safepoint   ] Safepoint "G1PauseCleanup", Time since last: 99978911 ns, Reaching safepoint: 2160192 ns, Cleanup: 4930 ns, At safepoint: 809423 ns, Total: 2974545 ns
[2025-12-02T10:04:25.463+0000][17110.455s][info ][gc,marking  ] GC(191) Concurrent Cleanup for Next Mark
[2025-12-02T10:04:25.483+0000][17110.475s][info ][gc,marking  ] GC(191) Concurrent Cleanup for Next Mark 20.255ms
[2025-12-02T10:04:25.484+0000][17110.475s][info ][gc          ] GC(191) Concurrent Mark Cycle 1997.404ms
[2025-12-02T10:07:42.474+0000][17307.484s][debug][safepoint   ] Safepoint synchronization initiated using futex wait barrier. (277 threads)
[2025-12-02T10:07:42.475+0000][17307.485s][info ][safepoint   ] Safepoint "Cleanup", Time since last: 197029409387 ns, Reaching safepoint: 209467 ns, Cleanup: 16342 ns, At safepoint: 4419 ns, Total: 230228 ns
[2025-12-02T10:09:00.241+0000][17385.259s][debug][safepoint   ] Safepoint synchronization initiated using futex wait barrier. (279 threads)
[2025-12-02T10:09:00.243+0000][17385.261s][info ][gc,start    ] GC(192) Pause Young (Prepare Mixed) (G1 Evacuation Pause)
[2025-12-02T10:09:00.243+0000][17385.261s][info ][gc,task     ] GC(192) Using 13 workers of 13 for evacuation
[2025-12-02T10:09:00.287+0000][17385.305s][info ][gc,phases   ] GC(192)   Pre Evacuate Collection Set: 1.9ms
[2025-12-02T10:09:00.287+0000][17385.305s][info ][gc,phases   ] GC(192)   Merge Heap Roots: 0.8ms
[2025-12-02T10:09:00.287+0000][17385.305s][info ][gc,phases   ] GC(192)   Evacuate Collection Set: 29.4ms
[2025-12-02T10:09:00.287+0000][17385.305s][info ][gc,phases   ] GC(192)   Post Evacuate Collection Set: 10.9ms
[2025-12-02T10:09:00.287+0000][17385.305s][info ][gc,phases   ] GC(192)   Other: 2.6ms
[2025-12-02T10:09:00.287+0000][17385.305s][info ][gc,heap     ] GC(192) Eden regions: 328->0(25)
[2025-12-02T10:09:00.287+0000][17385.305s][info ][gc,heap     ] GC(192) Survivor regions: 2->2(42)
[2025-12-02T10:09:00.287+0000][17385.305s][info ][gc,heap     ] GC(192) Old regions: 154->155
[2025-12-02T10:09:00.287+0000][17385.305s][info ][gc,heap     ] GC(192) Archive regions: 2->2
[2025-12-02T10:09:00.287+0000][17385.305s][info ][gc,heap     ] GC(192) Humongous regions: 0->0
[2025-12-02T10:09:00.287+0000][17385.305s][info ][gc,metaspace] GC(192) Metaspace: 208439K(209920K)->208439K(209920K) NonClass: 183557K(184320K)->183557K(184320K) Class: 24882K(25600K)->24882K(25600K)
[2025-12-02T10:09:00.288+0000][17385.305s][info ][gc          ] GC(192) Pause Young (Prepare Mixed) (G1 Evacuation Pause) 484M->156M(550M) 44.341ms
[2025-12-02T10:09:00.288+0000][17385.306s][info ][gc,cpu      ] GC(192) User=0.31s Sys=0.00s Real=0.04s
[2025-12-02T10:09:00.289+0000][17385.307s][info ][safepoint   ] Safepoint "G1CollectForAllocation", Time since last: 77774374828 ns, Reaching safepoint: 190249 ns, Cleanup: 12825 ns, At safepoint: 47361147 ns, Total: 47564221 ns
[2025-12-02T10:09:20.157+0000][17405.174s][debug][safepoint   ] Safepoint synchronization initiated using futex wait barrier. (279 threads)
[2025-12-02T10:09:20.157+0000][17405.175s][info ][gc,start    ] GC(193) Pause Young (Mixed) (G1 Evacuation Pause)
[2025-12-02T10:09:20.157+0000][17405.175s][info ][gc,task     ] GC(193) Using 13 workers of 13 for evacuation
[2025-12-02T10:09:20.206+0000][17405.224s][info ][gc,phases   ] GC(193)   Pre Evacuate Collection Set: 0.4ms
[2025-12-02T10:09:20.206+0000][17405.224s][info ][gc,phases   ] GC(193)   Merge Heap Roots: 0.8ms
[2025-12-02T10:09:20.206+0000][17405.224s][info ][gc,phases   ] GC(193)   Evacuate Collection Set: 43.4ms
[2025-12-02T10:09:20.206+0000][17405.224s][info ][gc,phases   ] GC(193)   Post Evacuate Collection Set: 4.6ms
[2025-12-02T10:09:20.206+0000][17405.224s][info ][gc,phases   ] GC(193)   Other: 0.3ms
[2025-12-02T10:09:20.206+0000][17405.224s][info ][gc,heap     ] GC(193) Eden regions: 25->0(328)
[2025-12-02T10:09:20.206+0000][17405.224s][info ][gc,heap     ] GC(193) Survivor regions: 2->2(4)
[2025-12-02T10:09:20.206+0000][17405.224s][info ][gc,heap     ] GC(193) Old regions: 155->154
[2025-12-02T10:09:20.206+0000][17405.224s][info ][gc,heap     ] GC(193) Archive regions: 2->2
[2025-12-02T10:09:20.206+0000][17405.224s][info ][gc,heap     ] GC(193) Humongous regions: 0->0
[2025-12-02T10:09:20.206+0000][17405.224s][info ][gc,metaspace] GC(193) Metaspace: 208439K(209920K)->208439K(209920K) NonClass: 183557K(184320K)->183557K(184320K) Class: 24882K(25600K)->24882K(25600K)
[2025-12-02T10:09:20.207+0000][17405.224s][info ][gc          ] GC(193) Pause Young (Mixed) (G1 Evacuation Pause) 181M->155M(550M) 49.627ms
[2025-12-02T10:09:20.207+0000][17405.224s][info ][gc,cpu      ] GC(193) User=0.49s Sys=0.00s Real=0.05s
[2025-12-02T10:09:20.208+0000][17405.226s][info ][safepoint   ] Safepoint "G1CollectForAllocation", Time since last: 19867877353 ns, Reaching safepoint: 122659 ns, Cleanup: 33486 ns, At safepoint: 51063654 ns, Total: 51219799 ns
[2025-12-02T10:10:22.218+0000][17467.241s][debug][safepoint   ] Safepoint synchronization initiated using futex wait barrier. (277 threads)
[2025-12-02T10:10:22.219+0000][17467.241s][info ][safepoint   ] Safepoint "Cleanup", Time since last: 62015064062 ns, Reaching safepoint: 308490 ns, Cleanup: 286027 ns, At safepoint: 14368 ns, Total: 608885 ns
[2025-12-02T10:12:51.235+0000][17616.271s][debug][safepoint   ] Safepoint synchronization initiated using futex wait barrier. (277 threads)
[2025-12-02T10:12:51.238+0000][17616.273s][info ][safepoint   ] Safepoint "Cleanup", Time since last: 149029091869 ns, Reaching safepoint: 1981683 ns, Cleanup: 244967 ns, At safepoint: 12855 ns, Total: 2239505 ns
[2025-12-02T10:13:56.267+0000][17681.309s][debug][safepoint   ] Safepoint synchronization initiated using futex wait barrier. (277 threads)
[2025-12-02T10:13:56.274+0000][17681.317s][info ][gc,start    ] GC(194) Pause Young (Concurrent Start) (G1 Evacuation Pause)
[2025-12-02T10:13:56.274+0000][17681.317s][info ][gc,task     ] GC(194) Using 13 workers of 13 for evacuation
[2025-12-02T10:13:56.500+0000][17681.551s][info ][gc,phases   ] GC(194)   Pre Evacuate Collection Set: 45.9ms
[2025-12-02T10:13:56.500+0000][17681.551s][info ][gc,phases   ] GC(194)   Merge Heap Roots: 2.7ms
[2025-12-02T10:13:56.500+0000][17681.551s][info ][gc,phases   ] GC(194)   Evacuate Collection Set: 154.2ms
[2025-12-02T10:13:56.500+0000][17681.551s][info ][gc,phases   ] GC(194)   Post Evacuate Collection Set: 17.4ms
[2025-12-02T10:13:56.500+0000][17681.551s][info ][gc,phases   ] GC(194)   Other: 20.8ms
[2025-12-02T10:13:56.500+0000][17681.551s][info ][gc,heap     ] GC(194) Eden regions: 328->0(328)
[2025-12-02T10:13:56.500+0000][17681.551s][info ][gc,heap     ] GC(194) Survivor regions: 2->2(42)
[2025-12-02T10:13:56.500+0000][17681.551s][info ][gc,heap     ] GC(194) Old regions: 154->155
[2025-12-02T10:13:56.500+0000][17681.551s][info ][gc,heap     ] GC(194) Archive regions: 2->2
[2025-12-02T10:13:56.500+0000][17681.551s][info ][gc,heap     ] GC(194) Humongous regions: 0->0
[2025-12-02T10:13:56.500+0000][17681.551s][info ][gc,metaspace] GC(194) Metaspace: 208441K(209920K)->208441K(209920K) NonClass: 183559K(184320K)->183559K(184320K) Class: 24882K(25600K)->24882K(25600K)
[2025-12-02T10:13:56.501+0000][17681.553s][info ][gc          ] GC(194) Pause Young (Concurrent Start) (G1 Evacuation Pause) 483M->156M(550M) 235.712ms
[2025-12-02T10:13:56.501+0000][17681.553s][info ][gc,cpu      ] GC(194) User=0.96s Sys=0.00s Real=0.24s
[2025-12-02T10:13:56.502+0000][17681.553s][info ][gc          ] GC(195) Concurrent Mark Cycle
[2025-12-02T10:13:56.502+0000][17681.554s][info ][gc,marking  ] GC(195) Concurrent Clear Claimed Marks
[2025-12-02T10:13:56.503+0000][17681.554s][info ][safepoint   ] Safepoint "G1CollectForAllocation", Time since last: 65036729126 ns, Reaching safepoint: 172317 ns, Cleanup: 64145 ns, At safepoint: 244524951 ns, Total: 244761413 ns
[2025-12-02T10:13:56.504+0000][17681.555s][info ][gc,marking  ] GC(195) Concurrent Clear Claimed Marks 1.295ms
[2025-12-02T10:13:56.504+0000][17681.555s][info ][gc,marking  ] GC(195) Concurrent Scan Root Regions
[2025-12-02T10:13:56.861+0000][17681.912s][info ][gc,marking  ] GC(195) Concurrent Scan Root Regions 357.259ms
[2025-12-02T10:13:56.861+0000][17681.913s][info ][gc,marking  ] GC(195) Concurrent Mark
[2025-12-02T10:13:56.861+0000][17681.913s][info ][gc,marking  ] GC(195) Concurrent Mark From Roots
[2025-12-02T10:13:56.861+0000][17681.913s][info ][gc,task     ] GC(195) Using 3 workers of 3 for marking
[2025-12-02T10:13:57.577+0000][17682.629s][info ][gc,marking  ] GC(195) Concurrent Mark From Roots 716.202ms
[2025-12-02T10:13:57.577+0000][17682.629s][info ][gc,marking  ] GC(195) Concurrent Preclean
[2025-12-02T10:13:57.578+0000][17682.630s][info ][gc,marking  ] GC(195) Concurrent Preclean 1.101ms
[2025-12-02T10:13:57.579+0000][17682.630s][debug][safepoint   ] Safepoint synchronization initiated using futex wait barrier. (277 threads)
[2025-12-02T10:13:57.579+0000][17682.630s][info ][gc,start    ] GC(195) Pause Remark
[2025-12-02T10:13:59.514+0000][17684.565s][info ][gc,mmu      ] GC(195) MMU target violated: 501.0ms (500.0ms/501.0ms)
[2025-12-02T10:13:59.514+0000][17684.566s][info ][gc          ] GC(195) Pause Remark 162M->162M(550M) 1935.229ms
[2025-12-02T10:13:59.514+0000][17684.566s][info ][gc,cpu      ] GC(195) User=19.16s Sys=0.00s Real=1.93s
[2025-12-02T10:13:59.517+0000][17684.569s][info ][safepoint   ] Safepoint "G1PauseRemark", Time since last: 1075942076 ns, Reaching safepoint: 66310 ns, Cleanup: 33645 ns, At safepoint: 1938386391 ns, Total: 1938486346 ns
[2025-12-02T10:13:59.517+0000][17684.569s][info ][gc,marking  ] GC(195) Concurrent Mark 2656.204ms
[2025-12-02T10:13:59.517+0000][17684.569s][info ][gc,marking  ] GC(195) Concurrent Rebuild Remembered Sets
[2025-12-02T10:13:59.647+0000][17684.698s][info ][gc,marking  ] GC(195) Concurrent Rebuild Remembered Sets 129.273ms
[2025-12-02T10:13:59.647+0000][17684.698s][debug][safepoint   ] Safepoint synchronization initiated using futex wait barrier. (277 threads)
[2025-12-02T10:14:01.270+0000][17686.322s][info ][gc,start    ] GC(195) Pause Cleanup
[2025-12-02T10:14:01.271+0000][17686.323s][info ][gc          ] GC(195) Pause Cleanup 162M->162M(550M) 1.003ms
[2025-12-02T10:14:01.272+0000][17686.323s][info ][gc,cpu      ] GC(195) User=0.01s Sys=0.00s Real=0.00s
[2025-12-02T10:14:01.274+0000][17686.326s][info ][safepoint   ] Safepoint "G1PauseCleanup", Time since last: 129566776 ns, Reaching safepoint: 1623636307 ns, Cleanup: 15560 ns, At safepoint: 3939658 ns, Total: 1627591525 ns
[2025-12-02T10:14:01.274+0000][17686.326s][info ][gc,marking  ] GC(195) Concurrent Cleanup for Next Mark
[2025-12-02T10:14:01.303+0000][17686.354s][info ][gc,marking  ] GC(195) Concurrent Cleanup for Next Mark 28.611ms
[2025-12-02T10:14:01.303+0000][17686.355s][info ][gc          ] GC(195) Concurrent Mark Cycle 4801.143ms
[2025-12-02T10:14:58.285+0000][17743.334s][debug][safepoint   ] Safepoint synchronization initiated using futex wait barrier. (280 threads)
[2025-12-02T10:14:58.285+0000][17743.335s][info ][safepoint   ] Safepoint "Cleanup", Time since last: 57008309512 ns, Reaching safepoint: 634983 ns, Cleanup: 15440 ns, At safepoint: 72872 ns, Total: 723295 ns
[2025-12-02T10:15:12.287+0000][17757.337s][debug][safepoint   ] Safepoint synchronization initiated using futex wait barrier. (278 threads)
[2025-12-02T10:15:12.287+0000][17757.337s][info ][safepoint   ] Safepoint "Cleanup", Time since last: 14001988966 ns, Reaching safepoint: 124303 ns, Cleanup: 12815 ns, At safepoint: 3887 ns, Total: 141005 ns
[2025-12-02T10:15:56.537+0000][17801.591s][debug][safepoint   ] Safepoint synchronization initiated using futex wait barrier. (278 threads)
[2025-12-02T10:15:56.537+0000][17801.591s][info ][safepoint   ] Safepoint "Cleanup", Time since last: 44254266399 ns, Reaching safepoint: 131758 ns, Cleanup: 127572 ns, At safepoint: 10248 ns, Total: 269578 ns
[2025-12-02T10:16:23.541+0000][17828.595s][debug][safepoint   ] Safepoint synchronization initiated using futex wait barrier. (278 threads)
[2025-12-02T10:16:23.541+0000][17828.595s][info ][safepoint   ] Safepoint "Cleanup", Time since last: 27003656480 ns, Reaching safepoint: 87689 ns, Cleanup: 12825 ns, At safepoint: 3647 ns, Total: 104161 ns
[2025-12-02T10:16:50.544+0000][17855.601s][debug][safepoint   ] Safepoint synchronization initiated using futex wait barrier. (276 threads)
[2025-12-02T10:16:50.544+0000][17855.601s][info ][safepoint   ] Safepoint "Cleanup", Time since last: 27005663028 ns, Reaching safepoint: 316110 ns, Cleanup: 17765 ns, At safepoint: 6362 ns, Total: 340237 ns
[2025-12-02T10:18:34.978+0000][17960.045s][debug][safepoint   ] Safepoint synchronization initiated using futex wait barrier. (276 threads)
[2025-12-02T10:18:34.984+0000][17960.051s][info ][gc,start    ] GC(196) Pause Young (Prepare Mixed) (G1 Evacuation Pause)
[2025-12-02T10:18:34.985+0000][17960.051s][info ][gc,task     ] GC(196) Using 13 workers of 13 for evacuation
[2025-12-02T10:18:35.082+0000][17960.149s][info ][gc,phases   ] GC(196)   Pre Evacuate Collection Set: 3.9ms
[2025-12-02T10:18:35.082+0000][17960.149s][info ][gc,phases   ] GC(196)   Merge Heap Roots: 4.0ms
[2025-12-02T10:18:35.082+0000][17960.149s][info ][gc,phases   ] GC(196)   Evacuate Collection Set: 71.1ms
[2025-12-02T10:18:35.082+0000][17960.149s][info ][gc,phases   ] GC(196)   Post Evacuate Collection Set: 15.1ms
[2025-12-02T10:18:35.082+0000][17960.149s][info ][gc,phases   ] GC(196)   Other: 9.3ms
[2025-12-02T10:18:35.082+0000][17960.149s][info ][gc,heap     ] GC(196) Eden regions: 328->0(26)
[2025-12-02T10:18:35.082+0000][17960.149s][info ][gc,heap     ] GC(196) Survivor regions: 2->1(42)
[2025-12-02T10:18:35.082+0000][17960.149s][info ][gc,heap     ] GC(196) Old regions: 155->155
[2025-12-02T10:18:35.082+0000][17960.149s][info ][gc,heap     ] GC(196) Archive regions: 2->2
[2025-12-02T10:18:35.082+0000][17960.149s][info ][gc,heap     ] GC(196) Humongous regions: 0->0
[2025-12-02T10:18:35.083+0000][17960.150s][info ][gc,metaspace] GC(196) Metaspace: 208450K(209920K)->208450K(209920K) NonClass: 183569K(184320K)->183569K(184320K) Class: 24880K(25600K)->24880K(25600K)
[2025-12-02T10:18:35.083+0000][17960.150s][info ][gc          ] GC(196) Pause Young (Prepare Mixed) (G1 Evacuation Pause) 484M->156M(550M) 99.131ms
[2025-12-02T10:18:35.083+0000][17960.150s][info ][gc,cpu      ] GC(196) User=0.63s Sys=0.00s Real=0.10s
[2025-12-02T10:18:35.084+0000][17960.151s][info ][safepoint   ] Safepoint "G1CollectForAllocation", Time since last: 104443266608 ns, Reaching safepoint: 260345 ns, Cleanup: 13556 ns, At safepoint: 106582053 ns, Total: 106855954 ns
[2025-12-02T10:18:55.647+0000][17980.714s][debug][safepoint   ] Safepoint synchronization initiated using futex wait barrier. (276 threads)
[2025-12-02T10:18:55.648+0000][17980.715s][info ][gc,start    ] GC(197) Pause Young (Mixed) (G1 Evacuation Pause)
[2025-12-02T10:18:55.648+0000][17980.715s][info ][gc,task     ] GC(197) Using 13 workers of 13 for evacuation
[2025-12-02T10:18:55.778+0000][17980.845s][info ][gc,phases   ] GC(197)   Pre Evacuate Collection Set: 0.6ms
[2025-12-02T10:18:55.778+0000][17980.845s][info ][gc,phases   ] GC(197)   Merge Heap Roots: 4.5ms
[2025-12-02T10:18:55.778+0000][17980.845s][info ][gc,phases   ] GC(197)   Evacuate Collection Set: 120.9ms
[2025-12-02T10:18:55.778+0000][17980.845s][info ][gc,phases   ] GC(197)   Post Evacuate Collection Set: 4.0ms
[2025-12-02T10:18:55.778+0000][17980.845s][info ][gc,phases   ] GC(197)   Other: 0.7ms
[2025-12-02T10:18:55.778+0000][17980.845s][info ][gc,heap     ] GC(197) Eden regions: 26->0(329)
[2025-12-02T10:18:55.778+0000][17980.845s][info ][gc,heap     ] GC(197) Survivor regions: 1->1(4)
[2025-12-02T10:18:55.778+0000][17980.845s][info ][gc,heap     ] GC(197) Old regions: 155->154
[2025-12-02T10:18:55.778+0000][17980.845s][info ][gc,heap     ] GC(197) Archive regions: 2->2
[2025-12-02T10:18:55.778+0000][17980.845s][info ][gc,heap     ] GC(197) Humongous regions: 0->0
[2025-12-02T10:18:55.778+0000][17980.845s][info ][gc,metaspace] GC(197) Metaspace: 208450K(209920K)->208450K(209920K) NonClass: 183569K(184320K)->183569K(184320K) Class: 24880K(25600K)->24880K(25600K)
[2025-12-02T10:18:55.779+0000][17980.845s][info ][gc          ] GC(197) Pause Young (Mixed) (G1 Evacuation Pause) 182M->155M(550M) 130.914ms
[2025-12-02T10:18:55.779+0000][17980.846s][info ][gc,cpu      ] GC(197) User=1.28s Sys=0.00s Real=0.13s
[2025-12-02T10:18:55.780+0000][17980.847s][info ][safepoint   ] Safepoint "G1CollectForAllocation", Time since last: 20562937159 ns, Reaching safepoint: 78082 ns, Cleanup: 4839 ns, At safepoint: 132342737 ns, Total: 132425658 ns
[2025-12-02T10:19:57.785+0000][18042.860s][debug][safepoint   ] Safepoint synchronization initiated using futex wait barrier. (277 threads)
[2025-12-02T10:19:57.787+0000][18042.862s][info ][safepoint   ] Safepoint "Cleanup", Time since last: 62012669170 ns, Reaching safepoint: 2385557 ns, Cleanup: 59626 ns, At safepoint: 82680 ns, Total: 2527863 ns
[2025-12-02T10:20:53.790+0000][18098.870s][debug][safepoint   ] Safepoint synchronization initiated using futex wait barrier. (278 threads)
[2025-12-02T10:20:53.791+0000][18098.871s][info ][safepoint   ] Safepoint "Cleanup", Time since last: 56008120286 ns, Reaching safepoint: 893512 ns, Cleanup: 23055 ns, At safepoint: 54627 ns, Total: 971194 ns
[2025-12-02T10:23:32.590+0000][18257.680s][debug][safepoint   ] Safepoint synchronization initiated using futex wait barrier. (276 threads)
[2025-12-02T10:23:32.619+0000][18257.710s][info ][gc,start    ] GC(198) Pause Young (Concurrent Start) (G1 Evacuation Pause)
[2025-12-02T10:23:32.620+0000][18257.710s][info ][gc,task     ] GC(198) Using 13 workers of 13 for evacuation
[2025-12-02T10:23:32.864+0000][18257.955s][info ][gc,phases   ] GC(198)   Pre Evacuate Collection Set: 40.1ms
[2025-12-02T10:23:32.864+0000][18257.955s][info ][gc,phases   ] GC(198)   Merge Heap Roots: 3.8ms
[2025-12-02T10:23:32.864+0000][18257.955s][info ][gc,phases   ] GC(198)   Evacuate Collection Set: 169.4ms
[2025-12-02T10:23:32.864+0000][18257.955s][info ][gc,phases   ] GC(198)   Post Evacuate Collection Set: 21.3ms
[2025-12-02T10:23:32.865+0000][18257.955s][info ][gc,phases   ] GC(198)   Other: 38.9ms
[2025-12-02T10:23:32.865+0000][18257.955s][info ][gc,heap     ] GC(198) Eden regions: 329->0(329)
[2025-12-02T10:23:32.865+0000][18257.955s][info ][gc,heap     ] GC(198) Survivor regions: 1->1(42)
[2025-12-02T10:23:32.865+0000][18257.955s][info ][gc,heap     ] GC(198) Old regions: 154->154
[2025-12-02T10:23:32.865+0000][18257.955s][info ][gc,heap     ] GC(198) Archive regions: 2->2
[2025-12-02T10:23:32.865+0000][18257.955s][info ][gc,heap     ] GC(198) Humongous regions: 0->0
[2025-12-02T10:23:32.865+0000][18257.955s][info ][gc,metaspace] GC(198) Metaspace: 208450K(209920K)->208450K(209920K) NonClass: 183569K(184320K)->183569K(184320K) Class: 24880K(25600K)->24880K(25600K)
[2025-12-02T10:23:32.865+0000][18257.956s][info ][gc          ] GC(198) Pause Young (Concurrent Start) (G1 Evacuation Pause) 484M->155M(550M) 246.099ms
[2025-12-02T10:23:32.866+0000][18257.956s][info ][gc,cpu      ] GC(198) User=1.16s Sys=0.00s Real=0.24s
[2025-12-02T10:23:32.866+0000][18257.957s][info ][gc          ] GC(199) Concurrent Mark Cycle
[2025-12-02T10:23:32.867+0000][18257.957s][info ][gc,marking  ] GC(199) Concurrent Clear Claimed Marks
[2025-12-02T10:23:32.867+0000][18257.957s][info ][gc,marking  ] GC(199) Concurrent Clear Claimed Marks 0.735ms
[2025-12-02T10:23:32.867+0000][18257.958s][info ][gc,marking  ] GC(199) Concurrent Scan Root Regions
[2025-12-02T10:23:32.866+0000][18257.957s][info ][safepoint   ] Safepoint "G1CollectForAllocation", Time since last: 158809373085 ns, Reaching safepoint: 331561 ns, Cleanup: 89462 ns, At safepoint: 275827314 ns, Total: 276248337 ns
[2025-12-02T10:23:33.305+0000][18258.395s][info ][gc,marking  ] GC(199) Concurrent Scan Root Regions 437.473ms
[2025-12-02T10:23:33.305+0000][18258.395s][info ][gc,marking  ] GC(199) Concurrent Mark
[2025-12-02T10:23:33.305+0000][18258.395s][info ][gc,marking  ] GC(199) Concurrent Mark From Roots
[2025-12-02T10:23:33.305+0000][18258.395s][info ][gc,task     ] GC(199) Using 3 workers of 3 for marking
[2025-12-02T10:23:34.795+0000][18259.885s][info ][gc,marking  ] GC(199) Concurrent Mark From Roots 1489.816ms
[2025-12-02T10:23:34.795+0000][18259.885s][info ][gc,marking  ] GC(199) Concurrent Preclean
[2025-12-02T10:23:34.796+0000][18259.886s][info ][gc,marking  ] GC(199) Concurrent Preclean 1.099ms
[2025-12-02T10:23:34.796+0000][18259.886s][debug][safepoint   ] Safepoint synchronization initiated using futex wait barrier. (276 threads)
[2025-12-02T10:23:34.796+0000][18259.886s][info ][gc,start    ] GC(199) Pause Remark
[2025-12-02T10:23:37.261+0000][18262.351s][info ][gc,mmu      ] GC(199) MMU target violated: 501.0ms (500.0ms/501.0ms)
[2025-12-02T10:23:37.261+0000][18262.351s][info ][gc          ] GC(199) Pause Remark 162M->162M(547M) 2464.793ms
[2025-12-02T10:23:37.261+0000][18262.351s][info ][gc,cpu      ] GC(199) User=27.18s Sys=0.00s Real=2.47s
[2025-12-02T10:23:37.264+0000][18262.354s][info ][safepoint   ] Safepoint "G1PauseRemark", Time since last: 1929644766 ns, Reaching safepoint: 93911 ns, Cleanup: 8988 ns, At safepoint: 2467628314 ns, Total: 2467731213 ns
[2025-12-02T10:23:37.264+0000][18262.354s][info ][gc,marking  ] GC(199) Concurrent Mark 3959.024ms
[2025-12-02T10:23:37.264+0000][18262.354s][info ][gc,marking  ] GC(199) Concurrent Rebuild Remembered Sets
[2025-12-02T10:23:37.428+0000][18262.518s][info ][gc,marking  ] GC(199) Concurrent Rebuild Remembered Sets 163.993ms
[2025-12-02T10:23:37.428+0000][18262.518s][debug][safepoint   ] Safepoint synchronization initiated using futex wait barrier. (276 threads)
[2025-12-02T10:23:38.042+0000][18263.133s][info ][gc,start    ] GC(199) Pause Cleanup
[2025-12-02T10:23:38.043+0000][18263.133s][info ][gc          ] GC(199) Pause Cleanup 162M->162M(547M) 0.745ms
[2025-12-02T10:23:38.043+0000][18263.133s][info ][gc,cpu      ] GC(199) User=0.00s Sys=0.00s Real=0.00s
[2025-12-02T10:23:38.045+0000][18263.135s][info ][safepoint   ] Safepoint "G1PauseCleanup", Time since last: 164279799 ns, Reaching safepoint: 614205322 ns, Cleanup: 14728 ns, At safepoint: 2610602 ns, Total: 616830652 ns
[2025-12-02T10:23:38.045+0000][18263.135s][info ][gc,marking  ] GC(199) Concurrent Cleanup for Next Mark
[2025-12-02T10:23:38.066+0000][18263.157s][info ][gc,marking  ] GC(199) Concurrent Cleanup for Next Mark 21.321ms
[2025-12-02T10:23:38.066+0000][18263.157s][info ][gc          ] GC(199) Concurrent Mark Cycle 5200.146ms
[2025-12-02T10:26:59.892+0000][18464.997s][debug][safepoint   ] Safepoint synchronization initiated using futex wait barrier. (278 threads)
[2025-12-02T10:26:59.896+0000][18465.001s][info ][safepoint   ] Safepoint "Cleanup", Time since last: 201861897259 ns, Reaching safepoint: 3033333 ns, Cleanup: 476235 ns, At safepoint: 334596 ns, Total: 3844164 ns
