[2025-12-05T07:27:55.827+0000][0.026s][info][gc] Using G1
[2025-12-05T07:27:55.832+0000][0.031s][info][gc,init] Version: 17.0.16+8-Debian-1deb12u1 (release)
[2025-12-05T07:27:55.832+0000][0.031s][info][gc,init] CPUs: 16 total, 16 available
[2025-12-05T07:27:55.833+0000][0.031s][info][gc,init] Memory: 7590M
[2025-12-05T07:27:55.833+0000][0.031s][info][gc,init] Large Page Support: Disabled
[2025-12-05T07:27:55.833+0000][0.031s][info][gc,init] NUMA Support: Disabled
[2025-12-05T07:27:55.833+0000][0.031s][info][gc,init] Compressed Oops: Enabled (32-bit)
[2025-12-05T07:27:55.833+0000][0.031s][info][gc,init] Heap Region Size: 1M
[2025-12-05T07:27:55.833+0000][0.031s][info][gc,init] Heap Min Capacity: 8M
[2025-12-05T07:27:55.833+0000][0.031s][info][gc,init] Heap Initial Capacity: 120M
[2025-12-05T07:27:55.833+0000][0.031s][info][gc,init] Heap Max Capacity: 1898M
[2025-12-05T07:27:55.833+0000][0.031s][info][gc,init] Pre-touch: Disabled
[2025-12-05T07:27:55.833+0000][0.031s][info][gc,init] Parallel Workers: 13
[2025-12-05T07:27:55.833+0000][0.031s][info][gc,init] Concurrent Workers: 3
[2025-12-05T07:27:55.833+0000][0.031s][info][gc,init] Concurrent Refinement Workers: 13
[2025-12-05T07:27:55.833+0000][0.031s][info][gc,init] Periodic GC: Disabled
[2025-12-05T07:27:55.870+0000][0.069s][info][gc,metaspace] CDS archive(s) mapped at: [0x0000767d2f000000-0x0000767d2fbca000-0x0000767d2fbca000), size 12361728, SharedBaseAddress: 0x0000767d2f000000, ArchiveRelocationMode: 1.
[2025-12-05T07:27:55.870+0000][0.069s][info][gc,metaspace] Compressed class space mapped at: 0x0000767d30000000-0x0000767d70000000, reserved size: 1073741824
[2025-12-05T07:27:55.870+0000][0.069s][info][gc,metaspace] Narrow klass base: 0x0000767d2f000000, Narrow klass shift: 0, Narrow klass range: 0x100000000
[2025-12-05T07:27:55.901+0000][0.099s][info][cds,heap    ] initialize_from_archived_subgraph java.lang.Module$ArchivedData 0x0000767d2f1837f0 (early)
[2025-12-05T07:27:55.902+0000][0.100s][info][cds,heap    ] initialize_from_archived_subgraph java.util.ImmutableCollections 0x0000767d2f072308 (early)
[2025-12-05T07:27:55.905+0000][0.103s][info][cds,heap    ] initialize_from_archived_subgraph java.lang.Integer$IntegerCache 0x0000767d2f037660 (early)
[2025-12-05T07:27:55.915+0000][0.113s][info][cds,heap    ] initialize_from_archived_subgraph java.lang.module.Configuration 0x0000767d2f171770 (early)
[2025-12-05T07:27:55.915+0000][0.113s][info][cds,heap    ] initialize_from_archived_subgraph java.lang.ModuleLayer 0x0000767d2f145ba8 (early)
[2025-12-05T07:27:55.915+0000][0.114s][info][cds,heap    ] initialize_from_archived_subgraph jdk.internal.loader.ArchivedClassLoaders 0x0000767d2f1a7e68 (early)
[2025-12-05T07:27:55.915+0000][0.114s][info][cds,heap    ] initialize_from_archived_subgraph jdk.internal.module.ArchivedBootLayer 0x0000767d2f1783b0 (early)
[2025-12-05T07:27:55.921+0000][0.119s][info][cds,heap    ] initialize_from_archived_subgraph sun.util.locale.BaseLocale 0x0000767d2f26ebf0
[2025-12-05T07:27:55.939+0000][0.137s][info][cds,heap    ] initialize_from_archived_subgraph java.util.jar.Attributes$Name 0x0000767d2f1998d0
[2025-12-05T07:27:55.982+0000][0.180s][info][cds,heap    ] initialize_from_archived_subgraph java.lang.Long$LongCache 0x0000767d2f020f98
[2025-12-05T07:27:56.096+0000][0.294s][info][cds,heap    ] initialize_from_archived_subgraph java.lang.Character$CharacterCache 0x0000767d2f03a9e8
[2025-12-05T07:27:56.698+0000][0.896s][debug][safepoint   ] Safepoint synchronization initiated using futex wait barrier. (17 threads)
[2025-12-05T07:27:56.698+0000][0.897s][info ][safepoint   ] Safepoint "ICBufferFull", Time since last: 803559172 ns, Reaching safepoint: 104480 ns, Cleanup: 98510 ns, At safepoint: 3055 ns, Total: 206045 ns
[2025-12-05T07:27:56.979+0000][1.178s][debug][safepoint   ] Safepoint synchronization initiated using futex wait barrier. (20 threads)
[2025-12-05T07:27:56.980+0000][1.178s][info ][gc,start    ] GC(0) Pause Young (Normal) (G1 Evacuation Pause)
[2025-12-05T07:27:56.980+0000][1.178s][info ][gc,task     ] GC(0) Using 2 workers of 13 for evacuation
[2025-12-05T07:27:56.995+0000][1.193s][info ][gc,phases   ] GC(0)   Pre Evacuate Collection Set: 0.2ms
[2025-12-05T07:27:56.995+0000][1.193s][info ][gc,phases   ] GC(0)   Merge Heap Roots: 0.3ms
[2025-12-05T07:27:56.995+0000][1.193s][info ][gc,phases   ] GC(0)   Evacuate Collection Set: 11.5ms
[2025-12-05T07:27:56.995+0000][1.193s][info ][gc,phases   ] GC(0)   Post Evacuate Collection Set: 2.7ms
[2025-12-05T07:27:56.995+0000][1.193s][info ][gc,phases   ] GC(0)   Other: 0.6ms
[2025-12-05T07:27:56.995+0000][1.193s][info ][gc,heap     ] GC(0) Eden regions: 56->0(58)
[2025-12-05T07:27:56.995+0000][1.193s][info ][gc,heap     ] GC(0) Survivor regions: 0->7(7)
[2025-12-05T07:27:56.995+0000][1.193s][info ][gc,heap     ] GC(0) Old regions: 0->2
[2025-12-05T07:27:56.995+0000][1.193s][info ][gc,heap     ] GC(0) Archive regions: 2->2
[2025-12-05T07:27:56.995+0000][1.193s][info ][gc,heap     ] GC(0) Humongous regions: 0->0
[2025-12-05T07:27:56.995+0000][1.193s][info ][gc,metaspace] GC(0) Metaspace: 2696K(2880K)->2696K(2880K) NonClass: 2447K(2560K)->2447K(2560K) Class: 249K(320K)->249K(320K)
[2025-12-05T07:27:56.995+0000][1.193s][info ][gc          ] GC(0) Pause Young (Normal) (G1 Evacuation Pause) 56M->9M(122M) 15.327ms
[2025-12-05T07:27:56.995+0000][1.193s][info ][gc,cpu      ] GC(0) User=0.03s Sys=0.02s Real=0.01s
[2025-12-05T07:27:56.995+0000][1.194s][info ][safepoint   ] Safepoint "G1CollectForAllocation", Time since last: 281304692 ns, Reaching safepoint: 136893 ns, Cleanup: 44816 ns, At safepoint: 15520945 ns, Total: 15702654 ns
[2025-12-05T07:27:57.442+0000][1.640s][debug][safepoint   ] Safepoint synchronization initiated using futex wait barrier. (20 threads)
[2025-12-05T07:27:57.442+0000][1.641s][info ][gc,start    ] GC(1) Pause Young (Normal) (G1 Evacuation Pause)
[2025-12-05T07:27:57.442+0000][1.641s][info ][gc,task     ] GC(1) Using 2 workers of 13 for evacuation
[2025-12-05T07:27:57.458+0000][1.657s][info ][gc,phases   ] GC(1)   Pre Evacuate Collection Set: 0.1ms
[2025-12-05T07:27:57.458+0000][1.657s][info ][gc,phases   ] GC(1)   Merge Heap Roots: 0.1ms
[2025-12-05T07:27:57.458+0000][1.657s][info ][gc,phases   ] GC(1)   Evacuate Collection Set: 12.9ms
[2025-12-05T07:27:57.458+0000][1.657s][info ][gc,phases   ] GC(1)   Post Evacuate Collection Set: 2.6ms
[2025-12-05T07:27:57.458+0000][1.657s][info ][gc,phases   ] GC(1)   Other: 0.2ms
[2025-12-05T07:27:57.458+0000][1.657s][info ][gc,heap     ] GC(1) Eden regions: 58->0(65)
[2025-12-05T07:27:57.458+0000][1.657s][info ][gc,heap     ] GC(1) Survivor regions: 7->3(9)
[2025-12-05T07:27:57.458+0000][1.657s][info ][gc,heap     ] GC(1) Old regions: 2->9
[2025-12-05T07:27:57.458+0000][1.657s][info ][gc,heap     ] GC(1) Archive regions: 2->2
[2025-12-05T07:27:57.458+0000][1.657s][info ][gc,heap     ] GC(1) Humongous regions: 0->0
[2025-12-05T07:27:57.458+0000][1.657s][info ][gc,metaspace] GC(1) Metaspace: 4636K(4928K)->4636K(4928K) NonClass: 4093K(4224K)->4093K(4224K) Class: 543K(704K)->543K(704K)
[2025-12-05T07:27:57.458+0000][1.657s][info ][gc          ] GC(1) Pause Young (Normal) (G1 Evacuation Pause) 67M->11M(122M) 16.098ms
[2025-12-05T07:27:57.458+0000][1.657s][info ][gc,cpu      ] GC(1) User=0.02s Sys=0.02s Real=0.01s
[2025-12-05T07:27:57.458+0000][1.657s][info ][safepoint   ] Safepoint "G1CollectForAllocation", Time since last: 446945738 ns, Reaching safepoint: 84142 ns, Cleanup: 82028 ns, At safepoint: 16191051 ns, Total: 16357221 ns
[2025-12-05T07:27:57.903+0000][2.101s][debug][safepoint   ] Safepoint synchronization initiated using futex wait barrier. (20 threads)
[2025-12-05T07:27:57.903+0000][2.102s][info ][gc,start    ] GC(2) Pause Young (Normal) (G1 Evacuation Pause)
[2025-12-05T07:27:57.903+0000][2.102s][info ][gc,task     ] GC(2) Using 2 workers of 13 for evacuation
[2025-12-05T07:27:57.912+0000][2.111s][info ][gc,phases   ] GC(2)   Pre Evacuate Collection Set: 0.1ms
[2025-12-05T07:27:57.913+0000][2.111s][info ][gc,phases   ] GC(2)   Merge Heap Roots: 0.1ms
[2025-12-05T07:27:57.913+0000][2.111s][info ][gc,phases   ] GC(2)   Evacuate Collection Set: 7.6ms
[2025-12-05T07:27:57.913+0000][2.111s][info ][gc,phases   ] GC(2)   Post Evacuate Collection Set: 1.3ms
[2025-12-05T07:27:57.913+0000][2.111s][info ][gc,phases   ] GC(2)   Other: 0.1ms
[2025-12-05T07:27:57.913+0000][2.111s][info ][gc,heap     ] GC(2) Eden regions: 65->0(68)
[2025-12-05T07:27:57.913+0000][2.111s][info ][gc,heap     ] GC(2) Survivor regions: 3->4(9)
[2025-12-05T07:27:57.913+0000][2.111s][info ][gc,heap     ] GC(2) Old regions: 9->9
[2025-12-05T07:27:57.913+0000][2.111s][info ][gc,heap     ] GC(2) Archive regions: 2->2
[2025-12-05T07:27:57.913+0000][2.111s][info ][gc,heap     ] GC(2) Humongous regions: 0->0
[2025-12-05T07:27:57.913+0000][2.111s][info ][gc,metaspace] GC(2) Metaspace: 7915K(8192K)->7915K(8192K) NonClass: 6904K(7040K)->6904K(7040K) Class: 1010K(1152K)->1010K(1152K)
[2025-12-05T07:27:57.913+0000][2.111s][info ][gc          ] GC(2) Pause Young (Normal) (G1 Evacuation Pause) 76M->13M(122M) 9.430ms
[2025-12-05T07:27:57.913+0000][2.111s][info ][gc,cpu      ] GC(2) User=0.01s Sys=0.01s Real=0.01s
[2025-12-05T07:27:57.913+0000][2.111s][info ][safepoint   ] Safepoint "G1CollectForAllocation", Time since last: 444498948 ns, Reaching safepoint: 71157 ns, Cleanup: 226956 ns, At safepoint: 9535983 ns, Total: 9834096 ns
[2025-12-05T07:27:58.498+0000][2.697s][debug][safepoint   ] Safepoint synchronization initiated using futex wait barrier. (17 threads)
[2025-12-05T07:27:58.499+0000][2.697s][info ][gc,start    ] GC(3) Pause Young (Normal) (G1 Evacuation Pause)
[2025-12-05T07:27:58.499+0000][2.697s][info ][gc,task     ] GC(3) Using 2 workers of 13 for evacuation
[2025-12-05T07:27:58.510+0000][2.709s][info ][gc,phases   ] GC(3)   Pre Evacuate Collection Set: 0.2ms
[2025-12-05T07:27:58.511+0000][2.709s][info ][gc,phases   ] GC(3)   Merge Heap Roots: 0.1ms
[2025-12-05T07:27:58.511+0000][2.709s][info ][gc,phases   ] GC(3)   Evacuate Collection Set: 10.2ms
[2025-12-05T07:27:58.511+0000][2.709s][info ][gc,phases   ] GC(3)   Post Evacuate Collection Set: 1.3ms
[2025-12-05T07:27:58.511+0000][2.709s][info ][gc,phases   ] GC(3)   Other: 0.2ms
[2025-12-05T07:27:58.511+0000][2.709s][info ][gc,heap     ] GC(3) Eden regions: 68->0(67)
[2025-12-05T07:27:58.511+0000][2.709s][info ][gc,heap     ] GC(3) Survivor regions: 4->5(9)
[2025-12-05T07:27:58.511+0000][2.709s][info ][gc,heap     ] GC(3) Old regions: 9->9
[2025-12-05T07:27:58.511+0000][2.709s][info ][gc,heap     ] GC(3) Archive regions: 2->2
[2025-12-05T07:27:58.511+0000][2.709s][info ][gc,heap     ] GC(3) Humongous regions: 0->0
[2025-12-05T07:27:58.511+0000][2.709s][info ][gc,metaspace] GC(3) Metaspace: 11179K(11584K)->11179K(11584K) NonClass: 9710K(9920K)->9710K(9920K) Class: 1469K(1664K)->1469K(1664K)
[2025-12-05T07:27:58.511+0000][2.709s][info ][gc          ] GC(3) Pause Young (Normal) (G1 Evacuation Pause) 81M->14M(122M) 12.123ms
[2025-12-05T07:27:58.511+0000][2.709s][info ][gc,cpu      ] GC(3) User=0.02s Sys=0.02s Real=0.02s
[2025-12-05T07:27:58.511+0000][2.709s][info ][safepoint   ] Safepoint "G1CollectForAllocation", Time since last: 585517103 ns, Reaching safepoint: 129349 ns, Cleanup: 145059 ns, At safepoint: 12253505 ns, Total: 12527913 ns
[2025-12-05T07:27:58.723+0000][2.921s][debug][safepoint   ] Safepoint synchronization initiated using futex wait barrier. (18 threads)
[2025-12-05T07:27:58.723+0000][2.922s][info ][safepoint   ] Safepoint "ICBufferFull", Time since last: 211843332 ns, Reaching safepoint: 138576 ns, Cleanup: 287783 ns, At safepoint: 26311 ns, Total: 452670 ns
[2025-12-05T07:27:58.933+0000][3.132s][debug][safepoint   ] Safepoint synchronization initiated using futex wait barrier. (21 threads)
[2025-12-05T07:27:58.934+0000][3.132s][info ][gc,start    ] GC(4) Pause Young (Normal) (G1 Evacuation Pause)
[2025-12-05T07:27:58.934+0000][3.132s][info ][gc,task     ] GC(4) Using 4 workers of 13 for evacuation
[2025-12-05T07:27:58.941+0000][3.139s][info ][gc,phases   ] GC(4)   Pre Evacuate Collection Set: 0.1ms
[2025-12-05T07:27:58.941+0000][3.139s][info ][gc,phases   ] GC(4)   Merge Heap Roots: 0.2ms
[2025-12-05T07:27:58.941+0000][3.139s][info ][gc,phases   ] GC(4)   Evacuate Collection Set: 4.8ms
[2025-12-05T07:27:58.941+0000][3.139s][info ][gc,phases   ] GC(4)   Post Evacuate Collection Set: 1.6ms
[2025-12-05T07:27:58.941+0000][3.139s][info ][gc,phases   ] GC(4)   Other: 0.2ms
[2025-12-05T07:27:58.941+0000][3.139s][info ][gc,heap     ] GC(4) Eden regions: 67->0(82)
[2025-12-05T07:27:58.941+0000][3.139s][info ][gc,heap     ] GC(4) Survivor regions: 5->6(9)
[2025-12-05T07:27:58.941+0000][3.139s][info ][gc,heap     ] GC(4) Old regions: 9->11
[2025-12-05T07:27:58.941+0000][3.139s][info ][gc,heap     ] GC(4) Archive regions: 2->2
[2025-12-05T07:27:58.941+0000][3.139s][info ][gc,heap     ] GC(4) Humongous regions: 0->0
[2025-12-05T07:27:58.941+0000][3.139s][info ][gc,metaspace] GC(4) Metaspace: 13221K(13568K)->13221K(13568K) NonClass: 11504K(11712K)->11504K(11712K) Class: 1717K(1856K)->1717K(1856K)
[2025-12-05T07:27:58.941+0000][3.139s][info ][gc          ] GC(4) Pause Young (Normal) (G1 Evacuation Pause) 81M->16M(147M) 7.089ms
[2025-12-05T07:27:58.941+0000][3.139s][info ][gc,cpu      ] GC(4) User=0.02s Sys=0.01s Real=0.01s
[2025-12-05T07:27:58.941+0000][3.140s][info ][safepoint   ] Safepoint "G1CollectForAllocation", Time since last: 210210476 ns, Reaching safepoint: 306047 ns, Cleanup: 228299 ns, At safepoint: 7253647 ns, Total: 7787993 ns
[2025-12-05T07:27:59.182+0000][3.380s][debug][safepoint   ] Safepoint synchronization initiated using futex wait barrier. (21 threads)
[2025-12-05T07:27:59.182+0000][3.381s][info ][gc,start    ] GC(5) Pause Young (Normal) (G1 Evacuation Pause)
[2025-12-05T07:27:59.182+0000][3.381s][info ][gc,task     ] GC(5) Using 4 workers of 13 for evacuation
[2025-12-05T07:27:59.187+0000][3.385s][info ][gc,phases   ] GC(5)   Pre Evacuate Collection Set: 0.2ms
[2025-12-05T07:27:59.187+0000][3.385s][info ][gc,phases   ] GC(5)   Merge Heap Roots: 0.1ms
[2025-12-05T07:27:59.187+0000][3.385s][info ][gc,phases   ] GC(5)   Evacuate Collection Set: 3.2ms
[2025-12-05T07:27:59.187+0000][3.386s][info ][gc,phases   ] GC(5)   Post Evacuate Collection Set: 1.0ms
[2025-12-05T07:27:59.187+0000][3.386s][info ][gc,phases   ] GC(5)   Other: 0.2ms
[2025-12-05T07:27:59.187+0000][3.386s][info ][gc,heap     ] GC(5) Eden regions: 82->0(82)
[2025-12-05T07:27:59.187+0000][3.386s][info ][gc,heap     ] GC(5) Survivor regions: 6->6(11)
[2025-12-05T07:27:59.187+0000][3.386s][info ][gc,heap     ] GC(5) Old regions: 11->11
[2025-12-05T07:27:59.187+0000][3.386s][info ][gc,heap     ] GC(5) Archive regions: 2->2
[2025-12-05T07:27:59.187+0000][3.386s][info ][gc,heap     ] GC(5) Humongous regions: 0->0
[2025-12-05T07:27:59.187+0000][3.386s][info ][gc,metaspace] GC(5) Metaspace: 15793K(16128K)->15793K(16128K) NonClass: 13677K(13824K)->13677K(13824K) Class: 2115K(2304K)->2115K(2304K)
[2025-12-05T07:27:59.187+0000][3.386s][info ][gc          ] GC(5) Pause Young (Normal) (G1 Evacuation Pause) 98M->17M(147M) 4.892ms
[2025-12-05T07:27:59.187+0000][3.386s][info ][gc,cpu      ] GC(5) User=0.01s Sys=0.00s Real=0.00s
[2025-12-05T07:27:59.187+0000][3.386s][info ][safepoint   ] Safepoint "G1CollectForAllocation", Time since last: 240954383 ns, Reaching safepoint: 168364 ns, Cleanup: 52421 ns, At safepoint: 5008512 ns, Total: 5229297 ns
[2025-12-05T07:27:59.237+0000][3.435s][info ][cds,heap    ] initialize_from_archived_subgraph java.lang.Byte$ByteCache 0x0000767d2f03abf8
[2025-12-05T07:27:59.237+0000][3.435s][info ][cds,heap    ] initialize_from_archived_subgraph java.lang.Short$ShortCache 0x0000767d2f0412e8
[2025-12-05T07:27:59.379+0000][3.577s][debug][safepoint   ] Safepoint synchronization initiated using futex wait barrier. (23 threads)
[2025-12-05T07:27:59.379+0000][3.577s][info ][gc,start    ] GC(6) Pause Young (Normal) (G1 Evacuation Pause)
[2025-12-05T07:27:59.379+0000][3.577s][info ][gc,task     ] GC(6) Using 4 workers of 13 for evacuation
[2025-12-05T07:27:59.385+0000][3.584s][info ][gc,phases   ] GC(6)   Pre Evacuate Collection Set: 0.1ms
[2025-12-05T07:27:59.385+0000][3.584s][info ][gc,phases   ] GC(6)   Merge Heap Roots: 0.1ms
[2025-12-05T07:27:59.385+0000][3.584s][info ][gc,phases   ] GC(6)   Evacuate Collection Set: 5.2ms
[2025-12-05T07:27:59.385+0000][3.584s][info ][gc,phases   ] GC(6)   Post Evacuate Collection Set: 1.0ms
[2025-12-05T07:27:59.385+0000][3.584s][info ][gc,phases   ] GC(6)   Other: 0.1ms
[2025-12-05T07:27:59.385+0000][3.584s][info ][gc,heap     ] GC(6) Eden regions: 82->0(80)
[2025-12-05T07:27:59.385+0000][3.584s][info ][gc,heap     ] GC(6) Survivor regions: 6->8(11)
[2025-12-05T07:27:59.385+0000][3.584s][info ][gc,heap     ] GC(6) Old regions: 11->12
[2025-12-05T07:27:59.386+0000][3.584s][info ][gc,heap     ] GC(6) Archive regions: 2->2
[2025-12-05T07:27:59.386+0000][3.584s][info ][gc,heap     ] GC(6) Humongous regions: 0->0
[2025-12-05T07:27:59.386+0000][3.584s][info ][gc,metaspace] GC(6) Metaspace: 17867K(18176K)->17867K(18176K) NonClass: 15435K(15616K)->15435K(15616K) Class: 2431K(2560K)->2431K(2560K)
[2025-12-05T07:27:59.386+0000][3.584s][info ][gc          ] GC(6) Pause Young (Normal) (G1 Evacuation Pause) 99M->20M(147M) 6.702ms
[2025-12-05T07:27:59.386+0000][3.584s][info ][gc,cpu      ] GC(6) User=0.06s Sys=0.01s Real=0.01s
[2025-12-05T07:27:59.386+0000][3.584s][info ][safepoint   ] Safepoint "G1CollectForAllocation", Time since last: 191384477 ns, Reaching safepoint: 103810 ns, Cleanup: 76306 ns, At safepoint: 6919454 ns, Total: 7099570 ns
[2025-12-05T07:27:59.615+0000][3.814s][debug][safepoint   ] Safepoint synchronization initiated using futex wait barrier. (24 threads)
[2025-12-05T07:27:59.615+0000][3.815s][info ][gc,start    ] GC(7) Pause Young (Concurrent Start) (Metadata GC Threshold)
[2025-12-05T07:27:59.615+0000][3.815s][info ][gc,task     ] GC(7) Using 4 workers of 13 for evacuation
[2025-12-05T07:27:59.621+0000][3.821s][info ][gc,phases   ] GC(7)   Pre Evacuate Collection Set: 0.2ms
[2025-12-05T07:27:59.622+0000][3.821s][info ][gc,phases   ] GC(7)   Merge Heap Roots: 0.1ms
[2025-12-05T07:27:59.622+0000][3.821s][info ][gc,phases   ] GC(7)   Evacuate Collection Set: 4.9ms
[2025-12-05T07:27:59.622+0000][3.821s][info ][gc,phases   ] GC(7)   Post Evacuate Collection Set: 0.8ms
[2025-12-05T07:27:59.622+0000][3.821s][info ][gc,phases   ] GC(7)   Other: 0.6ms
[2025-12-05T07:27:59.622+0000][3.821s][info ][gc,heap     ] GC(7) Eden regions: 61->0(81)
[2025-12-05T07:27:59.622+0000][3.821s][info ][gc,heap     ] GC(7) Survivor regions: 8->7(11)
[2025-12-05T07:27:59.622+0000][3.821s][info ][gc,heap     ] GC(7) Old regions: 12->16
[2025-12-05T07:27:59.622+0000][3.821s][info ][gc,heap     ] GC(7) Archive regions: 2->2
[2025-12-05T07:27:59.622+0000][3.821s][info ][gc,heap     ] GC(7) Humongous regions: 0->0
[2025-12-05T07:27:59.622+0000][3.821s][info ][gc,metaspace] GC(7) Metaspace: 21201K(21504K)->21201K(21504K) NonClass: 18420K(18560K)->18420K(18560K) Class: 2780K(2944K)->2780K(2944K)
[2025-12-05T07:27:59.622+0000][3.821s][info ][gc          ] GC(7) Pause Young (Concurrent Start) (Metadata GC Threshold) 81M->22M(147M) 6.773ms
[2025-12-05T07:27:59.622+0000][3.821s][info ][gc,cpu      ] GC(7) User=0.02s Sys=0.01s Real=0.01s
[2025-12-05T07:27:59.622+0000][3.821s][info ][gc          ] GC(8) Concurrent Mark Cycle
[2025-12-05T07:27:59.622+0000][3.822s][info ][safepoint   ] Safepoint "CollectForMetadataAllocation", Time since last: 230264074 ns, Reaching safepoint: 74523 ns, Cleanup: 64394 ns, At safepoint: 6953759 ns, Total: 7092676 ns
[2025-12-05T07:27:59.622+0000][3.822s][info ][gc,marking  ] GC(8) Concurrent Clear Claimed Marks
[2025-12-05T07:27:59.622+0000][3.822s][info ][gc,marking  ] GC(8) Concurrent Clear Claimed Marks 0.104ms
[2025-12-05T07:27:59.622+0000][3.822s][info ][gc,marking  ] GC(8) Concurrent Scan Root Regions
[2025-12-05T07:27:59.622+0000][3.822s][debug][safepoint   ] Safepoint synchronization initiated using futex wait barrier. (24 threads)
[2025-12-05T07:27:59.622+0000][3.822s][info ][safepoint   ] Safepoint "CollectForMetadataAllocation", Time since last: 217768 ns, Reaching safepoint: 36771 ns, Cleanup: 2585 ns, At safepoint: 3336 ns, Total: 42692 ns
[2025-12-05T07:27:59.625+0000][3.825s][info ][gc,marking  ] GC(8) Concurrent Scan Root Regions 3.200ms
[2025-12-05T07:27:59.625+0000][3.825s][info ][gc,marking  ] GC(8) Concurrent Mark
[2025-12-05T07:27:59.625+0000][3.825s][info ][gc,marking  ] GC(8) Concurrent Mark From Roots
[2025-12-05T07:27:59.625+0000][3.825s][info ][gc,task     ] GC(8) Using 3 workers of 3 for marking
[2025-12-05T07:27:59.630+0000][3.830s][info ][gc,marking  ] GC(8) Concurrent Mark From Roots 5.062ms
[2025-12-05T07:27:59.630+0000][3.830s][info ][gc,marking  ] GC(8) Concurrent Preclean
[2025-12-05T07:27:59.631+0000][3.830s][info ][gc,marking  ] GC(8) Concurrent Preclean 0.228ms
[2025-12-05T07:27:59.631+0000][3.830s][debug][safepoint   ] Safepoint synchronization initiated using futex wait barrier. (24 threads)
[2025-12-05T07:27:59.631+0000][3.831s][info ][gc,start    ] GC(8) Pause Remark
[2025-12-05T07:27:59.633+0000][3.833s][info ][gc          ] GC(8) Pause Remark 24M->24M(90M) 2.578ms
[2025-12-05T07:27:59.634+0000][3.833s][info ][gc,cpu      ] GC(8) User=0.01s Sys=0.00s Real=0.00s
[2025-12-05T07:27:59.634+0000][3.833s][info ][safepoint   ] Safepoint "G1PauseRemark", Time since last: 8657194 ns, Reaching safepoint: 144868 ns, Cleanup: 13205 ns, At safepoint: 2769893 ns, Total: 2927966 ns
[2025-12-05T07:27:59.634+0000][3.833s][info ][gc,marking  ] GC(8) Concurrent Mark 8.515ms
[2025-12-05T07:27:59.634+0000][3.834s][info ][gc,marking  ] GC(8) Concurrent Rebuild Remembered Sets
[2025-12-05T07:27:59.637+0000][3.837s][info ][gc,marking  ] GC(8) Concurrent Rebuild Remembered Sets 3.399ms
[2025-12-05T07:27:59.646+0000][3.846s][debug][safepoint   ] Safepoint synchronization initiated using futex wait barrier. (24 threads)
[2025-12-05T07:27:59.646+0000][3.846s][info ][gc,start    ] GC(8) Pause Cleanup
[2025-12-05T07:27:59.646+0000][3.846s][info ][gc          ] GC(8) Pause Cleanup 24M->24M(90M) 0.195ms
[2025-12-05T07:27:59.646+0000][3.846s][info ][gc,cpu      ] GC(8) User=0.00s Sys=0.00s Real=0.00s
[2025-12-05T07:27:59.647+0000][3.846s][info ][safepoint   ] Safepoint "G1PauseCleanup", Time since last: 3678737 ns, Reaching safepoint: 8853950 ns, Cleanup: 9889 ns, At safepoint: 411511 ns, Total: 9275350 ns
[2025-12-05T07:27:59.647+0000][3.846s][info ][gc,marking  ] GC(8) Concurrent Cleanup for Next Mark
[2025-12-05T07:27:59.648+0000][3.847s][info ][gc,marking  ] GC(8) Concurrent Cleanup for Next Mark 0.865ms
[2025-12-05T07:27:59.648+0000][3.847s][info ][gc          ] GC(8) Concurrent Mark Cycle 25.887ms
[2025-12-05T07:27:59.861+0000][4.061s][debug][safepoint   ] Safepoint synchronization initiated using futex wait barrier. (24 threads)
[2025-12-05T07:27:59.861+0000][4.061s][info ][gc,start    ] GC(9) Pause Young (Prepare Mixed) (G1 Preventive Collection)
[2025-12-05T07:27:59.861+0000][4.061s][info ][gc,task     ] GC(9) Using 4 workers of 13 for evacuation
[2025-12-05T07:27:59.868+0000][4.068s][info ][gc,phases   ] GC(9)   Pre Evacuate Collection Set: 0.2ms
[2025-12-05T07:27:59.868+0000][4.068s][info ][gc,phases   ] GC(9)   Merge Heap Roots: 0.1ms
[2025-12-05T07:27:59.868+0000][4.068s][info ][gc,phases   ] GC(9)   Evacuate Collection Set: 4.7ms
[2025-12-05T07:27:59.868+0000][4.068s][info ][gc,phases   ] GC(9)   Post Evacuate Collection Set: 1.5ms
[2025-12-05T07:27:59.868+0000][4.068s][info ][gc,phases   ] GC(9)   Other: 0.2ms
[2025-12-05T07:27:59.868+0000][4.068s][info ][gc,heap     ] GC(9) Eden regions: 53->0(1)
[2025-12-05T07:27:59.868+0000][4.068s][info ][gc,heap     ] GC(9) Survivor regions: 7->8(11)
[2025-12-05T07:27:59.868+0000][4.068s][info ][gc,heap     ] GC(9) Old regions: 16->17
[2025-12-05T07:27:59.868+0000][4.068s][info ][gc,heap     ] GC(9) Archive regions: 2->2
[2025-12-05T07:27:59.868+0000][4.068s][info ][gc,heap     ] GC(9) Humongous regions: 0->0
[2025-12-05T07:27:59.868+0000][4.068s][info ][gc,metaspace] GC(9) Metaspace: 23801K(24128K)->23801K(24128K) NonClass: 20679K(20864K)->20679K(20864K) Class: 3122K(3264K)->3122K(3264K)
[2025-12-05T07:27:59.868+0000][4.068s][info ][gc          ] GC(9) Pause Young (Prepare Mixed) (G1 Preventive Collection) 75M->24M(108M) 6.862ms
[2025-12-05T07:27:59.868+0000][4.068s][info ][gc,cpu      ] GC(9) User=0.03s Sys=0.02s Real=0.01s
[2025-12-05T07:27:59.868+0000][4.068s][info ][safepoint   ] Safepoint "G1CollectForAllocation", Time since last: 214360880 ns, Reaching safepoint: 240752 ns, Cleanup: 113649 ns, At safepoint: 7198501 ns, Total: 7552902 ns
[2025-12-05T07:27:59.872+0000][4.072s][debug][safepoint   ] Safepoint synchronization initiated using futex wait barrier. (24 threads)
[2025-12-05T07:27:59.872+0000][4.072s][info ][gc,start    ] GC(10) Pause Young (Mixed) (G1 Evacuation Pause)
[2025-12-05T07:27:59.872+0000][4.072s][info ][gc,task     ] GC(10) Using 4 workers of 13 for evacuation
[2025-12-05T07:27:59.877+0000][4.077s][info ][gc,phases   ] GC(10)   Pre Evacuate Collection Set: 0.1ms
[2025-12-05T07:27:59.877+0000][4.077s][info ][gc,phases   ] GC(10)   Merge Heap Roots: 0.1ms
[2025-12-05T07:27:59.877+0000][4.077s][info ][gc,phases   ] GC(10)   Evacuate Collection Set: 3.6ms
[2025-12-05T07:27:59.877+0000][4.077s][info ][gc,phases   ] GC(10)   Post Evacuate Collection Set: 0.9ms
[2025-12-05T07:27:59.877+0000][4.077s][info ][gc,phases   ] GC(10)   Other: 0.1ms
[2025-12-05T07:27:59.877+0000][4.077s][info ][gc,heap     ] GC(10) Eden regions: 1->0(61)
[2025-12-05T07:27:59.877+0000][4.077s][info ][gc,heap     ] GC(10) Survivor regions: 8->2(2)
[2025-12-05T07:27:59.877+0000][4.077s][info ][gc,heap     ] GC(10) Old regions: 17->23
[2025-12-05T07:27:59.877+0000][4.077s][info ][gc,heap     ] GC(10) Archive regions: 2->2
[2025-12-05T07:27:59.877+0000][4.077s][info ][gc,heap     ] GC(10) Humongous regions: 0->0
[2025-12-05T07:27:59.877+0000][4.077s][info ][gc,metaspace] GC(10) Metaspace: 23823K(24128K)->23823K(24128K) NonClass: 20697K(20864K)->20697K(20864K) Class: 3125K(3264K)->3125K(3264K)
[2025-12-05T07:27:59.877+0000][4.077s][info ][gc          ] GC(10) Pause Young (Mixed) (G1 Evacuation Pause) 25M->25M(108M) 5.025ms
[2025-12-05T07:27:59.877+0000][4.077s][info ][gc,cpu      ] GC(10) User=0.03s Sys=0.00s Real=0.00s
[2025-12-05T07:27:59.877+0000][4.077s][info ][safepoint   ] Safepoint "G1CollectForAllocation", Time since last: 3557034 ns, Reaching safepoint: 172291 ns, Cleanup: 8717 ns, At safepoint: 5241289 ns, Total: 5422297 ns
[2025-12-05T07:28:00.173+0000][4.373s][debug][safepoint   ] Safepoint synchronization initiated using futex wait barrier. (23 threads)
[2025-12-05T07:28:00.173+0000][4.373s][info ][gc,start    ] GC(11) Pause Young (Normal) (G1 Evacuation Pause)
[2025-12-05T07:28:00.173+0000][4.373s][info ][gc,task     ] GC(11) Using 3 workers of 13 for evacuation
[2025-12-05T07:28:00.178+0000][4.378s][info ][gc,phases   ] GC(11)   Pre Evacuate Collection Set: 0.1ms
[2025-12-05T07:28:00.178+0000][4.378s][info ][gc,phases   ] GC(11)   Merge Heap Roots: 0.1ms
[2025-12-05T07:28:00.178+0000][4.378s][info ][gc,phases   ] GC(11)   Evacuate Collection Set: 3.3ms
[2025-12-05T07:28:00.178+0000][4.378s][info ][gc,phases   ] GC(11)   Post Evacuate Collection Set: 1.1ms
[2025-12-05T07:28:00.178+0000][4.378s][info ][gc,phases   ] GC(11)   Other: 0.1ms
[2025-12-05T07:28:00.178+0000][4.378s][info ][gc,heap     ] GC(11) Eden regions: 61->0(57)
[2025-12-05T07:28:00.178+0000][4.378s][info ][gc,heap     ] GC(11) Survivor regions: 2->5(8)
[2025-12-05T07:28:00.178+0000][4.378s][info ][gc,heap     ] GC(11) Old regions: 23->23
[2025-12-05T07:28:00.178+0000][4.378s][info ][gc,heap     ] GC(11) Archive regions: 2->2
[2025-12-05T07:28:00.178+0000][4.378s][info ][gc,heap     ] GC(11) Humongous regions: 0->0
[2025-12-05T07:28:00.178+0000][4.378s][info ][gc,metaspace] GC(11) Metaspace: 25114K(25472K)->25114K(25472K) NonClass: 21839K(22016K)->21839K(22016K) Class: 3275K(3456K)->3275K(3456K)
[2025-12-05T07:28:00.178+0000][4.378s][info ][gc          ] GC(11) Pause Young (Normal) (G1 Evacuation Pause) 86M->28M(108M) 4.938ms
[2025-12-05T07:28:00.178+0000][4.378s][info ][gc,cpu      ] GC(11) User=0.03s Sys=0.00s Real=0.01s
[2025-12-05T07:28:00.178+0000][4.378s][info ][safepoint   ] Safepoint "G1CollectForAllocation", Time since last: 295396617 ns, Reaching safepoint: 191512 ns, Cleanup: 136503 ns, At safepoint: 5113943 ns, Total: 5441958 ns
[2025-12-05T07:28:00.392+0000][4.592s][debug][safepoint   ] Safepoint synchronization initiated using futex wait barrier. (23 threads)
[2025-12-05T07:28:00.392+0000][4.592s][info ][gc,start    ] GC(12) Pause Young (Normal) (G1 Evacuation Pause)
[2025-12-05T07:28:00.392+0000][4.592s][info ][gc,task     ] GC(12) Using 2 workers of 13 for evacuation
[2025-12-05T07:28:00.405+0000][4.604s][info ][gc,phases   ] GC(12)   Pre Evacuate Collection Set: 0.1ms
[2025-12-05T07:28:00.405+0000][4.604s][info ][gc,phases   ] GC(12)   Merge Heap Roots: 0.1ms
[2025-12-05T07:28:00.405+0000][4.604s][info ][gc,phases   ] GC(12)   Evacuate Collection Set: 10.8ms
[2025-12-05T07:28:00.405+0000][4.604s][info ][gc,phases   ] GC(12)   Post Evacuate Collection Set: 1.3ms
[2025-12-05T07:28:00.405+0000][4.604s][info ][gc,phases   ] GC(12)   Other: 0.2ms
[2025-12-05T07:28:00.405+0000][4.604s][info ][gc,heap     ] GC(12) Eden regions: 57->0(49)
[2025-12-05T07:28:00.405+0000][4.604s][info ][gc,heap     ] GC(12) Survivor regions: 5->7(8)
[2025-12-05T07:28:00.405+0000][4.604s][info ][gc,heap     ] GC(12) Old regions: 23->28
[2025-12-05T07:28:00.405+0000][4.604s][info ][gc,heap     ] GC(12) Archive regions: 2->2
[2025-12-05T07:28:00.405+0000][4.604s][info ][gc,heap     ] GC(12) Humongous regions: 0->0
[2025-12-05T07:28:00.405+0000][4.604s][info ][gc,metaspace] GC(12) Metaspace: 25162K(25472K)->25162K(25472K) NonClass: 21873K(22016K)->21873K(22016K) Class: 3288K(3456K)->3288K(3456K)
[2025-12-05T07:28:00.405+0000][4.604s][info ][gc          ] GC(12) Pause Young (Normal) (G1 Evacuation Pause) 85M->35M(108M) 12.697ms
[2025-12-05T07:28:00.405+0000][4.604s][info ][gc,cpu      ] GC(12) User=0.04s Sys=0.01s Real=0.01s
[2025-12-05T07:28:00.405+0000][4.604s][info ][safepoint   ] Safepoint "G1CollectForAllocation", Time since last: 213445293 ns, Reaching safepoint: 147453 ns, Cleanup: 41931 ns, At safepoint: 12785625 ns, Total: 12975009 ns
[2025-12-05T07:28:00.501+0000][4.701s][debug][safepoint   ] Safepoint synchronization initiated using futex wait barrier. (22 threads)
[2025-12-05T07:28:00.501+0000][4.701s][info ][gc,start    ] GC(13) Pause Young (Normal) (G1 Evacuation Pause)
[2025-12-05T07:28:00.501+0000][4.701s][info ][gc,task     ] GC(13) Using 2 workers of 13 for evacuation
[2025-12-05T07:28:00.517+0000][4.716s][info ][gc,phases   ] GC(13)   Pre Evacuate Collection Set: 0.1ms
[2025-12-05T07:28:00.517+0000][4.716s][info ][gc,phases   ] GC(13)   Merge Heap Roots: 0.1ms
[2025-12-05T07:28:00.517+0000][4.716s][info ][gc,phases   ] GC(13)   Evacuate Collection Set: 11.0ms
[2025-12-05T07:28:00.517+0000][4.716s][info ][gc,phases   ] GC(13)   Post Evacuate Collection Set: 4.0ms
[2025-12-05T07:28:00.517+0000][4.716s][info ][gc,phases   ] GC(13)   Other: 0.1ms
[2025-12-05T07:28:00.517+0000][4.716s][info ][gc,heap     ] GC(13) Eden regions: 49->0(135)
[2025-12-05T07:28:00.517+0000][4.716s][info ][gc,heap     ] GC(13) Survivor regions: 7->7(7)
[2025-12-05T07:28:00.517+0000][4.716s][info ][gc,heap     ] GC(13) Old regions: 28->35
[2025-12-05T07:28:00.517+0000][4.716s][info ][gc,heap     ] GC(13) Archive regions: 2->2
[2025-12-05T07:28:00.517+0000][4.716s][info ][gc,heap     ] GC(13) Humongous regions: 0->0
[2025-12-05T07:28:00.517+0000][4.716s][info ][gc,metaspace] GC(13) Metaspace: 25259K(25600K)->25259K(25600K) NonClass: 21967K(22144K)->21967K(22144K) Class: 3291K(3456K)->3291K(3456K)
[2025-12-05T07:28:00.517+0000][4.717s][info ][gc          ] GC(13) Pause Young (Normal) (G1 Evacuation Pause) 84M->41M(237M) 15.432ms
[2025-12-05T07:28:00.517+0000][4.717s][info ][gc,cpu      ] GC(13) User=0.03s Sys=0.00s Real=0.01s
[2025-12-05T07:28:00.517+0000][4.717s][info ][safepoint   ] Safepoint "G1CollectForAllocation", Time since last: 96430166 ns, Reaching safepoint: 97587 ns, Cleanup: 30669 ns, At safepoint: 15563511 ns, Total: 15691767 ns
[2025-12-05T07:28:01.184+0000][5.384s][debug][safepoint   ] Safepoint synchronization initiated using futex wait barrier. (19 threads)
[2025-12-05T07:28:01.185+0000][5.384s][info ][safepoint   ] Safepoint "ICBufferFull", Time since last: 667588013 ns, Reaching safepoint: 93339 ns, Cleanup: 139068 ns, At safepoint: 47691 ns, Total: 280098 ns
[2025-12-05T07:28:01.345+0000][5.545s][debug][safepoint   ] Safepoint synchronization initiated using futex wait barrier. (19 threads)
[2025-12-05T07:28:01.345+0000][5.545s][info ][gc,start    ] GC(14) Pause Young (Normal) (G1 Evacuation Pause)
[2025-12-05T07:28:01.345+0000][5.545s][info ][gc,task     ] GC(14) Using 5 workers of 13 for evacuation
[2025-12-05T07:28:01.353+0000][5.553s][info ][gc,phases   ] GC(14)   Pre Evacuate Collection Set: 0.2ms
[2025-12-05T07:28:01.353+0000][5.553s][info ][gc,phases   ] GC(14)   Merge Heap Roots: 0.2ms
[2025-12-05T07:28:01.353+0000][5.553s][info ][gc,phases   ] GC(14)   Evacuate Collection Set: 6.1ms
[2025-12-05T07:28:01.353+0000][5.553s][info ][gc,phases   ] GC(14)   Post Evacuate Collection Set: 1.2ms
[2025-12-05T07:28:01.353+0000][5.553s][info ][gc,phases   ] GC(14)   Other: 0.2ms
[2025-12-05T07:28:01.353+0000][5.553s][info ][gc,heap     ] GC(14) Eden regions: 135->0(125)
[2025-12-05T07:28:01.353+0000][5.553s][info ][gc,heap     ] GC(14) Survivor regions: 7->17(18)
[2025-12-05T07:28:01.353+0000][5.553s][info ][gc,heap     ] GC(14) Old regions: 35->35
[2025-12-05T07:28:01.353+0000][5.553s][info ][gc,heap     ] GC(14) Archive regions: 2->2
[2025-12-05T07:28:01.353+0000][5.553s][info ][gc,heap     ] GC(14) Humongous regions: 0->0
[2025-12-05T07:28:01.353+0000][5.553s][info ][gc,metaspace] GC(14) Metaspace: 25809K(26112K)->25809K(26112K) NonClass: 22438K(22592K)->22438K(22592K) Class: 3371K(3520K)->3371K(3520K)
[2025-12-05T07:28:01.353+0000][5.553s][info ][gc          ] GC(14) Pause Young (Normal) (G1 Evacuation Pause) 176M->51M(237M) 7.914ms
[2025-12-05T07:28:01.353+0000][5.553s][info ][gc,cpu      ] GC(14) User=0.06s Sys=0.00s Real=0.01s
[2025-12-05T07:28:01.353+0000][5.553s][info ][safepoint   ] Safepoint "G1CollectForAllocation", Time since last: 160472108 ns, Reaching safepoint: 77539 ns, Cleanup: 49194 ns, At safepoint: 8066198 ns, Total: 8192931 ns
[2025-12-05T07:28:01.781+0000][5.981s][debug][safepoint   ] Safepoint synchronization initiated using futex wait barrier. (20 threads)
[2025-12-05T07:28:01.781+0000][5.981s][info ][gc,start    ] GC(15) Pause Young (Normal) (G1 Evacuation Pause)
[2025-12-05T07:28:01.781+0000][5.981s][info ][gc,task     ] GC(15) Using 5 workers of 13 for evacuation
[2025-12-05T07:28:01.792+0000][5.992s][info ][gc,phases   ] GC(15)   Pre Evacuate Collection Set: 0.2ms
[2025-12-05T07:28:01.792+0000][5.992s][info ][gc,phases   ] GC(15)   Merge Heap Roots: 0.2ms
[2025-12-05T07:28:01.792+0000][5.992s][info ][gc,phases   ] GC(15)   Evacuate Collection Set: 8.2ms
[2025-12-05T07:28:01.792+0000][5.992s][info ][gc,phases   ] GC(15)   Post Evacuate Collection Set: 2.1ms
[2025-12-05T07:28:01.792+0000][5.992s][info ][gc,phases   ] GC(15)   Other: 0.2ms
[2025-12-05T07:28:01.792+0000][5.992s][info ][gc,heap     ] GC(15) Eden regions: 125->0(124)
[2025-12-05T07:28:01.792+0000][5.992s][info ][gc,heap     ] GC(15) Survivor regions: 17->8(18)
[2025-12-05T07:28:01.792+0000][5.992s][info ][gc,heap     ] GC(15) Old regions: 35->50
[2025-12-05T07:28:01.792+0000][5.992s][info ][gc,heap     ] GC(15) Archive regions: 2->2
[2025-12-05T07:28:01.792+0000][5.992s][info ][gc,heap     ] GC(15) Humongous regions: 0->0
[2025-12-05T07:28:01.792+0000][5.992s][info ][gc,metaspace] GC(15) Metaspace: 26061K(26368K)->26061K(26368K) NonClass: 22672K(22848K)->22672K(22848K) Class: 3389K(3520K)->3389K(3520K)
[2025-12-05T07:28:01.792+0000][5.992s][info ][gc          ] GC(15) Pause Young (Normal) (G1 Evacuation Pause) 176M->58M(237M) 10.999ms
[2025-12-05T07:28:01.792+0000][5.992s][info ][gc,cpu      ] GC(15) User=0.07s Sys=0.00s Real=0.01s
[2025-12-05T07:28:01.792+0000][5.992s][info ][safepoint   ] Safepoint "G1CollectForAllocation", Time since last: 427397406 ns, Reaching safepoint: 80905 ns, Cleanup: 141101 ns, At safepoint: 11177746 ns, Total: 11399752 ns
[2025-12-05T07:28:02.155+0000][6.354s][debug][safepoint   ] Safepoint synchronization initiated using futex wait barrier. (21 threads)
[2025-12-05T07:28:02.155+0000][6.355s][debug][safepoint   ] ... found polling page loop exception at pc = 0x0000767d99258179, stub =0x0000767d98a04400
[2025-12-05T07:28:02.155+0000][6.355s][info ][gc,start    ] GC(16) Pause Young (Normal) (G1 Evacuation Pause)
[2025-12-05T07:28:02.155+0000][6.355s][info ][gc,task     ] GC(16) Using 5 workers of 13 for evacuation
[2025-12-05T07:28:02.160+0000][6.360s][info ][gc,phases   ] GC(16)   Pre Evacuate Collection Set: 0.2ms
[2025-12-05T07:28:02.160+0000][6.360s][info ][gc,phases   ] GC(16)   Merge Heap Roots: 0.1ms
[2025-12-05T07:28:02.160+0000][6.360s][info ][gc,phases   ] GC(16)   Evacuate Collection Set: 3.3ms
[2025-12-05T07:28:02.160+0000][6.360s][info ][gc,phases   ] GC(16)   Post Evacuate Collection Set: 1.2ms
[2025-12-05T07:28:02.160+0000][6.360s][info ][gc,phases   ] GC(16)   Other: 0.2ms
[2025-12-05T07:28:02.160+0000][6.360s][info ][gc,heap     ] GC(16) Eden regions: 124->0(129)
[2025-12-05T07:28:02.160+0000][6.360s][info ][gc,heap     ] GC(16) Survivor regions: 8->9(17)
[2025-12-05T07:28:02.160+0000][6.360s][info ][gc,heap     ] GC(16) Old regions: 50->50
[2025-12-05T07:28:02.160+0000][6.360s][info ][gc,heap     ] GC(16) Archive regions: 2->2
[2025-12-05T07:28:02.160+0000][6.360s][info ][gc,heap     ] GC(16) Humongous regions: 0->0
[2025-12-05T07:28:02.160+0000][6.360s][info ][gc,metaspace] GC(16) Metaspace: 27711K(28032K)->27711K(28032K) NonClass: 24196K(24384K)->24196K(24384K) Class: 3514K(3648K)->3514K(3648K)
[2025-12-05T07:28:02.160+0000][6.360s][info ][gc          ] GC(16) Pause Young (Normal) (G1 Evacuation Pause) 182M->59M(237M) 5.103ms
[2025-12-05T07:28:02.160+0000][6.360s][info ][gc,cpu      ] GC(16) User=0.03s Sys=0.00s Real=0.01s
[2025-12-05T07:28:02.160+0000][6.360s][info ][safepoint   ] Safepoint "G1CollectForAllocation", Time since last: 362508329 ns, Reaching safepoint: 220901 ns, Cleanup: 79192 ns, At safepoint: 5229741 ns, Total: 5529834 ns
[2025-12-05T07:28:02.607+0000][6.807s][debug][safepoint   ] Safepoint synchronization initiated using futex wait barrier. (20 threads)
[2025-12-05T07:28:02.608+0000][6.808s][info ][gc,start    ] GC(17) Pause Young (Normal) (G1 Evacuation Pause)
[2025-12-05T07:28:02.608+0000][6.808s][info ][gc,task     ] GC(17) Using 5 workers of 13 for evacuation
[2025-12-05T07:28:02.614+0000][6.814s][info ][gc,phases   ] GC(17)   Pre Evacuate Collection Set: 0.2ms
[2025-12-05T07:28:02.614+0000][6.814s][info ][gc,phases   ] GC(17)   Merge Heap Roots: 0.2ms
[2025-12-05T07:28:02.614+0000][6.814s][info ][gc,phases   ] GC(17)   Evacuate Collection Set: 4.1ms
[2025-12-05T07:28:02.614+0000][6.814s][info ][gc,phases   ] GC(17)   Post Evacuate Collection Set: 1.3ms
[2025-12-05T07:28:02.614+0000][6.814s][info ][gc,phases   ] GC(17)   Other: 0.2ms
[2025-12-05T07:28:02.614+0000][6.814s][info ][gc,heap     ] GC(17) Eden regions: 129->0(131)
[2025-12-05T07:28:02.614+0000][6.814s][info ][gc,heap     ] GC(17) Survivor regions: 9->11(18)
[2025-12-05T07:28:02.614+0000][6.814s][info ][gc,heap     ] GC(17) Old regions: 50->50
[2025-12-05T07:28:02.614+0000][6.814s][info ][gc,heap     ] GC(17) Archive regions: 2->2
[2025-12-05T07:28:02.614+0000][6.814s][info ][gc,heap     ] GC(17) Humongous regions: 0->0
[2025-12-05T07:28:02.614+0000][6.814s][info ][gc,metaspace] GC(17) Metaspace: 31122K(31488K)->31122K(31488K) NonClass: 27226K(27456K)->27226K(27456K) Class: 3895K(4032K)->3895K(4032K)
[2025-12-05T07:28:02.614+0000][6.814s][info ][gc          ] GC(17) Pause Young (Normal) (G1 Evacuation Pause) 188M->61M(237M) 6.151ms
[2025-12-05T07:28:02.614+0000][6.814s][info ][gc,cpu      ] GC(17) User=0.03s Sys=0.00s Real=0.00s
[2025-12-05T07:28:02.614+0000][6.814s][info ][safepoint   ] Safepoint "G1CollectForAllocation", Time since last: 447232756 ns, Reaching safepoint: 141903 ns, Cleanup: 229060 ns, At safepoint: 6351973 ns, Total: 6722936 ns
[2025-12-05T07:28:03.385+0000][7.584s][debug][safepoint   ] Safepoint synchronization initiated using futex wait barrier. (19 threads)
[2025-12-05T07:28:03.385+0000][7.585s][info ][gc,start    ] GC(18) Pause Young (Normal) (G1 Evacuation Pause)
[2025-12-05T07:28:03.385+0000][7.585s][info ][gc,task     ] GC(18) Using 5 workers of 13 for evacuation
[2025-12-05T07:28:03.391+0000][7.591s][info ][gc,phases   ] GC(18)   Pre Evacuate Collection Set: 0.3ms
[2025-12-05T07:28:03.391+0000][7.591s][info ][gc,phases   ] GC(18)   Merge Heap Roots: 0.1ms
[2025-12-05T07:28:03.391+0000][7.591s][info ][gc,phases   ] GC(18)   Evacuate Collection Set: 3.8ms
[2025-12-05T07:28:03.391+0000][7.591s][info ][gc,phases   ] GC(18)   Post Evacuate Collection Set: 1.7ms
[2025-12-05T07:28:03.391+0000][7.591s][info ][gc,phases   ] GC(18)   Other: 0.2ms
[2025-12-05T07:28:03.391+0000][7.591s][info ][gc,heap     ] GC(18) Eden regions: 131->0(132)
[2025-12-05T07:28:03.391+0000][7.591s][info ][gc,heap     ] GC(18) Survivor regions: 11->6(18)
[2025-12-05T07:28:03.391+0000][7.591s][info ][gc,heap     ] GC(18) Old regions: 50->57
[2025-12-05T07:28:03.391+0000][7.591s][info ][gc,heap     ] GC(18) Archive regions: 2->2
[2025-12-05T07:28:03.391+0000][7.591s][info ][gc,heap     ] GC(18) Humongous regions: 0->0
[2025-12-05T07:28:03.391+0000][7.591s][info ][gc,metaspace] GC(18) Metaspace: 35540K(35904K)->35540K(35904K) NonClass: 31158K(31360K)->31158K(31360K) Class: 4381K(4544K)->4381K(4544K)
[2025-12-05T07:28:03.391+0000][7.591s][info ][gc          ] GC(18) Pause Young (Normal) (G1 Evacuation Pause) 192M->63M(237M) 6.186ms
[2025-12-05T07:28:03.391+0000][7.591s][info ][gc,cpu      ] GC(18) User=0.03s Sys=0.00s Real=0.01s
[2025-12-05T07:28:03.391+0000][7.591s][info ][safepoint   ] Safepoint "G1CollectForAllocation", Time since last: 770368921 ns, Reaching safepoint: 97277 ns, Cleanup: 137604 ns, At safepoint: 6312057 ns, Total: 6546938 ns
[2025-12-05T07:28:03.541+0000][7.741s][debug][safepoint   ] Safepoint synchronization initiated using futex wait barrier. (19 threads)
[2025-12-05T07:28:03.541+0000][7.741s][info ][gc,start    ] GC(19) Pause Young (Concurrent Start) (Metadata GC Threshold)
[2025-12-05T07:28:03.541+0000][7.741s][info ][gc,task     ] GC(19) Using 5 workers of 13 for evacuation
[2025-12-05T07:28:03.546+0000][7.746s][info ][gc,phases   ] GC(19)   Pre Evacuate Collection Set: 0.2ms
[2025-12-05T07:28:03.546+0000][7.746s][info ][gc,phases   ] GC(19)   Merge Heap Roots: 0.2ms
[2025-12-05T07:28:03.546+0000][7.746s][info ][gc,phases   ] GC(19)   Evacuate Collection Set: 4.0ms
[2025-12-05T07:28:03.546+0000][7.746s][info ][gc,phases   ] GC(19)   Post Evacuate Collection Set: 0.9ms
[2025-12-05T07:28:03.546+0000][7.746s][info ][gc,phases   ] GC(19)   Other: 0.1ms
[2025-12-05T07:28:03.547+0000][7.746s][info ][gc,heap     ] GC(19) Eden regions: 34->0(135)
[2025-12-05T07:28:03.547+0000][7.746s][info ][gc,heap     ] GC(19) Survivor regions: 6->5(18)
[2025-12-05T07:28:03.547+0000][7.746s][info ][gc,heap     ] GC(19) Old regions: 57->57
[2025-12-05T07:28:03.547+0000][7.746s][info ][gc,heap     ] GC(19) Archive regions: 2->2
[2025-12-05T07:28:03.547+0000][7.746s][info ][gc,heap     ] GC(19) Humongous regions: 0->0
[2025-12-05T07:28:03.547+0000][7.746s][info ][gc,metaspace] GC(19) Metaspace: 35830K(36160K)->35830K(36160K) NonClass: 31404K(31616K)->31404K(31616K) Class: 4426K(4544K)->4426K(4544K)
[2025-12-05T07:28:03.547+0000][7.746s][info ][gc          ] GC(19) Pause Young (Concurrent Start) (Metadata GC Threshold) 96M->62M(237M) 5.573ms
[2025-12-05T07:28:03.547+0000][7.746s][info ][gc,cpu      ] GC(19) User=0.02s Sys=0.00s Real=0.01s
[2025-12-05T07:28:03.547+0000][7.746s][info ][gc          ] GC(20) Concurrent Mark Cycle
[2025-12-05T07:28:03.547+0000][7.746s][info ][safepoint   ] Safepoint "CollectForMetadataAllocation", Time since last: 149756616 ns, Reaching safepoint: 90514 ns, Cleanup: 24326 ns, At safepoint: 5730033 ns, Total: 5844873 ns
[2025-12-05T07:28:03.547+0000][7.747s][info ][gc,marking  ] GC(20) Concurrent Clear Claimed Marks
[2025-12-05T07:28:03.547+0000][7.747s][info ][gc,marking  ] GC(20) Concurrent Clear Claimed Marks 0.249ms
[2025-12-05T07:28:03.547+0000][7.747s][info ][gc,marking  ] GC(20) Concurrent Scan Root Regions
[2025-12-05T07:28:03.549+0000][7.749s][info ][gc,marking  ] GC(20) Concurrent Scan Root Regions 1.981ms
[2025-12-05T07:28:03.549+0000][7.749s][info ][gc,marking  ] GC(20) Concurrent Mark
[2025-12-05T07:28:03.549+0000][7.749s][info ][gc,marking  ] GC(20) Concurrent Mark From Roots
[2025-12-05T07:28:03.549+0000][7.749s][info ][gc,task     ] GC(20) Using 3 workers of 3 for marking
[2025-12-05T07:28:03.579+0000][7.779s][info ][gc,marking  ] GC(20) Concurrent Mark From Roots 29.749ms
[2025-12-05T07:28:03.579+0000][7.779s][info ][gc,marking  ] GC(20) Concurrent Preclean
[2025-12-05T07:28:03.579+0000][7.779s][info ][gc,marking  ] GC(20) Concurrent Preclean 0.310ms
[2025-12-05T07:28:03.579+0000][7.779s][debug][safepoint   ] Safepoint synchronization initiated using futex wait barrier. (19 threads)
[2025-12-05T07:28:03.580+0000][7.779s][info ][gc,start    ] GC(20) Pause Remark
[2025-12-05T07:28:03.584+0000][7.784s][info ][gc          ] GC(20) Pause Remark 68M->68M(237M) 4.688ms
[2025-12-05T07:28:03.584+0000][7.784s][info ][gc,cpu      ] GC(20) User=0.02s Sys=0.00s Real=0.00s
[2025-12-05T07:28:03.585+0000][7.784s][info ][safepoint   ] Safepoint "G1PauseRemark", Time since last: 32724583 ns, Reaching safepoint: 155779 ns, Cleanup: 7575 ns, At safepoint: 4991559 ns, Total: 5154913 ns
[2025-12-05T07:28:03.585+0000][7.784s][info ][gc,marking  ] GC(20) Concurrent Mark 35.547ms
[2025-12-05T07:28:03.585+0000][7.784s][info ][gc,marking  ] GC(20) Concurrent Rebuild Remembered Sets
[2025-12-05T07:28:03.598+0000][7.798s][info ][gc,marking  ] GC(20) Concurrent Rebuild Remembered Sets 13.490ms
[2025-12-05T07:28:03.598+0000][7.798s][debug][safepoint   ] Safepoint synchronization initiated using futex wait barrier. (19 threads)
[2025-12-05T07:28:03.598+0000][7.798s][info ][gc,start    ] GC(20) Pause Cleanup
[2025-12-05T07:28:03.599+0000][7.798s][info ][gc          ] GC(20) Pause Cleanup 71M->71M(237M) 0.234ms
[2025-12-05T07:28:03.599+0000][7.799s][info ][gc,cpu      ] GC(20) User=0.00s Sys=0.00s Real=0.00s
[2025-12-05T07:28:03.599+0000][7.799s][info ][safepoint   ] Safepoint "G1PauseCleanup", Time since last: 13776880 ns, Reaching safepoint: 125171 ns, Cleanup: 4128 ns, At safepoint: 347818 ns, Total: 477117 ns
[2025-12-05T07:28:03.599+0000][7.799s][info ][gc,marking  ] GC(20) Concurrent Cleanup for Next Mark
[2025-12-05T07:28:03.601+0000][7.801s][info ][gc,marking  ] GC(20) Concurrent Cleanup for Next Mark 1.938ms
[2025-12-05T07:28:03.601+0000][7.801s][info ][gc          ] GC(20) Concurrent Mark Cycle 54.259ms
[2025-12-05T07:28:04.262+0000][8.462s][debug][safepoint   ] Safepoint synchronization initiated using futex wait barrier. (19 threads)
[2025-12-05T07:28:04.263+0000][8.462s][info ][gc,start    ] GC(21) Pause Young (Prepare Mixed) (G1 Evacuation Pause)
[2025-12-05T07:28:04.263+0000][8.462s][info ][gc,task     ] GC(21) Using 5 workers of 13 for evacuation
[2025-12-05T07:28:04.269+0000][8.469s][info ][gc,phases   ] GC(21)   Pre Evacuate Collection Set: 0.2ms
[2025-12-05T07:28:04.269+0000][8.469s][info ][gc,phases   ] GC(21)   Merge Heap Roots: 0.3ms
[2025-12-05T07:28:04.269+0000][8.469s][info ][gc,phases   ] GC(21)   Evacuate Collection Set: 4.8ms
[2025-12-05T07:28:04.269+0000][8.469s][info ][gc,phases   ] GC(21)   Post Evacuate Collection Set: 1.1ms
[2025-12-05T07:28:04.269+0000][8.469s][info ][gc,phases   ] GC(21)   Other: 0.2ms
[2025-12-05T07:28:04.269+0000][8.469s][info ][gc,heap     ] GC(21) Eden regions: 135->0(4)
[2025-12-05T07:28:04.269+0000][8.469s][info ][gc,heap     ] GC(21) Survivor regions: 5->7(18)
[2025-12-05T07:28:04.269+0000][8.469s][info ][gc,heap     ] GC(21) Old regions: 57->57
[2025-12-05T07:28:04.269+0000][8.469s][info ][gc,heap     ] GC(21) Archive regions: 2->2
[2025-12-05T07:28:04.269+0000][8.469s][info ][gc,heap     ] GC(21) Humongous regions: 0->0
[2025-12-05T07:28:04.269+0000][8.469s][info ][gc,metaspace] GC(21) Metaspace: 38438K(38848K)->38438K(38848K) NonClass: 33584K(33792K)->33584K(33792K) Class: 4854K(5056K)->4854K(5056K)
[2025-12-05T07:28:04.269+0000][8.469s][info ][gc          ] GC(21) Pause Young (Prepare Mixed) (G1 Evacuation Pause) 197M->63M(237M) 6.740ms
[2025-12-05T07:28:04.269+0000][8.469s][info ][gc,cpu      ] GC(21) User=0.03s Sys=0.00s Real=0.01s
[2025-12-05T07:28:04.269+0000][8.469s][info ][safepoint   ] Safepoint "G1CollectForAllocation", Time since last: 663358753 ns, Reaching safepoint: 114129 ns, Cleanup: 247285 ns, At safepoint: 6896465 ns, Total: 7257879 ns
[2025-12-05T07:28:04.288+0000][8.488s][debug][safepoint   ] Safepoint synchronization initiated using futex wait barrier. (19 threads)
[2025-12-05T07:28:04.288+0000][8.488s][info ][gc,start    ] GC(22) Pause Young (Mixed) (G1 Evacuation Pause)
[2025-12-05T07:28:04.288+0000][8.488s][info ][gc,task     ] GC(22) Using 5 workers of 13 for evacuation
[2025-12-05T07:28:04.293+0000][8.493s][info ][gc,phases   ] GC(22)   Pre Evacuate Collection Set: 0.2ms
[2025-12-05T07:28:04.293+0000][8.493s][info ][gc,phases   ] GC(22)   Merge Heap Roots: 0.2ms
[2025-12-05T07:28:04.293+0000][8.493s][info ][gc,phases   ] GC(22)   Evacuate Collection Set: 3.3ms
[2025-12-05T07:28:04.293+0000][8.493s][info ][gc,phases   ] GC(22)   Post Evacuate Collection Set: 1.1ms
[2025-12-05T07:28:04.293+0000][8.493s][info ][gc,phases   ] GC(22)   Other: 0.2ms
[2025-12-05T07:28:04.293+0000][8.493s][info ][gc,heap     ] GC(22) Eden regions: 4->0(137)
[2025-12-05T07:28:04.293+0000][8.493s][info ][gc,heap     ] GC(22) Survivor regions: 7->1(2)
[2025-12-05T07:28:04.293+0000][8.493s][info ][gc,heap     ] GC(22) Old regions: 57->61
[2025-12-05T07:28:04.293+0000][8.493s][info ][gc,heap     ] GC(22) Archive regions: 2->2
[2025-12-05T07:28:04.293+0000][8.493s][info ][gc,heap     ] GC(22) Humongous regions: 0->0
[2025-12-05T07:28:04.293+0000][8.493s][info ][gc,metaspace] GC(22) Metaspace: 38617K(39040K)->38617K(39040K) NonClass: 33714K(33920K)->33714K(33920K) Class: 4902K(5120K)->4902K(5120K)
[2025-12-05T07:28:04.293+0000][8.493s][info ][gc          ] GC(22) Pause Young (Mixed) (G1 Evacuation Pause) 67M->62M(237M) 5.079ms
[2025-12-05T07:28:04.293+0000][8.493s][info ][gc,cpu      ] GC(22) User=0.02s Sys=0.00s Real=0.00s
[2025-12-05T07:28:04.293+0000][8.493s][info ][safepoint   ] Safepoint "G1CollectForAllocation", Time since last: 18573845 ns, Reaching safepoint: 151692 ns, Cleanup: 7384 ns, At safepoint: 5215329 ns, Total: 5374405 ns
[2025-12-05T07:28:04.706+0000][8.906s][debug][safepoint   ] Safepoint synchronization initiated using futex wait barrier. (19 threads)
[2025-12-05T07:28:04.706+0000][8.906s][info ][safepoint   ] Safepoint "ICBufferFull", Time since last: 412452264 ns, Reaching safepoint: 134999 ns, Cleanup: 271091 ns, At safepoint: 69293 ns, Total: 475383 ns
[2025-12-05T07:28:04.884+0000][9.084s][debug][safepoint   ] ... found polling page loop exception at pc = 0x0000767d994b3b4c, stub =0x0000767d98a04400
[2025-12-05T07:28:04.940+0000][9.140s][debug][safepoint   ] Safepoint synchronization initiated using futex wait barrier. (19 threads)
[2025-12-05T07:28:04.941+0000][9.140s][info ][gc,start    ] GC(23) Pause Young (Normal) (G1 Evacuation Pause)
[2025-12-05T07:28:04.941+0000][9.141s][info ][gc,task     ] GC(23) Using 5 workers of 13 for evacuation
[2025-12-05T07:28:04.945+0000][9.145s][info ][gc,phases   ] GC(23)   Pre Evacuate Collection Set: 0.2ms
[2025-12-05T07:28:04.946+0000][9.145s][info ][gc,phases   ] GC(23)   Merge Heap Roots: 0.1ms
[2025-12-05T07:28:04.946+0000][9.145s][info ][gc,phases   ] GC(23)   Evacuate Collection Set: 3.1ms
[2025-12-05T07:28:04.946+0000][9.145s][info ][gc,phases   ] GC(23)   Post Evacuate Collection Set: 1.1ms
[2025-12-05T07:28:04.946+0000][9.145s][info ][gc,phases   ] GC(23)   Other: 0.2ms
[2025-12-05T07:28:04.946+0000][9.145s][info ][gc,heap     ] GC(23) Eden regions: 137->0(135)
[2025-12-05T07:28:04.946+0000][9.145s][info ][gc,heap     ] GC(23) Survivor regions: 1->4(18)
[2025-12-05T07:28:04.946+0000][9.145s][info ][gc,heap     ] GC(23) Old regions: 61->61
[2025-12-05T07:28:04.946+0000][9.145s][info ][gc,heap     ] GC(23) Archive regions: 2->2
[2025-12-05T07:28:04.946+0000][9.145s][info ][gc,heap     ] GC(23) Humongous regions: 0->0
[2025-12-05T07:28:04.946+0000][9.145s][info ][gc,metaspace] GC(23) Metaspace: 41326K(41792K)->41326K(41792K) NonClass: 36129K(36352K)->36129K(36352K) Class: 5196K(5440K)->5196K(5440K)
[2025-12-05T07:28:04.946+0000][9.145s][info ][gc          ] GC(23) Pause Young (Normal) (G1 Evacuation Pause) 199M->64M(237M) 4.941ms
[2025-12-05T07:28:04.946+0000][9.145s][info ][gc,cpu      ] GC(23) User=0.03s Sys=0.00s Real=0.00s
[2025-12-05T07:28:04.946+0000][9.146s][info ][safepoint   ] Safepoint "G1CollectForAllocation", Time since last: 233985751 ns, Reaching safepoint: 240686 ns, Cleanup: 135992 ns, At safepoint: 5080335 ns, Total: 5457013 ns
[2025-12-05T07:28:05.668+0000][9.868s][debug][safepoint   ] Safepoint synchronization initiated using futex wait barrier. (20 threads)
[2025-12-05T07:28:05.668+0000][9.868s][info ][gc,start    ] GC(24) Pause Young (Normal) (G1 Evacuation Pause)
[2025-12-05T07:28:05.668+0000][9.868s][info ][gc,task     ] GC(24) Using 5 workers of 13 for evacuation
[2025-12-05T07:28:05.673+0000][9.872s][info ][gc,phases   ] GC(24)   Pre Evacuate Collection Set: 0.2ms
[2025-12-05T07:28:05.673+0000][9.872s][info ][gc,phases   ] GC(24)   Merge Heap Roots: 0.2ms
[2025-12-05T07:28:05.673+0000][9.872s][info ][gc,phases   ] GC(24)   Evacuate Collection Set: 3.2ms
[2025-12-05T07:28:05.673+0000][9.872s][info ][gc,phases   ] GC(24)   Post Evacuate Collection Set: 0.8ms
[2025-12-05T07:28:05.673+0000][9.872s][info ][gc,phases   ] GC(24)   Other: 0.2ms
[2025-12-05T07:28:05.673+0000][9.872s][info ][gc,heap     ] GC(24) Eden regions: 135->0(135)
[2025-12-05T07:28:05.673+0000][9.872s][info ][gc,heap     ] GC(24) Survivor regions: 4->5(18)
[2025-12-05T07:28:05.673+0000][9.873s][info ][gc,heap     ] GC(24) Old regions: 61->61
[2025-12-05T07:28:05.673+0000][9.873s][info ][gc,heap     ] GC(24) Archive regions: 2->2
[2025-12-05T07:28:05.673+0000][9.873s][info ][gc,heap     ] GC(24) Humongous regions: 0->0
[2025-12-05T07:28:05.673+0000][9.873s][info ][gc,metaspace] GC(24) Metaspace: 43498K(43904K)->43498K(43904K) NonClass: 37997K(38208K)->37997K(38208K) Class: 5501K(5696K)->5501K(5696K)
[2025-12-05T07:28:05.673+0000][9.873s][info ][gc          ] GC(24) Pause Young (Normal) (G1 Evacuation Pause) 199M->66M(237M) 4.581ms
[2025-12-05T07:28:05.673+0000][9.873s][info ][gc,cpu      ] GC(24) User=0.02s Sys=0.00s Real=0.00s
[2025-12-05T07:28:05.673+0000][9.873s][info ][safepoint   ] Safepoint "G1CollectForAllocation", Time since last: 722077657 ns, Reaching safepoint: 120121 ns, Cleanup: 190796 ns, At safepoint: 4704799 ns, Total: 5015716 ns
[2025-12-05T07:28:06.268+0000][10.468s][debug][safepoint   ] Safepoint synchronization initiated using futex wait barrier. (18 threads)
[2025-12-05T07:28:06.269+0000][10.469s][info ][safepoint   ] Safepoint "ICBufferFull", Time since last: 595634453 ns, Reaching safepoint: 198612 ns, Cleanup: 144548 ns, At safepoint: 44345 ns, Total: 387505 ns
[2025-12-05T07:28:06.691+0000][10.891s][debug][safepoint   ] Safepoint synchronization initiated using futex wait barrier. (21 threads)
[2025-12-05T07:28:06.691+0000][10.891s][info ][gc,start    ] GC(25) Pause Young (Normal) (G1 Evacuation Pause)
[2025-12-05T07:28:06.691+0000][10.891s][info ][gc,task     ] GC(25) Using 5 workers of 13 for evacuation
[2025-12-05T07:28:06.698+0000][10.897s][info ][gc,phases   ] GC(25)   Pre Evacuate Collection Set: 0.2ms
[2025-12-05T07:28:06.698+0000][10.897s][info ][gc,phases   ] GC(25)   Merge Heap Roots: 0.1ms
[2025-12-05T07:28:06.698+0000][10.897s][info ][gc,phases   ] GC(25)   Evacuate Collection Set: 4.8ms
[2025-12-05T07:28:06.698+0000][10.897s][info ][gc,phases   ] GC(25)   Post Evacuate Collection Set: 1.2ms
[2025-12-05T07:28:06.698+0000][10.897s][info ][gc,phases   ] GC(25)   Other: 0.2ms
[2025-12-05T07:28:06.698+0000][10.897s][info ][gc,heap     ] GC(25) Eden regions: 135->0(131)
[2025-12-05T07:28:06.698+0000][10.897s][info ][gc,heap     ] GC(25) Survivor regions: 5->8(18)
[2025-12-05T07:28:06.698+0000][10.897s][info ][gc,heap     ] GC(25) Old regions: 61->61
[2025-12-05T07:28:06.698+0000][10.897s][info ][gc,heap     ] GC(25) Archive regions: 2->2
[2025-12-05T07:28:06.698+0000][10.897s][info ][gc,heap     ] GC(25) Humongous regions: 0->0
[2025-12-05T07:28:06.698+0000][10.897s][info ][gc,metaspace] GC(25) Metaspace: 48042K(48576K)->48042K(48576K) NonClass: 41910K(42176K)->41910K(42176K) Class: 6131K(6400K)->6131K(6400K)
[2025-12-05T07:28:06.698+0000][10.898s][info ][gc          ] GC(25) Pause Young (Normal) (G1 Evacuation Pause) 201M->69M(237M) 6.711ms
[2025-12-05T07:28:06.698+0000][10.898s][info ][gc,cpu      ] GC(25) User=0.05s Sys=0.00s Real=0.00s
[2025-12-05T07:28:06.698+0000][10.898s][info ][safepoint   ] Safepoint "G1CollectForAllocation", Time since last: 421901667 ns, Reaching safepoint: 91185 ns, Cleanup: 161540 ns, At safepoint: 6856614 ns, Total: 7109339 ns
[2025-12-05T07:28:07.399+0000][11.599s][debug][safepoint   ] Safepoint synchronization initiated using futex wait barrier. (21 threads)
[2025-12-05T07:28:07.399+0000][11.599s][info ][safepoint   ] Safepoint "ICBufferFull", Time since last: 701061346 ns, Reaching safepoint: 105894 ns, Cleanup: 188231 ns, At safepoint: 2906 ns, Total: 297031 ns
[2025-12-05T07:28:07.676+0000][11.876s][debug][safepoint   ] Safepoint synchronization initiated using futex wait barrier. (23 threads)
[2025-12-05T07:28:07.676+0000][11.876s][info ][gc,start    ] GC(26) Pause Young (Normal) (G1 Evacuation Pause)
[2025-12-05T07:28:07.676+0000][11.876s][info ][gc,task     ] GC(26) Using 5 workers of 13 for evacuation
[2025-12-05T07:28:07.682+0000][11.882s][info ][gc,phases   ] GC(26)   Pre Evacuate Collection Set: 0.1ms
[2025-12-05T07:28:07.682+0000][11.882s][info ][gc,phases   ] GC(26)   Merge Heap Roots: 0.1ms
[2025-12-05T07:28:07.682+0000][11.882s][info ][gc,phases   ] GC(26)   Evacuate Collection Set: 4.1ms
[2025-12-05T07:28:07.682+0000][11.882s][info ][gc,phases   ] GC(26)   Post Evacuate Collection Set: 1.3ms
[2025-12-05T07:28:07.682+0000][11.882s][info ][gc,phases   ] GC(26)   Other: 0.1ms
[2025-12-05T07:28:07.682+0000][11.882s][info ][gc,heap     ] GC(26) Eden regions: 131->0(130)
[2025-12-05T07:28:07.682+0000][11.882s][info ][gc,heap     ] GC(26) Survivor regions: 8->10(18)
[2025-12-05T07:28:07.682+0000][11.882s][info ][gc,heap     ] GC(26) Old regions: 61->61
[2025-12-05T07:28:07.682+0000][11.882s][info ][gc,heap     ] GC(26) Archive regions: 2->2
[2025-12-05T07:28:07.682+0000][11.882s][info ][gc,heap     ] GC(26) Humongous regions: 0->0
[2025-12-05T07:28:07.682+0000][11.882s][info ][gc,metaspace] GC(26) Metaspace: 54880K(55360K)->54880K(55360K) NonClass: 47960K(48192K)->47960K(48192K) Class: 6920K(7168K)->6920K(7168K)
[2025-12-05T07:28:07.682+0000][11.882s][info ][gc          ] GC(26) Pause Young (Normal) (G1 Evacuation Pause) 200M->71M(237M) 5.771ms
[2025-12-05T07:28:07.682+0000][11.882s][info ][gc,cpu      ] GC(26) User=0.02s Sys=0.00s Real=0.01s
[2025-12-05T07:28:07.682+0000][11.882s][info ][safepoint   ] Safepoint "G1CollectForAllocation", Time since last: 276917554 ns, Reaching safepoint: 64994 ns, Cleanup: 34917 ns, At safepoint: 5824884 ns, Total: 5924795 ns
[2025-12-05T07:28:08.707+0000][12.907s][debug][safepoint   ] Safepoint synchronization initiated using futex wait barrier. (23 threads)
[2025-12-05T07:28:08.708+0000][12.907s][info ][safepoint   ] Safepoint "Cleanup", Time since last: 1025198175 ns, Reaching safepoint: 170337 ns, Cleanup: 73511 ns, At safepoint: 5511 ns, Total: 249359 ns
[2025-12-05T07:28:08.947+0000][13.147s][debug][safepoint   ] Safepoint synchronization initiated using futex wait barrier. (23 threads)
[2025-12-05T07:28:08.948+0000][13.148s][info ][safepoint   ] Safepoint "ICBufferFull", Time since last: 239947011 ns, Reaching safepoint: 212268 ns, Cleanup: 261762 ns, At safepoint: 103038 ns, Total: 577068 ns
[2025-12-05T07:28:09.225+0000][13.425s][debug][safepoint   ] ... found polling page loop exception at pc = 0x0000767d9928bcc9, stub =0x0000767d98a04400
[2025-12-05T07:28:09.499+0000][13.698s][debug][safepoint   ] Safepoint synchronization initiated using futex wait barrier. (20 threads)
[2025-12-05T07:28:09.499+0000][13.699s][info ][gc,start    ] GC(27) Pause Young (Normal) (G1 Evacuation Pause)
[2025-12-05T07:28:09.499+0000][13.699s][info ][gc,task     ] GC(27) Using 5 workers of 13 for evacuation
[2025-12-05T07:28:09.507+0000][13.707s][info ][gc,phases   ] GC(27)   Pre Evacuate Collection Set: 0.2ms
[2025-12-05T07:28:09.508+0000][13.707s][info ][gc,phases   ] GC(27)   Merge Heap Roots: 0.1ms
[2025-12-05T07:28:09.508+0000][13.707s][info ][gc,phases   ] GC(27)   Evacuate Collection Set: 6.4ms
[2025-12-05T07:28:09.508+0000][13.707s][info ][gc,phases   ] GC(27)   Post Evacuate Collection Set: 1.6ms
[2025-12-05T07:28:09.508+0000][13.707s][info ][gc,phases   ] GC(27)   Other: 0.3ms
[2025-12-05T07:28:09.508+0000][13.707s][info ][gc,heap     ] GC(27) Eden regions: 130->0(126)
[2025-12-05T07:28:09.508+0000][13.707s][info ][gc,heap     ] GC(27) Survivor regions: 10->12(18)
[2025-12-05T07:28:09.508+0000][13.707s][info ][gc,heap     ] GC(27) Old regions: 61->61
[2025-12-05T07:28:09.508+0000][13.707s][info ][gc,heap     ] GC(27) Archive regions: 2->2
[2025-12-05T07:28:09.508+0000][13.707s][info ][gc,heap     ] GC(27) Humongous regions: 0->0
[2025-12-05T07:28:09.508+0000][13.707s][info ][gc,metaspace] GC(27) Metaspace: 58563K(59008K)->58563K(59008K) NonClass: 51155K(51392K)->51155K(51392K) Class: 7407K(7616K)->7407K(7616K)
[2025-12-05T07:28:09.508+0000][13.707s][info ][gc          ] GC(27) Pause Young (Normal) (G1 Evacuation Pause) 201M->72M(237M) 8.811ms
[2025-12-05T07:28:09.508+0000][13.707s][info ][gc,cpu      ] GC(27) User=0.04s Sys=0.01s Real=0.01s
[2025-12-05T07:28:09.508+0000][13.708s][info ][safepoint   ] Safepoint "G1CollectForAllocation", Time since last: 550533405 ns, Reaching safepoint: 94562 ns, Cleanup: 119369 ns, At safepoint: 8974035 ns, Total: 9187966 ns
[2025-12-05T07:28:09.704+0000][13.904s][debug][safepoint   ] Safepoint synchronization initiated using futex wait barrier. (19 threads)
[2025-12-05T07:28:09.705+0000][13.904s][info ][gc,start    ] GC(28) Pause Young (Concurrent Start) (Metadata GC Threshold)
[2025-12-05T07:28:09.705+0000][13.904s][info ][gc,task     ] GC(28) Using 5 workers of 13 for evacuation
[2025-12-05T07:28:09.713+0000][13.912s][info ][gc,phases   ] GC(28)   Pre Evacuate Collection Set: 0.5ms
[2025-12-05T07:28:09.713+0000][13.913s][info ][gc,phases   ] GC(28)   Merge Heap Roots: 0.3ms
[2025-12-05T07:28:09.713+0000][13.913s][info ][gc,phases   ] GC(28)   Evacuate Collection Set: 6.0ms
[2025-12-05T07:28:09.713+0000][13.913s][info ][gc,phases   ] GC(28)   Post Evacuate Collection Set: 1.1ms
[2025-12-05T07:28:09.713+0000][13.913s][info ][gc,phases   ] GC(28)   Other: 0.3ms
[2025-12-05T07:28:09.713+0000][13.913s][info ][gc,heap     ] GC(28) Eden regions: 51->0(128)
[2025-12-05T07:28:09.713+0000][13.913s][info ][gc,heap     ] GC(28) Survivor regions: 12->10(18)
[2025-12-05T07:28:09.713+0000][13.913s][info ][gc,heap     ] GC(28) Old regions: 61->63
[2025-12-05T07:28:09.713+0000][13.913s][info ][gc,heap     ] GC(28) Archive regions: 2->2
[2025-12-05T07:28:09.713+0000][13.913s][info ][gc,heap     ] GC(28) Humongous regions: 0->0
[2025-12-05T07:28:09.713+0000][13.913s][info ][gc,metaspace] GC(28) Metaspace: 60000K(60416K)->60000K(60416K) NonClass: 52340K(52544K)->52340K(52544K) Class: 7660K(7872K)->7660K(7872K)
[2025-12-05T07:28:09.713+0000][13.913s][info ][gc          ] GC(28) Pause Young (Concurrent Start) (Metadata GC Threshold) 123M->73M(237M) 8.178ms
[2025-12-05T07:28:09.713+0000][13.913s][info ][gc,cpu      ] GC(28) User=0.03s Sys=0.00s Real=0.01s
[2025-12-05T07:28:09.713+0000][13.913s][info ][gc          ] GC(29) Concurrent Mark Cycle
[2025-12-05T07:28:09.713+0000][13.913s][info ][gc,marking  ] GC(29) Concurrent Clear Claimed Marks
[2025-12-05T07:28:09.713+0000][13.913s][info ][safepoint   ] Safepoint "CollectForMetadataAllocation", Time since last: 196712975 ns, Reaching safepoint: 112366 ns, Cleanup: 36811 ns, At safepoint: 8333514 ns, Total: 8482691 ns
[2025-12-05T07:28:09.713+0000][13.913s][info ][gc,marking  ] GC(29) Concurrent Clear Claimed Marks 0.071ms
[2025-12-05T07:28:09.713+0000][13.913s][info ][gc,marking  ] GC(29) Concurrent Scan Root Regions
[2025-12-05T07:28:09.717+0000][13.917s][info ][gc,marking  ] GC(29) Concurrent Scan Root Regions 4.133ms
[2025-12-05T07:28:09.717+0000][13.917s][info ][gc,marking  ] GC(29) Concurrent Mark
[2025-12-05T07:28:09.717+0000][13.917s][info ][gc,marking  ] GC(29) Concurrent Mark From Roots
[2025-12-05T07:28:09.717+0000][13.917s][info ][gc,task     ] GC(29) Using 3 workers of 3 for marking
[2025-12-05T07:28:09.740+0000][13.940s][debug][safepoint   ] Safepoint synchronization initiated using futex wait barrier. (19 threads)
[2025-12-05T07:28:09.741+0000][13.940s][info ][safepoint   ] Safepoint "CollectForMetadataAllocation", Time since last: 27461098 ns, Reaching safepoint: 128557 ns, Cleanup: 11492 ns, At safepoint: 134819 ns, Total: 274868 ns
[2025-12-05T07:28:09.744+0000][13.944s][info ][gc,marking  ] GC(29) Concurrent Mark From Roots 26.501ms
[2025-12-05T07:28:09.744+0000][13.944s][info ][gc,marking  ] GC(29) Concurrent Preclean
[2025-12-05T07:28:09.744+0000][13.944s][info ][gc,marking  ] GC(29) Concurrent Preclean 0.243ms
[2025-12-05T07:28:09.744+0000][13.944s][debug][safepoint   ] Safepoint synchronization initiated using futex wait barrier. (19 threads)
[2025-12-05T07:28:09.745+0000][13.944s][info ][gc,start    ] GC(29) Pause Remark
[2025-12-05T07:28:09.748+0000][13.948s][info ][gc          ] GC(29) Pause Remark 77M->77M(237M) 3.955ms
[2025-12-05T07:28:09.749+0000][13.948s][info ][gc,cpu      ] GC(29) User=0.01s Sys=0.00s Real=0.01s
[2025-12-05T07:28:09.749+0000][13.948s][info ][safepoint   ] Safepoint "G1PauseRemark", Time since last: 3545994 ns, Reaching safepoint: 264549 ns, Cleanup: 3096 ns, At safepoint: 4122982 ns, Total: 4390627 ns
[2025-12-05T07:28:09.749+0000][13.948s][info ][gc,marking  ] GC(29) Concurrent Mark 31.433ms
[2025-12-05T07:28:09.749+0000][13.949s][info ][gc,marking  ] GC(29) Concurrent Rebuild Remembered Sets
[2025-12-05T07:28:09.763+0000][13.962s][info ][gc,marking  ] GC(29) Concurrent Rebuild Remembered Sets 13.864ms
[2025-12-05T07:28:09.763+0000][13.963s][debug][safepoint   ] Safepoint synchronization initiated using futex wait barrier. (19 threads)
[2025-12-05T07:28:09.763+0000][13.963s][info ][gc,start    ] GC(29) Pause Cleanup
[2025-12-05T07:28:09.763+0000][13.963s][info ][gc          ] GC(29) Pause Cleanup 79M->79M(237M) 0.183ms
[2025-12-05T07:28:09.763+0000][13.963s][info ][gc,cpu      ] GC(29) User=0.00s Sys=0.00s Real=0.00s
[2025-12-05T07:28:09.763+0000][13.963s][info ][safepoint   ] Safepoint "G1PauseCleanup", Time since last: 14133719 ns, Reaching safepoint: 23065 ns, Cleanup: 18415 ns, At safepoint: 273686 ns, Total: 315166 ns
[2025-12-05T07:28:09.763+0000][13.963s][info ][gc,marking  ] GC(29) Concurrent Cleanup for Next Mark
[2025-12-05T07:28:09.764+0000][13.964s][info ][gc,marking  ] GC(29) Concurrent Cleanup for Next Mark 1.331ms
[2025-12-05T07:28:09.765+0000][13.964s][info ][gc          ] GC(29) Concurrent Mark Cycle 51.574ms
[2025-12-05T07:28:10.388+0000][14.588s][debug][safepoint   ] Safepoint synchronization initiated using futex wait barrier. (22 threads)
[2025-12-05T07:28:10.391+0000][14.591s][info ][gc,start    ] GC(30) Pause Young (Prepare Mixed) (G1 Evacuation Pause)
[2025-12-05T07:28:10.391+0000][14.591s][info ][gc,task     ] GC(30) Using 5 workers of 13 for evacuation
[2025-12-05T07:28:10.401+0000][14.600s][info ][gc,phases   ] GC(30)   Pre Evacuate Collection Set: 0.2ms
[2025-12-05T07:28:10.401+0000][14.600s][info ][gc,phases   ] GC(30)   Merge Heap Roots: 0.3ms
[2025-12-05T07:28:10.401+0000][14.600s][info ][gc,phases   ] GC(30)   Evacuate Collection Set: 7.3ms
[2025-12-05T07:28:10.401+0000][14.600s][info ][gc,phases   ] GC(30)   Post Evacuate Collection Set: 1.8ms
[2025-12-05T07:28:10.401+0000][14.600s][info ][gc,phases   ] GC(30)   Other: 0.2ms
[2025-12-05T07:28:10.401+0000][14.600s][info ][gc,heap     ] GC(30) Eden regions: 128->0(1)
[2025-12-05T07:28:10.401+0000][14.600s][info ][gc,heap     ] GC(30) Survivor regions: 10->11(18)
[2025-12-05T07:28:10.401+0000][14.600s][info ][gc,heap     ] GC(30) Old regions: 63->63
[2025-12-05T07:28:10.401+0000][14.600s][info ][gc,heap     ] GC(30) Archive regions: 2->2
[2025-12-05T07:28:10.401+0000][14.600s][info ][gc,heap     ] GC(30) Humongous regions: 0->0
[2025-12-05T07:28:10.401+0000][14.601s][info ][gc,metaspace] GC(30) Metaspace: 64218K(64704K)->64218K(64704K) NonClass: 55999K(56256K)->55999K(56256K) Class: 8219K(8448K)->8219K(8448K)
[2025-12-05T07:28:10.401+0000][14.601s][info ][gc          ] GC(30) Pause Young (Prepare Mixed) (G1 Evacuation Pause) 201M->74M(237M) 9.984ms
[2025-12-05T07:28:10.401+0000][14.601s][info ][gc,cpu      ] GC(30) User=0.03s Sys=0.00s Real=0.01s
[2025-12-05T07:28:10.401+0000][14.601s][info ][safepoint   ] Safepoint "G1CollectForAllocation", Time since last: 625050554 ns, Reaching safepoint: 223535 ns, Cleanup: 2381346 ns, At safepoint: 10214893 ns, Total: 12819774 ns
[2025-12-05T07:28:10.406+0000][14.606s][debug][safepoint   ] Safepoint synchronization initiated using futex wait barrier. (22 threads)
[2025-12-05T07:28:10.406+0000][14.606s][info ][gc,start    ] GC(31) Pause Young (Mixed) (G1 Evacuation Pause)
[2025-12-05T07:28:10.406+0000][14.606s][info ][gc,task     ] GC(31) Using 5 workers of 13 for evacuation
[2025-12-05T07:28:10.420+0000][14.620s][info ][gc,phases   ] GC(31)   Pre Evacuate Collection Set: 0.2ms
[2025-12-05T07:28:10.420+0000][14.620s][info ][gc,phases   ] GC(31)   Merge Heap Roots: 0.2ms
[2025-12-05T07:28:10.420+0000][14.620s][info ][gc,phases   ] GC(31)   Evacuate Collection Set: 12.4ms
[2025-12-05T07:28:10.420+0000][14.620s][info ][gc,phases   ] GC(31)   Post Evacuate Collection Set: 1.2ms
[2025-12-05T07:28:10.420+0000][14.620s][info ][gc,phases   ] GC(31)   Other: 0.1ms
[2025-12-05T07:28:10.420+0000][14.620s][info ][gc,heap     ] GC(31) Eden regions: 1->0(130)
[2025-12-05T07:28:10.420+0000][14.620s][info ][gc,heap     ] GC(31) Survivor regions: 11->2(2)
[2025-12-05T07:28:10.420+0000][14.620s][info ][gc,heap     ] GC(31) Old regions: 63->72
[2025-12-05T07:28:10.420+0000][14.620s][info ][gc,heap     ] GC(31) Archive regions: 2->2
[2025-12-05T07:28:10.420+0000][14.620s][info ][gc,heap     ] GC(31) Humongous regions: 0->0
[2025-12-05T07:28:10.420+0000][14.620s][info ][gc,metaspace] GC(31) Metaspace: 64238K(64704K)->64238K(64704K) NonClass: 56016K(56256K)->56016K(56256K) Class: 8221K(8448K)->8221K(8448K)
[2025-12-05T07:28:10.420+0000][14.620s][info ][gc          ] GC(31) Pause Young (Mixed) (G1 Evacuation Pause) 75M->73M(237M) 14.325ms
[2025-12-05T07:28:10.420+0000][14.620s][info ][gc,cpu      ] GC(31) User=0.05s Sys=0.00s Real=0.02s
[2025-12-05T07:28:10.420+0000][14.620s][info ][safepoint   ] Safepoint "G1CollectForAllocation", Time since last: 4957405 ns, Reaching safepoint: 91476 ns, Cleanup: 4068 ns, At safepoint: 14423011 ns, Total: 14518555 ns
[2025-12-05T07:28:10.882+0000][15.082s][debug][safepoint   ] Safepoint synchronization initiated using futex wait barrier. (22 threads)
[2025-12-05T07:28:10.882+0000][15.082s][info ][gc,start    ] GC(32) Pause Young (Concurrent Start) (G1 Evacuation Pause)
[2025-12-05T07:28:10.882+0000][15.082s][info ][gc,task     ] GC(32) Using 5 workers of 13 for evacuation
[2025-12-05T07:28:10.885+0000][15.085s][info ][gc,phases   ] GC(32)   Pre Evacuate Collection Set: 0.2ms
[2025-12-05T07:28:10.885+0000][15.085s][info ][gc,phases   ] GC(32)   Merge Heap Roots: 0.1ms
[2025-12-05T07:28:10.885+0000][15.085s][info ][gc,phases   ] GC(32)   Evacuate Collection Set: 1.6ms
[2025-12-05T07:28:10.885+0000][15.085s][info ][gc,phases   ] GC(32)   Post Evacuate Collection Set: 0.9ms
[2025-12-05T07:28:10.885+0000][15.085s][info ][gc,phases   ] GC(32)   Other: 0.1ms
[2025-12-05T07:28:10.885+0000][15.085s][info ][gc,heap     ] GC(32) Eden regions: 130->0(130)
[2025-12-05T07:28:10.885+0000][15.085s][info ][gc,heap     ] GC(32) Survivor regions: 2->2(17)
[2025-12-05T07:28:10.885+0000][15.085s][info ][gc,heap     ] GC(32) Old regions: 72->72
[2025-12-05T07:28:10.885+0000][15.085s][info ][gc,heap     ] GC(32) Archive regions: 2->2
[2025-12-05T07:28:10.885+0000][15.085s][info ][gc,heap     ] GC(32) Humongous regions: 0->0
[2025-12-05T07:28:10.885+0000][15.085s][info ][gc,metaspace] GC(32) Metaspace: 67304K(67776K)->67304K(67776K) NonClass: 58576K(58816K)->58576K(58816K) Class: 8727K(8960K)->8727K(8960K)
[2025-12-05T07:28:10.885+0000][15.085s][info ][gc          ] GC(32) Pause Young (Concurrent Start) (G1 Evacuation Pause) 203M->73M(237M) 3.147ms
[2025-12-05T07:28:10.885+0000][15.085s][info ][gc,cpu      ] GC(32) User=0.01s Sys=0.00s Real=0.00s
[2025-12-05T07:28:10.885+0000][15.085s][info ][gc          ] GC(33) Concurrent Mark Cycle
[2025-12-05T07:28:10.885+0000][15.085s][info ][gc,marking  ] GC(33) Concurrent Clear Claimed Marks
[2025-12-05T07:28:10.885+0000][15.085s][info ][safepoint   ] Safepoint "G1CollectForAllocation", Time since last: 461414471 ns, Reaching safepoint: 78551 ns, Cleanup: 21722 ns, At safepoint: 3260937 ns, Total: 3361210 ns
[2025-12-05T07:28:10.885+0000][15.085s][info ][gc,marking  ] GC(33) Concurrent Clear Claimed Marks 0.050ms
[2025-12-05T07:28:10.885+0000][15.085s][info ][gc,marking  ] GC(33) Concurrent Scan Root Regions
[2025-12-05T07:28:10.887+0000][15.087s][info ][gc,marking  ] GC(33) Concurrent Scan Root Regions 1.480ms
[2025-12-05T07:28:10.887+0000][15.087s][info ][gc,marking  ] GC(33) Concurrent Mark
[2025-12-05T07:28:10.887+0000][15.087s][info ][gc,marking  ] GC(33) Concurrent Mark From Roots
[2025-12-05T07:28:10.887+0000][15.087s][info ][gc,task     ] GC(33) Using 3 workers of 3 for marking
[2025-12-05T07:28:10.927+0000][15.127s][info ][gc,marking  ] GC(33) Concurrent Mark From Roots 40.026ms
[2025-12-05T07:28:10.927+0000][15.127s][info ][gc,marking  ] GC(33) Concurrent Preclean
[2025-12-05T07:28:10.927+0000][15.127s][info ][gc,marking  ] GC(33) Concurrent Preclean 0.316ms
[2025-12-05T07:28:10.927+0000][15.127s][debug][safepoint   ] Safepoint synchronization initiated using futex wait barrier. (22 threads)
[2025-12-05T07:28:10.928+0000][15.127s][info ][gc,start    ] GC(33) Pause Remark
[2025-12-05T07:28:10.932+0000][15.132s][info ][gc          ] GC(33) Pause Remark 77M->77M(237M) 4.434ms
[2025-12-05T07:28:10.932+0000][15.132s][info ][gc,cpu      ] GC(33) User=0.02s Sys=0.00s Real=0.00s
[2025-12-05T07:28:10.932+0000][15.132s][info ][safepoint   ] Safepoint "G1PauseRemark", Time since last: 42191720 ns, Reaching safepoint: 138386 ns, Cleanup: 26971 ns, At safepoint: 4644054 ns, Total: 4809411 ns
[2025-12-05T07:28:10.932+0000][15.132s][info ][gc,marking  ] GC(33) Concurrent Mark 45.439ms
[2025-12-05T07:28:10.932+0000][15.132s][info ][gc,marking  ] GC(33) Concurrent Rebuild Remembered Sets
[2025-12-05T07:28:10.948+0000][15.148s][info ][gc,marking  ] GC(33) Concurrent Rebuild Remembered Sets 16.157ms
[2025-12-05T07:28:10.949+0000][15.148s][debug][safepoint   ] Safepoint synchronization initiated using futex wait barrier. (22 threads)
[2025-12-05T07:28:10.949+0000][15.149s][info ][gc,start    ] GC(33) Pause Cleanup
[2025-12-05T07:28:10.949+0000][15.149s][info ][gc          ] GC(33) Pause Cleanup 79M->79M(237M) 0.195ms
[2025-12-05T07:28:10.949+0000][15.149s][info ][gc,cpu      ] GC(33) User=0.00s Sys=0.00s Real=0.00s
[2025-12-05T07:28:10.949+0000][15.149s][info ][safepoint   ] Safepoint "G1PauseCleanup", Time since last: 16444514 ns, Reaching safepoint: 155845 ns, Cleanup: 14328 ns, At safepoint: 293975 ns, Total: 464148 ns
[2025-12-05T07:28:10.949+0000][15.149s][info ][gc,marking  ] GC(33) Concurrent Cleanup for Next Mark
[2025-12-05T07:28:10.950+0000][15.149s][info ][gc,marking  ] GC(33) Concurrent Cleanup for Next Mark 0.424ms
[2025-12-05T07:28:10.950+0000][15.149s][info ][gc          ] GC(33) Concurrent Mark Cycle 64.461ms
[2025-12-05T07:28:11.254+0000][15.454s][debug][safepoint   ] Safepoint synchronization initiated using futex wait barrier. (25 threads)
[2025-12-05T07:28:11.255+0000][15.454s][info ][safepoint   ] Safepoint "ICBufferFull", Time since last: 305132315 ns, Reaching safepoint: 106264 ns, Cleanup: 118838 ns, At safepoint: 28415 ns, Total: 253517 ns
[2025-12-05T07:28:11.809+0000][16.008s][debug][safepoint   ] Safepoint synchronization initiated using futex wait barrier. (29 threads)
[2025-12-05T07:28:11.809+0000][16.009s][info ][gc,start    ] GC(34) Pause Young (Prepare Mixed) (G1 Evacuation Pause)
[2025-12-05T07:28:11.809+0000][16.009s][info ][gc,task     ] GC(34) Using 5 workers of 13 for evacuation
[2025-12-05T07:28:11.814+0000][16.014s][info ][gc,phases   ] GC(34)   Pre Evacuate Collection Set: 0.1ms
[2025-12-05T07:28:11.814+0000][16.014s][info ][gc,phases   ] GC(34)   Merge Heap Roots: 0.1ms
[2025-12-05T07:28:11.814+0000][16.014s][info ][gc,phases   ] GC(34)   Evacuate Collection Set: 3.5ms
[2025-12-05T07:28:11.814+0000][16.014s][info ][gc,phases   ] GC(34)   Post Evacuate Collection Set: 1.2ms
[2025-12-05T07:28:11.814+0000][16.014s][info ][gc,phases   ] GC(34)   Other: 0.2ms
[2025-12-05T07:28:11.814+0000][16.014s][info ][gc,heap     ] GC(34) Eden regions: 130->0(6)
[2025-12-05T07:28:11.814+0000][16.014s][info ][gc,heap     ] GC(34) Survivor regions: 2->5(17)
[2025-12-05T07:28:11.814+0000][16.014s][info ][gc,heap     ] GC(34) Old regions: 72->72
[2025-12-05T07:28:11.814+0000][16.014s][info ][gc,heap     ] GC(34) Archive regions: 2->2
[2025-12-05T07:28:11.814+0000][16.014s][info ][gc,heap     ] GC(34) Humongous regions: 0->0
[2025-12-05T07:28:11.814+0000][16.014s][info ][gc,metaspace] GC(34) Metaspace: 70097K(70592K)->70097K(70592K) NonClass: 61056K(61312K)->61056K(61312K) Class: 9041K(9280K)->9041K(9280K)
[2025-12-05T07:28:11.814+0000][16.014s][info ][gc          ] GC(34) Pause Young (Prepare Mixed) (G1 Evacuation Pause) 203M->77M(237M) 5.172ms
[2025-12-05T07:28:11.814+0000][16.014s][info ][gc,cpu      ] GC(34) User=0.03s Sys=0.00s Real=0.00s
[2025-12-05T07:28:11.814+0000][16.014s][info ][safepoint   ] Safepoint "G1CollectForAllocation", Time since last: 554065230 ns, Reaching safepoint: 83871 ns, Cleanup: 157884 ns, At safepoint: 5261630 ns, Total: 5503385 ns
[2025-12-05T07:28:11.846+0000][16.045s][debug][safepoint   ] Safepoint synchronization initiated using futex wait barrier. (29 threads)
[2025-12-05T07:28:11.846+0000][16.045s][info ][gc,start    ] GC(35) Pause Young (Mixed) (G1 Evacuation Pause)
[2025-12-05T07:28:11.846+0000][16.045s][info ][gc,task     ] GC(35) Using 5 workers of 13 for evacuation
[2025-12-05T07:28:11.852+0000][16.052s][info ][gc,phases   ] GC(35)   Pre Evacuate Collection Set: 0.2ms
[2025-12-05T07:28:11.852+0000][16.052s][info ][gc,phases   ] GC(35)   Merge Heap Roots: 0.2ms
[2025-12-05T07:28:11.852+0000][16.052s][info ][gc,phases   ] GC(35)   Evacuate Collection Set: 4.7ms
[2025-12-05T07:28:11.852+0000][16.052s][info ][gc,phases   ] GC(35)   Post Evacuate Collection Set: 1.1ms
[2025-12-05T07:28:11.852+0000][16.052s][info ][gc,phases   ] GC(35)   Other: 0.1ms
[2025-12-05T07:28:11.852+0000][16.052s][info ][gc,heap     ] GC(35) Eden regions: 6->0(125)
[2025-12-05T07:28:11.852+0000][16.052s][info ][gc,heap     ] GC(35) Survivor regions: 5->1(2)
[2025-12-05T07:28:11.852+0000][16.052s][info ][gc,heap     ] GC(35) Old regions: 72->76
[2025-12-05T07:28:11.852+0000][16.052s][info ][gc,heap     ] GC(35) Archive regions: 2->2
[2025-12-05T07:28:11.852+0000][16.052s][info ][gc,heap     ] GC(35) Humongous regions: 0->0
[2025-12-05T07:28:11.852+0000][16.052s][info ][gc,metaspace] GC(35) Metaspace: 70133K(70592K)->70133K(70592K) NonClass: 61087K(61312K)->61087K(61312K) Class: 9045K(9280K)->9045K(9280K)
[2025-12-05T07:28:11.852+0000][16.052s][info ][gc          ] GC(35) Pause Young (Mixed) (G1 Evacuation Pause) 83M->76M(237M) 6.642ms
[2025-12-05T07:28:11.852+0000][16.052s][info ][gc,cpu      ] GC(35) User=0.07s Sys=0.00s Real=0.01s
[2025-12-05T07:28:11.853+0000][16.052s][info ][safepoint   ] Safepoint "G1CollectForAllocation", Time since last: 31452147 ns, Reaching safepoint: 110653 ns, Cleanup: 39946 ns, At safepoint: 6921817 ns, Total: 7072416 ns
[2025-12-05T07:28:12.063+0000][16.263s][debug][safepoint   ] Safepoint synchronization initiated using futex wait barrier. (28 threads)
[2025-12-05T07:28:12.064+0000][16.263s][info ][safepoint   ] Safepoint "ICBufferFull", Time since last: 210716489 ns, Reaching safepoint: 133276 ns, Cleanup: 262945 ns, At safepoint: 3778 ns, Total: 399999 ns
[2025-12-05T07:28:12.441+0000][16.641s][debug][safepoint   ] Safepoint synchronization initiated using futex wait barrier. (28 threads)
[2025-12-05T07:28:12.442+0000][16.642s][info ][safepoint   ] Safepoint "ICBufferFull", Time since last: 377718000 ns, Reaching safepoint: 338901 ns, Cleanup: 272654 ns, At safepoint: 103529 ns, Total: 715084 ns
[2025-12-05T07:28:12.730+0000][16.930s][debug][safepoint   ] Safepoint synchronization initiated using futex wait barrier. (28 threads)
[2025-12-05T07:28:12.730+0000][16.930s][info ][gc,start    ] GC(36) Pause Young (Normal) (G1 Evacuation Pause)
[2025-12-05T07:28:12.730+0000][16.930s][info ][gc,task     ] GC(36) Using 5 workers of 13 for evacuation
[2025-12-05T07:28:12.734+0000][16.934s][info ][gc,phases   ] GC(36)   Pre Evacuate Collection Set: 0.3ms
[2025-12-05T07:28:12.734+0000][16.934s][info ][gc,phases   ] GC(36)   Merge Heap Roots: 0.1ms
[2025-12-05T07:28:12.734+0000][16.934s][info ][gc,phases   ] GC(36)   Evacuate Collection Set: 2.5ms
[2025-12-05T07:28:12.734+0000][16.934s][info ][gc,phases   ] GC(36)   Post Evacuate Collection Set: 1.0ms
[2025-12-05T07:28:12.734+0000][16.934s][info ][gc,phases   ] GC(36)   Other: 0.2ms
[2025-12-05T07:28:12.734+0000][16.934s][info ][gc,heap     ] GC(36) Eden regions: 125->0(124)
[2025-12-05T07:28:12.734+0000][16.934s][info ][gc,heap     ] GC(36) Survivor regions: 1->3(16)
[2025-12-05T07:28:12.734+0000][16.934s][info ][gc,heap     ] GC(36) Old regions: 76->76
[2025-12-05T07:28:12.734+0000][16.934s][info ][gc,heap     ] GC(36) Archive regions: 2->2
[2025-12-05T07:28:12.735+0000][16.934s][info ][gc,heap     ] GC(36) Humongous regions: 0->0
[2025-12-05T07:28:12.735+0000][16.934s][info ][gc,metaspace] GC(36) Metaspace: 73454K(73984K)->73454K(73984K) NonClass: 64021K(64256K)->64021K(64256K) Class: 9433K(9728K)->9433K(9728K)
[2025-12-05T07:28:12.735+0000][16.934s][info ][gc          ] GC(36) Pause Young (Normal) (G1 Evacuation Pause) 201M->78M(237M) 4.180ms
[2025-12-05T07:28:12.735+0000][16.934s][info ][gc,cpu      ] GC(36) User=0.02s Sys=0.00s Real=0.00s
[2025-12-05T07:28:12.735+0000][16.934s][info ][safepoint   ] Safepoint "G1CollectForAllocation", Time since last: 287905267 ns, Reaching safepoint: 126473 ns, Cleanup: 135691 ns, At safepoint: 4305624 ns, Total: 4567788 ns
[2025-12-05T07:28:13.309+0000][17.509s][debug][safepoint   ] Safepoint synchronization initiated using futex wait barrier. (22 threads)
[2025-12-05T07:28:13.309+0000][17.509s][info ][gc,start    ] GC(37) Pause Young (Normal) (G1 Evacuation Pause)
[2025-12-05T07:28:13.310+0000][17.509s][info ][gc,task     ] GC(37) Using 5 workers of 13 for evacuation
[2025-12-05T07:28:13.315+0000][17.514s][info ][gc,phases   ] GC(37)   Pre Evacuate Collection Set: 0.2ms
[2025-12-05T07:28:13.315+0000][17.515s][info ][gc,phases   ] GC(37)   Merge Heap Roots: 0.2ms
[2025-12-05T07:28:13.315+0000][17.515s][info ][gc,phases   ] GC(37)   Evacuate Collection Set: 2.9ms
[2025-12-05T07:28:13.315+0000][17.515s][info ][gc,phases   ] GC(37)   Post Evacuate Collection Set: 1.8ms
[2025-12-05T07:28:13.315+0000][17.515s][info ][gc,phases   ] GC(37)   Other: 0.2ms
[2025-12-05T07:28:13.315+0000][17.515s][info ][gc,heap     ] GC(37) Eden regions: 124->0(124)
[2025-12-05T07:28:13.315+0000][17.515s][info ][gc,heap     ] GC(37) Survivor regions: 3->4(16)
[2025-12-05T07:28:13.315+0000][17.515s][info ][gc,heap     ] GC(37) Old regions: 76->76
[2025-12-05T07:28:13.315+0000][17.515s][info ][gc,heap     ] GC(37) Archive regions: 2->2
[2025-12-05T07:28:13.315+0000][17.515s][info ][gc,heap     ] GC(37) Humongous regions: 0->0
[2025-12-05T07:28:13.315+0000][17.515s][info ][gc,metaspace] GC(37) Metaspace: 78274K(78848K)->78274K(78848K) NonClass: 68039K(68352K)->68039K(68352K) Class: 10235K(10496K)->10235K(10496K)
[2025-12-05T07:28:13.315+0000][17.515s][info ][gc          ] GC(37) Pause Young (Normal) (G1 Evacuation Pause) 202M->79M(237M) 5.357ms
[2025-12-05T07:28:13.315+0000][17.515s][info ][gc,cpu      ] GC(37) User=0.01s Sys=0.01s Real=0.00s
[2025-12-05T07:28:13.315+0000][17.515s][info ][safepoint   ] Safepoint "G1CollectForAllocation", Time since last: 574718578 ns, Reaching safepoint: 94131 ns, Cleanup: 33464 ns, At safepoint: 5421618 ns, Total: 5549213 ns
[2025-12-05T07:28:13.735+0000][17.934s][debug][safepoint   ] Safepoint synchronization initiated using futex wait barrier. (23 threads)
[2025-12-05T07:28:13.735+0000][17.935s][info ][safepoint   ] Safepoint "ICBufferFull", Time since last: 419793129 ns, Reaching safepoint: 109761 ns, Cleanup: 153585 ns, At safepoint: 39146 ns, Total: 302492 ns
[2025-12-05T07:28:13.828+0000][18.028s][debug][safepoint   ] Safepoint synchronization initiated using futex wait barrier. (24 threads)
[2025-12-05T07:28:13.828+0000][18.028s][info ][safepoint   ] Safepoint "ICBufferFull", Time since last: 93035524 ns, Reaching safepoint: 87338 ns, Cleanup: 128557 ns, At safepoint: 23996 ns, Total: 239891 ns
[2025-12-05T07:28:13.926+0000][18.125s][debug][safepoint   ] Safepoint synchronization initiated using futex wait barrier. (24 threads)
[2025-12-05T07:28:13.926+0000][18.126s][info ][safepoint   ] Safepoint "ICBufferFull", Time since last: 97465666 ns, Reaching safepoint: 79833 ns, Cleanup: 143256 ns, At safepoint: 46228 ns, Total: 269317 ns
[2025-12-05T07:28:14.020+0000][18.220s][debug][safepoint   ] Safepoint synchronization initiated using futex wait barrier. (24 threads)
[2025-12-05T07:28:14.021+0000][18.220s][info ][safepoint   ] Safepoint "ICBufferFull", Time since last: 94162681 ns, Reaching safepoint: 201367 ns, Cleanup: 161760 ns, At safepoint: 28846 ns, Total: 391973 ns
[2025-12-05T07:28:14.035+0000][18.235s][debug][safepoint   ] Safepoint synchronization initiated using futex wait barrier. (24 threads)
[2025-12-05T07:28:14.035+0000][18.235s][info ][gc,start    ] GC(38) Pause Young (Normal) (G1 Evacuation Pause)
[2025-12-05T07:28:14.035+0000][18.235s][info ][gc,task     ] GC(38) Using 5 workers of 13 for evacuation
[2025-12-05T07:28:14.039+0000][18.239s][info ][gc,phases   ] GC(38)   Pre Evacuate Collection Set: 0.2ms
[2025-12-05T07:28:14.039+0000][18.239s][info ][gc,phases   ] GC(38)   Merge Heap Roots: 0.2ms
[2025-12-05T07:28:14.039+0000][18.239s][info ][gc,phases   ] GC(38)   Evacuate Collection Set: 2.4ms
[2025-12-05T07:28:14.039+0000][18.239s][info ][gc,phases   ] GC(38)   Post Evacuate Collection Set: 1.1ms
[2025-12-05T07:28:14.039+0000][18.239s][info ][gc,phases   ] GC(38)   Other: 0.1ms
[2025-12-05T07:28:14.039+0000][18.239s][info ][gc,heap     ] GC(38) Eden regions: 124->0(125)
[2025-12-05T07:28:14.039+0000][18.239s][info ][gc,heap     ] GC(38) Survivor regions: 4->4(16)
[2025-12-05T07:28:14.039+0000][18.239s][info ][gc,heap     ] GC(38) Old regions: 76->76
[2025-12-05T07:28:14.039+0000][18.239s][info ][gc,heap     ] GC(38) Archive regions: 2->2
[2025-12-05T07:28:14.039+0000][18.239s][info ][gc,heap     ] GC(38) Humongous regions: 0->0
[2025-12-05T07:28:14.039+0000][18.239s][info ][gc,metaspace] GC(38) Metaspace: 80648K(81216K)->80648K(81216K) NonClass: 70073K(70336K)->70073K(70336K) Class: 10574K(10880K)->10574K(10880K)
[2025-12-05T07:28:14.039+0000][18.239s][info ][gc          ] GC(38) Pause Young (Normal) (G1 Evacuation Pause) 203M->79M(237M) 4.030ms
[2025-12-05T07:28:14.039+0000][18.239s][info ][gc,cpu      ] GC(38) User=0.02s Sys=0.00s Real=0.01s
[2025-12-05T07:28:14.039+0000][18.239s][info ][safepoint   ] Safepoint "G1CollectForAllocation", Time since last: 14438033 ns, Reaching safepoint: 166660 ns, Cleanup: 16712 ns, At safepoint: 4167239 ns, Total: 4350611 ns
[2025-12-05T07:28:14.207+0000][18.407s][debug][safepoint   ] Safepoint synchronization initiated using futex wait barrier. (24 threads)
[2025-12-05T07:28:14.207+0000][18.407s][info ][safepoint   ] Safepoint "ICBufferFull", Time since last: 167524859 ns, Reaching safepoint: 123668 ns, Cleanup: 188121 ns, At safepoint: 3487 ns, Total: 315276 ns
[2025-12-05T07:28:14.325+0000][18.525s][debug][safepoint   ] Safepoint synchronization initiated using futex wait barrier. (24 threads)
[2025-12-05T07:28:14.326+0000][18.526s][info ][safepoint   ] Safepoint "ICBufferFull", Time since last: 118226399 ns, Reaching safepoint: 343149 ns, Cleanup: 262454 ns, At safepoint: 43614 ns, Total: 649217 ns
[2025-12-05T07:28:14.557+0000][18.757s][debug][safepoint   ] Safepoint synchronization initiated using futex wait barrier. (24 threads)
[2025-12-05T07:28:14.557+0000][18.757s][info ][safepoint   ] Safepoint "ICBufferFull", Time since last: 230964844 ns, Reaching safepoint: 134909 ns, Cleanup: 251063 ns, At safepoint: 2945 ns, Total: 388917 ns
[2025-12-05T07:28:14.676+0000][18.876s][debug][safepoint   ] Safepoint synchronization initiated using futex wait barrier. (24 threads)
[2025-12-05T07:28:14.676+0000][18.876s][info ][gc,start    ] GC(39) Pause Young (Normal) (G1 Evacuation Pause)
[2025-12-05T07:28:14.676+0000][18.876s][info ][gc,task     ] GC(39) Using 5 workers of 13 for evacuation
[2025-12-05T07:28:14.682+0000][18.882s][info ][gc,phases   ] GC(39)   Pre Evacuate Collection Set: 0.2ms
[2025-12-05T07:28:14.683+0000][18.882s][info ][gc,phases   ] GC(39)   Merge Heap Roots: 0.2ms
[2025-12-05T07:28:14.683+0000][18.882s][info ][gc,phases   ] GC(39)   Evacuate Collection Set: 4.3ms
[2025-12-05T07:28:14.683+0000][18.882s][info ][gc,phases   ] GC(39)   Post Evacuate Collection Set: 1.3ms
[2025-12-05T07:28:14.683+0000][18.882s][info ][gc,phases   ] GC(39)   Other: 0.2ms
[2025-12-05T07:28:14.683+0000][18.882s][info ][gc,heap     ] GC(39) Eden regions: 125->0(123)
[2025-12-05T07:28:14.683+0000][18.882s][info ][gc,heap     ] GC(39) Survivor regions: 4->6(17)
[2025-12-05T07:28:14.683+0000][18.882s][info ][gc,heap     ] GC(39) Old regions: 76->76
[2025-12-05T07:28:14.683+0000][18.882s][info ][gc,heap     ] GC(39) Archive regions: 2->2
[2025-12-05T07:28:14.683+0000][18.882s][info ][gc,heap     ] GC(39) Humongous regions: 0->0
[2025-12-05T07:28:14.683+0000][18.882s][info ][gc,metaspace] GC(39) Metaspace: 82125K(82752K)->82125K(82752K) NonClass: 71370K(71680K)->71370K(71680K) Class: 10754K(11072K)->10754K(11072K)
[2025-12-05T07:28:14.683+0000][18.882s][info ][gc          ] GC(39) Pause Young (Normal) (G1 Evacuation Pause) 204M->81M(237M) 6.276ms
[2025-12-05T07:28:14.683+0000][18.882s][info ][gc,cpu      ] GC(39) User=0.02s Sys=0.01s Real=0.01s
[2025-12-05T07:28:14.683+0000][18.882s][info ][safepoint   ] Safepoint "G1CollectForAllocation", Time since last: 118612642 ns, Reaching safepoint: 119680 ns, Cleanup: 126954 ns, At safepoint: 6361975 ns, Total: 6608609 ns
[2025-12-05T07:28:15.278+0000][19.478s][debug][safepoint   ] Safepoint synchronization initiated using futex wait barrier. (22 threads)
[2025-12-05T07:28:15.278+0000][19.478s][info ][gc,start    ] GC(40) Pause Young (Normal) (G1 Evacuation Pause)
[2025-12-05T07:28:15.278+0000][19.478s][info ][gc,task     ] GC(40) Using 5 workers of 13 for evacuation
[2025-12-05T07:28:15.284+0000][19.484s][info ][gc,phases   ] GC(40)   Pre Evacuate Collection Set: 0.1ms
[2025-12-05T07:28:15.284+0000][19.484s][info ][gc,phases   ] GC(40)   Merge Heap Roots: 0.2ms
[2025-12-05T07:28:15.284+0000][19.484s][info ][gc,phases   ] GC(40)   Evacuate Collection Set: 4.2ms
[2025-12-05T07:28:15.284+0000][19.484s][info ][gc,phases   ] GC(40)   Post Evacuate Collection Set: 1.1ms
[2025-12-05T07:28:15.284+0000][19.484s][info ][gc,phases   ] GC(40)   Other: 0.2ms
[2025-12-05T07:28:15.284+0000][19.484s][info ][gc,heap     ] GC(40) Eden regions: 123->0(119)
[2025-12-05T07:28:15.284+0000][19.484s][info ][gc,heap     ] GC(40) Survivor regions: 6->8(17)
[2025-12-05T07:28:15.284+0000][19.484s][info ][gc,heap     ] GC(40) Old regions: 76->76
[2025-12-05T07:28:15.284+0000][19.484s][info ][gc,heap     ] GC(40) Archive regions: 2->2
[2025-12-05T07:28:15.284+0000][19.484s][info ][gc,heap     ] GC(40) Humongous regions: 0->0
[2025-12-05T07:28:15.284+0000][19.484s][info ][gc,metaspace] GC(40) Metaspace: 84672K(85312K)->84672K(85312K) NonClass: 73548K(73856K)->73548K(73856K) Class: 11124K(11456K)->11124K(11456K)
[2025-12-05T07:28:15.284+0000][19.484s][info ][gc          ] GC(40) Pause Young (Normal) (G1 Evacuation Pause) 204M->83M(237M) 6.042ms
[2025-12-05T07:28:15.284+0000][19.484s][info ][gc,cpu      ] GC(40) User=0.03s Sys=0.01s Real=0.00s
[2025-12-05T07:28:15.284+0000][19.484s][info ][safepoint   ] Safepoint "G1CollectForAllocation", Time since last: 595268331 ns, Reaching safepoint: 100974 ns, Cleanup: 137264 ns, At safepoint: 6168874 ns, Total: 6407112 ns
[2025-12-05T07:28:15.472+0000][19.672s][debug][safepoint   ] ... found polling page loop exception at pc = 0x0000767d9913d282, stub =0x0000767d98a04400
[2025-12-05T07:28:15.571+0000][19.771s][debug][safepoint   ] Safepoint synchronization initiated using futex wait barrier. (24 threads)
[2025-12-05T07:28:15.571+0000][19.771s][info ][safepoint   ] Safepoint "ICBufferFull", Time since last: 286495270 ns, Reaching safepoint: 194434 ns, Cleanup: 175067 ns, At safepoint: 58392 ns, Total: 427893 ns
[2025-12-05T07:28:16.078+0000][20.277s][debug][safepoint   ] Safepoint synchronization initiated using futex wait barrier. (24 threads)
[2025-12-05T07:28:16.078+0000][20.278s][info ][gc,start    ] GC(41) Pause Young (Normal) (G1 Evacuation Pause)
[2025-12-05T07:28:16.078+0000][20.278s][info ][gc,task     ] GC(41) Using 5 workers of 13 for evacuation
[2025-12-05T07:28:16.085+0000][20.285s][info ][gc,phases   ] GC(41)   Pre Evacuate Collection Set: 0.1ms
[2025-12-05T07:28:16.085+0000][20.285s][info ][gc,phases   ] GC(41)   Merge Heap Roots: 0.2ms
[2025-12-05T07:28:16.085+0000][20.285s][info ][gc,phases   ] GC(41)   Evacuate Collection Set: 5.4ms
[2025-12-05T07:28:16.085+0000][20.285s][info ][gc,phases   ] GC(41)   Post Evacuate Collection Set: 1.5ms
[2025-12-05T07:28:16.085+0000][20.285s][info ][gc,phases   ] GC(41)   Other: 0.2ms
[2025-12-05T07:28:16.085+0000][20.285s][info ][gc,heap     ] GC(41) Eden regions: 119->0(115)
[2025-12-05T07:28:16.085+0000][20.285s][info ][gc,heap     ] GC(41) Survivor regions: 8->10(16)
[2025-12-05T07:28:16.085+0000][20.285s][info ][gc,heap     ] GC(41) Old regions: 76->76
[2025-12-05T07:28:16.085+0000][20.285s][info ][gc,heap     ] GC(41) Archive regions: 2->2
[2025-12-05T07:28:16.085+0000][20.285s][info ][gc,heap     ] GC(41) Humongous regions: 0->0
[2025-12-05T07:28:16.085+0000][20.285s][info ][gc,metaspace] GC(41) Metaspace: 89054K(89664K)->89054K(89664K) NonClass: 77344K(77696K)->77344K(77696K) Class: 11709K(11968K)->11709K(11968K)
[2025-12-05T07:28:16.085+0000][20.285s][info ][gc          ] GC(41) Pause Young (Normal) (G1 Evacuation Pause) 202M->85M(237M) 7.517ms
[2025-12-05T07:28:16.085+0000][20.285s][info ][gc,cpu      ] GC(41) User=0.04s Sys=0.00s Real=0.01s
[2025-12-05T07:28:16.085+0000][20.285s][info ][safepoint   ] Safepoint "G1CollectForAllocation", Time since last: 506303337 ns, Reaching safepoint: 70365 ns, Cleanup: 153535 ns, At safepoint: 7579635 ns, Total: 7803535 ns
[2025-12-05T07:28:16.472+0000][20.672s][debug][safepoint   ] Safepoint synchronization initiated using futex wait barrier. (26 threads)
[2025-12-05T07:28:16.473+0000][20.672s][info ][safepoint   ] Safepoint "ICBufferFull", Time since last: 387088623 ns, Reaching safepoint: 128908 ns, Cleanup: 135170 ns, At safepoint: 3887 ns, Total: 267965 ns
[2025-12-05T07:28:16.575+0000][20.775s][debug][safepoint   ] Safepoint synchronization initiated using futex wait barrier. (26 threads)
[2025-12-05T07:28:16.575+0000][20.775s][info ][gc,start    ] GC(42) Pause Young (Normal) (G1 Evacuation Pause)
[2025-12-05T07:28:16.575+0000][20.775s][info ][gc,task     ] GC(42) Using 5 workers of 13 for evacuation
[2025-12-05T07:28:16.587+0000][20.787s][info ][gc,phases   ] GC(42)   Pre Evacuate Collection Set: 0.1ms
[2025-12-05T07:28:16.587+0000][20.787s][info ][gc,phases   ] GC(42)   Merge Heap Roots: 0.1ms
[2025-12-05T07:28:16.587+0000][20.787s][info ][gc,phases   ] GC(42)   Evacuate Collection Set: 9.7ms
[2025-12-05T07:28:16.587+0000][20.787s][info ][gc,phases   ] GC(42)   Post Evacuate Collection Set: 1.4ms
[2025-12-05T07:28:16.587+0000][20.787s][info ][gc,phases   ] GC(42)   Other: 0.1ms
[2025-12-05T07:28:16.587+0000][20.787s][info ][gc,heap     ] GC(42) Eden regions: 115->0(96)
[2025-12-05T07:28:16.587+0000][20.787s][info ][gc,heap     ] GC(42) Survivor regions: 10->16(16)
[2025-12-05T07:28:16.587+0000][20.787s][info ][gc,heap     ] GC(42) Old regions: 76->81
[2025-12-05T07:28:16.587+0000][20.787s][info ][gc,heap     ] GC(42) Archive regions: 2->2
[2025-12-05T07:28:16.587+0000][20.787s][info ][gc,heap     ] GC(42) Humongous regions: 0->0
[2025-12-05T07:28:16.587+0000][20.787s][info ][gc,metaspace] GC(42) Metaspace: 91290K(91904K)->91290K(91904K) NonClass: 79130K(79424K)->79130K(79424K) Class: 12159K(12480K)->12159K(12480K)
[2025-12-05T07:28:16.587+0000][20.787s][info ][gc          ] GC(42) Pause Young (Normal) (G1 Evacuation Pause) 200M->97M(237M) 11.648ms
[2025-12-05T07:28:16.587+0000][20.787s][info ][gc,cpu      ] GC(42) User=0.07s Sys=0.01s Real=0.02s
[2025-12-05T07:28:16.587+0000][20.787s][info ][safepoint   ] Safepoint "G1CollectForAllocation", Time since last: 102622924 ns, Reaching safepoint: 91786 ns, Cleanup: 23585 ns, At safepoint: 11852762 ns, Total: 11968133 ns
[2025-12-05T07:28:16.724+0000][20.924s][debug][safepoint   ] Safepoint synchronization initiated using futex wait barrier. (26 threads)
[2025-12-05T07:28:16.725+0000][20.924s][info ][gc,start    ] GC(43) Pause Young (Normal) (G1 Evacuation Pause)
[2025-12-05T07:28:16.725+0000][20.924s][info ][gc,task     ] GC(43) Using 5 workers of 13 for evacuation
[2025-12-05T07:28:16.737+0000][20.937s][info ][gc,phases   ] GC(43)   Pre Evacuate Collection Set: 0.2ms
[2025-12-05T07:28:16.737+0000][20.937s][info ][gc,phases   ] GC(43)   Merge Heap Roots: 0.2ms
[2025-12-05T07:28:16.737+0000][20.937s][info ][gc,phases   ] GC(43)   Evacuate Collection Set: 11.3ms
[2025-12-05T07:28:16.737+0000][20.937s][info ][gc,phases   ] GC(43)   Post Evacuate Collection Set: 0.9ms
[2025-12-05T07:28:16.737+0000][20.937s][info ][gc,phases   ] GC(43)   Other: 0.2ms
[2025-12-05T07:28:16.737+0000][20.937s][info ][gc,heap     ] GC(43) Eden regions: 96->0(82)
[2025-12-05T07:28:16.737+0000][20.937s][info ][gc,heap     ] GC(43) Survivor regions: 16->12(14)
[2025-12-05T07:28:16.737+0000][20.937s][info ][gc,heap     ] GC(43) Old regions: 81->97
[2025-12-05T07:28:16.737+0000][20.937s][info ][gc,heap     ] GC(43) Archive regions: 2->2
[2025-12-05T07:28:16.737+0000][20.937s][info ][gc,heap     ] GC(43) Humongous regions: 1->1
[2025-12-05T07:28:16.737+0000][20.937s][info ][gc,metaspace] GC(43) Metaspace: 91313K(91968K)->91313K(91968K) NonClass: 79153K(79488K)->79153K(79488K) Class: 12159K(12480K)->12159K(12480K)
[2025-12-05T07:28:16.737+0000][20.937s][info ][gc          ] GC(43) Pause Young (Normal) (G1 Evacuation Pause) 194M->110M(237M) 12.766ms
[2025-12-05T07:28:16.737+0000][20.937s][info ][gc,cpu      ] GC(43) User=0.10s Sys=0.00s Real=0.01s
[2025-12-05T07:28:16.737+0000][20.937s][info ][safepoint   ] Safepoint "G1CollectForAllocation", Time since last: 136902557 ns, Reaching safepoint: 109841 ns, Cleanup: 306809 ns, At safepoint: 12894506 ns, Total: 13311156 ns
[2025-12-05T07:28:16.963+0000][21.162s][debug][safepoint   ] Safepoint synchronization initiated using futex wait barrier. (26 threads)
[2025-12-05T07:28:16.963+0000][21.162s][info ][gc,start    ] GC(44) Pause Young (Normal) (G1 Evacuation Pause)
[2025-12-05T07:28:16.963+0000][21.163s][info ][gc,task     ] GC(44) Using 5 workers of 13 for evacuation
[2025-12-05T07:28:16.970+0000][21.169s][info ][gc,phases   ] GC(44)   Pre Evacuate Collection Set: 0.2ms
[2025-12-05T07:28:16.970+0000][21.169s][info ][gc,phases   ] GC(44)   Merge Heap Roots: 0.2ms
[2025-12-05T07:28:16.970+0000][21.170s][info ][gc,phases   ] GC(44)   Evacuate Collection Set: 5.5ms
[2025-12-05T07:28:16.970+0000][21.170s][info ][gc,phases   ] GC(44)   Post Evacuate Collection Set: 0.9ms
[2025-12-05T07:28:16.970+0000][21.170s][info ][gc,phases   ] GC(44)   Other: 0.1ms
[2025-12-05T07:28:16.970+0000][21.170s][info ][gc,heap     ] GC(44) Eden regions: 82->0(84)
[2025-12-05T07:28:16.970+0000][21.170s][info ][gc,heap     ] GC(44) Survivor regions: 12->3(12)
[2025-12-05T07:28:16.970+0000][21.170s][info ][gc,heap     ] GC(44) Old regions: 97->107
[2025-12-05T07:28:16.970+0000][21.170s][info ][gc,heap     ] GC(44) Archive regions: 2->2
[2025-12-05T07:28:16.970+0000][21.170s][info ][gc,heap     ] GC(44) Humongous regions: 1->1
[2025-12-05T07:28:16.970+0000][21.170s][info ][gc,metaspace] GC(44) Metaspace: 93074K(93632K)->93074K(93632K) NonClass: 80537K(80832K)->80537K(80832K) Class: 12536K(12800K)->12536K(12800K)
[2025-12-05T07:28:16.970+0000][21.170s][info ][gc          ] GC(44) Pause Young (Normal) (G1 Evacuation Pause) 192M->110M(237M) 7.108ms
[2025-12-05T07:28:16.970+0000][21.170s][info ][gc,cpu      ] GC(44) User=0.03s Sys=0.00s Real=0.01s
[2025-12-05T07:28:16.970+0000][21.170s][info ][safepoint   ] Safepoint "G1CollectForAllocation", Time since last: 225044832 ns, Reaching safepoint: 93850 ns, Cleanup: 63342 ns, At safepoint: 7256102 ns, Total: 7413294 ns
[2025-12-05T07:28:17.114+0000][21.314s][debug][safepoint   ] Safepoint synchronization initiated using futex wait barrier. (25 threads)
[2025-12-05T07:28:17.115+0000][21.314s][info ][gc,start    ] GC(45) Pause Young (Normal) (G1 Evacuation Pause)
[2025-12-05T07:28:17.115+0000][21.314s][info ][gc,task     ] GC(45) Using 5 workers of 13 for evacuation
[2025-12-05T07:28:17.131+0000][21.330s][info ][gc,phases   ] GC(45)   Pre Evacuate Collection Set: 0.2ms
[2025-12-05T07:28:17.131+0000][21.330s][info ][gc,phases   ] GC(45)   Merge Heap Roots: 0.1ms
[2025-12-05T07:28:17.131+0000][21.330s][info ][gc,phases   ] GC(45)   Evacuate Collection Set: 14.7ms
[2025-12-05T07:28:17.131+0000][21.330s][info ][gc,phases   ] GC(45)   Post Evacuate Collection Set: 1.0ms
[2025-12-05T07:28:17.131+0000][21.330s][info ][gc,phases   ] GC(45)   Other: 0.1ms
[2025-12-05T07:28:17.131+0000][21.330s][info ][gc,heap     ] GC(45) Eden regions: 84->0(46)
[2025-12-05T07:28:17.131+0000][21.330s][info ][gc,heap     ] GC(45) Survivor regions: 3->11(11)
[2025-12-05T07:28:17.131+0000][21.330s][info ][gc,heap     ] GC(45) Old regions: 107->126
[2025-12-05T07:28:17.131+0000][21.330s][info ][gc,heap     ] GC(45) Archive regions: 2->2
[2025-12-05T07:28:17.131+0000][21.331s][info ][gc,heap     ] GC(45) Humongous regions: 2->2
[2025-12-05T07:28:17.131+0000][21.331s][info ][gc,metaspace] GC(45) Metaspace: 93085K(93632K)->93085K(93632K) NonClass: 80548K(80832K)->80548K(80832K) Class: 12536K(12800K)->12536K(12800K)
[2025-12-05T07:28:17.131+0000][21.331s][info ][gc          ] GC(45) Pause Young (Normal) (G1 Evacuation Pause) 195M->139M(237M) 16.264ms
[2025-12-05T07:28:17.131+0000][21.331s][info ][gc,cpu      ] GC(45) User=0.09s Sys=0.00s Real=0.02s
[2025-12-05T07:28:17.131+0000][21.331s][info ][safepoint   ] Safepoint "G1CollectForAllocation", Time since last: 144380612 ns, Reaching safepoint: 105904 ns, Cleanup: 29947 ns, At safepoint: 16372040 ns, Total: 16507891 ns
[2025-12-05T07:28:17.205+0000][21.405s][debug][safepoint   ] Safepoint synchronization initiated using futex wait barrier. (25 threads)
[2025-12-05T07:28:17.205+0000][21.405s][info ][gc,start    ] GC(46) Pause Young (Concurrent Start) (G1 Evacuation Pause)
[2025-12-05T07:28:17.205+0000][21.405s][info ][gc,task     ] GC(46) Using 5 workers of 13 for evacuation
[2025-12-05T07:28:17.221+0000][21.421s][info ][gc,phases   ] GC(46)   Pre Evacuate Collection Set: 0.3ms
[2025-12-05T07:28:17.221+0000][21.421s][info ][gc,phases   ] GC(46)   Merge Heap Roots: 0.3ms
[2025-12-05T07:28:17.221+0000][21.421s][info ][gc,phases   ] GC(46)   Evacuate Collection Set: 14.2ms
[2025-12-05T07:28:17.221+0000][21.421s][info ][gc,phases   ] GC(46)   Post Evacuate Collection Set: 1.0ms
[2025-12-05T07:28:17.221+0000][21.421s][info ][gc,phases   ] GC(46)   Other: 0.2ms
[2025-12-05T07:28:17.221+0000][21.421s][info ][gc,heap     ] GC(46) Eden regions: 46->0(29)
[2025-12-05T07:28:17.221+0000][21.421s][info ][gc,heap     ] GC(46) Survivor regions: 11->8(8)
[2025-12-05T07:28:17.221+0000][21.421s][info ][gc,heap     ] GC(46) Old regions: 126->148
[2025-12-05T07:28:17.221+0000][21.421s][info ][gc,heap     ] GC(46) Archive regions: 2->2
[2025-12-05T07:28:17.221+0000][21.421s][info ][gc,heap     ] GC(46) Humongous regions: 4->4
[2025-12-05T07:28:17.221+0000][21.421s][info ][gc,metaspace] GC(46) Metaspace: 93098K(93696K)->93098K(93696K) NonClass: 80561K(80896K)->80561K(80896K) Class: 12536K(12800K)->12536K(12800K)
[2025-12-05T07:28:17.221+0000][21.421s][info ][gc          ] GC(46) Pause Young (Concurrent Start) (G1 Evacuation Pause) 187M->160M(237M) 16.177ms
[2025-12-05T07:28:17.221+0000][21.421s][info ][gc,cpu      ] GC(46) User=0.08s Sys=0.01s Real=0.02s
[2025-12-05T07:28:17.222+0000][21.421s][info ][gc          ] GC(47) Concurrent Mark Cycle
[2025-12-05T07:28:17.222+0000][21.421s][info ][gc,marking  ] GC(47) Concurrent Clear Claimed Marks
[2025-12-05T07:28:17.222+0000][21.421s][info ][safepoint   ] Safepoint "G1CollectForAllocation", Time since last: 74301964 ns, Reaching safepoint: 100222 ns, Cleanup: 6142 ns, At safepoint: 16348885 ns, Total: 16455249 ns
[2025-12-05T07:28:17.222+0000][21.422s][info ][gc,marking  ] GC(47) Concurrent Clear Claimed Marks 0.100ms
[2025-12-05T07:28:17.222+0000][21.422s][info ][gc,marking  ] GC(47) Concurrent Scan Root Regions
[2025-12-05T07:28:17.226+0000][21.426s][info ][gc,marking  ] GC(47) Concurrent Scan Root Regions 4.177ms
[2025-12-05T07:28:17.226+0000][21.426s][info ][gc,marking  ] GC(47) Concurrent Mark
[2025-12-05T07:28:17.226+0000][21.426s][info ][gc,marking  ] GC(47) Concurrent Mark From Roots
[2025-12-05T07:28:17.226+0000][21.426s][info ][gc,task     ] GC(47) Using 3 workers of 3 for marking
[2025-12-05T07:28:17.258+0000][21.458s][debug][safepoint   ] Safepoint synchronization initiated using futex wait barrier. (25 threads)
[2025-12-05T07:28:17.258+0000][21.458s][info ][gc,start    ] GC(48) Pause Young (Normal) (G1 Evacuation Pause)
[2025-12-05T07:28:17.258+0000][21.458s][info ][gc,task     ] GC(48) Using 5 workers of 13 for evacuation
[2025-12-05T07:28:17.279+0000][21.478s][info ][gc,phases   ] GC(48)   Pre Evacuate Collection Set: 0.2ms
[2025-12-05T07:28:17.279+0000][21.478s][info ][gc,phases   ] GC(48)   Merge Heap Roots: 0.2ms
[2025-12-05T07:28:17.279+0000][21.479s][info ][gc,phases   ] GC(48)   Evacuate Collection Set: 13.5ms
[2025-12-05T07:28:17.279+0000][21.479s][info ][gc,phases   ] GC(48)   Post Evacuate Collection Set: 6.6ms
[2025-12-05T07:28:17.279+0000][21.479s][info ][gc,phases   ] GC(48)   Other: 0.1ms
[2025-12-05T07:28:17.279+0000][21.479s][info ][gc,heap     ] GC(48) Eden regions: 29->0(150)
[2025-12-05T07:28:17.279+0000][21.479s][info ][gc,heap     ] GC(48) Survivor regions: 8->5(5)
[2025-12-05T07:28:17.279+0000][21.479s][info ][gc,heap     ] GC(48) Old regions: 148->163
[2025-12-05T07:28:17.279+0000][21.479s][info ][gc,heap     ] GC(48) Archive regions: 2->2
[2025-12-05T07:28:17.279+0000][21.479s][info ][gc,heap     ] GC(48) Humongous regions: 5->5
[2025-12-05T07:28:17.279+0000][21.479s][info ][gc,metaspace] GC(48) Metaspace: 93098K(93696K)->93098K(93696K) NonClass: 80561K(80896K)->80561K(80896K) Class: 12536K(12800K)->12536K(12800K)
[2025-12-05T07:28:17.279+0000][21.479s][info ][gc          ] GC(48) Pause Young (Normal) (G1 Evacuation Pause) 190M->173M(474M) 20.802ms
[2025-12-05T07:28:17.279+0000][21.479s][info ][gc,cpu      ] GC(48) User=0.07s Sys=0.00s Real=0.03s
[2025-12-05T07:28:17.279+0000][21.479s][info ][safepoint   ] Safepoint "G1CollectForAllocation", Time since last: 36256725 ns, Reaching safepoint: 124609 ns, Cleanup: 4849 ns, At safepoint: 20977563 ns, Total: 21107021 ns
[2025-12-05T07:28:17.295+0000][21.494s][info ][gc,marking  ] GC(47) Concurrent Mark From Roots 68.465ms
[2025-12-05T07:28:17.295+0000][21.494s][info ][gc,marking  ] GC(47) Concurrent Preclean
[2025-12-05T07:28:17.295+0000][21.495s][info ][gc,marking  ] GC(47) Concurrent Preclean 0.275ms
[2025-12-05T07:28:17.295+0000][21.495s][debug][safepoint   ] Safepoint synchronization initiated using futex wait barrier. (25 threads)
[2025-12-05T07:28:17.295+0000][21.495s][debug][safepoint   ] ... found polling page loop exception at pc = 0x0000767d99a4558d, stub =0x0000767d98a04400
[2025-12-05T07:28:17.295+0000][21.495s][info ][gc,start    ] GC(47) Pause Remark
[2025-12-05T07:28:17.300+0000][21.500s][info ][gc          ] GC(47) Pause Remark 179M->166M(474M) 5.157ms
[2025-12-05T07:28:17.300+0000][21.500s][info ][gc,cpu      ] GC(47) User=0.02s Sys=0.00s Real=0.01s
[2025-12-05T07:28:17.301+0000][21.500s][info ][safepoint   ] Safepoint "G1PauseRemark", Time since last: 16032158 ns, Reaching safepoint: 185912 ns, Cleanup: 4980 ns, At safepoint: 5329484 ns, Total: 5520376 ns
[2025-12-05T07:28:17.301+0000][21.500s][info ][gc,marking  ] GC(47) Concurrent Mark 74.532ms
[2025-12-05T07:28:17.301+0000][21.500s][info ][gc,marking  ] GC(47) Concurrent Rebuild Remembered Sets
[2025-12-05T07:28:17.333+0000][21.533s][info ][gc,marking  ] GC(47) Concurrent Rebuild Remembered Sets 32.391ms
[2025-12-05T07:28:17.333+0000][21.533s][debug][safepoint   ] Safepoint synchronization initiated using futex wait barrier. (25 threads)
[2025-12-05T07:28:17.333+0000][21.533s][info ][gc,start    ] GC(47) Pause Cleanup
[2025-12-05T07:28:17.334+0000][21.533s][info ][gc          ] GC(47) Pause Cleanup 178M->178M(474M) 0.299ms
[2025-12-05T07:28:17.334+0000][21.534s][info ][gc,cpu      ] GC(47) User=0.00s Sys=0.00s Real=0.00s
[2025-12-05T07:28:17.334+0000][21.534s][info ][safepoint   ] Safepoint "G1PauseCleanup", Time since last: 32726205 ns, Reaching safepoint: 158465 ns, Cleanup: 4548 ns, At safepoint: 446589 ns, Total: 609602 ns
[2025-12-05T07:28:17.334+0000][21.534s][info ][gc,marking  ] GC(47) Concurrent Cleanup for Next Mark
[2025-12-05T07:28:17.337+0000][21.536s][info ][gc,marking  ] GC(47) Concurrent Cleanup for Next Mark 2.753ms
[2025-12-05T07:28:17.337+0000][21.537s][info ][gc          ] GC(47) Concurrent Mark Cycle 115.191ms
[2025-12-05T07:28:17.928+0000][22.128s][debug][safepoint   ] Safepoint synchronization initiated using futex wait barrier. (22 threads)
[2025-12-05T07:28:17.928+0000][22.128s][info ][gc,start    ] GC(49) Pause Young (Prepare Mixed) (G1 Evacuation Pause)
[2025-12-05T07:28:17.928+0000][22.128s][info ][gc,task     ] GC(49) Using 11 workers of 13 for evacuation
[2025-12-05T07:28:17.943+0000][22.143s][info ][gc,phases   ] GC(49)   Pre Evacuate Collection Set: 0.3ms
[2025-12-05T07:28:17.943+0000][22.143s][info ][gc,phases   ] GC(49)   Merge Heap Roots: 0.2ms
[2025-12-05T07:28:17.943+0000][22.143s][info ][gc,phases   ] GC(49)   Evacuate Collection Set: 12.4ms
[2025-12-05T07:28:17.943+0000][22.143s][info ][gc,phases   ] GC(49)   Post Evacuate Collection Set: 1.4ms
[2025-12-05T07:28:17.943+0000][22.143s][info ][gc,phases   ] GC(49)   Other: 0.2ms
[2025-12-05T07:28:17.943+0000][22.143s][info ][gc,heap     ] GC(49) Eden regions: 150->0(8)
[2025-12-05T07:28:17.943+0000][22.143s][info ][gc,heap     ] GC(49) Survivor regions: 5->15(20)
[2025-12-05T07:28:17.943+0000][22.143s][info ][gc,heap     ] GC(49) Old regions: 154->154
[2025-12-05T07:28:17.943+0000][22.143s][info ][gc,heap     ] GC(49) Archive regions: 2->2
[2025-12-05T07:28:17.943+0000][22.143s][info ][gc,heap     ] GC(49) Humongous regions: 1->1
[2025-12-05T07:28:17.943+0000][22.143s][info ][gc,metaspace] GC(49) Metaspace: 96314K(96896K)->96314K(96896K) NonClass: 83264K(83584K)->83264K(83584K) Class: 13049K(13312K)->13049K(13312K)
[2025-12-05T07:28:17.943+0000][22.143s][info ][gc          ] GC(49) Pause Young (Prepare Mixed) (G1 Evacuation Pause) 310M->170M(474M) 14.747ms
[2025-12-05T07:28:17.943+0000][22.143s][info ][gc,cpu      ] GC(49) User=0.04s Sys=0.09s Real=0.01s
[2025-12-05T07:28:17.943+0000][22.143s][info ][safepoint   ] Safepoint "G1CollectForAllocation", Time since last: 594254096 ns, Reaching safepoint: 168684 ns, Cleanup: 62971 ns, At safepoint: 14847420 ns, Total: 15079075 ns
[2025-12-05T07:28:17.978+0000][22.178s][debug][safepoint   ] Safepoint synchronization initiated using futex wait barrier. (22 threads)
[2025-12-05T07:28:17.978+0000][22.178s][info ][gc,start    ] GC(50) Pause Young (Mixed) (G1 Evacuation Pause)
[2025-12-05T07:28:17.978+0000][22.178s][info ][gc,task     ] GC(50) Using 11 workers of 13 for evacuation
[2025-12-05T07:28:17.985+0000][22.185s][info ][gc,phases   ] GC(50)   Pre Evacuate Collection Set: 0.3ms
[2025-12-05T07:28:17.985+0000][22.185s][info ][gc,phases   ] GC(50)   Merge Heap Roots: 0.3ms
[2025-12-05T07:28:17.985+0000][22.185s][info ][gc,phases   ] GC(50)   Evacuate Collection Set: 5.1ms
[2025-12-05T07:28:17.985+0000][22.185s][info ][gc,phases   ] GC(50)   Post Evacuate Collection Set: 1.1ms
[2025-12-05T07:28:17.985+0000][22.185s][info ][gc,phases   ] GC(50)   Other: 0.1ms
[2025-12-05T07:28:17.985+0000][22.185s][info ][gc,heap     ] GC(50) Eden regions: 8->0(153)
[2025-12-05T07:28:17.985+0000][22.185s][info ][gc,heap     ] GC(50) Survivor regions: 15->2(3)
[2025-12-05T07:28:17.985+0000][22.185s][info ][gc,heap     ] GC(50) Old regions: 154->164
[2025-12-05T07:28:17.985+0000][22.185s][info ][gc,heap     ] GC(50) Archive regions: 2->2
[2025-12-05T07:28:17.985+0000][22.185s][info ][gc,heap     ] GC(50) Humongous regions: 1->1
[2025-12-05T07:28:17.985+0000][22.185s][info ][gc,metaspace] GC(50) Metaspace: 96472K(97152K)->96472K(97152K) NonClass: 83396K(83776K)->83396K(83776K) Class: 13076K(13376K)->13076K(13376K)
[2025-12-05T07:28:17.985+0000][22.185s][info ][gc          ] GC(50) Pause Young (Mixed) (G1 Evacuation Pause) 178M->166M(474M) 7.097ms
[2025-12-05T07:28:17.985+0000][22.185s][info ][gc,cpu      ] GC(50) User=0.04s Sys=0.00s Real=0.00s
[2025-12-05T07:28:17.985+0000][22.185s][info ][safepoint   ] Safepoint "G1CollectForAllocation", Time since last: 34867368 ns, Reaching safepoint: 104270 ns, Cleanup: 22223 ns, At safepoint: 7176981 ns, Total: 7303474 ns
[2025-12-05T07:28:18.560+0000][22.760s][debug][safepoint   ] Safepoint synchronization initiated using futex wait barrier. (25 threads)
[2025-12-05T07:28:18.560+0000][22.760s][info ][safepoint   ] Safepoint "ICBufferFull", Time since last: 574614250 ns, Reaching safepoint: 212845 ns, Cleanup: 241805 ns, At safepoint: 69964 ns, Total: 524614 ns
[2025-12-05T07:28:18.860+0000][23.060s][debug][safepoint   ] Safepoint synchronization initiated using futex wait barrier. (25 threads)
[2025-12-05T07:28:18.860+0000][23.060s][info ][gc,start    ] GC(51) Pause Young (Normal) (G1 Evacuation Pause)
[2025-12-05T07:28:18.860+0000][23.060s][info ][gc,task     ] GC(51) Using 11 workers of 13 for evacuation
[2025-12-05T07:28:18.865+0000][23.065s][info ][gc,phases   ] GC(51)   Pre Evacuate Collection Set: 0.3ms
[2025-12-05T07:28:18.865+0000][23.065s][info ][gc,phases   ] GC(51)   Merge Heap Roots: 0.3ms
[2025-12-05T07:28:18.865+0000][23.065s][info ][gc,phases   ] GC(51)   Evacuate Collection Set: 2.4ms
[2025-12-05T07:28:18.865+0000][23.065s][info ][gc,phases   ] GC(51)   Post Evacuate Collection Set: 1.6ms
[2025-12-05T07:28:18.865+0000][23.065s][info ][gc,phases   ] GC(51)   Other: 0.1ms
[2025-12-05T07:28:18.865+0000][23.065s][info ][gc,heap     ] GC(51) Eden regions: 153->0(179)
[2025-12-05T07:28:18.865+0000][23.065s][info ][gc,heap     ] GC(51) Survivor regions: 2->5(20)
[2025-12-05T07:28:18.865+0000][23.065s][info ][gc,heap     ] GC(51) Old regions: 164->164
[2025-12-05T07:28:18.865+0000][23.065s][info ][gc,heap     ] GC(51) Archive regions: 2->2
[2025-12-05T07:28:18.865+0000][23.065s][info ][gc,heap     ] GC(51) Humongous regions: 1->1
[2025-12-05T07:28:18.865+0000][23.065s][info ][gc,metaspace] GC(51) Metaspace: 101463K(102080K)->101463K(102080K) NonClass: 87852K(88192K)->87852K(88192K) Class: 13611K(13888K)->13611K(13888K)
[2025-12-05T07:28:18.865+0000][23.065s][info ][gc          ] GC(51) Pause Young (Normal) (G1 Evacuation Pause) 319M->169M(474M) 4.814ms
[2025-12-05T07:28:18.865+0000][23.065s][info ][gc,cpu      ] GC(51) User=0.03s Sys=0.00s Real=0.00s
[2025-12-05T07:28:18.865+0000][23.065s][info ][safepoint   ] Safepoint "G1CollectForAllocation", Time since last: 299693496 ns, Reaching safepoint: 83440 ns, Cleanup: 100323 ns, At safepoint: 4967425 ns, Total: 5151188 ns
[2025-12-05T07:28:19.825+0000][24.025s][debug][safepoint   ] Safepoint synchronization initiated using futex wait barrier. (30 threads)
[2025-12-05T07:28:19.826+0000][24.025s][info ][gc,start    ] GC(52) Pause Young (Normal) (G1 Evacuation Pause)
[2025-12-05T07:28:19.826+0000][24.026s][info ][gc,task     ] GC(52) Using 13 workers of 13 for evacuation
[2025-12-05T07:28:19.837+0000][24.037s][info ][gc,phases   ] GC(52)   Pre Evacuate Collection Set: 0.5ms
[2025-12-05T07:28:19.837+0000][24.037s][info ][gc,phases   ] GC(52)   Merge Heap Roots: 0.5ms
[2025-12-05T07:28:19.837+0000][24.037s][info ][gc,phases   ] GC(52)   Evacuate Collection Set: 8.6ms
[2025-12-05T07:28:19.837+0000][24.037s][info ][gc,phases   ] GC(52)   Post Evacuate Collection Set: 1.6ms
[2025-12-05T07:28:19.837+0000][24.037s][info ][gc,phases   ] GC(52)   Other: 0.2ms
[2025-12-05T07:28:19.837+0000][24.037s][info ][gc,heap     ] GC(52) Eden regions: 179->0(186)
[2025-12-05T07:28:19.837+0000][24.037s][info ][gc,heap     ] GC(52) Survivor regions: 5->10(23)
[2025-12-05T07:28:19.837+0000][24.037s][info ][gc,heap     ] GC(52) Old regions: 164->164
[2025-12-05T07:28:19.837+0000][24.037s][info ][gc,heap     ] GC(52) Archive regions: 2->2
[2025-12-05T07:28:19.837+0000][24.037s][info ][gc,heap     ] GC(52) Humongous regions: 1->1
[2025-12-05T07:28:19.837+0000][24.037s][info ][gc,metaspace] GC(52) Metaspace: 106193K(106880K)->106193K(106880K) NonClass: 92185K(92544K)->92185K(92544K) Class: 14008K(14336K)->14008K(14336K)
[2025-12-05T07:28:19.837+0000][24.037s][info ][gc          ] GC(52) Pause Young (Normal) (G1 Evacuation Pause) 348M->174M(474M) 11.551ms
[2025-12-05T07:28:19.837+0000][24.037s][info ][gc,cpu      ] GC(52) User=0.03s Sys=0.07s Real=0.01s
[2025-12-05T07:28:19.837+0000][24.037s][info ][safepoint   ] Safepoint "G1CollectForAllocation", Time since last: 960155354 ns, Reaching safepoint: 67179 ns, Cleanup: 142213 ns, At safepoint: 11619897 ns, Total: 11829289 ns
[2025-12-05T07:28:20.733+0000][24.932s][debug][safepoint   ] Safepoint synchronization initiated using futex wait barrier. (33 threads)
[2025-12-05T07:28:20.733+0000][24.933s][info ][gc,start    ] GC(53) Pause Young (Normal) (G1 Evacuation Pause)
[2025-12-05T07:28:20.733+0000][24.933s][info ][gc,task     ] GC(53) Using 13 workers of 13 for evacuation
[2025-12-05T07:28:20.747+0000][24.946s][info ][gc,phases   ] GC(53)   Pre Evacuate Collection Set: 0.4ms
[2025-12-05T07:28:20.747+0000][24.946s][info ][gc,phases   ] GC(53)   Merge Heap Roots: 0.4ms
[2025-12-05T07:28:20.747+0000][24.946s][info ][gc,phases   ] GC(53)   Evacuate Collection Set: 10.6ms
[2025-12-05T07:28:20.747+0000][24.946s][info ][gc,phases   ] GC(53)   Post Evacuate Collection Set: 1.9ms
[2025-12-05T07:28:20.747+0000][24.946s][info ][gc,phases   ] GC(53)   Other: 0.2ms
[2025-12-05T07:28:20.747+0000][24.946s][info ][gc,heap     ] GC(53) Eden regions: 186->0(193)
[2025-12-05T07:28:20.747+0000][24.946s][info ][gc,heap     ] GC(53) Survivor regions: 10->14(25)
[2025-12-05T07:28:20.747+0000][24.946s][info ][gc,heap     ] GC(53) Old regions: 164->164
[2025-12-05T07:28:20.747+0000][24.946s][info ][gc,heap     ] GC(53) Archive regions: 2->2
[2025-12-05T07:28:20.747+0000][24.946s][info ][gc,heap     ] GC(53) Humongous regions: 1->1
[2025-12-05T07:28:20.747+0000][24.946s][info ][gc,metaspace] GC(53) Metaspace: 110889K(111616K)->110889K(111616K) NonClass: 96315K(96704K)->96315K(96704K) Class: 14573K(14912K)->14573K(14912K)
[2025-12-05T07:28:20.747+0000][24.947s][info ][gc          ] GC(53) Pause Young (Normal) (G1 Evacuation Pause) 360M->179M(474M) 13.643ms
[2025-12-05T07:28:20.747+0000][24.947s][info ][gc,cpu      ] GC(53) User=0.07s Sys=0.07s Real=0.02s
[2025-12-05T07:28:20.747+0000][24.947s][info ][safepoint   ] Safepoint "G1CollectForAllocation", Time since last: 895347467 ns, Reaching safepoint: 119780 ns, Cleanup: 261202 ns, At safepoint: 13869951 ns, Total: 14250933 ns
[2025-12-05T07:28:21.666+0000][25.865s][debug][safepoint   ] Safepoint synchronization initiated using futex wait barrier. (42 threads)
[2025-12-05T07:28:21.666+0000][25.866s][info ][gc,start    ] GC(54) Pause Young (Normal) (G1 Evacuation Pause)
[2025-12-05T07:28:21.666+0000][25.866s][info ][gc,task     ] GC(54) Using 13 workers of 13 for evacuation
[2025-12-05T07:28:21.678+0000][25.878s][info ][gc,phases   ] GC(54)   Pre Evacuate Collection Set: 0.5ms
[2025-12-05T07:28:21.678+0000][25.878s][info ][gc,phases   ] GC(54)   Merge Heap Roots: 0.3ms
[2025-12-05T07:28:21.678+0000][25.878s][info ][gc,phases   ] GC(54)   Evacuate Collection Set: 9.4ms
[2025-12-05T07:28:21.678+0000][25.878s][info ][gc,phases   ] GC(54)   Post Evacuate Collection Set: 1.7ms
[2025-12-05T07:28:21.678+0000][25.878s][info ][gc,phases   ] GC(54)   Other: 0.2ms
[2025-12-05T07:28:21.678+0000][25.878s][info ][gc,heap     ] GC(54) Eden regions: 193->0(199)
[2025-12-05T07:28:21.678+0000][25.878s][info ][gc,heap     ] GC(54) Survivor regions: 14->18(26)
[2025-12-05T07:28:21.678+0000][25.878s][info ][gc,heap     ] GC(54) Old regions: 164->164
[2025-12-05T07:28:21.678+0000][25.878s][info ][gc,heap     ] GC(54) Archive regions: 2->2
[2025-12-05T07:28:21.678+0000][25.878s][info ][gc,heap     ] GC(54) Humongous regions: 1->1
[2025-12-05T07:28:21.678+0000][25.878s][info ][gc,metaspace] GC(54) Metaspace: 115837K(116544K)->115837K(116544K) NonClass: 100745K(101120K)->100745K(101120K) Class: 15091K(15424K)->15091K(15424K)
[2025-12-05T07:28:21.678+0000][25.878s][info ][gc          ] GC(54) Pause Young (Normal) (G1 Evacuation Pause) 372M->182M(474M) 12.315ms
[2025-12-05T07:28:21.678+0000][25.878s][info ][gc,cpu      ] GC(54) User=0.06s Sys=0.06s Real=0.02s
[2025-12-05T07:28:21.678+0000][25.878s][info ][safepoint   ] Safepoint "G1CollectForAllocation", Time since last: 918616667 ns, Reaching safepoint: 215038 ns, Cleanup: 177852 ns, At safepoint: 12530438 ns, Total: 12923328 ns
[2025-12-05T07:28:22.266+0000][26.465s][debug][safepoint   ] Safepoint synchronization initiated using futex wait barrier. (46 threads)
[2025-12-05T07:28:22.266+0000][26.466s][info ][safepoint   ] Safepoint "ICBufferFull", Time since last: 587219783 ns, Reaching safepoint: 95313 ns, Cleanup: 171841 ns, At safepoint: 3236 ns, Total: 270390 ns
[2025-12-05T07:28:22.665+0000][26.864s][debug][safepoint   ] Safepoint synchronization initiated using futex wait barrier. (46 threads)
[2025-12-05T07:28:22.665+0000][26.865s][info ][safepoint   ] Safepoint "ICBufferFull", Time since last: 398692290 ns, Reaching safepoint: 64865 ns, Cleanup: 120812 ns, At safepoint: 20860 ns, Total: 206537 ns
[2025-12-05T07:28:22.900+0000][27.100s][debug][safepoint   ] Safepoint synchronization initiated using futex wait barrier. (46 threads)
[2025-12-05T07:28:22.901+0000][27.100s][info ][safepoint   ] Safepoint "ICBufferFull", Time since last: 235601531 ns, Reaching safepoint: 84192 ns, Cleanup: 137093 ns, At safepoint: 2896 ns, Total: 224181 ns
[2025-12-05T07:28:22.953+0000][27.153s][debug][safepoint   ] Safepoint synchronization initiated using futex wait barrier. (46 threads)
[2025-12-05T07:28:22.953+0000][27.153s][info ][gc,start    ] GC(55) Pause Young (Normal) (G1 Evacuation Pause)
[2025-12-05T07:28:22.953+0000][27.153s][info ][gc,task     ] GC(55) Using 13 workers of 13 for evacuation
[2025-12-05T07:28:22.969+0000][27.169s][info ][gc,phases   ] GC(55)   Pre Evacuate Collection Set: 0.5ms
[2025-12-05T07:28:22.969+0000][27.169s][info ][gc,phases   ] GC(55)   Merge Heap Roots: 0.5ms
[2025-12-05T07:28:22.969+0000][27.169s][info ][gc,phases   ] GC(55)   Evacuate Collection Set: 13.5ms
[2025-12-05T07:28:22.969+0000][27.169s][info ][gc,phases   ] GC(55)   Post Evacuate Collection Set: 1.9ms
[2025-12-05T07:28:22.969+0000][27.169s][info ][gc,phases   ] GC(55)   Other: 0.1ms
[2025-12-05T07:28:22.970+0000][27.169s][info ][gc,heap     ] GC(55) Eden regions: 199->0(201)
[2025-12-05T07:28:22.970+0000][27.169s][info ][gc,heap     ] GC(55) Survivor regions: 18->19(28)
[2025-12-05T07:28:22.970+0000][27.169s][info ][gc,heap     ] GC(55) Old regions: 164->167
[2025-12-05T07:28:22.970+0000][27.169s][info ][gc,heap     ] GC(55) Archive regions: 2->2
[2025-12-05T07:28:22.970+0000][27.169s][info ][gc,heap     ] GC(55) Humongous regions: 1->1
[2025-12-05T07:28:22.970+0000][27.169s][info ][gc,metaspace] GC(55) Metaspace: 120066K(120768K)->120066K(120768K) NonClass: 104595K(104960K)->104595K(104960K) Class: 15471K(15808K)->15471K(15808K)
[2025-12-05T07:28:22.970+0000][27.169s][info ][gc          ] GC(55) Pause Young (Normal) (G1 Evacuation Pause) 381M->187M(474M) 16.582ms
[2025-12-05T07:28:22.970+0000][27.169s][info ][gc,cpu      ] GC(55) User=0.06s Sys=0.10s Real=0.02s
[2025-12-05T07:28:22.970+0000][27.169s][info ][safepoint   ] Safepoint "G1CollectForAllocation", Time since last: 52094563 ns, Reaching safepoint: 119460 ns, Cleanup: 42581 ns, At safepoint: 16757244 ns, Total: 16919285 ns
[2025-12-05T07:28:23.721+0000][27.921s][debug][safepoint   ] Safepoint synchronization initiated using futex wait barrier. (45 threads)
[2025-12-05T07:28:23.722+0000][27.922s][info ][safepoint   ] Safepoint "ICBufferFull", Time since last: 751794947 ns, Reaching safepoint: 110823 ns, Cleanup: 217588 ns, At safepoint: 133907 ns, Total: 462318 ns
[2025-12-05T07:28:24.005+0000][28.205s][debug][safepoint   ] Safepoint synchronization initiated using futex wait barrier. (48 threads)
[2025-12-05T07:28:24.005+0000][28.205s][info ][gc,start    ] GC(56) Pause Young (Normal) (G1 Evacuation Pause)
[2025-12-05T07:28:24.005+0000][28.205s][info ][gc,task     ] GC(56) Using 13 workers of 13 for evacuation
[2025-12-05T07:28:24.020+0000][28.220s][info ][gc,phases   ] GC(56)   Pre Evacuate Collection Set: 0.3ms
[2025-12-05T07:28:24.020+0000][28.220s][info ][gc,phases   ] GC(56)   Merge Heap Roots: 0.3ms
[2025-12-05T07:28:24.020+0000][28.220s][info ][gc,phases   ] GC(56)   Evacuate Collection Set: 11.8ms
[2025-12-05T07:28:24.020+0000][28.220s][info ][gc,phases   ] GC(56)   Post Evacuate Collection Set: 2.3ms
[2025-12-05T07:28:24.020+0000][28.220s][info ][gc,phases   ] GC(56)   Other: 0.1ms
[2025-12-05T07:28:24.020+0000][28.220s][info ][gc,heap     ] GC(56) Eden regions: 201->0(202)
[2025-12-05T07:28:24.020+0000][28.220s][info ][gc,heap     ] GC(56) Survivor regions: 19->18(28)
[2025-12-05T07:28:24.020+0000][28.220s][info ][gc,heap     ] GC(56) Old regions: 167->172
[2025-12-05T07:28:24.020+0000][28.220s][info ][gc,heap     ] GC(56) Archive regions: 2->2
[2025-12-05T07:28:24.020+0000][28.220s][info ][gc,heap     ] GC(56) Humongous regions: 1->1
[2025-12-05T07:28:24.020+0000][28.220s][info ][gc,metaspace] GC(56) Metaspace: 123735K(124480K)->123735K(124480K) NonClass: 107849K(108224K)->107849K(108224K) Class: 15885K(16256K)->15885K(16256K)
[2025-12-05T07:28:24.020+0000][28.220s][info ][gc          ] GC(56) Pause Young (Normal) (G1 Evacuation Pause) 388M->191M(474M) 14.972ms
[2025-12-05T07:28:24.020+0000][28.220s][info ][gc,cpu      ] GC(56) User=0.08s Sys=0.03s Real=0.02s
[2025-12-05T07:28:24.020+0000][28.220s][info ][safepoint   ] Safepoint "G1CollectForAllocation", Time since last: 283111381 ns, Reaching safepoint: 96014 ns, Cleanup: 73682 ns, At safepoint: 15224506 ns, Total: 15394202 ns
[2025-12-05T07:28:25.111+0000][29.311s][debug][safepoint   ] Safepoint synchronization initiated using futex wait barrier. (54 threads)
[2025-12-05T07:28:25.111+0000][29.311s][info ][safepoint   ] Safepoint "ICBufferFull", Time since last: 1090413948 ns, Reaching safepoint: 72489 ns, Cleanup: 134288 ns, At safepoint: 3226 ns, Total: 210003 ns
[2025-12-05T07:28:25.537+0000][29.737s][debug][safepoint   ] Safepoint synchronization initiated using futex wait barrier. (59 threads)
[2025-12-05T07:28:25.537+0000][29.737s][info ][gc,start    ] GC(57) Pause Young (Normal) (G1 Evacuation Pause)
[2025-12-05T07:28:25.537+0000][29.737s][info ][gc,task     ] GC(57) Using 13 workers of 13 for evacuation
[2025-12-05T07:28:25.554+0000][29.754s][info ][gc,phases   ] GC(57)   Pre Evacuate Collection Set: 0.4ms
[2025-12-05T07:28:25.554+0000][29.754s][info ][gc,phases   ] GC(57)   Merge Heap Roots: 0.3ms
[2025-12-05T07:28:25.554+0000][29.754s][info ][gc,phases   ] GC(57)   Evacuate Collection Set: 13.0ms
[2025-12-05T07:28:25.554+0000][29.754s][info ][gc,phases   ] GC(57)   Post Evacuate Collection Set: 2.7ms
[2025-12-05T07:28:25.554+0000][29.754s][info ][gc,phases   ] GC(57)   Other: 0.1ms
[2025-12-05T07:28:25.554+0000][29.754s][info ][gc,heap     ] GC(57) Eden regions: 202->0(198)
[2025-12-05T07:28:25.554+0000][29.754s][info ][gc,heap     ] GC(57) Survivor regions: 18->20(28)
[2025-12-05T07:28:25.554+0000][29.754s][info ][gc,heap     ] GC(57) Old regions: 172->176
[2025-12-05T07:28:25.554+0000][29.754s][info ][gc,heap     ] GC(57) Archive regions: 2->2
[2025-12-05T07:28:25.554+0000][29.754s][info ][gc,heap     ] GC(57) Humongous regions: 2->1
[2025-12-05T07:28:25.554+0000][29.754s][info ][gc,metaspace] GC(57) Metaspace: 135284K(136384K)->135284K(136384K) NonClass: 118159K(118720K)->118159K(118720K) Class: 17124K(17664K)->17124K(17664K)
[2025-12-05T07:28:25.554+0000][29.754s][info ][gc          ] GC(57) Pause Young (Normal) (G1 Evacuation Pause) 394M->196M(474M) 16.761ms
[2025-12-05T07:28:25.554+0000][29.754s][info ][gc,cpu      ] GC(57) User=0.13s Sys=0.02s Real=0.02s
[2025-12-05T07:28:25.554+0000][29.754s][info ][safepoint   ] Safepoint "G1CollectForAllocation", Time since last: 425946991 ns, Reaching safepoint: 82809 ns, Cleanup: 67540 ns, At safepoint: 17038263 ns, Total: 17188612 ns
[2025-12-05T07:28:26.602+0000][30.802s][debug][safepoint   ] Safepoint synchronization initiated using futex wait barrier. (61 threads)
[2025-12-05T07:28:26.602+0000][30.802s][info ][gc,start    ] GC(58) Pause Young (Normal) (G1 Evacuation Pause)
[2025-12-05T07:28:26.602+0000][30.802s][info ][gc,task     ] GC(58) Using 13 workers of 13 for evacuation
[2025-12-05T07:28:26.613+0000][30.812s][info ][gc,phases   ] GC(58)   Pre Evacuate Collection Set: 0.3ms
[2025-12-05T07:28:26.613+0000][30.812s][info ][gc,phases   ] GC(58)   Merge Heap Roots: 0.3ms
[2025-12-05T07:28:26.613+0000][30.813s][info ][gc,phases   ] GC(58)   Evacuate Collection Set: 7.7ms
[2025-12-05T07:28:26.613+0000][30.813s][info ][gc,phases   ] GC(58)   Post Evacuate Collection Set: 1.8ms
[2025-12-05T07:28:26.613+0000][30.813s][info ][gc,phases   ] GC(58)   Other: 0.2ms
[2025-12-05T07:28:26.613+0000][30.813s][info ][gc,heap     ] GC(58) Eden regions: 198->0(192)
[2025-12-05T07:28:26.613+0000][30.813s][info ][gc,heap     ] GC(58) Survivor regions: 20->20(28)
[2025-12-05T07:28:26.613+0000][30.813s][info ][gc,heap     ] GC(58) Old regions: 176->183
[2025-12-05T07:28:26.613+0000][30.813s][info ][gc,heap     ] GC(58) Archive regions: 2->2
[2025-12-05T07:28:26.613+0000][30.813s][info ][gc,heap     ] GC(58) Humongous regions: 1->1
[2025-12-05T07:28:26.613+0000][30.813s][info ][gc,metaspace] GC(58) Metaspace: 139210K(140352K)->139210K(140352K) NonClass: 121919K(122496K)->121919K(122496K) Class: 17291K(17856K)->17291K(17856K)
[2025-12-05T07:28:26.613+0000][30.813s][info ][gc          ] GC(58) Pause Young (Normal) (G1 Evacuation Pause) 394M->204M(474M) 10.400ms
[2025-12-05T07:28:26.613+0000][30.813s][info ][gc,cpu      ] GC(58) User=0.09s Sys=0.01s Real=0.01s
[2025-12-05T07:28:26.613+0000][30.813s][info ][safepoint   ] Safepoint "G1CollectForAllocation", Time since last: 1047789034 ns, Reaching safepoint: 133927 ns, Cleanup: 231074 ns, At safepoint: 10577389 ns, Total: 10942390 ns
[2025-12-05T07:28:27.551+0000][31.751s][debug][safepoint   ] Safepoint synchronization initiated using futex wait barrier. (59 threads)
[2025-12-05T07:28:27.552+0000][31.752s][info ][gc,start    ] GC(59) Pause Young (Normal) (G1 Evacuation Pause)
[2025-12-05T07:28:27.552+0000][31.752s][info ][gc,task     ] GC(59) Using 13 workers of 13 for evacuation
[2025-12-05T07:28:27.566+0000][31.766s][info ][gc,phases   ] GC(59)   Pre Evacuate Collection Set: 0.5ms
[2025-12-05T07:28:27.566+0000][31.766s][info ][gc,phases   ] GC(59)   Merge Heap Roots: 0.3ms
[2025-12-05T07:28:27.566+0000][31.766s][info ][gc,phases   ] GC(59)   Evacuate Collection Set: 11.5ms
[2025-12-05T07:28:27.566+0000][31.766s][info ][gc,phases   ] GC(59)   Post Evacuate Collection Set: 2.0ms
[2025-12-05T07:28:27.566+0000][31.766s][info ][gc,phases   ] GC(59)   Other: 0.3ms
[2025-12-05T07:28:27.566+0000][31.766s][info ][gc,heap     ] GC(59) Eden regions: 192->0(189)
[2025-12-05T07:28:27.566+0000][31.766s][info ][gc,heap     ] GC(59) Survivor regions: 20->15(27)
[2025-12-05T07:28:27.566+0000][31.766s][info ][gc,heap     ] GC(59) Old regions: 183->194
[2025-12-05T07:28:27.566+0000][31.766s][info ][gc,heap     ] GC(59) Archive regions: 2->2
[2025-12-05T07:28:27.566+0000][31.766s][info ][gc,heap     ] GC(59) Humongous regions: 1->1
[2025-12-05T07:28:27.566+0000][31.766s][info ][gc,metaspace] GC(59) Metaspace: 143296K(144512K)->143296K(144512K) NonClass: 125812K(126464K)->125812K(126464K) Class: 17483K(18048K)->17483K(18048K)
[2025-12-05T07:28:27.566+0000][31.766s][info ][gc          ] GC(59) Pause Young (Normal) (G1 Evacuation Pause) 396M->210M(474M) 14.569ms
[2025-12-05T07:28:27.566+0000][31.766s][info ][gc,cpu      ] GC(59) User=0.09s Sys=0.00s Real=0.02s
[2025-12-05T07:28:27.566+0000][31.766s][info ][safepoint   ] Safepoint "G1CollectForAllocation", Time since last: 938503652 ns, Reaching safepoint: 119159 ns, Cleanup: 119319 ns, At safepoint: 14809885 ns, Total: 15048363 ns
[2025-12-05T07:28:28.313+0000][32.513s][info ][cds,heap    ] initialize_from_archived_subgraph jdk.internal.math.FDBigInteger 0x0000767d2f14dd58
[2025-12-05T07:28:28.988+0000][33.188s][debug][safepoint   ] Safepoint synchronization initiated using futex wait barrier. (79 threads)
[2025-12-05T07:28:28.989+0000][33.189s][info ][gc,start    ] GC(60) Pause Young (Normal) (G1 Evacuation Pause)
[2025-12-05T07:28:28.989+0000][33.189s][info ][gc,task     ] GC(60) Using 13 workers of 13 for evacuation
[2025-12-05T07:28:28.998+0000][33.198s][info ][gc,phases   ] GC(60)   Pre Evacuate Collection Set: 0.4ms
[2025-12-05T07:28:28.998+0000][33.198s][info ][gc,phases   ] GC(60)   Merge Heap Roots: 0.4ms
[2025-12-05T07:28:28.998+0000][33.198s][info ][gc,phases   ] GC(60)   Evacuate Collection Set: 6.8ms
[2025-12-05T07:28:28.998+0000][33.198s][info ][gc,phases   ] GC(60)   Post Evacuate Collection Set: 1.8ms
[2025-12-05T07:28:28.999+0000][33.198s][info ][gc,phases   ] GC(60)   Other: 0.2ms
[2025-12-05T07:28:28.999+0000][33.198s][info ][gc,heap     ] GC(60) Eden regions: 189->0(188)
[2025-12-05T07:28:28.999+0000][33.198s][info ][gc,heap     ] GC(60) Survivor regions: 15->18(26)
[2025-12-05T07:28:28.999+0000][33.198s][info ][gc,heap     ] GC(60) Old regions: 194->194
[2025-12-05T07:28:28.999+0000][33.198s][info ][gc,heap     ] GC(60) Archive regions: 2->2
[2025-12-05T07:28:28.999+0000][33.198s][info ][gc,heap     ] GC(60) Humongous regions: 1->1
[2025-12-05T07:28:28.999+0000][33.198s][info ][gc,metaspace] GC(60) Metaspace: 151565K(152768K)->151565K(152768K) NonClass: 133130K(133760K)->133130K(133760K) Class: 18434K(19008K)->18434K(19008K)
[2025-12-05T07:28:28.999+0000][33.198s][info ][gc          ] GC(60) Pause Young (Normal) (G1 Evacuation Pause) 399M->213M(474M) 9.803ms
[2025-12-05T07:28:28.999+0000][33.198s][info ][gc,cpu      ] GC(60) User=0.07s Sys=0.01s Real=0.01s
[2025-12-05T07:28:28.999+0000][33.198s][info ][safepoint   ] Safepoint "G1CollectForAllocation", Time since last: 1421976222 ns, Reaching safepoint: 90444 ns, Cleanup: 147223 ns, At safepoint: 9969751 ns, Total: 10207418 ns
[2025-12-05T07:28:29.835+0000][34.037s][debug][safepoint   ] Safepoint synchronization initiated using futex wait barrier. (81 threads)
[2025-12-05T07:28:29.835+0000][34.037s][info ][gc,start    ] GC(61) Pause Young (Normal) (G1 Evacuation Pause)
[2025-12-05T07:28:29.835+0000][34.037s][info ][gc,task     ] GC(61) Using 13 workers of 13 for evacuation
[2025-12-05T07:28:29.847+0000][34.049s][info ][gc,phases   ] GC(61)   Pre Evacuate Collection Set: 0.4ms
[2025-12-05T07:28:29.847+0000][34.049s][info ][gc,phases   ] GC(61)   Merge Heap Roots: 0.3ms
[2025-12-05T07:28:29.847+0000][34.049s][info ][gc,phases   ] GC(61)   Evacuate Collection Set: 8.6ms
[2025-12-05T07:28:29.847+0000][34.049s][info ][gc,phases   ] GC(61)   Post Evacuate Collection Set: 2.3ms
[2025-12-05T07:28:29.847+0000][34.049s][info ][gc,phases   ] GC(61)   Other: 0.2ms
[2025-12-05T07:28:29.847+0000][34.049s][info ][gc,heap     ] GC(61) Eden regions: 188->0(188)
[2025-12-05T07:28:29.847+0000][34.049s][info ][gc,heap     ] GC(61) Survivor regions: 18->14(26)
[2025-12-05T07:28:29.847+0000][34.049s][info ][gc,heap     ] GC(61) Old regions: 194->201
[2025-12-05T07:28:29.847+0000][34.049s][info ][gc,heap     ] GC(61) Archive regions: 2->2
[2025-12-05T07:28:29.847+0000][34.049s][info ][gc,heap     ] GC(61) Humongous regions: 1->1
[2025-12-05T07:28:29.847+0000][34.049s][info ][gc,metaspace] GC(61) Metaspace: 154054K(155200K)->154054K(155200K) NonClass: 135266K(135872K)->135266K(135872K) Class: 18787K(19328K)->18787K(19328K)
[2025-12-05T07:28:29.847+0000][34.049s][info ][gc          ] GC(61) Pause Young (Normal) (G1 Evacuation Pause) 401M->216M(474M) 12.006ms
[2025-12-05T07:28:29.847+0000][34.049s][info ][gc,cpu      ] GC(61) User=0.09s Sys=0.02s Real=0.02s
[2025-12-05T07:28:29.848+0000][34.050s][info ][safepoint   ] Safepoint "G1CollectForAllocation", Time since last: 838518127 ns, Reaching safepoint: 218280 ns, Cleanup: 106524 ns, At safepoint: 12369399 ns, Total: 12694203 ns
[2025-12-05T07:28:30.470+0000][34.672s][debug][safepoint   ] Safepoint synchronization initiated using futex wait barrier. (83 threads)
[2025-12-05T07:28:30.470+0000][34.672s][info ][safepoint   ] Safepoint "ICBufferFull", Time since last: 622406704 ns, Reaching safepoint: 109570 ns, Cleanup: 174485 ns, At safepoint: 32152 ns, Total: 316207 ns
[2025-12-05T07:28:30.566+0000][34.768s][debug][safepoint   ] Safepoint synchronization initiated using futex wait barrier. (83 threads)
[2025-12-05T07:28:30.566+0000][34.768s][info ][gc,start    ] GC(62) Pause Young (Concurrent Start) (Metadata GC Threshold)
[2025-12-05T07:28:30.566+0000][34.768s][info ][gc,task     ] GC(62) Using 13 workers of 13 for evacuation
[2025-12-05T07:28:30.577+0000][34.779s][info ][gc,phases   ] GC(62)   Pre Evacuate Collection Set: 0.8ms
[2025-12-05T07:28:30.577+0000][34.779s][info ][gc,phases   ] GC(62)   Merge Heap Roots: 0.3ms
[2025-12-05T07:28:30.577+0000][34.779s][info ][gc,phases   ] GC(62)   Evacuate Collection Set: 7.5ms
[2025-12-05T07:28:30.577+0000][34.779s][info ][gc,phases   ] GC(62)   Post Evacuate Collection Set: 2.0ms
[2025-12-05T07:28:30.577+0000][34.779s][info ][gc,phases   ] GC(62)   Other: 0.3ms
[2025-12-05T07:28:30.577+0000][34.779s][info ][gc,heap     ] GC(62) Eden regions: 130->0(181)
[2025-12-05T07:28:30.577+0000][34.779s][info ][gc,heap     ] GC(62) Survivor regions: 14->20(26)
[2025-12-05T07:28:30.577+0000][34.779s][info ][gc,heap     ] GC(62) Old regions: 201->201
[2025-12-05T07:28:30.577+0000][34.779s][info ][gc,heap     ] GC(62) Archive regions: 2->2
[2025-12-05T07:28:30.577+0000][34.779s][info ][gc,heap     ] GC(62) Humongous regions: 1->1
[2025-12-05T07:28:30.577+0000][34.779s][info ][gc,metaspace] GC(62) Metaspace: 155021K(156160K)->155021K(156160K) NonClass: 136088K(136640K)->136088K(136640K) Class: 18932K(19520K)->18932K(19520K)
[2025-12-05T07:28:30.577+0000][34.779s][info ][gc          ] GC(62) Pause Young (Concurrent Start) (Metadata GC Threshold) 346M->222M(474M) 10.974ms
[2025-12-05T07:28:30.577+0000][34.779s][info ][gc,cpu      ] GC(62) User=0.11s Sys=0.01s Real=0.01s
[2025-12-05T07:28:30.577+0000][34.779s][info ][gc          ] GC(63) Concurrent Mark Cycle
[2025-12-05T07:28:30.577+0000][34.779s][info ][gc,marking  ] GC(63) Concurrent Clear Claimed Marks
[2025-12-05T07:28:30.577+0000][34.779s][info ][safepoint   ] Safepoint "CollectForMetadataAllocation", Time since last: 95160165 ns, Reaching safepoint: 84071 ns, Cleanup: 32763 ns, At safepoint: 11506933 ns, Total: 11623767 ns
[2025-12-05T07:28:30.577+0000][34.779s][info ][gc,marking  ] GC(63) Concurrent Clear Claimed Marks 0.212ms
[2025-12-05T07:28:30.577+0000][34.779s][info ][gc,marking  ] GC(63) Concurrent Scan Root Regions
[2025-12-05T07:28:30.585+0000][34.787s][info ][gc,marking  ] GC(63) Concurrent Scan Root Regions 7.783ms
[2025-12-05T07:28:30.585+0000][34.787s][info ][gc,marking  ] GC(63) Concurrent Mark
[2025-12-05T07:28:30.585+0000][34.787s][info ][gc,marking  ] GC(63) Concurrent Mark From Roots
[2025-12-05T07:28:30.585+0000][34.787s][info ][gc,task     ] GC(63) Using 3 workers of 3 for marking
[2025-12-05T07:28:30.654+0000][34.856s][info ][gc,marking  ] GC(63) Concurrent Mark From Roots 69.061ms
[2025-12-05T07:28:30.654+0000][34.856s][info ][gc,marking  ] GC(63) Concurrent Preclean
[2025-12-05T07:28:30.655+0000][34.857s][info ][gc,marking  ] GC(63) Concurrent Preclean 0.372ms
[2025-12-05T07:28:30.655+0000][34.857s][debug][safepoint   ] Safepoint synchronization initiated using futex wait barrier. (83 threads)
[2025-12-05T07:28:30.655+0000][34.857s][info ][gc,start    ] GC(63) Pause Remark
[2025-12-05T07:28:30.662+0000][34.864s][info ][gc          ] GC(63) Pause Remark 237M->204M(474M) 6.387ms
[2025-12-05T07:28:30.662+0000][34.864s][info ][gc,cpu      ] GC(63) User=0.04s Sys=0.01s Real=0.01s
[2025-12-05T07:28:30.662+0000][34.864s][info ][safepoint   ] Safepoint "G1PauseRemark", Time since last: 77680840 ns, Reaching safepoint: 199293 ns, Cleanup: 92377 ns, At safepoint: 6691346 ns, Total: 6983016 ns
[2025-12-05T07:28:30.662+0000][34.864s][info ][gc,marking  ] GC(63) Concurrent Mark 76.793ms
[2025-12-05T07:28:30.662+0000][34.864s][info ][gc,marking  ] GC(63) Concurrent Rebuild Remembered Sets
[2025-12-05T07:28:30.702+0000][34.904s][info ][gc,marking  ] GC(63) Concurrent Rebuild Remembered Sets 39.582ms
[2025-12-05T07:28:30.702+0000][34.904s][debug][safepoint   ] Safepoint synchronization initiated using futex wait barrier. (83 threads)
[2025-12-05T07:28:30.702+0000][34.904s][info ][gc,start    ] GC(63) Pause Cleanup
[2025-12-05T07:28:30.702+0000][34.904s][info ][gc          ] GC(63) Pause Cleanup 208M->208M(474M) 0.415ms
[2025-12-05T07:28:30.702+0000][34.904s][info ][gc,cpu      ] GC(63) User=0.00s Sys=0.00s Real=0.00s
[2025-12-05T07:28:30.702+0000][34.904s][info ][safepoint   ] Safepoint "G1PauseCleanup", Time since last: 39861516 ns, Reaching safepoint: 33044 ns, Cleanup: 3276 ns, At safepoint: 560426 ns, Total: 596746 ns
[2025-12-05T07:28:30.702+0000][34.904s][info ][gc,marking  ] GC(63) Concurrent Cleanup for Next Mark
[2025-12-05T07:28:30.705+0000][34.907s][info ][gc,marking  ] GC(63) Concurrent Cleanup for Next Mark 2.734ms
[2025-12-05T07:28:30.705+0000][34.907s][info ][gc          ] GC(63) Concurrent Mark Cycle 128.240ms
[2025-12-05T07:28:30.733+0000][34.935s][debug][safepoint   ] ... found polling page loop exception at pc = 0x0000767d9981a92d, stub =0x0000767d98a04400
[2025-12-05T07:28:31.560+0000][35.762s][debug][safepoint   ] Safepoint synchronization initiated using futex wait barrier. (81 threads)
[2025-12-05T07:28:31.560+0000][35.762s][info ][gc,start    ] GC(64) Pause Young (Prepare Mixed) (G1 Evacuation Pause)
[2025-12-05T07:28:31.560+0000][35.762s][info ][gc,task     ] GC(64) Using 13 workers of 13 for evacuation
[2025-12-05T07:28:31.574+0000][35.776s][info ][gc,phases   ] GC(64)   Pre Evacuate Collection Set: 0.3ms
[2025-12-05T07:28:31.574+0000][35.776s][info ][gc,phases   ] GC(64)   Merge Heap Roots: 0.3ms
[2025-12-05T07:28:31.574+0000][35.776s][info ][gc,phases   ] GC(64)   Evacuate Collection Set: 11.4ms
[2025-12-05T07:28:31.574+0000][35.776s][info ][gc,phases   ] GC(64)   Post Evacuate Collection Set: 1.9ms
[2025-12-05T07:28:31.574+0000][35.776s][info ][gc,phases   ] GC(64)   Other: 0.1ms
[2025-12-05T07:28:31.574+0000][35.776s][info ][gc,heap     ] GC(64) Eden regions: 181->0(6)
[2025-12-05T07:28:31.574+0000][35.776s][info ][gc,heap     ] GC(64) Survivor regions: 20->17(26)
[2025-12-05T07:28:31.574+0000][35.776s][info ][gc,heap     ] GC(64) Old regions: 169->175
[2025-12-05T07:28:31.574+0000][35.776s][info ][gc,heap     ] GC(64) Archive regions: 2->2
[2025-12-05T07:28:31.574+0000][35.776s][info ][gc,heap     ] GC(64) Humongous regions: 0->0
[2025-12-05T07:28:31.574+0000][35.776s][info ][gc,metaspace] GC(64) Metaspace: 157329K(158464K)->157329K(158464K) NonClass: 138014K(138624K)->138014K(138624K) Class: 19314K(19840K)->19314K(19840K)
[2025-12-05T07:28:31.575+0000][35.776s][info ][gc          ] GC(64) Pause Young (Prepare Mixed) (G1 Evacuation Pause) 370M->191M(474M) 14.144ms
[2025-12-05T07:28:31.575+0000][35.776s][info ][gc,cpu      ] GC(64) User=0.14s Sys=0.01s Real=0.01s
[2025-12-05T07:28:31.575+0000][35.776s][info ][safepoint   ] Safepoint "G1CollectForAllocation", Time since last: 857769857 ns, Reaching safepoint: 88530 ns, Cleanup: 97977 ns, At safepoint: 14239500 ns, Total: 14426007 ns
[2025-12-05T07:28:31.596+0000][35.798s][debug][safepoint   ] Safepoint synchronization initiated using futex wait barrier. (81 threads)
[2025-12-05T07:28:31.596+0000][35.798s][info ][gc,start    ] GC(65) Pause Young (Mixed) (G1 Evacuation Pause)
[2025-12-05T07:28:31.596+0000][35.798s][info ][gc,task     ] GC(65) Using 13 workers of 13 for evacuation
[2025-12-05T07:28:31.606+0000][35.808s][info ][gc,phases   ] GC(65)   Pre Evacuate Collection Set: 0.5ms
[2025-12-05T07:28:31.606+0000][35.808s][info ][gc,phases   ] GC(65)   Merge Heap Roots: 0.3ms
[2025-12-05T07:28:31.606+0000][35.808s][info ][gc,phases   ] GC(65)   Evacuate Collection Set: 7.4ms
[2025-12-05T07:28:31.606+0000][35.808s][info ][gc,phases   ] GC(65)   Post Evacuate Collection Set: 1.9ms
[2025-12-05T07:28:31.606+0000][35.808s][info ][gc,phases   ] GC(65)   Other: 0.2ms
[2025-12-05T07:28:31.606+0000][35.808s][info ][gc,heap     ] GC(65) Eden regions: 6->0(237)
[2025-12-05T07:28:31.606+0000][35.808s][info ][gc,heap     ] GC(65) Survivor regions: 17->3(3)
[2025-12-05T07:28:31.606+0000][35.808s][info ][gc,heap     ] GC(65) Old regions: 175->160
[2025-12-05T07:28:31.606+0000][35.808s][info ][gc,heap     ] GC(65) Archive regions: 2->2
[2025-12-05T07:28:31.606+0000][35.808s][info ][gc,heap     ] GC(65) Humongous regions: 0->0
[2025-12-05T07:28:31.606+0000][35.808s][info ][gc,metaspace] GC(65) Metaspace: 157380K(158528K)->157380K(158528K) NonClass: 138060K(138624K)->138060K(138624K) Class: 19320K(19904K)->19320K(19904K)
[2025-12-05T07:28:31.607+0000][35.808s][info ][gc          ] GC(65) Pause Young (Mixed) (G1 Evacuation Pause) 197M->163M(474M) 10.512ms
[2025-12-05T07:28:31.607+0000][35.808s][info ][gc,cpu      ] GC(65) User=0.07s Sys=0.01s Real=0.01s
[2025-12-05T07:28:31.607+0000][35.809s][info ][safepoint   ] Safepoint "G1CollectForAllocation", Time since last: 21245058 ns, Reaching safepoint: 100122 ns, Cleanup: 4509 ns, At safepoint: 10797674 ns, Total: 10902305 ns
[2025-12-05T07:28:32.416+0000][36.618s][debug][safepoint   ] Safepoint synchronization initiated using futex wait barrier. (98 threads)
[2025-12-05T07:28:32.416+0000][36.618s][info ][safepoint   ] Safepoint "ICBufferFull", Time since last: 809331961 ns, Reaching safepoint: 78440 ns, Cleanup: 198631 ns, At safepoint: 31340 ns, Total: 308411 ns
[2025-12-05T07:28:32.932+0000][37.134s][debug][safepoint   ] Safepoint synchronization initiated using futex wait barrier. (97 threads)
[2025-12-05T07:28:32.932+0000][37.134s][info ][gc,start    ] GC(66) Pause Young (Normal) (G1 Evacuation Pause)
[2025-12-05T07:28:32.932+0000][37.134s][info ][gc,task     ] GC(66) Using 13 workers of 13 for evacuation
[2025-12-05T07:28:32.941+0000][37.143s][info ][gc,phases   ] GC(66)   Pre Evacuate Collection Set: 0.3ms
[2025-12-05T07:28:32.941+0000][37.143s][info ][gc,phases   ] GC(66)   Merge Heap Roots: 0.3ms
[2025-12-05T07:28:32.941+0000][37.143s][info ][gc,phases   ] GC(66)   Evacuate Collection Set: 5.5ms
[2025-12-05T07:28:32.941+0000][37.143s][info ][gc,phases   ] GC(66)   Post Evacuate Collection Set: 2.9ms
[2025-12-05T07:28:32.941+0000][37.143s][info ][gc,phases   ] GC(66)   Other: 0.2ms
[2025-12-05T07:28:32.941+0000][37.143s][info ][gc,heap     ] GC(66) Eden regions: 237->0(237)
[2025-12-05T07:28:32.941+0000][37.143s][info ][gc,heap     ] GC(66) Survivor regions: 3->6(30)
[2025-12-05T07:28:32.941+0000][37.143s][info ][gc,heap     ] GC(66) Old regions: 160->160
[2025-12-05T07:28:32.941+0000][37.143s][info ][gc,heap     ] GC(66) Archive regions: 2->2
[2025-12-05T07:28:32.941+0000][37.143s][info ][gc,heap     ] GC(66) Humongous regions: 0->0
[2025-12-05T07:28:32.941+0000][37.143s][info ][gc,metaspace] GC(66) Metaspace: 160718K(161920K)->160718K(161920K) NonClass: 140883K(141504K)->140883K(141504K) Class: 19834K(20416K)->19834K(20416K)
[2025-12-05T07:28:32.941+0000][37.143s][info ][gc          ] GC(66) Pause Young (Normal) (G1 Evacuation Pause) 400M->165M(474M) 9.438ms
[2025-12-05T07:28:32.941+0000][37.143s][info ][gc,cpu      ] GC(66) User=0.06s Sys=0.00s Real=0.01s
[2025-12-05T07:28:32.941+0000][37.143s][info ][safepoint   ] Safepoint "G1CollectForAllocation", Time since last: 515326859 ns, Reaching safepoint: 81526 ns, Cleanup: 47611 ns, At safepoint: 9674063 ns, Total: 9803200 ns
[2025-12-05T07:28:33.457+0000][37.658s][debug][safepoint   ] Safepoint synchronization initiated using futex wait barrier. (145 threads)
[2025-12-05T07:28:33.458+0000][37.660s][info ][safepoint   ] Safepoint "ICBufferFull", Time since last: 515073374 ns, Reaching safepoint: 1023015 ns, Cleanup: 145699 ns, At safepoint: 118186 ns, Total: 1286900 ns
[2025-12-05T07:28:33.590+0000][37.792s][debug][safepoint   ] Safepoint synchronization initiated using futex wait barrier. (145 threads)
[2025-12-05T07:28:33.590+0000][37.792s][info ][safepoint   ] Safepoint "ICBufferFull", Time since last: 132207145 ns, Reaching safepoint: 108588 ns, Cleanup: 197128 ns, At safepoint: 40918 ns, Total: 346634 ns
[2025-12-05T07:28:33.722+0000][37.924s][debug][safepoint   ] Safepoint synchronization initiated using futex wait barrier. (147 threads)
[2025-12-05T07:28:33.722+0000][37.924s][info ][gc,start    ] GC(67) Pause Young (Normal) (G1 Evacuation Pause)
[2025-12-05T07:28:33.722+0000][37.924s][info ][gc,task     ] GC(67) Using 13 workers of 13 for evacuation
[2025-12-05T07:28:33.736+0000][37.938s][info ][gc,phases   ] GC(67)   Pre Evacuate Collection Set: 0.4ms
[2025-12-05T07:28:33.736+0000][37.938s][info ][gc,phases   ] GC(67)   Merge Heap Roots: 0.3ms
[2025-12-05T07:28:33.736+0000][37.938s][info ][gc,phases   ] GC(67)   Evacuate Collection Set: 9.8ms
[2025-12-05T07:28:33.736+0000][37.938s][info ][gc,phases   ] GC(67)   Post Evacuate Collection Set: 2.9ms
[2025-12-05T07:28:33.736+0000][37.938s][info ][gc,phases   ] GC(67)   Other: 0.3ms
[2025-12-05T07:28:33.736+0000][37.938s][info ][gc,heap     ] GC(67) Eden regions: 237->0(225)
[2025-12-05T07:28:33.736+0000][37.938s][info ][gc,heap     ] GC(67) Survivor regions: 6->15(31)
[2025-12-05T07:28:33.736+0000][37.938s][info ][gc,heap     ] GC(67) Old regions: 160->160
[2025-12-05T07:28:33.736+0000][37.938s][info ][gc,heap     ] GC(67) Archive regions: 2->2
[2025-12-05T07:28:33.736+0000][37.938s][info ][gc,heap     ] GC(67) Humongous regions: 0->0
[2025-12-05T07:28:33.736+0000][37.938s][info ][gc,metaspace] GC(67) Metaspace: 166888K(168128K)->166888K(168128K) NonClass: 146303K(146944K)->146303K(146944K) Class: 20585K(21184K)->20585K(21184K)
[2025-12-05T07:28:33.736+0000][37.938s][info ][gc          ] GC(67) Pause Young (Normal) (G1 Evacuation Pause) 402M->174M(474M) 13.929ms
[2025-12-05T07:28:33.736+0000][37.938s][info ][gc,cpu      ] GC(67) User=0.15s Sys=0.02s Real=0.02s
[2025-12-05T07:28:33.737+0000][37.938s][info ][safepoint   ] Safepoint "G1CollectForAllocation", Time since last: 131318254 ns, Reaching safepoint: 232225 ns, Cleanup: 174224 ns, At safepoint: 14418019 ns, Total: 14824468 ns
[2025-12-05T07:28:34.173+0000][38.375s][debug][safepoint   ] Safepoint synchronization initiated using futex wait barrier. (148 threads)
[2025-12-05T07:28:34.173+0000][38.375s][info ][gc,start    ] GC(68) Pause Young (Normal) (G1 Evacuation Pause)
[2025-12-05T07:28:34.173+0000][38.375s][info ][gc,task     ] GC(68) Using 13 workers of 13 for evacuation
[2025-12-05T07:28:34.205+0000][38.407s][info ][gc,phases   ] GC(68)   Pre Evacuate Collection Set: 0.6ms
[2025-12-05T07:28:34.205+0000][38.407s][info ][gc,phases   ] GC(68)   Merge Heap Roots: 0.4ms
[2025-12-05T07:28:34.205+0000][38.407s][info ][gc,phases   ] GC(68)   Evacuate Collection Set: 28.5ms
[2025-12-05T07:28:34.205+0000][38.407s][info ][gc,phases   ] GC(68)   Post Evacuate Collection Set: 2.1ms
[2025-12-05T07:28:34.205+0000][38.407s][info ][gc,phases   ] GC(68)   Other: 0.3ms
[2025-12-05T07:28:34.205+0000][38.407s][info ][gc,heap     ] GC(68) Eden regions: 225->0(153)
[2025-12-05T07:28:34.205+0000][38.407s][info ][gc,heap     ] GC(68) Survivor regions: 15->30(30)
[2025-12-05T07:28:34.205+0000][38.407s][info ][gc,heap     ] GC(68) Old regions: 160->191
[2025-12-05T07:28:34.205+0000][38.407s][info ][gc,heap     ] GC(68) Archive regions: 2->2
[2025-12-05T07:28:34.205+0000][38.407s][info ][gc,heap     ] GC(68) Humongous regions: 2->2
[2025-12-05T07:28:34.205+0000][38.407s][info ][gc,metaspace] GC(68) Metaspace: 168256K(169536K)->168256K(169536K) NonClass: 147493K(148160K)->147493K(148160K) Class: 20763K(21376K)->20763K(21376K)
[2025-12-05T07:28:34.205+0000][38.407s][info ][gc          ] GC(68) Pause Young (Normal) (G1 Evacuation Pause) 401M->223M(474M) 31.956ms
[2025-12-05T07:28:34.205+0000][38.407s][info ][gc,cpu      ] GC(68) User=0.41s Sys=0.01s Real=0.04s
[2025-12-05T07:28:34.206+0000][38.408s][info ][safepoint   ] Safepoint "G1CollectForAllocation", Time since last: 436466901 ns, Reaching safepoint: 156960 ns, Cleanup: 170297 ns, At safepoint: 32668571 ns, Total: 32995828 ns
[2025-12-05T07:28:34.414+0000][38.616s][debug][safepoint   ] Safepoint synchronization initiated using futex wait barrier. (146 threads)
[2025-12-05T07:28:34.414+0000][38.616s][info ][gc,start    ] GC(69) Pause Young (Concurrent Start) (G1 Evacuation Pause)
[2025-12-05T07:28:34.414+0000][38.616s][info ][gc,task     ] GC(69) Using 13 workers of 13 for evacuation
[2025-12-05T07:28:34.440+0000][38.642s][info ][gc,phases   ] GC(69)   Pre Evacuate Collection Set: 0.6ms
[2025-12-05T07:28:34.440+0000][38.642s][info ][gc,phases   ] GC(69)   Merge Heap Roots: 0.4ms
[2025-12-05T07:28:34.440+0000][38.642s][info ][gc,phases   ] GC(69)   Evacuate Collection Set: 22.4ms
[2025-12-05T07:28:34.440+0000][38.642s][info ][gc,phases   ] GC(69)   Post Evacuate Collection Set: 2.4ms
[2025-12-05T07:28:34.440+0000][38.642s][info ][gc,phases   ] GC(69)   Other: 0.4ms
[2025-12-05T07:28:34.440+0000][38.642s][info ][gc,heap     ] GC(69) Eden regions: 153->0(132)
[2025-12-05T07:28:34.440+0000][38.642s][info ][gc,heap     ] GC(69) Survivor regions: 30->20(23)
[2025-12-05T07:28:34.440+0000][38.642s][info ][gc,heap     ] GC(69) Old regions: 191->223
[2025-12-05T07:28:34.440+0000][38.642s][info ][gc,heap     ] GC(69) Archive regions: 2->2
[2025-12-05T07:28:34.440+0000][38.642s][info ][gc,heap     ] GC(69) Humongous regions: 4->4
[2025-12-05T07:28:34.440+0000][38.642s][info ][gc,metaspace] GC(69) Metaspace: 169230K(170496K)->169230K(170496K) NonClass: 148335K(148992K)->148335K(148992K) Class: 20895K(21504K)->20895K(21504K)
[2025-12-05T07:28:34.440+0000][38.642s][info ][gc          ] GC(69) Pause Young (Concurrent Start) (G1 Evacuation Pause) 378M->247M(474M) 26.239ms
[2025-12-05T07:28:34.440+0000][38.642s][info ][gc,cpu      ] GC(69) User=0.25s Sys=0.01s Real=0.03s
[2025-12-05T07:28:34.440+0000][38.642s][info ][gc          ] GC(70) Concurrent Mark Cycle
[2025-12-05T07:28:34.441+0000][38.642s][info ][gc,marking  ] GC(70) Concurrent Clear Claimed Marks
[2025-12-05T07:28:34.441+0000][38.643s][info ][safepoint   ] Safepoint "G1CollectForAllocation", Time since last: 207601573 ns, Reaching safepoint: 207307 ns, Cleanup: 35999 ns, At safepoint: 26826771 ns, Total: 27070077 ns
[2025-12-05T07:28:34.441+0000][38.643s][info ][gc,marking  ] GC(70) Concurrent Clear Claimed Marks 0.370ms
[2025-12-05T07:28:34.441+0000][38.643s][info ][gc,marking  ] GC(70) Concurrent Scan Root Regions
[2025-12-05T07:28:34.460+0000][38.662s][info ][gc,marking  ] GC(70) Concurrent Scan Root Regions 18.685ms
[2025-12-05T07:28:34.460+0000][38.662s][info ][gc,marking  ] GC(70) Concurrent Mark
[2025-12-05T07:28:34.460+0000][38.662s][info ][gc,marking  ] GC(70) Concurrent Mark From Roots
[2025-12-05T07:28:34.460+0000][38.662s][info ][gc,task     ] GC(70) Using 3 workers of 3 for marking
[2025-12-05T07:28:34.602+0000][38.804s][info ][gc,marking  ] GC(70) Concurrent Mark From Roots 141.917ms
[2025-12-05T07:28:34.602+0000][38.804s][info ][gc,marking  ] GC(70) Concurrent Preclean
[2025-12-05T07:28:34.602+0000][38.804s][info ][gc,marking  ] GC(70) Concurrent Preclean 0.726ms
[2025-12-05T07:28:34.603+0000][38.805s][debug][safepoint   ] Safepoint synchronization initiated using futex wait barrier. (147 threads)
[2025-12-05T07:28:34.603+0000][38.805s][debug][safepoint   ] ... found polling page loop exception at pc = 0x0000767d92eae90b, stub =0x0000767d98a04400
[2025-12-05T07:28:34.603+0000][38.805s][info ][gc,start    ] GC(70) Pause Remark
[2025-12-05T07:28:34.611+0000][38.813s][info ][gc          ] GC(70) Pause Remark 291M->287M(484M) 8.376ms
[2025-12-05T07:28:34.611+0000][38.813s][info ][gc,cpu      ] GC(70) User=0.07s Sys=0.01s Real=0.01s
[2025-12-05T07:28:34.612+0000][38.814s][info ][safepoint   ] Safepoint "G1PauseRemark", Time since last: 161973477 ns, Reaching safepoint: 174663 ns, Cleanup: 72299 ns, At safepoint: 8811580 ns, Total: 9058542 ns
[2025-12-05T07:28:34.612+0000][38.814s][info ][gc,marking  ] GC(70) Concurrent Mark 152.100ms
[2025-12-05T07:28:34.612+0000][38.814s][info ][gc,marking  ] GC(70) Concurrent Rebuild Remembered Sets
[2025-12-05T07:28:34.685+0000][38.887s][info ][gc,marking  ] GC(70) Concurrent Rebuild Remembered Sets 73.083ms
[2025-12-05T07:28:34.685+0000][38.887s][debug][safepoint   ] Safepoint synchronization initiated using futex wait barrier. (148 threads)
[2025-12-05T07:28:34.685+0000][38.887s][info ][gc,start    ] GC(70) Pause Cleanup
[2025-12-05T07:28:34.686+0000][38.888s][info ][gc          ] GC(70) Pause Cleanup 324M->324M(484M) 0.537ms
[2025-12-05T07:28:34.686+0000][38.888s][info ][gc,cpu      ] GC(70) User=0.00s Sys=0.00s Real=0.00s
[2025-12-05T07:28:34.686+0000][38.888s][info ][safepoint   ] Safepoint "G1PauseCleanup", Time since last: 73462980 ns, Reaching safepoint: 165958 ns, Cleanup: 30388 ns, At safepoint: 756840 ns, Total: 953186 ns
[2025-12-05T07:28:34.686+0000][38.888s][info ][gc,marking  ] GC(70) Concurrent Cleanup for Next Mark
[2025-12-05T07:28:34.687+0000][38.889s][info ][gc,marking  ] GC(70) Concurrent Cleanup for Next Mark 1.155ms
[2025-12-05T07:28:34.688+0000][38.889s][info ][gc          ] GC(70) Concurrent Mark Cycle 247.214ms
[2025-12-05T07:28:34.810+0000][39.012s][debug][safepoint   ] Safepoint synchronization initiated using futex wait barrier. (153 threads)
[2025-12-05T07:28:34.811+0000][39.012s][info ][gc,start    ] GC(71) Pause Young (Prepare Mixed) (G1 Evacuation Pause)
[2025-12-05T07:28:34.811+0000][39.012s][info ][gc,task     ] GC(71) Using 13 workers of 13 for evacuation
[2025-12-05T07:28:34.822+0000][39.024s][info ][gc,phases   ] GC(71)   Pre Evacuate Collection Set: 0.4ms
[2025-12-05T07:28:34.822+0000][39.024s][info ][gc,phases   ] GC(71)   Merge Heap Roots: 0.3ms
[2025-12-05T07:28:34.822+0000][39.024s][info ][gc,phases   ] GC(71)   Evacuate Collection Set: 8.4ms
[2025-12-05T07:28:34.822+0000][39.024s][info ][gc,phases   ] GC(71)   Post Evacuate Collection Set: 2.3ms
[2025-12-05T07:28:34.822+0000][39.024s][info ][gc,phases   ] GC(71)   Other: 0.2ms
[2025-12-05T07:28:34.822+0000][39.024s][info ][gc,heap     ] GC(71) Eden regions: 132->0(18)
[2025-12-05T07:28:34.822+0000][39.024s][info ][gc,heap     ] GC(71) Survivor regions: 20->6(19)
[2025-12-05T07:28:34.822+0000][39.024s][info ][gc,heap     ] GC(71) Old regions: 223->242
[2025-12-05T07:28:34.822+0000][39.024s][info ][gc,heap     ] GC(71) Archive regions: 2->2
[2025-12-05T07:28:34.822+0000][39.024s][info ][gc,heap     ] GC(71) Humongous regions: 0->0
[2025-12-05T07:28:34.822+0000][39.024s][info ][gc,metaspace] GC(71) Metaspace: 171655K(172928K)->171655K(172928K) NonClass: 150433K(151104K)->150433K(151104K) Class: 21221K(21824K)->21221K(21824K)
[2025-12-05T07:28:34.822+0000][39.024s][info ][gc          ] GC(71) Pause Young (Prepare Mixed) (G1 Evacuation Pause) 375M->248M(484M) 11.738ms
[2025-12-05T07:28:34.822+0000][39.024s][info ][gc,cpu      ] GC(71) User=0.13s Sys=0.00s Real=0.01s
[2025-12-05T07:28:34.823+0000][39.025s][info ][safepoint   ] Safepoint "G1CollectForAllocation", Time since last: 124022009 ns, Reaching safepoint: 222942 ns, Cleanup: 61778 ns, At safepoint: 12538319 ns, Total: 12823039 ns
[2025-12-05T07:28:34.891+0000][39.093s][debug][safepoint   ] Safepoint synchronization initiated using futex wait barrier. (153 threads)
[2025-12-05T07:28:34.891+0000][39.093s][info ][gc,start    ] GC(72) Pause Young (Mixed) (G1 Evacuation Pause)
[2025-12-05T07:28:34.891+0000][39.093s][info ][gc,task     ] GC(72) Using 13 workers of 13 for evacuation
[2025-12-05T07:28:34.898+0000][39.100s][info ][gc,phases   ] GC(72)   Pre Evacuate Collection Set: 0.4ms
[2025-12-05T07:28:34.898+0000][39.100s][info ][gc,phases   ] GC(72)   Merge Heap Roots: 0.3ms
[2025-12-05T07:28:34.898+0000][39.100s][info ][gc,phases   ] GC(72)   Evacuate Collection Set: 4.6ms
[2025-12-05T07:28:34.898+0000][39.100s][info ][gc,phases   ] GC(72)   Post Evacuate Collection Set: 1.7ms
[2025-12-05T07:28:34.898+0000][39.100s][info ][gc,phases   ] GC(72)   Other: 0.2ms
[2025-12-05T07:28:34.898+0000][39.100s][info ][gc,heap     ] GC(72) Eden regions: 18->0(167)
[2025-12-05T07:28:34.898+0000][39.100s][info ][gc,heap     ] GC(72) Survivor regions: 6->2(3)
[2025-12-05T07:28:34.898+0000][39.100s][info ][gc,heap     ] GC(72) Old regions: 242->217
[2025-12-05T07:28:34.898+0000][39.100s][info ][gc,heap     ] GC(72) Archive regions: 2->2
[2025-12-05T07:28:34.898+0000][39.100s][info ][gc,heap     ] GC(72) Humongous regions: 0->0
[2025-12-05T07:28:34.898+0000][39.100s][info ][gc,metaspace] GC(72) Metaspace: 172034K(173312K)->172034K(173312K) NonClass: 150774K(151424K)->150774K(151424K) Class: 21259K(21888K)->21259K(21888K)
[2025-12-05T07:28:34.899+0000][39.100s][info ][gc          ] GC(72) Pause Young (Mixed) (G1 Evacuation Pause) 266M->219M(484M) 7.369ms
[2025-12-05T07:28:34.899+0000][39.100s][info ][gc,cpu      ] GC(72) User=0.05s Sys=0.02s Real=0.01s
[2025-12-05T07:28:34.899+0000][39.101s][info ][safepoint   ] Safepoint "G1CollectForAllocation", Time since last: 67755105 ns, Reaching safepoint: 259858 ns, Cleanup: 85554 ns, At safepoint: 8032196 ns, Total: 8377608 ns
[2025-12-05T07:28:35.271+0000][39.473s][debug][safepoint   ] Safepoint synchronization initiated using futex wait barrier. (232 threads)
[2025-12-05T07:28:35.272+0000][39.474s][info ][safepoint   ] Safepoint "ICBufferFull", Time since last: 372072463 ns, Reaching safepoint: 306107 ns, Cleanup: 129067 ns, At safepoint: 64554 ns, Total: 499728 ns
[2025-12-05T07:28:35.313+0000][39.515s][debug][safepoint   ] Safepoint synchronization initiated using futex wait barrier. (232 threads)
[2025-12-05T07:28:35.314+0000][39.516s][info ][gc,start    ] GC(73) Pause Young (Normal) (G1 Evacuation Pause)
[2025-12-05T07:28:35.314+0000][39.516s][info ][gc,task     ] GC(73) Using 13 workers of 13 for evacuation
[2025-12-05T07:28:35.325+0000][39.527s][info ][gc,phases   ] GC(73)   Pre Evacuate Collection Set: 0.4ms
[2025-12-05T07:28:35.325+0000][39.527s][info ][gc,phases   ] GC(73)   Merge Heap Roots: 0.3ms
[2025-12-05T07:28:35.325+0000][39.527s][info ][gc,phases   ] GC(73)   Evacuate Collection Set: 2.9ms
[2025-12-05T07:28:35.325+0000][39.527s][info ][gc,phases   ] GC(73)   Post Evacuate Collection Set: 7.9ms
[2025-12-05T07:28:35.325+0000][39.527s][info ][gc,phases   ] GC(73)   Other: 0.3ms
[2025-12-05T07:28:35.325+0000][39.527s][info ][gc,heap     ] GC(73) Eden regions: 167->0(382)
[2025-12-05T07:28:35.325+0000][39.527s][info ][gc,heap     ] GC(73) Survivor regions: 2->4(22)
[2025-12-05T07:28:35.325+0000][39.527s][info ][gc,heap     ] GC(73) Old regions: 217->217
[2025-12-05T07:28:35.325+0000][39.527s][info ][gc,heap     ] GC(73) Archive regions: 2->2
[2025-12-05T07:28:35.325+0000][39.527s][info ][gc,heap     ] GC(73) Humongous regions: 0->0
[2025-12-05T07:28:35.325+0000][39.527s][info ][gc,metaspace] GC(73) Metaspace: 174698K(175936K)->174698K(175936K) NonClass: 153064K(153728K)->153064K(153728K) Class: 21633K(22208K)->21633K(22208K)
[2025-12-05T07:28:35.326+0000][39.527s][info ][gc          ] GC(73) Pause Young (Normal) (G1 Evacuation Pause) 386M->221M(767M) 11.863ms
[2025-12-05T07:28:35.326+0000][39.528s][info ][gc,cpu      ] GC(73) User=0.04s Sys=0.01s Real=0.02s
[2025-12-05T07:28:35.326+0000][39.528s][info ][safepoint   ] Safepoint "G1CollectForAllocation", Time since last: 41786117 ns, Reaching safepoint: 101264 ns, Cleanup: 14188 ns, At safepoint: 12501519 ns, Total: 12616971 ns
[2025-12-05T07:28:35.656+0000][39.858s][debug][safepoint   ] ... found polling page loop exception at pc = 0x0000767d994b3b4c, stub =0x0000767d98a04400
[2025-12-05T07:28:35.658+0000][39.860s][debug][safepoint   ] ... found polling page loop exception at pc = 0x0000767d994b3bee, stub =0x0000767d98a04400
[2025-12-05T07:28:35.658+0000][39.860s][debug][safepoint   ] ... found polling page loop exception at pc = 0x0000767d99331a2d, stub =0x0000767d98a04400
[2025-12-05T07:28:36.581+0000][40.783s][debug][safepoint   ] Safepoint synchronization initiated using futex wait barrier. (236 threads)
[2025-12-05T07:28:36.581+0000][40.783s][debug][safepoint   ] ... found polling page loop exception at pc = 0x0000767d92c9c919, stub =0x0000767d98a04400
[2025-12-05T07:28:36.581+0000][40.783s][info ][safepoint   ] Safepoint "ICBufferFull", Time since last: 1254646943 ns, Reaching safepoint: 232886 ns, Cleanup: 179123 ns, At safepoint: 36891 ns, Total: 448900 ns
[2025-12-05T07:28:36.729+0000][40.930s][debug][safepoint   ] Safepoint synchronization initiated using futex wait barrier. (238 threads)
[2025-12-05T07:28:36.729+0000][40.931s][info ][gc,start    ] GC(74) Pause Young (Normal) (G1 Evacuation Pause)
[2025-12-05T07:28:36.729+0000][40.931s][info ][gc,task     ] GC(74) Using 13 workers of 13 for evacuation
[2025-12-05T07:28:36.747+0000][40.949s][info ][gc,phases   ] GC(74)   Pre Evacuate Collection Set: 0.6ms
[2025-12-05T07:28:36.747+0000][40.949s][info ][gc,phases   ] GC(74)   Merge Heap Roots: 0.4ms
[2025-12-05T07:28:36.747+0000][40.949s][info ][gc,phases   ] GC(74)   Evacuate Collection Set: 15.1ms
[2025-12-05T07:28:36.747+0000][40.949s][info ][gc,phases   ] GC(74)   Post Evacuate Collection Set: 2.1ms
[2025-12-05T07:28:36.747+0000][40.949s][info ][gc,phases   ] GC(74)   Other: 0.4ms
[2025-12-05T07:28:36.748+0000][40.949s][info ][gc,heap     ] GC(74) Eden regions: 382->0(346)
[2025-12-05T07:28:36.748+0000][40.949s][info ][gc,heap     ] GC(74) Survivor regions: 4->42(49)
[2025-12-05T07:28:36.748+0000][40.949s][info ][gc,heap     ] GC(74) Old regions: 217->217
[2025-12-05T07:28:36.748+0000][40.949s][info ][gc,heap     ] GC(74) Archive regions: 2->2
[2025-12-05T07:28:36.748+0000][40.949s][info ][gc,heap     ] GC(74) Humongous regions: 9->3
[2025-12-05T07:28:36.748+0000][40.949s][info ][gc,metaspace] GC(74) Metaspace: 176652K(177984K)->176652K(177984K) NonClass: 154842K(155584K)->154842K(155584K) Class: 21810K(22400K)->21810K(22400K)
[2025-12-05T07:28:36.748+0000][40.950s][info ][gc          ] GC(74) Pause Young (Normal) (G1 Evacuation Pause) 612M->261M(767M) 18.722ms
[2025-12-05T07:28:36.748+0000][40.950s][info ][gc,cpu      ] GC(74) User=0.19s Sys=0.01s Real=0.02s
[2025-12-05T07:28:36.749+0000][40.951s][info ][safepoint   ] Safepoint "G1CollectForAllocation", Time since last: 147358407 ns, Reaching safepoint: 117144 ns, Cleanup: 149647 ns, At safepoint: 20193784 ns, Total: 20460575 ns
[2025-12-05T07:28:37.032+0000][41.234s][debug][safepoint   ] Safepoint synchronization initiated using futex wait barrier. (256 threads)
[2025-12-05T07:28:37.033+0000][41.235s][info ][safepoint   ] Safepoint "ICBufferFull", Time since last: 283351474 ns, Reaching safepoint: 452909 ns, Cleanup: 240250 ns, At safepoint: 284224 ns, Total: 977383 ns
[2025-12-05T07:28:38.155+0000][42.357s][debug][safepoint   ] Safepoint synchronization initiated using futex wait barrier. (254 threads)
[2025-12-05T07:28:38.155+0000][42.357s][info ][safepoint   ] Safepoint "ICBufferFull", Time since last: 1121272592 ns, Reaching safepoint: 124288 ns, Cleanup: 163303 ns, At safepoint: 54234 ns, Total: 341825 ns
[2025-12-05T07:28:38.613+0000][42.815s][debug][safepoint   ] Safepoint synchronization initiated using futex wait barrier. (254 threads)
[2025-12-05T07:28:38.614+0000][42.816s][info ][safepoint   ] Safepoint "ICBufferFull", Time since last: 458450624 ns, Reaching safepoint: 90394 ns, Cleanup: 127223 ns, At safepoint: 22423 ns, Total: 240040 ns
[2025-12-05T07:28:38.741+0000][42.942s][debug][safepoint   ] Safepoint synchronization initiated using futex wait barrier. (256 threads)
[2025-12-05T07:28:38.741+0000][42.943s][info ][gc,start    ] GC(75) Pause Young (Normal) (G1 Evacuation Pause)
[2025-12-05T07:28:38.741+0000][42.943s][info ][gc,task     ] GC(75) Using 13 workers of 13 for evacuation
[2025-12-05T07:28:38.756+0000][42.958s][info ][gc,phases   ] GC(75)   Pre Evacuate Collection Set: 0.5ms
[2025-12-05T07:28:38.756+0000][42.958s][info ][gc,phases   ] GC(75)   Merge Heap Roots: 0.3ms
[2025-12-05T07:28:38.756+0000][42.958s][info ][gc,phases   ] GC(75)   Evacuate Collection Set: 11.9ms
[2025-12-05T07:28:38.756+0000][42.958s][info ][gc,phases   ] GC(75)   Post Evacuate Collection Set: 2.3ms
[2025-12-05T07:28:38.756+0000][42.958s][info ][gc,phases   ] GC(75)   Other: 0.3ms
[2025-12-05T07:28:38.756+0000][42.958s][info ][gc,heap     ] GC(75) Eden regions: 346->0(353)
[2025-12-05T07:28:38.756+0000][42.958s][info ][gc,heap     ] GC(75) Survivor regions: 42->8(49)
[2025-12-05T07:28:38.756+0000][42.958s][info ][gc,heap     ] GC(75) Old regions: 217->258
[2025-12-05T07:28:38.756+0000][42.958s][info ][gc,heap     ] GC(75) Archive regions: 2->2
[2025-12-05T07:28:38.756+0000][42.958s][info ][gc,heap     ] GC(75) Humongous regions: 5->3
[2025-12-05T07:28:38.756+0000][42.958s][info ][gc,metaspace] GC(75) Metaspace: 183098K(184448K)->183098K(184448K) NonClass: 160543K(161216K)->160543K(161216K) Class: 22554K(23232K)->22554K(23232K)
[2025-12-05T07:28:38.756+0000][42.958s][info ][gc          ] GC(75) Pause Young (Normal) (G1 Evacuation Pause) 609M->269M(767M) 15.433ms
[2025-12-05T07:28:38.756+0000][42.958s][info ][gc,cpu      ] GC(75) User=0.17s Sys=0.00s Real=0.02s
[2025-12-05T07:28:38.757+0000][42.959s][info ][safepoint   ] Safepoint "G1CollectForAllocation", Time since last: 126889716 ns, Reaching safepoint: 116774 ns, Cleanup: 88299 ns, At safepoint: 16127887 ns, Total: 16332960 ns
[2025-12-05T07:28:39.204+0000][43.406s][debug][safepoint   ] Safepoint synchronization initiated using futex wait barrier. (256 threads)
[2025-12-05T07:28:39.205+0000][43.407s][info ][safepoint   ] Safepoint "ICBufferFull", Time since last: 447132069 ns, Reaching safepoint: 453292 ns, Cleanup: 159175 ns, At safepoint: 162483 ns, Total: 774950 ns
[2025-12-05T07:28:40.026+0000][44.228s][debug][safepoint   ] Safepoint synchronization initiated using futex wait barrier. (255 threads)
[2025-12-05T07:28:40.027+0000][44.229s][info ][safepoint   ] Safepoint "ICBufferFull", Time since last: 821641548 ns, Reaching safepoint: 203982 ns, Cleanup: 220193 ns, At safepoint: 11032 ns, Total: 435207 ns
[2025-12-05T07:28:40.473+0000][44.675s][debug][safepoint   ] Safepoint synchronization initiated using futex wait barrier. (255 threads)
[2025-12-05T07:28:40.473+0000][44.675s][info ][safepoint   ] Safepoint "ICBufferFull", Time since last: 445804410 ns, Reaching safepoint: 129759 ns, Cleanup: 165879 ns, At safepoint: 131071 ns, Total: 426709 ns
[2025-12-05T07:28:41.193+0000][45.395s][debug][safepoint   ] Safepoint synchronization initiated using futex wait barrier. (254 threads)
[2025-12-05T07:28:41.193+0000][45.395s][info ][gc,start    ] GC(76) Pause Young (Concurrent Start) (G1 Humongous Allocation)
[2025-12-05T07:28:41.193+0000][45.395s][info ][gc,task     ] GC(76) Using 13 workers of 13 for evacuation
[2025-12-05T07:28:41.204+0000][45.406s][info ][gc,phases   ] GC(76)   Pre Evacuate Collection Set: 0.8ms
[2025-12-05T07:28:41.204+0000][45.406s][info ][gc,phases   ] GC(76)   Merge Heap Roots: 0.4ms
[2025-12-05T07:28:41.204+0000][45.406s][info ][gc,phases   ] GC(76)   Evacuate Collection Set: 5.8ms
[2025-12-05T07:28:41.204+0000][45.406s][info ][gc,phases   ] GC(76)   Post Evacuate Collection Set: 3.5ms
[2025-12-05T07:28:41.204+0000][45.406s][info ][gc,phases   ] GC(76)   Other: 0.4ms
[2025-12-05T07:28:41.204+0000][45.406s][info ][gc,heap     ] GC(76) Eden regions: 264->0(355)
[2025-12-05T07:28:41.204+0000][45.406s][info ][gc,heap     ] GC(76) Survivor regions: 8->11(46)
[2025-12-05T07:28:41.204+0000][45.406s][info ][gc,heap     ] GC(76) Old regions: 258->258
[2025-12-05T07:28:41.204+0000][45.406s][info ][gc,heap     ] GC(76) Archive regions: 2->2
[2025-12-05T07:28:41.204+0000][45.406s][info ][gc,heap     ] GC(76) Humongous regions: 73->9
[2025-12-05T07:28:41.204+0000][45.406s][info ][gc,metaspace] GC(76) Metaspace: 188114K(189504K)->188114K(189504K) NonClass: 164988K(165696K)->164988K(165696K) Class: 23125K(23808K)->23125K(23808K)
[2025-12-05T07:28:41.204+0000][45.406s][info ][gc          ] GC(76) Pause Young (Concurrent Start) (G1 Humongous Allocation) 602M->277M(767M) 11.026ms
[2025-12-05T07:28:41.204+0000][45.406s][info ][gc,cpu      ] GC(76) User=0.05s Sys=0.00s Real=0.02s
[2025-12-05T07:28:41.204+0000][45.406s][info ][gc          ] GC(77) Concurrent Undo Cycle
[2025-12-05T07:28:41.204+0000][45.406s][info ][gc,marking  ] GC(77) Concurrent Cleanup for Next Mark
[2025-12-05T07:28:41.205+0000][45.407s][info ][safepoint   ] Safepoint "G1TryInitiateConcMark", Time since last: 719672112 ns, Reaching safepoint: 123919 ns, Cleanup: 72278 ns, At safepoint: 12478478 ns, Total: 12674675 ns
[2025-12-05T07:28:41.211+0000][45.413s][info ][gc,marking  ] GC(77) Concurrent Cleanup for Next Mark 6.249ms
[2025-12-05T07:28:41.211+0000][45.413s][info ][gc          ] GC(77) Concurrent Undo Cycle 6.388ms
[2025-12-05T07:28:42.092+0000][46.294s][debug][safepoint   ] Safepoint synchronization initiated using futex wait barrier. (257 threads)
[2025-12-05T07:28:42.092+0000][46.294s][info ][gc,start    ] GC(78) Pause Young (Normal) (G1 Evacuation Pause)
[2025-12-05T07:28:42.092+0000][46.294s][info ][gc,task     ] GC(78) Using 13 workers of 13 for evacuation
[2025-12-05T07:28:42.159+0000][46.361s][info ][gc,phases   ] GC(78)   Pre Evacuate Collection Set: 0.5ms
[2025-12-05T07:28:42.159+0000][46.361s][info ][gc,phases   ] GC(78)   Merge Heap Roots: 0.5ms
[2025-12-05T07:28:42.159+0000][46.361s][info ][gc,phases   ] GC(78)   Evacuate Collection Set: 63.4ms
[2025-12-05T07:28:42.159+0000][46.361s][info ][gc,phases   ] GC(78)   Post Evacuate Collection Set: 2.0ms
[2025-12-05T07:28:42.159+0000][46.361s][info ][gc,phases   ] GC(78)   Other: 0.3ms
[2025-12-05T07:28:42.159+0000][46.361s][info ][gc,heap     ] GC(78) Eden regions: 355->0(223)
[2025-12-05T07:28:42.159+0000][46.361s][info ][gc,heap     ] GC(78) Survivor regions: 11->46(46)
[2025-12-05T07:28:42.159+0000][46.361s][info ][gc,heap     ] GC(78) Old regions: 258->333
[2025-12-05T07:28:42.159+0000][46.361s][info ][gc,heap     ] GC(78) Archive regions: 2->2
[2025-12-05T07:28:42.159+0000][46.361s][info ][gc,heap     ] GC(78) Humongous regions: 58->13
[2025-12-05T07:28:42.159+0000][46.361s][info ][gc,metaspace] GC(78) Metaspace: 188672K(190080K)->188672K(190080K) NonClass: 165483K(166208K)->165483K(166208K) Class: 23188K(23872K)->23188K(23872K)
[2025-12-05T07:28:42.159+0000][46.361s][info ][gc          ] GC(78) Pause Young (Normal) (G1 Evacuation Pause) 681M->392M(805M) 66.940ms
[2025-12-05T07:28:42.159+0000][46.361s][info ][gc,cpu      ] GC(78) User=0.49s Sys=0.13s Real=0.07s
[2025-12-05T07:28:42.161+0000][46.362s][info ][safepoint   ] Safepoint "G1CollectForAllocation", Time since last: 886348379 ns, Reaching safepoint: 164577 ns, Cleanup: 210725 ns, At safepoint: 68442553 ns, Total: 68817855 ns
[2025-12-05T07:28:42.735+0000][46.937s][debug][safepoint   ] Safepoint synchronization initiated using futex wait barrier. (260 threads)
[2025-12-05T07:28:42.736+0000][46.938s][info ][safepoint   ] Safepoint "ICBufferFull", Time since last: 574819794 ns, Reaching safepoint: 244360 ns, Cleanup: 272834 ns, At safepoint: 128687 ns, Total: 645881 ns
[2025-12-05T07:28:42.841+0000][47.043s][debug][safepoint   ] Safepoint synchronization initiated using futex wait barrier. (260 threads)
[2025-12-05T07:28:42.842+0000][47.044s][info ][gc,start    ] GC(79) Pause Young (Normal) (G1 Evacuation Pause)
[2025-12-05T07:28:42.842+0000][47.044s][info ][gc,task     ] GC(79) Using 13 workers of 13 for evacuation
[2025-12-05T07:28:42.868+0000][47.070s][info ][gc,phases   ] GC(79)   Pre Evacuate Collection Set: 0.4ms
[2025-12-05T07:28:42.868+0000][47.070s][info ][gc,phases   ] GC(79)   Merge Heap Roots: 0.4ms
[2025-12-05T07:28:42.868+0000][47.070s][info ][gc,phases   ] GC(79)   Evacuate Collection Set: 23.5ms
[2025-12-05T07:28:42.868+0000][47.070s][info ][gc,phases   ] GC(79)   Post Evacuate Collection Set: 2.1ms
[2025-12-05T07:28:42.868+0000][47.070s][info ][gc,phases   ] GC(79)   Other: 0.3ms
[2025-12-05T07:28:42.868+0000][47.070s][info ][gc,heap     ] GC(79) Eden regions: 223->0(193)
[2025-12-05T07:28:42.868+0000][47.070s][info ][gc,heap     ] GC(79) Survivor regions: 46->34(34)
[2025-12-05T07:28:42.868+0000][47.070s][info ][gc,heap     ] GC(79) Old regions: 333->386
[2025-12-05T07:28:42.869+0000][47.070s][info ][gc,heap     ] GC(79) Archive regions: 2->2
[2025-12-05T07:28:42.869+0000][47.070s][info ][gc,heap     ] GC(79) Humongous regions: 23->15
[2025-12-05T07:28:42.869+0000][47.070s][info ][gc,metaspace] GC(79) Metaspace: 191497K(192832K)->191497K(192832K) NonClass: 168012K(168704K)->168012K(168704K) Class: 23484K(24128K)->23484K(24128K)
[2025-12-05T07:28:42.869+0000][47.070s][info ][gc          ] GC(79) Pause Young (Normal) (G1 Evacuation Pause) 625M->435M(805M) 26.793ms
[2025-12-05T07:28:42.869+0000][47.071s][info ][gc,cpu      ] GC(79) User=0.30s Sys=0.00s Real=0.03s
[2025-12-05T07:28:42.870+0000][47.072s][info ][safepoint   ] Safepoint "G1CollectForAllocation", Time since last: 105361428 ns, Reaching safepoint: 190626 ns, Cleanup: 113518 ns, At safepoint: 28573004 ns, Total: 28877148 ns
[2025-12-05T07:28:42.871+0000][47.072s][debug][safepoint   ] ... found polling page loop exception at pc = 0x0000767d99ea6861, stub =0x0000767d98a04400
[2025-12-05T07:28:43.255+0000][47.457s][debug][safepoint   ] Safepoint synchronization initiated using futex wait barrier. (262 threads)
[2025-12-05T07:28:43.256+0000][47.458s][info ][safepoint   ] Safepoint "ICBufferFull", Time since last: 384903316 ns, Reaching safepoint: 132585 ns, Cleanup: 237416 ns, At safepoint: 86967 ns, Total: 456968 ns
[2025-12-05T07:28:43.994+0000][48.196s][debug][safepoint   ] Safepoint synchronization initiated using futex wait barrier. (268 threads)
[2025-12-05T07:28:43.994+0000][48.196s][info ][safepoint   ] Safepoint "ICBufferFull", Time since last: 738033063 ns, Reaching safepoint: 127365 ns, Cleanup: 211416 ns, At safepoint: 52360 ns, Total: 391141 ns
[2025-12-05T07:28:44.027+0000][48.229s][debug][safepoint   ] Safepoint synchronization initiated using futex wait barrier. (268 threads)
[2025-12-05T07:28:44.027+0000][48.229s][info ][gc,start    ] GC(80) Pause Young (Normal) (G1 Evacuation Pause)
[2025-12-05T07:28:44.027+0000][48.229s][info ][gc,task     ] GC(80) Using 13 workers of 13 for evacuation
[2025-12-05T07:28:44.046+0000][48.247s][info ][gc,phases   ] GC(80)   Pre Evacuate Collection Set: 0.4ms
[2025-12-05T07:28:44.046+0000][48.247s][info ][gc,phases   ] GC(80)   Merge Heap Roots: 0.4ms
[2025-12-05T07:28:44.046+0000][48.248s][info ][gc,phases   ] GC(80)   Evacuate Collection Set: 14.6ms
[2025-12-05T07:28:44.046+0000][48.248s][info ][gc,phases   ] GC(80)   Post Evacuate Collection Set: 2.4ms
[2025-12-05T07:28:44.046+0000][48.248s][info ][gc,phases   ] GC(80)   Other: 0.3ms
[2025-12-05T07:28:44.046+0000][48.248s][info ][gc,heap     ] GC(80) Eden regions: 193->0(191)
[2025-12-05T07:28:44.046+0000][48.248s][info ][gc,heap     ] GC(80) Survivor regions: 34->15(29)
[2025-12-05T07:28:44.046+0000][48.248s][info ][gc,heap     ] GC(80) Old regions: 386->423
[2025-12-05T07:28:44.046+0000][48.248s][info ][gc,heap     ] GC(80) Archive regions: 2->2
[2025-12-05T07:28:44.046+0000][48.248s][info ][gc,heap     ] GC(80) Humongous regions: 23->13
[2025-12-05T07:28:44.046+0000][48.248s][info ][gc,metaspace] GC(80) Metaspace: 194869K(196288K)->194869K(196288K) NonClass: 171074K(171776K)->171074K(171776K) Class: 23795K(24512K)->23795K(24512K)
[2025-12-05T07:28:44.046+0000][48.248s][info ][gc          ] GC(80) Pause Young (Normal) (G1 Evacuation Pause) 636M->451M(805M) 18.426ms
[2025-12-05T07:28:44.046+0000][48.248s][info ][gc,cpu      ] GC(80) User=0.20s Sys=0.01s Real=0.02s
[2025-12-05T07:28:44.047+0000][48.249s][info ][safepoint   ] Safepoint "G1CollectForAllocation", Time since last: 32834794 ns, Reaching safepoint: 350153 ns, Cleanup: 26931 ns, At safepoint: 19313562 ns, Total: 19690646 ns
[2025-12-05T07:28:45.047+0000][49.249s][debug][safepoint   ] Safepoint synchronization initiated using futex wait barrier. (265 threads)
[2025-12-05T07:28:45.047+0000][49.249s][info ][safepoint   ] Safepoint "Cleanup", Time since last: 1000255702 ns, Reaching safepoint: 167341 ns, Cleanup: 159757 ns, At safepoint: 6102 ns, Total: 333200 ns
[2025-12-05T07:28:47.048+0000][51.249s][debug][safepoint   ] Safepoint synchronization initiated using futex wait barrier. (269 threads)
[2025-12-05T07:28:47.048+0000][51.250s][info ][safepoint   ] Safepoint "Cleanup", Time since last: 2000335429 ns, Reaching safepoint: 178463 ns, Cleanup: 192871 ns, At safepoint: 9378 ns, Total: 380712 ns
[2025-12-05T07:28:50.048+0000][54.250s][debug][safepoint   ] Safepoint synchronization initiated using futex wait barrier. (260 threads)
[2025-12-05T07:28:50.049+0000][54.251s][info ][safepoint   ] Safepoint "Cleanup", Time since last: 3000590472 ns, Reaching safepoint: 182822 ns, Cleanup: 61819 ns, At safepoint: 8526 ns, Total: 253167 ns
[2025-12-05T07:28:51.352+0000][55.554s][debug][safepoint   ] Safepoint synchronization initiated using futex wait barrier. (260 threads)
[2025-12-05T07:28:51.352+0000][55.554s][info ][safepoint   ] Safepoint "Cleanup", Time since last: 1303175977 ns, Reaching safepoint: 139779 ns, Cleanup: 32002 ns, At safepoint: 3677 ns, Total: 175458 ns
[2025-12-05T07:28:52.352+0000][56.554s][debug][safepoint   ] Safepoint synchronization initiated using futex wait barrier. (263 threads)
[2025-12-05T07:28:52.353+0000][56.555s][info ][safepoint   ] Safepoint "Cleanup", Time since last: 1000176045 ns, Reaching safepoint: 578533 ns, Cleanup: 203521 ns, At safepoint: 9619 ns, Total: 791673 ns
[2025-12-05T07:28:53.353+0000][57.555s][debug][safepoint   ] Safepoint synchronization initiated using futex wait barrier. (261 threads)
[2025-12-05T07:28:53.354+0000][57.556s][info ][safepoint   ] Safepoint "Cleanup", Time since last: 1000379274 ns, Reaching safepoint: 163815 ns, Cleanup: 19067 ns, At safepoint: 5220 ns, Total: 188102 ns
[2025-12-05T07:28:54.354+0000][58.556s][debug][safepoint   ] Safepoint synchronization initiated using futex wait barrier. (260 threads)
[2025-12-05T07:28:54.354+0000][58.556s][info ][safepoint   ] Safepoint "Cleanup", Time since last: 1000161548 ns, Reaching safepoint: 194033 ns, Cleanup: 31841 ns, At safepoint: 4579 ns, Total: 230453 ns
[2025-12-05T07:28:58.979+0000][63.181s][debug][safepoint   ] Safepoint synchronization initiated using futex wait barrier. (261 threads)
[2025-12-05T07:28:58.979+0000][63.181s][info ][safepoint   ] Safepoint "Cleanup", Time since last: 4624910005 ns, Reaching safepoint: 126323 ns, Cleanup: 13256 ns, At safepoint: 4248 ns, Total: 143827 ns
[2025-12-05T07:29:04.978+0000][69.182s][debug][safepoint   ] Safepoint synchronization initiated using futex wait barrier. (262 threads)
[2025-12-05T07:29:04.978+0000][69.182s][info ][safepoint   ] Safepoint "Cleanup", Time since last: 6000927075 ns, Reaching safepoint: 103769 ns, Cleanup: 44095 ns, At safepoint: 4389 ns, Total: 152253 ns
[2025-12-05T07:29:07.979+0000][72.183s][debug][safepoint   ] Safepoint synchronization initiated using futex wait barrier. (262 threads)
[2025-12-05T07:29:07.979+0000][72.183s][info ][safepoint   ] Safepoint "Cleanup", Time since last: 3000508400 ns, Reaching safepoint: 229582 ns, Cleanup: 47351 ns, At safepoint: 6813 ns, Total: 283746 ns
[2025-12-05T07:29:12.980+0000][77.184s][debug][safepoint   ] Safepoint synchronization initiated using futex wait barrier. (263 threads)
[2025-12-05T07:29:12.980+0000][77.184s][info ][safepoint   ] Safepoint "Cleanup", Time since last: 5000890078 ns, Reaching safepoint: 205255 ns, Cleanup: 24517 ns, At safepoint: 4829 ns, Total: 234601 ns
[2025-12-05T07:29:15.981+0000][80.185s][debug][safepoint   ] Safepoint synchronization initiated using futex wait barrier. (263 threads)
[2025-12-05T07:29:15.981+0000][80.185s][info ][safepoint   ] Safepoint "Cleanup", Time since last: 3000524227 ns, Reaching safepoint: 234711 ns, Cleanup: 26060 ns, At safepoint: 7815 ns, Total: 268586 ns
[2025-12-05T07:29:16.981+0000][81.185s][debug][safepoint   ] Safepoint synchronization initiated using futex wait barrier. (263 threads)
[2025-12-05T07:29:16.981+0000][81.185s][info ][safepoint   ] Safepoint "Cleanup", Time since last: 1000153006 ns, Reaching safepoint: 110883 ns, Cleanup: 13787 ns, At safepoint: 3927 ns, Total: 128597 ns
[2025-12-05T07:29:17.982+0000][82.185s][debug][safepoint   ] Safepoint synchronization initiated using futex wait barrier. (263 threads)
[2025-12-05T07:29:17.982+0000][82.186s][info ][safepoint   ] Safepoint "Cleanup", Time since last: 1000343489 ns, Reaching safepoint: 275480 ns, Cleanup: 26391 ns, At safepoint: 7825 ns, Total: 309696 ns
[2025-12-05T07:29:21.983+0000][86.186s][debug][safepoint   ] Safepoint synchronization initiated using futex wait barrier. (263 threads)
[2025-12-05T07:29:21.983+0000][86.187s][info ][safepoint   ] Safepoint "Cleanup", Time since last: 4000771057 ns, Reaching safepoint: 155780 ns, Cleanup: 18997 ns, At safepoint: 4258 ns, Total: 179035 ns
[2025-12-05T07:29:24.983+0000][89.187s][debug][safepoint   ] Safepoint synchronization initiated using futex wait barrier. (264 threads)
[2025-12-05T07:29:24.984+0000][89.187s][info ][safepoint   ] Safepoint "Cleanup", Time since last: 3000517740 ns, Reaching safepoint: 202259 ns, Cleanup: 81918 ns, At safepoint: 11221 ns, Total: 295398 ns
[2025-12-05T07:29:26.984+0000][91.188s][debug][safepoint   ] Safepoint synchronization initiated using futex wait barrier. (263 threads)
[2025-12-05T07:29:26.984+0000][91.188s][info ][safepoint   ] Safepoint "Cleanup", Time since last: 2000317974 ns, Reaching safepoint: 176769 ns, Cleanup: 29967 ns, At safepoint: 4339 ns, Total: 211075 ns
[2025-12-05T07:29:28.984+0000][93.188s][debug][safepoint   ] Safepoint synchronization initiated using futex wait barrier. (263 threads)
[2025-12-05T07:29:28.985+0000][93.189s][info ][safepoint   ] Safepoint "Cleanup", Time since last: 2000367400 ns, Reaching safepoint: 167742 ns, Cleanup: 28624 ns, At safepoint: 5641 ns, Total: 202007 ns
[2025-12-05T07:29:33.984+0000][98.189s][debug][safepoint   ] Safepoint synchronization initiated using futex wait barrier. (262 threads)
[2025-12-05T07:29:33.984+0000][98.189s][info ][safepoint   ] Safepoint "Cleanup", Time since last: 5000684325 ns, Reaching safepoint: 124048 ns, Cleanup: 14498 ns, At safepoint: 3526 ns, Total: 142072 ns
[2025-12-05T07:29:34.984+0000][99.190s][debug][safepoint   ] Safepoint synchronization initiated using futex wait barrier. (263 threads)
[2025-12-05T07:29:34.984+0000][99.190s][info ][safepoint   ] Safepoint "Cleanup", Time since last: 1000190791 ns, Reaching safepoint: 181398 ns, Cleanup: 27012 ns, At safepoint: 5130 ns, Total: 213540 ns
[2025-12-05T07:29:36.984+0000][101.190s][debug][safepoint   ] Safepoint synchronization initiated using futex wait barrier. (255 threads)
[2025-12-05T07:29:36.985+0000][101.190s][info ][safepoint   ] Safepoint "Cleanup", Time since last: 2000294874 ns, Reaching safepoint: 137554 ns, Cleanup: 39315 ns, At safepoint: 6413 ns, Total: 183282 ns
[2025-12-05T07:29:37.985+0000][102.190s][debug][safepoint   ] Safepoint synchronization initiated using futex wait barrier. (255 threads)
[2025-12-05T07:29:37.985+0000][102.191s][info ][safepoint   ] Safepoint "Cleanup", Time since last: 1000166695 ns, Reaching safepoint: 212608 ns, Cleanup: 31080 ns, At safepoint: 6543 ns, Total: 250231 ns
[2025-12-05T07:29:44.319+0000][108.525s][debug][safepoint   ] Safepoint synchronization initiated using futex wait barrier. (252 threads)
[2025-12-05T07:29:44.321+0000][108.526s][info ][safepoint   ] Safepoint "Cleanup", Time since last: 6334508649 ns, Reaching safepoint: 740443 ns, Cleanup: 97588 ns, At safepoint: 202168 ns, Total: 1040199 ns
[2025-12-05T07:29:45.321+0000][109.526s][debug][safepoint   ] Safepoint synchronization initiated using futex wait barrier. (256 threads)
[2025-12-05T07:29:45.321+0000][109.527s][info ][safepoint   ] Safepoint "Cleanup", Time since last: 1000252356 ns, Reaching safepoint: 180577 ns, Cleanup: 108409 ns, At safepoint: 8125 ns, Total: 297111 ns
[2025-12-05T07:29:52.322+0000][116.528s][debug][safepoint   ] Safepoint synchronization initiated using futex wait barrier. (255 threads)
[2025-12-05T07:29:52.322+0000][116.528s][info ][safepoint   ] Safepoint "Cleanup", Time since last: 7000958951 ns, Reaching safepoint: 194133 ns, Cleanup: 26882 ns, At safepoint: 5370 ns, Total: 226385 ns
[2025-12-05T07:29:58.011+0000][122.217s][debug][safepoint   ] Safepoint synchronization initiated using futex wait barrier. (255 threads)
[2025-12-05T07:29:58.012+0000][122.217s][info ][safepoint   ] Safepoint "Cleanup", Time since last: 5689031906 ns, Reaching safepoint: 339161 ns, Cleanup: 61057 ns, At safepoint: 6974 ns, Total: 407192 ns
[2025-12-05T07:30:06.011+0000][130.219s][debug][safepoint   ] Safepoint synchronization initiated using futex wait barrier. (256 threads)
[2025-12-05T07:30:06.011+0000][130.219s][info ][safepoint   ] Safepoint "Cleanup", Time since last: 8001187191 ns, Reaching safepoint: 285594 ns, Cleanup: 19898 ns, At safepoint: 236634 ns, Total: 542126 ns
[2025-12-05T07:30:14.010+0000][138.218s][debug][safepoint   ] Safepoint synchronization initiated using futex wait barrier. (256 threads)
[2025-12-05T07:30:14.011+0000][138.219s][info ][gc,start    ] GC(81) Pause Young (Normal) (G1 Evacuation Pause)
[2025-12-05T07:30:14.011+0000][138.219s][info ][gc,task     ] GC(81) Using 13 workers of 13 for evacuation
[2025-12-05T07:30:14.029+0000][138.237s][info ][gc,phases   ] GC(81)   Pre Evacuate Collection Set: 0.9ms
[2025-12-05T07:30:14.030+0000][138.237s][info ][gc,phases   ] GC(81)   Merge Heap Roots: 0.7ms
[2025-12-05T07:30:14.030+0000][138.237s][info ][gc,phases   ] GC(81)   Evacuate Collection Set: 13.6ms
[2025-12-05T07:30:14.030+0000][138.237s][info ][gc,phases   ] GC(81)   Post Evacuate Collection Set: 2.9ms
[2025-12-05T07:30:14.030+0000][138.237s][info ][gc,phases   ] GC(81)   Other: 0.8ms
[2025-12-05T07:30:14.030+0000][138.237s][info ][gc,heap     ] GC(81) Eden regions: 191->0(203)
[2025-12-05T07:30:14.030+0000][138.237s][info ][gc,heap     ] GC(81) Survivor regions: 15->14(26)
[2025-12-05T07:30:14.030+0000][138.237s][info ][gc,heap     ] GC(81) Old regions: 423->423
[2025-12-05T07:30:14.030+0000][138.237s][info ][gc,heap     ] GC(81) Archive regions: 2->2
[2025-12-05T07:30:14.030+0000][138.237s][info ][gc,heap     ] GC(81) Humongous regions: 13->13
[2025-12-05T07:30:14.030+0000][138.237s][info ][gc,metaspace] GC(81) Metaspace: 196721K(198272K)->196721K(198272K) NonClass: 172751K(173568K)->172751K(173568K) Class: 23969K(24704K)->23969K(24704K)
[2025-12-05T07:30:14.030+0000][138.237s][info ][gc          ] GC(81) Pause Young (Normal) (G1 Evacuation Pause) 642M->449M(805M) 18.754ms
[2025-12-05T07:30:14.030+0000][138.238s][info ][gc,cpu      ] GC(81) User=0.17s Sys=0.01s Real=0.01s
[2025-12-05T07:30:14.031+0000][138.239s][info ][safepoint   ] Safepoint "G1CollectForAllocation", Time since last: 7998916754 ns, Reaching safepoint: 168513 ns, Cleanup: 17334 ns, At safepoint: 20756711 ns, Total: 20942558 ns
[2025-12-05T07:30:15.186+0000][139.394s][debug][safepoint   ] Safepoint synchronization initiated using futex wait barrier. (257 threads)
[2025-12-05T07:30:15.186+0000][139.394s][info ][safepoint   ] Safepoint "Cleanup", Time since last: 1154680322 ns, Reaching safepoint: 253196 ns, Cleanup: 69113 ns, At safepoint: 4639 ns, Total: 326948 ns
[2025-12-05T07:30:17.187+0000][141.394s][debug][safepoint   ] Safepoint synchronization initiated using futex wait barrier. (257 threads)
[2025-12-05T07:30:17.187+0000][141.395s][info ][safepoint   ] Safepoint "Cleanup", Time since last: 2000406579 ns, Reaching safepoint: 183102 ns, Cleanup: 22754 ns, At safepoint: 6853 ns, Total: 212709 ns
[2025-12-05T07:30:18.187+0000][142.395s][debug][safepoint   ] Safepoint synchronization initiated using futex wait barrier. (257 threads)
[2025-12-05T07:30:18.187+0000][142.395s][info ][safepoint   ] Safepoint "Cleanup", Time since last: 1000269931 ns, Reaching safepoint: 232967 ns, Cleanup: 36931 ns, At safepoint: 4719 ns, Total: 274617 ns
[2025-12-05T07:30:24.188+0000][148.396s][debug][safepoint   ] Safepoint synchronization initiated using futex wait barrier. (257 threads)
[2025-12-05T07:30:24.189+0000][148.396s][info ][safepoint   ] Safepoint "Cleanup", Time since last: 6000922932 ns, Reaching safepoint: 245882 ns, Cleanup: 23255 ns, At safepoint: 4759 ns, Total: 273896 ns
[2025-12-05T07:30:34.189+0000][158.398s][debug][safepoint   ] Safepoint synchronization initiated using futex wait barrier. (260 threads)
[2025-12-05T07:30:34.189+0000][158.399s][info ][safepoint   ] Safepoint "Cleanup", Time since last: 10001789712 ns, Reaching safepoint: 277683 ns, Cleanup: 90094 ns, At safepoint: 200324 ns, Total: 568101 ns
[2025-12-05T07:30:37.190+0000][161.399s][debug][safepoint   ] Safepoint synchronization initiated using futex wait barrier. (255 threads)
[2025-12-05T07:30:37.191+0000][161.400s][info ][safepoint   ] Safepoint "Cleanup", Time since last: 3000629589 ns, Reaching safepoint: 308372 ns, Cleanup: 329473 ns, At safepoint: 121904 ns, Total: 759749 ns
[2025-12-05T07:30:39.191+0000][163.401s][debug][safepoint   ] Safepoint synchronization initiated using futex wait barrier. (258 threads)
[2025-12-05T07:30:39.191+0000][163.401s][info ][safepoint   ] Safepoint "Cleanup", Time since last: 2000383238 ns, Reaching safepoint: 153685 ns, Cleanup: 102377 ns, At safepoint: 4589 ns, Total: 260651 ns
[2025-12-05T07:30:47.193+0000][171.402s][debug][safepoint   ] Safepoint synchronization initiated using futex wait barrier. (254 threads)
[2025-12-05T07:30:47.193+0000][171.402s][info ][safepoint   ] Safepoint "Cleanup", Time since last: 8001223814 ns, Reaching safepoint: 305728 ns, Cleanup: 37181 ns, At safepoint: 9979 ns, Total: 352888 ns
[2025-12-05T07:30:48.193+0000][172.402s][debug][safepoint   ] Safepoint synchronization initiated using futex wait barrier. (254 threads)
[2025-12-05T07:30:48.193+0000][172.403s][info ][safepoint   ] Safepoint "Cleanup", Time since last: 1000147896 ns, Reaching safepoint: 142333 ns, Cleanup: 21451 ns, At safepoint: 4659 ns, Total: 168443 ns
[2025-12-05T07:30:49.193+0000][173.403s][debug][safepoint   ] Safepoint synchronization initiated using futex wait barrier. (254 threads)
[2025-12-05T07:30:49.194+0000][173.403s][info ][safepoint   ] Safepoint "Cleanup", Time since last: 1000135323 ns, Reaching safepoint: 125892 ns, Cleanup: 23696 ns, At safepoint: 29647 ns, Total: 179235 ns
[2025-12-05T07:30:50.194+0000][174.403s][debug][safepoint   ] Safepoint synchronization initiated using futex wait barrier. (254 threads)
[2025-12-05T07:30:50.194+0000][174.403s][info ][safepoint   ] Safepoint "Cleanup", Time since last: 1000148549 ns, Reaching safepoint: 111795 ns, Cleanup: 30920 ns, At safepoint: 4398 ns, Total: 147113 ns
[2025-12-05T07:31:09.045+0000][193.256s][debug][safepoint   ] Safepoint synchronization initiated using futex wait barrier. (261 threads)
[2025-12-05T07:31:09.045+0000][193.256s][info ][safepoint   ] Safepoint "Cleanup", Time since last: 18852316668 ns, Reaching safepoint: 210725 ns, Cleanup: 167141 ns, At safepoint: 9899 ns, Total: 387765 ns
[2025-12-05T07:31:11.045+0000][195.256s][debug][safepoint   ] Safepoint synchronization initiated using futex wait barrier. (258 threads)
[2025-12-05T07:31:11.046+0000][195.257s][info ][safepoint   ] Safepoint "Cleanup", Time since last: 2000333453 ns, Reaching safepoint: 165868 ns, Cleanup: 74874 ns, At safepoint: 5641 ns, Total: 246383 ns
[2025-12-05T07:31:14.046+0000][198.257s][debug][safepoint   ] Safepoint synchronization initiated using futex wait barrier. (256 threads)
[2025-12-05T07:31:14.046+0000][198.257s][info ][safepoint   ] Safepoint "Cleanup", Time since last: 3000426398 ns, Reaching safepoint: 213019 ns, Cleanup: 36119 ns, At safepoint: 7234 ns, Total: 256372 ns
[2025-12-05T07:31:18.047+0000][202.258s][debug][safepoint   ] Safepoint synchronization initiated using futex wait barrier. (257 threads)
[2025-12-05T07:31:18.047+0000][202.258s][info ][safepoint   ] Safepoint "Cleanup", Time since last: 4000589173 ns, Reaching safepoint: 154798 ns, Cleanup: 19567 ns, At safepoint: 3878 ns, Total: 178243 ns
[2025-12-05T07:31:28.049+0000][212.259s][debug][safepoint   ] Safepoint synchronization initiated using futex wait barrier. (258 threads)
[2025-12-05T07:31:28.049+0000][212.260s][info ][safepoint   ] Safepoint "Cleanup", Time since last: 10001436422 ns, Reaching safepoint: 214320 ns, Cleanup: 36850 ns, At safepoint: 8106 ns, Total: 259276 ns
[2025-12-05T07:31:32.047+0000][216.260s][debug][safepoint   ] Safepoint synchronization initiated using futex wait barrier. (258 threads)
[2025-12-05T07:31:32.048+0000][216.261s][info ][safepoint   ] Safepoint "Cleanup", Time since last: 4000725980 ns, Reaching safepoint: 189101 ns, Cleanup: 24357 ns, At safepoint: 5210 ns, Total: 218668 ns
[2025-12-05T07:31:34.048+0000][218.261s][debug][safepoint   ] Safepoint synchronization initiated using futex wait barrier. (258 threads)
[2025-12-05T07:31:34.048+0000][218.261s][info ][safepoint   ] Safepoint "Cleanup", Time since last: 2000390585 ns, Reaching safepoint: 266650 ns, Cleanup: 31981 ns, At safepoint: 5641 ns, Total: 304272 ns
[2025-12-05T07:31:38.049+0000][222.262s][debug][safepoint   ] Safepoint synchronization initiated using futex wait barrier. (256 threads)
[2025-12-05T07:31:38.049+0000][222.262s][info ][safepoint   ] Safepoint "Cleanup", Time since last: 4000755188 ns, Reaching safepoint: 146882 ns, Cleanup: 11923 ns, At safepoint: 47772 ns, Total: 206577 ns
[2025-12-05T07:31:39.820+0000][224.033s][debug][safepoint   ] Safepoint synchronization initiated using futex wait barrier. (256 threads)
[2025-12-05T07:31:39.820+0000][224.033s][info ][safepoint   ] Safepoint "Cleanup", Time since last: 1770769210 ns, Reaching safepoint: 152282 ns, Cleanup: 120621 ns, At safepoint: 4719 ns, Total: 277622 ns
[2025-12-05T07:31:41.821+0000][226.034s][debug][safepoint   ] Safepoint synchronization initiated using futex wait barrier. (258 threads)
[2025-12-05T07:31:41.821+0000][226.034s][debug][safepoint   ] ... found polling page loop exception at pc = 0x0000767d9930d9f0, stub =0x0000767d98a04400
[2025-12-05T07:31:41.822+0000][226.035s][info ][safepoint   ] Safepoint "Cleanup", Time since last: 2000290029 ns, Reaching safepoint: 389478 ns, Cleanup: 24707 ns, At safepoint: 1075534 ns, Total: 1489719 ns
[2025-12-05T07:31:42.824+0000][227.037s][debug][safepoint   ] Safepoint synchronization initiated using futex wait barrier. (259 threads)
[2025-12-05T07:31:42.824+0000][227.037s][info ][safepoint   ] Safepoint "Cleanup", Time since last: 1001678498 ns, Reaching safepoint: 142924 ns, Cleanup: 55526 ns, At safepoint: 4770 ns, Total: 203220 ns
[2025-12-05T07:31:44.824+0000][229.037s][debug][safepoint   ] Safepoint synchronization initiated using futex wait barrier. (260 threads)
[2025-12-05T07:31:44.824+0000][229.037s][debug][safepoint   ] ... found polling page loop exception at pc = 0x0000767d9a18ba10, stub =0x0000767d98a04400
[2025-12-05T07:31:44.828+0000][229.041s][debug][safepoint   ] ... found polling page loop exception at pc = 0x0000767d9a19e428, stub =0x0000767d98a04400
[2025-12-05T07:31:44.829+0000][229.042s][info ][safepoint   ] Safepoint "Cleanup", Time since last: 2000332313 ns, Reaching safepoint: 4547504 ns, Cleanup: 156831 ns, At safepoint: 203320 ns, Total: 4907655 ns
[2025-12-05T07:31:45.829+0000][230.042s][debug][safepoint   ] Safepoint synchronization initiated using futex wait barrier. (260 threads)
[2025-12-05T07:31:45.830+0000][230.043s][info ][safepoint   ] Safepoint "Cleanup", Time since last: 1000225637 ns, Reaching safepoint: 347908 ns, Cleanup: 81406 ns, At safepoint: 7224 ns, Total: 436538 ns
[2025-12-05T07:31:46.233+0000][230.446s][debug][safepoint   ] Safepoint synchronization initiated using futex wait barrier. (257 threads)
[2025-12-05T07:31:46.234+0000][230.447s][info ][gc,start    ] GC(82) Pause Young (Normal) (G1 Evacuation Pause)
[2025-12-05T07:31:46.234+0000][230.447s][info ][gc,task     ] GC(82) Using 13 workers of 13 for evacuation
[2025-12-05T07:31:46.246+0000][230.459s][info ][gc,phases   ] GC(82)   Pre Evacuate Collection Set: 0.7ms
[2025-12-05T07:31:46.246+0000][230.459s][info ][gc,phases   ] GC(82)   Merge Heap Roots: 0.4ms
[2025-12-05T07:31:46.246+0000][230.459s][info ][gc,phases   ] GC(82)   Evacuate Collection Set: 8.6ms
[2025-12-05T07:31:46.246+0000][230.459s][info ][gc,phases   ] GC(82)   Post Evacuate Collection Set: 2.5ms
[2025-12-05T07:31:46.246+0000][230.459s][info ][gc,phases   ] GC(82)   Other: 0.7ms
[2025-12-05T07:31:46.246+0000][230.459s][info ][gc,heap     ] GC(82) Eden regions: 203->0(212)
[2025-12-05T07:31:46.246+0000][230.459s][info ][gc,heap     ] GC(82) Survivor regions: 14->15(28)
[2025-12-05T07:31:46.246+0000][230.459s][info ][gc,heap     ] GC(82) Old regions: 423->423
[2025-12-05T07:31:46.246+0000][230.459s][info ][gc,heap     ] GC(82) Archive regions: 2->2
[2025-12-05T07:31:46.246+0000][230.459s][info ][gc,heap     ] GC(82) Humongous regions: 13->13
[2025-12-05T07:31:46.247+0000][230.460s][info ][gc,metaspace] GC(82) Metaspace: 198452K(200000K)->198452K(200000K) NonClass: 174388K(175168K)->174388K(175168K) Class: 24064K(24832K)->24064K(24832K)
[2025-12-05T07:31:46.247+0000][230.460s][info ][gc          ] GC(82) Pause Young (Normal) (G1 Evacuation Pause) 652M->451M(805M) 12.906ms
[2025-12-05T07:31:46.247+0000][230.460s][info ][gc,cpu      ] GC(82) User=0.12s Sys=0.00s Real=0.01s
[2025-12-05T07:31:46.248+0000][230.461s][info ][safepoint   ] Safepoint "G1CollectForAllocation", Time since last: 403136472 ns, Reaching safepoint: 250251 ns, Cleanup: 67309 ns, At safepoint: 14193455 ns, Total: 14511015 ns
[2025-12-05T07:31:47.248+0000][231.461s][debug][safepoint   ] Safepoint synchronization initiated using futex wait barrier. (258 threads)
[2025-12-05T07:31:47.248+0000][231.461s][info ][safepoint   ] Safepoint "Cleanup", Time since last: 1000207612 ns, Reaching safepoint: 113578 ns, Cleanup: 116734 ns, At safepoint: 3677 ns, Total: 233989 ns
[2025-12-05T07:31:48.248+0000][232.461s][debug][safepoint   ] Safepoint synchronization initiated using futex wait barrier. (259 threads)
[2025-12-05T07:31:48.248+0000][232.461s][info ][safepoint   ] Safepoint "Cleanup", Time since last: 1000187854 ns, Reaching safepoint: 118307 ns, Cleanup: 28545 ns, At safepoint: 3687 ns, Total: 150539 ns
[2025-12-05T07:31:58.089+0000][242.302s][debug][safepoint   ] Safepoint synchronization initiated using futex wait barrier. (258 threads)
[2025-12-05T07:31:58.089+0000][242.302s][info ][safepoint   ] Safepoint "Cleanup", Time since last: 9840450431 ns, Reaching safepoint: 421019 ns, Cleanup: 39676 ns, At safepoint: 6733 ns, Total: 467428 ns
[2025-12-05T07:32:05.088+0000][249.303s][debug][safepoint   ] Safepoint synchronization initiated using futex wait barrier. (258 threads)
[2025-12-05T07:32:05.089+0000][249.304s][info ][safepoint   ] Safepoint "Cleanup", Time since last: 7001183066 ns, Reaching safepoint: 368838 ns, Cleanup: 46339 ns, At safepoint: 29406 ns, Total: 444583 ns
[2025-12-05T07:32:06.089+0000][250.304s][debug][safepoint   ] Safepoint synchronization initiated using futex wait barrier. (258 threads)
[2025-12-05T07:32:06.089+0000][250.304s][info ][safepoint   ] Safepoint "Cleanup", Time since last: 1000263771 ns, Reaching safepoint: 128607 ns, Cleanup: 44385 ns, At safepoint: 5320 ns, Total: 178312 ns
[2025-12-05T07:32:19.091+0000][263.306s][debug][safepoint   ] Safepoint synchronization initiated using futex wait barrier. (258 threads)
[2025-12-05T07:32:19.091+0000][263.306s][info ][safepoint   ] Safepoint "Cleanup", Time since last: 13001731127 ns, Reaching safepoint: 148575 ns, Cleanup: 28815 ns, At safepoint: 4459 ns, Total: 181849 ns
[2025-12-05T07:32:23.092+0000][267.307s][debug][safepoint   ] Safepoint synchronization initiated using futex wait barrier. (259 threads)
[2025-12-05T07:32:23.092+0000][267.307s][info ][safepoint   ] Safepoint "Cleanup", Time since last: 4000537963 ns, Reaching safepoint: 145249 ns, Cleanup: 29507 ns, At safepoint: 4659 ns, Total: 179415 ns
[2025-12-05T07:32:24.092+0000][268.307s][debug][safepoint   ] Safepoint synchronization initiated using futex wait barrier. (259 threads)
[2025-12-05T07:32:24.092+0000][268.307s][info ][safepoint   ] Safepoint "Cleanup", Time since last: 1000152235 ns, Reaching safepoint: 155218 ns, Cleanup: 22914 ns, At safepoint: 4649 ns, Total: 182781 ns
[2025-12-05T07:32:34.092+0000][278.309s][debug][safepoint   ] Safepoint synchronization initiated using futex wait barrier. (259 threads)
[2025-12-05T07:32:34.092+0000][278.309s][info ][safepoint   ] Safepoint "Cleanup", Time since last: 10001316338 ns, Reaching safepoint: 264187 ns, Cleanup: 29557 ns, At safepoint: 7544 ns, Total: 301288 ns
[2025-12-05T07:32:35.092+0000][279.309s][debug][safepoint   ] Safepoint synchronization initiated using futex wait barrier. (258 threads)
[2025-12-05T07:32:35.093+0000][279.310s][info ][safepoint   ] Safepoint "Cleanup", Time since last: 1000191868 ns, Reaching safepoint: 521000 ns, Cleanup: 29326 ns, At safepoint: 180507 ns, Total: 730833 ns
[2025-12-05T07:32:51.095+0000][295.312s][debug][safepoint   ] Safepoint synchronization initiated using futex wait barrier. (256 threads)
[2025-12-05T07:32:51.096+0000][295.313s][info ][safepoint   ] Safepoint "Cleanup", Time since last: 16002370895 ns, Reaching safepoint: 285970 ns, Cleanup: 16451 ns, At safepoint: 70005 ns, Total: 372426 ns
[2025-12-05T07:32:57.123+0000][301.340s][debug][safepoint   ] Safepoint synchronization initiated using futex wait barrier. (256 threads)
[2025-12-05T07:32:57.123+0000][301.340s][info ][safepoint   ] Safepoint "Cleanup", Time since last: 6026964521 ns, Reaching safepoint: 240311 ns, Cleanup: 26882 ns, At safepoint: 7695 ns, Total: 274888 ns
[2025-12-05T07:33:06.123+0000][310.341s][debug][safepoint   ] Safepoint synchronization initiated using futex wait barrier. (255 threads)
[2025-12-05T07:33:06.123+0000][310.342s][info ][safepoint   ] Safepoint "Cleanup", Time since last: 9001246280 ns, Reaching safepoint: 583551 ns, Cleanup: 62359 ns, At safepoint: 7054 ns, Total: 652964 ns
[2025-12-05T07:33:17.126+0000][321.344s][debug][safepoint   ] Safepoint synchronization initiated using futex wait barrier. (255 threads)
[2025-12-05T07:33:17.126+0000][321.344s][info ][safepoint   ] Safepoint "Cleanup", Time since last: 11002567150 ns, Reaching safepoint: 161701 ns, Cleanup: 8556 ns, At safepoint: 4849 ns, Total: 175106 ns
[2025-12-05T07:33:18.126+0000][322.345s][debug][safepoint   ] Safepoint synchronization initiated using futex wait barrier. (255 threads)
[2025-12-05T07:33:18.126+0000][322.345s][info ][safepoint   ] Safepoint "Cleanup", Time since last: 1000159104 ns, Reaching safepoint: 190646 ns, Cleanup: 22263 ns, At safepoint: 5089 ns, Total: 217998 ns
[2025-12-05T07:33:36.127+0000][340.347s][debug][safepoint   ] Safepoint synchronization initiated using futex wait barrier. (255 threads)
[2025-12-05T07:33:36.127+0000][340.348s][info ][safepoint   ] Safepoint "Cleanup", Time since last: 18002603750 ns, Reaching safepoint: 176199 ns, Cleanup: 20800 ns, At safepoint: 3877 ns, Total: 200876 ns
[2025-12-05T07:33:40.128+0000][344.348s][debug][safepoint   ] Safepoint synchronization initiated using futex wait barrier. (255 threads)
[2025-12-05T07:33:40.128+0000][344.349s][info ][safepoint   ] Safepoint "Cleanup", Time since last: 4000711438 ns, Reaching safepoint: 307210 ns, Cleanup: 69564 ns, At safepoint: 4518 ns, Total: 381292 ns
[2025-12-05T07:33:41.129+0000][345.349s][debug][safepoint   ] Safepoint synchronization initiated using futex wait barrier. (255 threads)
[2025-12-05T07:33:41.129+0000][345.349s][info ][safepoint   ] Safepoint "Cleanup", Time since last: 1000182973 ns, Reaching safepoint: 158484 ns, Cleanup: 19628 ns, At safepoint: 5099 ns, Total: 183211 ns
[2025-12-05T07:33:43.129+0000][347.349s][debug][safepoint   ] Safepoint synchronization initiated using futex wait barrier. (255 threads)
[2025-12-05T07:33:43.129+0000][347.350s][info ][safepoint   ] Safepoint "Cleanup", Time since last: 2000339339 ns, Reaching safepoint: 149356 ns, Cleanup: 33845 ns, At safepoint: 5481 ns, Total: 188682 ns
[2025-12-05T07:33:44.129+0000][348.350s][debug][safepoint   ] Safepoint synchronization initiated using futex wait barrier. (256 threads)
[2025-12-05T07:33:44.130+0000][348.350s][info ][safepoint   ] Safepoint "Cleanup", Time since last: 1000161776 ns, Reaching safepoint: 187410 ns, Cleanup: 30899 ns, At safepoint: 5611 ns, Total: 223920 ns
[2025-12-05T07:33:47.130+0000][351.350s][debug][safepoint   ] Safepoint synchronization initiated using futex wait barrier. (259 threads)
[2025-12-05T07:33:47.130+0000][351.351s][info ][safepoint   ] Safepoint "Cleanup", Time since last: 3000479015 ns, Reaching safepoint: 205154 ns, Cleanup: 79162 ns, At safepoint: 6563 ns, Total: 290879 ns
[2025-12-05T07:33:48.131+0000][352.351s][debug][safepoint   ] Safepoint synchronization initiated using futex wait barrier. (256 threads)
[2025-12-05T07:33:48.131+0000][352.351s][info ][safepoint   ] Safepoint "Cleanup", Time since last: 1000156670 ns, Reaching safepoint: 120782 ns, Cleanup: 80896 ns, At safepoint: 3817 ns, Total: 205495 ns
[2025-12-05T07:33:58.156+0000][362.376s][debug][safepoint   ] Safepoint synchronization initiated using futex wait barrier. (256 threads)
[2025-12-05T07:33:58.156+0000][362.377s][info ][safepoint   ] Safepoint "Cleanup", Time since last: 10025320551 ns, Reaching safepoint: 117796 ns, Cleanup: 17634 ns, At safepoint: 4409 ns, Total: 139839 ns
[2025-12-05T07:34:04.156+0000][368.378s][debug][safepoint   ] Safepoint synchronization initiated using futex wait barrier. (256 threads)
[2025-12-05T07:34:04.156+0000][368.378s][info ][safepoint   ] Safepoint "Cleanup", Time since last: 6001037042 ns, Reaching safepoint: 185637 ns, Cleanup: 88289 ns, At safepoint: 10631 ns, Total: 284557 ns
[2025-12-05T07:34:05.156+0000][369.378s][debug][safepoint   ] Safepoint synchronization initiated using futex wait barrier. (256 threads)
[2025-12-05T07:34:05.156+0000][369.378s][info ][safepoint   ] Safepoint "Cleanup", Time since last: 1000208182 ns, Reaching safepoint: 188552 ns, Cleanup: 17032 ns, At safepoint: 6393 ns, Total: 211977 ns
[2025-12-05T07:34:07.985+0000][372.207s][debug][safepoint   ] Safepoint synchronization initiated using futex wait barrier. (256 threads)
[2025-12-05T07:34:07.986+0000][372.208s][info ][gc,start    ] GC(83) Pause Young (Normal) (G1 Evacuation Pause)
[2025-12-05T07:34:07.986+0000][372.208s][info ][gc,task     ] GC(83) Using 13 workers of 13 for evacuation
[2025-12-05T07:34:08.001+0000][372.223s][info ][gc,phases   ] GC(83)   Pre Evacuate Collection Set: 0.5ms
[2025-12-05T07:34:08.001+0000][372.224s][info ][gc,phases   ] GC(83)   Merge Heap Roots: 0.4ms
[2025-12-05T07:34:08.001+0000][372.224s][info ][gc,phases   ] GC(83)   Evacuate Collection Set: 12.2ms
[2025-12-05T07:34:08.001+0000][372.224s][info ][gc,phases   ] GC(83)   Post Evacuate Collection Set: 2.3ms
[2025-12-05T07:34:08.001+0000][372.224s][info ][gc,phases   ] GC(83)   Other: 0.5ms
[2025-12-05T07:34:08.001+0000][372.224s][info ][gc,heap     ] GC(83) Eden regions: 212->0(222)
[2025-12-05T07:34:08.001+0000][372.224s][info ][gc,heap     ] GC(83) Survivor regions: 15->15(29)
[2025-12-05T07:34:08.001+0000][372.224s][info ][gc,heap     ] GC(83) Old regions: 423->423
[2025-12-05T07:34:08.001+0000][372.224s][info ][gc,heap     ] GC(83) Archive regions: 2->2
[2025-12-05T07:34:08.001+0000][372.224s][info ][gc,heap     ] GC(83) Humongous regions: 13->13
[2025-12-05T07:34:08.002+0000][372.224s][info ][gc,metaspace] GC(83) Metaspace: 199029K(200576K)->199029K(200576K) NonClass: 174950K(175744K)->174950K(175744K) Class: 24079K(24832K)->24079K(24832K)
[2025-12-05T07:34:08.002+0000][372.224s][info ][gc          ] GC(83) Pause Young (Normal) (G1 Evacuation Pause) 663M->451M(805M) 15.984ms
[2025-12-05T07:34:08.002+0000][372.224s][info ][gc,cpu      ] GC(83) User=0.16s Sys=0.00s Real=0.01s
[2025-12-05T07:34:08.002+0000][372.224s][info ][safepoint   ] Safepoint "G1CollectForAllocation", Time since last: 2828347127 ns, Reaching safepoint: 276521 ns, Cleanup: 6563 ns, At safepoint: 17502358 ns, Total: 17785442 ns
[2025-12-05T07:34:13.003+0000][377.225s][debug][safepoint   ] Safepoint synchronization initiated using futex wait barrier. (256 threads)
[2025-12-05T07:34:13.004+0000][377.226s][info ][safepoint   ] Safepoint "Cleanup", Time since last: 5000956524 ns, Reaching safepoint: 282233 ns, Cleanup: 61468 ns, At safepoint: 7374 ns, Total: 351075 ns
[2025-12-05T07:34:14.004+0000][378.226s][debug][safepoint   ] Safepoint synchronization initiated using futex wait barrier. (258 threads)
[2025-12-05T07:34:14.004+0000][378.226s][info ][safepoint   ] Safepoint "Cleanup", Time since last: 1000167888 ns, Reaching safepoint: 182069 ns, Cleanup: 73852 ns, At safepoint: 5491 ns, Total: 261412 ns
[2025-12-05T07:34:17.005+0000][381.227s][debug][safepoint   ] Safepoint synchronization initiated using futex wait barrier. (256 threads)
[2025-12-05T07:34:17.005+0000][381.227s][info ][safepoint   ] Safepoint "Cleanup", Time since last: 3000507981 ns, Reaching safepoint: 309671 ns, Cleanup: 31521 ns, At safepoint: 5390 ns, Total: 346582 ns
[2025-12-05T07:34:18.005+0000][382.227s][debug][safepoint   ] Safepoint synchronization initiated using futex wait barrier. (256 threads)
[2025-12-05T07:34:18.005+0000][382.227s][info ][safepoint   ] Safepoint "Cleanup", Time since last: 1000237751 ns, Reaching safepoint: 150840 ns, Cleanup: 27753 ns, At safepoint: 5671 ns, Total: 184264 ns
[2025-12-05T07:34:19.006+0000][383.228s][debug][safepoint   ] Safepoint synchronization initiated using futex wait barrier. (256 threads)
[2025-12-05T07:34:19.006+0000][383.228s][info ][safepoint   ] Safepoint "Cleanup", Time since last: 1000205453 ns, Reaching safepoint: 240011 ns, Cleanup: 39956 ns, At safepoint: 5992 ns, Total: 285959 ns
[2025-12-05T07:34:21.006+0000][385.229s][debug][safepoint   ] Safepoint synchronization initiated using futex wait barrier. (256 threads)
[2025-12-05T07:34:21.007+0000][385.229s][info ][safepoint   ] Safepoint "Cleanup", Time since last: 2000547680 ns, Reaching safepoint: 172130 ns, Cleanup: 51710 ns, At safepoint: 4699 ns, Total: 228539 ns
[2025-12-05T07:34:25.007+0000][389.230s][debug][safepoint   ] Safepoint synchronization initiated using futex wait barrier. (256 threads)
[2025-12-05T07:34:25.008+0000][389.230s][info ][safepoint   ] Safepoint "Cleanup", Time since last: 4000777624 ns, Reaching safepoint: 201677 ns, Cleanup: 66868 ns, At safepoint: 6603 ns, Total: 275148 ns
[2025-12-05T07:34:27.008+0000][391.230s][debug][safepoint   ] Safepoint synchronization initiated using futex wait barrier. (257 threads)
[2025-12-05T07:34:27.008+0000][391.230s][info ][safepoint   ] Safepoint "Cleanup", Time since last: 2000327721 ns, Reaching safepoint: 174956 ns, Cleanup: 41289 ns, At safepoint: 5971 ns, Total: 222216 ns
[2025-12-05T07:34:28.009+0000][392.231s][debug][safepoint   ] Safepoint synchronization initiated using futex wait barrier. (256 threads)
[2025-12-05T07:34:28.009+0000][392.231s][info ][safepoint   ] Safepoint "Cleanup", Time since last: 1000286363 ns, Reaching safepoint: 177380 ns, Cleanup: 49285 ns, At safepoint: 6893 ns, Total: 233558 ns
[2025-12-05T07:34:34.008+0000][398.232s][debug][safepoint   ] Safepoint synchronization initiated using futex wait barrier. (256 threads)
[2025-12-05T07:34:34.008+0000][398.232s][info ][safepoint   ] Safepoint "Cleanup", Time since last: 6000994647 ns, Reaching safepoint: 127965 ns, Cleanup: 15199 ns, At safepoint: 3738 ns, Total: 146902 ns
[2025-12-05T07:34:42.009+0000][406.233s][debug][safepoint   ] Safepoint synchronization initiated using futex wait barrier. (255 threads)
[2025-12-05T07:34:42.010+0000][406.233s][info ][safepoint   ] Safepoint "Cleanup", Time since last: 8001146566 ns, Reaching safepoint: 160518 ns, Cleanup: 20209 ns, At safepoint: 5039 ns, Total: 185766 ns
[2025-12-05T07:34:58.012+0000][422.236s][debug][safepoint   ] Safepoint synchronization initiated using futex wait barrier. (255 threads)
[2025-12-05T07:34:58.012+0000][422.236s][info ][safepoint   ] Safepoint "Cleanup", Time since last: 16002240991 ns, Reaching safepoint: 128817 ns, Cleanup: 12594 ns, At safepoint: 4279 ns, Total: 145690 ns
[2025-12-05T07:35:18.013+0000][442.239s][debug][safepoint   ] Safepoint synchronization initiated using futex wait barrier. (255 threads)
[2025-12-05T07:35:18.013+0000][442.239s][info ][safepoint   ] Safepoint "Cleanup", Time since last: 20002835519 ns, Reaching safepoint: 271922 ns, Cleanup: 35758 ns, At safepoint: 8938 ns, Total: 316618 ns
[2025-12-05T07:35:43.016+0000][467.243s][debug][safepoint   ] Safepoint synchronization initiated using futex wait barrier. (251 threads)
[2025-12-05T07:35:43.016+0000][467.243s][info ][safepoint   ] Safepoint "Cleanup", Time since last: 25004436279 ns, Reaching safepoint: 136202 ns, Cleanup: 23836 ns, At safepoint: 3516 ns, Total: 163554 ns
[2025-12-05T07:35:50.017+0000][474.244s][debug][safepoint   ] Safepoint synchronization initiated using futex wait barrier. (254 threads)
[2025-12-05T07:35:50.017+0000][474.245s][info ][safepoint   ] Safepoint "Cleanup", Time since last: 7000984746 ns, Reaching safepoint: 197910 ns, Cleanup: 84002 ns, At safepoint: 6182 ns, Total: 288094 ns
[2025-12-05T07:35:51.017+0000][475.245s][debug][safepoint   ] Safepoint synchronization initiated using futex wait barrier. (254 threads)
[2025-12-05T07:35:51.018+0000][475.245s][info ][safepoint   ] Safepoint "Cleanup", Time since last: 1000242159 ns, Reaching safepoint: 347518 ns, Cleanup: 28474 ns, At safepoint: 8777 ns, Total: 384769 ns
[2025-12-05T07:36:07.220+0000][491.450s][debug][safepoint   ] Safepoint synchronization initiated using futex wait barrier. (254 threads)
[2025-12-05T07:36:07.220+0000][491.450s][info ][safepoint   ] Safepoint "Cleanup", Time since last: 16204586688 ns, Reaching safepoint: 118207 ns, Cleanup: 24978 ns, At safepoint: 3907 ns, Total: 147092 ns
[2025-12-05T07:36:08.220+0000][492.450s][debug][safepoint   ] Safepoint synchronization initiated using futex wait barrier. (254 threads)
[2025-12-05T07:36:08.221+0000][492.451s][info ][safepoint   ] Safepoint "Cleanup", Time since last: 1000194006 ns, Reaching safepoint: 250592 ns, Cleanup: 32061 ns, At safepoint: 6403 ns, Total: 289056 ns
[2025-12-05T07:36:09.221+0000][493.451s][debug][safepoint   ] Safepoint synchronization initiated using futex wait barrier. (254 threads)
[2025-12-05T07:36:09.221+0000][493.451s][info ][safepoint   ] Safepoint "Cleanup", Time since last: 1000177243 ns, Reaching safepoint: 119048 ns, Cleanup: 14658 ns, At safepoint: 4689 ns, Total: 138395 ns
[2025-12-05T07:36:17.222+0000][501.452s][debug][safepoint   ] Safepoint synchronization initiated using futex wait barrier. (254 threads)
[2025-12-05T07:36:17.222+0000][501.452s][info ][safepoint   ] Safepoint "Cleanup", Time since last: 8001324761 ns, Reaching safepoint: 110353 ns, Cleanup: 12995 ns, At safepoint: 4839 ns, Total: 128187 ns
[2025-12-05T07:36:34.224+0000][518.455s][debug][safepoint   ] Safepoint synchronization initiated using futex wait barrier. (254 threads)
[2025-12-05T07:36:34.224+0000][518.456s][info ][safepoint   ] Safepoint "Cleanup", Time since last: 17003067833 ns, Reaching safepoint: 161411 ns, Cleanup: 24356 ns, At safepoint: 4459 ns, Total: 190226 ns
[2025-12-05T07:36:43.225+0000][527.457s][debug][safepoint   ] Safepoint synchronization initiated using futex wait barrier. (253 threads)
[2025-12-05T07:36:43.226+0000][527.457s][info ][safepoint   ] Safepoint "Cleanup", Time since last: 9001520779 ns, Reaching safepoint: 171109 ns, Cleanup: 29427 ns, At safepoint: 23676 ns, Total: 224212 ns
[2025-12-05T07:36:50.761+0000][534.993s][debug][safepoint   ] Safepoint synchronization initiated using futex wait barrier. (253 threads)
[2025-12-05T07:36:50.762+0000][534.994s][info ][gc,start    ] GC(84) Pause Young (Normal) (G1 Evacuation Pause)
[2025-12-05T07:36:50.762+0000][534.994s][info ][gc,task     ] GC(84) Using 13 workers of 13 for evacuation
[2025-12-05T07:36:50.781+0000][535.012s][info ][gc,phases   ] GC(84)   Pre Evacuate Collection Set: 0.7ms
[2025-12-05T07:36:50.781+0000][535.013s][info ][gc,phases   ] GC(84)   Merge Heap Roots: 0.3ms
[2025-12-05T07:36:50.781+0000][535.013s][info ][gc,phases   ] GC(84)   Evacuate Collection Set: 14.6ms
[2025-12-05T07:36:50.781+0000][535.013s][info ][gc,phases   ] GC(84)   Post Evacuate Collection Set: 2.4ms
[2025-12-05T07:36:50.781+0000][535.013s][info ][gc,phases   ] GC(84)   Other: 0.9ms
[2025-12-05T07:36:50.781+0000][535.013s][info ][gc,heap     ] GC(84) Eden regions: 222->0(230)
[2025-12-05T07:36:50.781+0000][535.013s][info ][gc,heap     ] GC(84) Survivor regions: 15->15(30)
[2025-12-05T07:36:50.781+0000][535.013s][info ][gc,heap     ] GC(84) Old regions: 423->423
[2025-12-05T07:36:50.781+0000][535.013s][info ][gc,heap     ] GC(84) Archive regions: 2->2
[2025-12-05T07:36:50.781+0000][535.013s][info ][gc,heap     ] GC(84) Humongous regions: 13->13
[2025-12-05T07:36:50.781+0000][535.013s][info ][gc,metaspace] GC(84) Metaspace: 199445K(201024K)->199445K(201024K) NonClass: 175359K(176192K)->175359K(176192K) Class: 24085K(24832K)->24085K(24832K)
[2025-12-05T07:36:50.781+0000][535.013s][info ][gc          ] GC(84) Pause Young (Normal) (G1 Evacuation Pause) 673M->451M(805M) 18.593ms
[2025-12-05T07:36:50.781+0000][535.013s][info ][gc,cpu      ] GC(84) User=0.18s Sys=0.02s Real=0.02s
[2025-12-05T07:36:50.782+0000][535.014s][info ][safepoint   ] Safepoint "G1CollectForAllocation", Time since last: 7535781895 ns, Reaching safepoint: 321769 ns, Cleanup: 9558 ns, At safepoint: 20586160 ns, Total: 20917487 ns
[2025-12-05T07:36:52.783+0000][537.014s][debug][safepoint   ] Safepoint synchronization initiated using futex wait barrier. (253 threads)
[2025-12-05T07:36:52.783+0000][537.015s][info ][safepoint   ] Safepoint "Cleanup", Time since last: 2000340981 ns, Reaching safepoint: 115191 ns, Cleanup: 14137 ns, At safepoint: 3998 ns, Total: 133326 ns
[2025-12-05T07:36:53.783+0000][538.015s][debug][safepoint   ] Safepoint synchronization initiated using futex wait barrier. (253 threads)
[2025-12-05T07:36:53.783+0000][538.015s][info ][safepoint   ] Safepoint "Cleanup", Time since last: 1000169469 ns, Reaching safepoint: 191960 ns, Cleanup: 29587 ns, At safepoint: 5530 ns, Total: 227077 ns
[2025-12-05T07:37:08.252+0000][552.486s][debug][safepoint   ] Safepoint synchronization initiated using futex wait barrier. (250 threads)
[2025-12-05T07:37:08.252+0000][552.486s][info ][safepoint   ] Safepoint "Cleanup", Time since last: 14470602347 ns, Reaching safepoint: 173383 ns, Cleanup: 19737 ns, At safepoint: 34978 ns, Total: 228098 ns
[2025-12-05T07:37:14.253+0000][558.487s][debug][safepoint   ] Safepoint synchronization initiated using futex wait barrier. (251 threads)
[2025-12-05T07:37:14.254+0000][558.487s][info ][safepoint   ] Safepoint "Cleanup", Time since last: 6000997451 ns, Reaching safepoint: 218931 ns, Cleanup: 30829 ns, At safepoint: 6412 ns, Total: 256172 ns
[2025-12-05T07:37:17.254+0000][561.488s][debug][safepoint   ] Safepoint synchronization initiated using futex wait barrier. (251 threads)
[2025-12-05T07:37:17.255+0000][561.488s][info ][safepoint   ] Safepoint "Cleanup", Time since last: 3000627759 ns, Reaching safepoint: 198171 ns, Cleanup: 24647 ns, At safepoint: 5401 ns, Total: 228219 ns
[2025-12-05T07:37:18.255+0000][562.488s][debug][safepoint   ] Safepoint synchronization initiated using futex wait barrier. (254 threads)
[2025-12-05T07:37:18.255+0000][562.488s][info ][safepoint   ] Safepoint "Cleanup", Time since last: 1000205908 ns, Reaching safepoint: 132135 ns, Cleanup: 34115 ns, At safepoint: 4599 ns, Total: 170849 ns
[2025-12-05T07:37:20.255+0000][564.489s][debug][safepoint   ] Safepoint synchronization initiated using futex wait barrier. (252 threads)
[2025-12-05T07:37:20.255+0000][564.489s][info ][safepoint   ] Safepoint "Cleanup", Time since last: 2000331981 ns, Reaching safepoint: 208401 ns, Cleanup: 56889 ns, At safepoint: 6002 ns, Total: 271292 ns
[2025-12-05T07:37:21.256+0000][565.489s][debug][safepoint   ] Safepoint synchronization initiated using futex wait barrier. (252 threads)
[2025-12-05T07:37:21.256+0000][565.489s][info ][safepoint   ] Safepoint "Cleanup", Time since last: 1000173283 ns, Reaching safepoint: 121514 ns, Cleanup: 14909 ns, At safepoint: 4228 ns, Total: 140651 ns
[2025-12-05T07:37:22.256+0000][566.489s][debug][safepoint   ] Safepoint synchronization initiated using futex wait barrier. (252 threads)
[2025-12-05T07:37:22.256+0000][566.490s][info ][safepoint   ] Safepoint "Cleanup", Time since last: 1000188632 ns, Reaching safepoint: 151091 ns, Cleanup: 103589 ns, At safepoint: 27964 ns, Total: 282644 ns
[2025-12-05T07:37:23.257+0000][567.490s][debug][safepoint   ] Safepoint synchronization initiated using futex wait barrier. (253 threads)
[2025-12-05T07:37:23.257+0000][567.490s][info ][safepoint   ] Safepoint "Cleanup", Time since last: 1000270408 ns, Reaching safepoint: 136021 ns, Cleanup: 132655 ns, At safepoint: 6894 ns, Total: 275570 ns
[2025-12-05T07:37:41.258+0000][585.493s][debug][safepoint   ] Safepoint synchronization initiated using futex wait barrier. (253 threads)
[2025-12-05T07:37:41.258+0000][585.493s][info ][safepoint   ] Safepoint "Cleanup", Time since last: 18002828607 ns, Reaching safepoint: 166340 ns, Cleanup: 38755 ns, At safepoint: 4719 ns, Total: 209814 ns
[2025-12-05T07:37:44.259+0000][588.494s][debug][safepoint   ] Safepoint synchronization initiated using futex wait barrier. (253 threads)
[2025-12-05T07:37:44.259+0000][588.494s][info ][safepoint   ] Safepoint "Cleanup", Time since last: 3000548442 ns, Reaching safepoint: 158836 ns, Cleanup: 23145 ns, At safepoint: 3717 ns, Total: 185698 ns
[2025-12-05T07:37:49.259+0000][593.495s][debug][safepoint   ] Safepoint synchronization initiated using futex wait barrier. (256 threads)
[2025-12-05T07:37:49.260+0000][593.495s][info ][safepoint   ] Safepoint "Cleanup", Time since last: 5000639548 ns, Reaching safepoint: 139429 ns, Cleanup: 30900 ns, At safepoint: 4127 ns, Total: 174456 ns
[2025-12-05T07:38:05.293+0000][609.530s][debug][safepoint   ] Safepoint synchronization initiated using futex wait barrier. (256 threads)
[2025-12-05T07:38:05.293+0000][609.530s][info ][safepoint   ] Safepoint "Cleanup", Time since last: 16034731216 ns, Reaching safepoint: 135007 ns, Cleanup: 22573 ns, At safepoint: 4909 ns, Total: 162489 ns
[2025-12-05T07:38:17.294+0000][621.531s][debug][safepoint   ] Safepoint synchronization initiated using futex wait barrier. (256 threads)
[2025-12-05T07:38:17.295+0000][621.531s][info ][safepoint   ] Safepoint "Cleanup", Time since last: 12001629374 ns, Reaching safepoint: 125301 ns, Cleanup: 15850 ns, At safepoint: 4609 ns, Total: 145760 ns
[2025-12-05T07:38:45.297+0000][649.536s][debug][safepoint   ] Safepoint synchronization initiated using futex wait barrier. (254 threads)
[2025-12-05T07:38:45.297+0000][649.536s][info ][safepoint   ] Safepoint "Cleanup", Time since last: 28004105859 ns, Reaching safepoint: 164677 ns, Cleanup: 27653 ns, At safepoint: 5560 ns, Total: 197890 ns
[2025-12-05T07:39:14.324+0000][678.565s][debug][safepoint   ] Safepoint synchronization initiated using futex wait barrier. (251 threads)
[2025-12-05T07:39:14.325+0000][678.565s][info ][safepoint   ] Safepoint "Cleanup", Time since last: 29028980617 ns, Reaching safepoint: 157713 ns, Cleanup: 13806 ns, At safepoint: 64164 ns, Total: 235683 ns
[2025-12-05T07:39:26.514+0000][690.754s][debug][safepoint   ] Safepoint synchronization initiated using futex wait barrier. (251 threads)
[2025-12-05T07:39:26.514+0000][690.755s][info ][gc,start    ] GC(85) Pause Young (Normal) (G1 Evacuation Pause)
[2025-12-05T07:39:26.514+0000][690.755s][info ][gc,task     ] GC(85) Using 13 workers of 13 for evacuation
[2025-12-05T07:39:26.528+0000][690.769s][info ][gc,phases   ] GC(85)   Pre Evacuate Collection Set: 0.8ms
[2025-12-05T07:39:26.528+0000][690.769s][info ][gc,phases   ] GC(85)   Merge Heap Roots: 0.4ms
[2025-12-05T07:39:26.528+0000][690.769s][info ][gc,phases   ] GC(85)   Evacuate Collection Set: 9.5ms
[2025-12-05T07:39:26.528+0000][690.769s][info ][gc,phases   ] GC(85)   Post Evacuate Collection Set: 2.8ms
[2025-12-05T07:39:26.528+0000][690.769s][info ][gc,phases   ] GC(85)   Other: 0.5ms
[2025-12-05T07:39:26.528+0000][690.769s][info ][gc,heap     ] GC(85) Eden regions: 230->0(236)
[2025-12-05T07:39:26.528+0000][690.769s][info ][gc,heap     ] GC(85) Survivor regions: 15->16(31)
[2025-12-05T07:39:26.528+0000][690.769s][info ][gc,heap     ] GC(85) Old regions: 423->423
[2025-12-05T07:39:26.528+0000][690.769s][info ][gc,heap     ] GC(85) Archive regions: 2->2
[2025-12-05T07:39:26.528+0000][690.769s][info ][gc,heap     ] GC(85) Humongous regions: 13->13
[2025-12-05T07:39:26.528+0000][690.769s][info ][gc,metaspace] GC(85) Metaspace: 200003K(201600K)->200003K(201600K) NonClass: 175843K(176640K)->175843K(176640K) Class: 24159K(24960K)->24159K(24960K)
[2025-12-05T07:39:26.529+0000][690.769s][info ][gc          ] GC(85) Pause Young (Normal) (G1 Evacuation Pause) 681M->451M(805M) 14.249ms
[2025-12-05T07:39:26.529+0000][690.769s][info ][gc,cpu      ] GC(85) User=0.13s Sys=0.00s Real=0.02s
[2025-12-05T07:39:26.530+0000][690.771s][info ][safepoint   ] Safepoint "G1CollectForAllocation", Time since last: 12189329551 ns, Reaching safepoint: 154316 ns, Cleanup: 6052 ns, At safepoint: 16054061 ns, Total: 16214429 ns
[2025-12-05T07:40:17.357+0000][741.601s][debug][safepoint   ] Safepoint synchronization initiated using futex wait barrier. (251 threads)
[2025-12-05T07:40:17.357+0000][741.602s][info ][safepoint   ] Safepoint "Cleanup", Time since last: 50830597306 ns, Reaching safepoint: 431460 ns, Cleanup: 29867 ns, At safepoint: 8426 ns, Total: 469753 ns
[2025-12-05T07:41:17.390+0000][801.638s][debug][safepoint   ] Safepoint synchronization initiated using futex wait barrier. (249 threads)
[2025-12-05T07:41:17.390+0000][801.638s][info ][safepoint   ] Safepoint "Cleanup", Time since last: 60036225182 ns, Reaching safepoint: 324473 ns, Cleanup: 28505 ns, At safepoint: 6232 ns, Total: 359210 ns
[2025-12-05T07:41:54.395+0000][838.644s][debug][safepoint   ] Safepoint synchronization initiated using futex wait barrier. (248 threads)
[2025-12-05T07:41:54.395+0000][838.644s][debug][safepoint   ] ... found polling page loop exception at pc = 0x0000767d9a28f9b0, stub =0x0000767d98a04400
[2025-12-05T07:41:54.395+0000][838.645s][info ][safepoint   ] Safepoint "Cleanup", Time since last: 37006214322 ns, Reaching safepoint: 196146 ns, Cleanup: 82739 ns, At safepoint: 55537 ns, Total: 334422 ns
[2025-12-05T07:41:55.395+0000][839.645s][debug][safepoint   ] Safepoint synchronization initiated using futex wait barrier. (248 threads)
[2025-12-05T07:41:55.395+0000][839.645s][info ][safepoint   ] Safepoint "Cleanup", Time since last: 1000215363 ns, Reaching safepoint: 127705 ns, Cleanup: 30138 ns, At safepoint: 4879 ns, Total: 162722 ns
[2025-12-05T07:41:55.707+0000][839.957s][debug][safepoint   ] Safepoint synchronization initiated using futex wait barrier. (248 threads)
[2025-12-05T07:41:55.707+0000][839.957s][info ][safepoint   ] Safepoint "G1CollectForAllocation", Time since last: 311559450 ns, Reaching safepoint: 108869 ns, Cleanup: 40478 ns, At safepoint: 27142 ns, Total: 176489 ns
[2025-12-05T07:41:55.707+0000][839.957s][debug][safepoint   ] Safepoint synchronization initiated using futex wait barrier. (248 threads)
[2025-12-05T07:41:55.708+0000][839.957s][info ][gc,start    ] GC(86) Pause Young (Normal) (GCLocker Initiated GC)
[2025-12-05T07:41:55.708+0000][839.957s][info ][gc,task     ] GC(86) Using 13 workers of 13 for evacuation
[2025-12-05T07:41:55.724+0000][839.974s][info ][gc,phases   ] GC(86)   Pre Evacuate Collection Set: 0.8ms
[2025-12-05T07:41:55.725+0000][839.974s][info ][gc,phases   ] GC(86)   Merge Heap Roots: 0.4ms
[2025-12-05T07:41:55.725+0000][839.974s][info ][gc,phases   ] GC(86)   Evacuate Collection Set: 13.2ms
[2025-12-05T07:41:55.725+0000][839.974s][info ][gc,phases   ] GC(86)   Post Evacuate Collection Set: 2.4ms
[2025-12-05T07:41:55.725+0000][839.974s][info ][gc,phases   ] GC(86)   Other: 0.3ms
[2025-12-05T07:41:55.725+0000][839.974s][info ][gc,heap     ] GC(86) Eden regions: 236->0(237)
[2025-12-05T07:41:55.725+0000][839.974s][info ][gc,heap     ] GC(86) Survivor regions: 16->16(32)
[2025-12-05T07:41:55.725+0000][839.974s][info ][gc,heap     ] GC(86) Old regions: 423->423
[2025-12-05T07:41:55.725+0000][839.974s][info ][gc,heap     ] GC(86) Archive regions: 2->2
[2025-12-05T07:41:55.725+0000][839.974s][info ][gc,heap     ] GC(86) Humongous regions: 29->19
[2025-12-05T07:41:55.725+0000][839.975s][info ][gc,metaspace] GC(86) Metaspace: 200068K(201664K)->200068K(201664K) NonClass: 175908K(176704K)->175908K(176704K) Class: 24159K(24960K)->24159K(24960K)
[2025-12-05T07:41:55.725+0000][839.975s][info ][gc          ] GC(86) Pause Young (Normal) (GCLocker Initiated GC) 703M->458M(805M) 17.390ms
[2025-12-05T07:41:55.725+0000][839.975s][info ][gc,cpu      ] GC(86) User=0.13s Sys=0.03s Real=0.02s
[2025-12-05T07:41:55.726+0000][839.976s][info ][safepoint   ] Safepoint "G1CollectForAllocation", Time since last: 219982 ns, Reaching safepoint: 47542 ns, Cleanup: 1442 ns, At safepoint: 18926339 ns, Total: 18975323 ns
[2025-12-05T07:41:56.756+0000][841.006s][debug][safepoint   ] Safepoint synchronization initiated using futex wait barrier. (248 threads)
[2025-12-05T07:41:56.756+0000][841.006s][info ][safepoint   ] Safepoint "Cleanup", Time since last: 1029772399 ns, Reaching safepoint: 274237 ns, Cleanup: 33324 ns, At safepoint: 27392 ns, Total: 334953 ns
[2025-12-05T07:41:57.757+0000][842.006s][debug][safepoint   ] Safepoint synchronization initiated using futex wait barrier. (248 threads)
[2025-12-05T07:41:57.757+0000][842.007s][info ][safepoint   ] Safepoint "Cleanup", Time since last: 1000193946 ns, Reaching safepoint: 108398 ns, Cleanup: 199694 ns, At safepoint: 6663 ns, Total: 314755 ns
[2025-12-05T07:42:03.756+0000][848.007s][debug][safepoint   ] Safepoint synchronization initiated using futex wait barrier. (248 threads)
[2025-12-05T07:42:03.756+0000][848.008s][info ][safepoint   ] Safepoint "Cleanup", Time since last: 6000782796 ns, Reaching safepoint: 121903 ns, Cleanup: 18465 ns, At safepoint: 5570 ns, Total: 145938 ns
[2025-12-05T07:42:07.711+0000][851.962s][debug][safepoint   ] Safepoint synchronization initiated using futex wait barrier. (256 threads)
[2025-12-05T07:42:07.711+0000][851.963s][info ][safepoint   ] Safepoint "Cleanup", Time since last: 3954919138 ns, Reaching safepoint: 89881 ns, Cleanup: 33193 ns, At safepoint: 24718 ns, Total: 147792 ns
[2025-12-05T07:42:08.802+0000][853.053s][debug][safepoint   ] Safepoint synchronization initiated using futex wait barrier. (258 threads)
[2025-12-05T07:42:08.802+0000][853.054s][info ][safepoint   ] Safepoint "ICBufferFull", Time since last: 1090761851 ns, Reaching safepoint: 75816 ns, Cleanup: 169126 ns, At safepoint: 28485 ns, Total: 273427 ns
[2025-12-05T07:42:09.586+0000][853.837s][debug][safepoint   ] Safepoint synchronization initiated using futex wait barrier. (258 threads)
[2025-12-05T07:42:09.586+0000][853.838s][info ][gc,start    ] GC(87) Pause Young (Normal) (G1 Evacuation Pause)
[2025-12-05T07:42:09.586+0000][853.838s][info ][gc,task     ] GC(87) Using 13 workers of 13 for evacuation
[2025-12-05T07:42:09.601+0000][853.853s][info ][gc,phases   ] GC(87)   Pre Evacuate Collection Set: 0.6ms
[2025-12-05T07:42:09.601+0000][853.853s][info ][gc,phases   ] GC(87)   Merge Heap Roots: 0.4ms
[2025-12-05T07:42:09.601+0000][853.853s][info ][gc,phases   ] GC(87)   Evacuate Collection Set: 12.0ms
[2025-12-05T07:42:09.601+0000][853.853s][info ][gc,phases   ] GC(87)   Post Evacuate Collection Set: 1.8ms
[2025-12-05T07:42:09.601+0000][853.853s][info ][gc,phases   ] GC(87)   Other: 0.3ms
[2025-12-05T07:42:09.601+0000][853.853s][info ][gc,heap     ] GC(87) Eden regions: 237->0(240)
[2025-12-05T07:42:09.601+0000][853.853s][info ][gc,heap     ] GC(87) Survivor regions: 16->20(32)
[2025-12-05T07:42:09.601+0000][853.853s][info ][gc,heap     ] GC(87) Old regions: 423->423
[2025-12-05T07:42:09.601+0000][853.853s][info ][gc,heap     ] GC(87) Archive regions: 2->2
[2025-12-05T07:42:09.601+0000][853.853s][info ][gc,heap     ] GC(87) Humongous regions: 20->13
[2025-12-05T07:42:09.601+0000][853.853s][info ][gc,metaspace] GC(87) Metaspace: 200537K(202048K)->200537K(202048K) NonClass: 176336K(177088K)->176336K(177088K) Class: 24201K(24960K)->24201K(24960K)
[2025-12-05T07:42:09.601+0000][853.853s][info ][gc          ] GC(87) Pause Young (Normal) (G1 Evacuation Pause) 696M->456M(805M) 15.078ms
[2025-12-05T07:42:09.601+0000][853.853s][info ][gc,cpu      ] GC(87) User=0.12s Sys=0.00s Real=0.02s
[2025-12-05T07:42:09.602+0000][853.854s][info ][safepoint   ] Safepoint "G1CollectForAllocation", Time since last: 783794091 ns, Reaching safepoint: 106144 ns, Cleanup: 99582 ns, At safepoint: 15965117 ns, Total: 16170843 ns
[2025-12-05T07:42:10.602+0000][854.854s][debug][safepoint   ] Safepoint synchronization initiated using futex wait barrier. (259 threads)
[2025-12-05T07:42:10.603+0000][854.854s][info ][safepoint   ] Safepoint "Cleanup", Time since last: 1000380679 ns, Reaching safepoint: 236065 ns, Cleanup: 158365 ns, At safepoint: 7845 ns, Total: 402275 ns
[2025-12-05T07:42:13.603+0000][857.855s][debug][safepoint   ] Safepoint synchronization initiated using futex wait barrier. (257 threads)
[2025-12-05T07:42:13.603+0000][857.855s][info ][safepoint   ] Safepoint "Cleanup", Time since last: 3000336413 ns, Reaching safepoint: 95284 ns, Cleanup: 39195 ns, At safepoint: 3738 ns, Total: 138217 ns
[2025-12-05T07:42:15.603+0000][859.855s][debug][safepoint   ] Safepoint synchronization initiated using futex wait barrier. (258 threads)
[2025-12-05T07:42:15.604+0000][859.855s][info ][safepoint   ] Safepoint "Cleanup", Time since last: 2000379379 ns, Reaching safepoint: 131684 ns, Cleanup: 41730 ns, At safepoint: 5911 ns, Total: 179325 ns
[2025-12-05T07:42:26.605+0000][870.857s][debug][safepoint   ] Safepoint synchronization initiated using futex wait barrier. (258 threads)
[2025-12-05T07:42:26.605+0000][870.857s][info ][safepoint   ] Safepoint "Cleanup", Time since last: 11001294947 ns, Reaching safepoint: 162031 ns, Cleanup: 29436 ns, At safepoint: 5891 ns, Total: 197358 ns
[2025-12-05T07:42:35.604+0000][879.858s][debug][safepoint   ] Safepoint synchronization initiated using futex wait barrier. (258 threads)
[2025-12-05T07:42:35.604+0000][879.858s][info ][safepoint   ] Safepoint "Cleanup", Time since last: 9001029355 ns, Reaching safepoint: 150218 ns, Cleanup: 20239 ns, At safepoint: 7044 ns, Total: 177501 ns
[2025-12-05T07:42:38.605+0000][882.859s][debug][safepoint   ] Safepoint synchronization initiated using futex wait barrier. (261 threads)
[2025-12-05T07:42:38.605+0000][882.859s][info ][safepoint   ] Safepoint "Cleanup", Time since last: 3000454164 ns, Reaching safepoint: 134398 ns, Cleanup: 50817 ns, At safepoint: 3527 ns, Total: 188742 ns
[2025-12-05T07:42:49.606+0000][893.860s][debug][safepoint   ] Safepoint synchronization initiated using futex wait barrier. (259 threads)
[2025-12-05T07:42:49.607+0000][893.860s][info ][safepoint   ] Safepoint "Cleanup", Time since last: 11001306685 ns, Reaching safepoint: 160168 ns, Cleanup: 15740 ns, At safepoint: 5390 ns, Total: 181298 ns
[2025-12-05T07:42:52.350+0000][896.604s][debug][safepoint   ] Safepoint synchronization initiated using futex wait barrier. (261 threads)
[2025-12-05T07:42:52.350+0000][896.604s][info ][gc,start    ] GC(88) Pause Young (Normal) (G1 Evacuation Pause)
[2025-12-05T07:42:52.350+0000][896.604s][info ][gc,task     ] GC(88) Using 13 workers of 13 for evacuation
[2025-12-05T07:42:52.369+0000][896.623s][info ][gc,phases   ] GC(88)   Pre Evacuate Collection Set: 0.6ms
[2025-12-05T07:42:52.369+0000][896.623s][info ][gc,phases   ] GC(88)   Merge Heap Roots: 0.3ms
[2025-12-05T07:42:52.369+0000][896.623s][info ][gc,phases   ] GC(88)   Evacuate Collection Set: 14.8ms
[2025-12-05T07:42:52.369+0000][896.623s][info ][gc,phases   ] GC(88)   Post Evacuate Collection Set: 3.2ms
[2025-12-05T07:42:52.369+0000][896.623s][info ][gc,phases   ] GC(88)   Other: 0.4ms
[2025-12-05T07:42:52.369+0000][896.623s][info ][gc,heap     ] GC(88) Eden regions: 240->0(244)
[2025-12-05T07:42:52.369+0000][896.623s][info ][gc,heap     ] GC(88) Survivor regions: 20->10(33)
[2025-12-05T07:42:52.369+0000][896.623s][info ][gc,heap     ] GC(88) Old regions: 423->433
[2025-12-05T07:42:52.369+0000][896.623s][info ][gc,heap     ] GC(88) Archive regions: 2->2
[2025-12-05T07:42:52.369+0000][896.623s][info ][gc,heap     ] GC(88) Humongous regions: 19->13
[2025-12-05T07:42:52.369+0000][896.623s][info ][gc,metaspace] GC(88) Metaspace: 200811K(202432K)->200811K(202432K) NonClass: 176572K(177408K)->176572K(177408K) Class: 24239K(25024K)->24239K(25024K)
[2025-12-05T07:42:52.369+0000][896.623s][info ][gc          ] GC(88) Pause Young (Normal) (G1 Evacuation Pause) 702M->455M(805M) 19.135ms
[2025-12-05T07:42:52.370+0000][896.623s][info ][gc,cpu      ] GC(88) User=0.21s Sys=0.01s Real=0.02s
[2025-12-05T07:42:52.370+0000][896.624s][info ][safepoint   ] Safepoint "G1CollectForAllocation", Time since last: 2743275856 ns, Reaching safepoint: 115672 ns, Cleanup: 42372 ns, At safepoint: 20328948 ns, Total: 20486992 ns
[2025-12-05T07:42:53.371+0000][897.624s][debug][safepoint   ] Safepoint synchronization initiated using futex wait barrier. (259 threads)
[2025-12-05T07:42:53.371+0000][897.624s][info ][safepoint   ] Safepoint "Cleanup", Time since last: 1000196014 ns, Reaching safepoint: 108729 ns, Cleanup: 32503 ns, At safepoint: 4829 ns, Total: 146061 ns
[2025-12-05T07:42:54.371+0000][898.625s][debug][safepoint   ] Safepoint synchronization initiated using futex wait barrier. (259 threads)
[2025-12-05T07:42:54.371+0000][898.625s][info ][safepoint   ] Safepoint "Cleanup", Time since last: 1000182008 ns, Reaching safepoint: 124539 ns, Cleanup: 21150 ns, At safepoint: 4890 ns, Total: 150579 ns
[2025-12-05T07:43:03.449+0000][907.704s][debug][safepoint   ] Safepoint synchronization initiated using futex wait barrier. (259 threads)
[2025-12-05T07:43:03.450+0000][907.705s][info ][safepoint   ] Safepoint "Cleanup", Time since last: 9079674868 ns, Reaching safepoint: 102827 ns, Cleanup: 40889 ns, At safepoint: 5130 ns, Total: 148846 ns
[2025-12-05T07:43:50.454+0000][954.711s][debug][safepoint   ] Safepoint synchronization initiated using futex wait barrier. (255 threads)
[2025-12-05T07:43:50.454+0000][954.711s][info ][safepoint   ] Safepoint "Cleanup", Time since last: 47006382233 ns, Reaching safepoint: 137544 ns, Cleanup: 21321 ns, At safepoint: 4819 ns, Total: 163684 ns
[2025-12-05T07:44:09.455+0000][973.714s][debug][safepoint   ] Safepoint synchronization initiated using futex wait barrier. (256 threads)
[2025-12-05T07:44:09.455+0000][973.714s][info ][safepoint   ] Safepoint "Cleanup", Time since last: 19002662557 ns, Reaching safepoint: 193112 ns, Cleanup: 61028 ns, At safepoint: 5270 ns, Total: 259410 ns
[2025-12-05T07:44:25.458+0000][989.716s][debug][safepoint   ] Safepoint synchronization initiated using futex wait barrier. (255 threads)
[2025-12-05T07:44:25.458+0000][989.717s][info ][safepoint   ] Safepoint "Cleanup", Time since last: 16002326073 ns, Reaching safepoint: 221675 ns, Cleanup: 44756 ns, At safepoint: 5951 ns, Total: 272382 ns
[2025-12-05T07:45:17.515+0000][1041.778s][debug][safepoint   ] Safepoint synchronization initiated using futex wait barrier. (253 threads)
[2025-12-05T07:45:17.515+0000][1041.778s][info ][safepoint   ] Safepoint "Cleanup", Time since last: 52061299507 ns, Reaching safepoint: 151300 ns, Cleanup: 17253 ns, At safepoint: 5571 ns, Total: 174124 ns
[2025-12-05T07:45:27.265+0000][1051.527s][debug][safepoint   ] Safepoint synchronization initiated using futex wait barrier. (252 threads)
[2025-12-05T07:45:27.265+0000][1051.528s][info ][gc,start    ] GC(89) Pause Young (Normal) (G1 Evacuation Pause)
[2025-12-05T07:45:27.265+0000][1051.528s][info ][gc,task     ] GC(89) Using 13 workers of 13 for evacuation
[2025-12-05T07:45:27.279+0000][1051.541s][info ][gc,phases   ] GC(89)   Pre Evacuate Collection Set: 0.6ms
[2025-12-05T07:45:27.279+0000][1051.542s][info ][gc,phases   ] GC(89)   Merge Heap Roots: 0.4ms
[2025-12-05T07:45:27.279+0000][1051.542s][info ][gc,phases   ] GC(89)   Evacuate Collection Set: 10.1ms
[2025-12-05T07:45:27.279+0000][1051.542s][info ][gc,phases   ] GC(89)   Post Evacuate Collection Set: 2.3ms
[2025-12-05T07:45:27.279+0000][1051.542s][info ][gc,phases   ] GC(89)   Other: 0.6ms
[2025-12-05T07:45:27.279+0000][1051.542s][info ][gc,heap     ] GC(89) Eden regions: 244->0(246)
[2025-12-05T07:45:27.279+0000][1051.542s][info ][gc,heap     ] GC(89) Survivor regions: 10->11(32)
[2025-12-05T07:45:27.279+0000][1051.542s][info ][gc,heap     ] GC(89) Old regions: 433->433
[2025-12-05T07:45:27.279+0000][1051.542s][info ][gc,heap     ] GC(89) Archive regions: 2->2
[2025-12-05T07:45:27.279+0000][1051.542s][info ][gc,heap     ] GC(89) Humongous regions: 24->13
[2025-12-05T07:45:27.279+0000][1051.542s][info ][gc,metaspace] GC(89) Metaspace: 201071K(202688K)->201071K(202688K) NonClass: 176813K(177664K)->176813K(177664K) Class: 24258K(25024K)->24258K(25024K)
[2025-12-05T07:45:27.279+0000][1051.542s][info ][gc          ] GC(89) Pause Young (Normal) (G1 Evacuation Pause) 710M->456M(805M) 13.985ms
[2025-12-05T07:45:27.279+0000][1051.542s][info ][gc,cpu      ] GC(89) User=0.13s Sys=0.00s Real=0.01s
[2025-12-05T07:45:27.279+0000][1051.542s][info ][safepoint   ] Safepoint "G1CollectForAllocation", Time since last: 9749251986 ns, Reaching safepoint: 176920 ns, Cleanup: 8536 ns, At safepoint: 14396329 ns, Total: 14581785 ns
[2025-12-05T07:45:35.279+0000][1059.543s][debug][safepoint   ] Safepoint synchronization initiated using futex wait barrier. (252 threads)
[2025-12-05T07:45:35.279+0000][1059.544s][info ][safepoint   ] Safepoint "Cleanup", Time since last: 8001231081 ns, Reaching safepoint: 278374 ns, Cleanup: 69403 ns, At safepoint: 11663 ns, Total: 359440 ns
[2025-12-05T07:45:40.280+0000][1064.544s][debug][safepoint   ] Safepoint synchronization initiated using futex wait barrier. (255 threads)
[2025-12-05T07:45:40.280+0000][1064.545s][info ][safepoint   ] Safepoint "Cleanup", Time since last: 5000902551 ns, Reaching safepoint: 124840 ns, Cleanup: 16992 ns, At safepoint: 4659 ns, Total: 146491 ns
[2025-12-05T07:45:43.281+0000][1067.545s][debug][safepoint   ] Safepoint synchronization initiated using futex wait barrier. (255 threads)
[2025-12-05T07:45:43.281+0000][1067.545s][info ][safepoint   ] Safepoint "Cleanup", Time since last: 3000405460 ns, Reaching safepoint: 187029 ns, Cleanup: 25449 ns, At safepoint: 6122 ns, Total: 218600 ns
[2025-12-05T07:45:48.282+0000][1072.546s][debug][safepoint   ] Safepoint synchronization initiated using futex wait barrier. (257 threads)
[2025-12-05T07:45:48.282+0000][1072.546s][info ][safepoint   ] Safepoint "Cleanup", Time since last: 5000824264 ns, Reaching safepoint: 166159 ns, Cleanup: 34887 ns, At safepoint: 53813 ns, Total: 254859 ns
[2025-12-05T07:45:48.708+0000][1072.973s][debug][safepoint   ] Safepoint synchronization initiated using futex wait barrier. (261 threads)
[2025-12-05T07:45:48.709+0000][1072.973s][info ][gc,start    ] GC(90) Pause Young (Normal) (G1 Evacuation Pause)
[2025-12-05T07:45:48.709+0000][1072.973s][info ][gc,task     ] GC(90) Using 13 workers of 13 for evacuation
[2025-12-05T07:45:48.729+0000][1072.993s][info ][gc,phases   ] GC(90)   Pre Evacuate Collection Set: 0.7ms
[2025-12-05T07:45:48.729+0000][1072.993s][info ][gc,phases   ] GC(90)   Merge Heap Roots: 0.3ms
[2025-12-05T07:45:48.729+0000][1072.993s][info ][gc,phases   ] GC(90)   Evacuate Collection Set: 17.2ms
[2025-12-05T07:45:48.729+0000][1072.993s][info ][gc,phases   ] GC(90)   Post Evacuate Collection Set: 1.6ms
[2025-12-05T07:45:48.729+0000][1072.993s][info ][gc,phases   ] GC(90)   Other: 0.5ms
[2025-12-05T07:45:48.729+0000][1072.993s][info ][gc,heap     ] GC(90) Eden regions: 246->0(203)
[2025-12-05T07:45:48.729+0000][1072.993s][info ][gc,heap     ] GC(90) Survivor regions: 11->33(33)
[2025-12-05T07:45:48.729+0000][1072.993s][info ][gc,heap     ] GC(90) Old regions: 433->434
[2025-12-05T07:45:48.729+0000][1072.993s][info ][gc,heap     ] GC(90) Archive regions: 2->2
[2025-12-05T07:45:48.729+0000][1072.993s][info ][gc,heap     ] GC(90) Humongous regions: 14->14
[2025-12-05T07:45:48.729+0000][1072.993s][info ][gc,metaspace] GC(90) Metaspace: 201585K(203200K)->201585K(203200K) NonClass: 177269K(178112K)->177269K(178112K) Class: 24315K(25088K)->24315K(25088K)
[2025-12-05T07:45:48.729+0000][1072.993s][info ][gc          ] GC(90) Pause Young (Normal) (G1 Evacuation Pause) 703M->481M(805M) 20.205ms
[2025-12-05T07:45:48.729+0000][1072.993s][info ][gc,cpu      ] GC(90) User=0.20s Sys=0.00s Real=0.02s
[2025-12-05T07:45:48.729+0000][1072.994s][info ][safepoint   ] Safepoint "G1CollectForAllocation", Time since last: 426287385 ns, Reaching safepoint: 176689 ns, Cleanup: 109009 ns, At safepoint: 20705638 ns, Total: 20991336 ns
[2025-12-05T07:45:49.987+0000][1074.251s][debug][safepoint   ] Safepoint synchronization initiated using futex wait barrier. (262 threads)
[2025-12-05T07:45:49.987+0000][1074.251s][info ][safepoint   ] Safepoint "Cleanup", Time since last: 1257374323 ns, Reaching safepoint: 128857 ns, Cleanup: 51619 ns, At safepoint: 4719 ns, Total: 185195 ns
[2025-12-05T07:45:51.987+0000][1076.251s][debug][safepoint   ] Safepoint synchronization initiated using futex wait barrier. (261 threads)
[2025-12-05T07:45:51.987+0000][1076.252s][info ][safepoint   ] Safepoint "Cleanup", Time since last: 2000296882 ns, Reaching safepoint: 114610 ns, Cleanup: 28314 ns, At safepoint: 3667 ns, Total: 146591 ns
[2025-12-05T07:46:26.930+0000][1111.196s][debug][safepoint   ] Safepoint synchronization initiated using futex wait barrier. (258 threads)
[2025-12-05T07:46:26.930+0000][1111.196s][info ][gc,start    ] GC(91) Pause Young (Normal) (G1 Evacuation Pause)
[2025-12-05T07:46:26.930+0000][1111.196s][info ][gc,task     ] GC(91) Using 13 workers of 13 for evacuation
[2025-12-05T07:46:26.975+0000][1111.240s][info ][gc,phases   ] GC(91)   Pre Evacuate Collection Set: 0.4ms
[2025-12-05T07:46:26.975+0000][1111.240s][info ][gc,phases   ] GC(91)   Merge Heap Roots: 0.3ms
[2025-12-05T07:46:26.975+0000][1111.240s][info ][gc,phases   ] GC(91)   Evacuate Collection Set: 40.5ms
[2025-12-05T07:46:26.975+0000][1111.241s][info ][gc,phases   ] GC(91)   Post Evacuate Collection Set: 2.7ms
[2025-12-05T07:46:26.975+0000][1111.241s][info ][gc,phases   ] GC(91)   Other: 0.5ms
[2025-12-05T07:46:26.975+0000][1111.241s][info ][gc,heap     ] GC(91) Eden regions: 203->0(147)
[2025-12-05T07:46:26.975+0000][1111.241s][info ][gc,heap     ] GC(91) Survivor regions: 33->30(30)
[2025-12-05T07:46:26.975+0000][1111.241s][info ][gc,heap     ] GC(91) Old regions: 434->476
[2025-12-05T07:46:26.975+0000][1111.241s][info ][gc,heap     ] GC(91) Archive regions: 2->2
[2025-12-05T07:46:26.975+0000][1111.241s][info ][gc,heap     ] GC(91) Humongous regions: 17->17
[2025-12-05T07:46:26.975+0000][1111.241s][info ][gc,metaspace] GC(91) Metaspace: 201752K(203328K)->201752K(203328K) NonClass: 177429K(178240K)->177429K(178240K) Class: 24322K(25088K)->24322K(25088K)
[2025-12-05T07:46:26.975+0000][1111.241s][info ][gc          ] GC(91) Pause Young (Normal) (G1 Evacuation Pause) 687M->523M(805M) 44.474ms
[2025-12-05T07:46:26.975+0000][1111.241s][info ][gc,cpu      ] GC(91) User=0.52s Sys=0.01s Real=0.05s
[2025-12-05T07:46:26.976+0000][1111.242s][info ][safepoint   ] Safepoint "G1CollectForAllocation", Time since last: 34944171458 ns, Reaching safepoint: 232835 ns, Cleanup: 6693 ns, At safepoint: 46189519 ns, Total: 46429047 ns
[2025-12-05T07:46:53.978+0000][1138.246s][debug][safepoint   ] Safepoint synchronization initiated using futex wait barrier. (254 threads)
[2025-12-05T07:46:53.978+0000][1138.246s][info ][safepoint   ] Safepoint "Cleanup", Time since last: 27003939933 ns, Reaching safepoint: 222658 ns, Cleanup: 25358 ns, At safepoint: 6372 ns, Total: 254388 ns
[2025-12-05T07:48:17.612+0000][1221.885s][debug][safepoint   ] Safepoint synchronization initiated using futex wait barrier. (251 threads)
[2025-12-05T07:48:17.612+0000][1221.885s][info ][safepoint   ] Safepoint "Cleanup", Time since last: 83638165964 ns, Reaching safepoint: 111794 ns, Cleanup: 15751 ns, At safepoint: 3396 ns, Total: 130941 ns
[2025-12-05T07:48:27.271+0000][1231.544s][debug][safepoint   ] Safepoint synchronization initiated using futex wait barrier. (251 threads)
[2025-12-05T07:48:27.271+0000][1231.544s][info ][gc,start    ] GC(92) Pause Young (Normal) (G1 Evacuation Pause)
[2025-12-05T07:48:27.271+0000][1231.544s][info ][gc,task     ] GC(92) Using 13 workers of 13 for evacuation
[2025-12-05T07:48:27.290+0000][1231.563s][info ][gc,phases   ] GC(92)   Pre Evacuate Collection Set: 0.6ms
[2025-12-05T07:48:27.290+0000][1231.563s][info ][gc,phases   ] GC(92)   Merge Heap Roots: 0.4ms
[2025-12-05T07:48:27.290+0000][1231.563s][info ][gc,phases   ] GC(92)   Evacuate Collection Set: 16.0ms
[2025-12-05T07:48:27.290+0000][1231.563s][info ][gc,phases   ] GC(92)   Post Evacuate Collection Set: 1.6ms
[2025-12-05T07:48:27.290+0000][1231.563s][info ][gc,phases   ] GC(92)   Other: 0.4ms
[2025-12-05T07:48:27.290+0000][1231.563s][info ][gc,heap     ] GC(92) Eden regions: 147->0(149)
[2025-12-05T07:48:27.290+0000][1231.563s][info ][gc,heap     ] GC(92) Survivor regions: 30->4(23)
[2025-12-05T07:48:27.290+0000][1231.563s][info ][gc,heap     ] GC(92) Old regions: 476->510
[2025-12-05T07:48:27.290+0000][1231.563s][info ][gc,heap     ] GC(92) Archive regions: 2->2
[2025-12-05T07:48:27.290+0000][1231.563s][info ][gc,heap     ] GC(92) Humongous regions: 17->17
[2025-12-05T07:48:27.290+0000][1231.563s][info ][gc,metaspace] GC(92) Metaspace: 201811K(203392K)->201811K(203392K) NonClass: 177485K(178304K)->177485K(178304K) Class: 24325K(25088K)->24325K(25088K)
[2025-12-05T07:48:27.291+0000][1231.564s][info ][gc          ] GC(92) Pause Young (Normal) (G1 Evacuation Pause) 670M->531M(805M) 19.113ms
[2025-12-05T07:48:27.291+0000][1231.564s][info ][gc,cpu      ] GC(92) User=0.20s Sys=0.00s Real=0.02s
[2025-12-05T07:48:27.292+0000][1231.565s][info ][safepoint   ] Safepoint "G1CollectForAllocation", Time since last: 9659427992 ns, Reaching safepoint: 141491 ns, Cleanup: 5961 ns, At safepoint: 20300207 ns, Total: 20447659 ns
[2025-12-05T07:48:55.295+0000][1259.570s][debug][safepoint   ] Safepoint synchronization initiated using futex wait barrier. (251 threads)
[2025-12-05T07:48:55.295+0000][1259.570s][info ][safepoint   ] Safepoint "Cleanup", Time since last: 28005453055 ns, Reaching safepoint: 236984 ns, Cleanup: 46930 ns, At safepoint: 8286 ns, Total: 292200 ns
[2025-12-05T07:49:17.640+0000][1281.917s][debug][safepoint   ] Safepoint synchronization initiated using futex wait barrier. (251 threads)
[2025-12-05T07:49:17.640+0000][1281.917s][info ][safepoint   ] Safepoint "Cleanup", Time since last: 22346239173 ns, Reaching safepoint: 200705 ns, Cleanup: 16050 ns, At safepoint: 33815 ns, Total: 250570 ns
[2025-12-05T07:50:31.268+0000][1355.550s][debug][safepoint   ] Safepoint synchronization initiated using futex wait barrier. (250 threads)
[2025-12-05T07:50:31.269+0000][1355.551s][info ][gc,start    ] GC(93) Pause Young (Normal) (G1 Evacuation Pause)
[2025-12-05T07:50:31.269+0000][1355.551s][info ][gc,task     ] GC(93) Using 13 workers of 13 for evacuation
[2025-12-05T07:50:31.274+0000][1355.556s][info ][gc,phases   ] GC(93)   Pre Evacuate Collection Set: 0.6ms
[2025-12-05T07:50:31.274+0000][1355.556s][info ][gc,phases   ] GC(93)   Merge Heap Roots: 0.4ms
[2025-12-05T07:50:31.274+0000][1355.556s][info ][gc,phases   ] GC(93)   Evacuate Collection Set: 2.3ms
[2025-12-05T07:50:31.274+0000][1355.556s][info ][gc,phases   ] GC(93)   Post Evacuate Collection Set: 1.9ms
[2025-12-05T07:50:31.274+0000][1355.556s][info ][gc,phases   ] GC(93)   Other: 0.7ms
[2025-12-05T07:50:31.274+0000][1355.556s][info ][gc,heap     ] GC(93) Eden regions: 149->0(158)
[2025-12-05T07:50:31.274+0000][1355.556s][info ][gc,heap     ] GC(93) Survivor regions: 4->2(20)
[2025-12-05T07:50:31.274+0000][1355.556s][info ][gc,heap     ] GC(93) Old regions: 510->510
[2025-12-05T07:50:31.274+0000][1355.556s][info ][gc,heap     ] GC(93) Archive regions: 2->2
[2025-12-05T07:50:31.274+0000][1355.556s][info ][gc,heap     ] GC(93) Humongous regions: 17->17
[2025-12-05T07:50:31.274+0000][1355.556s][info ][gc,metaspace] GC(93) Metaspace: 201819K(203392K)->201819K(203392K) NonClass: 177493K(178304K)->177493K(178304K) Class: 24325K(25088K)->24325K(25088K)
[2025-12-05T07:50:31.274+0000][1355.556s][info ][gc          ] GC(93) Pause Young (Normal) (G1 Evacuation Pause) 680M->528M(805M) 5.803ms
[2025-12-05T07:50:31.275+0000][1355.557s][info ][gc,cpu      ] GC(93) User=0.02s Sys=0.00s Real=0.00s
[2025-12-05T07:50:31.275+0000][1355.557s][info ][safepoint   ] Safepoint "G1CollectForAllocation", Time since last: 73633250030 ns, Reaching safepoint: 247144 ns, Cleanup: 6242 ns, At safepoint: 6728856 ns, Total: 6982242 ns
[2025-12-05T07:50:32.276+0000][1356.558s][debug][safepoint   ] Safepoint synchronization initiated using futex wait barrier. (250 threads)
[2025-12-05T07:50:32.276+0000][1356.558s][info ][safepoint   ] Safepoint "Cleanup", Time since last: 1000840888 ns, Reaching safepoint: 281459 ns, Cleanup: 77018 ns, At safepoint: 7625 ns, Total: 366102 ns
[2025-12-05T07:50:57.280+0000][1381.562s][debug][safepoint   ] Safepoint synchronization initiated using futex wait barrier. (251 threads)
[2025-12-05T07:50:57.281+0000][1381.563s][info ][safepoint   ] Safepoint "Cleanup", Time since last: 25003900053 ns, Reaching safepoint: 518089 ns, Cleanup: 33695 ns, At safepoint: 12494 ns, Total: 564278 ns
[2025-12-05T07:51:04.280+0000][1388.564s][debug][safepoint   ] Safepoint synchronization initiated using futex wait barrier. (251 threads)
[2025-12-05T07:51:04.281+0000][1388.564s][info ][safepoint   ] Safepoint "Cleanup", Time since last: 7001381658 ns, Reaching safepoint: 285668 ns, Cleanup: 26952 ns, At safepoint: 7033 ns, Total: 319653 ns
[2025-12-05T07:51:17.283+0000][1401.567s][debug][safepoint   ] Safepoint synchronization initiated using futex wait barrier. (251 threads)
[2025-12-05T07:51:17.283+0000][1401.567s][info ][safepoint   ] Safepoint "Cleanup", Time since last: 13002593655 ns, Reaching safepoint: 125551 ns, Cleanup: 14658 ns, At safepoint: 4800 ns, Total: 145009 ns
[2025-12-05T07:51:24.285+0000][1408.568s][debug][safepoint   ] Safepoint synchronization initiated using futex wait barrier. (251 threads)
[2025-12-05T07:51:24.285+0000][1408.568s][info ][safepoint   ] Safepoint "Cleanup", Time since last: 7001151061 ns, Reaching safepoint: 128416 ns, Cleanup: 18105 ns, At safepoint: 4188 ns, Total: 150709 ns
[2025-12-05T07:51:36.285+0000][1420.570s][debug][safepoint   ] Safepoint synchronization initiated using futex wait barrier. (251 threads)
[2025-12-05T07:51:36.285+0000][1420.571s][info ][safepoint   ] Safepoint "Cleanup", Time since last: 12002056905 ns, Reaching safepoint: 132394 ns, Cleanup: 30028 ns, At safepoint: 4418 ns, Total: 166840 ns
[2025-12-05T07:51:50.677+0000][1434.962s][debug][safepoint   ] Safepoint synchronization initiated using futex wait barrier. (251 threads)
[2025-12-05T07:51:50.677+0000][1434.963s][info ][safepoint   ] Safepoint "Cleanup", Time since last: 14391762185 ns, Reaching safepoint: 119790 ns, Cleanup: 9358 ns, At safepoint: 25740 ns, Total: 154888 ns
[2025-12-05T07:51:51.111+0000][1435.396s][debug][safepoint   ] Safepoint synchronization initiated using futex wait barrier. (251 threads)
[2025-12-05T07:51:51.111+0000][1435.397s][info ][gc,start    ] GC(94) Pause Young (Normal) (G1 Evacuation Pause)
[2025-12-05T07:51:51.111+0000][1435.397s][info ][gc,task     ] GC(94) Using 13 workers of 13 for evacuation
[2025-12-05T07:51:51.118+0000][1435.404s][info ][gc,phases   ] GC(94)   Pre Evacuate Collection Set: 0.6ms
[2025-12-05T07:51:51.118+0000][1435.404s][info ][gc,phases   ] GC(94)   Merge Heap Roots: 0.3ms
[2025-12-05T07:51:51.118+0000][1435.404s][info ][gc,phases   ] GC(94)   Evacuate Collection Set: 3.4ms
[2025-12-05T07:51:51.118+0000][1435.404s][info ][gc,phases   ] GC(94)   Post Evacuate Collection Set: 2.4ms
[2025-12-05T07:51:51.118+0000][1435.404s][info ][gc,phases   ] GC(94)   Other: 0.4ms
[2025-12-05T07:51:51.118+0000][1435.404s][info ][gc,heap     ] GC(94) Eden regions: 158->0(164)
[2025-12-05T07:51:51.118+0000][1435.404s][info ][gc,heap     ] GC(94) Survivor regions: 2->2(20)
[2025-12-05T07:51:51.118+0000][1435.404s][info ][gc,heap     ] GC(94) Old regions: 510->510
[2025-12-05T07:51:51.118+0000][1435.404s][info ][gc,heap     ] GC(94) Archive regions: 2->2
[2025-12-05T07:51:51.118+0000][1435.404s][info ][gc,heap     ] GC(94) Humongous regions: 17->17
[2025-12-05T07:51:51.118+0000][1435.404s][info ][gc,metaspace] GC(94) Metaspace: 204626K(206208K)->204626K(206208K) NonClass: 179947K(180736K)->179947K(180736K) Class: 24679K(25472K)->24679K(25472K)
[2025-12-05T07:51:51.118+0000][1435.404s][info ][gc          ] GC(94) Pause Young (Normal) (G1 Evacuation Pause) 686M->528M(805M) 7.307ms
[2025-12-05T07:51:51.118+0000][1435.404s][info ][gc,cpu      ] GC(94) User=0.03s Sys=0.00s Real=0.01s
[2025-12-05T07:51:51.119+0000][1435.404s][info ][safepoint   ] Safepoint "G1CollectForAllocation", Time since last: 433720004 ns, Reaching safepoint: 127605 ns, Cleanup: 43664 ns, At safepoint: 7819458 ns, Total: 7990727 ns
[2025-12-05T07:51:52.140+0000][1436.425s][debug][safepoint   ] Safepoint synchronization initiated using futex wait barrier. (254 threads)
[2025-12-05T07:51:52.140+0000][1436.425s][info ][safepoint   ] Safepoint "Cleanup", Time since last: 1020928201 ns, Reaching safepoint: 128637 ns, Cleanup: 80464 ns, At safepoint: 3797 ns, Total: 212898 ns
[2025-12-05T07:51:58.735+0000][1443.021s][debug][safepoint   ] Safepoint synchronization initiated using futex wait barrier. (254 threads)
[2025-12-05T07:51:58.735+0000][1443.021s][info ][safepoint   ] Safepoint "Cleanup", Time since last: 6595393121 ns, Reaching safepoint: 98418 ns, Cleanup: 36570 ns, At safepoint: 4629 ns, Total: 139617 ns
[2025-12-05T07:52:04.735+0000][1449.022s][debug][safepoint   ] Safepoint synchronization initiated using futex wait barrier. (254 threads)
[2025-12-05T07:52:04.735+0000][1449.022s][info ][safepoint   ] Safepoint "Cleanup", Time since last: 6001151068 ns, Reaching safepoint: 174063 ns, Cleanup: 23375 ns, At safepoint: 4960 ns, Total: 202398 ns
[2025-12-05T07:52:05.736+0000][1450.022s][debug][safepoint   ] Safepoint synchronization initiated using futex wait barrier. (254 threads)
[2025-12-05T07:52:05.736+0000][1450.023s][info ][safepoint   ] Safepoint "Cleanup", Time since last: 1000197828 ns, Reaching safepoint: 183121 ns, Cleanup: 41259 ns, At safepoint: 5311 ns, Total: 229691 ns
[2025-12-05T07:52:33.738+0000][1478.027s][debug][safepoint   ] Safepoint synchronization initiated using futex wait barrier. (254 threads)
[2025-12-05T07:52:33.738+0000][1478.027s][info ][safepoint   ] Safepoint "Cleanup", Time since last: 28004227617 ns, Reaching safepoint: 178402 ns, Cleanup: 21851 ns, At safepoint: 3748 ns, Total: 204001 ns
[2025-12-05T07:52:40.739+0000][1485.029s][debug][safepoint   ] Safepoint synchronization initiated using futex wait barrier. (254 threads)
[2025-12-05T07:52:40.740+0000][1485.029s][info ][safepoint   ] Safepoint "Cleanup", Time since last: 7001365432 ns, Reaching safepoint: 291409 ns, Cleanup: 35488 ns, At safepoint: 4369 ns, Total: 331266 ns
[2025-12-05T07:52:55.379+0000][1499.668s][debug][safepoint   ] Safepoint synchronization initiated using futex wait barrier. (250 threads)
[2025-12-05T07:52:55.379+0000][1499.669s][info ][gc,start    ] GC(95) Pause Young (Normal) (G1 Evacuation Pause)
[2025-12-05T07:52:55.379+0000][1499.669s][info ][gc,task     ] GC(95) Using 13 workers of 13 for evacuation
[2025-12-05T07:52:55.389+0000][1499.678s][info ][gc,phases   ] GC(95)   Pre Evacuate Collection Set: 1.0ms
[2025-12-05T07:52:55.389+0000][1499.678s][info ][gc,phases   ] GC(95)   Merge Heap Roots: 0.6ms
[2025-12-05T07:52:55.389+0000][1499.678s][info ][gc,phases   ] GC(95)   Evacuate Collection Set: 3.9ms
[2025-12-05T07:52:55.389+0000][1499.678s][info ][gc,phases   ] GC(95)   Post Evacuate Collection Set: 3.4ms
[2025-12-05T07:52:55.389+0000][1499.678s][info ][gc,phases   ] GC(95)   Other: 0.5ms
[2025-12-05T07:52:55.389+0000][1499.678s][info ][gc,heap     ] GC(95) Eden regions: 164->0(169)
[2025-12-05T07:52:55.389+0000][1499.678s][info ][gc,heap     ] GC(95) Survivor regions: 2->2(21)
[2025-12-05T07:52:55.389+0000][1499.678s][info ][gc,heap     ] GC(95) Old regions: 510->510
[2025-12-05T07:52:55.389+0000][1499.678s][info ][gc,heap     ] GC(95) Archive regions: 2->2
[2025-12-05T07:52:55.389+0000][1499.678s][info ][gc,heap     ] GC(95) Humongous regions: 18->17
[2025-12-05T07:52:55.389+0000][1499.678s][info ][gc,metaspace] GC(95) Metaspace: 205199K(206784K)->205199K(206784K) NonClass: 180467K(181312K)->180467K(181312K) Class: 24731K(25472K)->24731K(25472K)
[2025-12-05T07:52:55.389+0000][1499.678s][info ][gc          ] GC(95) Pause Young (Normal) (G1 Evacuation Pause) 693M->528M(805M) 9.634ms
[2025-12-05T07:52:55.389+0000][1499.678s][info ][gc,cpu      ] GC(95) User=0.04s Sys=0.01s Real=0.01s
[2025-12-05T07:52:55.390+0000][1499.679s][info ][safepoint   ] Safepoint "G1CollectForAllocation", Time since last: 14639381366 ns, Reaching safepoint: 132033 ns, Cleanup: 5361 ns, At safepoint: 10642882 ns, Total: 10780276 ns
[2025-12-05T07:52:56.390+0000][1500.679s][debug][safepoint   ] Safepoint synchronization initiated using futex wait barrier. (250 threads)
[2025-12-05T07:52:56.390+0000][1500.680s][info ][safepoint   ] Safepoint "Cleanup", Time since last: 1000210721 ns, Reaching safepoint: 238618 ns, Cleanup: 63773 ns, At safepoint: 6322 ns, Total: 308713 ns
[2025-12-05T07:52:59.769+0000][1504.060s][debug][safepoint   ] Safepoint synchronization initiated using futex wait barrier. (250 threads)
[2025-12-05T07:52:59.769+0000][1504.060s][info ][safepoint   ] Safepoint "Cleanup", Time since last: 3380123388 ns, Reaching safepoint: 91475 ns, Cleanup: 14698 ns, At safepoint: 3427 ns, Total: 109600 ns
[2025-12-05T07:54:00.803+0000][1565.097s][debug][safepoint   ] Safepoint synchronization initiated using futex wait barrier. (250 threads)
[2025-12-05T07:54:00.803+0000][1565.097s][info ][safepoint   ] Safepoint "Cleanup", Time since last: 61037149390 ns, Reaching safepoint: 215293 ns, Cleanup: 54534 ns, At safepoint: 5310 ns, Total: 275137 ns
[2025-12-05T07:54:17.806+0000][1582.101s][debug][safepoint   ] Safepoint synchronization initiated using futex wait barrier. (250 threads)
[2025-12-05T07:54:17.807+0000][1582.101s][info ][safepoint   ] Safepoint "Cleanup", Time since last: 17003467292 ns, Reaching safepoint: 166630 ns, Cleanup: 18796 ns, At safepoint: 3847 ns, Total: 189273 ns
[2025-12-05T07:55:01.842+0000][1626.140s][debug][safepoint   ] Safepoint synchronization initiated using futex wait barrier. (249 threads)
[2025-12-05T07:55:01.843+0000][1626.140s][info ][safepoint   ] Safepoint "Cleanup", Time since last: 44039036300 ns, Reaching safepoint: 303608 ns, Cleanup: 28966 ns, At safepoint: 8947 ns, Total: 341521 ns
[2025-12-05T07:55:13.304+0000][1637.601s][debug][safepoint   ] Safepoint synchronization initiated using futex wait barrier. (249 threads)
[2025-12-05T07:55:13.304+0000][1637.602s][info ][gc,start    ] GC(96) Pause Young (Normal) (G1 Evacuation Pause)
[2025-12-05T07:55:13.305+0000][1637.602s][info ][gc,task     ] GC(96) Using 13 workers of 13 for evacuation
[2025-12-05T07:55:13.314+0000][1637.612s][info ][gc,phases   ] GC(96)   Pre Evacuate Collection Set: 0.8ms
[2025-12-05T07:55:13.314+0000][1637.612s][info ][gc,phases   ] GC(96)   Merge Heap Roots: 0.5ms
[2025-12-05T07:55:13.314+0000][1637.612s][info ][gc,phases   ] GC(96)   Evacuate Collection Set: 5.3ms
[2025-12-05T07:55:13.314+0000][1637.612s][info ][gc,phases   ] GC(96)   Post Evacuate Collection Set: 2.7ms
[2025-12-05T07:55:13.314+0000][1637.612s][info ][gc,phases   ] GC(96)   Other: 0.8ms
[2025-12-05T07:55:13.314+0000][1637.612s][info ][gc,heap     ] GC(96) Eden regions: 169->0(173)
[2025-12-05T07:55:13.314+0000][1637.612s][info ][gc,heap     ] GC(96) Survivor regions: 2->2(22)
[2025-12-05T07:55:13.314+0000][1637.612s][info ][gc,heap     ] GC(96) Old regions: 510->510
[2025-12-05T07:55:13.314+0000][1637.612s][info ][gc,heap     ] GC(96) Archive regions: 2->2
[2025-12-05T07:55:13.314+0000][1637.612s][info ][gc,heap     ] GC(96) Humongous regions: 17->17
[2025-12-05T07:55:13.314+0000][1637.612s][info ][gc,metaspace] GC(96) Metaspace: 205251K(206848K)->205251K(206848K) NonClass: 180520K(181376K)->180520K(181376K) Class: 24731K(25472K)->24731K(25472K)
[2025-12-05T07:55:13.314+0000][1637.612s][info ][gc          ] GC(96) Pause Young (Normal) (G1 Evacuation Pause) 697M->528M(805M) 9.960ms
[2025-12-05T07:55:13.315+0000][1637.612s][info ][gc,cpu      ] GC(96) User=0.07s Sys=0.00s Real=0.01s
[2025-12-05T07:55:13.315+0000][1637.612s][info ][safepoint   ] Safepoint "G1CollectForAllocation", Time since last: 11461241952 ns, Reaching safepoint: 254558 ns, Cleanup: 28444 ns, At safepoint: 10639793 ns, Total: 10922795 ns
[2025-12-05T07:55:17.315+0000][1641.613s][debug][safepoint   ] Safepoint synchronization initiated using futex wait barrier. (249 threads)
[2025-12-05T07:55:17.316+0000][1641.613s][info ][safepoint   ] Safepoint "Cleanup", Time since last: 4000654877 ns, Reaching safepoint: 275759 ns, Cleanup: 30007 ns, At safepoint: 7835 ns, Total: 313601 ns
[2025-12-05T07:55:38.318+0000][1662.617s][debug][safepoint   ] Safepoint synchronization initiated using futex wait barrier. (249 threads)
[2025-12-05T07:55:38.318+0000][1662.617s][info ][safepoint   ] Safepoint "Cleanup", Time since last: 21003763463 ns, Reaching safepoint: 250080 ns, Cleanup: 28485 ns, At safepoint: 30057 ns, Total: 308622 ns
[2025-12-05T07:56:01.881+0000][1686.182s][debug][safepoint   ] Safepoint synchronization initiated using futex wait barrier. (248 threads)
[2025-12-05T07:56:01.881+0000][1686.183s][info ][safepoint   ] Safepoint "Cleanup", Time since last: 23564948951 ns, Reaching safepoint: 124478 ns, Cleanup: 15129 ns, At safepoint: 4599 ns, Total: 144206 ns
[2025-12-05T07:56:02.881+0000][1687.183s][debug][safepoint   ] Safepoint synchronization initiated using futex wait barrier. (251 threads)
[2025-12-05T07:56:02.882+0000][1687.183s][info ][safepoint   ] Safepoint "Cleanup", Time since last: 1000230431 ns, Reaching safepoint: 177430 ns, Cleanup: 32402 ns, At safepoint: 4579 ns, Total: 214411 ns
[2025-12-05T07:56:11.883+0000][1696.184s][debug][safepoint   ] Safepoint synchronization initiated using futex wait barrier. (251 threads)
[2025-12-05T07:56:11.883+0000][1696.184s][info ][safepoint   ] Safepoint "Cleanup", Time since last: 9001297182 ns, Reaching safepoint: 145509 ns, Cleanup: 16432 ns, At safepoint: 5240 ns, Total: 167181 ns
[2025-12-05T07:56:17.638+0000][1701.939s][debug][safepoint   ] Safepoint synchronization initiated using futex wait barrier. (251 threads)
[2025-12-05T07:56:17.638+0000][1701.939s][info ][safepoint   ] Safepoint "Cleanup", Time since last: 5754510442 ns, Reaching safepoint: 282271 ns, Cleanup: 18155 ns, At safepoint: 30699 ns, Total: 331125 ns
[2025-12-05T07:56:18.638+0000][1702.940s][debug][safepoint   ] Safepoint synchronization initiated using futex wait barrier. (251 threads)
[2025-12-05T07:56:18.638+0000][1702.940s][info ][safepoint   ] Safepoint "Cleanup", Time since last: 1000258045 ns, Reaching safepoint: 120691 ns, Cleanup: 79974 ns, At safepoint: 4809 ns, Total: 205474 ns
[2025-12-05T07:56:57.916+0000][1742.219s][debug][safepoint   ] Safepoint synchronization initiated using futex wait barrier. (251 threads)
[2025-12-05T07:56:57.916+0000][1742.219s][info ][safepoint   ] Safepoint "Cleanup", Time since last: 39279020618 ns, Reaching safepoint: 103888 ns, Cleanup: 52811 ns, At safepoint: 3948 ns, Total: 160647 ns
[2025-12-05T07:57:03.915+0000][1748.220s][debug][safepoint   ] Safepoint synchronization initiated using futex wait barrier. (250 threads)
[2025-12-05T07:57:03.915+0000][1748.220s][info ][safepoint   ] Safepoint "Cleanup", Time since last: 6000988855 ns, Reaching safepoint: 237263 ns, Cleanup: 19988 ns, At safepoint: 4348 ns, Total: 261599 ns
[2025-12-05T07:57:15.918+0000][1760.222s][debug][safepoint   ] Safepoint synchronization initiated using futex wait barrier. (250 threads)
[2025-12-05T07:57:15.918+0000][1760.223s][info ][safepoint   ] Safepoint "Cleanup", Time since last: 12002228940 ns, Reaching safepoint: 207458 ns, Cleanup: 48513 ns, At safepoint: 6492 ns, Total: 262463 ns
[2025-12-05T07:57:17.918+0000][1762.223s][debug][safepoint   ] Safepoint synchronization initiated using futex wait barrier. (250 threads)
[2025-12-05T07:57:17.919+0000][1762.223s][info ][safepoint   ] Safepoint "Cleanup", Time since last: 2000341254 ns, Reaching safepoint: 164746 ns, Cleanup: 39055 ns, At safepoint: 113878 ns, Total: 317679 ns
[2025-12-05T07:57:21.834+0000][1766.139s][debug][safepoint   ] Safepoint synchronization initiated using futex wait barrier. (250 threads)
[2025-12-05T07:57:21.835+0000][1766.140s][info ][gc,start    ] GC(97) Pause Young (Normal) (G1 Evacuation Pause)
[2025-12-05T07:57:21.835+0000][1766.140s][info ][gc,task     ] GC(97) Using 13 workers of 13 for evacuation
[2025-12-05T07:57:21.847+0000][1766.152s][info ][gc,phases   ] GC(97)   Pre Evacuate Collection Set: 0.6ms
[2025-12-05T07:57:21.847+0000][1766.152s][info ][gc,phases   ] GC(97)   Merge Heap Roots: 0.3ms
[2025-12-05T07:57:21.847+0000][1766.152s][info ][gc,phases   ] GC(97)   Evacuate Collection Set: 8.5ms
[2025-12-05T07:57:21.847+0000][1766.152s][info ][gc,phases   ] GC(97)   Post Evacuate Collection Set: 2.6ms
[2025-12-05T07:57:21.847+0000][1766.152s][info ][gc,phases   ] GC(97)   Other: 0.6ms
[2025-12-05T07:57:21.847+0000][1766.152s][info ][gc,heap     ] GC(97) Eden regions: 173->0(176)
[2025-12-05T07:57:21.847+0000][1766.152s][info ][gc,heap     ] GC(97) Survivor regions: 2->2(22)
[2025-12-05T07:57:21.847+0000][1766.152s][info ][gc,heap     ] GC(97) Old regions: 510->510
[2025-12-05T07:57:21.847+0000][1766.152s][info ][gc,heap     ] GC(97) Archive regions: 2->2
[2025-12-05T07:57:21.847+0000][1766.152s][info ][gc,heap     ] GC(97) Humongous regions: 17->17
[2025-12-05T07:57:21.847+0000][1766.152s][info ][gc,metaspace] GC(97) Metaspace: 205277K(206848K)->205277K(206848K) NonClass: 180546K(181376K)->180546K(181376K) Class: 24731K(25472K)->24731K(25472K)
[2025-12-05T07:57:21.847+0000][1766.152s][info ][gc          ] GC(97) Pause Young (Normal) (G1 Evacuation Pause) 701M->528M(805M) 12.483ms
[2025-12-05T07:57:21.847+0000][1766.152s][info ][gc,cpu      ] GC(97) User=0.09s Sys=0.00s Real=0.01s
[2025-12-05T07:57:21.848+0000][1766.152s][info ][safepoint   ] Safepoint "G1CollectForAllocation", Time since last: 3915740768 ns, Reaching safepoint: 189152 ns, Cleanup: 43203 ns, At safepoint: 13075435 ns, Total: 13307790 ns
[2025-12-05T07:57:22.848+0000][1767.153s][debug][safepoint   ] Safepoint synchronization initiated using futex wait barrier. (250 threads)
[2025-12-05T07:57:22.848+0000][1767.153s][info ][safepoint   ] Safepoint "Cleanup", Time since last: 1000215415 ns, Reaching safepoint: 161219 ns, Cleanup: 51108 ns, At safepoint: 5300 ns, Total: 217627 ns
[2025-12-05T07:57:26.849+0000][1771.153s][debug][safepoint   ] Safepoint synchronization initiated using futex wait barrier. (252 threads)
[2025-12-05T07:57:26.849+0000][1771.154s][info ][safepoint   ] Safepoint "Cleanup", Time since last: 4000587335 ns, Reaching safepoint: 180757 ns, Cleanup: 33123 ns, At safepoint: 5441 ns, Total: 219321 ns
[2025-12-05T07:58:04.949+0000][1809.257s][debug][safepoint   ] Safepoint synchronization initiated using futex wait barrier. (252 threads)
[2025-12-05T07:58:04.949+0000][1809.258s][info ][safepoint   ] Safepoint "Cleanup", Time since last: 38103809740 ns, Reaching safepoint: 209502 ns, Cleanup: 98629 ns, At safepoint: 5310 ns, Total: 313441 ns
[2025-12-05T07:58:26.953+0000][1831.261s][debug][safepoint   ] Safepoint synchronization initiated using futex wait barrier. (249 threads)
[2025-12-05T07:58:26.953+0000][1831.261s][info ][safepoint   ] Safepoint "Cleanup", Time since last: 22003353963 ns, Reaching safepoint: 181849 ns, Cleanup: 33163 ns, At safepoint: 4799 ns, Total: 219811 ns
[2025-12-05T07:58:27.953+0000][1832.262s][debug][safepoint   ] Safepoint synchronization initiated using futex wait barrier. (251 threads)
[2025-12-05T07:58:27.954+0000][1832.262s][info ][safepoint   ] Safepoint "Cleanup", Time since last: 1000308996 ns, Reaching safepoint: 577778 ns, Cleanup: 54715 ns, At safepoint: 6031 ns, Total: 638524 ns
[2025-12-05T07:58:29.953+0000][1834.263s][debug][safepoint   ] Safepoint synchronization initiated using futex wait barrier. (252 threads)
[2025-12-05T07:58:29.953+0000][1834.263s][info ][safepoint   ] Safepoint "Cleanup", Time since last: 2000346603 ns, Reaching safepoint: 116253 ns, Cleanup: 79402 ns, At safepoint: 5822 ns, Total: 201477 ns
[2025-12-05T07:58:30.953+0000][1835.263s][debug][safepoint   ] Safepoint synchronization initiated using futex wait barrier. (252 threads)
[2025-12-05T07:58:30.953+0000][1835.263s][info ][safepoint   ] Safepoint "Cleanup", Time since last: 1000226489 ns, Reaching safepoint: 209281 ns, Cleanup: 98078 ns, At safepoint: 7044 ns, Total: 314403 ns
[2025-12-05T07:58:32.954+0000][1837.264s][debug][safepoint   ] Safepoint synchronization initiated using futex wait barrier. (252 threads)
[2025-12-05T07:58:32.954+0000][1837.264s][info ][safepoint   ] Safepoint "Cleanup", Time since last: 2000419313 ns, Reaching safepoint: 123818 ns, Cleanup: 25549 ns, At safepoint: 4508 ns, Total: 153875 ns
[2025-12-05T07:58:33.954+0000][1838.264s][debug][safepoint   ] Safepoint synchronization initiated using futex wait barrier. (252 threads)
[2025-12-05T07:58:33.955+0000][1838.264s][info ][safepoint   ] Safepoint "Cleanup", Time since last: 1000263833 ns, Reaching safepoint: 232315 ns, Cleanup: 29867 ns, At safepoint: 6833 ns, Total: 269015 ns
[2025-12-05T07:58:37.049+0000][1841.359s][debug][safepoint   ] Safepoint synchronization initiated using futex wait barrier. (252 threads)
[2025-12-05T07:58:37.050+0000][1841.360s][info ][gc,start    ] GC(98) Pause Young (Normal) (G1 Evacuation Pause)
[2025-12-05T07:58:37.050+0000][1841.360s][info ][gc,task     ] GC(98) Using 13 workers of 13 for evacuation
[2025-12-05T07:58:37.057+0000][1841.367s][info ][gc,phases   ] GC(98)   Pre Evacuate Collection Set: 0.5ms
[2025-12-05T07:58:37.057+0000][1841.367s][info ][gc,phases   ] GC(98)   Merge Heap Roots: 0.3ms
[2025-12-05T07:58:37.057+0000][1841.367s][info ][gc,phases   ] GC(98)   Evacuate Collection Set: 4.3ms
[2025-12-05T07:58:37.057+0000][1841.367s][info ][gc,phases   ] GC(98)   Post Evacuate Collection Set: 2.3ms
[2025-12-05T07:58:37.057+0000][1841.367s][info ][gc,phases   ] GC(98)   Other: 0.4ms
[2025-12-05T07:58:37.057+0000][1841.367s][info ][gc,heap     ] GC(98) Eden regions: 176->0(177)
[2025-12-05T07:58:37.057+0000][1841.367s][info ][gc,heap     ] GC(98) Survivor regions: 2->3(23)
[2025-12-05T07:58:37.057+0000][1841.367s][info ][gc,heap     ] GC(98) Old regions: 510->510
[2025-12-05T07:58:37.057+0000][1841.367s][info ][gc,heap     ] GC(98) Archive regions: 2->2
[2025-12-05T07:58:37.058+0000][1841.367s][info ][gc,heap     ] GC(98) Humongous regions: 34->17
[2025-12-05T07:58:37.058+0000][1841.367s][info ][gc,metaspace] GC(98) Metaspace: 205355K(206912K)->205355K(206912K) NonClass: 180619K(181440K)->180619K(181440K) Class: 24736K(25472K)->24736K(25472K)
[2025-12-05T07:58:37.058+0000][1841.368s][info ][gc          ] GC(98) Pause Young (Normal) (G1 Evacuation Pause) 721M->529M(805M) 7.851ms
[2025-12-05T07:58:37.058+0000][1841.368s][info ][gc,cpu      ] GC(98) User=0.05s Sys=0.00s Real=0.01s
[2025-12-05T07:58:37.058+0000][1841.368s][info ][safepoint   ] Safepoint "G1CollectForAllocation", Time since last: 3094679714 ns, Reaching safepoint: 281369 ns, Cleanup: 31079 ns, At safepoint: 8636566 ns, Total: 8949014 ns
[2025-12-05T07:58:40.059+0000][1844.368s][debug][safepoint   ] Safepoint synchronization initiated using futex wait barrier. (252 threads)
[2025-12-05T07:58:40.059+0000][1844.369s][info ][safepoint   ] Safepoint "Cleanup", Time since last: 3000418180 ns, Reaching safepoint: 120681 ns, Cleanup: 49575 ns, At safepoint: 3878 ns, Total: 174134 ns
[2025-12-05T07:58:41.059+0000][1845.369s][debug][safepoint   ] Safepoint synchronization initiated using futex wait barrier. (252 threads)
[2025-12-05T07:58:41.059+0000][1845.369s][info ][safepoint   ] Safepoint "Cleanup", Time since last: 1000134543 ns, Reaching safepoint: 105823 ns, Cleanup: 13726 ns, At safepoint: 3357 ns, Total: 122906 ns
[2025-12-05T07:58:45.060+0000][1849.369s][debug][safepoint   ] Safepoint synchronization initiated using futex wait barrier. (256 threads)
[2025-12-05T07:58:45.060+0000][1849.370s][info ][safepoint   ] Safepoint "Cleanup", Time since last: 4000562731 ns, Reaching safepoint: 190325 ns, Cleanup: 85945 ns, At safepoint: 4860 ns, Total: 281130 ns
[2025-12-05T07:58:46.060+0000][1850.370s][debug][safepoint   ] Safepoint synchronization initiated using futex wait barrier. (255 threads)
[2025-12-05T07:58:46.060+0000][1850.370s][info ][safepoint   ] Safepoint "Cleanup", Time since last: 1000149373 ns, Reaching safepoint: 133326 ns, Cleanup: 48503 ns, At safepoint: 3817 ns, Total: 185646 ns
[2025-12-05T07:58:47.060+0000][1851.370s][debug][safepoint   ] Safepoint synchronization initiated using futex wait barrier. (255 threads)
[2025-12-05T07:58:47.061+0000][1851.370s][info ][safepoint   ] Safepoint "Cleanup", Time since last: 1000152301 ns, Reaching safepoint: 180486 ns, Cleanup: 52521 ns, At safepoint: 4248 ns, Total: 237255 ns
[2025-12-05T07:58:48.061+0000][1852.371s][debug][safepoint   ] Safepoint synchronization initiated using futex wait barrier. (254 threads)
[2025-12-05T07:58:48.062+0000][1852.372s][info ][safepoint   ] Safepoint "Cleanup", Time since last: 1000212310 ns, Reaching safepoint: 829832 ns, Cleanup: 25358 ns, At safepoint: 300107 ns, Total: 1155297 ns
[2025-12-05T07:58:49.062+0000][1853.372s][debug][safepoint   ] Safepoint synchronization initiated using futex wait barrier. (253 threads)
[2025-12-05T07:58:49.063+0000][1853.373s][info ][safepoint   ] Safepoint "Cleanup", Time since last: 1000426412 ns, Reaching safepoint: 269166 ns, Cleanup: 55707 ns, At safepoint: 4418 ns, Total: 329291 ns
[2025-12-05T07:58:50.063+0000][1854.373s][debug][safepoint   ] Safepoint synchronization initiated using futex wait barrier. (254 threads)
[2025-12-05T07:58:50.063+0000][1854.373s][info ][safepoint   ] Safepoint "Cleanup", Time since last: 1000200475 ns, Reaching safepoint: 126182 ns, Cleanup: 51970 ns, At safepoint: 3667 ns, Total: 181819 ns
[2025-12-05T07:58:54.064+0000][1858.374s][debug][safepoint   ] Safepoint synchronization initiated using futex wait barrier. (254 threads)
[2025-12-05T07:58:54.064+0000][1858.374s][info ][safepoint   ] Safepoint "Cleanup", Time since last: 4000648399 ns, Reaching safepoint: 177781 ns, Cleanup: 20610 ns, At safepoint: 4468 ns, Total: 202859 ns
[2025-12-05T07:58:58.982+0000][1863.292s][debug][safepoint   ] Safepoint synchronization initiated using futex wait barrier. (256 threads)
[2025-12-05T07:58:58.983+0000][1863.293s][info ][safepoint   ] Safepoint "Cleanup", Time since last: 4918471836 ns, Reaching safepoint: 181456 ns, Cleanup: 98218 ns, At safepoint: 5841 ns, Total: 285515 ns
[2025-12-05T07:58:59.981+0000][1864.293s][debug][safepoint   ] Safepoint synchronization initiated using futex wait barrier. (254 threads)
[2025-12-05T07:58:59.981+0000][1864.293s][info ][safepoint   ] Safepoint "Cleanup", Time since last: 1000194178 ns, Reaching safepoint: 204510 ns, Cleanup: 91905 ns, At safepoint: 5912 ns, Total: 302327 ns
[2025-12-05T07:59:03.982+0000][1868.294s][debug][safepoint   ] Safepoint synchronization initiated using futex wait barrier. (253 threads)
[2025-12-05T07:59:03.982+0000][1868.294s][info ][safepoint   ] Safepoint "Cleanup", Time since last: 4000575981 ns, Reaching safepoint: 251470 ns, Cleanup: 46289 ns, At safepoint: 7103 ns, Total: 304862 ns
[2025-12-05T07:59:07.983+0000][1872.294s][debug][safepoint   ] Safepoint synchronization initiated using futex wait barrier. (252 threads)
[2025-12-05T07:59:07.983+0000][1872.295s][info ][safepoint   ] Safepoint "Cleanup", Time since last: 4000526177 ns, Reaching safepoint: 129228 ns, Cleanup: 48673 ns, At safepoint: 3978 ns, Total: 181879 ns
[2025-12-05T07:59:11.984+0000][1876.295s][debug][safepoint   ] Safepoint synchronization initiated using futex wait barrier. (252 threads)
[2025-12-05T07:59:11.984+0000][1876.295s][info ][safepoint   ] Safepoint "Cleanup", Time since last: 4000633795 ns, Reaching safepoint: 132493 ns, Cleanup: 35348 ns, At safepoint: 4108 ns, Total: 171949 ns
[2025-12-05T07:59:12.984+0000][1877.296s][debug][safepoint   ] Safepoint synchronization initiated using futex wait barrier. (252 threads)
[2025-12-05T07:59:12.984+0000][1877.296s][info ][safepoint   ] Safepoint "Cleanup", Time since last: 1000222563 ns, Reaching safepoint: 177610 ns, Cleanup: 25118 ns, At safepoint: 6162 ns, Total: 208890 ns
[2025-12-05T07:59:13.984+0000][1878.296s][debug][safepoint   ] Safepoint synchronization initiated using futex wait barrier. (252 threads)
[2025-12-05T07:59:13.985+0000][1878.296s][info ][safepoint   ] Safepoint "Cleanup", Time since last: 1000252181 ns, Reaching safepoint: 205694 ns, Cleanup: 54314 ns, At safepoint: 5962 ns, Total: 265970 ns
[2025-12-05T07:59:14.985+0000][1879.297s][debug][safepoint   ] Safepoint synchronization initiated using futex wait barrier. (252 threads)
[2025-12-05T07:59:14.985+0000][1879.297s][info ][safepoint   ] Safepoint "Cleanup", Time since last: 1000206004 ns, Reaching safepoint: 157853 ns, Cleanup: 34947 ns, At safepoint: 4779 ns, Total: 197579 ns
[2025-12-05T07:59:15.985+0000][1880.297s][debug][safepoint   ] Safepoint synchronization initiated using futex wait barrier. (252 threads)
[2025-12-05T07:59:15.985+0000][1880.297s][info ][safepoint   ] Safepoint "Cleanup", Time since last: 1000154307 ns, Reaching safepoint: 125301 ns, Cleanup: 31189 ns, At safepoint: 4168 ns, Total: 160658 ns
[2025-12-05T07:59:16.432+0000][1880.744s][debug][safepoint   ] Safepoint synchronization initiated using futex wait barrier. (252 threads)
[2025-12-05T07:59:16.433+0000][1880.744s][info ][gc,start    ] GC(99) Pause Young (Normal) (G1 Evacuation Pause)
[2025-12-05T07:59:16.433+0000][1880.744s][info ][gc,task     ] GC(99) Using 13 workers of 13 for evacuation
[2025-12-05T07:59:16.444+0000][1880.756s][info ][gc,phases   ] GC(99)   Pre Evacuate Collection Set: 0.6ms
[2025-12-05T07:59:16.444+0000][1880.756s][info ][gc,phases   ] GC(99)   Merge Heap Roots: 0.4ms
[2025-12-05T07:59:16.444+0000][1880.756s][info ][gc,phases   ] GC(99)   Evacuate Collection Set: 7.0ms
[2025-12-05T07:59:16.444+0000][1880.756s][info ][gc,phases   ] GC(99)   Post Evacuate Collection Set: 3.2ms
[2025-12-05T07:59:16.444+0000][1880.756s][info ][gc,phases   ] GC(99)   Other: 0.4ms
[2025-12-05T07:59:16.444+0000][1880.756s][info ][gc,heap     ] GC(99) Eden regions: 177->0(180)
[2025-12-05T07:59:16.444+0000][1880.756s][info ][gc,heap     ] GC(99) Survivor regions: 3->3(23)
[2025-12-05T07:59:16.444+0000][1880.756s][info ][gc,heap     ] GC(99) Old regions: 510->510
[2025-12-05T07:59:16.444+0000][1880.756s][info ][gc,heap     ] GC(99) Archive regions: 2->2
[2025-12-05T07:59:16.444+0000][1880.756s][info ][gc,heap     ] GC(99) Humongous regions: 17->17
[2025-12-05T07:59:16.444+0000][1880.756s][info ][gc,metaspace] GC(99) Metaspace: 205997K(207552K)->205997K(207552K) NonClass: 181255K(182080K)->181255K(182080K) Class: 24742K(25472K)->24742K(25472K)
[2025-12-05T07:59:16.444+0000][1880.756s][info ][gc          ] GC(99) Pause Young (Normal) (G1 Evacuation Pause) 706M->530M(805M) 11.703ms
[2025-12-05T07:59:16.444+0000][1880.756s][info ][gc,cpu      ] GC(99) User=0.07s Sys=0.00s Real=0.01s
[2025-12-05T07:59:16.445+0000][1880.756s][info ][safepoint   ] Safepoint "G1CollectForAllocation", Time since last: 446654301 ns, Reaching safepoint: 279746 ns, Cleanup: 38254 ns, At safepoint: 12209944 ns, Total: 12527944 ns
[2025-12-05T07:59:17.445+0000][1881.757s][debug][safepoint   ] Safepoint synchronization initiated using futex wait barrier. (252 threads)
[2025-12-05T07:59:17.445+0000][1881.757s][info ][safepoint   ] Safepoint "Cleanup", Time since last: 1000209552 ns, Reaching safepoint: 151240 ns, Cleanup: 56048 ns, At safepoint: 5590 ns, Total: 212878 ns
[2025-12-05T07:59:19.445+0000][1883.757s][debug][safepoint   ] Safepoint synchronization initiated using futex wait barrier. (252 threads)
[2025-12-05T07:59:19.446+0000][1883.757s][info ][safepoint   ] Safepoint "Cleanup", Time since last: 2000257252 ns, Reaching safepoint: 145750 ns, Cleanup: 35157 ns, At safepoint: 5711 ns, Total: 186618 ns
[2025-12-05T07:59:20.446+0000][1884.757s][debug][safepoint   ] Safepoint synchronization initiated using futex wait barrier. (252 threads)
[2025-12-05T07:59:20.446+0000][1884.757s][info ][safepoint   ] Safepoint "Cleanup", Time since last: 1000145732 ns, Reaching safepoint: 123136 ns, Cleanup: 19418 ns, At safepoint: 3817 ns, Total: 146371 ns
[2025-12-05T07:59:23.446+0000][1887.758s][debug][safepoint   ] Safepoint synchronization initiated using futex wait barrier. (252 threads)
[2025-12-05T07:59:23.446+0000][1887.758s][info ][safepoint   ] Safepoint "Cleanup", Time since last: 3000467144 ns, Reaching safepoint: 165848 ns, Cleanup: 28214 ns, At safepoint: 21842 ns, Total: 215904 ns
[2025-12-05T07:59:38.447+0000][1902.761s][debug][safepoint   ] Safepoint synchronization initiated using futex wait barrier. (252 threads)
[2025-12-05T07:59:38.448+0000][1902.761s][info ][safepoint   ] Safepoint "Cleanup", Time since last: 15002381962 ns, Reaching safepoint: 149546 ns, Cleanup: 18436 ns, At safepoint: 4568 ns, Total: 172550 ns
[2025-12-05T07:59:40.448+0000][1904.761s][debug][safepoint   ] Safepoint synchronization initiated using futex wait barrier. (252 threads)
[2025-12-05T07:59:40.448+0000][1904.761s][info ][safepoint   ] Safepoint "Cleanup", Time since last: 2000275709 ns, Reaching safepoint: 173332 ns, Cleanup: 57791 ns, At safepoint: 5059 ns, Total: 236182 ns
[2025-12-05T07:59:51.450+0000][1915.763s][debug][safepoint   ] Safepoint synchronization initiated using futex wait barrier. (254 threads)
[2025-12-05T07:59:51.450+0000][1915.763s][info ][safepoint   ] Safepoint "Cleanup", Time since last: 11001448523 ns, Reaching safepoint: 479098 ns, Cleanup: 57941 ns, At safepoint: 70976 ns, Total: 608015 ns
[2025-12-05T07:59:52.528+0000][1916.841s][debug][safepoint   ] Safepoint synchronization initiated using futex wait barrier. (254 threads)
[2025-12-05T07:59:52.528+0000][1916.841s][info ][safepoint   ] Safepoint "Cleanup", Time since last: 1077555721 ns, Reaching safepoint: 158463 ns, Cleanup: 241603 ns, At safepoint: 10991 ns, Total: 411057 ns
[2025-12-05T08:00:07.015+0000][1931.330s][debug][safepoint   ] Safepoint synchronization initiated using futex wait barrier. (254 threads)
[2025-12-05T08:00:07.015+0000][1931.330s][info ][safepoint   ] Safepoint "Cleanup", Time since last: 14489034886 ns, Reaching safepoint: 109279 ns, Cleanup: 24156 ns, At safepoint: 3427 ns, Total: 136862 ns
[2025-12-05T08:00:45.214+0000][1969.531s][debug][safepoint   ] Safepoint synchronization initiated using futex wait barrier. (253 threads)
[2025-12-05T08:00:45.215+0000][1969.532s][info ][gc,start    ] GC(100) Pause Young (Normal) (G1 Evacuation Pause)
[2025-12-05T08:00:45.215+0000][1969.532s][info ][gc,task     ] GC(100) Using 13 workers of 13 for evacuation
[2025-12-05T08:00:45.221+0000][1969.538s][info ][gc,phases   ] GC(100)   Pre Evacuate Collection Set: 0.4ms
[2025-12-05T08:00:45.221+0000][1969.538s][info ][gc,phases   ] GC(100)   Merge Heap Roots: 0.3ms
[2025-12-05T08:00:45.221+0000][1969.538s][info ][gc,phases   ] GC(100)   Evacuate Collection Set: 3.3ms
[2025-12-05T08:00:45.221+0000][1969.538s][info ][gc,phases   ] GC(100)   Post Evacuate Collection Set: 1.6ms
[2025-12-05T08:00:45.221+0000][1969.538s][info ][gc,phases   ] GC(100)   Other: 0.4ms
[2025-12-05T08:00:45.221+0000][1969.538s][info ][gc,heap     ] GC(100) Eden regions: 180->0(182)
[2025-12-05T08:00:45.221+0000][1969.538s][info ][gc,heap     ] GC(100) Survivor regions: 3->3(23)
[2025-12-05T08:00:45.221+0000][1969.538s][info ][gc,heap     ] GC(100) Old regions: 510->510
[2025-12-05T08:00:45.221+0000][1969.538s][info ][gc,heap     ] GC(100) Archive regions: 2->2
[2025-12-05T08:00:45.221+0000][1969.538s][info ][gc,heap     ] GC(100) Humongous regions: 17->17
[2025-12-05T08:00:45.221+0000][1969.538s][info ][gc,metaspace] GC(100) Metaspace: 206210K(207808K)->206210K(207808K) NonClass: 181440K(182272K)->181440K(182272K) Class: 24769K(25536K)->24769K(25536K)
[2025-12-05T08:00:45.221+0000][1969.538s][info ][gc          ] GC(100) Pause Young (Normal) (G1 Evacuation Pause) 710M->530M(805M) 6.178ms
[2025-12-05T08:00:45.221+0000][1969.538s][info ][gc,cpu      ] GC(100) User=0.04s Sys=0.00s Real=0.01s
[2025-12-05T08:00:45.221+0000][1969.538s][info ][safepoint   ] Safepoint "G1CollectForAllocation", Time since last: 38200910004 ns, Reaching safepoint: 188792 ns, Cleanup: 7705 ns, At safepoint: 6559143 ns, Total: 6755640 ns
[2025-12-05T08:01:08.049+0000][1992.367s][debug][safepoint   ] Safepoint synchronization initiated using futex wait barrier. (252 threads)
[2025-12-05T08:01:08.049+0000][1992.367s][info ][safepoint   ] Safepoint "Cleanup", Time since last: 22829234418 ns, Reaching safepoint: 117666 ns, Cleanup: 14668 ns, At safepoint: 3898 ns, Total: 136232 ns
[2025-12-05T08:01:38.053+0000][2022.373s][debug][safepoint   ] Safepoint synchronization initiated using futex wait barrier. (251 threads)
[2025-12-05T08:01:38.053+0000][2022.373s][info ][safepoint   ] Safepoint "Cleanup", Time since last: 30005364208 ns, Reaching safepoint: 174656 ns, Cleanup: 22052 ns, At safepoint: 5641 ns, Total: 202349 ns
[2025-12-05T08:02:03.055+0000][2047.377s][debug][safepoint   ] Safepoint synchronization initiated using futex wait barrier. (250 threads)
[2025-12-05T08:02:03.055+0000][2047.377s][info ][safepoint   ] Safepoint "Cleanup", Time since last: 25003630532 ns, Reaching safepoint: 210904 ns, Cleanup: 43453 ns, At safepoint: 5471 ns, Total: 259828 ns
[2025-12-05T08:02:06.056+0000][2050.377s][debug][safepoint   ] Safepoint synchronization initiated using futex wait barrier. (250 threads)
[2025-12-05T08:02:06.056+0000][2050.378s][info ][safepoint   ] Safepoint "Cleanup", Time since last: 3000486268 ns, Reaching safepoint: 145269 ns, Cleanup: 22994 ns, At safepoint: 39826 ns, Total: 208089 ns
[2025-12-05T08:02:09.056+0000][2053.378s][debug][safepoint   ] Safepoint synchronization initiated using futex wait barrier. (251 threads)
[2025-12-05T08:02:09.056+0000][2053.378s][info ][safepoint   ] Safepoint "Cleanup", Time since last: 3000450426 ns, Reaching safepoint: 171328 ns, Cleanup: 25369 ns, At safepoint: 5009 ns, Total: 201706 ns
[2025-12-05T08:02:11.057+0000][2055.379s][debug][safepoint   ] Safepoint synchronization initiated using futex wait barrier. (254 threads)
[2025-12-05T08:02:11.057+0000][2055.379s][info ][safepoint   ] Safepoint "Cleanup", Time since last: 2000309078 ns, Reaching safepoint: 169164 ns, Cleanup: 111584 ns, At safepoint: 6462 ns, Total: 287210 ns
[2025-12-05T08:02:12.057+0000][2056.379s][debug][safepoint   ] Safepoint synchronization initiated using futex wait barrier. (254 threads)
[2025-12-05T08:02:12.058+0000][2056.380s][info ][safepoint   ] Safepoint "Cleanup", Time since last: 1000393028 ns, Reaching safepoint: 303722 ns, Cleanup: 49715 ns, At safepoint: 7224 ns, Total: 360661 ns
[2025-12-05T08:02:13.058+0000][2057.380s][debug][safepoint   ] Safepoint synchronization initiated using futex wait barrier. (254 threads)
[2025-12-05T08:02:13.058+0000][2057.380s][info ][safepoint   ] Safepoint "Cleanup", Time since last: 1000189732 ns, Reaching safepoint: 109440 ns, Cleanup: 71708 ns, At safepoint: 5149 ns, Total: 186297 ns
[2025-12-05T08:02:14.058+0000][2058.380s][debug][safepoint   ] Safepoint synchronization initiated using futex wait barrier. (254 threads)
[2025-12-05T08:02:14.059+0000][2058.380s][info ][safepoint   ] Safepoint "Cleanup", Time since last: 1000188996 ns, Reaching safepoint: 172461 ns, Cleanup: 39365 ns, At safepoint: 6513 ns, Total: 218339 ns
[2025-12-05T08:02:17.059+0000][2061.381s][debug][safepoint   ] Safepoint synchronization initiated using futex wait barrier. (254 threads)
[2025-12-05T08:02:17.060+0000][2061.381s][info ][safepoint   ] Safepoint "Cleanup", Time since last: 3000901460 ns, Reaching safepoint: 156621 ns, Cleanup: 10199 ns, At safepoint: 25359 ns, Total: 192179 ns
[2025-12-05T08:02:18.060+0000][2062.382s][debug][safepoint   ] Safepoint synchronization initiated using futex wait barrier. (254 threads)
[2025-12-05T08:02:18.060+0000][2062.382s][info ][safepoint   ] Safepoint "Cleanup", Time since last: 1000202835 ns, Reaching safepoint: 231583 ns, Cleanup: 26281 ns, At safepoint: 5150 ns, Total: 263014 ns
[2025-12-05T08:02:21.061+0000][2065.382s][debug][safepoint   ] Safepoint synchronization initiated using futex wait barrier. (254 threads)
[2025-12-05T08:02:21.061+0000][2065.383s][info ][safepoint   ] Safepoint "Cleanup", Time since last: 3000422092 ns, Reaching safepoint: 145259 ns, Cleanup: 73240 ns, At safepoint: 6944 ns, Total: 225443 ns
[2025-12-05T08:02:31.060+0000][2075.384s][debug][safepoint   ] Safepoint synchronization initiated using futex wait barrier. (254 threads)
[2025-12-05T08:02:31.060+0000][2075.384s][info ][safepoint   ] Safepoint "Cleanup", Time since last: 10001424317 ns, Reaching safepoint: 115361 ns, Cleanup: 13736 ns, At safepoint: 3808 ns, Total: 132905 ns
[2025-12-05T08:02:34.061+0000][2078.385s][debug][safepoint   ] Safepoint synchronization initiated using futex wait barrier. (254 threads)
[2025-12-05T08:02:34.061+0000][2078.385s][info ][safepoint   ] Safepoint "Cleanup", Time since last: 3000537344 ns, Reaching safepoint: 259478 ns, Cleanup: 30167 ns, At safepoint: 6413 ns, Total: 296058 ns
[2025-12-05T08:02:38.062+0000][2082.386s][debug][safepoint   ] Safepoint synchronization initiated using futex wait barrier. (254 threads)
[2025-12-05T08:02:38.062+0000][2082.386s][info ][safepoint   ] Safepoint "Cleanup", Time since last: 4000725354 ns, Reaching safepoint: 202408 ns, Cleanup: 36109 ns, At safepoint: 4949 ns, Total: 243466 ns
[2025-12-05T08:02:49.547+0000][2093.871s][debug][safepoint   ] Safepoint synchronization initiated using futex wait barrier. (263 threads)
[2025-12-05T08:02:49.548+0000][2093.871s][info ][safepoint   ] Safepoint "Cleanup", Time since last: 11484817142 ns, Reaching safepoint: 258845 ns, Cleanup: 136833 ns, At safepoint: 124618 ns, Total: 520296 ns
[2025-12-05T08:02:49.585+0000][2093.909s][debug][safepoint   ] Safepoint synchronization initiated using futex wait barrier. (265 threads)
[2025-12-05T08:02:49.586+0000][2093.910s][info ][gc,start    ] GC(101) Pause Young (Normal) (G1 Evacuation Pause)
[2025-12-05T08:02:49.586+0000][2093.910s][info ][gc,task     ] GC(101) Using 13 workers of 13 for evacuation
[2025-12-05T08:02:49.593+0000][2093.917s][info ][gc,phases   ] GC(101)   Pre Evacuate Collection Set: 0.8ms
[2025-12-05T08:02:49.593+0000][2093.917s][info ][gc,phases   ] GC(101)   Merge Heap Roots: 0.3ms
[2025-12-05T08:02:49.593+0000][2093.917s][info ][gc,phases   ] GC(101)   Evacuate Collection Set: 3.9ms
[2025-12-05T08:02:49.593+0000][2093.917s][info ][gc,phases   ] GC(101)   Post Evacuate Collection Set: 1.8ms
[2025-12-05T08:02:49.593+0000][2093.917s][info ][gc,phases   ] GC(101)   Other: 0.7ms
[2025-12-05T08:02:49.593+0000][2093.917s][info ][gc,heap     ] GC(101) Eden regions: 182->0(181)
[2025-12-05T08:02:49.593+0000][2093.917s][info ][gc,heap     ] GC(101) Survivor regions: 3->5(24)
[2025-12-05T08:02:49.593+0000][2093.917s][info ][gc,heap     ] GC(101) Old regions: 510->510
[2025-12-05T08:02:49.593+0000][2093.917s][info ][gc,heap     ] GC(101) Archive regions: 2->2
[2025-12-05T08:02:49.593+0000][2093.917s][info ][gc,heap     ] GC(101) Humongous regions: 17->17
[2025-12-05T08:02:49.593+0000][2093.917s][info ][gc,metaspace] GC(101) Metaspace: 207212K(208768K)->207212K(208768K) NonClass: 182349K(183168K)->182349K(183168K) Class: 24862K(25600K)->24862K(25600K)
[2025-12-05T08:02:49.593+0000][2093.917s][info ][gc          ] GC(101) Pause Young (Normal) (G1 Evacuation Pause) 712M->531M(805M) 7.496ms
[2025-12-05T08:02:49.593+0000][2093.917s][info ][gc,cpu      ] GC(101) User=0.05s Sys=0.00s Real=0.00s
[2025-12-05T08:02:49.594+0000][2093.917s][info ][safepoint   ] Safepoint "G1CollectForAllocation", Time since last: 37463114 ns, Reaching safepoint: 302760 ns, Cleanup: 109389 ns, At safepoint: 8062388 ns, Total: 8474537 ns
[2025-12-05T08:02:50.594+0000][2094.918s][debug][safepoint   ] Safepoint synchronization initiated using futex wait barrier. (267 threads)
[2025-12-05T08:02:50.594+0000][2094.918s][info ][safepoint   ] Safepoint "Cleanup", Time since last: 1000290350 ns, Reaching safepoint: 241613 ns, Cleanup: 227857 ns, At safepoint: 8075 ns, Total: 477545 ns
[2025-12-05T08:02:55.595+0000][2099.919s][debug][safepoint   ] Safepoint synchronization initiated using futex wait barrier. (265 threads)
[2025-12-05T08:02:55.595+0000][2099.919s][info ][safepoint   ] Safepoint "Cleanup", Time since last: 5000810829 ns, Reaching safepoint: 81586 ns, Cleanup: 12334 ns, At safepoint: 2945 ns, Total: 96865 ns
[2025-12-05T08:03:09.113+0000][2113.439s][debug][safepoint   ] Safepoint synchronization initiated using futex wait barrier. (263 threads)
[2025-12-05T08:03:09.114+0000][2113.439s][info ][safepoint   ] Safepoint "Cleanup", Time since last: 13519632147 ns, Reaching safepoint: 193260 ns, Cleanup: 14679 ns, At safepoint: 151380 ns, Total: 359319 ns
[2025-12-05T08:03:28.116+0000][2132.442s][debug][safepoint   ] Safepoint synchronization initiated using futex wait barrier. (262 threads)
[2025-12-05T08:03:28.116+0000][2132.442s][info ][safepoint   ] Safepoint "Cleanup", Time since last: 19002773320 ns, Reaching safepoint: 126412 ns, Cleanup: 14067 ns, At safepoint: 3767 ns, Total: 144246 ns
[2025-12-05T08:04:10.146+0000][2174.475s][debug][safepoint   ] Safepoint synchronization initiated using futex wait barrier. (255 threads)
[2025-12-05T08:04:10.146+0000][2174.475s][info ][safepoint   ] Safepoint "Cleanup", Time since last: 42032723155 ns, Reaching safepoint: 300877 ns, Cleanup: 17052 ns, At safepoint: 5220 ns, Total: 323149 ns
[2025-12-05T08:04:15.147+0000][2179.476s][debug][safepoint   ] Safepoint synchronization initiated using futex wait barrier. (255 threads)
[2025-12-05T08:04:15.147+0000][2179.476s][info ][safepoint   ] Safepoint "Cleanup", Time since last: 5000672490 ns, Reaching safepoint: 158924 ns, Cleanup: 14969 ns, At safepoint: 4619 ns, Total: 178512 ns
[2025-12-05T08:04:24.148+0000][2188.477s][debug][safepoint   ] Safepoint synchronization initiated using futex wait barrier. (255 threads)
[2025-12-05T08:04:24.149+0000][2188.477s][info ][safepoint   ] Safepoint "Cleanup", Time since last: 9001345064 ns, Reaching safepoint: 213499 ns, Cleanup: 24677 ns, At safepoint: 4379 ns, Total: 242555 ns
[2025-12-05T08:04:34.148+0000][2198.479s][debug][safepoint   ] Safepoint synchronization initiated using futex wait barrier. (260 threads)
[2025-12-05T08:04:34.148+0000][2198.479s][info ][safepoint   ] Safepoint "Cleanup", Time since last: 10001514733 ns, Reaching safepoint: 269666 ns, Cleanup: 64033 ns, At safepoint: 39606 ns, Total: 373305 ns
[2025-12-05T08:04:34.183+0000][2198.514s][debug][safepoint   ] Safepoint synchronization initiated using futex wait barrier. (262 threads)
[2025-12-05T08:04:34.183+0000][2198.514s][info ][gc,start    ] GC(102) Pause Young (Normal) (G1 Evacuation Pause)
[2025-12-05T08:04:34.183+0000][2198.514s][info ][gc,task     ] GC(102) Using 13 workers of 13 for evacuation
[2025-12-05T08:04:34.195+0000][2198.525s][info ][gc,phases   ] GC(102)   Pre Evacuate Collection Set: 0.6ms
[2025-12-05T08:04:34.195+0000][2198.525s][info ][gc,phases   ] GC(102)   Merge Heap Roots: 0.4ms
[2025-12-05T08:04:34.195+0000][2198.525s][info ][gc,phases   ] GC(102)   Evacuate Collection Set: 7.9ms
[2025-12-05T08:04:34.195+0000][2198.525s][info ][gc,phases   ] GC(102)   Post Evacuate Collection Set: 2.1ms
[2025-12-05T08:04:34.195+0000][2198.525s][info ][gc,phases   ] GC(102)   Other: 0.4ms
[2025-12-05T08:04:34.195+0000][2198.526s][info ][gc,heap     ] GC(102) Eden regions: 181->0(182)
[2025-12-05T08:04:34.195+0000][2198.526s][info ][gc,heap     ] GC(102) Survivor regions: 5->5(24)
[2025-12-05T08:04:34.195+0000][2198.526s][info ][gc,heap     ] GC(102) Old regions: 510->510
[2025-12-05T08:04:34.195+0000][2198.526s][info ][gc,heap     ] GC(102) Archive regions: 2->2
[2025-12-05T08:04:34.195+0000][2198.526s][info ][gc,heap     ] GC(102) Humongous regions: 17->17
[2025-12-05T08:04:34.195+0000][2198.526s][info ][gc,metaspace] GC(102) Metaspace: 209008K(210624K)->209008K(210624K) NonClass: 183908K(184768K)->183908K(184768K) Class: 25099K(25856K)->25099K(25856K)
[2025-12-05T08:04:34.195+0000][2198.526s][info ][gc          ] GC(102) Pause Young (Normal) (G1 Evacuation Pause) 712M->532M(805M) 11.495ms
[2025-12-05T08:04:34.195+0000][2198.526s][info ][gc,cpu      ] GC(102) User=0.08s Sys=0.00s Real=0.01s
[2025-12-05T08:04:34.195+0000][2198.526s][info ][safepoint   ] Safepoint "G1CollectForAllocation", Time since last: 34580063 ns, Reaching safepoint: 165086 ns, Cleanup: 25299 ns, At safepoint: 11862929 ns, Total: 12053314 ns
[2025-12-05T08:04:35.361+0000][2199.691s][debug][safepoint   ] Safepoint synchronization initiated using futex wait barrier. (267 threads)
[2025-12-05T08:04:35.361+0000][2199.692s][info ][safepoint   ] Safepoint "Cleanup", Time since last: 1165463489 ns, Reaching safepoint: 140109 ns, Cleanup: 191396 ns, At safepoint: 18646 ns, Total: 350151 ns
[2025-12-05T08:04:37.361+0000][2201.692s][debug][safepoint   ] Safepoint synchronization initiated using futex wait barrier. (267 threads)
[2025-12-05T08:04:37.361+0000][2201.692s][info ][safepoint   ] Safepoint "Cleanup", Time since last: 2000293628 ns, Reaching safepoint: 166569 ns, Cleanup: 21671 ns, At safepoint: 4108 ns, Total: 192348 ns
[2025-12-05T08:04:38.362+0000][2202.692s][debug][safepoint   ] Safepoint synchronization initiated using futex wait barrier. (267 threads)
[2025-12-05T08:04:38.362+0000][2202.692s][info ][safepoint   ] Safepoint "Cleanup", Time since last: 1000154229 ns, Reaching safepoint: 115601 ns, Cleanup: 13516 ns, At safepoint: 4369 ns, Total: 133486 ns
[2025-12-05T08:04:40.362+0000][2204.693s][debug][safepoint   ] Safepoint synchronization initiated using futex wait barrier. (268 threads)
[2025-12-05T08:04:40.362+0000][2204.693s][info ][safepoint   ] Safepoint "Cleanup", Time since last: 2000301003 ns, Reaching safepoint: 115442 ns, Cleanup: 20258 ns, At safepoint: 3757 ns, Total: 139457 ns
[2025-12-05T08:04:45.363+0000][2209.694s][debug][safepoint   ] Safepoint synchronization initiated using futex wait barrier. (268 threads)
[2025-12-05T08:04:45.363+0000][2209.694s][info ][safepoint   ] Safepoint "Cleanup", Time since last: 5000715202 ns, Reaching safepoint: 149937 ns, Cleanup: 66016 ns, At safepoint: 4319 ns, Total: 220272 ns
[2025-12-05T08:04:47.363+0000][2211.694s][debug][safepoint   ] Safepoint synchronization initiated using futex wait barrier. (268 threads)
[2025-12-05T08:04:47.364+0000][2211.694s][info ][safepoint   ] Safepoint "Cleanup", Time since last: 2000287030 ns, Reaching safepoint: 125130 ns, Cleanup: 13325 ns, At safepoint: 4609 ns, Total: 143064 ns
[2025-12-05T08:04:48.364+0000][2212.694s][debug][safepoint   ] Safepoint synchronization initiated using futex wait barrier. (267 threads)
[2025-12-05T08:04:48.364+0000][2212.695s][info ][safepoint   ] Safepoint "Cleanup", Time since last: 1000158823 ns, Reaching safepoint: 192449 ns, Cleanup: 18786 ns, At safepoint: 43793 ns, Total: 255028 ns
[2025-12-05T08:04:54.365+0000][2218.696s][debug][safepoint   ] Safepoint synchronization initiated using futex wait barrier. (270 threads)
[2025-12-05T08:04:54.365+0000][2218.696s][info ][safepoint   ] Safepoint "Cleanup", Time since last: 6000922930 ns, Reaching safepoint: 178021 ns, Cleanup: 100322 ns, At safepoint: 5010 ns, Total: 283353 ns
[2025-12-05T08:04:56.365+0000][2220.696s][debug][safepoint   ] Safepoint synchronization initiated using futex wait barrier. (270 threads)
[2025-12-05T08:04:56.366+0000][2220.696s][info ][safepoint   ] Safepoint "Cleanup", Time since last: 2000297465 ns, Reaching safepoint: 182420 ns, Cleanup: 37151 ns, At safepoint: 4849 ns, Total: 224420 ns
[2025-12-05T08:05:20.177+0000][2244.510s][debug][safepoint   ] Safepoint synchronization initiated using futex wait barrier. (271 threads)
[2025-12-05T08:05:20.178+0000][2244.510s][info ][safepoint   ] Safepoint "Cleanup", Time since last: 23813211289 ns, Reaching safepoint: 166159 ns, Cleanup: 29727 ns, At safepoint: 5450 ns, Total: 201336 ns
[2025-12-05T08:05:25.178+0000][2249.511s][debug][safepoint   ] Safepoint synchronization initiated using futex wait barrier. (271 threads)
[2025-12-05T08:05:25.179+0000][2249.511s][info ][safepoint   ] Safepoint "Cleanup", Time since last: 5000950305 ns, Reaching safepoint: 224521 ns, Cleanup: 25709 ns, At safepoint: 7384 ns, Total: 257614 ns
[2025-12-05T08:05:28.179+0000][2252.511s][debug][safepoint   ] Safepoint synchronization initiated using futex wait barrier. (271 threads)
[2025-12-05T08:05:28.180+0000][2252.512s][info ][safepoint   ] Safepoint "Cleanup", Time since last: 3000484169 ns, Reaching safepoint: 338919 ns, Cleanup: 25028 ns, At safepoint: 6633 ns, Total: 370580 ns
[2025-12-05T08:05:34.179+0000][2258.513s][debug][safepoint   ] Safepoint synchronization initiated using futex wait barrier. (271 threads)
[2025-12-05T08:05:34.179+0000][2258.513s][info ][safepoint   ] Safepoint "Cleanup", Time since last: 6000801175 ns, Reaching safepoint: 209841 ns, Cleanup: 20720 ns, At safepoint: 5541 ns, Total: 236102 ns
[2025-12-05T08:05:35.179+0000][2259.513s][debug][safepoint   ] Safepoint synchronization initiated using futex wait barrier. (270 threads)
[2025-12-05T08:05:35.179+0000][2259.513s][info ][safepoint   ] Safepoint "Cleanup", Time since last: 1000185984 ns, Reaching safepoint: 139967 ns, Cleanup: 13676 ns, At safepoint: 5591 ns, Total: 159234 ns
[2025-12-05T08:05:37.180+0000][2261.514s][debug][safepoint   ] Safepoint synchronization initiated using futex wait barrier. (270 threads)
[2025-12-05T08:05:37.180+0000][2261.514s][info ][safepoint   ] Safepoint "Cleanup", Time since last: 2000296221 ns, Reaching safepoint: 225151 ns, Cleanup: 12474 ns, At safepoint: 4739 ns, Total: 242364 ns
[2025-12-05T08:06:12.184+0000][2296.519s][debug][safepoint   ] Safepoint synchronization initiated using futex wait barrier. (266 threads)
[2025-12-05T08:06:12.184+0000][2296.519s][info ][safepoint   ] Safepoint "Cleanup", Time since last: 35005403589 ns, Reaching safepoint: 173402 ns, Cleanup: 15620 ns, At safepoint: 4378 ns, Total: 193400 ns
[2025-12-05T08:06:17.185+0000][2301.520s][debug][safepoint   ] Safepoint synchronization initiated using futex wait barrier. (266 threads)
[2025-12-05T08:06:17.185+0000][2301.520s][info ][safepoint   ] Safepoint "Cleanup", Time since last: 5000720808 ns, Reaching safepoint: 292270 ns, Cleanup: 25619 ns, At safepoint: 4439 ns, Total: 322328 ns
[2025-12-05T08:06:36.186+0000][2320.524s][debug][safepoint   ] Safepoint synchronization initiated using futex wait barrier. (260 threads)
[2025-12-05T08:06:36.187+0000][2320.524s][info ][safepoint   ] Safepoint "Cleanup", Time since last: 19003128260 ns, Reaching safepoint: 461293 ns, Cleanup: 29417 ns, At safepoint: 5430 ns, Total: 496140 ns
[2025-12-05T08:06:40.466+0000][2324.803s][debug][safepoint   ] Safepoint synchronization initiated using futex wait barrier. (260 threads)
[2025-12-05T08:06:40.466+0000][2324.803s][info ][gc,start    ] GC(103) Pause Young (Normal) (G1 Evacuation Pause)
[2025-12-05T08:06:40.466+0000][2324.803s][info ][gc,task     ] GC(103) Using 13 workers of 13 for evacuation
[2025-12-05T08:06:40.489+0000][2324.826s][info ][gc,phases   ] GC(103)   Pre Evacuate Collection Set: 0.9ms
[2025-12-05T08:06:40.489+0000][2324.826s][info ][gc,phases   ] GC(103)   Merge Heap Roots: 0.5ms
[2025-12-05T08:06:40.489+0000][2324.826s][info ][gc,phases   ] GC(103)   Evacuate Collection Set: 14.2ms
[2025-12-05T08:06:40.489+0000][2324.826s][info ][gc,phases   ] GC(103)   Post Evacuate Collection Set: 7.2ms
[2025-12-05T08:06:40.489+0000][2324.826s][info ][gc,phases   ] GC(103)   Other: 0.6ms
[2025-12-05T08:06:40.489+0000][2324.827s][info ][gc,heap     ] GC(103) Eden regions: 182->0(181)
[2025-12-05T08:06:40.489+0000][2324.827s][info ][gc,heap     ] GC(103) Survivor regions: 5->6(24)
[2025-12-05T08:06:40.489+0000][2324.827s][info ][gc,heap     ] GC(103) Old regions: 510->510
[2025-12-05T08:06:40.489+0000][2324.827s][info ][gc,heap     ] GC(103) Archive regions: 2->2
[2025-12-05T08:06:40.489+0000][2324.827s][info ][gc,heap     ] GC(103) Humongous regions: 17->17
[2025-12-05T08:06:40.489+0000][2324.827s][info ][gc,metaspace] GC(103) Metaspace: 209599K(211200K)->209599K(211200K) NonClass: 184425K(185280K)->184425K(185280K) Class: 25173K(25920K)->25173K(25920K)
[2025-12-05T08:06:40.489+0000][2324.827s][info ][gc          ] GC(103) Pause Young (Normal) (G1 Evacuation Pause) 714M->533M(805M) 23.412ms
[2025-12-05T08:06:40.490+0000][2324.827s][info ][gc,cpu      ] GC(103) User=0.20s Sys=0.00s Real=0.03s
[2025-12-05T08:06:40.490+0000][2324.828s][info ][safepoint   ] Safepoint "G1CollectForAllocation", Time since last: 4278770003 ns, Reaching safepoint: 131632 ns, Cleanup: 5741 ns, At safepoint: 24624820 ns, Total: 24762193 ns
[2025-12-05T08:06:41.491+0000][2325.828s][debug][safepoint   ] Safepoint synchronization initiated using futex wait barrier. (260 threads)
[2025-12-05T08:06:41.491+0000][2325.828s][info ][safepoint   ] Safepoint "Cleanup", Time since last: 1000271544 ns, Reaching safepoint: 175736 ns, Cleanup: 54374 ns, At safepoint: 5000 ns, Total: 235110 ns
[2025-12-05T08:06:45.491+0000][2329.829s][debug][safepoint   ] Safepoint synchronization initiated using futex wait barrier. (260 threads)
[2025-12-05T08:06:45.492+0000][2329.829s][info ][safepoint   ] Safepoint "Cleanup", Time since last: 4000520043 ns, Reaching safepoint: 298181 ns, Cleanup: 38944 ns, At safepoint: 7585 ns, Total: 344710 ns
[2025-12-05T08:06:54.493+0000][2338.830s][debug][safepoint   ] Safepoint synchronization initiated using futex wait barrier. (259 threads)
[2025-12-05T08:06:54.493+0000][2338.831s][info ][safepoint   ] Safepoint "Cleanup", Time since last: 9001499929 ns, Reaching safepoint: 183832 ns, Cleanup: 14979 ns, At safepoint: 4418 ns, Total: 203229 ns
[2025-12-05T08:06:55.494+0000][2339.831s][debug][safepoint   ] Safepoint synchronization initiated using futex wait barrier. (259 threads)
[2025-12-05T08:06:55.494+0000][2339.831s][info ][safepoint   ] Safepoint "Cleanup", Time since last: 1000171337 ns, Reaching safepoint: 148334 ns, Cleanup: 15950 ns, At safepoint: 5481 ns, Total: 169765 ns
[2025-12-05T08:06:57.494+0000][2341.831s][debug][safepoint   ] Safepoint synchronization initiated using futex wait barrier. (259 threads)
[2025-12-05T08:06:57.494+0000][2341.831s][info ][safepoint   ] Safepoint "Cleanup", Time since last: 2000313472 ns, Reaching safepoint: 111955 ns, Cleanup: 13155 ns, At safepoint: 3056 ns, Total: 128166 ns
[2025-12-05T08:07:35.496+0000][2379.837s][debug][safepoint   ] Safepoint synchronization initiated using futex wait barrier. (257 threads)
[2025-12-05T08:07:35.496+0000][2379.837s][info ][safepoint   ] Safepoint "Cleanup", Time since last: 38005270758 ns, Reaching safepoint: 208479 ns, Cleanup: 16402 ns, At safepoint: 6232 ns, Total: 231113 ns
[2025-12-05T08:07:55.499+0000][2399.840s][debug][safepoint   ] Safepoint synchronization initiated using futex wait barrier. (257 threads)
[2025-12-05T08:07:55.500+0000][2399.841s][info ][safepoint   ] Safepoint "Cleanup", Time since last: 20003214071 ns, Reaching safepoint: 408703 ns, Cleanup: 16341 ns, At safepoint: 6423 ns, Total: 431467 ns
[2025-12-05T08:07:56.500+0000][2400.841s][debug][safepoint   ] Safepoint synchronization initiated using futex wait barrier. (257 threads)
[2025-12-05T08:07:56.500+0000][2400.841s][info ][safepoint   ] Safepoint "Cleanup", Time since last: 1000165184 ns, Reaching safepoint: 115070 ns, Cleanup: 13546 ns, At safepoint: 3958 ns, Total: 132574 ns
[2025-12-05T08:08:00.499+0000][2404.841s][debug][safepoint   ] Safepoint synchronization initiated using futex wait barrier. (257 threads)
[2025-12-05T08:08:00.499+0000][2404.842s][info ][safepoint   ] Safepoint "Cleanup", Time since last: 4000587417 ns, Reaching safepoint: 112967 ns, Cleanup: 18385 ns, At safepoint: 3537 ns, Total: 134889 ns
[2025-12-05T08:08:01.499+0000][2405.842s][debug][safepoint   ] Safepoint synchronization initiated using futex wait barrier. (257 threads)
[2025-12-05T08:08:01.500+0000][2405.842s][info ][safepoint   ] Safepoint "Cleanup", Time since last: 1000162670 ns, Reaching safepoint: 180285 ns, Cleanup: 13746 ns, At safepoint: 4479 ns, Total: 198510 ns
[2025-12-05T08:08:04.500+0000][2408.842s][debug][safepoint   ] Safepoint synchronization initiated using futex wait barrier. (257 threads)
[2025-12-05T08:08:04.500+0000][2408.842s][info ][safepoint   ] Safepoint "Cleanup", Time since last: 3000376465 ns, Reaching safepoint: 138815 ns, Cleanup: 15480 ns, At safepoint: 6072 ns, Total: 160367 ns
[2025-12-05T08:08:14.502+0000][2418.844s][debug][safepoint   ] Safepoint synchronization initiated using futex wait barrier. (256 threads)
[2025-12-05T08:08:14.502+0000][2418.844s][info ][safepoint   ] Safepoint "Cleanup", Time since last: 10001599117 ns, Reaching safepoint: 208881 ns, Cleanup: 44685 ns, At safepoint: 5371 ns, Total: 258937 ns
[2025-12-05T08:08:57.913+0000][2462.257s][debug][safepoint   ] Safepoint synchronization initiated using futex wait barrier. (256 threads)
[2025-12-05T08:08:57.913+0000][2462.258s][info ][gc,start    ] GC(104) Pause Young (Normal) (G1 Evacuation Pause)
[2025-12-05T08:08:57.913+0000][2462.258s][info ][gc,task     ] GC(104) Using 13 workers of 13 for evacuation
[2025-12-05T08:08:57.925+0000][2462.269s][info ][gc,phases   ] GC(104)   Pre Evacuate Collection Set: 0.6ms
[2025-12-05T08:08:57.925+0000][2462.269s][info ][gc,phases   ] GC(104)   Merge Heap Roots: 0.4ms
[2025-12-05T08:08:57.925+0000][2462.269s][info ][gc,phases   ] GC(104)   Evacuate Collection Set: 7.6ms
[2025-12-05T08:08:57.925+0000][2462.269s][info ][gc,phases   ] GC(104)   Post Evacuate Collection Set: 2.5ms
[2025-12-05T08:08:57.925+0000][2462.269s][info ][gc,phases   ] GC(104)   Other: 0.9ms
[2025-12-05T08:08:57.925+0000][2462.269s][info ][gc,heap     ] GC(104) Eden regions: 181->0(183)
[2025-12-05T08:08:57.925+0000][2462.269s][info ][gc,heap     ] GC(104) Survivor regions: 6->6(24)
[2025-12-05T08:08:57.925+0000][2462.269s][info ][gc,heap     ] GC(104) Old regions: 510->510
[2025-12-05T08:08:57.925+0000][2462.269s][info ][gc,heap     ] GC(104) Archive regions: 2->2
[2025-12-05T08:08:57.925+0000][2462.269s][info ][gc,heap     ] GC(104) Humongous regions: 17->17
[2025-12-05T08:08:57.925+0000][2462.269s][info ][gc,metaspace] GC(104) Metaspace: 209777K(211456K)->209777K(211456K) NonClass: 184568K(185472K)->184568K(185472K) Class: 25208K(25984K)->25208K(25984K)
[2025-12-05T08:08:57.925+0000][2462.269s][info ][gc          ] GC(104) Pause Young (Normal) (G1 Evacuation Pause) 714M->533M(805M) 11.819ms
[2025-12-05T08:08:57.925+0000][2462.270s][info ][gc,cpu      ] GC(104) User=0.09s Sys=0.00s Real=0.02s
[2025-12-05T08:08:57.925+0000][2462.270s][info ][safepoint   ] Safepoint "G1CollectForAllocation", Time since last: 43412631194 ns, Reaching safepoint: 168674 ns, Cleanup: 9077 ns, At safepoint: 12547238 ns, Total: 12724989 ns
[2025-12-05T08:08:58.926+0000][2463.270s][debug][safepoint   ] Safepoint synchronization initiated using futex wait barrier. (261 threads)
[2025-12-05T08:08:58.926+0000][2463.270s][info ][safepoint   ] Safepoint "Cleanup", Time since last: 1000292220 ns, Reaching safepoint: 253716 ns, Cleanup: 132023 ns, At safepoint: 6312 ns, Total: 392051 ns
[2025-12-05T08:08:59.925+0000][2464.271s][debug][safepoint   ] Safepoint synchronization initiated using futex wait barrier. (261 threads)
[2025-12-05T08:08:59.925+0000][2464.271s][info ][safepoint   ] Safepoint "Cleanup", Time since last: 1000317430 ns, Reaching safepoint: 245049 ns, Cleanup: 34807 ns, At safepoint: 4539 ns, Total: 284395 ns
[2025-12-05T08:09:01.926+0000][2466.271s][debug][safepoint   ] Safepoint synchronization initiated using futex wait barrier. (261 threads)
[2025-12-05T08:09:01.926+0000][2466.272s][info ][safepoint   ] Safepoint "Cleanup", Time since last: 2000413885 ns, Reaching safepoint: 183602 ns, Cleanup: 32232 ns, At safepoint: 5280 ns, Total: 221114 ns
[2025-12-05T08:09:15.928+0000][2480.274s][debug][safepoint   ] Safepoint synchronization initiated using futex wait barrier. (261 threads)
[2025-12-05T08:09:15.928+0000][2480.274s][info ][safepoint   ] Safepoint "Cleanup", Time since last: 14001892979 ns, Reaching safepoint: 200013 ns, Cleanup: 23896 ns, At safepoint: 5541 ns, Total: 229450 ns
[2025-12-05T08:09:23.929+0000][2488.275s][debug][safepoint   ] Safepoint synchronization initiated using futex wait barrier. (261 threads)
[2025-12-05T08:09:23.929+0000][2488.275s][info ][safepoint   ] Safepoint "Cleanup", Time since last: 8001204076 ns, Reaching safepoint: 224971 ns, Cleanup: 15780 ns, At safepoint: 87307 ns, Total: 328058 ns
[2025-12-05T08:09:24.930+0000][2489.276s][debug][safepoint   ] Safepoint synchronization initiated using futex wait barrier. (269 threads)
[2025-12-05T08:09:24.930+0000][2489.276s][info ][safepoint   ] Safepoint "Cleanup", Time since last: 1000356019 ns, Reaching safepoint: 140359 ns, Cleanup: 42020 ns, At safepoint: 5731 ns, Total: 188110 ns
[2025-12-05T08:09:33.931+0000][2498.279s][debug][safepoint   ] Safepoint synchronization initiated using futex wait barrier. (268 threads)
[2025-12-05T08:09:33.931+0000][2498.279s][info ][safepoint   ] Safepoint "Cleanup", Time since last: 9002864368 ns, Reaching safepoint: 115851 ns, Cleanup: 11993 ns, At safepoint: 3677 ns, Total: 131521 ns
[2025-12-05T08:09:59.934+0000][2524.283s][debug][safepoint   ] Safepoint synchronization initiated using futex wait barrier. (272 threads)
[2025-12-05T08:09:59.934+0000][2524.283s][info ][safepoint   ] Safepoint "Cleanup", Time since last: 26004015215 ns, Reaching safepoint: 231924 ns, Cleanup: 73611 ns, At safepoint: 7495 ns, Total: 313030 ns
[2025-12-05T08:10:11.936+0000][2536.285s][debug][safepoint   ] Safepoint synchronization initiated using futex wait barrier. (274 threads)
[2025-12-05T08:10:11.936+0000][2536.285s][info ][safepoint   ] Safepoint "Cleanup", Time since last: 12001537646 ns, Reaching safepoint: 313010 ns, Cleanup: 14197 ns, At safepoint: 3938 ns, Total: 331145 ns
[2025-12-05T08:10:16.937+0000][2541.286s][debug][safepoint   ] Safepoint synchronization initiated using futex wait barrier. (274 threads)
[2025-12-05T08:10:16.937+0000][2541.286s][info ][safepoint   ] Safepoint "Cleanup", Time since last: 5000692911 ns, Reaching safepoint: 221044 ns, Cleanup: 13997 ns, At safepoint: 4538 ns, Total: 239579 ns
[2025-12-05T08:10:17.937+0000][2542.286s][debug][safepoint   ] Safepoint synchronization initiated using futex wait barrier. (274 threads)
[2025-12-05T08:10:17.937+0000][2542.286s][info ][safepoint   ] Safepoint "Cleanup", Time since last: 1000164699 ns, Reaching safepoint: 160829 ns, Cleanup: 51268 ns, At safepoint: 4829 ns, Total: 216926 ns
[2025-12-05T08:10:22.938+0000][2547.287s][debug][safepoint   ] Safepoint synchronization initiated using futex wait barrier. (274 threads)
[2025-12-05T08:10:22.938+0000][2547.287s][info ][safepoint   ] Safepoint "Cleanup", Time since last: 5000646234 ns, Reaching safepoint: 133806 ns, Cleanup: 18606 ns, At safepoint: 4358 ns, Total: 156770 ns
[2025-12-05T08:10:23.938+0000][2548.287s][debug][safepoint   ] Safepoint synchronization initiated using futex wait barrier. (274 threads)
[2025-12-05T08:10:23.938+0000][2548.287s][info ][safepoint   ] Safepoint "Cleanup", Time since last: 1000135913 ns, Reaching safepoint: 103338 ns, Cleanup: 41089 ns, At safepoint: 3517 ns, Total: 147944 ns
[2025-12-05T08:10:26.939+0000][2551.288s][debug][safepoint   ] Safepoint synchronization initiated using futex wait barrier. (272 threads)
[2025-12-05T08:10:26.939+0000][2551.288s][info ][safepoint   ] Safepoint "Cleanup", Time since last: 3000416415 ns, Reaching safepoint: 245499 ns, Cleanup: 18094 ns, At safepoint: 4278 ns, Total: 267871 ns
[2025-12-05T08:10:28.939+0000][2553.288s][debug][safepoint   ] Safepoint synchronization initiated using futex wait barrier. (272 threads)
[2025-12-05T08:10:28.940+0000][2553.289s][info ][safepoint   ] Safepoint "Cleanup", Time since last: 2000293331 ns, Reaching safepoint: 225591 ns, Cleanup: 36980 ns, At safepoint: 6433 ns, Total: 269004 ns
[2025-12-05T08:10:33.939+0000][2558.289s][debug][safepoint   ] Safepoint synchronization initiated using futex wait barrier. (272 threads)
[2025-12-05T08:10:33.939+0000][2558.290s][info ][safepoint   ] Safepoint "Cleanup", Time since last: 5000791072 ns, Reaching safepoint: 97987 ns, Cleanup: 13065 ns, At safepoint: 3397 ns, Total: 114449 ns
[2025-12-05T08:10:37.939+0000][2562.290s][debug][safepoint   ] Safepoint synchronization initiated using futex wait barrier. (272 threads)
[2025-12-05T08:10:37.940+0000][2562.290s][info ][safepoint   ] Safepoint "Cleanup", Time since last: 4000618329 ns, Reaching safepoint: 176618 ns, Cleanup: 26340 ns, At safepoint: 5230 ns, Total: 208188 ns
[2025-12-05T08:10:44.941+0000][2569.291s][debug][safepoint   ] Safepoint synchronization initiated using futex wait barrier. (274 threads)
[2025-12-05T08:10:44.941+0000][2569.292s][info ][safepoint   ] Safepoint "Cleanup", Time since last: 7001031247 ns, Reaching safepoint: 434953 ns, Cleanup: 76516 ns, At safepoint: 229099 ns, Total: 740568 ns
[2025-12-05T08:10:56.588+0000][2580.939s][debug][safepoint   ] Safepoint synchronization initiated using futex wait barrier. (274 threads)
[2025-12-05T08:10:56.589+0000][2580.940s][info ][gc,start    ] GC(105) Pause Young (Normal) (G1 Evacuation Pause)
[2025-12-05T08:10:56.589+0000][2580.940s][info ][gc,task     ] GC(105) Using 13 workers of 13 for evacuation
[2025-12-05T08:10:56.602+0000][2580.953s][info ][gc,phases   ] GC(105)   Pre Evacuate Collection Set: 0.6ms
[2025-12-05T08:10:56.603+0000][2580.953s][info ][gc,phases   ] GC(105)   Merge Heap Roots: 0.4ms
[2025-12-05T08:10:56.603+0000][2580.953s][info ][gc,phases   ] GC(105)   Evacuate Collection Set: 9.6ms
[2025-12-05T08:10:56.603+0000][2580.953s][info ][gc,phases   ] GC(105)   Post Evacuate Collection Set: 2.8ms
[2025-12-05T08:10:56.603+0000][2580.953s][info ][gc,phases   ] GC(105)   Other: 0.6ms
[2025-12-05T08:10:56.603+0000][2580.953s][info ][gc,heap     ] GC(105) Eden regions: 183->0(182)
[2025-12-05T08:10:56.603+0000][2580.953s][info ][gc,heap     ] GC(105) Survivor regions: 6->6(24)
[2025-12-05T08:10:56.603+0000][2580.953s][info ][gc,heap     ] GC(105) Old regions: 510->511
[2025-12-05T08:10:56.603+0000][2580.954s][info ][gc,heap     ] GC(105) Archive regions: 2->2
[2025-12-05T08:10:56.603+0000][2580.954s][info ][gc,heap     ] GC(105) Humongous regions: 17->17
[2025-12-05T08:10:56.603+0000][2580.954s][info ][gc,metaspace] GC(105) Metaspace: 210045K(211776K)->210045K(211776K) NonClass: 184810K(185728K)->184810K(185728K) Class: 25234K(26048K)->25234K(26048K)
[2025-12-05T08:10:56.603+0000][2580.954s][info ][gc          ] GC(105) Pause Young (Normal) (G1 Evacuation Pause) 716M->534M(805M) 13.948ms
[2025-12-05T08:10:56.603+0000][2580.954s][info ][gc,cpu      ] GC(105) User=0.14s Sys=0.00s Real=0.01s
[2025-12-05T08:10:56.604+0000][2580.955s][info ][safepoint   ] Safepoint "G1CollectForAllocation", Time since last: 11646854688 ns, Reaching safepoint: 247244 ns, Cleanup: 4979 ns, At safepoint: 15242890 ns, Total: 15495113 ns
[2025-12-05T08:11:04.385+0000][2588.738s][debug][safepoint   ] Safepoint synchronization initiated using futex wait barrier. (267 threads)
[2025-12-05T08:11:04.386+0000][2588.738s][info ][safepoint   ] Safepoint "Cleanup", Time since last: 7783486818 ns, Reaching safepoint: 297339 ns, Cleanup: 24306 ns, At safepoint: 97847 ns, Total: 419492 ns
[2025-12-05T08:11:26.389+0000][2610.742s][debug][safepoint   ] Safepoint synchronization initiated using futex wait barrier. (265 threads)
[2025-12-05T08:11:26.389+0000][2610.742s][info ][safepoint   ] Safepoint "Cleanup", Time since last: 22003202071 ns, Reaching safepoint: 465612 ns, Cleanup: 20589 ns, At safepoint: 9709 ns, Total: 495910 ns
[2025-12-05T08:11:59.421+0000][2643.775s][debug][safepoint   ] Safepoint synchronization initiated using futex wait barrier. (262 threads)
[2025-12-05T08:11:59.421+0000][2643.776s][info ][safepoint   ] Safepoint "Cleanup", Time since last: 33033165550 ns, Reaching safepoint: 257844 ns, Cleanup: 22704 ns, At safepoint: 5150 ns, Total: 285698 ns
[2025-12-05T08:12:25.423+0000][2669.779s][debug][safepoint   ] Safepoint synchronization initiated using futex wait barrier. (264 threads)
[2025-12-05T08:12:25.424+0000][2669.780s][info ][safepoint   ] Safepoint "Cleanup", Time since last: 26003887021 ns, Reaching safepoint: 178953 ns, Cleanup: 20529 ns, At safepoint: 5291 ns, Total: 204773 ns
[2025-12-05T08:12:33.423+0000][2677.781s][debug][safepoint   ] Safepoint synchronization initiated using futex wait barrier. (263 threads)
[2025-12-05T08:12:33.423+0000][2677.781s][info ][safepoint   ] Safepoint "Cleanup", Time since last: 8001092018 ns, Reaching safepoint: 170005 ns, Cleanup: 14017 ns, At safepoint: 4769 ns, Total: 188791 ns
[2025-12-05T08:12:58.923+0000][2703.281s][debug][safepoint   ] Safepoint synchronization initiated using futex wait barrier. (263 threads)
[2025-12-05T08:12:58.924+0000][2703.282s][info ][gc,start    ] GC(106) Pause Young (Normal) (G1 Evacuation Pause)
[2025-12-05T08:12:58.924+0000][2703.282s][info ][gc,task     ] GC(106) Using 13 workers of 13 for evacuation
[2025-12-05T08:12:58.941+0000][2703.299s][info ][gc,phases   ] GC(106)   Pre Evacuate Collection Set: 0.9ms
[2025-12-05T08:12:58.941+0000][2703.299s][info ][gc,phases   ] GC(106)   Merge Heap Roots: 0.4ms
[2025-12-05T08:12:58.941+0000][2703.299s][info ][gc,phases   ] GC(106)   Evacuate Collection Set: 12.3ms
[2025-12-05T08:12:58.941+0000][2703.299s][info ][gc,phases   ] GC(106)   Post Evacuate Collection Set: 3.3ms
[2025-12-05T08:12:58.941+0000][2703.299s][info ][gc,phases   ] GC(106)   Other: 0.6ms
[2025-12-05T08:12:58.941+0000][2703.299s][info ][gc,heap     ] GC(106) Eden regions: 182->0(182)
[2025-12-05T08:12:58.941+0000][2703.299s][info ][gc,heap     ] GC(106) Survivor regions: 6->6(24)
[2025-12-05T08:12:58.941+0000][2703.299s][info ][gc,heap     ] GC(106) Old regions: 511->511
[2025-12-05T08:12:58.941+0000][2703.299s][info ][gc,heap     ] GC(106) Archive regions: 2->2
[2025-12-05T08:12:58.941+0000][2703.299s][info ][gc,heap     ] GC(106) Humongous regions: 17->17
[2025-12-05T08:12:58.941+0000][2703.299s][info ][gc,metaspace] GC(106) Metaspace: 210077K(211776K)->210077K(211776K) NonClass: 184840K(185728K)->184840K(185728K) Class: 25236K(26048K)->25236K(26048K)
[2025-12-05T08:12:58.941+0000][2703.299s][info ][gc          ] GC(106) Pause Young (Normal) (G1 Evacuation Pause) 716M->534M(805M) 17.484ms
[2025-12-05T08:12:58.941+0000][2703.299s][info ][gc,cpu      ] GC(106) User=0.15s Sys=0.00s Real=0.02s
[2025-12-05T08:12:58.942+0000][2703.300s][info ][safepoint   ] Safepoint "G1CollectForAllocation", Time since last: 25500254403 ns, Reaching safepoint: 163573 ns, Cleanup: 6032 ns, At safepoint: 18626905 ns, Total: 18796510 ns
[2025-12-05T08:15:30.902+0000][2855.270s][debug][safepoint   ] Safepoint synchronization initiated using futex wait barrier. (260 threads)
[2025-12-05T08:15:30.902+0000][2855.271s][info ][gc,start    ] GC(107) Pause Young (Normal) (G1 Evacuation Pause)
[2025-12-05T08:15:30.902+0000][2855.271s][info ][gc,task     ] GC(107) Using 13 workers of 13 for evacuation
[2025-12-05T08:15:30.914+0000][2855.282s][info ][gc,phases   ] GC(107)   Pre Evacuate Collection Set: 0.6ms
[2025-12-05T08:15:30.914+0000][2855.282s][info ][gc,phases   ] GC(107)   Merge Heap Roots: 0.3ms
[2025-12-05T08:15:30.914+0000][2855.282s][info ][gc,phases   ] GC(107)   Evacuate Collection Set: 6.3ms
[2025-12-05T08:15:30.914+0000][2855.282s][info ][gc,phases   ] GC(107)   Post Evacuate Collection Set: 4.1ms
[2025-12-05T08:15:30.914+0000][2855.282s][info ][gc,phases   ] GC(107)   Other: 0.4ms
[2025-12-05T08:15:30.914+0000][2855.282s][info ][gc,heap     ] GC(107) Eden regions: 182->0(182)
[2025-12-05T08:15:30.914+0000][2855.282s][info ][gc,heap     ] GC(107) Survivor regions: 6->6(24)
[2025-12-05T08:15:30.914+0000][2855.282s][info ][gc,heap     ] GC(107) Old regions: 511->511
[2025-12-05T08:15:30.914+0000][2855.282s][info ][gc,heap     ] GC(107) Archive regions: 2->2
[2025-12-05T08:15:30.914+0000][2855.282s][info ][gc,heap     ] GC(107) Humongous regions: 17->17
[2025-12-05T08:15:30.914+0000][2855.282s][info ][gc,metaspace] GC(107) Metaspace: 210110K(211840K)->210110K(211840K) NonClass: 184874K(185792K)->184874K(185792K) Class: 25236K(26048K)->25236K(26048K)
[2025-12-05T08:15:30.914+0000][2855.282s][info ][gc          ] GC(107) Pause Young (Normal) (G1 Evacuation Pause) 716M->533M(805M) 11.916ms
[2025-12-05T08:15:30.914+0000][2855.283s][info ][gc,cpu      ] GC(107) User=0.08s Sys=0.02s Real=0.01s
[2025-12-05T08:15:30.915+0000][2855.283s][info ][safepoint   ] Safepoint "G1CollectForAllocation", Time since last: 151970124909 ns, Reaching safepoint: 239950 ns, Cleanup: 6553 ns, At safepoint: 12383096 ns, Total: 12629599 ns
[2025-12-05T08:16:10.557+0000][2894.927s][debug][safepoint   ] Safepoint synchronization initiated using futex wait barrier. (262 threads)
[2025-12-05T08:16:10.558+0000][2894.927s][info ][safepoint   ] Safepoint "Cleanup", Time since last: 39643997002 ns, Reaching safepoint: 397109 ns, Cleanup: 66568 ns, At safepoint: 7284 ns, Total: 470961 ns
[2025-12-05T08:16:13.558+0000][2897.928s][debug][safepoint   ] Safepoint synchronization initiated using futex wait barrier. (262 threads)
[2025-12-05T08:16:13.558+0000][2897.928s][info ][safepoint   ] Safepoint "Cleanup", Time since last: 3000472426 ns, Reaching safepoint: 132904 ns, Cleanup: 22443 ns, At safepoint: 4659 ns, Total: 160006 ns
[2025-12-05T08:16:14.558+0000][2898.928s][debug][safepoint   ] Safepoint synchronization initiated using futex wait barrier. (262 threads)
[2025-12-05T08:16:14.559+0000][2898.928s][info ][safepoint   ] Safepoint "Cleanup", Time since last: 1000246758 ns, Reaching safepoint: 217316 ns, Cleanup: 24567 ns, At safepoint: 6433 ns, Total: 248316 ns
[2025-12-05T08:16:17.559+0000][2901.929s][debug][safepoint   ] Safepoint synchronization initiated using futex wait barrier. (265 threads)
[2025-12-05T08:16:17.560+0000][2901.929s][info ][safepoint   ] Safepoint "Cleanup", Time since last: 3000632620 ns, Reaching safepoint: 200053 ns, Cleanup: 37682 ns, At safepoint: 5251 ns, Total: 242986 ns
[2025-12-05T08:16:29.561+0000][2913.931s][debug][safepoint   ] Safepoint synchronization initiated using futex wait barrier. (262 threads)
[2025-12-05T08:16:29.561+0000][2913.931s][info ][safepoint   ] Safepoint "Cleanup", Time since last: 12001738666 ns, Reaching safepoint: 131531 ns, Cleanup: 17193 ns, At safepoint: 4389 ns, Total: 153113 ns
[2025-12-05T08:16:34.560+0000][2918.932s][debug][safepoint   ] Safepoint synchronization initiated using futex wait barrier. (262 threads)
[2025-12-05T08:16:34.561+0000][2918.932s][info ][safepoint   ] Safepoint "Cleanup", Time since last: 5000750340 ns, Reaching safepoint: 230020 ns, Cleanup: 27863 ns, At safepoint: 24607 ns, Total: 282490 ns
[2025-12-05T08:17:17.590+0000][2961.963s][debug][safepoint   ] Safepoint synchronization initiated using futex wait barrier. (261 threads)
[2025-12-05T08:17:17.591+0000][2961.963s][debug][safepoint   ] ... found polling page loop exception at pc = 0x0000767d99339a54, stub =0x0000767d98a04400
[2025-12-05T08:17:17.591+0000][2961.964s][info ][safepoint   ] Safepoint "Cleanup", Time since last: 43031113653 ns, Reaching safepoint: 379767 ns, Cleanup: 13496 ns, At safepoint: 65977 ns, Total: 459240 ns
[2025-12-05T08:17:24.592+0000][2968.965s][debug][safepoint   ] Safepoint synchronization initiated using futex wait barrier. (261 threads)
[2025-12-05T08:17:24.592+0000][2968.965s][info ][safepoint   ] Safepoint "Cleanup", Time since last: 7001051011 ns, Reaching safepoint: 231994 ns, Cleanup: 27202 ns, At safepoint: 5440 ns, Total: 264636 ns
[2025-12-05T08:17:26.888+0000][2971.261s][debug][safepoint   ] Safepoint synchronization initiated using futex wait barrier. (261 threads)
[2025-12-05T08:17:26.888+0000][2971.261s][info ][gc,start    ] GC(108) Pause Young (Normal) (G1 Evacuation Pause)
[2025-12-05T08:17:26.888+0000][2971.261s][info ][gc,task     ] GC(108) Using 13 workers of 13 for evacuation
[2025-12-05T08:17:26.902+0000][2971.274s][info ][gc,phases   ] GC(108)   Pre Evacuate Collection Set: 0.6ms
[2025-12-05T08:17:26.902+0000][2971.275s][info ][gc,phases   ] GC(108)   Merge Heap Roots: 0.6ms
[2025-12-05T08:17:26.902+0000][2971.275s][info ][gc,phases   ] GC(108)   Evacuate Collection Set: 10.0ms
[2025-12-05T08:17:26.902+0000][2971.275s][info ][gc,phases   ] GC(108)   Post Evacuate Collection Set: 2.1ms
[2025-12-05T08:17:26.902+0000][2971.275s][info ][gc,phases   ] GC(108)   Other: 0.5ms
[2025-12-05T08:17:26.902+0000][2971.275s][info ][gc,heap     ] GC(108) Eden regions: 182->0(183)
[2025-12-05T08:17:26.902+0000][2971.275s][info ][gc,heap     ] GC(108) Survivor regions: 6->5(24)
[2025-12-05T08:17:26.902+0000][2971.275s][info ][gc,heap     ] GC(108) Old regions: 511->512
[2025-12-05T08:17:26.902+0000][2971.275s][info ][gc,heap     ] GC(108) Archive regions: 2->2
[2025-12-05T08:17:26.902+0000][2971.275s][info ][gc,heap     ] GC(108) Humongous regions: 17->17
[2025-12-05T08:17:26.902+0000][2971.275s][info ][gc,metaspace] GC(108) Metaspace: 210173K(211840K)->210173K(211840K) NonClass: 184934K(185792K)->184934K(185792K) Class: 25238K(26048K)->25238K(26048K)
[2025-12-05T08:17:26.902+0000][2971.275s][info ][gc          ] GC(108) Pause Young (Normal) (G1 Evacuation Pause) 715M->533M(805M) 13.965ms
[2025-12-05T08:17:26.902+0000][2971.275s][info ][gc,cpu      ] GC(108) User=0.10s Sys=0.02s Real=0.01s
[2025-12-05T08:17:26.903+0000][2971.276s][info ][safepoint   ] Safepoint "G1CollectForAllocation", Time since last: 2295504660 ns, Reaching safepoint: 156881 ns, Cleanup: 6502 ns, At safepoint: 15428144 ns, Total: 15591527 ns
[2025-12-05T08:17:29.901+0000][2974.277s][debug][safepoint   ] Safepoint synchronization initiated using futex wait barrier. (261 threads)
[2025-12-05T08:17:29.901+0000][2974.277s][info ][safepoint   ] Safepoint "Cleanup", Time since last: 3000449231 ns, Reaching safepoint: 112886 ns, Cleanup: 14858 ns, At safepoint: 3777 ns, Total: 131521 ns
[2025-12-05T08:18:04.626+0000][3009.003s][debug][safepoint   ] Safepoint synchronization initiated using futex wait barrier. (260 threads)
[2025-12-05T08:18:04.627+0000][3009.003s][info ][safepoint   ] Safepoint "Cleanup", Time since last: 34726200883 ns, Reaching safepoint: 214961 ns, Cleanup: 34726 ns, At safepoint: 8116 ns, Total: 257803 ns
[2025-12-05T08:18:12.628+0000][3017.004s][debug][safepoint   ] Safepoint synchronization initiated using futex wait barrier. (261 threads)
[2025-12-05T08:18:12.628+0000][3017.005s][info ][safepoint   ] Safepoint "Cleanup", Time since last: 8001326811 ns, Reaching safepoint: 132674 ns, Cleanup: 17513 ns, At safepoint: 4800 ns, Total: 154987 ns
[2025-12-05T08:18:17.629+0000][3022.005s][debug][safepoint   ] Safepoint synchronization initiated using futex wait barrier. (261 threads)
[2025-12-05T08:18:17.629+0000][3022.005s][info ][safepoint   ] Safepoint "Cleanup", Time since last: 5000623914 ns, Reaching safepoint: 130830 ns, Cleanup: 15189 ns, At safepoint: 4750 ns, Total: 150769 ns
[2025-12-05T08:18:24.630+0000][3029.006s][debug][safepoint   ] Safepoint synchronization initiated using futex wait barrier. (261 threads)
[2025-12-05T08:18:24.630+0000][3029.007s][info ][safepoint   ] Safepoint "Cleanup", Time since last: 7001005015 ns, Reaching safepoint: 182039 ns, Cleanup: 32242 ns, At safepoint: 5060 ns, Total: 219341 ns
[2025-12-05T08:18:51.633+0000][3056.011s][debug][safepoint   ] Safepoint synchronization initiated using futex wait barrier. (261 threads)
[2025-12-05T08:18:51.633+0000][3056.011s][info ][safepoint   ] Safepoint "Cleanup", Time since last: 27004437857 ns, Reaching safepoint: 131782 ns, Cleanup: 17334 ns, At safepoint: 4518 ns, Total: 153634 ns
[2025-12-05T08:19:04.031+0000][3068.411s][debug][safepoint   ] Safepoint synchronization initiated using futex wait barrier. (261 threads)
[2025-12-05T08:19:04.032+0000][3068.411s][info ][gc,start    ] GC(109) Pause Young (Normal) (G1 Evacuation Pause)
[2025-12-05T08:19:04.032+0000][3068.411s][info ][gc,task     ] GC(109) Using 13 workers of 13 for evacuation
[2025-12-05T08:19:04.039+0000][3068.418s][info ][gc,phases   ] GC(109)   Pre Evacuate Collection Set: 0.5ms
[2025-12-05T08:19:04.039+0000][3068.418s][info ][gc,phases   ] GC(109)   Merge Heap Roots: 0.4ms
[2025-12-05T08:19:04.039+0000][3068.419s][info ][gc,phases   ] GC(109)   Evacuate Collection Set: 4.4ms
[2025-12-05T08:19:04.039+0000][3068.419s][info ][gc,phases   ] GC(109)   Post Evacuate Collection Set: 1.6ms
[2025-12-05T08:19:04.039+0000][3068.419s][info ][gc,phases   ] GC(109)   Other: 0.3ms
[2025-12-05T08:19:04.039+0000][3068.419s][info ][gc,heap     ] GC(109) Eden regions: 183->0(183)
[2025-12-05T08:19:04.039+0000][3068.419s][info ][gc,heap     ] GC(109) Survivor regions: 5->5(24)
[2025-12-05T08:19:04.039+0000][3068.419s][info ][gc,heap     ] GC(109) Old regions: 512->512
[2025-12-05T08:19:04.039+0000][3068.419s][info ][gc,heap     ] GC(109) Archive regions: 2->2
[2025-12-05T08:19:04.039+0000][3068.419s][info ][gc,heap     ] GC(109) Humongous regions: 18->17
[2025-12-05T08:19:04.039+0000][3068.419s][info ][gc,metaspace] GC(109) Metaspace: 210196K(211904K)->210196K(211904K) NonClass: 184957K(185856K)->184957K(185856K) Class: 25239K(26048K)->25239K(26048K)
[2025-12-05T08:19:04.039+0000][3068.419s][info ][gc          ] GC(109) Pause Young (Normal) (G1 Evacuation Pause) 717M->533M(805M) 7.248ms
[2025-12-05T08:19:04.039+0000][3068.419s][info ][gc,cpu      ] GC(109) User=0.05s Sys=0.00s Real=0.01s
[2025-12-05T08:19:04.040+0000][3068.420s][info ][safepoint   ] Safepoint "G1CollectForAllocation", Time since last: 12399856090 ns, Reaching safepoint: 116062 ns, Cleanup: 17012 ns, At safepoint: 8785685 ns, Total: 8918759 ns
[2025-12-05T08:19:05.041+0000][3069.420s][debug][safepoint   ] Safepoint synchronization initiated using futex wait barrier. (261 threads)
[2025-12-05T08:19:05.041+0000][3069.421s][info ][safepoint   ] Safepoint "Cleanup", Time since last: 1000347421 ns, Reaching safepoint: 149697 ns, Cleanup: 45206 ns, At safepoint: 95132 ns, Total: 290035 ns
[2025-12-05T08:19:15.577+0000][3079.957s][debug][safepoint   ] Safepoint synchronization initiated using futex wait barrier. (261 threads)
[2025-12-05T08:19:15.577+0000][3079.957s][info ][gc,start    ] GC(110) Pause Young (Normal) (G1 Evacuation Pause)
[2025-12-05T08:19:15.578+0000][3079.957s][info ][gc,task     ] GC(110) Using 13 workers of 13 for evacuation
[2025-12-05T08:19:15.589+0000][3079.969s][info ][gc,phases   ] GC(110)   Pre Evacuate Collection Set: 0.6ms
[2025-12-05T08:19:15.589+0000][3079.969s][info ][gc,phases   ] GC(110)   Merge Heap Roots: 0.3ms
[2025-12-05T08:19:15.589+0000][3079.969s][info ][gc,phases   ] GC(110)   Evacuate Collection Set: 8.0ms
[2025-12-05T08:19:15.589+0000][3079.969s][info ][gc,phases   ] GC(110)   Post Evacuate Collection Set: 2.3ms
[2025-12-05T08:19:15.589+0000][3079.969s][info ][gc,phases   ] GC(110)   Other: 0.5ms
[2025-12-05T08:19:15.589+0000][3079.969s][info ][gc,heap     ] GC(110) Eden regions: 183->0(184)
[2025-12-05T08:19:15.589+0000][3079.969s][info ][gc,heap     ] GC(110) Survivor regions: 5->4(24)
[2025-12-05T08:19:15.589+0000][3079.969s][info ][gc,heap     ] GC(110) Old regions: 512->513
[2025-12-05T08:19:15.589+0000][3079.969s][info ][gc,heap     ] GC(110) Archive regions: 2->2
[2025-12-05T08:19:15.589+0000][3079.969s][info ][gc,heap     ] GC(110) Humongous regions: 17->17
[2025-12-05T08:19:15.589+0000][3079.969s][info ][gc,metaspace] GC(110) Metaspace: 210206K(211904K)->210206K(211904K) NonClass: 184966K(185856K)->184966K(185856K) Class: 25239K(26048K)->25239K(26048K)
[2025-12-05T08:19:15.589+0000][3079.969s][info ][gc          ] GC(110) Pause Young (Normal) (G1 Evacuation Pause) 716M->534M(805M) 11.801ms
[2025-12-05T08:19:15.589+0000][3079.969s][info ][gc,cpu      ] GC(110) User=0.04s Sys=0.02s Real=0.02s
[2025-12-05T08:19:15.590+0000][3079.970s][info ][safepoint   ] Safepoint "G1CollectForAllocation", Time since last: 10536146351 ns, Reaching safepoint: 216284 ns, Cleanup: 9208 ns, At safepoint: 13025251 ns, Total: 13250743 ns
[2025-12-05T08:19:17.591+0000][3081.970s][debug][safepoint   ] Safepoint synchronization initiated using futex wait barrier. (261 threads)
[2025-12-05T08:19:17.591+0000][3081.971s][info ][safepoint   ] Safepoint "Cleanup", Time since last: 2000356267 ns, Reaching safepoint: 225151 ns, Cleanup: 19608 ns, At safepoint: 60486 ns, Total: 305245 ns
[2025-12-05T08:19:21.591+0000][3085.971s][debug][safepoint   ] Safepoint synchronization initiated using futex wait barrier. (261 threads)
[2025-12-05T08:19:21.592+0000][3085.971s][info ][safepoint   ] Safepoint "Cleanup", Time since last: 4000516811 ns, Reaching safepoint: 122445 ns, Cleanup: 14948 ns, At safepoint: 4168 ns, Total: 141561 ns
[2025-12-05T08:19:57.595+0000][3121.976s][debug][safepoint   ] Safepoint synchronization initiated using futex wait barrier. (260 threads)
[2025-12-05T08:19:57.595+0000][3121.977s][info ][safepoint   ] Safepoint "Cleanup", Time since last: 36004979073 ns, Reaching safepoint: 183971 ns, Cleanup: 23515 ns, At safepoint: 5761 ns, Total: 213247 ns
[2025-12-05T08:20:07.687+0000][3132.070s][debug][safepoint   ] Safepoint synchronization initiated using futex wait barrier. (260 threads)
[2025-12-05T08:20:07.687+0000][3132.070s][info ][safepoint   ] Safepoint "Cleanup", Time since last: 10093615300 ns, Reaching safepoint: 144026 ns, Cleanup: 44385 ns, At safepoint: 4379 ns, Total: 192790 ns
[2025-12-05T08:20:09.688+0000][3134.071s][debug][safepoint   ] Safepoint synchronization initiated using futex wait barrier. (262 threads)
[2025-12-05T08:20:09.688+0000][3134.071s][info ][safepoint   ] Safepoint "Cleanup", Time since last: 2000433755 ns, Reaching safepoint: 165377 ns, Cleanup: 36991 ns, At safepoint: 5250 ns, Total: 207618 ns
[2025-12-05T08:20:24.039+0000][3148.422s][debug][safepoint   ] Safepoint synchronization initiated using futex wait barrier. (262 threads)
[2025-12-05T08:20:24.040+0000][3148.423s][info ][gc,start    ] GC(111) Pause Young (Normal) (G1 Evacuation Pause)
[2025-12-05T08:20:24.040+0000][3148.423s][info ][gc,task     ] GC(111) Using 13 workers of 13 for evacuation
[2025-12-05T08:20:24.048+0000][3148.431s][info ][gc,phases   ] GC(111)   Pre Evacuate Collection Set: 0.6ms
[2025-12-05T08:20:24.048+0000][3148.431s][info ][gc,phases   ] GC(111)   Merge Heap Roots: 0.4ms
[2025-12-05T08:20:24.048+0000][3148.431s][info ][gc,phases   ] GC(111)   Evacuate Collection Set: 4.9ms
[2025-12-05T08:20:24.048+0000][3148.431s][info ][gc,phases   ] GC(111)   Post Evacuate Collection Set: 1.9ms
[2025-12-05T08:20:24.048+0000][3148.431s][info ][gc,phases   ] GC(111)   Other: 0.3ms
[2025-12-05T08:20:24.048+0000][3148.431s][info ][gc,heap     ] GC(111) Eden regions: 184->0(183)
[2025-12-05T08:20:24.048+0000][3148.431s][info ][gc,heap     ] GC(111) Survivor regions: 4->4(24)
[2025-12-05T08:20:24.048+0000][3148.431s][info ][gc,heap     ] GC(111) Old regions: 513->514
[2025-12-05T08:20:24.048+0000][3148.431s][info ][gc,heap     ] GC(111) Archive regions: 2->2
[2025-12-05T08:20:24.048+0000][3148.431s][info ][gc,heap     ] GC(111) Humongous regions: 17->17
[2025-12-05T08:20:24.048+0000][3148.431s][info ][gc,metaspace] GC(111) Metaspace: 210281K(211968K)->210281K(211968K) NonClass: 185040K(185920K)->185040K(185920K) Class: 25240K(26048K)->25240K(26048K)
[2025-12-05T08:20:24.048+0000][3148.431s][info ][gc          ] GC(111) Pause Young (Normal) (G1 Evacuation Pause) 718M->534M(805M) 8.357ms
[2025-12-05T08:20:24.048+0000][3148.431s][info ][gc,cpu      ] GC(111) User=0.06s Sys=0.00s Real=0.01s
[2025-12-05T08:20:24.048+0000][3148.431s][info ][safepoint   ] Safepoint "G1CollectForAllocation", Time since last: 14351275282 ns, Reaching safepoint: 141441 ns, Cleanup: 41460 ns, At safepoint: 8854434 ns, Total: 9037335 ns
[2025-12-05T08:20:26.049+0000][3150.432s][debug][safepoint   ] Safepoint synchronization initiated using futex wait barrier. (262 threads)
[2025-12-05T08:20:26.049+0000][3150.432s][info ][safepoint   ] Safepoint "Cleanup", Time since last: 2000279943 ns, Reaching safepoint: 97978 ns, Cleanup: 34576 ns, At safepoint: 3597 ns, Total: 136151 ns
[2025-12-05T08:20:28.049+0000][3152.432s][debug][safepoint   ] Safepoint synchronization initiated using futex wait barrier. (262 threads)
[2025-12-05T08:20:28.049+0000][3152.432s][info ][safepoint   ] Safepoint "Cleanup", Time since last: 2000319534 ns, Reaching safepoint: 116883 ns, Cleanup: 14979 ns, At safepoint: 3908 ns, Total: 135770 ns
[2025-12-05T08:20:38.049+0000][3162.434s][debug][safepoint   ] Safepoint synchronization initiated using futex wait barrier. (262 threads)
[2025-12-05T08:20:38.049+0000][3162.434s][info ][safepoint   ] Safepoint "Cleanup", Time since last: 10001391172 ns, Reaching safepoint: 313910 ns, Cleanup: 29417 ns, At safepoint: 5891 ns, Total: 349218 ns
[2025-12-05T08:20:48.051+0000][3172.436s][debug][safepoint   ] Safepoint synchronization initiated using futex wait barrier. (262 threads)
[2025-12-05T08:20:48.051+0000][3172.436s][info ][safepoint   ] Safepoint "Cleanup", Time since last: 10001783844 ns, Reaching safepoint: 149366 ns, Cleanup: 14197 ns, At safepoint: 4298 ns, Total: 167861 ns
[2025-12-05T08:20:55.095+0000][3179.480s][debug][safepoint   ] Safepoint synchronization initiated using futex wait barrier. (262 threads)
[2025-12-05T08:20:55.096+0000][3179.481s][info ][gc,start    ] GC(112) Pause Young (Normal) (G1 Evacuation Pause)
[2025-12-05T08:20:55.096+0000][3179.481s][info ][gc,task     ] GC(112) Using 13 workers of 13 for evacuation
[2025-12-05T08:20:55.107+0000][3179.492s][info ][gc,phases   ] GC(112)   Pre Evacuate Collection Set: 0.5ms
[2025-12-05T08:20:55.107+0000][3179.492s][info ][gc,phases   ] GC(112)   Merge Heap Roots: 0.3ms
[2025-12-05T08:20:55.107+0000][3179.492s][info ][gc,phases   ] GC(112)   Evacuate Collection Set: 8.2ms
[2025-12-05T08:20:55.107+0000][3179.492s][info ][gc,phases   ] GC(112)   Post Evacuate Collection Set: 2.0ms
[2025-12-05T08:20:55.107+0000][3179.492s][info ][gc,phases   ] GC(112)   Other: 0.4ms
[2025-12-05T08:20:55.107+0000][3179.492s][info ][gc,heap     ] GC(112) Eden regions: 183->0(184)
[2025-12-05T08:20:55.107+0000][3179.492s][info ][gc,heap     ] GC(112) Survivor regions: 4->3(24)
[2025-12-05T08:20:55.107+0000][3179.492s][info ][gc,heap     ] GC(112) Old regions: 514->515
[2025-12-05T08:20:55.107+0000][3179.492s][info ][gc,heap     ] GC(112) Archive regions: 2->2
[2025-12-05T08:20:55.107+0000][3179.492s][info ][gc,heap     ] GC(112) Humongous regions: 17->17
[2025-12-05T08:20:55.107+0000][3179.492s][info ][gc,metaspace] GC(112) Metaspace: 210291K(211968K)->210291K(211968K) NonClass: 185050K(185920K)->185050K(185920K) Class: 25240K(26048K)->25240K(26048K)
[2025-12-05T08:20:55.107+0000][3179.492s][info ][gc          ] GC(112) Pause Young (Normal) (G1 Evacuation Pause) 717M->534M(805M) 11.506ms
[2025-12-05T08:20:55.107+0000][3179.492s][info ][gc,cpu      ] GC(112) User=0.08s Sys=0.01s Real=0.01s
[2025-12-05T08:20:55.108+0000][3179.493s][info ][safepoint   ] Safepoint "G1CollectForAllocation", Time since last: 7044522894 ns, Reaching safepoint: 210583 ns, Cleanup: 10460 ns, At safepoint: 12030144 ns, Total: 12251187 ns
[2025-12-05T08:20:56.108+0000][3180.493s][debug][safepoint   ] Safepoint synchronization initiated using futex wait barrier. (262 threads)
[2025-12-05T08:20:56.108+0000][3180.493s][info ][safepoint   ] Safepoint "Cleanup", Time since last: 1000213369 ns, Reaching safepoint: 201416 ns, Cleanup: 24447 ns, At safepoint: 6252 ns, Total: 232115 ns
[2025-12-05T08:20:59.721+0000][3184.108s][debug][safepoint   ] Safepoint synchronization initiated using futex wait barrier. (265 threads)
[2025-12-05T08:20:59.721+0000][3184.108s][info ][safepoint   ] Safepoint "Cleanup", Time since last: 3614384107 ns, Reaching safepoint: 175677 ns, Cleanup: 124839 ns, At safepoint: 6402 ns, Total: 306918 ns
[2025-12-05T08:21:16.724+0000][3201.110s][debug][safepoint   ] Safepoint synchronization initiated using futex wait barrier. (264 threads)
[2025-12-05T08:21:16.724+0000][3201.111s][info ][safepoint   ] Safepoint "Cleanup", Time since last: 17002589977 ns, Reaching safepoint: 146220 ns, Cleanup: 46860 ns, At safepoint: 4568 ns, Total: 197648 ns
[2025-12-05T08:21:17.724+0000][3202.111s][debug][safepoint   ] Safepoint synchronization initiated using futex wait barrier. (264 threads)
[2025-12-05T08:21:17.724+0000][3202.111s][info ][safepoint   ] Safepoint "Cleanup", Time since last: 1000192615 ns, Reaching safepoint: 113488 ns, Cleanup: 14347 ns, At safepoint: 3597 ns, Total: 131432 ns
[2025-12-05T08:21:20.725+0000][3205.111s][debug][safepoint   ] Safepoint synchronization initiated using futex wait barrier. (264 threads)
[2025-12-05T08:21:20.725+0000][3205.112s][info ][safepoint   ] Safepoint "Cleanup", Time since last: 3000382694 ns, Reaching safepoint: 178663 ns, Cleanup: 61918 ns, At safepoint: 5761 ns, Total: 246342 ns
[2025-12-05T08:21:25.726+0000][3210.112s][debug][safepoint   ] Safepoint synchronization initiated using futex wait barrier. (264 threads)
[2025-12-05T08:21:25.726+0000][3210.112s][info ][safepoint   ] Safepoint "Cleanup", Time since last: 5000682450 ns, Reaching safepoint: 129688 ns, Cleanup: 26852 ns, At safepoint: 4629 ns, Total: 161169 ns
[2025-12-05T08:21:26.588+0000][3210.974s][debug][safepoint   ] Safepoint synchronization initiated using futex wait barrier. (264 threads)
[2025-12-05T08:21:26.588+0000][3210.975s][info ][gc,start    ] GC(113) Pause Young (Normal) (G1 Evacuation Pause)
[2025-12-05T08:21:26.588+0000][3210.975s][info ][gc,task     ] GC(113) Using 13 workers of 13 for evacuation
[2025-12-05T08:21:26.596+0000][3210.982s][info ][gc,phases   ] GC(113)   Pre Evacuate Collection Set: 0.5ms
[2025-12-05T08:21:26.596+0000][3210.982s][info ][gc,phases   ] GC(113)   Merge Heap Roots: 0.3ms
[2025-12-05T08:21:26.596+0000][3210.982s][info ][gc,phases   ] GC(113)   Evacuate Collection Set: 4.6ms
[2025-12-05T08:21:26.596+0000][3210.982s][info ][gc,phases   ] GC(113)   Post Evacuate Collection Set: 1.8ms
[2025-12-05T08:21:26.596+0000][3210.982s][info ][gc,phases   ] GC(113)   Other: 0.4ms
[2025-12-05T08:21:26.596+0000][3210.982s][info ][gc,heap     ] GC(113) Eden regions: 184->0(186)
[2025-12-05T08:21:26.596+0000][3210.983s][info ][gc,heap     ] GC(113) Survivor regions: 3->2(24)
[2025-12-05T08:21:26.596+0000][3210.983s][info ][gc,heap     ] GC(113) Old regions: 515->515
[2025-12-05T08:21:26.596+0000][3210.983s][info ][gc,heap     ] GC(113) Archive regions: 2->2
[2025-12-05T08:21:26.596+0000][3210.983s][info ][gc,heap     ] GC(113) Humongous regions: 17->17
[2025-12-05T08:21:26.596+0000][3210.983s][info ][gc,metaspace] GC(113) Metaspace: 210344K(212032K)->210344K(212032K) NonClass: 185096K(185984K)->185096K(185984K) Class: 25248K(26048K)->25248K(26048K)
[2025-12-05T08:21:26.596+0000][3210.983s][info ][gc          ] GC(113) Pause Young (Normal) (G1 Evacuation Pause) 718M->534M(805M) 7.783ms
[2025-12-05T08:21:26.596+0000][3210.983s][info ][gc,cpu      ] GC(113) User=0.04s Sys=0.01s Real=0.01s
[2025-12-05T08:21:26.596+0000][3210.983s][info ][safepoint   ] Safepoint "G1CollectForAllocation", Time since last: 862040892 ns, Reaching safepoint: 161840 ns, Cleanup: 19187 ns, At safepoint: 8278905 ns, Total: 8459932 ns
[2025-12-05T08:21:27.597+0000][3211.983s][debug][safepoint   ] Safepoint synchronization initiated using futex wait barrier. (264 threads)
[2025-12-05T08:21:27.597+0000][3211.983s][info ][safepoint   ] Safepoint "Cleanup", Time since last: 1000193172 ns, Reaching safepoint: 167722 ns, Cleanup: 39124 ns, At safepoint: 3838 ns, Total: 210684 ns
[2025-12-05T08:21:32.595+0000][3216.984s][debug][safepoint   ] Safepoint synchronization initiated using futex wait barrier. (264 threads)
[2025-12-05T08:21:32.596+0000][3216.984s][info ][safepoint   ] Safepoint "Cleanup", Time since last: 5000608520 ns, Reaching safepoint: 122525 ns, Cleanup: 26932 ns, At safepoint: 4618 ns, Total: 154075 ns
[2025-12-05T08:21:35.596+0000][3219.984s][debug][safepoint   ] Safepoint synchronization initiated using futex wait barrier. (264 threads)
[2025-12-05T08:21:35.596+0000][3219.985s][info ][safepoint   ] Safepoint "Cleanup", Time since last: 3000364282 ns, Reaching safepoint: 113638 ns, Cleanup: 19527 ns, At safepoint: 4579 ns, Total: 137744 ns
[2025-12-05T08:22:17.759+0000][3262.149s][debug][safepoint   ] Safepoint synchronization initiated using futex wait barrier. (264 threads)
[2025-12-05T08:22:17.760+0000][3262.149s][info ][safepoint   ] Safepoint "Cleanup", Time since last: 42164595522 ns, Reaching safepoint: 190706 ns, Cleanup: 54364 ns, At safepoint: 79523 ns, Total: 324593 ns
[2025-12-05T08:22:20.760+0000][3265.150s][debug][safepoint   ] Safepoint synchronization initiated using futex wait barrier. (264 threads)
[2025-12-05T08:22:20.760+0000][3265.150s][info ][safepoint   ] Safepoint "Cleanup", Time since last: 3000608229 ns, Reaching safepoint: 134357 ns, Cleanup: 14057 ns, At safepoint: 4318 ns, Total: 152732 ns
[2025-12-05T08:22:28.765+0000][3273.155s][debug][safepoint   ] Safepoint synchronization initiated using futex wait barrier. (260 threads)
[2025-12-05T08:22:28.765+0000][3273.155s][info ][safepoint   ] Safepoint "Cleanup", Time since last: 8004270743 ns, Reaching safepoint: 103328 ns, Cleanup: 13666 ns, At safepoint: 3657 ns, Total: 120651 ns
[2025-12-05T08:22:48.766+0000][3293.158s][debug][safepoint   ] Safepoint synchronization initiated using futex wait barrier. (262 threads)
[2025-12-05T08:22:48.766+0000][3293.158s][info ][safepoint   ] Safepoint "Cleanup", Time since last: 20003188109 ns, Reaching safepoint: 303927 ns, Cleanup: 37232 ns, At safepoint: 5971 ns, Total: 347130 ns
[2025-12-05T08:22:53.767+0000][3298.159s][debug][safepoint   ] Safepoint synchronization initiated using futex wait barrier. (262 threads)
[2025-12-05T08:22:53.767+0000][3298.159s][info ][safepoint   ] Safepoint "Cleanup", Time since last: 5000736778 ns, Reaching safepoint: 183411 ns, Cleanup: 37011 ns, At safepoint: 6623 ns, Total: 227045 ns
[2025-12-05T08:22:58.793+0000][3303.185s][debug][safepoint   ] Safepoint synchronization initiated using futex wait barrier. (262 threads)
[2025-12-05T08:22:58.793+0000][3303.185s][info ][safepoint   ] Safepoint "Cleanup", Time since last: 5025375684 ns, Reaching safepoint: 244138 ns, Cleanup: 27462 ns, At safepoint: 6703 ns, Total: 278303 ns
[2025-12-05T08:23:17.795+0000][3322.188s][debug][safepoint   ] Safepoint synchronization initiated using futex wait barrier. (262 threads)
[2025-12-05T08:23:17.795+0000][3322.188s][info ][safepoint   ] Safepoint "Cleanup", Time since last: 19002774605 ns, Reaching safepoint: 119900 ns, Cleanup: 16772 ns, At safepoint: 3386 ns, Total: 140058 ns
[2025-12-05T08:23:29.794+0000][3334.190s][debug][safepoint   ] Safepoint synchronization initiated using futex wait barrier. (264 threads)
[2025-12-05T08:23:29.794+0000][3334.190s][info ][safepoint   ] Safepoint "Cleanup", Time since last: 12001956399 ns, Reaching safepoint: 141431 ns, Cleanup: 17333 ns, At safepoint: 4759 ns, Total: 163523 ns
[2025-12-05T08:23:31.932+0000][3336.327s][debug][safepoint   ] Safepoint synchronization initiated using futex wait barrier. (264 threads)
[2025-12-05T08:23:31.932+0000][3336.328s][info ][gc,start    ] GC(114) Pause Young (Normal) (G1 Evacuation Pause)
[2025-12-05T08:23:31.932+0000][3336.328s][info ][gc,task     ] GC(114) Using 13 workers of 13 for evacuation
[2025-12-05T08:23:31.941+0000][3336.337s][info ][gc,phases   ] GC(114)   Pre Evacuate Collection Set: 0.6ms
[2025-12-05T08:23:31.941+0000][3336.337s][info ][gc,phases   ] GC(114)   Merge Heap Roots: 0.4ms
[2025-12-05T08:23:31.941+0000][3336.337s][info ][gc,phases   ] GC(114)   Evacuate Collection Set: 5.2ms
[2025-12-05T08:23:31.941+0000][3336.337s][info ][gc,phases   ] GC(114)   Post Evacuate Collection Set: 2.6ms
[2025-12-05T08:23:31.941+0000][3336.337s][info ][gc,phases   ] GC(114)   Other: 0.4ms
[2025-12-05T08:23:31.941+0000][3336.337s][info ][gc,heap     ] GC(114) Eden regions: 186->0(185)
[2025-12-05T08:23:31.942+0000][3336.337s][info ][gc,heap     ] GC(114) Survivor regions: 2->2(24)
[2025-12-05T08:23:31.942+0000][3336.337s][info ][gc,heap     ] GC(114) Old regions: 515->516
[2025-12-05T08:23:31.942+0000][3336.337s][info ][gc,heap     ] GC(114) Archive regions: 2->2
[2025-12-05T08:23:31.942+0000][3336.337s][info ][gc,heap     ] GC(114) Humongous regions: 17->17
[2025-12-05T08:23:31.942+0000][3336.337s][info ][gc,metaspace] GC(114) Metaspace: 210387K(212032K)->210387K(212032K) NonClass: 185137K(185984K)->185137K(185984K) Class: 25250K(26048K)->25250K(26048K)
[2025-12-05T08:23:31.942+0000][3336.337s][info ][gc          ] GC(114) Pause Young (Normal) (G1 Evacuation Pause) 720M->534M(805M) 9.309ms
[2025-12-05T08:23:31.942+0000][3336.337s][info ][gc,cpu      ] GC(114) User=0.05s Sys=0.01s Real=0.00s
[2025-12-05T08:23:31.942+0000][3336.337s][info ][safepoint   ] Safepoint "G1CollectForAllocation", Time since last: 2137466317 ns, Reaching safepoint: 300014 ns, Cleanup: 9398 ns, At safepoint: 9772489 ns, Total: 10081901 ns
[2025-12-05T08:23:33.942+0000][3338.338s][debug][safepoint   ] Safepoint synchronization initiated using futex wait barrier. (264 threads)
[2025-12-05T08:23:33.943+0000][3338.338s][info ][safepoint   ] Safepoint "Cleanup", Time since last: 2000378762 ns, Reaching safepoint: 259326 ns, Cleanup: 23415 ns, At safepoint: 5881 ns, Total: 288622 ns
[2025-12-05T08:24:37.973+0000][3402.372s][debug][safepoint   ] Safepoint synchronization initiated using futex wait barrier. (260 threads)
[2025-12-05T08:24:37.974+0000][3402.372s][debug][safepoint   ] ... found polling page loop exception at pc = 0x0000767d9a509849, stub =0x0000767d98a04400
[2025-12-05T08:24:37.974+0000][3402.372s][info ][safepoint   ] Safepoint "Cleanup", Time since last: 64033662783 ns, Reaching safepoint: 618354 ns, Cleanup: 7825 ns, At safepoint: 64744 ns, Total: 690923 ns
[2025-12-05T08:24:38.974+0000][3403.373s][debug][safepoint   ] Safepoint synchronization initiated using futex wait barrier. (264 threads)
[2025-12-05T08:24:38.974+0000][3403.373s][info ][safepoint   ] Safepoint "Cleanup", Time since last: 1000176942 ns, Reaching safepoint: 114840 ns, Cleanup: 102266 ns, At safepoint: 4739 ns, Total: 221845 ns
[2025-12-05T08:24:46.975+0000][3411.374s][debug][safepoint   ] Safepoint synchronization initiated using futex wait barrier. (264 threads)
[2025-12-05T08:24:46.976+0000][3411.374s][info ][safepoint   ] Safepoint "Cleanup", Time since last: 8001150041 ns, Reaching safepoint: 118347 ns, Cleanup: 16411 ns, At safepoint: 3757 ns, Total: 138515 ns
[2025-12-05T08:24:47.976+0000][3412.374s][debug][safepoint   ] Safepoint synchronization initiated using futex wait barrier. (264 threads)
[2025-12-05T08:24:47.976+0000][3412.374s][info ][safepoint   ] Safepoint "Cleanup", Time since last: 1000160170 ns, Reaching safepoint: 199372 ns, Cleanup: 18145 ns, At safepoint: 4479 ns, Total: 221996 ns
[2025-12-05T08:24:54.977+0000][3419.376s][debug][safepoint   ] Safepoint synchronization initiated using futex wait barrier. (264 threads)
[2025-12-05T08:24:54.977+0000][3419.376s][info ][safepoint   ] Safepoint "Cleanup", Time since last: 7001121615 ns, Reaching safepoint: 214751 ns, Cleanup: 38243 ns, At safepoint: 6974 ns, Total: 259968 ns
[2025-12-05T08:24:55.978+0000][3420.376s][debug][safepoint   ] Safepoint synchronization initiated using futex wait barrier. (264 threads)
[2025-12-05T08:24:55.978+0000][3420.376s][info ][safepoint   ] Safepoint "Cleanup", Time since last: 1000159171 ns, Reaching safepoint: 174734 ns, Cleanup: 18005 ns, At safepoint: 4769 ns, Total: 197508 ns
[2025-12-05T08:24:59.860+0000][3424.260s][debug][safepoint   ] Safepoint synchronization initiated using futex wait barrier. (265 threads)
[2025-12-05T08:24:59.860+0000][3424.260s][info ][safepoint   ] Safepoint "Cleanup", Time since last: 3883517994 ns, Reaching safepoint: 169324 ns, Cleanup: 53703 ns, At safepoint: 5901 ns, Total: 228928 ns
[2025-12-05T08:25:05.863+0000][3430.262s][debug][safepoint   ] Safepoint synchronization initiated using futex wait barrier. (264 threads)
[2025-12-05T08:25:05.863+0000][3430.263s][info ][safepoint   ] Safepoint "Cleanup", Time since last: 6002504884 ns, Reaching safepoint: 116072 ns, Cleanup: 13726 ns, At safepoint: 3337 ns, Total: 133135 ns
[2025-12-05T08:25:07.863+0000][3432.263s][debug][safepoint   ] Safepoint synchronization initiated using futex wait barrier. (264 threads)
[2025-12-05T08:25:07.863+0000][3432.263s][info ][safepoint   ] Safepoint "Cleanup", Time since last: 2000304448 ns, Reaching safepoint: 217025 ns, Cleanup: 31009 ns, At safepoint: 5501 ns, Total: 253535 ns
[2025-12-05T08:25:08.186+0000][3432.586s][debug][safepoint   ] Safepoint synchronization initiated using futex wait barrier. (264 threads)
[2025-12-05T08:25:08.187+0000][3432.586s][info ][gc,start    ] GC(115) Pause Young (Normal) (G1 Evacuation Pause)
[2025-12-05T08:25:08.187+0000][3432.586s][info ][gc,task     ] GC(115) Using 13 workers of 13 for evacuation
[2025-12-05T08:25:08.193+0000][3432.593s][info ][gc,phases   ] GC(115)   Pre Evacuate Collection Set: 0.4ms
[2025-12-05T08:25:08.193+0000][3432.593s][info ][gc,phases   ] GC(115)   Merge Heap Roots: 0.3ms
[2025-12-05T08:25:08.193+0000][3432.593s][info ][gc,phases   ] GC(115)   Evacuate Collection Set: 3.1ms
[2025-12-05T08:25:08.193+0000][3432.593s][info ][gc,phases   ] GC(115)   Post Evacuate Collection Set: 2.9ms
[2025-12-05T08:25:08.193+0000][3432.593s][info ][gc,phases   ] GC(115)   Other: 0.3ms
[2025-12-05T08:25:08.193+0000][3432.593s][info ][gc,heap     ] GC(115) Eden regions: 185->0(185)
[2025-12-05T08:25:08.193+0000][3432.593s][info ][gc,heap     ] GC(115) Survivor regions: 2->2(24)
[2025-12-05T08:25:08.193+0000][3432.593s][info ][gc,heap     ] GC(115) Old regions: 516->516
[2025-12-05T08:25:08.193+0000][3432.593s][info ][gc,heap     ] GC(115) Archive regions: 2->2
[2025-12-05T08:25:08.193+0000][3432.593s][info ][gc,heap     ] GC(115) Humongous regions: 18->17
[2025-12-05T08:25:08.193+0000][3432.593s][info ][gc,metaspace] GC(115) Metaspace: 210561K(212288K)->210561K(212288K) NonClass: 185298K(186176K)->185298K(186176K) Class: 25263K(26112K)->25263K(26112K)
[2025-12-05T08:25:08.194+0000][3432.593s][info ][gc          ] GC(115) Pause Young (Normal) (G1 Evacuation Pause) 720M->534M(805M) 6.993ms
[2025-12-05T08:25:08.194+0000][3432.593s][info ][gc,cpu      ] GC(115) User=0.03s Sys=0.02s Real=0.00s
[2025-12-05T08:25:08.194+0000][3432.594s][info ][safepoint   ] Safepoint "G1CollectForAllocation", Time since last: 322875464 ns, Reaching safepoint: 99361 ns, Cleanup: 13786 ns, At safepoint: 7495628 ns, Total: 7608775 ns
[2025-12-05T08:25:10.194+0000][3434.594s][debug][safepoint   ] Safepoint synchronization initiated using futex wait barrier. (264 threads)
[2025-12-05T08:25:10.195+0000][3434.595s][info ][safepoint   ] Safepoint "Cleanup", Time since last: 2000443145 ns, Reaching safepoint: 335693 ns, Cleanup: 99301 ns, At safepoint: 9227 ns, Total: 444221 ns
[2025-12-05T08:25:14.196+0000][3438.595s][debug][safepoint   ] Safepoint synchronization initiated using futex wait barrier. (264 threads)
[2025-12-05T08:25:14.196+0000][3438.595s][info ][safepoint   ] Safepoint "Cleanup", Time since last: 4000805261 ns, Reaching safepoint: 121262 ns, Cleanup: 25148 ns, At safepoint: 3777 ns, Total: 150187 ns
[2025-12-05T08:25:17.196+0000][3441.596s][debug][safepoint   ] Safepoint synchronization initiated using futex wait barrier. (264 threads)
[2025-12-05T08:25:17.197+0000][3441.596s][info ][safepoint   ] Safepoint "Cleanup", Time since last: 3000634271 ns, Reaching safepoint: 149305 ns, Cleanup: 21161 ns, At safepoint: 4519 ns, Total: 174985 ns
[2025-12-05T08:25:18.197+0000][3442.596s][debug][safepoint   ] Safepoint synchronization initiated using futex wait barrier. (264 threads)
[2025-12-05T08:25:18.197+0000][3442.597s][info ][safepoint   ] Safepoint "Cleanup", Time since last: 1000155327 ns, Reaching safepoint: 162001 ns, Cleanup: 16742 ns, At safepoint: 4989 ns, Total: 183732 ns
[2025-12-05T08:25:20.197+0000][3444.597s][debug][safepoint   ] Safepoint synchronization initiated using futex wait barrier. (264 threads)
[2025-12-05T08:25:20.197+0000][3444.597s][info ][safepoint   ] Safepoint "Cleanup", Time since last: 2000345183 ns, Reaching safepoint: 134157 ns, Cleanup: 33624 ns, At safepoint: 5160 ns, Total: 172941 ns
[2025-12-05T08:25:21.198+0000][3445.597s][debug][safepoint   ] Safepoint synchronization initiated using futex wait barrier. (264 threads)
[2025-12-05T08:25:21.198+0000][3445.597s][info ][safepoint   ] Safepoint "Cleanup", Time since last: 1000162198 ns, Reaching safepoint: 128426 ns, Cleanup: 16852 ns, At safepoint: 3778 ns, Total: 149056 ns
[2025-12-05T08:25:22.198+0000][3446.598s][debug][safepoint   ] Safepoint synchronization initiated using futex wait barrier. (264 threads)
[2025-12-05T08:25:22.198+0000][3446.598s][info ][safepoint   ] Safepoint "Cleanup", Time since last: 1000181449 ns, Reaching safepoint: 110331 ns, Cleanup: 14528 ns, At safepoint: 3567 ns, Total: 128426 ns
[2025-12-05T08:25:24.198+0000][3448.598s][debug][safepoint   ] Safepoint synchronization initiated using futex wait barrier. (264 threads)
[2025-12-05T08:25:24.199+0000][3448.598s][info ][safepoint   ] Safepoint "Cleanup", Time since last: 2000339732 ns, Reaching safepoint: 239055 ns, Cleanup: 51999 ns, At safepoint: 75824 ns, Total: 366878 ns
[2025-12-05T08:25:28.199+0000][3452.599s][debug][safepoint   ] Safepoint synchronization initiated using futex wait barrier. (264 threads)
[2025-12-05T08:25:28.200+0000][3452.599s][info ][safepoint   ] Safepoint "Cleanup", Time since last: 4000605406 ns, Reaching safepoint: 231560 ns, Cleanup: 23876 ns, At safepoint: 5931 ns, Total: 261367 ns
[2025-12-05T08:25:35.199+0000][3459.600s][debug][safepoint   ] Safepoint synchronization initiated using futex wait barrier. (267 threads)
[2025-12-05T08:25:35.199+0000][3459.601s][info ][safepoint   ] Safepoint "Cleanup", Time since last: 7001087380 ns, Reaching safepoint: 218207 ns, Cleanup: 20941 ns, At safepoint: 5089 ns, Total: 244237 ns
[2025-12-05T08:25:36.202+0000][3460.603s][debug][safepoint   ] Safepoint synchronization initiated using futex wait barrier. (266 threads)
[2025-12-05T08:25:36.202+0000][3460.604s][info ][safepoint   ] Safepoint "Cleanup", Time since last: 1002837450 ns, Reaching safepoint: 235401 ns, Cleanup: 79231 ns, At safepoint: 5341 ns, Total: 319973 ns
[2025-12-05T08:25:47.204+0000][3471.605s][debug][safepoint   ] Safepoint synchronization initiated using futex wait barrier. (264 threads)
[2025-12-05T08:25:47.204+0000][3471.606s][info ][safepoint   ] Safepoint "Cleanup", Time since last: 11001614166 ns, Reaching safepoint: 213990 ns, Cleanup: 54594 ns, At safepoint: 8086 ns, Total: 276670 ns
[2025-12-05T08:25:51.205+0000][3475.606s][debug][safepoint   ] Safepoint synchronization initiated using futex wait barrier. (264 threads)
[2025-12-05T08:25:51.205+0000][3475.607s][info ][safepoint   ] Safepoint "Cleanup", Time since last: 4000639273 ns, Reaching safepoint: 236954 ns, Cleanup: 31269 ns, At safepoint: 6914 ns, Total: 275137 ns
[2025-12-05T08:26:03.895+0000][3488.298s][debug][safepoint   ] Safepoint synchronization initiated using futex wait barrier. (264 threads)
[2025-12-05T08:26:03.895+0000][3488.298s][info ][safepoint   ] Safepoint "Cleanup", Time since last: 12690985582 ns, Reaching safepoint: 153203 ns, Cleanup: 16823 ns, At safepoint: 5470 ns, Total: 175496 ns
[2025-12-05T08:26:07.895+0000][3492.299s][debug][safepoint   ] Safepoint synchronization initiated using futex wait barrier. (264 threads)
[2025-12-05T08:26:07.896+0000][3492.299s][info ][safepoint   ] Safepoint "Cleanup", Time since last: 4000739995 ns, Reaching safepoint: 189853 ns, Cleanup: 26160 ns, At safepoint: 5020 ns, Total: 221033 ns
[2025-12-05T08:26:13.818+0000][3498.222s][debug][safepoint   ] Safepoint synchronization initiated using futex wait barrier. (264 threads)
[2025-12-05T08:26:13.819+0000][3498.222s][info ][gc,start    ] GC(116) Pause Young (Normal) (G1 Evacuation Pause)
[2025-12-05T08:26:13.819+0000][3498.222s][info ][gc,task     ] GC(116) Using 13 workers of 13 for evacuation
[2025-12-05T08:26:13.830+0000][3498.233s][info ][gc,phases   ] GC(116)   Pre Evacuate Collection Set: 0.6ms
[2025-12-05T08:26:13.830+0000][3498.233s][info ][gc,phases   ] GC(116)   Merge Heap Roots: 0.9ms
[2025-12-05T08:26:13.830+0000][3498.233s][info ][gc,phases   ] GC(116)   Evacuate Collection Set: 5.4ms
[2025-12-05T08:26:13.830+0000][3498.233s][info ][gc,phases   ] GC(116)   Post Evacuate Collection Set: 3.8ms
[2025-12-05T08:26:13.830+0000][3498.233s][info ][gc,phases   ] GC(116)   Other: 0.8ms
[2025-12-05T08:26:13.830+0000][3498.234s][info ][gc,heap     ] GC(116) Eden regions: 185->0(185)
[2025-12-05T08:26:13.830+0000][3498.234s][info ][gc,heap     ] GC(116) Survivor regions: 2->2(24)
[2025-12-05T08:26:13.830+0000][3498.234s][info ][gc,heap     ] GC(116) Old regions: 516->516
[2025-12-05T08:26:13.830+0000][3498.234s][info ][gc,heap     ] GC(116) Archive regions: 2->2
[2025-12-05T08:26:13.830+0000][3498.234s][info ][gc,heap     ] GC(116) Humongous regions: 17->17
[2025-12-05T08:26:13.831+0000][3498.234s][info ][gc,metaspace] GC(116) Metaspace: 210686K(212416K)->210686K(212416K) NonClass: 185406K(186304K)->185406K(186304K) Class: 25280K(26112K)->25280K(26112K)
[2025-12-05T08:26:13.831+0000][3498.234s][info ][gc          ] GC(116) Pause Young (Normal) (G1 Evacuation Pause) 719M->535M(805M) 11.484ms
[2025-12-05T08:26:13.831+0000][3498.234s][info ][gc,cpu      ] GC(116) User=0.08s Sys=0.00s Real=0.01s
[2025-12-05T08:26:13.831+0000][3498.234s][info ][safepoint   ] Safepoint "G1CollectForAllocation", Time since last: 5922808901 ns, Reaching safepoint: 180375 ns, Cleanup: 8617 ns, At safepoint: 12351048 ns, Total: 12540040 ns
[2025-12-05T08:26:14.831+0000][3499.234s][debug][safepoint   ] Safepoint synchronization initiated using futex wait barrier. (264 threads)
[2025-12-05T08:26:14.832+0000][3499.235s][info ][safepoint   ] Safepoint "Cleanup", Time since last: 1000303471 ns, Reaching safepoint: 282761 ns, Cleanup: 20409 ns, At safepoint: 27613 ns, Total: 330783 ns
[2025-12-05T08:26:51.885+0000][3536.290s][debug][safepoint   ] Safepoint synchronization initiated using futex wait barrier. (260 threads)
[2025-12-05T08:26:51.885+0000][3536.290s][info ][safepoint   ] Safepoint "Cleanup", Time since last: 37054934757 ns, Reaching safepoint: 129558 ns, Cleanup: 33063 ns, At safepoint: 6202 ns, Total: 168823 ns
[2025-12-05T08:26:53.885+0000][3538.290s][debug][safepoint   ] Safepoint synchronization initiated using futex wait barrier. (261 threads)
[2025-12-05T08:26:53.886+0000][3538.290s][info ][safepoint   ] Safepoint "Cleanup", Time since last: 2000376852 ns, Reaching safepoint: 180665 ns, Cleanup: 27243 ns, At safepoint: 4258 ns, Total: 212166 ns
[2025-12-05T08:26:57.886+0000][3542.291s][debug][safepoint   ] Safepoint synchronization initiated using futex wait barrier. (263 threads)
[2025-12-05T08:26:57.886+0000][3542.291s][info ][safepoint   ] Safepoint "Cleanup", Time since last: 4000521476 ns, Reaching safepoint: 120971 ns, Cleanup: 17734 ns, At safepoint: 3857 ns, Total: 142562 ns
[2025-12-05T08:26:59.929+0000][3544.335s][debug][safepoint   ] Safepoint synchronization initiated using futex wait barrier. (263 threads)
[2025-12-05T08:26:59.929+0000][3544.335s][info ][safepoint   ] Safepoint "Cleanup", Time since last: 2044167608 ns, Reaching safepoint: 118497 ns, Cleanup: 14557 ns, At safepoint: 4509 ns, Total: 137563 ns
[2025-12-05T08:27:00.929+0000][3545.336s][debug][safepoint   ] Safepoint synchronization initiated using futex wait barrier. (263 threads)
[2025-12-05T08:27:00.930+0000][3545.336s][info ][safepoint   ] Safepoint "Cleanup", Time since last: 1000319851 ns, Reaching safepoint: 332333 ns, Cleanup: 48522 ns, At safepoint: 11041 ns, Total: 391896 ns
[2025-12-05T08:27:02.930+0000][3547.337s][debug][safepoint   ] Safepoint synchronization initiated using futex wait barrier. (263 threads)
[2025-12-05T08:27:02.931+0000][3547.337s][info ][safepoint   ] Safepoint "Cleanup", Time since last: 2000596389 ns, Reaching safepoint: 285233 ns, Cleanup: 27873 ns, At safepoint: 6463 ns, Total: 319569 ns
[2025-12-05T08:27:10.932+0000][3555.338s][debug][safepoint   ] Safepoint synchronization initiated using futex wait barrier. (263 threads)
[2025-12-05T08:27:10.932+0000][3555.338s][info ][safepoint   ] Safepoint "Cleanup", Time since last: 8001181656 ns, Reaching safepoint: 168884 ns, Cleanup: 20679 ns, At safepoint: 5290 ns, Total: 194853 ns
[2025-12-05T08:27:33.934+0000][3578.342s][debug][safepoint   ] Safepoint synchronization initiated using futex wait barrier. (260 threads)
[2025-12-05T08:27:33.934+0000][3578.342s][info ][safepoint   ] Safepoint "Cleanup", Time since last: 23003307008 ns, Reaching safepoint: 227114 ns, Cleanup: 25539 ns, At safepoint: 4539 ns, Total: 257192 ns
[2025-12-05T08:28:20.964+0000][3625.373s][debug][safepoint   ] Safepoint synchronization initiated using futex wait barrier. (259 threads)
[2025-12-05T08:28:20.964+0000][3625.374s][info ][safepoint   ] Safepoint "Cleanup", Time since last: 47031515759 ns, Reaching safepoint: 130089 ns, Cleanup: 15259 ns, At safepoint: 4960 ns, Total: 150308 ns
[2025-12-05T08:28:33.708+0000][3638.119s][debug][safepoint   ] Safepoint synchronization initiated using futex wait barrier. (257 threads)
[2025-12-05T08:28:33.708+0000][3638.119s][info ][gc,start    ] GC(117) Pause Young (Normal) (G1 Evacuation Pause)
[2025-12-05T08:28:33.708+0000][3638.119s][info ][gc,task     ] GC(117) Using 13 workers of 13 for evacuation
[2025-12-05T08:28:33.716+0000][3638.127s][info ][gc,phases   ] GC(117)   Pre Evacuate Collection Set: 0.4ms
[2025-12-05T08:28:33.716+0000][3638.127s][info ][gc,phases   ] GC(117)   Merge Heap Roots: 0.3ms
[2025-12-05T08:28:33.716+0000][3638.127s][info ][gc,phases   ] GC(117)   Evacuate Collection Set: 4.6ms
[2025-12-05T08:28:33.716+0000][3638.127s][info ][gc,phases   ] GC(117)   Post Evacuate Collection Set: 2.1ms
[2025-12-05T08:28:33.716+0000][3638.127s][info ][gc,phases   ] GC(117)   Other: 0.5ms
[2025-12-05T08:28:33.716+0000][3638.127s][info ][gc,heap     ] GC(117) Eden regions: 185->0(183)
[2025-12-05T08:28:33.716+0000][3638.127s][info ][gc,heap     ] GC(117) Survivor regions: 2->3(24)
[2025-12-05T08:28:33.716+0000][3638.127s][info ][gc,heap     ] GC(117) Old regions: 516->516
[2025-12-05T08:28:33.716+0000][3638.127s][info ][gc,heap     ] GC(117) Archive regions: 2->2
[2025-12-05T08:28:33.716+0000][3638.127s][info ][gc,heap     ] GC(117) Humongous regions: 17->17
[2025-12-05T08:28:33.716+0000][3638.127s][info ][gc,metaspace] GC(117) Metaspace: 210762K(212480K)->210762K(212480K) NonClass: 185476K(186368K)->185476K(186368K) Class: 25286K(26112K)->25286K(26112K)
[2025-12-05T08:28:33.716+0000][3638.127s][info ][gc          ] GC(117) Pause Young (Normal) (G1 Evacuation Pause) 720M->536M(805M) 8.032ms
[2025-12-05T08:28:33.716+0000][3638.128s][info ][gc,cpu      ] GC(117) User=0.04s Sys=0.00s Real=0.01s
[2025-12-05T08:28:33.716+0000][3638.128s][info ][safepoint   ] Safepoint "G1CollectForAllocation", Time since last: 12745413814 ns, Reaching safepoint: 175425 ns, Cleanup: 8186 ns, At safepoint: 8602947 ns, Total: 8786558 ns
[2025-12-05T08:28:37.717+0000][3642.128s][debug][safepoint   ] Safepoint synchronization initiated using futex wait barrier. (259 threads)
[2025-12-05T08:28:37.718+0000][3642.129s][info ][safepoint   ] Safepoint "Cleanup", Time since last: 4000664342 ns, Reaching safepoint: 277020 ns, Cleanup: 112545 ns, At safepoint: 64504 ns, Total: 454069 ns
[2025-12-05T08:29:15.995+0000][3680.408s][debug][safepoint   ] Safepoint synchronization initiated using futex wait barrier. (259 threads)
[2025-12-05T08:29:15.996+0000][3680.408s][info ][safepoint   ] Safepoint "Cleanup", Time since last: 38279104526 ns, Reaching safepoint: 326605 ns, Cleanup: 21211 ns, At safepoint: 8937 ns, Total: 356753 ns
[2025-12-05T08:29:35.996+0000][3700.411s][debug][safepoint   ] Safepoint synchronization initiated using futex wait barrier. (259 threads)
[2025-12-05T08:29:35.997+0000][3700.412s][info ][safepoint   ] Safepoint "Cleanup", Time since last: 20003099252 ns, Reaching safepoint: 362403 ns, Cleanup: 16932 ns, At safepoint: 5441 ns, Total: 384776 ns
[2025-12-05T08:30:21.030+0000][3745.446s][debug][safepoint   ] Safepoint synchronization initiated using futex wait barrier. (259 threads)
[2025-12-05T08:30:21.030+0000][3745.447s][info ][safepoint   ] Safepoint "Cleanup", Time since last: 45034512239 ns, Reaching safepoint: 168162 ns, Cleanup: 21962 ns, At safepoint: 5301 ns, Total: 195425 ns
[2025-12-05T08:31:02.893+0000][3787.313s][debug][safepoint   ] Safepoint synchronization initiated using futex wait barrier. (258 threads)
[2025-12-05T08:31:02.896+0000][3787.315s][info ][gc,start    ] GC(118) Pause Young (Normal) (G1 Evacuation Pause)
[2025-12-05T08:31:02.896+0000][3787.315s][info ][gc,task     ] GC(118) Using 13 workers of 13 for evacuation
[2025-12-05T08:31:02.911+0000][3787.330s][info ][gc,phases   ] GC(118)   Pre Evacuate Collection Set: 1.2ms
[2025-12-05T08:31:02.911+0000][3787.330s][info ][gc,phases   ] GC(118)   Merge Heap Roots: 0.7ms
[2025-12-05T08:31:02.911+0000][3787.330s][info ][gc,phases   ] GC(118)   Evacuate Collection Set: 9.6ms
[2025-12-05T08:31:02.911+0000][3787.330s][info ][gc,phases   ] GC(118)   Post Evacuate Collection Set: 2.7ms
[2025-12-05T08:31:02.911+0000][3787.330s][info ][gc,phases   ] GC(118)   Other: 2.7ms
[2025-12-05T08:31:02.911+0000][3787.330s][info ][gc,heap     ] GC(118) Eden regions: 183->0(183)
[2025-12-05T08:31:02.911+0000][3787.330s][info ][gc,heap     ] GC(118) Survivor regions: 3->3(24)
[2025-12-05T08:31:02.911+0000][3787.330s][info ][gc,heap     ] GC(118) Old regions: 516->516
[2025-12-05T08:31:02.911+0000][3787.330s][info ][gc,heap     ] GC(118) Archive regions: 2->2
[2025-12-05T08:31:02.911+0000][3787.330s][info ][gc,heap     ] GC(118) Humongous regions: 17->17
[2025-12-05T08:31:02.911+0000][3787.330s][info ][gc,metaspace] GC(118) Metaspace: 210797K(212480K)->210797K(212480K) NonClass: 185508K(186368K)->185508K(186368K) Class: 25288K(26112K)->25288K(26112K)
[2025-12-05T08:31:02.911+0000][3787.330s][info ][gc          ] GC(118) Pause Young (Normal) (G1 Evacuation Pause) 719M->536M(805M) 15.025ms
[2025-12-05T08:31:02.911+0000][3787.331s][info ][gc,cpu      ] GC(118) User=0.13s Sys=0.01s Real=0.02s
[2025-12-05T08:31:02.911+0000][3787.331s][info ][safepoint   ] Safepoint "G1CollectForAllocation", Time since last: 41866484882 ns, Reaching safepoint: 173321 ns, Cleanup: 5931 ns, At safepoint: 17661704 ns, Total: 17840956 ns
[2025-12-05T08:31:26.915+0000][3811.335s][debug][safepoint   ] Safepoint synchronization initiated using futex wait barrier. (259 threads)
[2025-12-05T08:31:26.915+0000][3811.335s][info ][safepoint   ] Safepoint "Cleanup", Time since last: 24003621162 ns, Reaching safepoint: 160558 ns, Cleanup: 22032 ns, At safepoint: 5090 ns, Total: 187680 ns
[2025-12-05T08:31:37.915+0000][3822.336s][debug][safepoint   ] Safepoint synchronization initiated using futex wait barrier. (260 threads)
[2025-12-05T08:31:37.915+0000][3822.336s][info ][safepoint   ] Safepoint "Cleanup", Time since last: 11001668488 ns, Reaching safepoint: 91555 ns, Cleanup: 12334 ns, At safepoint: 3366 ns, Total: 107255 ns
[2025-12-05T08:31:59.089+0000][3843.510s][debug][safepoint   ] Safepoint synchronization initiated using futex wait barrier. (260 threads)
[2025-12-05T08:31:59.089+0000][3843.510s][info ][safepoint   ] Safepoint "Cleanup", Time since last: 21173599798 ns, Reaching safepoint: 197217 ns, Cleanup: 41309 ns, At safepoint: 5681 ns, Total: 244207 ns
[2025-12-05T08:32:00.088+0000][3844.511s][debug][safepoint   ] Safepoint synchronization initiated using futex wait barrier. (260 threads)
[2025-12-05T08:32:00.088+0000][3844.511s][info ][safepoint   ] Safepoint "Cleanup", Time since last: 1000202646 ns, Reaching safepoint: 202537 ns, Cleanup: 23365 ns, At safepoint: 5620 ns, Total: 231522 ns
[2025-12-05T08:32:05.089+0000][3849.512s][debug][safepoint   ] Safepoint synchronization initiated using futex wait barrier. (267 threads)
[2025-12-05T08:32:05.089+0000][3849.512s][info ][safepoint   ] Safepoint "Cleanup", Time since last: 5000770662 ns, Reaching safepoint: 185805 ns, Cleanup: 93960 ns, At safepoint: 5711 ns, Total: 285476 ns
[2025-12-05T08:32:17.091+0000][3861.514s][debug][safepoint   ] Safepoint synchronization initiated using futex wait barrier. (267 threads)
[2025-12-05T08:32:17.092+0000][3861.514s][info ][safepoint   ] Safepoint "Cleanup", Time since last: 12001988753 ns, Reaching safepoint: 216875 ns, Cleanup: 15370 ns, At safepoint: 4528 ns, Total: 236773 ns
[2025-12-05T08:32:24.093+0000][3868.515s][debug][safepoint   ] Safepoint synchronization initiated using futex wait barrier. (267 threads)
[2025-12-05T08:32:24.093+0000][3868.515s][info ][safepoint   ] Safepoint "Cleanup", Time since last: 7001087067 ns, Reaching safepoint: 179272 ns, Cleanup: 22654 ns, At safepoint: 5540 ns, Total: 207466 ns
[2025-12-05T08:32:27.093+0000][3871.516s][debug][safepoint   ] Safepoint synchronization initiated using futex wait barrier. (267 threads)
[2025-12-05T08:32:27.093+0000][3871.516s][info ][safepoint   ] Safepoint "Cleanup", Time since last: 3000400693 ns, Reaching safepoint: 167110 ns, Cleanup: 22714 ns, At safepoint: 5901 ns, Total: 195725 ns
[2025-12-05T08:32:34.093+0000][3878.517s][debug][safepoint   ] Safepoint synchronization initiated using futex wait barrier. (268 threads)
[2025-12-05T08:32:34.093+0000][3878.517s][info ][safepoint   ] Safepoint "Cleanup", Time since last: 7001247433 ns, Reaching safepoint: 251691 ns, Cleanup: 36690 ns, At safepoint: 8326 ns, Total: 296707 ns
[2025-12-05T08:32:40.094+0000][3884.519s][debug][safepoint   ] Safepoint synchronization initiated using futex wait barrier. (267 threads)
[2025-12-05T08:32:40.095+0000][3884.519s][info ][safepoint   ] Safepoint "Cleanup", Time since last: 6001217228 ns, Reaching safepoint: 246742 ns, Cleanup: 50346 ns, At safepoint: 9719 ns, Total: 306807 ns
[2025-12-05T08:32:55.256+0000][3899.680s][debug][safepoint   ] Safepoint synchronization initiated using futex wait barrier. (267 threads)
[2025-12-05T08:32:55.256+0000][3899.681s][info ][gc,start    ] GC(119) Pause Young (Normal) (G1 Evacuation Pause)
[2025-12-05T08:32:55.256+0000][3899.681s][info ][gc,task     ] GC(119) Using 13 workers of 13 for evacuation
[2025-12-05T08:32:55.262+0000][3899.686s][info ][gc,phases   ] GC(119)   Pre Evacuate Collection Set: 0.4ms
[2025-12-05T08:32:55.262+0000][3899.686s][info ][gc,phases   ] GC(119)   Merge Heap Roots: 0.3ms
[2025-12-05T08:32:55.262+0000][3899.686s][info ][gc,phases   ] GC(119)   Evacuate Collection Set: 2.4ms
[2025-12-05T08:32:55.262+0000][3899.686s][info ][gc,phases   ] GC(119)   Post Evacuate Collection Set: 2.1ms
[2025-12-05T08:32:55.262+0000][3899.686s][info ][gc,phases   ] GC(119)   Other: 0.4ms
[2025-12-05T08:32:55.262+0000][3899.686s][info ][gc,heap     ] GC(119) Eden regions: 183->0(183)
[2025-12-05T08:32:55.262+0000][3899.686s][info ][gc,heap     ] GC(119) Survivor regions: 3->3(24)
[2025-12-05T08:32:55.262+0000][3899.686s][info ][gc,heap     ] GC(119) Old regions: 516->516
[2025-12-05T08:32:55.262+0000][3899.686s][info ][gc,heap     ] GC(119) Archive regions: 2->2
[2025-12-05T08:32:55.262+0000][3899.686s][info ][gc,heap     ] GC(119) Humongous regions: 17->17
[2025-12-05T08:32:55.262+0000][3899.686s][info ][gc,metaspace] GC(119) Metaspace: 210831K(212544K)->210831K(212544K) NonClass: 185542K(186432K)->185542K(186432K) Class: 25289K(26112K)->25289K(26112K)
[2025-12-05T08:32:55.262+0000][3899.687s][info ][gc          ] GC(119) Pause Young (Normal) (G1 Evacuation Pause) 719M->536M(805M) 5.856ms
[2025-12-05T08:32:55.262+0000][3899.687s][info ][gc,cpu      ] GC(119) User=0.03s Sys=0.00s Real=0.01s
[2025-12-05T08:32:55.262+0000][3899.687s][info ][safepoint   ] Safepoint "G1CollectForAllocation", Time since last: 15161284224 ns, Reaching safepoint: 208128 ns, Cleanup: 5751 ns, At safepoint: 6281244 ns, Total: 6495123 ns
[2025-12-05T08:33:17.128+0000][3921.554s][debug][safepoint   ] Safepoint synchronization initiated using futex wait barrier. (262 threads)
[2025-12-05T08:33:17.128+0000][3921.554s][info ][safepoint   ] Safepoint "Cleanup", Time since last: 21866860940 ns, Reaching safepoint: 145258 ns, Cleanup: 23194 ns, At safepoint: 3807 ns, Total: 172259 ns
[2025-12-05T08:33:39.130+0000][3943.558s][debug][safepoint   ] Safepoint synchronization initiated using futex wait barrier. (260 threads)
[2025-12-05T08:33:39.130+0000][3943.558s][info ][safepoint   ] Safepoint "Cleanup", Time since last: 22003953818 ns, Reaching safepoint: 310053 ns, Cleanup: 24166 ns, At safepoint: 4759 ns, Total: 338978 ns
[2025-12-05T08:34:40.168+0000][4004.598s][debug][safepoint   ] Safepoint synchronization initiated using futex wait barrier. (261 threads)
[2025-12-05T08:34:40.168+0000][4004.599s][info ][safepoint   ] Safepoint "Cleanup", Time since last: 61040368335 ns, Reaching safepoint: 508283 ns, Cleanup: 16301 ns, At safepoint: 128386 ns, Total: 652970 ns
[2025-12-05T08:35:05.200+0000][4029.632s][debug][safepoint   ] Safepoint synchronization initiated using futex wait barrier. (261 threads)
[2025-12-05T08:35:05.200+0000][4029.632s][info ][safepoint   ] Safepoint "Cleanup", Time since last: 25032982354 ns, Reaching safepoint: 184162 ns, Cleanup: 38734 ns, At safepoint: 6182 ns, Total: 229078 ns
[2025-12-05T08:35:24.203+0000][4048.636s][debug][safepoint   ] Safepoint synchronization initiated using futex wait barrier. (261 threads)
[2025-12-05T08:35:24.204+0000][4048.636s][info ][safepoint   ] Safepoint "Cleanup", Time since last: 19003265228 ns, Reaching safepoint: 268174 ns, Cleanup: 181447 ns, At safepoint: 8236 ns, Total: 457857 ns
[2025-12-05T08:35:28.225+0000][4052.658s][debug][safepoint   ] Safepoint synchronization initiated using futex wait barrier. (261 threads)
[2025-12-05T08:35:28.226+0000][4052.658s][info ][gc,start    ] GC(120) Pause Young (Normal) (G1 Evacuation Pause)
[2025-12-05T08:35:28.226+0000][4052.658s][info ][gc,task     ] GC(120) Using 13 workers of 13 for evacuation
[2025-12-05T08:35:28.236+0000][4052.668s][info ][gc,phases   ] GC(120)   Pre Evacuate Collection Set: 0.4ms
[2025-12-05T08:35:28.236+0000][4052.669s][info ][gc,phases   ] GC(120)   Merge Heap Roots: 0.4ms
[2025-12-05T08:35:28.236+0000][4052.669s][info ][gc,phases   ] GC(120)   Evacuate Collection Set: 4.8ms
[2025-12-05T08:35:28.236+0000][4052.669s][info ][gc,phases   ] GC(120)   Post Evacuate Collection Set: 4.4ms
[2025-12-05T08:35:28.236+0000][4052.669s][info ][gc,phases   ] GC(120)   Other: 0.4ms
[2025-12-05T08:35:28.236+0000][4052.669s][info ][gc,heap     ] GC(120) Eden regions: 183->0(182)
[2025-12-05T08:35:28.236+0000][4052.669s][info ][gc,heap     ] GC(120) Survivor regions: 3->3(24)
[2025-12-05T08:35:28.236+0000][4052.669s][info ][gc,heap     ] GC(120) Old regions: 516->517
[2025-12-05T08:35:28.236+0000][4052.669s][info ][gc,heap     ] GC(120) Archive regions: 2->2
[2025-12-05T08:35:28.236+0000][4052.669s][info ][gc,heap     ] GC(120) Humongous regions: 17->17
[2025-12-05T08:35:28.236+0000][4052.669s][info ][gc,metaspace] GC(120) Metaspace: 210843K(212544K)->210843K(212544K) NonClass: 185554K(186432K)->185554K(186432K) Class: 25289K(26112K)->25289K(26112K)
[2025-12-05T08:35:28.236+0000][4052.669s][info ][gc          ] GC(120) Pause Young (Normal) (G1 Evacuation Pause) 719M->536M(805M) 10.484ms
[2025-12-05T08:35:28.236+0000][4052.669s][info ][gc,cpu      ] GC(120) User=0.04s Sys=0.02s Real=0.01s
[2025-12-05T08:35:28.236+0000][4052.669s][info ][safepoint   ] Safepoint "G1CollectForAllocation", Time since last: 4021810755 ns, Reaching safepoint: 137053 ns, Cleanup: 4939 ns, At safepoint: 10872033 ns, Total: 11014025 ns
[2025-12-05T08:35:41.237+0000][4065.671s][debug][safepoint   ] Safepoint synchronization initiated using futex wait barrier. (260 threads)
[2025-12-05T08:35:41.237+0000][4065.671s][info ][safepoint   ] Safepoint "Cleanup", Time since last: 13002032420 ns, Reaching safepoint: 170636 ns, Cleanup: 21101 ns, At safepoint: 4669 ns, Total: 196406 ns
[2025-12-05T08:36:42.244+0000][4126.682s][debug][safepoint   ] Safepoint synchronization initiated using futex wait barrier. (259 threads)
[2025-12-05T08:36:42.245+0000][4126.682s][info ][safepoint   ] Safepoint "Cleanup", Time since last: 61010768605 ns, Reaching safepoint: 115180 ns, Cleanup: 12494 ns, At safepoint: 3527 ns, Total: 131201 ns
[2025-12-05T08:37:02.275+0000][4146.714s][debug][safepoint   ] Safepoint synchronization initiated using futex wait barrier. (259 threads)
[2025-12-05T08:37:02.275+0000][4146.714s][info ][safepoint   ] Safepoint "Cleanup", Time since last: 20032048170 ns, Reaching safepoint: 204612 ns, Cleanup: 23535 ns, At safepoint: 6312 ns, Total: 234459 ns
[2025-12-05T08:38:00.777+0000][4205.219s][debug][safepoint   ] Safepoint synchronization initiated using futex wait barrier. (260 threads)
[2025-12-05T08:38:00.777+0000][4205.219s][info ][gc,start    ] GC(121) Pause Young (Normal) (G1 Evacuation Pause)
[2025-12-05T08:38:00.777+0000][4205.219s][info ][gc,task     ] GC(121) Using 13 workers of 13 for evacuation
[2025-12-05T08:38:00.784+0000][4205.226s][info ][gc,phases   ] GC(121)   Pre Evacuate Collection Set: 0.5ms
[2025-12-05T08:38:00.784+0000][4205.226s][info ][gc,phases   ] GC(121)   Merge Heap Roots: 0.3ms
[2025-12-05T08:38:00.784+0000][4205.226s][info ][gc,phases   ] GC(121)   Evacuate Collection Set: 3.6ms
[2025-12-05T08:38:00.784+0000][4205.226s][info ][gc,phases   ] GC(121)   Post Evacuate Collection Set: 2.3ms
[2025-12-05T08:38:00.784+0000][4205.226s][info ][gc,phases   ] GC(121)   Other: 0.4ms
[2025-12-05T08:38:00.784+0000][4205.226s][info ][gc,heap     ] GC(121) Eden regions: 182->0(182)
[2025-12-05T08:38:00.784+0000][4205.226s][info ][gc,heap     ] GC(121) Survivor regions: 3->3(24)
[2025-12-05T08:38:00.784+0000][4205.226s][info ][gc,heap     ] GC(121) Old regions: 517->517
[2025-12-05T08:38:00.784+0000][4205.226s][info ][gc,heap     ] GC(121) Archive regions: 2->2
[2025-12-05T08:38:00.784+0000][4205.226s][info ][gc,heap     ] GC(121) Humongous regions: 17->17
[2025-12-05T08:38:00.784+0000][4205.226s][info ][gc,metaspace] GC(121) Metaspace: 210844K(212544K)->210844K(212544K) NonClass: 185555K(186432K)->185555K(186432K) Class: 25289K(26112K)->25289K(26112K)
[2025-12-05T08:38:00.784+0000][4205.226s][info ][gc          ] GC(121) Pause Young (Normal) (G1 Evacuation Pause) 718M->536M(805M) 7.245ms
[2025-12-05T08:38:00.784+0000][4205.227s][info ][gc,cpu      ] GC(121) User=0.04s Sys=0.00s Real=0.01s
[2025-12-05T08:38:00.785+0000][4205.227s][info ][safepoint   ] Safepoint "G1CollectForAllocation", Time since last: 58504430654 ns, Reaching safepoint: 303128 ns, Cleanup: 10130 ns, At safepoint: 8277004 ns, Total: 8590262 ns
[2025-12-05T08:38:44.791+0000][4249.235s][debug][safepoint   ] Safepoint synchronization initiated using futex wait barrier. (261 threads)
[2025-12-05T08:38:44.791+0000][4249.235s][info ][safepoint   ] Safepoint "Cleanup", Time since last: 44007509058 ns, Reaching safepoint: 273143 ns, Cleanup: 85253 ns, At safepoint: 6522 ns, Total: 364918 ns
[2025-12-05T08:39:45.352+0000][4309.799s][debug][safepoint   ] Safepoint synchronization initiated using futex wait barrier. (259 threads)
[2025-12-05T08:39:45.352+0000][4309.799s][info ][safepoint   ] Safepoint "Cleanup", Time since last: 60563661595 ns, Reaching safepoint: 256311 ns, Cleanup: 15970 ns, At safepoint: 4509 ns, Total: 276790 ns
[2025-12-05T08:40:17.387+0000][4341.836s][debug][safepoint   ] Safepoint synchronization initiated using futex wait barrier. (259 threads)
[2025-12-05T08:40:17.388+0000][4341.836s][info ][safepoint   ] Safepoint "Cleanup", Time since last: 32036698587 ns, Reaching safepoint: 156520 ns, Cleanup: 20589 ns, At safepoint: 5611 ns, Total: 182720 ns
[2025-12-05T08:40:33.302+0000][4357.753s][debug][safepoint   ] Safepoint synchronization initiated using futex wait barrier. (259 threads)
[2025-12-05T08:40:33.302+0000][4357.753s][info ][gc,start    ] GC(122) Pause Young (Normal) (G1 Evacuation Pause)
[2025-12-05T08:40:33.302+0000][4357.753s][info ][gc,task     ] GC(122) Using 13 workers of 13 for evacuation
[2025-12-05T08:40:33.312+0000][4357.763s][info ][gc,phases   ] GC(122)   Pre Evacuate Collection Set: 0.4ms
[2025-12-05T08:40:33.312+0000][4357.763s][info ][gc,phases   ] GC(122)   Merge Heap Roots: 0.3ms
[2025-12-05T08:40:33.312+0000][4357.763s][info ][gc,phases   ] GC(122)   Evacuate Collection Set: 6.8ms
[2025-12-05T08:40:33.312+0000][4357.763s][info ][gc,phases   ] GC(122)   Post Evacuate Collection Set: 1.7ms
[2025-12-05T08:40:33.312+0000][4357.763s][info ][gc,phases   ] GC(122)   Other: 0.3ms
[2025-12-05T08:40:33.312+0000][4357.763s][info ][gc,heap     ] GC(122) Eden regions: 182->0(182)
[2025-12-05T08:40:33.312+0000][4357.763s][info ][gc,heap     ] GC(122) Survivor regions: 3->3(24)
[2025-12-05T08:40:33.312+0000][4357.763s][info ][gc,heap     ] GC(122) Old regions: 517->517
[2025-12-05T08:40:33.312+0000][4357.763s][info ][gc,heap     ] GC(122) Archive regions: 2->2
[2025-12-05T08:40:33.312+0000][4357.763s][info ][gc,heap     ] GC(122) Humongous regions: 17->17
[2025-12-05T08:40:33.312+0000][4357.763s][info ][gc,metaspace] GC(122) Metaspace: 210858K(212544K)->210858K(212544K) NonClass: 185569K(186432K)->185569K(186432K) Class: 25289K(26112K)->25289K(26112K)
[2025-12-05T08:40:33.312+0000][4357.763s][info ][gc          ] GC(122) Pause Young (Normal) (G1 Evacuation Pause) 718M->536M(805M) 9.682ms
[2025-12-05T08:40:33.312+0000][4357.763s][info ][gc,cpu      ] GC(122) User=0.03s Sys=0.01s Real=0.01s
[2025-12-05T08:40:33.313+0000][4357.764s][info ][safepoint   ] Safepoint "G1CollectForAllocation", Time since last: 15916887681 ns, Reaching safepoint: 176377 ns, Cleanup: 6913 ns, At safepoint: 10584930 ns, Total: 10768220 ns
[2025-12-05T08:40:46.315+0000][4370.766s][debug][safepoint   ] Safepoint synchronization initiated using futex wait barrier. (260 threads)
[2025-12-05T08:40:46.315+0000][4370.766s][info ][safepoint   ] Safepoint "Cleanup", Time since last: 13001838698 ns, Reaching safepoint: 183423 ns, Cleanup: 22373 ns, At safepoint: 5510 ns, Total: 211306 ns
[2025-12-05T08:41:46.423+0000][4430.877s][debug][safepoint   ] Safepoint synchronization initiated using futex wait barrier. (259 threads)
[2025-12-05T08:41:46.423+0000][4430.877s][info ][safepoint   ] Safepoint "Cleanup", Time since last: 60111142857 ns, Reaching safepoint: 173031 ns, Cleanup: 18185 ns, At safepoint: 6352 ns, Total: 197568 ns
[2025-12-05T08:41:47.423+0000][4431.877s][debug][safepoint   ] Safepoint synchronization initiated using futex wait barrier. (259 threads)
[2025-12-05T08:41:47.424+0000][4431.877s][info ][safepoint   ] Safepoint "Cleanup", Time since last: 1000208410 ns, Reaching safepoint: 170357 ns, Cleanup: 17764 ns, At safepoint: 6583 ns, Total: 194704 ns
