[2025-12-06T04:07:24.772+0000][0.053s][info][gc] Using G1
[2025-12-06T04:07:24.780+0000][0.061s][info][gc,init] Version: 17.0.16+8-Debian-1deb12u1 (release)
[2025-12-06T04:07:24.780+0000][0.061s][info][gc,init] CPUs: 16 total, 16 available
[2025-12-06T04:07:24.780+0000][0.061s][info][gc,init] Memory: 7590M
[2025-12-06T04:07:24.780+0000][0.061s][info][gc,init] Large Page Support: Disabled
[2025-12-06T04:07:24.780+0000][0.061s][info][gc,init] NUMA Support: Disabled
[2025-12-06T04:07:24.780+0000][0.061s][info][gc,init] Compressed Oops: Enabled (32-bit)
[2025-12-06T04:07:24.780+0000][0.061s][info][gc,init] Heap Region Size: 1M
[2025-12-06T04:07:24.780+0000][0.061s][info][gc,init] Heap Min Capacity: 8M
[2025-12-06T04:07:24.780+0000][0.061s][info][gc,init] Heap Initial Capacity: 120M
[2025-12-06T04:07:24.780+0000][0.061s][info][gc,init] Heap Max Capacity: 1898M
[2025-12-06T04:07:24.780+0000][0.061s][info][gc,init] Pre-touch: Disabled
[2025-12-06T04:07:24.780+0000][0.061s][info][gc,init] Parallel Workers: 13
[2025-12-06T04:07:24.780+0000][0.061s][info][gc,init] Concurrent Workers: 3
[2025-12-06T04:07:24.780+0000][0.061s][info][gc,init] Concurrent Refinement Workers: 13
[2025-12-06T04:07:24.780+0000][0.061s][info][gc,init] Periodic GC: Disabled
[2025-12-06T04:07:24.825+0000][0.106s][info][gc,metaspace] CDS archive(s) mapped at: [0x000074aa53000000-0x000074aa53bca000-0x000074aa53bca000), size 12361728, SharedBaseAddress: 0x000074aa53000000, ArchiveRelocationMode: 1.
[2025-12-06T04:07:24.825+0000][0.106s][info][gc,metaspace] Compressed class space mapped at: 0x000074aa54000000-0x000074aa94000000, reserved size: 1073741824
[2025-12-06T04:07:24.825+0000][0.106s][info][gc,metaspace] Narrow klass base: 0x000074aa53000000, Narrow klass shift: 0, Narrow klass range: 0x100000000
[2025-12-06T04:07:24.856+0000][0.137s][info][cds,heap    ] initialize_from_archived_subgraph java.lang.Module$ArchivedData 0x000074aa531837f0 (early)
[2025-12-06T04:07:24.857+0000][0.138s][info][cds,heap    ] initialize_from_archived_subgraph java.util.ImmutableCollections 0x000074aa53072308 (early)
[2025-12-06T04:07:24.860+0000][0.141s][info][cds,heap    ] initialize_from_archived_subgraph java.lang.Integer$IntegerCache 0x000074aa53037660 (early)
[2025-12-06T04:07:24.871+0000][0.152s][info][cds,heap    ] initialize_from_archived_subgraph java.lang.module.Configuration 0x000074aa53171770 (early)
[2025-12-06T04:07:24.871+0000][0.152s][info][cds,heap    ] initialize_from_archived_subgraph java.lang.ModuleLayer 0x000074aa53145ba8 (early)
[2025-12-06T04:07:24.872+0000][0.153s][info][cds,heap    ] initialize_from_archived_subgraph jdk.internal.loader.ArchivedClassLoaders 0x000074aa531a7e68 (early)
[2025-12-06T04:07:24.872+0000][0.153s][info][cds,heap    ] initialize_from_archived_subgraph jdk.internal.module.ArchivedBootLayer 0x000074aa531783b0 (early)
[2025-12-06T04:07:24.877+0000][0.158s][info][cds,heap    ] initialize_from_archived_subgraph sun.util.locale.BaseLocale 0x000074aa5326ebf0
[2025-12-06T04:07:24.899+0000][0.180s][info][cds,heap    ] initialize_from_archived_subgraph java.util.jar.Attributes$Name 0x000074aa531998d0
[2025-12-06T04:07:24.948+0000][0.229s][info][cds,heap    ] initialize_from_archived_subgraph java.lang.Long$LongCache 0x000074aa53020f98
[2025-12-06T04:07:25.111+0000][0.392s][info][cds,heap    ] initialize_from_archived_subgraph java.lang.Character$CharacterCache 0x000074aa5303a9e8
[2025-12-06T04:07:25.765+0000][1.046s][debug][safepoint   ] Safepoint synchronization initiated using futex wait barrier. (16 threads)
[2025-12-06T04:07:25.765+0000][1.046s][info ][safepoint   ] Safepoint "ICBufferFull", Time since last: 912921157 ns, Reaching safepoint: 161384 ns, Cleanup: 107750 ns, At safepoint: 40416 ns, Total: 309550 ns
[2025-12-06T04:07:26.280+0000][1.570s][debug][safepoint   ] Safepoint synchronization initiated using futex wait barrier. (21 threads)
[2025-12-06T04:07:26.280+0000][1.571s][info ][gc,start    ] GC(0) Pause Young (Normal) (G1 Evacuation Pause)
[2025-12-06T04:07:26.281+0000][1.571s][info ][gc,task     ] GC(0) Using 2 workers of 13 for evacuation
[2025-12-06T04:07:26.299+0000][1.590s][info ][gc,phases   ] GC(0)   Pre Evacuate Collection Set: 0.1ms
[2025-12-06T04:07:26.299+0000][1.590s][info ][gc,phases   ] GC(0)   Merge Heap Roots: 0.6ms
[2025-12-06T04:07:26.299+0000][1.590s][info ][gc,phases   ] GC(0)   Evacuate Collection Set: 15.0ms
[2025-12-06T04:07:26.299+0000][1.590s][info ][gc,phases   ] GC(0)   Post Evacuate Collection Set: 2.6ms
[2025-12-06T04:07:26.299+0000][1.590s][info ][gc,phases   ] GC(0)   Other: 0.8ms
[2025-12-06T04:07:26.299+0000][1.590s][info ][gc,heap     ] GC(0) Eden regions: 56->0(58)
[2025-12-06T04:07:26.299+0000][1.590s][info ][gc,heap     ] GC(0) Survivor regions: 0->7(7)
[2025-12-06T04:07:26.299+0000][1.590s][info ][gc,heap     ] GC(0) Old regions: 0->2
[2025-12-06T04:07:26.299+0000][1.590s][info ][gc,heap     ] GC(0) Archive regions: 2->2
[2025-12-06T04:07:26.299+0000][1.590s][info ][gc,heap     ] GC(0) Humongous regions: 0->0
[2025-12-06T04:07:26.299+0000][1.590s][info ][gc,metaspace] GC(0) Metaspace: 2699K(2880K)->2699K(2880K) NonClass: 2449K(2560K)->2449K(2560K) Class: 249K(320K)->249K(320K)
[2025-12-06T04:07:26.299+0000][1.590s][info ][gc          ] GC(0) Pause Young (Normal) (G1 Evacuation Pause) 56M->9M(122M) 19.196ms
[2025-12-06T04:07:26.299+0000][1.590s][info ][gc,cpu      ] GC(0) User=0.07s Sys=0.02s Real=0.02s
[2025-12-06T04:07:26.300+0000][1.590s][info ][safepoint   ] Safepoint "G1CollectForAllocation", Time since last: 524263637 ns, Reaching safepoint: 58335 ns, Cleanup: 111117 ns, At safepoint: 19569189 ns, Total: 19738641 ns
[2025-12-06T04:07:26.993+0000][2.283s][debug][safepoint   ] Safepoint synchronization initiated using futex wait barrier. (21 threads)
[2025-12-06T04:07:26.993+0000][2.283s][info ][gc,start    ] GC(1) Pause Young (Normal) (G1 Evacuation Pause)
[2025-12-06T04:07:26.993+0000][2.283s][info ][gc,task     ] GC(1) Using 2 workers of 13 for evacuation
[2025-12-06T04:07:27.013+0000][2.303s][info ][gc,phases   ] GC(1)   Pre Evacuate Collection Set: 0.2ms
[2025-12-06T04:07:27.013+0000][2.304s][info ][gc,phases   ] GC(1)   Merge Heap Roots: 0.2ms
[2025-12-06T04:07:27.013+0000][2.304s][info ][gc,phases   ] GC(1)   Evacuate Collection Set: 15.5ms
[2025-12-06T04:07:27.013+0000][2.304s][info ][gc,phases   ] GC(1)   Post Evacuate Collection Set: 4.0ms
[2025-12-06T04:07:27.013+0000][2.304s][info ][gc,phases   ] GC(1)   Other: 0.1ms
[2025-12-06T04:07:27.013+0000][2.304s][info ][gc,heap     ] GC(1) Eden regions: 58->0(65)
[2025-12-06T04:07:27.013+0000][2.304s][info ][gc,heap     ] GC(1) Survivor regions: 7->3(9)
[2025-12-06T04:07:27.013+0000][2.304s][info ][gc,heap     ] GC(1) Old regions: 2->9
[2025-12-06T04:07:27.013+0000][2.304s][info ][gc,heap     ] GC(1) Archive regions: 2->2
[2025-12-06T04:07:27.013+0000][2.304s][info ][gc,heap     ] GC(1) Humongous regions: 0->0
[2025-12-06T04:07:27.013+0000][2.304s][info ][gc,metaspace] GC(1) Metaspace: 4653K(4928K)->4653K(4928K) NonClass: 4109K(4224K)->4109K(4224K) Class: 544K(704K)->544K(704K)
[2025-12-06T04:07:27.013+0000][2.304s][info ][gc          ] GC(1) Pause Young (Normal) (G1 Evacuation Pause) 67M->11M(122M) 20.124ms
[2025-12-06T04:07:27.013+0000][2.304s][info ][gc,cpu      ] GC(1) User=0.03s Sys=0.01s Real=0.02s
[2025-12-06T04:07:27.013+0000][2.304s][info ][safepoint   ] Safepoint "G1CollectForAllocation", Time since last: 693226486 ns, Reaching safepoint: 43393 ns, Cleanup: 90834 ns, At safepoint: 20291700 ns, Total: 20425927 ns
[2025-12-06T04:07:27.869+0000][3.160s][debug][safepoint   ] Safepoint synchronization initiated using futex wait barrier. (22 threads)
[2025-12-06T04:07:27.870+0000][3.161s][info ][safepoint   ] Safepoint "ICBufferFull", Time since last: 855956061 ns, Reaching safepoint: 70811 ns, Cleanup: 1030648 ns, At safepoint: 76734 ns, Total: 1178193 ns
[2025-12-06T04:07:28.088+0000][3.378s][debug][safepoint   ] Safepoint synchronization initiated using futex wait barrier. (22 threads)
[2025-12-06T04:07:28.088+0000][3.378s][info ][gc,start    ] GC(2) Pause Young (Normal) (G1 Evacuation Pause)
[2025-12-06T04:07:28.088+0000][3.378s][info ][gc,task     ] GC(2) Using 2 workers of 13 for evacuation
[2025-12-06T04:07:28.102+0000][3.393s][info ][gc,phases   ] GC(2)   Pre Evacuate Collection Set: 0.2ms
[2025-12-06T04:07:28.102+0000][3.393s][info ][gc,phases   ] GC(2)   Merge Heap Roots: 0.2ms
[2025-12-06T04:07:28.102+0000][3.393s][info ][gc,phases   ] GC(2)   Evacuate Collection Set: 12.4ms
[2025-12-06T04:07:28.102+0000][3.393s][info ][gc,phases   ] GC(2)   Post Evacuate Collection Set: 1.5ms
[2025-12-06T04:07:28.102+0000][3.393s][info ][gc,phases   ] GC(2)   Other: 0.2ms
[2025-12-06T04:07:28.102+0000][3.393s][info ][gc,heap     ] GC(2) Eden regions: 65->0(67)
[2025-12-06T04:07:28.102+0000][3.393s][info ][gc,heap     ] GC(2) Survivor regions: 3->5(9)
[2025-12-06T04:07:28.102+0000][3.393s][info ][gc,heap     ] GC(2) Old regions: 9->9
[2025-12-06T04:07:28.102+0000][3.393s][info ][gc,heap     ] GC(2) Archive regions: 2->2
[2025-12-06T04:07:28.102+0000][3.393s][info ][gc,heap     ] GC(2) Humongous regions: 0->0
[2025-12-06T04:07:28.102+0000][3.393s][info ][gc,metaspace] GC(2) Metaspace: 7920K(8192K)->7920K(8192K) NonClass: 6910K(7040K)->6910K(7040K) Class: 1009K(1152K)->1009K(1152K)
[2025-12-06T04:07:28.102+0000][3.393s][info ][gc          ] GC(2) Pause Young (Normal) (G1 Evacuation Pause) 76M->13M(122M) 14.623ms
[2025-12-06T04:07:28.102+0000][3.393s][info ][gc,cpu      ] GC(2) User=0.11s Sys=0.01s Real=0.02s
[2025-12-06T04:07:28.103+0000][3.393s][info ][safepoint   ] Safepoint "G1CollectForAllocation", Time since last: 217219217 ns, Reaching safepoint: 69849 ns, Cleanup: 38663 ns, At safepoint: 14775881 ns, Total: 14884393 ns
[2025-12-06T04:07:28.694+0000][3.985s][debug][safepoint   ] Safepoint synchronization initiated using futex wait barrier. (21 threads)
[2025-12-06T04:07:28.694+0000][3.985s][info ][gc,start    ] GC(3) Pause Young (Normal) (G1 Evacuation Pause)
[2025-12-06T04:07:28.694+0000][3.985s][info ][gc,task     ] GC(3) Using 2 workers of 13 for evacuation
[2025-12-06T04:07:28.706+0000][3.997s][info ][gc,phases   ] GC(3)   Pre Evacuate Collection Set: 0.2ms
[2025-12-06T04:07:28.706+0000][3.997s][info ][gc,phases   ] GC(3)   Merge Heap Roots: 0.1ms
[2025-12-06T04:07:28.706+0000][3.997s][info ][gc,phases   ] GC(3)   Evacuate Collection Set: 10.2ms
[2025-12-06T04:07:28.706+0000][3.997s][info ][gc,phases   ] GC(3)   Post Evacuate Collection Set: 1.3ms
[2025-12-06T04:07:28.706+0000][3.997s][info ][gc,phases   ] GC(3)   Other: 0.1ms
[2025-12-06T04:07:28.706+0000][3.997s][info ][gc,heap     ] GC(3) Eden regions: 67->0(67)
[2025-12-06T04:07:28.706+0000][3.997s][info ][gc,heap     ] GC(3) Survivor regions: 5->5(9)
[2025-12-06T04:07:28.706+0000][3.997s][info ][gc,heap     ] GC(3) Old regions: 9->9
[2025-12-06T04:07:28.706+0000][3.997s][info ][gc,heap     ] GC(3) Archive regions: 2->2
[2025-12-06T04:07:28.706+0000][3.997s][info ][gc,heap     ] GC(3) Humongous regions: 0->0
[2025-12-06T04:07:28.706+0000][3.997s][info ][gc,metaspace] GC(3) Metaspace: 11103K(11520K)->11103K(11520K) NonClass: 9642K(9856K)->9642K(9856K) Class: 1461K(1664K)->1461K(1664K)
[2025-12-06T04:07:28.706+0000][3.997s][info ][gc          ] GC(3) Pause Young (Normal) (G1 Evacuation Pause) 80M->14M(122M) 12.086ms
[2025-12-06T04:07:28.706+0000][3.997s][info ][gc,cpu      ] GC(3) User=0.04s Sys=0.01s Real=0.01s
[2025-12-06T04:07:28.706+0000][3.997s][info ][safepoint   ] Safepoint "G1CollectForAllocation", Time since last: 591567082 ns, Reaching safepoint: 46970 ns, Cleanup: 122161 ns, At safepoint: 12198301 ns, Total: 12367432 ns
[2025-12-06T04:07:29.101+0000][4.391s][debug][safepoint   ] Safepoint synchronization initiated using futex wait barrier. (19 threads)
[2025-12-06T04:07:29.101+0000][4.392s][info ][safepoint   ] Safepoint "ICBufferFull", Time since last: 394435176 ns, Reaching safepoint: 56731 ns, Cleanup: 131621 ns, At safepoint: 38763 ns, Total: 227115 ns
[2025-12-06T04:07:29.317+0000][4.607s][debug][safepoint   ] Safepoint synchronization initiated using futex wait barrier. (20 threads)
[2025-12-06T04:07:29.317+0000][4.608s][info ][gc,start    ] GC(4) Pause Young (Normal) (G1 Evacuation Pause)
[2025-12-06T04:07:29.317+0000][4.608s][info ][gc,task     ] GC(4) Using 4 workers of 13 for evacuation
[2025-12-06T04:07:29.329+0000][4.619s][info ][gc,phases   ] GC(4)   Pre Evacuate Collection Set: 0.1ms
[2025-12-06T04:07:29.329+0000][4.619s][info ][gc,phases   ] GC(4)   Merge Heap Roots: 0.1ms
[2025-12-06T04:07:29.329+0000][4.619s][info ][gc,phases   ] GC(4)   Evacuate Collection Set: 8.7ms
[2025-12-06T04:07:29.329+0000][4.619s][info ][gc,phases   ] GC(4)   Post Evacuate Collection Set: 2.2ms
[2025-12-06T04:07:29.329+0000][4.619s][info ][gc,phases   ] GC(4)   Other: 0.4ms
[2025-12-06T04:07:29.329+0000][4.619s][info ][gc,heap     ] GC(4) Eden regions: 67->0(82)
[2025-12-06T04:07:29.329+0000][4.619s][info ][gc,heap     ] GC(4) Survivor regions: 5->6(9)
[2025-12-06T04:07:29.329+0000][4.619s][info ][gc,heap     ] GC(4) Old regions: 9->11
[2025-12-06T04:07:29.329+0000][4.619s][info ][gc,heap     ] GC(4) Archive regions: 2->2
[2025-12-06T04:07:29.329+0000][4.619s][info ][gc,heap     ] GC(4) Humongous regions: 0->0
[2025-12-06T04:07:29.329+0000][4.619s][info ][gc,metaspace] GC(4) Metaspace: 12995K(13312K)->12995K(13312K) NonClass: 11303K(11456K)->11303K(11456K) Class: 1691K(1856K)->1691K(1856K)
[2025-12-06T04:07:29.329+0000][4.619s][info ][gc          ] GC(4) Pause Young (Normal) (G1 Evacuation Pause) 81M->17M(147M) 11.650ms
[2025-12-06T04:07:29.329+0000][4.619s][info ][gc,cpu      ] GC(4) User=0.06s Sys=0.03s Real=0.01s
[2025-12-06T04:07:29.329+0000][4.619s][info ][safepoint   ] Safepoint "G1CollectForAllocation", Time since last: 215598442 ns, Reaching safepoint: 180805 ns, Cleanup: 113222 ns, At safepoint: 11816805 ns, Total: 12110832 ns
[2025-12-06T04:07:29.705+0000][4.995s][debug][safepoint   ] Safepoint synchronization initiated using futex wait barrier. (20 threads)
[2025-12-06T04:07:29.705+0000][4.995s][info ][gc,start    ] GC(5) Pause Young (Normal) (G1 Evacuation Pause)
[2025-12-06T04:07:29.705+0000][4.995s][info ][gc,task     ] GC(5) Using 4 workers of 13 for evacuation
[2025-12-06T04:07:29.710+0000][5.001s][info ][gc,phases   ] GC(5)   Pre Evacuate Collection Set: 0.2ms
[2025-12-06T04:07:29.710+0000][5.001s][info ][gc,phases   ] GC(5)   Merge Heap Roots: 0.2ms
[2025-12-06T04:07:29.710+0000][5.001s][info ][gc,phases   ] GC(5)   Evacuate Collection Set: 4.0ms
[2025-12-06T04:07:29.710+0000][5.001s][info ][gc,phases   ] GC(5)   Post Evacuate Collection Set: 1.1ms
[2025-12-06T04:07:29.711+0000][5.001s][info ][gc,phases   ] GC(5)   Other: 0.1ms
[2025-12-06T04:07:29.711+0000][5.001s][info ][gc,heap     ] GC(5) Eden regions: 82->0(82)
[2025-12-06T04:07:29.711+0000][5.001s][info ][gc,heap     ] GC(5) Survivor regions: 6->6(11)
[2025-12-06T04:07:29.711+0000][5.001s][info ][gc,heap     ] GC(5) Old regions: 11->11
[2025-12-06T04:07:29.711+0000][5.001s][info ][gc,heap     ] GC(5) Archive regions: 2->2
[2025-12-06T04:07:29.711+0000][5.001s][info ][gc,heap     ] GC(5) Humongous regions: 0->0
[2025-12-06T04:07:29.711+0000][5.001s][info ][gc,metaspace] GC(5) Metaspace: 15885K(16256K)->15885K(16256K) NonClass: 13782K(13952K)->13782K(13952K) Class: 2102K(2304K)->2102K(2304K)
[2025-12-06T04:07:29.711+0000][5.001s][info ][gc          ] GC(5) Pause Young (Normal) (G1 Evacuation Pause) 99M->17M(147M) 5.686ms
[2025-12-06T04:07:29.711+0000][5.001s][info ][gc,cpu      ] GC(5) User=0.02s Sys=0.00s Real=0.01s
[2025-12-06T04:07:29.711+0000][5.001s][info ][safepoint   ] Safepoint "G1CollectForAllocation", Time since last: 375888189 ns, Reaching safepoint: 41949 ns, Cleanup: 75932 ns, At safepoint: 5768792 ns, Total: 5886673 ns
[2025-12-06T04:07:29.760+0000][5.050s][info ][cds,heap    ] initialize_from_archived_subgraph java.lang.Byte$ByteCache 0x000074aa5303abf8
[2025-12-06T04:07:29.760+0000][5.050s][info ][cds,heap    ] initialize_from_archived_subgraph java.lang.Short$ShortCache 0x000074aa530412e8
[2025-12-06T04:07:29.961+0000][5.251s][debug][safepoint   ] Safepoint synchronization initiated using futex wait barrier. (22 threads)
[2025-12-06T04:07:29.961+0000][5.251s][debug][safepoint   ] ... found polling page loop exception at pc = 0x000074aabd142b29, stub =0x000074aabca04400
[2025-12-06T04:07:29.961+0000][5.251s][info ][gc,start    ] GC(6) Pause Young (Normal) (G1 Evacuation Pause)
[2025-12-06T04:07:29.961+0000][5.251s][info ][gc,task     ] GC(6) Using 4 workers of 13 for evacuation
[2025-12-06T04:07:29.969+0000][5.260s][info ][gc,phases   ] GC(6)   Pre Evacuate Collection Set: 0.2ms
[2025-12-06T04:07:29.969+0000][5.260s][info ][gc,phases   ] GC(6)   Merge Heap Roots: 0.1ms
[2025-12-06T04:07:29.969+0000][5.260s][info ][gc,phases   ] GC(6)   Evacuate Collection Set: 6.7ms
[2025-12-06T04:07:29.969+0000][5.260s][info ][gc,phases   ] GC(6)   Post Evacuate Collection Set: 1.3ms
[2025-12-06T04:07:29.969+0000][5.260s][info ][gc,phases   ] GC(6)   Other: 0.2ms
[2025-12-06T04:07:29.969+0000][5.260s][info ][gc,heap     ] GC(6) Eden regions: 82->0(80)
[2025-12-06T04:07:29.969+0000][5.260s][info ][gc,heap     ] GC(6) Survivor regions: 6->8(11)
[2025-12-06T04:07:29.969+0000][5.260s][info ][gc,heap     ] GC(6) Old regions: 11->13
[2025-12-06T04:07:29.969+0000][5.260s][info ][gc,heap     ] GC(6) Archive regions: 2->2
[2025-12-06T04:07:29.969+0000][5.260s][info ][gc,heap     ] GC(6) Humongous regions: 0->0
[2025-12-06T04:07:29.969+0000][5.260s][info ][gc,metaspace] GC(6) Metaspace: 17761K(18112K)->17761K(18112K) NonClass: 15344K(15552K)->15344K(15552K) Class: 2417K(2560K)->2417K(2560K)
[2025-12-06T04:07:29.969+0000][5.260s][info ][gc          ] GC(6) Pause Young (Normal) (G1 Evacuation Pause) 99M->20M(147M) 8.584ms
[2025-12-06T04:07:29.969+0000][5.260s][info ][gc,cpu      ] GC(6) User=0.06s Sys=0.00s Real=0.00s
[2025-12-06T04:07:29.970+0000][5.260s][info ][safepoint   ] Safepoint "G1CollectForAllocation", Time since last: 249880865 ns, Reaching safepoint: 189309 ns, Cleanup: 83910 ns, At safepoint: 8880541 ns, Total: 9153760 ns
[2025-12-06T04:07:30.242+0000][5.533s][debug][safepoint   ] Safepoint synchronization initiated using futex wait barrier. (22 threads)
[2025-12-06T04:07:30.243+0000][5.533s][info ][gc,start    ] GC(7) Pause Young (Concurrent Start) (Metadata GC Threshold)
[2025-12-06T04:07:30.243+0000][5.533s][info ][gc,task     ] GC(7) Using 4 workers of 13 for evacuation
[2025-12-06T04:07:30.252+0000][5.543s][info ][gc,phases   ] GC(7)   Pre Evacuate Collection Set: 0.2ms
[2025-12-06T04:07:30.253+0000][5.543s][info ][gc,phases   ] GC(7)   Merge Heap Roots: 0.1ms
[2025-12-06T04:07:30.253+0000][5.543s][info ][gc,phases   ] GC(7)   Evacuate Collection Set: 7.7ms
[2025-12-06T04:07:30.253+0000][5.543s][info ][gc,phases   ] GC(7)   Post Evacuate Collection Set: 1.1ms
[2025-12-06T04:07:30.253+0000][5.543s][info ][gc,phases   ] GC(7)   Other: 0.5ms
[2025-12-06T04:07:30.253+0000][5.543s][info ][gc,heap     ] GC(7) Eden regions: 64->0(81)
[2025-12-06T04:07:30.253+0000][5.543s][info ][gc,heap     ] GC(7) Survivor regions: 8->7(11)
[2025-12-06T04:07:30.253+0000][5.543s][info ][gc,heap     ] GC(7) Old regions: 13->16
[2025-12-06T04:07:30.253+0000][5.543s][info ][gc,heap     ] GC(7) Archive regions: 2->2
[2025-12-06T04:07:30.253+0000][5.543s][info ][gc,heap     ] GC(7) Humongous regions: 0->0
[2025-12-06T04:07:30.253+0000][5.543s][info ][gc,metaspace] GC(7) Metaspace: 21213K(21504K)->21213K(21504K) NonClass: 18453K(18624K)->18453K(18624K) Class: 2760K(2880K)->2760K(2880K)
[2025-12-06T04:07:30.253+0000][5.543s][info ][gc          ] GC(7) Pause Young (Concurrent Start) (Metadata GC Threshold) 84M->22M(147M) 9.856ms
[2025-12-06T04:07:30.253+0000][5.543s][info ][gc,cpu      ] GC(7) User=0.04s Sys=0.02s Real=0.01s
[2025-12-06T04:07:30.253+0000][5.543s][info ][gc          ] GC(8) Concurrent Mark Cycle
[2025-12-06T04:07:30.253+0000][5.543s][info ][gc,marking  ] GC(8) Concurrent Clear Claimed Marks
[2025-12-06T04:07:30.253+0000][5.543s][info ][gc,marking  ] GC(8) Concurrent Clear Claimed Marks 0.070ms
[2025-12-06T04:07:30.253+0000][5.543s][info ][gc,marking  ] GC(8) Concurrent Scan Root Regions
[2025-12-06T04:07:30.253+0000][5.543s][info ][safepoint   ] Safepoint "CollectForMetadataAllocation", Time since last: 272661452 ns, Reaching safepoint: 280713 ns, Cleanup: 117915 ns, At safepoint: 10295512 ns, Total: 10694140 ns
[2025-12-06T04:07:30.257+0000][5.548s][info ][gc,marking  ] GC(8) Concurrent Scan Root Regions 4.427ms
[2025-12-06T04:07:30.257+0000][5.548s][info ][gc,marking  ] GC(8) Concurrent Mark
[2025-12-06T04:07:30.258+0000][5.548s][info ][gc,marking  ] GC(8) Concurrent Mark From Roots
[2025-12-06T04:07:30.258+0000][5.548s][info ][gc,task     ] GC(8) Using 3 workers of 3 for marking
[2025-12-06T04:07:30.265+0000][5.555s][info ][gc,marking  ] GC(8) Concurrent Mark From Roots 7.453ms
[2025-12-06T04:07:30.265+0000][5.555s][info ][gc,marking  ] GC(8) Concurrent Preclean
[2025-12-06T04:07:30.265+0000][5.556s][info ][gc,marking  ] GC(8) Concurrent Preclean 0.430ms
[2025-12-06T04:07:30.266+0000][5.556s][debug][safepoint   ] Safepoint synchronization initiated using futex wait barrier. (22 threads)
[2025-12-06T04:07:30.266+0000][5.556s][debug][safepoint   ] ... found polling page loop exception at pc = 0x000074aabd135879, stub =0x000074aabca04400
[2025-12-06T04:07:30.266+0000][5.556s][info ][gc,start    ] GC(8) Pause Remark
[2025-12-06T04:07:30.270+0000][5.560s][info ][gc          ] GC(8) Pause Remark 24M->24M(90M) 4.248ms
[2025-12-06T04:07:30.270+0000][5.561s][info ][gc,cpu      ] GC(8) User=0.03s Sys=0.00s Real=0.00s
[2025-12-06T04:07:30.270+0000][5.561s][info ][safepoint   ] Safepoint "G1PauseRemark", Time since last: 12565361 ns, Reaching safepoint: 135536 ns, Cleanup: 26708 ns, At safepoint: 4559414 ns, Total: 4721658 ns
[2025-12-06T04:07:30.270+0000][5.561s][info ][gc,marking  ] GC(8) Concurrent Mark 13.057ms
[2025-12-06T04:07:30.270+0000][5.561s][info ][gc,marking  ] GC(8) Concurrent Rebuild Remembered Sets
[2025-12-06T04:07:30.271+0000][5.561s][debug][safepoint   ] ... found polling page loop exception at pc = 0x000074aabd3f3849, stub =0x000074aabca04400
[2025-12-06T04:07:30.276+0000][5.566s][info ][gc,marking  ] GC(8) Concurrent Rebuild Remembered Sets 5.116ms
[2025-12-06T04:07:30.287+0000][5.577s][debug][safepoint   ] Safepoint synchronization initiated using futex wait barrier. (22 threads)
[2025-12-06T04:07:30.287+0000][5.577s][info ][gc,start    ] GC(8) Pause Cleanup
[2025-12-06T04:07:30.287+0000][5.577s][info ][gc          ] GC(8) Pause Cleanup 24M->24M(90M) 0.187ms
[2025-12-06T04:07:30.287+0000][5.577s][info ][gc,cpu      ] GC(8) User=0.00s Sys=0.00s Real=0.00s
[2025-12-06T04:07:30.287+0000][5.578s][info ][safepoint   ] Safepoint "G1PauseCleanup", Time since last: 5401127 ns, Reaching safepoint: 11044365 ns, Cleanup: 6635 ns, At safepoint: 448197 ns, Total: 11499197 ns
[2025-12-06T04:07:30.287+0000][5.578s][info ][gc,marking  ] GC(8) Concurrent Cleanup for Next Mark
[2025-12-06T04:07:30.289+0000][5.579s][info ][gc,marking  ] GC(8) Concurrent Cleanup for Next Mark 1.680ms
[2025-12-06T04:07:30.289+0000][5.579s][info ][gc          ] GC(8) Concurrent Mark Cycle 36.331ms
[2025-12-06T04:07:30.540+0000][5.831s][debug][safepoint   ] Safepoint synchronization initiated using futex wait barrier. (22 threads)
[2025-12-06T04:07:30.541+0000][5.831s][info ][gc,start    ] GC(9) Pause Young (Normal) (G1 Preventive Collection)
[2025-12-06T04:07:30.541+0000][5.831s][info ][gc,task     ] GC(9) Using 4 workers of 13 for evacuation
[2025-12-06T04:07:30.548+0000][5.839s][info ][gc,phases   ] GC(9)   Pre Evacuate Collection Set: 0.1ms
[2025-12-06T04:07:30.548+0000][5.839s][info ][gc,phases   ] GC(9)   Merge Heap Roots: 0.1ms
[2025-12-06T04:07:30.548+0000][5.839s][info ][gc,phases   ] GC(9)   Evacuate Collection Set: 5.9ms
[2025-12-06T04:07:30.548+0000][5.839s][info ][gc,phases   ] GC(9)   Post Evacuate Collection Set: 1.3ms
[2025-12-06T04:07:30.548+0000][5.839s][info ][gc,phases   ] GC(9)   Other: 0.1ms
[2025-12-06T04:07:30.548+0000][5.839s][info ][gc,heap     ] GC(9) Eden regions: 54->0(46)
[2025-12-06T04:07:30.548+0000][5.839s][info ][gc,heap     ] GC(9) Survivor regions: 7->8(11)
[2025-12-06T04:07:30.548+0000][5.839s][info ][gc,heap     ] GC(9) Old regions: 16->17
[2025-12-06T04:07:30.548+0000][5.839s][info ][gc,heap     ] GC(9) Archive regions: 2->2
[2025-12-06T04:07:30.548+0000][5.839s][info ][gc,heap     ] GC(9) Humongous regions: 0->0
[2025-12-06T04:07:30.548+0000][5.839s][info ][gc,metaspace] GC(9) Metaspace: 23821K(24128K)->23821K(24128K) NonClass: 20707K(20864K)->20707K(20864K) Class: 3114K(3264K)->3114K(3264K)
[2025-12-06T04:07:30.548+0000][5.839s][info ][gc          ] GC(9) Pause Young (Normal) (G1 Preventive Collection) 76M->24M(90M) 7.711ms
[2025-12-06T04:07:30.548+0000][5.839s][info ][gc,cpu      ] GC(9) User=0.02s Sys=0.01s Real=0.00s
[2025-12-06T04:07:30.548+0000][5.839s][info ][safepoint   ] Safepoint "G1CollectForAllocation", Time since last: 253063441 ns, Reaching safepoint: 163539 ns, Cleanup: 88419 ns, At safepoint: 7794914 ns, Total: 8046872 ns
[2025-12-06T04:07:30.672+0000][5.962s][debug][safepoint   ] ... found polling page loop exception at pc = 0x000074aabd283dea, stub =0x000074aabca04400
[2025-12-06T04:07:30.764+0000][6.054s][debug][safepoint   ] Safepoint synchronization initiated using futex wait barrier. (21 threads)
[2025-12-06T04:07:30.764+0000][6.054s][info ][gc,start    ] GC(10) Pause Young (Normal) (G1 Evacuation Pause)
[2025-12-06T04:07:30.764+0000][6.054s][info ][gc,task     ] GC(10) Using 3 workers of 13 for evacuation
[2025-12-06T04:07:30.773+0000][6.063s][info ][gc,phases   ] GC(10)   Pre Evacuate Collection Set: 0.1ms
[2025-12-06T04:07:30.773+0000][6.063s][info ][gc,phases   ] GC(10)   Merge Heap Roots: 0.1ms
[2025-12-06T04:07:30.773+0000][6.063s][info ][gc,phases   ] GC(10)   Evacuate Collection Set: 6.8ms
[2025-12-06T04:07:30.773+0000][6.064s][info ][gc,phases   ] GC(10)   Post Evacuate Collection Set: 2.0ms
[2025-12-06T04:07:30.773+0000][6.064s][info ][gc,phases   ] GC(10)   Other: 0.1ms
[2025-12-06T04:07:30.773+0000][6.064s][info ][gc,heap     ] GC(10) Eden regions: 46->0(56)
[2025-12-06T04:07:30.773+0000][6.064s][info ][gc,heap     ] GC(10) Survivor regions: 8->6(7)
[2025-12-06T04:07:30.773+0000][6.064s][info ][gc,heap     ] GC(10) Old regions: 17->23
[2025-12-06T04:07:30.773+0000][6.064s][info ][gc,heap     ] GC(10) Archive regions: 2->2
[2025-12-06T04:07:30.773+0000][6.064s][info ][gc,heap     ] GC(10) Humongous regions: 0->0
[2025-12-06T04:07:30.773+0000][6.064s][info ][gc,metaspace] GC(10) Metaspace: 25188K(25472K)->25188K(25472K) NonClass: 21914K(22080K)->21914K(22080K) Class: 3273K(3392K)->3273K(3392K)
[2025-12-06T04:07:30.773+0000][6.064s][info ][gc          ] GC(10) Pause Young (Normal) (G1 Evacuation Pause) 70M->28M(108M) 9.352ms
[2025-12-06T04:07:30.773+0000][6.064s][info ][gc,cpu      ] GC(10) User=0.03s Sys=0.00s Real=0.01s
[2025-12-06T04:07:30.773+0000][6.064s][info ][safepoint   ] Safepoint "G1CollectForAllocation", Time since last: 215330821 ns, Reaching safepoint: 53218 ns, Cleanup: 92829 ns, At safepoint: 9639196 ns, Total: 9785243 ns
[2025-12-06T04:07:31.124+0000][6.415s][debug][safepoint   ] Safepoint synchronization initiated using futex wait barrier. (21 threads)
[2025-12-06T04:07:31.125+0000][6.415s][info ][gc,start    ] GC(11) Pause Young (Normal) (G1 Evacuation Pause)
[2025-12-06T04:07:31.125+0000][6.415s][info ][gc,task     ] GC(11) Using 2 workers of 13 for evacuation
[2025-12-06T04:07:31.138+0000][6.428s][info ][gc,phases   ] GC(11)   Pre Evacuate Collection Set: 0.2ms
[2025-12-06T04:07:31.138+0000][6.428s][info ][gc,phases   ] GC(11)   Merge Heap Roots: 0.2ms
[2025-12-06T04:07:31.138+0000][6.428s][info ][gc,phases   ] GC(11)   Evacuate Collection Set: 11.0ms
[2025-12-06T04:07:31.138+0000][6.428s][info ][gc,phases   ] GC(11)   Post Evacuate Collection Set: 1.5ms
[2025-12-06T04:07:31.138+0000][6.428s][info ][gc,phases   ] GC(11)   Other: 0.1ms
[2025-12-06T04:07:31.138+0000][6.428s][info ][gc,heap     ] GC(11) Eden regions: 56->0(51)
[2025-12-06T04:07:31.138+0000][6.428s][info ][gc,heap     ] GC(11) Survivor regions: 6->8(8)
[2025-12-06T04:07:31.138+0000][6.428s][info ][gc,heap     ] GC(11) Old regions: 23->25
[2025-12-06T04:07:31.138+0000][6.428s][info ][gc,heap     ] GC(11) Archive regions: 2->2
[2025-12-06T04:07:31.138+0000][6.428s][info ][gc,heap     ] GC(11) Humongous regions: 0->0
[2025-12-06T04:07:31.138+0000][6.428s][info ][gc,metaspace] GC(11) Metaspace: 25282K(25664K)->25282K(25664K) NonClass: 21994K(22208K)->21994K(22208K) Class: 3287K(3456K)->3287K(3456K)
[2025-12-06T04:07:31.138+0000][6.428s][info ][gc          ] GC(11) Pause Young (Normal) (G1 Evacuation Pause) 84M->33M(108M) 13.200ms
[2025-12-06T04:07:31.138+0000][6.428s][info ][gc,cpu      ] GC(11) User=0.04s Sys=0.00s Real=0.01s
[2025-12-06T04:07:31.138+0000][6.428s][info ][safepoint   ] Safepoint "G1CollectForAllocation", Time since last: 351049226 ns, Reaching safepoint: 48181 ns, Cleanup: 60985 ns, At safepoint: 13259352 ns, Total: 13368518 ns
[2025-12-06T04:07:31.244+0000][6.535s][debug][safepoint   ] Safepoint synchronization initiated using futex wait barrier. (21 threads)
[2025-12-06T04:07:31.245+0000][6.535s][info ][gc,start    ] GC(12) Pause Young (Normal) (G1 Evacuation Pause)
[2025-12-06T04:07:31.245+0000][6.535s][info ][gc,task     ] GC(12) Using 2 workers of 13 for evacuation
[2025-12-06T04:07:31.262+0000][6.552s][info ][gc,phases   ] GC(12)   Pre Evacuate Collection Set: 0.2ms
[2025-12-06T04:07:31.262+0000][6.552s][info ][gc,phases   ] GC(12)   Merge Heap Roots: 0.2ms
[2025-12-06T04:07:31.262+0000][6.552s][info ][gc,phases   ] GC(12)   Evacuate Collection Set: 14.7ms
[2025-12-06T04:07:31.262+0000][6.552s][info ][gc,phases   ] GC(12)   Post Evacuate Collection Set: 1.9ms
[2025-12-06T04:07:31.262+0000][6.552s][info ][gc,phases   ] GC(12)   Other: 0.1ms
[2025-12-06T04:07:31.262+0000][6.552s][info ][gc,heap     ] GC(12) Eden regions: 51->0(43)
[2025-12-06T04:07:31.262+0000][6.552s][info ][gc,heap     ] GC(12) Survivor regions: 8->7(8)
[2025-12-06T04:07:31.262+0000][6.552s][info ][gc,heap     ] GC(12) Old regions: 25->33
[2025-12-06T04:07:31.262+0000][6.552s][info ][gc,heap     ] GC(12) Archive regions: 2->2
[2025-12-06T04:07:31.262+0000][6.552s][info ][gc,heap     ] GC(12) Humongous regions: 0->0
[2025-12-06T04:07:31.262+0000][6.552s][info ][gc,metaspace] GC(12) Metaspace: 25282K(25664K)->25282K(25664K) NonClass: 21994K(22208K)->21994K(22208K) Class: 3287K(3456K)->3287K(3456K)
[2025-12-06T04:07:31.262+0000][6.552s][info ][gc          ] GC(12) Pause Young (Normal) (G1 Evacuation Pause) 84M->40M(108M) 17.294ms
[2025-12-06T04:07:31.262+0000][6.552s][info ][gc,cpu      ] GC(12) User=0.04s Sys=0.00s Real=0.02s
[2025-12-06T04:07:31.262+0000][6.552s][info ][safepoint   ] Safepoint "G1CollectForAllocation", Time since last: 106516723 ns, Reaching safepoint: 87564 ns, Cleanup: 98776 ns, At safepoint: 17446663 ns, Total: 17633003 ns
[2025-12-06T04:07:31.478+0000][6.768s][debug][safepoint   ] Safepoint synchronization initiated using futex wait barrier. (18 threads)
[2025-12-06T04:07:31.478+0000][6.768s][info ][gc,start    ] GC(13) Pause Young (Normal) (G1 Evacuation Pause)
[2025-12-06T04:07:31.478+0000][6.768s][info ][gc,task     ] GC(13) Using 2 workers of 13 for evacuation
[2025-12-06T04:07:31.491+0000][6.781s][info ][gc,phases   ] GC(13)   Pre Evacuate Collection Set: 0.4ms
[2025-12-06T04:07:31.491+0000][6.781s][info ][gc,phases   ] GC(13)   Merge Heap Roots: 0.3ms
[2025-12-06T04:07:31.491+0000][6.781s][info ][gc,phases   ] GC(13)   Evacuate Collection Set: 10.4ms
[2025-12-06T04:07:31.491+0000][6.781s][info ][gc,phases   ] GC(13)   Post Evacuate Collection Set: 1.7ms
[2025-12-06T04:07:31.491+0000][6.781s][info ][gc,phases   ] GC(13)   Other: 0.1ms
[2025-12-06T04:07:31.491+0000][6.781s][info ][gc,heap     ] GC(13) Eden regions: 43->0(39)
[2025-12-06T04:07:31.491+0000][6.781s][info ][gc,heap     ] GC(13) Survivor regions: 7->5(7)
[2025-12-06T04:07:31.491+0000][6.781s][info ][gc,heap     ] GC(13) Old regions: 33->40
[2025-12-06T04:07:31.491+0000][6.781s][info ][gc,heap     ] GC(13) Archive regions: 2->2
[2025-12-06T04:07:31.491+0000][6.781s][info ][gc,heap     ] GC(13) Humongous regions: 0->0
[2025-12-06T04:07:31.491+0000][6.781s][info ][gc,metaspace] GC(13) Metaspace: 25432K(25792K)->25432K(25792K) NonClass: 22134K(22336K)->22134K(22336K) Class: 3297K(3456K)->3297K(3456K)
[2025-12-06T04:07:31.491+0000][6.781s][info ][gc          ] GC(13) Pause Young (Normal) (G1 Evacuation Pause) 83M->44M(108M) 13.087ms
[2025-12-06T04:07:31.491+0000][6.781s][info ][gc,cpu      ] GC(13) User=0.02s Sys=0.00s Real=0.02s
[2025-12-06T04:07:31.491+0000][6.781s][info ][safepoint   ] Safepoint "G1CollectForAllocation", Time since last: 215669711 ns, Reaching safepoint: 61476 ns, Cleanup: 79690 ns, At safepoint: 13167681 ns, Total: 13308847 ns
[2025-12-06T04:07:31.654+0000][6.944s][debug][safepoint   ] Safepoint synchronization initiated using futex wait barrier. (18 threads)
[2025-12-06T04:07:31.654+0000][6.945s][info ][gc,start    ] GC(14) Pause Young (Normal) (G1 Evacuation Pause)
[2025-12-06T04:07:31.654+0000][6.945s][info ][gc,task     ] GC(14) Using 2 workers of 13 for evacuation
[2025-12-06T04:07:31.667+0000][6.957s][info ][gc,phases   ] GC(14)   Pre Evacuate Collection Set: 0.2ms
[2025-12-06T04:07:31.667+0000][6.957s][info ][gc,phases   ] GC(14)   Merge Heap Roots: 0.1ms
[2025-12-06T04:07:31.667+0000][6.957s][info ][gc,phases   ] GC(14)   Evacuate Collection Set: 9.2ms
[2025-12-06T04:07:31.667+0000][6.958s][info ][gc,phases   ] GC(14)   Post Evacuate Collection Set: 3.2ms
[2025-12-06T04:07:31.667+0000][6.958s][info ][gc,phases   ] GC(14)   Other: 0.1ms
[2025-12-06T04:07:31.667+0000][6.958s][info ][gc,heap     ] GC(14) Eden regions: 39->0(98)
[2025-12-06T04:07:31.667+0000][6.958s][info ][gc,heap     ] GC(14) Survivor regions: 5->4(6)
[2025-12-06T04:07:31.667+0000][6.958s][info ][gc,heap     ] GC(14) Old regions: 40->44
[2025-12-06T04:07:31.667+0000][6.958s][info ][gc,heap     ] GC(14) Archive regions: 2->2
[2025-12-06T04:07:31.667+0000][6.958s][info ][gc,heap     ] GC(14) Humongous regions: 0->0
[2025-12-06T04:07:31.667+0000][6.958s][info ][gc,metaspace] GC(14) Metaspace: 25608K(25920K)->25608K(25920K) NonClass: 22275K(22464K)->22275K(22464K) Class: 3332K(3456K)->3332K(3456K)
[2025-12-06T04:07:31.667+0000][6.958s][info ][gc          ] GC(14) Pause Young (Normal) (G1 Evacuation Pause) 83M->48M(189M) 13.005ms
[2025-12-06T04:07:31.667+0000][6.958s][info ][gc,cpu      ] GC(14) User=0.04s Sys=0.01s Real=0.01s
[2025-12-06T04:07:31.667+0000][6.958s][info ][safepoint   ] Safepoint "G1CollectForAllocation", Time since last: 163000862 ns, Reaching safepoint: 79609 ns, Cleanup: 66225 ns, At safepoint: 13104307 ns, Total: 13250141 ns
[2025-12-06T04:07:32.428+0000][7.718s][debug][safepoint   ] Safepoint synchronization initiated using futex wait barrier. (18 threads)
[2025-12-06T04:07:32.428+0000][7.719s][info ][safepoint   ] Safepoint "ICBufferFull", Time since last: 760689723 ns, Reaching safepoint: 180590 ns, Cleanup: 182123 ns, At safepoint: 55424 ns, Total: 418137 ns
[2025-12-06T04:07:32.584+0000][7.874s][debug][safepoint   ] Safepoint synchronization initiated using futex wait barrier. (19 threads)
[2025-12-06T04:07:32.584+0000][7.874s][info ][gc,start    ] GC(15) Pause Young (Normal) (G1 Evacuation Pause)
[2025-12-06T04:07:32.584+0000][7.874s][info ][gc,task     ] GC(15) Using 4 workers of 13 for evacuation
[2025-12-06T04:07:32.592+0000][7.882s][info ][gc,phases   ] GC(15)   Pre Evacuate Collection Set: 0.3ms
[2025-12-06T04:07:32.592+0000][7.882s][info ][gc,phases   ] GC(15)   Merge Heap Roots: 0.2ms
[2025-12-06T04:07:32.592+0000][7.883s][info ][gc,phases   ] GC(15)   Evacuate Collection Set: 6.3ms
[2025-12-06T04:07:32.592+0000][7.883s][info ][gc,phases   ] GC(15)   Post Evacuate Collection Set: 1.4ms
[2025-12-06T04:07:32.592+0000][7.883s][info ][gc,phases   ] GC(15)   Other: 0.2ms
[2025-12-06T04:07:32.592+0000][7.883s][info ][gc,heap     ] GC(15) Eden regions: 98->0(91)
[2025-12-06T04:07:32.592+0000][7.883s][info ][gc,heap     ] GC(15) Survivor regions: 4->10(13)
[2025-12-06T04:07:32.592+0000][7.883s][info ][gc,heap     ] GC(15) Old regions: 44->44
[2025-12-06T04:07:32.592+0000][7.883s][info ][gc,heap     ] GC(15) Archive regions: 2->2
[2025-12-06T04:07:32.592+0000][7.883s][info ][gc,heap     ] GC(15) Humongous regions: 0->0
[2025-12-06T04:07:32.592+0000][7.883s][info ][gc,metaspace] GC(15) Metaspace: 26031K(26368K)->26031K(26368K) NonClass: 22660K(22848K)->22660K(22848K) Class: 3370K(3520K)->3370K(3520K)
[2025-12-06T04:07:32.592+0000][7.883s][info ][gc          ] GC(15) Pause Young (Normal) (G1 Evacuation Pause) 146M->53M(189M) 8.335ms
[2025-12-06T04:07:32.592+0000][7.883s][info ][gc,cpu      ] GC(15) User=0.04s Sys=0.00s Real=0.01s
[2025-12-06T04:07:32.592+0000][7.883s][info ][safepoint   ] Safepoint "G1CollectForAllocation", Time since last: 155196237 ns, Reaching safepoint: 196520 ns, Cleanup: 36358 ns, At safepoint: 8526161 ns, Total: 8759039 ns
[2025-12-06T04:07:33.039+0000][8.330s][debug][safepoint   ] Safepoint synchronization initiated using futex wait barrier. (20 threads)
[2025-12-06T04:07:33.039+0000][8.330s][info ][gc,start    ] GC(16) Pause Young (Normal) (G1 Evacuation Pause)
[2025-12-06T04:07:33.039+0000][8.330s][info ][gc,task     ] GC(16) Using 4 workers of 13 for evacuation
[2025-12-06T04:07:33.048+0000][8.339s][info ][gc,phases   ] GC(16)   Pre Evacuate Collection Set: 0.2ms
[2025-12-06T04:07:33.049+0000][8.339s][info ][gc,phases   ] GC(16)   Merge Heap Roots: 0.2ms
[2025-12-06T04:07:33.049+0000][8.339s][info ][gc,phases   ] GC(16)   Evacuate Collection Set: 6.9ms
[2025-12-06T04:07:33.049+0000][8.339s][info ][gc,phases   ] GC(16)   Post Evacuate Collection Set: 1.7ms
[2025-12-06T04:07:33.049+0000][8.339s][info ][gc,phases   ] GC(16)   Other: 0.2ms
[2025-12-06T04:07:33.049+0000][8.339s][info ][gc,heap     ] GC(16) Eden regions: 91->0(90)
[2025-12-06T04:07:33.049+0000][8.339s][info ][gc,heap     ] GC(16) Survivor regions: 10->11(13)
[2025-12-06T04:07:33.049+0000][8.339s][info ][gc,heap     ] GC(16) Old regions: 44->48
[2025-12-06T04:07:33.049+0000][8.339s][info ][gc,heap     ] GC(16) Archive regions: 2->2
[2025-12-06T04:07:33.049+0000][8.339s][info ][gc,heap     ] GC(16) Humongous regions: 0->0
[2025-12-06T04:07:33.049+0000][8.339s][info ][gc,metaspace] GC(16) Metaspace: 26180K(26496K)->26180K(26496K) NonClass: 22791K(22976K)->22791K(22976K) Class: 3389K(3520K)->3389K(3520K)
[2025-12-06T04:07:33.049+0000][8.339s][info ][gc          ] GC(16) Pause Young (Normal) (G1 Evacuation Pause) 144M->58M(189M) 9.198ms
[2025-12-06T04:07:33.049+0000][8.339s][info ][gc,cpu      ] GC(16) User=0.06s Sys=0.00s Real=0.00s
[2025-12-06T04:07:33.049+0000][8.339s][info ][safepoint   ] Safepoint "G1CollectForAllocation", Time since last: 446853676 ns, Reaching safepoint: 57859 ns, Cleanup: 155092 ns, At safepoint: 9326181 ns, Total: 9539132 ns
[2025-12-06T04:07:33.439+0000][8.730s][debug][safepoint   ] Safepoint synchronization initiated using futex wait barrier. (17 threads)
[2025-12-06T04:07:33.439+0000][8.730s][info ][gc,start    ] GC(17) Pause Young (Normal) (G1 Evacuation Pause)
[2025-12-06T04:07:33.439+0000][8.730s][info ][gc,task     ] GC(17) Using 4 workers of 13 for evacuation
[2025-12-06T04:07:33.447+0000][8.737s][info ][gc,phases   ] GC(17)   Pre Evacuate Collection Set: 0.2ms
[2025-12-06T04:07:33.447+0000][8.737s][info ][gc,phases   ] GC(17)   Merge Heap Roots: 0.1ms
[2025-12-06T04:07:33.447+0000][8.737s][info ][gc,phases   ] GC(17)   Evacuate Collection Set: 5.6ms
[2025-12-06T04:07:33.447+0000][8.737s][info ][gc,phases   ] GC(17)   Post Evacuate Collection Set: 1.3ms
[2025-12-06T04:07:33.447+0000][8.737s][info ][gc,phases   ] GC(17)   Other: 0.1ms
[2025-12-06T04:07:33.447+0000][8.737s][info ][gc,heap     ] GC(17) Eden regions: 90->0(91)
[2025-12-06T04:07:33.447+0000][8.737s][info ][gc,heap     ] GC(17) Survivor regions: 11->7(13)
[2025-12-06T04:07:33.447+0000][8.737s][info ][gc,heap     ] GC(17) Old regions: 48->54
[2025-12-06T04:07:33.447+0000][8.737s][info ][gc,heap     ] GC(17) Archive regions: 2->2
[2025-12-06T04:07:33.447+0000][8.737s][info ][gc,heap     ] GC(17) Humongous regions: 0->0
[2025-12-06T04:07:33.447+0000][8.737s][info ][gc,metaspace] GC(17) Metaspace: 27206K(27520K)->27206K(27520K) NonClass: 23748K(23936K)->23748K(23936K) Class: 3458K(3584K)->3458K(3584K)
[2025-12-06T04:07:33.447+0000][8.737s][info ][gc          ] GC(17) Pause Young (Normal) (G1 Evacuation Pause) 148M->60M(189M) 7.510ms
[2025-12-06T04:07:33.447+0000][8.737s][info ][gc,cpu      ] GC(17) User=0.02s Sys=0.00s Real=0.00s
[2025-12-06T04:07:33.447+0000][8.738s][info ][safepoint   ] Safepoint "G1CollectForAllocation", Time since last: 390473317 ns, Reaching safepoint: 190459 ns, Cleanup: 94668 ns, At safepoint: 7621430 ns, Total: 7906557 ns
[2025-12-06T04:07:33.743+0000][9.033s][debug][safepoint   ] Safepoint synchronization initiated using futex wait barrier. (16 threads)
[2025-12-06T04:07:33.743+0000][9.033s][info ][gc,start    ] GC(18) Pause Young (Normal) (G1 Evacuation Pause)
[2025-12-06T04:07:33.743+0000][9.033s][info ][gc,task     ] GC(18) Using 4 workers of 13 for evacuation
[2025-12-06T04:07:33.750+0000][9.040s][info ][gc,phases   ] GC(18)   Pre Evacuate Collection Set: 0.1ms
[2025-12-06T04:07:33.750+0000][9.040s][info ][gc,phases   ] GC(18)   Merge Heap Roots: 0.2ms
[2025-12-06T04:07:33.750+0000][9.040s][info ][gc,phases   ] GC(18)   Evacuate Collection Set: 5.3ms
[2025-12-06T04:07:33.750+0000][9.040s][info ][gc,phases   ] GC(18)   Post Evacuate Collection Set: 1.3ms
[2025-12-06T04:07:33.750+0000][9.040s][info ][gc,phases   ] GC(18)   Other: 0.1ms
[2025-12-06T04:07:33.750+0000][9.040s][info ][gc,heap     ] GC(18) Eden regions: 91->0(94)
[2025-12-06T04:07:33.750+0000][9.040s][info ][gc,heap     ] GC(18) Survivor regions: 7->7(13)
[2025-12-06T04:07:33.750+0000][9.040s][info ][gc,heap     ] GC(18) Old regions: 54->54
[2025-12-06T04:07:33.750+0000][9.040s][info ][gc,heap     ] GC(18) Archive regions: 2->2
[2025-12-06T04:07:33.750+0000][9.040s][info ][gc,heap     ] GC(18) Humongous regions: 0->0
[2025-12-06T04:07:33.750+0000][9.040s][info ][gc,metaspace] GC(18) Metaspace: 27830K(28160K)->27830K(28160K) NonClass: 24315K(24512K)->24315K(24512K) Class: 3514K(3648K)->3514K(3648K)
[2025-12-06T04:07:33.750+0000][9.040s][info ][gc          ] GC(18) Pause Young (Normal) (G1 Evacuation Pause) 151M->60M(189M) 7.172ms
[2025-12-06T04:07:33.750+0000][9.040s][info ][gc,cpu      ] GC(18) User=0.02s Sys=0.00s Real=0.00s
[2025-12-06T04:07:33.750+0000][9.041s][info ][safepoint   ] Safepoint "G1CollectForAllocation", Time since last: 295460828 ns, Reaching safepoint: 199536 ns, Cleanup: 24977 ns, At safepoint: 7317659 ns, Total: 7542172 ns
[2025-12-06T04:07:34.297+0000][9.588s][debug][safepoint   ] Safepoint synchronization initiated using futex wait barrier. (16 threads)
[2025-12-06T04:07:34.297+0000][9.588s][info ][gc,start    ] GC(19) Pause Young (Normal) (G1 Evacuation Pause)
[2025-12-06T04:07:34.297+0000][9.588s][info ][gc,task     ] GC(19) Using 4 workers of 13 for evacuation
[2025-12-06T04:07:34.304+0000][9.595s][info ][gc,phases   ] GC(19)   Pre Evacuate Collection Set: 0.2ms
[2025-12-06T04:07:34.304+0000][9.595s][info ][gc,phases   ] GC(19)   Merge Heap Roots: 0.5ms
[2025-12-06T04:07:34.304+0000][9.595s][info ][gc,phases   ] GC(19)   Evacuate Collection Set: 3.6ms
[2025-12-06T04:07:34.304+0000][9.595s][info ][gc,phases   ] GC(19)   Post Evacuate Collection Set: 2.6ms
[2025-12-06T04:07:34.304+0000][9.595s][info ][gc,phases   ] GC(19)   Other: 0.1ms
[2025-12-06T04:07:34.304+0000][9.595s][info ][gc,heap     ] GC(19) Eden regions: 94->0(130)
[2025-12-06T04:07:34.304+0000][9.595s][info ][gc,heap     ] GC(19) Survivor regions: 7->7(13)
[2025-12-06T04:07:34.304+0000][9.595s][info ][gc,heap     ] GC(19) Old regions: 54->54
[2025-12-06T04:07:34.304+0000][9.595s][info ][gc,heap     ] GC(19) Archive regions: 2->2
[2025-12-06T04:07:34.304+0000][9.595s][info ][gc,heap     ] GC(19) Humongous regions: 0->0
[2025-12-06T04:07:34.304+0000][9.595s][info ][gc,metaspace] GC(19) Metaspace: 32462K(32768K)->32462K(32768K) NonClass: 28458K(28608K)->28458K(28608K) Class: 4003K(4160K)->4003K(4160K)
[2025-12-06T04:07:34.305+0000][9.595s][info ][gc          ] GC(19) Pause Young (Normal) (G1 Evacuation Pause) 154M->60M(234M) 7.131ms
[2025-12-06T04:07:34.305+0000][9.595s][info ][gc,cpu      ] GC(19) User=0.02s Sys=0.01s Real=0.01s
[2025-12-06T04:07:34.305+0000][9.595s][info ][safepoint   ] Safepoint "G1CollectForAllocation", Time since last: 547057144 ns, Reaching safepoint: 60383 ns, Cleanup: 163759 ns, At safepoint: 7282587 ns, Total: 7506729 ns
[2025-12-06T04:07:35.169+0000][10.460s][debug][safepoint   ] Safepoint synchronization initiated using futex wait barrier. (17 threads)
[2025-12-06T04:07:35.169+0000][10.460s][info ][gc,start    ] GC(20) Pause Young (Normal) (G1 Evacuation Pause)
[2025-12-06T04:07:35.170+0000][10.460s][info ][gc,task     ] GC(20) Using 5 workers of 13 for evacuation
[2025-12-06T04:07:35.176+0000][10.466s][info ][gc,phases   ] GC(20)   Pre Evacuate Collection Set: 0.2ms
[2025-12-06T04:07:35.176+0000][10.466s][info ][gc,phases   ] GC(20)   Merge Heap Roots: 0.2ms
[2025-12-06T04:07:35.176+0000][10.466s][info ][gc,phases   ] GC(20)   Evacuate Collection Set: 4.3ms
[2025-12-06T04:07:35.176+0000][10.466s][info ][gc,phases   ] GC(20)   Post Evacuate Collection Set: 1.2ms
[2025-12-06T04:07:35.176+0000][10.466s][info ][gc,phases   ] GC(20)   Other: 0.2ms
[2025-12-06T04:07:35.176+0000][10.466s][info ][gc,heap     ] GC(20) Eden regions: 130->0(132)
[2025-12-06T04:07:35.176+0000][10.466s][info ][gc,heap     ] GC(20) Survivor regions: 7->8(18)
[2025-12-06T04:07:35.176+0000][10.466s][info ][gc,heap     ] GC(20) Old regions: 54->54
[2025-12-06T04:07:35.176+0000][10.466s][info ][gc,heap     ] GC(20) Archive regions: 2->2
[2025-12-06T04:07:35.176+0000][10.466s][info ][gc,heap     ] GC(20) Humongous regions: 0->0
[2025-12-06T04:07:35.176+0000][10.466s][info ][gc,metaspace] GC(20) Metaspace: 35835K(36160K)->35835K(36160K) NonClass: 31427K(31616K)->31427K(31616K) Class: 4407K(4544K)->4407K(4544K)
[2025-12-06T04:07:35.176+0000][10.466s][info ][gc          ] GC(20) Pause Young (Normal) (G1 Evacuation Pause) 190M->61M(234M) 6.160ms
[2025-12-06T04:07:35.176+0000][10.466s][info ][gc,cpu      ] GC(20) User=0.03s Sys=0.00s Real=0.01s
[2025-12-06T04:07:35.176+0000][10.466s][info ][safepoint   ] Safepoint "G1CollectForAllocation", Time since last: 864638823 ns, Reaching safepoint: 70583 ns, Cleanup: 129524 ns, At safepoint: 6296432 ns, Total: 6496539 ns
[2025-12-06T04:07:35.228+0000][10.518s][debug][safepoint   ] Safepoint synchronization initiated using futex wait barrier. (17 threads)
[2025-12-06T04:07:35.228+0000][10.518s][debug][safepoint   ] ... found polling page loop exception at pc = 0x000074aabd3108eb, stub =0x000074aabca04400
[2025-12-06T04:07:35.228+0000][10.518s][info ][gc,start    ] GC(21) Pause Young (Concurrent Start) (Metadata GC Threshold)
[2025-12-06T04:07:35.228+0000][10.518s][info ][gc,task     ] GC(21) Using 5 workers of 13 for evacuation
[2025-12-06T04:07:35.234+0000][10.525s][info ][gc,phases   ] GC(21)   Pre Evacuate Collection Set: 0.2ms
[2025-12-06T04:07:35.235+0000][10.525s][info ][gc,phases   ] GC(21)   Merge Heap Roots: 0.2ms
[2025-12-06T04:07:35.235+0000][10.525s][info ][gc,phases   ] GC(21)   Evacuate Collection Set: 4.2ms
[2025-12-06T04:07:35.235+0000][10.525s][info ][gc,phases   ] GC(21)   Post Evacuate Collection Set: 1.6ms
[2025-12-06T04:07:35.235+0000][10.525s][info ][gc,phases   ] GC(21)   Other: 0.2ms
[2025-12-06T04:07:35.235+0000][10.525s][info ][gc,heap     ] GC(21) Eden regions: 11->0(132)
[2025-12-06T04:07:35.235+0000][10.525s][info ][gc,heap     ] GC(21) Survivor regions: 8->8(18)
[2025-12-06T04:07:35.235+0000][10.525s][info ][gc,heap     ] GC(21) Old regions: 54->54
[2025-12-06T04:07:35.235+0000][10.525s][info ][gc,heap     ] GC(21) Archive regions: 2->2
[2025-12-06T04:07:35.235+0000][10.525s][info ][gc,heap     ] GC(21) Humongous regions: 0->0
[2025-12-06T04:07:35.235+0000][10.525s][info ][gc,metaspace] GC(21) Metaspace: 35902K(36288K)->35902K(36288K) NonClass: 31482K(31680K)->31482K(31680K) Class: 4420K(4608K)->4420K(4608K)
[2025-12-06T04:07:35.235+0000][10.525s][info ][gc          ] GC(21) Pause Young (Concurrent Start) (Metadata GC Threshold) 72M->61M(234M) 7.141ms
[2025-12-06T04:07:35.235+0000][10.525s][info ][gc,cpu      ] GC(21) User=0.04s Sys=0.00s Real=0.01s
[2025-12-06T04:07:35.235+0000][10.526s][info ][gc          ] GC(22) Concurrent Mark Cycle
[2025-12-06T04:07:35.235+0000][10.526s][info ][gc,marking  ] GC(22) Concurrent Clear Claimed Marks
[2025-12-06T04:07:35.236+0000][10.526s][info ][gc,marking  ] GC(22) Concurrent Clear Claimed Marks 0.066ms
[2025-12-06T04:07:35.236+0000][10.526s][info ][gc,marking  ] GC(22) Concurrent Scan Root Regions
[2025-12-06T04:07:35.236+0000][10.526s][info ][safepoint   ] Safepoint "CollectForMetadataAllocation", Time since last: 51849368 ns, Reaching safepoint: 159340 ns, Cleanup: 14657 ns, At safepoint: 7742676 ns, Total: 7916673 ns
[2025-12-06T04:07:35.239+0000][10.529s][info ][gc,marking  ] GC(22) Concurrent Scan Root Regions 3.132ms
[2025-12-06T04:07:35.239+0000][10.529s][info ][gc,marking  ] GC(22) Concurrent Mark
[2025-12-06T04:07:35.239+0000][10.529s][info ][gc,marking  ] GC(22) Concurrent Mark From Roots
[2025-12-06T04:07:35.239+0000][10.529s][info ][gc,task     ] GC(22) Using 3 workers of 3 for marking
[2025-12-06T04:07:35.267+0000][10.557s][info ][gc,marking  ] GC(22) Concurrent Mark From Roots 28.284ms
[2025-12-06T04:07:35.267+0000][10.557s][info ][gc,marking  ] GC(22) Concurrent Preclean
[2025-12-06T04:07:35.267+0000][10.558s][info ][gc,marking  ] GC(22) Concurrent Preclean 0.357ms
[2025-12-06T04:07:35.268+0000][10.558s][debug][safepoint   ] Safepoint synchronization initiated using futex wait barrier. (17 threads)
[2025-12-06T04:07:35.268+0000][10.558s][info ][gc,start    ] GC(22) Pause Remark
[2025-12-06T04:07:35.271+0000][10.562s][info ][gc          ] GC(22) Pause Remark 65M->65M(227M) 3.892ms
[2025-12-06T04:07:35.272+0000][10.562s][info ][gc,cpu      ] GC(22) User=0.02s Sys=0.00s Real=0.01s
[2025-12-06T04:07:35.272+0000][10.562s][info ][safepoint   ] Safepoint "G1PauseRemark", Time since last: 31984605 ns, Reaching safepoint: 25698 ns, Cleanup: 13916 ns, At safepoint: 4072994 ns, Total: 4112608 ns
[2025-12-06T04:07:35.272+0000][10.562s][info ][gc,marking  ] GC(22) Concurrent Mark 33.043ms
[2025-12-06T04:07:35.272+0000][10.562s][info ][gc,marking  ] GC(22) Concurrent Rebuild Remembered Sets
[2025-12-06T04:07:35.285+0000][10.575s][info ][gc,marking  ] GC(22) Concurrent Rebuild Remembered Sets 12.760ms
[2025-12-06T04:07:35.285+0000][10.575s][debug][safepoint   ] Safepoint synchronization initiated using futex wait barrier. (17 threads)
[2025-12-06T04:07:35.285+0000][10.575s][debug][safepoint   ] ... found polling page loop exception at pc = 0x000074aabd51406c, stub =0x000074aabca04400
[2025-12-06T04:07:35.285+0000][10.575s][info ][gc,start    ] GC(22) Pause Cleanup
[2025-12-06T04:07:35.285+0000][10.576s][info ][gc          ] GC(22) Pause Cleanup 66M->66M(227M) 0.234ms
[2025-12-06T04:07:35.285+0000][10.576s][info ][gc,cpu      ] GC(22) User=0.00s Sys=0.00s Real=0.00s
[2025-12-06T04:07:35.285+0000][10.576s][info ][safepoint   ] Safepoint "G1PauseCleanup", Time since last: 13023103 ns, Reaching safepoint: 155883 ns, Cleanup: 3978 ns, At safepoint: 348065 ns, Total: 507926 ns
[2025-12-06T04:07:35.285+0000][10.576s][info ][gc,marking  ] GC(22) Concurrent Cleanup for Next Mark
[2025-12-06T04:07:35.288+0000][10.578s][info ][gc,marking  ] GC(22) Concurrent Cleanup for Next Mark 2.315ms
[2025-12-06T04:07:35.288+0000][10.578s][info ][gc          ] GC(22) Concurrent Mark Cycle 52.279ms
[2025-12-06T04:07:36.126+0000][11.417s][debug][safepoint   ] Safepoint synchronization initiated using futex wait barrier. (17 threads)
[2025-12-06T04:07:36.127+0000][11.417s][info ][gc,start    ] GC(23) Pause Young (Prepare Mixed) (G1 Evacuation Pause)
[2025-12-06T04:07:36.127+0000][11.417s][info ][gc,task     ] GC(23) Using 5 workers of 13 for evacuation
[2025-12-06T04:07:36.135+0000][11.425s][info ][gc,phases   ] GC(23)   Pre Evacuate Collection Set: 0.3ms
[2025-12-06T04:07:36.135+0000][11.425s][info ][gc,phases   ] GC(23)   Merge Heap Roots: 0.4ms
[2025-12-06T04:07:36.135+0000][11.425s][info ][gc,phases   ] GC(23)   Evacuate Collection Set: 5.3ms
[2025-12-06T04:07:36.135+0000][11.425s][info ][gc,phases   ] GC(23)   Post Evacuate Collection Set: 1.7ms
[2025-12-06T04:07:36.135+0000][11.425s][info ][gc,phases   ] GC(23)   Other: 0.1ms
[2025-12-06T04:07:36.135+0000][11.425s][info ][gc,heap     ] GC(23) Eden regions: 128->0(2)
[2025-12-06T04:07:36.135+0000][11.425s][info ][gc,heap     ] GC(23) Survivor regions: 8->9(17)
[2025-12-06T04:07:36.135+0000][11.425s][info ][gc,heap     ] GC(23) Old regions: 54->54
[2025-12-06T04:07:36.135+0000][11.425s][info ][gc,heap     ] GC(23) Archive regions: 2->2
[2025-12-06T04:07:36.135+0000][11.425s][info ][gc,heap     ] GC(23) Humongous regions: 0->0
[2025-12-06T04:07:36.135+0000][11.425s][info ][gc,metaspace] GC(23) Metaspace: 37982K(38464K)->37982K(38464K) NonClass: 33245K(33472K)->33245K(33472K) Class: 4736K(4992K)->4736K(4992K)
[2025-12-06T04:07:36.135+0000][11.425s][info ][gc          ] GC(23) Pause Young (Prepare Mixed) (G1 Evacuation Pause) 189M->62M(227M) 7.941ms
[2025-12-06T04:07:36.135+0000][11.425s][info ][gc,cpu      ] GC(23) User=0.02s Sys=0.00s Real=0.01s
[2025-12-06T04:07:36.135+0000][11.425s][info ][safepoint   ] Safepoint "G1CollectForAllocation", Time since last: 841326481 ns, Reaching safepoint: 77727 ns, Cleanup: 255120 ns, At safepoint: 8051099 ns, Total: 8383946 ns
[2025-12-06T04:07:36.163+0000][11.453s][debug][safepoint   ] Safepoint synchronization initiated using futex wait barrier. (17 threads)
[2025-12-06T04:07:36.163+0000][11.453s][info ][gc,start    ] GC(24) Pause Young (Mixed) (G1 Evacuation Pause)
[2025-12-06T04:07:36.163+0000][11.453s][info ][gc,task     ] GC(24) Using 5 workers of 13 for evacuation
[2025-12-06T04:07:36.171+0000][11.462s][info ][gc,phases   ] GC(24)   Pre Evacuate Collection Set: 0.3ms
[2025-12-06T04:07:36.171+0000][11.462s][info ][gc,phases   ] GC(24)   Merge Heap Roots: 0.3ms
[2025-12-06T04:07:36.171+0000][11.462s][info ][gc,phases   ] GC(24)   Evacuate Collection Set: 6.6ms
[2025-12-06T04:07:36.171+0000][11.462s][info ][gc,phases   ] GC(24)   Post Evacuate Collection Set: 1.3ms
[2025-12-06T04:07:36.171+0000][11.462s][info ][gc,phases   ] GC(24)   Other: 0.1ms
[2025-12-06T04:07:36.171+0000][11.462s][info ][gc,heap     ] GC(24) Eden regions: 2->0(130)
[2025-12-06T04:07:36.171+0000][11.462s][info ][gc,heap     ] GC(24) Survivor regions: 9->2(2)
[2025-12-06T04:07:36.171+0000][11.462s][info ][gc,heap     ] GC(24) Old regions: 54->60
[2025-12-06T04:07:36.171+0000][11.462s][info ][gc,heap     ] GC(24) Archive regions: 2->2
[2025-12-06T04:07:36.171+0000][11.462s][info ][gc,heap     ] GC(24) Humongous regions: 0->0
[2025-12-06T04:07:36.171+0000][11.462s][info ][gc,metaspace] GC(24) Metaspace: 38080K(38528K)->38080K(38528K) NonClass: 33322K(33536K)->33322K(33536K) Class: 4758K(4992K)->4758K(4992K)
[2025-12-06T04:07:36.172+0000][11.462s][info ][gc          ] GC(24) Pause Young (Mixed) (G1 Evacuation Pause) 64M->61M(227M) 8.849ms
[2025-12-06T04:07:36.172+0000][11.462s][info ][gc,cpu      ] GC(24) User=0.03s Sys=0.01s Real=0.01s
[2025-12-06T04:07:36.172+0000][11.462s][info ][safepoint   ] Safepoint "G1CollectForAllocation", Time since last: 27700856 ns, Reaching safepoint: 64281 ns, Cleanup: 4258 ns, At safepoint: 8946848 ns, Total: 9015387 ns
[2025-12-06T04:07:36.749+0000][12.039s][debug][safepoint   ] Safepoint synchronization initiated using futex wait barrier. (18 threads)
[2025-12-06T04:07:36.749+0000][12.039s][info ][safepoint   ] Safepoint "ICBufferFull", Time since last: 577067160 ns, Reaching safepoint: 48591 ns, Cleanup: 257094 ns, At safepoint: 4268 ns, Total: 309953 ns
[2025-12-06T04:07:36.822+0000][12.112s][debug][safepoint   ] Safepoint synchronization initiated using futex wait barrier. (18 threads)
[2025-12-06T04:07:36.822+0000][12.112s][info ][gc,start    ] GC(25) Pause Young (Normal) (G1 Evacuation Pause)
[2025-12-06T04:07:36.822+0000][12.112s][info ][gc,task     ] GC(25) Using 5 workers of 13 for evacuation
[2025-12-06T04:07:36.826+0000][12.117s][info ][gc,phases   ] GC(25)   Pre Evacuate Collection Set: 0.2ms
[2025-12-06T04:07:36.827+0000][12.117s][info ][gc,phases   ] GC(25)   Merge Heap Roots: 0.3ms
[2025-12-06T04:07:36.827+0000][12.117s][info ][gc,phases   ] GC(25)   Evacuate Collection Set: 2.7ms
[2025-12-06T04:07:36.827+0000][12.117s][info ][gc,phases   ] GC(25)   Post Evacuate Collection Set: 1.2ms
[2025-12-06T04:07:36.827+0000][12.117s][info ][gc,phases   ] GC(25)   Other: 0.1ms
[2025-12-06T04:07:36.827+0000][12.117s][info ][gc,heap     ] GC(25) Eden regions: 130->0(129)
[2025-12-06T04:07:36.827+0000][12.117s][info ][gc,heap     ] GC(25) Survivor regions: 2->3(17)
[2025-12-06T04:07:36.827+0000][12.117s][info ][gc,heap     ] GC(25) Old regions: 60->60
[2025-12-06T04:07:36.827+0000][12.117s][info ][gc,heap     ] GC(25) Archive regions: 2->2
[2025-12-06T04:07:36.827+0000][12.117s][info ][gc,heap     ] GC(25) Humongous regions: 0->0
[2025-12-06T04:07:36.827+0000][12.117s][info ][gc,metaspace] GC(25) Metaspace: 40909K(41344K)->40909K(41344K) NonClass: 35783K(35968K)->35783K(35968K) Class: 5125K(5376K)->5125K(5376K)
[2025-12-06T04:07:36.827+0000][12.117s][info ][gc          ] GC(25) Pause Young (Normal) (G1 Evacuation Pause) 191M->63M(227M) 4.587ms
[2025-12-06T04:07:36.827+0000][12.117s][info ][gc,cpu      ] GC(25) User=0.02s Sys=0.00s Real=0.00s
[2025-12-06T04:07:36.827+0000][12.117s][info ][safepoint   ] Safepoint "G1CollectForAllocation", Time since last: 72953447 ns, Reaching safepoint: 49133 ns, Cleanup: 29265 ns, At safepoint: 4772002 ns, Total: 4850400 ns
[2025-12-06T04:07:37.728+0000][13.019s][debug][safepoint   ] Safepoint synchronization initiated using futex wait barrier. (19 threads)
[2025-12-06T04:07:37.729+0000][13.019s][info ][gc,start    ] GC(26) Pause Young (Normal) (G1 Evacuation Pause)
[2025-12-06T04:07:37.729+0000][13.019s][info ][gc,task     ] GC(26) Using 5 workers of 13 for evacuation
[2025-12-06T04:07:37.734+0000][13.024s][info ][gc,phases   ] GC(26)   Pre Evacuate Collection Set: 0.2ms
[2025-12-06T04:07:37.734+0000][13.024s][info ][gc,phases   ] GC(26)   Merge Heap Roots: 0.2ms
[2025-12-06T04:07:37.734+0000][13.024s][info ][gc,phases   ] GC(26)   Evacuate Collection Set: 3.5ms
[2025-12-06T04:07:37.734+0000][13.024s][info ][gc,phases   ] GC(26)   Post Evacuate Collection Set: 1.0ms
[2025-12-06T04:07:37.734+0000][13.024s][info ][gc,phases   ] GC(26)   Other: 0.1ms
[2025-12-06T04:07:37.734+0000][13.024s][info ][gc,heap     ] GC(26) Eden regions: 129->0(128)
[2025-12-06T04:07:37.734+0000][13.024s][info ][gc,heap     ] GC(26) Survivor regions: 3->5(17)
[2025-12-06T04:07:37.734+0000][13.024s][info ][gc,heap     ] GC(26) Old regions: 60->60
[2025-12-06T04:07:37.734+0000][13.024s][info ][gc,heap     ] GC(26) Archive regions: 2->2
[2025-12-06T04:07:37.734+0000][13.024s][info ][gc,heap     ] GC(26) Humongous regions: 0->0
[2025-12-06T04:07:37.734+0000][13.024s][info ][gc,metaspace] GC(26) Metaspace: 43327K(43776K)->43327K(43776K) NonClass: 37873K(38080K)->37873K(38080K) Class: 5453K(5696K)->5453K(5696K)
[2025-12-06T04:07:37.734+0000][13.024s][info ][gc          ] GC(26) Pause Young (Normal) (G1 Evacuation Pause) 192M->65M(227M) 5.155ms
[2025-12-06T04:07:37.734+0000][13.024s][info ][gc,cpu      ] GC(26) User=0.03s Sys=0.00s Real=0.01s
[2025-12-06T04:07:37.734+0000][13.025s][info ][safepoint   ] Safepoint "G1CollectForAllocation", Time since last: 901286290 ns, Reaching safepoint: 151525 ns, Cleanup: 616620 ns, At safepoint: 5256526 ns, Total: 6024671 ns
[2025-12-06T04:07:38.514+0000][13.805s][debug][safepoint   ] Safepoint synchronization initiated using futex wait barrier. (16 threads)
[2025-12-06T04:07:38.515+0000][13.805s][info ][safepoint   ] Safepoint "ICBufferFull", Time since last: 780352853 ns, Reaching safepoint: 182259 ns, Cleanup: 154838 ns, At safepoint: 62366 ns, Total: 399463 ns
[2025-12-06T04:07:38.797+0000][14.087s][debug][safepoint   ] Safepoint synchronization initiated using futex wait barrier. (19 threads)
[2025-12-06T04:07:38.797+0000][14.087s][info ][gc,start    ] GC(27) Pause Young (Normal) (G1 Evacuation Pause)
[2025-12-06T04:07:38.797+0000][14.087s][info ][gc,task     ] GC(27) Using 5 workers of 13 for evacuation
[2025-12-06T04:07:38.804+0000][14.094s][info ][gc,phases   ] GC(27)   Pre Evacuate Collection Set: 0.2ms
[2025-12-06T04:07:38.804+0000][14.094s][info ][gc,phases   ] GC(27)   Merge Heap Roots: 0.2ms
[2025-12-06T04:07:38.804+0000][14.094s][info ][gc,phases   ] GC(27)   Evacuate Collection Set: 5.3ms
[2025-12-06T04:07:38.804+0000][14.094s][info ][gc,phases   ] GC(27)   Post Evacuate Collection Set: 1.3ms
[2025-12-06T04:07:38.804+0000][14.094s][info ][gc,phases   ] GC(27)   Other: 0.1ms
[2025-12-06T04:07:38.804+0000][14.094s][info ][gc,heap     ] GC(27) Eden regions: 128->0(125)
[2025-12-06T04:07:38.804+0000][14.094s][info ][gc,heap     ] GC(27) Survivor regions: 5->8(17)
[2025-12-06T04:07:38.804+0000][14.094s][info ][gc,heap     ] GC(27) Old regions: 60->60
[2025-12-06T04:07:38.804+0000][14.094s][info ][gc,heap     ] GC(27) Archive regions: 2->2
[2025-12-06T04:07:38.804+0000][14.094s][info ][gc,heap     ] GC(27) Humongous regions: 0->0
[2025-12-06T04:07:38.804+0000][14.095s][info ][gc,metaspace] GC(27) Metaspace: 47143K(47616K)->47143K(47616K) NonClass: 41165K(41408K)->41165K(41408K) Class: 5977K(6208K)->5977K(6208K)
[2025-12-06T04:07:38.804+0000][14.095s][info ][gc          ] GC(27) Pause Young (Normal) (G1 Evacuation Pause) 193M->67M(227M) 7.210ms
[2025-12-06T04:07:38.804+0000][14.095s][info ][gc,cpu      ] GC(27) User=0.06s Sys=0.00s Real=0.01s
[2025-12-06T04:07:38.804+0000][14.095s][info ][safepoint   ] Safepoint "G1CollectForAllocation", Time since last: 281876247 ns, Reaching safepoint: 59230 ns, Cleanup: 76703 ns, At safepoint: 7382918 ns, Total: 7518851 ns
[2025-12-06T04:07:39.625+0000][14.915s][debug][safepoint   ] Safepoint synchronization initiated using futex wait barrier. (20 threads)
[2025-12-06T04:07:39.625+0000][14.916s][info ][safepoint   ] Safepoint "ICBufferFull", Time since last: 820825914 ns, Reaching safepoint: 79988 ns, Cleanup: 267588 ns, At safepoint: 5961 ns, Total: 353537 ns
[2025-12-06T04:07:39.781+0000][15.071s][debug][safepoint   ] Safepoint synchronization initiated using futex wait barrier. (20 threads)
[2025-12-06T04:07:39.781+0000][15.071s][info ][gc,start    ] GC(28) Pause Young (Normal) (G1 Evacuation Pause)
[2025-12-06T04:07:39.781+0000][15.071s][info ][gc,task     ] GC(28) Using 5 workers of 13 for evacuation
[2025-12-06T04:07:39.788+0000][15.079s][info ][gc,phases   ] GC(28)   Pre Evacuate Collection Set: 0.2ms
[2025-12-06T04:07:39.788+0000][15.079s][info ][gc,phases   ] GC(28)   Merge Heap Roots: 0.2ms
[2025-12-06T04:07:39.788+0000][15.079s][info ][gc,phases   ] GC(28)   Evacuate Collection Set: 5.6ms
[2025-12-06T04:07:39.788+0000][15.079s][info ][gc,phases   ] GC(28)   Post Evacuate Collection Set: 1.4ms
[2025-12-06T04:07:39.788+0000][15.079s][info ][gc,phases   ] GC(28)   Other: 0.1ms
[2025-12-06T04:07:39.788+0000][15.079s][info ][gc,heap     ] GC(28) Eden regions: 125->0(124)
[2025-12-06T04:07:39.788+0000][15.079s][info ][gc,heap     ] GC(28) Survivor regions: 8->9(17)
[2025-12-06T04:07:39.788+0000][15.079s][info ][gc,heap     ] GC(28) Old regions: 60->60
[2025-12-06T04:07:39.788+0000][15.079s][info ][gc,heap     ] GC(28) Archive regions: 2->2
[2025-12-06T04:07:39.788+0000][15.079s][info ][gc,heap     ] GC(28) Humongous regions: 0->0
[2025-12-06T04:07:39.788+0000][15.079s][info ][gc,metaspace] GC(28) Metaspace: 51771K(52288K)->51771K(52288K) NonClass: 45178K(45440K)->45178K(45440K) Class: 6593K(6848K)->6593K(6848K)
[2025-12-06T04:07:39.788+0000][15.079s][info ][gc          ] GC(28) Pause Young (Normal) (G1 Evacuation Pause) 192M->69M(227M) 7.638ms
[2025-12-06T04:07:39.788+0000][15.079s][info ][gc,cpu      ] GC(28) User=0.07s Sys=0.00s Real=0.00s
[2025-12-06T04:07:39.788+0000][15.079s][info ][safepoint   ] Safepoint "G1CollectForAllocation", Time since last: 155152997 ns, Reaching safepoint: 55944 ns, Cleanup: 51766 ns, At safepoint: 7760882 ns, Total: 7868592 ns
[2025-12-06T04:07:41.301+0000][16.591s][debug][safepoint   ] Safepoint synchronization initiated using futex wait barrier. (22 threads)
[2025-12-06T04:07:41.301+0000][16.591s][info ][safepoint   ] Safepoint "Cleanup", Time since last: 1512188300 ns, Reaching safepoint: 99335 ns, Cleanup: 286664 ns, At safepoint: 3867 ns, Total: 389866 ns
[2025-12-06T04:07:42.013+0000][17.304s][debug][safepoint   ] Safepoint synchronization initiated using futex wait barrier. (22 threads)
[2025-12-06T04:07:42.013+0000][17.304s][info ][gc,start    ] GC(29) Pause Young (Normal) (G1 Evacuation Pause)
[2025-12-06T04:07:42.013+0000][17.304s][info ][gc,task     ] GC(29) Using 5 workers of 13 for evacuation
[2025-12-06T04:07:42.023+0000][17.314s][info ][gc,phases   ] GC(29)   Pre Evacuate Collection Set: 0.2ms
[2025-12-06T04:07:42.023+0000][17.314s][info ][gc,phases   ] GC(29)   Merge Heap Roots: 0.2ms
[2025-12-06T04:07:42.023+0000][17.314s][info ][gc,phases   ] GC(29)   Evacuate Collection Set: 7.5ms
[2025-12-06T04:07:42.023+0000][17.314s][info ][gc,phases   ] GC(29)   Post Evacuate Collection Set: 1.6ms
[2025-12-06T04:07:42.023+0000][17.314s][info ][gc,phases   ] GC(29)   Other: 0.2ms
[2025-12-06T04:07:42.023+0000][17.314s][info ][gc,heap     ] GC(29) Eden regions: 124->0(120)
[2025-12-06T04:07:42.023+0000][17.314s][info ][gc,heap     ] GC(29) Survivor regions: 9->10(17)
[2025-12-06T04:07:42.023+0000][17.314s][info ][gc,heap     ] GC(29) Old regions: 60->62
[2025-12-06T04:07:42.023+0000][17.314s][info ][gc,heap     ] GC(29) Archive regions: 2->2
[2025-12-06T04:07:42.023+0000][17.314s][info ][gc,heap     ] GC(29) Humongous regions: 0->0
[2025-12-06T04:07:42.023+0000][17.314s][info ][gc,metaspace] GC(29) Metaspace: 57589K(58112K)->57589K(58112K) NonClass: 50340K(50624K)->50340K(50624K) Class: 7249K(7488K)->7249K(7488K)
[2025-12-06T04:07:42.023+0000][17.314s][info ][gc          ] GC(29) Pause Young (Normal) (G1 Evacuation Pause) 193M->72M(227M) 9.805ms
[2025-12-06T04:07:42.023+0000][17.314s][info ][gc,cpu      ] GC(29) User=0.07s Sys=0.00s Real=0.01s
[2025-12-06T04:07:42.023+0000][17.314s][info ][safepoint   ] Safepoint "G1CollectForAllocation", Time since last: 712148535 ns, Reaching safepoint: 55162 ns, Cleanup: 188421 ns, At safepoint: 9921573 ns, Total: 10165156 ns
[2025-12-06T04:07:42.521+0000][17.811s][debug][safepoint   ] Safepoint synchronization initiated using futex wait barrier. (19 threads)
[2025-12-06T04:07:42.521+0000][17.811s][info ][gc,start    ] GC(30) Pause Young (Concurrent Start) (Metadata GC Threshold)
[2025-12-06T04:07:42.521+0000][17.811s][info ][gc,task     ] GC(30) Using 5 workers of 13 for evacuation
[2025-12-06T04:07:42.531+0000][17.822s][info ][gc,phases   ] GC(30)   Pre Evacuate Collection Set: 0.3ms
[2025-12-06T04:07:42.531+0000][17.822s][info ][gc,phases   ] GC(30)   Merge Heap Roots: 0.3ms
[2025-12-06T04:07:42.531+0000][17.822s][info ][gc,phases   ] GC(30)   Evacuate Collection Set: 8.2ms
[2025-12-06T04:07:42.531+0000][17.822s][info ][gc,phases   ] GC(30)   Post Evacuate Collection Set: 1.6ms
[2025-12-06T04:07:42.531+0000][17.822s][info ][gc,phases   ] GC(30)   Other: 0.1ms
[2025-12-06T04:07:42.531+0000][17.822s][info ][gc,heap     ] GC(30) Eden regions: 98->0(120)
[2025-12-06T04:07:42.531+0000][17.822s][info ][gc,heap     ] GC(30) Survivor regions: 10->9(17)
[2025-12-06T04:07:42.531+0000][17.822s][info ][gc,heap     ] GC(30) Old regions: 62->64
[2025-12-06T04:07:42.531+0000][17.822s][info ][gc,heap     ] GC(30) Archive regions: 2->2
[2025-12-06T04:07:42.531+0000][17.822s][info ][gc,heap     ] GC(30) Humongous regions: 0->0
[2025-12-06T04:07:42.531+0000][17.822s][info ][gc,metaspace] GC(30) Metaspace: 60200K(60608K)->60200K(60608K) NonClass: 52520K(52736K)->52520K(52736K) Class: 7680K(7872K)->7680K(7872K)
[2025-12-06T04:07:42.531+0000][17.822s][info ][gc          ] GC(30) Pause Young (Concurrent Start) (Metadata GC Threshold) 169M->72M(227M) 10.655ms
[2025-12-06T04:07:42.531+0000][17.822s][info ][gc,cpu      ] GC(30) User=0.04s Sys=0.00s Real=0.01s
[2025-12-06T04:07:42.532+0000][17.822s][info ][gc          ] GC(31) Concurrent Mark Cycle
[2025-12-06T04:07:42.532+0000][17.822s][info ][gc,marking  ] GC(31) Concurrent Clear Claimed Marks
[2025-12-06T04:07:42.532+0000][17.822s][info ][safepoint   ] Safepoint "CollectForMetadataAllocation", Time since last: 497373981 ns, Reaching safepoint: 48981 ns, Cleanup: 40576 ns, At safepoint: 10818777 ns, Total: 10908334 ns
[2025-12-06T04:07:42.532+0000][17.822s][info ][gc,marking  ] GC(31) Concurrent Clear Claimed Marks 0.070ms
[2025-12-06T04:07:42.532+0000][17.822s][info ][gc,marking  ] GC(31) Concurrent Scan Root Regions
[2025-12-06T04:07:42.537+0000][17.827s][info ][gc,marking  ] GC(31) Concurrent Scan Root Regions 5.058ms
[2025-12-06T04:07:42.537+0000][17.827s][info ][gc,marking  ] GC(31) Concurrent Mark
[2025-12-06T04:07:42.537+0000][17.827s][info ][gc,marking  ] GC(31) Concurrent Mark From Roots
[2025-12-06T04:07:42.537+0000][17.827s][info ][gc,task     ] GC(31) Using 3 workers of 3 for marking
[2025-12-06T04:07:42.563+0000][17.853s][debug][safepoint   ] Safepoint synchronization initiated using futex wait barrier. (19 threads)
[2025-12-06T04:07:42.563+0000][17.854s][info ][safepoint   ] Safepoint "CollectForMetadataAllocation", Time since last: 31264960 ns, Reaching safepoint: 150500 ns, Cleanup: 16881 ns, At safepoint: 149488 ns, Total: 316869 ns
[2025-12-06T04:07:42.580+0000][17.871s][info ][gc,marking  ] GC(31) Concurrent Mark From Roots 43.664ms
[2025-12-06T04:07:42.581+0000][17.871s][info ][gc,marking  ] GC(31) Concurrent Preclean
[2025-12-06T04:07:42.581+0000][17.871s][info ][gc,marking  ] GC(31) Concurrent Preclean 0.322ms
[2025-12-06T04:07:42.581+0000][17.871s][debug][safepoint   ] Safepoint synchronization initiated using futex wait barrier. (19 threads)
[2025-12-06T04:07:42.581+0000][17.871s][info ][gc,start    ] GC(31) Pause Remark
[2025-12-06T04:07:42.586+0000][17.877s][info ][gc          ] GC(31) Pause Remark 77M->77M(227M) 5.182ms
[2025-12-06T04:07:42.586+0000][17.877s][info ][gc,cpu      ] GC(31) User=0.01s Sys=0.01s Real=0.00s
[2025-12-06T04:07:42.586+0000][17.877s][info ][safepoint   ] Safepoint "G1PauseRemark", Time since last: 17733350 ns, Reaching safepoint: 22502 ns, Cleanup: 3086 ns, At safepoint: 5349790 ns, Total: 5375378 ns
[2025-12-06T04:07:42.586+0000][17.877s][info ][gc,marking  ] GC(31) Concurrent Mark 49.610ms
[2025-12-06T04:07:42.586+0000][17.877s][info ][gc,marking  ] GC(31) Concurrent Rebuild Remembered Sets
[2025-12-06T04:07:42.607+0000][17.898s][info ][gc,marking  ] GC(31) Concurrent Rebuild Remembered Sets 20.702ms
[2025-12-06T04:07:42.607+0000][17.898s][debug][safepoint   ] Safepoint synchronization initiated using futex wait barrier. (19 threads)
[2025-12-06T04:07:42.607+0000][17.898s][info ][gc,start    ] GC(31) Pause Cleanup
[2025-12-06T04:07:42.608+0000][17.898s][info ][gc          ] GC(31) Pause Cleanup 78M->78M(227M) 0.234ms
[2025-12-06T04:07:42.608+0000][17.898s][info ][gc,cpu      ] GC(31) User=0.00s Sys=0.00s Real=0.00s
[2025-12-06T04:07:42.608+0000][17.898s][info ][safepoint   ] Safepoint "G1PauseCleanup", Time since last: 20961451 ns, Reaching safepoint: 148802 ns, Cleanup: 15068 ns, At safepoint: 314656 ns, Total: 478526 ns
[2025-12-06T04:07:42.608+0000][17.898s][info ][gc,marking  ] GC(31) Concurrent Cleanup for Next Mark
[2025-12-06T04:07:42.610+0000][17.900s][info ][gc,marking  ] GC(31) Concurrent Cleanup for Next Mark 1.791ms
[2025-12-06T04:07:42.610+0000][17.900s][info ][gc          ] GC(31) Concurrent Mark Cycle 78.083ms
[2025-12-06T04:07:43.317+0000][18.607s][debug][safepoint   ] Safepoint synchronization initiated using futex wait barrier. (21 threads)
[2025-12-06T04:07:43.319+0000][18.609s][info ][gc,start    ] GC(32) Pause Young (Prepare Mixed) (G1 Evacuation Pause)
[2025-12-06T04:07:43.319+0000][18.609s][info ][gc,task     ] GC(32) Using 5 workers of 13 for evacuation
[2025-12-06T04:07:43.329+0000][18.619s][info ][gc,phases   ] GC(32)   Pre Evacuate Collection Set: 0.2ms
[2025-12-06T04:07:43.329+0000][18.620s][info ][gc,phases   ] GC(32)   Merge Heap Roots: 0.2ms
[2025-12-06T04:07:43.329+0000][18.620s][info ][gc,phases   ] GC(32)   Evacuate Collection Set: 8.0ms
[2025-12-06T04:07:43.329+0000][18.620s][info ][gc,phases   ] GC(32)   Post Evacuate Collection Set: 1.8ms
[2025-12-06T04:07:43.329+0000][18.620s][info ][gc,phases   ] GC(32)   Other: 0.2ms
[2025-12-06T04:07:43.329+0000][18.620s][info ][gc,heap     ] GC(32) Eden regions: 120->0(1)
[2025-12-06T04:07:43.329+0000][18.620s][info ][gc,heap     ] GC(32) Survivor regions: 9->10(17)
[2025-12-06T04:07:43.329+0000][18.620s][info ][gc,heap     ] GC(32) Old regions: 64->64
[2025-12-06T04:07:43.329+0000][18.620s][info ][gc,heap     ] GC(32) Archive regions: 2->2
[2025-12-06T04:07:43.329+0000][18.620s][info ][gc,heap     ] GC(32) Humongous regions: 0->0
[2025-12-06T04:07:43.329+0000][18.620s][info ][gc,metaspace] GC(32) Metaspace: 64207K(64704K)->64207K(64704K) NonClass: 55998K(56256K)->55998K(56256K) Class: 8209K(8448K)->8209K(8448K)
[2025-12-06T04:07:43.329+0000][18.620s][info ][gc          ] GC(32) Pause Young (Prepare Mixed) (G1 Evacuation Pause) 192M->73M(227M) 10.544ms
[2025-12-06T04:07:43.329+0000][18.620s][info ][gc,cpu      ] GC(32) User=0.04s Sys=0.01s Real=0.00s
[2025-12-06T04:07:43.329+0000][18.620s][info ][safepoint   ] Safepoint "G1CollectForAllocation", Time since last: 708868964 ns, Reaching safepoint: 87353 ns, Cleanup: 1968162 ns, At safepoint: 10664470 ns, Total: 12719985 ns
[2025-12-06T04:07:43.336+0000][18.627s][debug][safepoint   ] Safepoint synchronization initiated using futex wait barrier. (21 threads)
[2025-12-06T04:07:43.336+0000][18.627s][info ][gc,start    ] GC(33) Pause Young (Mixed) (G1 Evacuation Pause)
[2025-12-06T04:07:43.336+0000][18.627s][info ][gc,task     ] GC(33) Using 5 workers of 13 for evacuation
[2025-12-06T04:07:43.350+0000][18.640s][info ][gc,phases   ] GC(33)   Pre Evacuate Collection Set: 0.2ms
[2025-12-06T04:07:43.350+0000][18.640s][info ][gc,phases   ] GC(33)   Merge Heap Roots: 0.2ms
[2025-12-06T04:07:43.350+0000][18.640s][info ][gc,phases   ] GC(33)   Evacuate Collection Set: 11.6ms
[2025-12-06T04:07:43.350+0000][18.640s][info ][gc,phases   ] GC(33)   Post Evacuate Collection Set: 1.5ms
[2025-12-06T04:07:43.350+0000][18.640s][info ][gc,phases   ] GC(33)   Other: 0.1ms
[2025-12-06T04:07:43.350+0000][18.640s][info ][gc,heap     ] GC(33) Eden regions: 1->0(122)
[2025-12-06T04:07:43.350+0000][18.640s][info ][gc,heap     ] GC(33) Survivor regions: 10->2(2)
[2025-12-06T04:07:43.350+0000][18.640s][info ][gc,heap     ] GC(33) Old regions: 64->71
[2025-12-06T04:07:43.350+0000][18.640s][info ][gc,heap     ] GC(33) Archive regions: 2->2
[2025-12-06T04:07:43.350+0000][18.640s][info ][gc,heap     ] GC(33) Humongous regions: 0->0
[2025-12-06T04:07:43.350+0000][18.640s][info ][gc,metaspace] GC(33) Metaspace: 64218K(64704K)->64218K(64704K) NonClass: 56006K(56256K)->56006K(56256K) Class: 8211K(8448K)->8211K(8448K)
[2025-12-06T04:07:43.350+0000][18.640s][info ][gc          ] GC(33) Pause Young (Mixed) (G1 Evacuation Pause) 74M->73M(227M) 13.713ms
[2025-12-06T04:07:43.350+0000][18.641s][info ][gc,cpu      ] GC(33) User=0.06s Sys=0.00s Real=0.01s
[2025-12-06T04:07:43.350+0000][18.641s][info ][safepoint   ] Safepoint "G1CollectForAllocation", Time since last: 6915374 ns, Reaching safepoint: 57437 ns, Cleanup: 4117 ns, At safepoint: 13845976 ns, Total: 13907530 ns
[2025-12-06T04:07:43.877+0000][19.168s][debug][safepoint   ] Safepoint synchronization initiated using futex wait barrier. (21 threads)
[2025-12-06T04:07:43.878+0000][19.168s][info ][gc,start    ] GC(34) Pause Young (Concurrent Start) (G1 Evacuation Pause)
[2025-12-06T04:07:43.878+0000][19.168s][info ][gc,task     ] GC(34) Using 5 workers of 13 for evacuation
[2025-12-06T04:07:43.882+0000][19.172s][info ][gc,phases   ] GC(34)   Pre Evacuate Collection Set: 0.3ms
[2025-12-06T04:07:43.882+0000][19.172s][info ][gc,phases   ] GC(34)   Merge Heap Roots: 0.2ms
[2025-12-06T04:07:43.882+0000][19.172s][info ][gc,phases   ] GC(34)   Evacuate Collection Set: 2.3ms
[2025-12-06T04:07:43.882+0000][19.172s][info ][gc,phases   ] GC(34)   Post Evacuate Collection Set: 1.5ms
[2025-12-06T04:07:43.882+0000][19.172s][info ][gc,phases   ] GC(34)   Other: 0.2ms
[2025-12-06T04:07:43.882+0000][19.172s][info ][gc,heap     ] GC(34) Eden regions: 122->0(123)
[2025-12-06T04:07:43.882+0000][19.172s][info ][gc,heap     ] GC(34) Survivor regions: 2->1(16)
[2025-12-06T04:07:43.882+0000][19.172s][info ][gc,heap     ] GC(34) Old regions: 71->71
[2025-12-06T04:07:43.882+0000][19.172s][info ][gc,heap     ] GC(34) Archive regions: 2->2
[2025-12-06T04:07:43.882+0000][19.172s][info ][gc,heap     ] GC(34) Humongous regions: 0->0
[2025-12-06T04:07:43.882+0000][19.172s][info ][gc,metaspace] GC(34) Metaspace: 66398K(66816K)->66398K(66816K) NonClass: 57779K(57984K)->57779K(57984K) Class: 8618K(8832K)->8618K(8832K)
[2025-12-06T04:07:43.882+0000][19.173s][info ][gc          ] GC(34) Pause Young (Concurrent Start) (G1 Evacuation Pause) 195M->72M(227M) 4.551ms
[2025-12-06T04:07:43.882+0000][19.173s][info ][gc,cpu      ] GC(34) User=0.01s Sys=0.00s Real=0.01s
[2025-12-06T04:07:43.882+0000][19.173s][info ][gc          ] GC(35) Concurrent Mark Cycle
[2025-12-06T04:07:43.882+0000][19.173s][info ][gc,marking  ] GC(35) Concurrent Clear Claimed Marks
[2025-12-06T04:07:43.882+0000][19.173s][info ][safepoint   ] Safepoint "G1CollectForAllocation", Time since last: 527197160 ns, Reaching safepoint: 75481 ns, Cleanup: 77233 ns, At safepoint: 4820240 ns, Total: 4972954 ns
[2025-12-06T04:07:43.882+0000][19.173s][info ][gc,marking  ] GC(35) Concurrent Clear Claimed Marks 0.089ms
[2025-12-06T04:07:43.882+0000][19.173s][info ][gc,marking  ] GC(35) Concurrent Scan Root Regions
[2025-12-06T04:07:43.885+0000][19.175s][info ][gc,marking  ] GC(35) Concurrent Scan Root Regions 2.129ms
[2025-12-06T04:07:43.885+0000][19.175s][info ][gc,marking  ] GC(35) Concurrent Mark
[2025-12-06T04:07:43.885+0000][19.175s][info ][gc,marking  ] GC(35) Concurrent Mark From Roots
[2025-12-06T04:07:43.885+0000][19.175s][info ][gc,task     ] GC(35) Using 3 workers of 3 for marking
[2025-12-06T04:07:43.924+0000][19.215s][info ][gc,marking  ] GC(35) Concurrent Mark From Roots 39.729ms
[2025-12-06T04:07:43.924+0000][19.215s][info ][gc,marking  ] GC(35) Concurrent Preclean
[2025-12-06T04:07:43.925+0000][19.215s][info ][gc,marking  ] GC(35) Concurrent Preclean 0.345ms
[2025-12-06T04:07:43.925+0000][19.215s][debug][safepoint   ] Safepoint synchronization initiated using futex wait barrier. (21 threads)
[2025-12-06T04:07:43.925+0000][19.215s][info ][gc,start    ] GC(35) Pause Remark
[2025-12-06T04:07:43.929+0000][19.220s][info ][gc          ] GC(35) Pause Remark 78M->78M(227M) 4.193ms
[2025-12-06T04:07:43.929+0000][19.220s][info ][gc,cpu      ] GC(35) User=0.01s Sys=0.00s Real=0.00s
[2025-12-06T04:07:43.929+0000][19.220s][info ][safepoint   ] Safepoint "G1PauseRemark", Time since last: 42535555 ns, Reaching safepoint: 23373 ns, Cleanup: 4028 ns, At safepoint: 4348767 ns, Total: 4376168 ns
[2025-12-06T04:07:43.929+0000][19.220s][info ][gc,marking  ] GC(35) Concurrent Mark 44.696ms
[2025-12-06T04:07:43.929+0000][19.220s][info ][gc,marking  ] GC(35) Concurrent Rebuild Remembered Sets
[2025-12-06T04:07:43.952+0000][19.243s][info ][gc,marking  ] GC(35) Concurrent Rebuild Remembered Sets 22.819ms
[2025-12-06T04:07:43.952+0000][19.243s][debug][safepoint   ] Safepoint synchronization initiated using futex wait barrier. (21 threads)
[2025-12-06T04:07:43.952+0000][19.243s][info ][gc,start    ] GC(35) Pause Cleanup
[2025-12-06T04:07:43.953+0000][19.243s][info ][gc          ] GC(35) Pause Cleanup 83M->83M(227M) 0.357ms
[2025-12-06T04:07:43.953+0000][19.243s][info ][gc,cpu      ] GC(35) User=0.00s Sys=0.00s Real=0.00s
[2025-12-06T04:07:43.953+0000][19.243s][info ][safepoint   ] Safepoint "G1PauseCleanup", Time since last: 23097016 ns, Reaching safepoint: 22872 ns, Cleanup: 3567 ns, At safepoint: 434569 ns, Total: 461008 ns
[2025-12-06T04:07:43.953+0000][19.243s][info ][gc,marking  ] GC(35) Concurrent Cleanup for Next Mark
[2025-12-06T04:07:43.953+0000][19.244s][info ][gc,marking  ] GC(35) Concurrent Cleanup for Next Mark 0.323ms
[2025-12-06T04:07:43.953+0000][19.244s][info ][gc          ] GC(35) Concurrent Mark Cycle 71.016ms
[2025-12-06T04:07:44.354+0000][19.644s][debug][safepoint   ] Safepoint synchronization initiated using futex wait barrier. (24 threads)
[2025-12-06T04:07:44.355+0000][19.645s][info ][safepoint   ] Safepoint "ICBufferFull", Time since last: 401215307 ns, Reaching safepoint: 284490 ns, Cleanup: 206083 ns, At safepoint: 60242 ns, Total: 550815 ns
[2025-12-06T04:07:44.764+0000][20.055s][debug][safepoint   ] Safepoint synchronization initiated using futex wait barrier. (27 threads)
[2025-12-06T04:07:44.765+0000][20.055s][info ][safepoint   ] Safepoint "ICBufferFull", Time since last: 409698574 ns, Reaching safepoint: 56235 ns, Cleanup: 209550 ns, At safepoint: 3446 ns, Total: 269231 ns
[2025-12-06T04:07:44.811+0000][20.102s][debug][safepoint   ] Safepoint synchronization initiated using futex wait barrier. (28 threads)
[2025-12-06T04:07:44.812+0000][20.102s][info ][gc,start    ] GC(36) Pause Young (Prepare Mixed) (G1 Evacuation Pause)
[2025-12-06T04:07:44.812+0000][20.102s][info ][gc,task     ] GC(36) Using 5 workers of 13 for evacuation
[2025-12-06T04:07:44.817+0000][20.108s][info ][gc,phases   ] GC(36)   Pre Evacuate Collection Set: 0.2ms
[2025-12-06T04:07:44.817+0000][20.108s][info ][gc,phases   ] GC(36)   Merge Heap Roots: 0.2ms
[2025-12-06T04:07:44.817+0000][20.108s][info ][gc,phases   ] GC(36)   Evacuate Collection Set: 3.8ms
[2025-12-06T04:07:44.817+0000][20.108s][info ][gc,phases   ] GC(36)   Post Evacuate Collection Set: 1.2ms
[2025-12-06T04:07:44.817+0000][20.108s][info ][gc,phases   ] GC(36)   Other: 0.1ms
[2025-12-06T04:07:44.817+0000][20.108s][info ][gc,heap     ] GC(36) Eden regions: 123->0(6)
[2025-12-06T04:07:44.817+0000][20.108s][info ][gc,heap     ] GC(36) Survivor regions: 1->5(16)
[2025-12-06T04:07:44.817+0000][20.108s][info ][gc,heap     ] GC(36) Old regions: 71->71
[2025-12-06T04:07:44.817+0000][20.108s][info ][gc,heap     ] GC(36) Archive regions: 2->2
[2025-12-06T04:07:44.817+0000][20.108s][info ][gc,heap     ] GC(36) Humongous regions: 0->0
[2025-12-06T04:07:44.817+0000][20.108s][info ][gc,metaspace] GC(36) Metaspace: 69986K(70400K)->69986K(70400K) NonClass: 60969K(61184K)->60969K(61184K) Class: 9016K(9216K)->9016K(9216K)
[2025-12-06T04:07:44.817+0000][20.108s][info ][gc          ] GC(36) Pause Young (Prepare Mixed) (G1 Evacuation Pause) 195M->75M(227M) 5.671ms
[2025-12-06T04:07:44.817+0000][20.108s][info ][gc,cpu      ] GC(36) User=0.05s Sys=0.00s Real=0.00s
[2025-12-06T04:07:44.817+0000][20.108s][info ][safepoint   ] Safepoint "G1CollectForAllocation", Time since last: 46970713 ns, Reaching safepoint: 103012 ns, Cleanup: 18194 ns, At safepoint: 5827008 ns, Total: 5948214 ns
[2025-12-06T04:07:44.856+0000][20.147s][debug][safepoint   ] Safepoint synchronization initiated using futex wait barrier. (28 threads)
[2025-12-06T04:07:44.857+0000][20.147s][info ][gc,start    ] GC(37) Pause Young (Mixed) (G1 Evacuation Pause)
[2025-12-06T04:07:44.857+0000][20.147s][info ][gc,task     ] GC(37) Using 5 workers of 13 for evacuation
[2025-12-06T04:07:44.863+0000][20.154s][info ][gc,phases   ] GC(37)   Pre Evacuate Collection Set: 0.2ms
[2025-12-06T04:07:44.863+0000][20.154s][info ][gc,phases   ] GC(37)   Merge Heap Roots: 0.2ms
[2025-12-06T04:07:44.863+0000][20.154s][info ][gc,phases   ] GC(37)   Evacuate Collection Set: 4.9ms
[2025-12-06T04:07:44.863+0000][20.154s][info ][gc,phases   ] GC(37)   Post Evacuate Collection Set: 1.4ms
[2025-12-06T04:07:44.864+0000][20.154s][info ][gc,phases   ] GC(37)   Other: 0.1ms
[2025-12-06T04:07:44.864+0000][20.154s][info ][gc,heap     ] GC(37) Eden regions: 6->0(119)
[2025-12-06T04:07:44.864+0000][20.154s][info ][gc,heap     ] GC(37) Survivor regions: 5->1(2)
[2025-12-06T04:07:44.864+0000][20.154s][info ][gc,heap     ] GC(37) Old regions: 71->74
[2025-12-06T04:07:44.864+0000][20.154s][info ][gc,heap     ] GC(37) Archive regions: 2->2
[2025-12-06T04:07:44.864+0000][20.154s][info ][gc,heap     ] GC(37) Humongous regions: 0->0
[2025-12-06T04:07:44.864+0000][20.154s][info ][gc,metaspace] GC(37) Metaspace: 70002K(70464K)->70002K(70464K) NonClass: 60984K(61248K)->60984K(61248K) Class: 9018K(9216K)->9018K(9216K)
[2025-12-06T04:07:44.864+0000][20.154s][info ][gc          ] GC(37) Pause Young (Mixed) (G1 Evacuation Pause) 81M->75M(227M) 6.997ms
[2025-12-06T04:07:44.864+0000][20.154s][info ][gc,cpu      ] GC(37) User=0.05s Sys=0.01s Real=0.01s
[2025-12-06T04:07:44.864+0000][20.154s][info ][safepoint   ] Safepoint "G1CollectForAllocation", Time since last: 39009447 ns, Reaching safepoint: 68176 ns, Cleanup: 24055 ns, At safepoint: 7184279 ns, Total: 7276510 ns
[2025-12-06T04:07:45.188+0000][20.478s][debug][safepoint   ] Safepoint synchronization initiated using futex wait barrier. (28 threads)
[2025-12-06T04:07:45.188+0000][20.479s][info ][safepoint   ] Safepoint "ICBufferFull", Time since last: 323968587 ns, Reaching safepoint: 189217 ns, Cleanup: 159126 ns, At safepoint: 141563 ns, Total: 489906 ns
[2025-12-06T04:07:45.590+0000][20.880s][debug][safepoint   ] Safepoint synchronization initiated using futex wait barrier. (23 threads)
[2025-12-06T04:07:45.590+0000][20.881s][info ][safepoint   ] Safepoint "ICBufferFull", Time since last: 401433629 ns, Reaching safepoint: 207592 ns, Cleanup: 174785 ns, At safepoint: 142345 ns, Total: 524722 ns
[2025-12-06T04:07:45.621+0000][20.911s][debug][safepoint   ] Safepoint synchronization initiated using futex wait barrier. (23 threads)
[2025-12-06T04:07:45.621+0000][20.911s][info ][gc,start    ] GC(38) Pause Young (Normal) (G1 Evacuation Pause)
[2025-12-06T04:07:45.621+0000][20.911s][info ][gc,task     ] GC(38) Using 5 workers of 13 for evacuation
[2025-12-06T04:07:45.626+0000][20.917s][info ][gc,phases   ] GC(38)   Pre Evacuate Collection Set: 0.2ms
[2025-12-06T04:07:45.626+0000][20.917s][info ][gc,phases   ] GC(38)   Merge Heap Roots: 0.2ms
[2025-12-06T04:07:45.626+0000][20.917s][info ][gc,phases   ] GC(38)   Evacuate Collection Set: 3.4ms
[2025-12-06T04:07:45.626+0000][20.917s][info ][gc,phases   ] GC(38)   Post Evacuate Collection Set: 1.5ms
[2025-12-06T04:07:45.626+0000][20.917s][info ][gc,phases   ] GC(38)   Other: 0.1ms
[2025-12-06T04:07:45.626+0000][20.917s][info ][gc,heap     ] GC(38) Eden regions: 119->0(117)
[2025-12-06T04:07:45.626+0000][20.917s][info ][gc,heap     ] GC(38) Survivor regions: 1->3(15)
[2025-12-06T04:07:45.626+0000][20.917s][info ][gc,heap     ] GC(38) Old regions: 74->74
[2025-12-06T04:07:45.626+0000][20.917s][info ][gc,heap     ] GC(38) Archive regions: 2->2
[2025-12-06T04:07:45.626+0000][20.917s][info ][gc,heap     ] GC(38) Humongous regions: 0->0
[2025-12-06T04:07:45.626+0000][20.917s][info ][gc,metaspace] GC(38) Metaspace: 73049K(73600K)->73049K(73600K) NonClass: 63641K(63936K)->63641K(63936K) Class: 9408K(9664K)->9408K(9664K)
[2025-12-06T04:07:45.626+0000][20.917s][info ][gc          ] GC(38) Pause Young (Normal) (G1 Evacuation Pause) 194M->77M(227M) 5.601ms
[2025-12-06T04:07:45.626+0000][20.917s][info ][gc,cpu      ] GC(38) User=0.03s Sys=0.00s Real=0.00s
[2025-12-06T04:07:45.626+0000][20.917s][info ][safepoint   ] Safepoint "G1CollectForAllocation", Time since last: 30462171 ns, Reaching safepoint: 59170 ns, Cleanup: 75310 ns, At safepoint: 5754499 ns, Total: 5888979 ns
[2025-12-06T04:07:46.363+0000][21.654s][debug][safepoint   ] Safepoint synchronization initiated using futex wait barrier. (22 threads)
[2025-12-06T04:07:46.363+0000][21.654s][info ][gc,start    ] GC(39) Pause Young (Normal) (G1 Evacuation Pause)
[2025-12-06T04:07:46.363+0000][21.654s][info ][gc,task     ] GC(39) Using 5 workers of 13 for evacuation
[2025-12-06T04:07:46.369+0000][21.659s][info ][gc,phases   ] GC(39)   Pre Evacuate Collection Set: 0.3ms
[2025-12-06T04:07:46.369+0000][21.659s][info ][gc,phases   ] GC(39)   Merge Heap Roots: 0.2ms
[2025-12-06T04:07:46.369+0000][21.659s][info ][gc,phases   ] GC(39)   Evacuate Collection Set: 3.5ms
[2025-12-06T04:07:46.369+0000][21.659s][info ][gc,phases   ] GC(39)   Post Evacuate Collection Set: 1.4ms
[2025-12-06T04:07:46.369+0000][21.659s][info ][gc,phases   ] GC(39)   Other: 0.1ms
[2025-12-06T04:07:46.369+0000][21.659s][info ][gc,heap     ] GC(39) Eden regions: 117->0(117)
[2025-12-06T04:07:46.369+0000][21.659s][info ][gc,heap     ] GC(39) Survivor regions: 3->4(15)
[2025-12-06T04:07:46.369+0000][21.659s][info ][gc,heap     ] GC(39) Old regions: 74->74
[2025-12-06T04:07:46.369+0000][21.659s][info ][gc,heap     ] GC(39) Archive regions: 2->2
[2025-12-06T04:07:46.369+0000][21.659s][info ][gc,heap     ] GC(39) Humongous regions: 0->0
[2025-12-06T04:07:46.369+0000][21.659s][info ][gc,metaspace] GC(39) Metaspace: 77748K(78272K)->77748K(78272K) NonClass: 67648K(67904K)->67648K(67904K) Class: 10099K(10368K)->10099K(10368K)
[2025-12-06T04:07:46.369+0000][21.659s][info ][gc          ] GC(39) Pause Young (Normal) (G1 Evacuation Pause) 194M->78M(227M) 5.568ms
[2025-12-06T04:07:46.369+0000][21.659s][info ][gc,cpu      ] GC(39) User=0.02s Sys=0.00s Real=0.00s
[2025-12-06T04:07:46.369+0000][21.659s][info ][safepoint   ] Safepoint "G1CollectForAllocation", Time since last: 736750611 ns, Reaching safepoint: 44913 ns, Cleanup: 116838 ns, At safepoint: 5639622 ns, Total: 5801373 ns
[2025-12-06T04:07:46.890+0000][22.180s][debug][safepoint   ] Safepoint synchronization initiated using futex wait barrier. (23 threads)
[2025-12-06T04:07:46.890+0000][22.181s][info ][gc,start    ] GC(40) Pause Young (Normal) (G1 Evacuation Pause)
[2025-12-06T04:07:46.890+0000][22.181s][info ][gc,task     ] GC(40) Using 5 workers of 13 for evacuation
[2025-12-06T04:07:46.895+0000][22.186s][info ][gc,phases   ] GC(40)   Pre Evacuate Collection Set: 0.1ms
[2025-12-06T04:07:46.895+0000][22.186s][info ][gc,phases   ] GC(40)   Merge Heap Roots: 0.2ms
[2025-12-06T04:07:46.895+0000][22.186s][info ][gc,phases   ] GC(40)   Evacuate Collection Set: 3.3ms
[2025-12-06T04:07:46.895+0000][22.186s][info ][gc,phases   ] GC(40)   Post Evacuate Collection Set: 1.3ms
[2025-12-06T04:07:46.895+0000][22.186s][info ][gc,phases   ] GC(40)   Other: 0.2ms
[2025-12-06T04:07:46.895+0000][22.186s][info ][gc,heap     ] GC(40) Eden regions: 117->0(117)
[2025-12-06T04:07:46.895+0000][22.186s][info ][gc,heap     ] GC(40) Survivor regions: 4->5(16)
[2025-12-06T04:07:46.895+0000][22.186s][info ][gc,heap     ] GC(40) Old regions: 74->74
[2025-12-06T04:07:46.895+0000][22.186s][info ][gc,heap     ] GC(40) Archive regions: 2->2
[2025-12-06T04:07:46.895+0000][22.186s][info ][gc,heap     ] GC(40) Humongous regions: 0->0
[2025-12-06T04:07:46.895+0000][22.186s][info ][gc,metaspace] GC(40) Metaspace: 79584K(80128K)->79584K(80128K) NonClass: 69104K(69376K)->69104K(69376K) Class: 10479K(10752K)->10479K(10752K)
[2025-12-06T04:07:46.895+0000][22.186s][info ][gc          ] GC(40) Pause Young (Normal) (G1 Evacuation Pause) 195M->78M(227M) 5.193ms
[2025-12-06T04:07:46.895+0000][22.186s][info ][gc,cpu      ] GC(40) User=0.01s Sys=0.01s Real=0.01s
[2025-12-06T04:07:46.895+0000][22.186s][info ][safepoint   ] Safepoint "G1CollectForAllocation", Time since last: 520917173 ns, Reaching safepoint: 67055 ns, Cleanup: 125313 ns, At safepoint: 5281325 ns, Total: 5473693 ns
[2025-12-06T04:07:47.059+0000][22.350s][debug][safepoint   ] Safepoint synchronization initiated using futex wait barrier. (23 threads)
[2025-12-06T04:07:47.060+0000][22.350s][info ][safepoint   ] Safepoint "ICBufferFull", Time since last: 163886747 ns, Reaching safepoint: 48952 ns, Cleanup: 171038 ns, At safepoint: 53259 ns, Total: 273249 ns
[2025-12-06T04:07:47.157+0000][22.448s][debug][safepoint   ] Safepoint synchronization initiated using futex wait barrier. (24 threads)
[2025-12-06T04:07:47.158+0000][22.448s][info ][safepoint   ] Safepoint "ICBufferFull", Time since last: 97806943 ns, Reaching safepoint: 47879 ns, Cleanup: 128680 ns, At safepoint: 56074 ns, Total: 232633 ns
[2025-12-06T04:07:47.289+0000][22.580s][debug][safepoint   ] Safepoint synchronization initiated using futex wait barrier. (25 threads)
[2025-12-06T04:07:47.290+0000][22.580s][info ][safepoint   ] Safepoint "ICBufferFull", Time since last: 131844594 ns, Reaching safepoint: 49512 ns, Cleanup: 130142 ns, At safepoint: 57928 ns, Total: 237582 ns
[2025-12-06T04:07:47.478+0000][22.769s][debug][safepoint   ] Safepoint synchronization initiated using futex wait barrier. (25 threads)
[2025-12-06T04:07:47.478+0000][22.769s][info ][safepoint   ] Safepoint "ICBufferFull", Time since last: 188576473 ns, Reaching safepoint: 51767 ns, Cleanup: 122208 ns, At safepoint: 31057 ns, Total: 205032 ns
[2025-12-06T04:07:47.643+0000][22.934s][debug][safepoint   ] Safepoint synchronization initiated using futex wait barrier. (25 threads)
[2025-12-06T04:07:47.643+0000][22.934s][debug][safepoint   ] ... found polling page loop exception at pc = 0x000074aabd284237, stub =0x000074aabca04400
[2025-12-06T04:07:47.644+0000][22.934s][info ][safepoint   ] Safepoint "ICBufferFull", Time since last: 164846200 ns, Reaching safepoint: 193730 ns, Cleanup: 153546 ns, At safepoint: 32671 ns, Total: 379947 ns
[2025-12-06T04:07:47.752+0000][23.043s][debug][safepoint   ] Safepoint synchronization initiated using futex wait barrier. (25 threads)
[2025-12-06T04:07:47.752+0000][23.043s][info ][gc,start    ] GC(41) Pause Young (Normal) (G1 Evacuation Pause)
[2025-12-06T04:07:47.752+0000][23.043s][info ][gc,task     ] GC(41) Using 5 workers of 13 for evacuation
[2025-12-06T04:07:47.759+0000][23.049s][info ][gc,phases   ] GC(41)   Pre Evacuate Collection Set: 0.2ms
[2025-12-06T04:07:47.759+0000][23.049s][info ][gc,phases   ] GC(41)   Merge Heap Roots: 0.2ms
[2025-12-06T04:07:47.759+0000][23.049s][info ][gc,phases   ] GC(41)   Evacuate Collection Set: 4.5ms
[2025-12-06T04:07:47.759+0000][23.049s][info ][gc,phases   ] GC(41)   Post Evacuate Collection Set: 1.5ms
[2025-12-06T04:07:47.759+0000][23.049s][info ][gc,phases   ] GC(41)   Other: 0.1ms
[2025-12-06T04:07:47.759+0000][23.049s][info ][gc,heap     ] GC(41) Eden regions: 117->0(116)
[2025-12-06T04:07:47.759+0000][23.049s][info ][gc,heap     ] GC(41) Survivor regions: 5->6(16)
[2025-12-06T04:07:47.759+0000][23.049s][info ][gc,heap     ] GC(41) Old regions: 74->74
[2025-12-06T04:07:47.759+0000][23.049s][info ][gc,heap     ] GC(41) Archive regions: 2->2
[2025-12-06T04:07:47.759+0000][23.049s][info ][gc,heap     ] GC(41) Humongous regions: 0->0
[2025-12-06T04:07:47.759+0000][23.049s][info ][gc,metaspace] GC(41) Metaspace: 81308K(81856K)->81308K(81856K) NonClass: 70660K(70912K)->70660K(70912K) Class: 10648K(10944K)->10648K(10944K)
[2025-12-06T04:07:47.759+0000][23.049s][info ][gc          ] GC(41) Pause Young (Normal) (G1 Evacuation Pause) 195M->80M(227M) 6.713ms
[2025-12-06T04:07:47.759+0000][23.049s][info ][gc,cpu      ] GC(41) User=0.02s Sys=0.00s Real=0.01s
[2025-12-06T04:07:47.759+0000][23.050s][info ][safepoint   ] Safepoint "G1CollectForAllocation", Time since last: 108376117 ns, Reaching safepoint: 67957 ns, Cleanup: 133979 ns, At safepoint: 6777041 ns, Total: 6978977 ns
[2025-12-06T04:07:48.242+0000][23.532s][debug][safepoint   ] Safepoint synchronization initiated using futex wait barrier. (22 threads)
[2025-12-06T04:07:48.242+0000][23.532s][info ][safepoint   ] Safepoint "ICBufferFull", Time since last: 482464437 ns, Reaching safepoint: 170437 ns, Cleanup: 165559 ns, At safepoint: 33151 ns, Total: 369147 ns
[2025-12-06T04:07:48.466+0000][23.756s][debug][safepoint   ] Safepoint synchronization initiated using futex wait barrier. (22 threads)
[2025-12-06T04:07:48.466+0000][23.756s][info ][gc,start    ] GC(42) Pause Young (Normal) (G1 Evacuation Pause)
[2025-12-06T04:07:48.466+0000][23.756s][info ][gc,task     ] GC(42) Using 5 workers of 13 for evacuation
[2025-12-06T04:07:48.473+0000][23.764s][info ][gc,phases   ] GC(42)   Pre Evacuate Collection Set: 0.6ms
[2025-12-06T04:07:48.474+0000][23.764s][info ][gc,phases   ] GC(42)   Merge Heap Roots: 0.3ms
[2025-12-06T04:07:48.474+0000][23.764s][info ][gc,phases   ] GC(42)   Evacuate Collection Set: 5.2ms
[2025-12-06T04:07:48.474+0000][23.764s][info ][gc,phases   ] GC(42)   Post Evacuate Collection Set: 1.3ms
[2025-12-06T04:07:48.474+0000][23.764s][info ][gc,phases   ] GC(42)   Other: 0.1ms
[2025-12-06T04:07:48.474+0000][23.764s][info ][gc,heap     ] GC(42) Eden regions: 116->0(112)
[2025-12-06T04:07:48.474+0000][23.764s][info ][gc,heap     ] GC(42) Survivor regions: 6->8(16)
[2025-12-06T04:07:48.474+0000][23.764s][info ][gc,heap     ] GC(42) Old regions: 74->74
[2025-12-06T04:07:48.474+0000][23.764s][info ][gc,heap     ] GC(42) Archive regions: 2->2
[2025-12-06T04:07:48.474+0000][23.764s][info ][gc,heap     ] GC(42) Humongous regions: 0->0
[2025-12-06T04:07:48.474+0000][23.764s][info ][gc,metaspace] GC(42) Metaspace: 84641K(85248K)->84641K(85248K) NonClass: 73519K(73856K)->73519K(73856K) Class: 11121K(11392K)->11121K(11392K)
[2025-12-06T04:07:48.474+0000][23.764s][info ][gc          ] GC(42) Pause Young (Normal) (G1 Evacuation Pause) 196M->82M(227M) 7.658ms
[2025-12-06T04:07:48.474+0000][23.764s][info ][gc,cpu      ] GC(42) User=0.03s Sys=0.00s Real=0.01s
[2025-12-06T04:07:48.474+0000][23.764s][info ][safepoint   ] Safepoint "G1CollectForAllocation", Time since last: 223790275 ns, Reaching safepoint: 60713 ns, Cleanup: 121176 ns, At safepoint: 7799671 ns, Total: 7981560 ns
[2025-12-06T04:07:48.987+0000][24.278s][debug][safepoint   ] Safepoint synchronization initiated using futex wait barrier. (24 threads)
[2025-12-06T04:07:48.988+0000][24.278s][info ][gc,start    ] GC(43) Pause Young (Normal) (G1 Evacuation Pause)
[2025-12-06T04:07:48.988+0000][24.278s][info ][gc,task     ] GC(43) Using 5 workers of 13 for evacuation
[2025-12-06T04:07:48.996+0000][24.286s][info ][gc,phases   ] GC(43)   Pre Evacuate Collection Set: 0.2ms
[2025-12-06T04:07:48.996+0000][24.286s][info ][gc,phases   ] GC(43)   Merge Heap Roots: 0.1ms
[2025-12-06T04:07:48.996+0000][24.286s][info ][gc,phases   ] GC(43)   Evacuate Collection Set: 5.8ms
[2025-12-06T04:07:48.996+0000][24.286s][info ][gc,phases   ] GC(43)   Post Evacuate Collection Set: 1.7ms
[2025-12-06T04:07:48.996+0000][24.286s][info ][gc,phases   ] GC(43)   Other: 0.1ms
[2025-12-06T04:07:48.996+0000][24.286s][info ][gc,heap     ] GC(43) Eden regions: 112->0(110)
[2025-12-06T04:07:48.996+0000][24.286s][info ][gc,heap     ] GC(43) Survivor regions: 8->9(15)
[2025-12-06T04:07:48.996+0000][24.286s][info ][gc,heap     ] GC(43) Old regions: 74->74
[2025-12-06T04:07:48.996+0000][24.286s][info ][gc,heap     ] GC(43) Archive regions: 2->2
[2025-12-06T04:07:48.996+0000][24.286s][info ][gc,heap     ] GC(43) Humongous regions: 0->0
[2025-12-06T04:07:48.996+0000][24.286s][info ][gc,metaspace] GC(43) Metaspace: 86135K(86784K)->86135K(86784K) NonClass: 74864K(75200K)->74864K(75200K) Class: 11270K(11584K)->11270K(11584K)
[2025-12-06T04:07:48.996+0000][24.286s][info ][gc          ] GC(43) Pause Young (Normal) (G1 Evacuation Pause) 194M->83M(227M) 8.123ms
[2025-12-06T04:07:48.996+0000][24.286s][info ][gc,cpu      ] GC(43) User=0.04s Sys=0.01s Real=0.01s
[2025-12-06T04:07:48.996+0000][24.286s][info ][safepoint   ] Safepoint "G1CollectForAllocation", Time since last: 513749531 ns, Reaching safepoint: 60122 ns, Cleanup: 177971 ns, At safepoint: 8243774 ns, Total: 8481867 ns
[2025-12-06T04:07:49.499+0000][24.790s][debug][safepoint   ] Safepoint synchronization initiated using futex wait barrier. (27 threads)
[2025-12-06T04:07:49.499+0000][24.790s][info ][safepoint   ] Safepoint "ICBufferFull", Time since last: 503351065 ns, Reaching safepoint: 49362 ns, Cleanup: 152514 ns, At safepoint: 32580 ns, Total: 234456 ns
[2025-12-06T04:07:49.746+0000][25.037s][debug][safepoint   ] Safepoint synchronization initiated using futex wait barrier. (27 threads)
[2025-12-06T04:07:49.746+0000][25.037s][info ][gc,start    ] GC(44) Pause Young (Normal) (G1 Evacuation Pause)
[2025-12-06T04:07:49.746+0000][25.037s][info ][gc,task     ] GC(44) Using 5 workers of 13 for evacuation
[2025-12-06T04:07:49.756+0000][25.047s][info ][gc,phases   ] GC(44)   Pre Evacuate Collection Set: 0.4ms
[2025-12-06T04:07:49.756+0000][25.047s][info ][gc,phases   ] GC(44)   Merge Heap Roots: 0.4ms
[2025-12-06T04:07:49.756+0000][25.047s][info ][gc,phases   ] GC(44)   Evacuate Collection Set: 7.4ms
[2025-12-06T04:07:49.757+0000][25.047s][info ][gc,phases   ] GC(44)   Post Evacuate Collection Set: 1.7ms
[2025-12-06T04:07:49.757+0000][25.047s][info ][gc,phases   ] GC(44)   Other: 0.1ms
[2025-12-06T04:07:49.757+0000][25.047s][info ][gc,heap     ] GC(44) Eden regions: 110->0(108)
[2025-12-06T04:07:49.757+0000][25.047s][info ][gc,heap     ] GC(44) Survivor regions: 9->9(15)
[2025-12-06T04:07:49.757+0000][25.047s][info ][gc,heap     ] GC(44) Old regions: 74->76
[2025-12-06T04:07:49.757+0000][25.047s][info ][gc,heap     ] GC(44) Archive regions: 2->2
[2025-12-06T04:07:49.757+0000][25.047s][info ][gc,heap     ] GC(44) Humongous regions: 0->0
[2025-12-06T04:07:49.757+0000][25.047s][info ][gc,metaspace] GC(44) Metaspace: 90368K(91008K)->90368K(91008K) NonClass: 78375K(78720K)->78375K(78720K) Class: 11992K(12288K)->11992K(12288K)
[2025-12-06T04:07:49.757+0000][25.047s][info ][gc          ] GC(44) Pause Young (Normal) (G1 Evacuation Pause) 193M->85M(227M) 10.118ms
[2025-12-06T04:07:49.757+0000][25.047s][info ][gc,cpu      ] GC(44) User=0.04s Sys=0.00s Real=0.01s
[2025-12-06T04:07:49.757+0000][25.047s][info ][safepoint   ] Safepoint "G1CollectForAllocation", Time since last: 246716548 ns, Reaching safepoint: 155039 ns, Cleanup: 50193 ns, At safepoint: 10338634 ns, Total: 10543866 ns
[2025-12-06T04:07:50.102+0000][25.392s][debug][safepoint   ] ... found polling page loop exception at pc = 0x000074aabda15a06, stub =0x000074aabca04400
[2025-12-06T04:07:50.106+0000][25.397s][debug][safepoint   ] Safepoint synchronization initiated using futex wait barrier. (27 threads)
[2025-12-06T04:07:50.106+0000][25.397s][info ][safepoint   ] Safepoint "ICBufferFull", Time since last: 349413896 ns, Reaching safepoint: 92783 ns, Cleanup: 107220 ns, At safepoint: 82884 ns, Total: 282887 ns
[2025-12-06T04:07:50.220+0000][25.510s][debug][safepoint   ] Safepoint synchronization initiated using futex wait barrier. (27 threads)
[2025-12-06T04:07:50.220+0000][25.510s][info ][gc,start    ] GC(45) Pause Young (Normal) (G1 Evacuation Pause)
[2025-12-06T04:07:50.220+0000][25.510s][info ][gc,task     ] GC(45) Using 5 workers of 13 for evacuation
[2025-12-06T04:07:50.241+0000][25.532s][info ][gc,phases   ] GC(45)   Pre Evacuate Collection Set: 0.2ms
[2025-12-06T04:07:50.241+0000][25.532s][info ][gc,phases   ] GC(45)   Merge Heap Roots: 0.2ms
[2025-12-06T04:07:50.241+0000][25.532s][info ][gc,phases   ] GC(45)   Evacuate Collection Set: 19.5ms
[2025-12-06T04:07:50.241+0000][25.532s][info ][gc,phases   ] GC(45)   Post Evacuate Collection Set: 1.5ms
[2025-12-06T04:07:50.241+0000][25.532s][info ][gc,phases   ] GC(45)   Other: 0.2ms
[2025-12-06T04:07:50.241+0000][25.532s][info ][gc,heap     ] GC(45) Eden regions: 108->0(66)
[2025-12-06T04:07:50.242+0000][25.532s][info ][gc,heap     ] GC(45) Survivor regions: 9->15(15)
[2025-12-06T04:07:50.242+0000][25.532s][info ][gc,heap     ] GC(45) Old regions: 76->93
[2025-12-06T04:07:50.242+0000][25.532s][info ][gc,heap     ] GC(45) Archive regions: 2->2
[2025-12-06T04:07:50.242+0000][25.532s][info ][gc,heap     ] GC(45) Humongous regions: 1->1
[2025-12-06T04:07:50.242+0000][25.532s][info ][gc,metaspace] GC(45) Metaspace: 91349K(91904K)->91349K(91904K) NonClass: 79184K(79488K)->79184K(79488K) Class: 12165K(12416K)->12165K(12416K)
[2025-12-06T04:07:50.242+0000][25.532s][info ][gc          ] GC(45) Pause Young (Normal) (G1 Evacuation Pause) 194M->109M(228M) 21.603ms
[2025-12-06T04:07:50.242+0000][25.532s][info ][gc,cpu      ] GC(45) User=0.16s Sys=0.00s Real=0.02s
[2025-12-06T04:07:50.242+0000][25.532s][info ][safepoint   ] Safepoint "G1CollectForAllocation", Time since last: 113278847 ns, Reaching safepoint: 59811 ns, Cleanup: 117809 ns, At safepoint: 21697740 ns, Total: 21875360 ns
[2025-12-06T04:07:50.376+0000][25.667s][debug][safepoint   ] Safepoint synchronization initiated using futex wait barrier. (27 threads)
[2025-12-06T04:07:50.376+0000][25.667s][info ][gc,start    ] GC(46) Pause Young (Concurrent Start) (G1 Evacuation Pause)
[2025-12-06T04:07:50.376+0000][25.667s][info ][gc,task     ] GC(46) Using 5 workers of 13 for evacuation
[2025-12-06T04:07:50.395+0000][25.686s][info ][gc,phases   ] GC(46)   Pre Evacuate Collection Set: 0.3ms
[2025-12-06T04:07:50.395+0000][25.686s][info ][gc,phases   ] GC(46)   Merge Heap Roots: 0.3ms
[2025-12-06T04:07:50.395+0000][25.686s][info ][gc,phases   ] GC(46)   Evacuate Collection Set: 16.7ms
[2025-12-06T04:07:50.395+0000][25.686s][info ][gc,phases   ] GC(46)   Post Evacuate Collection Set: 1.5ms
[2025-12-06T04:07:50.395+0000][25.686s][info ][gc,phases   ] GC(46)   Other: 0.2ms
[2025-12-06T04:07:50.395+0000][25.686s][info ][gc,heap     ] GC(46) Eden regions: 66->0(57)
[2025-12-06T04:07:50.395+0000][25.686s][info ][gc,heap     ] GC(46) Survivor regions: 15->11(11)
[2025-12-06T04:07:50.395+0000][25.686s][info ][gc,heap     ] GC(46) Old regions: 93->109
[2025-12-06T04:07:50.395+0000][25.686s][info ][gc,heap     ] GC(46) Archive regions: 2->2
[2025-12-06T04:07:50.395+0000][25.686s][info ][gc,heap     ] GC(46) Humongous regions: 1->1
[2025-12-06T04:07:50.395+0000][25.686s][info ][gc,metaspace] GC(46) Metaspace: 91365K(91904K)->91365K(91904K) NonClass: 79200K(79488K)->79200K(79488K) Class: 12165K(12416K)->12165K(12416K)
[2025-12-06T04:07:50.395+0000][25.686s][info ][gc          ] GC(46) Pause Young (Concurrent Start) (G1 Evacuation Pause) 175M->121M(228M) 19.082ms
[2025-12-06T04:07:50.395+0000][25.686s][info ][gc,cpu      ] GC(46) User=0.13s Sys=0.01s Real=0.02s
[2025-12-06T04:07:50.395+0000][25.686s][info ][gc          ] GC(47) Concurrent Mark Cycle
[2025-12-06T04:07:50.395+0000][25.686s][info ][gc,marking  ] GC(47) Concurrent Clear Claimed Marks
[2025-12-06T04:07:50.395+0000][25.686s][info ][safepoint   ] Safepoint "G1CollectForAllocation", Time since last: 134513724 ns, Reaching safepoint: 60854 ns, Cleanup: 25086 ns, At safepoint: 19288653 ns, Total: 19374593 ns
[2025-12-06T04:07:50.396+0000][25.686s][info ][gc,marking  ] GC(47) Concurrent Clear Claimed Marks 0.102ms
[2025-12-06T04:07:50.396+0000][25.686s][info ][gc,marking  ] GC(47) Concurrent Scan Root Regions
[2025-12-06T04:07:50.403+0000][25.693s][info ][gc,marking  ] GC(47) Concurrent Scan Root Regions 7.428ms
[2025-12-06T04:07:50.403+0000][25.694s][info ][gc,marking  ] GC(47) Concurrent Mark
[2025-12-06T04:07:50.403+0000][25.694s][info ][gc,marking  ] GC(47) Concurrent Mark From Roots
[2025-12-06T04:07:50.403+0000][25.694s][info ][gc,task     ] GC(47) Using 3 workers of 3 for marking
[2025-12-06T04:07:50.460+0000][25.750s][info ][gc,marking  ] GC(47) Concurrent Mark From Roots 56.472ms
[2025-12-06T04:07:50.460+0000][25.750s][info ][gc,marking  ] GC(47) Concurrent Preclean
[2025-12-06T04:07:50.460+0000][25.751s][info ][gc,marking  ] GC(47) Concurrent Preclean 0.399ms
[2025-12-06T04:07:50.460+0000][25.751s][debug][safepoint   ] Safepoint synchronization initiated using futex wait barrier. (27 threads)
[2025-12-06T04:07:50.460+0000][25.751s][info ][gc,start    ] GC(47) Pause Remark
[2025-12-06T04:07:50.467+0000][25.757s][info ][gc          ] GC(47) Pause Remark 130M->129M(228M) 6.689ms
[2025-12-06T04:07:50.467+0000][25.758s][info ][gc,cpu      ] GC(47) User=0.03s Sys=0.00s Real=0.00s
[2025-12-06T04:07:50.467+0000][25.758s][info ][safepoint   ] Safepoint "G1PauseRemark", Time since last: 64665581 ns, Reaching safepoint: 128910 ns, Cleanup: 41157 ns, At safepoint: 6933272 ns, Total: 7103339 ns
[2025-12-06T04:07:50.467+0000][25.758s][info ][gc,marking  ] GC(47) Concurrent Mark 64.204ms
[2025-12-06T04:07:50.467+0000][25.758s][info ][gc,marking  ] GC(47) Concurrent Rebuild Remembered Sets
[2025-12-06T04:07:50.507+0000][25.797s][info ][gc,marking  ] GC(47) Concurrent Rebuild Remembered Sets 39.611ms
[2025-12-06T04:07:50.507+0000][25.798s][debug][safepoint   ] Safepoint synchronization initiated using futex wait barrier. (27 threads)
[2025-12-06T04:07:50.507+0000][25.798s][info ][gc,start    ] GC(47) Pause Cleanup
[2025-12-06T04:07:50.508+0000][25.798s][info ][gc          ] GC(47) Pause Cleanup 136M->136M(228M) 0.226ms
[2025-12-06T04:07:50.508+0000][25.798s][info ][gc,cpu      ] GC(47) User=0.00s Sys=0.00s Real=0.00s
[2025-12-06T04:07:50.508+0000][25.798s][info ][safepoint   ] Safepoint "G1PauseCleanup", Time since last: 39896271 ns, Reaching safepoint: 151177 ns, Cleanup: 10539 ns, At safepoint: 304077 ns, Total: 465793 ns
[2025-12-06T04:07:50.508+0000][25.798s][info ][gc,marking  ] GC(47) Concurrent Cleanup for Next Mark
[2025-12-06T04:07:50.508+0000][25.798s][info ][gc,marking  ] GC(47) Concurrent Cleanup for Next Mark 0.306ms
[2025-12-06T04:07:50.508+0000][25.798s][info ][gc          ] GC(47) Concurrent Mark Cycle 112.575ms
[2025-12-06T04:07:50.631+0000][25.921s][debug][safepoint   ] Safepoint synchronization initiated using futex wait barrier. (24 threads)
[2025-12-06T04:07:50.631+0000][25.921s][info ][gc,start    ] GC(48) Pause Young (Prepare Mixed) (G1 Evacuation Pause)
[2025-12-06T04:07:50.631+0000][25.921s][info ][gc,task     ] GC(48) Using 5 workers of 13 for evacuation
[2025-12-06T04:07:50.641+0000][25.931s][info ][gc,phases   ] GC(48)   Pre Evacuate Collection Set: 0.2ms
[2025-12-06T04:07:50.641+0000][25.932s][info ][gc,phases   ] GC(48)   Merge Heap Roots: 0.2ms
[2025-12-06T04:07:50.641+0000][25.932s][info ][gc,phases   ] GC(48)   Evacuate Collection Set: 8.5ms
[2025-12-06T04:07:50.641+0000][25.932s][info ][gc,phases   ] GC(48)   Post Evacuate Collection Set: 1.2ms
[2025-12-06T04:07:50.641+0000][25.932s][info ][gc,phases   ] GC(48)   Other: 0.1ms
[2025-12-06T04:07:50.641+0000][25.932s][info ][gc,heap     ] GC(48) Eden regions: 57->0(6)
[2025-12-06T04:07:50.641+0000][25.932s][info ][gc,heap     ] GC(48) Survivor regions: 11->5(9)
[2025-12-06T04:07:50.641+0000][25.932s][info ][gc,heap     ] GC(48) Old regions: 109->119
[2025-12-06T04:07:50.641+0000][25.932s][info ][gc,heap     ] GC(48) Archive regions: 2->2
[2025-12-06T04:07:50.641+0000][25.932s][info ][gc,heap     ] GC(48) Humongous regions: 0->0
[2025-12-06T04:07:50.641+0000][25.932s][info ][gc,metaspace] GC(48) Metaspace: 92835K(93376K)->92835K(93376K) NonClass: 80293K(80576K)->80293K(80576K) Class: 12541K(12800K)->12541K(12800K)
[2025-12-06T04:07:50.641+0000][25.932s][info ][gc          ] GC(48) Pause Young (Prepare Mixed) (G1 Evacuation Pause) 177M->124M(228M) 10.353ms
[2025-12-06T04:07:50.641+0000][25.932s][info ][gc,cpu      ] GC(48) User=0.05s Sys=0.00s Real=0.01s
[2025-12-06T04:07:50.641+0000][25.932s][info ][safepoint   ] Safepoint "G1CollectForAllocation", Time since last: 123139300 ns, Reaching safepoint: 59351 ns, Cleanup: 23494 ns, At safepoint: 10470334 ns, Total: 10553179 ns
[2025-12-06T04:07:50.654+0000][25.944s][debug][safepoint   ] Safepoint synchronization initiated using futex wait barrier. (24 threads)
[2025-12-06T04:07:50.654+0000][25.944s][info ][gc,start    ] GC(49) Pause Young (Mixed) (G1 Evacuation Pause)
[2025-12-06T04:07:50.654+0000][25.944s][info ][gc,task     ] GC(49) Using 5 workers of 13 for evacuation
[2025-12-06T04:07:50.665+0000][25.955s][info ][gc,phases   ] GC(49)   Pre Evacuate Collection Set: 0.2ms
[2025-12-06T04:07:50.665+0000][25.955s][info ][gc,phases   ] GC(49)   Merge Heap Roots: 0.3ms
[2025-12-06T04:07:50.665+0000][25.955s][info ][gc,phases   ] GC(49)   Evacuate Collection Set: 8.1ms
[2025-12-06T04:07:50.665+0000][25.955s][info ][gc,phases   ] GC(49)   Post Evacuate Collection Set: 2.3ms
[2025-12-06T04:07:50.665+0000][25.955s][info ][gc,phases   ] GC(49)   Other: 0.1ms
[2025-12-06T04:07:50.665+0000][25.955s][info ][gc,heap     ] GC(49) Eden regions: 6->0(85)
[2025-12-06T04:07:50.665+0000][25.955s][info ][gc,heap     ] GC(49) Survivor regions: 5->2(2)
[2025-12-06T04:07:50.665+0000][25.955s][info ][gc,heap     ] GC(49) Old regions: 119->123
[2025-12-06T04:07:50.665+0000][25.955s][info ][gc,heap     ] GC(49) Archive regions: 2->2
[2025-12-06T04:07:50.665+0000][25.955s][info ][gc,heap     ] GC(49) Humongous regions: 0->0
[2025-12-06T04:07:50.665+0000][25.955s][info ][gc,metaspace] GC(49) Metaspace: 92835K(93376K)->92835K(93376K) NonClass: 80293K(80576K)->80293K(80576K) Class: 12541K(12800K)->12541K(12800K)
[2025-12-06T04:07:50.665+0000][25.955s][info ][gc          ] GC(49) Pause Young (Mixed) (G1 Evacuation Pause) 130M->125M(274M) 11.182ms
[2025-12-06T04:07:50.665+0000][25.955s][info ][gc,cpu      ] GC(49) User=0.04s Sys=0.01s Real=0.01s
[2025-12-06T04:07:50.665+0000][25.956s][info ][safepoint   ] Safepoint "G1CollectForAllocation", Time since last: 12444897 ns, Reaching safepoint: 54532 ns, Cleanup: 6442 ns, At safepoint: 11270184 ns, Total: 11331158 ns
[2025-12-06T04:07:51.024+0000][26.315s][debug][safepoint   ] Safepoint synchronization initiated using futex wait barrier. (24 threads)
[2025-12-06T04:07:51.025+0000][26.315s][info ][gc,start    ] GC(50) Pause Young (Normal) (G1 Evacuation Pause)
[2025-12-06T04:07:51.025+0000][26.315s][info ][gc,task     ] GC(50) Using 6 workers of 13 for evacuation
[2025-12-06T04:07:51.047+0000][26.338s][info ][gc,phases   ] GC(50)   Pre Evacuate Collection Set: 0.5ms
[2025-12-06T04:07:51.047+0000][26.338s][info ][gc,phases   ] GC(50)   Merge Heap Roots: 0.4ms
[2025-12-06T04:07:51.047+0000][26.338s][info ][gc,phases   ] GC(50)   Evacuate Collection Set: 20.0ms
[2025-12-06T04:07:51.047+0000][26.338s][info ][gc,phases   ] GC(50)   Post Evacuate Collection Set: 1.3ms
[2025-12-06T04:07:51.047+0000][26.338s][info ][gc,phases   ] GC(50)   Other: 0.4ms
[2025-12-06T04:07:51.047+0000][26.338s][info ][gc,heap     ] GC(50) Eden regions: 85->0(55)
[2025-12-06T04:07:51.047+0000][26.338s][info ][gc,heap     ] GC(50) Survivor regions: 2->11(11)
[2025-12-06T04:07:51.047+0000][26.338s][info ][gc,heap     ] GC(50) Old regions: 123->141
[2025-12-06T04:07:51.047+0000][26.338s][info ][gc,heap     ] GC(50) Archive regions: 2->2
[2025-12-06T04:07:51.047+0000][26.338s][info ][gc,heap     ] GC(50) Humongous regions: 1->1
[2025-12-06T04:07:51.047+0000][26.338s][info ][gc,metaspace] GC(50) Metaspace: 92844K(93440K)->92844K(93440K) NonClass: 80302K(80640K)->80302K(80640K) Class: 12541K(12800K)->12541K(12800K)
[2025-12-06T04:07:51.047+0000][26.338s][info ][gc          ] GC(50) Pause Young (Normal) (G1 Evacuation Pause) 211M->153M(274M) 22.630ms
[2025-12-06T04:07:51.047+0000][26.338s][info ][gc,cpu      ] GC(50) User=0.13s Sys=0.00s Real=0.02s
[2025-12-06T04:07:51.048+0000][26.338s][info ][safepoint   ] Safepoint "G1CollectForAllocation", Time since last: 359299493 ns, Reaching safepoint: 61915 ns, Cleanup: 26430 ns, At safepoint: 23018834 ns, Total: 23107179 ns
[2025-12-06T04:07:51.131+0000][26.422s][debug][safepoint   ] Safepoint synchronization initiated using futex wait barrier. (23 threads)
[2025-12-06T04:07:51.132+0000][26.422s][info ][gc,start    ] GC(51) Pause Young (Normal) (G1 Evacuation Pause)
[2025-12-06T04:07:51.132+0000][26.422s][info ][gc,task     ] GC(51) Using 6 workers of 13 for evacuation
[2025-12-06T04:07:51.150+0000][26.441s][info ][gc,phases   ] GC(51)   Pre Evacuate Collection Set: 0.2ms
[2025-12-06T04:07:51.150+0000][26.441s][info ][gc,phases   ] GC(51)   Merge Heap Roots: 0.5ms
[2025-12-06T04:07:51.150+0000][26.441s][info ][gc,phases   ] GC(51)   Evacuate Collection Set: 16.6ms
[2025-12-06T04:07:51.150+0000][26.441s][info ][gc,phases   ] GC(51)   Post Evacuate Collection Set: 1.2ms
[2025-12-06T04:07:51.150+0000][26.441s][info ][gc,phases   ] GC(51)   Other: 0.1ms
[2025-12-06T04:07:51.150+0000][26.441s][info ][gc,heap     ] GC(51) Eden regions: 55->0(37)
[2025-12-06T04:07:51.150+0000][26.441s][info ][gc,heap     ] GC(51) Survivor regions: 11->9(9)
[2025-12-06T04:07:51.150+0000][26.441s][info ][gc,heap     ] GC(51) Old regions: 141->166
[2025-12-06T04:07:51.150+0000][26.441s][info ][gc,heap     ] GC(51) Archive regions: 2->2
[2025-12-06T04:07:51.150+0000][26.441s][info ][gc,heap     ] GC(51) Humongous regions: 3->3
[2025-12-06T04:07:51.150+0000][26.441s][info ][gc,metaspace] GC(51) Metaspace: 92848K(93440K)->92848K(93440K) NonClass: 80306K(80640K)->80306K(80640K) Class: 12541K(12800K)->12541K(12800K)
[2025-12-06T04:07:51.150+0000][26.441s][info ][gc          ] GC(51) Pause Young (Normal) (G1 Evacuation Pause) 210M->178M(274M) 18.811ms
[2025-12-06T04:07:51.150+0000][26.441s][info ][gc,cpu      ] GC(51) User=0.10s Sys=0.01s Real=0.02s
[2025-12-06T04:07:51.150+0000][26.441s][info ][safepoint   ] Safepoint "G1CollectForAllocation", Time since last: 83995040 ns, Reaching safepoint: 56997 ns, Cleanup: 9247 ns, At safepoint: 18901185 ns, Total: 18967429 ns
[2025-12-06T04:07:51.187+0000][26.477s][debug][safepoint   ] Safepoint synchronization initiated using futex wait barrier. (23 threads)
[2025-12-06T04:07:51.187+0000][26.477s][info ][gc,start    ] GC(52) Pause Young (Concurrent Start) (G1 Humongous Allocation)
[2025-12-06T04:07:51.187+0000][26.477s][info ][gc,task     ] GC(52) Using 6 workers of 13 for evacuation
[2025-12-06T04:07:51.206+0000][26.496s][info ][gc,phases   ] GC(52)   Pre Evacuate Collection Set: 0.4ms
[2025-12-06T04:07:51.206+0000][26.496s][info ][gc,phases   ] GC(52)   Merge Heap Roots: 0.3ms
[2025-12-06T04:07:51.206+0000][26.496s][info ][gc,phases   ] GC(52)   Evacuate Collection Set: 16.8ms
[2025-12-06T04:07:51.206+0000][26.496s][info ][gc,phases   ] GC(52)   Post Evacuate Collection Set: 1.4ms
[2025-12-06T04:07:51.206+0000][26.496s][info ][gc,phases   ] GC(52)   Other: 0.2ms
[2025-12-06T04:07:51.206+0000][26.496s][info ][gc,heap     ] GC(52) Eden regions: 34->0(27)
[2025-12-06T04:07:51.206+0000][26.496s][info ][gc,heap     ] GC(52) Survivor regions: 9->6(6)
[2025-12-06T04:07:51.206+0000][26.496s][info ][gc,heap     ] GC(52) Old regions: 166->184
[2025-12-06T04:07:51.206+0000][26.496s][info ][gc,heap     ] GC(52) Archive regions: 2->2
[2025-12-06T04:07:51.206+0000][26.496s][info ][gc,heap     ] GC(52) Humongous regions: 3->3
[2025-12-06T04:07:51.206+0000][26.496s][info ][gc,metaspace] GC(52) Metaspace: 92848K(93440K)->92848K(93440K) NonClass: 80306K(80640K)->80306K(80640K) Class: 12541K(12800K)->12541K(12800K)
[2025-12-06T04:07:51.206+0000][26.496s][info ][gc          ] GC(52) Pause Young (Concurrent Start) (G1 Humongous Allocation) 212M->193M(274M) 19.393ms
[2025-12-06T04:07:51.206+0000][26.497s][info ][gc,cpu      ] GC(52) User=0.10s Sys=0.00s Real=0.02s
[2025-12-06T04:07:51.206+0000][26.497s][info ][safepoint   ] Safepoint "G1TryInitiateConcMark", Time since last: 36058204 ns, Reaching safepoint: 69690 ns, Cleanup: 6091 ns, At safepoint: 19545778 ns, Total: 19621559 ns
[2025-12-06T04:07:51.206+0000][26.497s][info ][gc          ] GC(53) Concurrent Mark Cycle
[2025-12-06T04:07:51.206+0000][26.497s][info ][gc,marking  ] GC(53) Concurrent Clear Claimed Marks
[2025-12-06T04:07:51.206+0000][26.497s][info ][gc,marking  ] GC(53) Concurrent Clear Claimed Marks 0.115ms
[2025-12-06T04:07:51.206+0000][26.497s][info ][gc,marking  ] GC(53) Concurrent Scan Root Regions
[2025-12-06T04:07:51.210+0000][26.501s][info ][gc,marking  ] GC(53) Concurrent Scan Root Regions 4.149ms
[2025-12-06T04:07:51.211+0000][26.501s][info ][gc,marking  ] GC(53) Concurrent Mark
[2025-12-06T04:07:51.211+0000][26.501s][info ][gc,marking  ] GC(53) Concurrent Mark From Roots
[2025-12-06T04:07:51.211+0000][26.501s][info ][gc,task     ] GC(53) Using 3 workers of 3 for marking
[2025-12-06T04:07:51.244+0000][26.534s][debug][safepoint   ] Safepoint synchronization initiated using futex wait barrier. (22 threads)
[2025-12-06T04:07:51.244+0000][26.534s][info ][gc,start    ] GC(54) Pause Young (Normal) (G1 Evacuation Pause)
[2025-12-06T04:07:51.244+0000][26.534s][info ][gc,task     ] GC(54) Using 6 workers of 13 for evacuation
[2025-12-06T04:07:51.271+0000][26.562s][info ][gc,phases   ] GC(54)   Pre Evacuate Collection Set: 0.2ms
[2025-12-06T04:07:51.271+0000][26.562s][info ][gc,phases   ] GC(54)   Merge Heap Roots: 0.2ms
[2025-12-06T04:07:51.271+0000][26.562s][info ][gc,phases   ] GC(54)   Evacuate Collection Set: 10.5ms
[2025-12-06T04:07:51.271+0000][26.562s][info ][gc,phases   ] GC(54)   Post Evacuate Collection Set: 16.6ms
[2025-12-06T04:07:51.271+0000][26.562s][info ][gc,phases   ] GC(54)   Other: 0.1ms
[2025-12-06T04:07:51.271+0000][26.562s][info ][gc,heap     ] GC(54) Eden regions: 27->0(256)
[2025-12-06T04:07:51.271+0000][26.562s][info ][gc,heap     ] GC(54) Survivor regions: 6->5(5)
[2025-12-06T04:07:51.271+0000][26.562s][info ][gc,heap     ] GC(54) Old regions: 184->196
[2025-12-06T04:07:51.271+0000][26.562s][info ][gc,heap     ] GC(54) Archive regions: 2->2
[2025-12-06T04:07:51.271+0000][26.562s][info ][gc,heap     ] GC(54) Humongous regions: 4->4
[2025-12-06T04:07:51.271+0000][26.562s][info ][gc,metaspace] GC(54) Metaspace: 92848K(93440K)->92848K(93440K) NonClass: 80306K(80640K)->80306K(80640K) Class: 12541K(12800K)->12541K(12800K)
[2025-12-06T04:07:51.271+0000][26.562s][info ][gc          ] GC(54) Pause Young (Normal) (G1 Evacuation Pause) 221M->205M(767M) 27.686ms
[2025-12-06T04:07:51.271+0000][26.562s][info ][gc,cpu      ] GC(54) User=0.07s Sys=0.02s Real=0.03s
[2025-12-06T04:07:51.272+0000][26.562s][info ][safepoint   ] Safepoint "G1CollectForAllocation", Time since last: 37405096 ns, Reaching safepoint: 156351 ns, Cleanup: 4679 ns, At safepoint: 27914457 ns, Total: 28075487 ns
[2025-12-06T04:07:51.322+0000][26.613s][info ][gc,marking  ] GC(53) Concurrent Mark From Roots 111.797ms
[2025-12-06T04:07:51.322+0000][26.613s][info ][gc,marking  ] GC(53) Concurrent Preclean
[2025-12-06T04:07:51.323+0000][26.613s][info ][gc,marking  ] GC(53) Concurrent Preclean 0.404ms
[2025-12-06T04:07:51.323+0000][26.613s][debug][safepoint   ] Safepoint synchronization initiated using futex wait barrier. (22 threads)
[2025-12-06T04:07:51.323+0000][26.614s][info ][gc,start    ] GC(53) Pause Remark
[2025-12-06T04:07:51.329+0000][26.619s][info ][gc          ] GC(53) Pause Remark 220M->197M(664M) 5.421ms
[2025-12-06T04:07:51.329+0000][26.619s][info ][gc,cpu      ] GC(53) User=0.02s Sys=0.00s Real=0.00s
[2025-12-06T04:07:51.329+0000][26.619s][info ][safepoint   ] Safepoint "G1PauseRemark", Time since last: 51297775 ns, Reaching safepoint: 173052 ns, Cleanup: 12984 ns, At safepoint: 5557341 ns, Total: 5743377 ns
[2025-12-06T04:07:51.329+0000][26.619s][info ][gc,marking  ] GC(53) Concurrent Mark 118.195ms
[2025-12-06T04:07:51.329+0000][26.619s][info ][gc,marking  ] GC(53) Concurrent Rebuild Remembered Sets
[2025-12-06T04:07:51.377+0000][26.667s][info ][gc,marking  ] GC(53) Concurrent Rebuild Remembered Sets 47.980ms
[2025-12-06T04:07:51.377+0000][26.667s][debug][safepoint   ] Safepoint synchronization initiated using futex wait barrier. (22 threads)
[2025-12-06T04:07:51.377+0000][26.667s][debug][safepoint   ] ... found polling page loop exception at pc = 0x000074aabdaa4778, stub =0x000074aabca04400
[2025-12-06T04:07:51.377+0000][26.668s][info ][gc,start    ] GC(53) Pause Cleanup
[2025-12-06T04:07:51.378+0000][26.668s][info ][gc          ] GC(53) Pause Cleanup 207M->207M(664M) 0.476ms
[2025-12-06T04:07:51.378+0000][26.668s][info ][gc,cpu      ] GC(53) User=0.00s Sys=0.00s Real=0.00s
[2025-12-06T04:07:51.378+0000][26.668s][info ][safepoint   ] Safepoint "G1PauseCleanup", Time since last: 48264486 ns, Reaching safepoint: 175367 ns, Cleanup: 14347 ns, At safepoint: 601971 ns, Total: 791685 ns
[2025-12-06T04:07:51.378+0000][26.668s][info ][gc,marking  ] GC(53) Concurrent Cleanup for Next Mark
[2025-12-06T04:07:51.384+0000][26.674s][info ][gc,marking  ] GC(53) Concurrent Cleanup for Next Mark 5.979ms
[2025-12-06T04:07:51.384+0000][26.674s][info ][gc          ] GC(53) Concurrent Mark Cycle 177.671ms
[2025-12-06T04:07:53.025+0000][28.315s][debug][safepoint   ] ... found polling page loop exception at pc = 0x000074aabd312508, stub =0x000074aabca04400
[2025-12-06T04:07:53.025+0000][28.315s][debug][safepoint   ] Safepoint synchronization initiated using futex wait barrier. (26 threads)
[2025-12-06T04:07:53.025+0000][28.315s][debug][safepoint   ] ... found polling page loop exception at pc = 0x000074aabd3f3849, stub =0x000074aabca04400
[2025-12-06T04:07:53.025+0000][28.315s][info ][safepoint   ] Safepoint "Cleanup", Time since last: 1646960522 ns, Reaching safepoint: 169230 ns, Cleanup: 132858 ns, At safepoint: 68327 ns, Total: 370415 ns
[2025-12-06T04:07:53.722+0000][29.013s][debug][safepoint   ] Safepoint synchronization initiated using futex wait barrier. (27 threads)
[2025-12-06T04:07:53.722+0000][29.013s][info ][safepoint   ] Safepoint "ICBufferFull", Time since last: 697013701 ns, Reaching safepoint: 50864 ns, Cleanup: 260165 ns, At safepoint: 3697 ns, Total: 314726 ns
[2025-12-06T04:07:53.766+0000][29.056s][debug][safepoint   ] Safepoint synchronization initiated using futex wait barrier. (27 threads)
[2025-12-06T04:07:53.766+0000][29.056s][info ][gc,start    ] GC(55) Pause Young (Prepare Mixed) (G1 Evacuation Pause)
[2025-12-06T04:07:53.766+0000][29.056s][info ][gc,task     ] GC(55) Using 13 workers of 13 for evacuation
[2025-12-06T04:07:53.783+0000][29.073s][info ][gc,phases   ] GC(55)   Pre Evacuate Collection Set: 0.5ms
[2025-12-06T04:07:53.783+0000][29.073s][info ][gc,phases   ] GC(55)   Merge Heap Roots: 0.3ms
[2025-12-06T04:07:53.783+0000][29.073s][info ][gc,phases   ] GC(55)   Evacuate Collection Set: 13.6ms
[2025-12-06T04:07:53.783+0000][29.073s][info ][gc,phases   ] GC(55)   Post Evacuate Collection Set: 2.3ms
[2025-12-06T04:07:53.783+0000][29.073s][info ][gc,phases   ] GC(55)   Other: 0.2ms
[2025-12-06T04:07:53.783+0000][29.073s][info ][gc,heap     ] GC(55) Eden regions: 256->0(21)
[2025-12-06T04:07:53.783+0000][29.073s][info ][gc,heap     ] GC(55) Survivor regions: 5->12(33)
[2025-12-06T04:07:53.783+0000][29.073s][info ][gc,heap     ] GC(55) Old regions: 176->176
[2025-12-06T04:07:53.783+0000][29.073s][info ][gc,heap     ] GC(55) Archive regions: 2->2
[2025-12-06T04:07:53.783+0000][29.073s][info ][gc,heap     ] GC(55) Humongous regions: 1->1
[2025-12-06T04:07:53.783+0000][29.073s][info ][gc,metaspace] GC(55) Metaspace: 100843K(101440K)->100843K(101440K) NonClass: 87258K(87552K)->87258K(87552K) Class: 13584K(13888K)->13584K(13888K)
[2025-12-06T04:07:53.783+0000][29.073s][info ][gc          ] GC(55) Pause Young (Prepare Mixed) (G1 Evacuation Pause) 438M->189M(664M) 16.967ms
[2025-12-06T04:07:53.783+0000][29.073s][info ][gc,cpu      ] GC(55) User=0.14s Sys=0.05s Real=0.02s
[2025-12-06T04:07:53.783+0000][29.073s][info ][safepoint   ] Safepoint "G1CollectForAllocation", Time since last: 43383800 ns, Reaching safepoint: 59571 ns, Cleanup: 14838 ns, At safepoint: 17148318 ns, Total: 17222727 ns
[2025-12-06T04:07:53.929+0000][29.220s][debug][safepoint   ] Safepoint synchronization initiated using futex wait barrier. (27 threads)
[2025-12-06T04:07:53.930+0000][29.220s][info ][gc,start    ] GC(56) Pause Young (Mixed) (G1 Evacuation Pause)
[2025-12-06T04:07:53.930+0000][29.220s][info ][gc,task     ] GC(56) Using 13 workers of 13 for evacuation
[2025-12-06T04:07:53.937+0000][29.228s][info ][gc,phases   ] GC(56)   Pre Evacuate Collection Set: 0.4ms
[2025-12-06T04:07:53.937+0000][29.228s][info ][gc,phases   ] GC(56)   Merge Heap Roots: 0.4ms
[2025-12-06T04:07:53.937+0000][29.228s][info ][gc,phases   ] GC(56)   Evacuate Collection Set: 5.2ms
[2025-12-06T04:07:53.937+0000][29.228s][info ][gc,phases   ] GC(56)   Post Evacuate Collection Set: 1.6ms
[2025-12-06T04:07:53.937+0000][29.228s][info ][gc,phases   ] GC(56)   Other: 0.1ms
[2025-12-06T04:07:53.937+0000][29.228s][info ][gc,heap     ] GC(56) Eden regions: 21->0(273)
[2025-12-06T04:07:53.937+0000][29.228s][info ][gc,heap     ] GC(56) Survivor regions: 12->2(5)
[2025-12-06T04:07:53.937+0000][29.228s][info ][gc,heap     ] GC(56) Old regions: 176->180
[2025-12-06T04:07:53.937+0000][29.228s][info ][gc,heap     ] GC(56) Archive regions: 2->2
[2025-12-06T04:07:53.937+0000][29.228s][info ][gc,heap     ] GC(56) Humongous regions: 1->1
[2025-12-06T04:07:53.937+0000][29.228s][info ][gc,metaspace] GC(56) Metaspace: 101354K(101952K)->101354K(101952K) NonClass: 87744K(88064K)->87744K(88064K) Class: 13609K(13888K)->13609K(13888K)
[2025-12-06T04:07:53.937+0000][29.228s][info ][gc          ] GC(56) Pause Young (Mixed) (G1 Evacuation Pause) 210M->183M(664M) 7.913ms
[2025-12-06T04:07:53.937+0000][29.228s][info ][gc,cpu      ] GC(56) User=0.08s Sys=0.00s Real=0.01s
[2025-12-06T04:07:53.938+0000][29.228s][info ][safepoint   ] Safepoint "G1CollectForAllocation", Time since last: 146340903 ns, Reaching safepoint: 72295 ns, Cleanup: 71240 ns, At safepoint: 8039683 ns, Total: 8183218 ns
[2025-12-06T04:07:54.995+0000][30.286s][debug][safepoint   ] Safepoint synchronization initiated using futex wait barrier. (30 threads)
[2025-12-06T04:07:54.996+0000][30.286s][info ][safepoint   ] Safepoint "ICBufferFull", Time since last: 1057913861 ns, Reaching safepoint: 55035 ns, Cleanup: 142210 ns, At safepoint: 2275 ns, Total: 199520 ns
[2025-12-06T04:07:55.908+0000][31.200s][debug][safepoint   ] Safepoint synchronization initiated using futex wait barrier. (31 threads)
[2025-12-06T04:07:55.908+0000][31.200s][info ][gc,start    ] GC(57) Pause Young (Normal) (G1 Evacuation Pause)
[2025-12-06T04:07:55.908+0000][31.200s][info ][gc,task     ] GC(57) Using 13 workers of 13 for evacuation
[2025-12-06T04:07:55.919+0000][31.211s][info ][gc,phases   ] GC(57)   Pre Evacuate Collection Set: 0.7ms
[2025-12-06T04:07:55.919+0000][31.211s][info ][gc,phases   ] GC(57)   Merge Heap Roots: 0.4ms
[2025-12-06T04:07:55.919+0000][31.211s][info ][gc,phases   ] GC(57)   Evacuate Collection Set: 7.0ms
[2025-12-06T04:07:55.919+0000][31.211s][info ][gc,phases   ] GC(57)   Post Evacuate Collection Set: 2.3ms
[2025-12-06T04:07:55.919+0000][31.211s][info ][gc,phases   ] GC(57)   Other: 0.2ms
[2025-12-06T04:07:55.919+0000][31.211s][info ][gc,heap     ] GC(57) Eden regions: 273->0(315)
[2025-12-06T04:07:55.919+0000][31.211s][info ][gc,heap     ] GC(57) Survivor regions: 2->8(35)
[2025-12-06T04:07:55.919+0000][31.211s][info ][gc,heap     ] GC(57) Old regions: 180->180
[2025-12-06T04:07:55.919+0000][31.211s][info ][gc,heap     ] GC(57) Archive regions: 2->2
[2025-12-06T04:07:55.919+0000][31.211s][info ][gc,heap     ] GC(57) Humongous regions: 1->1
[2025-12-06T04:07:55.919+0000][31.211s][info ][gc,metaspace] GC(57) Metaspace: 108880K(109632K)->108880K(109632K) NonClass: 94506K(94912K)->94506K(94912K) Class: 14374K(14720K)->14374K(14720K)
[2025-12-06T04:07:55.919+0000][31.211s][info ][gc          ] GC(57) Pause Young (Normal) (G1 Evacuation Pause) 456M->188M(664M) 10.746ms
[2025-12-06T04:07:55.919+0000][31.211s][info ][gc,cpu      ] GC(57) User=0.05s Sys=0.04s Real=0.02s
[2025-12-06T04:07:55.919+0000][31.211s][info ][safepoint   ] Safepoint "G1CollectForAllocation", Time since last: 914046452 ns, Reaching safepoint: 78109 ns, Cleanup: 115821 ns, At safepoint: 10906541 ns, Total: 11100471 ns
[2025-12-06T04:07:57.088+0000][32.380s][debug][safepoint   ] Safepoint synchronization initiated using futex wait barrier. (40 threads)
[2025-12-06T04:07:57.089+0000][32.381s][info ][safepoint   ] Safepoint "Cleanup", Time since last: 1169130380 ns, Reaching safepoint: 250757 ns, Cleanup: 220240 ns, At safepoint: 29616 ns, Total: 500613 ns
[2025-12-06T04:07:57.901+0000][33.193s][debug][safepoint   ] Safepoint synchronization initiated using futex wait barrier. (39 threads)
[2025-12-06T04:07:57.901+0000][33.193s][info ][safepoint   ] Safepoint "ICBufferFull", Time since last: 812159878 ns, Reaching safepoint: 68331 ns, Cleanup: 191384 ns, At safepoint: 33534 ns, Total: 293249 ns
[2025-12-06T04:07:58.118+0000][33.410s][debug][safepoint   ] Safepoint synchronization initiated using futex wait barrier. (45 threads)
[2025-12-06T04:07:58.118+0000][33.410s][info ][gc,start    ] GC(58) Pause Young (Normal) (G1 Evacuation Pause)
[2025-12-06T04:07:58.118+0000][33.410s][info ][gc,task     ] GC(58) Using 13 workers of 13 for evacuation
[2025-12-06T04:07:58.133+0000][33.425s][info ][gc,phases   ] GC(58)   Pre Evacuate Collection Set: 0.5ms
[2025-12-06T04:07:58.133+0000][33.425s][info ][gc,phases   ] GC(58)   Merge Heap Roots: 0.4ms
[2025-12-06T04:07:58.133+0000][33.425s][info ][gc,phases   ] GC(58)   Evacuate Collection Set: 10.8ms
[2025-12-06T04:07:58.133+0000][33.425s][info ][gc,phases   ] GC(58)   Post Evacuate Collection Set: 2.8ms
[2025-12-06T04:07:58.133+0000][33.425s][info ][gc,phases   ] GC(58)   Other: 0.2ms
[2025-12-06T04:07:58.133+0000][33.425s][info ][gc,heap     ] GC(58) Eden regions: 315->0(324)
[2025-12-06T04:07:58.133+0000][33.425s][info ][gc,heap     ] GC(58) Survivor regions: 8->15(41)
[2025-12-06T04:07:58.133+0000][33.425s][info ][gc,heap     ] GC(58) Old regions: 180->180
[2025-12-06T04:07:58.133+0000][33.425s][info ][gc,heap     ] GC(58) Archive regions: 2->2
[2025-12-06T04:07:58.133+0000][33.425s][info ][gc,heap     ] GC(58) Humongous regions: 1->1
[2025-12-06T04:07:58.133+0000][33.425s][info ][gc,metaspace] GC(58) Metaspace: 116260K(116992K)->116260K(116992K) NonClass: 101120K(101504K)->101120K(101504K) Class: 15140K(15488K)->15140K(15488K)
[2025-12-06T04:07:58.133+0000][33.425s][info ][gc          ] GC(58) Pause Young (Normal) (G1 Evacuation Pause) 503M->196M(664M) 14.931ms
[2025-12-06T04:07:58.133+0000][33.425s][info ][gc,cpu      ] GC(58) User=0.12s Sys=0.07s Real=0.01s
[2025-12-06T04:07:58.133+0000][33.425s][info ][safepoint   ] Safepoint "G1CollectForAllocation", Time since last: 216533518 ns, Reaching safepoint: 58281 ns, Cleanup: 43413 ns, At safepoint: 15208692 ns, Total: 15310386 ns
[2025-12-06T04:07:59.133+0000][34.425s][debug][safepoint   ] Safepoint synchronization initiated using futex wait barrier. (43 threads)
[2025-12-06T04:07:59.134+0000][34.426s][info ][safepoint   ] Safepoint "Cleanup", Time since last: 1000195124 ns, Reaching safepoint: 249550 ns, Cleanup: 218006 ns, At safepoint: 189982 ns, Total: 657538 ns
[2025-12-06T04:07:59.449+0000][34.741s][debug][safepoint   ] Safepoint synchronization initiated using futex wait barrier. (44 threads)
[2025-12-06T04:07:59.449+0000][34.741s][info ][safepoint   ] Safepoint "ICBufferFull", Time since last: 314834269 ns, Reaching safepoint: 71797 ns, Cleanup: 163882 ns, At safepoint: 3947 ns, Total: 239626 ns
[2025-12-06T04:08:00.057+0000][35.349s][debug][safepoint   ] Safepoint synchronization initiated using futex wait barrier. (44 threads)
[2025-12-06T04:08:00.057+0000][35.350s][info ][safepoint   ] Safepoint "ICBufferFull", Time since last: 608217834 ns, Reaching safepoint: 52861 ns, Cleanup: 165284 ns, At safepoint: 2645 ns, Total: 220790 ns
[2025-12-06T04:08:00.624+0000][35.916s][debug][safepoint   ] Safepoint synchronization initiated using futex wait barrier. (45 threads)
[2025-12-06T04:08:00.624+0000][35.916s][info ][gc,start    ] GC(59) Pause Young (Concurrent Start) (G1 Evacuation Pause)
[2025-12-06T04:08:00.624+0000][35.916s][info ][gc,task     ] GC(59) Using 13 workers of 13 for evacuation
[2025-12-06T04:08:00.643+0000][35.935s][info ][gc,phases   ] GC(59)   Pre Evacuate Collection Set: 1.1ms
[2025-12-06T04:08:00.643+0000][35.935s][info ][gc,phases   ] GC(59)   Merge Heap Roots: 0.4ms
[2025-12-06T04:08:00.643+0000][35.935s][info ][gc,phases   ] GC(59)   Evacuate Collection Set: 13.9ms
[2025-12-06T04:08:00.643+0000][35.935s][info ][gc,phases   ] GC(59)   Post Evacuate Collection Set: 2.9ms
[2025-12-06T04:08:00.643+0000][35.935s][info ][gc,phases   ] GC(59)   Other: 0.3ms
[2025-12-06T04:08:00.643+0000][35.935s][info ][gc,heap     ] GC(59) Eden regions: 324->0(331)
[2025-12-06T04:08:00.643+0000][35.935s][info ][gc,heap     ] GC(59) Survivor regions: 15->22(43)
[2025-12-06T04:08:00.643+0000][35.935s][info ][gc,heap     ] GC(59) Old regions: 180->180
[2025-12-06T04:08:00.643+0000][35.935s][info ][gc,heap     ] GC(59) Archive regions: 2->2
[2025-12-06T04:08:00.643+0000][35.935s][info ][gc,heap     ] GC(59) Humongous regions: 1->1
[2025-12-06T04:08:00.643+0000][35.935s][info ][gc,metaspace] GC(59) Metaspace: 122948K(123648K)->122948K(123648K) NonClass: 107159K(107520K)->107159K(107520K) Class: 15789K(16128K)->15789K(16128K)
[2025-12-06T04:08:00.643+0000][35.935s][info ][gc          ] GC(59) Pause Young (Concurrent Start) (G1 Evacuation Pause) 520M->203M(664M) 18.666ms
[2025-12-06T04:08:00.643+0000][35.935s][info ][gc,cpu      ] GC(59) User=0.11s Sys=0.09s Real=0.02s
[2025-12-06T04:08:00.643+0000][35.935s][info ][gc          ] GC(60) Concurrent Mark Cycle
[2025-12-06T04:08:00.643+0000][35.935s][info ][gc,marking  ] GC(60) Concurrent Clear Claimed Marks
[2025-12-06T04:08:00.643+0000][35.935s][info ][gc,marking  ] GC(60) Concurrent Clear Claimed Marks 0.220ms
[2025-12-06T04:08:00.643+0000][35.935s][info ][gc,marking  ] GC(60) Concurrent Scan Root Regions
[2025-12-06T04:08:00.643+0000][35.936s][info ][safepoint   ] Safepoint "G1CollectForAllocation", Time since last: 566639361 ns, Reaching safepoint: 85443 ns, Cleanup: 127052 ns, At safepoint: 19159813 ns, Total: 19372308 ns
[2025-12-06T04:08:00.653+0000][35.945s][info ][gc,marking  ] GC(60) Concurrent Scan Root Regions 10.034ms
[2025-12-06T04:08:00.653+0000][35.946s][info ][gc,marking  ] GC(60) Concurrent Mark
[2025-12-06T04:08:00.653+0000][35.946s][info ][gc,marking  ] GC(60) Concurrent Mark From Roots
[2025-12-06T04:08:00.653+0000][35.946s][info ][gc,task     ] GC(60) Using 3 workers of 3 for marking
[2025-12-06T04:08:00.716+0000][36.008s][info ][gc,marking  ] GC(60) Concurrent Mark From Roots 62.378ms
[2025-12-06T04:08:00.716+0000][36.008s][info ][gc,marking  ] GC(60) Concurrent Preclean
[2025-12-06T04:08:00.716+0000][36.008s][info ][gc,marking  ] GC(60) Concurrent Preclean 0.348ms
[2025-12-06T04:08:00.716+0000][36.008s][debug][safepoint   ] Safepoint synchronization initiated using futex wait barrier. (45 threads)
[2025-12-06T04:08:00.717+0000][36.009s][info ][gc,start    ] GC(60) Pause Remark
[2025-12-06T04:08:00.723+0000][36.015s][info ][gc          ] GC(60) Pause Remark 218M->197M(664M) 5.991ms
[2025-12-06T04:08:00.723+0000][36.015s][info ][gc,cpu      ] GC(60) User=0.04s Sys=0.00s Real=0.00s
[2025-12-06T04:08:00.723+0000][36.015s][info ][safepoint   ] Safepoint "G1PauseRemark", Time since last: 72903724 ns, Reaching safepoint: 178961 ns, Cleanup: 133153 ns, At safepoint: 6331412 ns, Total: 6643526 ns
[2025-12-06T04:08:00.723+0000][36.015s][info ][gc,marking  ] GC(60) Concurrent Mark 69.705ms
[2025-12-06T04:08:00.723+0000][36.015s][info ][gc,marking  ] GC(60) Concurrent Rebuild Remembered Sets
[2025-12-06T04:08:00.755+0000][36.047s][info ][gc,marking  ] GC(60) Concurrent Rebuild Remembered Sets 31.403ms
[2025-12-06T04:08:00.755+0000][36.047s][debug][safepoint   ] Safepoint synchronization initiated using futex wait barrier. (45 threads)
[2025-12-06T04:08:00.755+0000][36.047s][info ][gc,start    ] GC(60) Pause Cleanup
[2025-12-06T04:08:00.755+0000][36.047s][info ][gc          ] GC(60) Pause Cleanup 203M->203M(664M) 0.573ms
[2025-12-06T04:08:00.755+0000][36.047s][info ][gc,cpu      ] GC(60) User=0.00s Sys=0.00s Real=0.00s
[2025-12-06T04:08:00.755+0000][36.048s][info ][safepoint   ] Safepoint "G1PauseCleanup", Time since last: 31755404 ns, Reaching safepoint: 24727 ns, Cleanup: 3016 ns, At safepoint: 663128 ns, Total: 690871 ns
[2025-12-06T04:08:00.755+0000][36.048s][info ][gc,marking  ] GC(60) Concurrent Cleanup for Next Mark
[2025-12-06T04:08:00.761+0000][36.053s][info ][gc,marking  ] GC(60) Concurrent Cleanup for Next Mark 5.255ms
[2025-12-06T04:08:00.761+0000][36.053s][info ][gc          ] GC(60) Concurrent Mark Cycle 117.726ms
[2025-12-06T04:08:01.819+0000][37.111s][debug][safepoint   ] Safepoint synchronization initiated using futex wait barrier. (47 threads)
[2025-12-06T04:08:01.819+0000][37.111s][info ][safepoint   ] Safepoint "Cleanup", Time since last: 1063444877 ns, Reaching safepoint: 225459 ns, Cleanup: 237462 ns, At safepoint: 67810 ns, Total: 530731 ns
[2025-12-06T04:08:03.062+0000][38.354s][debug][safepoint   ] Safepoint synchronization initiated using futex wait barrier. (55 threads)
[2025-12-06T04:08:03.062+0000][38.354s][debug][safepoint   ] ... found polling page loop exception at pc = 0x000074aabd69cec1, stub =0x000074aabca04400
[2025-12-06T04:08:03.063+0000][38.355s][info ][safepoint   ] Safepoint "Cleanup", Time since last: 1242886591 ns, Reaching safepoint: 155369 ns, Cleanup: 84344 ns, At safepoint: 30165 ns, Total: 269878 ns
[2025-12-06T04:08:03.252+0000][38.544s][debug][safepoint   ] ... found polling page loop exception at pc = 0x000074aabd6e40ea, stub =0x000074aabca04400
[2025-12-06T04:08:03.833+0000][39.125s][debug][safepoint   ] Safepoint synchronization initiated using futex wait barrier. (63 threads)
[2025-12-06T04:08:03.833+0000][39.125s][info ][safepoint   ] Safepoint "ICBufferFull", Time since last: 770079643 ns, Reaching safepoint: 69612 ns, Cleanup: 189613 ns, At safepoint: 5151 ns, Total: 264376 ns
[2025-12-06T04:08:03.969+0000][39.261s][debug][safepoint   ] Safepoint synchronization initiated using futex wait barrier. (63 threads)
[2025-12-06T04:08:03.969+0000][39.261s][info ][gc,start    ] GC(61) Pause Young (Prepare Mixed) (G1 Evacuation Pause)
[2025-12-06T04:08:03.969+0000][39.261s][info ][gc,task     ] GC(61) Using 13 workers of 13 for evacuation
[2025-12-06T04:08:03.990+0000][39.282s][info ][gc,phases   ] GC(61)   Pre Evacuate Collection Set: 0.4ms
[2025-12-06T04:08:03.990+0000][39.282s][info ][gc,phases   ] GC(61)   Merge Heap Roots: 0.4ms
[2025-12-06T04:08:03.990+0000][39.282s][info ][gc,phases   ] GC(61)   Evacuate Collection Set: 17.2ms
[2025-12-06T04:08:03.990+0000][39.282s][info ][gc,phases   ] GC(61)   Post Evacuate Collection Set: 3.1ms
[2025-12-06T04:08:03.990+0000][39.282s][info ][gc,phases   ] GC(61)   Other: 0.2ms
[2025-12-06T04:08:03.990+0000][39.282s][info ][gc,heap     ] GC(61) Eden regions: 331->0(2)
[2025-12-06T04:08:03.990+0000][39.282s][info ][gc,heap     ] GC(61) Survivor regions: 22->31(45)
[2025-12-06T04:08:03.990+0000][39.282s][info ][gc,heap     ] GC(61) Old regions: 160->160
[2025-12-06T04:08:03.990+0000][39.282s][info ][gc,heap     ] GC(61) Archive regions: 2->2
[2025-12-06T04:08:03.990+0000][39.282s][info ][gc,heap     ] GC(61) Humongous regions: 1->0
[2025-12-06T04:08:03.990+0000][39.282s][info ][gc,metaspace] GC(61) Metaspace: 136717K(137792K)->136717K(137792K) NonClass: 119501K(120064K)->119501K(120064K) Class: 17215K(17728K)->17215K(17728K)
[2025-12-06T04:08:03.990+0000][39.283s][info ][gc          ] GC(61) Pause Young (Prepare Mixed) (G1 Evacuation Pause) 514M->191M(664M) 21.407ms
[2025-12-06T04:08:03.990+0000][39.283s][info ][gc,cpu      ] GC(61) User=0.12s Sys=0.13s Real=0.02s
[2025-12-06T04:08:03.991+0000][39.283s][info ][safepoint   ] Safepoint "G1CollectForAllocation", Time since last: 135977428 ns, Reaching safepoint: 56032 ns, Cleanup: 24153 ns, At safepoint: 21823589 ns, Total: 21903774 ns
[2025-12-06T04:08:03.996+0000][39.288s][debug][safepoint   ] Safepoint synchronization initiated using futex wait barrier. (63 threads)
[2025-12-06T04:08:03.996+0000][39.288s][info ][gc,start    ] GC(62) Pause Young (Mixed) (G1 Evacuation Pause)
[2025-12-06T04:08:03.996+0000][39.288s][info ][gc,task     ] GC(62) Using 13 workers of 13 for evacuation
[2025-12-06T04:08:04.010+0000][39.302s][info ][gc,phases   ] GC(62)   Pre Evacuate Collection Set: 0.6ms
[2025-12-06T04:08:04.010+0000][39.302s][info ][gc,phases   ] GC(62)   Merge Heap Roots: 0.4ms
[2025-12-06T04:08:04.010+0000][39.302s][info ][gc,phases   ] GC(62)   Evacuate Collection Set: 10.6ms
[2025-12-06T04:08:04.010+0000][39.302s][info ][gc,phases   ] GC(62)   Post Evacuate Collection Set: 2.3ms
[2025-12-06T04:08:04.010+0000][39.302s][info ][gc,phases   ] GC(62)   Other: 0.1ms
[2025-12-06T04:08:04.010+0000][39.302s][info ][gc,heap     ] GC(62) Eden regions: 2->0(389)
[2025-12-06T04:08:04.010+0000][39.302s][info ][gc,heap     ] GC(62) Survivor regions: 31->4(5)
[2025-12-06T04:08:04.010+0000][39.302s][info ][gc,heap     ] GC(62) Old regions: 160->145
[2025-12-06T04:08:04.010+0000][39.302s][info ][gc,heap     ] GC(62) Archive regions: 2->2
[2025-12-06T04:08:04.010+0000][39.302s][info ][gc,heap     ] GC(62) Humongous regions: 0->0
[2025-12-06T04:08:04.010+0000][39.302s][info ][gc,metaspace] GC(62) Metaspace: 136717K(137792K)->136717K(137792K) NonClass: 119501K(120064K)->119501K(120064K) Class: 17215K(17728K)->17215K(17728K)
[2025-12-06T04:08:04.010+0000][39.302s][info ][gc          ] GC(62) Pause Young (Mixed) (G1 Evacuation Pause) 193M->149M(664M) 14.111ms
[2025-12-06T04:08:04.010+0000][39.302s][info ][gc,cpu      ] GC(62) User=0.15s Sys=0.00s Real=0.02s
[2025-12-06T04:08:04.010+0000][39.303s][info ][safepoint   ] Safepoint "G1CollectForAllocation", Time since last: 5241009 ns, Reaching safepoint: 69502 ns, Cleanup: 9881 ns, At safepoint: 14371907 ns, Total: 14451290 ns
[2025-12-06T04:08:05.011+0000][40.303s][debug][safepoint   ] Safepoint synchronization initiated using futex wait barrier. (63 threads)
[2025-12-06T04:08:05.017+0000][40.309s][info ][safepoint   ] Safepoint "Cleanup", Time since last: 1000206399 ns, Reaching safepoint: 5919120 ns, Cleanup: 140457 ns, At safepoint: 144485 ns, Total: 6204062 ns
[2025-12-06T04:08:06.215+0000][41.507s][debug][safepoint   ] Safepoint synchronization initiated using futex wait barrier. (60 threads)
[2025-12-06T04:08:06.216+0000][41.508s][info ][safepoint   ] Safepoint "Cleanup", Time since last: 1198371523 ns, Reaching safepoint: 159999 ns, Cleanup: 89635 ns, At safepoint: 34465 ns, Total: 284099 ns
[2025-12-06T04:08:06.690+0000][41.983s][debug][safepoint   ] Safepoint synchronization initiated using futex wait barrier. (65 threads)
[2025-12-06T04:08:06.691+0000][41.983s][info ][gc,start    ] GC(63) Pause Young (Normal) (G1 Evacuation Pause)
[2025-12-06T04:08:06.691+0000][41.983s][info ][gc,task     ] GC(63) Using 13 workers of 13 for evacuation
[2025-12-06T04:08:06.701+0000][41.993s][info ][gc,phases   ] GC(63)   Pre Evacuate Collection Set: 0.7ms
[2025-12-06T04:08:06.701+0000][41.993s][info ][gc,phases   ] GC(63)   Merge Heap Roots: 0.7ms
[2025-12-06T04:08:06.701+0000][41.993s][info ][gc,phases   ] GC(63)   Evacuate Collection Set: 5.9ms
[2025-12-06T04:08:06.701+0000][41.993s][info ][gc,phases   ] GC(63)   Post Evacuate Collection Set: 2.6ms
[2025-12-06T04:08:06.701+0000][41.993s][info ][gc,phases   ] GC(63)   Other: 0.1ms
[2025-12-06T04:08:06.701+0000][41.993s][info ][gc,heap     ] GC(63) Eden regions: 389->0(379)
[2025-12-06T04:08:06.701+0000][41.993s][info ][gc,heap     ] GC(63) Survivor regions: 4->13(50)
[2025-12-06T04:08:06.701+0000][41.993s][info ][gc,heap     ] GC(63) Old regions: 145->145
[2025-12-06T04:08:06.701+0000][41.993s][info ][gc,heap     ] GC(63) Archive regions: 2->2
[2025-12-06T04:08:06.701+0000][41.993s][info ][gc,heap     ] GC(63) Humongous regions: 0->0
[2025-12-06T04:08:06.701+0000][41.993s][info ][gc,metaspace] GC(63) Metaspace: 147096K(148288K)->147096K(148288K) NonClass: 129155K(129792K)->129155K(129792K) Class: 17940K(18496K)->17940K(18496K)
[2025-12-06T04:08:06.701+0000][41.993s][info ][gc          ] GC(63) Pause Young (Normal) (G1 Evacuation Pause) 538M->158M(664M) 10.202ms
[2025-12-06T04:08:06.701+0000][41.993s][info ][gc,cpu      ] GC(63) User=0.07s Sys=0.00s Real=0.01s
[2025-12-06T04:08:06.701+0000][41.993s][info ][safepoint   ] Safepoint "G1CollectForAllocation", Time since last: 474909949 ns, Reaching safepoint: 50550 ns, Cleanup: 31268 ns, At safepoint: 10381734 ns, Total: 10463552 ns
[2025-12-06T04:08:06.831+0000][42.123s][info ][cds,heap    ] initialize_from_archived_subgraph jdk.internal.math.FDBigInteger 0x000074aa5314dd58
[2025-12-06T04:08:07.701+0000][42.993s][debug][safepoint   ] Safepoint synchronization initiated using futex wait barrier. (79 threads)
[2025-12-06T04:08:07.701+0000][42.993s][debug][safepoint   ] ... found polling page loop exception at pc = 0x000074aabd7090ea, stub =0x000074aabca04400
[2025-12-06T04:08:07.701+0000][42.994s][info ][safepoint   ] Safepoint "Cleanup", Time since last: 1000202185 ns, Reaching safepoint: 168687 ns, Cleanup: 157103 ns, At safepoint: 32290 ns, Total: 358080 ns
[2025-12-06T04:08:08.808+0000][44.100s][debug][safepoint   ] Safepoint synchronization initiated using futex wait barrier. (82 threads)
[2025-12-06T04:08:08.808+0000][44.100s][info ][safepoint   ] Safepoint "ICBufferFull", Time since last: 1106269980 ns, Reaching safepoint: 167174 ns, Cleanup: 160801 ns, At safepoint: 61043 ns, Total: 389018 ns
[2025-12-06T04:08:08.883+0000][44.175s][debug][safepoint   ] Safepoint synchronization initiated using futex wait barrier. (82 threads)
[2025-12-06T04:08:08.883+0000][44.175s][info ][gc,start    ] GC(64) Pause Young (Normal) (G1 Evacuation Pause)
[2025-12-06T04:08:08.883+0000][44.175s][info ][gc,task     ] GC(64) Using 13 workers of 13 for evacuation
[2025-12-06T04:08:08.894+0000][44.186s][info ][gc,phases   ] GC(64)   Pre Evacuate Collection Set: 0.5ms
[2025-12-06T04:08:08.894+0000][44.186s][info ][gc,phases   ] GC(64)   Merge Heap Roots: 0.4ms
[2025-12-06T04:08:08.894+0000][44.186s][info ][gc,phases   ] GC(64)   Evacuate Collection Set: 7.2ms
[2025-12-06T04:08:08.894+0000][44.186s][info ][gc,phases   ] GC(64)   Post Evacuate Collection Set: 2.7ms
[2025-12-06T04:08:08.894+0000][44.186s][info ][gc,phases   ] GC(64)   Other: 0.1ms
[2025-12-06T04:08:08.894+0000][44.186s][info ][gc,heap     ] GC(64) Eden regions: 379->0(376)
[2025-12-06T04:08:08.894+0000][44.186s][info ][gc,heap     ] GC(64) Survivor regions: 13->22(49)
[2025-12-06T04:08:08.894+0000][44.186s][info ][gc,heap     ] GC(64) Old regions: 145->145
[2025-12-06T04:08:08.894+0000][44.186s][info ][gc,heap     ] GC(64) Archive regions: 2->2
[2025-12-06T04:08:08.894+0000][44.186s][info ][gc,heap     ] GC(64) Humongous regions: 0->0
[2025-12-06T04:08:08.894+0000][44.186s][info ][gc,metaspace] GC(64) Metaspace: 154206K(155392K)->154206K(155392K) NonClass: 135384K(136000K)->135384K(136000K) Class: 18822K(19392K)->18822K(19392K)
[2025-12-06T04:08:08.894+0000][44.186s][info ][gc          ] GC(64) Pause Young (Normal) (G1 Evacuation Pause) 537M->167M(664M) 11.076ms
[2025-12-06T04:08:08.894+0000][44.186s][info ][gc,cpu      ] GC(64) User=0.11s Sys=0.00s Real=0.01s
[2025-12-06T04:08:08.894+0000][44.186s][info ][safepoint   ] Safepoint "G1CollectForAllocation", Time since last: 74540474 ns, Reaching safepoint: 61695 ns, Cleanup: 37923 ns, At safepoint: 11451305 ns, Total: 11550923 ns
[2025-12-06T04:08:10.109+0000][45.401s][debug][safepoint   ] Safepoint synchronization initiated using futex wait barrier. (81 threads)
[2025-12-06T04:08:10.109+0000][45.402s][info ][safepoint   ] Safepoint "Cleanup", Time since last: 1214914578 ns, Reaching safepoint: 66346 ns, Cleanup: 170368 ns, At safepoint: 66115 ns, Total: 302829 ns
[2025-12-06T04:08:10.649+0000][45.942s][debug][safepoint   ] Safepoint synchronization initiated using futex wait barrier. (81 threads)
[2025-12-06T04:08:10.650+0000][45.942s][info ][safepoint   ] Safepoint "ICBufferFull", Time since last: 540041143 ns, Reaching safepoint: 55564 ns, Cleanup: 176100 ns, At safepoint: 33388 ns, Total: 265052 ns
[2025-12-06T04:08:10.922+0000][46.214s][debug][safepoint   ] Safepoint synchronization initiated using futex wait barrier. (80 threads)
[2025-12-06T04:08:10.922+0000][46.215s][info ][gc,start    ] GC(65) Pause Young (Concurrent Start) (G1 Evacuation Pause)
[2025-12-06T04:08:10.922+0000][46.215s][info ][gc,task     ] GC(65) Using 13 workers of 13 for evacuation
[2025-12-06T04:08:10.939+0000][46.231s][info ][gc,phases   ] GC(65)   Pre Evacuate Collection Set: 0.7ms
[2025-12-06T04:08:10.939+0000][46.231s][info ][gc,phases   ] GC(65)   Merge Heap Roots: 0.4ms
[2025-12-06T04:08:10.939+0000][46.231s][info ][gc,phases   ] GC(65)   Evacuate Collection Set: 12.4ms
[2025-12-06T04:08:10.939+0000][46.231s][info ][gc,phases   ] GC(65)   Post Evacuate Collection Set: 2.9ms
[2025-12-06T04:08:10.939+0000][46.231s][info ][gc,phases   ] GC(65)   Other: 0.2ms
[2025-12-06T04:08:10.939+0000][46.231s][info ][gc,heap     ] GC(65) Eden regions: 376->0(368)
[2025-12-06T04:08:10.939+0000][46.231s][info ][gc,heap     ] GC(65) Survivor regions: 22->30(50)
[2025-12-06T04:08:10.939+0000][46.231s][info ][gc,heap     ] GC(65) Old regions: 145->145
[2025-12-06T04:08:10.939+0000][46.231s][info ][gc,heap     ] GC(65) Archive regions: 2->2
[2025-12-06T04:08:10.939+0000][46.231s][info ][gc,heap     ] GC(65) Humongous regions: 0->0
[2025-12-06T04:08:10.939+0000][46.231s][info ][gc,metaspace] GC(65) Metaspace: 159584K(160832K)->159584K(160832K) NonClass: 139953K(140608K)->139953K(140608K) Class: 19630K(20224K)->19630K(20224K)
[2025-12-06T04:08:10.939+0000][46.231s][info ][gc          ] GC(65) Pause Young (Concurrent Start) (G1 Evacuation Pause) 543M->175M(664M) 16.779ms
[2025-12-06T04:08:10.939+0000][46.231s][info ][gc,cpu      ] GC(65) User=0.14s Sys=0.00s Real=0.02s
[2025-12-06T04:08:10.939+0000][46.231s][info ][gc          ] GC(66) Concurrent Mark Cycle
[2025-12-06T04:08:10.939+0000][46.231s][info ][gc,marking  ] GC(66) Concurrent Clear Claimed Marks
[2025-12-06T04:08:10.939+0000][46.231s][info ][safepoint   ] Safepoint "G1CollectForAllocation", Time since last: 272575309 ns, Reaching safepoint: 68190 ns, Cleanup: 21614 ns, At safepoint: 16964209 ns, Total: 17054013 ns
[2025-12-06T04:08:10.940+0000][46.232s][info ][gc,marking  ] GC(66) Concurrent Clear Claimed Marks 0.207ms
[2025-12-06T04:08:10.940+0000][46.232s][info ][gc,marking  ] GC(66) Concurrent Scan Root Regions
[2025-12-06T04:08:10.951+0000][46.243s][info ][gc,marking  ] GC(66) Concurrent Scan Root Regions 11.193ms
[2025-12-06T04:08:10.951+0000][46.243s][info ][gc,marking  ] GC(66) Concurrent Mark
[2025-12-06T04:08:10.951+0000][46.243s][info ][gc,marking  ] GC(66) Concurrent Mark From Roots
[2025-12-06T04:08:10.951+0000][46.243s][info ][gc,task     ] GC(66) Using 3 workers of 3 for marking
[2025-12-06T04:08:11.025+0000][46.317s][info ][gc,marking  ] GC(66) Concurrent Mark From Roots 74.293ms
[2025-12-06T04:08:11.025+0000][46.317s][info ][gc,marking  ] GC(66) Concurrent Preclean
[2025-12-06T04:08:11.026+0000][46.318s][info ][gc,marking  ] GC(66) Concurrent Preclean 0.360ms
[2025-12-06T04:08:11.026+0000][46.318s][debug][safepoint   ] Safepoint synchronization initiated using futex wait barrier. (97 threads)
[2025-12-06T04:08:11.026+0000][46.318s][debug][safepoint   ] ... found polling page loop exception at pc = 0x000074aabd51406c, stub =0x000074aabca04400
[2025-12-06T04:08:11.026+0000][46.318s][info ][gc,start    ] GC(66) Pause Remark
[2025-12-06T04:08:11.032+0000][46.324s][info ][gc          ] GC(66) Pause Remark 194M->194M(654M) 6.235ms
[2025-12-06T04:08:11.032+0000][46.324s][info ][gc,cpu      ] GC(66) User=0.04s Sys=0.00s Real=0.01s
[2025-12-06T04:08:11.032+0000][46.324s][info ][safepoint   ] Safepoint "G1PauseRemark", Time since last: 86250685 ns, Reaching safepoint: 177758 ns, Cleanup: 10682 ns, At safepoint: 6439515 ns, Total: 6627955 ns
[2025-12-06T04:08:11.032+0000][46.324s][info ][gc,marking  ] GC(66) Concurrent Mark 81.501ms
[2025-12-06T04:08:11.032+0000][46.324s][info ][gc,marking  ] GC(66) Concurrent Rebuild Remembered Sets
[2025-12-06T04:08:11.078+0000][46.371s][info ][gc,marking  ] GC(66) Concurrent Rebuild Remembered Sets 46.140ms
[2025-12-06T04:08:11.079+0000][46.371s][debug][safepoint   ] Safepoint synchronization initiated using futex wait barrier. (97 threads)
[2025-12-06T04:08:11.079+0000][46.371s][info ][gc,start    ] GC(66) Pause Cleanup
[2025-12-06T04:08:11.079+0000][46.372s][info ][gc          ] GC(66) Pause Cleanup 201M->201M(654M) 0.511ms
[2025-12-06T04:08:11.079+0000][46.372s][info ][gc,cpu      ] GC(66) User=0.01s Sys=0.00s Real=0.00s
[2025-12-06T04:08:11.079+0000][46.372s][info ][safepoint   ] Safepoint "G1PauseCleanup", Time since last: 46407028 ns, Reaching safepoint: 207068 ns, Cleanup: 9920 ns, At safepoint: 611270 ns, Total: 828258 ns
[2025-12-06T04:08:11.080+0000][46.372s][info ][gc,marking  ] GC(66) Concurrent Cleanup for Next Mark
[2025-12-06T04:08:11.080+0000][46.372s][info ][gc,marking  ] GC(66) Concurrent Cleanup for Next Mark 0.683ms
[2025-12-06T04:08:11.080+0000][46.372s][info ][gc          ] GC(66) Concurrent Mark Cycle 140.957ms
[2025-12-06T04:08:11.955+0000][47.247s][debug][safepoint   ] Safepoint synchronization initiated using futex wait barrier. (138 threads)
[2025-12-06T04:08:11.956+0000][47.248s][info ][safepoint   ] Safepoint "ICBufferFull", Time since last: 875306059 ns, Reaching safepoint: 316842 ns, Cleanup: 198366 ns, At safepoint: 242215 ns, Total: 757423 ns
[2025-12-06T04:08:12.425+0000][47.717s][debug][safepoint   ] Safepoint synchronization initiated using futex wait barrier. (144 threads)
[2025-12-06T04:08:12.425+0000][47.718s][info ][gc,start    ] GC(67) Pause Young (Prepare Mixed) (G1 Evacuation Pause)
[2025-12-06T04:08:12.425+0000][47.718s][info ][gc,task     ] GC(67) Using 13 workers of 13 for evacuation
[2025-12-06T04:08:12.445+0000][47.737s][info ][gc,phases   ] GC(67)   Pre Evacuate Collection Set: 0.6ms
[2025-12-06T04:08:12.445+0000][47.737s][info ][gc,phases   ] GC(67)   Merge Heap Roots: 0.4ms
[2025-12-06T04:08:12.445+0000][47.737s][info ][gc,phases   ] GC(67)   Evacuate Collection Set: 15.2ms
[2025-12-06T04:08:12.445+0000][47.737s][info ][gc,phases   ] GC(67)   Post Evacuate Collection Set: 3.0ms
[2025-12-06T04:08:12.445+0000][47.737s][info ][gc,phases   ] GC(67)   Other: 0.2ms
[2025-12-06T04:08:12.445+0000][47.737s][info ][gc,heap     ] GC(67) Eden regions: 362->0(1)
[2025-12-06T04:08:12.445+0000][47.737s][info ][gc,heap     ] GC(67) Survivor regions: 30->46(49)
[2025-12-06T04:08:12.445+0000][47.737s][info ][gc,heap     ] GC(67) Old regions: 145->156
[2025-12-06T04:08:12.445+0000][47.737s][info ][gc,heap     ] GC(67) Archive regions: 2->2
[2025-12-06T04:08:12.445+0000][47.737s][info ][gc,heap     ] GC(67) Humongous regions: 1->1
[2025-12-06T04:08:12.445+0000][47.737s][info ][gc,metaspace] GC(67) Metaspace: 165305K(166528K)->165305K(166528K) NonClass: 144900K(145536K)->144900K(145536K) Class: 20404K(20992K)->20404K(20992K)
[2025-12-06T04:08:12.445+0000][47.737s][info ][gc          ] GC(67) Pause Young (Prepare Mixed) (G1 Evacuation Pause) 538M->203M(654M) 19.413ms
[2025-12-06T04:08:12.445+0000][47.737s][info ][gc,cpu      ] GC(67) User=0.21s Sys=0.01s Real=0.02s
[2025-12-06T04:08:12.446+0000][47.738s][info ][safepoint   ] Safepoint "G1CollectForAllocation", Time since last: 469520375 ns, Reaching safepoint: 71867 ns, Cleanup: 219820 ns, At safepoint: 20176215 ns, Total: 20467902 ns
[2025-12-06T04:08:12.448+0000][47.740s][debug][safepoint   ] Safepoint synchronization initiated using futex wait barrier. (144 threads)
[2025-12-06T04:08:12.449+0000][47.741s][info ][gc,start    ] GC(68) Pause Young (Mixed) (G1 Evacuation Pause)
[2025-12-06T04:08:12.449+0000][47.741s][info ][gc,task     ] GC(68) Using 13 workers of 13 for evacuation
[2025-12-06T04:08:12.462+0000][47.754s][info ][gc,phases   ] GC(68)   Pre Evacuate Collection Set: 0.5ms
[2025-12-06T04:08:12.462+0000][47.754s][info ][gc,phases   ] GC(68)   Merge Heap Roots: 0.4ms
[2025-12-06T04:08:12.462+0000][47.754s][info ][gc,phases   ] GC(68)   Evacuate Collection Set: 10.2ms
[2025-12-06T04:08:12.462+0000][47.754s][info ][gc,phases   ] GC(68)   Post Evacuate Collection Set: 2.0ms
[2025-12-06T04:08:12.462+0000][47.754s][info ][gc,phases   ] GC(68)   Other: 0.2ms
[2025-12-06T04:08:12.462+0000][47.754s][info ][gc,heap     ] GC(68) Eden regions: 1->0(335)
[2025-12-06T04:08:12.462+0000][47.754s][info ][gc,heap     ] GC(68) Survivor regions: 46->5(6)
[2025-12-06T04:08:12.462+0000][47.754s][info ][gc,heap     ] GC(68) Old regions: 156->189
[2025-12-06T04:08:12.462+0000][47.754s][info ][gc,heap     ] GC(68) Archive regions: 2->2
[2025-12-06T04:08:12.462+0000][47.754s][info ][gc,heap     ] GC(68) Humongous regions: 1->1
[2025-12-06T04:08:12.462+0000][47.754s][info ][gc,metaspace] GC(68) Metaspace: 165336K(166592K)->165336K(166592K) NonClass: 144927K(145600K)->144927K(145600K) Class: 20408K(20992K)->20408K(20992K)
[2025-12-06T04:08:12.462+0000][47.754s][info ][gc          ] GC(68) Pause Young (Mixed) (G1 Evacuation Pause) 204M->195M(654M) 13.302ms
[2025-12-06T04:08:12.462+0000][47.754s][info ][gc,cpu      ] GC(68) User=0.14s Sys=0.00s Real=0.01s
[2025-12-06T04:08:12.463+0000][47.755s][info ][safepoint   ] Safepoint "G1CollectForAllocation", Time since last: 2688630 ns, Reaching safepoint: 719708 ns, Cleanup: 8598 ns, At safepoint: 13809590 ns, Total: 14537896 ns
[2025-12-06T04:08:12.981+0000][48.273s][debug][safepoint   ] Safepoint synchronization initiated using futex wait barrier. (158 threads)
[2025-12-06T04:08:12.981+0000][48.273s][debug][safepoint   ] ... found polling page loop exception at pc = 0x000074aabd84ea10, stub =0x000074aabca04400
[2025-12-06T04:08:12.981+0000][48.274s][info ][gc,start    ] GC(69) Pause Young (Normal) (G1 Evacuation Pause)
[2025-12-06T04:08:12.981+0000][48.274s][info ][gc,task     ] GC(69) Using 13 workers of 13 for evacuation
[2025-12-06T04:08:13.007+0000][48.299s][info ][gc,phases   ] GC(69)   Pre Evacuate Collection Set: 0.6ms
[2025-12-06T04:08:13.007+0000][48.299s][info ][gc,phases   ] GC(69)   Merge Heap Roots: 0.3ms
[2025-12-06T04:08:13.007+0000][48.299s][info ][gc,phases   ] GC(69)   Evacuate Collection Set: 22.9ms
[2025-12-06T04:08:13.007+0000][48.299s][info ][gc,phases   ] GC(69)   Post Evacuate Collection Set: 2.0ms
[2025-12-06T04:08:13.007+0000][48.299s][info ][gc,phases   ] GC(69)   Other: 0.2ms
[2025-12-06T04:08:13.007+0000][48.300s][info ][gc,heap     ] GC(69) Eden regions: 335->0(265)
[2025-12-06T04:08:13.007+0000][48.300s][info ][gc,heap     ] GC(69) Survivor regions: 5->43(43)
[2025-12-06T04:08:13.007+0000][48.300s][info ][gc,heap     ] GC(69) Old regions: 189->199
[2025-12-06T04:08:13.007+0000][48.300s][info ][gc,heap     ] GC(69) Archive regions: 2->2
[2025-12-06T04:08:13.007+0000][48.300s][info ][gc,heap     ] GC(69) Humongous regions: 4->4
[2025-12-06T04:08:13.007+0000][48.300s][info ][gc,metaspace] GC(69) Metaspace: 168688K(169984K)->168688K(169984K) NonClass: 147796K(148480K)->147796K(148480K) Class: 20891K(21504K)->20891K(21504K)
[2025-12-06T04:08:13.007+0000][48.300s][info ][gc          ] GC(69) Pause Young (Normal) (G1 Evacuation Pause) 533M->246M(654M) 26.051ms
[2025-12-06T04:08:13.008+0000][48.300s][info ][gc,cpu      ] GC(69) User=0.22s Sys=0.00s Real=0.02s
[2025-12-06T04:08:13.008+0000][48.300s][info ][safepoint   ] Safepoint "G1CollectForAllocation", Time since last: 518248818 ns, Reaching safepoint: 199398 ns, Cleanup: 175308 ns, At safepoint: 26929321 ns, Total: 27304027 ns
[2025-12-06T04:08:13.238+0000][48.530s][debug][safepoint   ] Safepoint synchronization initiated using futex wait barrier. (179 threads)
[2025-12-06T04:08:13.239+0000][48.531s][info ][safepoint   ] Safepoint "ICBufferFull", Time since last: 229256042 ns, Reaching safepoint: 1041640 ns, Cleanup: 161841 ns, At safepoint: 251213 ns, Total: 1454694 ns
[2025-12-06T04:08:13.466+0000][48.758s][debug][safepoint   ] Safepoint synchronization initiated using futex wait barrier. (240 threads)
[2025-12-06T04:08:13.466+0000][48.758s][info ][gc,start    ] GC(70) Pause Young (Normal) (G1 Evacuation Pause)
[2025-12-06T04:08:13.466+0000][48.758s][info ][gc,task     ] GC(70) Using 13 workers of 13 for evacuation
[2025-12-06T04:08:13.490+0000][48.782s][info ][gc,phases   ] GC(70)   Pre Evacuate Collection Set: 0.5ms
[2025-12-06T04:08:13.490+0000][48.782s][info ][gc,phases   ] GC(70)   Merge Heap Roots: 0.4ms
[2025-12-06T04:08:13.490+0000][48.782s][info ][gc,phases   ] GC(70)   Evacuate Collection Set: 20.3ms
[2025-12-06T04:08:13.490+0000][48.782s][info ][gc,phases   ] GC(70)   Post Evacuate Collection Set: 2.2ms
[2025-12-06T04:08:13.490+0000][48.782s][info ][gc,phases   ] GC(70)   Other: 0.4ms
[2025-12-06T04:08:13.490+0000][48.782s][info ][gc,heap     ] GC(70) Eden regions: 265->0(257)
[2025-12-06T04:08:13.490+0000][48.782s][info ][gc,heap     ] GC(70) Survivor regions: 43->15(39)
[2025-12-06T04:08:13.490+0000][48.782s][info ][gc,heap     ] GC(70) Old regions: 199->244
[2025-12-06T04:08:13.490+0000][48.782s][info ][gc,heap     ] GC(70) Archive regions: 2->2
[2025-12-06T04:08:13.490+0000][48.782s][info ][gc,heap     ] GC(70) Humongous regions: 4->4
[2025-12-06T04:08:13.490+0000][48.782s][info ][gc,metaspace] GC(70) Metaspace: 173024K(174336K)->173024K(174336K) NonClass: 151580K(152256K)->151580K(152256K) Class: 21443K(22080K)->21443K(22080K)
[2025-12-06T04:08:13.490+0000][48.782s][info ][gc          ] GC(70) Pause Young (Normal) (G1 Evacuation Pause) 511M->262M(654M) 23.913ms
[2025-12-06T04:08:13.490+0000][48.782s][info ][gc,cpu      ] GC(70) User=0.24s Sys=0.03s Real=0.03s
[2025-12-06T04:08:13.492+0000][48.784s][info ][safepoint   ] Safepoint "G1CollectForAllocation", Time since last: 226870446 ns, Reaching safepoint: 75194 ns, Cleanup: 93140 ns, At safepoint: 25986280 ns, Total: 26154614 ns
[2025-12-06T04:08:13.644+0000][48.936s][debug][safepoint   ] ... found polling page loop exception at pc = 0x000074aabdef3326, stub =0x000074aabca04400
[2025-12-06T04:08:13.805+0000][49.097s][debug][safepoint   ] Safepoint synchronization initiated using futex wait barrier. (243 threads)
[2025-12-06T04:08:13.805+0000][49.097s][info ][gc,start    ] GC(71) Pause Young (Concurrent Start) (G1 Humongous Allocation)
[2025-12-06T04:08:13.805+0000][49.097s][info ][gc,task     ] GC(71) Using 13 workers of 13 for evacuation
[2025-12-06T04:08:13.817+0000][49.109s][info ][gc,phases   ] GC(71)   Pre Evacuate Collection Set: 0.7ms
[2025-12-06T04:08:13.817+0000][49.109s][info ][gc,phases   ] GC(71)   Merge Heap Roots: 0.4ms
[2025-12-06T04:08:13.817+0000][49.109s][info ][gc,phases   ] GC(71)   Evacuate Collection Set: 8.2ms
[2025-12-06T04:08:13.817+0000][49.109s][info ][gc,phases   ] GC(71)   Post Evacuate Collection Set: 2.3ms
[2025-12-06T04:08:13.817+0000][49.109s][info ][gc,phases   ] GC(71)   Other: 0.3ms
[2025-12-06T04:08:13.817+0000][49.109s][info ][gc,heap     ] GC(71) Eden regions: 197->0(249)
[2025-12-06T04:08:13.817+0000][49.109s][info ][gc,heap     ] GC(71) Survivor regions: 15->25(34)
[2025-12-06T04:08:13.817+0000][49.109s][info ][gc,heap     ] GC(71) Old regions: 244->244
[2025-12-06T04:08:13.817+0000][49.109s][info ][gc,heap     ] GC(71) Archive regions: 2->2
[2025-12-06T04:08:13.817+0000][49.109s][info ][gc,heap     ] GC(71) Humongous regions: 4->4
[2025-12-06T04:08:13.817+0000][49.109s][info ][gc,metaspace] GC(71) Metaspace: 174423K(175744K)->174423K(175744K) NonClass: 152834K(153536K)->152834K(153536K) Class: 21588K(22208K)->21588K(22208K)
[2025-12-06T04:08:13.817+0000][49.109s][info ][gc          ] GC(71) Pause Young (Concurrent Start) (G1 Humongous Allocation) 459M->272M(654M) 12.021ms
[2025-12-06T04:08:13.817+0000][49.109s][info ][gc,cpu      ] GC(71) User=0.10s Sys=0.00s Real=0.02s
[2025-12-06T04:08:13.817+0000][49.109s][info ][gc          ] GC(72) Concurrent Mark Cycle
[2025-12-06T04:08:13.817+0000][49.109s][info ][gc,marking  ] GC(72) Concurrent Clear Claimed Marks
[2025-12-06T04:08:13.817+0000][49.109s][info ][safepoint   ] Safepoint "G1TryInitiateConcMark", Time since last: 312652872 ns, Reaching safepoint: 59822 ns, Cleanup: 170429 ns, At safepoint: 12372472 ns, Total: 12602723 ns
[2025-12-06T04:08:13.817+0000][49.110s][info ][gc,marking  ] GC(72) Concurrent Clear Claimed Marks 0.250ms
[2025-12-06T04:08:13.817+0000][49.110s][info ][gc,marking  ] GC(72) Concurrent Scan Root Regions
[2025-12-06T04:08:13.824+0000][49.116s][info ][gc,marking  ] GC(72) Concurrent Scan Root Regions 6.298ms
[2025-12-06T04:08:13.824+0000][49.116s][info ][gc,marking  ] GC(72) Concurrent Mark
[2025-12-06T04:08:13.824+0000][49.116s][info ][gc,marking  ] GC(72) Concurrent Mark From Roots
[2025-12-06T04:08:13.824+0000][49.116s][info ][gc,task     ] GC(72) Using 3 workers of 3 for marking
[2025-12-06T04:08:13.902+0000][49.194s][info ][gc,marking  ] GC(72) Concurrent Mark From Roots 78.560ms
[2025-12-06T04:08:13.902+0000][49.195s][info ][gc,marking  ] GC(72) Concurrent Preclean
[2025-12-06T04:08:13.903+0000][49.195s][info ][gc,marking  ] GC(72) Concurrent Preclean 0.347ms
[2025-12-06T04:08:13.903+0000][49.195s][debug][safepoint   ] Safepoint synchronization initiated using futex wait barrier. (242 threads)
[2025-12-06T04:08:13.903+0000][49.195s][info ][gc,start    ] GC(72) Pause Remark
[2025-12-06T04:08:13.919+0000][49.211s][info ][gc          ] GC(72) Pause Remark 329M->290M(654M) 16.335ms
[2025-12-06T04:08:13.919+0000][49.212s][info ][gc,cpu      ] GC(72) User=0.16s Sys=0.00s Real=0.02s
[2025-12-06T04:08:13.920+0000][49.212s][info ][safepoint   ] Safepoint "G1PauseRemark", Time since last: 85554498 ns, Reaching safepoint: 39952 ns, Cleanup: 14599 ns, At safepoint: 17024352 ns, Total: 17078903 ns
[2025-12-06T04:08:13.920+0000][49.212s][info ][gc,marking  ] GC(72) Concurrent Mark 96.249ms
[2025-12-06T04:08:13.920+0000][49.212s][info ][gc,marking  ] GC(72) Concurrent Rebuild Remembered Sets
[2025-12-06T04:08:13.980+0000][49.272s][info ][gc,marking  ] GC(72) Concurrent Rebuild Remembered Sets 59.842ms
[2025-12-06T04:08:13.980+0000][49.272s][debug][safepoint   ] Safepoint synchronization initiated using futex wait barrier. (242 threads)
[2025-12-06T04:08:13.980+0000][49.272s][debug][safepoint   ] ... found polling page loop exception at pc = 0x000074aabd37c9ad, stub =0x000074aabca04400
[2025-12-06T04:08:13.986+0000][49.278s][info ][gc,start    ] GC(72) Pause Cleanup
[2025-12-06T04:08:13.987+0000][49.279s][info ][gc          ] GC(72) Pause Cleanup 319M->319M(654M) 0.921ms
[2025-12-06T04:08:13.987+0000][49.279s][info ][gc,cpu      ] GC(72) User=0.00s Sys=0.00s Real=0.00s
[2025-12-06T04:08:13.987+0000][49.279s][info ][safepoint   ] Safepoint "G1PauseCleanup", Time since last: 60169393 ns, Reaching safepoint: 5676375 ns, Cleanup: 17135 ns, At safepoint: 1215093 ns, Total: 6908603 ns
[2025-12-06T04:08:13.987+0000][49.279s][info ][gc,marking  ] GC(72) Concurrent Cleanup for Next Mark
[2025-12-06T04:08:13.988+0000][49.280s][info ][gc,marking  ] GC(72) Concurrent Cleanup for Next Mark 0.702ms
[2025-12-06T04:08:13.988+0000][49.280s][info ][gc          ] GC(72) Concurrent Mark Cycle 170.757ms
[2025-12-06T04:08:14.292+0000][49.584s][debug][safepoint   ] Safepoint synchronization initiated using futex wait barrier. (246 threads)
[2025-12-06T04:08:14.294+0000][49.586s][info ][safepoint   ] Safepoint "ICBufferFull", Time since last: 305160353 ns, Reaching safepoint: 946836 ns, Cleanup: 169777 ns, At safepoint: 318070 ns, Total: 1434683 ns
[2025-12-06T04:08:14.493+0000][49.785s][debug][safepoint   ] Safepoint synchronization initiated using futex wait barrier. (260 threads)
[2025-12-06T04:08:14.493+0000][49.785s][info ][safepoint   ] Safepoint "ICBufferFull", Time since last: 198918795 ns, Reaching safepoint: 122641 ns, Cleanup: 163755 ns, At safepoint: 110285 ns, Total: 396681 ns
[2025-12-06T04:08:14.605+0000][49.897s][debug][safepoint   ] Safepoint synchronization initiated using futex wait barrier. (260 threads)
[2025-12-06T04:08:14.605+0000][49.897s][info ][gc,start    ] GC(73) Pause Young (Prepare Mixed) (G1 Evacuation Pause)
[2025-12-06T04:08:14.605+0000][49.897s][info ][gc,task     ] GC(73) Using 13 workers of 13 for evacuation
[2025-12-06T04:08:14.619+0000][49.911s][info ][gc,phases   ] GC(73)   Pre Evacuate Collection Set: 0.4ms
[2025-12-06T04:08:14.619+0000][49.911s][info ][gc,phases   ] GC(73)   Merge Heap Roots: 0.4ms
[2025-12-06T04:08:14.619+0000][49.911s][info ][gc,phases   ] GC(73)   Evacuate Collection Set: 11.3ms
[2025-12-06T04:08:14.619+0000][49.911s][info ][gc,phases   ] GC(73)   Post Evacuate Collection Set: 1.9ms
[2025-12-06T04:08:14.619+0000][49.911s][info ][gc,phases   ] GC(73)   Other: 0.2ms
[2025-12-06T04:08:14.619+0000][49.911s][info ][gc,heap     ] GC(73) Eden regions: 249->0(9)
[2025-12-06T04:08:14.619+0000][49.911s][info ][gc,heap     ] GC(73) Survivor regions: 25->23(35)
[2025-12-06T04:08:14.619+0000][49.911s][info ][gc,heap     ] GC(73) Old regions: 209->232
[2025-12-06T04:08:14.619+0000][49.911s][info ][gc,heap     ] GC(73) Archive regions: 2->2
[2025-12-06T04:08:14.619+0000][49.911s][info ][gc,heap     ] GC(73) Humongous regions: 3->3
[2025-12-06T04:08:14.619+0000][49.911s][info ][gc,metaspace] GC(73) Metaspace: 177296K(178624K)->177296K(178624K) NonClass: 155388K(156096K)->155388K(156096K) Class: 21907K(22528K)->21907K(22528K)
[2025-12-06T04:08:14.619+0000][49.911s][info ][gc          ] GC(73) Pause Young (Prepare Mixed) (G1 Evacuation Pause) 485M->258M(654M) 14.390ms
[2025-12-06T04:08:14.619+0000][49.911s][info ][gc,cpu      ] GC(73) User=0.16s Sys=0.00s Real=0.02s
[2025-12-06T04:08:14.619+0000][49.911s][info ][safepoint   ] Safepoint "G1CollectForAllocation", Time since last: 111696354 ns, Reaching safepoint: 85124 ns, Cleanup: 31554 ns, At safepoint: 14617151 ns, Total: 14733829 ns
[2025-12-06T04:08:14.657+0000][49.949s][debug][safepoint   ] Safepoint synchronization initiated using futex wait barrier. (260 threads)
[2025-12-06T04:08:14.657+0000][49.950s][info ][gc,start    ] GC(74) Pause Young (Mixed) (G1 Evacuation Pause)
[2025-12-06T04:08:14.657+0000][49.950s][info ][gc,task     ] GC(74) Using 13 workers of 13 for evacuation
[2025-12-06T04:08:14.676+0000][49.968s][info ][gc,phases   ] GC(74)   Pre Evacuate Collection Set: 0.5ms
[2025-12-06T04:08:14.676+0000][49.968s][info ][gc,phases   ] GC(74)   Merge Heap Roots: 0.4ms
[2025-12-06T04:08:14.676+0000][49.968s][info ][gc,phases   ] GC(74)   Evacuate Collection Set: 15.6ms
[2025-12-06T04:08:14.676+0000][49.968s][info ][gc,phases   ] GC(74)   Post Evacuate Collection Set: 2.1ms
[2025-12-06T04:08:14.676+0000][49.968s][info ][gc,phases   ] GC(74)   Other: 0.2ms
[2025-12-06T04:08:14.676+0000][49.968s][info ][gc,heap     ] GC(74) Eden regions: 9->0(29)
[2025-12-06T04:08:14.676+0000][49.968s][info ][gc,heap     ] GC(74) Survivor regions: 23->3(4)
[2025-12-06T04:08:14.676+0000][49.968s][info ][gc,heap     ] GC(74) Old regions: 232->196
[2025-12-06T04:08:14.676+0000][49.968s][info ][gc,heap     ] GC(74) Archive regions: 2->2
[2025-12-06T04:08:14.676+0000][49.968s][info ][gc,heap     ] GC(74) Humongous regions: 3->3
[2025-12-06T04:08:14.676+0000][49.968s][info ][gc,metaspace] GC(74) Metaspace: 177702K(179008K)->177702K(179008K) NonClass: 155778K(156480K)->155778K(156480K) Class: 21924K(22528K)->21924K(22528K)
[2025-12-06T04:08:14.676+0000][49.968s][info ][gc          ] GC(74) Pause Young (Mixed) (G1 Evacuation Pause) 267M->202M(654M) 18.832ms
[2025-12-06T04:08:14.676+0000][49.969s][info ][gc,cpu      ] GC(74) User=0.16s Sys=0.01s Real=0.01s
[2025-12-06T04:08:14.678+0000][49.970s][info ][safepoint   ] Safepoint "G1CollectForAllocation", Time since last: 37977582 ns, Reaching safepoint: 68871 ns, Cleanup: 13347 ns, At safepoint: 20413450 ns, Total: 20495668 ns
[2025-12-06T04:08:14.775+0000][50.067s][debug][safepoint   ] Safepoint synchronization initiated using futex wait barrier. (259 threads)
[2025-12-06T04:08:14.775+0000][50.067s][info ][gc,start    ] GC(75) Pause Young (Mixed) (G1 Evacuation Pause)
[2025-12-06T04:08:14.775+0000][50.067s][info ][gc,task     ] GC(75) Using 13 workers of 13 for evacuation
[2025-12-06T04:08:14.781+0000][50.073s][info ][gc,phases   ] GC(75)   Pre Evacuate Collection Set: 0.4ms
[2025-12-06T04:08:14.781+0000][50.073s][info ][gc,phases   ] GC(75)   Merge Heap Roots: 0.3ms
[2025-12-06T04:08:14.781+0000][50.073s][info ][gc,phases   ] GC(75)   Evacuate Collection Set: 3.6ms
[2025-12-06T04:08:14.781+0000][50.073s][info ][gc,phases   ] GC(75)   Post Evacuate Collection Set: 1.8ms
[2025-12-06T04:08:14.781+0000][50.073s][info ][gc,phases   ] GC(75)   Other: 0.2ms
[2025-12-06T04:08:14.781+0000][50.073s][info ][gc,heap     ] GC(75) Eden regions: 29->0(309)
[2025-12-06T04:08:14.781+0000][50.073s][info ][gc,heap     ] GC(75) Survivor regions: 3->1(4)
[2025-12-06T04:08:14.781+0000][50.073s][info ][gc,heap     ] GC(75) Old regions: 196->197
[2025-12-06T04:08:14.781+0000][50.073s][info ][gc,heap     ] GC(75) Archive regions: 2->2
[2025-12-06T04:08:14.781+0000][50.073s][info ][gc,heap     ] GC(75) Humongous regions: 3->3
[2025-12-06T04:08:14.781+0000][50.073s][info ][gc,metaspace] GC(75) Metaspace: 178251K(179584K)->178251K(179584K) NonClass: 156259K(156992K)->156259K(156992K) Class: 21992K(22592K)->21992K(22592K)
[2025-12-06T04:08:14.781+0000][50.073s][info ][gc          ] GC(75) Pause Young (Mixed) (G1 Evacuation Pause) 231M->201M(654M) 6.391ms
[2025-12-06T04:08:14.781+0000][50.073s][info ][gc,cpu      ] GC(75) User=0.03s Sys=0.00s Real=0.01s
[2025-12-06T04:08:14.783+0000][50.075s][info ][safepoint   ] Safepoint "G1CollectForAllocation", Time since last: 96822943 ns, Reaching safepoint: 51305 ns, Cleanup: 12055 ns, At safepoint: 7924600 ns, Total: 7987960 ns
[2025-12-06T04:08:16.002+0000][51.294s][debug][safepoint   ] Safepoint synchronization initiated using futex wait barrier. (255 threads)
[2025-12-06T04:08:16.002+0000][51.294s][info ][safepoint   ] Safepoint "Cleanup", Time since last: 1219468079 ns, Reaching safepoint: 60975 ns, Cleanup: 92829 ns, At safepoint: 59572 ns, Total: 213376 ns
[2025-12-06T04:08:17.067+0000][52.359s][debug][safepoint   ] Safepoint synchronization initiated using futex wait barrier. (253 threads)
[2025-12-06T04:08:17.067+0000][52.359s][info ][safepoint   ] Safepoint "Cleanup", Time since last: 1064654508 ns, Reaching safepoint: 60533 ns, Cleanup: 40493 ns, At safepoint: 44361 ns, Total: 145387 ns
[2025-12-06T04:08:18.067+0000][53.359s][debug][safepoint   ] Safepoint synchronization initiated using futex wait barrier. (255 threads)
[2025-12-06T04:08:18.067+0000][53.360s][info ][safepoint   ] Safepoint "Cleanup", Time since last: 1000223120 ns, Reaching safepoint: 83129 ns, Cleanup: 53892 ns, At safepoint: 4599 ns, Total: 141620 ns
[2025-12-06T04:08:19.836+0000][55.128s][debug][safepoint   ] Safepoint synchronization initiated using futex wait barrier. (254 threads)
[2025-12-06T04:08:19.837+0000][55.129s][info ][safepoint   ] Safepoint "Cleanup", Time since last: 1768722139 ns, Reaching safepoint: 215892 ns, Cleanup: 266187 ns, At safepoint: 41068 ns, Total: 523147 ns
[2025-12-06T04:08:20.342+0000][55.634s][debug][safepoint   ] Safepoint synchronization initiated using futex wait barrier. (255 threads)
[2025-12-06T04:08:20.342+0000][55.634s][info ][gc,start    ] GC(76) Pause Young (Normal) (G1 Preventive Collection)
[2025-12-06T04:08:20.342+0000][55.634s][info ][gc,task     ] GC(76) Using 13 workers of 13 for evacuation
[2025-12-06T04:08:20.376+0000][55.668s][info ][gc,phases   ] GC(76)   Pre Evacuate Collection Set: 0.5ms
[2025-12-06T04:08:20.376+0000][55.668s][info ][gc,phases   ] GC(76)   Merge Heap Roots: 0.4ms
[2025-12-06T04:08:20.376+0000][55.668s][info ][gc,phases   ] GC(76)   Evacuate Collection Set: 29.3ms
[2025-12-06T04:08:20.376+0000][55.668s][info ][gc,phases   ] GC(76)   Post Evacuate Collection Set: 3.4ms
[2025-12-06T04:08:20.376+0000][55.668s][info ][gc,phases   ] GC(76)   Other: 0.2ms
[2025-12-06T04:08:20.376+0000][55.668s][info ][gc,heap     ] GC(76) Eden regions: 307->0(244)
[2025-12-06T04:08:20.376+0000][55.668s][info ][gc,heap     ] GC(76) Survivor regions: 1->39(39)
[2025-12-06T04:08:20.376+0000][55.668s][info ][gc,heap     ] GC(76) Old regions: 197->209
[2025-12-06T04:08:20.376+0000][55.668s][info ][gc,heap     ] GC(76) Archive regions: 2->2
[2025-12-06T04:08:20.376+0000][55.668s][info ][gc,heap     ] GC(76) Humongous regions: 109->9
[2025-12-06T04:08:20.376+0000][55.668s][info ][gc,metaspace] GC(76) Metaspace: 183811K(185152K)->183811K(185152K) NonClass: 161189K(161856K)->161189K(161856K) Class: 22622K(23296K)->22622K(23296K)
[2025-12-06T04:08:20.376+0000][55.668s][info ][gc          ] GC(76) Pause Young (Normal) (G1 Preventive Collection) 614M->257M(667M) 34.043ms
[2025-12-06T04:08:20.376+0000][55.668s][info ][gc,cpu      ] GC(76) User=0.21s Sys=0.04s Real=0.03s
[2025-12-06T04:08:20.378+0000][55.670s][info ][safepoint   ] Safepoint "G1CollectForAllocation", Time since last: 505178870 ns, Reaching safepoint: 84240 ns, Cleanup: 68270 ns, At safepoint: 35772878 ns, Total: 35925388 ns
[2025-12-06T04:08:20.677+0000][55.969s][debug][safepoint   ] Safepoint synchronization initiated using futex wait barrier. (255 threads)
[2025-12-06T04:08:20.677+0000][55.969s][info ][gc,start    ] GC(77) Pause Young (Concurrent Start) (G1 Humongous Allocation)
[2025-12-06T04:08:20.677+0000][55.969s][info ][gc,task     ] GC(77) Using 13 workers of 13 for evacuation
[2025-12-06T04:08:20.724+0000][56.016s][info ][gc,phases   ] GC(77)   Pre Evacuate Collection Set: 0.9ms
[2025-12-06T04:08:20.724+0000][56.016s][info ][gc,phases   ] GC(77)   Merge Heap Roots: 0.8ms
[2025-12-06T04:08:20.724+0000][56.016s][info ][gc,phases   ] GC(77)   Evacuate Collection Set: 42.0ms
[2025-12-06T04:08:20.724+0000][56.016s][info ][gc,phases   ] GC(77)   Post Evacuate Collection Set: 2.6ms
[2025-12-06T04:08:20.724+0000][56.016s][info ][gc,phases   ] GC(77)   Other: 0.5ms
[2025-12-06T04:08:20.724+0000][56.016s][info ][gc,heap     ] GC(77) Eden regions: 166->0(170)
[2025-12-06T04:08:20.724+0000][56.016s][info ][gc,heap     ] GC(77) Survivor regions: 39->36(36)
[2025-12-06T04:08:20.724+0000][56.016s][info ][gc,heap     ] GC(77) Old regions: 209->274
[2025-12-06T04:08:20.724+0000][56.016s][info ][gc,heap     ] GC(77) Archive regions: 2->2
[2025-12-06T04:08:20.724+0000][56.016s][info ][gc,heap     ] GC(77) Humongous regions: 12->12
[2025-12-06T04:08:20.724+0000][56.016s][info ][gc,metaspace] GC(77) Metaspace: 183837K(185216K)->183837K(185216K) NonClass: 161212K(161920K)->161212K(161920K) Class: 22625K(23296K)->22625K(23296K)
[2025-12-06T04:08:20.724+0000][56.016s][info ][gc          ] GC(77) Pause Young (Concurrent Start) (G1 Humongous Allocation) 426M->322M(667M) 46.937ms
[2025-12-06T04:08:20.724+0000][56.016s][info ][gc,cpu      ] GC(77) User=0.50s Sys=0.02s Real=0.04s
[2025-12-06T04:08:20.724+0000][56.016s][info ][gc          ] GC(78) Concurrent Mark Cycle
[2025-12-06T04:08:20.724+0000][56.016s][info ][gc,marking  ] GC(78) Concurrent Clear Claimed Marks
[2025-12-06T04:08:20.724+0000][56.017s][info ][gc,marking  ] GC(78) Concurrent Clear Claimed Marks 0.316ms
[2025-12-06T04:08:20.724+0000][56.017s][info ][gc,marking  ] GC(78) Concurrent Scan Root Regions
[2025-12-06T04:08:20.727+0000][56.020s][info ][safepoint   ] Safepoint "G1TryInitiateConcMark", Time since last: 298817279 ns, Reaching safepoint: 159835 ns, Cleanup: 25498 ns, At safepoint: 50623985 ns, Total: 50809318 ns
[2025-12-06T04:08:20.757+0000][56.049s][info ][gc,marking  ] GC(78) Concurrent Scan Root Regions 32.330ms
[2025-12-06T04:08:20.757+0000][56.049s][info ][gc,marking  ] GC(78) Concurrent Mark
[2025-12-06T04:08:20.757+0000][56.049s][info ][gc,marking  ] GC(78) Concurrent Mark From Roots
[2025-12-06T04:08:20.757+0000][56.049s][info ][gc,task     ] GC(78) Using 3 workers of 3 for marking
[2025-12-06T04:08:20.892+0000][56.184s][info ][gc,marking  ] GC(78) Concurrent Mark From Roots 134.904ms
[2025-12-06T04:08:20.892+0000][56.184s][info ][gc,marking  ] GC(78) Concurrent Preclean
[2025-12-06T04:08:20.892+0000][56.184s][info ][gc,marking  ] GC(78) Concurrent Preclean 0.418ms
[2025-12-06T04:08:20.892+0000][56.185s][debug][safepoint   ] Safepoint synchronization initiated using futex wait barrier. (255 threads)
[2025-12-06T04:08:20.893+0000][56.185s][info ][gc,start    ] GC(78) Pause Remark
[2025-12-06T04:08:20.913+0000][56.205s][info ][gc          ] GC(78) Pause Remark 385M->353M(667M) 20.337ms
[2025-12-06T04:08:20.913+0000][56.205s][info ][gc,cpu      ] GC(78) User=0.17s Sys=0.01s Real=0.02s
[2025-12-06T04:08:20.915+0000][56.207s][info ][safepoint   ] Safepoint "G1PauseRemark", Time since last: 164985241 ns, Reaching safepoint: 91033 ns, Cleanup: 138634 ns, At safepoint: 22158025 ns, Total: 22387692 ns
[2025-12-06T04:08:20.915+0000][56.207s][info ][gc,marking  ] GC(78) Concurrent Mark 158.089ms
[2025-12-06T04:08:20.915+0000][56.207s][info ][gc,marking  ] GC(78) Concurrent Rebuild Remembered Sets
[2025-12-06T04:08:21.036+0000][56.328s][info ][gc,marking  ] GC(78) Concurrent Rebuild Remembered Sets 120.530ms
[2025-12-06T04:08:21.036+0000][56.328s][debug][safepoint   ] Safepoint synchronization initiated using futex wait barrier. (254 threads)
[2025-12-06T04:08:21.036+0000][56.328s][info ][gc,start    ] GC(78) Pause Cleanup
[2025-12-06T04:08:21.037+0000][56.329s][info ][gc          ] GC(78) Pause Cleanup 388M->388M(667M) 0.668ms
[2025-12-06T04:08:21.037+0000][56.329s][info ][gc,cpu      ] GC(78) User=0.00s Sys=0.00s Real=0.01s
[2025-12-06T04:08:21.037+0000][56.329s][info ][safepoint   ] Safepoint "G1PauseCleanup", Time since last: 120906131 ns, Reaching safepoint: 61598 ns, Cleanup: 19256 ns, At safepoint: 982531 ns, Total: 1063385 ns
[2025-12-06T04:08:21.037+0000][56.329s][info ][gc,marking  ] GC(78) Concurrent Cleanup for Next Mark
[2025-12-06T04:08:21.038+0000][56.330s][info ][gc,marking  ] GC(78) Concurrent Cleanup for Next Mark 1.149ms
[2025-12-06T04:08:21.038+0000][56.330s][info ][gc          ] GC(78) Concurrent Mark Cycle 313.993ms
[2025-12-06T04:08:21.709+0000][57.001s][debug][safepoint   ] Safepoint synchronization initiated using futex wait barrier. (258 threads)
[2025-12-06T04:08:21.709+0000][57.001s][info ][gc,start    ] GC(79) Pause Young (Prepare Mixed) (G1 Evacuation Pause)
[2025-12-06T04:08:21.709+0000][57.001s][info ][gc,task     ] GC(79) Using 13 workers of 13 for evacuation
[2025-12-06T04:08:21.741+0000][57.033s][info ][gc,phases   ] GC(79)   Pre Evacuate Collection Set: 0.6ms
[2025-12-06T04:08:21.741+0000][57.033s][info ][gc,phases   ] GC(79)   Merge Heap Roots: 0.7ms
[2025-12-06T04:08:21.741+0000][57.033s][info ][gc,phases   ] GC(79)   Evacuate Collection Set: 28.8ms
[2025-12-06T04:08:21.741+0000][57.033s][info ][gc,phases   ] GC(79)   Post Evacuate Collection Set: 1.9ms
[2025-12-06T04:08:21.741+0000][57.033s][info ][gc,phases   ] GC(79)   Other: 0.2ms
[2025-12-06T04:08:21.741+0000][57.033s][info ][gc,heap     ] GC(79) Eden regions: 170->0(7)
[2025-12-06T04:08:21.741+0000][57.033s][info ][gc,heap     ] GC(79) Survivor regions: 36->26(26)
[2025-12-06T04:08:21.741+0000][57.033s][info ][gc,heap     ] GC(79) Old regions: 252->300
[2025-12-06T04:08:21.741+0000][57.033s][info ][gc,heap     ] GC(79) Archive regions: 2->2
[2025-12-06T04:08:21.741+0000][57.033s][info ][gc,heap     ] GC(79) Humongous regions: 21->3
[2025-12-06T04:08:21.741+0000][57.033s][info ][gc,metaspace] GC(79) Metaspace: 186629K(188032K)->186629K(188032K) NonClass: 163678K(164416K)->163678K(164416K) Class: 22950K(23616K)->22950K(23616K)
[2025-12-06T04:08:21.741+0000][57.033s][info ][gc          ] GC(79) Pause Young (Prepare Mixed) (G1 Evacuation Pause) 479M->329M(667M) 32.389ms
[2025-12-06T04:08:21.741+0000][57.034s][info ][gc,cpu      ] GC(79) User=0.33s Sys=0.06s Real=0.03s
[2025-12-06T04:08:21.743+0000][57.035s][info ][safepoint   ] Safepoint "G1CollectForAllocation", Time since last: 671843075 ns, Reaching safepoint: 92657 ns, Cleanup: 130959 ns, At safepoint: 34430878 ns, Total: 34654494 ns
[2025-12-06T04:08:21.757+0000][57.049s][debug][safepoint   ] Safepoint synchronization initiated using futex wait barrier. (258 threads)
[2025-12-06T04:08:21.757+0000][57.049s][info ][gc,start    ] GC(80) Pause Young (Mixed) (G1 Evacuation Pause)
[2025-12-06T04:08:21.757+0000][57.049s][info ][gc,task     ] GC(80) Using 13 workers of 13 for evacuation
[2025-12-06T04:08:21.777+0000][57.069s][info ][gc,phases   ] GC(80)   Pre Evacuate Collection Set: 0.7ms
[2025-12-06T04:08:21.777+0000][57.069s][info ][gc,phases   ] GC(80)   Merge Heap Roots: 0.5ms
[2025-12-06T04:08:21.777+0000][57.069s][info ][gc,phases   ] GC(80)   Evacuate Collection Set: 16.5ms
[2025-12-06T04:08:21.777+0000][57.069s][info ][gc,phases   ] GC(80)   Post Evacuate Collection Set: 1.9ms
[2025-12-06T04:08:21.777+0000][57.069s][info ][gc,phases   ] GC(80)   Other: 0.3ms
[2025-12-06T04:08:21.777+0000][57.069s][info ][gc,heap     ] GC(80) Eden regions: 7->0(171)
[2025-12-06T04:08:21.777+0000][57.069s][info ][gc,heap     ] GC(80) Survivor regions: 26->5(5)
[2025-12-06T04:08:21.777+0000][57.069s][info ][gc,heap     ] GC(80) Old regions: 300->311
[2025-12-06T04:08:21.777+0000][57.069s][info ][gc,heap     ] GC(80) Archive regions: 2->2
[2025-12-06T04:08:21.777+0000][57.069s][info ][gc,heap     ] GC(80) Humongous regions: 3->3
[2025-12-06T04:08:21.777+0000][57.069s][info ][gc,metaspace] GC(80) Metaspace: 186629K(188032K)->186629K(188032K) NonClass: 163678K(164416K)->163678K(164416K) Class: 22950K(23616K)->22950K(23616K)
[2025-12-06T04:08:21.777+0000][57.069s][info ][gc          ] GC(80) Pause Young (Mixed) (G1 Evacuation Pause) 336M->319M(667M) 19.931ms
[2025-12-06T04:08:21.777+0000][57.069s][info ][gc,cpu      ] GC(80) User=0.21s Sys=0.01s Real=0.02s
[2025-12-06T04:08:21.778+0000][57.070s][info ][safepoint   ] Safepoint "G1CollectForAllocation", Time since last: 13669507 ns, Reaching safepoint: 106212 ns, Cleanup: 6102 ns, At safepoint: 21119803 ns, Total: 21232117 ns
[2025-12-06T04:08:22.431+0000][57.723s][debug][safepoint   ] Safepoint synchronization initiated using futex wait barrier. (260 threads)
[2025-12-06T04:08:22.432+0000][57.724s][info ][safepoint   ] Safepoint "ICBufferFull", Time since last: 653173849 ns, Reaching safepoint: 103447 ns, Cleanup: 257551 ns, At safepoint: 7624 ns, Total: 368622 ns
[2025-12-06T04:08:23.518+0000][58.811s][debug][safepoint   ] Safepoint synchronization initiated using futex wait barrier. (258 threads)
[2025-12-06T04:08:23.519+0000][58.811s][info ][safepoint   ] Safepoint "Cleanup", Time since last: 1086665425 ns, Reaching safepoint: 73480 ns, Cleanup: 108767 ns, At safepoint: 4238 ns, Total: 186485 ns
[2025-12-06T04:08:35.900+0000][71.196s][debug][safepoint   ] Safepoint synchronization initiated using futex wait barrier. (256 threads)
[2025-12-06T04:08:35.900+0000][71.197s][info ][safepoint   ] Safepoint "Cleanup", Time since last: 12385226524 ns, Reaching safepoint: 272372 ns, Cleanup: 28518 ns, At safepoint: 581920 ns, Total: 882810 ns
[2025-12-06T04:08:36.901+0000][72.197s][debug][safepoint   ] Safepoint synchronization initiated using futex wait barrier. (257 threads)
[2025-12-06T04:08:36.901+0000][72.197s][info ][safepoint   ] Safepoint "Cleanup", Time since last: 1000216634 ns, Reaching safepoint: 225054 ns, Cleanup: 19771 ns, At safepoint: 5752 ns, Total: 250577 ns
[2025-12-06T04:08:41.902+0000][77.198s][debug][safepoint   ] Safepoint synchronization initiated using futex wait barrier. (257 threads)
[2025-12-06T04:08:41.902+0000][77.198s][info ][safepoint   ] Safepoint "Cleanup", Time since last: 5000984672 ns, Reaching safepoint: 134026 ns, Cleanup: 19300 ns, At safepoint: 6172 ns, Total: 159498 ns
[2025-12-06T04:08:44.903+0000][80.199s][debug][safepoint   ] Safepoint synchronization initiated using futex wait barrier. (257 threads)
[2025-12-06T04:08:44.903+0000][80.199s][info ][safepoint   ] Safepoint "Cleanup", Time since last: 3000495199 ns, Reaching safepoint: 84912 ns, Cleanup: 23127 ns, At safepoint: 4108 ns, Total: 112147 ns
[2025-12-06T04:08:45.903+0000][81.199s][debug][safepoint   ] Safepoint synchronization initiated using futex wait barrier. (257 threads)
[2025-12-06T04:08:45.903+0000][81.199s][info ][safepoint   ] Safepoint "Cleanup", Time since last: 1000155367 ns, Reaching safepoint: 110594 ns, Cleanup: 16283 ns, At safepoint: 5441 ns, Total: 132318 ns
[2025-12-06T04:08:48.774+0000][84.070s][debug][safepoint   ] Safepoint synchronization initiated using futex wait barrier. (264 threads)
[2025-12-06T04:08:48.777+0000][84.073s][info ][gc,start    ] GC(81) Pause Young (Normal) (G1 Evacuation Pause)
[2025-12-06T04:08:48.777+0000][84.073s][info ][gc,task     ] GC(81) Using 13 workers of 13 for evacuation
[2025-12-06T04:08:48.787+0000][84.083s][info ][gc,phases   ] GC(81)   Pre Evacuate Collection Set: 0.5ms
[2025-12-06T04:08:48.787+0000][84.083s][info ][gc,phases   ] GC(81)   Merge Heap Roots: 0.4ms
[2025-12-06T04:08:48.787+0000][84.083s][info ][gc,phases   ] GC(81)   Evacuate Collection Set: 7.0ms
[2025-12-06T04:08:48.787+0000][84.083s][info ][gc,phases   ] GC(81)   Post Evacuate Collection Set: 2.0ms
[2025-12-06T04:08:48.787+0000][84.083s][info ][gc,phases   ] GC(81)   Other: 0.4ms
[2025-12-06T04:08:48.787+0000][84.083s][info ][gc,heap     ] GC(81) Eden regions: 171->0(182)
[2025-12-06T04:08:48.787+0000][84.083s][info ][gc,heap     ] GC(81) Survivor regions: 5->9(22)
[2025-12-06T04:08:48.787+0000][84.083s][info ][gc,heap     ] GC(81) Old regions: 311->311
[2025-12-06T04:08:48.787+0000][84.083s][info ][gc,heap     ] GC(81) Archive regions: 2->2
[2025-12-06T04:08:48.787+0000][84.083s][info ][gc,heap     ] GC(81) Humongous regions: 3->3
[2025-12-06T04:08:48.787+0000][84.083s][info ][gc,metaspace] GC(81) Metaspace: 191165K(192576K)->191165K(192576K) NonClass: 167705K(168448K)->167705K(168448K) Class: 23459K(24128K)->23459K(24128K)
[2025-12-06T04:08:48.787+0000][84.083s][info ][gc          ] GC(81) Pause Young (Normal) (G1 Evacuation Pause) 490M->322M(667M) 10.294ms
[2025-12-06T04:08:48.787+0000][84.083s][info ][gc,cpu      ] GC(81) User=0.09s Sys=0.01s Real=0.01s
[2025-12-06T04:08:48.788+0000][84.084s][info ][safepoint   ] Safepoint "G1CollectForAllocation", Time since last: 2870808679 ns, Reaching safepoint: 2629334 ns, Cleanup: 94472 ns, At safepoint: 11204310 ns, Total: 13928116 ns
[2025-12-06T04:08:49.808+0000][85.104s][debug][safepoint   ] Safepoint synchronization initiated using futex wait barrier. (261 threads)
[2025-12-06T04:08:49.809+0000][85.105s][info ][safepoint   ] Safepoint "Cleanup", Time since last: 1020353024 ns, Reaching safepoint: 258835 ns, Cleanup: 155215 ns, At safepoint: 630561 ns, Total: 1044611 ns
[2025-12-06T04:08:50.211+0000][85.507s][debug][safepoint   ] Safepoint synchronization initiated using futex wait barrier. (262 threads)
[2025-12-06T04:08:50.216+0000][85.512s][info ][safepoint   ] Safepoint "G1TryInitiateConcMark", Time since last: 401831628 ns, Reaching safepoint: 3365613 ns, Cleanup: 42241 ns, At safepoint: 1363018 ns, Total: 4770872 ns
[2025-12-06T04:08:50.216+0000][85.512s][debug][safepoint   ] Safepoint synchronization initiated using futex wait barrier. (262 threads)
[2025-12-06T04:08:50.220+0000][85.516s][info ][gc,start    ] GC(82) Pause Young (Concurrent Start) (G1 Humongous Allocation)
[2025-12-06T04:08:50.220+0000][85.516s][info ][gc,task     ] GC(82) Using 13 workers of 13 for evacuation
[2025-12-06T04:08:50.235+0000][85.531s][info ][gc,phases   ] GC(82)   Pre Evacuate Collection Set: 1.2ms
[2025-12-06T04:08:50.235+0000][85.531s][info ][gc,phases   ] GC(82)   Merge Heap Roots: 0.5ms
[2025-12-06T04:08:50.235+0000][85.531s][info ][gc,phases   ] GC(82)   Evacuate Collection Set: 11.3ms
[2025-12-06T04:08:50.235+0000][85.531s][info ][gc,phases   ] GC(82)   Post Evacuate Collection Set: 2.2ms
[2025-12-06T04:08:50.235+0000][85.532s][info ][gc,phases   ] GC(82)   Other: 0.4ms
[2025-12-06T04:08:50.235+0000][85.532s][info ][gc,heap     ] GC(82) Eden regions: 49->0(194)
[2025-12-06T04:08:50.235+0000][85.532s][info ][gc,heap     ] GC(82) Survivor regions: 9->11(24)
[2025-12-06T04:08:50.235+0000][85.532s][info ][gc,heap     ] GC(82) Old regions: 311->311
[2025-12-06T04:08:50.235+0000][85.532s][info ][gc,heap     ] GC(82) Archive regions: 2->2
[2025-12-06T04:08:50.235+0000][85.532s][info ][gc,heap     ] GC(82) Humongous regions: 3->3
[2025-12-06T04:08:50.235+0000][85.532s][info ][gc,metaspace] GC(82) Metaspace: 191507K(192896K)->191507K(192896K) NonClass: 168022K(168704K)->168022K(168704K) Class: 23484K(24192K)->23484K(24192K)
[2025-12-06T04:08:50.235+0000][85.532s][info ][gc          ] GC(82) Pause Young (Concurrent Start) (G1 Humongous Allocation) 371M->325M(667M) 15.750ms
[2025-12-06T04:08:50.235+0000][85.532s][info ][gc,cpu      ] GC(82) User=0.13s Sys=0.03s Real=0.02s
[2025-12-06T04:08:50.235+0000][85.532s][info ][gc          ] GC(83) Concurrent Mark Cycle
[2025-12-06T04:08:50.235+0000][85.532s][info ][gc,marking  ] GC(83) Concurrent Clear Claimed Marks
[2025-12-06T04:08:50.236+0000][85.532s][info ][gc,marking  ] GC(83) Concurrent Clear Claimed Marks 0.399ms
[2025-12-06T04:08:50.236+0000][85.532s][info ][gc,marking  ] GC(83) Concurrent Scan Root Regions
[2025-12-06T04:08:50.236+0000][85.533s][info ][safepoint   ] Safepoint "G1TryInitiateConcMark", Time since last: 250395 ns, Reaching safepoint: 3506987 ns, Cleanup: 7615 ns, At safepoint: 16742692 ns, Total: 20257294 ns
[2025-12-06T04:08:50.261+0000][85.558s][info ][gc,marking  ] GC(83) Concurrent Scan Root Regions 25.372ms
[2025-12-06T04:08:50.261+0000][85.558s][info ][gc,marking  ] GC(83) Concurrent Mark
[2025-12-06T04:08:50.261+0000][85.558s][info ][gc,marking  ] GC(83) Concurrent Mark From Roots
[2025-12-06T04:08:50.261+0000][85.558s][info ][gc,task     ] GC(83) Using 3 workers of 3 for marking
[2025-12-06T04:08:50.414+0000][85.710s][info ][gc,marking  ] GC(83) Concurrent Mark From Roots 152.737ms
[2025-12-06T04:08:50.414+0000][85.711s][info ][gc,marking  ] GC(83) Concurrent Preclean
[2025-12-06T04:08:50.415+0000][85.711s][info ][gc,marking  ] GC(83) Concurrent Preclean 0.424ms
[2025-12-06T04:08:50.415+0000][85.711s][debug][safepoint   ] Safepoint synchronization initiated using futex wait barrier. (262 threads)
[2025-12-06T04:08:50.415+0000][85.711s][info ][gc,start    ] GC(83) Pause Remark
[2025-12-06T04:08:50.429+0000][85.726s][info ][gc          ] GC(83) Pause Remark 332M->259M(667M) 14.601ms
[2025-12-06T04:08:50.430+0000][85.726s][info ][gc,cpu      ] GC(83) User=0.12s Sys=0.01s Real=0.01s
[2025-12-06T04:08:50.431+0000][85.727s][info ][safepoint   ] Safepoint "G1PauseRemark", Time since last: 178502122 ns, Reaching safepoint: 61539 ns, Cleanup: 16231 ns, At safepoint: 16245848 ns, Total: 16323618 ns
[2025-12-06T04:08:50.431+0000][85.728s][info ][gc,marking  ] GC(83) Concurrent Mark 169.784ms
[2025-12-06T04:08:50.431+0000][85.728s][info ][gc,marking  ] GC(83) Concurrent Rebuild Remembered Sets
[2025-12-06T04:08:50.516+0000][85.812s][info ][gc,marking  ] GC(83) Concurrent Rebuild Remembered Sets 84.878ms
[2025-12-06T04:08:50.516+0000][85.813s][debug][safepoint   ] Safepoint synchronization initiated using futex wait barrier. (262 threads)
[2025-12-06T04:08:50.516+0000][85.813s][info ][gc,start    ] GC(83) Pause Cleanup
[2025-12-06T04:08:50.517+0000][85.813s][info ][gc          ] GC(83) Pause Cleanup 259M->259M(667M) 0.659ms
[2025-12-06T04:08:50.517+0000][85.813s][info ][gc,cpu      ] GC(83) User=0.00s Sys=0.00s Real=0.00s
[2025-12-06T04:08:50.517+0000][85.814s][info ][safepoint   ] Safepoint "G1PauseCleanup", Time since last: 85194659 ns, Reaching safepoint: 43705 ns, Cleanup: 4028 ns, At safepoint: 891786 ns, Total: 939519 ns
[2025-12-06T04:08:50.517+0000][85.814s][info ][gc,marking  ] GC(83) Concurrent Cleanup for Next Mark
[2025-12-06T04:08:50.520+0000][85.817s][info ][gc,marking  ] GC(83) Concurrent Cleanup for Next Mark 3.234ms
[2025-12-06T04:08:50.521+0000][85.817s][info ][gc          ] GC(83) Concurrent Mark Cycle 285.084ms
[2025-12-06T04:08:51.517+0000][86.814s][debug][safepoint   ] Safepoint synchronization initiated using futex wait barrier. (259 threads)
[2025-12-06T04:08:51.517+0000][86.814s][info ][safepoint   ] Safepoint "Cleanup", Time since last: 1000244602 ns, Reaching safepoint: 94262 ns, Cleanup: 14659 ns, At safepoint: 4498 ns, Total: 113419 ns
[2025-12-06T04:08:52.579+0000][87.876s][debug][safepoint   ] Safepoint synchronization initiated using futex wait barrier. (258 threads)
[2025-12-06T04:08:52.579+0000][87.876s][debug][safepoint   ] ... found polling page loop exception at pc = 0x000074aabd34e71a, stub =0x000074aabca04400
[2025-12-06T04:08:52.579+0000][87.876s][info ][safepoint   ] Safepoint "Cleanup", Time since last: 1061630207 ns, Reaching safepoint: 218764 ns, Cleanup: 12003 ns, At safepoint: 89583 ns, Total: 320350 ns
[2025-12-06T04:08:53.078+0000][88.374s][debug][safepoint   ] ... found polling page loop exception at pc = 0x000074aabdcde8ce, stub =0x000074aabca04400
[2025-12-06T04:08:53.301+0000][88.597s][debug][safepoint   ] Safepoint synchronization initiated using futex wait barrier. (263 threads)
[2025-12-06T04:08:53.301+0000][88.598s][info ][safepoint   ] Safepoint "ICBufferFull", Time since last: 721186685 ns, Reaching safepoint: 244042 ns, Cleanup: 272668 ns, At safepoint: 39977 ns, Total: 556687 ns
[2025-12-06T04:08:53.458+0000][88.754s][debug][safepoint   ] Safepoint synchronization initiated using futex wait barrier. (264 threads)
[2025-12-06T04:08:53.458+0000][88.755s][info ][gc,start    ] GC(84) Pause Young (Prepare Mixed) (G1 Evacuation Pause)
[2025-12-06T04:08:53.458+0000][88.755s][info ][gc,task     ] GC(84) Using 13 workers of 13 for evacuation
[2025-12-06T04:08:53.468+0000][88.764s][info ][gc,phases   ] GC(84)   Pre Evacuate Collection Set: 0.5ms
[2025-12-06T04:08:53.468+0000][88.764s][info ][gc,phases   ] GC(84)   Merge Heap Roots: 0.4ms
[2025-12-06T04:08:53.468+0000][88.764s][info ][gc,phases   ] GC(84)   Evacuate Collection Set: 6.3ms
[2025-12-06T04:08:53.468+0000][88.764s][info ][gc,phases   ] GC(84)   Post Evacuate Collection Set: 2.4ms
[2025-12-06T04:08:53.468+0000][88.764s][info ][gc,phases   ] GC(84)   Other: 0.2ms
[2025-12-06T04:08:53.468+0000][88.764s][info ][gc,heap     ] GC(84) Eden regions: 194->0(20)
[2025-12-06T04:08:53.468+0000][88.764s][info ][gc,heap     ] GC(84) Survivor regions: 11->13(26)
[2025-12-06T04:08:53.468+0000][88.764s][info ][gc,heap     ] GC(84) Old regions: 241->241
[2025-12-06T04:08:53.468+0000][88.764s][info ][gc,heap     ] GC(84) Archive regions: 2->2
[2025-12-06T04:08:53.468+0000][88.764s][info ][gc,heap     ] GC(84) Humongous regions: 8->0
[2025-12-06T04:08:53.468+0000][88.764s][info ][gc,metaspace] GC(84) Metaspace: 193110K(194496K)->193110K(194496K) NonClass: 169387K(170112K)->169387K(170112K) Class: 23722K(24384K)->23722K(24384K)
[2025-12-06T04:08:53.468+0000][88.764s][info ][gc          ] GC(84) Pause Young (Prepare Mixed) (G1 Evacuation Pause) 454M->254M(667M) 9.886ms
[2025-12-06T04:08:53.468+0000][88.765s][info ][gc,cpu      ] GC(84) User=0.11s Sys=0.01s Real=0.01s
[2025-12-06T04:08:53.469+0000][88.765s][info ][safepoint   ] Safepoint "G1CollectForAllocation", Time since last: 156831053 ns, Reaching safepoint: 78261 ns, Cleanup: 30139 ns, At safepoint: 10791785 ns, Total: 10900185 ns
[2025-12-06T04:08:53.651+0000][88.947s][debug][safepoint   ] Safepoint synchronization initiated using futex wait barrier. (265 threads)
[2025-12-06T04:08:53.652+0000][88.948s][info ][gc,start    ] GC(85) Pause Young (Mixed) (G1 Evacuation Pause)
[2025-12-06T04:08:53.652+0000][88.948s][info ][gc,task     ] GC(85) Using 13 workers of 13 for evacuation
[2025-12-06T04:08:53.664+0000][88.960s][info ][gc,phases   ] GC(85)   Pre Evacuate Collection Set: 0.6ms
[2025-12-06T04:08:53.664+0000][88.961s][info ][gc,phases   ] GC(85)   Merge Heap Roots: 0.9ms
[2025-12-06T04:08:53.664+0000][88.961s][info ][gc,phases   ] GC(85)   Evacuate Collection Set: 8.4ms
[2025-12-06T04:08:53.664+0000][88.961s][info ][gc,phases   ] GC(85)   Post Evacuate Collection Set: 2.3ms
[2025-12-06T04:08:53.664+0000][88.961s][info ][gc,phases   ] GC(85)   Other: 0.7ms
[2025-12-06T04:08:53.664+0000][88.961s][info ][gc,heap     ] GC(85) Eden regions: 20->0(31)
[2025-12-06T04:08:53.664+0000][88.961s][info ][gc,heap     ] GC(85) Survivor regions: 13->2(5)
[2025-12-06T04:08:53.664+0000][88.961s][info ][gc,heap     ] GC(85) Old regions: 241->189
[2025-12-06T04:08:53.664+0000][88.961s][info ][gc,heap     ] GC(85) Archive regions: 2->2
[2025-12-06T04:08:53.664+0000][88.961s][info ][gc,heap     ] GC(85) Humongous regions: 0->0
[2025-12-06T04:08:53.664+0000][88.961s][info ][gc,metaspace] GC(85) Metaspace: 193369K(194816K)->193369K(194816K) NonClass: 169608K(170368K)->169608K(170368K) Class: 23760K(24448K)->23760K(24448K)
[2025-12-06T04:08:53.664+0000][88.961s][info ][gc          ] GC(85) Pause Young (Mixed) (G1 Evacuation Pause) 274M->190M(667M) 12.688ms
[2025-12-06T04:08:53.664+0000][88.961s][info ][gc,cpu      ] GC(85) User=0.13s Sys=0.01s Real=0.02s
[2025-12-06T04:08:53.666+0000][88.962s][info ][safepoint   ] Safepoint "G1CollectForAllocation", Time since last: 182033923 ns, Reaching safepoint: 102308 ns, Cleanup: 103931 ns, At safepoint: 14593477 ns, Total: 14799716 ns
[2025-12-06T04:08:54.666+0000][89.962s][debug][safepoint   ] Safepoint synchronization initiated using futex wait barrier. (261 threads)
[2025-12-06T04:08:54.666+0000][89.963s][info ][safepoint   ] Safepoint "Cleanup", Time since last: 1000228284 ns, Reaching safepoint: 120182 ns, Cleanup: 69334 ns, At safepoint: 145071 ns, Total: 334587 ns
[2025-12-06T04:08:54.861+0000][90.158s][debug][safepoint   ] Safepoint synchronization initiated using futex wait barrier. (261 threads)
[2025-12-06T04:08:54.861+0000][90.158s][info ][gc,start    ] GC(86) Pause Young (Mixed) (G1 Evacuation Pause)
[2025-12-06T04:08:54.861+0000][90.158s][info ][gc,task     ] GC(86) Using 13 workers of 13 for evacuation
[2025-12-06T04:08:54.873+0000][90.169s][info ][gc,phases   ] GC(86)   Pre Evacuate Collection Set: 0.5ms
[2025-12-06T04:08:54.873+0000][90.169s][info ][gc,phases   ] GC(86)   Merge Heap Roots: 0.4ms
[2025-12-06T04:08:54.873+0000][90.169s][info ][gc,phases   ] GC(86)   Evacuate Collection Set: 8.0ms
[2025-12-06T04:08:54.873+0000][90.169s][info ][gc,phases   ] GC(86)   Post Evacuate Collection Set: 2.3ms
[2025-12-06T04:08:54.873+0000][90.169s][info ][gc,phases   ] GC(86)   Other: 0.3ms
[2025-12-06T04:08:54.873+0000][90.169s][info ][gc,heap     ] GC(86) Eden regions: 31->0(317)
[2025-12-06T04:08:54.873+0000][90.169s][info ][gc,heap     ] GC(86) Survivor regions: 2->2(5)
[2025-12-06T04:08:54.873+0000][90.169s][info ][gc,heap     ] GC(86) Old regions: 189->182
[2025-12-06T04:08:54.873+0000][90.170s][info ][gc,heap     ] GC(86) Archive regions: 2->2
[2025-12-06T04:08:54.873+0000][90.170s][info ][gc,heap     ] GC(86) Humongous regions: 9->0
[2025-12-06T04:08:54.873+0000][90.170s][info ][gc,metaspace] GC(86) Metaspace: 193573K(195008K)->193573K(195008K) NonClass: 169805K(170560K)->169805K(170560K) Class: 23767K(24448K)->23767K(24448K)
[2025-12-06T04:08:54.873+0000][90.170s][info ][gc          ] GC(86) Pause Young (Mixed) (G1 Evacuation Pause) 230M->183M(667M) 11.736ms
[2025-12-06T04:08:54.873+0000][90.170s][info ][gc,cpu      ] GC(86) User=0.09s Sys=0.01s Real=0.02s
[2025-12-06T04:08:54.874+0000][90.170s][info ][safepoint   ] Safepoint "G1CollectForAllocation", Time since last: 194893193 ns, Reaching safepoint: 130873 ns, Cleanup: 33996 ns, At safepoint: 12386669 ns, Total: 12551538 ns
[2025-12-06T04:08:55.282+0000][90.578s][debug][safepoint   ] Safepoint synchronization initiated using futex wait barrier. (263 threads)
[2025-12-06T04:08:55.282+0000][90.578s][info ][safepoint   ] Safepoint "ICBufferFull", Time since last: 407799712 ns, Reaching safepoint: 95585 ns, Cleanup: 262187 ns, At safepoint: 83742 ns, Total: 441514 ns
[2025-12-06T04:08:56.248+0000][91.548s][debug][safepoint   ] Safepoint synchronization initiated using futex wait barrier. (263 threads)
[2025-12-06T04:08:56.248+0000][91.549s][info ][safepoint   ] Safepoint "ICBufferFull", Time since last: 969975310 ns, Reaching safepoint: 255955 ns, Cleanup: 229625 ns, At safepoint: 123408 ns, Total: 608988 ns
[2025-12-06T04:08:57.197+0000][92.498s][debug][safepoint   ] Safepoint synchronization initiated using futex wait barrier. (270 threads)
[2025-12-06T04:08:57.198+0000][92.498s][info ][gc,start    ] GC(87) Pause Young (Normal) (G1 Evacuation Pause)
[2025-12-06T04:08:57.198+0000][92.498s][info ][gc,task     ] GC(87) Using 13 workers of 13 for evacuation
[2025-12-06T04:08:57.206+0000][92.507s][info ][gc,phases   ] GC(87)   Pre Evacuate Collection Set: 0.7ms
[2025-12-06T04:08:57.207+0000][92.507s][info ][gc,phases   ] GC(87)   Merge Heap Roots: 0.5ms
[2025-12-06T04:08:57.207+0000][92.507s][info ][gc,phases   ] GC(87)   Evacuate Collection Set: 5.1ms
[2025-12-06T04:08:57.207+0000][92.507s][info ][gc,phases   ] GC(87)   Post Evacuate Collection Set: 2.3ms
[2025-12-06T04:08:57.207+0000][92.507s][info ][gc,phases   ] GC(87)   Other: 0.3ms
[2025-12-06T04:08:57.207+0000][92.507s][info ][gc,heap     ] GC(87) Eden regions: 317->0(325)
[2025-12-06T04:08:57.207+0000][92.507s][info ][gc,heap     ] GC(87) Survivor regions: 2->9(40)
[2025-12-06T04:08:57.207+0000][92.507s][info ][gc,heap     ] GC(87) Old regions: 182->182
[2025-12-06T04:08:57.207+0000][92.507s][info ][gc,heap     ] GC(87) Archive regions: 2->2
[2025-12-06T04:08:57.207+0000][92.507s][info ][gc,heap     ] GC(87) Humongous regions: 0->0
[2025-12-06T04:08:57.207+0000][92.507s][info ][gc,metaspace] GC(87) Metaspace: 195457K(196864K)->195457K(196864K) NonClass: 171521K(172224K)->171521K(172224K) Class: 23935K(24640K)->23935K(24640K)
[2025-12-06T04:08:57.207+0000][92.507s][info ][gc          ] GC(87) Pause Young (Normal) (G1 Evacuation Pause) 500M->191M(667M) 9.018ms
[2025-12-06T04:08:57.207+0000][92.507s][info ][gc,cpu      ] GC(87) User=0.07s Sys=0.00s Real=0.01s
[2025-12-06T04:08:57.207+0000][92.508s][info ][safepoint   ] Safepoint "G1CollectForAllocation", Time since last: 948954022 ns, Reaching safepoint: 86597 ns, Cleanup: 185950 ns, At safepoint: 9524623 ns, Total: 9797170 ns
[2025-12-06T04:08:58.207+0000][93.508s][debug][safepoint   ] Safepoint synchronization initiated using futex wait barrier. (268 threads)
[2025-12-06T04:08:58.208+0000][93.508s][info ][safepoint   ] Safepoint "Cleanup", Time since last: 1000242461 ns, Reaching safepoint: 91636 ns, Cleanup: 67516 ns, At safepoint: 5582 ns, Total: 164734 ns
[2025-12-06T04:08:59.208+0000][94.508s][debug][safepoint   ] Safepoint synchronization initiated using futex wait barrier. (268 threads)
[2025-12-06T04:08:59.208+0000][94.509s][info ][safepoint   ] Safepoint "Cleanup", Time since last: 1000153881 ns, Reaching safepoint: 140694 ns, Cleanup: 26695 ns, At safepoint: 70392 ns, Total: 237781 ns
[2025-12-06T04:09:00.177+0000][95.478s][debug][safepoint   ] Safepoint synchronization initiated using futex wait barrier. (279 threads)
[2025-12-06T04:09:00.178+0000][95.478s][info ][safepoint   ] Safepoint "ICBufferFull", Time since last: 969583933 ns, Reaching safepoint: 68839 ns, Cleanup: 183491 ns, At safepoint: 3357 ns, Total: 255687 ns
[2025-12-06T04:09:00.423+0000][95.724s][debug][safepoint   ] Safepoint synchronization initiated using futex wait barrier. (282 threads)
[2025-12-06T04:09:00.423+0000][95.724s][info ][gc,start    ] GC(88) Pause Young (Normal) (G1 Evacuation Pause)
[2025-12-06T04:09:00.423+0000][95.724s][info ][gc,task     ] GC(88) Using 13 workers of 13 for evacuation
[2025-12-06T04:09:00.434+0000][95.735s][info ][gc,phases   ] GC(88)   Pre Evacuate Collection Set: 0.6ms
[2025-12-06T04:09:00.434+0000][95.735s][info ][gc,phases   ] GC(88)   Merge Heap Roots: 0.5ms
[2025-12-06T04:09:00.434+0000][95.735s][info ][gc,phases   ] GC(88)   Evacuate Collection Set: 7.6ms
[2025-12-06T04:09:00.434+0000][95.735s][info ][gc,phases   ] GC(88)   Post Evacuate Collection Set: 2.2ms
[2025-12-06T04:09:00.434+0000][95.735s][info ][gc,phases   ] GC(88)   Other: 0.2ms
[2025-12-06T04:09:00.434+0000][95.735s][info ][gc,heap     ] GC(88) Eden regions: 325->0(335)
[2025-12-06T04:09:00.434+0000][95.735s][info ][gc,heap     ] GC(88) Survivor regions: 9->12(42)
[2025-12-06T04:09:00.434+0000][95.735s][info ][gc,heap     ] GC(88) Old regions: 182->182
[2025-12-06T04:09:00.434+0000][95.735s][info ][gc,heap     ] GC(88) Archive regions: 2->2
[2025-12-06T04:09:00.434+0000][95.735s][info ][gc,heap     ] GC(88) Humongous regions: 0->0
[2025-12-06T04:09:00.434+0000][95.735s][info ][gc,metaspace] GC(88) Metaspace: 196665K(198144K)->196665K(198144K) NonClass: 172586K(173376K)->172586K(173376K) Class: 24078K(24768K)->24078K(24768K)
[2025-12-06T04:09:00.434+0000][95.735s][info ][gc          ] GC(88) Pause Young (Normal) (G1 Evacuation Pause) 516M->193M(667M) 11.205ms
[2025-12-06T04:09:00.435+0000][95.735s][info ][gc,cpu      ] GC(88) User=0.10s Sys=0.01s Real=0.01s
[2025-12-06T04:09:00.435+0000][95.735s][info ][safepoint   ] Safepoint "G1CollectForAllocation", Time since last: 245263284 ns, Reaching safepoint: 115383 ns, Cleanup: 62597 ns, At safepoint: 11545524 ns, Total: 11723504 ns
[2025-12-06T04:09:00.496+0000][95.796s][debug][safepoint   ] Safepoint synchronization initiated using futex wait barrier. (282 threads)
[2025-12-06T04:09:00.496+0000][95.796s][info ][gc,start    ] GC(89) Pause Young (Concurrent Start) (G1 Humongous Allocation)
[2025-12-06T04:09:00.496+0000][95.796s][info ][gc,task     ] GC(89) Using 13 workers of 13 for evacuation
[2025-12-06T04:09:00.508+0000][95.809s][info ][gc,phases   ] GC(89)   Pre Evacuate Collection Set: 0.8ms
[2025-12-06T04:09:00.508+0000][95.809s][info ][gc,phases   ] GC(89)   Merge Heap Roots: 0.4ms
[2025-12-06T04:09:00.508+0000][95.809s][info ][gc,phases   ] GC(89)   Evacuate Collection Set: 8.6ms
[2025-12-06T04:09:00.508+0000][95.809s][info ][gc,phases   ] GC(89)   Post Evacuate Collection Set: 2.1ms
[2025-12-06T04:09:00.508+0000][95.809s][info ][gc,phases   ] GC(89)   Other: 0.3ms
[2025-12-06T04:09:00.508+0000][95.809s][info ][gc,heap     ] GC(89) Eden regions: 43->0(319)
[2025-12-06T04:09:00.508+0000][95.809s][info ][gc,heap     ] GC(89) Survivor regions: 12->28(44)
[2025-12-06T04:09:00.508+0000][95.809s][info ][gc,heap     ] GC(89) Old regions: 182->182
[2025-12-06T04:09:00.508+0000][95.809s][info ][gc,heap     ] GC(89) Archive regions: 2->2
[2025-12-06T04:09:00.508+0000][95.809s][info ][gc,heap     ] GC(89) Humongous regions: 0->0
[2025-12-06T04:09:00.508+0000][95.809s][info ][gc,metaspace] GC(89) Metaspace: 196665K(198144K)->196665K(198144K) NonClass: 172586K(173376K)->172586K(173376K) Class: 24078K(24768K)->24078K(24768K)
[2025-12-06T04:09:00.508+0000][95.809s][info ][gc          ] GC(89) Pause Young (Concurrent Start) (G1 Humongous Allocation) 236M->209M(667M) 12.414ms
[2025-12-06T04:09:00.508+0000][95.809s][info ][gc,cpu      ] GC(89) User=0.10s Sys=0.01s Real=0.02s
[2025-12-06T04:09:00.508+0000][95.809s][info ][gc          ] GC(90) Concurrent Mark Cycle
[2025-12-06T04:09:00.508+0000][95.809s][info ][gc,marking  ] GC(90) Concurrent Clear Claimed Marks
[2025-12-06T04:09:00.508+0000][95.809s][info ][safepoint   ] Safepoint "G1TryInitiateConcMark", Time since last: 60825283 ns, Reaching safepoint: 93780 ns, Cleanup: 5762 ns, At safepoint: 12704522 ns, Total: 12804064 ns
[2025-12-06T04:09:00.509+0000][95.809s][info ][gc,marking  ] GC(90) Concurrent Clear Claimed Marks 0.292ms
[2025-12-06T04:09:00.509+0000][95.809s][info ][gc,marking  ] GC(90) Concurrent Scan Root Regions
[2025-12-06T04:09:00.517+0000][95.818s][info ][gc,marking  ] GC(90) Concurrent Scan Root Regions 8.642ms
[2025-12-06T04:09:00.517+0000][95.818s][info ][gc,marking  ] GC(90) Concurrent Mark
[2025-12-06T04:09:00.517+0000][95.818s][info ][gc,marking  ] GC(90) Concurrent Mark From Roots
[2025-12-06T04:09:00.517+0000][95.818s][info ][gc,task     ] GC(90) Using 3 workers of 3 for marking
[2025-12-06T04:09:00.612+0000][95.913s][info ][gc,marking  ] GC(90) Concurrent Mark From Roots 94.820ms
[2025-12-06T04:09:00.612+0000][95.913s][info ][gc,marking  ] GC(90) Concurrent Preclean
[2025-12-06T04:09:00.613+0000][95.913s][info ][gc,marking  ] GC(90) Concurrent Preclean 0.423ms
[2025-12-06T04:09:00.613+0000][95.914s][debug][safepoint   ] Safepoint synchronization initiated using futex wait barrier. (282 threads)
[2025-12-06T04:09:00.613+0000][95.914s][info ][gc,start    ] GC(90) Pause Remark
[2025-12-06T04:09:00.622+0000][95.923s][info ][gc          ] GC(90) Pause Remark 265M->265M(667M) 9.220ms
[2025-12-06T04:09:00.622+0000][95.923s][info ][gc,cpu      ] GC(90) User=0.08s Sys=0.00s Real=0.01s
[2025-12-06T04:09:00.624+0000][95.925s][info ][safepoint   ] Safepoint "G1PauseRemark", Time since last: 104531459 ns, Reaching safepoint: 63880 ns, Cleanup: 4459 ns, At safepoint: 11008346 ns, Total: 11076685 ns
[2025-12-06T04:09:00.624+0000][95.925s][info ][gc,marking  ] GC(90) Concurrent Mark 106.659ms
[2025-12-06T04:09:00.624+0000][95.925s][info ][gc,marking  ] GC(90) Concurrent Rebuild Remembered Sets
[2025-12-06T04:09:00.688+0000][95.989s][info ][gc,marking  ] GC(90) Concurrent Rebuild Remembered Sets 63.882ms
[2025-12-06T04:09:00.688+0000][95.989s][debug][safepoint   ] Safepoint synchronization initiated using futex wait barrier. (281 threads)
[2025-12-06T04:09:00.688+0000][95.989s][info ][gc,start    ] GC(90) Pause Cleanup
[2025-12-06T04:09:00.690+0000][95.990s][info ][gc          ] GC(90) Pause Cleanup 302M->302M(667M) 1.319ms
[2025-12-06T04:09:00.690+0000][95.990s][info ][gc,cpu      ] GC(90) User=0.00s Sys=0.01s Real=0.00s
[2025-12-06T04:09:00.690+0000][95.991s][info ][safepoint   ] Safepoint "G1PauseCleanup", Time since last: 64304708 ns, Reaching safepoint: 75343 ns, Cleanup: 3708 ns, At safepoint: 1636543 ns, Total: 1715594 ns
[2025-12-06T04:09:00.690+0000][95.991s][info ][gc,marking  ] GC(90) Concurrent Cleanup for Next Mark
[2025-12-06T04:09:00.692+0000][95.992s][info ][gc,marking  ] GC(90) Concurrent Cleanup for Next Mark 1.607ms
[2025-12-06T04:09:00.692+0000][95.992s][info ][gc          ] GC(90) Concurrent Mark Cycle 183.395ms
[2025-12-06T04:09:01.872+0000][97.172s][debug][safepoint   ] Safepoint synchronization initiated using futex wait barrier. (280 threads)
[2025-12-06T04:09:01.872+0000][97.172s][info ][safepoint   ] Safepoint "Cleanup", Time since last: 1181533830 ns, Reaching safepoint: 124271 ns, Cleanup: 221749 ns, At safepoint: 10321 ns, Total: 356341 ns
[2025-12-06T04:09:03.872+0000][99.173s][debug][safepoint   ] Safepoint synchronization initiated using futex wait barrier. (278 threads)
[2025-12-06T04:09:03.872+0000][99.173s][info ][safepoint   ] Safepoint "Cleanup", Time since last: 2000379609 ns, Reaching safepoint: 167839 ns, Cleanup: 37095 ns, At safepoint: 6914 ns, Total: 211848 ns
[2025-12-06T04:09:05.873+0000][101.173s][debug][safepoint   ] Safepoint synchronization initiated using futex wait barrier. (278 threads)
[2025-12-06T04:09:05.873+0000][101.174s][info ][safepoint   ] Safepoint "Cleanup", Time since last: 2000350595 ns, Reaching safepoint: 124041 ns, Cleanup: 63228 ns, At safepoint: 5391 ns, Total: 192660 ns
[2025-12-06T04:09:06.873+0000][102.174s][debug][safepoint   ] Safepoint synchronization initiated using futex wait barrier. (281 threads)
[2025-12-06T04:09:06.873+0000][102.174s][info ][safepoint   ] Safepoint "Cleanup", Time since last: 1000223035 ns, Reaching safepoint: 132358 ns, Cleanup: 56885 ns, At safepoint: 5210 ns, Total: 194453 ns
[2025-12-06T04:09:08.874+0000][104.174s][debug][safepoint   ] Safepoint synchronization initiated using futex wait barrier. (281 threads)
[2025-12-06T04:09:08.874+0000][104.174s][info ][safepoint   ] Safepoint "Cleanup", Time since last: 2000265416 ns, Reaching safepoint: 78920 ns, Cleanup: 13387 ns, At safepoint: 4269 ns, Total: 96576 ns
[2025-12-06T04:09:09.874+0000][105.175s][debug][safepoint   ] Safepoint synchronization initiated using futex wait barrier. (281 threads)
[2025-12-06T04:09:09.874+0000][105.175s][info ][safepoint   ] Safepoint "Cleanup", Time since last: 1000173477 ns, Reaching safepoint: 82647 ns, Cleanup: 99141 ns, At safepoint: 4208 ns, Total: 185996 ns
[2025-12-06T04:09:11.875+0000][107.175s][debug][safepoint   ] Safepoint synchronization initiated using futex wait barrier. (281 threads)
[2025-12-06T04:09:11.875+0000][107.175s][info ][safepoint   ] Safepoint "Cleanup", Time since last: 2000438438 ns, Reaching safepoint: 100273 ns, Cleanup: 22636 ns, At safepoint: 4609 ns, Total: 127518 ns
[2025-12-06T04:09:13.875+0000][109.176s][debug][safepoint   ] Safepoint synchronization initiated using futex wait barrier. (272 threads)
[2025-12-06T04:09:13.875+0000][109.176s][info ][safepoint   ] Safepoint "Cleanup", Time since last: 2000290294 ns, Reaching safepoint: 89041 ns, Cleanup: 15381 ns, At safepoint: 4890 ns, Total: 109312 ns
[2025-12-06T04:09:14.875+0000][110.176s][debug][safepoint   ] Safepoint synchronization initiated using futex wait barrier. (270 threads)
[2025-12-06T04:09:14.876+0000][110.176s][info ][safepoint   ] Safepoint "Cleanup", Time since last: 1000226671 ns, Reaching safepoint: 128640 ns, Cleanup: 44650 ns, At safepoint: 5692 ns, Total: 178982 ns
[2025-12-06T04:09:19.877+0000][115.177s][debug][safepoint   ] Safepoint synchronization initiated using futex wait barrier. (270 threads)
[2025-12-06T04:09:19.877+0000][115.177s][info ][safepoint   ] Safepoint "Cleanup", Time since last: 5001024797 ns, Reaching safepoint: 140845 ns, Cleanup: 26995 ns, At safepoint: 6112 ns, Total: 173952 ns
[2025-12-06T04:09:24.878+0000][120.179s][debug][safepoint   ] Safepoint synchronization initiated using futex wait barrier. (268 threads)
[2025-12-06T04:09:24.878+0000][120.179s][info ][safepoint   ] Safepoint "Cleanup", Time since last: 5001249308 ns, Reaching safepoint: 282454 ns, Cleanup: 20390 ns, At safepoint: 8848 ns, Total: 311692 ns
[2025-12-06T04:09:29.937+0000][125.242s][debug][safepoint   ] Safepoint synchronization initiated using futex wait barrier. (269 threads)
[2025-12-06T04:09:29.938+0000][125.243s][info ][safepoint   ] Safepoint "Cleanup", Time since last: 5062813519 ns, Reaching safepoint: 610168 ns, Cleanup: 76934 ns, At safepoint: 933072 ns, Total: 1620174 ns
[2025-12-06T04:09:30.939+0000][126.244s][debug][safepoint   ] Safepoint synchronization initiated using futex wait barrier. (269 threads)
[2025-12-06T04:09:30.939+0000][126.244s][info ][safepoint   ] Safepoint "Cleanup", Time since last: 1000805726 ns, Reaching safepoint: 161225 ns, Cleanup: 28567 ns, At safepoint: 7886 ns, Total: 197678 ns
[2025-12-06T04:09:34.941+0000][130.246s][debug][safepoint   ] Safepoint synchronization initiated using futex wait barrier. (269 threads)
[2025-12-06T04:09:34.941+0000][130.246s][info ][safepoint   ] Safepoint "Cleanup", Time since last: 4001534522 ns, Reaching safepoint: 203701 ns, Cleanup: 18898 ns, At safepoint: 194181 ns, Total: 416780 ns
[2025-12-06T04:09:35.942+0000][131.247s][debug][safepoint   ] Safepoint synchronization initiated using futex wait barrier. (269 threads)
[2025-12-06T04:09:35.942+0000][131.247s][info ][safepoint   ] Safepoint "Cleanup", Time since last: 1000332374 ns, Reaching safepoint: 142858 ns, Cleanup: 20361 ns, At safepoint: 7485 ns, Total: 170704 ns
[2025-12-06T04:09:41.943+0000][137.248s][debug][safepoint   ] Safepoint synchronization initiated using futex wait barrier. (269 threads)
[2025-12-06T04:09:41.943+0000][137.248s][info ][safepoint   ] Safepoint "Cleanup", Time since last: 6001202224 ns, Reaching safepoint: 97828 ns, Cleanup: 13597 ns, At safepoint: 5792 ns, Total: 117217 ns
[2025-12-06T04:10:00.945+0000][156.254s][debug][safepoint   ] Safepoint synchronization initiated using futex wait barrier. (271 threads)
[2025-12-06T04:10:00.946+0000][156.255s][info ][safepoint   ] Safepoint "Cleanup", Time since last: 19006226239 ns, Reaching safepoint: 153330 ns, Cleanup: 51822 ns, At safepoint: 6553 ns, Total: 211705 ns
[2025-12-06T04:10:11.950+0000][167.259s][debug][safepoint   ] Safepoint synchronization initiated using futex wait barrier. (271 threads)
[2025-12-06T04:10:11.950+0000][167.259s][info ][safepoint   ] Safepoint "Cleanup", Time since last: 11003991188 ns, Reaching safepoint: 247297 ns, Cleanup: 23437 ns, At safepoint: 6002 ns, Total: 276736 ns
[2025-12-06T04:10:12.950+0000][168.259s][debug][safepoint   ] Safepoint synchronization initiated using futex wait barrier. (271 threads)
[2025-12-06T04:10:12.950+0000][168.259s][info ][safepoint   ] Safepoint "Cleanup", Time since last: 1000382086 ns, Reaching safepoint: 135653 ns, Cleanup: 21233 ns, At safepoint: 6092 ns, Total: 162978 ns
[2025-12-06T04:10:15.951+0000][171.260s][debug][safepoint   ] Safepoint synchronization initiated using futex wait barrier. (266 threads)
[2025-12-06T04:10:15.951+0000][171.260s][info ][safepoint   ] Safepoint "Cleanup", Time since last: 3000415137 ns, Reaching safepoint: 131935 ns, Cleanup: 19409 ns, At safepoint: 5451 ns, Total: 156795 ns
[2025-12-06T04:10:20.954+0000][176.263s][debug][safepoint   ] Safepoint synchronization initiated using futex wait barrier. (270 threads)
[2025-12-06T04:10:20.954+0000][176.263s][info ][safepoint   ] Safepoint "Cleanup", Time since last: 5002642758 ns, Reaching safepoint: 206812 ns, Cleanup: 121547 ns, At safepoint: 8336 ns, Total: 336695 ns
[2025-12-06T04:10:25.571+0000][180.880s][debug][safepoint   ] Safepoint synchronization initiated using futex wait barrier. (271 threads)
[2025-12-06T04:10:25.572+0000][180.881s][info ][gc,start    ] GC(91) Pause Young (Prepare Mixed) (G1 Evacuation Pause)
[2025-12-06T04:10:25.572+0000][180.881s][info ][gc,task     ] GC(91) Using 13 workers of 13 for evacuation
[2025-12-06T04:10:25.632+0000][180.941s][info ][gc,phases   ] GC(91)   Pre Evacuate Collection Set: 0.9ms
[2025-12-06T04:10:25.632+0000][180.941s][info ][gc,phases   ] GC(91)   Merge Heap Roots: 1.5ms
[2025-12-06T04:10:25.632+0000][180.941s][info ][gc,phases   ] GC(91)   Evacuate Collection Set: 51.6ms
[2025-12-06T04:10:25.632+0000][180.941s][info ][gc,phases   ] GC(91)   Post Evacuate Collection Set: 5.4ms
[2025-12-06T04:10:25.632+0000][180.941s][info ][gc,phases   ] GC(91)   Other: 0.7ms
[2025-12-06T04:10:25.632+0000][180.941s][info ][gc,heap     ] GC(91) Eden regions: 319->0(1)
[2025-12-06T04:10:25.632+0000][180.941s][info ][gc,heap     ] GC(91) Survivor regions: 28->44(44)
[2025-12-06T04:10:25.632+0000][180.941s][info ][gc,heap     ] GC(91) Old regions: 182->210
[2025-12-06T04:10:25.632+0000][180.941s][info ][gc,heap     ] GC(91) Archive regions: 2->2
[2025-12-06T04:10:25.632+0000][180.941s][info ][gc,heap     ] GC(91) Humongous regions: 4->4
[2025-12-06T04:10:25.632+0000][180.941s][info ][gc,metaspace] GC(91) Metaspace: 197490K(198976K)->197490K(198976K) NonClass: 173353K(174144K)->173353K(174144K) Class: 24137K(24832K)->24137K(24832K)
[2025-12-06T04:10:25.632+0000][180.941s][info ][gc          ] GC(91) Pause Young (Prepare Mixed) (G1 Evacuation Pause) 532M->258M(667M) 59.998ms
[2025-12-06T04:10:25.632+0000][180.941s][info ][gc,cpu      ] GC(91) User=0.68s Sys=0.03s Real=0.06s
[2025-12-06T04:10:25.634+0000][180.943s][info ][safepoint   ] Safepoint "G1CollectForAllocation", Time since last: 4617506823 ns, Reaching safepoint: 87941 ns, Cleanup: 66209 ns, At safepoint: 62340281 ns, Total: 62494431 ns
[2025-12-06T04:10:25.651+0000][180.960s][debug][safepoint   ] Safepoint synchronization initiated using futex wait barrier. (270 threads)
[2025-12-06T04:10:25.652+0000][180.961s][info ][gc,start    ] GC(92) Pause Young (Mixed) (G1 Evacuation Pause)
[2025-12-06T04:10:25.652+0000][180.961s][info ][gc,task     ] GC(92) Using 13 workers of 13 for evacuation
[2025-12-06T04:10:25.677+0000][180.986s][info ][gc,phases   ] GC(92)   Pre Evacuate Collection Set: 0.5ms
[2025-12-06T04:10:25.677+0000][180.986s][info ][gc,phases   ] GC(92)   Merge Heap Roots: 0.5ms
[2025-12-06T04:10:25.677+0000][180.986s][info ][gc,phases   ] GC(92)   Evacuate Collection Set: 22.3ms
[2025-12-06T04:10:25.677+0000][180.986s][info ][gc,phases   ] GC(92)   Post Evacuate Collection Set: 2.0ms
[2025-12-06T04:10:25.677+0000][180.986s][info ][gc,phases   ] GC(92)   Other: 0.2ms
[2025-12-06T04:10:25.677+0000][180.986s][info ][gc,heap     ] GC(92) Eden regions: 1->0(268)
[2025-12-06T04:10:25.677+0000][180.986s][info ][gc,heap     ] GC(92) Survivor regions: 44->4(6)
[2025-12-06T04:10:25.677+0000][180.986s][info ][gc,heap     ] GC(92) Old regions: 210->246
[2025-12-06T04:10:25.677+0000][180.986s][info ][gc,heap     ] GC(92) Archive regions: 2->2
[2025-12-06T04:10:25.677+0000][180.986s][info ][gc,heap     ] GC(92) Humongous regions: 4->4
[2025-12-06T04:10:25.677+0000][180.986s][info ][gc,metaspace] GC(92) Metaspace: 197494K(198976K)->197494K(198976K) NonClass: 173357K(174144K)->173357K(174144K) Class: 24137K(24832K)->24137K(24832K)
[2025-12-06T04:10:25.677+0000][180.986s][info ][gc          ] GC(92) Pause Young (Mixed) (G1 Evacuation Pause) 259M->254M(667M) 25.631ms
[2025-12-06T04:10:25.677+0000][180.986s][info ][gc,cpu      ] GC(92) User=0.29s Sys=0.00s Real=0.03s
[2025-12-06T04:10:25.679+0000][180.988s][info ][safepoint   ] Safepoint "G1CollectForAllocation", Time since last: 17527731 ns, Reaching safepoint: 81318 ns, Cleanup: 13977 ns, At safepoint: 27175430 ns, Total: 27270725 ns
[2025-12-06T04:10:48.681+0000][203.995s][debug][safepoint   ] Safepoint synchronization initiated using futex wait barrier. (269 threads)
[2025-12-06T04:10:48.682+0000][203.995s][info ][safepoint   ] Safepoint "Cleanup", Time since last: 23007122690 ns, Reaching safepoint: 156816 ns, Cleanup: 24480 ns, At safepoint: 6132 ns, Total: 187428 ns
[2025-12-06T04:10:51.683+0000][206.996s][debug][safepoint   ] Safepoint synchronization initiated using futex wait barrier. (269 threads)
[2025-12-06T04:10:51.683+0000][206.996s][info ][safepoint   ] Safepoint "Cleanup", Time since last: 3000948274 ns, Reaching safepoint: 183018 ns, Cleanup: 33536 ns, At safepoint: 8206 ns, Total: 224760 ns
[2025-12-06T04:10:53.683+0000][208.997s][debug][safepoint   ] Safepoint synchronization initiated using futex wait barrier. (270 threads)
[2025-12-06T04:10:53.684+0000][208.997s][info ][safepoint   ] Safepoint "Cleanup", Time since last: 2000557314 ns, Reaching safepoint: 120776 ns, Cleanup: 56120 ns, At safepoint: 5531 ns, Total: 182427 ns
[2025-12-06T04:10:58.681+0000][213.998s][debug][safepoint   ] Safepoint synchronization initiated using futex wait barrier. (269 threads)
[2025-12-06T04:10:58.681+0000][213.998s][info ][safepoint   ] Safepoint "Cleanup", Time since last: 5001275365 ns, Reaching safepoint: 155242 ns, Cleanup: 23788 ns, At safepoint: 7215 ns, Total: 186245 ns
[2025-12-06T04:11:00.682+0000][215.999s][debug][safepoint   ] Safepoint synchronization initiated using futex wait barrier. (269 threads)
[2025-12-06T04:11:00.682+0000][216.000s][info ][safepoint   ] Safepoint "Cleanup", Time since last: 2001033562 ns, Reaching safepoint: 169602 ns, Cleanup: 42726 ns, At safepoint: 7615 ns, Total: 219943 ns
[2025-12-06T04:11:04.684+0000][220.001s][debug][safepoint   ] Safepoint synchronization initiated using futex wait barrier. (270 threads)
[2025-12-06T04:11:04.684+0000][220.001s][info ][safepoint   ] Safepoint "Cleanup", Time since last: 4001268589 ns, Reaching safepoint: 153138 ns, Cleanup: 25581 ns, At safepoint: 5461 ns, Total: 184180 ns
[2025-12-06T04:11:12.685+0000][228.002s][debug][safepoint   ] Safepoint synchronization initiated using futex wait barrier. (269 threads)
[2025-12-06T04:11:12.685+0000][228.003s][info ][safepoint   ] Safepoint "Cleanup", Time since last: 8001348696 ns, Reaching safepoint: 181024 ns, Cleanup: 15542 ns, At safepoint: 5781 ns, Total: 202347 ns
[2025-12-06T04:11:14.686+0000][230.003s][debug][safepoint   ] Safepoint synchronization initiated using futex wait barrier. (267 threads)
[2025-12-06T04:11:14.686+0000][230.003s][info ][safepoint   ] Safepoint "Cleanup", Time since last: 2000345794 ns, Reaching safepoint: 121164 ns, Cleanup: 60842 ns, At safepoint: 4609 ns, Total: 186615 ns
[2025-12-06T04:11:17.557+0000][232.874s][debug][safepoint   ] Safepoint synchronization initiated using futex wait barrier. (267 threads)
[2025-12-06T04:11:17.558+0000][232.875s][info ][safepoint   ] Safepoint "Cleanup", Time since last: 2871281732 ns, Reaching safepoint: 70051 ns, Cleanup: 64329 ns, At safepoint: 65332 ns, Total: 199712 ns
[2025-12-06T04:11:18.558+0000][233.875s][debug][safepoint   ] Safepoint synchronization initiated using futex wait barrier. (267 threads)
[2025-12-06T04:11:18.558+0000][233.875s][info ][safepoint   ] Safepoint "Cleanup", Time since last: 1000229374 ns, Reaching safepoint: 101143 ns, Cleanup: 48187 ns, At safepoint: 5721 ns, Total: 155051 ns
[2025-12-06T04:11:22.559+0000][237.876s][debug][safepoint   ] Safepoint synchronization initiated using futex wait barrier. (267 threads)
[2025-12-06T04:11:22.559+0000][237.876s][info ][safepoint   ] Safepoint "Cleanup", Time since last: 4000958048 ns, Reaching safepoint: 178849 ns, Cleanup: 38868 ns, At safepoint: 7264 ns, Total: 224981 ns
[2025-12-06T04:11:23.559+0000][238.876s][debug][safepoint   ] Safepoint synchronization initiated using futex wait barrier. (267 threads)
[2025-12-06T04:11:23.560+0000][238.877s][info ][safepoint   ] Safepoint "Cleanup", Time since last: 1000260149 ns, Reaching safepoint: 139750 ns, Cleanup: 222577 ns, At safepoint: 15180 ns, Total: 377507 ns
[2025-12-06T04:11:28.052+0000][243.373s][debug][safepoint   ] Safepoint synchronization initiated using futex wait barrier. (277 threads)
[2025-12-06T04:11:28.052+0000][243.374s][info ][safepoint   ] Safepoint "Cleanup", Time since last: 4496443662 ns, Reaching safepoint: 171354 ns, Cleanup: 134951 ns, At safepoint: 8036 ns, Total: 314341 ns
[2025-12-06T04:11:31.053+0000][246.374s][debug][safepoint   ] Safepoint synchronization initiated using futex wait barrier. (275 threads)
[2025-12-06T04:11:31.054+0000][246.375s][info ][safepoint   ] Safepoint "Cleanup", Time since last: 3000854182 ns, Reaching safepoint: 155312 ns, Cleanup: 41694 ns, At safepoint: 5912 ns, Total: 202918 ns
[2025-12-06T04:11:34.054+0000][249.375s][debug][safepoint   ] Safepoint synchronization initiated using futex wait barrier. (275 threads)
[2025-12-06T04:11:34.054+0000][249.375s][info ][safepoint   ] Safepoint "Cleanup", Time since last: 3000612734 ns, Reaching safepoint: 97336 ns, Cleanup: 52445 ns, At safepoint: 5411 ns, Total: 155192 ns
[2025-12-06T04:12:00.058+0000][275.384s][debug][safepoint   ] Safepoint synchronization initiated using futex wait barrier. (275 threads)
[2025-12-06T04:12:00.058+0000][275.384s][info ][safepoint   ] Safepoint "Cleanup", Time since last: 26008622020 ns, Reaching safepoint: 112605 ns, Cleanup: 31433 ns, At safepoint: 4739 ns, Total: 148777 ns
[2025-12-06T04:12:01.058+0000][276.384s][debug][safepoint   ] Safepoint synchronization initiated using futex wait barrier. (275 threads)
[2025-12-06T04:12:01.058+0000][276.385s][info ][safepoint   ] Safepoint "Cleanup", Time since last: 1000178251 ns, Reaching safepoint: 106733 ns, Cleanup: 21493 ns, At safepoint: 4749 ns, Total: 132975 ns
[2025-12-06T04:12:02.059+0000][277.385s][debug][safepoint   ] Safepoint synchronization initiated using futex wait barrier. (275 threads)
[2025-12-06T04:12:02.059+0000][277.385s][info ][safepoint   ] Safepoint "Cleanup", Time since last: 1000225725 ns, Reaching safepoint: 123536 ns, Cleanup: 18637 ns, At safepoint: 5391 ns, Total: 147564 ns
[2025-12-06T04:12:12.063+0000][287.389s][debug][safepoint   ] Safepoint synchronization initiated using futex wait barrier. (275 threads)
[2025-12-06T04:12:12.063+0000][287.389s][info ][safepoint   ] Safepoint "Cleanup", Time since last: 10004038406 ns, Reaching safepoint: 132727 ns, Cleanup: 55692 ns, At safepoint: 5661 ns, Total: 194080 ns
[2025-12-06T04:12:14.064+0000][289.390s][debug][safepoint   ] Safepoint synchronization initiated using futex wait barrier. (274 threads)
[2025-12-06T04:12:14.064+0000][289.390s][info ][safepoint   ] Safepoint "Cleanup", Time since last: 2000864051 ns, Reaching safepoint: 127907 ns, Cleanup: 27495 ns, At safepoint: 4830 ns, Total: 160232 ns
[2025-12-06T04:12:15.064+0000][290.390s][debug][safepoint   ] Safepoint synchronization initiated using futex wait barrier. (274 threads)
[2025-12-06T04:12:15.064+0000][290.391s][info ][safepoint   ] Safepoint "Cleanup", Time since last: 1000195752 ns, Reaching safepoint: 136674 ns, Cleanup: 34710 ns, At safepoint: 46604 ns, Total: 217988 ns
[2025-12-06T04:12:16.065+0000][291.391s][debug][safepoint   ] Safepoint synchronization initiated using futex wait barrier. (274 threads)
[2025-12-06T04:12:16.065+0000][291.391s][info ][safepoint   ] Safepoint "Cleanup", Time since last: 1000558802 ns, Reaching safepoint: 165323 ns, Cleanup: 96914 ns, At safepoint: 7796 ns, Total: 270033 ns
[2025-12-06T04:12:17.065+0000][292.392s][debug][safepoint   ] Safepoint synchronization initiated using futex wait barrier. (275 threads)
[2025-12-06T04:12:17.066+0000][292.392s][info ][safepoint   ] Safepoint "Cleanup", Time since last: 1000234291 ns, Reaching safepoint: 152497 ns, Cleanup: 47545 ns, At safepoint: 7355 ns, Total: 207397 ns
[2025-12-06T04:12:18.066+0000][293.392s][debug][safepoint   ] Safepoint synchronization initiated using futex wait barrier. (275 threads)
[2025-12-06T04:12:18.066+0000][293.392s][info ][safepoint   ] Safepoint "Cleanup", Time since last: 1000194081 ns, Reaching safepoint: 173980 ns, Cleanup: 42495 ns, At safepoint: 6253 ns, Total: 222728 ns
[2025-12-06T04:12:21.067+0000][296.393s][debug][safepoint   ] Safepoint synchronization initiated using futex wait barrier. (276 threads)
[2025-12-06T04:12:21.067+0000][296.393s][info ][safepoint   ] Safepoint "Cleanup", Time since last: 3000639282 ns, Reaching safepoint: 90963 ns, Cleanup: 15226 ns, At safepoint: 4177 ns, Total: 110366 ns
[2025-12-06T04:12:27.116+0000][302.446s][debug][safepoint   ] Safepoint synchronization initiated using futex wait barrier. (275 threads)
[2025-12-06T04:12:27.117+0000][302.446s][info ][safepoint   ] Safepoint "Cleanup", Time since last: 6052935100 ns, Reaching safepoint: 83464 ns, Cleanup: 20450 ns, At safepoint: 3898 ns, Total: 107812 ns
[2025-12-06T04:12:29.117+0000][304.446s][debug][safepoint   ] Safepoint synchronization initiated using futex wait barrier. (275 threads)
[2025-12-06T04:12:29.117+0000][304.447s][info ][safepoint   ] Safepoint "Cleanup", Time since last: 2000344220 ns, Reaching safepoint: 101680 ns, Cleanup: 15490 ns, At safepoint: 5301 ns, Total: 122471 ns
[2025-12-06T04:12:49.957+0000][325.287s][debug][safepoint   ] Safepoint synchronization initiated using futex wait barrier. (269 threads)
[2025-12-06T04:12:49.958+0000][325.287s][info ][gc,start    ] GC(93) Pause Young (Normal) (G1 Evacuation Pause)
[2025-12-06T04:12:49.958+0000][325.287s][info ][gc,task     ] GC(93) Using 13 workers of 13 for evacuation
[2025-12-06T04:12:49.970+0000][325.300s][info ][gc,phases   ] GC(93)   Pre Evacuate Collection Set: 0.8ms
[2025-12-06T04:12:49.970+0000][325.300s][info ][gc,phases   ] GC(93)   Merge Heap Roots: 0.6ms
[2025-12-06T04:12:49.970+0000][325.300s][info ][gc,phases   ] GC(93)   Evacuate Collection Set: 6.4ms
[2025-12-06T04:12:49.970+0000][325.300s][info ][gc,phases   ] GC(93)   Post Evacuate Collection Set: 4.7ms
[2025-12-06T04:12:49.970+0000][325.300s][info ][gc,phases   ] GC(93)   Other: 0.4ms
[2025-12-06T04:12:49.970+0000][325.300s][info ][gc,heap     ] GC(93) Eden regions: 268->0(278)
[2025-12-06T04:12:49.970+0000][325.300s][info ][gc,heap     ] GC(93) Survivor regions: 4->4(34)
[2025-12-06T04:12:49.970+0000][325.300s][info ][gc,heap     ] GC(93) Old regions: 246->246
[2025-12-06T04:12:49.971+0000][325.300s][info ][gc,heap     ] GC(93) Archive regions: 2->2
[2025-12-06T04:12:49.971+0000][325.300s][info ][gc,heap     ] GC(93) Humongous regions: 4->4
[2025-12-06T04:12:49.971+0000][325.300s][info ][gc,metaspace] GC(93) Metaspace: 199590K(201216K)->199590K(201216K) NonClass: 175253K(176128K)->175253K(176128K) Class: 24336K(25088K)->24336K(25088K)
[2025-12-06T04:12:49.971+0000][325.300s][info ][gc          ] GC(93) Pause Young (Normal) (G1 Evacuation Pause) 522M->254M(667M) 12.953ms
[2025-12-06T04:12:49.971+0000][325.300s][info ][gc,cpu      ] GC(93) User=0.06s Sys=0.01s Real=0.01s
[2025-12-06T04:12:49.971+0000][325.301s][info ][safepoint   ] Safepoint "G1CollectForAllocation", Time since last: 20840224932 ns, Reaching safepoint: 204378 ns, Cleanup: 11293 ns, At safepoint: 13750392 ns, Total: 13966063 ns
[2025-12-06T04:12:50.972+0000][326.301s][debug][safepoint   ] Safepoint synchronization initiated using futex wait barrier. (269 threads)
[2025-12-06T04:12:50.972+0000][326.301s][info ][safepoint   ] Safepoint "Cleanup", Time since last: 1000284546 ns, Reaching safepoint: 136083 ns, Cleanup: 60286 ns, At safepoint: 6993 ns, Total: 203362 ns
[2025-12-06T04:12:59.971+0000][335.304s][debug][safepoint   ] Safepoint synchronization initiated using futex wait barrier. (270 threads)
[2025-12-06T04:12:59.972+0000][335.304s][info ][safepoint   ] Safepoint "Cleanup", Time since last: 9002874609 ns, Reaching safepoint: 160050 ns, Cleanup: 46723 ns, At safepoint: 7024 ns, Total: 213797 ns
[2025-12-06T04:13:00.972+0000][336.305s][debug][safepoint   ] Safepoint synchronization initiated using futex wait barrier. (270 threads)
[2025-12-06T04:13:00.972+0000][336.305s][info ][safepoint   ] Safepoint "Cleanup", Time since last: 1000719164 ns, Reaching safepoint: 155521 ns, Cleanup: 20531 ns, At safepoint: 5701 ns, Total: 181753 ns
[2025-12-06T04:13:06.975+0000][342.308s][debug][safepoint   ] Safepoint synchronization initiated using futex wait barrier. (270 threads)
[2025-12-06T04:13:06.976+0000][342.308s][info ][safepoint   ] Safepoint "Cleanup", Time since last: 6002958129 ns, Reaching safepoint: 125881 ns, Cleanup: 19679 ns, At safepoint: 5571 ns, Total: 151131 ns
[2025-12-06T04:13:11.979+0000][347.311s][debug][safepoint   ] Safepoint synchronization initiated using futex wait barrier. (270 threads)
[2025-12-06T04:13:11.979+0000][347.312s][info ][safepoint   ] Safepoint "Cleanup", Time since last: 5003146122 ns, Reaching safepoint: 142494 ns, Cleanup: 25261 ns, At safepoint: 5891 ns, Total: 173646 ns
[2025-12-06T04:13:12.979+0000][348.312s][debug][safepoint   ] Safepoint synchronization initiated using futex wait barrier. (270 threads)
[2025-12-06T04:13:12.980+0000][348.312s][info ][safepoint   ] Safepoint "Cleanup", Time since last: 1000571431 ns, Reaching safepoint: 134669 ns, Cleanup: 25982 ns, At safepoint: 11303 ns, Total: 171954 ns
[2025-12-06T04:13:20.982+0000][356.315s][debug][safepoint   ] Safepoint synchronization initiated using futex wait barrier. (269 threads)
[2025-12-06T04:13:20.982+0000][356.315s][info ][safepoint   ] Safepoint "Cleanup", Time since last: 8002553496 ns, Reaching safepoint: 129569 ns, Cleanup: 21503 ns, At safepoint: 5711 ns, Total: 156783 ns
[2025-12-06T04:13:32.196+0000][367.532s][debug][safepoint   ] Safepoint synchronization initiated using futex wait barrier. (269 threads)
[2025-12-06T04:13:32.196+0000][367.532s][info ][safepoint   ] Safepoint "Cleanup", Time since last: 11217222388 ns, Reaching safepoint: 158306 ns, Cleanup: 27785 ns, At safepoint: 7274 ns, Total: 193365 ns
[2025-12-06T04:13:36.198+0000][371.535s][debug][safepoint   ] Safepoint synchronization initiated using futex wait barrier. (267 threads)
[2025-12-06T04:13:36.198+0000][371.535s][info ][safepoint   ] Safepoint "Cleanup", Time since last: 4002317355 ns, Reaching safepoint: 132504 ns, Cleanup: 30862 ns, At safepoint: 6864 ns, Total: 170230 ns
[2025-12-06T04:13:42.201+0000][377.537s][debug][safepoint   ] Safepoint synchronization initiated using futex wait barrier. (267 threads)
[2025-12-06T04:13:42.201+0000][377.537s][info ][safepoint   ] Safepoint "Cleanup", Time since last: 6002219057 ns, Reaching safepoint: 178386 ns, Cleanup: 14910 ns, At safepoint: 7324 ns, Total: 200620 ns
[2025-12-06T04:13:43.201+0000][378.538s][debug][safepoint   ] Safepoint synchronization initiated using futex wait barrier. (267 threads)
[2025-12-06T04:13:43.201+0000][378.538s][info ][safepoint   ] Safepoint "Cleanup", Time since last: 1000238865 ns, Reaching safepoint: 105250 ns, Cleanup: 15090 ns, At safepoint: 5871 ns, Total: 126211 ns
[2025-12-06T04:13:50.204+0000][385.541s][debug][safepoint   ] Safepoint synchronization initiated using futex wait barrier. (267 threads)
[2025-12-06T04:13:50.204+0000][385.541s][info ][safepoint   ] Safepoint "Cleanup", Time since last: 7003051469 ns, Reaching safepoint: 167223 ns, Cleanup: 26553 ns, At safepoint: 7194 ns, Total: 200970 ns
[2025-12-06T04:14:00.205+0000][395.545s][debug][safepoint   ] Safepoint synchronization initiated using futex wait barrier. (267 threads)
[2025-12-06T04:14:00.205+0000][395.545s][info ][safepoint   ] Safepoint "Cleanup", Time since last: 10004187409 ns, Reaching safepoint: 175059 ns, Cleanup: 49065 ns, At safepoint: 8817 ns, Total: 232941 ns
[2025-12-06T04:14:05.206+0000][400.547s][debug][safepoint   ] Safepoint synchronization initiated using futex wait barrier. (267 threads)
[2025-12-06T04:14:05.206+0000][400.547s][info ][safepoint   ] Safepoint "Cleanup", Time since last: 5001556409 ns, Reaching safepoint: 155299 ns, Cleanup: 23277 ns, At safepoint: 6212 ns, Total: 184788 ns
[2025-12-06T04:14:15.210+0000][410.551s][debug][safepoint   ] Safepoint synchronization initiated using futex wait barrier. (266 threads)
[2025-12-06T04:14:15.211+0000][410.551s][info ][safepoint   ] Safepoint "Cleanup", Time since last: 10003988370 ns, Reaching safepoint: 147124 ns, Cleanup: 22054 ns, At safepoint: 5701 ns, Total: 174879 ns
[2025-12-06T04:14:20.213+0000][415.554s][debug][safepoint   ] Safepoint synchronization initiated using futex wait barrier. (265 threads)
[2025-12-06T04:14:20.213+0000][415.554s][info ][safepoint   ] Safepoint "Cleanup", Time since last: 5002550134 ns, Reaching safepoint: 150047 ns, Cleanup: 33206 ns, At safepoint: 7295 ns, Total: 190548 ns
[2025-12-06T04:14:21.214+0000][416.554s][debug][safepoint   ] Safepoint synchronization initiated using futex wait barrier. (265 threads)
[2025-12-06T04:14:21.214+0000][416.554s][info ][safepoint   ] Safepoint "Cleanup", Time since last: 1000201499 ns, Reaching safepoint: 119797 ns, Cleanup: 19469 ns, At safepoint: 5190 ns, Total: 144456 ns
[2025-12-06T04:14:35.281+0000][430.625s][debug][safepoint   ] Safepoint synchronization initiated using futex wait barrier. (265 threads)
[2025-12-06T04:14:35.281+0000][430.625s][info ][safepoint   ] Safepoint "Cleanup", Time since last: 14070411780 ns, Reaching safepoint: 164027 ns, Cleanup: 28306 ns, At safepoint: 6583 ns, Total: 198916 ns
[2025-12-06T04:15:00.285+0000][455.633s][debug][safepoint   ] Safepoint synchronization initiated using futex wait barrier. (265 threads)
[2025-12-06T04:15:00.285+0000][455.633s][info ][safepoint   ] Safepoint "Cleanup", Time since last: 25007697748 ns, Reaching safepoint: 222984 ns, Cleanup: 28847 ns, At safepoint: 6223 ns, Total: 258054 ns
[2025-12-06T04:15:12.289+0000][467.637s][debug][safepoint   ] Safepoint synchronization initiated using futex wait barrier. (265 threads)
[2025-12-06T04:15:12.289+0000][467.637s][info ][safepoint   ] Safepoint "Cleanup", Time since last: 12003572195 ns, Reaching safepoint: 286580 ns, Cleanup: 36773 ns, At safepoint: 5962 ns, Total: 329315 ns
[2025-12-06T04:15:15.290+0000][470.638s][debug][safepoint   ] Safepoint synchronization initiated using futex wait barrier. (264 threads)
[2025-12-06T04:15:15.290+0000][470.638s][info ][safepoint   ] Safepoint "Cleanup", Time since last: 3000706724 ns, Reaching safepoint: 101141 ns, Cleanup: 34018 ns, At safepoint: 4619 ns, Total: 139778 ns
[2025-12-06T04:15:20.291+0000][475.639s][debug][safepoint   ] Safepoint synchronization initiated using futex wait barrier. (263 threads)
[2025-12-06T04:15:20.291+0000][475.639s][info ][safepoint   ] Safepoint "Cleanup", Time since last: 5000826960 ns, Reaching safepoint: 80600 ns, Cleanup: 11173 ns, At safepoint: 3657 ns, Total: 95430 ns
[2025-12-06T04:15:21.291+0000][476.639s][debug][safepoint   ] Safepoint synchronization initiated using futex wait barrier. (263 threads)
[2025-12-06T04:15:21.291+0000][476.639s][info ][safepoint   ] Safepoint "Cleanup", Time since last: 1000248841 ns, Reaching safepoint: 124338 ns, Cleanup: 41753 ns, At safepoint: 4418 ns, Total: 170509 ns
[2025-12-06T04:15:45.344+0000][500.695s][debug][safepoint   ] Safepoint synchronization initiated using futex wait barrier. (263 threads)
[2025-12-06T04:15:45.344+0000][500.696s][info ][safepoint   ] Safepoint "Cleanup", Time since last: 24056029136 ns, Reaching safepoint: 278864 ns, Cleanup: 34719 ns, At safepoint: 361048 ns, Total: 674631 ns
[2025-12-06T04:16:00.344+0000][515.699s][debug][safepoint   ] Safepoint synchronization initiated using futex wait barrier. (263 threads)
[2025-12-06T04:16:00.344+0000][515.699s][info ][safepoint   ] Safepoint "Cleanup", Time since last: 15003468452 ns, Reaching safepoint: 126190 ns, Cleanup: 42745 ns, At safepoint: 36542 ns, Total: 205477 ns
[2025-12-06T04:16:11.346+0000][526.701s][debug][safepoint   ] Safepoint synchronization initiated using futex wait barrier. (263 threads)
[2025-12-06T04:16:11.346+0000][526.702s][info ][safepoint   ] Safepoint "Cleanup", Time since last: 11001984298 ns, Reaching safepoint: 242743 ns, Cleanup: 17745 ns, At safepoint: 6403 ns, Total: 266891 ns
[2025-12-06T04:16:12.349+0000][527.704s][debug][safepoint   ] Safepoint synchronization initiated using futex wait barrier. (263 threads)
[2025-12-06T04:16:12.349+0000][527.704s][info ][safepoint   ] Safepoint "Cleanup", Time since last: 1002522329 ns, Reaching safepoint: 113255 ns, Cleanup: 21923 ns, At safepoint: 5401 ns, Total: 140579 ns
[2025-12-06T04:16:22.352+0000][537.707s][debug][safepoint   ] Safepoint synchronization initiated using futex wait barrier. (262 threads)
[2025-12-06T04:16:22.352+0000][537.708s][info ][safepoint   ] Safepoint "Cleanup", Time since last: 10002992207 ns, Reaching safepoint: 132192 ns, Cleanup: 20591 ns, At safepoint: 4639 ns, Total: 157422 ns
[2025-12-06T04:16:30.393+0000][545.752s][debug][safepoint   ] Safepoint synchronization initiated using futex wait barrier. (262 threads)
[2025-12-06T04:16:30.393+0000][545.752s][info ][safepoint   ] Safepoint "Cleanup", Time since last: 8044224338 ns, Reaching safepoint: 155455 ns, Cleanup: 33057 ns, At safepoint: 7413 ns, Total: 195925 ns
[2025-12-06T04:16:32.394+0000][547.752s][debug][safepoint   ] Safepoint synchronization initiated using futex wait barrier. (262 threads)
[2025-12-06T04:16:32.394+0000][547.752s][info ][safepoint   ] Safepoint "Cleanup", Time since last: 2000344759 ns, Reaching safepoint: 74548 ns, Cleanup: 12104 ns, At safepoint: 3426 ns, Total: 90078 ns
[2025-12-06T04:16:36.942+0000][552.301s][debug][safepoint   ] Safepoint synchronization initiated using futex wait barrier. (261 threads)
[2025-12-06T04:16:36.942+0000][552.301s][info ][gc,start    ] GC(94) Pause Young (Concurrent Start) (G1 Evacuation Pause)
[2025-12-06T04:16:36.942+0000][552.301s][info ][gc,task     ] GC(94) Using 13 workers of 13 for evacuation
[2025-12-06T04:16:36.956+0000][552.315s][info ][gc,phases   ] GC(94)   Pre Evacuate Collection Set: 1.3ms
[2025-12-06T04:16:36.956+0000][552.315s][info ][gc,phases   ] GC(94)   Merge Heap Roots: 0.5ms
[2025-12-06T04:16:36.956+0000][552.315s][info ][gc,phases   ] GC(94)   Evacuate Collection Set: 8.4ms
[2025-12-06T04:16:36.956+0000][552.315s][info ][gc,phases   ] GC(94)   Post Evacuate Collection Set: 2.2ms
[2025-12-06T04:16:36.956+0000][552.315s][info ][gc,phases   ] GC(94)   Other: 1.9ms
[2025-12-06T04:16:36.956+0000][552.315s][info ][gc,heap     ] GC(94) Eden regions: 278->0(290)
[2025-12-06T04:16:36.956+0000][552.315s][info ][gc,heap     ] GC(94) Survivor regions: 4->4(36)
[2025-12-06T04:16:36.956+0000][552.315s][info ][gc,heap     ] GC(94) Old regions: 246->246
[2025-12-06T04:16:36.956+0000][552.315s][info ][gc,heap     ] GC(94) Archive regions: 2->2
[2025-12-06T04:16:36.957+0000][552.315s][info ][gc,heap     ] GC(94) Humongous regions: 4->4
[2025-12-06T04:16:36.957+0000][552.315s][info ][gc,metaspace] GC(94) Metaspace: 199753K(201344K)->199753K(201344K) NonClass: 175415K(176256K)->175415K(176256K) Class: 24338K(25088K)->24338K(25088K)
[2025-12-06T04:16:36.957+0000][552.315s][info ][gc          ] GC(94) Pause Young (Concurrent Start) (G1 Evacuation Pause) 532M->254M(667M) 14.183ms
[2025-12-06T04:16:36.957+0000][552.315s][info ][gc,cpu      ] GC(94) User=0.05s Sys=0.00s Real=0.01s
[2025-12-06T04:16:36.957+0000][552.315s][info ][gc          ] GC(95) Concurrent Mark Cycle
[2025-12-06T04:16:36.957+0000][552.316s][info ][gc,marking  ] GC(95) Concurrent Clear Claimed Marks
[2025-12-06T04:16:36.957+0000][552.316s][info ][safepoint   ] Safepoint "G1CollectForAllocation", Time since last: 4548324671 ns, Reaching safepoint: 109910 ns, Cleanup: 6743 ns, At safepoint: 14680039 ns, Total: 14796692 ns
[2025-12-06T04:16:36.957+0000][552.316s][info ][gc,marking  ] GC(95) Concurrent Clear Claimed Marks 0.301ms
[2025-12-06T04:16:36.957+0000][552.316s][info ][gc,marking  ] GC(95) Concurrent Scan Root Regions
[2025-12-06T04:16:36.969+0000][552.328s][info ][gc,marking  ] GC(95) Concurrent Scan Root Regions 12.089ms
[2025-12-06T04:16:36.969+0000][552.328s][info ][gc,marking  ] GC(95) Concurrent Mark
[2025-12-06T04:16:36.969+0000][552.328s][info ][gc,marking  ] GC(95) Concurrent Mark From Roots
[2025-12-06T04:16:36.969+0000][552.328s][info ][gc,task     ] GC(95) Using 3 workers of 3 for marking
[2025-12-06T04:16:37.106+0000][552.464s][info ][gc,marking  ] GC(95) Concurrent Mark From Roots 136.183ms
[2025-12-06T04:16:37.106+0000][552.464s][info ][gc,marking  ] GC(95) Concurrent Preclean
[2025-12-06T04:16:37.106+0000][552.465s][info ][gc,marking  ] GC(95) Concurrent Preclean 0.605ms
[2025-12-06T04:16:37.106+0000][552.465s][debug][safepoint   ] Safepoint synchronization initiated using futex wait barrier. (261 threads)
[2025-12-06T04:16:37.107+0000][552.465s][info ][gc,start    ] GC(95) Pause Remark
[2025-12-06T04:16:37.118+0000][552.477s][info ][gc          ] GC(95) Pause Remark 257M->223M(667M) 11.807ms
[2025-12-06T04:16:37.118+0000][552.477s][info ][gc,cpu      ] GC(95) User=0.10s Sys=0.00s Real=0.01s
[2025-12-06T04:16:37.120+0000][552.478s][info ][safepoint   ] Safepoint "G1PauseRemark", Time since last: 149585993 ns, Reaching safepoint: 54038 ns, Cleanup: 4750 ns, At safepoint: 13335620 ns, Total: 13394408 ns
[2025-12-06T04:16:37.120+0000][552.479s][info ][gc,marking  ] GC(95) Concurrent Mark 150.525ms
[2025-12-06T04:16:37.120+0000][552.479s][info ][gc,marking  ] GC(95) Concurrent Rebuild Remembered Sets
[2025-12-06T04:16:37.197+0000][552.555s][info ][gc,marking  ] GC(95) Concurrent Rebuild Remembered Sets 76.846ms
[2025-12-06T04:16:37.197+0000][552.556s][debug][safepoint   ] Safepoint synchronization initiated using futex wait barrier. (261 threads)
[2025-12-06T04:16:37.197+0000][552.556s][info ][gc,start    ] GC(95) Pause Cleanup
[2025-12-06T04:16:37.198+0000][552.556s][info ][gc          ] GC(95) Pause Cleanup 223M->223M(667M) 0.517ms
[2025-12-06T04:16:37.198+0000][552.556s][info ][gc,cpu      ] GC(95) User=0.00s Sys=0.00s Real=0.00s
[2025-12-06T04:16:37.198+0000][552.556s][info ][safepoint   ] Safepoint "G1PauseCleanup", Time since last: 77142005 ns, Reaching safepoint: 62575 ns, Cleanup: 36002 ns, At safepoint: 670433 ns, Total: 769010 ns
[2025-12-06T04:16:37.198+0000][552.557s][info ][gc,marking  ] GC(95) Concurrent Cleanup for Next Mark
[2025-12-06T04:16:37.220+0000][552.579s][info ][gc,marking  ] GC(95) Concurrent Cleanup for Next Mark 22.027ms
[2025-12-06T04:16:37.220+0000][552.579s][info ][gc          ] GC(95) Concurrent Mark Cycle 263.153ms
[2025-12-06T04:16:44.199+0000][559.558s][debug][safepoint   ] Safepoint synchronization initiated using futex wait barrier. (261 threads)
[2025-12-06T04:16:44.199+0000][559.558s][info ][safepoint   ] Safepoint "Cleanup", Time since last: 7001260561 ns, Reaching safepoint: 235577 ns, Cleanup: 26283 ns, At safepoint: 5761 ns, Total: 267621 ns
[2025-12-06T04:16:45.199+0000][560.558s][debug][safepoint   ] Safepoint synchronization initiated using futex wait barrier. (261 threads)
[2025-12-06T04:16:45.200+0000][560.558s][info ][safepoint   ] Safepoint "Cleanup", Time since last: 1000183362 ns, Reaching safepoint: 154486 ns, Cleanup: 27866 ns, At safepoint: 5170 ns, Total: 187522 ns
[2025-12-06T04:16:52.201+0000][567.560s][debug][safepoint   ] Safepoint synchronization initiated using futex wait barrier. (262 threads)
[2025-12-06T04:16:52.201+0000][567.560s][info ][safepoint   ] Safepoint "Cleanup", Time since last: 7001216464 ns, Reaching safepoint: 125225 ns, Cleanup: 20870 ns, At safepoint: 5411 ns, Total: 151506 ns
[2025-12-06T04:16:56.199+0000][571.561s][debug][safepoint   ] Safepoint synchronization initiated using futex wait barrier. (262 threads)
[2025-12-06T04:16:56.199+0000][571.561s][info ][safepoint   ] Safepoint "Cleanup", Time since last: 4001135565 ns, Reaching safepoint: 107269 ns, Cleanup: 15180 ns, At safepoint: 5741 ns, Total: 128190 ns
[2025-12-06T04:16:58.207+0000][573.568s][debug][safepoint   ] Safepoint synchronization initiated using futex wait barrier. (262 threads)
[2025-12-06T04:16:58.207+0000][573.568s][info ][safepoint   ] Safepoint "Cleanup", Time since last: 2007254641 ns, Reaching safepoint: 183278 ns, Cleanup: 26141 ns, At safepoint: 7084 ns, Total: 216503 ns
[2025-12-06T04:16:59.572+0000][574.934s][debug][safepoint   ] Safepoint synchronization initiated using futex wait barrier. (266 threads)
[2025-12-06T04:16:59.572+0000][574.934s][debug][safepoint   ] ... found polling page loop exception at pc = 0x000074aabd63474b, stub =0x000074aabca04400
[2025-12-06T04:16:59.573+0000][574.934s][info ][safepoint   ] Safepoint "Cleanup", Time since last: 1365409759 ns, Reaching safepoint: 406349 ns, Cleanup: 42915 ns, At safepoint: 40631 ns, Total: 489895 ns
[2025-12-06T04:17:00.581+0000][575.942s][debug][safepoint   ] Safepoint synchronization initiated using futex wait barrier. (264 threads)
[2025-12-06T04:17:00.581+0000][575.942s][info ][safepoint   ] Safepoint "Cleanup", Time since last: 1007793898 ns, Reaching safepoint: 154756 ns, Cleanup: 97273 ns, At safepoint: 5411 ns, Total: 257440 ns
[2025-12-06T04:17:02.581+0000][577.943s][debug][safepoint   ] Safepoint synchronization initiated using futex wait barrier. (264 threads)
[2025-12-06T04:17:02.582+0000][577.943s][info ][safepoint   ] Safepoint "Cleanup", Time since last: 2000475921 ns, Reaching safepoint: 149246 ns, Cleanup: 23446 ns, At safepoint: 7054 ns, Total: 179746 ns
[2025-12-06T04:17:12.584+0000][587.945s][debug][safepoint   ] Safepoint synchronization initiated using futex wait barrier. (264 threads)
[2025-12-06T04:17:12.584+0000][587.946s][info ][safepoint   ] Safepoint "Cleanup", Time since last: 10002448565 ns, Reaching safepoint: 277299 ns, Cleanup: 27424 ns, At safepoint: 8587 ns, Total: 313310 ns
[2025-12-06T04:18:00.440+0000][635.808s][debug][safepoint   ] Safepoint synchronization initiated using futex wait barrier. (261 threads)
[2025-12-06T04:18:00.440+0000][635.808s][info ][safepoint   ] Safepoint "Cleanup", Time since last: 47861783397 ns, Reaching safepoint: 331622 ns, Cleanup: 32454 ns, At safepoint: 9549 ns, Total: 373625 ns
[2025-12-06T04:18:51.448+0000][686.820s][debug][safepoint   ] Safepoint synchronization initiated using futex wait barrier. (259 threads)
[2025-12-06T04:18:51.448+0000][686.820s][info ][safepoint   ] Safepoint "Cleanup", Time since last: 51011792437 ns, Reaching safepoint: 96609 ns, Cleanup: 14859 ns, At safepoint: 3898 ns, Total: 115366 ns
[2025-12-06T04:19:00.448+0000][695.822s][debug][safepoint   ] Safepoint synchronization initiated using futex wait barrier. (259 threads)
[2025-12-06T04:19:00.448+0000][695.822s][info ][safepoint   ] Safepoint "Cleanup", Time since last: 9002297516 ns, Reaching safepoint: 107631 ns, Cleanup: 116339 ns, At safepoint: 7745 ns, Total: 231715 ns
[2025-12-06T04:19:22.453+0000][717.827s][debug][safepoint   ] Safepoint synchronization initiated using futex wait barrier. (268 threads)
[2025-12-06T04:19:22.453+0000][717.827s][info ][safepoint   ] Safepoint "Cleanup", Time since last: 22004583371 ns, Reaching safepoint: 200855 ns, Cleanup: 94306 ns, At safepoint: 215533 ns, Total: 510694 ns
[2025-12-06T04:19:23.453+0000][718.828s][debug][safepoint   ] Safepoint synchronization initiated using futex wait barrier. (267 threads)
[2025-12-06T04:19:23.453+0000][718.828s][info ][safepoint   ] Safepoint "Cleanup", Time since last: 1000268791 ns, Reaching safepoint: 110656 ns, Cleanup: 37242 ns, At safepoint: 4770 ns, Total: 152668 ns
[2025-12-06T04:19:25.454+0000][720.828s][debug][safepoint   ] Safepoint synchronization initiated using futex wait barrier. (267 threads)
[2025-12-06T04:19:25.454+0000][720.828s][info ][safepoint   ] Safepoint "Cleanup", Time since last: 2000329833 ns, Reaching safepoint: 90677 ns, Cleanup: 14819 ns, At safepoint: 4228 ns, Total: 109724 ns
[2025-12-06T04:20:00.532+0000][755.912s][debug][safepoint   ] Safepoint synchronization initiated using futex wait barrier. (267 threads)
[2025-12-06T04:20:00.532+0000][755.913s][info ][safepoint   ] Safepoint "Cleanup", Time since last: 35084116485 ns, Reaching safepoint: 137158 ns, Cleanup: 19749 ns, At safepoint: 5902 ns, Total: 162809 ns
[2025-12-06T04:20:11.852+0000][767.232s][debug][safepoint   ] Safepoint synchronization initiated using futex wait barrier. (267 threads)
[2025-12-06T04:20:11.852+0000][767.233s][info ][gc,start    ] GC(96) Pause Young (Prepare Mixed) (G1 Evacuation Pause)
[2025-12-06T04:20:11.852+0000][767.233s][info ][gc,task     ] GC(96) Using 13 workers of 13 for evacuation
[2025-12-06T04:20:11.863+0000][767.243s][info ][gc,phases   ] GC(96)   Pre Evacuate Collection Set: 0.8ms
[2025-12-06T04:20:11.863+0000][767.243s][info ][gc,phases   ] GC(96)   Merge Heap Roots: 0.5ms
[2025-12-06T04:20:11.863+0000][767.243s][info ][gc,phases   ] GC(96)   Evacuate Collection Set: 5.9ms
[2025-12-06T04:20:11.863+0000][767.243s][info ][gc,phases   ] GC(96)   Post Evacuate Collection Set: 3.0ms
[2025-12-06T04:20:11.863+0000][767.243s][info ][gc,phases   ] GC(96)   Other: 0.6ms
[2025-12-06T04:20:11.863+0000][767.243s][info ][gc,heap     ] GC(96) Eden regions: 290->0(29)
[2025-12-06T04:20:11.863+0000][767.243s][info ][gc,heap     ] GC(96) Survivor regions: 4->4(37)
[2025-12-06T04:20:11.863+0000][767.243s][info ][gc,heap     ] GC(96) Old regions: 216->216
[2025-12-06T04:20:11.863+0000][767.243s][info ][gc,heap     ] GC(96) Archive regions: 2->2
[2025-12-06T04:20:11.863+0000][767.243s][info ][gc,heap     ] GC(96) Humongous regions: 0->0
[2025-12-06T04:20:11.863+0000][767.243s][info ][gc,metaspace] GC(96) Metaspace: 200370K(201920K)->200370K(201920K) NonClass: 175944K(176768K)->175944K(176768K) Class: 24425K(25152K)->24425K(25152K)
[2025-12-06T04:20:11.863+0000][767.243s][info ][gc          ] GC(96) Pause Young (Prepare Mixed) (G1 Evacuation Pause) 510M->220M(667M) 10.578ms
[2025-12-06T04:20:11.863+0000][767.243s][info ][gc,cpu      ] GC(96) User=0.07s Sys=0.00s Real=0.01s
[2025-12-06T04:20:11.863+0000][767.244s][info ][safepoint   ] Safepoint "G1CollectForAllocation", Time since last: 11319645743 ns, Reaching safepoint: 184963 ns, Cleanup: 10631 ns, At safepoint: 11434881 ns, Total: 11630475 ns
[2025-12-06T04:20:12.864+0000][768.244s][debug][safepoint   ] Safepoint synchronization initiated using futex wait barrier. (267 threads)
[2025-12-06T04:20:12.864+0000][768.244s][info ][safepoint   ] Safepoint "Cleanup", Time since last: 1000232995 ns, Reaching safepoint: 131959 ns, Cleanup: 23256 ns, At safepoint: 5531 ns, Total: 160746 ns
[2025-12-06T04:20:22.866+0000][778.246s][debug][safepoint   ] Safepoint synchronization initiated using futex wait barrier. (265 threads)
[2025-12-06T04:20:22.866+0000][778.246s][info ][safepoint   ] Safepoint "Cleanup", Time since last: 10001843091 ns, Reaching safepoint: 92451 ns, Cleanup: 15039 ns, At safepoint: 4279 ns, Total: 111769 ns
[2025-12-06T04:20:25.577+0000][780.957s][debug][safepoint   ] Safepoint synchronization initiated using futex wait barrier. (265 threads)
[2025-12-06T04:20:25.577+0000][780.957s][info ][safepoint   ] Safepoint "Cleanup", Time since last: 2711173332 ns, Reaching safepoint: 52602 ns, Cleanup: 13998 ns, At safepoint: 37443 ns, Total: 104043 ns
[2025-12-06T04:20:32.574+0000][787.959s][debug][safepoint   ] Safepoint synchronization initiated using futex wait barrier. (265 threads)
[2025-12-06T04:20:32.574+0000][787.959s][info ][safepoint   ] Safepoint "Cleanup", Time since last: 7001246274 ns, Reaching safepoint: 92211 ns, Cleanup: 14929 ns, At safepoint: 4709 ns, Total: 111849 ns
[2025-12-06T04:20:34.297+0000][789.682s][debug][safepoint   ] Safepoint synchronization initiated using futex wait barrier. (265 threads)
[2025-12-06T04:20:34.297+0000][789.682s][info ][gc,start    ] GC(97) Pause Young (Mixed) (G1 Evacuation Pause)
[2025-12-06T04:20:34.298+0000][789.682s][info ][gc,task     ] GC(97) Using 13 workers of 13 for evacuation
[2025-12-06T04:20:34.310+0000][789.695s][info ][gc,phases   ] GC(97)   Pre Evacuate Collection Set: 0.5ms
[2025-12-06T04:20:34.310+0000][789.695s][info ][gc,phases   ] GC(97)   Merge Heap Roots: 0.4ms
[2025-12-06T04:20:34.310+0000][789.695s][info ][gc,phases   ] GC(97)   Evacuate Collection Set: 9.9ms
[2025-12-06T04:20:34.311+0000][789.695s][info ][gc,phases   ] GC(97)   Post Evacuate Collection Set: 2.1ms
[2025-12-06T04:20:34.311+0000][789.695s][info ][gc,phases   ] GC(97)   Other: 0.2ms
[2025-12-06T04:20:34.311+0000][789.695s][info ][gc,heap     ] GC(97) Eden regions: 29->0(351)
[2025-12-06T04:20:34.311+0000][789.695s][info ][gc,heap     ] GC(97) Survivor regions: 4->2(5)
[2025-12-06T04:20:34.311+0000][789.695s][info ][gc,heap     ] GC(97) Old regions: 216->189
[2025-12-06T04:20:34.311+0000][789.695s][info ][gc,heap     ] GC(97) Archive regions: 2->2
[2025-12-06T04:20:34.311+0000][789.695s][info ][gc,heap     ] GC(97) Humongous regions: 0->0
[2025-12-06T04:20:34.311+0000][789.695s][info ][gc,metaspace] GC(97) Metaspace: 200386K(201920K)->200386K(201920K) NonClass: 175960K(176768K)->175960K(176768K) Class: 24425K(25152K)->24425K(25152K)
[2025-12-06T04:20:34.311+0000][789.695s][info ][gc          ] GC(97) Pause Young (Mixed) (G1 Evacuation Pause) 249M->190M(667M) 13.154ms
[2025-12-06T04:20:34.311+0000][789.695s][info ][gc,cpu      ] GC(97) User=0.12s Sys=0.01s Real=0.01s
[2025-12-06T04:20:34.311+0000][789.696s][info ][safepoint   ] Safepoint "G1CollectForAllocation", Time since last: 1722875587 ns, Reaching safepoint: 124965 ns, Cleanup: 6172 ns, At safepoint: 13840336 ns, Total: 13971473 ns
[2025-12-06T04:20:35.311+0000][790.696s][debug][safepoint   ] Safepoint synchronization initiated using futex wait barrier. (265 threads)
[2025-12-06T04:20:35.312+0000][790.696s][info ][safepoint   ] Safepoint "Cleanup", Time since last: 1000217856 ns, Reaching safepoint: 134213 ns, Cleanup: 75608 ns, At safepoint: 5872 ns, Total: 215693 ns
[2025-12-06T04:21:00.315+0000][815.701s][debug][safepoint   ] Safepoint synchronization initiated using futex wait barrier. (265 threads)
[2025-12-06T04:21:00.315+0000][815.702s][info ][safepoint   ] Safepoint "Cleanup", Time since last: 25005303519 ns, Reaching safepoint: 195575 ns, Cleanup: 26752 ns, At safepoint: 6954 ns, Total: 229281 ns
[2025-12-06T04:21:26.618+0000][842.008s][debug][safepoint   ] Safepoint synchronization initiated using futex wait barrier. (263 threads)
[2025-12-06T04:21:26.618+0000][842.008s][info ][safepoint   ] Safepoint "Cleanup", Time since last: 26306131971 ns, Reaching safepoint: 123502 ns, Cleanup: 15580 ns, At safepoint: 4860 ns, Total: 143942 ns
[2025-12-06T04:22:00.623+0000][876.016s][debug][safepoint   ] Safepoint synchronization initiated using futex wait barrier. (263 threads)
[2025-12-06T04:22:00.623+0000][876.016s][info ][safepoint   ] Safepoint "Cleanup", Time since last: 34007630010 ns, Reaching safepoint: 193868 ns, Cleanup: 27834 ns, At safepoint: 7955 ns, Total: 229657 ns
[2025-12-06T04:23:08.664+0000][944.066s][debug][safepoint   ] Safepoint synchronization initiated using futex wait barrier. (264 threads)
[2025-12-06T04:23:08.665+0000][944.066s][info ][safepoint   ] Safepoint "Cleanup", Time since last: 68049725804 ns, Reaching safepoint: 184723 ns, Cleanup: 16682 ns, At safepoint: 5982 ns, Total: 207387 ns
[2025-12-06T04:23:09.665+0000][945.066s][debug][safepoint   ] Safepoint synchronization initiated using futex wait barrier. (266 threads)
[2025-12-06T04:23:09.665+0000][945.066s][info ][safepoint   ] Safepoint "Cleanup", Time since last: 1000410237 ns, Reaching safepoint: 115897 ns, Cleanup: 25951 ns, At safepoint: 11483 ns, Total: 153331 ns
[2025-12-06T04:23:28.706+0000][964.108s][debug][safepoint   ] Safepoint synchronization initiated using futex wait barrier. (264 threads)
[2025-12-06T04:23:28.706+0000][964.108s][info ][safepoint   ] Safepoint "Cleanup", Time since last: 19041660789 ns, Reaching safepoint: 159103 ns, Cleanup: 23987 ns, At safepoint: 5832 ns, Total: 188922 ns
[2025-12-06T04:24:29.751+0000][1025.159s][debug][safepoint   ] Safepoint synchronization initiated using futex wait barrier. (264 threads)
[2025-12-06T04:24:29.751+0000][1025.159s][info ][safepoint   ] Safepoint "Cleanup", Time since last: 61050977897 ns, Reaching safepoint: 186746 ns, Cleanup: 21732 ns, At safepoint: 6994 ns, Total: 215472 ns
[2025-12-06T04:25:02.756+0000][1058.167s][debug][safepoint   ] Safepoint synchronization initiated using futex wait barrier. (264 threads)
[2025-12-06T04:25:02.756+0000][1058.167s][info ][safepoint   ] Safepoint "Cleanup", Time since last: 33007453674 ns, Reaching safepoint: 89135 ns, Cleanup: 14519 ns, At safepoint: 3977 ns, Total: 107631 ns
[2025-12-06T04:25:26.465+0000][1081.878s][debug][safepoint   ] Safepoint synchronization initiated using futex wait barrier. (263 threads)
[2025-12-06T04:25:26.465+0000][1081.878s][info ][gc,start    ] GC(98) Pause Young (Concurrent Start) (G1 Evacuation Pause)
[2025-12-06T04:25:26.465+0000][1081.879s][info ][gc,task     ] GC(98) Using 13 workers of 13 for evacuation
[2025-12-06T04:25:26.476+0000][1081.889s][info ][gc,phases   ] GC(98)   Pre Evacuate Collection Set: 1.4ms
[2025-12-06T04:25:26.476+0000][1081.889s][info ][gc,phases   ] GC(98)   Merge Heap Roots: 0.5ms
[2025-12-06T04:25:26.476+0000][1081.890s][info ][gc,phases   ] GC(98)   Evacuate Collection Set: 5.5ms
[2025-12-06T04:25:26.476+0000][1081.890s][info ][gc,phases   ] GC(98)   Post Evacuate Collection Set: 2.6ms
[2025-12-06T04:25:26.476+0000][1081.890s][info ][gc,phases   ] GC(98)   Other: 1.0ms
[2025-12-06T04:25:26.476+0000][1081.890s][info ][gc,heap     ] GC(98) Eden regions: 351->0(360)
[2025-12-06T04:25:26.476+0000][1081.890s][info ][gc,heap     ] GC(98) Survivor regions: 2->2(45)
[2025-12-06T04:25:26.476+0000][1081.890s][info ][gc,heap     ] GC(98) Old regions: 189->189
[2025-12-06T04:25:26.476+0000][1081.890s][info ][gc,heap     ] GC(98) Archive regions: 2->2
[2025-12-06T04:25:26.476+0000][1081.890s][info ][gc,heap     ] GC(98) Humongous regions: 0->0
[2025-12-06T04:25:26.476+0000][1081.890s][info ][gc,metaspace] GC(98) Metaspace: 200506K(202112K)->200506K(202112K) NonClass: 176073K(176896K)->176073K(176896K) Class: 24432K(25216K)->24432K(25216K)
[2025-12-06T04:25:26.476+0000][1081.890s][info ][gc          ] GC(98) Pause Young (Concurrent Start) (G1 Evacuation Pause) 541M->190M(667M) 11.194ms
[2025-12-06T04:25:26.476+0000][1081.890s][info ][gc,cpu      ] GC(98) User=0.06s Sys=0.01s Real=0.02s
[2025-12-06T04:25:26.476+0000][1081.890s][info ][gc          ] GC(99) Concurrent Mark Cycle
[2025-12-06T04:25:26.476+0000][1081.890s][info ][gc,marking  ] GC(99) Concurrent Clear Claimed Marks
[2025-12-06T04:25:26.476+0000][1081.890s][info ][safepoint   ] Safepoint "G1CollectForAllocation", Time since last: 23711236719 ns, Reaching safepoint: 179749 ns, Cleanup: 10210 ns, At safepoint: 11631425 ns, Total: 11821384 ns
[2025-12-06T04:25:26.477+0000][1081.890s][info ][gc,marking  ] GC(99) Concurrent Clear Claimed Marks 0.497ms
[2025-12-06T04:25:26.477+0000][1081.890s][info ][gc,marking  ] GC(99) Concurrent Scan Root Regions
[2025-12-06T04:25:26.486+0000][1081.900s][info ][gc,marking  ] GC(99) Concurrent Scan Root Regions 9.182ms
[2025-12-06T04:25:26.486+0000][1081.900s][info ][gc,marking  ] GC(99) Concurrent Mark
[2025-12-06T04:25:26.486+0000][1081.900s][info ][gc,marking  ] GC(99) Concurrent Mark From Roots
[2025-12-06T04:25:26.486+0000][1081.900s][info ][gc,task     ] GC(99) Using 3 workers of 3 for marking
[2025-12-06T04:25:26.623+0000][1082.037s][info ][gc,marking  ] GC(99) Concurrent Mark From Roots 136.987ms
[2025-12-06T04:25:26.623+0000][1082.037s][info ][gc,marking  ] GC(99) Concurrent Preclean
[2025-12-06T04:25:26.624+0000][1082.037s][info ][gc,marking  ] GC(99) Concurrent Preclean 0.403ms
[2025-12-06T04:25:26.624+0000][1082.037s][debug][safepoint   ] Safepoint synchronization initiated using futex wait barrier. (263 threads)
[2025-12-06T04:25:26.624+0000][1082.038s][info ][gc,start    ] GC(99) Pause Remark
[2025-12-06T04:25:26.636+0000][1082.049s][info ][gc          ] GC(99) Pause Remark 195M->195M(664M) 11.947ms
[2025-12-06T04:25:26.636+0000][1082.050s][info ][gc,cpu      ] GC(99) User=0.11s Sys=0.00s Real=0.02s
[2025-12-06T04:25:26.636+0000][1082.050s][info ][safepoint   ] Safepoint "G1PauseRemark", Time since last: 147456667 ns, Reaching safepoint: 47352 ns, Cleanup: 4378 ns, At safepoint: 12302869 ns, Total: 12354599 ns
[2025-12-06T04:25:26.636+0000][1082.050s][info ][gc,marking  ] GC(99) Concurrent Mark 150.010ms
[2025-12-06T04:25:26.636+0000][1082.050s][info ][gc,marking  ] GC(99) Concurrent Rebuild Remembered Sets
[2025-12-06T04:25:26.720+0000][1082.133s][info ][gc,marking  ] GC(99) Concurrent Rebuild Remembered Sets 83.303ms
[2025-12-06T04:25:26.720+0000][1082.133s][debug][safepoint   ] Safepoint synchronization initiated using futex wait barrier. (263 threads)
[2025-12-06T04:25:26.720+0000][1082.134s][info ][gc,start    ] GC(99) Pause Cleanup
[2025-12-06T04:25:26.721+0000][1082.134s][info ][gc          ] GC(99) Pause Cleanup 196M->196M(664M) 0.651ms
[2025-12-06T04:25:26.721+0000][1082.134s][info ][gc,cpu      ] GC(99) User=0.00s Sys=0.00s Real=0.00s
[2025-12-06T04:25:26.721+0000][1082.134s][info ][safepoint   ] Safepoint "G1PauseCleanup", Time since last: 83571236 ns, Reaching safepoint: 50929 ns, Cleanup: 48825 ns, At safepoint: 948492 ns, Total: 1048246 ns
[2025-12-06T04:25:26.721+0000][1082.135s][info ][gc,marking  ] GC(99) Concurrent Cleanup for Next Mark
[2025-12-06T04:25:26.743+0000][1082.156s][info ][gc,marking  ] GC(99) Concurrent Cleanup for Next Mark 21.716ms
[2025-12-06T04:25:26.743+0000][1082.156s][info ][gc          ] GC(99) Concurrent Mark Cycle 266.383ms
[2025-12-06T04:25:30.722+0000][1086.135s][debug][safepoint   ] Safepoint synchronization initiated using futex wait barrier. (263 threads)
[2025-12-06T04:25:30.722+0000][1086.135s][info ][safepoint   ] Safepoint "Cleanup", Time since last: 4000825297 ns, Reaching safepoint: 134973 ns, Cleanup: 27914 ns, At safepoint: 4198 ns, Total: 167085 ns
[2025-12-06T04:25:51.727+0000][1107.140s][debug][safepoint   ] Safepoint synchronization initiated using futex wait barrier. (269 threads)
[2025-12-06T04:25:51.727+0000][1107.141s][info ][safepoint   ] Safepoint "Cleanup", Time since last: 21004963122 ns, Reaching safepoint: 91509 ns, Cleanup: 89685 ns, At safepoint: 84655 ns, Total: 265849 ns
[2025-12-06T04:26:05.727+0000][1121.143s][debug][safepoint   ] Safepoint synchronization initiated using futex wait barrier. (264 threads)
[2025-12-06T04:26:05.727+0000][1121.144s][info ][safepoint   ] Safepoint "Cleanup", Time since last: 14002717714 ns, Reaching safepoint: 130887 ns, Cleanup: 16693 ns, At safepoint: 34618 ns, Total: 182198 ns
[2025-12-06T04:26:06.727+0000][1122.144s][debug][safepoint   ] Safepoint synchronization initiated using futex wait barrier. (268 threads)
[2025-12-06T04:26:06.727+0000][1122.144s][info ][safepoint   ] Safepoint "Cleanup", Time since last: 1000204815 ns, Reaching safepoint: 91640 ns, Cleanup: 49758 ns, At safepoint: 4118 ns, Total: 145516 ns
[2025-12-06T04:26:11.347+0000][1126.764s][debug][safepoint   ] Safepoint synchronization initiated using futex wait barrier. (270 threads)
[2025-12-06T04:26:11.347+0000][1126.764s][info ][safepoint   ] Safepoint "Cleanup", Time since last: 4619786870 ns, Reaching safepoint: 59697 ns, Cleanup: 23205 ns, At safepoint: 32314 ns, Total: 115216 ns
[2025-12-06T04:26:12.347+0000][1127.764s][debug][safepoint   ] Safepoint synchronization initiated using futex wait barrier. (268 threads)
[2025-12-06T04:26:12.347+0000][1127.764s][info ][safepoint   ] Safepoint "Cleanup", Time since last: 1000181996 ns, Reaching safepoint: 103112 ns, Cleanup: 47212 ns, At safepoint: 4730 ns, Total: 155054 ns
[2025-12-06T04:26:31.845+0000][1147.265s][debug][safepoint   ] Safepoint synchronization initiated using futex wait barrier. (268 threads)
[2025-12-06T04:26:31.845+0000][1147.265s][info ][safepoint   ] Safepoint "Cleanup", Time since last: 19500757705 ns, Reaching safepoint: 84004 ns, Cleanup: 11773 ns, At safepoint: 9168 ns, Total: 104945 ns
[2025-12-06T04:26:42.848+0000][1158.267s][debug][safepoint   ] Safepoint synchronization initiated using futex wait barrier. (268 threads)
[2025-12-06T04:26:42.848+0000][1158.267s][info ][safepoint   ] Safepoint "Cleanup", Time since last: 11002260207 ns, Reaching safepoint: 118021 ns, Cleanup: 64957 ns, At safepoint: 3768 ns, Total: 186746 ns
[2025-12-06T04:26:43.848+0000][1159.268s][debug][safepoint   ] Safepoint synchronization initiated using futex wait barrier. (268 threads)
[2025-12-06T04:26:43.848+0000][1159.268s][info ][safepoint   ] Safepoint "Cleanup", Time since last: 1000260750 ns, Reaching safepoint: 254248 ns, Cleanup: 18977 ns, At safepoint: 87261 ns, Total: 360486 ns
[2025-12-06T04:26:46.849+0000][1162.269s][debug][safepoint   ] Safepoint synchronization initiated using futex wait barrier. (268 threads)
[2025-12-06T04:26:46.849+0000][1162.269s][info ][safepoint   ] Safepoint "Cleanup", Time since last: 3000533618 ns, Reaching safepoint: 196134 ns, Cleanup: 30339 ns, At safepoint: 7585 ns, Total: 234058 ns
[2025-12-06T04:26:47.849+0000][1163.269s][debug][safepoint   ] Safepoint synchronization initiated using futex wait barrier. (268 threads)
[2025-12-06T04:26:47.850+0000][1163.269s][info ][safepoint   ] Safepoint "Cleanup", Time since last: 1000273514 ns, Reaching safepoint: 126758 ns, Cleanup: 16743 ns, At safepoint: 5681 ns, Total: 149182 ns
[2025-12-06T04:26:49.850+0000][1165.270s][debug][safepoint   ] Safepoint synchronization initiated using futex wait barrier. (269 threads)
[2025-12-06T04:26:49.850+0000][1165.270s][info ][safepoint   ] Safepoint "Cleanup", Time since last: 2000474830 ns, Reaching safepoint: 118983 ns, Cleanup: 27624 ns, At safepoint: 4529 ns, Total: 151136 ns
[2025-12-06T04:26:55.848+0000][1171.271s][debug][safepoint   ] Safepoint synchronization initiated using futex wait barrier. (268 threads)
[2025-12-06T04:26:55.848+0000][1171.271s][info ][safepoint   ] Safepoint "Cleanup", Time since last: 6001018350 ns, Reaching safepoint: 103041 ns, Cleanup: 16482 ns, At safepoint: 131918 ns, Total: 251441 ns
[2025-12-06T04:26:56.849+0000][1172.271s][debug][safepoint   ] Safepoint synchronization initiated using futex wait barrier. (269 threads)
[2025-12-06T04:26:56.849+0000][1172.271s][info ][safepoint   ] Safepoint "Cleanup", Time since last: 1000180330 ns, Reaching safepoint: 90487 ns, Cleanup: 47422 ns, At safepoint: 4118 ns, Total: 142027 ns
[2025-12-06T04:27:00.850+0000][1176.272s][debug][safepoint   ] Safepoint synchronization initiated using futex wait barrier. (268 threads)
[2025-12-06T04:27:00.850+0000][1176.272s][info ][safepoint   ] Safepoint "Cleanup", Time since last: 4000814920 ns, Reaching safepoint: 89255 ns, Cleanup: 18015 ns, At safepoint: 4008 ns, Total: 111278 ns
[2025-12-06T04:27:01.850+0000][1177.273s][debug][safepoint   ] Safepoint synchronization initiated using futex wait barrier. (268 threads)
[2025-12-06T04:27:01.850+0000][1177.273s][info ][safepoint   ] Safepoint "Cleanup", Time since last: 1000246641 ns, Reaching safepoint: 157729 ns, Cleanup: 15310 ns, At safepoint: 5531 ns, Total: 178570 ns
[2025-12-06T04:27:06.851+0000][1182.274s][debug][safepoint   ] Safepoint synchronization initiated using futex wait barrier. (268 threads)
[2025-12-06T04:27:06.851+0000][1182.274s][info ][safepoint   ] Safepoint "Cleanup", Time since last: 5001191169 ns, Reaching safepoint: 138652 ns, Cleanup: 15279 ns, At safepoint: 4730 ns, Total: 158661 ns
[2025-12-06T04:27:08.852+0000][1184.274s][debug][safepoint   ] Safepoint synchronization initiated using futex wait barrier. (268 threads)
[2025-12-06T04:27:08.852+0000][1184.275s][info ][safepoint   ] Safepoint "Cleanup", Time since last: 2000320707 ns, Reaching safepoint: 93964 ns, Cleanup: 16683 ns, At safepoint: 4268 ns, Total: 114915 ns
[2025-12-06T04:27:31.882+0000][1207.308s][debug][safepoint   ] Safepoint synchronization initiated using futex wait barrier. (267 threads)
[2025-12-06T04:27:31.883+0000][1207.308s][info ][safepoint   ] Safepoint "Cleanup", Time since last: 23033072387 ns, Reaching safepoint: 225862 ns, Cleanup: 20530 ns, At safepoint: 6062 ns, Total: 252454 ns
[2025-12-06T04:27:47.886+0000][1223.311s][debug][safepoint   ] Safepoint synchronization initiated using futex wait barrier. (267 threads)
[2025-12-06T04:27:47.886+0000][1223.312s][info ][safepoint   ] Safepoint "Cleanup", Time since last: 16003475812 ns, Reaching safepoint: 103894 ns, Cleanup: 17344 ns, At safepoint: 5932 ns, Total: 127170 ns
[2025-12-06T04:28:00.886+0000][1236.314s][debug][safepoint   ] Safepoint synchronization initiated using futex wait barrier. (266 threads)
[2025-12-06T04:28:00.887+0000][1236.314s][info ][safepoint   ] Safepoint "Cleanup", Time since last: 13002755561 ns, Reaching safepoint: 114868 ns, Cleanup: 14217 ns, At safepoint: 4679 ns, Total: 133764 ns
[2025-12-06T04:28:11.889+0000][1247.317s][debug][safepoint   ] Safepoint synchronization initiated using futex wait barrier. (265 threads)
[2025-12-06T04:28:11.889+0000][1247.317s][info ][safepoint   ] Safepoint "Cleanup", Time since last: 11002112912 ns, Reaching safepoint: 100488 ns, Cleanup: 16774 ns, At safepoint: 7545 ns, Total: 124807 ns
[2025-12-06T04:28:26.930+0000][1262.361s][debug][safepoint   ] Safepoint synchronization initiated using futex wait barrier. (265 threads)
[2025-12-06T04:28:26.930+0000][1262.361s][info ][safepoint   ] Safepoint "Cleanup", Time since last: 15044179065 ns, Reaching safepoint: 107526 ns, Cleanup: 14578 ns, At safepoint: 4709 ns, Total: 126813 ns
[2025-12-06T04:28:33.932+0000][1269.362s][debug][safepoint   ] Safepoint synchronization initiated using futex wait barrier. (267 threads)
[2025-12-06T04:28:33.932+0000][1269.363s][info ][safepoint   ] Safepoint "Cleanup", Time since last: 7001489112 ns, Reaching safepoint: 166676 ns, Cleanup: 30680 ns, At safepoint: 11552 ns, Total: 208908 ns
[2025-12-06T04:29:00.935+0000][1296.368s][debug][safepoint   ] Safepoint synchronization initiated using futex wait barrier. (267 threads)
[2025-12-06T04:29:00.935+0000][1296.369s][info ][safepoint   ] Safepoint "Cleanup", Time since last: 27005692034 ns, Reaching safepoint: 154501 ns, Cleanup: 26502 ns, At safepoint: 5351 ns, Total: 186354 ns
[2025-12-06T04:29:55.226+0000][1350.662s][debug][safepoint   ] Safepoint synchronization initiated using futex wait barrier. (264 threads)
[2025-12-06T04:29:55.226+0000][1350.662s][info ][gc,start    ] GC(100) Pause Young (Prepare Mixed) (G1 Evacuation Pause)
[2025-12-06T04:29:55.226+0000][1350.662s][info ][gc,task     ] GC(100) Using 13 workers of 13 for evacuation
[2025-12-06T04:29:55.234+0000][1350.670s][info ][gc,phases   ] GC(100)   Pre Evacuate Collection Set: 0.6ms
[2025-12-06T04:29:55.234+0000][1350.670s][info ][gc,phases   ] GC(100)   Merge Heap Roots: 0.4ms
[2025-12-06T04:29:55.234+0000][1350.670s][info ][gc,phases   ] GC(100)   Evacuate Collection Set: 4.2ms
[2025-12-06T04:29:55.234+0000][1350.670s][info ][gc,phases   ] GC(100)   Post Evacuate Collection Set: 2.5ms
[2025-12-06T04:29:55.234+0000][1350.670s][info ][gc,phases   ] GC(100)   Other: 0.5ms
[2025-12-06T04:29:55.234+0000][1350.670s][info ][gc,heap     ] GC(100) Eden regions: 360->0(31)
[2025-12-06T04:29:55.234+0000][1350.670s][info ][gc,heap     ] GC(100) Survivor regions: 2->2(46)
[2025-12-06T04:29:55.234+0000][1350.670s][info ][gc,heap     ] GC(100) Old regions: 189->189
[2025-12-06T04:29:55.234+0000][1350.670s][info ][gc,heap     ] GC(100) Archive regions: 2->2
[2025-12-06T04:29:55.234+0000][1350.670s][info ][gc,heap     ] GC(100) Humongous regions: 0->0
[2025-12-06T04:29:55.234+0000][1350.670s][info ][gc,metaspace] GC(100) Metaspace: 201089K(202688K)->201089K(202688K) NonClass: 176645K(177472K)->176645K(177472K) Class: 24443K(25216K)->24443K(25216K)
[2025-12-06T04:29:55.234+0000][1350.670s][info ][gc          ] GC(100) Pause Young (Prepare Mixed) (G1 Evacuation Pause) 550M->190M(664M) 8.065ms
[2025-12-06T04:29:55.234+0000][1350.670s][info ][gc,cpu      ] GC(100) User=0.04s Sys=0.00s Real=0.01s
[2025-12-06T04:29:55.234+0000][1350.671s][info ][safepoint   ] Safepoint "G1CollectForAllocation", Time since last: 54293106516 ns, Reaching safepoint: 116753 ns, Cleanup: 10200 ns, At safepoint: 8772386 ns, Total: 8899339 ns
[2025-12-06T04:29:57.704+0000][1353.142s][debug][safepoint   ] Safepoint synchronization initiated using futex wait barrier. (269 threads)
[2025-12-06T04:29:57.704+0000][1353.143s][info ][safepoint   ] Safepoint "Cleanup", Time since last: 2471629485 ns, Reaching safepoint: 440673 ns, Cleanup: 81334 ns, At safepoint: 421321 ns, Total: 943328 ns
[2025-12-06T04:29:58.705+0000][1354.143s][debug][safepoint   ] Safepoint synchronization initiated using futex wait barrier. (269 threads)
[2025-12-06T04:29:58.705+0000][1354.143s][info ][safepoint   ] Safepoint "Cleanup", Time since last: 1000177505 ns, Reaching safepoint: 80864 ns, Cleanup: 63090 ns, At safepoint: 4218 ns, Total: 148172 ns
[2025-12-06T04:30:00.391+0000][1355.830s][debug][safepoint   ] Safepoint synchronization initiated using futex wait barrier. (268 threads)
[2025-12-06T04:30:00.391+0000][1355.830s][info ][safepoint   ] Safepoint "Cleanup", Time since last: 1686168821 ns, Reaching safepoint: 86955 ns, Cleanup: 10981 ns, At safepoint: 37591 ns, Total: 135527 ns
[2025-12-06T04:30:01.391+0000][1356.830s][debug][safepoint   ] Safepoint synchronization initiated using futex wait barrier. (268 threads)
[2025-12-06T04:30:01.391+0000][1356.830s][info ][safepoint   ] Safepoint "Cleanup", Time since last: 1000233720 ns, Reaching safepoint: 111321 ns, Cleanup: 22192 ns, At safepoint: 4780 ns, Total: 138293 ns
[2025-12-06T04:30:04.392+0000][1359.831s][debug][safepoint   ] Safepoint synchronization initiated using futex wait barrier. (268 threads)
[2025-12-06T04:30:04.392+0000][1359.831s][info ][safepoint   ] Safepoint "Cleanup", Time since last: 3000503832 ns, Reaching safepoint: 93843 ns, Cleanup: 25530 ns, At safepoint: 4409 ns, Total: 123782 ns
[2025-12-06T04:30:06.392+0000][1361.831s][debug][safepoint   ] Safepoint synchronization initiated using futex wait barrier. (268 threads)
[2025-12-06T04:30:06.393+0000][1361.831s][info ][safepoint   ] Safepoint "Cleanup", Time since last: 2000300464 ns, Reaching safepoint: 113606 ns, Cleanup: 18126 ns, At safepoint: 4749 ns, Total: 136481 ns
[2025-12-06T04:30:10.403+0000][1365.842s][debug][safepoint   ] Safepoint synchronization initiated using futex wait barrier. (266 threads)
[2025-12-06T04:30:10.404+0000][1365.842s][info ][gc,start    ] GC(101) Pause Young (Mixed) (G1 Evacuation Pause)
[2025-12-06T04:30:10.404+0000][1365.842s][info ][gc,task     ] GC(101) Using 13 workers of 13 for evacuation
[2025-12-06T04:30:10.413+0000][1365.851s][info ][gc,phases   ] GC(101)   Pre Evacuate Collection Set: 0.6ms
[2025-12-06T04:30:10.413+0000][1365.851s][info ][gc,phases   ] GC(101)   Merge Heap Roots: 0.5ms
[2025-12-06T04:30:10.413+0000][1365.851s][info ][gc,phases   ] GC(101)   Evacuate Collection Set: 5.8ms
[2025-12-06T04:30:10.413+0000][1365.851s][info ][gc,phases   ] GC(101)   Post Evacuate Collection Set: 1.9ms
[2025-12-06T04:30:10.413+0000][1365.851s][info ][gc,phases   ] GC(101)   Other: 0.3ms
[2025-12-06T04:30:10.413+0000][1365.851s][info ][gc,heap     ] GC(101) Eden regions: 31->0(370)
[2025-12-06T04:30:10.413+0000][1365.851s][info ][gc,heap     ] GC(101) Survivor regions: 2->2(5)
[2025-12-06T04:30:10.413+0000][1365.851s][info ][gc,heap     ] GC(101) Old regions: 189->185
[2025-12-06T04:30:10.413+0000][1365.851s][info ][gc,heap     ] GC(101) Archive regions: 2->2
[2025-12-06T04:30:10.413+0000][1365.851s][info ][gc,heap     ] GC(101) Humongous regions: 0->0
[2025-12-06T04:30:10.413+0000][1365.851s][info ][gc,metaspace] GC(101) Metaspace: 201186K(202752K)->201186K(202752K) NonClass: 176741K(177536K)->176741K(177536K) Class: 24444K(25216K)->24444K(25216K)
[2025-12-06T04:30:10.413+0000][1365.851s][info ][gc          ] GC(101) Pause Young (Mixed) (G1 Evacuation Pause) 221M->186M(664M) 9.035ms
[2025-12-06T04:30:10.413+0000][1365.851s][info ][gc,cpu      ] GC(101) User=0.07s Sys=0.01s Real=0.01s
[2025-12-06T04:30:10.413+0000][1365.852s][info ][safepoint   ] Safepoint "G1CollectForAllocation", Time since last: 4010847141 ns, Reaching safepoint: 163645 ns, Cleanup: 7465 ns, At safepoint: 9809569 ns, Total: 9980679 ns
[2025-12-06T04:30:12.414+0000][1367.852s][debug][safepoint   ] Safepoint synchronization initiated using futex wait barrier. (266 threads)
[2025-12-06T04:30:12.414+0000][1367.852s][info ][safepoint   ] Safepoint "Cleanup", Time since last: 2000349241 ns, Reaching safepoint: 87614 ns, Cleanup: 58516 ns, At safepoint: 5331 ns, Total: 151461 ns
[2025-12-06T04:30:36.020+0000][1391.461s][debug][safepoint   ] Safepoint synchronization initiated using futex wait barrier. (267 threads)
[2025-12-06T04:30:36.020+0000][1391.461s][info ][safepoint   ] Safepoint "Cleanup", Time since last: 23608834909 ns, Reaching safepoint: 82461 ns, Cleanup: 12765 ns, At safepoint: 4569 ns, Total: 99795 ns
[2025-12-06T04:30:38.021+0000][1393.462s][debug][safepoint   ] Safepoint synchronization initiated using futex wait barrier. (267 threads)
[2025-12-06T04:30:38.021+0000][1393.462s][info ][safepoint   ] Safepoint "Cleanup", Time since last: 2000444403 ns, Reaching safepoint: 107149 ns, Cleanup: 71329 ns, At safepoint: 5871 ns, Total: 184349 ns
[2025-12-06T04:30:39.021+0000][1394.462s][debug][safepoint   ] Safepoint synchronization initiated using futex wait barrier. (267 threads)
[2025-12-06T04:30:39.021+0000][1394.462s][info ][safepoint   ] Safepoint "Cleanup", Time since last: 1000226223 ns, Reaching safepoint: 129002 ns, Cleanup: 20770 ns, At safepoint: 5100 ns, Total: 154872 ns
[2025-12-06T04:30:51.604+0000][1407.046s][debug][safepoint   ] Safepoint synchronization initiated using futex wait barrier. (267 threads)
[2025-12-06T04:30:51.604+0000][1407.046s][info ][safepoint   ] Safepoint "Cleanup", Time since last: 12583116651 ns, Reaching safepoint: 59737 ns, Cleanup: 8817 ns, At safepoint: 32142 ns, Total: 100696 ns
[2025-12-06T04:30:59.604+0000][1415.048s][debug][safepoint   ] Safepoint synchronization initiated using futex wait barrier. (267 threads)
[2025-12-06T04:30:59.604+0000][1415.048s][info ][safepoint   ] Safepoint "Cleanup", Time since last: 8001989019 ns, Reaching safepoint: 92339 ns, Cleanup: 26282 ns, At safepoint: 4268 ns, Total: 122889 ns
[2025-12-06T04:31:04.605+0000][1420.049s][debug][safepoint   ] Safepoint synchronization initiated using futex wait barrier. (267 threads)
[2025-12-06T04:31:04.605+0000][1420.049s][debug][safepoint   ] ... found polling page loop exception at pc = 0x000074aabe1575e9, stub =0x000074aabca04400
[2025-12-06T04:31:04.605+0000][1420.049s][info ][safepoint   ] Safepoint "Cleanup", Time since last: 5000803669 ns, Reaching safepoint: 350573 ns, Cleanup: 8867 ns, At safepoint: 66499 ns, Total: 425939 ns
[2025-12-06T04:31:05.606+0000][1421.049s][debug][safepoint   ] Safepoint synchronization initiated using futex wait barrier. (267 threads)
[2025-12-06T04:31:05.606+0000][1421.049s][info ][safepoint   ] Safepoint "Cleanup", Time since last: 1000200201 ns, Reaching safepoint: 133550 ns, Cleanup: 80306 ns, At safepoint: 5571 ns, Total: 219427 ns
[2025-12-06T04:31:12.607+0000][1428.051s][debug][safepoint   ] Safepoint synchronization initiated using futex wait barrier. (267 threads)
[2025-12-06T04:31:12.608+0000][1428.051s][info ][safepoint   ] Safepoint "Cleanup", Time since last: 7001689698 ns, Reaching safepoint: 146165 ns, Cleanup: 20821 ns, At safepoint: 4899 ns, Total: 171885 ns
[2025-12-06T04:31:37.061+0000][1452.507s][debug][safepoint   ] Safepoint synchronization initiated using futex wait barrier. (267 threads)
[2025-12-06T04:31:37.061+0000][1452.508s][info ][safepoint   ] Safepoint "Cleanup", Time since last: 24456147869 ns, Reaching safepoint: 103812 ns, Cleanup: 29487 ns, At safepoint: 4209 ns, Total: 137508 ns
[2025-12-06T04:32:18.067+0000][1493.516s][debug][safepoint   ] Safepoint synchronization initiated using futex wait barrier. (266 threads)
[2025-12-06T04:32:18.067+0000][1493.516s][info ][safepoint   ] Safepoint "Cleanup", Time since last: 41008023826 ns, Reaching safepoint: 157887 ns, Cleanup: 15120 ns, At safepoint: 5220 ns, Total: 178227 ns
[2025-12-06T04:33:00.120+0000][1535.574s][debug][safepoint   ] Safepoint synchronization initiated using futex wait barrier. (264 threads)
[2025-12-06T04:33:00.121+0000][1535.574s][info ][safepoint   ] Safepoint "Cleanup", Time since last: 42058078538 ns, Reaching safepoint: 229426 ns, Cleanup: 17764 ns, At safepoint: 7395 ns, Total: 254585 ns
[2025-12-06T04:33:09.073+0000][1544.526s][debug][safepoint   ] Safepoint synchronization initiated using futex wait barrier. (266 threads)
[2025-12-06T04:33:09.073+0000][1544.526s][info ][safepoint   ] Safepoint "Cleanup", Time since last: 8952127623 ns, Reaching safepoint: 62983 ns, Cleanup: 62611 ns, At safepoint: 32393 ns, Total: 157987 ns
[2025-12-06T04:33:10.073+0000][1545.527s][debug][safepoint   ] Safepoint synchronization initiated using futex wait barrier. (266 threads)
[2025-12-06T04:33:10.073+0000][1545.527s][info ][safepoint   ] Safepoint "Cleanup", Time since last: 1000236066 ns, Reaching safepoint: 90125 ns, Cleanup: 26021 ns, At safepoint: 4348 ns, Total: 120494 ns
[2025-12-06T04:33:21.075+0000][1556.529s][debug][safepoint   ] Safepoint synchronization initiated using futex wait barrier. (266 threads)
[2025-12-06T04:33:21.076+0000][1556.529s][info ][safepoint   ] Safepoint "Cleanup", Time since last: 11002025741 ns, Reaching safepoint: 196542 ns, Cleanup: 20299 ns, At safepoint: 5721 ns, Total: 222562 ns
[2025-12-06T04:33:38.100+0000][1573.556s][debug][safepoint   ] Safepoint synchronization initiated using futex wait barrier. (267 threads)
[2025-12-06T04:33:38.101+0000][1573.557s][info ][safepoint   ] Safepoint "Cleanup", Time since last: 17027491566 ns, Reaching safepoint: 346674 ns, Cleanup: 49316 ns, At safepoint: 86538 ns, Total: 482528 ns
[2025-12-06T04:33:39.121+0000][1574.577s][debug][safepoint   ] Safepoint synchronization initiated using futex wait barrier. (269 threads)
[2025-12-06T04:33:39.121+0000][1574.577s][info ][safepoint   ] Safepoint "Cleanup", Time since last: 1020229652 ns, Reaching safepoint: 84604 ns, Cleanup: 34818 ns, At safepoint: 4669 ns, Total: 124091 ns
[2025-12-06T04:33:47.663+0000][1583.119s][debug][safepoint   ] Safepoint synchronization initiated using futex wait barrier. (269 threads)
[2025-12-06T04:33:47.664+0000][1583.120s][info ][safepoint   ] Safepoint "Cleanup", Time since last: 8541687212 ns, Reaching safepoint: 305068 ns, Cleanup: 198821 ns, At safepoint: 832228 ns, Total: 1336117 ns
[2025-12-06T04:33:48.664+0000][1584.121s][debug][safepoint   ] Safepoint synchronization initiated using futex wait barrier. (271 threads)
[2025-12-06T04:33:48.665+0000][1584.121s][info ][safepoint   ] Safepoint "Cleanup", Time since last: 1000240460 ns, Reaching safepoint: 201582 ns, Cleanup: 104022 ns, At safepoint: 8076 ns, Total: 313680 ns
[2025-12-06T04:33:49.665+0000][1585.121s][debug][safepoint   ] Safepoint synchronization initiated using futex wait barrier. (273 threads)
[2025-12-06T04:33:49.665+0000][1585.121s][info ][safepoint   ] Safepoint "Cleanup", Time since last: 1000203287 ns, Reaching safepoint: 124551 ns, Cleanup: 52492 ns, At safepoint: 10461 ns, Total: 187504 ns
[2025-12-06T04:33:50.665+0000][1586.121s][debug][safepoint   ] Safepoint synchronization initiated using futex wait barrier. (271 threads)
[2025-12-06T04:33:50.665+0000][1586.122s][info ][safepoint   ] Safepoint "Cleanup", Time since last: 1000164906 ns, Reaching safepoint: 82550 ns, Cleanup: 21572 ns, At safepoint: 3537 ns, Total: 107659 ns
[2025-12-06T04:33:52.666+0000][1588.122s][debug][safepoint   ] Safepoint synchronization initiated using futex wait barrier. (274 threads)
[2025-12-06T04:33:52.666+0000][1588.122s][info ][safepoint   ] Safepoint "Cleanup", Time since last: 2000333421 ns, Reaching safepoint: 81087 ns, Cleanup: 31822 ns, At safepoint: 3907 ns, Total: 116816 ns
[2025-12-06T04:33:55.666+0000][1591.122s][debug][safepoint   ] Safepoint synchronization initiated using futex wait barrier. (271 threads)
[2025-12-06T04:33:55.666+0000][1591.123s][info ][safepoint   ] Safepoint "Cleanup", Time since last: 3000460989 ns, Reaching safepoint: 86518 ns, Cleanup: 21542 ns, At safepoint: 4088 ns, Total: 112148 ns
[2025-12-06T04:33:56.664+0000][1592.123s][debug][safepoint   ] Safepoint synchronization initiated using futex wait barrier. (271 threads)
[2025-12-06T04:33:56.664+0000][1592.123s][info ][safepoint   ] Safepoint "Cleanup", Time since last: 1000137151 ns, Reaching safepoint: 82921 ns, Cleanup: 17514 ns, At safepoint: 3647 ns, Total: 104082 ns
[2025-12-06T04:33:58.665+0000][1594.123s][debug][safepoint   ] Safepoint synchronization initiated using futex wait barrier. (271 threads)
[2025-12-06T04:33:58.665+0000][1594.123s][info ][safepoint   ] Safepoint "Cleanup", Time since last: 2000431094 ns, Reaching safepoint: 94273 ns, Cleanup: 26479 ns, At safepoint: 4759 ns, Total: 125511 ns
[2025-12-06T04:34:00.665+0000][1596.124s][debug][safepoint   ] Safepoint synchronization initiated using futex wait barrier. (271 threads)
[2025-12-06T04:34:00.665+0000][1596.124s][info ][safepoint   ] Safepoint "Cleanup", Time since last: 2000318968 ns, Reaching safepoint: 179451 ns, Cleanup: 20548 ns, At safepoint: 45964 ns, Total: 245963 ns
[2025-12-06T04:34:09.667+0000][1605.126s][debug][safepoint   ] Safepoint synchronization initiated using futex wait barrier. (275 threads)
[2025-12-06T04:34:09.668+0000][1605.126s][info ][safepoint   ] Safepoint "Cleanup", Time since last: 9001810764 ns, Reaching safepoint: 233337 ns, Cleanup: 21592 ns, At safepoint: 5341 ns, Total: 260270 ns
[2025-12-06T04:34:12.668+0000][1608.127s][debug][safepoint   ] Safepoint synchronization initiated using futex wait barrier. (272 threads)
[2025-12-06T04:34:12.668+0000][1608.127s][info ][safepoint   ] Safepoint "Cleanup", Time since last: 3000668572 ns, Reaching safepoint: 134173 ns, Cleanup: 34908 ns, At safepoint: 5691 ns, Total: 174772 ns
[2025-12-06T04:34:30.847+0000][1626.308s][debug][safepoint   ] Safepoint synchronization initiated using futex wait barrier. (271 threads)
[2025-12-06T04:34:30.847+0000][1626.308s][info ][gc,start    ] GC(102) Pause Young (Concurrent Start) (G1 Evacuation Pause)
[2025-12-06T04:34:30.847+0000][1626.308s][info ][gc,task     ] GC(102) Using 13 workers of 13 for evacuation
[2025-12-06T04:34:30.857+0000][1626.318s][info ][gc,phases   ] GC(102)   Pre Evacuate Collection Set: 1.4ms
[2025-12-06T04:34:30.857+0000][1626.318s][info ][gc,phases   ] GC(102)   Merge Heap Roots: 0.5ms
[2025-12-06T04:34:30.857+0000][1626.318s][info ][gc,phases   ] GC(102)   Evacuate Collection Set: 5.1ms
[2025-12-06T04:34:30.857+0000][1626.318s][info ][gc,phases   ] GC(102)   Post Evacuate Collection Set: 2.2ms
[2025-12-06T04:34:30.857+0000][1626.318s][info ][gc,phases   ] GC(102)   Other: 0.8ms
[2025-12-06T04:34:30.857+0000][1626.318s][info ][gc,heap     ] GC(102) Eden regions: 370->0(375)
[2025-12-06T04:34:30.857+0000][1626.318s][info ][gc,heap     ] GC(102) Survivor regions: 2->3(47)
[2025-12-06T04:34:30.857+0000][1626.318s][info ][gc,heap     ] GC(102) Old regions: 185->185
[2025-12-06T04:34:30.857+0000][1626.318s][info ][gc,heap     ] GC(102) Archive regions: 2->2
[2025-12-06T04:34:30.857+0000][1626.318s][info ][gc,heap     ] GC(102) Humongous regions: 0->0
[2025-12-06T04:34:30.857+0000][1626.318s][info ][gc,metaspace] GC(102) Metaspace: 201655K(203328K)->201655K(203328K) NonClass: 177161K(178048K)->177161K(178048K) Class: 24494K(25280K)->24494K(25280K)
[2025-12-06T04:34:30.857+0000][1626.318s][info ][gc          ] GC(102) Pause Young (Concurrent Start) (G1 Evacuation Pause) 556M->187M(664M) 10.086ms
[2025-12-06T04:34:30.857+0000][1626.318s][info ][gc,cpu      ] GC(102) User=0.05s Sys=0.00s Real=0.01s
[2025-12-06T04:34:30.857+0000][1626.318s][info ][gc          ] GC(103) Concurrent Mark Cycle
[2025-12-06T04:34:30.857+0000][1626.318s][info ][gc,marking  ] GC(103) Concurrent Clear Claimed Marks
[2025-12-06T04:34:30.857+0000][1626.318s][info ][safepoint   ] Safepoint "G1CollectForAllocation", Time since last: 18180757619 ns, Reaching safepoint: 140262 ns, Cleanup: 8347 ns, At safepoint: 10558129 ns, Total: 10706738 ns
[2025-12-06T04:34:30.858+0000][1626.319s][info ][gc,marking  ] GC(103) Concurrent Clear Claimed Marks 0.298ms
[2025-12-06T04:34:30.858+0000][1626.319s][info ][gc,marking  ] GC(103) Concurrent Scan Root Regions
[2025-12-06T04:34:30.863+0000][1626.324s][info ][gc,marking  ] GC(103) Concurrent Scan Root Regions 5.381ms
[2025-12-06T04:34:30.863+0000][1626.324s][info ][gc,marking  ] GC(103) Concurrent Mark
[2025-12-06T04:34:30.863+0000][1626.324s][info ][gc,marking  ] GC(103) Concurrent Mark From Roots
[2025-12-06T04:34:30.863+0000][1626.324s][info ][gc,task     ] GC(103) Using 3 workers of 3 for marking
[2025-12-06T04:34:30.984+0000][1626.445s][info ][gc,marking  ] GC(103) Concurrent Mark From Roots 121.092ms
[2025-12-06T04:34:30.984+0000][1626.445s][info ][gc,marking  ] GC(103) Concurrent Preclean
[2025-12-06T04:34:30.985+0000][1626.446s][info ][gc,marking  ] GC(103) Concurrent Preclean 0.430ms
[2025-12-06T04:34:30.985+0000][1626.446s][debug][safepoint   ] Safepoint synchronization initiated using futex wait barrier. (271 threads)
[2025-12-06T04:34:30.985+0000][1626.446s][info ][gc,start    ] GC(103) Pause Remark
[2025-12-06T04:34:30.995+0000][1626.456s][info ][gc          ] GC(103) Pause Remark 192M->192M(654M) 9.577ms
[2025-12-06T04:34:30.995+0000][1626.456s][info ][gc,cpu      ] GC(103) User=0.08s Sys=0.01s Real=0.01s
[2025-12-06T04:34:30.995+0000][1626.456s][info ][safepoint   ] Safepoint "G1PauseRemark", Time since last: 127509659 ns, Reaching safepoint: 71459 ns, Cleanup: 19979 ns, At safepoint: 10221902 ns, Total: 10313340 ns
[2025-12-06T04:34:30.995+0000][1626.456s][info ][gc,marking  ] GC(103) Concurrent Mark 132.115ms
[2025-12-06T04:34:30.995+0000][1626.456s][info ][gc,marking  ] GC(103) Concurrent Rebuild Remembered Sets
[2025-12-06T04:34:31.078+0000][1626.539s][info ][gc,marking  ] GC(103) Concurrent Rebuild Remembered Sets 82.249ms
[2025-12-06T04:34:31.078+0000][1626.539s][debug][safepoint   ] Safepoint synchronization initiated using futex wait barrier. (271 threads)
[2025-12-06T04:34:31.078+0000][1626.539s][info ][gc,start    ] GC(103) Pause Cleanup
[2025-12-06T04:34:31.079+0000][1626.540s][info ][gc          ] GC(103) Pause Cleanup 192M->192M(654M) 0.576ms
[2025-12-06T04:34:31.079+0000][1626.540s][info ][gc,cpu      ] GC(103) User=0.00s Sys=0.00s Real=0.00s
[2025-12-06T04:34:31.079+0000][1626.540s][info ][safepoint   ] Safepoint "G1PauseCleanup", Time since last: 82599176 ns, Reaching safepoint: 49536 ns, Cleanup: 65347 ns, At safepoint: 741308 ns, Total: 856191 ns
[2025-12-06T04:34:31.079+0000][1626.540s][info ][gc,marking  ] GC(103) Concurrent Cleanup for Next Mark
[2025-12-06T04:34:31.083+0000][1626.544s][info ][gc,marking  ] GC(103) Concurrent Cleanup for Next Mark 3.825ms
[2025-12-06T04:34:31.083+0000][1626.544s][info ][gc          ] GC(103) Concurrent Mark Cycle 225.583ms
[2025-12-06T04:34:40.081+0000][1635.542s][debug][safepoint   ] Safepoint synchronization initiated using futex wait barrier. (271 threads)
[2025-12-06T04:34:40.081+0000][1635.542s][info ][safepoint   ] Safepoint "Cleanup", Time since last: 9002055063 ns, Reaching safepoint: 90936 ns, Cleanup: 15010 ns, At safepoint: 3797 ns, Total: 109743 ns
[2025-12-06T04:35:04.082+0000][1659.546s][debug][safepoint   ] Safepoint synchronization initiated using futex wait barrier. (270 threads)
[2025-12-06T04:35:04.083+0000][1659.546s][info ][safepoint   ] Safepoint "Cleanup", Time since last: 24004060258 ns, Reaching safepoint: 265074 ns, Cleanup: 11282 ns, At safepoint: 43855 ns, Total: 320211 ns
[2025-12-06T04:35:05.083+0000][1660.546s][debug][safepoint   ] Safepoint synchronization initiated using futex wait barrier. (274 threads)
[2025-12-06T04:35:05.083+0000][1660.546s][info ][safepoint   ] Safepoint "Cleanup", Time since last: 1000156058 ns, Reaching safepoint: 82289 ns, Cleanup: 47031 ns, At safepoint: 8717 ns, Total: 138037 ns
[2025-12-06T04:35:06.083+0000][1661.547s][debug][safepoint   ] Safepoint synchronization initiated using futex wait barrier. (274 threads)
[2025-12-06T04:35:06.083+0000][1661.547s][info ][safepoint   ] Safepoint "Cleanup", Time since last: 1000175238 ns, Reaching safepoint: 79324 ns, Cleanup: 20850 ns, At safepoint: 3567 ns, Total: 103741 ns
[2025-12-06T04:35:07.083+0000][1662.547s][debug][safepoint   ] Safepoint synchronization initiated using futex wait barrier. (274 threads)
[2025-12-06T04:35:07.083+0000][1662.547s][info ][safepoint   ] Safepoint "Cleanup", Time since last: 1000146096 ns, Reaching safepoint: 85436 ns, Cleanup: 15740 ns, At safepoint: 3918 ns, Total: 105094 ns
[2025-12-06T04:35:08.084+0000][1663.548s][debug][safepoint   ] Safepoint synchronization initiated using futex wait barrier. (274 threads)
[2025-12-06T04:35:08.084+0000][1663.548s][info ][safepoint   ] Safepoint "Cleanup", Time since last: 1000612508 ns, Reaching safepoint: 139460 ns, Cleanup: 43675 ns, At safepoint: 5741 ns, Total: 188876 ns
[2025-12-06T04:35:09.084+0000][1664.548s][debug][safepoint   ] Safepoint synchronization initiated using futex wait barrier. (272 threads)
[2025-12-06T04:35:09.085+0000][1664.548s][info ][safepoint   ] Safepoint "Cleanup", Time since last: 1000163262 ns, Reaching safepoint: 81268 ns, Cleanup: 15530 ns, At safepoint: 3888 ns, Total: 100686 ns
[2025-12-06T04:35:12.085+0000][1667.549s][debug][safepoint   ] Safepoint synchronization initiated using futex wait barrier. (272 threads)
[2025-12-06T04:35:12.085+0000][1667.549s][info ][safepoint   ] Safepoint "Cleanup", Time since last: 3000594346 ns, Reaching safepoint: 196972 ns, Cleanup: 30750 ns, At safepoint: 10501 ns, Total: 238223 ns
[2025-12-06T04:35:13.086+0000][1668.549s][debug][safepoint   ] Safepoint synchronization initiated using futex wait barrier. (272 threads)
[2025-12-06T04:35:13.086+0000][1668.549s][info ][safepoint   ] Safepoint "Cleanup", Time since last: 1000223103 ns, Reaching safepoint: 87920 ns, Cleanup: 26391 ns, At safepoint: 4209 ns, Total: 118520 ns
[2025-12-06T04:35:18.087+0000][1673.550s][debug][safepoint   ] Safepoint synchronization initiated using futex wait barrier. (272 threads)
[2025-12-06T04:35:18.087+0000][1673.551s][info ][safepoint   ] Safepoint "Cleanup", Time since last: 5000998810 ns, Reaching safepoint: 206751 ns, Cleanup: 33546 ns, At safepoint: 215277 ns, Total: 455574 ns
[2025-12-06T04:35:29.241+0000][1684.707s][debug][safepoint   ] Safepoint synchronization initiated using futex wait barrier. (273 threads)
[2025-12-06T04:35:29.241+0000][1684.707s][info ][safepoint   ] Safepoint "Cleanup", Time since last: 11156012895 ns, Reaching safepoint: 92420 ns, Cleanup: 62441 ns, At safepoint: 5240 ns, Total: 160101 ns
[2025-12-06T04:35:40.243+0000][1695.709s][debug][safepoint   ] Safepoint synchronization initiated using futex wait barrier. (272 threads)
[2025-12-06T04:35:40.243+0000][1695.709s][info ][safepoint   ] Safepoint "Cleanup", Time since last: 11002078884 ns, Reaching safepoint: 97799 ns, Cleanup: 14188 ns, At safepoint: 4068 ns, Total: 116055 ns
[2025-12-06T04:35:41.244+0000][1696.709s][debug][safepoint   ] Safepoint synchronization initiated using futex wait barrier. (272 threads)
[2025-12-06T04:35:41.244+0000][1696.710s][info ][safepoint   ] Safepoint "Cleanup", Time since last: 1000321305 ns, Reaching safepoint: 189508 ns, Cleanup: 46481 ns, At safepoint: 7694 ns, Total: 243683 ns
[2025-12-06T04:35:52.246+0000][1707.711s][debug][safepoint   ] Safepoint synchronization initiated using futex wait barrier. (272 threads)
[2025-12-06T04:35:52.246+0000][1707.711s][info ][safepoint   ] Safepoint "Cleanup", Time since last: 11001687760 ns, Reaching safepoint: 105154 ns, Cleanup: 17344 ns, At safepoint: 4007 ns, Total: 126505 ns
[2025-12-06T04:36:00.245+0000][1715.713s][debug][safepoint   ] Safepoint synchronization initiated using futex wait barrier. (272 threads)
[2025-12-06T04:36:00.245+0000][1715.713s][info ][safepoint   ] Safepoint "Cleanup", Time since last: 8001336941 ns, Reaching safepoint: 89340 ns, Cleanup: 17814 ns, At safepoint: 4218 ns, Total: 111372 ns
[2025-12-06T04:36:10.247+0000][1725.715s][debug][safepoint   ] Safepoint synchronization initiated using futex wait barrier. (271 threads)
[2025-12-06T04:36:10.247+0000][1725.715s][info ][safepoint   ] Safepoint "Cleanup", Time since last: 10001911970 ns, Reaching safepoint: 161816 ns, Cleanup: 17293 ns, At safepoint: 5441 ns, Total: 184550 ns
[2025-12-06T04:36:19.248+0000][1734.717s][debug][safepoint   ] Safepoint synchronization initiated using futex wait barrier. (270 threads)
[2025-12-06T04:36:19.249+0000][1734.717s][info ][safepoint   ] Safepoint "Cleanup", Time since last: 9001636476 ns, Reaching safepoint: 224817 ns, Cleanup: 19909 ns, At safepoint: 6312 ns, Total: 251038 ns
[2025-12-06T04:36:23.249+0000][1738.718s][debug][safepoint   ] Safepoint synchronization initiated using futex wait barrier. (273 threads)
[2025-12-06T04:36:23.250+0000][1738.718s][info ][safepoint   ] Safepoint "Cleanup", Time since last: 4000689175 ns, Reaching safepoint: 89302 ns, Cleanup: 61319 ns, At safepoint: 5040 ns, Total: 155661 ns
[2025-12-06T04:36:26.248+0000][1741.718s][debug][safepoint   ] Safepoint synchronization initiated using futex wait barrier. (273 threads)
[2025-12-06T04:36:26.248+0000][1741.718s][info ][safepoint   ] Safepoint "Cleanup", Time since last: 3000487097 ns, Reaching safepoint: 96807 ns, Cleanup: 14398 ns, At safepoint: 4729 ns, Total: 115934 ns
[2025-12-06T04:36:27.746+0000][1743.216s][debug][safepoint   ] Safepoint synchronization initiated using futex wait barrier. (276 threads)
[2025-12-06T04:36:27.746+0000][1743.217s][info ][safepoint   ] Safepoint "Cleanup", Time since last: 1498183227 ns, Reaching safepoint: 116145 ns, Cleanup: 54465 ns, At safepoint: 4639 ns, Total: 175249 ns
[2025-12-06T04:37:03.750+0000][1779.223s][debug][safepoint   ] Safepoint synchronization initiated using futex wait barrier. (274 threads)
[2025-12-06T04:37:03.750+0000][1779.223s][info ][safepoint   ] Safepoint "Cleanup", Time since last: 36006334935 ns, Reaching safepoint: 132086 ns, Cleanup: 37343 ns, At safepoint: 4438 ns, Total: 173867 ns
[2025-12-06T04:37:12.752+0000][1788.225s][debug][safepoint   ] Safepoint synchronization initiated using futex wait barrier. (274 threads)
[2025-12-06T04:37:12.755+0000][1788.228s][info ][safepoint   ] Safepoint "Cleanup", Time since last: 9001638767 ns, Reaching safepoint: 2984812 ns, Cleanup: 27764 ns, At safepoint: 7715 ns, Total: 3020291 ns
[2025-12-06T04:37:43.332+0000][1818.806s][debug][safepoint   ] Safepoint synchronization initiated using futex wait barrier. (270 threads)
[2025-12-06T04:37:43.332+0000][1818.807s][info ][safepoint   ] Safepoint "Cleanup", Time since last: 30578652773 ns, Reaching safepoint: 106377 ns, Cleanup: 10921 ns, At safepoint: 38334 ns, Total: 155632 ns
[2025-12-06T04:37:53.334+0000][1828.809s][debug][safepoint   ] Safepoint synchronization initiated using futex wait barrier. (273 threads)
[2025-12-06T04:37:53.335+0000][1828.809s][info ][safepoint   ] Safepoint "Cleanup", Time since last: 10002579484 ns, Reaching safepoint: 90595 ns, Cleanup: 38775 ns, At safepoint: 4408 ns, Total: 133778 ns
[2025-12-06T04:37:54.335+0000][1829.810s][debug][safepoint   ] Safepoint synchronization initiated using futex wait barrier. (272 threads)
[2025-12-06T04:37:54.336+0000][1829.810s][info ][safepoint   ] Safepoint "Cleanup", Time since last: 1000879209 ns, Reaching safepoint: 151774 ns, Cleanup: 25158 ns, At safepoint: 7896 ns, Total: 184828 ns
[2025-12-06T04:37:56.333+0000][1831.811s][debug][safepoint   ] Safepoint synchronization initiated using futex wait barrier. (272 threads)
[2025-12-06T04:37:56.333+0000][1831.811s][info ][safepoint   ] Safepoint "Cleanup", Time since last: 2000347734 ns, Reaching safepoint: 98821 ns, Cleanup: 33124 ns, At safepoint: 6102 ns, Total: 138047 ns
[2025-12-06T04:37:57.334+0000][1832.811s][debug][safepoint   ] Safepoint synchronization initiated using futex wait barrier. (273 threads)
[2025-12-06T04:37:57.334+0000][1832.811s][info ][safepoint   ] Safepoint "Cleanup", Time since last: 1000252420 ns, Reaching safepoint: 105221 ns, Cleanup: 24076 ns, At safepoint: 4379 ns, Total: 133676 ns
[2025-12-06T04:38:00.334+0000][1835.812s][debug][safepoint   ] Safepoint synchronization initiated using futex wait barrier. (271 threads)
[2025-12-06T04:38:00.334+0000][1835.812s][info ][safepoint   ] Safepoint "Cleanup", Time since last: 3000652030 ns, Reaching safepoint: 104049 ns, Cleanup: 17885 ns, At safepoint: 4719 ns, Total: 126653 ns
[2025-12-06T04:38:14.337+0000][1849.815s][debug][safepoint   ] Safepoint synchronization initiated using futex wait barrier. (273 threads)
[2025-12-06T04:38:14.337+0000][1849.815s][info ][safepoint   ] Safepoint "Cleanup", Time since last: 14002576069 ns, Reaching safepoint: 158648 ns, Cleanup: 36911 ns, At safepoint: 62782 ns, Total: 258341 ns
[2025-12-06T04:38:15.337+0000][1850.815s][debug][safepoint   ] Safepoint synchronization initiated using futex wait barrier. (273 threads)
[2025-12-06T04:38:15.338+0000][1850.815s][info ][safepoint   ] Safepoint "Cleanup", Time since last: 1000146990 ns, Reaching safepoint: 80967 ns, Cleanup: 15270 ns, At safepoint: 3807 ns, Total: 100044 ns
[2025-12-06T04:38:58.392+0000][1893.874s][debug][safepoint   ] Safepoint synchronization initiated using futex wait barrier. (272 threads)
[2025-12-06T04:38:58.392+0000][1893.874s][info ][gc,start    ] GC(104) Pause Young (Prepare Mixed) (G1 Evacuation Pause)
[2025-12-06T04:38:58.392+0000][1893.874s][info ][gc,task     ] GC(104) Using 13 workers of 13 for evacuation
[2025-12-06T04:38:58.401+0000][1893.883s][info ][gc,phases   ] GC(104)   Pre Evacuate Collection Set: 0.7ms
[2025-12-06T04:38:58.401+0000][1893.883s][info ][gc,phases   ] GC(104)   Merge Heap Roots: 0.5ms
[2025-12-06T04:38:58.401+0000][1893.883s][info ][gc,phases   ] GC(104)   Evacuate Collection Set: 5.1ms
[2025-12-06T04:38:58.401+0000][1893.883s][info ][gc,phases   ] GC(104)   Post Evacuate Collection Set: 2.1ms
[2025-12-06T04:38:58.401+0000][1893.883s][info ][gc,phases   ] GC(104)   Other: 0.4ms
[2025-12-06T04:38:58.401+0000][1893.883s][info ][gc,heap     ] GC(104) Eden regions: 375->0(28)
[2025-12-06T04:38:58.401+0000][1893.883s][info ][gc,heap     ] GC(104) Survivor regions: 3->4(48)
[2025-12-06T04:38:58.401+0000][1893.883s][info ][gc,heap     ] GC(104) Old regions: 185->185
[2025-12-06T04:38:58.401+0000][1893.883s][info ][gc,heap     ] GC(104) Archive regions: 2->2
[2025-12-06T04:38:58.401+0000][1893.883s][info ][gc,heap     ] GC(104) Humongous regions: 0->0
[2025-12-06T04:38:58.401+0000][1893.883s][info ][gc,metaspace] GC(104) Metaspace: 202861K(204480K)->202861K(204480K) NonClass: 178280K(179136K)->178280K(179136K) Class: 24581K(25344K)->24581K(25344K)
[2025-12-06T04:38:58.401+0000][1893.883s][info ][gc          ] GC(104) Pause Young (Prepare Mixed) (G1 Evacuation Pause) 562M->188M(654M) 8.962ms
[2025-12-06T04:38:58.401+0000][1893.883s][info ][gc,cpu      ] GC(104) User=0.06s Sys=0.00s Real=0.01s
[2025-12-06T04:38:58.402+0000][1893.884s][info ][safepoint   ] Safepoint "G1CollectForAllocation", Time since last: 43058567479 ns, Reaching safepoint: 465241 ns, Cleanup: 6082 ns, At safepoint: 9982212 ns, Total: 10453535 ns
[2025-12-06T04:39:20.412+0000][1915.894s][debug][safepoint   ] Safepoint synchronization initiated using futex wait barrier. (269 threads)
[2025-12-06T04:39:20.412+0000][1915.894s][info ][gc,start    ] GC(105) Pause Young (Mixed) (G1 Evacuation Pause)
[2025-12-06T04:39:20.412+0000][1915.894s][info ][gc,task     ] GC(105) Using 13 workers of 13 for evacuation
[2025-12-06T04:39:20.428+0000][1915.910s][info ][gc,phases   ] GC(105)   Pre Evacuate Collection Set: 0.6ms
[2025-12-06T04:39:20.428+0000][1915.910s][info ][gc,phases   ] GC(105)   Merge Heap Roots: 0.4ms
[2025-12-06T04:39:20.428+0000][1915.910s][info ][gc,phases   ] GC(105)   Evacuate Collection Set: 12.3ms
[2025-12-06T04:39:20.428+0000][1915.910s][info ][gc,phases   ] GC(105)   Post Evacuate Collection Set: 2.1ms
[2025-12-06T04:39:20.428+0000][1915.910s][info ][gc,phases   ] GC(105)   Other: 0.2ms
[2025-12-06T04:39:20.428+0000][1915.910s][info ][gc,heap     ] GC(105) Eden regions: 28->0(375)
[2025-12-06T04:39:20.428+0000][1915.910s][info ][gc,heap     ] GC(105) Survivor regions: 4->2(4)
[2025-12-06T04:39:20.428+0000][1915.910s][info ][gc,heap     ] GC(105) Old regions: 185->183
[2025-12-06T04:39:20.428+0000][1915.910s][info ][gc,heap     ] GC(105) Archive regions: 2->2
[2025-12-06T04:39:20.428+0000][1915.910s][info ][gc,heap     ] GC(105) Humongous regions: 0->0
[2025-12-06T04:39:20.428+0000][1915.910s][info ][gc,metaspace] GC(105) Metaspace: 202861K(204480K)->202861K(204480K) NonClass: 178280K(179136K)->178280K(179136K) Class: 24581K(25344K)->24581K(25344K)
[2025-12-06T04:39:20.428+0000][1915.910s][info ][gc          ] GC(105) Pause Young (Mixed) (G1 Evacuation Pause) 216M->185M(654M) 15.817ms
[2025-12-06T04:39:20.428+0000][1915.910s][info ][gc,cpu      ] GC(105) User=0.15s Sys=0.00s Real=0.02s
[2025-12-06T04:39:20.429+0000][1915.911s][info ][safepoint   ] Safepoint "G1CollectForAllocation", Time since last: 22010019642 ns, Reaching safepoint: 89363 ns, Cleanup: 5421 ns, At safepoint: 16948509 ns, Total: 17043293 ns
[2025-12-06T04:39:25.430+0000][1920.912s][debug][safepoint   ] Safepoint synchronization initiated using futex wait barrier. (269 threads)
[2025-12-06T04:39:25.431+0000][1920.913s][info ][safepoint   ] Safepoint "Cleanup", Time since last: 5000976338 ns, Reaching safepoint: 369530 ns, Cleanup: 54475 ns, At safepoint: 554714 ns, Total: 978719 ns
[2025-12-06T04:39:27.413+0000][1922.898s][debug][safepoint   ] Safepoint synchronization initiated using futex wait barrier. (269 threads)
[2025-12-06T04:39:27.413+0000][1922.898s][info ][safepoint   ] Safepoint "Cleanup", Time since last: 1984672054 ns, Reaching safepoint: 127066 ns, Cleanup: 22363 ns, At safepoint: 5541 ns, Total: 154970 ns
[2025-12-06T04:39:45.417+0000][1940.901s][debug][safepoint   ] Safepoint synchronization initiated using futex wait barrier. (269 threads)
[2025-12-06T04:39:45.417+0000][1940.901s][info ][safepoint   ] Safepoint "Cleanup", Time since last: 18003162748 ns, Reaching safepoint: 86177 ns, Cleanup: 12465 ns, At safepoint: 3647 ns, Total: 102289 ns
[2025-12-06T04:40:03.418+0000][1958.905s][debug][safepoint   ] Safepoint synchronization initiated using futex wait barrier. (269 threads)
[2025-12-06T04:40:03.418+0000][1958.905s][info ][safepoint   ] Safepoint "Cleanup", Time since last: 18003929912 ns, Reaching safepoint: 120593 ns, Cleanup: 40429 ns, At safepoint: 5691 ns, Total: 166713 ns
[2025-12-06T04:40:46.465+0000][2001.955s][debug][safepoint   ] Safepoint synchronization initiated using futex wait barrier. (269 threads)
[2025-12-06T04:40:46.466+0000][2001.955s][info ][safepoint   ] Safepoint "Cleanup", Time since last: 43049489648 ns, Reaching safepoint: 186451 ns, Cleanup: 29057 ns, At safepoint: 7093 ns, Total: 222601 ns
[2025-12-06T04:41:00.466+0000][2015.958s][debug][safepoint   ] Safepoint synchronization initiated using futex wait barrier. (267 threads)
[2025-12-06T04:41:00.467+0000][2015.958s][info ][safepoint   ] Safepoint "Cleanup", Time since last: 14002765413 ns, Reaching safepoint: 190639 ns, Cleanup: 71228 ns, At safepoint: 58513 ns, Total: 320380 ns
[2025-12-06T04:41:47.532+0000][2063.026s][debug][safepoint   ] Safepoint synchronization initiated using futex wait barrier. (266 threads)
[2025-12-06T04:41:47.532+0000][2063.026s][info ][safepoint   ] Safepoint "Cleanup", Time since last: 47067358953 ns, Reaching safepoint: 184839 ns, Cleanup: 37342 ns, At safepoint: 62521 ns, Total: 284702 ns
[2025-12-06T04:42:35.592+0000][2111.091s][debug][safepoint   ] Safepoint synchronization initiated using futex wait barrier. (269 threads)
[2025-12-06T04:42:35.593+0000][2111.091s][info ][safepoint   ] Safepoint "Cleanup", Time since last: 48065217501 ns, Reaching safepoint: 83521 ns, Cleanup: 20871 ns, At safepoint: 33845 ns, Total: 138237 ns
[2025-12-06T04:43:00.596+0000][2136.096s][debug][safepoint   ] Safepoint synchronization initiated using futex wait barrier. (268 threads)
[2025-12-06T04:43:00.596+0000][2136.097s][info ][safepoint   ] Safepoint "Cleanup", Time since last: 25005197743 ns, Reaching safepoint: 133614 ns, Cleanup: 32211 ns, At safepoint: 7745 ns, Total: 173570 ns
[2025-12-06T04:43:31.653+0000][2167.156s][debug][safepoint   ] Safepoint synchronization initiated using futex wait barrier. (268 threads)
[2025-12-06T04:43:31.653+0000][2167.156s][info ][safepoint   ] Safepoint "Cleanup", Time since last: 31059121625 ns, Reaching safepoint: 287496 ns, Cleanup: 102358 ns, At safepoint: 6252 ns, Total: 396106 ns
[2025-12-06T04:43:41.655+0000][2177.158s][debug][safepoint   ] Safepoint synchronization initiated using futex wait barrier. (267 threads)
[2025-12-06T04:43:41.655+0000][2177.158s][info ][safepoint   ] Safepoint "Cleanup", Time since last: 10001539531 ns, Reaching safepoint: 140773 ns, Cleanup: 23515 ns, At safepoint: 6623 ns, Total: 170911 ns
[2025-12-06T04:43:48.657+0000][2184.160s][debug][safepoint   ] Safepoint synchronization initiated using futex wait barrier. (268 threads)
[2025-12-06T04:43:48.657+0000][2184.160s][info ][safepoint   ] Safepoint "Cleanup", Time since last: 7002140132 ns, Reaching safepoint: 136594 ns, Cleanup: 28596 ns, At safepoint: 5721 ns, Total: 170911 ns
[2025-12-06T04:43:51.658+0000][2187.161s][debug][safepoint   ] Safepoint synchronization initiated using futex wait barrier. (268 threads)
[2025-12-06T04:43:51.659+0000][2187.162s][info ][safepoint   ] Safepoint "Cleanup", Time since last: 3001305250 ns, Reaching safepoint: 166020 ns, Cleanup: 34376 ns, At safepoint: 9679 ns, Total: 210075 ns
[2025-12-06T04:43:53.659+0000][2189.162s][debug][safepoint   ] Safepoint synchronization initiated using futex wait barrier. (268 threads)
[2025-12-06T04:43:53.660+0000][2189.163s][info ][safepoint   ] Safepoint "Cleanup", Time since last: 2000376618 ns, Reaching safepoint: 889395 ns, Cleanup: 19968 ns, At safepoint: 16973 ns, Total: 926336 ns
[2025-12-06T04:44:00.659+0000][2196.164s][debug][safepoint   ] Safepoint synchronization initiated using futex wait barrier. (268 threads)
[2025-12-06T04:44:00.659+0000][2196.165s][info ][safepoint   ] Safepoint "Cleanup", Time since last: 7001560124 ns, Reaching safepoint: 118158 ns, Cleanup: 18276 ns, At safepoint: 5040 ns, Total: 141474 ns
[2025-12-06T04:44:27.551+0000][2223.059s][debug][safepoint   ] Safepoint synchronization initiated using futex wait barrier. (268 threads)
[2025-12-06T04:44:27.552+0000][2223.059s][info ][gc,start    ] GC(106) Pause Young (Concurrent Start) (G1 Evacuation Pause)
[2025-12-06T04:44:27.552+0000][2223.059s][info ][gc,task     ] GC(106) Using 13 workers of 13 for evacuation
[2025-12-06T04:44:27.565+0000][2223.072s][info ][gc,phases   ] GC(106)   Pre Evacuate Collection Set: 1.5ms
[2025-12-06T04:44:27.565+0000][2223.072s][info ][gc,phases   ] GC(106)   Merge Heap Roots: 0.6ms
[2025-12-06T04:44:27.565+0000][2223.072s][info ][gc,phases   ] GC(106)   Evacuate Collection Set: 7.4ms
[2025-12-06T04:44:27.565+0000][2223.072s][info ][gc,phases   ] GC(106)   Post Evacuate Collection Set: 2.8ms
[2025-12-06T04:44:27.565+0000][2223.073s][info ][gc,phases   ] GC(106)   Other: 0.8ms
[2025-12-06T04:44:27.565+0000][2223.073s][info ][gc,heap     ] GC(106) Eden regions: 375->0(379)
[2025-12-06T04:44:27.565+0000][2223.073s][info ][gc,heap     ] GC(106) Survivor regions: 2->2(48)
[2025-12-06T04:44:27.565+0000][2223.073s][info ][gc,heap     ] GC(106) Old regions: 183->183
[2025-12-06T04:44:27.565+0000][2223.073s][info ][gc,heap     ] GC(106) Archive regions: 2->2
[2025-12-06T04:44:27.565+0000][2223.073s][info ][gc,heap     ] GC(106) Humongous regions: 0->0
[2025-12-06T04:44:27.565+0000][2223.073s][info ][gc,metaspace] GC(106) Metaspace: 202922K(204544K)->202922K(204544K) NonClass: 178341K(179200K)->178341K(179200K) Class: 24581K(25344K)->24581K(25344K)
[2025-12-06T04:44:27.565+0000][2223.073s][info ][gc          ] GC(106) Pause Young (Concurrent Start) (G1 Evacuation Pause) 560M->184M(654M) 13.422ms
[2025-12-06T04:44:27.565+0000][2223.073s][info ][gc,cpu      ] GC(106) User=0.09s Sys=0.01s Real=0.02s
[2025-12-06T04:44:27.566+0000][2223.073s][info ][gc          ] GC(107) Concurrent Mark Cycle
[2025-12-06T04:44:27.566+0000][2223.073s][info ][gc,marking  ] GC(107) Concurrent Clear Claimed Marks
[2025-12-06T04:44:27.566+0000][2223.073s][info ][gc,marking  ] GC(107) Concurrent Clear Claimed Marks 0.236ms
[2025-12-06T04:44:27.566+0000][2223.073s][info ][gc,marking  ] GC(107) Concurrent Scan Root Regions
[2025-12-06T04:44:27.566+0000][2223.074s][info ][safepoint   ] Safepoint "G1CollectForAllocation", Time since last: 26894320752 ns, Reaching safepoint: 188024 ns, Cleanup: 51118 ns, At safepoint: 14661258 ns, Total: 14900400 ns
[2025-12-06T04:44:27.573+0000][2223.081s][info ][gc,marking  ] GC(107) Concurrent Scan Root Regions 7.390ms
[2025-12-06T04:44:27.573+0000][2223.081s][info ][gc,marking  ] GC(107) Concurrent Mark
[2025-12-06T04:44:27.573+0000][2223.081s][info ][gc,marking  ] GC(107) Concurrent Mark From Roots
[2025-12-06T04:44:27.573+0000][2223.081s][info ][gc,task     ] GC(107) Using 3 workers of 3 for marking
[2025-12-06T04:44:27.684+0000][2223.192s][info ][gc,marking  ] GC(107) Concurrent Mark From Roots 111.175ms
[2025-12-06T04:44:27.685+0000][2223.192s][info ][gc,marking  ] GC(107) Concurrent Preclean
[2025-12-06T04:44:27.687+0000][2223.195s][info ][gc,marking  ] GC(107) Concurrent Preclean 2.804ms
[2025-12-06T04:44:27.687+0000][2223.195s][debug][safepoint   ] Safepoint synchronization initiated using futex wait barrier. (268 threads)
[2025-12-06T04:44:27.688+0000][2223.195s][info ][gc,start    ] GC(107) Pause Remark
[2025-12-06T04:44:27.868+0000][2223.376s][info ][gc          ] GC(107) Pause Remark 191M->191M(647M) 180.536ms
[2025-12-06T04:44:27.868+0000][2223.376s][info ][gc,cpu      ] GC(107) User=1.92s Sys=0.00s Real=0.18s
[2025-12-06T04:44:27.870+0000][2223.378s][info ][safepoint   ] Safepoint "G1PauseRemark", Time since last: 121099429 ns, Reaching safepoint: 68522 ns, Cleanup: 4359 ns, At safepoint: 182542681 ns, Total: 182615562 ns
[2025-12-06T04:44:27.870+0000][2223.378s][info ][gc,marking  ] GC(107) Concurrent Mark 296.916ms
[2025-12-06T04:44:27.870+0000][2223.378s][info ][gc,marking  ] GC(107) Concurrent Rebuild Remembered Sets
[2025-12-06T04:44:27.939+0000][2223.447s][info ][gc,marking  ] GC(107) Concurrent Rebuild Remembered Sets 69.218ms
[2025-12-06T04:44:27.940+0000][2223.447s][debug][safepoint   ] Safepoint synchronization initiated using futex wait barrier. (268 threads)
[2025-12-06T04:44:27.940+0000][2223.447s][info ][gc,start    ] GC(107) Pause Cleanup
[2025-12-06T04:44:27.940+0000][2223.448s][info ][gc          ] GC(107) Pause Cleanup 191M->191M(647M) 0.672ms
[2025-12-06T04:44:27.941+0000][2223.448s][info ][gc,cpu      ] GC(107) User=0.00s Sys=0.00s Real=0.00s
[2025-12-06T04:44:27.941+0000][2223.448s][info ][safepoint   ] Safepoint "G1PauseCleanup", Time since last: 69556940 ns, Reaching safepoint: 44526 ns, Cleanup: 13265 ns, At safepoint: 852829 ns, Total: 910620 ns
[2025-12-06T04:44:27.941+0000][2223.448s][info ][gc,marking  ] GC(107) Concurrent Cleanup for Next Mark
[2025-12-06T04:44:27.948+0000][2223.455s][info ][gc,marking  ] GC(107) Concurrent Cleanup for Next Mark 7.309ms
[2025-12-06T04:44:27.948+0000][2223.455s][info ][gc          ] GC(107) Concurrent Mark Cycle 382.427ms
[2025-12-06T04:44:31.941+0000][2227.449s][debug][safepoint   ] Safepoint synchronization initiated using futex wait barrier. (268 threads)
[2025-12-06T04:44:31.941+0000][2227.449s][info ][safepoint   ] Safepoint "Cleanup", Time since last: 4000755753 ns, Reaching safepoint: 122256 ns, Cleanup: 18535 ns, At safepoint: 5481 ns, Total: 146272 ns
[2025-12-06T04:44:40.943+0000][2236.450s][debug][safepoint   ] Safepoint synchronization initiated using futex wait barrier. (267 threads)
[2025-12-06T04:44:40.943+0000][2236.451s][info ][safepoint   ] Safepoint "Cleanup", Time since last: 9001550164 ns, Reaching safepoint: 128859 ns, Cleanup: 20590 ns, At safepoint: 4679 ns, Total: 154128 ns
[2025-12-06T04:44:41.943+0000][2237.451s][debug][safepoint   ] Safepoint synchronization initiated using futex wait barrier. (267 threads)
[2025-12-06T04:44:41.944+0000][2237.451s][info ][safepoint   ] Safepoint "Cleanup", Time since last: 1000340743 ns, Reaching safepoint: 199186 ns, Cleanup: 24718 ns, At safepoint: 67490 ns, Total: 291394 ns
[2025-12-06T04:44:43.944+0000][2239.452s][debug][safepoint   ] Safepoint synchronization initiated using futex wait barrier. (267 threads)
[2025-12-06T04:44:43.944+0000][2239.452s][info ][safepoint   ] Safepoint "Cleanup", Time since last: 2000509050 ns, Reaching safepoint: 127827 ns, Cleanup: 21041 ns, At safepoint: 4619 ns, Total: 153487 ns
[2025-12-06T04:44:49.947+0000][2245.454s][debug][safepoint   ] Safepoint synchronization initiated using futex wait barrier. (268 threads)
[2025-12-06T04:44:49.947+0000][2245.454s][info ][safepoint   ] Safepoint "Cleanup", Time since last: 6002317863 ns, Reaching safepoint: 154598 ns, Cleanup: 25059 ns, At safepoint: 6452 ns, Total: 186109 ns
[2025-12-06T04:44:59.947+0000][2255.457s][debug][safepoint   ] Safepoint synchronization initiated using futex wait barrier. (268 threads)
[2025-12-06T04:44:59.947+0000][2255.457s][info ][safepoint   ] Safepoint "Cleanup", Time since last: 10002149766 ns, Reaching safepoint: 237557 ns, Cleanup: 64283 ns, At safepoint: 8326 ns, Total: 310166 ns
[2025-12-06T04:45:50.829+0000][2306.341s][debug][safepoint   ] Safepoint synchronization initiated using futex wait barrier. (265 threads)
[2025-12-06T04:45:50.829+0000][2306.341s][info ][safepoint   ] Safepoint "Cleanup", Time since last: 50883876859 ns, Reaching safepoint: 96136 ns, Cleanup: 20279 ns, At safepoint: 4078 ns, Total: 120493 ns
[2025-12-06T04:46:18.938+0000][2312.342s][debug][safepoint   ] Safepoint synchronization initiated using futex wait barrier. (263 threads)
[2025-12-06T04:46:18.938+0000][2312.342s][info ][safepoint   ] Safepoint "Cleanup", Time since last: 6001082910 ns, Reaching safepoint: 98952 ns, Cleanup: 21021 ns, At safepoint: 3827 ns, Total: 123800 ns
[2025-12-06T04:46:19.938+0000][2313.342s][debug][safepoint   ] Safepoint synchronization initiated using futex wait barrier. (263 threads)
[2025-12-06T04:46:19.939+0000][2313.342s][info ][safepoint   ] Safepoint "Cleanup", Time since last: 1000169942 ns, Reaching safepoint: 132326 ns, Cleanup: 12565 ns, At safepoint: 4238 ns, Total: 149129 ns
[2025-12-06T04:46:20.939+0000][2314.343s][debug][safepoint   ] Safepoint synchronization initiated using futex wait barrier. (273 threads)
[2025-12-06T04:46:20.939+0000][2314.343s][info ][safepoint   ] Safepoint "Cleanup", Time since last: 1000245403 ns, Reaching safepoint: 94833 ns, Cleanup: 68613 ns, At safepoint: 6352 ns, Total: 169798 ns
[2025-12-06T04:46:27.940+0000][2321.344s][debug][safepoint   ] Safepoint synchronization initiated using futex wait barrier. (270 threads)
[2025-12-06T04:46:27.941+0000][2321.344s][info ][safepoint   ] Safepoint "Cleanup", Time since last: 7001164403 ns, Reaching safepoint: 343515 ns, Cleanup: 64535 ns, At safepoint: 5541 ns, Total: 413591 ns
[2025-12-06T04:46:32.941+0000][2326.345s][debug][safepoint   ] Safepoint synchronization initiated using futex wait barrier. (269 threads)
[2025-12-06T04:46:32.942+0000][2326.345s][info ][safepoint   ] Safepoint "Cleanup", Time since last: 5000906149 ns, Reaching safepoint: 99012 ns, Cleanup: 16843 ns, At safepoint: 5751 ns, Total: 121606 ns
[2025-12-06T04:46:33.942+0000][2327.346s][debug][safepoint   ] Safepoint synchronization initiated using futex wait barrier. (269 threads)
[2025-12-06T04:46:33.942+0000][2327.346s][info ][safepoint   ] Safepoint "Cleanup", Time since last: 1000181759 ns, Reaching safepoint: 151243 ns, Cleanup: 23145 ns, At safepoint: 21531 ns, Total: 195919 ns
[2025-12-06T04:46:35.942+0000][2329.346s][debug][safepoint   ] Safepoint synchronization initiated using futex wait barrier. (269 threads)
[2025-12-06T04:46:35.942+0000][2329.346s][info ][safepoint   ] Safepoint "Cleanup", Time since last: 2000317340 ns, Reaching safepoint: 87339 ns, Cleanup: 12825 ns, At safepoint: 4509 ns, Total: 104673 ns
[2025-12-06T04:47:03.946+0000][2357.351s][debug][safepoint   ] Safepoint synchronization initiated using futex wait barrier. (268 threads)
[2025-12-06T04:47:03.946+0000][2357.351s][info ][safepoint   ] Safepoint "Cleanup", Time since last: 28004916739 ns, Reaching safepoint: 192513 ns, Cleanup: 40299 ns, At safepoint: 9248 ns, Total: 242060 ns
[2025-12-06T04:47:17.948+0000][2371.354s][debug][safepoint   ] Safepoint synchronization initiated using futex wait barrier. (270 threads)
[2025-12-06T04:47:17.949+0000][2371.354s][info ][safepoint   ] Safepoint "Cleanup", Time since last: 14002373723 ns, Reaching safepoint: 208156 ns, Cleanup: 61339 ns, At safepoint: 9176 ns, Total: 278671 ns
[2025-12-06T04:47:23.948+0000][2377.356s][debug][safepoint   ] Safepoint synchronization initiated using futex wait barrier. (269 threads)
[2025-12-06T04:47:23.949+0000][2377.356s][info ][safepoint   ] Safepoint "Cleanup", Time since last: 6001984593 ns, Reaching safepoint: 215246 ns, Cleanup: 26882 ns, At safepoint: 8376 ns, Total: 250504 ns
[2025-12-06T04:47:28.950+0000][2382.357s][debug][safepoint   ] Safepoint synchronization initiated using futex wait barrier. (269 threads)
[2025-12-06T04:47:28.950+0000][2382.357s][info ][safepoint   ] Safepoint "Cleanup", Time since last: 5000868160 ns, Reaching safepoint: 121713 ns, Cleanup: 13539 ns, At safepoint: 4579 ns, Total: 139831 ns
[2025-12-06T04:47:32.950+0000][2386.358s][debug][safepoint   ] Safepoint synchronization initiated using futex wait barrier. (269 threads)
[2025-12-06T04:47:32.951+0000][2386.358s][info ][safepoint   ] Safepoint "Cleanup", Time since last: 4000746677 ns, Reaching safepoint: 123228 ns, Cleanup: 16181 ns, At safepoint: 5601 ns, Total: 145010 ns
[2025-12-06T04:47:37.952+0000][2391.359s][debug][safepoint   ] Safepoint synchronization initiated using futex wait barrier. (269 threads)
[2025-12-06T04:47:37.952+0000][2391.359s][info ][safepoint   ] Safepoint "Cleanup", Time since last: 5000999684 ns, Reaching safepoint: 161011 ns, Cleanup: 27664 ns, At safepoint: 132576 ns, Total: 321251 ns
[2025-12-06T04:47:42.953+0000][2396.360s][debug][safepoint   ] Safepoint synchronization initiated using futex wait barrier. (269 threads)
[2025-12-06T04:47:42.953+0000][2396.360s][info ][safepoint   ] Safepoint "Cleanup", Time since last: 5000910756 ns, Reaching safepoint: 101834 ns, Cleanup: 12274 ns, At safepoint: 3737 ns, Total: 117845 ns
[2025-12-06T04:47:43.953+0000][2397.361s][debug][safepoint   ] Safepoint synchronization initiated using futex wait barrier. (269 threads)
[2025-12-06T04:47:43.953+0000][2397.361s][info ][safepoint   ] Safepoint "Cleanup", Time since last: 1000248795 ns, Reaching safepoint: 86375 ns, Cleanup: 13065 ns, At safepoint: 4128 ns, Total: 103568 ns
[2025-12-06T04:47:45.954+0000][2399.361s][debug][safepoint   ] Safepoint synchronization initiated using futex wait barrier. (269 threads)
[2025-12-06T04:47:45.954+0000][2399.361s][info ][safepoint   ] Safepoint "Cleanup", Time since last: 2000264951 ns, Reaching safepoint: 88399 ns, Cleanup: 12063 ns, At safepoint: 3817 ns, Total: 104279 ns
[2025-12-06T04:48:38.011+0000][2451.422s][debug][safepoint   ] Safepoint synchronization initiated using futex wait barrier. (267 threads)
[2025-12-06T04:48:38.011+0000][2451.422s][info ][safepoint   ] Safepoint "Cleanup", Time since last: 52060494991 ns, Reaching safepoint: 239308 ns, Cleanup: 13345 ns, At safepoint: 5791 ns, Total: 258444 ns
[2025-12-06T04:49:04.049+0000][2477.462s][debug][safepoint   ] Safepoint synchronization initiated using futex wait barrier. (266 threads)
[2025-12-06T04:49:04.049+0000][2477.462s][info ][safepoint   ] Safepoint "Cleanup", Time since last: 26040010231 ns, Reaching safepoint: 224156 ns, Cleanup: 13637 ns, At safepoint: 4408 ns, Total: 242201 ns
[2025-12-06T04:49:13.051+0000][2486.464s][debug][safepoint   ] Safepoint synchronization initiated using futex wait barrier. (266 threads)
[2025-12-06T04:49:13.051+0000][2486.464s][info ][safepoint   ] Safepoint "Cleanup", Time since last: 9001746776 ns, Reaching safepoint: 106061 ns, Cleanup: 14297 ns, At safepoint: 4408 ns, Total: 124766 ns
[2025-12-06T04:49:29.052+0000][2502.467s][debug][safepoint   ] Safepoint synchronization initiated using futex wait barrier. (266 threads)
[2025-12-06T04:49:29.052+0000][2502.467s][info ][safepoint   ] Safepoint "Cleanup", Time since last: 16002924270 ns, Reaching safepoint: 98730 ns, Cleanup: 13225 ns, At safepoint: 4078 ns, Total: 116033 ns
[2025-12-06T04:50:01.061+0000][2534.478s][debug][safepoint   ] Safepoint synchronization initiated using futex wait barrier. (266 threads)
[2025-12-06T04:50:01.062+0000][2534.478s][info ][gc,start    ] GC(108) Pause Young (Prepare Mixed) (G1 Evacuation Pause)
[2025-12-06T04:50:01.062+0000][2534.478s][info ][gc,task     ] GC(108) Using 13 workers of 13 for evacuation
[2025-12-06T04:50:01.072+0000][2534.489s][info ][gc,phases   ] GC(108)   Pre Evacuate Collection Set: 0.5ms
[2025-12-06T04:50:01.072+0000][2534.489s][info ][gc,phases   ] GC(108)   Merge Heap Roots: 0.4ms
[2025-12-06T04:50:01.072+0000][2534.489s][info ][gc,phases   ] GC(108)   Evacuate Collection Set: 6.4ms
[2025-12-06T04:50:01.072+0000][2534.489s][info ][gc,phases   ] GC(108)   Post Evacuate Collection Set: 2.5ms
[2025-12-06T04:50:01.072+0000][2534.489s][info ][gc,phases   ] GC(108)   Other: 0.9ms
[2025-12-06T04:50:01.072+0000][2534.489s][info ][gc,heap     ] GC(108) Eden regions: 379->0(30)
[2025-12-06T04:50:01.072+0000][2534.489s][info ][gc,heap     ] GC(108) Survivor regions: 2->2(48)
[2025-12-06T04:50:01.072+0000][2534.489s][info ][gc,heap     ] GC(108) Old regions: 183->183
[2025-12-06T04:50:01.072+0000][2534.489s][info ][gc,heap     ] GC(108) Archive regions: 2->2
[2025-12-06T04:50:01.072+0000][2534.489s][info ][gc,heap     ] GC(108) Humongous regions: 0->0
[2025-12-06T04:50:01.072+0000][2534.489s][info ][gc,metaspace] GC(108) Metaspace: 201819K(204544K)->201819K(204544K) NonClass: 177469K(179200K)->177469K(179200K) Class: 24350K(25344K)->24350K(25344K)
[2025-12-06T04:50:01.073+0000][2534.489s][info ][gc          ] GC(108) Pause Young (Prepare Mixed) (G1 Evacuation Pause) 563M->185M(647M) 10.908ms
[2025-12-06T04:50:01.073+0000][2534.489s][info ][gc,cpu      ] GC(108) User=0.09s Sys=0.00s Real=0.02s
[2025-12-06T04:50:01.073+0000][2534.490s][info ][safepoint   ] Safepoint "G1CollectForAllocation", Time since last: 32010386986 ns, Reaching safepoint: 490202 ns, Cleanup: 8807 ns, At safepoint: 11774375 ns, Total: 12273384 ns
[2025-12-06T04:50:17.077+0000][2550.493s][debug][safepoint   ] Safepoint synchronization initiated using futex wait barrier. (264 threads)
[2025-12-06T04:50:17.077+0000][2550.493s][info ][safepoint   ] Safepoint "Cleanup", Time since last: 16003337116 ns, Reaching safepoint: 188206 ns, Cleanup: 15750 ns, At safepoint: 5891 ns, Total: 209847 ns
[2025-12-06T04:50:22.076+0000][2555.494s][debug][safepoint   ] Safepoint synchronization initiated using futex wait barrier. (264 threads)
[2025-12-06T04:50:22.076+0000][2555.495s][info ][safepoint   ] Safepoint "Cleanup", Time since last: 5001082837 ns, Reaching safepoint: 132683 ns, Cleanup: 18154 ns, At safepoint: 4800 ns, Total: 155637 ns
[2025-12-06T04:50:24.940+0000][2558.359s][debug][safepoint   ] Safepoint synchronization initiated using futex wait barrier. (264 threads)
[2025-12-06T04:50:24.941+0000][2558.359s][info ][gc,start    ] GC(109) Pause Young (Mixed) (G1 Evacuation Pause)
[2025-12-06T04:50:24.941+0000][2558.359s][info ][gc,task     ] GC(109) Using 13 workers of 13 for evacuation
[2025-12-06T04:50:24.985+0000][2558.403s][info ][gc,phases   ] GC(109)   Pre Evacuate Collection Set: 0.8ms
[2025-12-06T04:50:24.985+0000][2558.403s][info ][gc,phases   ] GC(109)   Merge Heap Roots: 0.6ms
[2025-12-06T04:50:24.985+0000][2558.403s][info ][gc,phases   ] GC(109)   Evacuate Collection Set: 39.9ms
[2025-12-06T04:50:24.985+0000][2558.403s][info ][gc,phases   ] GC(109)   Post Evacuate Collection Set: 2.5ms
[2025-12-06T04:50:24.985+0000][2558.403s][info ][gc,phases   ] GC(109)   Other: 0.4ms
[2025-12-06T04:50:24.985+0000][2558.403s][info ][gc,heap     ] GC(109) Eden regions: 30->0(386)
[2025-12-06T04:50:24.985+0000][2558.403s][info ][gc,heap     ] GC(109) Survivor regions: 2->2(4)
[2025-12-06T04:50:24.985+0000][2558.403s][info ][gc,heap     ] GC(109) Old regions: 183->166
[2025-12-06T04:50:24.985+0000][2558.403s][info ][gc,heap     ] GC(109) Archive regions: 2->2
[2025-12-06T04:50:24.985+0000][2558.403s][info ][gc,heap     ] GC(109) Humongous regions: 0->0
[2025-12-06T04:50:24.985+0000][2558.403s][info ][gc,metaspace] GC(109) Metaspace: 201840K(204544K)->201840K(204544K) NonClass: 177490K(179200K)->177490K(179200K) Class: 24350K(25344K)->24350K(25344K)
[2025-12-06T04:50:24.985+0000][2558.403s][info ][gc          ] GC(109) Pause Young (Mixed) (G1 Evacuation Pause) 215M->168M(647M) 44.273ms
[2025-12-06T04:50:24.985+0000][2558.404s][info ][gc,cpu      ] GC(109) User=0.47s Sys=0.00s Real=0.05s
[2025-12-06T04:50:24.986+0000][2558.405s][info ][safepoint   ] Safepoint "G1CollectForAllocation", Time since last: 2864373149 ns, Reaching safepoint: 141129 ns, Cleanup: 9819 ns, At safepoint: 45952722 ns, Total: 46103670 ns
[2025-12-06T04:51:02.992+0000][2596.413s][debug][safepoint   ] Safepoint synchronization initiated using futex wait barrier. (264 threads)
[2025-12-06T04:51:02.992+0000][2596.413s][info ][safepoint   ] Safepoint "Cleanup", Time since last: 38007690384 ns, Reaching safepoint: 118180 ns, Cleanup: 48635 ns, At safepoint: 4939 ns, Total: 171754 ns
[2025-12-06T04:51:17.993+0000][2611.416s][debug][safepoint   ] Safepoint synchronization initiated using futex wait barrier. (265 threads)
[2025-12-06T04:51:17.993+0000][2611.416s][info ][safepoint   ] Safepoint "Cleanup", Time since last: 15002662604 ns, Reaching safepoint: 93351 ns, Cleanup: 22651 ns, At safepoint: 3707 ns, Total: 119709 ns
[2025-12-06T04:52:45.166+0000][2675.599s][debug][safepoint   ] Safepoint synchronization initiated using futex wait barrier. (260 threads)
[2025-12-06T04:52:45.166+0000][2675.599s][info ][safepoint   ] Safepoint "Cleanup", Time since last: 64182972712 ns, Reaching safepoint: 102207 ns, Cleanup: 17353 ns, At safepoint: 4579 ns, Total: 124139 ns
[2025-12-06T04:52:48.166+0000][2678.599s][debug][safepoint   ] Safepoint synchronization initiated using futex wait barrier. (263 threads)
[2025-12-06T04:52:48.166+0000][2678.599s][info ][safepoint   ] Safepoint "Cleanup", Time since last: 3000445991 ns, Reaching safepoint: 120752 ns, Cleanup: 13536 ns, At safepoint: 3837 ns, Total: 138125 ns
[2025-12-06T04:52:57.168+0000][2687.601s][debug][safepoint   ] Safepoint synchronization initiated using futex wait barrier. (263 threads)
[2025-12-06T04:52:57.168+0000][2687.601s][info ][safepoint   ] Safepoint "Cleanup", Time since last: 9001455503 ns, Reaching safepoint: 253578 ns, Cleanup: 14197 ns, At safepoint: 4579 ns, Total: 272354 ns
[2025-12-06T04:53:01.169+0000][2691.602s][debug][safepoint   ] Safepoint synchronization initiated using futex wait barrier. (263 threads)
[2025-12-06T04:53:01.169+0000][2691.602s][info ][safepoint   ] Safepoint "Cleanup", Time since last: 4000540089 ns, Reaching safepoint: 217648 ns, Cleanup: 13816 ns, At safepoint: 5140 ns, Total: 236604 ns
[2025-12-06T04:53:12.168+0000][2702.604s][debug][safepoint   ] Safepoint synchronization initiated using futex wait barrier. (263 threads)
[2025-12-06T04:53:12.168+0000][2702.604s][info ][safepoint   ] Safepoint "Cleanup", Time since last: 11001920142 ns, Reaching safepoint: 207088 ns, Cleanup: 12764 ns, At safepoint: 4399 ns, Total: 224251 ns
[2025-12-06T04:54:35.227+0000][2785.666s][debug][safepoint   ] Safepoint synchronization initiated using futex wait barrier. (260 threads)
[2025-12-06T04:54:35.227+0000][2785.667s][info ][safepoint   ] Safepoint "Cleanup", Time since last: 83062290606 ns, Reaching safepoint: 158285 ns, Cleanup: 26300 ns, At safepoint: 7164 ns, Total: 191749 ns
[2025-12-06T04:55:41.274+0000][2851.718s][debug][safepoint   ] Safepoint synchronization initiated using futex wait barrier. (259 threads)
[2025-12-06T04:55:41.274+0000][2851.719s][info ][safepoint   ] Safepoint "Cleanup", Time since last: 66051893029 ns, Reaching safepoint: 424442 ns, Cleanup: 40096 ns, At safepoint: 5801 ns, Total: 470339 ns
[2025-12-06T04:55:59.277+0000][2869.721s][debug][safepoint   ] Safepoint synchronization initiated using futex wait barrier. (257 threads)
[2025-12-06T04:55:59.277+0000][2869.722s][info ][safepoint   ] Safepoint "Cleanup", Time since last: 18002511182 ns, Reaching safepoint: 164057 ns, Cleanup: 24578 ns, At safepoint: 5571 ns, Total: 194206 ns
[2025-12-06T04:56:01.675+0000][2872.120s][debug][safepoint   ] Safepoint synchronization initiated using futex wait barrier. (257 threads)
[2025-12-06T04:56:01.676+0000][2872.120s][info ][gc,start    ] GC(110) Pause Young (Concurrent Start) (G1 Evacuation Pause)
[2025-12-06T04:56:01.676+0000][2872.121s][info ][gc,task     ] GC(110) Using 13 workers of 13 for evacuation
[2025-12-06T04:56:01.694+0000][2872.139s][info ][gc,phases   ] GC(110)   Pre Evacuate Collection Set: 2.5ms
[2025-12-06T04:56:01.694+0000][2872.139s][info ][gc,phases   ] GC(110)   Merge Heap Roots: 0.7ms
[2025-12-06T04:56:01.694+0000][2872.139s][info ][gc,phases   ] GC(110)   Evacuate Collection Set: 10.5ms
[2025-12-06T04:56:01.694+0000][2872.139s][info ][gc,phases   ] GC(110)   Post Evacuate Collection Set: 3.2ms
[2025-12-06T04:56:01.694+0000][2872.139s][info ][gc,phases   ] GC(110)   Other: 1.5ms
[2025-12-06T04:56:01.694+0000][2872.139s][info ][gc,heap     ] GC(110) Eden regions: 386->0(386)
[2025-12-06T04:56:01.694+0000][2872.139s][info ][gc,heap     ] GC(110) Survivor regions: 2->2(49)
[2025-12-06T04:56:01.694+0000][2872.139s][info ][gc,heap     ] GC(110) Old regions: 166->166
[2025-12-06T04:56:01.694+0000][2872.139s][info ][gc,heap     ] GC(110) Archive regions: 2->2
[2025-12-06T04:56:01.694+0000][2872.139s][info ][gc,heap     ] GC(110) Humongous regions: 0->0
[2025-12-06T04:56:01.694+0000][2872.139s][info ][gc,metaspace] GC(110) Metaspace: 201940K(204544K)->201940K(204544K) NonClass: 177586K(179200K)->177586K(179200K) Class: 24354K(25344K)->24354K(25344K)
[2025-12-06T04:56:01.694+0000][2872.139s][info ][gc          ] GC(110) Pause Young (Concurrent Start) (G1 Evacuation Pause) 554M->168M(647M) 18.532ms
[2025-12-06T04:56:01.694+0000][2872.139s][info ][gc,cpu      ] GC(110) User=0.12s Sys=0.00s Real=0.02s
[2025-12-06T04:56:01.695+0000][2872.139s][info ][gc          ] GC(111) Concurrent Mark Cycle
[2025-12-06T04:56:01.695+0000][2872.139s][info ][gc,marking  ] GC(111) Concurrent Clear Claimed Marks
[2025-12-06T04:56:01.695+0000][2872.140s][info ][gc,marking  ] GC(111) Concurrent Clear Claimed Marks 0.320ms
[2025-12-06T04:56:01.695+0000][2872.140s][info ][gc,marking  ] GC(111) Concurrent Scan Root Regions
[2025-12-06T04:56:01.695+0000][2872.140s][info ][safepoint   ] Safepoint "G1CollectForAllocation", Time since last: 2398204833 ns, Reaching safepoint: 270042 ns, Cleanup: 35308 ns, At safepoint: 19900438 ns, Total: 20205788 ns
[2025-12-06T04:56:01.714+0000][2872.159s][info ][gc,marking  ] GC(111) Concurrent Scan Root Regions 19.607ms
[2025-12-06T04:56:01.715+0000][2872.159s][info ][gc,marking  ] GC(111) Concurrent Mark
[2025-12-06T04:56:01.715+0000][2872.159s][info ][gc,marking  ] GC(111) Concurrent Mark From Roots
[2025-12-06T04:56:01.715+0000][2872.159s][info ][gc,task     ] GC(111) Using 3 workers of 3 for marking
[2025-12-06T04:56:01.817+0000][2872.261s][info ][gc,marking  ] GC(111) Concurrent Mark From Roots 102.136ms
[2025-12-06T04:56:01.817+0000][2872.261s][info ][gc,marking  ] GC(111) Concurrent Preclean
[2025-12-06T04:56:01.817+0000][2872.262s][info ][gc,marking  ] GC(111) Concurrent Preclean 0.597ms
[2025-12-06T04:56:01.817+0000][2872.262s][debug][safepoint   ] Safepoint synchronization initiated using futex wait barrier. (257 threads)
[2025-12-06T04:56:01.818+0000][2872.262s][info ][gc,start    ] GC(111) Pause Remark
[2025-12-06T04:56:01.913+0000][2872.358s][info ][gc          ] GC(111) Pause Remark 175M->175M(594M) 95.528ms
[2025-12-06T04:56:01.913+0000][2872.358s][info ][gc,cpu      ] GC(111) User=1.16s Sys=0.00s Real=0.09s
[2025-12-06T04:56:01.915+0000][2872.359s][info ][safepoint   ] Safepoint "G1PauseRemark", Time since last: 122144750 ns, Reaching safepoint: 49766 ns, Cleanup: 4248 ns, At safepoint: 97243118 ns, Total: 97297132 ns
[2025-12-06T04:56:01.915+0000][2872.360s][info ][gc,marking  ] GC(111) Concurrent Mark 200.318ms
[2025-12-06T04:56:01.915+0000][2872.360s][info ][gc,marking  ] GC(111) Concurrent Rebuild Remembered Sets
[2025-12-06T04:56:01.963+0000][2872.408s][info ][gc,marking  ] GC(111) Concurrent Rebuild Remembered Sets 48.419ms
[2025-12-06T04:56:01.963+0000][2872.408s][debug][safepoint   ] Safepoint synchronization initiated using futex wait barrier. (257 threads)
[2025-12-06T04:56:01.966+0000][2872.410s][info ][gc,start    ] GC(111) Pause Cleanup
[2025-12-06T04:56:01.966+0000][2872.411s][info ][gc          ] GC(111) Pause Cleanup 175M->175M(594M) 0.407ms
[2025-12-06T04:56:01.966+0000][2872.411s][info ][gc,cpu      ] GC(111) User=0.00s Sys=0.00s Real=0.00s
[2025-12-06T04:56:01.967+0000][2872.412s][info ][safepoint   ] Safepoint "G1PauseCleanup", Time since last: 48696744 ns, Reaching safepoint: 2220974 ns, Cleanup: 4468 ns, At safepoint: 1611757 ns, Total: 3837199 ns
[2025-12-06T04:56:01.967+0000][2872.412s][info ][gc,marking  ] GC(111) Concurrent Cleanup for Next Mark
[2025-12-06T04:56:01.970+0000][2872.414s][info ][gc,marking  ] GC(111) Concurrent Cleanup for Next Mark 2.403ms
[2025-12-06T04:56:01.970+0000][2872.415s][info ][gc          ] GC(111) Concurrent Mark Cycle 275.314ms
[2025-12-06T04:58:19.310+0000][3009.765s][debug][safepoint   ] Safepoint synchronization initiated using futex wait barrier. (257 threads)
[2025-12-06T04:58:19.311+0000][3009.766s][info ][safepoint   ] Safepoint "Cleanup", Time since last: 137353466913 ns, Reaching safepoint: 196345 ns, Cleanup: 29807 ns, At safepoint: 7074 ns, Total: 233226 ns
[2025-12-06T04:59:41.320+0000][3091.778s][debug][safepoint   ] Safepoint synchronization initiated using futex wait barrier. (254 threads)
[2025-12-06T04:59:41.321+0000][3091.779s][info ][safepoint   ] Safepoint "Cleanup", Time since last: 82012591166 ns, Reaching safepoint: 1076518 ns, Cleanup: 14839 ns, At safepoint: 6492 ns, Total: 1097849 ns
[2025-12-06T05:00:02.324+0000][3112.782s][debug][safepoint   ] Safepoint synchronization initiated using futex wait barrier. (254 threads)
[2025-12-06T05:00:02.324+0000][3112.782s][info ][safepoint   ] Safepoint "Cleanup", Time since last: 21002894905 ns, Reaching safepoint: 81315 ns, Cleanup: 13726 ns, At safepoint: 3597 ns, Total: 98638 ns
[2025-12-06T05:00:45.326+0000][3155.788s][debug][safepoint   ] Safepoint synchronization initiated using futex wait barrier. (254 threads)
[2025-12-06T05:00:45.327+0000][3155.788s][info ][safepoint   ] Safepoint "Cleanup", Time since last: 43005823379 ns, Reaching safepoint: 99540 ns, Cleanup: 16892 ns, At safepoint: 3787 ns, Total: 120219 ns
[2025-12-06T05:01:23.643+0000][3194.107s][debug][safepoint   ] Safepoint synchronization initiated using futex wait barrier. (252 threads)
[2025-12-06T05:01:23.644+0000][3194.107s][info ][gc,start    ] GC(112) Pause Young (Prepare Mixed) (G1 Evacuation Pause)
[2025-12-06T05:01:23.644+0000][3194.108s][info ][gc,task     ] GC(112) Using 13 workers of 13 for evacuation
[2025-12-06T05:01:23.660+0000][3194.124s][info ][gc,phases   ] GC(112)   Pre Evacuate Collection Set: 0.5ms
[2025-12-06T05:01:23.660+0000][3194.124s][info ][gc,phases   ] GC(112)   Merge Heap Roots: 0.7ms
[2025-12-06T05:01:23.660+0000][3194.124s][info ][gc,phases   ] GC(112)   Evacuate Collection Set: 10.8ms
[2025-12-06T05:01:23.660+0000][3194.124s][info ][gc,phases   ] GC(112)   Post Evacuate Collection Set: 3.5ms
[2025-12-06T05:01:23.660+0000][3194.124s][info ][gc,phases   ] GC(112)   Other: 1.0ms
[2025-12-06T05:01:23.660+0000][3194.124s][info ][gc,heap     ] GC(112) Eden regions: 386->0(27)
[2025-12-06T05:01:23.660+0000][3194.124s][info ][gc,heap     ] GC(112) Survivor regions: 2->2(49)
[2025-12-06T05:01:23.660+0000][3194.124s][info ][gc,heap     ] GC(112) Old regions: 166->166
[2025-12-06T05:01:23.660+0000][3194.124s][info ][gc,heap     ] GC(112) Archive regions: 2->2
[2025-12-06T05:01:23.660+0000][3194.124s][info ][gc,heap     ] GC(112) Humongous regions: 0->0
[2025-12-06T05:01:23.660+0000][3194.124s][info ][gc,metaspace] GC(112) Metaspace: 201964K(204544K)->201964K(204544K) NonClass: 177611K(179200K)->177611K(179200K) Class: 24352K(25344K)->24352K(25344K)
[2025-12-06T05:01:23.660+0000][3194.124s][info ][gc          ] GC(112) Pause Young (Prepare Mixed) (G1 Evacuation Pause) 554M->168M(594M) 16.503ms
[2025-12-06T05:01:23.660+0000][3194.124s][info ][gc,cpu      ] GC(112) User=0.14s Sys=0.01s Real=0.02s
[2025-12-06T05:01:23.661+0000][3194.124s][info ][safepoint   ] Safepoint "G1CollectForAllocation", Time since last: 38318518194 ns, Reaching safepoint: 304981 ns, Cleanup: 6462 ns, At safepoint: 17067559 ns, Total: 17379002 ns
[2025-12-06T05:01:25.661+0000][3196.125s][debug][safepoint   ] Safepoint synchronization initiated using futex wait barrier. (252 threads)
[2025-12-06T05:01:25.661+0000][3196.125s][info ][safepoint   ] Safepoint "Cleanup", Time since last: 2000357885 ns, Reaching safepoint: 196515 ns, Cleanup: 69593 ns, At safepoint: 7254 ns, Total: 273362 ns
[2025-12-06T05:01:43.364+0000][3213.828s][debug][safepoint   ] Safepoint synchronization initiated using futex wait barrier. (252 threads)
[2025-12-06T05:01:43.364+0000][3213.828s][info ][gc,start    ] GC(113) Pause Young (Mixed) (G1 Evacuation Pause)
[2025-12-06T05:01:43.364+0000][3213.828s][info ][gc,task     ] GC(113) Using 13 workers of 13 for evacuation
[2025-12-06T05:01:43.393+0000][3213.858s][info ][gc,phases   ] GC(113)   Pre Evacuate Collection Set: 0.3ms
[2025-12-06T05:01:43.393+0000][3213.858s][info ][gc,phases   ] GC(113)   Merge Heap Roots: 1.3ms
[2025-12-06T05:01:43.393+0000][3213.858s][info ][gc,phases   ] GC(113)   Evacuate Collection Set: 25.2ms
[2025-12-06T05:01:43.393+0000][3213.858s][info ][gc,phases   ] GC(113)   Post Evacuate Collection Set: 2.5ms
[2025-12-06T05:01:43.393+0000][3213.858s][info ][gc,phases   ] GC(113)   Other: 0.2ms
[2025-12-06T05:01:43.393+0000][3213.858s][info ][gc,heap     ] GC(113) Eden regions: 27->0(354)
[2025-12-06T05:01:43.393+0000][3213.858s][info ][gc,heap     ] GC(113) Survivor regions: 2->2(4)
[2025-12-06T05:01:43.393+0000][3213.858s][info ][gc,heap     ] GC(113) Old regions: 166->161
[2025-12-06T05:01:43.393+0000][3213.858s][info ][gc,heap     ] GC(113) Archive regions: 2->2
[2025-12-06T05:01:43.393+0000][3213.858s][info ][gc,heap     ] GC(113) Humongous regions: 0->0
[2025-12-06T05:01:43.393+0000][3213.858s][info ][gc,metaspace] GC(113) Metaspace: 201969K(204544K)->201969K(204544K) NonClass: 177616K(179200K)->177616K(179200K) Class: 24352K(25344K)->24352K(25344K)
[2025-12-06T05:01:43.393+0000][3213.858s][info ][gc          ] GC(113) Pause Young (Mixed) (G1 Evacuation Pause) 195M->163M(594M) 29.500ms
[2025-12-06T05:01:43.393+0000][3213.858s][info ][gc,cpu      ] GC(113) User=0.27s Sys=0.02s Real=0.03s
[2025-12-06T05:01:43.394+0000][3213.858s][info ][safepoint   ] Safepoint "G1CollectForAllocation", Time since last: 17703339435 ns, Reaching safepoint: 186866 ns, Cleanup: 4649 ns, At safepoint: 30050031 ns, Total: 30241546 ns
[2025-12-06T05:01:45.394+0000][3215.859s][debug][safepoint   ] Safepoint synchronization initiated using futex wait barrier. (252 threads)
[2025-12-06T05:01:45.394+0000][3215.859s][info ][safepoint   ] Safepoint "Cleanup", Time since last: 2000290896 ns, Reaching safepoint: 75644 ns, Cleanup: 12414 ns, At safepoint: 3617 ns, Total: 91675 ns
[2025-12-06T05:01:51.395+0000][3221.860s][debug][safepoint   ] Safepoint synchronization initiated using futex wait barrier. (252 threads)
[2025-12-06T05:01:51.395+0000][3221.860s][info ][safepoint   ] Safepoint "Cleanup", Time since last: 6000981567 ns, Reaching safepoint: 105427 ns, Cleanup: 13747 ns, At safepoint: 4258 ns, Total: 123432 ns
[2025-12-06T05:02:45.502+0000][3275.970s][debug][safepoint   ] Safepoint synchronization initiated using futex wait barrier. (252 threads)
[2025-12-06T05:02:45.502+0000][3275.970s][info ][safepoint   ] Safepoint "Cleanup", Time since last: 54109677039 ns, Reaching safepoint: 235309 ns, Cleanup: 41690 ns, At safepoint: 4869 ns, Total: 281868 ns
[2025-12-06T05:04:45.534+0000][3396.007s][debug][safepoint   ] Safepoint synchronization initiated using futex wait barrier. (251 threads)
[2025-12-06T05:04:45.534+0000][3396.007s][info ][safepoint   ] Safepoint "Cleanup", Time since last: 120037475662 ns, Reaching safepoint: 139446 ns, Cleanup: 11291 ns, At safepoint: 4679 ns, Total: 155416 ns
[2025-12-06T05:05:41.584+0000][3452.061s][debug][safepoint   ] Safepoint synchronization initiated using futex wait barrier. (249 threads)
[2025-12-06T05:05:41.584+0000][3452.061s][info ][safepoint   ] Safepoint "Cleanup", Time since last: 56053381711 ns, Reaching safepoint: 113166 ns, Cleanup: 227494 ns, At safepoint: 12214 ns, Total: 352874 ns
[2025-12-06T05:06:39.323+0000][3509.802s][debug][safepoint   ] Safepoint synchronization initiated using futex wait barrier. (250 threads)
[2025-12-06T05:06:39.324+0000][3509.802s][info ][gc,start    ] GC(114) Pause Young (Concurrent Start) (G1 Evacuation Pause)
[2025-12-06T05:06:39.324+0000][3509.803s][info ][gc,task     ] GC(114) Using 13 workers of 13 for evacuation
[2025-12-06T05:06:39.348+0000][3509.827s][info ][gc,phases   ] GC(114)   Pre Evacuate Collection Set: 2.4ms
[2025-12-06T05:06:39.348+0000][3509.827s][info ][gc,phases   ] GC(114)   Merge Heap Roots: 0.7ms
[2025-12-06T05:06:39.348+0000][3509.827s][info ][gc,phases   ] GC(114)   Evacuate Collection Set: 14.2ms
[2025-12-06T05:06:39.348+0000][3509.827s][info ][gc,phases   ] GC(114)   Post Evacuate Collection Set: 6.1ms
[2025-12-06T05:06:39.348+0000][3509.827s][info ][gc,phases   ] GC(114)   Other: 1.4ms
[2025-12-06T05:06:39.348+0000][3509.827s][info ][gc,heap     ] GC(114) Eden regions: 354->0(354)
[2025-12-06T05:06:39.348+0000][3509.827s][info ][gc,heap     ] GC(114) Survivor regions: 2->2(45)
[2025-12-06T05:06:39.348+0000][3509.827s][info ][gc,heap     ] GC(114) Old regions: 161->161
[2025-12-06T05:06:39.348+0000][3509.827s][info ][gc,heap     ] GC(114) Archive regions: 2->2
[2025-12-06T05:06:39.348+0000][3509.827s][info ][gc,heap     ] GC(114) Humongous regions: 0->0
[2025-12-06T05:06:39.348+0000][3509.827s][info ][gc,metaspace] GC(114) Metaspace: 201981K(204544K)->201981K(204544K) NonClass: 177628K(179200K)->177628K(179200K) Class: 24352K(25344K)->24352K(25344K)
[2025-12-06T05:06:39.349+0000][3509.827s][info ][gc          ] GC(114) Pause Young (Concurrent Start) (G1 Evacuation Pause) 517M->163M(594M) 24.556ms
[2025-12-06T05:06:39.349+0000][3509.827s][info ][gc,cpu      ] GC(114) User=0.18s Sys=0.03s Real=0.02s
[2025-12-06T05:06:39.349+0000][3509.827s][info ][gc          ] GC(115) Concurrent Mark Cycle
[2025-12-06T05:06:39.350+0000][3509.828s][info ][gc,marking  ] GC(115) Concurrent Clear Claimed Marks
[2025-12-06T05:06:39.349+0000][3509.827s][info ][safepoint   ] Safepoint "G1CollectForAllocation", Time since last: 57740664161 ns, Reaching safepoint: 87196 ns, Cleanup: 6402 ns, At safepoint: 25438565 ns, Total: 25532163 ns
[2025-12-06T05:06:39.350+0000][3509.828s][info ][gc,marking  ] GC(115) Concurrent Clear Claimed Marks 0.156ms
[2025-12-06T05:06:39.350+0000][3509.828s][info ][gc,marking  ] GC(115) Concurrent Scan Root Regions
[2025-12-06T05:06:39.366+0000][3509.844s][info ][gc,marking  ] GC(115) Concurrent Scan Root Regions 16.106ms
[2025-12-06T05:06:39.366+0000][3509.844s][info ][gc,marking  ] GC(115) Concurrent Mark
[2025-12-06T05:06:39.366+0000][3509.844s][info ][gc,marking  ] GC(115) Concurrent Mark From Roots
[2025-12-06T05:06:39.366+0000][3509.844s][info ][gc,task     ] GC(115) Using 3 workers of 3 for marking
[2025-12-06T05:06:39.484+0000][3509.963s][info ][gc,marking  ] GC(115) Concurrent Mark From Roots 118.238ms
[2025-12-06T05:06:39.484+0000][3509.963s][info ][gc,marking  ] GC(115) Concurrent Preclean
[2025-12-06T05:06:39.485+0000][3509.963s][info ][gc,marking  ] GC(115) Concurrent Preclean 0.395ms
[2025-12-06T05:06:39.485+0000][3509.963s][debug][safepoint   ] Safepoint synchronization initiated using futex wait barrier. (250 threads)
[2025-12-06T05:06:39.485+0000][3509.963s][info ][gc,start    ] GC(115) Pause Remark
[2025-12-06T05:06:39.540+0000][3510.019s][info ][gc          ] GC(115) Pause Remark 170M->170M(577M) 55.643ms
[2025-12-06T05:06:39.541+0000][3510.019s][info ][gc,cpu      ] GC(115) User=0.62s Sys=0.00s Real=0.05s
[2025-12-06T05:06:39.542+0000][3510.020s][info ][safepoint   ] Safepoint "G1PauseRemark", Time since last: 135734747 ns, Reaching safepoint: 35478 ns, Cleanup: 26861 ns, At safepoint: 57061863 ns, Total: 57124202 ns
[2025-12-06T05:06:39.542+0000][3510.020s][info ][gc,marking  ] GC(115) Concurrent Mark 175.981ms
[2025-12-06T05:06:39.542+0000][3510.020s][info ][gc,marking  ] GC(115) Concurrent Rebuild Remembered Sets
[2025-12-06T05:06:39.595+0000][3510.073s][info ][gc,marking  ] GC(115) Concurrent Rebuild Remembered Sets 52.607ms
[2025-12-06T05:06:39.595+0000][3510.073s][debug][safepoint   ] Safepoint synchronization initiated using futex wait barrier. (250 threads)
[2025-12-06T05:06:39.595+0000][3510.074s][info ][gc,start    ] GC(115) Pause Cleanup
[2025-12-06T05:06:39.596+0000][3510.074s][info ][gc          ] GC(115) Pause Cleanup 170M->170M(577M) 0.390ms
[2025-12-06T05:06:39.596+0000][3510.074s][info ][gc,cpu      ] GC(115) User=0.00s Sys=0.00s Real=0.00s
[2025-12-06T05:06:39.596+0000][3510.074s][info ][safepoint   ] Safepoint "G1PauseCleanup", Time since last: 52838393 ns, Reaching safepoint: 455811 ns, Cleanup: 3627 ns, At safepoint: 510635 ns, Total: 970073 ns
[2025-12-06T05:06:39.596+0000][3510.074s][info ][gc,marking  ] GC(115) Concurrent Cleanup for Next Mark
[2025-12-06T05:06:39.598+0000][3510.077s][info ][gc,marking  ] GC(115) Concurrent Cleanup for Next Mark 2.711ms
[2025-12-06T05:06:39.598+0000][3510.077s][info ][gc          ] GC(115) Concurrent Mark Cycle 249.769ms
[2025-12-06T05:06:45.595+0000][3516.075s][debug][safepoint   ] Safepoint synchronization initiated using futex wait barrier. (250 threads)
[2025-12-06T05:06:45.595+0000][3516.075s][info ][safepoint   ] Safepoint "Cleanup", Time since last: 6000793710 ns, Reaching safepoint: 136991 ns, Cleanup: 13005 ns, At safepoint: 3898 ns, Total: 153894 ns
[2025-12-06T05:07:02.597+0000][3533.077s][debug][safepoint   ] Safepoint synchronization initiated using futex wait barrier. (249 threads)
[2025-12-06T05:07:02.597+0000][3533.077s][info ][safepoint   ] Safepoint "Cleanup", Time since last: 17002038395 ns, Reaching safepoint: 122534 ns, Cleanup: 25829 ns, At safepoint: 5651 ns, Total: 154014 ns
[2025-12-06T05:07:12.597+0000][3543.079s][debug][safepoint   ] Safepoint synchronization initiated using futex wait barrier. (251 threads)
[2025-12-06T05:07:12.597+0000][3543.079s][info ][safepoint   ] Safepoint "Cleanup", Time since last: 10001288598 ns, Reaching safepoint: 79040 ns, Cleanup: 13946 ns, At safepoint: 3627 ns, Total: 96613 ns
[2025-12-06T05:07:15.642+0000][3546.123s][debug][safepoint   ] Safepoint synchronization initiated using futex wait barrier. (249 threads)
[2025-12-06T05:07:15.642+0000][3546.124s][info ][safepoint   ] Safepoint "Cleanup", Time since last: 3044393998 ns, Reaching safepoint: 808686 ns, Cleanup: 11592 ns, At safepoint: 39225 ns, Total: 859503 ns
[2025-12-06T05:07:16.643+0000][3547.124s][debug][safepoint   ] Safepoint synchronization initiated using futex wait barrier. (251 threads)
[2025-12-06T05:07:16.643+0000][3547.124s][info ][safepoint   ] Safepoint "Cleanup", Time since last: 1000160275 ns, Reaching safepoint: 166035 ns, Cleanup: 94069 ns, At safepoint: 6913 ns, Total: 267017 ns
[2025-12-06T05:07:19.643+0000][3550.125s][debug][safepoint   ] Safepoint synchronization initiated using futex wait barrier. (253 threads)
[2025-12-06T05:07:19.643+0000][3550.125s][info ][safepoint   ] Safepoint "Cleanup", Time since last: 3000376486 ns, Reaching safepoint: 129327 ns, Cleanup: 12204 ns, At safepoint: 4127 ns, Total: 145658 ns
[2025-12-06T05:07:31.645+0000][3562.126s][debug][safepoint   ] Safepoint synchronization initiated using futex wait barrier. (254 threads)
[2025-12-06T05:07:31.645+0000][3562.126s][info ][safepoint   ] Safepoint "Cleanup", Time since last: 12001559141 ns, Reaching safepoint: 84852 ns, Cleanup: 33193 ns, At safepoint: 3637 ns, Total: 121682 ns
[2025-12-06T05:07:38.646+0000][3569.127s][debug][safepoint   ] Safepoint synchronization initiated using futex wait barrier. (252 threads)
[2025-12-06T05:07:38.646+0000][3569.127s][info ][safepoint   ] Safepoint "Cleanup", Time since last: 7000831495 ns, Reaching safepoint: 140218 ns, Cleanup: 16481 ns, At safepoint: 3948 ns, Total: 160647 ns
[2025-12-06T05:07:46.646+0000][3577.128s][debug][safepoint   ] Safepoint synchronization initiated using futex wait barrier. (254 threads)
[2025-12-06T05:07:46.646+0000][3577.129s][info ][safepoint   ] Safepoint "Cleanup", Time since last: 8000981895 ns, Reaching safepoint: 72688 ns, Cleanup: 16331 ns, At safepoint: 2555 ns, Total: 91574 ns
[2025-12-06T05:08:57.679+0000][3648.165s][debug][safepoint   ] Safepoint synchronization initiated using futex wait barrier. (249 threads)
[2025-12-06T05:08:57.679+0000][3648.165s][info ][safepoint   ] Safepoint "Cleanup", Time since last: 71036586765 ns, Reaching safepoint: 122413 ns, Cleanup: 19628 ns, At safepoint: 5390 ns, Total: 147431 ns
[2025-12-06T05:08:59.680+0000][3650.166s][debug][safepoint   ] Safepoint synchronization initiated using futex wait barrier. (251 threads)
[2025-12-06T05:08:59.680+0000][3650.166s][info ][safepoint   ] Safepoint "Cleanup", Time since last: 2000481292 ns, Reaching safepoint: 86626 ns, Cleanup: 21631 ns, At safepoint: 5310 ns, Total: 113567 ns
[2025-12-06T05:10:45.710+0000][3756.202s][debug][safepoint   ] Safepoint synchronization initiated using futex wait barrier. (252 threads)
[2025-12-06T05:10:45.710+0000][3756.202s][info ][safepoint   ] Safepoint "Cleanup", Time since last: 106036179863 ns, Reaching safepoint: 77117 ns, Cleanup: 8907 ns, At safepoint: 3377 ns, Total: 89401 ns
[2025-12-06T05:10:59.712+0000][3770.204s][debug][safepoint   ] Safepoint synchronization initiated using futex wait barrier. (251 threads)
[2025-12-06T05:10:59.712+0000][3770.204s][info ][safepoint   ] Safepoint "Cleanup", Time since last: 14001715616 ns, Reaching safepoint: 91125 ns, Cleanup: 19346 ns, At safepoint: 4760 ns, Total: 115231 ns
[2025-12-06T05:11:28.861+0000][3799.355s][debug][safepoint   ] Safepoint synchronization initiated using futex wait barrier. (251 threads)
[2025-12-06T05:11:28.861+0000][3799.355s][info ][gc,start    ] GC(116) Pause Young (Prepare Mixed) (G1 Evacuation Pause)
[2025-12-06T05:11:28.861+0000][3799.355s][info ][gc,task     ] GC(116) Using 13 workers of 13 for evacuation
[2025-12-06T05:11:28.873+0000][3799.366s][info ][gc,phases   ] GC(116)   Pre Evacuate Collection Set: 0.4ms
[2025-12-06T05:11:28.873+0000][3799.366s][info ][gc,phases   ] GC(116)   Merge Heap Roots: 0.3ms
[2025-12-06T05:11:28.873+0000][3799.366s][info ][gc,phases   ] GC(116)   Evacuate Collection Set: 7.8ms
[2025-12-06T05:11:28.873+0000][3799.366s][info ][gc,phases   ] GC(116)   Post Evacuate Collection Set: 3.0ms
[2025-12-06T05:11:28.873+0000][3799.366s][info ][gc,phases   ] GC(116)   Other: 0.2ms
[2025-12-06T05:11:28.873+0000][3799.366s][info ][gc,heap     ] GC(116) Eden regions: 354->0(26)
[2025-12-06T05:11:28.873+0000][3799.366s][info ][gc,heap     ] GC(116) Survivor regions: 2->2(45)
[2025-12-06T05:11:28.873+0000][3799.366s][info ][gc,heap     ] GC(116) Old regions: 161->161
[2025-12-06T05:11:28.873+0000][3799.366s][info ][gc,heap     ] GC(116) Archive regions: 2->2
[2025-12-06T05:11:28.873+0000][3799.366s][info ][gc,heap     ] GC(116) Humongous regions: 0->0
[2025-12-06T05:11:28.873+0000][3799.367s][info ][gc,metaspace] GC(116) Metaspace: 202045K(204544K)->202045K(204544K) NonClass: 177691K(179200K)->177691K(179200K) Class: 24354K(25344K)->24354K(25344K)
[2025-12-06T05:11:28.873+0000][3799.367s][info ][gc          ] GC(116) Pause Young (Prepare Mixed) (G1 Evacuation Pause) 517M->163M(577M) 11.837ms
[2025-12-06T05:11:28.873+0000][3799.367s][info ][gc,cpu      ] GC(116) User=0.09s Sys=0.00s Real=0.01s
[2025-12-06T05:11:28.874+0000][3799.368s][info ][safepoint   ] Safepoint "G1CollectForAllocation", Time since last: 29150569188 ns, Reaching safepoint: 83349 ns, Cleanup: 5079 ns, At safepoint: 13164710 ns, Total: 13253138 ns
[2025-12-06T05:11:37.875+0000][3808.369s][debug][safepoint   ] Safepoint synchronization initiated using futex wait barrier. (252 threads)
[2025-12-06T05:11:37.875+0000][3808.369s][info ][safepoint   ] Safepoint "Cleanup", Time since last: 9001033865 ns, Reaching safepoint: 133425 ns, Cleanup: 29967 ns, At safepoint: 4779 ns, Total: 168171 ns
[2025-12-06T05:11:47.958+0000][3818.454s][debug][safepoint   ] Safepoint synchronization initiated using futex wait barrier. (252 threads)
[2025-12-06T05:11:47.959+0000][3818.454s][info ][gc,start    ] GC(117) Pause Young (Mixed) (G1 Evacuation Pause)
[2025-12-06T05:11:47.959+0000][3818.454s][info ][gc,task     ] GC(117) Using 13 workers of 13 for evacuation
[2025-12-06T05:11:47.989+0000][3818.484s][info ][gc,phases   ] GC(117)   Pre Evacuate Collection Set: 0.4ms
[2025-12-06T05:11:47.989+0000][3818.485s][info ][gc,phases   ] GC(117)   Merge Heap Roots: 0.6ms
[2025-12-06T05:11:47.989+0000][3818.485s][info ][gc,phases   ] GC(117)   Evacuate Collection Set: 27.1ms
[2025-12-06T05:11:47.989+0000][3818.485s][info ][gc,phases   ] GC(117)   Post Evacuate Collection Set: 2.4ms
[2025-12-06T05:11:47.989+0000][3818.485s][info ][gc,phases   ] GC(117)   Other: 0.2ms
[2025-12-06T05:11:47.989+0000][3818.485s][info ][gc,heap     ] GC(117) Eden regions: 26->0(344)
[2025-12-06T05:11:47.989+0000][3818.485s][info ][gc,heap     ] GC(117) Survivor regions: 2->2(4)
[2025-12-06T05:11:47.989+0000][3818.485s][info ][gc,heap     ] GC(117) Old regions: 161->158
[2025-12-06T05:11:47.989+0000][3818.485s][info ][gc,heap     ] GC(117) Archive regions: 2->2
[2025-12-06T05:11:47.989+0000][3818.485s][info ][gc,heap     ] GC(117) Humongous regions: 0->0
[2025-12-06T05:11:47.989+0000][3818.485s][info ][gc,metaspace] GC(117) Metaspace: 202065K(204544K)->202065K(204544K) NonClass: 177711K(179200K)->177711K(179200K) Class: 24354K(25344K)->24354K(25344K)
[2025-12-06T05:11:47.989+0000][3818.485s][info ][gc          ] GC(117) Pause Young (Mixed) (G1 Evacuation Pause) 189M->159M(577M) 30.836ms
[2025-12-06T05:11:47.990+0000][3818.485s][info ][gc,cpu      ] GC(117) User=0.33s Sys=0.00s Real=0.03s
[2025-12-06T05:11:47.991+0000][3818.486s][info ][safepoint   ] Safepoint "G1CollectForAllocation", Time since last: 10084652970 ns, Reaching safepoint: 89230 ns, Cleanup: 6503 ns, At safepoint: 32185014 ns, Total: 32280747 ns
[2025-12-06T05:11:51.991+0000][3822.486s][debug][safepoint   ] Safepoint synchronization initiated using futex wait barrier. (252 threads)
[2025-12-06T05:11:51.991+0000][3822.487s][info ][safepoint   ] Safepoint "Cleanup", Time since last: 4000511811 ns, Reaching safepoint: 122935 ns, Cleanup: 36259 ns, At safepoint: 44585 ns, Total: 203779 ns
[2025-12-06T05:12:45.799+0000][3876.297s][debug][safepoint   ] Safepoint synchronization initiated using futex wait barrier. (251 threads)
[2025-12-06T05:12:45.799+0000][3876.297s][info ][safepoint   ] Safepoint "Cleanup", Time since last: 53810210816 ns, Reaching safepoint: 100692 ns, Cleanup: 14398 ns, At safepoint: 4288 ns, Total: 119378 ns
[2025-12-06T05:13:02.801+0000][3893.299s][debug][safepoint   ] Safepoint synchronization initiated using futex wait barrier. (254 threads)
[2025-12-06T05:13:02.801+0000][3893.299s][info ][safepoint   ] Safepoint "Cleanup", Time since last: 17002275280 ns, Reaching safepoint: 87637 ns, Cleanup: 12865 ns, At safepoint: 4328 ns, Total: 104830 ns
[2025-12-06T05:13:06.802+0000][3897.300s][debug][safepoint   ] Safepoint synchronization initiated using futex wait barrier. (254 threads)
[2025-12-06T05:13:06.802+0000][3897.300s][info ][safepoint   ] Safepoint "Cleanup", Time since last: 4000510991 ns, Reaching safepoint: 105662 ns, Cleanup: 13796 ns, At safepoint: 4348 ns, Total: 123806 ns
[2025-12-06T05:13:11.800+0000][3902.301s][debug][safepoint   ] Safepoint synchronization initiated using futex wait barrier. (257 threads)
[2025-12-06T05:13:11.800+0000][3902.301s][info ][safepoint   ] Safepoint "Cleanup", Time since last: 5000851961 ns, Reaching safepoint: 76515 ns, Cleanup: 65946 ns, At safepoint: 6252 ns, Total: 148713 ns
[2025-12-06T05:13:21.823+0000][3912.324s][debug][safepoint   ] Safepoint synchronization initiated using futex wait barrier. (258 threads)
[2025-12-06T05:13:21.824+0000][3912.325s][info ][safepoint   ] Safepoint "Cleanup", Time since last: 10023458074 ns, Reaching safepoint: 161992 ns, Cleanup: 122986 ns, At safepoint: 7635 ns, Total: 292613 ns
[2025-12-06T05:13:26.826+0000][3917.327s][debug][safepoint   ] Safepoint synchronization initiated using futex wait barrier. (257 threads)
[2025-12-06T05:13:26.826+0000][3917.327s][info ][safepoint   ] Safepoint "Cleanup", Time since last: 5001858852 ns, Reaching safepoint: 81923 ns, Cleanup: 27906 ns, At safepoint: 4228 ns, Total: 114057 ns
[2025-12-06T05:13:29.826+0000][3920.327s][debug][safepoint   ] Safepoint synchronization initiated using futex wait barrier. (258 threads)
[2025-12-06T05:13:29.827+0000][3920.328s][info ][safepoint   ] Safepoint "Cleanup", Time since last: 3000539139 ns, Reaching safepoint: 260629 ns, Cleanup: 47665 ns, At safepoint: 6443 ns, Total: 314737 ns
[2025-12-06T05:13:34.827+0000][3925.328s][debug][safepoint   ] Safepoint synchronization initiated using futex wait barrier. (258 threads)
[2025-12-06T05:13:34.827+0000][3925.328s][info ][safepoint   ] Safepoint "Cleanup", Time since last: 5000729823 ns, Reaching safepoint: 86350 ns, Cleanup: 26084 ns, At safepoint: 3137 ns, Total: 115571 ns
[2025-12-06T05:13:37.828+0000][3928.329s][debug][safepoint   ] Safepoint synchronization initiated using futex wait barrier. (258 threads)
[2025-12-06T05:13:37.828+0000][3928.329s][info ][safepoint   ] Safepoint "Cleanup", Time since last: 3000657959 ns, Reaching safepoint: 125442 ns, Cleanup: 21063 ns, At safepoint: 4219 ns, Total: 150724 ns
[2025-12-06T05:13:38.828+0000][3929.329s][debug][safepoint   ] Safepoint synchronization initiated using futex wait barrier. (258 threads)
[2025-12-06T05:13:38.829+0000][3929.330s][info ][safepoint   ] Safepoint "Cleanup", Time since last: 1000182598 ns, Reaching safepoint: 190487 ns, Cleanup: 39613 ns, At safepoint: 7836 ns, Total: 237936 ns
[2025-12-06T05:13:42.828+0000][3933.331s][debug][safepoint   ] Safepoint synchronization initiated using futex wait barrier. (258 threads)
[2025-12-06T05:13:42.828+0000][3933.331s][info ][safepoint   ] Safepoint "Cleanup", Time since last: 4001220263 ns, Reaching safepoint: 176711 ns, Cleanup: 17362 ns, At safepoint: 4679 ns, Total: 198752 ns
[2025-12-06T05:13:44.828+0000][3935.331s][debug][safepoint   ] Safepoint synchronization initiated using futex wait barrier. (258 threads)
[2025-12-06T05:13:44.829+0000][3935.331s][info ][safepoint   ] Safepoint "Cleanup", Time since last: 2000250422 ns, Reaching safepoint: 85771 ns, Cleanup: 16761 ns, At safepoint: 4238 ns, Total: 106770 ns
[2025-12-06T05:13:45.829+0000][3936.332s][debug][safepoint   ] Safepoint synchronization initiated using futex wait barrier. (258 threads)
[2025-12-06T05:13:45.829+0000][3936.332s][info ][safepoint   ] Safepoint "Cleanup", Time since last: 1000182833 ns, Reaching safepoint: 130845 ns, Cleanup: 31729 ns, At safepoint: 6613 ns, Total: 169187 ns
[2025-12-06T05:13:54.830+0000][3945.333s][debug][safepoint   ] Safepoint synchronization initiated using futex wait barrier. (258 threads)
[2025-12-06T05:13:54.830+0000][3945.333s][info ][safepoint   ] Safepoint "Cleanup", Time since last: 9001174378 ns, Reaching safepoint: 144261 ns, Cleanup: 13096 ns, At safepoint: 4008 ns, Total: 161365 ns
[2025-12-06T05:13:57.831+0000][3948.334s][debug][safepoint   ] Safepoint synchronization initiated using futex wait barrier. (258 threads)
[2025-12-06T05:13:57.831+0000][3948.334s][info ][safepoint   ] Safepoint "Cleanup", Time since last: 3000430062 ns, Reaching safepoint: 92267 ns, Cleanup: 16411 ns, At safepoint: 4168 ns, Total: 112846 ns
[2025-12-06T05:13:59.831+0000][3950.334s][debug][safepoint   ] Safepoint synchronization initiated using futex wait barrier. (258 threads)
[2025-12-06T05:13:59.831+0000][3950.334s][info ][safepoint   ] Safepoint "Cleanup", Time since last: 2000433873 ns, Reaching safepoint: 232455 ns, Cleanup: 13996 ns, At safepoint: 25790 ns, Total: 272241 ns
[2025-12-06T05:14:01.694+0000][3952.197s][debug][safepoint   ] Safepoint synchronization initiated using futex wait barrier. (257 threads)
[2025-12-06T05:14:01.694+0000][3952.197s][info ][safepoint   ] Safepoint "Cleanup", Time since last: 1862603571 ns, Reaching safepoint: 93058 ns, Cleanup: 63722 ns, At safepoint: 5340 ns, Total: 162120 ns
[2025-12-06T05:14:02.694+0000][3953.197s][debug][safepoint   ] Safepoint synchronization initiated using futex wait barrier. (258 threads)
[2025-12-06T05:14:02.694+0000][3953.197s][info ][safepoint   ] Safepoint "Cleanup", Time since last: 1000166884 ns, Reaching safepoint: 84843 ns, Cleanup: 14527 ns, At safepoint: 4118 ns, Total: 103488 ns
[2025-12-06T05:14:37.860+0000][3988.365s][debug][safepoint   ] Safepoint synchronization initiated using futex wait barrier. (258 threads)
[2025-12-06T05:14:37.861+0000][3988.366s][info ][safepoint   ] Safepoint "Cleanup", Time since last: 35167475880 ns, Reaching safepoint: 1152381 ns, Cleanup: 23725 ns, At safepoint: 7134 ns, Total: 1183240 ns
[2025-12-06T05:14:45.861+0000][3996.368s][debug][safepoint   ] Safepoint synchronization initiated using futex wait barrier. (257 threads)
[2025-12-06T05:14:45.861+0000][3996.368s][info ][safepoint   ] Safepoint "Cleanup", Time since last: 8001433947 ns, Reaching safepoint: 147384 ns, Cleanup: 13296 ns, At safepoint: 4268 ns, Total: 164948 ns
[2025-12-06T05:15:03.864+0000][4014.370s][debug][safepoint   ] Safepoint synchronization initiated using futex wait barrier. (254 threads)
[2025-12-06T05:15:03.864+0000][4014.371s][info ][safepoint   ] Safepoint "Cleanup", Time since last: 18002781303 ns, Reaching safepoint: 86957 ns, Cleanup: 12484 ns, At safepoint: 3998 ns, Total: 103439 ns
[2025-12-06T05:16:25.082+0000][4095.594s][debug][safepoint   ] Safepoint synchronization initiated using futex wait barrier. (254 threads)
[2025-12-06T05:16:25.082+0000][4095.595s][info ][gc,start    ] GC(118) Pause Young (Concurrent Start) (G1 Evacuation Pause)
[2025-12-06T05:16:25.082+0000][4095.595s][info ][gc,task     ] GC(118) Using 13 workers of 13 for evacuation
[2025-12-06T05:16:25.092+0000][4095.605s][info ][gc,phases   ] GC(118)   Pre Evacuate Collection Set: 2.5ms
[2025-12-06T05:16:25.092+0000][4095.605s][info ][gc,phases   ] GC(118)   Merge Heap Roots: 0.6ms
[2025-12-06T05:16:25.092+0000][4095.605s][info ][gc,phases   ] GC(118)   Evacuate Collection Set: 4.5ms
[2025-12-06T05:16:25.092+0000][4095.605s][info ][gc,phases   ] GC(118)   Post Evacuate Collection Set: 2.3ms
[2025-12-06T05:16:25.092+0000][4095.605s][info ][gc,phases   ] GC(118)   Other: 0.5ms
[2025-12-06T05:16:25.092+0000][4095.605s][info ][gc,heap     ] GC(118) Eden regions: 344->0(344)
[2025-12-06T05:16:25.093+0000][4095.605s][info ][gc,heap     ] GC(118) Survivor regions: 2->2(44)
[2025-12-06T05:16:25.093+0000][4095.605s][info ][gc,heap     ] GC(118) Old regions: 158->158
[2025-12-06T05:16:25.093+0000][4095.605s][info ][gc,heap     ] GC(118) Archive regions: 2->2
[2025-12-06T05:16:25.093+0000][4095.605s][info ][gc,heap     ] GC(118) Humongous regions: 0->0
[2025-12-06T05:16:25.093+0000][4095.605s][info ][gc,metaspace] GC(118) Metaspace: 202451K(204608K)->202451K(204608K) NonClass: 178080K(179264K)->178080K(179264K) Class: 24371K(25344K)->24371K(25344K)
[2025-12-06T05:16:25.093+0000][4095.605s][info ][gc          ] GC(118) Pause Young (Concurrent Start) (G1 Evacuation Pause) 503M->159M(577M) 10.523ms
[2025-12-06T05:16:25.093+0000][4095.605s][info ][gc,cpu      ] GC(118) User=0.04s Sys=0.02s Real=0.01s
[2025-12-06T05:16:25.093+0000][4095.605s][info ][gc          ] GC(119) Concurrent Mark Cycle
[2025-12-06T05:16:25.093+0000][4095.605s][info ][gc,marking  ] GC(119) Concurrent Clear Claimed Marks
[2025-12-06T05:16:25.093+0000][4095.605s][info ][safepoint   ] Safepoint "G1CollectForAllocation", Time since last: 81223944215 ns, Reaching safepoint: 93650 ns, Cleanup: 6052 ns, At safepoint: 10827364 ns, Total: 10927066 ns
[2025-12-06T05:16:25.093+0000][4095.606s][info ][gc,marking  ] GC(119) Concurrent Clear Claimed Marks 0.136ms
[2025-12-06T05:16:25.093+0000][4095.606s][info ][gc,marking  ] GC(119) Concurrent Scan Root Regions
[2025-12-06T05:16:25.098+0000][4095.610s][info ][gc,marking  ] GC(119) Concurrent Scan Root Regions 4.819ms
[2025-12-06T05:16:25.098+0000][4095.610s][info ][gc,marking  ] GC(119) Concurrent Mark
[2025-12-06T05:16:25.098+0000][4095.610s][info ][gc,marking  ] GC(119) Concurrent Mark From Roots
[2025-12-06T05:16:25.098+0000][4095.610s][info ][gc,task     ] GC(119) Using 3 workers of 3 for marking
[2025-12-06T05:16:25.184+0000][4095.696s][info ][gc,marking  ] GC(119) Concurrent Mark From Roots 85.799ms
[2025-12-06T05:16:25.184+0000][4095.696s][info ][gc,marking  ] GC(119) Concurrent Preclean
[2025-12-06T05:16:25.184+0000][4095.697s][info ][gc,marking  ] GC(119) Concurrent Preclean 0.351ms
[2025-12-06T05:16:25.184+0000][4095.697s][debug][safepoint   ] Safepoint synchronization initiated using futex wait barrier. (254 threads)
[2025-12-06T05:16:25.184+0000][4095.697s][info ][gc,start    ] GC(119) Pause Remark
[2025-12-06T05:16:25.200+0000][4095.713s][info ][gc          ] GC(119) Pause Remark 166M->166M(564M) 16.025ms
[2025-12-06T05:16:25.200+0000][4095.713s][info ][gc,cpu      ] GC(119) User=0.16s Sys=0.00s Real=0.02s
[2025-12-06T05:16:25.200+0000][4095.713s][info ][safepoint   ] Safepoint "G1PauseRemark", Time since last: 91347931 ns, Reaching safepoint: 47752 ns, Cleanup: 3657 ns, At safepoint: 16287719 ns, Total: 16339128 ns
[2025-12-06T05:16:25.201+0000][4095.713s][info ][gc,marking  ] GC(119) Concurrent Mark 102.776ms
[2025-12-06T05:16:25.201+0000][4095.713s][info ][gc,marking  ] GC(119) Concurrent Rebuild Remembered Sets
[2025-12-06T05:16:25.250+0000][4095.763s][info ][gc,marking  ] GC(119) Concurrent Rebuild Remembered Sets 49.797ms
[2025-12-06T05:16:25.250+0000][4095.763s][debug][safepoint   ] Safepoint synchronization initiated using futex wait barrier. (254 threads)
[2025-12-06T05:16:25.251+0000][4095.763s][info ][gc,start    ] GC(119) Pause Cleanup
[2025-12-06T05:16:25.251+0000][4095.764s][info ][gc          ] GC(119) Pause Cleanup 166M->166M(564M) 0.399ms
[2025-12-06T05:16:25.251+0000][4095.764s][info ][gc,cpu      ] GC(119) User=0.00s Sys=0.00s Real=0.00s
[2025-12-06T05:16:25.251+0000][4095.764s][info ][safepoint   ] Safepoint "G1PauseCleanup", Time since last: 50030695 ns, Reaching safepoint: 38414 ns, Cleanup: 28364 ns, At safepoint: 517515 ns, Total: 584293 ns
[2025-12-06T05:16:25.251+0000][4095.764s][info ][gc,marking  ] GC(119) Concurrent Cleanup for Next Mark
[2025-12-06T05:16:25.253+0000][4095.766s][info ][gc,marking  ] GC(119) Concurrent Cleanup for Next Mark 2.142ms
[2025-12-06T05:16:25.253+0000][4095.766s][info ][gc          ] GC(119) Concurrent Mark Cycle 160.613ms
[2025-12-06T05:16:28.252+0000][4098.764s][debug][safepoint   ] Safepoint synchronization initiated using futex wait barrier. (254 threads)
[2025-12-06T05:16:28.252+0000][4098.764s][info ][safepoint   ] Safepoint "Cleanup", Time since last: 3000573032 ns, Reaching safepoint: 90003 ns, Cleanup: 14057 ns, At safepoint: 3587 ns, Total: 107647 ns
[2025-12-06T05:16:56.254+0000][4126.768s][debug][safepoint   ] Safepoint synchronization initiated using futex wait barrier. (253 threads)
[2025-12-06T05:16:56.254+0000][4126.768s][info ][safepoint   ] Safepoint "Cleanup", Time since last: 28003642955 ns, Reaching safepoint: 144739 ns, Cleanup: 19838 ns, At safepoint: 5160 ns, Total: 169737 ns
[2025-12-06T05:17:06.255+0000][4136.769s][debug][safepoint   ] Safepoint synchronization initiated using futex wait barrier. (251 threads)
[2025-12-06T05:17:06.255+0000][4136.770s][info ][safepoint   ] Safepoint "Cleanup", Time since last: 10001202206 ns, Reaching safepoint: 83150 ns, Cleanup: 12233 ns, At safepoint: 3627 ns, Total: 99010 ns
[2025-12-06T05:18:53.980+0000][4244.502s][debug][safepoint   ] Safepoint synchronization initiated using futex wait barrier. (251 threads)
[2025-12-06T05:18:53.980+0000][4244.502s][info ][safepoint   ] Safepoint "Cleanup", Time since last: 107732663007 ns, Reaching safepoint: 109620 ns, Cleanup: 16552 ns, At safepoint: 42602 ns, Total: 168774 ns
[2025-12-06T05:18:54.980+0000][4245.503s][debug][safepoint   ] Safepoint synchronization initiated using futex wait barrier. (251 threads)
[2025-12-06T05:18:54.980+0000][4245.503s][info ][safepoint   ] Safepoint "Cleanup", Time since last: 1000166618 ns, Reaching safepoint: 83069 ns, Cleanup: 14548 ns, At safepoint: 5391 ns, Total: 103008 ns
[2025-12-06T05:18:56.981+0000][4247.503s][debug][safepoint   ] Safepoint synchronization initiated using futex wait barrier. (251 threads)
[2025-12-06T05:18:56.981+0000][4247.503s][info ][safepoint   ] Safepoint "Cleanup", Time since last: 2000404709 ns, Reaching safepoint: 104931 ns, Cleanup: 15460 ns, At safepoint: 4329 ns, Total: 124720 ns
[2025-12-06T05:19:04.408+0000][4254.931s][debug][safepoint   ] Safepoint synchronization initiated using futex wait barrier. (252 threads)
[2025-12-06T05:19:04.409+0000][4254.931s][info ][safepoint   ] Safepoint "Cleanup", Time since last: 7427370176 ns, Reaching safepoint: 181048 ns, Cleanup: 12393 ns, At safepoint: 86296 ns, Total: 279737 ns
[2025-12-06T05:19:05.409+0000][4255.931s][debug][safepoint   ] Safepoint synchronization initiated using futex wait barrier. (252 threads)
[2025-12-06T05:19:05.409+0000][4255.931s][info ][safepoint   ] Safepoint "Cleanup", Time since last: 1000194375 ns, Reaching safepoint: 149137 ns, Cleanup: 176810 ns, At safepoint: 13506 ns, Total: 339453 ns
[2025-12-06T05:19:14.008+0000][4264.532s][debug][safepoint   ] Safepoint synchronization initiated using futex wait barrier. (254 threads)
[2025-12-06T05:19:14.008+0000][4264.532s][info ][safepoint   ] Safepoint "Cleanup", Time since last: 8600341556 ns, Reaching safepoint: 79563 ns, Cleanup: 13687 ns, At safepoint: 3326 ns, Total: 96576 ns
[2025-12-06T05:19:18.008+0000][4268.532s][debug][safepoint   ] Safepoint synchronization initiated using futex wait barrier. (254 threads)
[2025-12-06T05:19:18.009+0000][4268.533s][info ][safepoint   ] Safepoint "Cleanup", Time since last: 4000593004 ns, Reaching safepoint: 83380 ns, Cleanup: 86225 ns, At safepoint: 9038 ns, Total: 178643 ns
[2025-12-06T05:19:20.009+0000][4270.533s][debug][safepoint   ] Safepoint synchronization initiated using futex wait barrier. (254 threads)
[2025-12-06T05:19:20.009+0000][4270.533s][info ][safepoint   ] Safepoint "Cleanup", Time since last: 2000259983 ns, Reaching safepoint: 79753 ns, Cleanup: 12334 ns, At safepoint: 3096 ns, Total: 95183 ns
[2025-12-06T05:19:26.010+0000][4276.534s][debug][safepoint   ] Safepoint synchronization initiated using futex wait barrier. (254 threads)
[2025-12-06T05:19:26.010+0000][4276.534s][info ][safepoint   ] Safepoint "Cleanup", Time since last: 6000772471 ns, Reaching safepoint: 129939 ns, Cleanup: 15450 ns, At safepoint: 5070 ns, Total: 150459 ns
[2025-12-06T05:19:31.011+0000][4281.534s][debug][safepoint   ] Safepoint synchronization initiated using futex wait barrier. (256 threads)
[2025-12-06T05:19:31.011+0000][4281.535s][info ][safepoint   ] Safepoint "Cleanup", Time since last: 5000589721 ns, Reaching safepoint: 304450 ns, Cleanup: 34316 ns, At safepoint: 100082 ns, Total: 438848 ns
[2025-12-06T05:19:32.011+0000][4282.535s][debug][safepoint   ] Safepoint synchronization initiated using futex wait barrier. (259 threads)
[2025-12-06T05:19:32.011+0000][4282.535s][info ][safepoint   ] Safepoint "Cleanup", Time since last: 1000129003 ns, Reaching safepoint: 67921 ns, Cleanup: 31681 ns, At safepoint: 3065 ns, Total: 102667 ns
[2025-12-06T05:19:45.908+0000][4296.433s][debug][safepoint   ] Safepoint synchronization initiated using futex wait barrier. (256 threads)
[2025-12-06T05:19:45.908+0000][4296.433s][info ][safepoint   ] Safepoint "Cleanup", Time since last: 13898248086 ns, Reaching safepoint: 111063 ns, Cleanup: 20940 ns, At safepoint: 35958 ns, Total: 167961 ns
[2025-12-06T05:19:56.909+0000][4307.435s][debug][safepoint   ] Safepoint synchronization initiated using futex wait barrier. (256 threads)
[2025-12-06T05:19:56.909+0000][4307.435s][info ][safepoint   ] Safepoint "Cleanup", Time since last: 11001368481 ns, Reaching safepoint: 115482 ns, Cleanup: 12364 ns, At safepoint: 3837 ns, Total: 131683 ns
[2025-12-06T05:20:09.911+0000][4320.437s][debug][safepoint   ] Safepoint synchronization initiated using futex wait barrier. (256 threads)
[2025-12-06T05:20:09.911+0000][4320.437s][info ][safepoint   ] Safepoint "Cleanup", Time since last: 13001574575 ns, Reaching safepoint: 181417 ns, Cleanup: 14337 ns, At safepoint: 41380 ns, Total: 237134 ns
[2025-12-06T05:20:40.037+0000][4350.565s][debug][safepoint   ] Safepoint synchronization initiated using futex wait barrier. (252 threads)
[2025-12-06T05:20:40.037+0000][4350.565s][info ][safepoint   ] Safepoint "Cleanup", Time since last: 30127921457 ns, Reaching safepoint: 113378 ns, Cleanup: 16972 ns, At safepoint: 3647 ns, Total: 133997 ns
[2025-12-06T05:20:45.036+0000][4355.565s][debug][safepoint   ] Safepoint synchronization initiated using futex wait barrier. (252 threads)
[2025-12-06T05:20:45.036+0000][4355.566s][info ][safepoint   ] Safepoint "Cleanup", Time since last: 5000592360 ns, Reaching safepoint: 91916 ns, Cleanup: 10741 ns, At safepoint: 26120 ns, Total: 128777 ns
[2025-12-06T05:20:58.399+0000][4368.929s][debug][safepoint   ] Safepoint synchronization initiated using futex wait barrier. (252 threads)
[2025-12-06T05:20:58.400+0000][4368.929s][info ][gc,start    ] GC(120) Pause Young (Prepare Mixed) (G1 Evacuation Pause)
[2025-12-06T05:20:58.400+0000][4368.929s][info ][gc,task     ] GC(120) Using 13 workers of 13 for evacuation
[2025-12-06T05:20:58.417+0000][4368.947s][info ][gc,phases   ] GC(120)   Pre Evacuate Collection Set: 1.2ms
[2025-12-06T05:20:58.417+0000][4368.947s][info ][gc,phases   ] GC(120)   Merge Heap Roots: 0.3ms
[2025-12-06T05:20:58.417+0000][4368.947s][info ][gc,phases   ] GC(120)   Evacuate Collection Set: 12.4ms
[2025-12-06T05:20:58.417+0000][4368.947s][info ][gc,phases   ] GC(120)   Post Evacuate Collection Set: 3.6ms
[2025-12-06T05:20:58.417+0000][4368.947s][info ][gc,phases   ] GC(120)   Other: 0.3ms
[2025-12-06T05:20:58.417+0000][4368.947s][info ][gc,heap     ] GC(120) Eden regions: 344->0(26)
[2025-12-06T05:20:58.417+0000][4368.947s][info ][gc,heap     ] GC(120) Survivor regions: 2->2(44)
[2025-12-06T05:20:58.417+0000][4368.947s][info ][gc,heap     ] GC(120) Old regions: 158->159
[2025-12-06T05:20:58.417+0000][4368.947s][info ][gc,heap     ] GC(120) Archive regions: 2->2
[2025-12-06T05:20:58.417+0000][4368.947s][info ][gc,heap     ] GC(120) Humongous regions: 0->0
[2025-12-06T05:20:58.417+0000][4368.947s][info ][gc,metaspace] GC(120) Metaspace: 202522K(204672K)->202522K(204672K) NonClass: 178146K(179328K)->178146K(179328K) Class: 24375K(25344K)->24375K(25344K)
[2025-12-06T05:20:58.418+0000][4368.947s][info ][gc          ] GC(120) Pause Young (Prepare Mixed) (G1 Evacuation Pause) 503M->160M(564M) 18.130ms
[2025-12-06T05:20:58.418+0000][4368.948s][info ][gc,cpu      ] GC(120) User=0.07s Sys=0.03s Real=0.01s
[2025-12-06T05:20:58.419+0000][4368.949s][info ][safepoint   ] Safepoint "G1CollectForAllocation", Time since last: 13363514866 ns, Reaching safepoint: 80014 ns, Cleanup: 4549 ns, At safepoint: 19607323 ns, Total: 19691886 ns
[2025-12-06T05:21:10.421+0000][4380.950s][debug][safepoint   ] Safepoint synchronization initiated using futex wait barrier. (251 threads)
[2025-12-06T05:21:10.421+0000][4380.950s][info ][safepoint   ] Safepoint "Cleanup", Time since last: 12001503404 ns, Reaching safepoint: 77098 ns, Cleanup: 10500 ns, At safepoint: 3617 ns, Total: 91215 ns
[2025-12-06T05:21:18.913+0000][4389.445s][debug][safepoint   ] Safepoint synchronization initiated using futex wait barrier. (251 threads)
[2025-12-06T05:21:18.913+0000][4389.445s][info ][gc,start    ] GC(121) Pause Young (Mixed) (G1 Evacuation Pause)
[2025-12-06T05:21:18.913+0000][4389.445s][info ][gc,task     ] GC(121) Using 13 workers of 13 for evacuation
[2025-12-06T05:21:18.940+0000][4389.471s][info ][gc,phases   ] GC(121)   Pre Evacuate Collection Set: 0.4ms
[2025-12-06T05:21:18.940+0000][4389.471s][info ][gc,phases   ] GC(121)   Merge Heap Roots: 1.1ms
[2025-12-06T05:21:18.940+0000][4389.471s][info ][gc,phases   ] GC(121)   Evacuate Collection Set: 21.1ms
[2025-12-06T05:21:18.940+0000][4389.471s][info ][gc,phases   ] GC(121)   Post Evacuate Collection Set: 3.5ms
[2025-12-06T05:21:18.940+0000][4389.471s][info ][gc,phases   ] GC(121)   Other: 0.2ms
[2025-12-06T05:21:18.940+0000][4389.471s][info ][gc,heap     ] GC(121) Eden regions: 26->0(336)
[2025-12-06T05:21:18.940+0000][4389.471s][info ][gc,heap     ] GC(121) Survivor regions: 2->2(4)
[2025-12-06T05:21:18.940+0000][4389.471s][info ][gc,heap     ] GC(121) Old regions: 159->154
[2025-12-06T05:21:18.940+0000][4389.471s][info ][gc,heap     ] GC(121) Archive regions: 2->2
[2025-12-06T05:21:18.940+0000][4389.471s][info ][gc,heap     ] GC(121) Humongous regions: 0->0
[2025-12-06T05:21:18.940+0000][4389.471s][info ][gc,metaspace] GC(121) Metaspace: 202523K(204672K)->202523K(204672K) NonClass: 178148K(179328K)->178148K(179328K) Class: 24375K(25344K)->24375K(25344K)
[2025-12-06T05:21:18.940+0000][4389.471s][info ][gc          ] GC(121) Pause Young (Mixed) (G1 Evacuation Pause) 186M->156M(564M) 26.416ms
[2025-12-06T05:21:18.940+0000][4389.471s][info ][gc,cpu      ] GC(121) User=0.27s Sys=0.00s Real=0.03s
[2025-12-06T05:21:18.941+0000][4389.473s][info ][safepoint   ] Safepoint "G1CollectForAllocation", Time since last: 8494233724 ns, Reaching safepoint: 127305 ns, Cleanup: 5811 ns, At safepoint: 27856004 ns, Total: 27989120 ns
[2025-12-06T05:21:19.941+0000][4390.473s][debug][safepoint   ] Safepoint synchronization initiated using futex wait barrier. (251 threads)
[2025-12-06T05:21:19.941+0000][4390.473s][info ][safepoint   ] Safepoint "Cleanup", Time since last: 1000157326 ns, Reaching safepoint: 75696 ns, Cleanup: 11853 ns, At safepoint: 2955 ns, Total: 90504 ns
[2025-12-06T05:22:10.945+0000][4441.479s][debug][safepoint   ] Safepoint synchronization initiated using futex wait barrier. (252 threads)
[2025-12-06T05:22:10.946+0000][4441.479s][info ][safepoint   ] Safepoint "Cleanup", Time since last: 51005972213 ns, Reaching safepoint: 113668 ns, Cleanup: 21010 ns, At safepoint: 3437 ns, Total: 138115 ns
[2025-12-06T05:23:12.095+0000][4502.635s][debug][safepoint   ] Safepoint synchronization initiated using futex wait barrier. (251 threads)
[2025-12-06T05:23:12.095+0000][4502.635s][info ][safepoint   ] Safepoint "Cleanup", Time since last: 61155952682 ns, Reaching safepoint: 95784 ns, Cleanup: 17033 ns, At safepoint: 3526 ns, Total: 116343 ns
[2025-12-06T05:24:07.125+0000][4557.665s][debug][safepoint   ] Safepoint synchronization initiated using futex wait barrier. (251 threads)
[2025-12-06T05:24:07.125+0000][4557.666s][info ][safepoint   ] Safepoint "Cleanup", Time since last: 55030352276 ns, Reaching safepoint: 251423 ns, Cleanup: 22263 ns, At safepoint: 5060 ns, Total: 278746 ns
[2025-12-06T05:24:17.155+0000][4567.698s][debug][safepoint   ] Safepoint synchronization initiated using futex wait barrier. (252 threads)
[2025-12-06T05:24:17.155+0000][4567.698s][info ][safepoint   ] Safepoint "Cleanup", Time since last: 10032478898 ns, Reaching safepoint: 199533 ns, Cleanup: 15439 ns, At safepoint: 7434 ns, Total: 222406 ns
[2025-12-06T05:24:27.158+0000][4577.701s][debug][safepoint   ] Safepoint synchronization initiated using futex wait barrier. (252 threads)
[2025-12-06T05:24:27.158+0000][4577.701s][info ][safepoint   ] Safepoint "Cleanup", Time since last: 10002199617 ns, Reaching safepoint: 144247 ns, Cleanup: 10801 ns, At safepoint: 3838 ns, Total: 158886 ns
[2025-12-06T05:24:37.159+0000][4587.702s][debug][safepoint   ] Safepoint synchronization initiated using futex wait barrier. (252 threads)
[2025-12-06T05:24:37.159+0000][4587.702s][info ][safepoint   ] Safepoint "Cleanup", Time since last: 10001351603 ns, Reaching safepoint: 135039 ns, Cleanup: 16773 ns, At safepoint: 33674 ns, Total: 185486 ns
[2025-12-06T05:25:26.185+0000][4636.731s][debug][safepoint   ] Safepoint synchronization initiated using futex wait barrier. (253 threads)
[2025-12-06T05:25:26.185+0000][4636.731s][info ][safepoint   ] Safepoint "Cleanup", Time since last: 49028633816 ns, Reaching safepoint: 125942 ns, Cleanup: 52581 ns, At safepoint: 4639 ns, Total: 183162 ns
[2025-12-06T05:25:40.187+0000][4650.733s][debug][safepoint   ] Safepoint synchronization initiated using futex wait barrier. (253 threads)
[2025-12-06T05:25:40.187+0000][4650.733s][info ][safepoint   ] Safepoint "Cleanup", Time since last: 14001856166 ns, Reaching safepoint: 315797 ns, Cleanup: 28454 ns, At safepoint: 11452 ns, Total: 355703 ns
[2025-12-06T05:25:48.186+0000][4658.735s][debug][safepoint   ] Safepoint synchronization initiated using futex wait barrier. (253 threads)
[2025-12-06T05:25:48.186+0000][4658.735s][info ][safepoint   ] Safepoint "Cleanup", Time since last: 8001554544 ns, Reaching safepoint: 125662 ns, Cleanup: 29657 ns, At safepoint: 4078 ns, Total: 159397 ns
[2025-12-06T05:25:55.717+0000][4666.266s][debug][safepoint   ] Safepoint synchronization initiated using futex wait barrier. (253 threads)
[2025-12-06T05:25:55.717+0000][4666.266s][info ][gc,start    ] GC(122) Pause Young (Concurrent Start) (G1 Evacuation Pause)
[2025-12-06T05:25:55.717+0000][4666.266s][info ][gc,task     ] GC(122) Using 13 workers of 13 for evacuation
[2025-12-06T05:25:55.733+0000][4666.282s][info ][gc,phases   ] GC(122)   Pre Evacuate Collection Set: 1.5ms
[2025-12-06T05:25:55.733+0000][4666.282s][info ][gc,phases   ] GC(122)   Merge Heap Roots: 0.9ms
[2025-12-06T05:25:55.733+0000][4666.282s][info ][gc,phases   ] GC(122)   Evacuate Collection Set: 8.3ms
[2025-12-06T05:25:55.733+0000][4666.282s][info ][gc,phases   ] GC(122)   Post Evacuate Collection Set: 3.9ms
[2025-12-06T05:25:55.733+0000][4666.282s][info ][gc,phases   ] GC(122)   Other: 1.6ms
[2025-12-06T05:25:55.733+0000][4666.282s][info ][gc,heap     ] GC(122) Eden regions: 336->0(336)
[2025-12-06T05:25:55.734+0000][4666.282s][info ][gc,heap     ] GC(122) Survivor regions: 2->2(43)
[2025-12-06T05:25:55.734+0000][4666.282s][info ][gc,heap     ] GC(122) Old regions: 154->154
[2025-12-06T05:25:55.734+0000][4666.282s][info ][gc,heap     ] GC(122) Archive regions: 2->2
[2025-12-06T05:25:55.734+0000][4666.282s][info ][gc,heap     ] GC(122) Humongous regions: 0->0
[2025-12-06T05:25:55.734+0000][4666.282s][info ][gc,metaspace] GC(122) Metaspace: 202568K(204672K)->202568K(204672K) NonClass: 178192K(179328K)->178192K(179328K) Class: 24375K(25344K)->24375K(25344K)
[2025-12-06T05:25:55.734+0000][4666.282s][info ][gc          ] GC(122) Pause Young (Concurrent Start) (G1 Evacuation Pause) 492M->156M(564M) 16.327ms
[2025-12-06T05:25:55.734+0000][4666.282s][info ][gc,cpu      ] GC(122) User=0.08s Sys=0.00s Real=0.02s
[2025-12-06T05:25:55.734+0000][4666.282s][info ][gc          ] GC(123) Concurrent Mark Cycle
[2025-12-06T05:25:55.734+0000][4666.282s][info ][gc,marking  ] GC(123) Concurrent Clear Claimed Marks
[2025-12-06T05:25:55.734+0000][4666.283s][info ][gc,marking  ] GC(123) Concurrent Clear Claimed Marks 0.139ms
[2025-12-06T05:25:55.734+0000][4666.283s][info ][gc,marking  ] GC(123) Concurrent Scan Root Regions
[2025-12-06T05:25:55.734+0000][4666.283s][info ][safepoint   ] Safepoint "G1CollectForAllocation", Time since last: 7530676103 ns, Reaching safepoint: 115582 ns, Cleanup: 7344 ns, At safepoint: 16855535 ns, Total: 16978461 ns
[2025-12-06T05:25:55.745+0000][4666.294s][info ][gc,marking  ] GC(123) Concurrent Scan Root Regions 11.204ms
[2025-12-06T05:25:55.745+0000][4666.294s][info ][gc,marking  ] GC(123) Concurrent Mark
[2025-12-06T05:25:55.745+0000][4666.294s][info ][gc,marking  ] GC(123) Concurrent Mark From Roots
[2025-12-06T05:25:55.745+0000][4666.294s][info ][gc,task     ] GC(123) Using 3 workers of 3 for marking
[2025-12-06T05:25:55.849+0000][4666.398s][info ][gc,marking  ] GC(123) Concurrent Mark From Roots 103.809ms
[2025-12-06T05:25:55.849+0000][4666.398s][info ][gc,marking  ] GC(123) Concurrent Preclean
[2025-12-06T05:25:55.850+0000][4666.398s][info ][gc,marking  ] GC(123) Concurrent Preclean 0.501ms
[2025-12-06T05:25:55.850+0000][4666.398s][debug][safepoint   ] Safepoint synchronization initiated using futex wait barrier. (253 threads)
[2025-12-06T05:25:55.850+0000][4666.398s][info ][gc,start    ] GC(123) Pause Remark
[2025-12-06T05:25:55.874+0000][4666.423s][info ][gc          ] GC(123) Pause Remark 162M->162M(550M) 24.142ms
[2025-12-06T05:25:55.874+0000][4666.423s][info ][gc,cpu      ] GC(123) User=0.24s Sys=0.00s Real=0.03s
[2025-12-06T05:25:55.875+0000][4666.424s][info ][safepoint   ] Safepoint "G1PauseRemark", Time since last: 115683463 ns, Reaching safepoint: 42451 ns, Cleanup: 39156 ns, At safepoint: 25295092 ns, Total: 25376699 ns
[2025-12-06T05:25:55.875+0000][4666.424s][info ][gc,marking  ] GC(123) Concurrent Mark 129.935ms
[2025-12-06T05:25:55.875+0000][4666.424s][info ][gc,marking  ] GC(123) Concurrent Rebuild Remembered Sets
[2025-12-06T05:25:55.925+0000][4666.474s][info ][gc,marking  ] GC(123) Concurrent Rebuild Remembered Sets 49.923ms
[2025-12-06T05:25:55.925+0000][4666.474s][debug][safepoint   ] Safepoint synchronization initiated using futex wait barrier. (253 threads)
[2025-12-06T05:25:55.925+0000][4666.474s][info ][gc,start    ] GC(123) Pause Cleanup
[2025-12-06T05:25:55.926+0000][4666.475s][info ][gc          ] GC(123) Pause Cleanup 162M->162M(550M) 0.436ms
[2025-12-06T05:25:55.926+0000][4666.475s][info ][gc,cpu      ] GC(123) User=0.00s Sys=0.00s Real=0.00s
[2025-12-06T05:25:55.926+0000][4666.475s][info ][safepoint   ] Safepoint "G1PauseCleanup", Time since last: 50232758 ns, Reaching safepoint: 52050 ns, Cleanup: 5120 ns, At safepoint: 645820 ns, Total: 702990 ns
[2025-12-06T05:25:55.926+0000][4666.475s][info ][gc,marking  ] GC(123) Concurrent Cleanup for Next Mark
[2025-12-06T05:25:55.939+0000][4666.487s][info ][gc,marking  ] GC(123) Concurrent Cleanup for Next Mark 12.602ms
[2025-12-06T05:25:55.939+0000][4666.487s][info ][gc          ] GC(123) Concurrent Mark Cycle 204.976ms
[2025-12-06T05:26:06.928+0000][4677.477s][debug][safepoint   ] Safepoint synchronization initiated using futex wait barrier. (253 threads)
[2025-12-06T05:26:06.929+0000][4677.477s][info ][safepoint   ] Safepoint "Cleanup", Time since last: 11002366535 ns, Reaching safepoint: 211457 ns, Cleanup: 48222 ns, At safepoint: 6312 ns, Total: 265991 ns
[2025-12-06T05:26:09.930+0000][4680.478s][debug][safepoint   ] Safepoint synchronization initiated using futex wait barrier. (253 threads)
[2025-12-06T05:26:09.931+0000][4680.479s][info ][safepoint   ] Safepoint "Cleanup", Time since last: 3001056375 ns, Reaching safepoint: 459163 ns, Cleanup: 19758 ns, At safepoint: 457239 ns, Total: 936160 ns
[2025-12-06T05:26:15.212+0000][4685.762s][debug][safepoint   ] Safepoint synchronization initiated using futex wait barrier. (251 threads)
[2025-12-06T05:26:15.212+0000][4685.762s][info ][safepoint   ] Safepoint "Cleanup", Time since last: 5282769891 ns, Reaching safepoint: 225443 ns, Cleanup: 65376 ns, At safepoint: 6202 ns, Total: 297021 ns
[2025-12-06T05:26:17.213+0000][4687.763s][debug][safepoint   ] Safepoint synchronization initiated using futex wait barrier. (251 threads)
[2025-12-06T05:26:17.213+0000][4687.763s][info ][safepoint   ] Safepoint "Cleanup", Time since last: 2000624155 ns, Reaching safepoint: 129909 ns, Cleanup: 20049 ns, At safepoint: 4949 ns, Total: 154907 ns
[2025-12-06T05:26:27.215+0000][4697.765s][debug][safepoint   ] Safepoint synchronization initiated using futex wait barrier. (251 threads)
[2025-12-06T05:26:27.215+0000][4697.765s][info ][safepoint   ] Safepoint "Cleanup", Time since last: 10001437999 ns, Reaching safepoint: 76607 ns, Cleanup: 18276 ns, At safepoint: 2996 ns, Total: 97879 ns
[2025-12-06T05:26:31.215+0000][4701.765s][debug][safepoint   ] Safepoint synchronization initiated using futex wait barrier. (251 threads)
[2025-12-06T05:26:31.216+0000][4701.766s][info ][safepoint   ] Safepoint "Cleanup", Time since last: 4000711241 ns, Reaching safepoint: 159858 ns, Cleanup: 31701 ns, At safepoint: 6042 ns, Total: 197601 ns
[2025-12-06T05:27:16.245+0000][4746.799s][debug][safepoint   ] Safepoint synchronization initiated using futex wait barrier. (252 threads)
[2025-12-06T05:27:16.245+0000][4746.799s][info ][safepoint   ] Safepoint "Cleanup", Time since last: 45033284932 ns, Reaching safepoint: 140769 ns, Cleanup: 33534 ns, At safepoint: 3587 ns, Total: 177890 ns
[2025-12-06T05:27:45.247+0000][4775.803s][debug][safepoint   ] Safepoint synchronization initiated using futex wait barrier. (252 threads)
[2025-12-06T05:27:45.248+0000][4775.803s][info ][safepoint   ] Safepoint "Cleanup", Time since last: 29004203256 ns, Reaching safepoint: 135901 ns, Cleanup: 38804 ns, At safepoint: 5641 ns, Total: 180346 ns
[2025-12-06T05:27:49.248+0000][4779.804s][debug][safepoint   ] Safepoint synchronization initiated using futex wait barrier. (252 threads)
[2025-12-06T05:27:49.248+0000][4779.804s][info ][safepoint   ] Safepoint "Cleanup", Time since last: 4000527443 ns, Reaching safepoint: 85124 ns, Cleanup: 15420 ns, At safepoint: 3606 ns, Total: 104150 ns
[2025-12-06T05:27:52.249+0000][4782.805s][debug][safepoint   ] Safepoint synchronization initiated using futex wait barrier. (252 threads)
[2025-12-06T05:27:52.249+0000][4782.805s][info ][safepoint   ] Safepoint "Cleanup", Time since last: 3000476007 ns, Reaching safepoint: 121383 ns, Cleanup: 174656 ns, At safepoint: 76287 ns, Total: 372326 ns
[2025-12-06T05:27:53.249+0000][4783.805s][debug][safepoint   ] Safepoint synchronization initiated using futex wait barrier. (252 threads)
[2025-12-06T05:27:53.250+0000][4783.805s][info ][safepoint   ] Safepoint "Cleanup", Time since last: 1000164167 ns, Reaching safepoint: 233599 ns, Cleanup: 75796 ns, At safepoint: 55897 ns, Total: 365292 ns
[2025-12-06T05:27:54.250+0000][4784.806s][debug][safepoint   ] Safepoint synchronization initiated using futex wait barrier. (252 threads)
[2025-12-06T05:27:54.250+0000][4784.806s][info ][safepoint   ] Safepoint "Cleanup", Time since last: 1000225261 ns, Reaching safepoint: 97377 ns, Cleanup: 16743 ns, At safepoint: 4789 ns, Total: 118909 ns
[2025-12-06T05:27:55.250+0000][4785.806s][debug][safepoint   ] Safepoint synchronization initiated using futex wait barrier. (252 threads)
[2025-12-06T05:27:55.250+0000][4785.806s][info ][safepoint   ] Safepoint "Cleanup", Time since last: 1000251252 ns, Reaching safepoint: 144087 ns, Cleanup: 17173 ns, At safepoint: 5751 ns, Total: 167011 ns
[2025-12-06T05:27:56.251+0000][4786.806s][debug][safepoint   ] Safepoint synchronization initiated using futex wait barrier. (254 threads)
[2025-12-06T05:27:56.251+0000][4786.807s][info ][safepoint   ] Safepoint "Cleanup", Time since last: 1000184820 ns, Reaching safepoint: 82048 ns, Cleanup: 39877 ns, At safepoint: 4208 ns, Total: 126133 ns
[2025-12-06T05:27:57.251+0000][4787.807s][debug][safepoint   ] Safepoint synchronization initiated using futex wait barrier. (254 threads)
[2025-12-06T05:27:57.251+0000][4787.807s][info ][safepoint   ] Safepoint "Cleanup", Time since last: 1000148975 ns, Reaching safepoint: 134769 ns, Cleanup: 21612 ns, At safepoint: 6643 ns, Total: 163024 ns
[2025-12-06T05:27:58.251+0000][4788.807s][debug][safepoint   ] Safepoint synchronization initiated using futex wait barrier. (254 threads)
[2025-12-06T05:27:58.251+0000][4788.807s][info ][safepoint   ] Safepoint "Cleanup", Time since last: 1000143713 ns, Reaching safepoint: 75325 ns, Cleanup: 24317 ns, At safepoint: 2966 ns, Total: 102608 ns
[2025-12-06T05:28:00.251+0000][4790.807s][debug][safepoint   ] Safepoint synchronization initiated using futex wait barrier. (254 threads)
[2025-12-06T05:28:00.252+0000][4790.807s][info ][safepoint   ] Safepoint "Cleanup", Time since last: 2000281510 ns, Reaching safepoint: 92718 ns, Cleanup: 15250 ns, At safepoint: 5340 ns, Total: 113308 ns
[2025-12-06T05:28:02.254+0000][4792.810s][debug][safepoint   ] Safepoint synchronization initiated using futex wait barrier. (255 threads)
[2025-12-06T05:28:02.254+0000][4792.810s][info ][safepoint   ] Safepoint "Cleanup", Time since last: 2002525891 ns, Reaching safepoint: 140420 ns, Cleanup: 39846 ns, At safepoint: 5000 ns, Total: 185266 ns
[2025-12-06T05:28:08.255+0000][4798.811s][debug][safepoint   ] Safepoint synchronization initiated using futex wait barrier. (255 threads)
[2025-12-06T05:28:08.255+0000][4798.811s][info ][safepoint   ] Safepoint "Cleanup", Time since last: 6000877101 ns, Reaching safepoint: 138867 ns, Cleanup: 22293 ns, At safepoint: 4278 ns, Total: 165438 ns
[2025-12-06T05:28:11.254+0000][4801.812s][debug][safepoint   ] Safepoint synchronization initiated using futex wait barrier. (255 threads)
[2025-12-06T05:28:11.254+0000][4801.812s][info ][safepoint   ] Safepoint "Cleanup", Time since last: 3000461897 ns, Reaching safepoint: 107887 ns, Cleanup: 18025 ns, At safepoint: 4759 ns, Total: 130671 ns
[2025-12-06T05:28:14.276+0000][4804.834s][debug][safepoint   ] Safepoint synchronization initiated using futex wait barrier. (255 threads)
[2025-12-06T05:28:14.276+0000][4804.834s][info ][safepoint   ] Safepoint "Cleanup", Time since last: 3021700659 ns, Reaching safepoint: 191788 ns, Cleanup: 128637 ns, At safepoint: 5922 ns, Total: 326347 ns
[2025-12-06T05:28:16.276+0000][4806.834s][debug][safepoint   ] Safepoint synchronization initiated using futex wait barrier. (254 threads)
[2025-12-06T05:28:16.276+0000][4806.834s][info ][safepoint   ] Safepoint "Cleanup", Time since last: 2000251858 ns, Reaching safepoint: 69373 ns, Cleanup: 10590 ns, At safepoint: 3156 ns, Total: 83119 ns
[2025-12-06T05:28:17.276+0000][4807.834s][debug][safepoint   ] Safepoint synchronization initiated using futex wait barrier. (254 threads)
[2025-12-06T05:28:17.277+0000][4807.834s][info ][safepoint   ] Safepoint "Cleanup", Time since last: 1000164890 ns, Reaching safepoint: 133396 ns, Cleanup: 20228 ns, At safepoint: 5962 ns, Total: 159586 ns
[2025-12-06T05:28:20.277+0000][4810.835s][debug][safepoint   ] Safepoint synchronization initiated using futex wait barrier. (254 threads)
[2025-12-06T05:28:20.277+0000][4810.835s][info ][safepoint   ] Safepoint "Cleanup", Time since last: 3000381751 ns, Reaching safepoint: 87959 ns, Cleanup: 19998 ns, At safepoint: 4328 ns, Total: 112285 ns
[2025-12-06T05:28:23.278+0000][4813.836s][debug][safepoint   ] Safepoint synchronization initiated using futex wait barrier. (255 threads)
[2025-12-06T05:28:23.278+0000][4813.836s][info ][safepoint   ] Safepoint "Cleanup", Time since last: 3000812775 ns, Reaching safepoint: 93119 ns, Cleanup: 30709 ns, At safepoint: 31451 ns, Total: 155279 ns
[2025-12-06T05:28:24.278+0000][4814.836s][debug][safepoint   ] Safepoint synchronization initiated using futex wait barrier. (255 threads)
[2025-12-06T05:28:24.278+0000][4814.836s][info ][safepoint   ] Safepoint "Cleanup", Time since last: 1000218373 ns, Reaching safepoint: 80625 ns, Cleanup: 13576 ns, At safepoint: 3276 ns, Total: 97477 ns
[2025-12-06T05:29:18.934+0000][4869.495s][debug][safepoint   ] Safepoint synchronization initiated using futex wait barrier. (256 threads)
[2025-12-06T05:29:18.934+0000][4869.496s][info ][gc,start    ] GC(124) Pause Young (Prepare Mixed) (G1 Evacuation Pause)
[2025-12-06T05:29:18.934+0000][4869.496s][info ][gc,task     ] GC(124) Using 13 workers of 13 for evacuation
[2025-12-06T05:29:18.946+0000][4869.508s][info ][gc,phases   ] GC(124)   Pre Evacuate Collection Set: 0.5ms
[2025-12-06T05:29:18.946+0000][4869.508s][info ][gc,phases   ] GC(124)   Merge Heap Roots: 0.4ms
[2025-12-06T05:29:18.946+0000][4869.508s][info ][gc,phases   ] GC(124)   Evacuate Collection Set: 7.8ms
[2025-12-06T05:29:18.946+0000][4869.508s][info ][gc,phases   ] GC(124)   Post Evacuate Collection Set: 3.1ms
[2025-12-06T05:29:18.946+0000][4869.508s][info ][gc,phases   ] GC(124)   Other: 0.4ms
[2025-12-06T05:29:18.946+0000][4869.508s][info ][gc,heap     ] GC(124) Eden regions: 336->0(24)
[2025-12-06T05:29:18.946+0000][4869.508s][info ][gc,heap     ] GC(124) Survivor regions: 2->3(43)
[2025-12-06T05:29:18.946+0000][4869.508s][info ][gc,heap     ] GC(124) Old regions: 154->155
[2025-12-06T05:29:18.946+0000][4869.508s][info ][gc,heap     ] GC(124) Archive regions: 2->2
[2025-12-06T05:29:18.946+0000][4869.508s][info ][gc,heap     ] GC(124) Humongous regions: 17->0
[2025-12-06T05:29:18.946+0000][4869.508s][info ][gc,metaspace] GC(124) Metaspace: 202824K(204928K)->202824K(204928K) NonClass: 178440K(179584K)->178440K(179584K) Class: 24383K(25344K)->24383K(25344K)
[2025-12-06T05:29:18.946+0000][4869.508s][info ][gc          ] GC(124) Pause Young (Prepare Mixed) (G1 Evacuation Pause) 509M->157M(550M) 12.218ms
[2025-12-06T05:29:18.946+0000][4869.508s][info ][gc,cpu      ] GC(124) User=0.10s Sys=0.01s Real=0.01s
[2025-12-06T05:29:18.946+0000][4869.508s][info ][safepoint   ] Safepoint "G1CollectForAllocation", Time since last: 54659095019 ns, Reaching safepoint: 125861 ns, Cleanup: 13787 ns, At safepoint: 12621939 ns, Total: 12761587 ns
[2025-12-06T05:29:19.098+0000][4869.659s][debug][safepoint   ] Safepoint synchronization initiated using futex wait barrier. (257 threads)
[2025-12-06T05:29:19.098+0000][4869.660s][debug][safepoint   ] ... found polling page loop exception at pc = 0x000074aabe2d73d7, stub =0x000074aabca04400
[2025-12-06T05:29:19.098+0000][4869.660s][info ][gc,start    ] GC(125) Pause Young (Mixed) (G1 Evacuation Pause)
[2025-12-06T05:29:19.098+0000][4869.660s][info ][gc,task     ] GC(125) Using 13 workers of 13 for evacuation
[2025-12-06T05:29:19.113+0000][4869.675s][info ][gc,phases   ] GC(125)   Pre Evacuate Collection Set: 0.4ms
[2025-12-06T05:29:19.113+0000][4869.675s][info ][gc,phases   ] GC(125)   Merge Heap Roots: 0.4ms
[2025-12-06T05:29:19.113+0000][4869.675s][info ][gc,phases   ] GC(125)   Evacuate Collection Set: 11.9ms
[2025-12-06T05:29:19.113+0000][4869.675s][info ][gc,phases   ] GC(125)   Post Evacuate Collection Set: 1.8ms
[2025-12-06T05:29:19.113+0000][4869.675s][info ][gc,phases   ] GC(125)   Other: 0.2ms
[2025-12-06T05:29:19.113+0000][4869.675s][info ][gc,heap     ] GC(125) Eden regions: 24->0(327)
[2025-12-06T05:29:19.113+0000][4869.675s][info ][gc,heap     ] GC(125) Survivor regions: 3->3(4)
[2025-12-06T05:29:19.113+0000][4869.675s][info ][gc,heap     ] GC(125) Old regions: 155->153
[2025-12-06T05:29:19.113+0000][4869.675s][info ][gc,heap     ] GC(125) Archive regions: 2->2
[2025-12-06T05:29:19.113+0000][4869.675s][info ][gc,heap     ] GC(125) Humongous regions: 0->0
[2025-12-06T05:29:19.113+0000][4869.675s][info ][gc,metaspace] GC(125) Metaspace: 203460K(205312K)->203460K(205312K) NonClass: 178991K(179968K)->178991K(179968K) Class: 24469K(25344K)->24469K(25344K)
[2025-12-06T05:29:19.113+0000][4869.675s][info ][gc          ] GC(125) Pause Young (Mixed) (G1 Evacuation Pause) 181M->155M(550M) 14.809ms
[2025-12-06T05:29:19.113+0000][4869.675s][info ][gc,cpu      ] GC(125) User=0.13s Sys=0.01s Real=0.02s
[2025-12-06T05:29:19.114+0000][4869.676s][info ][safepoint   ] Safepoint "G1CollectForAllocation", Time since last: 151363075 ns, Reaching safepoint: 517773 ns, Cleanup: 4378 ns, At safepoint: 16017720 ns, Total: 16539871 ns
[2025-12-06T05:29:20.115+0000][4870.676s][debug][safepoint   ] Safepoint synchronization initiated using futex wait barrier. (270 threads)
[2025-12-06T05:29:20.115+0000][4870.677s][info ][safepoint   ] Safepoint "Cleanup", Time since last: 1000181289 ns, Reaching safepoint: 105874 ns, Cleanup: 292141 ns, At safepoint: 10751 ns, Total: 408766 ns
[2025-12-06T05:29:21.115+0000][4871.677s][debug][safepoint   ] Safepoint synchronization initiated using futex wait barrier. (268 threads)
[2025-12-06T05:29:21.115+0000][4871.677s][info ][safepoint   ] Safepoint "Cleanup", Time since last: 1000149724 ns, Reaching safepoint: 150299 ns, Cleanup: 13266 ns, At safepoint: 4639 ns, Total: 168204 ns
[2025-12-06T05:29:29.117+0000][4879.679s][debug][safepoint   ] Safepoint synchronization initiated using futex wait barrier. (266 threads)
[2025-12-06T05:29:29.118+0000][4879.679s][info ][safepoint   ] Safepoint "Cleanup", Time since last: 8001929804 ns, Reaching safepoint: 455878 ns, Cleanup: 79092 ns, At safepoint: 7064 ns, Total: 542034 ns
[2025-12-06T05:29:45.119+0000][4895.682s][debug][safepoint   ] Safepoint synchronization initiated using futex wait barrier. (266 threads)
[2025-12-06T05:29:45.119+0000][4895.682s][info ][safepoint   ] Safepoint "Cleanup", Time since last: 16002517057 ns, Reaching safepoint: 367436 ns, Cleanup: 21040 ns, At safepoint: 53192 ns, Total: 441668 ns
[2025-12-06T05:31:15.366+0000][4985.935s][debug][safepoint   ] Safepoint synchronization initiated using futex wait barrier. (265 threads)
[2025-12-06T05:31:15.368+0000][4985.936s][info ][safepoint   ] Safepoint "Cleanup", Time since last: 90252794618 ns, Reaching safepoint: 1025264 ns, Cleanup: 22162 ns, At safepoint: 6091 ns, Total: 1053517 ns
[2025-12-06T05:31:20.369+0000][4990.938s][debug][safepoint   ] Safepoint synchronization initiated using futex wait barrier. (263 threads)
[2025-12-06T05:31:20.369+0000][4990.938s][info ][safepoint   ] Safepoint "Cleanup", Time since last: 5001499517 ns, Reaching safepoint: 117286 ns, Cleanup: 13977 ns, At safepoint: 4879 ns, Total: 136142 ns
[2025-12-06T05:31:28.372+0000][4998.941s][debug][safepoint   ] Safepoint synchronization initiated using futex wait barrier. (265 threads)
[2025-12-06T05:31:28.372+0000][4998.941s][info ][safepoint   ] Safepoint "Cleanup", Time since last: 8003090326 ns, Reaching safepoint: 185677 ns, Cleanup: 21441 ns, At safepoint: 29567 ns, Total: 236685 ns
[2025-12-06T05:31:36.374+0000][5006.943s][debug][safepoint   ] Safepoint synchronization initiated using futex wait barrier. (271 threads)
[2025-12-06T05:31:36.374+0000][5006.943s][info ][safepoint   ] Safepoint "Cleanup", Time since last: 8001376377 ns, Reaching safepoint: 99652 ns, Cleanup: 31330 ns, At safepoint: 3947 ns, Total: 134929 ns
[2025-12-06T05:31:37.374+0000][5007.943s][debug][safepoint   ] Safepoint synchronization initiated using futex wait barrier. (268 threads)
[2025-12-06T05:31:37.374+0000][5007.943s][info ][safepoint   ] Safepoint "Cleanup", Time since last: 1000153000 ns, Reaching safepoint: 137764 ns, Cleanup: 47090 ns, At safepoint: 5080 ns, Total: 189934 ns
[2025-12-06T05:31:39.375+0000][5009.943s][debug][safepoint   ] Safepoint synchronization initiated using futex wait barrier. (270 threads)
[2025-12-06T05:31:39.375+0000][5009.944s][info ][safepoint   ] Safepoint "Cleanup", Time since last: 2000299268 ns, Reaching safepoint: 169725 ns, Cleanup: 17925 ns, At safepoint: 5901 ns, Total: 193551 ns
[2025-12-06T05:31:44.374+0000][5014.944s][debug][safepoint   ] Safepoint synchronization initiated using futex wait barrier. (270 threads)
[2025-12-06T05:31:44.374+0000][5014.944s][info ][safepoint   ] Safepoint "Cleanup", Time since last: 5000747534 ns, Reaching safepoint: 114349 ns, Cleanup: 34947 ns, At safepoint: 5030 ns, Total: 154326 ns
[2025-12-06T05:31:51.375+0000][5021.945s][debug][safepoint   ] Safepoint synchronization initiated using futex wait barrier. (270 threads)
[2025-12-06T05:31:51.375+0000][5021.946s][info ][safepoint   ] Safepoint "Cleanup", Time since last: 7000957051 ns, Reaching safepoint: 131903 ns, Cleanup: 29116 ns, At safepoint: 6803 ns, Total: 167822 ns
[2025-12-06T05:31:54.376+0000][5024.946s][debug][safepoint   ] Safepoint synchronization initiated using futex wait barrier. (272 threads)
[2025-12-06T05:31:54.376+0000][5024.946s][info ][safepoint   ] Safepoint "Cleanup", Time since last: 3000543944 ns, Reaching safepoint: 99261 ns, Cleanup: 22152 ns, At safepoint: 3547 ns, Total: 124960 ns
[2025-12-06T05:32:02.377+0000][5032.948s][debug][safepoint   ] Safepoint synchronization initiated using futex wait barrier. (272 threads)
[2025-12-06T05:32:02.377+0000][5032.948s][info ][safepoint   ] Safepoint "Cleanup", Time since last: 8001336925 ns, Reaching safepoint: 109330 ns, Cleanup: 25379 ns, At safepoint: 5691 ns, Total: 140400 ns
[2025-12-06T05:32:06.378+0000][5036.948s][debug][safepoint   ] Safepoint synchronization initiated using futex wait barrier. (272 threads)
[2025-12-06T05:32:06.378+0000][5036.948s][info ][safepoint   ] Safepoint "Cleanup", Time since last: 4000462707 ns, Reaching safepoint: 70386 ns, Cleanup: 12223 ns, At safepoint: 3056 ns, Total: 85665 ns
[2025-12-06T05:32:07.378+0000][5037.948s][debug][safepoint   ] Safepoint synchronization initiated using futex wait barrier. (272 threads)
[2025-12-06T05:32:07.378+0000][5037.948s][info ][safepoint   ] Safepoint "Cleanup", Time since last: 1000134789 ns, Reaching safepoint: 78421 ns, Cleanup: 17073 ns, At safepoint: 4048 ns, Total: 99542 ns
[2025-12-06T05:32:08.378+0000][5038.949s][debug][safepoint   ] Safepoint synchronization initiated using futex wait barrier. (272 threads)
[2025-12-06T05:32:08.378+0000][5038.949s][info ][safepoint   ] Safepoint "Cleanup", Time since last: 1000306677 ns, Reaching safepoint: 184004 ns, Cleanup: 27583 ns, At safepoint: 4799 ns, Total: 216386 ns
[2025-12-06T05:32:16.398+0000][5046.970s][debug][safepoint   ] Safepoint synchronization initiated using futex wait barrier. (273 threads)
[2025-12-06T05:32:16.398+0000][5046.970s][info ][safepoint   ] Safepoint "Cleanup", Time since last: 8021019293 ns, Reaching safepoint: 134919 ns, Cleanup: 17784 ns, At safepoint: 6042 ns, Total: 158745 ns
[2025-12-06T05:32:36.401+0000][5066.973s][debug][safepoint   ] Safepoint synchronization initiated using futex wait barrier. (274 threads)
[2025-12-06T05:32:36.401+0000][5066.973s][info ][safepoint   ] Safepoint "Cleanup", Time since last: 20003137930 ns, Reaching safepoint: 78070 ns, Cleanup: 12494 ns, At safepoint: 2976 ns, Total: 93540 ns
[2025-12-06T05:32:37.401+0000][5067.974s][debug][safepoint   ] Safepoint synchronization initiated using futex wait barrier. (274 threads)
[2025-12-06T05:32:37.401+0000][5067.974s][info ][safepoint   ] Safepoint "Cleanup", Time since last: 1000134176 ns, Reaching safepoint: 82619 ns, Cleanup: 11973 ns, At safepoint: 3877 ns, Total: 98469 ns
[2025-12-06T05:32:40.402+0000][5070.974s][debug][safepoint   ] Safepoint synchronization initiated using futex wait barrier. (274 threads)
[2025-12-06T05:32:40.402+0000][5070.974s][info ][safepoint   ] Safepoint "Cleanup", Time since last: 3000450728 ns, Reaching safepoint: 131461 ns, Cleanup: 28163 ns, At safepoint: 4188 ns, Total: 163812 ns
[2025-12-06T05:32:43.400+0000][5073.975s][debug][safepoint   ] Safepoint synchronization initiated using futex wait barrier. (274 threads)
[2025-12-06T05:32:43.401+0000][5073.975s][info ][safepoint   ] Safepoint "Cleanup", Time since last: 3000521273 ns, Reaching safepoint: 205872 ns, Cleanup: 25017 ns, At safepoint: 6673 ns, Total: 237562 ns
[2025-12-06T05:32:57.403+0000][5087.977s][debug][safepoint   ] Safepoint synchronization initiated using futex wait barrier. (272 threads)
[2025-12-06T05:32:57.403+0000][5087.977s][info ][safepoint   ] Safepoint "Cleanup", Time since last: 14002012672 ns, Reaching safepoint: 114761 ns, Cleanup: 32683 ns, At safepoint: 7304 ns, Total: 154748 ns
[2025-12-06T05:32:57.596+0000][5088.170s][debug][safepoint   ] Safepoint synchronization initiated using futex wait barrier. (272 threads)
[2025-12-06T05:32:57.596+0000][5088.170s][info ][gc,start    ] GC(126) Pause Young (Concurrent Start) (G1 Evacuation Pause)
[2025-12-06T05:32:57.596+0000][5088.170s][info ][gc,task     ] GC(126) Using 13 workers of 13 for evacuation
[2025-12-06T05:32:57.608+0000][5088.183s][info ][gc,phases   ] GC(126)   Pre Evacuate Collection Set: 0.8ms
[2025-12-06T05:32:57.608+0000][5088.183s][info ][gc,phases   ] GC(126)   Merge Heap Roots: 0.4ms
[2025-12-06T05:32:57.608+0000][5088.183s][info ][gc,phases   ] GC(126)   Evacuate Collection Set: 8.4ms
[2025-12-06T05:32:57.608+0000][5088.183s][info ][gc,phases   ] GC(126)   Post Evacuate Collection Set: 2.1ms
[2025-12-06T05:32:57.608+0000][5088.183s][info ][gc,phases   ] GC(126)   Other: 0.7ms
[2025-12-06T05:32:57.608+0000][5088.183s][info ][gc,heap     ] GC(126) Eden regions: 327->0(325)
[2025-12-06T05:32:57.608+0000][5088.183s][info ][gc,heap     ] GC(126) Survivor regions: 3->5(42)
[2025-12-06T05:32:57.608+0000][5088.183s][info ][gc,heap     ] GC(126) Old regions: 153->153
[2025-12-06T05:32:57.608+0000][5088.183s][info ][gc,heap     ] GC(126) Archive regions: 2->2
[2025-12-06T05:32:57.608+0000][5088.183s][info ][gc,heap     ] GC(126) Humongous regions: 0->0
[2025-12-06T05:32:57.608+0000][5088.183s][info ][gc,metaspace] GC(126) Metaspace: 204747K(206144K)->204747K(206144K) NonClass: 180147K(180800K)->180147K(180800K) Class: 24599K(25344K)->24599K(25344K)
[2025-12-06T05:32:57.608+0000][5088.183s][info ][gc          ] GC(126) Pause Young (Concurrent Start) (G1 Evacuation Pause) 482M->157M(550M) 12.454ms
[2025-12-06T05:32:57.609+0000][5088.183s][info ][gc,cpu      ] GC(126) User=0.09s Sys=0.00s Real=0.01s
[2025-12-06T05:32:57.609+0000][5088.183s][info ][gc          ] GC(127) Concurrent Mark Cycle
[2025-12-06T05:32:57.609+0000][5088.183s][info ][gc,marking  ] GC(127) Concurrent Clear Claimed Marks
[2025-12-06T05:32:57.609+0000][5088.183s][info ][safepoint   ] Safepoint "G1CollectForAllocation", Time since last: 193122959 ns, Reaching safepoint: 72941 ns, Cleanup: 4358 ns, At safepoint: 12816270 ns, Total: 12893569 ns
[2025-12-06T05:32:57.609+0000][5088.183s][info ][gc,marking  ] GC(127) Concurrent Clear Claimed Marks 0.215ms
[2025-12-06T05:32:57.609+0000][5088.183s][info ][gc,marking  ] GC(127) Concurrent Scan Root Regions
[2025-12-06T05:32:57.616+0000][5088.191s][info ][gc,marking  ] GC(127) Concurrent Scan Root Regions 7.255ms
[2025-12-06T05:32:57.616+0000][5088.191s][info ][gc,marking  ] GC(127) Concurrent Mark
[2025-12-06T05:32:57.616+0000][5088.191s][info ][gc,marking  ] GC(127) Concurrent Mark From Roots
[2025-12-06T05:32:57.616+0000][5088.191s][info ][gc,task     ] GC(127) Using 3 workers of 3 for marking
[2025-12-06T05:32:57.714+0000][5088.288s][info ][gc,marking  ] GC(127) Concurrent Mark From Roots 97.721ms
[2025-12-06T05:32:57.714+0000][5088.288s][info ][gc,marking  ] GC(127) Concurrent Preclean
[2025-12-06T05:32:57.715+0000][5088.289s][info ][gc,marking  ] GC(127) Concurrent Preclean 0.563ms
[2025-12-06T05:32:57.715+0000][5088.289s][debug][safepoint   ] Safepoint synchronization initiated using futex wait barrier. (272 threads)
[2025-12-06T05:32:57.715+0000][5088.289s][info ][gc,start    ] GC(127) Pause Remark
[2025-12-06T05:32:57.727+0000][5088.301s][info ][gc          ] GC(127) Pause Remark 161M->161M(550M) 12.123ms
[2025-12-06T05:32:57.727+0000][5088.301s][info ][gc,cpu      ] GC(127) User=0.10s Sys=0.00s Real=0.01s
[2025-12-06T05:32:57.728+0000][5088.303s][info ][safepoint   ] Safepoint "G1PauseRemark", Time since last: 105857885 ns, Reaching safepoint: 38595 ns, Cleanup: 30348 ns, At safepoint: 13493684 ns, Total: 13562627 ns
[2025-12-06T05:32:57.728+0000][5088.303s][info ][gc,marking  ] GC(127) Concurrent Mark 112.104ms
[2025-12-06T05:32:57.728+0000][5088.303s][info ][gc,marking  ] GC(127) Concurrent Rebuild Remembered Sets
[2025-12-06T05:32:57.781+0000][5088.355s][info ][gc,marking  ] GC(127) Concurrent Rebuild Remembered Sets 52.428ms
[2025-12-06T05:32:57.781+0000][5088.355s][debug][safepoint   ] Safepoint synchronization initiated using futex wait barrier. (272 threads)
[2025-12-06T05:32:57.781+0000][5088.355s][info ][gc,start    ] GC(127) Pause Cleanup
[2025-12-06T05:32:57.781+0000][5088.356s][info ][gc          ] GC(127) Pause Cleanup 161M->161M(550M) 0.382ms
[2025-12-06T05:32:57.781+0000][5088.356s][info ][gc,cpu      ] GC(127) User=0.00s Sys=0.00s Real=0.00s
[2025-12-06T05:32:57.781+0000][5088.356s][info ][safepoint   ] Safepoint "G1PauseCleanup", Time since last: 52677152 ns, Reaching safepoint: 45077 ns, Cleanup: 3376 ns, At safepoint: 485466 ns, Total: 533919 ns
[2025-12-06T05:32:57.781+0000][5088.356s][info ][gc,marking  ] GC(127) Concurrent Cleanup for Next Mark
[2025-12-06T05:32:57.794+0000][5088.368s][info ][gc,marking  ] GC(127) Concurrent Cleanup for Next Mark 12.449ms
[2025-12-06T05:32:57.794+0000][5088.368s][info ][gc          ] GC(127) Concurrent Mark Cycle 185.395ms
[2025-12-06T05:32:59.782+0000][5090.356s][debug][safepoint   ] Safepoint synchronization initiated using futex wait barrier. (272 threads)
[2025-12-06T05:32:59.782+0000][5090.356s][info ][safepoint   ] Safepoint "Cleanup", Time since last: 2000350028 ns, Reaching safepoint: 141843 ns, Cleanup: 34356 ns, At safepoint: 5561 ns, Total: 181760 ns
[2025-12-06T05:33:00.782+0000][5091.357s][debug][safepoint   ] Safepoint synchronization initiated using futex wait barrier. (272 threads)
[2025-12-06T05:33:00.782+0000][5091.357s][info ][safepoint   ] Safepoint "Cleanup", Time since last: 1000170996 ns, Reaching safepoint: 194655 ns, Cleanup: 21843 ns, At safepoint: 7674 ns, Total: 224172 ns
[2025-12-06T05:33:12.783+0000][5103.359s][debug][safepoint   ] Safepoint synchronization initiated using futex wait barrier. (272 threads)
[2025-12-06T05:33:12.783+0000][5103.359s][info ][safepoint   ] Safepoint "Cleanup", Time since last: 12002084269 ns, Reaching safepoint: 139296 ns, Cleanup: 22863 ns, At safepoint: 5320 ns, Total: 167479 ns
[2025-12-06T05:33:14.425+0000][5105.001s][debug][safepoint   ] Safepoint synchronization initiated using futex wait barrier. (274 threads)
[2025-12-06T05:33:14.425+0000][5105.001s][info ][safepoint   ] Safepoint "Cleanup", Time since last: 1642207619 ns, Reaching safepoint: 82968 ns, Cleanup: 44114 ns, At safepoint: 32252 ns, Total: 159334 ns
[2025-12-06T05:33:15.425+0000][5106.002s][debug][safepoint   ] Safepoint synchronization initiated using futex wait barrier. (274 threads)
[2025-12-06T05:33:15.426+0000][5106.002s][info ][safepoint   ] Safepoint "Cleanup", Time since last: 1000235901 ns, Reaching safepoint: 184862 ns, Cleanup: 55296 ns, At safepoint: 7394 ns, Total: 247552 ns
[2025-12-06T05:33:19.426+0000][5110.002s][debug][safepoint   ] Safepoint synchronization initiated using futex wait barrier. (270 threads)
[2025-12-06T05:33:19.426+0000][5110.002s][info ][safepoint   ] Safepoint "Cleanup", Time since last: 4000509715 ns, Reaching safepoint: 71556 ns, Cleanup: 33454 ns, At safepoint: 3276 ns, Total: 108286 ns
[2025-12-06T05:33:22.427+0000][5113.003s][debug][safepoint   ] Safepoint synchronization initiated using futex wait barrier. (270 threads)
[2025-12-06T05:33:22.427+0000][5113.003s][info ][safepoint   ] Safepoint "Cleanup", Time since last: 3000441713 ns, Reaching safepoint: 86418 ns, Cleanup: 14738 ns, At safepoint: 4249 ns, Total: 105405 ns
[2025-12-06T05:33:25.427+0000][5116.003s][debug][safepoint   ] Safepoint synchronization initiated using futex wait barrier. (276 threads)
[2025-12-06T05:33:25.427+0000][5116.003s][info ][safepoint   ] Safepoint "Cleanup", Time since last: 3000331919 ns, Reaching safepoint: 89243 ns, Cleanup: 12734 ns, At safepoint: 3116 ns, Total: 105093 ns
[2025-12-06T05:33:28.428+0000][5119.004s][debug][safepoint   ] Safepoint synchronization initiated using futex wait barrier. (277 threads)
[2025-12-06T05:33:28.428+0000][5119.004s][info ][safepoint   ] Safepoint "Cleanup", Time since last: 3000364648 ns, Reaching safepoint: 81386 ns, Cleanup: 15760 ns, At safepoint: 3828 ns, Total: 100974 ns
[2025-12-06T05:33:33.428+0000][5124.005s][debug][safepoint   ] Safepoint synchronization initiated using futex wait barrier. (277 threads)
[2025-12-06T05:33:33.429+0000][5124.005s][info ][safepoint   ] Safepoint "Cleanup", Time since last: 5000659720 ns, Reaching safepoint: 161951 ns, Cleanup: 15911 ns, At safepoint: 6673 ns, Total: 184535 ns
[2025-12-06T05:33:41.428+0000][5132.006s][debug][safepoint   ] Safepoint synchronization initiated using futex wait barrier. (277 threads)
[2025-12-06T05:33:41.428+0000][5132.006s][info ][safepoint   ] Safepoint "Cleanup", Time since last: 8001285567 ns, Reaching safepoint: 104229 ns, Cleanup: 20229 ns, At safepoint: 4418 ns, Total: 128876 ns
[2025-12-06T05:33:42.428+0000][5133.006s][debug][safepoint   ] Safepoint synchronization initiated using futex wait barrier. (277 threads)
[2025-12-06T05:33:42.429+0000][5133.006s][info ][safepoint   ] Safepoint "Cleanup", Time since last: 1000160212 ns, Reaching safepoint: 121081 ns, Cleanup: 19257 ns, At safepoint: 5150 ns, Total: 145488 ns
[2025-12-06T05:33:43.429+0000][5134.007s][debug][safepoint   ] Safepoint synchronization initiated using futex wait barrier. (277 threads)
[2025-12-06T05:33:43.429+0000][5134.007s][info ][safepoint   ] Safepoint "Cleanup", Time since last: 1000129071 ns, Reaching safepoint: 87127 ns, Cleanup: 12774 ns, At safepoint: 4860 ns, Total: 104761 ns
[2025-12-06T05:33:44.429+0000][5135.007s][debug][safepoint   ] Safepoint synchronization initiated using futex wait barrier. (277 threads)
[2025-12-06T05:33:44.429+0000][5135.007s][info ][safepoint   ] Safepoint "Cleanup", Time since last: 1000145948 ns, Reaching safepoint: 76938 ns, Cleanup: 12463 ns, At safepoint: 3347 ns, Total: 92748 ns
[2025-12-06T05:33:45.429+0000][5136.007s][debug][safepoint   ] Safepoint synchronization initiated using futex wait barrier. (277 threads)
[2025-12-06T05:33:45.429+0000][5136.007s][info ][safepoint   ] Safepoint "Cleanup", Time since last: 1000193535 ns, Reaching safepoint: 120501 ns, Cleanup: 18566 ns, At safepoint: 6111 ns, Total: 145178 ns
[2025-12-06T05:33:47.430+0000][5138.008s][debug][safepoint   ] Safepoint synchronization initiated using futex wait barrier. (277 threads)
[2025-12-06T05:33:47.430+0000][5138.008s][info ][safepoint   ] Safepoint "Cleanup", Time since last: 2000343628 ns, Reaching safepoint: 130250 ns, Cleanup: 58483 ns, At safepoint: 5671 ns, Total: 194404 ns
[2025-12-06T05:33:53.431+0000][5144.009s][debug][safepoint   ] Safepoint synchronization initiated using futex wait barrier. (281 threads)
[2025-12-06T05:33:53.431+0000][5144.009s][info ][safepoint   ] Safepoint "Cleanup", Time since last: 6001031152 ns, Reaching safepoint: 94432 ns, Cleanup: 92437 ns, At safepoint: 8737 ns, Total: 195606 ns
[2025-12-06T05:33:57.432+0000][5148.010s][debug][safepoint   ] Safepoint synchronization initiated using futex wait barrier. (279 threads)
[2025-12-06T05:33:57.432+0000][5148.010s][info ][safepoint   ] Safepoint "Cleanup", Time since last: 4000480561 ns, Reaching safepoint: 89312 ns, Cleanup: 45387 ns, At safepoint: 5731 ns, Total: 140430 ns
[2025-12-06T05:33:58.432+0000][5149.010s][debug][safepoint   ] Safepoint synchronization initiated using futex wait barrier. (279 threads)
[2025-12-06T05:33:58.432+0000][5149.010s][info ][safepoint   ] Safepoint "Cleanup", Time since last: 1000171658 ns, Reaching safepoint: 149607 ns, Cleanup: 77690 ns, At safepoint: 163764 ns, Total: 391061 ns
[2025-12-06T05:34:00.433+0000][5151.011s][debug][safepoint   ] Safepoint synchronization initiated using futex wait barrier. (277 threads)
[2025-12-06T05:34:00.433+0000][5151.011s][info ][safepoint   ] Safepoint "Cleanup", Time since last: 2000501358 ns, Reaching safepoint: 168374 ns, Cleanup: 29065 ns, At safepoint: 6092 ns, Total: 203531 ns
[2025-12-06T05:34:02.433+0000][5153.011s][debug][safepoint   ] Safepoint synchronization initiated using futex wait barrier. (277 threads)
[2025-12-06T05:34:02.433+0000][5153.011s][info ][safepoint   ] Safepoint "Cleanup", Time since last: 2000314498 ns, Reaching safepoint: 116434 ns, Cleanup: 16622 ns, At safepoint: 5700 ns, Total: 138756 ns
[2025-12-06T05:34:04.434+0000][5155.012s][debug][safepoint   ] Safepoint synchronization initiated using futex wait barrier. (277 threads)
[2025-12-06T05:34:04.434+0000][5155.012s][info ][safepoint   ] Safepoint "Cleanup", Time since last: 2000276286 ns, Reaching safepoint: 80926 ns, Cleanup: 12303 ns, At safepoint: 3828 ns, Total: 97057 ns
[2025-12-06T05:34:27.461+0000][5178.041s][debug][safepoint   ] Safepoint synchronization initiated using futex wait barrier. (277 threads)
[2025-12-06T05:34:27.461+0000][5178.041s][info ][safepoint   ] Safepoint "Cleanup", Time since last: 23029078500 ns, Reaching safepoint: 121804 ns, Cleanup: 34867 ns, At safepoint: 6994 ns, Total: 163665 ns
[2025-12-06T05:34:28.461+0000][5179.041s][debug][safepoint   ] Safepoint synchronization initiated using futex wait barrier. (275 threads)
[2025-12-06T05:34:28.462+0000][5179.042s][info ][safepoint   ] Safepoint "Cleanup", Time since last: 1000261873 ns, Reaching safepoint: 470704 ns, Cleanup: 22263 ns, At safepoint: 8216 ns, Total: 501183 ns
[2025-12-06T05:34:33.463+0000][5184.043s][debug][safepoint   ] Safepoint synchronization initiated using futex wait barrier. (277 threads)
[2025-12-06T05:34:33.463+0000][5184.043s][info ][safepoint   ] Safepoint "Cleanup", Time since last: 5001326021 ns, Reaching safepoint: 90995 ns, Cleanup: 14548 ns, At safepoint: 4258 ns, Total: 109801 ns
[2025-12-06T05:34:39.464+0000][5190.044s][debug][safepoint   ] Safepoint synchronization initiated using futex wait barrier. (278 threads)
[2025-12-06T05:34:39.464+0000][5190.044s][info ][safepoint   ] Safepoint "Cleanup", Time since last: 6000716891 ns, Reaching safepoint: 88360 ns, Cleanup: 12283 ns, At safepoint: 3667 ns, Total: 104310 ns
[2025-12-06T05:34:41.463+0000][5192.044s][debug][safepoint   ] Safepoint synchronization initiated using futex wait barrier. (278 threads)
[2025-12-06T05:34:41.463+0000][5192.044s][info ][safepoint   ] Safepoint "Cleanup", Time since last: 2000253502 ns, Reaching safepoint: 100022 ns, Cleanup: 19297 ns, At safepoint: 4559 ns, Total: 123878 ns
[2025-12-06T05:34:42.463+0000][5193.045s][debug][safepoint   ] Safepoint synchronization initiated using futex wait barrier. (278 threads)
[2025-12-06T05:34:42.463+0000][5193.045s][info ][safepoint   ] Safepoint "Cleanup", Time since last: 1000149246 ns, Reaching safepoint: 79984 ns, Cleanup: 11492 ns, At safepoint: 50026 ns, Total: 141502 ns
[2025-12-06T05:34:43.463+0000][5194.045s][debug][safepoint   ] Safepoint synchronization initiated using futex wait barrier. (278 threads)
[2025-12-06T05:34:43.463+0000][5194.045s][info ][safepoint   ] Safepoint "Cleanup", Time since last: 1000148980 ns, Reaching safepoint: 83340 ns, Cleanup: 13145 ns, At safepoint: 3887 ns, Total: 100372 ns
[2025-12-06T05:34:44.463+0000][5195.045s][debug][safepoint   ] Safepoint synchronization initiated using futex wait barrier. (278 threads)
[2025-12-06T05:34:44.464+0000][5195.045s][info ][safepoint   ] Safepoint "Cleanup", Time since last: 1000193920 ns, Reaching safepoint: 81997 ns, Cleanup: 20039 ns, At safepoint: 3817 ns, Total: 105853 ns
[2025-12-06T05:34:48.465+0000][5199.046s][debug][safepoint   ] Safepoint synchronization initiated using futex wait barrier. (278 threads)
[2025-12-06T05:34:48.465+0000][5199.046s][info ][safepoint   ] Safepoint "Cleanup", Time since last: 4000982982 ns, Reaching safepoint: 138135 ns, Cleanup: 30609 ns, At safepoint: 6342 ns, Total: 175086 ns
[2025-12-06T05:34:51.465+0000][5202.047s][debug][safepoint   ] Safepoint synchronization initiated using futex wait barrier. (280 threads)
[2025-12-06T05:34:51.465+0000][5202.047s][info ][safepoint   ] Safepoint "Cleanup", Time since last: 3000414750 ns, Reaching safepoint: 99310 ns, Cleanup: 12184 ns, At safepoint: 4288 ns, Total: 115782 ns
[2025-12-06T05:34:56.466+0000][5207.048s][debug][safepoint   ] Safepoint synchronization initiated using futex wait barrier. (280 threads)
[2025-12-06T05:34:56.466+0000][5207.048s][info ][safepoint   ] Safepoint "Cleanup", Time since last: 5000634428 ns, Reaching safepoint: 85775 ns, Cleanup: 21341 ns, At safepoint: 4148 ns, Total: 111264 ns
[2025-12-06T05:34:59.467+0000][5210.048s][debug][safepoint   ] Safepoint synchronization initiated using futex wait barrier. (280 threads)
[2025-12-06T05:34:59.467+0000][5210.049s][info ][safepoint   ] Safepoint "Cleanup", Time since last: 3000553217 ns, Reaching safepoint: 472287 ns, Cleanup: 30369 ns, At safepoint: 51990 ns, Total: 554646 ns
[2025-12-06T05:35:10.468+0000][5221.050s][debug][safepoint   ] Safepoint synchronization initiated using futex wait barrier. (280 threads)
[2025-12-06T05:35:10.469+0000][5221.050s][info ][safepoint   ] Safepoint "Cleanup", Time since last: 11001386202 ns, Reaching safepoint: 159696 ns, Cleanup: 14228 ns, At safepoint: 5590 ns, Total: 179514 ns
[2025-12-06T05:35:11.467+0000][5222.051s][debug][safepoint   ] Safepoint synchronization initiated using futex wait barrier. (280 threads)
[2025-12-06T05:35:11.467+0000][5222.051s][info ][safepoint   ] Safepoint "Cleanup", Time since last: 1000208526 ns, Reaching safepoint: 110462 ns, Cleanup: 18385 ns, At safepoint: 4939 ns, Total: 133786 ns
[2025-12-06T05:35:12.467+0000][5223.051s][debug][safepoint   ] Safepoint synchronization initiated using futex wait barrier. (280 threads)
[2025-12-06T05:35:12.467+0000][5223.051s][info ][safepoint   ] Safepoint "Cleanup", Time since last: 1000250715 ns, Reaching safepoint: 168890 ns, Cleanup: 27212 ns, At safepoint: 5300 ns, Total: 201402 ns
[2025-12-06T05:35:17.498+0000][5228.082s][debug][safepoint   ] Safepoint synchronization initiated using futex wait barrier. (280 threads)
[2025-12-06T05:35:17.498+0000][5228.082s][info ][safepoint   ] Safepoint "Cleanup", Time since last: 5030615571 ns, Reaching safepoint: 75122 ns, Cleanup: 16552 ns, At safepoint: 2995 ns, Total: 94669 ns
[2025-12-06T05:35:26.500+0000][5237.084s][debug][safepoint   ] Safepoint synchronization initiated using futex wait barrier. (281 threads)
[2025-12-06T05:35:26.500+0000][5237.084s][info ][safepoint   ] Safepoint "Cleanup", Time since last: 9002110584 ns, Reaching safepoint: 86658 ns, Cleanup: 12855 ns, At safepoint: 4138 ns, Total: 103651 ns
[2025-12-06T05:35:30.501+0000][5241.085s][debug][safepoint   ] Safepoint synchronization initiated using futex wait barrier. (280 threads)
[2025-12-06T05:35:30.501+0000][5241.085s][info ][safepoint   ] Safepoint "Cleanup", Time since last: 4000659795 ns, Reaching safepoint: 143656 ns, Cleanup: 17504 ns, At safepoint: 5530 ns, Total: 166690 ns
[2025-12-06T05:35:36.502+0000][5247.086s][debug][safepoint   ] Safepoint synchronization initiated using futex wait barrier. (281 threads)
[2025-12-06T05:35:36.502+0000][5247.086s][info ][safepoint   ] Safepoint "Cleanup", Time since last: 6000931200 ns, Reaching safepoint: 132644 ns, Cleanup: 21932 ns, At safepoint: 5050 ns, Total: 159626 ns
[2025-12-06T05:35:38.503+0000][5249.086s][debug][safepoint   ] Safepoint synchronization initiated using futex wait barrier. (282 threads)
[2025-12-06T05:35:38.503+0000][5249.087s][info ][safepoint   ] Safepoint "Cleanup", Time since last: 2000359791 ns, Reaching safepoint: 119199 ns, Cleanup: 13886 ns, At safepoint: 4339 ns, Total: 137424 ns
[2025-12-06T05:35:43.502+0000][5254.087s][debug][safepoint   ] Safepoint synchronization initiated using futex wait barrier. (282 threads)
[2025-12-06T05:35:43.502+0000][5254.087s][info ][safepoint   ] Safepoint "Cleanup", Time since last: 5000612281 ns, Reaching safepoint: 124549 ns, Cleanup: 23365 ns, At safepoint: 5370 ns, Total: 153284 ns
[2025-12-06T05:35:46.502+0000][5257.088s][debug][safepoint   ] Safepoint synchronization initiated using futex wait barrier. (282 threads)
[2025-12-06T05:35:46.503+0000][5257.088s][info ][safepoint   ] Safepoint "Cleanup", Time since last: 3000431063 ns, Reaching safepoint: 110742 ns, Cleanup: 12845 ns, At safepoint: 4619 ns, Total: 128206 ns
[2025-12-06T05:35:47.503+0000][5258.088s][debug][safepoint   ] Safepoint synchronization initiated using futex wait barrier. (282 threads)
[2025-12-06T05:35:47.503+0000][5258.088s][info ][safepoint   ] Safepoint "Cleanup", Time since last: 1000181458 ns, Reaching safepoint: 134638 ns, Cleanup: 32723 ns, At safepoint: 7605 ns, Total: 174966 ns
[2025-12-06T05:35:48.503+0000][5259.088s][debug][safepoint   ] Safepoint synchronization initiated using futex wait barrier. (282 threads)
[2025-12-06T05:35:48.503+0000][5259.088s][info ][safepoint   ] Safepoint "Cleanup", Time since last: 1000147311 ns, Reaching safepoint: 74974 ns, Cleanup: 11331 ns, At safepoint: 41520 ns, Total: 127825 ns
[2025-12-06T05:35:51.504+0000][5262.089s][debug][safepoint   ] Safepoint synchronization initiated using futex wait barrier. (282 threads)
[2025-12-06T05:35:51.504+0000][5262.089s][info ][safepoint   ] Safepoint "Cleanup", Time since last: 3000476844 ns, Reaching safepoint: 312170 ns, Cleanup: 49455 ns, At safepoint: 16010 ns, Total: 377635 ns
[2025-12-06T05:35:52.879+0000][5263.465s][debug][safepoint   ] Safepoint synchronization initiated using futex wait barrier. (282 threads)
[2025-12-06T05:35:52.880+0000][5263.465s][info ][gc,start    ] GC(128) Pause Young (Prepare Mixed) (G1 Evacuation Pause)
[2025-12-06T05:35:52.880+0000][5263.465s][info ][gc,task     ] GC(128) Using 13 workers of 13 for evacuation
[2025-12-06T05:35:52.892+0000][5263.477s][info ][gc,phases   ] GC(128)   Pre Evacuate Collection Set: 0.6ms
[2025-12-06T05:35:52.892+0000][5263.477s][info ][gc,phases   ] GC(128)   Merge Heap Roots: 0.8ms
[2025-12-06T05:35:52.892+0000][5263.477s][info ][gc,phases   ] GC(128)   Evacuate Collection Set: 7.6ms
[2025-12-06T05:35:52.892+0000][5263.477s][info ][gc,phases   ] GC(128)   Post Evacuate Collection Set: 2.8ms
[2025-12-06T05:35:52.892+0000][5263.477s][info ][gc,phases   ] GC(128)   Other: 0.5ms
[2025-12-06T05:35:52.892+0000][5263.477s][info ][gc,heap     ] GC(128) Eden regions: 325->0(21)
[2025-12-06T05:35:52.892+0000][5263.477s][info ][gc,heap     ] GC(128) Survivor regions: 5->6(42)
[2025-12-06T05:35:52.892+0000][5263.477s][info ][gc,heap     ] GC(128) Old regions: 153->153
[2025-12-06T05:35:52.892+0000][5263.477s][info ][gc,heap     ] GC(128) Archive regions: 2->2
[2025-12-06T05:35:52.892+0000][5263.477s][info ][gc,heap     ] GC(128) Humongous regions: 0->0
[2025-12-06T05:35:52.892+0000][5263.477s][info ][gc,metaspace] GC(128) Metaspace: 205325K(206720K)->205325K(206720K) NonClass: 180705K(181376K)->180705K(181376K) Class: 24619K(25344K)->24619K(25344K)
[2025-12-06T05:35:52.892+0000][5263.477s][info ][gc          ] GC(128) Pause Young (Prepare Mixed) (G1 Evacuation Pause) 482M->159M(550M) 12.360ms
[2025-12-06T05:35:52.892+0000][5263.477s][info ][gc,cpu      ] GC(128) User=0.10s Sys=0.00s Real=0.01s
[2025-12-06T05:35:52.893+0000][5263.478s][info ][safepoint   ] Safepoint "G1CollectForAllocation", Time since last: 1375219101 ns, Reaching safepoint: 217498 ns, Cleanup: 6432 ns, At safepoint: 13126703 ns, Total: 13350633 ns
[2025-12-06T05:35:54.893+0000][5265.478s][debug][safepoint   ] Safepoint synchronization initiated using futex wait barrier. (282 threads)
[2025-12-06T05:35:54.893+0000][5265.478s][info ][safepoint   ] Safepoint "Cleanup", Time since last: 2000330621 ns, Reaching safepoint: 106785 ns, Cleanup: 12164 ns, At safepoint: 5290 ns, Total: 124239 ns
[2025-12-06T05:35:56.893+0000][5267.479s][debug][safepoint   ] Safepoint synchronization initiated using futex wait barrier. (282 threads)
[2025-12-06T05:35:56.893+0000][5267.479s][info ][safepoint   ] Safepoint "Cleanup", Time since last: 2000245116 ns, Reaching safepoint: 75004 ns, Cleanup: 12905 ns, At safepoint: 5089 ns, Total: 92998 ns
[2025-12-06T05:36:03.894+0000][5274.480s][debug][safepoint   ] Safepoint synchronization initiated using futex wait barrier. (282 threads)
[2025-12-06T05:36:03.895+0000][5274.480s][info ][safepoint   ] Safepoint "Cleanup", Time since last: 7001038929 ns, Reaching safepoint: 206296 ns, Cleanup: 21231 ns, At safepoint: 7344 ns, Total: 234871 ns
[2025-12-06T05:36:08.199+0000][5278.784s][debug][safepoint   ] Safepoint synchronization initiated using futex wait barrier. (282 threads)
[2025-12-06T05:36:08.199+0000][5278.784s][info ][gc,start    ] GC(129) Pause Young (Mixed) (G1 Evacuation Pause)
[2025-12-06T05:36:08.199+0000][5278.784s][info ][gc,task     ] GC(129) Using 13 workers of 13 for evacuation
[2025-12-06T05:36:08.236+0000][5278.822s][info ][gc,phases   ] GC(129)   Pre Evacuate Collection Set: 0.7ms
[2025-12-06T05:36:08.236+0000][5278.822s][info ][gc,phases   ] GC(129)   Merge Heap Roots: 1.2ms
[2025-12-06T05:36:08.236+0000][5278.822s][info ][gc,phases   ] GC(129)   Evacuate Collection Set: 33.1ms
[2025-12-06T05:36:08.236+0000][5278.822s][info ][gc,phases   ] GC(129)   Post Evacuate Collection Set: 2.3ms
[2025-12-06T05:36:08.236+0000][5278.822s][info ][gc,phases   ] GC(129)   Other: 0.2ms
[2025-12-06T05:36:08.237+0000][5278.822s][info ][gc,heap     ] GC(129) Eden regions: 21->0(327)
[2025-12-06T05:36:08.237+0000][5278.822s][info ][gc,heap     ] GC(129) Survivor regions: 6->3(4)
[2025-12-06T05:36:08.237+0000][5278.822s][info ][gc,heap     ] GC(129) Old regions: 153->155
[2025-12-06T05:36:08.237+0000][5278.822s][info ][gc,heap     ] GC(129) Archive regions: 2->2
[2025-12-06T05:36:08.237+0000][5278.822s][info ][gc,heap     ] GC(129) Humongous regions: 0->0
[2025-12-06T05:36:08.237+0000][5278.822s][info ][gc,metaspace] GC(129) Metaspace: 205342K(206720K)->205342K(206720K) NonClass: 180722K(181376K)->180722K(181376K) Class: 24620K(25344K)->24620K(25344K)
[2025-12-06T05:36:08.237+0000][5278.822s][info ][gc          ] GC(129) Pause Young (Mixed) (G1 Evacuation Pause) 180M->157M(550M) 37.673ms
[2025-12-06T05:36:08.237+0000][5278.822s][info ][gc,cpu      ] GC(129) User=0.43s Sys=0.00s Real=0.04s
[2025-12-06T05:36:08.238+0000][5278.823s][info ][safepoint   ] Safepoint "G1CollectForAllocation", Time since last: 4303911069 ns, Reaching safepoint: 242215 ns, Cleanup: 25309 ns, At safepoint: 39077755 ns, Total: 39345279 ns
[2025-12-06T05:36:48.530+0000][5319.119s][debug][safepoint   ] Safepoint synchronization initiated using futex wait barrier. (282 threads)
[2025-12-06T05:36:48.530+0000][5319.119s][info ][safepoint   ] Safepoint "Cleanup", Time since last: 40295618290 ns, Reaching safepoint: 177861 ns, Cleanup: 15210 ns, At safepoint: 6993 ns, Total: 200064 ns
[2025-12-06T05:36:57.532+0000][5328.121s][debug][safepoint   ] Safepoint synchronization initiated using futex wait barrier. (279 threads)
[2025-12-06T05:36:57.532+0000][5328.121s][info ][safepoint   ] Safepoint "Cleanup", Time since last: 9001567089 ns, Reaching safepoint: 167061 ns, Cleanup: 15029 ns, At safepoint: 5049 ns, Total: 187139 ns
[2025-12-06T05:37:15.559+0000][5346.150s][debug][safepoint   ] Safepoint synchronization initiated using futex wait barrier. (274 threads)
[2025-12-06T05:37:15.559+0000][5346.150s][info ][safepoint   ] Safepoint "Cleanup", Time since last: 18029255074 ns, Reaching safepoint: 85193 ns, Cleanup: 72629 ns, At safepoint: 6212 ns, Total: 164034 ns
[2025-12-06T05:37:40.563+0000][5371.154s][debug][safepoint   ] Safepoint synchronization initiated using futex wait barrier. (280 threads)
[2025-12-06T05:37:40.564+0000][5371.155s][info ][safepoint   ] Safepoint "Cleanup", Time since last: 25003630967 ns, Reaching safepoint: 1060548 ns, Cleanup: 52331 ns, At safepoint: 6572 ns, Total: 1119451 ns
[2025-12-06T05:37:48.391+0000][5378.984s][debug][safepoint   ] Safepoint synchronization initiated using futex wait barrier. (280 threads)
[2025-12-06T05:37:48.391+0000][5378.984s][info ][safepoint   ] Safepoint "Cleanup", Time since last: 7828577527 ns, Reaching safepoint: 53813 ns, Cleanup: 7044 ns, At safepoint: 23836 ns, Total: 84693 ns
[2025-12-06T05:37:49.391+0000][5379.984s][debug][safepoint   ] Safepoint synchronization initiated using futex wait barrier. (280 threads)
[2025-12-06T05:37:49.391+0000][5379.984s][info ][safepoint   ] Safepoint "Cleanup", Time since last: 1000127451 ns, Reaching safepoint: 87628 ns, Cleanup: 19477 ns, At safepoint: 3327 ns, Total: 110432 ns
[2025-12-06T05:38:00.392+0000][5390.985s][debug][safepoint   ] Safepoint synchronization initiated using futex wait barrier. (281 threads)
[2025-12-06T05:38:00.393+0000][5390.986s][info ][safepoint   ] Safepoint "Cleanup", Time since last: 11001371279 ns, Reaching safepoint: 363438 ns, Cleanup: 15891 ns, At safepoint: 65405 ns, Total: 444734 ns
[2025-12-06T05:38:01.393+0000][5391.986s][debug][safepoint   ] Safepoint synchronization initiated using futex wait barrier. (279 threads)
[2025-12-06T05:38:01.393+0000][5391.986s][info ][safepoint   ] Safepoint "Cleanup", Time since last: 1000162238 ns, Reaching safepoint: 73871 ns, Cleanup: 12855 ns, At safepoint: 3667 ns, Total: 90393 ns
[2025-12-06T05:38:04.393+0000][5394.986s][debug][safepoint   ] Safepoint synchronization initiated using futex wait barrier. (279 threads)
[2025-12-06T05:38:04.393+0000][5394.986s][info ][safepoint   ] Safepoint "Cleanup", Time since last: 3000406508 ns, Reaching safepoint: 84522 ns, Cleanup: 22203 ns, At safepoint: 3907 ns, Total: 110632 ns
[2025-12-06T05:38:06.394+0000][5396.987s][debug][safepoint   ] Safepoint synchronization initiated using futex wait barrier. (279 threads)
[2025-12-06T05:38:06.394+0000][5396.987s][info ][safepoint   ] Safepoint "Cleanup", Time since last: 2000272955 ns, Reaching safepoint: 72209 ns, Cleanup: 11552 ns, At safepoint: 3737 ns, Total: 87498 ns
[2025-12-06T05:38:09.131+0000][5399.724s][debug][safepoint   ] Safepoint synchronization initiated using futex wait barrier. (279 threads)
[2025-12-06T05:38:09.132+0000][5399.724s][debug][safepoint   ] ... found polling page loop exception at pc = 0x000074aabe142ddc, stub =0x000074aabca04400
[2025-12-06T05:38:09.132+0000][5399.725s][info ][gc,start    ] GC(130) Pause Young (Concurrent Start) (G1 Humongous Allocation)
[2025-12-06T05:38:09.132+0000][5399.725s][info ][gc,task     ] GC(130) Using 13 workers of 13 for evacuation
[2025-12-06T05:38:09.140+0000][5399.733s][info ][gc,phases   ] GC(130)   Pre Evacuate Collection Set: 0.8ms
[2025-12-06T05:38:09.140+0000][5399.733s][info ][gc,phases   ] GC(130)   Merge Heap Roots: 0.3ms
[2025-12-06T05:38:09.140+0000][5399.733s][info ][gc,phases   ] GC(130)   Evacuate Collection Set: 4.4ms
[2025-12-06T05:38:09.140+0000][5399.733s][info ][gc,phases   ] GC(130)   Post Evacuate Collection Set: 1.7ms
[2025-12-06T05:38:09.140+0000][5399.733s][info ][gc,phases   ] GC(130)   Other: 0.7ms
[2025-12-06T05:38:09.140+0000][5399.733s][info ][gc,heap     ] GC(130) Eden regions: 171->0(326)
[2025-12-06T05:38:09.140+0000][5399.733s][info ][gc,heap     ] GC(130) Survivor regions: 3->4(42)
[2025-12-06T05:38:09.140+0000][5399.733s][info ][gc,heap     ] GC(130) Old regions: 155->155
[2025-12-06T05:38:09.140+0000][5399.733s][info ][gc,heap     ] GC(130) Archive regions: 2->2
[2025-12-06T05:38:09.140+0000][5399.733s][info ][gc,heap     ] GC(130) Humongous regions: 0->0
[2025-12-06T05:38:09.140+0000][5399.733s][info ][gc,metaspace] GC(130) Metaspace: 205431K(206848K)->205431K(206848K) NonClass: 180809K(181504K)->180809K(181504K) Class: 24621K(25344K)->24621K(25344K)
[2025-12-06T05:38:09.140+0000][5399.733s][info ][gc          ] GC(130) Pause Young (Concurrent Start) (G1 Humongous Allocation) 328M->158M(550M) 8.039ms
[2025-12-06T05:38:09.140+0000][5399.733s][info ][gc,cpu      ] GC(130) User=0.05s Sys=0.00s Real=0.01s
[2025-12-06T05:38:09.140+0000][5399.733s][info ][gc          ] GC(131) Concurrent Mark Cycle
[2025-12-06T05:38:09.140+0000][5399.733s][info ][gc,marking  ] GC(131) Concurrent Clear Claimed Marks
[2025-12-06T05:38:09.140+0000][5399.733s][info ][gc,marking  ] GC(131) Concurrent Clear Claimed Marks 0.225ms
[2025-12-06T05:38:09.140+0000][5399.733s][info ][gc,marking  ] GC(131) Concurrent Scan Root Regions
[2025-12-06T05:38:09.140+0000][5399.733s][info ][safepoint   ] Safepoint "G1TryInitiateConcMark", Time since last: 2737621699 ns, Reaching safepoint: 193597 ns, Cleanup: 16622 ns, At safepoint: 8753564 ns, Total: 8963783 ns
[2025-12-06T05:38:09.147+0000][5399.740s][info ][gc,marking  ] GC(131) Concurrent Scan Root Regions 6.255ms
[2025-12-06T05:38:09.147+0000][5399.740s][info ][gc,marking  ] GC(131) Concurrent Mark
[2025-12-06T05:38:09.147+0000][5399.740s][info ][gc,marking  ] GC(131) Concurrent Mark From Roots
[2025-12-06T05:38:09.147+0000][5399.740s][info ][gc,task     ] GC(131) Using 3 workers of 3 for marking
[2025-12-06T05:38:09.295+0000][5399.888s][info ][gc,marking  ] GC(131) Concurrent Mark From Roots 148.288ms
[2025-12-06T05:38:09.295+0000][5399.888s][info ][gc,marking  ] GC(131) Concurrent Preclean
[2025-12-06T05:38:09.296+0000][5399.889s][info ][gc,marking  ] GC(131) Concurrent Preclean 0.587ms
[2025-12-06T05:38:09.296+0000][5399.889s][debug][safepoint   ] Safepoint synchronization initiated using futex wait barrier. (279 threads)
[2025-12-06T05:38:09.296+0000][5399.889s][info ][gc,start    ] GC(131) Pause Remark
[2025-12-06T05:38:09.309+0000][5399.902s][info ][gc          ] GC(131) Pause Remark 183M->183M(550M) 13.020ms
[2025-12-06T05:38:09.309+0000][5399.902s][info ][gc,cpu      ] GC(131) User=0.13s Sys=0.00s Real=0.01s
[2025-12-06T05:38:09.310+0000][5399.903s][info ][safepoint   ] Safepoint "G1PauseRemark", Time since last: 155270097 ns, Reaching safepoint: 120311 ns, Cleanup: 14809 ns, At safepoint: 13775718 ns, Total: 13910838 ns
[2025-12-06T05:38:09.310+0000][5399.903s][info ][gc,marking  ] GC(131) Concurrent Mark 163.057ms
[2025-12-06T05:38:09.310+0000][5399.903s][info ][gc,marking  ] GC(131) Concurrent Rebuild Remembered Sets
[2025-12-06T05:38:09.358+0000][5399.951s][info ][gc,marking  ] GC(131) Concurrent Rebuild Remembered Sets 48.664ms
[2025-12-06T05:38:09.359+0000][5399.951s][debug][safepoint   ] Safepoint synchronization initiated using futex wait barrier. (279 threads)
[2025-12-06T05:38:09.359+0000][5399.952s][info ][gc,start    ] GC(131) Pause Cleanup
[2025-12-06T05:38:09.359+0000][5399.952s][info ][gc          ] GC(131) Pause Cleanup 183M->183M(550M) 0.365ms
[2025-12-06T05:38:09.359+0000][5399.952s][info ][gc,cpu      ] GC(131) User=0.00s Sys=0.00s Real=0.00s
[2025-12-06T05:38:09.359+0000][5399.952s][info ][safepoint   ] Safepoint "G1PauseCleanup", Time since last: 48932920 ns, Reaching safepoint: 41630 ns, Cleanup: 29597 ns, At safepoint: 521271 ns, Total: 592498 ns
[2025-12-06T05:38:09.359+0000][5399.952s][info ][gc,marking  ] GC(131) Concurrent Cleanup for Next Mark
[2025-12-06T05:38:09.363+0000][5399.956s][info ][gc,marking  ] GC(131) Concurrent Cleanup for Next Mark 3.398ms
[2025-12-06T05:38:09.363+0000][5399.956s][info ][gc          ] GC(131) Concurrent Mark Cycle 222.557ms
[2025-12-06T05:38:10.359+0000][5400.952s][debug][safepoint   ] Safepoint synchronization initiated using futex wait barrier. (279 threads)
[2025-12-06T05:38:10.360+0000][5400.953s][info ][safepoint   ] Safepoint "Cleanup", Time since last: 1000249404 ns, Reaching safepoint: 142563 ns, Cleanup: 39536 ns, At safepoint: 4689 ns, Total: 186788 ns
[2025-12-06T05:38:11.358+0000][5401.953s][debug][safepoint   ] Safepoint synchronization initiated using futex wait barrier. (279 threads)
[2025-12-06T05:38:11.358+0000][5401.953s][debug][safepoint   ] ... found polling page loop exception at pc = 0x000074aabe0955de, stub =0x000074aabca04400
[2025-12-06T05:38:11.358+0000][5401.953s][info ][safepoint   ] Safepoint "Cleanup", Time since last: 1000212522 ns, Reaching safepoint: 114019 ns, Cleanup: 57621 ns, At safepoint: 28975 ns, Total: 200615 ns
[2025-12-06T05:38:12.358+0000][5402.953s][debug][safepoint   ] Safepoint synchronization initiated using futex wait barrier. (280 threads)
[2025-12-06T05:38:12.359+0000][5402.953s][info ][safepoint   ] Safepoint "Cleanup", Time since last: 1000131715 ns, Reaching safepoint: 70496 ns, Cleanup: 22863 ns, At safepoint: 3347 ns, Total: 96706 ns
[2025-12-06T05:38:13.359+0000][5403.953s][debug][safepoint   ] Safepoint synchronization initiated using futex wait barrier. (281 threads)
[2025-12-06T05:38:13.359+0000][5403.953s][info ][safepoint   ] Safepoint "Cleanup", Time since last: 1000149161 ns, Reaching safepoint: 94492 ns, Cleanup: 14357 ns, At safepoint: 3677 ns, Total: 112526 ns
[2025-12-06T05:38:14.591+0000][5405.186s][debug][safepoint   ] Safepoint synchronization initiated using futex wait barrier. (281 threads)
[2025-12-06T05:38:14.591+0000][5405.186s][info ][safepoint   ] Safepoint "Cleanup", Time since last: 1232249893 ns, Reaching safepoint: 80374 ns, Cleanup: 64424 ns, At safepoint: 9539 ns, Total: 154337 ns
[2025-12-06T05:38:21.592+0000][5412.187s][debug][safepoint   ] Safepoint synchronization initiated using futex wait barrier. (280 threads)
[2025-12-06T05:38:21.592+0000][5412.187s][info ][safepoint   ] Safepoint "Cleanup", Time since last: 7000928724 ns, Reaching safepoint: 135710 ns, Cleanup: 21441 ns, At safepoint: 5431 ns, Total: 162582 ns
[2025-12-06T05:38:32.594+0000][5423.189s][debug][safepoint   ] Safepoint synchronization initiated using futex wait barrier. (281 threads)
[2025-12-06T05:38:32.594+0000][5423.189s][info ][safepoint   ] Safepoint "Cleanup", Time since last: 11001669559 ns, Reaching safepoint: 249569 ns, Cleanup: 27673 ns, At safepoint: 7495 ns, Total: 284737 ns
[2025-12-06T05:38:34.595+0000][5425.189s][debug][safepoint   ] Safepoint synchronization initiated using futex wait barrier. (281 threads)
[2025-12-06T05:38:34.595+0000][5425.189s][info ][safepoint   ] Safepoint "Cleanup", Time since last: 2000273668 ns, Reaching safepoint: 102337 ns, Cleanup: 30338 ns, At safepoint: 4779 ns, Total: 137454 ns
[2025-12-06T05:38:35.595+0000][5426.190s][debug][safepoint   ] Safepoint synchronization initiated using futex wait barrier. (281 threads)
[2025-12-06T05:38:35.596+0000][5426.191s][info ][safepoint   ] Safepoint "Cleanup", Time since last: 1000413872 ns, Reaching safepoint: 549495 ns, Cleanup: 63192 ns, At safepoint: 305737 ns, Total: 918424 ns
[2025-12-06T05:38:36.596+0000][5427.191s][debug][safepoint   ] Safepoint synchronization initiated using futex wait barrier. (281 threads)
[2025-12-06T05:38:36.596+0000][5427.191s][info ][safepoint   ] Safepoint "Cleanup", Time since last: 1000180135 ns, Reaching safepoint: 78471 ns, Cleanup: 12874 ns, At safepoint: 4008 ns, Total: 95353 ns
[2025-12-06T05:38:39.597+0000][5430.191s][debug][safepoint   ] Safepoint synchronization initiated using futex wait barrier. (281 threads)
[2025-12-06T05:38:39.597+0000][5430.191s][info ][safepoint   ] Safepoint "Cleanup", Time since last: 3000350725 ns, Reaching safepoint: 78451 ns, Cleanup: 16972 ns, At safepoint: 3116 ns, Total: 98539 ns
[2025-12-06T05:38:40.597+0000][5431.192s][debug][safepoint   ] Safepoint synchronization initiated using futex wait barrier. (280 threads)
[2025-12-06T05:38:40.597+0000][5431.192s][info ][safepoint   ] Safepoint "Cleanup", Time since last: 1000260754 ns, Reaching safepoint: 196417 ns, Cleanup: 31901 ns, At safepoint: 36901 ns, Total: 265219 ns
[2025-12-06T05:38:50.597+0000][5441.193s][debug][safepoint   ] Safepoint synchronization initiated using futex wait barrier. (280 threads)
[2025-12-06T05:38:50.597+0000][5441.194s][info ][safepoint   ] Safepoint "Cleanup", Time since last: 10001364267 ns, Reaching safepoint: 326727 ns, Cleanup: 62390 ns, At safepoint: 8657 ns, Total: 397774 ns
[2025-12-06T05:38:53.598+0000][5444.195s][debug][safepoint   ] Safepoint synchronization initiated using futex wait barrier. (280 threads)
[2025-12-06T05:38:53.599+0000][5444.195s][info ][safepoint   ] Safepoint "Cleanup", Time since last: 3000971224 ns, Reaching safepoint: 169416 ns, Cleanup: 37001 ns, At safepoint: 7103 ns, Total: 213520 ns
[2025-12-06T05:38:57.599+0000][5448.195s][debug][safepoint   ] Safepoint synchronization initiated using futex wait barrier. (280 threads)
[2025-12-06T05:38:57.599+0000][5448.196s][info ][safepoint   ] Safepoint "Cleanup", Time since last: 4000635813 ns, Reaching safepoint: 99551 ns, Cleanup: 18856 ns, At safepoint: 4659 ns, Total: 123066 ns
[2025-12-06T05:38:59.600+0000][5450.196s][debug][safepoint   ] Safepoint synchronization initiated using futex wait barrier. (280 threads)
[2025-12-06T05:38:59.600+0000][5450.196s][info ][safepoint   ] Safepoint "Cleanup", Time since last: 2000358498 ns, Reaching safepoint: 215404 ns, Cleanup: 28024 ns, At safepoint: 7354 ns, Total: 250782 ns
[2025-12-06T05:39:05.601+0000][5456.197s][debug][safepoint   ] Safepoint synchronization initiated using futex wait barrier. (280 threads)
[2025-12-06T05:39:05.601+0000][5456.197s][info ][safepoint   ] Safepoint "Cleanup", Time since last: 6000768144 ns, Reaching safepoint: 98720 ns, Cleanup: 13806 ns, At safepoint: 3557 ns, Total: 116083 ns
[2025-12-06T05:39:11.600+0000][5462.198s][debug][safepoint   ] Safepoint synchronization initiated using futex wait barrier. (280 threads)
[2025-12-06T05:39:11.601+0000][5462.200s][info ][safepoint   ] Safepoint "Cleanup", Time since last: 6001109198 ns, Reaching safepoint: 1394767 ns, Cleanup: 69093 ns, At safepoint: 5921 ns, Total: 1469781 ns
[2025-12-06T05:39:14.622+0000][5465.221s][debug][safepoint   ] Safepoint synchronization initiated using futex wait barrier. (282 threads)
[2025-12-06T05:39:14.622+0000][5465.221s][info ][safepoint   ] Safepoint "Cleanup", Time since last: 3020898445 ns, Reaching safepoint: 220568 ns, Cleanup: 55185 ns, At safepoint: 5360 ns, Total: 281113 ns
[2025-12-06T05:39:19.623+0000][5470.221s][debug][safepoint   ] Safepoint synchronization initiated using futex wait barrier. (282 threads)
[2025-12-06T05:39:19.623+0000][5470.222s][info ][safepoint   ] Safepoint "Cleanup", Time since last: 5000603929 ns, Reaching safepoint: 111101 ns, Cleanup: 16942 ns, At safepoint: 4248 ns, Total: 132291 ns
[2025-12-06T05:39:22.623+0000][5473.222s][debug][safepoint   ] Safepoint synchronization initiated using futex wait barrier. (282 threads)
[2025-12-06T05:39:22.623+0000][5473.222s][info ][safepoint   ] Safepoint "Cleanup", Time since last: 3000358769 ns, Reaching safepoint: 132579 ns, Cleanup: 42033 ns, At safepoint: 5560 ns, Total: 180172 ns
[2025-12-06T05:39:34.625+0000][5485.224s][debug][safepoint   ] Safepoint synchronization initiated using futex wait barrier. (282 threads)
[2025-12-06T05:39:34.625+0000][5485.224s][info ][safepoint   ] Safepoint "Cleanup", Time since last: 12001721620 ns, Reaching safepoint: 128458 ns, Cleanup: 58252 ns, At safepoint: 4909 ns, Total: 191619 ns
[2025-12-06T05:39:38.626+0000][5489.225s][debug][safepoint   ] Safepoint synchronization initiated using futex wait barrier. (282 threads)
[2025-12-06T05:39:38.626+0000][5489.225s][info ][safepoint   ] Safepoint "Cleanup", Time since last: 4000542762 ns, Reaching safepoint: 200495 ns, Cleanup: 31941 ns, At safepoint: 7234 ns, Total: 239670 ns
[2025-12-06T05:39:39.626+0000][5490.225s][debug][safepoint   ] Safepoint synchronization initiated using futex wait barrier. (282 threads)
[2025-12-06T05:39:39.626+0000][5490.225s][info ][safepoint   ] Safepoint "Cleanup", Time since last: 1000162655 ns, Reaching safepoint: 84482 ns, Cleanup: 15540 ns, At safepoint: 3427 ns, Total: 103449 ns
[2025-12-06T05:39:43.624+0000][5494.226s][debug][safepoint   ] Safepoint synchronization initiated using futex wait barrier. (282 threads)
[2025-12-06T05:39:43.624+0000][5494.226s][info ][safepoint   ] Safepoint "Cleanup", Time since last: 4000502295 ns, Reaching safepoint: 84502 ns, Cleanup: 17644 ns, At safepoint: 3697 ns, Total: 105843 ns
[2025-12-06T05:39:45.624+0000][5496.226s][debug][safepoint   ] Safepoint synchronization initiated using futex wait barrier. (282 threads)
[2025-12-06T05:39:45.624+0000][5496.226s][info ][safepoint   ] Safepoint "Cleanup", Time since last: 2000231886 ns, Reaching safepoint: 73180 ns, Cleanup: 23926 ns, At safepoint: 3186 ns, Total: 100292 ns
[2025-12-06T05:39:53.625+0000][5504.227s][debug][safepoint   ] Safepoint synchronization initiated using futex wait barrier. (283 threads)
[2025-12-06T05:39:53.625+0000][5504.227s][info ][safepoint   ] Safepoint "Cleanup", Time since last: 8001198365 ns, Reaching safepoint: 87017 ns, Cleanup: 14498 ns, At safepoint: 4018 ns, Total: 105533 ns
[2025-12-06T05:39:59.626+0000][5510.228s][debug][safepoint   ] Safepoint synchronization initiated using futex wait barrier. (283 threads)
[2025-12-06T05:39:59.626+0000][5510.228s][info ][safepoint   ] Safepoint "Cleanup", Time since last: 6000764964 ns, Reaching safepoint: 85945 ns, Cleanup: 24066 ns, At safepoint: 4369 ns, Total: 114380 ns
[2025-12-06T05:40:03.627+0000][5514.229s][debug][safepoint   ] Safepoint synchronization initiated using futex wait barrier. (283 threads)
[2025-12-06T05:40:03.627+0000][5514.229s][info ][safepoint   ] Safepoint "Cleanup", Time since last: 4000542480 ns, Reaching safepoint: 115963 ns, Cleanup: 14638 ns, At safepoint: 5190 ns, Total: 135791 ns
[2025-12-06T05:40:07.628+0000][5518.229s][debug][safepoint   ] Safepoint synchronization initiated using futex wait barrier. (283 threads)
[2025-12-06T05:40:07.628+0000][5518.230s][info ][safepoint   ] Safepoint "Cleanup", Time since last: 4000534627 ns, Reaching safepoint: 154878 ns, Cleanup: 33334 ns, At safepoint: 6372 ns, Total: 194584 ns
[2025-12-06T05:40:12.628+0000][5523.230s][debug][safepoint   ] Safepoint synchronization initiated using futex wait barrier. (283 threads)
[2025-12-06T05:40:12.628+0000][5523.230s][info ][safepoint   ] Safepoint "Cleanup", Time since last: 5000605310 ns, Reaching safepoint: 87819 ns, Cleanup: 16161 ns, At safepoint: 3647 ns, Total: 107627 ns
[2025-12-06T05:40:19.815+0000][5530.417s][debug][safepoint   ] Safepoint synchronization initiated using futex wait barrier. (283 threads)
[2025-12-06T05:40:19.815+0000][5530.417s][info ][gc,start    ] GC(132) Pause Young (Prepare Mixed) (G1 Evacuation Pause)
[2025-12-06T05:40:19.815+0000][5530.417s][info ][gc,task     ] GC(132) Using 13 workers of 13 for evacuation
[2025-12-06T05:40:19.826+0000][5530.428s][info ][gc,phases   ] GC(132)   Pre Evacuate Collection Set: 0.7ms
[2025-12-06T05:40:19.826+0000][5530.428s][info ][gc,phases   ] GC(132)   Merge Heap Roots: 0.5ms
[2025-12-06T05:40:19.826+0000][5530.428s][info ][gc,phases   ] GC(132)   Evacuate Collection Set: 6.1ms
[2025-12-06T05:40:19.826+0000][5530.428s][info ][gc,phases   ] GC(132)   Post Evacuate Collection Set: 3.6ms
[2025-12-06T05:40:19.827+0000][5530.429s][info ][gc,phases   ] GC(132)   Other: 0.7ms
[2025-12-06T05:40:19.827+0000][5530.429s][info ][gc,heap     ] GC(132) Eden regions: 326->0(22)
[2025-12-06T05:40:19.827+0000][5530.429s][info ][gc,heap     ] GC(132) Survivor regions: 4->5(42)
[2025-12-06T05:40:19.827+0000][5530.429s][info ][gc,heap     ] GC(132) Old regions: 155->155
[2025-12-06T05:40:19.827+0000][5530.429s][info ][gc,heap     ] GC(132) Archive regions: 2->2
[2025-12-06T05:40:19.827+0000][5530.429s][info ][gc,heap     ] GC(132) Humongous regions: 34->0
[2025-12-06T05:40:19.827+0000][5530.429s][info ][gc,metaspace] GC(132) Metaspace: 205689K(207104K)->205689K(207104K) NonClass: 181056K(181760K)->181056K(181760K) Class: 24633K(25344K)->24633K(25344K)
[2025-12-06T05:40:19.827+0000][5530.429s][info ][gc          ] GC(132) Pause Young (Prepare Mixed) (G1 Evacuation Pause) 518M->159M(550M) 11.485ms
[2025-12-06T05:40:19.827+0000][5530.429s][info ][gc,cpu      ] GC(132) User=0.07s Sys=0.00s Real=0.02s
[2025-12-06T05:40:19.828+0000][5530.430s][info ][safepoint   ] Safepoint "G1CollectForAllocation", Time since last: 7186282619 ns, Reaching safepoint: 205085 ns, Cleanup: 33534 ns, At safepoint: 13089154 ns, Total: 13327773 ns
[2025-12-06T05:40:20.828+0000][5531.430s][debug][safepoint   ] Safepoint synchronization initiated using futex wait barrier. (283 threads)
[2025-12-06T05:40:20.828+0000][5531.430s][info ][safepoint   ] Safepoint "Cleanup", Time since last: 1000260580 ns, Reaching safepoint: 132434 ns, Cleanup: 20189 ns, At safepoint: 5300 ns, Total: 157923 ns
[2025-12-06T05:40:32.962+0000][5543.564s][debug][safepoint   ] Safepoint synchronization initiated using futex wait barrier. (283 threads)
[2025-12-06T05:40:32.963+0000][5543.565s][info ][gc,start    ] GC(133) Pause Young (Mixed) (G1 Evacuation Pause)
[2025-12-06T05:40:32.963+0000][5543.565s][info ][gc,task     ] GC(133) Using 13 workers of 13 for evacuation
[2025-12-06T05:40:32.990+0000][5543.592s][info ][gc,phases   ] GC(133)   Pre Evacuate Collection Set: 0.6ms
[2025-12-06T05:40:32.990+0000][5543.592s][info ][gc,phases   ] GC(133)   Merge Heap Roots: 0.7ms
[2025-12-06T05:40:32.990+0000][5543.592s][info ][gc,phases   ] GC(133)   Evacuate Collection Set: 23.9ms
[2025-12-06T05:40:32.990+0000][5543.592s][info ][gc,phases   ] GC(133)   Post Evacuate Collection Set: 2.0ms
[2025-12-06T05:40:32.990+0000][5543.592s][info ][gc,phases   ] GC(133)   Other: 0.3ms
[2025-12-06T05:40:32.990+0000][5543.592s][info ][gc,heap     ] GC(133) Eden regions: 22->0(328)
[2025-12-06T05:40:32.990+0000][5543.592s][info ][gc,heap     ] GC(133) Survivor regions: 5->2(4)
[2025-12-06T05:40:32.990+0000][5543.592s][info ][gc,heap     ] GC(133) Old regions: 155->156
[2025-12-06T05:40:32.990+0000][5543.592s][info ][gc,heap     ] GC(133) Archive regions: 2->2
[2025-12-06T05:40:32.990+0000][5543.592s][info ][gc,heap     ] GC(133) Humongous regions: 0->0
[2025-12-06T05:40:32.990+0000][5543.592s][info ][gc,metaspace] GC(133) Metaspace: 205716K(207104K)->205716K(207104K) NonClass: 181079K(181760K)->181079K(181760K) Class: 24637K(25344K)->24637K(25344K)
[2025-12-06T05:40:32.990+0000][5543.592s][info ][gc          ] GC(133) Pause Young (Mixed) (G1 Evacuation Pause) 181M->157M(550M) 27.538ms
[2025-12-06T05:40:32.990+0000][5543.592s][info ][gc,cpu      ] GC(133) User=0.26s Sys=0.00s Real=0.03s
[2025-12-06T05:40:32.991+0000][5543.593s][info ][safepoint   ] Safepoint "G1CollectForAllocation", Time since last: 12133969505 ns, Reaching safepoint: 139357 ns, Cleanup: 7315 ns, At safepoint: 29014648 ns, Total: 29161320 ns
[2025-12-06T05:42:06.692+0000][5637.299s][debug][safepoint   ] Safepoint synchronization initiated using futex wait barrier. (271 threads)
[2025-12-06T05:42:06.694+0000][5637.302s][info ][safepoint   ] Safepoint "Cleanup", Time since last: 93705904572 ns, Reaching safepoint: 2531214 ns, Cleanup: 16893 ns, At safepoint: 8847 ns, Total: 2556954 ns
[2025-12-06T05:42:21.715+0000][5652.325s][debug][safepoint   ] Safepoint synchronization initiated using futex wait barrier. (269 threads)
[2025-12-06T05:42:21.715+0000][5652.325s][info ][safepoint   ] Safepoint "Cleanup", Time since last: 15022812408 ns, Reaching safepoint: 109831 ns, Cleanup: 16772 ns, At safepoint: 5611 ns, Total: 132214 ns
[2025-12-06T05:42:39.718+0000][5670.327s][debug][safepoint   ] Safepoint synchronization initiated using futex wait barrier. (274 threads)
[2025-12-06T05:42:39.718+0000][5670.328s][info ][safepoint   ] Safepoint "Cleanup", Time since last: 18002472064 ns, Reaching safepoint: 157072 ns, Cleanup: 21451 ns, At safepoint: 4238 ns, Total: 182761 ns
[2025-12-06T05:42:46.717+0000][5677.328s][debug][safepoint   ] Safepoint synchronization initiated using futex wait barrier. (279 threads)
[2025-12-06T05:42:46.717+0000][5677.329s][info ][safepoint   ] Safepoint "Cleanup", Time since last: 7000888076 ns, Reaching safepoint: 97066 ns, Cleanup: 14698 ns, At safepoint: 3337 ns, Total: 115101 ns
[2025-12-06T05:42:59.719+0000][5690.330s][debug][safepoint   ] Safepoint synchronization initiated using futex wait barrier. (281 threads)
[2025-12-06T05:42:59.719+0000][5690.330s][info ][safepoint   ] Safepoint "Cleanup", Time since last: 13001589389 ns, Reaching safepoint: 162672 ns, Cleanup: 27974 ns, At safepoint: 6462 ns, Total: 197108 ns
[2025-12-06T05:43:06.720+0000][5697.331s][debug][safepoint   ] Safepoint synchronization initiated using futex wait barrier. (281 threads)
[2025-12-06T05:43:06.720+0000][5697.331s][info ][safepoint   ] Safepoint "Cleanup", Time since last: 7000908198 ns, Reaching safepoint: 142243 ns, Cleanup: 27152 ns, At safepoint: 5621 ns, Total: 175016 ns
[2025-12-06T05:43:11.719+0000][5702.332s][debug][safepoint   ] Safepoint synchronization initiated using futex wait barrier. (283 threads)
[2025-12-06T05:43:11.719+0000][5702.332s][info ][safepoint   ] Safepoint "Cleanup", Time since last: 5000769788 ns, Reaching safepoint: 97146 ns, Cleanup: 25689 ns, At safepoint: 4288 ns, Total: 127123 ns
[2025-12-06T05:43:17.745+0000][5708.359s][debug][safepoint   ] Safepoint synchronization initiated using futex wait barrier. (281 threads)
[2025-12-06T05:43:17.754+0000][5708.368s][info ][safepoint   ] Safepoint "Cleanup", Time since last: 6026253991 ns, Reaching safepoint: 8879205 ns, Cleanup: 15950 ns, At safepoint: 103657 ns, Total: 8998812 ns
[2025-12-06T05:44:13.758+0000][5764.375s][debug][safepoint   ] Safepoint synchronization initiated using futex wait barrier. (276 threads)
[2025-12-06T05:44:13.759+0000][5764.376s][info ][safepoint   ] Safepoint "Cleanup", Time since last: 56007175492 ns, Reaching safepoint: 1063840 ns, Cleanup: 14348 ns, At safepoint: 6202 ns, Total: 1084390 ns
[2025-12-06T05:44:14.776+0000][5765.393s][debug][safepoint   ] Safepoint synchronization initiated using futex wait barrier. (285 threads)
[2025-12-06T05:44:14.777+0000][5765.394s][info ][safepoint   ] Safepoint "Cleanup", Time since last: 1017220403 ns, Reaching safepoint: 581936 ns, Cleanup: 36060 ns, At safepoint: 680325 ns, Total: 1298321 ns
[2025-12-06T05:44:17.778+0000][5768.395s][debug][safepoint   ] Safepoint synchronization initiated using futex wait barrier. (285 threads)
[2025-12-06T05:44:17.778+0000][5768.395s][info ][safepoint   ] Safepoint "Cleanup", Time since last: 3000497089 ns, Reaching safepoint: 96215 ns, Cleanup: 54554 ns, At safepoint: 6653 ns, Total: 157422 ns
[2025-12-06T05:44:45.689+0000][5796.307s][debug][safepoint   ] Safepoint synchronization initiated using futex wait barrier. (285 threads)
[2025-12-06T05:44:45.689+0000][5796.308s][info ][gc,start    ] GC(134) Pause Young (Concurrent Start) (G1 Evacuation Pause)
[2025-12-06T05:44:45.689+0000][5796.308s][info ][gc,task     ] GC(134) Using 13 workers of 13 for evacuation
[2025-12-06T05:44:45.696+0000][5796.315s][info ][gc,phases   ] GC(134)   Pre Evacuate Collection Set: 1.0ms
[2025-12-06T05:44:45.696+0000][5796.315s][info ][gc,phases   ] GC(134)   Merge Heap Roots: 0.3ms
[2025-12-06T05:44:45.696+0000][5796.315s][info ][gc,phases   ] GC(134)   Evacuate Collection Set: 3.4ms
[2025-12-06T05:44:45.696+0000][5796.315s][info ][gc,phases   ] GC(134)   Post Evacuate Collection Set: 1.8ms
[2025-12-06T05:44:45.696+0000][5796.315s][info ][gc,phases   ] GC(134)   Other: 0.5ms
[2025-12-06T05:44:45.696+0000][5796.315s][info ][gc,heap     ] GC(134) Eden regions: 328->0(328)
[2025-12-06T05:44:45.696+0000][5796.315s][info ][gc,heap     ] GC(134) Survivor regions: 2->2(42)
[2025-12-06T05:44:45.696+0000][5796.315s][info ][gc,heap     ] GC(134) Old regions: 156->156
[2025-12-06T05:44:45.696+0000][5796.315s][info ][gc,heap     ] GC(134) Archive regions: 2->2
[2025-12-06T05:44:45.696+0000][5796.315s][info ][gc,heap     ] GC(134) Humongous regions: 0->0
[2025-12-06T05:44:45.696+0000][5796.315s][info ][gc,metaspace] GC(134) Metaspace: 205845K(207232K)->205845K(207232K) NonClass: 181201K(181888K)->181201K(181888K) Class: 24643K(25344K)->24643K(25344K)
[2025-12-06T05:44:45.696+0000][5796.315s][info ][gc          ] GC(134) Pause Young (Concurrent Start) (G1 Evacuation Pause) 485M->157M(550M) 7.239ms
[2025-12-06T05:44:45.697+0000][5796.315s][info ][gc,cpu      ] GC(134) User=0.03s Sys=0.02s Real=0.01s
[2025-12-06T05:44:45.697+0000][5796.315s][info ][gc          ] GC(135) Concurrent Mark Cycle
[2025-12-06T05:44:45.697+0000][5796.315s][info ][gc,marking  ] GC(135) Concurrent Clear Claimed Marks
[2025-12-06T05:44:45.697+0000][5796.315s][info ][gc,marking  ] GC(135) Concurrent Clear Claimed Marks 0.190ms
[2025-12-06T05:44:45.697+0000][5796.315s][info ][gc,marking  ] GC(135) Concurrent Scan Root Regions
[2025-12-06T05:44:45.697+0000][5796.315s][info ][safepoint   ] Safepoint "G1CollectForAllocation", Time since last: 27912220801 ns, Reaching safepoint: 174976 ns, Cleanup: 39476 ns, At safepoint: 7851863 ns, Total: 8066315 ns
[2025-12-06T05:44:45.702+0000][5796.320s][info ][gc,marking  ] GC(135) Concurrent Scan Root Regions 4.741ms
[2025-12-06T05:44:45.702+0000][5796.320s][info ][gc,marking  ] GC(135) Concurrent Mark
[2025-12-06T05:44:45.702+0000][5796.320s][info ][gc,marking  ] GC(135) Concurrent Mark From Roots
[2025-12-06T05:44:45.702+0000][5796.320s][info ][gc,task     ] GC(135) Using 3 workers of 3 for marking
[2025-12-06T05:44:45.793+0000][5796.411s][info ][gc,marking  ] GC(135) Concurrent Mark From Roots 91.141ms
[2025-12-06T05:44:45.793+0000][5796.411s][info ][gc,marking  ] GC(135) Concurrent Preclean
[2025-12-06T05:44:45.793+0000][5796.412s][info ][gc,marking  ] GC(135) Concurrent Preclean 0.453ms
[2025-12-06T05:44:45.793+0000][5796.412s][debug][safepoint   ] Safepoint synchronization initiated using futex wait barrier. (285 threads)
[2025-12-06T05:44:45.793+0000][5796.412s][info ][gc,start    ] GC(135) Pause Remark
[2025-12-06T05:44:45.807+0000][5796.425s][info ][gc          ] GC(135) Pause Remark 162M->162M(550M) 13.060ms
[2025-12-06T05:44:45.807+0000][5796.425s][info ][gc,cpu      ] GC(135) User=0.13s Sys=0.00s Real=0.01s
[2025-12-06T05:44:45.808+0000][5796.426s][info ][safepoint   ] Safepoint "G1PauseRemark", Time since last: 96384497 ns, Reaching safepoint: 45117 ns, Cleanup: 3757 ns, At safepoint: 14186006 ns, Total: 14234880 ns
[2025-12-06T05:44:45.808+0000][5796.426s][info ][gc,marking  ] GC(135) Concurrent Mark 106.096ms
[2025-12-06T05:44:45.808+0000][5796.426s][info ][gc,marking  ] GC(135) Concurrent Rebuild Remembered Sets
[2025-12-06T05:44:45.855+0000][5796.474s][info ][gc,marking  ] GC(135) Concurrent Rebuild Remembered Sets 47.626ms
[2025-12-06T05:44:45.855+0000][5796.474s][debug][safepoint   ] Safepoint synchronization initiated using futex wait barrier. (285 threads)
[2025-12-06T05:44:45.856+0000][5796.474s][info ][gc,start    ] GC(135) Pause Cleanup
[2025-12-06T05:44:45.856+0000][5796.474s][info ][gc          ] GC(135) Pause Cleanup 162M->162M(550M) 0.400ms
[2025-12-06T05:44:45.856+0000][5796.474s][info ][gc,cpu      ] GC(135) User=0.00s Sys=0.00s Real=0.00s
[2025-12-06T05:44:45.856+0000][5796.474s][info ][safepoint   ] Safepoint "G1PauseCleanup", Time since last: 47876940 ns, Reaching safepoint: 39937 ns, Cleanup: 27843 ns, At safepoint: 546900 ns, Total: 614680 ns
[2025-12-06T05:44:45.856+0000][5796.474s][info ][gc,marking  ] GC(135) Concurrent Cleanup for Next Mark
[2025-12-06T05:44:45.861+0000][5796.479s][info ][gc,marking  ] GC(135) Concurrent Cleanup for Next Mark 4.716ms
[2025-12-06T05:44:45.861+0000][5796.479s][info ][gc          ] GC(135) Concurrent Mark Cycle 164.318ms
[2025-12-06T05:44:56.857+0000][5807.476s][debug][safepoint   ] Safepoint synchronization initiated using futex wait barrier. (285 threads)
[2025-12-06T05:44:56.858+0000][5807.476s][info ][safepoint   ] Safepoint "Cleanup", Time since last: 11001366924 ns, Reaching safepoint: 294816 ns, Cleanup: 49545 ns, At safepoint: 39776 ns, Total: 384137 ns
[2025-12-06T05:45:11.858+0000][5822.478s][debug][safepoint   ] Safepoint synchronization initiated using futex wait barrier. (283 threads)
[2025-12-06T05:45:11.858+0000][5822.478s][info ][safepoint   ] Safepoint "Cleanup", Time since last: 15001871745 ns, Reaching safepoint: 302070 ns, Cleanup: 15229 ns, At safepoint: 6372 ns, Total: 323671 ns
[2025-12-06T05:45:17.805+0000][5828.425s][debug][safepoint   ] Safepoint synchronization initiated using futex wait barrier. (280 threads)
[2025-12-06T05:45:17.805+0000][5828.425s][info ][safepoint   ] Safepoint "Cleanup", Time since last: 5946895172 ns, Reaching safepoint: 77528 ns, Cleanup: 11913 ns, At safepoint: 3907 ns, Total: 93348 ns
[2025-12-06T05:46:05.810+0000][5876.431s][debug][safepoint   ] Safepoint synchronization initiated using futex wait barrier. (279 threads)
[2025-12-06T05:46:05.810+0000][5876.431s][info ][safepoint   ] Safepoint "Cleanup", Time since last: 48005793603 ns, Reaching safepoint: 98279 ns, Cleanup: 12875 ns, At safepoint: 4057 ns, Total: 115211 ns
[2025-12-06T05:46:13.809+0000][5884.432s][debug][safepoint   ] Safepoint synchronization initiated using futex wait barrier. (277 threads)
[2025-12-06T05:46:13.809+0000][5884.433s][info ][safepoint   ] Safepoint "Cleanup", Time since last: 8001242413 ns, Reaching safepoint: 109198 ns, Cleanup: 16471 ns, At safepoint: 5691 ns, Total: 131360 ns
[2025-12-06T05:46:33.844+0000][5904.468s][debug][safepoint   ] Safepoint synchronization initiated using futex wait barrier. (276 threads)
[2025-12-06T05:46:33.844+0000][5904.468s][info ][safepoint   ] Safepoint "Cleanup", Time since last: 20034968908 ns, Reaching safepoint: 166829 ns, Cleanup: 18245 ns, At safepoint: 5471 ns, Total: 190545 ns
[2025-12-06T05:47:59.876+0000][5990.505s][debug][safepoint   ] Safepoint synchronization initiated using futex wait barrier. (277 threads)
[2025-12-06T05:47:59.876+0000][5990.505s][info ][safepoint   ] Safepoint "Cleanup", Time since last: 86037027586 ns, Reaching safepoint: 92587 ns, Cleanup: 12685 ns, At safepoint: 3987 ns, Total: 109259 ns
[2025-12-06T05:48:08.877+0000][5999.506s][debug][safepoint   ] Safepoint synchronization initiated using futex wait barrier. (278 threads)
[2025-12-06T05:48:08.878+0000][5999.506s][info ][safepoint   ] Safepoint "Cleanup", Time since last: 9001215518 ns, Reaching safepoint: 87748 ns, Cleanup: 15720 ns, At safepoint: 4178 ns, Total: 107646 ns
[2025-12-06T05:48:12.877+0000][6003.507s][debug][safepoint   ] Safepoint synchronization initiated using futex wait barrier. (278 threads)
[2025-12-06T05:48:12.877+0000][6003.507s][info ][safepoint   ] Safepoint "Cleanup", Time since last: 4000843722 ns, Reaching safepoint: 156590 ns, Cleanup: 37612 ns, At safepoint: 9187 ns, Total: 203389 ns
[2025-12-06T05:48:13.878+0000][6004.507s][debug][safepoint   ] Safepoint synchronization initiated using futex wait barrier. (278 threads)
[2025-12-06T05:48:13.878+0000][6004.508s][info ][safepoint   ] Safepoint "Cleanup", Time since last: 1000195249 ns, Reaching safepoint: 135098 ns, Cleanup: 20620 ns, At safepoint: 5480 ns, Total: 161198 ns
[2025-12-06T05:48:36.903+0000][6027.533s][debug][safepoint   ] Safepoint synchronization initiated using futex wait barrier. (278 threads)
[2025-12-06T05:48:36.903+0000][6027.533s][info ][safepoint   ] Safepoint "Cleanup", Time since last: 23025363018 ns, Reaching safepoint: 180195 ns, Cleanup: 65656 ns, At safepoint: 9428 ns, Total: 255279 ns
[2025-12-06T05:48:37.903+0000][6028.533s][debug][safepoint   ] Safepoint synchronization initiated using futex wait barrier. (278 threads)
[2025-12-06T05:48:37.904+0000][6028.534s][info ][safepoint   ] Safepoint "Cleanup", Time since last: 1000148676 ns, Reaching safepoint: 75084 ns, Cleanup: 42762 ns, At safepoint: 6112 ns, Total: 123958 ns
[2025-12-06T05:48:38.219+0000][6028.849s][debug][safepoint   ] Safepoint synchronization initiated using futex wait barrier. (278 threads)
[2025-12-06T05:48:38.220+0000][6028.850s][info ][gc,start    ] GC(136) Pause Young (Prepare Mixed) (G1 Evacuation Pause)
[2025-12-06T05:48:38.220+0000][6028.850s][info ][gc,task     ] GC(136) Using 13 workers of 13 for evacuation
[2025-12-06T05:48:38.229+0000][6028.859s][info ][gc,phases   ] GC(136)   Pre Evacuate Collection Set: 0.5ms
[2025-12-06T05:48:38.229+0000][6028.859s][info ][gc,phases   ] GC(136)   Merge Heap Roots: 0.4ms
[2025-12-06T05:48:38.229+0000][6028.859s][info ][gc,phases   ] GC(136)   Evacuate Collection Set: 5.1ms
[2025-12-06T05:48:38.229+0000][6028.859s][info ][gc,phases   ] GC(136)   Post Evacuate Collection Set: 2.6ms
[2025-12-06T05:48:38.229+0000][6028.859s][info ][gc,phases   ] GC(136)   Other: 0.4ms
[2025-12-06T05:48:38.229+0000][6028.859s][info ][gc,heap     ] GC(136) Eden regions: 328->0(25)
[2025-12-06T05:48:38.229+0000][6028.859s][info ][gc,heap     ] GC(136) Survivor regions: 2->2(42)
[2025-12-06T05:48:38.229+0000][6028.859s][info ][gc,heap     ] GC(136) Old regions: 156->156
[2025-12-06T05:48:38.229+0000][6028.859s][info ][gc,heap     ] GC(136) Archive regions: 2->2
[2025-12-06T05:48:38.229+0000][6028.859s][info ][gc,heap     ] GC(136) Humongous regions: 0->0
[2025-12-06T05:48:38.229+0000][6028.859s][info ][gc,metaspace] GC(136) Metaspace: 205930K(207296K)->205930K(207296K) NonClass: 181281K(181952K)->181281K(181952K) Class: 24648K(25344K)->24648K(25344K)
[2025-12-06T05:48:38.229+0000][6028.859s][info ][gc          ] GC(136) Pause Young (Prepare Mixed) (G1 Evacuation Pause) 485M->157M(550M) 8.996ms
[2025-12-06T05:48:38.229+0000][6028.859s][info ][gc,cpu      ] GC(136) User=0.07s Sys=0.00s Real=0.00s
[2025-12-06T05:48:38.229+0000][6028.859s][info ][safepoint   ] Safepoint "G1CollectForAllocation", Time since last: 315854271 ns, Reaching safepoint: 97026 ns, Cleanup: 5300 ns, At safepoint: 9353444 ns, Total: 9455770 ns
[2025-12-06T05:48:57.390+0000][6048.022s][debug][safepoint   ] Safepoint synchronization initiated using futex wait barrier. (278 threads)
[2025-12-06T05:48:57.391+0000][6048.022s][info ][gc,start    ] GC(137) Pause Young (Mixed) (G1 Evacuation Pause)
[2025-12-06T05:48:57.391+0000][6048.022s][info ][gc,task     ] GC(137) Using 13 workers of 13 for evacuation
[2025-12-06T05:48:57.405+0000][6048.037s][info ][gc,phases   ] GC(137)   Pre Evacuate Collection Set: 0.6ms
[2025-12-06T05:48:57.405+0000][6048.037s][info ][gc,phases   ] GC(137)   Merge Heap Roots: 0.5ms
[2025-12-06T05:48:57.405+0000][6048.037s][info ][gc,phases   ] GC(137)   Evacuate Collection Set: 11.7ms
[2025-12-06T05:48:57.405+0000][6048.037s][info ][gc,phases   ] GC(137)   Post Evacuate Collection Set: 1.7ms
[2025-12-06T05:48:57.405+0000][6048.037s][info ][gc,phases   ] GC(137)   Other: 0.2ms
[2025-12-06T05:48:57.405+0000][6048.037s][info ][gc,heap     ] GC(137) Eden regions: 25->0(328)
[2025-12-06T05:48:57.405+0000][6048.037s][info ][gc,heap     ] GC(137) Survivor regions: 2->2(4)
[2025-12-06T05:48:57.405+0000][6048.037s][info ][gc,heap     ] GC(137) Old regions: 156->154
[2025-12-06T05:48:57.405+0000][6048.037s][info ][gc,heap     ] GC(137) Archive regions: 2->2
[2025-12-06T05:48:57.405+0000][6048.037s][info ][gc,heap     ] GC(137) Humongous regions: 0->0
[2025-12-06T05:48:57.405+0000][6048.037s][info ][gc,metaspace] GC(137) Metaspace: 205931K(207296K)->205931K(207296K) NonClass: 181282K(181952K)->181282K(181952K) Class: 24648K(25344K)->24648K(25344K)
[2025-12-06T05:48:57.405+0000][6048.037s][info ][gc          ] GC(137) Pause Young (Mixed) (G1 Evacuation Pause) 182M->156M(550M) 14.862ms
[2025-12-06T05:48:57.405+0000][6048.037s][info ][gc,cpu      ] GC(137) User=0.14s Sys=0.00s Real=0.01s
[2025-12-06T05:48:57.406+0000][6048.038s][info ][safepoint   ] Safepoint "G1CollectForAllocation", Time since last: 19163443164 ns, Reaching safepoint: 94802 ns, Cleanup: 5510 ns, At safepoint: 15499724 ns, Total: 15600036 ns
[2025-12-06T05:48:57.617+0000][6048.249s][debug][safepoint   ] Safepoint synchronization initiated using futex wait barrier. (278 threads)
[2025-12-06T05:48:57.617+0000][6048.249s][info ][gc,start    ] GC(138) Pause Young (Concurrent Start) (G1 Humongous Allocation)
[2025-12-06T05:48:57.617+0000][6048.249s][info ][gc,task     ] GC(138) Using 13 workers of 13 for evacuation
[2025-12-06T05:48:57.624+0000][6048.256s][info ][gc,phases   ] GC(138)   Pre Evacuate Collection Set: 0.7ms
[2025-12-06T05:48:57.624+0000][6048.256s][info ][gc,phases   ] GC(138)   Merge Heap Roots: 0.3ms
[2025-12-06T05:48:57.624+0000][6048.256s][info ][gc,phases   ] GC(138)   Evacuate Collection Set: 4.4ms
[2025-12-06T05:48:57.624+0000][6048.256s][info ][gc,phases   ] GC(138)   Post Evacuate Collection Set: 1.6ms
[2025-12-06T05:48:57.624+0000][6048.256s][info ][gc,phases   ] GC(138)   Other: 0.3ms
[2025-12-06T05:48:57.624+0000][6048.256s][info ][gc,heap     ] GC(138) Eden regions: 12->0(328)
[2025-12-06T05:48:57.624+0000][6048.256s][info ][gc,heap     ] GC(138) Survivor regions: 2->2(42)
[2025-12-06T05:48:57.624+0000][6048.256s][info ][gc,heap     ] GC(138) Old regions: 154->154
[2025-12-06T05:48:57.624+0000][6048.256s][info ][gc,heap     ] GC(138) Archive regions: 2->2
[2025-12-06T05:48:57.624+0000][6048.256s][info ][gc,heap     ] GC(138) Humongous regions: 0->0
[2025-12-06T05:48:57.625+0000][6048.256s][info ][gc,metaspace] GC(138) Metaspace: 205931K(207296K)->205931K(207296K) NonClass: 181282K(181952K)->181282K(181952K) Class: 24648K(25344K)->24648K(25344K)
[2025-12-06T05:48:57.625+0000][6048.256s][info ][gc          ] GC(138) Pause Young (Concurrent Start) (G1 Humongous Allocation) 167M->156M(550M) 7.393ms
[2025-12-06T05:48:57.625+0000][6048.257s][info ][gc,cpu      ] GC(138) User=0.05s Sys=0.00s Real=0.00s
[2025-12-06T05:48:57.625+0000][6048.257s][info ][gc          ] GC(139) Concurrent Mark Cycle
[2025-12-06T05:48:57.625+0000][6048.257s][info ][gc,marking  ] GC(139) Concurrent Clear Claimed Marks
[2025-12-06T05:48:57.625+0000][6048.257s][info ][safepoint   ] Safepoint "G1TryInitiateConcMark", Time since last: 210973838 ns, Reaching safepoint: 83931 ns, Cleanup: 61718 ns, At safepoint: 8059570 ns, Total: 8205219 ns
[2025-12-06T05:48:57.625+0000][6048.257s][info ][gc,marking  ] GC(139) Concurrent Clear Claimed Marks 0.272ms
[2025-12-06T05:48:57.625+0000][6048.257s][info ][gc,marking  ] GC(139) Concurrent Scan Root Regions
[2025-12-06T05:48:57.633+0000][6048.265s][info ][gc,marking  ] GC(139) Concurrent Scan Root Regions 7.697ms
[2025-12-06T05:48:57.633+0000][6048.265s][info ][gc,marking  ] GC(139) Concurrent Mark
[2025-12-06T05:48:57.633+0000][6048.265s][info ][gc,marking  ] GC(139) Concurrent Mark From Roots
[2025-12-06T05:48:57.633+0000][6048.265s][info ][gc,task     ] GC(139) Using 3 workers of 3 for marking
[2025-12-06T05:48:57.826+0000][6048.457s][info ][gc,marking  ] GC(139) Concurrent Mark From Roots 192.556ms
[2025-12-06T05:48:57.826+0000][6048.457s][info ][gc,marking  ] GC(139) Concurrent Preclean
[2025-12-06T05:48:57.826+0000][6048.458s][info ][gc,marking  ] GC(139) Concurrent Preclean 0.426ms
[2025-12-06T05:48:57.826+0000][6048.458s][debug][safepoint   ] Safepoint synchronization initiated using futex wait barrier. (278 threads)
[2025-12-06T05:48:57.826+0000][6048.458s][info ][gc,start    ] GC(139) Pause Remark
[2025-12-06T05:48:57.840+0000][6048.472s][info ][gc          ] GC(139) Pause Remark 181M->181M(550M) 13.845ms
[2025-12-06T05:48:57.840+0000][6048.472s][info ][gc,cpu      ] GC(139) User=0.12s Sys=0.01s Real=0.02s
[2025-12-06T05:48:57.841+0000][6048.473s][info ][safepoint   ] Safepoint "G1PauseRemark", Time since last: 200938189 ns, Reaching safepoint: 69493 ns, Cleanup: 18605 ns, At safepoint: 14713979 ns, Total: 14802077 ns
[2025-12-06T05:48:57.841+0000][6048.473s][info ][gc,marking  ] GC(139) Concurrent Mark 208.030ms
[2025-12-06T05:48:57.841+0000][6048.473s][info ][gc,marking  ] GC(139) Concurrent Rebuild Remembered Sets
[2025-12-06T05:48:57.888+0000][6048.520s][info ][gc,marking  ] GC(139) Concurrent Rebuild Remembered Sets 46.958ms
[2025-12-06T05:48:57.888+0000][6048.520s][debug][safepoint   ] Safepoint synchronization initiated using futex wait barrier. (278 threads)
[2025-12-06T05:48:57.888+0000][6048.520s][info ][gc,start    ] GC(139) Pause Cleanup
[2025-12-06T05:48:57.889+0000][6048.521s][info ][gc          ] GC(139) Pause Cleanup 181M->181M(550M) 0.392ms
[2025-12-06T05:48:57.889+0000][6048.521s][info ][gc,cpu      ] GC(139) User=0.00s Sys=0.00s Real=0.00s
[2025-12-06T05:48:57.889+0000][6048.521s][info ][safepoint   ] Safepoint "G1PauseCleanup", Time since last: 47200094 ns, Reaching safepoint: 43433 ns, Cleanup: 4118 ns, At safepoint: 512132 ns, Total: 559683 ns
[2025-12-06T05:48:57.889+0000][6048.521s][info ][gc,marking  ] GC(139) Concurrent Cleanup for Next Mark
[2025-12-06T05:48:57.891+0000][6048.523s][info ][gc,marking  ] GC(139) Concurrent Cleanup for Next Mark 2.005ms
[2025-12-06T05:48:57.891+0000][6048.523s][info ][gc          ] GC(139) Concurrent Mark Cycle 265.931ms
[2025-12-06T05:48:58.889+0000][6049.521s][debug][safepoint   ] Safepoint synchronization initiated using futex wait barrier. (278 threads)
[2025-12-06T05:48:58.889+0000][6049.521s][info ][safepoint   ] Safepoint "Cleanup", Time since last: 1000221727 ns, Reaching safepoint: 160708 ns, Cleanup: 100252 ns, At safepoint: 6974 ns, Total: 267934 ns
[2025-12-06T05:48:59.889+0000][6050.521s][debug][safepoint   ] Safepoint synchronization initiated using futex wait barrier. (278 threads)
[2025-12-06T05:48:59.890+0000][6050.522s][info ][safepoint   ] Safepoint "Cleanup", Time since last: 1000158888 ns, Reaching safepoint: 616141 ns, Cleanup: 187019 ns, At safepoint: 86896 ns, Total: 890056 ns
[2025-12-06T05:49:00.890+0000][6051.522s][debug][safepoint   ] Safepoint synchronization initiated using futex wait barrier. (278 threads)
[2025-12-06T05:49:00.891+0000][6051.522s][info ][safepoint   ] Safepoint "Cleanup", Time since last: 1000150645 ns, Reaching safepoint: 144857 ns, Cleanup: 21011 ns, At safepoint: 4168 ns, Total: 170036 ns
[2025-12-06T05:49:01.891+0000][6052.523s][debug][safepoint   ] Safepoint synchronization initiated using futex wait barrier. (279 threads)
[2025-12-06T05:49:01.891+0000][6052.523s][info ][safepoint   ] Safepoint "Cleanup", Time since last: 1000171574 ns, Reaching safepoint: 137143 ns, Cleanup: 34456 ns, At safepoint: 4479 ns, Total: 176078 ns
[2025-12-06T05:49:05.891+0000][6056.523s][debug][safepoint   ] Safepoint synchronization initiated using futex wait barrier. (283 threads)
[2025-12-06T05:49:05.892+0000][6056.523s][info ][safepoint   ] Safepoint "Cleanup", Time since last: 4000563555 ns, Reaching safepoint: 84562 ns, Cleanup: 22222 ns, At safepoint: 3828 ns, Total: 110612 ns
[2025-12-06T05:49:06.892+0000][6057.524s][debug][safepoint   ] Safepoint synchronization initiated using futex wait barrier. (283 threads)
[2025-12-06T05:49:06.892+0000][6057.524s][info ][safepoint   ] Safepoint "Cleanup", Time since last: 1000143534 ns, Reaching safepoint: 83170 ns, Cleanup: 23294 ns, At safepoint: 3667 ns, Total: 110131 ns
[2025-12-06T05:49:07.892+0000][6058.524s][debug][safepoint   ] Safepoint synchronization initiated using futex wait barrier. (285 threads)
[2025-12-06T05:49:07.892+0000][6058.524s][info ][safepoint   ] Safepoint "Cleanup", Time since last: 1000125367 ns, Reaching safepoint: 148695 ns, Cleanup: 44154 ns, At safepoint: 3086 ns, Total: 195935 ns
[2025-12-06T05:49:30.934+0000][6081.567s][debug][safepoint   ] Safepoint synchronization initiated using futex wait barrier. (285 threads)
[2025-12-06T05:49:30.934+0000][6081.567s][info ][safepoint   ] Safepoint "Cleanup", Time since last: 23043245759 ns, Reaching safepoint: 88820 ns, Cleanup: 44265 ns, At safepoint: 5300 ns, Total: 138385 ns
[2025-12-06T05:51:44.967+0000][6215.610s][debug][safepoint   ] Safepoint synchronization initiated using futex wait barrier. (280 threads)
[2025-12-06T05:51:44.968+0000][6215.610s][info ][safepoint   ] Safepoint "Cleanup", Time since last: 134042117857 ns, Reaching safepoint: 265899 ns, Cleanup: 34075 ns, At safepoint: 5851 ns, Total: 305825 ns
[2025-12-06T05:51:45.968+0000][6216.610s][debug][safepoint   ] Safepoint synchronization initiated using futex wait barrier. (280 threads)
[2025-12-06T05:51:45.968+0000][6216.610s][info ][safepoint   ] Safepoint "Cleanup", Time since last: 1000203274 ns, Reaching safepoint: 83279 ns, Cleanup: 13075 ns, At safepoint: 3947 ns, Total: 100301 ns
[2025-12-06T05:51:46.293+0000][6216.935s][debug][safepoint   ] Safepoint synchronization initiated using futex wait barrier. (286 threads)
[2025-12-06T05:51:46.293+0000][6216.935s][info ][gc,start    ] GC(140) Pause Young (Prepare Mixed) (G1 Evacuation Pause)
[2025-12-06T05:51:46.293+0000][6216.935s][info ][gc,task     ] GC(140) Using 13 workers of 13 for evacuation
[2025-12-06T05:51:46.302+0000][6216.944s][info ][gc,phases   ] GC(140)   Pre Evacuate Collection Set: 0.8ms
[2025-12-06T05:51:46.302+0000][6216.944s][info ][gc,phases   ] GC(140)   Merge Heap Roots: 0.4ms
[2025-12-06T05:51:46.302+0000][6216.944s][info ][gc,phases   ] GC(140)   Evacuate Collection Set: 4.5ms
[2025-12-06T05:51:46.302+0000][6216.944s][info ][gc,phases   ] GC(140)   Post Evacuate Collection Set: 2.6ms
[2025-12-06T05:51:46.302+0000][6216.944s][info ][gc,phases   ] GC(140)   Other: 0.7ms
[2025-12-06T05:51:46.302+0000][6216.944s][info ][gc,heap     ] GC(140) Eden regions: 328->0(24)
[2025-12-06T05:51:46.302+0000][6216.944s][info ][gc,heap     ] GC(140) Survivor regions: 2->3(42)
[2025-12-06T05:51:46.302+0000][6216.944s][info ][gc,heap     ] GC(140) Old regions: 154->154
[2025-12-06T05:51:46.302+0000][6216.944s][info ][gc,heap     ] GC(140) Archive regions: 2->2
[2025-12-06T05:51:46.302+0000][6216.944s][info ][gc,heap     ] GC(140) Humongous regions: 34->0
[2025-12-06T05:51:46.302+0000][6216.944s][info ][gc,metaspace] GC(140) Metaspace: 205995K(207424K)->205995K(207424K) NonClass: 181341K(182080K)->181341K(182080K) Class: 24654K(25344K)->24654K(25344K)
[2025-12-06T05:51:46.302+0000][6216.944s][info ][gc          ] GC(140) Pause Young (Prepare Mixed) (G1 Evacuation Pause) 518M->157M(550M) 8.829ms
[2025-12-06T05:51:46.302+0000][6216.944s][info ][gc,cpu      ] GC(140) User=0.07s Sys=0.01s Real=0.01s
[2025-12-06T05:51:46.303+0000][6216.945s][info ][safepoint   ] Safepoint "G1CollectForAllocation", Time since last: 324692268 ns, Reaching safepoint: 142472 ns, Cleanup: 29617 ns, At safepoint: 9869659 ns, Total: 10041748 ns
[2025-12-06T05:51:46.509+0000][6217.152s][debug][safepoint   ] Safepoint synchronization initiated using futex wait barrier. (289 threads)
[2025-12-06T05:51:46.510+0000][6217.152s][info ][gc,start    ] GC(141) Pause Young (Mixed) (G1 Evacuation Pause)
[2025-12-06T05:51:46.510+0000][6217.152s][info ][gc,task     ] GC(141) Using 13 workers of 13 for evacuation
[2025-12-06T05:51:46.523+0000][6217.165s][info ][gc,phases   ] GC(141)   Pre Evacuate Collection Set: 0.5ms
[2025-12-06T05:51:46.523+0000][6217.165s][info ][gc,phases   ] GC(141)   Merge Heap Roots: 0.6ms
[2025-12-06T05:51:46.523+0000][6217.165s][info ][gc,phases   ] GC(141)   Evacuate Collection Set: 9.8ms
[2025-12-06T05:51:46.523+0000][6217.165s][info ][gc,phases   ] GC(141)   Post Evacuate Collection Set: 2.3ms
[2025-12-06T05:51:46.523+0000][6217.165s][info ][gc,phases   ] GC(141)   Other: 0.3ms
[2025-12-06T05:51:46.523+0000][6217.165s][info ][gc,heap     ] GC(141) Eden regions: 24->0(327)
[2025-12-06T05:51:46.523+0000][6217.165s][info ][gc,heap     ] GC(141) Survivor regions: 3->3(4)
[2025-12-06T05:51:46.523+0000][6217.165s][info ][gc,heap     ] GC(141) Old regions: 154->154
[2025-12-06T05:51:46.523+0000][6217.165s][info ][gc,heap     ] GC(141) Archive regions: 2->2
[2025-12-06T05:51:46.523+0000][6217.165s][info ][gc,heap     ] GC(141) Humongous regions: 0->0
[2025-12-06T05:51:46.523+0000][6217.165s][info ][gc,metaspace] GC(141) Metaspace: 206076K(207488K)->206076K(207488K) NonClass: 181410K(182144K)->181410K(182144K) Class: 24665K(25344K)->24665K(25344K)
[2025-12-06T05:51:46.523+0000][6217.166s][info ][gc          ] GC(141) Pause Young (Mixed) (G1 Evacuation Pause) 181M->156M(550M) 13.589ms
[2025-12-06T05:51:46.524+0000][6217.166s][info ][gc,cpu      ] GC(141) User=0.18s Sys=0.00s Real=0.01s
[2025-12-06T05:51:46.524+0000][6217.166s][info ][safepoint   ] Safepoint "G1CollectForAllocation", Time since last: 206788125 ns, Reaching safepoint: 96194 ns, Cleanup: 105812 ns, At safepoint: 14333744 ns, Total: 14535750 ns
[2025-12-06T05:51:47.625+0000][6218.267s][debug][safepoint   ] Safepoint synchronization initiated using futex wait barrier. (289 threads)
[2025-12-06T05:51:47.626+0000][6218.268s][info ][safepoint   ] Safepoint "Cleanup", Time since last: 1101057770 ns, Reaching safepoint: 413118 ns, Cleanup: 218498 ns, At safepoint: 20659 ns, Total: 652275 ns
[2025-12-06T05:52:45.015+0000][6275.661s][debug][safepoint   ] Safepoint synchronization initiated using futex wait barrier. (281 threads)
[2025-12-06T05:52:45.016+0000][6275.662s][info ][safepoint   ] Safepoint "Cleanup", Time since last: 57393301601 ns, Reaching safepoint: 892649 ns, Cleanup: 15881 ns, At safepoint: 5841 ns, Total: 914371 ns
[2025-12-06T05:52:46.350+0000][6276.996s][debug][safepoint   ] Safepoint synchronization initiated using futex wait barrier. (281 threads)
[2025-12-06T05:52:46.350+0000][6276.996s][info ][safepoint   ] Safepoint "Cleanup", Time since last: 1333759298 ns, Reaching safepoint: 118618 ns, Cleanup: 12604 ns, At safepoint: 31750 ns, Total: 162972 ns
[2025-12-06T05:52:46.482+0000][6277.127s][debug][safepoint   ] Safepoint synchronization initiated using futex wait barrier. (280 threads)
[2025-12-06T05:52:46.482+0000][6277.128s][info ][gc,start    ] GC(142) Pause Young (Concurrent Start) (G1 Humongous Allocation)
[2025-12-06T05:52:46.482+0000][6277.128s][info ][gc,task     ] GC(142) Using 13 workers of 13 for evacuation
[2025-12-06T05:52:46.494+0000][6277.140s][info ][gc,phases   ] GC(142)   Pre Evacuate Collection Set: 1.4ms
[2025-12-06T05:52:46.494+0000][6277.140s][info ][gc,phases   ] GC(142)   Merge Heap Roots: 0.5ms
[2025-12-06T05:52:46.494+0000][6277.140s][info ][gc,phases   ] GC(142)   Evacuate Collection Set: 7.2ms
[2025-12-06T05:52:46.494+0000][6277.140s][info ][gc,phases   ] GC(142)   Post Evacuate Collection Set: 2.4ms
[2025-12-06T05:52:46.494+0000][6277.140s][info ][gc,phases   ] GC(142)   Other: 0.6ms
[2025-12-06T05:52:46.494+0000][6277.140s][info ][gc,heap     ] GC(142) Eden regions: 135->0(328)
[2025-12-06T05:52:46.494+0000][6277.140s][info ][gc,heap     ] GC(142) Survivor regions: 3->2(42)
[2025-12-06T05:52:46.494+0000][6277.140s][info ][gc,heap     ] GC(142) Old regions: 154->154
[2025-12-06T05:52:46.494+0000][6277.140s][info ][gc,heap     ] GC(142) Archive regions: 2->2
[2025-12-06T05:52:46.494+0000][6277.140s][info ][gc,heap     ] GC(142) Humongous regions: 0->0
[2025-12-06T05:52:46.494+0000][6277.140s][info ][gc,metaspace] GC(142) Metaspace: 206115K(207488K)->206115K(207488K) NonClass: 181447K(182144K)->181447K(182144K) Class: 24668K(25344K)->24668K(25344K)
[2025-12-06T05:52:46.494+0000][6277.140s][info ][gc          ] GC(142) Pause Young (Concurrent Start) (G1 Humongous Allocation) 290M->155M(550M) 12.082ms
[2025-12-06T05:52:46.494+0000][6277.140s][info ][gc,cpu      ] GC(142) User=0.07s Sys=0.01s Real=0.01s
[2025-12-06T05:52:46.494+0000][6277.140s][info ][gc          ] GC(143) Concurrent Mark Cycle
[2025-12-06T05:52:46.494+0000][6277.140s][info ][gc,marking  ] GC(143) Concurrent Clear Claimed Marks
[2025-12-06T05:52:46.494+0000][6277.140s][info ][gc,marking  ] GC(143) Concurrent Clear Claimed Marks 0.238ms
[2025-12-06T05:52:46.494+0000][6277.140s][info ][gc,marking  ] GC(143) Concurrent Scan Root Regions
[2025-12-06T05:52:46.495+0000][6277.141s][info ][safepoint   ] Safepoint "G1TryInitiateConcMark", Time since last: 131285704 ns, Reaching safepoint: 120221 ns, Cleanup: 52600 ns, At safepoint: 13412377 ns, Total: 13585198 ns
[2025-12-06T05:52:46.533+0000][6277.178s][info ][gc,marking  ] GC(143) Concurrent Scan Root Regions 38.181ms
[2025-12-06T05:52:46.533+0000][6277.178s][info ][gc,marking  ] GC(143) Concurrent Mark
[2025-12-06T05:52:46.533+0000][6277.178s][info ][gc,marking  ] GC(143) Concurrent Mark From Roots
[2025-12-06T05:52:46.533+0000][6277.178s][info ][gc,task     ] GC(143) Using 3 workers of 3 for marking
[2025-12-06T05:52:46.705+0000][6277.350s][info ][gc,marking  ] GC(143) Concurrent Mark From Roots 171.850ms
[2025-12-06T05:52:46.705+0000][6277.350s][info ][gc,marking  ] GC(143) Concurrent Preclean
[2025-12-06T05:52:46.705+0000][6277.351s][info ][gc,marking  ] GC(143) Concurrent Preclean 0.371ms
[2025-12-06T05:52:46.705+0000][6277.351s][debug][safepoint   ] Safepoint synchronization initiated using futex wait barrier. (280 threads)
[2025-12-06T05:52:46.705+0000][6277.351s][info ][gc,start    ] GC(143) Pause Remark
[2025-12-06T05:52:46.714+0000][6277.360s][info ][gc          ] GC(143) Pause Remark 178M->178M(550M) 9.029ms
[2025-12-06T05:52:46.714+0000][6277.360s][info ][gc,cpu      ] GC(143) User=0.08s Sys=0.00s Real=0.00s
[2025-12-06T05:52:46.715+0000][6277.360s][info ][safepoint   ] Safepoint "G1PauseRemark", Time since last: 209911794 ns, Reaching safepoint: 47852 ns, Cleanup: 5170 ns, At safepoint: 9603349 ns, Total: 9656371 ns
[2025-12-06T05:52:46.715+0000][6277.361s][info ][gc,marking  ] GC(143) Concurrent Mark 182.074ms
[2025-12-06T05:52:46.715+0000][6277.361s][info ][gc,marking  ] GC(143) Concurrent Rebuild Remembered Sets
[2025-12-06T05:52:46.772+0000][6277.418s][info ][gc,marking  ] GC(143) Concurrent Rebuild Remembered Sets 57.625ms
[2025-12-06T05:52:46.773+0000][6277.418s][debug][safepoint   ] Safepoint synchronization initiated using futex wait barrier. (280 threads)
[2025-12-06T05:52:46.773+0000][6277.419s][info ][gc,start    ] GC(143) Pause Cleanup
[2025-12-06T05:52:46.773+0000][6277.419s][info ][gc          ] GC(143) Pause Cleanup 178M->178M(550M) 0.555ms
[2025-12-06T05:52:46.773+0000][6277.419s][info ][gc,cpu      ] GC(143) User=0.00s Sys=0.00s Real=0.00s
[2025-12-06T05:52:46.774+0000][6277.419s][info ][safepoint   ] Safepoint "G1PauseCleanup", Time since last: 57927521 ns, Reaching safepoint: 88970 ns, Cleanup: 7244 ns, At safepoint: 840018 ns, Total: 936232 ns
[2025-12-06T05:52:46.774+0000][6277.419s][info ][gc,marking  ] GC(143) Concurrent Cleanup for Next Mark
[2025-12-06T05:52:46.776+0000][6277.422s][info ][gc,marking  ] GC(143) Concurrent Cleanup for Next Mark 2.427ms
[2025-12-06T05:52:46.776+0000][6277.422s][info ][gc          ] GC(143) Concurrent Mark Cycle 282.016ms
[2025-12-06T05:52:47.774+0000][6278.420s][debug][safepoint   ] Safepoint synchronization initiated using futex wait barrier. (280 threads)
[2025-12-06T05:52:47.774+0000][6278.420s][info ][safepoint   ] Safepoint "Cleanup", Time since last: 1000215813 ns, Reaching safepoint: 176628 ns, Cleanup: 88730 ns, At safepoint: 11452 ns, Total: 276810 ns
[2025-12-06T05:52:48.774+0000][6279.420s][debug][safepoint   ] Safepoint synchronization initiated using futex wait barrier. (280 threads)
[2025-12-06T05:52:48.774+0000][6279.420s][info ][safepoint   ] Safepoint "Cleanup", Time since last: 1000197500 ns, Reaching safepoint: 97126 ns, Cleanup: 51248 ns, At safepoint: 6142 ns, Total: 154516 ns
[2025-12-06T05:52:50.775+0000][6281.420s][debug][safepoint   ] Safepoint synchronization initiated using futex wait barrier. (283 threads)
[2025-12-06T05:52:50.775+0000][6281.421s][info ][safepoint   ] Safepoint "Cleanup", Time since last: 2000273265 ns, Reaching safepoint: 116594 ns, Cleanup: 19698 ns, At safepoint: 5330 ns, Total: 141622 ns
[2025-12-06T05:52:51.775+0000][6282.421s][debug][safepoint   ] Safepoint synchronization initiated using futex wait barrier. (283 threads)
[2025-12-06T05:52:51.775+0000][6282.421s][info ][safepoint   ] Safepoint "Cleanup", Time since last: 1000171734 ns, Reaching safepoint: 157623 ns, Cleanup: 29506 ns, At safepoint: 6332 ns, Total: 193461 ns
[2025-12-06T05:52:52.775+0000][6283.421s][debug][safepoint   ] Safepoint synchronization initiated using futex wait barrier. (284 threads)
[2025-12-06T05:52:52.776+0000][6283.422s][info ][safepoint   ] Safepoint "Cleanup", Time since last: 1000212740 ns, Reaching safepoint: 218469 ns, Cleanup: 245030 ns, At safepoint: 18986 ns, Total: 482485 ns
[2025-12-06T05:52:54.776+0000][6285.422s][debug][safepoint   ] Safepoint synchronization initiated using futex wait barrier. (286 threads)
[2025-12-06T05:52:54.776+0000][6285.422s][info ][safepoint   ] Safepoint "Cleanup", Time since last: 2000309267 ns, Reaching safepoint: 89121 ns, Cleanup: 11282 ns, At safepoint: 33043 ns, Total: 133446 ns
[2025-12-06T05:52:56.777+0000][6287.422s][debug][safepoint   ] Safepoint synchronization initiated using futex wait barrier. (286 threads)
[2025-12-06T05:52:56.777+0000][6287.423s][info ][safepoint   ] Safepoint "Cleanup", Time since last: 2000329953 ns, Reaching safepoint: 136462 ns, Cleanup: 31631 ns, At safepoint: 7514 ns, Total: 175607 ns
[2025-12-06T05:52:57.777+0000][6288.423s][debug][safepoint   ] Safepoint synchronization initiated using futex wait barrier. (286 threads)
[2025-12-06T05:52:57.777+0000][6288.423s][info ][safepoint   ] Safepoint "Cleanup", Time since last: 1000150386 ns, Reaching safepoint: 121142 ns, Cleanup: 29177 ns, At safepoint: 4478 ns, Total: 154797 ns
[2025-12-06T05:53:00.778+0000][6291.423s][debug][safepoint   ] Safepoint synchronization initiated using futex wait barrier. (286 threads)
[2025-12-06T05:53:00.778+0000][6291.423s][info ][safepoint   ] Safepoint "Cleanup", Time since last: 3000370902 ns, Reaching safepoint: 75405 ns, Cleanup: 11582 ns, At safepoint: 2985 ns, Total: 89972 ns
[2025-12-06T05:53:01.778+0000][6292.423s][debug][safepoint   ] Safepoint synchronization initiated using futex wait barrier. (286 threads)
[2025-12-06T05:53:01.778+0000][6292.424s][info ][safepoint   ] Safepoint "Cleanup", Time since last: 1000137703 ns, Reaching safepoint: 131703 ns, Cleanup: 14268 ns, At safepoint: 5951 ns, Total: 151922 ns
[2025-12-06T05:53:03.494+0000][6294.140s][debug][safepoint   ] Safepoint synchronization initiated using futex wait barrier. (286 threads)
[2025-12-06T05:53:03.494+0000][6294.140s][debug][safepoint   ] ... found polling page loop exception at pc = 0x000074aabe1575e9, stub =0x000074aabca04400
[2025-12-06T05:53:03.494+0000][6294.140s][info ][safepoint   ] Safepoint "Cleanup", Time since last: 1715900766 ns, Reaching safepoint: 240417 ns, Cleanup: 87589 ns, At safepoint: 55336 ns, Total: 383342 ns
[2025-12-06T05:53:04.494+0000][6295.140s][debug][safepoint   ] Safepoint synchronization initiated using futex wait barrier. (286 threads)
[2025-12-06T05:53:04.494+0000][6295.140s][info ][safepoint   ] Safepoint "Cleanup", Time since last: 1000134082 ns, Reaching safepoint: 92588 ns, Cleanup: 21962 ns, At safepoint: 3878 ns, Total: 118428 ns
[2025-12-06T05:53:05.495+0000][6296.140s][debug][safepoint   ] Safepoint synchronization initiated using futex wait barrier. (286 threads)
[2025-12-06T05:53:05.495+0000][6296.140s][info ][safepoint   ] Safepoint "Cleanup", Time since last: 1000150977 ns, Reaching safepoint: 111814 ns, Cleanup: 28384 ns, At safepoint: 7024 ns, Total: 147222 ns
[2025-12-06T05:53:08.495+0000][6299.141s][debug][safepoint   ] Safepoint synchronization initiated using futex wait barrier. (287 threads)
[2025-12-06T05:53:08.495+0000][6299.141s][info ][safepoint   ] Safepoint "Cleanup", Time since last: 3000563907 ns, Reaching safepoint: 135340 ns, Cleanup: 28664 ns, At safepoint: 5170 ns, Total: 169174 ns
[2025-12-06T05:53:11.495+0000][6302.142s][debug][safepoint   ] Safepoint synchronization initiated using futex wait barrier. (287 threads)
[2025-12-06T05:53:11.495+0000][6302.142s][info ][safepoint   ] Safepoint "Cleanup", Time since last: 3000480533 ns, Reaching safepoint: 105832 ns, Cleanup: 21812 ns, At safepoint: 5761 ns, Total: 133405 ns
[2025-12-06T05:53:12.495+0000][6303.142s][debug][safepoint   ] Safepoint synchronization initiated using futex wait barrier. (286 threads)
[2025-12-06T05:53:12.495+0000][6303.142s][info ][safepoint   ] Safepoint "Cleanup", Time since last: 1000159264 ns, Reaching safepoint: 111554 ns, Cleanup: 53472 ns, At safepoint: 6252 ns, Total: 171278 ns
[2025-12-06T05:53:13.495+0000][6304.142s][debug][safepoint   ] Safepoint synchronization initiated using futex wait barrier. (286 threads)
[2025-12-06T05:53:13.495+0000][6304.143s][info ][safepoint   ] Safepoint "Cleanup", Time since last: 1000182880 ns, Reaching safepoint: 140790 ns, Cleanup: 37933 ns, At safepoint: 4719 ns, Total: 183442 ns
[2025-12-06T05:53:15.049+0000][6305.696s][debug][safepoint   ] Safepoint synchronization initiated using futex wait barrier. (287 threads)
[2025-12-06T05:53:15.049+0000][6305.696s][info ][safepoint   ] Safepoint "Cleanup", Time since last: 1553422764 ns, Reaching safepoint: 135129 ns, Cleanup: 179924 ns, At safepoint: 6583 ns, Total: 321636 ns
[2025-12-06T05:53:16.049+0000][6306.696s][debug][safepoint   ] Safepoint synchronization initiated using futex wait barrier. (286 threads)
[2025-12-06T05:53:16.049+0000][6306.697s][info ][safepoint   ] Safepoint "Cleanup", Time since last: 1000144402 ns, Reaching safepoint: 85604 ns, Cleanup: 34416 ns, At safepoint: 3847 ns, Total: 123867 ns
[2025-12-06T05:53:19.050+0000][6309.697s][debug][safepoint   ] Safepoint synchronization initiated using futex wait barrier. (286 threads)
[2025-12-06T05:53:19.050+0000][6309.697s][info ][safepoint   ] Safepoint "Cleanup", Time since last: 3000508766 ns, Reaching safepoint: 128306 ns, Cleanup: 29346 ns, At safepoint: 5561 ns, Total: 163213 ns
[2025-12-06T05:53:42.051+0000][6332.700s][debug][safepoint   ] Safepoint synchronization initiated using futex wait barrier. (288 threads)
[2025-12-06T05:53:42.051+0000][6332.700s][info ][safepoint   ] Safepoint "Cleanup", Time since last: 23003040227 ns, Reaching safepoint: 156911 ns, Cleanup: 21140 ns, At safepoint: 5961 ns, Total: 184012 ns
[2025-12-06T05:53:44.052+0000][6334.701s][debug][safepoint   ] Safepoint synchronization initiated using futex wait barrier. (288 threads)
[2025-12-06T05:53:44.052+0000][6334.701s][info ][safepoint   ] Safepoint "Cleanup", Time since last: 2000302361 ns, Reaching safepoint: 163824 ns, Cleanup: 9027 ns, At safepoint: 80795 ns, Total: 253646 ns
[2025-12-06T05:53:45.052+0000][6335.701s][debug][safepoint   ] Safepoint synchronization initiated using futex wait barrier. (287 threads)
[2025-12-06T05:53:45.052+0000][6335.701s][info ][safepoint   ] Safepoint "Cleanup", Time since last: 1000239389 ns, Reaching safepoint: 139046 ns, Cleanup: 23285 ns, At safepoint: 4859 ns, Total: 167190 ns
[2025-12-06T05:54:17.888+0000][6368.539s][debug][safepoint   ] Safepoint synchronization initiated using futex wait barrier. (286 threads)
[2025-12-06T05:54:17.888+0000][6368.539s][info ][gc,start    ] GC(144) Pause Young (Prepare Mixed) (G1 Evacuation Pause)
[2025-12-06T05:54:17.888+0000][6368.539s][info ][gc,task     ] GC(144) Using 13 workers of 13 for evacuation
[2025-12-06T05:54:17.899+0000][6368.550s][info ][gc,phases   ] GC(144)   Pre Evacuate Collection Set: 0.6ms
[2025-12-06T05:54:17.899+0000][6368.550s][info ][gc,phases   ] GC(144)   Merge Heap Roots: 0.5ms
[2025-12-06T05:54:17.899+0000][6368.550s][info ][gc,phases   ] GC(144)   Evacuate Collection Set: 6.2ms
[2025-12-06T05:54:17.899+0000][6368.550s][info ][gc,phases   ] GC(144)   Post Evacuate Collection Set: 2.8ms
[2025-12-06T05:54:17.899+0000][6368.550s][info ][gc,phases   ] GC(144)   Other: 0.3ms
[2025-12-06T05:54:17.899+0000][6368.550s][info ][gc,heap     ] GC(144) Eden regions: 328->0(23)
[2025-12-06T05:54:17.899+0000][6368.550s][info ][gc,heap     ] GC(144) Survivor regions: 2->4(42)
[2025-12-06T05:54:17.899+0000][6368.550s][info ][gc,heap     ] GC(144) Old regions: 154->154
[2025-12-06T05:54:17.899+0000][6368.550s][info ][gc,heap     ] GC(144) Archive regions: 2->2
[2025-12-06T05:54:17.899+0000][6368.550s][info ][gc,heap     ] GC(144) Humongous regions: 17->0
[2025-12-06T05:54:17.899+0000][6368.550s][info ][gc,metaspace] GC(144) Metaspace: 206630K(207936K)->206630K(207936K) NonClass: 181890K(182592K)->181890K(182592K) Class: 24739K(25344K)->24739K(25344K)
[2025-12-06T05:54:17.899+0000][6368.550s][info ][gc          ] GC(144) Pause Young (Prepare Mixed) (G1 Evacuation Pause) 500M->157M(550M) 10.408ms
[2025-12-06T05:54:17.899+0000][6368.550s][info ][gc,cpu      ] GC(144) User=0.07s Sys=0.01s Real=0.02s
[2025-12-06T05:54:17.899+0000][6368.550s][info ][safepoint   ] Safepoint "G1CollectForAllocation", Time since last: 32837800637 ns, Reaching safepoint: 89761 ns, Cleanup: 6102 ns, At safepoint: 11087804 ns, Total: 11183667 ns
[2025-12-06T05:54:34.750+0000][6385.401s][debug][safepoint   ] Safepoint synchronization initiated using futex wait barrier. (285 threads)
[2025-12-06T05:54:34.751+0000][6385.401s][info ][gc,start    ] GC(145) Pause Young (Mixed) (G1 Evacuation Pause)
[2025-12-06T05:54:34.751+0000][6385.402s][info ][gc,task     ] GC(145) Using 13 workers of 13 for evacuation
[2025-12-06T05:54:34.771+0000][6385.422s][info ][gc,phases   ] GC(145)   Pre Evacuate Collection Set: 0.6ms
[2025-12-06T05:54:34.771+0000][6385.422s][info ][gc,phases   ] GC(145)   Merge Heap Roots: 0.4ms
[2025-12-06T05:54:34.771+0000][6385.422s][info ][gc,phases   ] GC(145)   Evacuate Collection Set: 14.5ms
[2025-12-06T05:54:34.771+0000][6385.422s][info ][gc,phases   ] GC(145)   Post Evacuate Collection Set: 4.5ms
[2025-12-06T05:54:34.771+0000][6385.422s][info ][gc,phases   ] GC(145)   Other: 0.3ms
[2025-12-06T05:54:34.771+0000][6385.422s][info ][gc,heap     ] GC(145) Eden regions: 23->0(329)
[2025-12-06T05:54:34.771+0000][6385.422s][info ][gc,heap     ] GC(145) Survivor regions: 4->1(4)
[2025-12-06T05:54:34.771+0000][6385.422s][info ][gc,heap     ] GC(145) Old regions: 154->156
[2025-12-06T05:54:34.771+0000][6385.422s][info ][gc,heap     ] GC(145) Archive regions: 2->2
[2025-12-06T05:54:34.771+0000][6385.422s][info ][gc,heap     ] GC(145) Humongous regions: 0->0
[2025-12-06T05:54:34.771+0000][6385.422s][info ][gc,metaspace] GC(145) Metaspace: 206630K(207936K)->206630K(207936K) NonClass: 181890K(182592K)->181890K(182592K) Class: 24739K(25344K)->24739K(25344K)
[2025-12-06T05:54:34.771+0000][6385.422s][info ][gc          ] GC(145) Pause Young (Mixed) (G1 Evacuation Pause) 180M->156M(550M) 20.278ms
[2025-12-06T05:54:34.771+0000][6385.422s][info ][gc,cpu      ] GC(145) User=0.18s Sys=0.00s Real=0.02s
[2025-12-06T05:54:34.772+0000][6385.423s][info ][safepoint   ] Safepoint "G1CollectForAllocation", Time since last: 16850820330 ns, Reaching safepoint: 127264 ns, Cleanup: 7143 ns, At safepoint: 21347380 ns, Total: 21481787 ns
[2025-12-06T05:55:33.108+0000][6443.762s][debug][safepoint   ] Safepoint synchronization initiated using futex wait barrier. (284 threads)
[2025-12-06T05:55:33.108+0000][6443.762s][info ][safepoint   ] Safepoint "Cleanup", Time since last: 58339425804 ns, Reaching safepoint: 84082 ns, Cleanup: 19848 ns, At safepoint: 3356 ns, Total: 107286 ns
[2025-12-06T05:55:34.109+0000][6444.763s][debug][safepoint   ] Safepoint synchronization initiated using futex wait barrier. (284 threads)
[2025-12-06T05:55:34.109+0000][6444.763s][info ][safepoint   ] Safepoint "Cleanup", Time since last: 1000353306 ns, Reaching safepoint: 472866 ns, Cleanup: 92177 ns, At safepoint: 180876 ns, Total: 745919 ns
[2025-12-06T05:55:37.110+0000][6447.764s][debug][safepoint   ] Safepoint synchronization initiated using futex wait barrier. (284 threads)
[2025-12-06T05:55:37.110+0000][6447.764s][info ][safepoint   ] Safepoint "Cleanup", Time since last: 3000540781 ns, Reaching safepoint: 173673 ns, Cleanup: 25909 ns, At safepoint: 5831 ns, Total: 205413 ns
[2025-12-06T05:55:38.215+0000][6448.869s][debug][safepoint   ] Safepoint synchronization initiated using futex wait barrier. (284 threads)
[2025-12-06T05:55:38.215+0000][6448.869s][info ][safepoint   ] Safepoint "Cleanup", Time since last: 1104716945 ns, Reaching safepoint: 216134 ns, Cleanup: 97136 ns, At safepoint: 287340 ns, Total: 600610 ns
[2025-12-06T05:55:43.215+0000][6453.871s][debug][safepoint   ] Safepoint synchronization initiated using futex wait barrier. (283 threads)
[2025-12-06T05:55:43.215+0000][6453.871s][info ][safepoint   ] Safepoint "Cleanup", Time since last: 5001444734 ns, Reaching safepoint: 194823 ns, Cleanup: 44546 ns, At safepoint: 7023 ns, Total: 246392 ns
[2025-12-06T05:55:44.218+0000][6454.874s][debug][safepoint   ] Safepoint synchronization initiated using futex wait barrier. (283 threads)
[2025-12-06T05:55:44.218+0000][6454.874s][info ][safepoint   ] Safepoint "Cleanup", Time since last: 1002595626 ns, Reaching safepoint: 127815 ns, Cleanup: 36480 ns, At safepoint: 4218 ns, Total: 168513 ns
[2025-12-06T05:55:45.218+0000][6455.874s][debug][safepoint   ] Safepoint synchronization initiated using futex wait barrier. (283 threads)
[2025-12-06T05:55:45.218+0000][6455.874s][info ][safepoint   ] Safepoint "Cleanup", Time since last: 1000147828 ns, Reaching safepoint: 119609 ns, Cleanup: 74432 ns, At safepoint: 6042 ns, Total: 200083 ns
[2025-12-06T05:55:51.219+0000][6461.875s][debug][safepoint   ] Safepoint synchronization initiated using futex wait barrier. (283 threads)
[2025-12-06T05:55:51.219+0000][6461.875s][info ][safepoint   ] Safepoint "Cleanup", Time since last: 6000867870 ns, Reaching safepoint: 151039 ns, Cleanup: 26561 ns, At safepoint: 5882 ns, Total: 183482 ns
[2025-12-06T05:55:53.219+0000][6463.875s][debug][safepoint   ] Safepoint synchronization initiated using futex wait barrier. (283 threads)
[2025-12-06T05:55:53.220+0000][6463.876s][info ][safepoint   ] Safepoint "Cleanup", Time since last: 2000256654 ns, Reaching safepoint: 146530 ns, Cleanup: 87628 ns, At safepoint: 8466 ns, Total: 242624 ns
[2025-12-06T05:55:55.220+0000][6465.876s][debug][safepoint   ] Safepoint synchronization initiated using futex wait barrier. (283 threads)
[2025-12-06T05:55:55.220+0000][6465.876s][info ][safepoint   ] Safepoint "Cleanup", Time since last: 2000359610 ns, Reaching safepoint: 129498 ns, Cleanup: 41369 ns, At safepoint: 6292 ns, Total: 177159 ns
[2025-12-06T05:57:26.167+0000][6556.828s][debug][safepoint   ] Safepoint synchronization initiated using futex wait barrier. (285 threads)
[2025-12-06T05:57:26.167+0000][6556.828s][info ][safepoint   ] Safepoint "Cleanup", Time since last: 90951680671 ns, Reaching safepoint: 149486 ns, Cleanup: 26040 ns, At safepoint: 6272 ns, Total: 181798 ns
[2025-12-06T05:57:29.168+0000][6559.829s][debug][safepoint   ] Safepoint synchronization initiated using futex wait barrier. (286 threads)
[2025-12-06T05:57:29.168+0000][6559.829s][info ][safepoint   ] Safepoint "Cleanup", Time since last: 3000440585 ns, Reaching safepoint: 192850 ns, Cleanup: 24647 ns, At safepoint: 23785 ns, Total: 241282 ns
[2025-12-06T05:57:30.168+0000][6560.829s][debug][safepoint   ] Safepoint synchronization initiated using futex wait barrier. (286 threads)
[2025-12-06T05:57:30.168+0000][6560.829s][info ][safepoint   ] Safepoint "Cleanup", Time since last: 1000274351 ns, Reaching safepoint: 197227 ns, Cleanup: 38123 ns, At safepoint: 10420 ns, Total: 245770 ns
[2025-12-06T05:57:36.169+0000][6566.830s][debug][safepoint   ] Safepoint synchronization initiated using futex wait barrier. (288 threads)
[2025-12-06T05:57:36.170+0000][6566.831s][info ][safepoint   ] Safepoint "Cleanup", Time since last: 6001102783 ns, Reaching safepoint: 140669 ns, Cleanup: 16171 ns, At safepoint: 5731 ns, Total: 162571 ns
[2025-12-06T05:57:41.170+0000][6571.831s][debug][safepoint   ] Safepoint synchronization initiated using futex wait barrier. (286 threads)
[2025-12-06T05:57:41.170+0000][6571.832s][info ][safepoint   ] Safepoint "Cleanup", Time since last: 5000638572 ns, Reaching safepoint: 219420 ns, Cleanup: 31070 ns, At safepoint: 10209 ns, Total: 260699 ns
[2025-12-06T05:57:44.136+0000][6574.799s][debug][safepoint   ] Safepoint synchronization initiated using futex wait barrier. (286 threads)
[2025-12-06T05:57:44.137+0000][6574.799s][info ][gc,start    ] GC(146) Pause Young (Concurrent Start) (G1 Evacuation Pause)
[2025-12-06T05:57:44.137+0000][6574.799s][info ][gc,task     ] GC(146) Using 13 workers of 13 for evacuation
[2025-12-06T05:57:44.143+0000][6574.806s][info ][gc,phases   ] GC(146)   Pre Evacuate Collection Set: 0.7ms
[2025-12-06T05:57:44.143+0000][6574.806s][info ][gc,phases   ] GC(146)   Merge Heap Roots: 0.3ms
[2025-12-06T05:57:44.143+0000][6574.806s][info ][gc,phases   ] GC(146)   Evacuate Collection Set: 3.2ms
[2025-12-06T05:57:44.143+0000][6574.806s][info ][gc,phases   ] GC(146)   Post Evacuate Collection Set: 2.1ms
[2025-12-06T05:57:44.143+0000][6574.806s][info ][gc,phases   ] GC(146)   Other: 0.3ms
[2025-12-06T05:57:44.143+0000][6574.806s][info ][gc,heap     ] GC(146) Eden regions: 329->0(329)
[2025-12-06T05:57:44.143+0000][6574.806s][info ][gc,heap     ] GC(146) Survivor regions: 1->1(42)
[2025-12-06T05:57:44.143+0000][6574.806s][info ][gc,heap     ] GC(146) Old regions: 156->156
[2025-12-06T05:57:44.143+0000][6574.806s][info ][gc,heap     ] GC(146) Archive regions: 2->2
[2025-12-06T05:57:44.143+0000][6574.806s][info ][gc,heap     ] GC(146) Humongous regions: 0->0
[2025-12-06T05:57:44.143+0000][6574.806s][info ][gc,metaspace] GC(146) Metaspace: 206810K(208192K)->206810K(208192K) NonClass: 182042K(182784K)->182042K(182784K) Class: 24767K(25408K)->24767K(25408K)
[2025-12-06T05:57:44.143+0000][6574.806s][info ][gc          ] GC(146) Pause Young (Concurrent Start) (G1 Evacuation Pause) 485M->156M(550M) 6.739ms
[2025-12-06T05:57:44.144+0000][6574.806s][info ][gc,cpu      ] GC(146) User=0.03s Sys=0.01s Real=0.01s
[2025-12-06T05:57:44.144+0000][6574.806s][info ][gc          ] GC(147) Concurrent Mark Cycle
[2025-12-06T05:57:44.144+0000][6574.806s][info ][gc,marking  ] GC(147) Concurrent Clear Claimed Marks
[2025-12-06T05:57:44.144+0000][6574.806s][info ][safepoint   ] Safepoint "G1CollectForAllocation", Time since last: 2967672707 ns, Reaching safepoint: 124789 ns, Cleanup: 5531 ns, At safepoint: 7030058 ns, Total: 7160378 ns
[2025-12-06T05:57:44.144+0000][6574.806s][info ][gc,marking  ] GC(147) Concurrent Clear Claimed Marks 0.173ms
[2025-12-06T05:57:44.144+0000][6574.806s][info ][gc,marking  ] GC(147) Concurrent Scan Root Regions
[2025-12-06T05:57:44.149+0000][6574.812s][info ][gc,marking  ] GC(147) Concurrent Scan Root Regions 5.270ms
[2025-12-06T05:57:44.149+0000][6574.812s][info ][gc,marking  ] GC(147) Concurrent Mark
[2025-12-06T05:57:44.149+0000][6574.812s][info ][gc,marking  ] GC(147) Concurrent Mark From Roots
[2025-12-06T05:57:44.149+0000][6574.812s][info ][gc,task     ] GC(147) Using 3 workers of 3 for marking
[2025-12-06T05:57:44.249+0000][6574.911s][info ][gc,marking  ] GC(147) Concurrent Mark From Roots 99.321ms
[2025-12-06T05:57:44.249+0000][6574.911s][info ][gc,marking  ] GC(147) Concurrent Preclean
[2025-12-06T05:57:44.249+0000][6574.912s][info ][gc,marking  ] GC(147) Concurrent Preclean 0.466ms
[2025-12-06T05:57:44.249+0000][6574.912s][debug][safepoint   ] Safepoint synchronization initiated using futex wait barrier. (286 threads)
[2025-12-06T05:57:44.249+0000][6574.912s][info ][gc,start    ] GC(147) Pause Remark
[2025-12-06T05:57:44.262+0000][6574.925s][info ][gc          ] GC(147) Pause Remark 160M->160M(547M) 12.580ms
[2025-12-06T05:57:44.262+0000][6574.925s][info ][gc,cpu      ] GC(147) User=0.12s Sys=0.00s Real=0.01s
[2025-12-06T05:57:44.263+0000][6574.926s][info ][safepoint   ] Safepoint "G1PauseRemark", Time since last: 105556871 ns, Reaching safepoint: 45527 ns, Cleanup: 38845 ns, At safepoint: 13813846 ns, Total: 13898218 ns
[2025-12-06T05:57:44.263+0000][6574.926s][info ][gc,marking  ] GC(147) Concurrent Mark 113.954ms
[2025-12-06T05:57:44.263+0000][6574.926s][info ][gc,marking  ] GC(147) Concurrent Rebuild Remembered Sets
[2025-12-06T05:57:44.317+0000][6574.979s][info ][gc,marking  ] GC(147) Concurrent Rebuild Remembered Sets 53.439ms
[2025-12-06T05:57:44.317+0000][6574.979s][debug][safepoint   ] Safepoint synchronization initiated using futex wait barrier. (286 threads)
[2025-12-06T05:57:44.317+0000][6574.980s][info ][gc,start    ] GC(147) Pause Cleanup
[2025-12-06T05:57:44.317+0000][6574.980s][info ][gc          ] GC(147) Pause Cleanup 160M->160M(547M) 0.339ms
[2025-12-06T05:57:44.317+0000][6574.980s][info ][gc,cpu      ] GC(147) User=0.00s Sys=0.00s Real=0.00s
[2025-12-06T05:57:44.317+0000][6574.980s][info ][safepoint   ] Safepoint "G1PauseCleanup", Time since last: 53659816 ns, Reaching safepoint: 43223 ns, Cleanup: 3437 ns, At safepoint: 439782 ns, Total: 486442 ns
[2025-12-06T05:57:44.317+0000][6574.980s][info ][gc,marking  ] GC(147) Concurrent Cleanup for Next Mark
[2025-12-06T05:57:44.319+0000][6574.982s][info ][gc,marking  ] GC(147) Concurrent Cleanup for Next Mark 1.858ms
[2025-12-06T05:57:44.319+0000][6574.982s][info ][gc          ] GC(147) Concurrent Mark Cycle 175.600ms
[2025-12-06T05:57:45.317+0000][6575.980s][debug][safepoint   ] Safepoint synchronization initiated using futex wait barrier. (287 threads)
[2025-12-06T05:57:45.318+0000][6575.980s][info ][safepoint   ] Safepoint "Cleanup", Time since last: 1000211872 ns, Reaching safepoint: 165327 ns, Cleanup: 47561 ns, At safepoint: 6793 ns, Total: 219681 ns
[2025-12-06T05:57:46.318+0000][6576.981s][debug][safepoint   ] Safepoint synchronization initiated using futex wait barrier. (287 threads)
[2025-12-06T05:57:46.318+0000][6576.981s][info ][safepoint   ] Safepoint "Cleanup", Time since last: 1000190310 ns, Reaching safepoint: 107767 ns, Cleanup: 76376 ns, At safepoint: 6963 ns, Total: 191106 ns
[2025-12-06T05:57:49.319+0000][6579.981s][debug][safepoint   ] Safepoint synchronization initiated using futex wait barrier. (287 threads)
[2025-12-06T05:57:49.319+0000][6579.981s][info ][safepoint   ] Safepoint "Cleanup", Time since last: 3000439935 ns, Reaching safepoint: 141942 ns, Cleanup: 19958 ns, At safepoint: 4950 ns, Total: 166850 ns
[2025-12-06T05:59:31.227+0000][6681.895s][debug][safepoint   ] Safepoint synchronization initiated using futex wait barrier. (286 threads)
[2025-12-06T05:59:31.228+0000][6681.896s][info ][safepoint   ] Safepoint "Cleanup", Time since last: 101913402490 ns, Reaching safepoint: 409393 ns, Cleanup: 22383 ns, At safepoint: 393524 ns, Total: 825300 ns
[2025-12-06T05:59:32.228+0000][6682.896s][debug][safepoint   ] Safepoint synchronization initiated using futex wait barrier. (289 threads)
[2025-12-06T05:59:32.229+0000][6682.896s][info ][safepoint   ] Safepoint "Cleanup", Time since last: 1000233438 ns, Reaching safepoint: 136772 ns, Cleanup: 35659 ns, At safepoint: 6362 ns, Total: 178793 ns
[2025-12-06T05:59:33.229+0000][6683.896s][debug][safepoint   ] Safepoint synchronization initiated using futex wait barrier. (288 threads)
[2025-12-06T05:59:33.229+0000][6683.896s][info ][safepoint   ] Safepoint "Cleanup", Time since last: 1000226052 ns, Reaching safepoint: 137443 ns, Cleanup: 31300 ns, At safepoint: 7344 ns, Total: 176087 ns
[2025-12-06T05:59:34.229+0000][6684.897s][debug][safepoint   ] Safepoint synchronization initiated using futex wait barrier. (288 threads)
[2025-12-06T05:59:34.240+0000][6684.908s][info ][safepoint   ] Safepoint "Cleanup", Time since last: 1000145311 ns, Reaching safepoint: 10696918 ns, Cleanup: 24637 ns, At safepoint: 241342 ns, Total: 10962897 ns
[2025-12-06T05:59:35.240+0000][6685.908s][debug][safepoint   ] Safepoint synchronization initiated using futex wait barrier. (287 threads)
[2025-12-06T05:59:35.240+0000][6685.908s][info ][safepoint   ] Safepoint "Cleanup", Time since last: 1000257797 ns, Reaching safepoint: 115441 ns, Cleanup: 28374 ns, At safepoint: 6092 ns, Total: 149907 ns
[2025-12-06T05:59:37.241+0000][6687.908s][debug][safepoint   ] Safepoint synchronization initiated using futex wait barrier. (287 threads)
[2025-12-06T05:59:37.241+0000][6687.908s][info ][safepoint   ] Safepoint "Cleanup", Time since last: 2000281552 ns, Reaching safepoint: 152602 ns, Cleanup: 22774 ns, At safepoint: 6081 ns, Total: 181457 ns
[2025-12-06T05:59:38.241+0000][6688.909s][debug][safepoint   ] Safepoint synchronization initiated using futex wait barrier. (288 threads)
[2025-12-06T05:59:38.241+0000][6688.909s][info ][safepoint   ] Safepoint "Cleanup", Time since last: 1000174119 ns, Reaching safepoint: 106063 ns, Cleanup: 76857 ns, At safepoint: 7414 ns, Total: 190334 ns
[2025-12-06T05:59:39.241+0000][6689.909s][debug][safepoint   ] Safepoint synchronization initiated using futex wait barrier. (290 threads)
[2025-12-06T05:59:39.242+0000][6689.909s][info ][safepoint   ] Safepoint "Cleanup", Time since last: 1000142992 ns, Reaching safepoint: 109148 ns, Cleanup: 31360 ns, At safepoint: 3677 ns, Total: 144185 ns
[2025-12-06T05:59:44.241+0000][6694.910s][debug][safepoint   ] Safepoint synchronization initiated using futex wait barrier. (289 threads)
[2025-12-06T05:59:44.241+0000][6694.910s][info ][safepoint   ] Safepoint "Cleanup", Time since last: 5000670152 ns, Reaching safepoint: 289849 ns, Cleanup: 34486 ns, At safepoint: 17814 ns, Total: 342149 ns
[2025-12-06T05:59:45.241+0000][6695.910s][debug][safepoint   ] Safepoint synchronization initiated using futex wait barrier. (287 threads)
[2025-12-06T05:59:45.241+0000][6695.910s][info ][safepoint   ] Safepoint "Cleanup", Time since last: 1000150120 ns, Reaching safepoint: 70926 ns, Cleanup: 12664 ns, At safepoint: 3206 ns, Total: 86796 ns
[2025-12-06T05:59:47.241+0000][6697.911s][debug][safepoint   ] Safepoint synchronization initiated using futex wait barrier. (290 threads)
[2025-12-06T05:59:47.241+0000][6697.911s][info ][safepoint   ] Safepoint "Cleanup", Time since last: 2000231685 ns, Reaching safepoint: 71757 ns, Cleanup: 21602 ns, At safepoint: 3005 ns, Total: 96364 ns
[2025-12-06T05:59:48.242+0000][6698.911s][debug][safepoint   ] Safepoint synchronization initiated using futex wait barrier. (288 threads)
[2025-12-06T05:59:48.242+0000][6698.911s][info ][safepoint   ] Safepoint "Cleanup", Time since last: 1000137780 ns, Reaching safepoint: 137313 ns, Cleanup: 47601 ns, At safepoint: 34687 ns, Total: 219601 ns
[2025-12-06T05:59:49.584+0000][6700.253s][debug][safepoint   ] Safepoint synchronization initiated using futex wait barrier. (288 threads)
[2025-12-06T05:59:49.584+0000][6700.253s][info ][safepoint   ] Safepoint "Cleanup", Time since last: 1342195851 ns, Reaching safepoint: 110572 ns, Cleanup: 41900 ns, At safepoint: 3587 ns, Total: 156059 ns
[2025-12-06T05:59:52.585+0000][6703.254s][debug][safepoint   ] Safepoint synchronization initiated using futex wait barrier. (287 threads)
[2025-12-06T05:59:52.585+0000][6703.254s][info ][safepoint   ] Safepoint "Cleanup", Time since last: 3000526980 ns, Reaching safepoint: 130490 ns, Cleanup: 19768 ns, At safepoint: 4268 ns, Total: 154526 ns
[2025-12-06T05:59:54.585+0000][6705.254s][debug][safepoint   ] Safepoint synchronization initiated using futex wait barrier. (287 threads)
[2025-12-06T05:59:54.586+0000][6705.255s][info ][safepoint   ] Safepoint "Cleanup", Time since last: 2000383496 ns, Reaching safepoint: 227526 ns, Cleanup: 40107 ns, At safepoint: 7484 ns, Total: 275117 ns
[2025-12-06T05:59:55.586+0000][6706.255s][debug][safepoint   ] Safepoint synchronization initiated using futex wait barrier. (287 threads)
[2025-12-06T05:59:55.586+0000][6706.255s][info ][safepoint   ] Safepoint "Cleanup", Time since last: 1000165589 ns, Reaching safepoint: 84522 ns, Cleanup: 19217 ns, At safepoint: 3777 ns, Total: 107516 ns
[2025-12-06T06:00:02.587+0000][6713.256s][debug][safepoint   ] Safepoint synchronization initiated using futex wait barrier. (289 threads)
[2025-12-06T06:00:02.587+0000][6713.256s][info ][safepoint   ] Safepoint "Cleanup", Time since last: 7001051072 ns, Reaching safepoint: 107165 ns, Cleanup: 31891 ns, At safepoint: 4349 ns, Total: 143405 ns
[2025-12-06T06:00:04.513+0000][6715.182s][debug][safepoint   ] Safepoint synchronization initiated using futex wait barrier. (289 threads)
[2025-12-06T06:00:04.514+0000][6715.183s][info ][gc,start    ] GC(148) Pause Young (Prepare Mixed) (G1 Evacuation Pause)
[2025-12-06T06:00:04.514+0000][6715.183s][info ][gc,task     ] GC(148) Using 13 workers of 13 for evacuation
[2025-12-06T06:00:04.520+0000][6715.190s][info ][gc,phases   ] GC(148)   Pre Evacuate Collection Set: 0.6ms
[2025-12-06T06:00:04.521+0000][6715.190s][info ][gc,phases   ] GC(148)   Merge Heap Roots: 0.3ms
[2025-12-06T06:00:04.521+0000][6715.190s][info ][gc,phases   ] GC(148)   Evacuate Collection Set: 3.2ms
[2025-12-06T06:00:04.521+0000][6715.190s][info ][gc,phases   ] GC(148)   Post Evacuate Collection Set: 2.4ms
[2025-12-06T06:00:04.521+0000][6715.190s][info ][gc,phases   ] GC(148)   Other: 0.4ms
[2025-12-06T06:00:04.521+0000][6715.190s][info ][gc,heap     ] GC(148) Eden regions: 327->0(25)
[2025-12-06T06:00:04.521+0000][6715.190s][info ][gc,heap     ] GC(148) Survivor regions: 1->2(41)
[2025-12-06T06:00:04.521+0000][6715.190s][info ][gc,heap     ] GC(148) Old regions: 156->156
[2025-12-06T06:00:04.521+0000][6715.190s][info ][gc,heap     ] GC(148) Archive regions: 2->2
[2025-12-06T06:00:04.521+0000][6715.190s][info ][gc,heap     ] GC(148) Humongous regions: 17->0
[2025-12-06T06:00:04.521+0000][6715.190s][info ][gc,metaspace] GC(148) Metaspace: 206979K(208320K)->206979K(208320K) NonClass: 182201K(182912K)->182201K(182912K) Class: 24778K(25408K)->24778K(25408K)
[2025-12-06T06:00:04.521+0000][6715.190s][info ][gc          ] GC(148) Pause Young (Prepare Mixed) (G1 Evacuation Pause) 500M->157M(547M) 6.986ms
[2025-12-06T06:00:04.521+0000][6715.190s][info ][gc,cpu      ] GC(148) User=0.05s Sys=0.00s Real=0.01s
[2025-12-06T06:00:04.521+0000][6715.191s][info ][safepoint   ] Safepoint "G1CollectForAllocation", Time since last: 1926256370 ns, Reaching safepoint: 224169 ns, Cleanup: 10761 ns, At safepoint: 7925183 ns, Total: 8160113 ns
[2025-12-06T06:00:18.255+0000][6728.926s][debug][safepoint   ] Safepoint synchronization initiated using futex wait barrier. (290 threads)
[2025-12-06T06:00:18.255+0000][6728.926s][info ][safepoint   ] Safepoint "Cleanup", Time since last: 13735632277 ns, Reaching safepoint: 154535 ns, Cleanup: 70766 ns, At safepoint: 54705 ns, Total: 280006 ns
[2025-12-06T06:00:19.369+0000][6730.040s][debug][safepoint   ] Safepoint synchronization initiated using futex wait barrier. (290 threads)
[2025-12-06T06:00:19.369+0000][6730.040s][info ][gc,start    ] GC(149) Pause Young (Mixed) (G1 Evacuation Pause)
[2025-12-06T06:00:19.369+0000][6730.040s][info ][gc,task     ] GC(149) Using 13 workers of 13 for evacuation
[2025-12-06T06:00:19.387+0000][6730.058s][info ][gc,phases   ] GC(149)   Pre Evacuate Collection Set: 0.6ms
[2025-12-06T06:00:19.387+0000][6730.058s][info ][gc,phases   ] GC(149)   Merge Heap Roots: 1.0ms
[2025-12-06T06:00:19.387+0000][6730.058s][info ][gc,phases   ] GC(149)   Evacuate Collection Set: 13.0ms
[2025-12-06T06:00:19.387+0000][6730.058s][info ][gc,phases   ] GC(149)   Post Evacuate Collection Set: 2.8ms
[2025-12-06T06:00:19.387+0000][6730.058s][info ][gc,phases   ] GC(149)   Other: 0.2ms
[2025-12-06T06:00:19.387+0000][6730.058s][info ][gc,heap     ] GC(149) Eden regions: 25->0(326)
[2025-12-06T06:00:19.387+0000][6730.058s][info ][gc,heap     ] GC(149) Survivor regions: 2->2(4)
[2025-12-06T06:00:19.387+0000][6730.058s][info ][gc,heap     ] GC(149) Old regions: 156->154
[2025-12-06T06:00:19.387+0000][6730.058s][info ][gc,heap     ] GC(149) Archive regions: 2->2
[2025-12-06T06:00:19.387+0000][6730.058s][info ][gc,heap     ] GC(149) Humongous regions: 0->0
[2025-12-06T06:00:19.387+0000][6730.058s][info ][gc,metaspace] GC(149) Metaspace: 206993K(208320K)->206993K(208320K) NonClass: 182215K(182912K)->182215K(182912K) Class: 24778K(25408K)->24778K(25408K)
[2025-12-06T06:00:19.387+0000][6730.058s][info ][gc          ] GC(149) Pause Young (Mixed) (G1 Evacuation Pause) 182M->156M(547M) 17.797ms
[2025-12-06T06:00:19.387+0000][6730.058s][info ][gc,cpu      ] GC(149) User=0.13s Sys=0.03s Real=0.02s
[2025-12-06T06:00:19.388+0000][6730.059s][info ][safepoint   ] Safepoint "G1CollectForAllocation", Time since last: 1113387654 ns, Reaching safepoint: 103819 ns, Cleanup: 6201 ns, At safepoint: 18939536 ns, Total: 19049556 ns
[2025-12-06T06:00:57.391+0000][6768.064s][debug][safepoint   ] Safepoint synchronization initiated using futex wait barrier. (290 threads)
[2025-12-06T06:00:57.392+0000][6768.064s][info ][safepoint   ] Safepoint "Cleanup", Time since last: 38004798886 ns, Reaching safepoint: 83510 ns, Cleanup: 12003 ns, At safepoint: 3557 ns, Total: 99070 ns
[2025-12-06T06:01:55.288+0000][6825.963s][debug][safepoint   ] Safepoint synchronization initiated using futex wait barrier. (295 threads)
[2025-12-06T06:01:55.288+0000][6825.963s][info ][safepoint   ] Safepoint "Cleanup", Time since last: 57899201872 ns, Reaching safepoint: 136651 ns, Cleanup: 43884 ns, At safepoint: 4058 ns, Total: 184593 ns
[2025-12-06T06:02:07.289+0000][6837.965s][debug][safepoint   ] Safepoint synchronization initiated using futex wait barrier. (295 threads)
[2025-12-06T06:02:07.290+0000][6837.965s][info ][safepoint   ] Safepoint "Cleanup", Time since last: 12001732556 ns, Reaching safepoint: 102847 ns, Cleanup: 13255 ns, At safepoint: 31520 ns, Total: 147622 ns
[2025-12-06T06:02:45.315+0000][6875.994s][debug][safepoint   ] Safepoint synchronization initiated using futex wait barrier. (293 threads)
[2025-12-06T06:02:45.315+0000][6875.994s][info ][safepoint   ] Safepoint "Cleanup", Time since last: 38028672060 ns, Reaching safepoint: 91955 ns, Cleanup: 18295 ns, At safepoint: 3987 ns, Total: 114237 ns
[2025-12-06T06:02:51.316+0000][6881.995s][debug][safepoint   ] Safepoint synchronization initiated using futex wait barrier. (293 threads)
[2025-12-06T06:02:51.316+0000][6881.995s][info ][safepoint   ] Safepoint "Cleanup", Time since last: 6000845053 ns, Reaching safepoint: 87258 ns, Cleanup: 14578 ns, At safepoint: 3948 ns, Total: 105784 ns
[2025-12-06T06:03:52.324+0000][6943.006s][debug][safepoint   ] Safepoint synchronization initiated using futex wait barrier. (286 threads)
[2025-12-06T06:03:52.324+0000][6943.006s][info ][safepoint   ] Safepoint "Cleanup", Time since last: 61011112508 ns, Reaching safepoint: 80364 ns, Cleanup: 11271 ns, At safepoint: 3337 ns, Total: 94972 ns
[2025-12-06T06:04:47.888+0000][6998.573s][debug][safepoint   ] Safepoint synchronization initiated using futex wait barrier. (282 threads)
[2025-12-06T06:04:47.888+0000][6998.574s][info ][gc,start    ] GC(150) Pause Young (Concurrent Start) (G1 Evacuation Pause)
[2025-12-06T06:04:47.888+0000][6998.574s][info ][gc,task     ] GC(150) Using 13 workers of 13 for evacuation
[2025-12-06T06:04:47.901+0000][6998.586s][info ][gc,phases   ] GC(150)   Pre Evacuate Collection Set: 2.6ms
[2025-12-06T06:04:47.901+0000][6998.586s][info ][gc,phases   ] GC(150)   Merge Heap Roots: 0.4ms
[2025-12-06T06:04:47.901+0000][6998.586s][info ][gc,phases   ] GC(150)   Evacuate Collection Set: 7.0ms
[2025-12-06T06:04:47.901+0000][6998.586s][info ][gc,phases   ] GC(150)   Post Evacuate Collection Set: 2.0ms
[2025-12-06T06:04:47.901+0000][6998.586s][info ][gc,phases   ] GC(150)   Other: 0.9ms
[2025-12-06T06:04:47.901+0000][6998.586s][info ][gc,heap     ] GC(150) Eden regions: 326->0(326)
[2025-12-06T06:04:47.901+0000][6998.586s][info ][gc,heap     ] GC(150) Survivor regions: 2->2(41)
[2025-12-06T06:04:47.901+0000][6998.586s][info ][gc,heap     ] GC(150) Old regions: 154->154
[2025-12-06T06:04:47.901+0000][6998.586s][info ][gc,heap     ] GC(150) Archive regions: 2->2
[2025-12-06T06:04:47.901+0000][6998.587s][info ][gc,heap     ] GC(150) Humongous regions: 0->0
[2025-12-06T06:04:47.901+0000][6998.587s][info ][gc,metaspace] GC(150) Metaspace: 207050K(208384K)->207050K(208384K) NonClass: 182263K(182976K)->182263K(182976K) Class: 24786K(25408K)->24786K(25408K)
[2025-12-06T06:04:47.901+0000][6998.587s][info ][gc          ] GC(150) Pause Young (Concurrent Start) (G1 Evacuation Pause) 482M->156M(547M) 13.018ms
[2025-12-06T06:04:47.901+0000][6998.587s][info ][gc,cpu      ] GC(150) User=0.07s Sys=0.00s Real=0.01s
[2025-12-06T06:04:47.901+0000][6998.587s][info ][gc          ] GC(151) Concurrent Mark Cycle
[2025-12-06T06:04:47.901+0000][6998.587s][info ][gc,marking  ] GC(151) Concurrent Clear Claimed Marks
[2025-12-06T06:04:47.902+0000][6998.587s][info ][gc,marking  ] GC(151) Concurrent Clear Claimed Marks 0.203ms
[2025-12-06T06:04:47.902+0000][6998.587s][info ][gc,marking  ] GC(151) Concurrent Scan Root Regions
[2025-12-06T06:04:47.902+0000][6998.587s][info ][safepoint   ] Safepoint "G1CollectForAllocation", Time since last: 55567102313 ns, Reaching safepoint: 298270 ns, Cleanup: 10340 ns, At safepoint: 13685809 ns, Total: 13994419 ns
[2025-12-06T06:04:47.906+0000][6998.591s][info ][gc,marking  ] GC(151) Concurrent Scan Root Regions 4.320ms
[2025-12-06T06:04:47.906+0000][6998.591s][info ][gc,marking  ] GC(151) Concurrent Mark
[2025-12-06T06:04:47.906+0000][6998.591s][info ][gc,marking  ] GC(151) Concurrent Mark From Roots
[2025-12-06T06:04:47.906+0000][6998.591s][info ][gc,task     ] GC(151) Using 3 workers of 3 for marking
[2025-12-06T06:04:47.997+0000][6998.682s][info ][gc,marking  ] GC(151) Concurrent Mark From Roots 90.611ms
[2025-12-06T06:04:47.997+0000][6998.682s][info ][gc,marking  ] GC(151) Concurrent Preclean
[2025-12-06T06:04:47.997+0000][6998.682s][info ][gc,marking  ] GC(151) Concurrent Preclean 0.445ms
[2025-12-06T06:04:47.997+0000][6998.683s][debug][safepoint   ] Safepoint synchronization initiated using futex wait barrier. (282 threads)
[2025-12-06T06:04:47.997+0000][6998.683s][info ][gc,start    ] GC(151) Pause Remark
[2025-12-06T06:04:48.128+0000][6998.814s][info ][gc          ] GC(151) Pause Remark 161M->161M(544M) 130.894ms
[2025-12-06T06:04:48.128+0000][6998.814s][info ][gc,cpu      ] GC(151) User=1.60s Sys=0.00s Real=0.13s
[2025-12-06T06:04:48.130+0000][6998.816s][info ][safepoint   ] Safepoint "G1PauseRemark", Time since last: 95479720 ns, Reaching safepoint: 44074 ns, Cleanup: 26981 ns, At safepoint: 133024657 ns, Total: 133095712 ns
[2025-12-06T06:04:48.130+0000][6998.816s][info ][gc,marking  ] GC(151) Concurrent Mark 224.414ms
[2025-12-06T06:04:48.130+0000][6998.816s][info ][gc,marking  ] GC(151) Concurrent Rebuild Remembered Sets
[2025-12-06T06:04:48.176+0000][6998.862s][info ][gc,marking  ] GC(151) Concurrent Rebuild Remembered Sets 45.892ms
[2025-12-06T06:04:48.176+0000][6998.862s][debug][safepoint   ] Safepoint synchronization initiated using futex wait barrier. (282 threads)
[2025-12-06T06:04:48.177+0000][6998.862s][info ][gc,start    ] GC(151) Pause Cleanup
[2025-12-06T06:04:48.178+0000][6998.863s][info ][gc          ] GC(151) Pause Cleanup 161M->161M(544M) 0.523ms
[2025-12-06T06:04:48.178+0000][6998.863s][info ][gc,cpu      ] GC(151) User=0.00s Sys=0.00s Real=0.00s
[2025-12-06T06:04:48.178+0000][6998.863s][info ][safepoint   ] Safepoint "G1PauseCleanup", Time since last: 46172023 ns, Reaching safepoint: 481960 ns, Cleanup: 4348 ns, At safepoint: 669349 ns, Total: 1155657 ns
[2025-12-06T06:04:48.178+0000][6998.863s][info ][gc,marking  ] GC(151) Concurrent Cleanup for Next Mark
[2025-12-06T06:04:48.179+0000][6998.865s][info ][gc,marking  ] GC(151) Concurrent Cleanup for Next Mark 1.410ms
[2025-12-06T06:04:48.179+0000][6998.865s][info ][gc          ] GC(151) Concurrent Mark Cycle 277.839ms
[2025-12-06T06:05:54.405+0000][7065.094s][debug][safepoint   ] Safepoint synchronization initiated using futex wait barrier. (280 threads)
[2025-12-06T06:05:54.406+0000][7065.094s][info ][safepoint   ] Safepoint "Cleanup", Time since last: 66230778609 ns, Reaching safepoint: 558448 ns, Cleanup: 19737 ns, At safepoint: 7525 ns, Total: 585710 ns
[2025-12-06T06:06:14.407+0000][7085.097s][debug][safepoint   ] Safepoint synchronization initiated using futex wait barrier. (282 threads)
[2025-12-06T06:06:14.407+0000][7085.097s][info ][safepoint   ] Safepoint "Cleanup", Time since last: 20002653836 ns, Reaching safepoint: 85052 ns, Cleanup: 14738 ns, At safepoint: 4419 ns, Total: 104209 ns
[2025-12-06T06:07:51.469+0000][7182.165s][debug][safepoint   ] Safepoint synchronization initiated using futex wait barrier. (278 threads)
[2025-12-06T06:07:51.470+0000][7182.165s][info ][safepoint   ] Safepoint "Cleanup", Time since last: 97066368339 ns, Reaching safepoint: 1496694 ns, Cleanup: 35017 ns, At safepoint: 105792 ns, Total: 1637503 ns
[2025-12-06T06:07:52.470+0000][7183.165s][debug][safepoint   ] Safepoint synchronization initiated using futex wait barrier. (278 threads)
[2025-12-06T06:07:52.470+0000][7183.166s][info ][safepoint   ] Safepoint "Cleanup", Time since last: 1000203701 ns, Reaching safepoint: 251682 ns, Cleanup: 31049 ns, At safepoint: 8787 ns, Total: 291518 ns
[2025-12-06T06:07:57.471+0000][7188.167s][debug][safepoint   ] Safepoint synchronization initiated using futex wait barrier. (279 threads)
[2025-12-06T06:07:57.471+0000][7188.167s][info ][safepoint   ] Safepoint "Cleanup", Time since last: 5000948615 ns, Reaching safepoint: 89421 ns, Cleanup: 18957 ns, At safepoint: 4158 ns, Total: 112536 ns
[2025-12-06T06:07:58.472+0000][7189.167s][debug][safepoint   ] Safepoint synchronization initiated using futex wait barrier. (284 threads)
[2025-12-06T06:07:58.472+0000][7189.167s][info ][safepoint   ] Safepoint "Cleanup", Time since last: 1000148278 ns, Reaching safepoint: 86876 ns, Cleanup: 65065 ns, At safepoint: 4518 ns, Total: 156459 ns
[2025-12-06T06:08:01.472+0000][7192.167s][debug][safepoint   ] Safepoint synchronization initiated using futex wait barrier. (281 threads)
[2025-12-06T06:08:01.472+0000][7192.168s][info ][safepoint   ] Safepoint "Cleanup", Time since last: 3000422929 ns, Reaching safepoint: 98018 ns, Cleanup: 13826 ns, At safepoint: 86405 ns, Total: 198249 ns
[2025-12-06T06:08:07.474+0000][7198.169s][debug][safepoint   ] Safepoint synchronization initiated using futex wait barrier. (280 threads)
[2025-12-06T06:08:07.474+0000][7198.169s][info ][safepoint   ] Safepoint "Cleanup", Time since last: 6001191411 ns, Reaching safepoint: 107876 ns, Cleanup: 18305 ns, At safepoint: 4860 ns, Total: 131041 ns
[2025-12-06T06:08:16.495+0000][7207.192s][debug][safepoint   ] Safepoint synchronization initiated using futex wait barrier. (280 threads)
[2025-12-06T06:08:16.495+0000][7207.193s][info ][safepoint   ] Safepoint "Cleanup", Time since last: 9023439929 ns, Reaching safepoint: 98638 ns, Cleanup: 23255 ns, At safepoint: 36960 ns, Total: 158853 ns
[2025-12-06T06:08:27.497+0000][7218.194s][debug][safepoint   ] Safepoint synchronization initiated using futex wait barrier. (279 threads)
[2025-12-06T06:08:27.497+0000][7218.194s][info ][safepoint   ] Safepoint "Cleanup", Time since last: 11001599056 ns, Reaching safepoint: 183832 ns, Cleanup: 29506 ns, At safepoint: 9729 ns, Total: 223067 ns
[2025-12-06T06:08:41.200+0000][7231.899s][debug][safepoint   ] Safepoint synchronization initiated using futex wait barrier. (279 threads)
[2025-12-06T06:08:41.200+0000][7231.899s][info ][gc,start    ] GC(152) Pause Young (Prepare Mixed) (G1 Evacuation Pause)
[2025-12-06T06:08:41.200+0000][7231.899s][info ][gc,task     ] GC(152) Using 13 workers of 13 for evacuation
[2025-12-06T06:08:41.213+0000][7231.911s][info ][gc,phases   ] GC(152)   Pre Evacuate Collection Set: 0.6ms
[2025-12-06T06:08:41.213+0000][7231.911s][info ][gc,phases   ] GC(152)   Merge Heap Roots: 1.0ms
[2025-12-06T06:08:41.213+0000][7231.911s][info ][gc,phases   ] GC(152)   Evacuate Collection Set: 5.9ms
[2025-12-06T06:08:41.213+0000][7231.911s][info ][gc,phases   ] GC(152)   Post Evacuate Collection Set: 4.8ms
[2025-12-06T06:08:41.213+0000][7231.911s][info ][gc,phases   ] GC(152)   Other: 0.3ms
[2025-12-06T06:08:41.213+0000][7231.911s][info ][gc,heap     ] GC(152) Eden regions: 324->0(24)
[2025-12-06T06:08:41.213+0000][7231.911s][info ][gc,heap     ] GC(152) Survivor regions: 2->3(41)
[2025-12-06T06:08:41.213+0000][7231.911s][info ][gc,heap     ] GC(152) Old regions: 154->154
[2025-12-06T06:08:41.213+0000][7231.911s][info ][gc,heap     ] GC(152) Archive regions: 2->2
[2025-12-06T06:08:41.213+0000][7231.911s][info ][gc,heap     ] GC(152) Humongous regions: 0->0
[2025-12-06T06:08:41.213+0000][7231.911s][info ][gc,metaspace] GC(152) Metaspace: 207207K(208576K)->207207K(208576K) NonClass: 182411K(183104K)->182411K(183104K) Class: 24796K(25472K)->24796K(25472K)
[2025-12-06T06:08:41.213+0000][7231.912s][info ][gc          ] GC(152) Pause Young (Prepare Mixed) (G1 Evacuation Pause) 480M->157M(544M) 12.607ms
[2025-12-06T06:08:41.213+0000][7231.912s][info ][gc,cpu      ] GC(152) User=0.10s Sys=0.00s Real=0.02s
[2025-12-06T06:08:41.214+0000][7231.913s][info ][safepoint   ] Safepoint "G1CollectForAllocation", Time since last: 13704224104 ns, Reaching safepoint: 162200 ns, Cleanup: 5931 ns, At safepoint: 14042931 ns, Total: 14211062 ns
[2025-12-06T06:08:43.214+0000][7233.913s][debug][safepoint   ] Safepoint synchronization initiated using futex wait barrier. (279 threads)
[2025-12-06T06:08:43.214+0000][7233.913s][info ][safepoint   ] Safepoint "Cleanup", Time since last: 2000309176 ns, Reaching safepoint: 79752 ns, Cleanup: 32703 ns, At safepoint: 3947 ns, Total: 116402 ns
[2025-12-06T06:08:54.819+0000][7245.518s][debug][safepoint   ] Safepoint synchronization initiated using futex wait barrier. (279 threads)
[2025-12-06T06:08:54.819+0000][7245.518s][info ][gc,start    ] GC(153) Pause Young (Mixed) (G1 Evacuation Pause)
[2025-12-06T06:08:54.819+0000][7245.518s][info ][gc,task     ] GC(153) Using 13 workers of 13 for evacuation
[2025-12-06T06:08:54.833+0000][7245.532s][info ][gc,phases   ] GC(153)   Pre Evacuate Collection Set: 0.5ms
[2025-12-06T06:08:54.833+0000][7245.532s][info ][gc,phases   ] GC(153)   Merge Heap Roots: 0.4ms
[2025-12-06T06:08:54.833+0000][7245.532s][info ][gc,phases   ] GC(153)   Evacuate Collection Set: 10.8ms
[2025-12-06T06:08:54.833+0000][7245.532s][info ][gc,phases   ] GC(153)   Post Evacuate Collection Set: 1.8ms
[2025-12-06T06:08:54.833+0000][7245.532s][info ][gc,phases   ] GC(153)   Other: 0.3ms
[2025-12-06T06:08:54.833+0000][7245.532s][info ][gc,heap     ] GC(153) Eden regions: 24->0(324)
[2025-12-06T06:08:54.833+0000][7245.532s][info ][gc,heap     ] GC(153) Survivor regions: 3->2(4)
[2025-12-06T06:08:54.833+0000][7245.532s][info ][gc,heap     ] GC(153) Old regions: 154->154
[2025-12-06T06:08:54.833+0000][7245.532s][info ][gc,heap     ] GC(153) Archive regions: 2->2
[2025-12-06T06:08:54.833+0000][7245.532s][info ][gc,heap     ] GC(153) Humongous regions: 0->0
[2025-12-06T06:08:54.833+0000][7245.532s][info ][gc,metaspace] GC(153) Metaspace: 207208K(208576K)->207208K(208576K) NonClass: 182411K(183104K)->182411K(183104K) Class: 24796K(25472K)->24796K(25472K)
[2025-12-06T06:08:54.833+0000][7245.532s][info ][gc          ] GC(153) Pause Young (Mixed) (G1 Evacuation Pause) 181M->156M(544M) 13.787ms
[2025-12-06T06:08:54.833+0000][7245.532s][info ][gc,cpu      ] GC(153) User=0.13s Sys=0.00s Real=0.02s
[2025-12-06T06:08:54.834+0000][7245.532s][info ][safepoint   ] Safepoint "G1CollectForAllocation", Time since last: 11604466966 ns, Reaching safepoint: 304384 ns, Cleanup: 13486 ns, At safepoint: 14367545 ns, Total: 14685415 ns
[2025-12-06T06:08:56.834+0000][7247.533s][debug][safepoint   ] Safepoint synchronization initiated using futex wait barrier. (278 threads)
[2025-12-06T06:08:56.835+0000][7247.533s][info ][safepoint   ] Safepoint "Cleanup", Time since last: 2000487285 ns, Reaching safepoint: 254528 ns, Cleanup: 76266 ns, At safepoint: 208830 ns, Total: 539624 ns
[2025-12-06T06:08:57.835+0000][7248.534s][debug][safepoint   ] Safepoint synchronization initiated using futex wait barrier. (278 threads)
[2025-12-06T06:08:57.835+0000][7248.534s][info ][safepoint   ] Safepoint "Cleanup", Time since last: 1000149135 ns, Reaching safepoint: 110953 ns, Cleanup: 10139 ns, At safepoint: 32022 ns, Total: 153114 ns
[2025-12-06T06:08:58.835+0000][7249.534s][debug][safepoint   ] Safepoint synchronization initiated using futex wait barrier. (278 threads)
[2025-12-06T06:08:58.835+0000][7249.534s][info ][safepoint   ] Safepoint "Cleanup", Time since last: 1000267030 ns, Reaching safepoint: 81907 ns, Cleanup: 12795 ns, At safepoint: 3266 ns, Total: 97968 ns
[2025-12-06T06:08:59.835+0000][7250.534s][debug][safepoint   ] Safepoint synchronization initiated using futex wait barrier. (278 threads)
[2025-12-06T06:08:59.835+0000][7250.534s][info ][safepoint   ] Safepoint "Cleanup", Time since last: 1000125690 ns, Reaching safepoint: 90964 ns, Cleanup: 20229 ns, At safepoint: 4038 ns, Total: 115231 ns
[2025-12-06T06:09:04.836+0000][7255.535s][debug][safepoint   ] Safepoint synchronization initiated using futex wait barrier. (278 threads)
[2025-12-06T06:09:04.836+0000][7255.535s][info ][safepoint   ] Safepoint "Cleanup", Time since last: 5000761973 ns, Reaching safepoint: 174144 ns, Cleanup: 30178 ns, At safepoint: 7775 ns, Total: 212097 ns
[2025-12-06T06:09:06.837+0000][7257.536s][debug][safepoint   ] Safepoint synchronization initiated using futex wait barrier. (278 threads)
[2025-12-06T06:09:06.837+0000][7257.536s][info ][safepoint   ] Safepoint "Cleanup", Time since last: 2000323480 ns, Reaching safepoint: 130029 ns, Cleanup: 17714 ns, At safepoint: 5440 ns, Total: 153183 ns
[2025-12-06T06:10:11.532+0000][7322.236s][debug][safepoint   ] Safepoint synchronization initiated using futex wait barrier. (279 threads)
[2025-12-06T06:10:11.533+0000][7322.236s][info ][safepoint   ] Safepoint "Cleanup", Time since last: 64699796147 ns, Reaching safepoint: 801774 ns, Cleanup: 28484 ns, At safepoint: 7164 ns, Total: 837422 ns
[2025-12-06T06:10:13.533+0000][7324.237s][debug][safepoint   ] Safepoint synchronization initiated using futex wait barrier. (279 threads)
[2025-12-06T06:10:13.533+0000][7324.237s][info ][safepoint   ] Safepoint "Cleanup", Time since last: 2000326739 ns, Reaching safepoint: 111072 ns, Cleanup: 20329 ns, At safepoint: 34977 ns, Total: 166378 ns
[2025-12-06T06:10:14.533+0000][7325.237s][debug][safepoint   ] Safepoint synchronization initiated using futex wait barrier. (279 threads)
[2025-12-06T06:10:14.534+0000][7325.237s][info ][safepoint   ] Safepoint "Cleanup", Time since last: 1000192611 ns, Reaching safepoint: 174834 ns, Cleanup: 30418 ns, At safepoint: 7024 ns, Total: 212276 ns
[2025-12-06T06:10:15.560+0000][7326.264s][debug][safepoint   ] Safepoint synchronization initiated using futex wait barrier. (286 threads)
[2025-12-06T06:10:15.560+0000][7326.264s][info ][safepoint   ] Safepoint "Cleanup", Time since last: 1026611778 ns, Reaching safepoint: 112586 ns, Cleanup: 15670 ns, At safepoint: 4949 ns, Total: 133205 ns
[2025-12-06T06:12:00.569+0000][7431.278s][debug][safepoint   ] Safepoint synchronization initiated using futex wait barrier. (281 threads)
[2025-12-06T06:12:00.569+0000][7431.278s][info ][safepoint   ] Safepoint "Cleanup", Time since last: 105013716257 ns, Reaching safepoint: 88649 ns, Cleanup: 12715 ns, At safepoint: 45777 ns, Total: 147141 ns
[2025-12-06T06:12:22.615+0000][7453.330s][debug][safepoint   ] Safepoint synchronization initiated using futex wait barrier. (282 threads)
[2025-12-06T06:12:22.615+0000][7453.330s][info ][safepoint   ] Safepoint "Cleanup", Time since last: 22052360159 ns, Reaching safepoint: 111776 ns, Cleanup: 19828 ns, At safepoint: 4829 ns, Total: 136433 ns
[2025-12-06T06:12:23.615+0000][7454.331s][debug][safepoint   ] Safepoint synchronization initiated using futex wait barrier. (282 threads)
[2025-12-06T06:12:23.615+0000][7454.331s][info ][safepoint   ] Safepoint "Cleanup", Time since last: 1000166819 ns, Reaching safepoint: 86006 ns, Cleanup: 12975 ns, At safepoint: 4328 ns, Total: 103309 ns
[2025-12-06T06:12:46.117+0000][7476.835s][debug][safepoint   ] Safepoint synchronization initiated using futex wait barrier. (282 threads)
[2025-12-06T06:12:46.118+0000][7476.836s][info ][gc,start    ] GC(154) Pause Young (Concurrent Start) (G1 Evacuation Pause)
[2025-12-06T06:12:46.118+0000][7476.836s][info ][gc,task     ] GC(154) Using 13 workers of 13 for evacuation
[2025-12-06T06:12:46.129+0000][7476.847s][info ][gc,phases   ] GC(154)   Pre Evacuate Collection Set: 0.7ms
[2025-12-06T06:12:46.129+0000][7476.847s][info ][gc,phases   ] GC(154)   Merge Heap Roots: 0.3ms
[2025-12-06T06:12:46.129+0000][7476.847s][info ][gc,phases   ] GC(154)   Evacuate Collection Set: 7.1ms
[2025-12-06T06:12:46.129+0000][7476.847s][info ][gc,phases   ] GC(154)   Post Evacuate Collection Set: 2.2ms
[2025-12-06T06:12:46.129+0000][7476.847s][info ][gc,phases   ] GC(154)   Other: 1.3ms
[2025-12-06T06:12:46.129+0000][7476.847s][info ][gc,heap     ] GC(154) Eden regions: 324->0(324)
[2025-12-06T06:12:46.129+0000][7476.847s][info ][gc,heap     ] GC(154) Survivor regions: 2->2(41)
[2025-12-06T06:12:46.129+0000][7476.847s][info ][gc,heap     ] GC(154) Old regions: 154->154
[2025-12-06T06:12:46.129+0000][7476.847s][info ][gc,heap     ] GC(154) Archive regions: 2->2
[2025-12-06T06:12:46.129+0000][7476.847s][info ][gc,heap     ] GC(154) Humongous regions: 0->0
[2025-12-06T06:12:46.129+0000][7476.847s][info ][gc,metaspace] GC(154) Metaspace: 207259K(208640K)->207259K(208640K) NonClass: 182462K(183168K)->182462K(183168K) Class: 24796K(25472K)->24796K(25472K)
[2025-12-06T06:12:46.129+0000][7476.847s][info ][gc          ] GC(154) Pause Young (Concurrent Start) (G1 Evacuation Pause) 480M->156M(544M) 11.688ms
[2025-12-06T06:12:46.129+0000][7476.847s][info ][gc,cpu      ] GC(154) User=0.06s Sys=0.01s Real=0.01s
[2025-12-06T06:12:46.130+0000][7476.847s][info ][gc          ] GC(155) Concurrent Mark Cycle
[2025-12-06T06:12:46.130+0000][7476.847s][info ][gc,marking  ] GC(155) Concurrent Clear Claimed Marks
[2025-12-06T06:12:46.130+0000][7476.848s][info ][safepoint   ] Safepoint "G1CollectForAllocation", Time since last: 22504548839 ns, Reaching safepoint: 179629 ns, Cleanup: 8016 ns, At safepoint: 12282520 ns, Total: 12470165 ns
[2025-12-06T06:12:46.130+0000][7476.848s][info ][gc,marking  ] GC(155) Concurrent Clear Claimed Marks 0.258ms
[2025-12-06T06:12:46.130+0000][7476.848s][info ][gc,marking  ] GC(155) Concurrent Scan Root Regions
[2025-12-06T06:12:46.137+0000][7476.855s][info ][gc,marking  ] GC(155) Concurrent Scan Root Regions 7.377ms
[2025-12-06T06:12:46.137+0000][7476.855s][info ][gc,marking  ] GC(155) Concurrent Mark
[2025-12-06T06:12:46.137+0000][7476.855s][info ][gc,marking  ] GC(155) Concurrent Mark From Roots
[2025-12-06T06:12:46.137+0000][7476.855s][info ][gc,task     ] GC(155) Using 3 workers of 3 for marking
[2025-12-06T06:12:46.227+0000][7476.945s][info ][gc,marking  ] GC(155) Concurrent Mark From Roots 89.615ms
[2025-12-06T06:12:46.227+0000][7476.945s][info ][gc,marking  ] GC(155) Concurrent Preclean
[2025-12-06T06:12:46.227+0000][7476.945s][info ][gc,marking  ] GC(155) Concurrent Preclean 0.378ms
[2025-12-06T06:12:46.227+0000][7476.945s][debug][safepoint   ] Safepoint synchronization initiated using futex wait barrier. (282 threads)
[2025-12-06T06:12:46.228+0000][7476.945s][info ][gc,start    ] GC(155) Pause Remark
[2025-12-06T06:12:46.242+0000][7476.960s][info ][gc          ] GC(155) Pause Remark 161M->161M(544M) 14.584ms
[2025-12-06T06:12:46.242+0000][7476.960s][info ][gc,cpu      ] GC(155) User=0.15s Sys=0.00s Real=0.01s
[2025-12-06T06:12:46.243+0000][7476.961s][info ][safepoint   ] Safepoint "G1PauseRemark", Time since last: 97614078 ns, Reaching safepoint: 51532 ns, Cleanup: 4029 ns, At safepoint: 15711941 ns, Total: 15767502 ns
[2025-12-06T06:12:46.243+0000][7476.961s][info ][gc,marking  ] GC(155) Concurrent Mark 106.005ms
[2025-12-06T06:12:46.243+0000][7476.961s][info ][gc,marking  ] GC(155) Concurrent Rebuild Remembered Sets
[2025-12-06T06:12:46.289+0000][7477.007s][info ][gc,marking  ] GC(155) Concurrent Rebuild Remembered Sets 45.821ms
[2025-12-06T06:12:46.289+0000][7477.007s][debug][safepoint   ] Safepoint synchronization initiated using futex wait barrier. (282 threads)
[2025-12-06T06:12:46.289+0000][7477.007s][info ][gc,start    ] GC(155) Pause Cleanup
[2025-12-06T06:12:46.290+0000][7477.008s][info ][gc          ] GC(155) Pause Cleanup 161M->161M(544M) 0.469ms
[2025-12-06T06:12:46.290+0000][7477.008s][info ][gc,cpu      ] GC(155) User=0.01s Sys=0.00s Real=0.00s
[2025-12-06T06:12:46.290+0000][7477.008s][info ][safepoint   ] Safepoint "G1PauseCleanup", Time since last: 46082206 ns, Reaching safepoint: 43738 ns, Cleanup: 27875 ns, At safepoint: 634562 ns, Total: 706175 ns
[2025-12-06T06:12:46.290+0000][7477.008s][info ][gc,marking  ] GC(155) Concurrent Cleanup for Next Mark
[2025-12-06T06:12:46.302+0000][7477.020s][info ][gc,marking  ] GC(155) Concurrent Cleanup for Next Mark 11.670ms
[2025-12-06T06:12:46.302+0000][7477.020s][info ][gc          ] GC(155) Concurrent Mark Cycle 172.222ms
[2025-12-06T06:15:06.676+0000][7617.405s][debug][safepoint   ] Safepoint synchronization initiated using futex wait barrier. (278 threads)
[2025-12-06T06:15:06.676+0000][7617.405s][info ][safepoint   ] Safepoint "Cleanup", Time since last: 140396711667 ns, Reaching safepoint: 768604 ns, Cleanup: 13917 ns, At safepoint: 4699 ns, Total: 787220 ns
[2025-12-06T06:17:17.649+0000][7748.392s][debug][safepoint   ] Safepoint synchronization initiated using futex wait barrier. (274 threads)
[2025-12-06T06:17:17.650+0000][7748.393s][info ][gc,start    ] GC(156) Pause Young (Prepare Mixed) (G1 Evacuation Pause)
[2025-12-06T06:17:17.650+0000][7748.393s][info ][gc,task     ] GC(156) Using 13 workers of 13 for evacuation
[2025-12-06T06:17:17.659+0000][7748.401s][info ][gc,phases   ] GC(156)   Pre Evacuate Collection Set: 0.5ms
[2025-12-06T06:17:17.659+0000][7748.401s][info ][gc,phases   ] GC(156)   Merge Heap Roots: 0.4ms
[2025-12-06T06:17:17.659+0000][7748.401s][info ][gc,phases   ] GC(156)   Evacuate Collection Set: 5.3ms
[2025-12-06T06:17:17.659+0000][7748.401s][info ][gc,phases   ] GC(156)   Post Evacuate Collection Set: 2.1ms
[2025-12-06T06:17:17.659+0000][7748.401s][info ][gc,phases   ] GC(156)   Other: 0.3ms
[2025-12-06T06:17:17.659+0000][7748.401s][info ][gc,heap     ] GC(156) Eden regions: 324->0(25)
[2025-12-06T06:17:17.659+0000][7748.401s][info ][gc,heap     ] GC(156) Survivor regions: 2->2(41)
[2025-12-06T06:17:17.659+0000][7748.401s][info ][gc,heap     ] GC(156) Old regions: 154->154
[2025-12-06T06:17:17.659+0000][7748.401s][info ][gc,heap     ] GC(156) Archive regions: 2->2
[2025-12-06T06:17:17.659+0000][7748.401s][info ][gc,heap     ] GC(156) Humongous regions: 0->0
[2025-12-06T06:17:17.659+0000][7748.401s][info ][gc,metaspace] GC(156) Metaspace: 207311K(208704K)->207311K(208704K) NonClass: 182515K(183232K)->182515K(183232K) Class: 24796K(25472K)->24796K(25472K)
[2025-12-06T06:17:17.659+0000][7748.401s][info ][gc          ] GC(156) Pause Young (Prepare Mixed) (G1 Evacuation Pause) 480M->156M(544M) 8.612ms
[2025-12-06T06:17:17.659+0000][7748.401s][info ][gc,cpu      ] GC(156) User=0.06s Sys=0.00s Real=0.01s
[2025-12-06T06:17:17.659+0000][7748.401s][info ][safepoint   ] Safepoint "G1CollectForAllocation", Time since last: 130986336876 ns, Reaching safepoint: 803215 ns, Cleanup: 6322 ns, At safepoint: 8864386 ns, Total: 9673923 ns
[2025-12-06T06:17:37.353+0000][7768.096s][debug][safepoint   ] Safepoint synchronization initiated using futex wait barrier. (274 threads)
[2025-12-06T06:17:37.354+0000][7768.096s][info ][gc,start    ] GC(157) Pause Young (Mixed) (G1 Evacuation Pause)
[2025-12-06T06:17:37.354+0000][7768.096s][info ][gc,task     ] GC(157) Using 13 workers of 13 for evacuation
[2025-12-06T06:17:37.364+0000][7768.106s][info ][gc,phases   ] GC(157)   Pre Evacuate Collection Set: 0.4ms
[2025-12-06T06:17:37.364+0000][7768.106s][info ][gc,phases   ] GC(157)   Merge Heap Roots: 0.4ms
[2025-12-06T06:17:37.364+0000][7768.106s][info ][gc,phases   ] GC(157)   Evacuate Collection Set: 7.3ms
[2025-12-06T06:17:37.364+0000][7768.106s][info ][gc,phases   ] GC(157)   Post Evacuate Collection Set: 1.8ms
[2025-12-06T06:17:37.364+0000][7768.106s][info ][gc,phases   ] GC(157)   Other: 0.3ms
[2025-12-06T06:17:37.364+0000][7768.106s][info ][gc,heap     ] GC(157) Eden regions: 25->0(324)
[2025-12-06T06:17:37.364+0000][7768.106s][info ][gc,heap     ] GC(157) Survivor regions: 2->2(4)
[2025-12-06T06:17:37.364+0000][7768.106s][info ][gc,heap     ] GC(157) Old regions: 154->153
[2025-12-06T06:17:37.364+0000][7768.106s][info ][gc,heap     ] GC(157) Archive regions: 2->2
[2025-12-06T06:17:37.364+0000][7768.106s][info ][gc,heap     ] GC(157) Humongous regions: 0->0
[2025-12-06T06:17:37.364+0000][7768.106s][info ][gc,metaspace] GC(157) Metaspace: 207311K(208704K)->207311K(208704K) NonClass: 182515K(183232K)->182515K(183232K) Class: 24796K(25472K)->24796K(25472K)
[2025-12-06T06:17:37.364+0000][7768.106s][info ][gc          ] GC(157) Pause Young (Mixed) (G1 Evacuation Pause) 181M->155M(544M) 10.206ms
[2025-12-06T06:17:37.364+0000][7768.106s][info ][gc,cpu      ] GC(157) User=0.09s Sys=0.00s Real=0.01s
[2025-12-06T06:17:37.364+0000][7768.107s][info ][safepoint   ] Safepoint "G1CollectForAllocation", Time since last: 19694449110 ns, Reaching safepoint: 98051 ns, Cleanup: 4689 ns, At safepoint: 10867625 ns, Total: 10970365 ns
[2025-12-06T06:18:23.366+0000][7814.114s][debug][safepoint   ] Safepoint synchronization initiated using futex wait barrier. (274 threads)
[2025-12-06T06:18:23.366+0000][7814.114s][info ][safepoint   ] Safepoint "Cleanup", Time since last: 46007301254 ns, Reaching safepoint: 130074 ns, Cleanup: 14508 ns, At safepoint: 4589 ns, Total: 149171 ns
[2025-12-06T06:19:07.369+0000][7858.121s][debug][safepoint   ] Safepoint synchronization initiated using futex wait barrier. (273 threads)
[2025-12-06T06:19:07.370+0000][7858.121s][info ][safepoint   ] Safepoint "Cleanup", Time since last: 44006432394 ns, Reaching safepoint: 227964 ns, Cleanup: 25210 ns, At safepoint: 5771 ns, Total: 258945 ns
[2025-12-06T06:19:55.844+0000][7906.600s][debug][safepoint   ] Safepoint synchronization initiated using futex wait barrier. (273 threads)
[2025-12-06T06:19:55.844+0000][7906.600s][info ][safepoint   ] Safepoint "Cleanup", Time since last: 48478961266 ns, Reaching safepoint: 130755 ns, Cleanup: 19548 ns, At safepoint: 3968 ns, Total: 154271 ns
[2025-12-06T06:20:01.845+0000][7912.601s][debug][safepoint   ] Safepoint synchronization initiated using futex wait barrier. (275 threads)
[2025-12-06T06:20:01.845+0000][7912.601s][info ][safepoint   ] Safepoint "Cleanup", Time since last: 6000877597 ns, Reaching safepoint: 83352 ns, Cleanup: 14499 ns, At safepoint: 3186 ns, Total: 101037 ns
[2025-12-06T06:20:02.845+0000][7913.601s][debug][safepoint   ] Safepoint synchronization initiated using futex wait barrier. (275 threads)
[2025-12-06T06:20:02.845+0000][7913.601s][info ][safepoint   ] Safepoint "Cleanup", Time since last: 1000124399 ns, Reaching safepoint: 124864 ns, Cleanup: 49095 ns, At safepoint: 4639 ns, Total: 178598 ns
[2025-12-06T06:20:04.846+0000][7915.602s][debug][safepoint   ] Safepoint synchronization initiated using futex wait barrier. (275 threads)
[2025-12-06T06:20:04.846+0000][7915.602s][info ][safepoint   ] Safepoint "Cleanup", Time since last: 2000266097 ns, Reaching safepoint: 107598 ns, Cleanup: 16271 ns, At safepoint: 4930 ns, Total: 128799 ns
[2025-12-06T06:20:07.846+0000][7918.602s][debug][safepoint   ] Safepoint synchronization initiated using futex wait barrier. (275 threads)
[2025-12-06T06:20:07.846+0000][7918.602s][info ][safepoint   ] Safepoint "Cleanup", Time since last: 3000436809 ns, Reaching safepoint: 94523 ns, Cleanup: 13836 ns, At safepoint: 3988 ns, Total: 112347 ns
[2025-12-06T06:20:14.845+0000][7925.604s][debug][safepoint   ] Safepoint synchronization initiated using futex wait barrier. (275 threads)
[2025-12-06T06:20:14.845+0000][7925.604s][info ][safepoint   ] Safepoint "Cleanup", Time since last: 7001246939 ns, Reaching safepoint: 176184 ns, Cleanup: 32421 ns, At safepoint: 5561 ns, Total: 214166 ns
[2025-12-06T06:20:28.874+0000][7939.633s][debug][safepoint   ] Safepoint synchronization initiated using futex wait barrier. (275 threads)
[2025-12-06T06:20:28.875+0000][7939.633s][info ][safepoint   ] Safepoint "Cleanup", Time since last: 14029313384 ns, Reaching safepoint: 116087 ns, Cleanup: 27373 ns, At safepoint: 5110 ns, Total: 148570 ns
[2025-12-06T06:20:29.875+0000][7940.633s][debug][safepoint   ] Safepoint synchronization initiated using futex wait barrier. (275 threads)
[2025-12-06T06:20:29.875+0000][7940.634s][info ][safepoint   ] Safepoint "Cleanup", Time since last: 1000212218 ns, Reaching safepoint: 100997 ns, Cleanup: 15430 ns, At safepoint: 4690 ns, Total: 121117 ns
[2025-12-06T06:20:30.875+0000][7941.634s][debug][safepoint   ] Safepoint synchronization initiated using futex wait barrier. (282 threads)
[2025-12-06T06:20:30.875+0000][7941.634s][info ][safepoint   ] Safepoint "Cleanup", Time since last: 1000124414 ns, Reaching safepoint: 83573 ns, Cleanup: 16181 ns, At safepoint: 2976 ns, Total: 102730 ns
[2025-12-06T06:20:44.875+0000][7955.636s][debug][safepoint   ] Safepoint synchronization initiated using futex wait barrier. (281 threads)
[2025-12-06T06:20:44.875+0000][7955.636s][info ][safepoint   ] Safepoint "Cleanup", Time since last: 14002100626 ns, Reaching safepoint: 106186 ns, Cleanup: 14127 ns, At safepoint: 4679 ns, Total: 124992 ns
[2025-12-06T06:21:36.401+0000][8007.164s][debug][safepoint   ] Safepoint synchronization initiated using futex wait barrier. (279 threads)
[2025-12-06T06:21:36.401+0000][8007.164s][info ][gc,start    ] GC(158) Pause Young (Concurrent Start) (G1 Evacuation Pause)
[2025-12-06T06:21:36.401+0000][8007.164s][info ][gc,task     ] GC(158) Using 13 workers of 13 for evacuation
[2025-12-06T06:21:36.408+0000][8007.171s][info ][gc,phases   ] GC(158)   Pre Evacuate Collection Set: 0.9ms
[2025-12-06T06:21:36.408+0000][8007.171s][info ][gc,phases   ] GC(158)   Merge Heap Roots: 0.3ms
[2025-12-06T06:21:36.408+0000][8007.171s][info ][gc,phases   ] GC(158)   Evacuate Collection Set: 2.7ms
[2025-12-06T06:21:36.408+0000][8007.171s][info ][gc,phases   ] GC(158)   Post Evacuate Collection Set: 2.1ms
[2025-12-06T06:21:36.408+0000][8007.171s][info ][gc,phases   ] GC(158)   Other: 0.9ms
[2025-12-06T06:21:36.408+0000][8007.171s][info ][gc,heap     ] GC(158) Eden regions: 324->0(323)
[2025-12-06T06:21:36.408+0000][8007.171s][info ][gc,heap     ] GC(158) Survivor regions: 2->3(41)
[2025-12-06T06:21:36.408+0000][8007.171s][info ][gc,heap     ] GC(158) Old regions: 153->153
[2025-12-06T06:21:36.408+0000][8007.171s][info ][gc,heap     ] GC(158) Archive regions: 2->2
[2025-12-06T06:21:36.408+0000][8007.171s][info ][gc,heap     ] GC(158) Humongous regions: 0->0
[2025-12-06T06:21:36.408+0000][8007.171s][info ][gc,metaspace] GC(158) Metaspace: 207398K(208832K)->207398K(208832K) NonClass: 182597K(183360K)->182597K(183360K) Class: 24800K(25472K)->24800K(25472K)
[2025-12-06T06:21:36.408+0000][8007.171s][info ][gc          ] GC(158) Pause Young (Concurrent Start) (G1 Evacuation Pause) 479M->155M(544M) 6.973ms
[2025-12-06T06:21:36.408+0000][8007.171s][info ][gc,cpu      ] GC(158) User=0.01s Sys=0.02s Real=0.01s
[2025-12-06T06:21:36.408+0000][8007.171s][info ][gc          ] GC(159) Concurrent Mark Cycle
[2025-12-06T06:21:36.408+0000][8007.171s][info ][gc,marking  ] GC(159) Concurrent Clear Claimed Marks
[2025-12-06T06:21:36.408+0000][8007.171s][info ][safepoint   ] Safepoint "G1CollectForAllocation", Time since last: 51527888088 ns, Reaching safepoint: 123610 ns, Cleanup: 7475 ns, At safepoint: 7334055 ns, Total: 7465140 ns
[2025-12-06T06:21:36.408+0000][8007.172s][info ][gc,marking  ] GC(159) Concurrent Clear Claimed Marks 0.302ms
[2025-12-06T06:21:36.408+0000][8007.172s][info ][gc,marking  ] GC(159) Concurrent Scan Root Regions
[2025-12-06T06:21:36.413+0000][8007.176s][info ][gc,marking  ] GC(159) Concurrent Scan Root Regions 4.515ms
[2025-12-06T06:21:36.413+0000][8007.176s][info ][gc,marking  ] GC(159) Concurrent Mark
[2025-12-06T06:21:36.413+0000][8007.176s][info ][gc,marking  ] GC(159) Concurrent Mark From Roots
[2025-12-06T06:21:36.413+0000][8007.176s][info ][gc,task     ] GC(159) Using 3 workers of 3 for marking
[2025-12-06T06:21:36.507+0000][8007.271s][info ][gc,marking  ] GC(159) Concurrent Mark From Roots 94.337ms
[2025-12-06T06:21:36.507+0000][8007.271s][info ][gc,marking  ] GC(159) Concurrent Preclean
[2025-12-06T06:21:36.508+0000][8007.271s][info ][gc,marking  ] GC(159) Concurrent Preclean 0.575ms
[2025-12-06T06:21:36.508+0000][8007.271s][debug][safepoint   ] Safepoint synchronization initiated using futex wait barrier. (279 threads)
[2025-12-06T06:21:36.508+0000][8007.272s][info ][gc,start    ] GC(159) Pause Remark
[2025-12-06T06:21:36.610+0000][8007.373s][info ][gc          ] GC(159) Pause Remark 161M->161M(544M) 101.592ms
[2025-12-06T06:21:36.610+0000][8007.373s][info ][gc,cpu      ] GC(159) User=1.08s Sys=0.00s Real=0.10s
[2025-12-06T06:21:36.611+0000][8007.375s][info ][safepoint   ] Safepoint "G1PauseRemark", Time since last: 100045097 ns, Reaching safepoint: 62151 ns, Cleanup: 6041 ns, At safepoint: 103110908 ns, Total: 103179100 ns
[2025-12-06T06:21:36.611+0000][8007.375s][info ][gc,marking  ] GC(159) Concurrent Mark 198.371ms
[2025-12-06T06:21:36.611+0000][8007.375s][info ][gc,marking  ] GC(159) Concurrent Rebuild Remembered Sets
[2025-12-06T06:21:36.662+0000][8007.425s][info ][gc,marking  ] GC(159) Concurrent Rebuild Remembered Sets 50.403ms
[2025-12-06T06:21:36.662+0000][8007.425s][debug][safepoint   ] Safepoint synchronization initiated using futex wait barrier. (279 threads)
[2025-12-06T06:21:36.725+0000][8007.489s][info ][gc,start    ] GC(159) Pause Cleanup
[2025-12-06T06:21:36.726+0000][8007.489s][info ][gc          ] GC(159) Pause Cleanup 161M->161M(544M) 0.678ms
[2025-12-06T06:21:36.726+0000][8007.489s][info ][gc,cpu      ] GC(159) User=0.00s Sys=0.00s Real=0.01s
[2025-12-06T06:21:36.727+0000][8007.491s][info ][safepoint   ] Safepoint "G1PauseCleanup", Time since last: 50622455 ns, Reaching safepoint: 63391966 ns, Cleanup: 9359 ns, At safepoint: 2230501 ns, Total: 65631826 ns
[2025-12-06T06:21:36.728+0000][8007.491s][info ][gc,marking  ] GC(159) Concurrent Cleanup for Next Mark
[2025-12-06T06:21:36.741+0000][8007.505s][info ][gc,marking  ] GC(159) Concurrent Cleanup for Next Mark 13.675ms
[2025-12-06T06:21:36.741+0000][8007.505s][info ][gc          ] GC(159) Concurrent Mark Cycle 333.347ms
[2025-12-06T06:21:44.726+0000][8015.492s][debug][safepoint   ] Safepoint synchronization initiated using futex wait barrier. (279 threads)
[2025-12-06T06:21:44.726+0000][8015.493s][info ][safepoint   ] Safepoint "Cleanup", Time since last: 8001641818 ns, Reaching safepoint: 91027 ns, Cleanup: 25820 ns, At safepoint: 4438 ns, Total: 121285 ns
[2025-12-06T06:21:47.727+0000][8018.493s][debug][safepoint   ] Safepoint synchronization initiated using futex wait barrier. (279 threads)
[2025-12-06T06:21:47.727+0000][8018.493s][info ][safepoint   ] Safepoint "Cleanup", Time since last: 3000439683 ns, Reaching safepoint: 92960 ns, Cleanup: 15179 ns, At safepoint: 4088 ns, Total: 112227 ns
[2025-12-06T06:21:51.727+0000][8022.494s][debug][safepoint   ] Safepoint synchronization initiated using futex wait barrier. (279 threads)
[2025-12-06T06:21:51.727+0000][8022.494s][info ][safepoint   ] Safepoint "Cleanup", Time since last: 4000670464 ns, Reaching safepoint: 85647 ns, Cleanup: 21321 ns, At safepoint: 4990 ns, Total: 111958 ns
[2025-12-06T06:22:09.730+0000][8040.496s][debug][safepoint   ] Safepoint synchronization initiated using futex wait barrier. (278 threads)
[2025-12-06T06:22:09.730+0000][8040.496s][info ][safepoint   ] Safepoint "Cleanup", Time since last: 18002472564 ns, Reaching safepoint: 82511 ns, Cleanup: 23906 ns, At safepoint: 3137 ns, Total: 109554 ns
[2025-12-06T06:22:54.940+0000][8085.712s][debug][safepoint   ] Safepoint synchronization initiated using futex wait barrier. (279 threads)
[2025-12-06T06:22:54.941+0000][8085.713s][info ][safepoint   ] Safepoint "Cleanup", Time since last: 45215310016 ns, Reaching safepoint: 998686 ns, Cleanup: 28185 ns, At safepoint: 32784 ns, Total: 1059655 ns
[2025-12-06T06:22:59.942+0000][8090.714s][debug][safepoint   ] Safepoint synchronization initiated using futex wait barrier. (284 threads)
[2025-12-06T06:22:59.942+0000][8090.714s][info ][safepoint   ] Safepoint "Cleanup", Time since last: 5000725098 ns, Reaching safepoint: 76319 ns, Cleanup: 13006 ns, At safepoint: 2955 ns, Total: 92280 ns
[2025-12-06T06:23:44.984+0000][8135.761s][debug][safepoint   ] Safepoint synchronization initiated using futex wait barrier. (283 threads)
[2025-12-06T06:23:44.985+0000][8135.762s][info ][safepoint   ] Safepoint "Cleanup", Time since last: 45047452697 ns, Reaching safepoint: 932614 ns, Cleanup: 14127 ns, At safepoint: 5491 ns, Total: 952232 ns
[2025-12-06T06:25:35.842+0000][8246.626s][debug][safepoint   ] Safepoint synchronization initiated using futex wait barrier. (277 threads)
[2025-12-06T06:25:35.845+0000][8246.629s][info ][gc,start    ] GC(160) Pause Young (Prepare Mixed) (G1 Evacuation Pause)
[2025-12-06T06:25:35.845+0000][8246.629s][info ][gc,task     ] GC(160) Using 13 workers of 13 for evacuation
[2025-12-06T06:25:35.850+0000][8246.635s][info ][gc,phases   ] GC(160)   Pre Evacuate Collection Set: 0.5ms
[2025-12-06T06:25:35.850+0000][8246.635s][info ][gc,phases   ] GC(160)   Merge Heap Roots: 0.3ms
[2025-12-06T06:25:35.850+0000][8246.635s][info ][gc,phases   ] GC(160)   Evacuate Collection Set: 2.4ms
[2025-12-06T06:25:35.850+0000][8246.635s][info ][gc,phases   ] GC(160)   Post Evacuate Collection Set: 2.3ms
[2025-12-06T06:25:35.850+0000][8246.635s][info ][gc,phases   ] GC(160)   Other: 0.3ms
[2025-12-06T06:25:35.850+0000][8246.635s][info ][gc,heap     ] GC(160) Eden regions: 323->0(24)
[2025-12-06T06:25:35.850+0000][8246.635s][info ][gc,heap     ] GC(160) Survivor regions: 3->3(41)
[2025-12-06T06:25:35.850+0000][8246.635s][info ][gc,heap     ] GC(160) Old regions: 153->153
[2025-12-06T06:25:35.850+0000][8246.635s][info ][gc,heap     ] GC(160) Archive regions: 2->2
[2025-12-06T06:25:35.850+0000][8246.635s][info ][gc,heap     ] GC(160) Humongous regions: 0->0
[2025-12-06T06:25:35.850+0000][8246.635s][info ][gc,metaspace] GC(160) Metaspace: 207420K(208832K)->207420K(208832K) NonClass: 182624K(183360K)->182624K(183360K) Class: 24796K(25472K)->24796K(25472K)
[2025-12-06T06:25:35.851+0000][8246.635s][info ][gc          ] GC(160) Pause Young (Prepare Mixed) (G1 Evacuation Pause) 478M->155M(544M) 5.994ms
[2025-12-06T06:25:35.851+0000][8246.635s][info ][gc,cpu      ] GC(160) User=0.03s Sys=0.00s Real=0.00s
[2025-12-06T06:25:35.851+0000][8246.635s][info ][safepoint   ] Safepoint "G1CollectForAllocation", Time since last: 110864069876 ns, Reaching safepoint: 2750680 ns, Cleanup: 9338 ns, At safepoint: 6308249 ns, Total: 9068267 ns
[2025-12-06T06:25:54.689+0000][8265.477s][debug][safepoint   ] Safepoint synchronization initiated using futex wait barrier. (277 threads)
[2025-12-06T06:25:54.690+0000][8265.477s][info ][gc,start    ] GC(161) Pause Young (Mixed) (G1 Evacuation Pause)
[2025-12-06T06:25:54.690+0000][8265.477s][info ][gc,task     ] GC(161) Using 13 workers of 13 for evacuation
[2025-12-06T06:25:54.704+0000][8265.492s][info ][gc,phases   ] GC(161)   Pre Evacuate Collection Set: 0.7ms
[2025-12-06T06:25:54.704+0000][8265.492s][info ][gc,phases   ] GC(161)   Merge Heap Roots: 0.3ms
[2025-12-06T06:25:54.704+0000][8265.492s][info ][gc,phases   ] GC(161)   Evacuate Collection Set: 11.4ms
[2025-12-06T06:25:54.704+0000][8265.492s][info ][gc,phases   ] GC(161)   Post Evacuate Collection Set: 1.6ms
[2025-12-06T06:25:54.704+0000][8265.492s][info ][gc,phases   ] GC(161)   Other: 0.3ms
[2025-12-06T06:25:54.704+0000][8265.492s][info ][gc,heap     ] GC(161) Eden regions: 24->0(324)
[2025-12-06T06:25:54.704+0000][8265.492s][info ][gc,heap     ] GC(161) Survivor regions: 3->2(4)
[2025-12-06T06:25:54.704+0000][8265.492s][info ][gc,heap     ] GC(161) Old regions: 153->153
[2025-12-06T06:25:54.704+0000][8265.492s][info ][gc,heap     ] GC(161) Archive regions: 2->2
[2025-12-06T06:25:54.704+0000][8265.492s][info ][gc,heap     ] GC(161) Humongous regions: 0->0
[2025-12-06T06:25:54.704+0000][8265.492s][info ][gc,metaspace] GC(161) Metaspace: 207420K(208832K)->207420K(208832K) NonClass: 182624K(183360K)->182624K(183360K) Class: 24796K(25472K)->24796K(25472K)
[2025-12-06T06:25:54.704+0000][8265.492s][info ][gc          ] GC(161) Pause Young (Mixed) (G1 Evacuation Pause) 179M->154M(544M) 14.431ms
[2025-12-06T06:25:54.704+0000][8265.492s][info ][gc,cpu      ] GC(161) User=0.13s Sys=0.00s Real=0.02s
[2025-12-06T06:25:54.705+0000][8265.492s][info ][safepoint   ] Safepoint "G1CollectForAllocation", Time since last: 18841723251 ns, Reaching safepoint: 171574 ns, Cleanup: 48554 ns, At safepoint: 15039192 ns, Total: 15259320 ns
[2025-12-06T06:26:22.077+0000][8292.867s][debug][safepoint   ] Safepoint synchronization initiated using futex wait barrier. (276 threads)
[2025-12-06T06:26:22.077+0000][8292.867s][info ][safepoint   ] Safepoint "Cleanup", Time since last: 27374858154 ns, Reaching safepoint: 159941 ns, Cleanup: 23676 ns, At safepoint: 5080 ns, Total: 188697 ns
[2025-12-06T06:30:26.925+0000][8537.734s][debug][safepoint   ] Safepoint synchronization initiated using futex wait barrier. (272 threads)
[2025-12-06T06:30:26.925+0000][8537.735s][info ][gc,start    ] GC(162) Pause Young (Concurrent Start) (G1 Evacuation Pause)
[2025-12-06T06:30:26.925+0000][8537.735s][info ][gc,task     ] GC(162) Using 13 workers of 13 for evacuation
[2025-12-06T06:30:26.943+0000][8537.752s][info ][gc,phases   ] GC(162)   Pre Evacuate Collection Set: 1.6ms
[2025-12-06T06:30:26.943+0000][8537.752s][info ][gc,phases   ] GC(162)   Merge Heap Roots: 0.9ms
[2025-12-06T06:30:26.943+0000][8537.752s][info ][gc,phases   ] GC(162)   Evacuate Collection Set: 8.9ms
[2025-12-06T06:30:26.943+0000][8537.752s][info ][gc,phases   ] GC(162)   Post Evacuate Collection Set: 4.3ms
[2025-12-06T06:30:26.943+0000][8537.752s][info ][gc,phases   ] GC(162)   Other: 1.8ms
[2025-12-06T06:30:26.943+0000][8537.752s][info ][gc,heap     ] GC(162) Eden regions: 324->0(324)
[2025-12-06T06:30:26.943+0000][8537.752s][info ][gc,heap     ] GC(162) Survivor regions: 2->2(41)
[2025-12-06T06:30:26.943+0000][8537.752s][info ][gc,heap     ] GC(162) Old regions: 153->153
[2025-12-06T06:30:26.943+0000][8537.752s][info ][gc,heap     ] GC(162) Archive regions: 2->2
[2025-12-06T06:30:26.943+0000][8537.752s][info ][gc,heap     ] GC(162) Humongous regions: 0->0
[2025-12-06T06:30:26.943+0000][8537.752s][info ][gc,metaspace] GC(162) Metaspace: 207421K(208832K)->207421K(208832K) NonClass: 182625K(183360K)->182625K(183360K) Class: 24796K(25472K)->24796K(25472K)
[2025-12-06T06:30:26.943+0000][8537.752s][info ][gc          ] GC(162) Pause Young (Concurrent Start) (G1 Evacuation Pause) 478M->154M(544M) 17.463ms
[2025-12-06T06:30:26.943+0000][8537.752s][info ][gc,cpu      ] GC(162) User=0.07s Sys=0.00s Real=0.02s
[2025-12-06T06:30:26.943+0000][8537.752s][info ][gc          ] GC(163) Concurrent Mark Cycle
[2025-12-06T06:30:26.943+0000][8537.752s][info ][gc,marking  ] GC(163) Concurrent Clear Claimed Marks
[2025-12-06T06:30:26.943+0000][8537.753s][info ][gc,marking  ] GC(163) Concurrent Clear Claimed Marks 0.249ms
[2025-12-06T06:30:26.943+0000][8537.753s][info ][gc,marking  ] GC(163) Concurrent Scan Root Regions
[2025-12-06T06:30:26.944+0000][8537.754s][info ][safepoint   ] Safepoint "G1CollectForAllocation", Time since last: 244867051542 ns, Reaching safepoint: 108182 ns, Cleanup: 7314 ns, At safepoint: 19131280 ns, Total: 19246776 ns
[2025-12-06T06:30:26.953+0000][8537.762s][info ][gc,marking  ] GC(163) Concurrent Scan Root Regions 9.390ms
[2025-12-06T06:30:26.953+0000][8537.762s][info ][gc,marking  ] GC(163) Concurrent Mark
[2025-12-06T06:30:26.953+0000][8537.762s][info ][gc,marking  ] GC(163) Concurrent Mark From Roots
[2025-12-06T06:30:26.953+0000][8537.762s][info ][gc,task     ] GC(163) Using 3 workers of 3 for marking
[2025-12-06T06:30:27.041+0000][8537.850s][info ][gc,marking  ] GC(163) Concurrent Mark From Roots 88.435ms
[2025-12-06T06:30:27.041+0000][8537.851s][info ][gc,marking  ] GC(163) Concurrent Preclean
[2025-12-06T06:30:27.042+0000][8537.851s][info ][gc,marking  ] GC(163) Concurrent Preclean 0.575ms
[2025-12-06T06:30:27.042+0000][8537.851s][debug][safepoint   ] Safepoint synchronization initiated using futex wait barrier. (272 threads)
[2025-12-06T06:30:27.042+0000][8537.851s][info ][gc,start    ] GC(163) Pause Remark
[2025-12-06T06:30:27.074+0000][8537.883s][info ][gc          ] GC(163) Pause Remark 161M->161M(544M) 32.006ms
[2025-12-06T06:30:27.074+0000][8537.884s][info ][gc,cpu      ] GC(163) User=0.33s Sys=0.00s Real=0.03s
[2025-12-06T06:30:27.076+0000][8537.885s][info ][safepoint   ] Safepoint "G1PauseRemark", Time since last: 97688426 ns, Reaching safepoint: 43445 ns, Cleanup: 35229 ns, At safepoint: 33540269 ns, Total: 33618943 ns
[2025-12-06T06:30:27.076+0000][8537.885s][info ][gc,marking  ] GC(163) Concurrent Mark 122.914ms
[2025-12-06T06:30:27.076+0000][8537.885s][info ][gc,marking  ] GC(163) Concurrent Rebuild Remembered Sets
[2025-12-06T06:30:27.125+0000][8537.935s][info ][gc,marking  ] GC(163) Concurrent Rebuild Remembered Sets 49.541ms
[2025-12-06T06:30:27.125+0000][8537.935s][debug][safepoint   ] Safepoint synchronization initiated using futex wait barrier. (272 threads)
[2025-12-06T06:30:27.129+0000][8537.938s][info ][gc,start    ] GC(163) Pause Cleanup
[2025-12-06T06:30:27.129+0000][8537.939s][info ][gc          ] GC(163) Pause Cleanup 161M->161M(544M) 0.480ms
[2025-12-06T06:30:27.129+0000][8537.939s][info ][gc,cpu      ] GC(163) User=0.00s Sys=0.00s Real=0.00s
[2025-12-06T06:30:27.130+0000][8537.939s][info ][safepoint   ] Safepoint "G1PauseCleanup", Time since last: 49830292 ns, Reaching safepoint: 3375705 ns, Cleanup: 8507 ns, At safepoint: 1074773 ns, Total: 4458985 ns
[2025-12-06T06:30:27.130+0000][8537.939s][info ][gc,marking  ] GC(163) Concurrent Cleanup for Next Mark
[2025-12-06T06:30:27.142+0000][8537.951s][info ][gc,marking  ] GC(163) Concurrent Cleanup for Next Mark 11.591ms
[2025-12-06T06:30:27.142+0000][8537.951s][info ][gc          ] GC(163) Concurrent Mark Cycle 198.581ms
[2025-12-06T06:31:31.251+0000][8602.065s][debug][safepoint   ] Safepoint synchronization initiated using futex wait barrier. (271 threads)
[2025-12-06T06:31:31.252+0000][8602.065s][info ][safepoint   ] Safepoint "Cleanup", Time since last: 64125900453 ns, Reaching safepoint: 220928 ns, Cleanup: 63513 ns, At safepoint: 10290 ns, Total: 294731 ns
[2025-12-06T06:31:36.252+0000][8607.066s][debug][safepoint   ] Safepoint synchronization initiated using futex wait barrier. (271 threads)
[2025-12-06T06:31:36.252+0000][8607.066s][info ][safepoint   ] Safepoint "Cleanup", Time since last: 5000790904 ns, Reaching safepoint: 94263 ns, Cleanup: 11191 ns, At safepoint: 3267 ns, Total: 108721 ns
[2025-12-06T06:31:37.253+0000][8608.066s][debug][safepoint   ] Safepoint synchronization initiated using futex wait barrier. (271 threads)
[2025-12-06T06:31:37.253+0000][8608.067s][info ][safepoint   ] Safepoint "Cleanup", Time since last: 1000220919 ns, Reaching safepoint: 137105 ns, Cleanup: 21722 ns, At safepoint: 4649 ns, Total: 163476 ns
[2025-12-06T06:32:45.256+0000][8676.077s][debug][safepoint   ] Safepoint synchronization initiated using futex wait barrier. (270 threads)
[2025-12-06T06:32:45.259+0000][8676.080s][info ][safepoint   ] Safepoint "Cleanup", Time since last: 68010648608 ns, Reaching safepoint: 2875267 ns, Cleanup: 36401 ns, At safepoint: 9609 ns, Total: 2921277 ns
[2025-12-06T06:33:21.262+0000][8712.087s][debug][safepoint   ] Safepoint synchronization initiated using futex wait barrier. (271 threads)
[2025-12-06T06:33:21.262+0000][8712.087s][info ][safepoint   ] Safepoint "Cleanup", Time since last: 36006757947 ns, Reaching safepoint: 202001 ns, Cleanup: 27514 ns, At safepoint: 6011 ns, Total: 235526 ns
[2025-12-06T06:34:59.820+0000][8810.652s][debug][safepoint   ] Safepoint synchronization initiated using futex wait barrier. (268 threads)
[2025-12-06T06:34:59.822+0000][8810.653s][info ][gc,start    ] GC(164) Pause Young (Prepare Mixed) (G1 Evacuation Pause)
[2025-12-06T06:34:59.822+0000][8810.653s][info ][gc,task     ] GC(164) Using 13 workers of 13 for evacuation
[2025-12-06T06:34:59.835+0000][8810.667s][info ][gc,phases   ] GC(164)   Pre Evacuate Collection Set: 0.7ms
[2025-12-06T06:34:59.835+0000][8810.667s][info ][gc,phases   ] GC(164)   Merge Heap Roots: 1.1ms
[2025-12-06T06:34:59.835+0000][8810.667s][info ][gc,phases   ] GC(164)   Evacuate Collection Set: 8.4ms
[2025-12-06T06:34:59.835+0000][8810.667s][info ][gc,phases   ] GC(164)   Post Evacuate Collection Set: 3.0ms
[2025-12-06T06:34:59.835+0000][8810.667s][info ][gc,phases   ] GC(164)   Other: 0.6ms
[2025-12-06T06:34:59.835+0000][8810.667s][info ][gc,heap     ] GC(164) Eden regions: 324->0(25)
[2025-12-06T06:34:59.835+0000][8810.667s][info ][gc,heap     ] GC(164) Survivor regions: 2->2(41)
[2025-12-06T06:34:59.835+0000][8810.667s][info ][gc,heap     ] GC(164) Old regions: 153->153
[2025-12-06T06:34:59.835+0000][8810.667s][info ][gc,heap     ] GC(164) Archive regions: 2->2
[2025-12-06T06:34:59.835+0000][8810.667s][info ][gc,heap     ] GC(164) Humongous regions: 0->0
[2025-12-06T06:34:59.835+0000][8810.667s][info ][gc,metaspace] GC(164) Metaspace: 207385K(208832K)->207385K(208832K) NonClass: 182597K(183360K)->182597K(183360K) Class: 24787K(25472K)->24787K(25472K)
[2025-12-06T06:34:59.835+0000][8810.667s][info ][gc          ] GC(164) Pause Young (Prepare Mixed) (G1 Evacuation Pause) 478M->154M(544M) 13.793ms
[2025-12-06T06:34:59.836+0000][8810.667s][info ][gc,cpu      ] GC(164) User=0.11s Sys=0.00s Real=0.01s
[2025-12-06T06:34:59.836+0000][8810.667s][info ][safepoint   ] Safepoint "G1CollectForAllocation", Time since last: 98564479408 ns, Reaching safepoint: 1101291 ns, Cleanup: 8657 ns, At safepoint: 14286768 ns, Total: 15396716 ns
[2025-12-06T06:35:19.669+0000][8830.503s][debug][safepoint   ] Safepoint synchronization initiated using futex wait barrier. (268 threads)
[2025-12-06T06:35:19.669+0000][8830.503s][info ][gc,start    ] GC(165) Pause Young (Mixed) (G1 Evacuation Pause)
[2025-12-06T06:35:19.669+0000][8830.503s][info ][gc,task     ] GC(165) Using 13 workers of 13 for evacuation
[2025-12-06T06:35:19.691+0000][8830.524s][info ][gc,phases   ] GC(165)   Pre Evacuate Collection Set: 0.6ms
[2025-12-06T06:35:19.691+0000][8830.524s][info ][gc,phases   ] GC(165)   Merge Heap Roots: 0.8ms
[2025-12-06T06:35:19.691+0000][8830.524s][info ][gc,phases   ] GC(165)   Evacuate Collection Set: 17.9ms
[2025-12-06T06:35:19.691+0000][8830.524s][info ][gc,phases   ] GC(165)   Post Evacuate Collection Set: 1.9ms
[2025-12-06T06:35:19.691+0000][8830.524s][info ][gc,phases   ] GC(165)   Other: 0.3ms
[2025-12-06T06:35:19.691+0000][8830.524s][info ][gc,heap     ] GC(165) Eden regions: 25->0(325)
[2025-12-06T06:35:19.691+0000][8830.524s][info ][gc,heap     ] GC(165) Survivor regions: 2->1(4)
[2025-12-06T06:35:19.691+0000][8830.524s][info ][gc,heap     ] GC(165) Old regions: 153->153
[2025-12-06T06:35:19.691+0000][8830.524s][info ][gc,heap     ] GC(165) Archive regions: 2->2
[2025-12-06T06:35:19.691+0000][8830.524s][info ][gc,heap     ] GC(165) Humongous regions: 0->0
[2025-12-06T06:35:19.691+0000][8830.524s][info ][gc,metaspace] GC(165) Metaspace: 207385K(208832K)->207385K(208832K) NonClass: 182597K(183360K)->182597K(183360K) Class: 24787K(25472K)->24787K(25472K)
[2025-12-06T06:35:19.691+0000][8830.524s][info ][gc          ] GC(165) Pause Young (Mixed) (G1 Evacuation Pause) 179M->153M(544M) 21.510ms
[2025-12-06T06:35:19.691+0000][8830.525s][info ][gc,cpu      ] GC(165) User=0.22s Sys=0.00s Real=0.02s
[2025-12-06T06:35:19.692+0000][8830.525s][info ][safepoint   ] Safepoint "G1CollectForAllocation", Time since last: 19835478744 ns, Reaching safepoint: 139370 ns, Cleanup: 34958 ns, At safepoint: 22646778 ns, Total: 22821106 ns
[2025-12-06T06:35:44.692+0000][8855.529s][debug][safepoint   ] Safepoint synchronization initiated using futex wait barrier. (270 threads)
[2025-12-06T06:35:44.692+0000][8855.529s][info ][safepoint   ] Safepoint "Cleanup", Time since last: 25003478613 ns, Reaching safepoint: 186651 ns, Cleanup: 18666 ns, At safepoint: 8176 ns, Total: 213493 ns
[2025-12-06T06:38:26.463+0000][9017.310s][debug][safepoint   ] Safepoint synchronization initiated using futex wait barrier. (267 threads)
[2025-12-06T06:38:26.464+0000][9017.311s][info ][safepoint   ] Safepoint "Cleanup", Time since last: 161781053562 ns, Reaching safepoint: 926616 ns, Cleanup: 14939 ns, At safepoint: 5841 ns, Total: 947396 ns
[2025-12-06T06:39:51.750+0000][9102.604s][debug][safepoint   ] Safepoint synchronization initiated using futex wait barrier. (269 threads)
[2025-12-06T06:39:51.751+0000][9102.606s][info ][gc,start    ] GC(166) Pause Young (Concurrent Start) (G1 Evacuation Pause)
[2025-12-06T06:39:51.751+0000][9102.606s][info ][gc,task     ] GC(166) Using 13 workers of 13 for evacuation
[2025-12-06T06:39:51.760+0000][9102.614s][info ][gc,phases   ] GC(166)   Pre Evacuate Collection Set: 1.3ms
[2025-12-06T06:39:51.760+0000][9102.614s][info ][gc,phases   ] GC(166)   Merge Heap Roots: 0.4ms
[2025-12-06T06:39:51.760+0000][9102.614s][info ][gc,phases   ] GC(166)   Evacuate Collection Set: 4.3ms
[2025-12-06T06:39:51.760+0000][9102.614s][info ][gc,phases   ] GC(166)   Post Evacuate Collection Set: 1.8ms
[2025-12-06T06:39:51.760+0000][9102.614s][info ][gc,phases   ] GC(166)   Other: 1.1ms
[2025-12-06T06:39:51.760+0000][9102.614s][info ][gc,heap     ] GC(166) Eden regions: 325->0(324)
[2025-12-06T06:39:51.760+0000][9102.614s][info ][gc,heap     ] GC(166) Survivor regions: 1->2(41)
[2025-12-06T06:39:51.760+0000][9102.614s][info ][gc,heap     ] GC(166) Old regions: 153->153
[2025-12-06T06:39:51.760+0000][9102.614s][info ][gc,heap     ] GC(166) Archive regions: 2->2
[2025-12-06T06:39:51.760+0000][9102.614s][info ][gc,heap     ] GC(166) Humongous regions: 0->0
[2025-12-06T06:39:51.760+0000][9102.614s][info ][gc,metaspace] GC(166) Metaspace: 207405K(208832K)->207405K(208832K) NonClass: 182618K(183360K)->182618K(183360K) Class: 24787K(25472K)->24787K(25472K)
[2025-12-06T06:39:51.760+0000][9102.614s][info ][gc          ] GC(166) Pause Young (Concurrent Start) (G1 Evacuation Pause) 478M->154M(544M) 8.831ms
[2025-12-06T06:39:51.760+0000][9102.615s][info ][gc,cpu      ] GC(166) User=0.05s Sys=0.00s Real=0.01s
[2025-12-06T06:39:51.760+0000][9102.615s][info ][gc          ] GC(167) Concurrent Mark Cycle
[2025-12-06T06:39:51.760+0000][9102.615s][info ][gc,marking  ] GC(167) Concurrent Clear Claimed Marks
[2025-12-06T06:39:51.760+0000][9102.615s][info ][safepoint   ] Safepoint "G1CollectForAllocation", Time since last: 85293301382 ns, Reaching safepoint: 1048943 ns, Cleanup: 9438 ns, At safepoint: 9344746 ns, Total: 10403127 ns
[2025-12-06T06:39:51.761+0000][9102.615s][info ][gc,marking  ] GC(167) Concurrent Clear Claimed Marks 0.334ms
[2025-12-06T06:39:51.761+0000][9102.615s][info ][gc,marking  ] GC(167) Concurrent Scan Root Regions
[2025-12-06T06:39:51.765+0000][9102.620s][info ][gc,marking  ] GC(167) Concurrent Scan Root Regions 4.752ms
[2025-12-06T06:39:51.765+0000][9102.620s][info ][gc,marking  ] GC(167) Concurrent Mark
[2025-12-06T06:39:51.765+0000][9102.620s][info ][gc,marking  ] GC(167) Concurrent Mark From Roots
[2025-12-06T06:39:51.765+0000][9102.620s][info ][gc,task     ] GC(167) Using 3 workers of 3 for marking
[2025-12-06T06:39:51.860+0000][9102.714s][info ][gc,marking  ] GC(167) Concurrent Mark From Roots 94.030ms
[2025-12-06T06:39:51.860+0000][9102.714s][info ][gc,marking  ] GC(167) Concurrent Preclean
[2025-12-06T06:39:51.860+0000][9102.714s][info ][gc,marking  ] GC(167) Concurrent Preclean 0.497ms
[2025-12-06T06:39:51.860+0000][9102.714s][debug][safepoint   ] Safepoint synchronization initiated using futex wait barrier. (269 threads)
[2025-12-06T06:39:51.860+0000][9102.715s][info ][gc,start    ] GC(167) Pause Remark
[2025-12-06T06:39:51.873+0000][9102.727s][info ][gc          ] GC(167) Pause Remark 160M->160M(544M) 12.317ms
[2025-12-06T06:39:51.873+0000][9102.727s][info ][gc,cpu      ] GC(167) User=0.12s Sys=0.00s Real=0.01s
[2025-12-06T06:39:51.874+0000][9102.728s][info ][safepoint   ] Safepoint "G1PauseRemark", Time since last: 99723726 ns, Reaching safepoint: 52602 ns, Cleanup: 12925 ns, At safepoint: 13637756 ns, Total: 13703283 ns
[2025-12-06T06:39:51.874+0000][9102.728s][info ][gc,marking  ] GC(167) Concurrent Mark 108.522ms
[2025-12-06T06:39:51.874+0000][9102.728s][info ][gc,marking  ] GC(167) Concurrent Rebuild Remembered Sets
[2025-12-06T06:39:51.927+0000][9102.781s][info ][gc,marking  ] GC(167) Concurrent Rebuild Remembered Sets 52.539ms
[2025-12-06T06:39:51.927+0000][9102.781s][debug][safepoint   ] Safepoint synchronization initiated using futex wait barrier. (269 threads)
[2025-12-06T06:39:51.927+0000][9102.781s][info ][gc,start    ] GC(167) Pause Cleanup
[2025-12-06T06:39:51.927+0000][9102.782s][info ][gc          ] GC(167) Pause Cleanup 160M->160M(544M) 0.425ms
[2025-12-06T06:39:51.927+0000][9102.782s][info ][gc,cpu      ] GC(167) User=0.00s Sys=0.00s Real=0.00s
[2025-12-06T06:39:51.927+0000][9102.782s][info ][safepoint   ] Safepoint "G1PauseCleanup", Time since last: 52870048 ns, Reaching safepoint: 56158 ns, Cleanup: 37343 ns, At safepoint: 612286 ns, Total: 705787 ns
[2025-12-06T06:39:51.928+0000][9102.782s][info ][gc,marking  ] GC(167) Concurrent Cleanup for Next Mark
[2025-12-06T06:39:51.940+0000][9102.795s][info ][gc,marking  ] GC(167) Concurrent Cleanup for Next Mark 12.759ms
[2025-12-06T06:39:51.940+0000][9102.795s][info ][gc          ] GC(167) Concurrent Mark Cycle 180.117ms
[2025-12-06T06:44:24.870+0000][9375.744s][debug][safepoint   ] Safepoint synchronization initiated using futex wait barrier. (267 threads)
[2025-12-06T06:44:24.871+0000][9375.744s][info ][gc,start    ] GC(168) Pause Young (Prepare Mixed) (G1 Evacuation Pause)
[2025-12-06T06:44:24.871+0000][9375.744s][info ][gc,task     ] GC(168) Using 13 workers of 13 for evacuation
[2025-12-06T06:44:24.880+0000][9375.754s][info ][gc,phases   ] GC(168)   Pre Evacuate Collection Set: 0.7ms
[2025-12-06T06:44:24.880+0000][9375.754s][info ][gc,phases   ] GC(168)   Merge Heap Roots: 1.1ms
[2025-12-06T06:44:24.880+0000][9375.754s][info ][gc,phases   ] GC(168)   Evacuate Collection Set: 3.5ms
[2025-12-06T06:44:24.880+0000][9375.754s][info ][gc,phases   ] GC(168)   Post Evacuate Collection Set: 4.2ms
[2025-12-06T06:44:24.880+0000][9375.754s][info ][gc,phases   ] GC(168)   Other: 0.4ms
[2025-12-06T06:44:24.880+0000][9375.754s][info ][gc,heap     ] GC(168) Eden regions: 324->0(25)
[2025-12-06T06:44:24.880+0000][9375.754s][info ][gc,heap     ] GC(168) Survivor regions: 2->2(41)
[2025-12-06T06:44:24.880+0000][9375.754s][info ][gc,heap     ] GC(168) Old regions: 153->154
[2025-12-06T06:44:24.880+0000][9375.754s][info ][gc,heap     ] GC(168) Archive regions: 2->2
[2025-12-06T06:44:24.880+0000][9375.754s][info ][gc,heap     ] GC(168) Humongous regions: 0->0
[2025-12-06T06:44:24.880+0000][9375.754s][info ][gc,metaspace] GC(168) Metaspace: 207405K(208832K)->207405K(208832K) NonClass: 182618K(183360K)->182618K(183360K) Class: 24787K(25472K)->24787K(25472K)
[2025-12-06T06:44:24.881+0000][9375.754s][info ][gc          ] GC(168) Pause Young (Prepare Mixed) (G1 Evacuation Pause) 478M->154M(544M) 10.005ms
[2025-12-06T06:44:24.881+0000][9375.755s][info ][gc,cpu      ] GC(168) User=0.06s Sys=0.00s Real=0.01s
[2025-12-06T06:44:24.881+0000][9375.755s][info ][safepoint   ] Safepoint "G1CollectForAllocation", Time since last: 272961926815 ns, Reaching safepoint: 653573 ns, Cleanup: 6984 ns, At safepoint: 10525960 ns, Total: 11186517 ns
[2025-12-06T06:44:44.602+0000][9395.478s][debug][safepoint   ] Safepoint synchronization initiated using futex wait barrier. (267 threads)
[2025-12-06T06:44:44.602+0000][9395.478s][info ][gc,start    ] GC(169) Pause Young (Mixed) (G1 Evacuation Pause)
[2025-12-06T06:44:44.602+0000][9395.478s][info ][gc,task     ] GC(169) Using 13 workers of 13 for evacuation
[2025-12-06T06:44:44.623+0000][9395.499s][info ][gc,phases   ] GC(169)   Pre Evacuate Collection Set: 0.7ms
[2025-12-06T06:44:44.623+0000][9395.499s][info ][gc,phases   ] GC(169)   Merge Heap Roots: 0.4ms
[2025-12-06T06:44:44.623+0000][9395.499s][info ][gc,phases   ] GC(169)   Evacuate Collection Set: 16.7ms
[2025-12-06T06:44:44.623+0000][9395.499s][info ][gc,phases   ] GC(169)   Post Evacuate Collection Set: 2.5ms
[2025-12-06T06:44:44.623+0000][9395.499s][info ][gc,phases   ] GC(169)   Other: 0.3ms
[2025-12-06T06:44:44.623+0000][9395.499s][info ][gc,heap     ] GC(169) Eden regions: 25->0(324)
[2025-12-06T06:44:44.623+0000][9395.499s][info ][gc,heap     ] GC(169) Survivor regions: 2->2(4)
[2025-12-06T06:44:44.623+0000][9395.499s][info ][gc,heap     ] GC(169) Old regions: 154->152
[2025-12-06T06:44:44.623+0000][9395.499s][info ][gc,heap     ] GC(169) Archive regions: 2->2
[2025-12-06T06:44:44.623+0000][9395.499s][info ][gc,heap     ] GC(169) Humongous regions: 0->0
[2025-12-06T06:44:44.623+0000][9395.499s][info ][gc,metaspace] GC(169) Metaspace: 207405K(208832K)->207405K(208832K) NonClass: 182618K(183360K)->182618K(183360K) Class: 24787K(25472K)->24787K(25472K)
[2025-12-06T06:44:44.623+0000][9395.499s][info ][gc          ] GC(169) Pause Young (Mixed) (G1 Evacuation Pause) 179M->153M(544M) 20.759ms
[2025-12-06T06:44:44.623+0000][9395.499s][info ][gc,cpu      ] GC(169) User=0.15s Sys=0.00s Real=0.02s
[2025-12-06T06:44:44.624+0000][9395.500s][info ][safepoint   ] Safepoint "G1CollectForAllocation", Time since last: 19723250181 ns, Reaching safepoint: 89413 ns, Cleanup: 5871 ns, At safepoint: 21990473 ns, Total: 22085757 ns
[2025-12-06T06:45:31.746+0000][9442.625s][debug][safepoint   ] Safepoint synchronization initiated using futex wait barrier. (266 threads)
[2025-12-06T06:45:31.747+0000][9442.625s][info ][safepoint   ] Safepoint "Cleanup", Time since last: 47124354787 ns, Reaching safepoint: 304387 ns, Cleanup: 33054 ns, At safepoint: 12895 ns, Total: 350336 ns
[2025-12-06T06:45:59.749+0000][9470.630s][debug][safepoint   ] Safepoint synchronization initiated using futex wait barrier. (269 threads)
[2025-12-06T06:45:59.749+0000][9470.630s][info ][safepoint   ] Safepoint "Cleanup", Time since last: 28004683655 ns, Reaching safepoint: 92399 ns, Cleanup: 14358 ns, At safepoint: 4037 ns, Total: 110794 ns
[2025-12-06T06:47:34.819+0000][9565.705s][debug][safepoint   ] Safepoint synchronization initiated using futex wait barrier. (268 threads)
[2025-12-06T06:47:34.820+0000][9565.707s][info ][safepoint   ] Safepoint "Cleanup", Time since last: 95075446901 ns, Reaching safepoint: 1444746 ns, Cleanup: 30188 ns, At safepoint: 10170 ns, Total: 1485104 ns
[2025-12-06T06:49:17.510+0000][9668.405s][debug][safepoint   ] Safepoint synchronization initiated using futex wait barrier. (268 threads)
[2025-12-06T06:49:17.511+0000][9668.406s][info ][gc,start    ] GC(170) Pause Young (Concurrent Start) (G1 Evacuation Pause)
[2025-12-06T06:49:17.511+0000][9668.406s][info ][gc,task     ] GC(170) Using 13 workers of 13 for evacuation
[2025-12-06T06:49:17.523+0000][9668.417s][info ][gc,phases   ] GC(170)   Pre Evacuate Collection Set: 0.8ms
[2025-12-06T06:49:17.523+0000][9668.417s][info ][gc,phases   ] GC(170)   Merge Heap Roots: 0.4ms
[2025-12-06T06:49:17.523+0000][9668.417s][info ][gc,phases   ] GC(170)   Evacuate Collection Set: 7.0ms
[2025-12-06T06:49:17.523+0000][9668.417s][info ][gc,phases   ] GC(170)   Post Evacuate Collection Set: 2.0ms
[2025-12-06T06:49:17.523+0000][9668.417s][info ][gc,phases   ] GC(170)   Other: 1.4ms
[2025-12-06T06:49:17.523+0000][9668.417s][info ][gc,heap     ] GC(170) Eden regions: 324->0(324)
[2025-12-06T06:49:17.523+0000][9668.417s][info ][gc,heap     ] GC(170) Survivor regions: 2->2(41)
[2025-12-06T06:49:17.523+0000][9668.417s][info ][gc,heap     ] GC(170) Old regions: 152->152
[2025-12-06T06:49:17.523+0000][9668.417s][info ][gc,heap     ] GC(170) Archive regions: 2->2
[2025-12-06T06:49:17.523+0000][9668.417s][info ][gc,heap     ] GC(170) Humongous regions: 0->0
[2025-12-06T06:49:17.523+0000][9668.418s][info ][gc,metaspace] GC(170) Metaspace: 207411K(208832K)->207411K(208832K) NonClass: 182622K(183360K)->182622K(183360K) Class: 24788K(25472K)->24788K(25472K)
[2025-12-06T06:49:17.523+0000][9668.418s][info ][gc          ] GC(170) Pause Young (Concurrent Start) (G1 Evacuation Pause) 477M->153M(544M) 11.680ms
[2025-12-06T06:49:17.523+0000][9668.418s][info ][gc,cpu      ] GC(170) User=0.04s Sys=0.00s Real=0.01s
[2025-12-06T06:49:17.523+0000][9668.418s][info ][gc          ] GC(171) Concurrent Mark Cycle
[2025-12-06T06:49:17.523+0000][9668.418s][info ][gc,marking  ] GC(171) Concurrent Clear Claimed Marks
[2025-12-06T06:49:17.523+0000][9668.418s][info ][safepoint   ] Safepoint "G1CollectForAllocation", Time since last: 102697946529 ns, Reaching safepoint: 1119274 ns, Cleanup: 9418 ns, At safepoint: 12138130 ns, Total: 13266822 ns
[2025-12-06T06:49:17.524+0000][9668.418s][info ][gc,marking  ] GC(171) Concurrent Clear Claimed Marks 0.264ms
[2025-12-06T06:49:17.524+0000][9668.418s][info ][gc,marking  ] GC(171) Concurrent Scan Root Regions
[2025-12-06T06:49:17.532+0000][9668.426s][info ][gc,marking  ] GC(171) Concurrent Scan Root Regions 7.848ms
[2025-12-06T06:49:17.532+0000][9668.426s][info ][gc,marking  ] GC(171) Concurrent Mark
[2025-12-06T06:49:17.532+0000][9668.426s][info ][gc,marking  ] GC(171) Concurrent Mark From Roots
[2025-12-06T06:49:17.532+0000][9668.426s][info ][gc,task     ] GC(171) Using 3 workers of 3 for marking
[2025-12-06T06:49:17.618+0000][9668.512s][info ][gc,marking  ] GC(171) Concurrent Mark From Roots 86.358ms
[2025-12-06T06:49:17.618+0000][9668.512s][info ][gc,marking  ] GC(171) Concurrent Preclean
[2025-12-06T06:49:17.619+0000][9668.513s][info ][gc,marking  ] GC(171) Concurrent Preclean 0.613ms
[2025-12-06T06:49:17.619+0000][9668.513s][debug][safepoint   ] Safepoint synchronization initiated using futex wait barrier. (268 threads)
[2025-12-06T06:49:17.619+0000][9668.513s][info ][gc,start    ] GC(171) Pause Remark
[2025-12-06T06:49:17.642+0000][9668.537s][info ][gc          ] GC(171) Pause Remark 159M->159M(544M) 23.260ms
[2025-12-06T06:49:17.642+0000][9668.537s][info ][gc,cpu      ] GC(171) User=0.24s Sys=0.00s Real=0.02s
[2025-12-06T06:49:17.644+0000][9668.538s][info ][safepoint   ] Safepoint "G1PauseRemark", Time since last: 95338910 ns, Reaching safepoint: 45718 ns, Cleanup: 43514 ns, At safepoint: 24698526 ns, Total: 24787758 ns
[2025-12-06T06:49:17.644+0000][9668.538s][info ][gc,marking  ] GC(171) Concurrent Mark 112.017ms
[2025-12-06T06:49:17.644+0000][9668.538s][info ][gc,marking  ] GC(171) Concurrent Rebuild Remembered Sets
[2025-12-06T06:49:17.690+0000][9668.584s][info ][gc,marking  ] GC(171) Concurrent Rebuild Remembered Sets 46.056ms
[2025-12-06T06:49:17.690+0000][9668.584s][debug][safepoint   ] Safepoint synchronization initiated using futex wait barrier. (268 threads)
[2025-12-06T06:49:17.690+0000][9668.584s][info ][gc,start    ] GC(171) Pause Cleanup
[2025-12-06T06:49:17.690+0000][9668.585s][info ][gc          ] GC(171) Pause Cleanup 159M->159M(544M) 0.517ms
[2025-12-06T06:49:17.690+0000][9668.585s][info ][gc,cpu      ] GC(171) User=0.00s Sys=0.00s Real=0.00s
[2025-12-06T06:49:17.691+0000][9668.585s][info ][safepoint   ] Safepoint "G1PauseCleanup", Time since last: 46292545 ns, Reaching safepoint: 41570 ns, Cleanup: 3306 ns, At safepoint: 639892 ns, Total: 684768 ns
[2025-12-06T06:49:17.691+0000][9668.585s][info ][gc,marking  ] GC(171) Concurrent Cleanup for Next Mark
[2025-12-06T06:49:17.703+0000][9668.597s][info ][gc,marking  ] GC(171) Concurrent Cleanup for Next Mark 12.442ms
[2025-12-06T06:49:17.703+0000][9668.598s][info ][gc          ] GC(171) Concurrent Mark Cycle 179.738ms
[2025-12-06T06:49:44.692+0000][9695.589s][debug][safepoint   ] Safepoint synchronization initiated using futex wait barrier. (267 threads)
[2025-12-06T06:49:44.692+0000][9695.589s][info ][safepoint   ] Safepoint "Cleanup", Time since last: 27004089757 ns, Reaching safepoint: 126102 ns, Cleanup: 14207 ns, At safepoint: 3687 ns, Total: 143996 ns
[2025-12-06T06:53:50.712+0000][9941.625s][debug][safepoint   ] Safepoint synchronization initiated using futex wait barrier. (267 threads)
[2025-12-06T06:53:50.713+0000][9941.626s][info ][gc,start    ] GC(172) Pause Young (Prepare Mixed) (G1 Evacuation Pause)
[2025-12-06T06:53:50.713+0000][9941.626s][info ][gc,task     ] GC(172) Using 13 workers of 13 for evacuation
[2025-12-06T06:53:50.721+0000][9941.634s][info ][gc,phases   ] GC(172)   Pre Evacuate Collection Set: 0.6ms
[2025-12-06T06:53:50.721+0000][9941.634s][info ][gc,phases   ] GC(172)   Merge Heap Roots: 0.4ms
[2025-12-06T06:53:50.721+0000][9941.634s][info ][gc,phases   ] GC(172)   Evacuate Collection Set: 4.0ms
[2025-12-06T06:53:50.721+0000][9941.634s][info ][gc,phases   ] GC(172)   Post Evacuate Collection Set: 2.0ms
[2025-12-06T06:53:50.721+0000][9941.634s][info ][gc,phases   ] GC(172)   Other: 0.5ms
[2025-12-06T06:53:50.721+0000][9941.634s][info ][gc,heap     ] GC(172) Eden regions: 324->0(26)
[2025-12-06T06:53:50.721+0000][9941.634s][info ][gc,heap     ] GC(172) Survivor regions: 2->1(41)
[2025-12-06T06:53:50.721+0000][9941.634s][info ][gc,heap     ] GC(172) Old regions: 152->153
[2025-12-06T06:53:50.721+0000][9941.634s][info ][gc,heap     ] GC(172) Archive regions: 2->2
[2025-12-06T06:53:50.721+0000][9941.634s][info ][gc,heap     ] GC(172) Humongous regions: 0->0
[2025-12-06T06:53:50.721+0000][9941.634s][info ][gc,metaspace] GC(172) Metaspace: 207403K(208832K)->207403K(208832K) NonClass: 182616K(183360K)->182616K(183360K) Class: 24787K(25472K)->24787K(25472K)
[2025-12-06T06:53:50.721+0000][9941.634s][info ][gc          ] GC(172) Pause Young (Prepare Mixed) (G1 Evacuation Pause) 477M->153M(544M) 7.474ms
[2025-12-06T06:53:50.721+0000][9941.634s][info ][gc,cpu      ] GC(172) User=0.05s Sys=0.00s Real=0.01s
[2025-12-06T06:53:50.721+0000][9941.634s][info ][safepoint   ] Safepoint "G1CollectForAllocation", Time since last: 246035617838 ns, Reaching safepoint: 1139866 ns, Cleanup: 10120 ns, At safepoint: 7834242 ns, Total: 8984228 ns
[2025-12-06T06:54:11.422+0000][9962.336s][debug][safepoint   ] Safepoint synchronization initiated using futex wait barrier. (267 threads)
[2025-12-06T06:54:11.422+0000][9962.337s][info ][gc,start    ] GC(173) Pause Young (Mixed) (G1 Evacuation Pause)
[2025-12-06T06:54:11.422+0000][9962.337s][info ][gc,task     ] GC(173) Using 13 workers of 13 for evacuation
[2025-12-06T06:54:11.434+0000][9962.348s][info ][gc,phases   ] GC(173)   Pre Evacuate Collection Set: 0.8ms
[2025-12-06T06:54:11.434+0000][9962.348s][info ][gc,phases   ] GC(173)   Merge Heap Roots: 0.3ms
[2025-12-06T06:54:11.434+0000][9962.348s][info ][gc,phases   ] GC(173)   Evacuate Collection Set: 8.4ms
[2025-12-06T06:54:11.434+0000][9962.348s][info ][gc,phases   ] GC(173)   Post Evacuate Collection Set: 1.5ms
[2025-12-06T06:54:11.434+0000][9962.348s][info ][gc,phases   ] GC(173)   Other: 0.4ms
[2025-12-06T06:54:11.434+0000][9962.348s][info ][gc,heap     ] GC(173) Eden regions: 26->0(325)
[2025-12-06T06:54:11.434+0000][9962.348s][info ][gc,heap     ] GC(173) Survivor regions: 1->1(4)
[2025-12-06T06:54:11.434+0000][9962.348s][info ][gc,heap     ] GC(173) Old regions: 153->152
[2025-12-06T06:54:11.434+0000][9962.348s][info ][gc,heap     ] GC(173) Archive regions: 2->2
[2025-12-06T06:54:11.434+0000][9962.348s][info ][gc,heap     ] GC(173) Humongous regions: 0->0
[2025-12-06T06:54:11.434+0000][9962.348s][info ][gc,metaspace] GC(173) Metaspace: 207404K(208832K)->207404K(208832K) NonClass: 182617K(183360K)->182617K(183360K) Class: 24787K(25472K)->24787K(25472K)
[2025-12-06T06:54:11.434+0000][9962.348s][info ][gc          ] GC(173) Pause Young (Mixed) (G1 Evacuation Pause) 179M->152M(544M) 11.405ms
[2025-12-06T06:54:11.434+0000][9962.348s][info ][gc,cpu      ] GC(173) User=0.10s Sys=0.00s Real=0.01s
[2025-12-06T06:54:11.434+0000][9962.349s][info ][safepoint   ] Safepoint "G1CollectForAllocation", Time since last: 20702549191 ns, Reaching safepoint: 239391 ns, Cleanup: 19808 ns, At safepoint: 12226456 ns, Total: 12485655 ns
[2025-12-06T06:54:52.077+0000][10002.995s][debug][safepoint   ] Safepoint synchronization initiated using futex wait barrier. (267 threads)
[2025-12-06T06:54:52.077+0000][10002.995s][info ][safepoint   ] Safepoint "Cleanup", Time since last: 40646294086 ns, Reaching safepoint: 227287 ns, Cleanup: 33254 ns, At safepoint: 8076 ns, Total: 268617 ns
[2025-12-06T06:57:17.190+0000][10148.117s][debug][safepoint   ] Safepoint synchronization initiated using futex wait barrier. (267 threads)
[2025-12-06T06:57:17.191+0000][10148.118s][info ][safepoint   ] Safepoint "Cleanup", Time since last: 145121137222 ns, Reaching safepoint: 963180 ns, Cleanup: 16873 ns, At safepoint: 4849 ns, Total: 984902 ns
[2025-12-06T06:58:45.537+0000][10236.470s][debug][safepoint   ] Safepoint synchronization initiated using futex wait barrier. (266 threads)
[2025-12-06T06:58:45.538+0000][10236.471s][info ][gc,start    ] GC(174) Pause Young (Concurrent Start) (G1 Evacuation Pause)
[2025-12-06T06:58:45.538+0000][10236.471s][info ][gc,task     ] GC(174) Using 13 workers of 13 for evacuation
[2025-12-06T06:58:45.550+0000][10236.483s][info ][gc,phases   ] GC(174)   Pre Evacuate Collection Set: 0.8ms
[2025-12-06T06:58:45.550+0000][10236.483s][info ][gc,phases   ] GC(174)   Merge Heap Roots: 1.0ms
[2025-12-06T06:58:45.550+0000][10236.483s][info ][gc,phases   ] GC(174)   Evacuate Collection Set: 6.3ms
[2025-12-06T06:58:45.550+0000][10236.483s][info ][gc,phases   ] GC(174)   Post Evacuate Collection Set: 2.6ms
[2025-12-06T06:58:45.550+0000][10236.483s][info ][gc,phases   ] GC(174)   Other: 1.2ms
[2025-12-06T06:58:45.550+0000][10236.483s][info ][gc,heap     ] GC(174) Eden regions: 325->0(325)
[2025-12-06T06:58:45.550+0000][10236.483s][info ][gc,heap     ] GC(174) Survivor regions: 1->1(41)
[2025-12-06T06:58:45.550+0000][10236.483s][info ][gc,heap     ] GC(174) Old regions: 152->152
[2025-12-06T06:58:45.550+0000][10236.483s][info ][gc,heap     ] GC(174) Archive regions: 2->2
[2025-12-06T06:58:45.551+0000][10236.483s][info ][gc,heap     ] GC(174) Humongous regions: 0->0
[2025-12-06T06:58:45.551+0000][10236.483s][info ][gc,metaspace] GC(174) Metaspace: 207404K(208832K)->207404K(208832K) NonClass: 182617K(183360K)->182617K(183360K) Class: 24787K(25472K)->24787K(25472K)
[2025-12-06T06:58:45.551+0000][10236.483s][info ][gc          ] GC(174) Pause Young (Concurrent Start) (G1 Evacuation Pause) 477M->152M(544M) 12.148ms
[2025-12-06T06:58:45.551+0000][10236.483s][info ][gc,cpu      ] GC(174) User=0.04s Sys=0.02s Real=0.01s
[2025-12-06T06:58:45.551+0000][10236.483s][info ][gc          ] GC(175) Concurrent Mark Cycle
[2025-12-06T06:58:45.551+0000][10236.483s][info ][gc,marking  ] GC(175) Concurrent Clear Claimed Marks
[2025-12-06T06:58:45.551+0000][10236.484s][info ][gc,marking  ] GC(175) Concurrent Clear Claimed Marks 0.263ms
[2025-12-06T06:58:45.551+0000][10236.484s][info ][gc,marking  ] GC(175) Concurrent Scan Root Regions
[2025-12-06T06:58:45.552+0000][10236.484s][info ][safepoint   ] Safepoint "G1CollectForAllocation", Time since last: 88352604813 ns, Reaching safepoint: 910502 ns, Cleanup: 6874 ns, At safepoint: 13296470 ns, Total: 14213846 ns
[2025-12-06T06:58:45.560+0000][10236.493s][info ][gc,marking  ] GC(175) Concurrent Scan Root Regions 8.781ms
[2025-12-06T06:58:45.560+0000][10236.493s][info ][gc,marking  ] GC(175) Concurrent Mark
[2025-12-06T06:58:45.560+0000][10236.493s][info ][gc,marking  ] GC(175) Concurrent Mark From Roots
[2025-12-06T06:58:45.560+0000][10236.493s][info ][gc,task     ] GC(175) Using 3 workers of 3 for marking
[2025-12-06T06:58:45.643+0000][10236.576s][info ][gc,marking  ] GC(175) Concurrent Mark From Roots 83.379ms
[2025-12-06T06:58:45.643+0000][10236.576s][info ][gc,marking  ] GC(175) Concurrent Preclean
[2025-12-06T06:58:45.644+0000][10236.577s][info ][gc,marking  ] GC(175) Concurrent Preclean 0.531ms
[2025-12-06T06:58:45.644+0000][10236.577s][debug][safepoint   ] Safepoint synchronization initiated using futex wait barrier. (266 threads)
[2025-12-06T06:58:45.644+0000][10236.577s][info ][gc,start    ] GC(175) Pause Remark
[2025-12-06T06:58:45.667+0000][10236.600s][info ][gc          ] GC(175) Pause Remark 159M->159M(540M) 22.788ms
[2025-12-06T06:58:45.667+0000][10236.600s][info ][gc,cpu      ] GC(175) User=0.23s Sys=0.00s Real=0.02s
[2025-12-06T06:58:45.668+0000][10236.601s][info ][safepoint   ] Safepoint "G1PauseRemark", Time since last: 92400499 ns, Reaching safepoint: 62150 ns, Cleanup: 40357 ns, At safepoint: 24098348 ns, Total: 24200855 ns
[2025-12-06T06:58:45.668+0000][10236.601s][info ][gc,marking  ] GC(175) Concurrent Mark 108.528ms
[2025-12-06T06:58:45.668+0000][10236.601s][info ][gc,marking  ] GC(175) Concurrent Rebuild Remembered Sets
[2025-12-06T06:58:45.717+0000][10236.650s][info ][gc,marking  ] GC(175) Concurrent Rebuild Remembered Sets 48.564ms
[2025-12-06T06:58:45.717+0000][10236.650s][debug][safepoint   ] Safepoint synchronization initiated using futex wait barrier. (266 threads)
[2025-12-06T06:58:45.717+0000][10236.650s][info ][gc,start    ] GC(175) Pause Cleanup
[2025-12-06T06:58:45.718+0000][10236.651s][info ][gc          ] GC(175) Pause Cleanup 159M->159M(540M) 0.550ms
[2025-12-06T06:58:45.718+0000][10236.651s][info ][gc,cpu      ] GC(175) User=0.00s Sys=0.00s Real=0.00s
[2025-12-06T06:58:45.718+0000][10236.651s][info ][safepoint   ] Safepoint "G1PauseCleanup", Time since last: 48947899 ns, Reaching safepoint: 48703 ns, Cleanup: 4439 ns, At safepoint: 1212244 ns, Total: 1265386 ns
[2025-12-06T06:58:45.718+0000][10236.651s][info ][gc,marking  ] GC(175) Concurrent Cleanup for Next Mark
[2025-12-06T06:58:45.731+0000][10236.663s][info ][gc,marking  ] GC(175) Concurrent Cleanup for Next Mark 12.075ms
[2025-12-06T06:58:45.731+0000][10236.663s][info ][gc          ] GC(175) Concurrent Mark Cycle 179.962ms
[2025-12-06T07:02:52.210+0000][10270.199s][debug][safepoint   ] Safepoint synchronization initiated using futex wait barrier. (262 threads)
[2025-12-06T07:02:52.210+0000][10270.199s][info ][safepoint   ] Safepoint "Cleanup", Time since last: 33548192240 ns, Reaching safepoint: 122667 ns, Cleanup: 15379 ns, At safepoint: 3968 ns, Total: 142014 ns
[2025-12-06T07:03:46.549+0000][10274.200s][debug][safepoint   ] Safepoint synchronization initiated using futex wait barrier. (280 threads)
[2025-12-06T07:03:46.549+0000][10274.200s][info ][safepoint   ] Safepoint "Cleanup", Time since last: 4000522268 ns, Reaching safepoint: 107166 ns, Cleanup: 154658 ns, At safepoint: 8827 ns, Total: 270651 ns
[2025-12-06T07:03:47.549+0000][10275.200s][debug][safepoint   ] Safepoint synchronization initiated using futex wait barrier. (281 threads)
[2025-12-06T07:03:47.550+0000][10275.201s][info ][safepoint   ] Safepoint "Cleanup", Time since last: 1000189069 ns, Reaching safepoint: 178694 ns, Cleanup: 18546 ns, At safepoint: 6392 ns, Total: 203632 ns
[2025-12-06T07:06:10.611+0000][10418.272s][debug][safepoint   ] Safepoint synchronization initiated using futex wait barrier. (278 threads)
[2025-12-06T07:06:10.614+0000][10418.274s][info ][safepoint   ] Safepoint "Cleanup", Time since last: 143070669762 ns, Reaching safepoint: 2501946 ns, Cleanup: 171009 ns, At safepoint: 471195 ns, Total: 3144150 ns
[2025-12-06T07:07:37.829+0000][10505.495s][debug][safepoint   ] Safepoint synchronization initiated using futex wait barrier. (277 threads)
[2025-12-06T07:07:37.832+0000][10505.498s][info ][gc,start    ] GC(176) Pause Young (Prepare Mixed) (G1 Evacuation Pause)
[2025-12-06T07:07:37.832+0000][10505.498s][info ][gc,task     ] GC(176) Using 13 workers of 13 for evacuation
[2025-12-06T07:07:37.864+0000][10505.530s][info ][gc,phases   ] GC(176)   Pre Evacuate Collection Set: 2.4ms
[2025-12-06T07:07:37.864+0000][10505.530s][info ][gc,phases   ] GC(176)   Merge Heap Roots: 1.1ms
[2025-12-06T07:07:37.864+0000][10505.530s][info ][gc,phases   ] GC(176)   Evacuate Collection Set: 18.6ms
[2025-12-06T07:07:37.864+0000][10505.530s][info ][gc,phases   ] GC(176)   Post Evacuate Collection Set: 8.6ms
[2025-12-06T07:07:37.864+0000][10505.530s][info ][gc,phases   ] GC(176)   Other: 2.7ms
[2025-12-06T07:07:37.864+0000][10505.530s][info ][gc,heap     ] GC(176) Eden regions: 325->0(25)
[2025-12-06T07:07:37.864+0000][10505.530s][info ][gc,heap     ] GC(176) Survivor regions: 1->2(41)
[2025-12-06T07:07:37.864+0000][10505.530s][info ][gc,heap     ] GC(176) Old regions: 152->152
[2025-12-06T07:07:37.864+0000][10505.530s][info ][gc,heap     ] GC(176) Archive regions: 2->2
[2025-12-06T07:07:37.864+0000][10505.530s][info ][gc,heap     ] GC(176) Humongous regions: 0->0
[2025-12-06T07:07:37.864+0000][10505.530s][info ][gc,metaspace] GC(176) Metaspace: 207400K(208832K)->207400K(208832K) NonClass: 182615K(183360K)->182615K(183360K) Class: 24784K(25472K)->24784K(25472K)
[2025-12-06T07:07:37.864+0000][10505.530s][info ][gc          ] GC(176) Pause Young (Prepare Mixed) (G1 Evacuation Pause) 477M->153M(540M) 32.300ms
[2025-12-06T07:07:37.864+0000][10505.530s][info ][gc,cpu      ] GC(176) User=0.33s Sys=0.00s Real=0.04s
[2025-12-06T07:07:37.866+0000][10505.531s][info ][safepoint   ] Safepoint "G1CollectForAllocation", Time since last: 87220820668 ns, Reaching safepoint: 1190116 ns, Cleanup: 9257 ns, At safepoint: 34979289 ns, Total: 36178662 ns
[2025-12-06T07:07:49.679+0000][10517.345s][debug][safepoint   ] Safepoint synchronization initiated using futex wait barrier. (276 threads)
[2025-12-06T07:07:49.679+0000][10517.345s][info ][safepoint   ] Safepoint "Cleanup", Time since last: 11813556895 ns, Reaching safepoint: 137123 ns, Cleanup: 16171 ns, At safepoint: 5741 ns, Total: 159035 ns
[2025-12-06T07:07:57.688+0000][10525.353s][debug][safepoint   ] Safepoint synchronization initiated using futex wait barrier. (276 threads)
[2025-12-06T07:07:57.688+0000][10525.354s][info ][gc,start    ] GC(177) Pause Young (Mixed) (G1 Evacuation Pause)
[2025-12-06T07:07:57.688+0000][10525.354s][info ][gc,task     ] GC(177) Using 13 workers of 13 for evacuation
[2025-12-06T07:07:57.741+0000][10525.407s][info ][gc,phases   ] GC(177)   Pre Evacuate Collection Set: 0.6ms
[2025-12-06T07:07:57.741+0000][10525.407s][info ][gc,phases   ] GC(177)   Merge Heap Roots: 1.0ms
[2025-12-06T07:07:57.741+0000][10525.407s][info ][gc,phases   ] GC(177)   Evacuate Collection Set: 47.4ms
[2025-12-06T07:07:57.741+0000][10525.407s][info ][gc,phases   ] GC(177)   Post Evacuate Collection Set: 3.8ms
[2025-12-06T07:07:57.741+0000][10525.407s][info ][gc,phases   ] GC(177)   Other: 0.5ms
[2025-12-06T07:07:57.741+0000][10525.407s][info ][gc,heap     ] GC(177) Eden regions: 25->0(322)
[2025-12-06T07:07:57.741+0000][10525.407s][info ][gc,heap     ] GC(177) Survivor regions: 2->2(4)
[2025-12-06T07:07:57.741+0000][10525.407s][info ][gc,heap     ] GC(177) Old regions: 152->151
[2025-12-06T07:07:57.741+0000][10525.407s][info ][gc,heap     ] GC(177) Archive regions: 2->2
[2025-12-06T07:07:57.741+0000][10525.407s][info ][gc,heap     ] GC(177) Humongous regions: 0->0
[2025-12-06T07:07:57.741+0000][10525.407s][info ][gc,metaspace] GC(177) Metaspace: 207400K(208832K)->207400K(208832K) NonClass: 182615K(183360K)->182615K(183360K) Class: 24784K(25472K)->24784K(25472K)
[2025-12-06T07:07:57.741+0000][10525.407s][info ][gc          ] GC(177) Pause Young (Mixed) (G1 Evacuation Pause) 178M->152M(540M) 53.277ms
[2025-12-06T07:07:57.741+0000][10525.407s][info ][gc,cpu      ] GC(177) User=0.55s Sys=0.00s Real=0.05s
[2025-12-06T07:07:57.743+0000][10525.409s][info ][safepoint   ] Safepoint "G1CollectForAllocation", Time since last: 8008278986 ns, Reaching safepoint: 183813 ns, Cleanup: 63022 ns, At safepoint: 54871977 ns, Total: 55118812 ns
[2025-12-06T07:10:10.744+0000][10658.419s][debug][safepoint   ] Safepoint synchronization initiated using futex wait barrier. (276 threads)
[2025-12-06T07:10:10.747+0000][10658.422s][info ][safepoint   ] Safepoint "Cleanup", Time since last: 133010481635 ns, Reaching safepoint: 2815044 ns, Cleanup: 13185 ns, At safepoint: 5621 ns, Total: 2833850 ns
[2025-12-06T07:10:15.747+0000][10663.422s][debug][safepoint   ] Safepoint synchronization initiated using futex wait barrier. (275 threads)
[2025-12-06T07:10:15.747+0000][10663.423s][info ][safepoint   ] Safepoint "Cleanup", Time since last: 5000564632 ns, Reaching safepoint: 72750 ns, Cleanup: 11522 ns, At safepoint: 2966 ns, Total: 87238 ns
[2025-12-06T07:10:40.749+0000][10688.426s][debug][safepoint   ] Safepoint synchronization initiated using futex wait barrier. (276 threads)
[2025-12-06T07:10:40.750+0000][10688.427s][info ][safepoint   ] Safepoint "Cleanup", Time since last: 25003097706 ns, Reaching safepoint: 915167 ns, Cleanup: 13236 ns, At safepoint: 27483 ns, Total: 955886 ns
[2025-12-06T07:12:26.864+0000][10794.548s][debug][safepoint   ] Safepoint synchronization initiated using futex wait barrier. (271 threads)
[2025-12-06T07:12:26.865+0000][10794.548s][info ][gc,start    ] GC(178) Pause Young (Concurrent Start) (G1 Evacuation Pause)
[2025-12-06T07:12:26.865+0000][10794.548s][info ][gc,task     ] GC(178) Using 13 workers of 13 for evacuation
[2025-12-06T07:12:26.920+0000][10794.604s][info ][gc,phases   ] GC(178)   Pre Evacuate Collection Set: 11.1ms
[2025-12-06T07:12:26.920+0000][10794.604s][info ][gc,phases   ] GC(178)   Merge Heap Roots: 5.0ms
[2025-12-06T07:12:26.920+0000][10794.604s][info ][gc,phases   ] GC(178)   Evacuate Collection Set: 27.9ms
[2025-12-06T07:12:26.920+0000][10794.604s][info ][gc,phases   ] GC(178)   Post Evacuate Collection Set: 8.6ms
[2025-12-06T07:12:26.920+0000][10794.604s][info ][gc,phases   ] GC(178)   Other: 3.1ms
[2025-12-06T07:12:26.920+0000][10794.604s][info ][gc,heap     ] GC(178) Eden regions: 322->0(322)
[2025-12-06T07:12:26.920+0000][10794.604s][info ][gc,heap     ] GC(178) Survivor regions: 2->2(41)
[2025-12-06T07:12:26.920+0000][10794.604s][info ][gc,heap     ] GC(178) Old regions: 151->151
[2025-12-06T07:12:26.920+0000][10794.604s][info ][gc,heap     ] GC(178) Archive regions: 2->2
[2025-12-06T07:12:26.920+0000][10794.604s][info ][gc,heap     ] GC(178) Humongous regions: 0->0
[2025-12-06T07:12:26.920+0000][10794.604s][info ][gc,metaspace] GC(178) Metaspace: 207429K(208896K)->207429K(208896K) NonClass: 182644K(183424K)->182644K(183424K) Class: 24784K(25472K)->24784K(25472K)
[2025-12-06T07:12:26.920+0000][10794.604s][info ][gc          ] GC(178) Pause Young (Concurrent Start) (G1 Evacuation Pause) 474M->152M(540M) 55.477ms
[2025-12-06T07:12:26.920+0000][10794.604s][info ][gc,cpu      ] GC(178) User=0.33s Sys=0.05s Real=0.06s
[2025-12-06T07:12:26.921+0000][10794.604s][info ][safepoint   ] Safepoint "G1CollectForAllocation", Time since last: 106121051977 ns, Reaching safepoint: 170187 ns, Cleanup: 6503 ns, At safepoint: 56570979 ns, Total: 56747669 ns
[2025-12-06T07:12:26.924+0000][10794.607s][info ][gc          ] GC(179) Concurrent Mark Cycle
[2025-12-06T07:12:26.924+0000][10794.607s][info ][gc,marking  ] GC(179) Concurrent Clear Claimed Marks
[2025-12-06T07:12:26.925+0000][10794.609s][info ][gc,marking  ] GC(179) Concurrent Clear Claimed Marks 1.532ms
[2025-12-06T07:12:26.925+0000][10794.609s][info ][gc,marking  ] GC(179) Concurrent Scan Root Regions
[2025-12-06T07:12:27.028+0000][10794.711s][info ][gc,marking  ] GC(179) Concurrent Scan Root Regions 102.369ms
[2025-12-06T07:12:27.028+0000][10794.711s][info ][gc,marking  ] GC(179) Concurrent Mark
[2025-12-06T07:12:27.028+0000][10794.711s][info ][gc,marking  ] GC(179) Concurrent Mark From Roots
[2025-12-06T07:12:27.028+0000][10794.711s][info ][gc,task     ] GC(179) Using 3 workers of 3 for marking
[2025-12-06T07:12:27.361+0000][10795.044s][info ][gc,marking  ] GC(179) Concurrent Mark From Roots 333.001ms
[2025-12-06T07:12:27.361+0000][10795.044s][info ][gc,marking  ] GC(179) Concurrent Preclean
[2025-12-06T07:12:27.361+0000][10795.045s][info ][gc,marking  ] GC(179) Concurrent Preclean 0.596ms
[2025-12-06T07:12:27.362+0000][10795.045s][debug][safepoint   ] Safepoint synchronization initiated using futex wait barrier. (271 threads)
[2025-12-06T07:12:27.362+0000][10795.045s][info ][gc,start    ] GC(179) Pause Remark
[2025-12-06T07:12:27.540+0000][10795.223s][info ][gc          ] GC(179) Pause Remark 158M->158M(540M) 178.374ms
[2025-12-06T07:12:27.540+0000][10795.224s][info ][gc,cpu      ] GC(179) User=2.27s Sys=0.00s Real=0.18s
[2025-12-06T07:12:27.542+0000][10795.225s][info ][safepoint   ] Safepoint "G1PauseRemark", Time since last: 440491462 ns, Reaching safepoint: 55887 ns, Cleanup: 4429 ns, At safepoint: 180039408 ns, Total: 180099724 ns
[2025-12-06T07:12:27.542+0000][10795.225s][info ][gc,marking  ] GC(179) Concurrent Mark 514.063ms
[2025-12-06T07:12:27.542+0000][10795.225s][info ][gc,marking  ] GC(179) Concurrent Rebuild Remembered Sets
[2025-12-06T07:12:27.599+0000][10795.282s][info ][gc,marking  ] GC(179) Concurrent Rebuild Remembered Sets 57.212ms
[2025-12-06T07:12:27.599+0000][10795.283s][debug][safepoint   ] Safepoint synchronization initiated using futex wait barrier. (271 threads)
[2025-12-06T07:12:27.599+0000][10795.283s][info ][gc,start    ] GC(179) Pause Cleanup
[2025-12-06T07:12:27.600+0000][10795.283s][info ][gc          ] GC(179) Pause Cleanup 158M->158M(540M) 0.543ms
[2025-12-06T07:12:27.600+0000][10795.283s][info ][gc,cpu      ] GC(179) User=0.00s Sys=0.00s Real=0.00s
[2025-12-06T07:12:27.600+0000][10795.283s][info ][safepoint   ] Safepoint "G1PauseCleanup", Time since last: 57531388 ns, Reaching safepoint: 38123 ns, Cleanup: 26080 ns, At safepoint: 697070 ns, Total: 761273 ns
[2025-12-06T07:12:27.600+0000][10795.283s][info ][gc,marking  ] GC(179) Concurrent Cleanup for Next Mark
[2025-12-06T07:12:27.612+0000][10795.295s][info ][gc,marking  ] GC(179) Concurrent Cleanup for Next Mark 11.706ms
[2025-12-06T07:12:27.612+0000][10795.295s][info ][gc          ] GC(179) Concurrent Mark Cycle 688.153ms
[2025-12-06T07:16:57.408+0000][11065.108s][debug][safepoint   ] Safepoint synchronization initiated using futex wait barrier. (267 threads)
[2025-12-06T07:16:57.409+0000][11065.109s][info ][gc,start    ] GC(180) Pause Young (Prepare Mixed) (G1 Evacuation Pause)
[2025-12-06T07:16:57.409+0000][11065.109s][info ][gc,task     ] GC(180) Using 13 workers of 13 for evacuation
[2025-12-06T07:16:57.420+0000][11065.120s][info ][gc,phases   ] GC(180)   Pre Evacuate Collection Set: 0.5ms
[2025-12-06T07:16:57.420+0000][11065.120s][info ][gc,phases   ] GC(180)   Merge Heap Roots: 0.9ms
[2025-12-06T07:16:57.420+0000][11065.120s][info ][gc,phases   ] GC(180)   Evacuate Collection Set: 5.9ms
[2025-12-06T07:16:57.420+0000][11065.120s][info ][gc,phases   ] GC(180)   Post Evacuate Collection Set: 3.7ms
[2025-12-06T07:16:57.420+0000][11065.120s][info ][gc,phases   ] GC(180)   Other: 0.3ms
[2025-12-06T07:16:57.420+0000][11065.120s][info ][gc,heap     ] GC(180) Eden regions: 322->0(25)
[2025-12-06T07:16:57.420+0000][11065.120s][info ][gc,heap     ] GC(180) Survivor regions: 2->2(41)
[2025-12-06T07:16:57.420+0000][11065.120s][info ][gc,heap     ] GC(180) Old regions: 151->152
[2025-12-06T07:16:57.420+0000][11065.120s][info ][gc,heap     ] GC(180) Archive regions: 2->2
[2025-12-06T07:16:57.420+0000][11065.120s][info ][gc,heap     ] GC(180) Humongous regions: 0->0
[2025-12-06T07:16:57.420+0000][11065.120s][info ][gc,metaspace] GC(180) Metaspace: 207430K(208896K)->207430K(208896K) NonClass: 182645K(183424K)->182645K(183424K) Class: 24784K(25472K)->24784K(25472K)
[2025-12-06T07:16:57.420+0000][11065.120s][info ][gc          ] GC(180) Pause Young (Prepare Mixed) (G1 Evacuation Pause) 474M->152M(540M) 11.424ms
[2025-12-06T07:16:57.420+0000][11065.120s][info ][gc,cpu      ] GC(180) User=0.10s Sys=0.01s Real=0.00s
[2025-12-06T07:16:57.421+0000][11065.121s][info ][safepoint   ] Safepoint "G1CollectForAllocation", Time since last: 269824758904 ns, Reaching safepoint: 703422 ns, Cleanup: 10520 ns, At safepoint: 12384366 ns, Total: 13098308 ns
[2025-12-06T07:17:06.420+0000][11074.122s][debug][safepoint   ] Safepoint synchronization initiated using futex wait barrier. (267 threads)
[2025-12-06T07:17:06.421+0000][11074.122s][info ][safepoint   ] Safepoint "Cleanup", Time since last: 9001114459 ns, Reaching safepoint: 114640 ns, Cleanup: 13887 ns, At safepoint: 5050 ns, Total: 133577 ns
[2025-12-06T07:17:17.140+0000][11084.842s][debug][safepoint   ] Safepoint synchronization initiated using futex wait barrier. (267 threads)
[2025-12-06T07:17:17.140+0000][11084.842s][info ][gc,start    ] GC(181) Pause Young (Mixed) (G1 Evacuation Pause)
[2025-12-06T07:17:17.140+0000][11084.842s][info ][gc,task     ] GC(181) Using 13 workers of 13 for evacuation
[2025-12-06T07:17:17.191+0000][11084.893s][info ][gc,phases   ] GC(181)   Pre Evacuate Collection Set: 0.4ms
[2025-12-06T07:17:17.191+0000][11084.893s][info ][gc,phases   ] GC(181)   Merge Heap Roots: 0.6ms
[2025-12-06T07:17:17.191+0000][11084.893s][info ][gc,phases   ] GC(181)   Evacuate Collection Set: 45.9ms
[2025-12-06T07:17:17.191+0000][11084.893s][info ][gc,phases   ] GC(181)   Post Evacuate Collection Set: 3.8ms
[2025-12-06T07:17:17.191+0000][11084.893s][info ][gc,phases   ] GC(181)   Other: 0.3ms
[2025-12-06T07:17:17.191+0000][11084.893s][info ][gc,heap     ] GC(181) Eden regions: 25->0(322)
[2025-12-06T07:17:17.191+0000][11084.893s][info ][gc,heap     ] GC(181) Survivor regions: 2->2(4)
[2025-12-06T07:17:17.191+0000][11084.893s][info ][gc,heap     ] GC(181) Old regions: 152->150
[2025-12-06T07:17:17.191+0000][11084.893s][info ][gc,heap     ] GC(181) Archive regions: 2->2
[2025-12-06T07:17:17.191+0000][11084.893s][info ][gc,heap     ] GC(181) Humongous regions: 0->0
[2025-12-06T07:17:17.191+0000][11084.893s][info ][gc,metaspace] GC(181) Metaspace: 207430K(208896K)->207430K(208896K) NonClass: 182645K(183424K)->182645K(183424K) Class: 24784K(25472K)->24784K(25472K)
[2025-12-06T07:17:17.191+0000][11084.893s][info ][gc          ] GC(181) Pause Young (Mixed) (G1 Evacuation Pause) 177M->152M(540M) 51.161ms
[2025-12-06T07:17:17.191+0000][11084.893s][info ][gc,cpu      ] GC(181) User=0.56s Sys=0.00s Real=0.05s
[2025-12-06T07:17:17.193+0000][11084.894s][info ][safepoint   ] Safepoint "G1CollectForAllocation", Time since last: 10719483337 ns, Reaching safepoint: 132926 ns, Cleanup: 6592 ns, At safepoint: 52362045 ns, Total: 52501563 ns
[2025-12-06T07:17:30.195+0000][11097.896s][debug][safepoint   ] Safepoint synchronization initiated using futex wait barrier. (266 threads)
[2025-12-06T07:17:30.195+0000][11097.897s][info ][safepoint   ] Safepoint "Cleanup", Time since last: 13002004284 ns, Reaching safepoint: 232547 ns, Cleanup: 24196 ns, At safepoint: 8346 ns, Total: 265089 ns
[2025-12-06T07:20:37.208+0000][11284.923s][debug][safepoint   ] Safepoint synchronization initiated using futex wait barrier. (265 threads)
[2025-12-06T07:20:37.208+0000][11284.924s][info ][safepoint   ] Safepoint "Cleanup", Time since last: 187026787127 ns, Reaching safepoint: 124509 ns, Cleanup: 13586 ns, At safepoint: 5170 ns, Total: 143265 ns
[2025-12-06T07:20:44.209+0000][11291.924s][debug][safepoint   ] Safepoint synchronization initiated using futex wait barrier. (265 threads)
[2025-12-06T07:20:44.209+0000][11291.924s][info ][safepoint   ] Safepoint "Cleanup", Time since last: 7000830516 ns, Reaching safepoint: 67690 ns, Cleanup: 10941 ns, At safepoint: 2825 ns, Total: 81456 ns
[2025-12-06T07:21:05.210+0000][11312.927s][debug][safepoint   ] Safepoint synchronization initiated using futex wait barrier. (265 threads)
[2025-12-06T07:21:05.210+0000][11312.927s][info ][safepoint   ] Safepoint "Cleanup", Time since last: 21002389681 ns, Reaching safepoint: 85294 ns, Cleanup: 9979 ns, At safepoint: 4028 ns, Total: 99301 ns
[2025-12-06T07:21:47.404+0000][11355.123s][debug][safepoint   ] Safepoint synchronization initiated using futex wait barrier. (263 threads)
[2025-12-06T07:21:47.404+0000][11355.123s][info ][gc,start    ] GC(182) Pause Young (Concurrent Start) (G1 Evacuation Pause)
[2025-12-06T07:21:47.404+0000][11355.123s][info ][gc,task     ] GC(182) Using 13 workers of 13 for evacuation
[2025-12-06T07:21:47.420+0000][11355.139s][info ][gc,phases   ] GC(182)   Pre Evacuate Collection Set: 1.5ms
[2025-12-06T07:21:47.420+0000][11355.139s][info ][gc,phases   ] GC(182)   Merge Heap Roots: 0.5ms
[2025-12-06T07:21:47.420+0000][11355.139s][info ][gc,phases   ] GC(182)   Evacuate Collection Set: 10.4ms
[2025-12-06T07:21:47.420+0000][11355.139s][info ][gc,phases   ] GC(182)   Post Evacuate Collection Set: 2.1ms
[2025-12-06T07:21:47.420+0000][11355.139s][info ][gc,phases   ] GC(182)   Other: 1.9ms
[2025-12-06T07:21:47.420+0000][11355.139s][info ][gc,heap     ] GC(182) Eden regions: 322->0(322)
[2025-12-06T07:21:47.420+0000][11355.139s][info ][gc,heap     ] GC(182) Survivor regions: 2->2(41)
[2025-12-06T07:21:47.420+0000][11355.139s][info ][gc,heap     ] GC(182) Old regions: 150->150
[2025-12-06T07:21:47.420+0000][11355.139s][info ][gc,heap     ] GC(182) Archive regions: 2->2
[2025-12-06T07:21:47.420+0000][11355.139s][info ][gc,heap     ] GC(182) Humongous regions: 0->0
[2025-12-06T07:21:47.420+0000][11355.139s][info ][gc,metaspace] GC(182) Metaspace: 207432K(208896K)->207432K(208896K) NonClass: 182647K(183424K)->182647K(183424K) Class: 24784K(25472K)->24784K(25472K)
[2025-12-06T07:21:47.421+0000][11355.139s][info ][gc          ] GC(182) Pause Young (Concurrent Start) (G1 Evacuation Pause) 474M->151M(540M) 16.389ms
[2025-12-06T07:21:47.421+0000][11355.139s][info ][gc,cpu      ] GC(182) User=0.07s Sys=0.00s Real=0.01s
[2025-12-06T07:21:47.421+0000][11355.139s][info ][gc          ] GC(183) Concurrent Mark Cycle
[2025-12-06T07:21:47.421+0000][11355.139s][info ][gc,marking  ] GC(183) Concurrent Clear Claimed Marks
[2025-12-06T07:21:47.421+0000][11355.140s][info ][safepoint   ] Safepoint "G1CollectForAllocation", Time since last: 42195623168 ns, Reaching safepoint: 160399 ns, Cleanup: 11512 ns, At safepoint: 16833816 ns, Total: 17005727 ns
[2025-12-06T07:21:47.421+0000][11355.140s][info ][gc,marking  ] GC(183) Concurrent Clear Claimed Marks 0.225ms
[2025-12-06T07:21:47.421+0000][11355.140s][info ][gc,marking  ] GC(183) Concurrent Scan Root Regions
[2025-12-06T07:21:47.435+0000][11355.154s][info ][gc,marking  ] GC(183) Concurrent Scan Root Regions 14.037ms
[2025-12-06T07:21:47.435+0000][11355.154s][info ][gc,marking  ] GC(183) Concurrent Mark
[2025-12-06T07:21:47.435+0000][11355.154s][info ][gc,marking  ] GC(183) Concurrent Mark From Roots
[2025-12-06T07:21:47.435+0000][11355.154s][info ][gc,task     ] GC(183) Using 3 workers of 3 for marking
[2025-12-06T07:21:47.551+0000][11355.270s][info ][gc,marking  ] GC(183) Concurrent Mark From Roots 116.338ms
[2025-12-06T07:21:47.551+0000][11355.270s][info ][gc,marking  ] GC(183) Concurrent Preclean
[2025-12-06T07:21:47.552+0000][11355.271s][info ][gc,marking  ] GC(183) Concurrent Preclean 0.430ms
[2025-12-06T07:21:47.552+0000][11355.271s][debug][safepoint   ] Safepoint synchronization initiated using futex wait barrier. (263 threads)
[2025-12-06T07:21:47.552+0000][11355.271s][info ][gc,start    ] GC(183) Pause Remark
[2025-12-06T07:21:47.573+0000][11355.291s][info ][gc          ] GC(183) Pause Remark 157M->157M(534M) 20.374ms
[2025-12-06T07:21:47.573+0000][11355.291s][info ][gc,cpu      ] GC(183) User=0.21s Sys=0.00s Real=0.02s
[2025-12-06T07:21:47.574+0000][11355.292s][info ][safepoint   ] Safepoint "G1PauseRemark", Time since last: 131149567 ns, Reaching safepoint: 125812 ns, Cleanup: 4589 ns, At safepoint: 21604700 ns, Total: 21735101 ns
[2025-12-06T07:21:47.574+0000][11355.293s][info ][gc,marking  ] GC(183) Concurrent Mark 138.740ms
[2025-12-06T07:21:47.574+0000][11355.293s][info ][gc,marking  ] GC(183) Concurrent Rebuild Remembered Sets
[2025-12-06T07:21:47.632+0000][11355.351s][info ][gc,marking  ] GC(183) Concurrent Rebuild Remembered Sets 58.481ms
[2025-12-06T07:21:47.632+0000][11355.351s][debug][safepoint   ] Safepoint synchronization initiated using futex wait barrier. (263 threads)
[2025-12-06T07:21:47.633+0000][11355.352s][info ][gc,start    ] GC(183) Pause Cleanup
[2025-12-06T07:21:47.633+0000][11355.352s][info ][gc          ] GC(183) Pause Cleanup 157M->157M(534M) 0.514ms
[2025-12-06T07:21:47.633+0000][11355.352s][info ][gc,cpu      ] GC(183) User=0.00s Sys=0.00s Real=0.00s
[2025-12-06T07:21:47.633+0000][11355.352s][info ][safepoint   ] Safepoint "G1PauseCleanup", Time since last: 58787505 ns, Reaching safepoint: 65336 ns, Cleanup: 47351 ns, At safepoint: 709984 ns, Total: 822671 ns
[2025-12-06T07:21:47.633+0000][11355.352s][info ][gc,marking  ] GC(183) Concurrent Cleanup for Next Mark
[2025-12-06T07:21:47.647+0000][11355.366s][info ][gc,marking  ] GC(183) Concurrent Cleanup for Next Mark 13.540ms
[2025-12-06T07:21:47.647+0000][11355.366s][info ][gc          ] GC(183) Concurrent Mark Cycle 226.363ms
[2025-12-06T07:25:03.201+0000][11550.931s][debug][safepoint   ] Safepoint synchronization initiated using futex wait barrier. (264 threads)
[2025-12-06T07:25:03.202+0000][11550.932s][info ][safepoint   ] Safepoint "Cleanup", Time since last: 195579017797 ns, Reaching safepoint: 577770 ns, Cleanup: 31000 ns, At safepoint: 8776 ns, Total: 617546 ns
[2025-12-06T07:26:15.554+0000][11623.290s][debug][safepoint   ] Safepoint synchronization initiated using futex wait barrier. (266 threads)
[2025-12-06T07:26:15.556+0000][11623.292s][info ][gc,start    ] GC(184) Pause Young (Prepare Mixed) (G1 Evacuation Pause)
[2025-12-06T07:26:15.556+0000][11623.292s][info ][gc,task     ] GC(184) Using 13 workers of 13 for evacuation
[2025-12-06T07:26:15.570+0000][11623.306s][info ][gc,phases   ] GC(184)   Pre Evacuate Collection Set: 1.1ms
[2025-12-06T07:26:15.570+0000][11623.306s][info ][gc,phases   ] GC(184)   Merge Heap Roots: 0.6ms
[2025-12-06T07:26:15.570+0000][11623.306s][info ][gc,phases   ] GC(184)   Evacuate Collection Set: 7.8ms
[2025-12-06T07:26:15.570+0000][11623.306s][info ][gc,phases   ] GC(184)   Post Evacuate Collection Set: 4.0ms
[2025-12-06T07:26:15.570+0000][11623.306s][info ][gc,phases   ] GC(184)   Other: 0.6ms
[2025-12-06T07:26:15.570+0000][11623.306s][info ][gc,heap     ] GC(184) Eden regions: 318->0(24)
[2025-12-06T07:26:15.570+0000][11623.306s][info ][gc,heap     ] GC(184) Survivor regions: 2->2(40)
[2025-12-06T07:26:15.570+0000][11623.306s][info ][gc,heap     ] GC(184) Old regions: 150->151
[2025-12-06T07:26:15.570+0000][11623.306s][info ][gc,heap     ] GC(184) Archive regions: 2->2
[2025-12-06T07:26:15.570+0000][11623.306s][info ][gc,heap     ] GC(184) Humongous regions: 0->0
[2025-12-06T07:26:15.570+0000][11623.306s][info ][gc,metaspace] GC(184) Metaspace: 207458K(208896K)->207458K(208896K) NonClass: 182673K(183424K)->182673K(183424K) Class: 24784K(25472K)->24784K(25472K)
[2025-12-06T07:26:15.570+0000][11623.306s][info ][gc          ] GC(184) Pause Young (Prepare Mixed) (G1 Evacuation Pause) 469M->151M(534M) 14.109ms
[2025-12-06T07:26:15.570+0000][11623.306s][info ][gc,cpu      ] GC(184) User=0.12s Sys=0.00s Real=0.01s
[2025-12-06T07:26:15.571+0000][11623.307s][info ][safepoint   ] Safepoint "G1CollectForAllocation", Time since last: 72358401583 ns, Reaching safepoint: 1342893 ns, Cleanup: 13175 ns, At safepoint: 15059924 ns, Total: 16415992 ns
[2025-12-06T07:26:34.454+0000][11642.190s][debug][safepoint   ] Safepoint synchronization initiated using futex wait barrier. (268 threads)
[2025-12-06T07:26:34.454+0000][11642.190s][info ][gc,start    ] GC(185) Pause Young (Mixed) (G1 Evacuation Pause)
[2025-12-06T07:26:34.454+0000][11642.190s][info ][gc,task     ] GC(185) Using 13 workers of 13 for evacuation
[2025-12-06T07:26:34.500+0000][11642.236s][info ][gc,phases   ] GC(185)   Pre Evacuate Collection Set: 0.4ms
[2025-12-06T07:26:34.500+0000][11642.236s][info ][gc,phases   ] GC(185)   Merge Heap Roots: 0.6ms
[2025-12-06T07:26:34.500+0000][11642.236s][info ][gc,phases   ] GC(185)   Evacuate Collection Set: 42.9ms
[2025-12-06T07:26:34.500+0000][11642.236s][info ][gc,phases   ] GC(185)   Post Evacuate Collection Set: 2.2ms
[2025-12-06T07:26:34.500+0000][11642.236s][info ][gc,phases   ] GC(185)   Other: 0.2ms
[2025-12-06T07:26:34.500+0000][11642.236s][info ][gc,heap     ] GC(185) Eden regions: 24->0(318)
[2025-12-06T07:26:34.500+0000][11642.236s][info ][gc,heap     ] GC(185) Survivor regions: 2->2(4)
[2025-12-06T07:26:34.500+0000][11642.236s][info ][gc,heap     ] GC(185) Old regions: 151->149
[2025-12-06T07:26:34.500+0000][11642.236s][info ][gc,heap     ] GC(185) Archive regions: 2->2
[2025-12-06T07:26:34.500+0000][11642.236s][info ][gc,heap     ] GC(185) Humongous regions: 0->0
[2025-12-06T07:26:34.500+0000][11642.236s][info ][gc,metaspace] GC(185) Metaspace: 207467K(208896K)->207467K(208896K) NonClass: 182682K(183424K)->182682K(183424K) Class: 24784K(25472K)->24784K(25472K)
[2025-12-06T07:26:34.500+0000][11642.236s][info ][gc          ] GC(185) Pause Young (Mixed) (G1 Evacuation Pause) 175M->151M(534M) 46.505ms
[2025-12-06T07:26:34.501+0000][11642.236s][info ][gc,cpu      ] GC(185) User=0.54s Sys=0.00s Real=0.04s
[2025-12-06T07:26:34.502+0000][11642.238s][info ][safepoint   ] Safepoint "G1CollectForAllocation", Time since last: 18882955692 ns, Reaching safepoint: 109369 ns, Cleanup: 5320 ns, At safepoint: 47996285 ns, Total: 48110974 ns
[2025-12-06T07:27:08.274+0000][11676.013s][debug][safepoint   ] Safepoint synchronization initiated using futex wait barrier. (266 threads)
[2025-12-06T07:27:08.274+0000][11676.013s][info ][safepoint   ] Safepoint "Cleanup", Time since last: 33775561129 ns, Reaching safepoint: 226068 ns, Cleanup: 16933 ns, At safepoint: 6843 ns, Total: 249844 ns
[2025-12-06T07:28:08.280+0000][11736.023s][debug][safepoint   ] Safepoint synchronization initiated using futex wait barrier. (264 threads)
[2025-12-06T07:28:08.281+0000][11736.024s][info ][safepoint   ] Safepoint "Cleanup", Time since last: 60009359612 ns, Reaching safepoint: 439168 ns, Cleanup: 28214 ns, At safepoint: 486925 ns, Total: 954307 ns
[2025-12-06T07:28:34.285+0000][11762.028s][debug][safepoint   ] Safepoint synchronization initiated using futex wait barrier. (265 threads)
[2025-12-06T07:28:34.285+0000][11762.028s][info ][safepoint   ] Safepoint "Cleanup", Time since last: 26004228753 ns, Reaching safepoint: 128707 ns, Cleanup: 20259 ns, At safepoint: 3757 ns, Total: 152723 ns
[2025-12-06T07:31:02.668+0000][11910.420s][debug][safepoint   ] Safepoint synchronization initiated using futex wait barrier. (264 threads)
[2025-12-06T07:31:02.668+0000][11910.420s][info ][gc,start    ] GC(186) Pause Young (Concurrent Start) (G1 Evacuation Pause)
[2025-12-06T07:31:02.668+0000][11910.420s][info ][gc,task     ] GC(186) Using 13 workers of 13 for evacuation
[2025-12-06T07:31:02.677+0000][11910.430s][info ][gc,phases   ] GC(186)   Pre Evacuate Collection Set: 1.1ms
[2025-12-06T07:31:02.678+0000][11910.430s][info ][gc,phases   ] GC(186)   Merge Heap Roots: 0.3ms
[2025-12-06T07:31:02.678+0000][11910.430s][info ][gc,phases   ] GC(186)   Evacuate Collection Set: 5.3ms
[2025-12-06T07:31:02.678+0000][11910.430s][info ][gc,phases   ] GC(186)   Post Evacuate Collection Set: 2.2ms
[2025-12-06T07:31:02.678+0000][11910.430s][info ][gc,phases   ] GC(186)   Other: 0.7ms
[2025-12-06T07:31:02.678+0000][11910.430s][info ][gc,heap     ] GC(186) Eden regions: 318->0(318)
[2025-12-06T07:31:02.678+0000][11910.430s][info ][gc,heap     ] GC(186) Survivor regions: 2->2(40)
[2025-12-06T07:31:02.678+0000][11910.430s][info ][gc,heap     ] GC(186) Old regions: 149->149
[2025-12-06T07:31:02.678+0000][11910.430s][info ][gc,heap     ] GC(186) Archive regions: 2->2
[2025-12-06T07:31:02.678+0000][11910.430s][info ][gc,heap     ] GC(186) Humongous regions: 0->0
[2025-12-06T07:31:02.678+0000][11910.430s][info ][gc,metaspace] GC(186) Metaspace: 207467K(208896K)->207467K(208896K) NonClass: 182682K(183424K)->182682K(183424K) Class: 24784K(25472K)->24784K(25472K)
[2025-12-06T07:31:02.678+0000][11910.430s][info ][gc          ] GC(186) Pause Young (Concurrent Start) (G1 Evacuation Pause) 469M->151M(534M) 9.698ms
[2025-12-06T07:31:02.678+0000][11910.430s][info ][gc,cpu      ] GC(186) User=0.07s Sys=0.00s Real=0.02s
[2025-12-06T07:31:02.678+0000][11910.430s][info ][gc          ] GC(187) Concurrent Mark Cycle
[2025-12-06T07:31:02.678+0000][11910.430s][info ][gc,marking  ] GC(187) Concurrent Clear Claimed Marks
[2025-12-06T07:31:02.678+0000][11910.431s][info ][gc,marking  ] GC(187) Concurrent Clear Claimed Marks 0.236ms
[2025-12-06T07:31:02.678+0000][11910.431s][info ][gc,marking  ] GC(187) Concurrent Scan Root Regions
[2025-12-06T07:31:02.678+0000][11910.431s][info ][safepoint   ] Safepoint "G1CollectForAllocation", Time since last: 148391940697 ns, Reaching safepoint: 224862 ns, Cleanup: 11542 ns, At safepoint: 10380920 ns, Total: 10617324 ns
[2025-12-06T07:31:02.685+0000][11910.438s][info ][gc,marking  ] GC(187) Concurrent Scan Root Regions 7.013ms
[2025-12-06T07:31:02.685+0000][11910.438s][info ][gc,marking  ] GC(187) Concurrent Mark
[2025-12-06T07:31:02.685+0000][11910.438s][info ][gc,marking  ] GC(187) Concurrent Mark From Roots
[2025-12-06T07:31:02.685+0000][11910.438s][info ][gc,task     ] GC(187) Using 3 workers of 3 for marking
[2025-12-06T07:31:02.793+0000][11910.546s][info ][gc,marking  ] GC(187) Concurrent Mark From Roots 108.247ms
[2025-12-06T07:31:02.794+0000][11910.546s][info ][gc,marking  ] GC(187) Concurrent Preclean
[2025-12-06T07:31:02.794+0000][11910.546s][info ][gc,marking  ] GC(187) Concurrent Preclean 0.429ms
[2025-12-06T07:31:02.794+0000][11910.547s][debug][safepoint   ] Safepoint synchronization initiated using futex wait barrier. (264 threads)
[2025-12-06T07:31:02.794+0000][11910.547s][info ][gc,start    ] GC(187) Pause Remark
[2025-12-06T07:31:02.813+0000][11910.566s][info ][gc          ] GC(187) Pause Remark 157M->157M(530M) 18.986ms
[2025-12-06T07:31:02.813+0000][11910.566s][info ][gc,cpu      ] GC(187) User=0.19s Sys=0.00s Real=0.02s
[2025-12-06T07:31:02.814+0000][11910.566s][info ][safepoint   ] Safepoint "G1PauseRemark", Time since last: 115830692 ns, Reaching safepoint: 53112 ns, Cleanup: 45558 ns, At safepoint: 19457407 ns, Total: 19556077 ns
[2025-12-06T07:31:02.814+0000][11910.566s][info ][gc,marking  ] GC(187) Concurrent Mark 128.462ms
[2025-12-06T07:31:02.814+0000][11910.566s][info ][gc,marking  ] GC(187) Concurrent Rebuild Remembered Sets
[2025-12-06T07:31:02.868+0000][11910.620s][info ][gc,marking  ] GC(187) Concurrent Rebuild Remembered Sets 53.827ms
[2025-12-06T07:31:02.868+0000][11910.620s][debug][safepoint   ] Safepoint synchronization initiated using futex wait barrier. (264 threads)
[2025-12-06T07:31:02.868+0000][11910.620s][info ][gc,start    ] GC(187) Pause Cleanup
[2025-12-06T07:31:02.868+0000][11910.621s][info ][gc          ] GC(187) Pause Cleanup 157M->157M(530M) 0.320ms
[2025-12-06T07:31:02.868+0000][11910.621s][info ][gc,cpu      ] GC(187) User=0.00s Sys=0.00s Real=0.00s
[2025-12-06T07:31:02.868+0000][11910.621s][info ][safepoint   ] Safepoint "G1PauseCleanup", Time since last: 54095502 ns, Reaching safepoint: 41730 ns, Cleanup: 3947 ns, At safepoint: 436940 ns, Total: 482617 ns
[2025-12-06T07:31:02.868+0000][11910.621s][info ][gc,marking  ] GC(187) Concurrent Cleanup for Next Mark
[2025-12-06T07:31:02.879+0000][11910.632s][info ][gc,marking  ] GC(187) Concurrent Cleanup for Next Mark 11.092ms
[2025-12-06T07:31:02.880+0000][11910.632s][info ][gc          ] GC(187) Concurrent Mark Cycle 201.661ms
[2025-12-06T07:32:07.873+0000][11975.632s][debug][safepoint   ] Safepoint synchronization initiated using futex wait barrier. (264 threads)
[2025-12-06T07:32:07.874+0000][11975.632s][info ][safepoint   ] Safepoint "Cleanup", Time since last: 65011633546 ns, Reaching safepoint: 157513 ns, Cleanup: 20319 ns, At safepoint: 4699 ns, Total: 182531 ns
[2025-12-06T07:32:37.877+0000][12005.637s][debug][safepoint   ] Safepoint synchronization initiated using futex wait barrier. (266 threads)
[2025-12-06T07:32:37.877+0000][12005.637s][info ][safepoint   ] Safepoint "Cleanup", Time since last: 30004385052 ns, Reaching safepoint: 94331 ns, Cleanup: 17374 ns, At safepoint: 4418 ns, Total: 116123 ns
[2025-12-06T07:35:28.930+0000][12176.700s][debug][safepoint   ] Safepoint synchronization initiated using futex wait barrier. (264 threads)
[2025-12-06T07:35:28.931+0000][12176.701s][info ][gc,start    ] GC(188) Pause Young (Prepare Mixed) (G1 Evacuation Pause)
[2025-12-06T07:35:28.931+0000][12176.701s][info ][gc,task     ] GC(188) Using 13 workers of 13 for evacuation
[2025-12-06T07:35:28.944+0000][12176.714s][info ][gc,phases   ] GC(188)   Pre Evacuate Collection Set: 0.5ms
[2025-12-06T07:35:28.944+0000][12176.714s][info ][gc,phases   ] GC(188)   Merge Heap Roots: 0.3ms
[2025-12-06T07:35:28.944+0000][12176.714s][info ][gc,phases   ] GC(188)   Evacuate Collection Set: 9.3ms
[2025-12-06T07:35:28.944+0000][12176.714s][info ][gc,phases   ] GC(188)   Post Evacuate Collection Set: 2.1ms
[2025-12-06T07:35:28.944+0000][12176.714s][info ][gc,phases   ] GC(188)   Other: 0.7ms
[2025-12-06T07:35:28.944+0000][12176.714s][info ][gc,heap     ] GC(188) Eden regions: 316->0(24)
[2025-12-06T07:35:28.944+0000][12176.714s][info ][gc,heap     ] GC(188) Survivor regions: 2->2(40)
[2025-12-06T07:35:28.944+0000][12176.714s][info ][gc,heap     ] GC(188) Old regions: 149->149
[2025-12-06T07:35:28.944+0000][12176.714s][info ][gc,heap     ] GC(188) Archive regions: 2->2
[2025-12-06T07:35:28.944+0000][12176.714s][info ][gc,heap     ] GC(188) Humongous regions: 0->0
[2025-12-06T07:35:28.944+0000][12176.714s][info ][gc,metaspace] GC(188) Metaspace: 207468K(208896K)->207468K(208896K) NonClass: 182683K(183424K)->182683K(183424K) Class: 24784K(25472K)->24784K(25472K)
[2025-12-06T07:35:28.944+0000][12176.714s][info ][gc          ] GC(188) Pause Young (Prepare Mixed) (G1 Evacuation Pause) 467M->151M(530M) 12.638ms
[2025-12-06T07:35:28.944+0000][12176.714s][info ][gc,cpu      ] GC(188) User=0.13s Sys=0.00s Real=0.01s
[2025-12-06T07:35:28.944+0000][12176.714s][info ][safepoint   ] Safepoint "G1CollectForAllocation", Time since last: 171063092061 ns, Reaching safepoint: 522325 ns, Cleanup: 8647 ns, At safepoint: 13295762 ns, Total: 13826734 ns
[2025-12-06T07:35:40.945+0000][12188.716s][debug][safepoint   ] Safepoint synchronization initiated using futex wait barrier. (264 threads)
[2025-12-06T07:35:40.945+0000][12188.716s][info ][safepoint   ] Safepoint "Cleanup", Time since last: 12002138776 ns, Reaching safepoint: 141462 ns, Cleanup: 22242 ns, At safepoint: 5010 ns, Total: 168714 ns
[2025-12-06T07:35:47.865+0000][12195.637s][debug][safepoint   ] Safepoint synchronization initiated using futex wait barrier. (264 threads)
[2025-12-06T07:35:47.866+0000][12195.637s][info ][gc,start    ] GC(189) Pause Young (Mixed) (G1 Evacuation Pause)
[2025-12-06T07:35:47.866+0000][12195.637s][info ][gc,task     ] GC(189) Using 13 workers of 13 for evacuation
[2025-12-06T07:35:47.919+0000][12195.691s][info ][gc,phases   ] GC(189)   Pre Evacuate Collection Set: 0.4ms
[2025-12-06T07:35:47.919+0000][12195.691s][info ][gc,phases   ] GC(189)   Merge Heap Roots: 0.3ms
[2025-12-06T07:35:47.919+0000][12195.691s][info ][gc,phases   ] GC(189)   Evacuate Collection Set: 48.2ms
[2025-12-06T07:35:47.919+0000][12195.691s][info ][gc,phases   ] GC(189)   Post Evacuate Collection Set: 4.1ms
[2025-12-06T07:35:47.919+0000][12195.691s][info ][gc,phases   ] GC(189)   Other: 0.3ms
[2025-12-06T07:35:47.919+0000][12195.691s][info ][gc,heap     ] GC(189) Eden regions: 24->0(317)
[2025-12-06T07:35:47.919+0000][12195.691s][info ][gc,heap     ] GC(189) Survivor regions: 2->1(4)
[2025-12-06T07:35:47.919+0000][12195.691s][info ][gc,heap     ] GC(189) Old regions: 149->149
[2025-12-06T07:35:47.919+0000][12195.691s][info ][gc,heap     ] GC(189) Archive regions: 2->2
[2025-12-06T07:35:47.919+0000][12195.691s][info ][gc,heap     ] GC(189) Humongous regions: 0->0
[2025-12-06T07:35:47.919+0000][12195.691s][info ][gc,metaspace] GC(189) Metaspace: 207468K(208896K)->207468K(208896K) NonClass: 182683K(183424K)->182683K(183424K) Class: 24784K(25472K)->24784K(25472K)
[2025-12-06T07:35:47.919+0000][12195.691s][info ][gc          ] GC(189) Pause Young (Mixed) (G1 Evacuation Pause) 175M->150M(530M) 53.421ms
[2025-12-06T07:35:47.919+0000][12195.691s][info ][gc,cpu      ] GC(189) User=0.40s Sys=0.00s Real=0.06s
[2025-12-06T07:35:47.921+0000][12195.692s][info ][safepoint   ] Safepoint "G1CollectForAllocation", Time since last: 6920686362 ns, Reaching safepoint: 249880 ns, Cleanup: 8386 ns, At safepoint: 54917101 ns, Total: 55175367 ns
[2025-12-06T07:37:43.676+0000][12311.456s][debug][safepoint   ] Safepoint synchronization initiated using futex wait barrier. (264 threads)
[2025-12-06T07:37:43.678+0000][12311.457s][info ][safepoint   ] Safepoint "Cleanup", Time since last: 115763452920 ns, Reaching safepoint: 1361472 ns, Cleanup: 26882 ns, At safepoint: 6893 ns, Total: 1395247 ns
[2025-12-06T07:39:17.689+0000][12405.474s][debug][safepoint   ] Safepoint synchronization initiated using futex wait barrier. (267 threads)
[2025-12-06T07:39:17.690+0000][12405.474s][info ][safepoint   ] Safepoint "Cleanup", Time since last: 94016857707 ns, Reaching safepoint: 356225 ns, Cleanup: 24396 ns, At safepoint: 7705 ns, Total: 388326 ns
[2025-12-06T07:39:25.691+0000][12413.476s][debug][safepoint   ] Safepoint synchronization initiated using futex wait barrier. (267 threads)
[2025-12-06T07:39:25.691+0000][12413.476s][info ][safepoint   ] Safepoint "Cleanup", Time since last: 8001472960 ns, Reaching safepoint: 113549 ns, Cleanup: 15730 ns, At safepoint: 5170 ns, Total: 134449 ns
[2025-12-06T07:39:33.693+0000][12421.477s][debug][safepoint   ] Safepoint synchronization initiated using futex wait barrier. (267 threads)
[2025-12-06T07:39:33.693+0000][12421.477s][info ][safepoint   ] Safepoint "Cleanup", Time since last: 8001464904 ns, Reaching safepoint: 190655 ns, Cleanup: 24367 ns, At safepoint: 6933 ns, Total: 221955 ns
[2025-12-06T07:40:13.625+0000][12461.414s][debug][safepoint   ] Safepoint synchronization initiated using futex wait barrier. (265 threads)
[2025-12-06T07:40:13.628+0000][12461.417s][info ][gc,start    ] GC(190) Pause Young (Concurrent Start) (G1 Evacuation Pause)
[2025-12-06T07:40:13.628+0000][12461.417s][info ][gc,task     ] GC(190) Using 13 workers of 13 for evacuation
[2025-12-06T07:40:13.753+0000][12461.542s][info ][gc,phases   ] GC(190)   Pre Evacuate Collection Set: 17.8ms
[2025-12-06T07:40:13.753+0000][12461.542s][info ][gc,phases   ] GC(190)   Merge Heap Roots: 2.0ms
[2025-12-06T07:40:13.753+0000][12461.542s][info ][gc,phases   ] GC(190)   Evacuate Collection Set: 84.4ms
[2025-12-06T07:40:13.753+0000][12461.542s][info ][gc,phases   ] GC(190)   Post Evacuate Collection Set: 16.9ms
[2025-12-06T07:40:13.753+0000][12461.542s][info ][gc,phases   ] GC(190)   Other: 6.7ms
[2025-12-06T07:40:13.753+0000][12461.542s][info ][gc,heap     ] GC(190) Eden regions: 317->0(316)
[2025-12-06T07:40:13.753+0000][12461.542s][info ][gc,heap     ] GC(190) Survivor regions: 1->2(40)
[2025-12-06T07:40:13.753+0000][12461.542s][info ][gc,heap     ] GC(190) Old regions: 149->149
[2025-12-06T07:40:13.753+0000][12461.542s][info ][gc,heap     ] GC(190) Archive regions: 2->2
[2025-12-06T07:40:13.753+0000][12461.542s][info ][gc,heap     ] GC(190) Humongous regions: 0->0
[2025-12-06T07:40:13.753+0000][12461.542s][info ][gc,metaspace] GC(190) Metaspace: 207472K(208896K)->207472K(208896K) NonClass: 182687K(183424K)->182687K(183424K) Class: 24784K(25472K)->24784K(25472K)
[2025-12-06T07:40:13.754+0000][12461.542s][info ][gc          ] GC(190) Pause Young (Concurrent Start) (G1 Evacuation Pause) 467M->150M(530M) 125.590ms
[2025-12-06T07:40:13.754+0000][12461.542s][info ][gc,cpu      ] GC(190) User=0.56s Sys=0.00s Real=0.13s
[2025-12-06T07:40:13.755+0000][12461.543s][info ][safepoint   ] Safepoint "G1CollectForAllocation", Time since last: 39936279191 ns, Reaching safepoint: 173142 ns, Cleanup: 9548 ns, At safepoint: 129073721 ns, Total: 129256411 ns
[2025-12-06T07:40:13.755+0000][12461.544s][info ][gc          ] GC(191) Concurrent Mark Cycle
[2025-12-06T07:40:13.756+0000][12461.544s][info ][gc,marking  ] GC(191) Concurrent Clear Claimed Marks
[2025-12-06T07:40:13.757+0000][12461.545s][info ][gc,marking  ] GC(191) Concurrent Clear Claimed Marks 1.209ms
[2025-12-06T07:40:13.757+0000][12461.545s][info ][gc,marking  ] GC(191) Concurrent Scan Root Regions
[2025-12-06T07:40:13.942+0000][12461.731s][info ][gc,marking  ] GC(191) Concurrent Scan Root Regions 185.610ms
[2025-12-06T07:40:13.942+0000][12461.731s][info ][gc,marking  ] GC(191) Concurrent Mark
[2025-12-06T07:40:13.942+0000][12461.731s][info ][gc,marking  ] GC(191) Concurrent Mark From Roots
[2025-12-06T07:40:13.943+0000][12461.731s][info ][gc,task     ] GC(191) Using 3 workers of 3 for marking
[2025-12-06T07:40:14.408+0000][12462.196s][info ][gc,marking  ] GC(191) Concurrent Mark From Roots 465.511ms
[2025-12-06T07:40:14.408+0000][12462.196s][info ][gc,marking  ] GC(191) Concurrent Preclean
[2025-12-06T07:40:14.409+0000][12462.197s][info ][gc,marking  ] GC(191) Concurrent Preclean 0.488ms
[2025-12-06T07:40:14.409+0000][12462.197s][debug][safepoint   ] Safepoint synchronization initiated using futex wait barrier. (265 threads)
[2025-12-06T07:40:14.409+0000][12462.197s][info ][gc,start    ] GC(191) Pause Remark
[2025-12-06T07:40:14.718+0000][12462.506s][info ][gc          ] GC(191) Pause Remark 156M->156M(530M) 309.101ms
[2025-12-06T07:40:14.718+0000][12462.507s][info ][gc,cpu      ] GC(191) User=3.97s Sys=0.00s Real=0.31s
[2025-12-06T07:40:14.720+0000][12462.508s][info ][safepoint   ] Safepoint "G1PauseRemark", Time since last: 654093983 ns, Reaching safepoint: 64153 ns, Cleanup: 35529 ns, At safepoint: 310860127 ns, Total: 310959809 ns
[2025-12-06T07:40:14.720+0000][12462.508s][info ][gc,marking  ] GC(191) Concurrent Mark 777.312ms
[2025-12-06T07:40:14.720+0000][12462.508s][info ][gc,marking  ] GC(191) Concurrent Rebuild Remembered Sets
[2025-12-06T07:40:14.784+0000][12462.573s][info ][gc,marking  ] GC(191) Concurrent Rebuild Remembered Sets 64.347ms
[2025-12-06T07:40:14.784+0000][12462.573s][debug][safepoint   ] Safepoint synchronization initiated using futex wait barrier. (265 threads)
[2025-12-06T07:40:14.785+0000][12462.573s][info ][gc,start    ] GC(191) Pause Cleanup
[2025-12-06T07:40:14.785+0000][12462.574s][info ][gc          ] GC(191) Pause Cleanup 156M->156M(530M) 0.541ms
[2025-12-06T07:40:14.785+0000][12462.574s][info ][gc,cpu      ] GC(191) User=0.00s Sys=0.00s Real=0.00s
[2025-12-06T07:40:14.785+0000][12462.574s][info ][safepoint   ] Safepoint "G1PauseCleanup", Time since last: 64733541 ns, Reaching safepoint: 79883 ns, Cleanup: 5581 ns, At safepoint: 717648 ns, Total: 803112 ns
[2025-12-06T07:40:14.785+0000][12462.574s][info ][gc,marking  ] GC(191) Concurrent Cleanup for Next Mark
[2025-12-06T07:40:14.801+0000][12462.590s][info ][gc,marking  ] GC(191) Concurrent Cleanup for Next Mark 16.211ms
[2025-12-06T07:40:14.802+0000][12462.590s][info ][gc          ] GC(191) Concurrent Mark Cycle 1046.350ms
[2025-12-06T07:41:06.789+0000][12514.582s][debug][safepoint   ] Safepoint synchronization initiated using futex wait barrier. (263 threads)
[2025-12-06T07:41:06.790+0000][12514.582s][info ][safepoint   ] Safepoint "Cleanup", Time since last: 52008106219 ns, Reaching safepoint: 146892 ns, Cleanup: 21802 ns, At safepoint: 4759 ns, Total: 173453 ns
[2025-12-06T07:42:48.835+0000][12616.633s][debug][safepoint   ] Safepoint synchronization initiated using futex wait barrier. (263 threads)
[2025-12-06T07:42:48.836+0000][12616.634s][info ][safepoint   ] Safepoint "Cleanup", Time since last: 102051311500 ns, Reaching safepoint: 859817 ns, Cleanup: 25609 ns, At safepoint: 8988 ns, Total: 894414 ns
[2025-12-06T07:43:44.914+0000][12672.715s][debug][safepoint   ] Safepoint synchronization initiated using futex wait barrier. (263 threads)
[2025-12-06T07:43:44.914+0000][12672.715s][info ][safepoint   ] Safepoint "Cleanup", Time since last: 56081176594 ns, Reaching safepoint: 233759 ns, Cleanup: 22463 ns, At safepoint: 5220 ns, Total: 261442 ns
[2025-12-06T07:44:36.592+0000][12724.397s][debug][safepoint   ] Safepoint synchronization initiated using futex wait barrier. (263 threads)
[2025-12-06T07:44:36.593+0000][12724.398s][info ][gc,start    ] GC(192) Pause Young (Prepare Mixed) (G1 Evacuation Pause)
[2025-12-06T07:44:36.593+0000][12724.398s][info ][gc,task     ] GC(192) Using 13 workers of 13 for evacuation
[2025-12-06T07:44:36.604+0000][12724.409s][info ][gc,phases   ] GC(192)   Pre Evacuate Collection Set: 1.0ms
[2025-12-06T07:44:36.604+0000][12724.409s][info ][gc,phases   ] GC(192)   Merge Heap Roots: 1.2ms
[2025-12-06T07:44:36.604+0000][12724.409s][info ][gc,phases   ] GC(192)   Evacuate Collection Set: 5.5ms
[2025-12-06T07:44:36.604+0000][12724.409s][info ][gc,phases   ] GC(192)   Post Evacuate Collection Set: 2.9ms
[2025-12-06T07:44:36.604+0000][12724.409s][info ][gc,phases   ] GC(192)   Other: 1.0ms
[2025-12-06T07:44:36.604+0000][12724.409s][info ][gc,heap     ] GC(192) Eden regions: 316->0(24)
[2025-12-06T07:44:36.604+0000][12724.409s][info ][gc,heap     ] GC(192) Survivor regions: 2->2(40)
[2025-12-06T07:44:36.604+0000][12724.409s][info ][gc,heap     ] GC(192) Old regions: 149->149
[2025-12-06T07:44:36.604+0000][12724.409s][info ][gc,heap     ] GC(192) Archive regions: 2->2
[2025-12-06T07:44:36.604+0000][12724.410s][info ][gc,heap     ] GC(192) Humongous regions: 0->0
[2025-12-06T07:44:36.604+0000][12724.410s][info ][gc,metaspace] GC(192) Metaspace: 207483K(208896K)->207483K(208896K) NonClass: 182698K(183424K)->182698K(183424K) Class: 24784K(25472K)->24784K(25472K)
[2025-12-06T07:44:36.604+0000][12724.410s][info ][gc          ] GC(192) Pause Young (Prepare Mixed) (G1 Evacuation Pause) 466M->150M(530M) 11.294ms
[2025-12-06T07:44:36.605+0000][12724.410s][info ][gc,cpu      ] GC(192) User=0.09s Sys=0.00s Real=0.02s
[2025-12-06T07:44:36.605+0000][12724.410s][info ][safepoint   ] Safepoint "G1CollectForAllocation", Time since last: 51681815982 ns, Reaching safepoint: 396752 ns, Cleanup: 11392 ns, At safepoint: 12218801 ns, Total: 12626945 ns
[2025-12-06T07:44:55.508+0000][12743.313s][debug][safepoint   ] Safepoint synchronization initiated using futex wait barrier. (265 threads)
[2025-12-06T07:44:55.508+0000][12743.313s][info ][gc,start    ] GC(193) Pause Young (Mixed) (G1 Evacuation Pause)
[2025-12-06T07:44:55.508+0000][12743.313s][info ][gc,task     ] GC(193) Using 13 workers of 13 for evacuation
[2025-12-06T07:44:55.590+0000][12743.395s][info ][gc,phases   ] GC(193)   Pre Evacuate Collection Set: 1.0ms
[2025-12-06T07:44:55.590+0000][12743.395s][info ][gc,phases   ] GC(193)   Merge Heap Roots: 1.1ms
[2025-12-06T07:44:55.590+0000][12743.395s][info ][gc,phases   ] GC(193)   Evacuate Collection Set: 74.5ms
[2025-12-06T07:44:55.590+0000][12743.395s][info ][gc,phases   ] GC(193)   Post Evacuate Collection Set: 5.1ms
[2025-12-06T07:44:55.590+0000][12743.395s][info ][gc,phases   ] GC(193)   Other: 0.2ms
[2025-12-06T07:44:55.590+0000][12743.395s][info ][gc,heap     ] GC(193) Eden regions: 24->0(316)
[2025-12-06T07:44:55.590+0000][12743.395s][info ][gc,heap     ] GC(193) Survivor regions: 2->2(4)
[2025-12-06T07:44:55.590+0000][12743.395s][info ][gc,heap     ] GC(193) Old regions: 149->148
[2025-12-06T07:44:55.590+0000][12743.395s][info ][gc,heap     ] GC(193) Archive regions: 2->2
[2025-12-06T07:44:55.590+0000][12743.395s][info ][gc,heap     ] GC(193) Humongous regions: 0->0
[2025-12-06T07:44:55.590+0000][12743.395s][info ][gc,metaspace] GC(193) Metaspace: 207483K(208896K)->207483K(208896K) NonClass: 182698K(183424K)->182698K(183424K) Class: 24784K(25472K)->24784K(25472K)
[2025-12-06T07:44:55.590+0000][12743.395s][info ][gc          ] GC(193) Pause Young (Mixed) (G1 Evacuation Pause) 174M->149M(530M) 82.069ms
[2025-12-06T07:44:55.590+0000][12743.395s][info ][gc,cpu      ] GC(193) User=0.90s Sys=0.00s Real=0.08s
[2025-12-06T07:44:55.592+0000][12743.397s][info ][safepoint   ] Safepoint "G1CollectForAllocation", Time since last: 18903093964 ns, Reaching safepoint: 207729 ns, Cleanup: 6382 ns, At safepoint: 83526691 ns, Total: 83740802 ns
[2025-12-06T07:49:21.391+0000][13009.213s][debug][safepoint   ] Safepoint synchronization initiated using futex wait barrier. (264 threads)
[2025-12-06T07:49:21.392+0000][13009.214s][info ][gc,start    ] GC(194) Pause Young (Concurrent Start) (G1 Evacuation Pause)
[2025-12-06T07:49:21.392+0000][13009.214s][info ][gc,task     ] GC(194) Using 13 workers of 13 for evacuation
[2025-12-06T07:49:21.401+0000][13009.223s][info ][gc,phases   ] GC(194)   Pre Evacuate Collection Set: 1.5ms
[2025-12-06T07:49:21.401+0000][13009.223s][info ][gc,phases   ] GC(194)   Merge Heap Roots: 0.5ms
[2025-12-06T07:49:21.401+0000][13009.223s][info ][gc,phases   ] GC(194)   Evacuate Collection Set: 4.1ms
[2025-12-06T07:49:21.401+0000][13009.223s][info ][gc,phases   ] GC(194)   Post Evacuate Collection Set: 1.9ms
[2025-12-06T07:49:21.401+0000][13009.223s][info ][gc,phases   ] GC(194)   Other: 1.1ms
[2025-12-06T07:49:21.401+0000][13009.223s][info ][gc,heap     ] GC(194) Eden regions: 316->0(316)
[2025-12-06T07:49:21.401+0000][13009.223s][info ][gc,heap     ] GC(194) Survivor regions: 2->2(40)
[2025-12-06T07:49:21.401+0000][13009.223s][info ][gc,heap     ] GC(194) Old regions: 148->148
[2025-12-06T07:49:21.401+0000][13009.223s][info ][gc,heap     ] GC(194) Archive regions: 2->2
[2025-12-06T07:49:21.401+0000][13009.223s][info ][gc,heap     ] GC(194) Humongous regions: 0->0
[2025-12-06T07:49:21.401+0000][13009.223s][info ][gc,metaspace] GC(194) Metaspace: 207483K(208896K)->207483K(208896K) NonClass: 182698K(183424K)->182698K(183424K) Class: 24784K(25472K)->24784K(25472K)
[2025-12-06T07:49:21.401+0000][13009.223s][info ][gc          ] GC(194) Pause Young (Concurrent Start) (G1 Evacuation Pause) 465M->149M(530M) 9.086ms
[2025-12-06T07:49:21.401+0000][13009.223s][info ][gc,cpu      ] GC(194) User=0.03s Sys=0.02s Real=0.01s
[2025-12-06T07:49:21.401+0000][13009.223s][info ][gc          ] GC(195) Concurrent Mark Cycle
[2025-12-06T07:49:21.401+0000][13009.223s][info ][gc,marking  ] GC(195) Concurrent Clear Claimed Marks
[2025-12-06T07:49:21.402+0000][13009.223s][info ][gc,marking  ] GC(195) Concurrent Clear Claimed Marks 0.138ms
[2025-12-06T07:49:21.402+0000][13009.223s][info ][gc,marking  ] GC(195) Concurrent Scan Root Regions
[2025-12-06T07:49:21.403+0000][13009.224s][info ][safepoint   ] Safepoint "G1CollectForAllocation", Time since last: 265815854466 ns, Reaching safepoint: 1017399 ns, Cleanup: 9499 ns, At safepoint: 10676638 ns, Total: 11703536 ns
[2025-12-06T07:49:21.409+0000][13009.231s][info ][gc,marking  ] GC(195) Concurrent Scan Root Regions 7.618ms
[2025-12-06T07:49:21.409+0000][13009.231s][info ][gc,marking  ] GC(195) Concurrent Mark
[2025-12-06T07:49:21.409+0000][13009.231s][info ][gc,marking  ] GC(195) Concurrent Mark From Roots
[2025-12-06T07:49:21.409+0000][13009.231s][info ][gc,task     ] GC(195) Using 3 workers of 3 for marking
[2025-12-06T07:49:21.518+0000][13009.340s][info ][gc,marking  ] GC(195) Concurrent Mark From Roots 108.954ms
[2025-12-06T07:49:21.518+0000][13009.340s][info ][gc,marking  ] GC(195) Concurrent Preclean
[2025-12-06T07:49:21.519+0000][13009.341s][info ][gc,marking  ] GC(195) Concurrent Preclean 0.554ms
[2025-12-06T07:49:21.519+0000][13009.341s][debug][safepoint   ] Safepoint synchronization initiated using futex wait barrier. (264 threads)
[2025-12-06T07:49:21.519+0000][13009.341s][info ][gc,start    ] GC(195) Pause Remark
[2025-12-06T07:49:21.545+0000][13009.367s][info ][gc          ] GC(195) Pause Remark 156M->156M(530M) 26.043ms
[2025-12-06T07:49:21.545+0000][13009.367s][info ][gc,cpu      ] GC(195) User=0.29s Sys=0.00s Real=0.02s
[2025-12-06T07:49:21.546+0000][13009.368s][info ][safepoint   ] Safepoint "G1PauseRemark", Time since last: 116452374 ns, Reaching safepoint: 56138 ns, Cleanup: 27513 ns, At safepoint: 27269808 ns, Total: 27353459 ns
[2025-12-06T07:49:21.546+0000][13009.368s][info ][gc,marking  ] GC(195) Concurrent Mark 137.246ms
[2025-12-06T07:49:21.546+0000][13009.368s][info ][gc,marking  ] GC(195) Concurrent Rebuild Remembered Sets
[2025-12-06T07:49:21.591+0000][13009.413s][info ][gc,marking  ] GC(195) Concurrent Rebuild Remembered Sets 44.675ms
[2025-12-06T07:49:21.591+0000][13009.413s][debug][safepoint   ] Safepoint synchronization initiated using futex wait barrier. (264 threads)
[2025-12-06T07:49:21.592+0000][13009.413s][info ][gc,start    ] GC(195) Pause Cleanup
[2025-12-06T07:49:21.592+0000][13009.414s][info ][gc          ] GC(195) Pause Cleanup 156M->156M(530M) 0.420ms
[2025-12-06T07:49:21.592+0000][13009.414s][info ][gc,cpu      ] GC(195) User=0.00s Sys=0.00s Real=0.00s
[2025-12-06T07:49:21.592+0000][13009.414s][info ][safepoint   ] Safepoint "G1PauseCleanup", Time since last: 45062879 ns, Reaching safepoint: 42532 ns, Cleanup: 3406 ns, At safepoint: 525861 ns, Total: 571799 ns
[2025-12-06T07:49:21.592+0000][13009.414s][info ][gc,marking  ] GC(195) Concurrent Cleanup for Next Mark
[2025-12-06T07:49:21.603+0000][13009.424s][info ][gc,marking  ] GC(195) Concurrent Cleanup for Next Mark 10.561ms
[2025-12-06T07:49:21.603+0000][13009.424s][info ][gc          ] GC(195) Concurrent Mark Cycle 201.294ms
[2025-12-06T07:49:28.593+0000][13016.415s][debug][safepoint   ] Safepoint synchronization initiated using futex wait barrier. (264 threads)
[2025-12-06T07:49:28.593+0000][13016.415s][info ][safepoint   ] Safepoint "Cleanup", Time since last: 7001046329 ns, Reaching safepoint: 135441 ns, Cleanup: 13796 ns, At safepoint: 6402 ns, Total: 155639 ns
[2025-12-06T07:53:44.482+0000][13272.324s][debug][safepoint   ] Safepoint synchronization initiated using futex wait barrier. (263 threads)
[2025-12-06T07:53:44.484+0000][13272.325s][info ][gc,start    ] GC(196) Pause Young (Prepare Mixed) (G1 Evacuation Pause)
[2025-12-06T07:53:44.484+0000][13272.325s][info ][gc,task     ] GC(196) Using 13 workers of 13 for evacuation
[2025-12-06T07:53:44.497+0000][13272.338s][info ][gc,phases   ] GC(196)   Pre Evacuate Collection Set: 0.9ms
[2025-12-06T07:53:44.497+0000][13272.338s][info ][gc,phases   ] GC(196)   Merge Heap Roots: 0.6ms
[2025-12-06T07:53:44.497+0000][13272.338s][info ][gc,phases   ] GC(196)   Evacuate Collection Set: 4.9ms
[2025-12-06T07:53:44.497+0000][13272.338s][info ][gc,phases   ] GC(196)   Post Evacuate Collection Set: 6.3ms
[2025-12-06T07:53:44.497+0000][13272.338s][info ][gc,phases   ] GC(196)   Other: 0.8ms
[2025-12-06T07:53:44.497+0000][13272.338s][info ][gc,heap     ] GC(196) Eden regions: 316->0(25)
[2025-12-06T07:53:44.497+0000][13272.338s][info ][gc,heap     ] GC(196) Survivor regions: 2->1(40)
[2025-12-06T07:53:44.497+0000][13272.338s][info ][gc,heap     ] GC(196) Old regions: 148->149
[2025-12-06T07:53:44.497+0000][13272.339s][info ][gc,heap     ] GC(196) Archive regions: 2->2
[2025-12-06T07:53:44.497+0000][13272.339s][info ][gc,heap     ] GC(196) Humongous regions: 0->0
[2025-12-06T07:53:44.497+0000][13272.339s][info ][gc,metaspace] GC(196) Metaspace: 207485K(208896K)->207485K(208896K) NonClass: 182700K(183424K)->182700K(183424K) Class: 24784K(25472K)->24784K(25472K)
[2025-12-06T07:53:44.497+0000][13272.339s][info ][gc          ] GC(196) Pause Young (Prepare Mixed) (G1 Evacuation Pause) 465M->149M(530M) 13.388ms
[2025-12-06T07:53:44.497+0000][13272.339s][info ][gc,cpu      ] GC(196) User=0.11s Sys=0.01s Real=0.01s
[2025-12-06T07:53:44.497+0000][13272.339s][info ][safepoint   ] Safepoint "G1CollectForAllocation", Time since last: 255908603177 ns, Reaching safepoint: 1227538 ns, Cleanup: 6323 ns, At safepoint: 14074663 ns, Total: 15308524 ns
[2025-12-06T07:53:52.825+0000][13280.667s][debug][safepoint   ] Safepoint synchronization initiated using futex wait barrier. (263 threads)
[2025-12-06T07:53:52.856+0000][13280.698s][info ][safepoint   ] Safepoint "G1CollectForAllocation", Time since last: 8327978539 ns, Reaching safepoint: 29089668 ns, Cleanup: 68433 ns, At safepoint: 1482384 ns, Total: 30640485 ns
[2025-12-06T07:53:52.856+0000][13280.698s][debug][safepoint   ] Safepoint synchronization initiated using futex wait barrier. (263 threads)
[2025-12-06T07:53:52.856+0000][13280.698s][info ][gc,start    ] GC(197) Pause Young (Mixed) (GCLocker Initiated GC)
[2025-12-06T07:53:52.856+0000][13280.698s][info ][gc,task     ] GC(197) Using 13 workers of 13 for evacuation
[2025-12-06T07:53:52.881+0000][13280.723s][info ][gc,phases   ] GC(197)   Pre Evacuate Collection Set: 0.4ms
[2025-12-06T07:53:52.881+0000][13280.723s][info ][gc,phases   ] GC(197)   Merge Heap Roots: 0.7ms
[2025-12-06T07:53:52.881+0000][13280.723s][info ][gc,phases   ] GC(197)   Evacuate Collection Set: 21.8ms
[2025-12-06T07:53:52.881+0000][13280.723s][info ][gc,phases   ] GC(197)   Post Evacuate Collection Set: 2.1ms
[2025-12-06T07:53:52.881+0000][13280.723s][info ][gc,phases   ] GC(197)   Other: 0.2ms
[2025-12-06T07:53:52.881+0000][13280.723s][info ][gc,heap     ] GC(197) Eden regions: 25->0(316)
[2025-12-06T07:53:52.881+0000][13280.723s][info ][gc,heap     ] GC(197) Survivor regions: 1->2(4)
[2025-12-06T07:53:52.881+0000][13280.723s][info ][gc,heap     ] GC(197) Old regions: 149->148
[2025-12-06T07:53:52.881+0000][13280.723s][info ][gc,heap     ] GC(197) Archive regions: 2->2
[2025-12-06T07:53:52.881+0000][13280.723s][info ][gc,heap     ] GC(197) Humongous regions: 4->4
[2025-12-06T07:53:52.882+0000][13280.723s][info ][gc,metaspace] GC(197) Metaspace: 207492K(208896K)->207492K(208896K) NonClass: 182707K(183424K)->182707K(183424K) Class: 24784K(25472K)->24784K(25472K)
[2025-12-06T07:53:52.882+0000][13280.723s][info ][gc          ] GC(197) Pause Young (Mixed) (GCLocker Initiated GC) 178M->153M(530M) 25.231ms
[2025-12-06T07:53:52.882+0000][13280.723s][info ][gc,cpu      ] GC(197) User=0.24s Sys=0.00s Real=0.03s
[2025-12-06T07:53:52.883+0000][13280.724s][info ][safepoint   ] Safepoint "G1CollectForAllocation", Time since last: 308350 ns, Reaching safepoint: 153949 ns, Cleanup: 3617 ns, At safepoint: 26248741 ns, Total: 26406307 ns
[2025-12-06T07:53:52.885+0000][13280.727s][debug][safepoint   ] Safepoint synchronization initiated using futex wait barrier. (263 threads)
[2025-12-06T07:53:52.885+0000][13280.727s][debug][safepoint   ] ... found polling page loop exception at pc = 0x000074aabdbf91aa, stub =0x000074aabca04400
[2025-12-06T07:53:52.885+0000][13280.727s][info ][safepoint   ] Safepoint "G1TryInitiateConcMark", Time since last: 2583846 ns, Reaching safepoint: 193767 ns, Cleanup: 5260 ns, At safepoint: 124542 ns, Total: 323569 ns
[2025-12-06T07:53:52.886+0000][13280.727s][debug][safepoint   ] Safepoint synchronization initiated using futex wait barrier. (263 threads)
[2025-12-06T07:53:52.886+0000][13280.727s][debug][safepoint   ] ... found polling page loop exception at pc = 0x000074aabd97b825, stub =0x000074aabca04400
[2025-12-06T07:53:52.886+0000][13280.728s][info ][gc,start    ] GC(198) Pause Young (Concurrent Start) (G1 Humongous Allocation)
[2025-12-06T07:53:52.886+0000][13280.728s][info ][gc,task     ] GC(198) Using 13 workers of 13 for evacuation
[2025-12-06T07:53:52.892+0000][13280.734s][info ][gc,phases   ] GC(198)   Pre Evacuate Collection Set: 0.7ms
[2025-12-06T07:53:52.892+0000][13280.734s][info ][gc,phases   ] GC(198)   Merge Heap Roots: 0.3ms
[2025-12-06T07:53:52.892+0000][13280.734s][info ][gc,phases   ] GC(198)   Evacuate Collection Set: 3.1ms
[2025-12-06T07:53:52.892+0000][13280.734s][info ][gc,phases   ] GC(198)   Post Evacuate Collection Set: 1.3ms
[2025-12-06T07:53:52.892+0000][13280.734s][info ][gc,phases   ] GC(198)   Other: 0.3ms
[2025-12-06T07:53:52.892+0000][13280.734s][info ][gc,heap     ] GC(198) Eden regions: 5->0(316)
[2025-12-06T07:53:52.892+0000][13280.734s][info ][gc,heap     ] GC(198) Survivor regions: 2->2(40)
[2025-12-06T07:53:52.892+0000][13280.734s][info ][gc,heap     ] GC(198) Old regions: 148->148
[2025-12-06T07:53:52.892+0000][13280.734s][info ][gc,heap     ] GC(198) Archive regions: 2->2
[2025-12-06T07:53:52.892+0000][13280.734s][info ][gc,heap     ] GC(198) Humongous regions: 4->4
[2025-12-06T07:53:52.892+0000][13280.734s][info ][gc,metaspace] GC(198) Metaspace: 207492K(208896K)->207492K(208896K) NonClass: 182707K(183424K)->182707K(183424K) Class: 24784K(25472K)->24784K(25472K)
[2025-12-06T07:53:52.892+0000][13280.734s][info ][gc          ] GC(198) Pause Young (Concurrent Start) (G1 Humongous Allocation) 158M->153M(530M) 5.701ms
[2025-12-06T07:53:52.892+0000][13280.734s][info ][gc,cpu      ] GC(198) User=0.02s Sys=0.01s Real=0.01s
[2025-12-06T07:53:52.892+0000][13280.734s][info ][gc          ] GC(199) Concurrent Mark Cycle
[2025-12-06T07:53:52.892+0000][13280.734s][info ][gc,marking  ] GC(199) Concurrent Clear Claimed Marks
[2025-12-06T07:53:52.892+0000][13280.734s][info ][safepoint   ] Safepoint "G1TryInitiateConcMark", Time since last: 146966 ns, Reaching safepoint: 567379 ns, Cleanup: 4168 ns, At safepoint: 5961952 ns, Total: 6533499 ns
[2025-12-06T07:53:52.892+0000][13280.734s][info ][gc,marking  ] GC(199) Concurrent Clear Claimed Marks 0.239ms
[2025-12-06T07:53:52.892+0000][13280.734s][info ][gc,marking  ] GC(199) Concurrent Scan Root Regions
[2025-12-06T07:53:52.902+0000][13280.744s][info ][gc,marking  ] GC(199) Concurrent Scan Root Regions 9.761ms
[2025-12-06T07:53:52.902+0000][13280.744s][info ][gc,marking  ] GC(199) Concurrent Mark
[2025-12-06T07:53:52.902+0000][13280.744s][info ][gc,marking  ] GC(199) Concurrent Mark From Roots
[2025-12-06T07:53:52.902+0000][13280.744s][info ][gc,task     ] GC(199) Using 3 workers of 3 for marking
[2025-12-06T07:53:53.011+0000][13280.853s][info ][gc,marking  ] GC(199) Concurrent Mark From Roots 108.680ms
[2025-12-06T07:53:53.011+0000][13280.853s][info ][gc,marking  ] GC(199) Concurrent Preclean
[2025-12-06T07:53:53.011+0000][13280.853s][info ][gc,marking  ] GC(199) Concurrent Preclean 0.555ms
[2025-12-06T07:53:53.012+0000][13280.853s][debug][safepoint   ] Safepoint synchronization initiated using futex wait barrier. (263 threads)
[2025-12-06T07:53:53.012+0000][13280.853s][info ][gc,start    ] GC(199) Pause Remark
[2025-12-06T07:53:53.036+0000][13280.878s][info ][gc          ] GC(199) Pause Remark 165M->165M(530M) 24.231ms
[2025-12-06T07:53:53.036+0000][13280.878s][info ][gc,cpu      ] GC(199) User=0.28s Sys=0.00s Real=0.02s
[2025-12-06T07:53:53.037+0000][13280.879s][info ][safepoint   ] Safepoint "G1PauseRemark", Time since last: 119467231 ns, Reaching safepoint: 45728 ns, Cleanup: 4660 ns, At safepoint: 25631771 ns, Total: 25682159 ns
[2025-12-06T07:53:53.037+0000][13280.879s][info ][gc,marking  ] GC(199) Concurrent Mark 135.178ms
[2025-12-06T07:53:53.037+0000][13280.879s][info ][gc,marking  ] GC(199) Concurrent Rebuild Remembered Sets
[2025-12-06T07:53:53.090+0000][13280.932s][info ][gc,marking  ] GC(199) Concurrent Rebuild Remembered Sets 53.041ms
[2025-12-06T07:53:53.091+0000][13280.932s][debug][safepoint   ] Safepoint synchronization initiated using futex wait barrier. (263 threads)
[2025-12-06T07:53:53.091+0000][13280.932s][info ][gc,start    ] GC(199) Pause Cleanup
[2025-12-06T07:53:53.091+0000][13280.933s][info ][gc          ] GC(199) Pause Cleanup 167M->167M(530M) 0.564ms
[2025-12-06T07:53:53.091+0000][13280.933s][info ][gc,cpu      ] GC(199) User=0.00s Sys=0.00s Real=0.00s
[2025-12-06T07:53:53.091+0000][13280.933s][info ][safepoint   ] Safepoint "G1PauseCleanup", Time since last: 53286368 ns, Reaching safepoint: 43084 ns, Cleanup: 12694 ns, At safepoint: 718678 ns, Total: 774456 ns
[2025-12-06T07:53:53.091+0000][13280.933s][info ][gc,marking  ] GC(199) Concurrent Cleanup for Next Mark
[2025-12-06T07:53:53.094+0000][13280.936s][info ][gc,marking  ] GC(199) Concurrent Cleanup for Next Mark 2.922ms
[2025-12-06T07:53:53.094+0000][13280.936s][info ][gc          ] GC(199) Concurrent Mark Cycle 202.285ms
[2025-12-06T07:53:55.092+0000][13282.933s][debug][safepoint   ] Safepoint synchronization initiated using futex wait barrier. (264 threads)
[2025-12-06T07:53:55.092+0000][13282.934s][info ][safepoint   ] Safepoint "Cleanup", Time since last: 2000339283 ns, Reaching safepoint: 110605 ns, Cleanup: 57262 ns, At safepoint: 7434 ns, Total: 175301 ns
[2025-12-06T07:53:56.994+0000][13284.836s][debug][safepoint   ] Safepoint synchronization initiated using futex wait barrier. (264 threads)
[2025-12-06T07:53:56.995+0000][13284.836s][info ][safepoint   ] Safepoint "Cleanup", Time since last: 1902532322 ns, Reaching safepoint: 160422 ns, Cleanup: 65988 ns, At safepoint: 4208 ns, Total: 230618 ns
[2025-12-06T07:53:57.995+0000][13285.836s][debug][safepoint   ] Safepoint synchronization initiated using futex wait barrier. (264 threads)
[2025-12-06T07:53:57.995+0000][13285.837s][info ][safepoint   ] Safepoint "Cleanup", Time since last: 1000187164 ns, Reaching safepoint: 128470 ns, Cleanup: 39927 ns, At safepoint: 4639 ns, Total: 173036 ns
[2025-12-06T07:53:58.995+0000][13286.837s][debug][safepoint   ] Safepoint synchronization initiated using futex wait barrier. (267 threads)
[2025-12-06T07:53:58.995+0000][13286.837s][info ][safepoint   ] Safepoint "Cleanup", Time since last: 1000176198 ns, Reaching safepoint: 88872 ns, Cleanup: 63514 ns, At safepoint: 5490 ns, Total: 157876 ns
[2025-12-06T07:53:59.995+0000][13287.837s][debug][safepoint   ] Safepoint synchronization initiated using futex wait barrier. (280 threads)
[2025-12-06T07:53:59.995+0000][13287.837s][info ][safepoint   ] Safepoint "Cleanup", Time since last: 1000129905 ns, Reaching safepoint: 78653 ns, Cleanup: 14128 ns, At safepoint: 4017 ns, Total: 96798 ns
[2025-12-06T07:54:03.996+0000][13291.838s][debug][safepoint   ] Safepoint synchronization initiated using futex wait barrier. (281 threads)
[2025-12-06T07:54:03.996+0000][13291.838s][info ][safepoint   ] Safepoint "Cleanup", Time since last: 4000564172 ns, Reaching safepoint: 107066 ns, Cleanup: 19858 ns, At safepoint: 4649 ns, Total: 131573 ns
[2025-12-06T07:54:04.994+0000][13292.838s][debug][safepoint   ] Safepoint synchronization initiated using futex wait barrier. (282 threads)
[2025-12-06T07:54:04.994+0000][13292.838s][info ][safepoint   ] Safepoint "Cleanup", Time since last: 1000178331 ns, Reaching safepoint: 156431 ns, Cleanup: 33705 ns, At safepoint: 4679 ns, Total: 194815 ns
[2025-12-06T07:54:05.994+0000][13293.838s][debug][safepoint   ] Safepoint synchronization initiated using futex wait barrier. (282 threads)
[2025-12-06T07:54:05.994+0000][13293.839s][info ][safepoint   ] Safepoint "Cleanup", Time since last: 1000167933 ns, Reaching safepoint: 157934 ns, Cleanup: 20449 ns, At safepoint: 69524 ns, Total: 247907 ns
[2025-12-06T07:54:43.818+0000][13331.665s][debug][safepoint   ] Safepoint synchronization initiated using futex wait barrier. (280 threads)
[2025-12-06T07:54:43.818+0000][13331.665s][info ][safepoint   ] Safepoint "Cleanup", Time since last: 37826114610 ns, Reaching safepoint: 119533 ns, Cleanup: 56931 ns, At safepoint: 53734 ns, Total: 230198 ns
[2025-12-06T07:54:44.819+0000][13332.665s][debug][safepoint   ] Safepoint synchronization initiated using futex wait barrier. (280 threads)
[2025-12-06T07:54:44.819+0000][13332.665s][info ][safepoint   ] Safepoint "Cleanup", Time since last: 1000117548 ns, Reaching safepoint: 71389 ns, Cleanup: 36010 ns, At safepoint: 3537 ns, Total: 110936 ns
[2025-12-06T07:55:07.820+0000][13355.669s][debug][safepoint   ] Safepoint synchronization initiated using futex wait barrier. (278 threads)
[2025-12-06T07:55:07.820+0000][13355.669s][info ][safepoint   ] Safepoint "Cleanup", Time since last: 23003802470 ns, Reaching safepoint: 127306 ns, Cleanup: 19658 ns, At safepoint: 4138 ns, Total: 151102 ns
[2025-12-06T07:56:51.770+0000][13459.626s][debug][safepoint   ] Safepoint synchronization initiated using futex wait barrier. (276 threads)
[2025-12-06T07:56:51.770+0000][13459.626s][info ][gc,start    ] GC(200) Pause Young (Prepare Mixed) (G1 Evacuation Pause)
[2025-12-06T07:56:51.770+0000][13459.626s][info ][gc,task     ] GC(200) Using 13 workers of 13 for evacuation
[2025-12-06T07:56:51.779+0000][13459.635s][info ][gc,phases   ] GC(200)   Pre Evacuate Collection Set: 0.5ms
[2025-12-06T07:56:51.779+0000][13459.635s][info ][gc,phases   ] GC(200)   Merge Heap Roots: 0.3ms
[2025-12-06T07:56:51.779+0000][13459.635s][info ][gc,phases   ] GC(200)   Evacuate Collection Set: 5.8ms
[2025-12-06T07:56:51.779+0000][13459.635s][info ][gc,phases   ] GC(200)   Post Evacuate Collection Set: 2.0ms
[2025-12-06T07:56:51.779+0000][13459.635s][info ][gc,phases   ] GC(200)   Other: 0.5ms
[2025-12-06T07:56:51.779+0000][13459.635s][info ][gc,heap     ] GC(200) Eden regions: 316->0(23)
[2025-12-06T07:56:51.780+0000][13459.635s][info ][gc,heap     ] GC(200) Survivor regions: 2->3(40)
[2025-12-06T07:56:51.780+0000][13459.635s][info ][gc,heap     ] GC(200) Old regions: 148->148
[2025-12-06T07:56:51.780+0000][13459.635s][info ][gc,heap     ] GC(200) Archive regions: 2->2
[2025-12-06T07:56:51.780+0000][13459.635s][info ][gc,heap     ] GC(200) Humongous regions: 17->0
[2025-12-06T07:56:51.780+0000][13459.635s][info ][gc,metaspace] GC(200) Metaspace: 207532K(208960K)->207532K(208960K) NonClass: 182747K(183488K)->182747K(183488K) Class: 24785K(25472K)->24785K(25472K)
[2025-12-06T07:56:51.780+0000][13459.635s][info ][gc          ] GC(200) Pause Young (Prepare Mixed) (G1 Evacuation Pause) 482M->150M(530M) 9.255ms
[2025-12-06T07:56:51.780+0000][13459.636s][info ][gc,cpu      ] GC(200) User=0.06s Sys=0.01s Real=0.01s
[2025-12-06T07:56:51.780+0000][13459.636s][info ][safepoint   ] Safepoint "G1CollectForAllocation", Time since last: 103956496157 ns, Reaching safepoint: 215107 ns, Cleanup: 8827 ns, At safepoint: 9737834 ns, Total: 9961768 ns
[2025-12-06T07:57:09.267+0000][13477.126s][debug][safepoint   ] Safepoint synchronization initiated using futex wait barrier. (276 threads)
[2025-12-06T07:57:09.268+0000][13477.126s][info ][gc,start    ] GC(201) Pause Young (Mixed) (G1 Evacuation Pause)
[2025-12-06T07:57:09.268+0000][13477.126s][info ][gc,task     ] GC(201) Using 13 workers of 13 for evacuation
[2025-12-06T07:57:09.293+0000][13477.152s][info ][gc,phases   ] GC(201)   Pre Evacuate Collection Set: 0.6ms
[2025-12-06T07:57:09.293+0000][13477.152s][info ][gc,phases   ] GC(201)   Merge Heap Roots: 0.3ms
[2025-12-06T07:57:09.293+0000][13477.152s][info ][gc,phases   ] GC(201)   Evacuate Collection Set: 21.5ms
[2025-12-06T07:57:09.293+0000][13477.152s][info ][gc,phases   ] GC(201)   Post Evacuate Collection Set: 2.9ms
[2025-12-06T07:57:09.293+0000][13477.152s][info ][gc,phases   ] GC(201)   Other: 0.3ms
[2025-12-06T07:57:09.293+0000][13477.152s][info ][gc,heap     ] GC(201) Eden regions: 23->0(316)
[2025-12-06T07:57:09.293+0000][13477.152s][info ][gc,heap     ] GC(201) Survivor regions: 3->2(4)
[2025-12-06T07:57:09.293+0000][13477.152s][info ][gc,heap     ] GC(201) Old regions: 148->148
[2025-12-06T07:57:09.293+0000][13477.152s][info ][gc,heap     ] GC(201) Archive regions: 2->2
[2025-12-06T07:57:09.293+0000][13477.152s][info ][gc,heap     ] GC(201) Humongous regions: 0->0
[2025-12-06T07:57:09.293+0000][13477.152s][info ][gc,metaspace] GC(201) Metaspace: 207533K(208960K)->207533K(208960K) NonClass: 182747K(183488K)->182747K(183488K) Class: 24786K(25472K)->24786K(25472K)
[2025-12-06T07:57:09.293+0000][13477.152s][info ][gc          ] GC(201) Pause Young (Mixed) (G1 Evacuation Pause) 173M->149M(530M) 25.651ms
[2025-12-06T07:57:09.293+0000][13477.152s][info ][gc,cpu      ] GC(201) User=0.24s Sys=0.02s Real=0.03s
[2025-12-06T07:57:09.295+0000][13477.153s][info ][safepoint   ] Safepoint "G1CollectForAllocation", Time since last: 17490257040 ns, Reaching safepoint: 153387 ns, Cleanup: 8236 ns, At safepoint: 27177427 ns, Total: 27339050 ns
[2025-12-06T08:01:34.735+0000][13742.613s][debug][safepoint   ] Safepoint synchronization initiated using futex wait barrier. (271 threads)
[2025-12-06T08:01:34.735+0000][13742.614s][info ][gc,start    ] GC(202) Pause Young (Concurrent Start) (G1 Evacuation Pause)
[2025-12-06T08:01:34.735+0000][13742.614s][info ][gc,task     ] GC(202) Using 13 workers of 13 for evacuation
[2025-12-06T08:01:34.741+0000][13742.619s][info ][gc,phases   ] GC(202)   Pre Evacuate Collection Set: 0.6ms
[2025-12-06T08:01:34.741+0000][13742.619s][info ][gc,phases   ] GC(202)   Merge Heap Roots: 0.3ms
[2025-12-06T08:01:34.741+0000][13742.619s][info ][gc,phases   ] GC(202)   Evacuate Collection Set: 2.6ms
[2025-12-06T08:01:34.741+0000][13742.619s][info ][gc,phases   ] GC(202)   Post Evacuate Collection Set: 1.9ms
[2025-12-06T08:01:34.741+0000][13742.619s][info ][gc,phases   ] GC(202)   Other: 0.3ms
[2025-12-06T08:01:34.741+0000][13742.619s][info ][gc,heap     ] GC(202) Eden regions: 316->0(316)
[2025-12-06T08:01:34.741+0000][13742.619s][info ][gc,heap     ] GC(202) Survivor regions: 2->2(40)
[2025-12-06T08:01:34.741+0000][13742.619s][info ][gc,heap     ] GC(202) Old regions: 148->148
[2025-12-06T08:01:34.741+0000][13742.619s][info ][gc,heap     ] GC(202) Archive regions: 2->2
[2025-12-06T08:01:34.741+0000][13742.619s][info ][gc,heap     ] GC(202) Humongous regions: 0->0
[2025-12-06T08:01:34.741+0000][13742.619s][info ][gc,metaspace] GC(202) Metaspace: 207534K(208960K)->207534K(208960K) NonClass: 182748K(183488K)->182748K(183488K) Class: 24786K(25472K)->24786K(25472K)
[2025-12-06T08:01:34.741+0000][13742.619s][info ][gc          ] GC(202) Pause Young (Concurrent Start) (G1 Evacuation Pause) 465M->149M(530M) 5.773ms
[2025-12-06T08:01:34.741+0000][13742.619s][info ][gc,cpu      ] GC(202) User=0.02s Sys=0.00s Real=0.00s
[2025-12-06T08:01:34.741+0000][13742.619s][info ][gc          ] GC(203) Concurrent Mark Cycle
[2025-12-06T08:01:34.741+0000][13742.620s][info ][gc,marking  ] GC(203) Concurrent Clear Claimed Marks
[2025-12-06T08:01:34.741+0000][13742.620s][info ][gc,marking  ] GC(203) Concurrent Clear Claimed Marks 0.069ms
[2025-12-06T08:01:34.741+0000][13742.620s][info ][gc,marking  ] GC(203) Concurrent Scan Root Regions
[2025-12-06T08:01:34.742+0000][13742.620s][info ][safepoint   ] Safepoint "G1CollectForAllocation", Time since last: 265460046232 ns, Reaching safepoint: 110012 ns, Cleanup: 6453 ns, At safepoint: 6530097 ns, Total: 6646562 ns
[2025-12-06T08:01:34.744+0000][13742.623s][info ][gc,marking  ] GC(203) Concurrent Scan Root Regions 3.001ms
[2025-12-06T08:01:34.744+0000][13742.623s][info ][gc,marking  ] GC(203) Concurrent Mark
[2025-12-06T08:01:34.744+0000][13742.623s][info ][gc,marking  ] GC(203) Concurrent Mark From Roots
[2025-12-06T08:01:34.745+0000][13742.623s][info ][gc,task     ] GC(203) Using 3 workers of 3 for marking
[2025-12-06T08:01:34.820+0000][13742.698s][info ][gc,marking  ] GC(203) Concurrent Mark From Roots 75.779ms
[2025-12-06T08:01:34.820+0000][13742.698s][info ][gc,marking  ] GC(203) Concurrent Preclean
[2025-12-06T08:01:34.821+0000][13742.699s][info ][gc,marking  ] GC(203) Concurrent Preclean 0.354ms
[2025-12-06T08:01:34.821+0000][13742.699s][debug][safepoint   ] Safepoint synchronization initiated using futex wait barrier. (271 threads)
[2025-12-06T08:01:34.821+0000][13742.699s][info ][gc,start    ] GC(203) Pause Remark
[2025-12-06T08:01:34.833+0000][13742.711s][info ][gc          ] GC(203) Pause Remark 155M->155M(527M) 11.892ms
[2025-12-06T08:01:34.833+0000][13742.711s][info ][gc,cpu      ] GC(203) User=0.08s Sys=0.00s Real=0.02s
[2025-12-06T08:01:34.833+0000][13742.711s][info ][safepoint   ] Safepoint "G1PauseRemark", Time since last: 78957380 ns, Reaching safepoint: 49766 ns, Cleanup: 4789 ns, At safepoint: 12260840 ns, Total: 12315395 ns
[2025-12-06T08:01:34.833+0000][13742.711s][info ][gc,marking  ] GC(203) Concurrent Mark 88.681ms
[2025-12-06T08:01:34.833+0000][13742.711s][info ][gc,marking  ] GC(203) Concurrent Rebuild Remembered Sets
[2025-12-06T08:01:34.878+0000][13742.756s][info ][gc,marking  ] GC(203) Concurrent Rebuild Remembered Sets 44.533ms
[2025-12-06T08:01:34.878+0000][13742.756s][debug][safepoint   ] Safepoint synchronization initiated using futex wait barrier. (271 threads)
[2025-12-06T08:01:34.878+0000][13742.756s][info ][gc,start    ] GC(203) Pause Cleanup
[2025-12-06T08:01:34.878+0000][13742.756s][info ][gc          ] GC(203) Pause Cleanup 155M->155M(527M) 0.357ms
[2025-12-06T08:01:34.878+0000][13742.756s][info ][gc,cpu      ] GC(203) User=0.00s Sys=0.00s Real=0.00s
[2025-12-06T08:01:34.878+0000][13742.757s][info ][safepoint   ] Safepoint "G1PauseCleanup", Time since last: 44718395 ns, Reaching safepoint: 38674 ns, Cleanup: 27724 ns, At safepoint: 619846 ns, Total: 686244 ns
[2025-12-06T08:01:34.879+0000][13742.757s][info ][gc,marking  ] GC(203) Concurrent Cleanup for Next Mark
[2025-12-06T08:01:34.883+0000][13742.762s][info ][gc,marking  ] GC(203) Concurrent Cleanup for Next Mark 4.775ms
[2025-12-06T08:01:34.883+0000][13742.762s][info ][gc          ] GC(203) Concurrent Mark Cycle 142.087ms
[2025-12-06T08:05:59.160+0000][14007.056s][debug][safepoint   ] Safepoint synchronization initiated using futex wait barrier. (267 threads)
[2025-12-06T08:05:59.161+0000][14007.056s][info ][gc,start    ] GC(204) Pause Young (Prepare Mixed) (G1 Evacuation Pause)
[2025-12-06T08:05:59.161+0000][14007.056s][info ][gc,task     ] GC(204) Using 13 workers of 13 for evacuation
[2025-12-06T08:05:59.175+0000][14007.070s][info ][gc,phases   ] GC(204)   Pre Evacuate Collection Set: 0.7ms
[2025-12-06T08:05:59.175+0000][14007.070s][info ][gc,phases   ] GC(204)   Merge Heap Roots: 1.2ms
[2025-12-06T08:05:59.175+0000][14007.070s][info ][gc,phases   ] GC(204)   Evacuate Collection Set: 8.7ms
[2025-12-06T08:05:59.175+0000][14007.070s][info ][gc,phases   ] GC(204)   Post Evacuate Collection Set: 3.2ms
[2025-12-06T08:05:59.175+0000][14007.070s][info ][gc,phases   ] GC(204)   Other: 0.3ms
[2025-12-06T08:05:59.175+0000][14007.070s][info ][gc,heap     ] GC(204) Eden regions: 314->0(24)
[2025-12-06T08:05:59.175+0000][14007.070s][info ][gc,heap     ] GC(204) Survivor regions: 2->2(40)
[2025-12-06T08:05:59.175+0000][14007.070s][info ][gc,heap     ] GC(204) Old regions: 148->148
[2025-12-06T08:05:59.175+0000][14007.070s][info ][gc,heap     ] GC(204) Archive regions: 2->2
[2025-12-06T08:05:59.175+0000][14007.070s][info ][gc,heap     ] GC(204) Humongous regions: 0->0
[2025-12-06T08:05:59.175+0000][14007.070s][info ][gc,metaspace] GC(204) Metaspace: 207535K(208960K)->207535K(208960K) NonClass: 182748K(183488K)->182748K(183488K) Class: 24786K(25472K)->24786K(25472K)
[2025-12-06T08:05:59.175+0000][14007.070s][info ][gc          ] GC(204) Pause Young (Prepare Mixed) (G1 Evacuation Pause) 463M->149M(527M) 14.092ms
[2025-12-06T08:05:59.175+0000][14007.070s][info ][gc,cpu      ] GC(204) User=0.12s Sys=0.00s Real=0.02s
[2025-12-06T08:05:59.176+0000][14007.071s][info ][safepoint   ] Safepoint "G1CollectForAllocation", Time since last: 264299225709 ns, Reaching safepoint: 159498 ns, Cleanup: 10460 ns, At safepoint: 15367945 ns, Total: 15537903 ns
[2025-12-06T08:06:17.951+0000][14025.848s][debug][safepoint   ] Safepoint synchronization initiated using futex wait barrier. (265 threads)
[2025-12-06T08:06:17.951+0000][14025.848s][info ][gc,start    ] GC(205) Pause Young (Mixed) (G1 Evacuation Pause)
[2025-12-06T08:06:17.951+0000][14025.848s][info ][gc,task     ] GC(205) Using 13 workers of 13 for evacuation
[2025-12-06T08:06:17.973+0000][14025.871s][info ][gc,phases   ] GC(205)   Pre Evacuate Collection Set: 0.4ms
[2025-12-06T08:06:17.973+0000][14025.871s][info ][gc,phases   ] GC(205)   Merge Heap Roots: 0.6ms
[2025-12-06T08:06:17.973+0000][14025.871s][info ][gc,phases   ] GC(205)   Evacuate Collection Set: 19.3ms
[2025-12-06T08:06:17.973+0000][14025.871s][info ][gc,phases   ] GC(205)   Post Evacuate Collection Set: 2.1ms
[2025-12-06T08:06:17.973+0000][14025.871s][info ][gc,phases   ] GC(205)   Other: 0.2ms
[2025-12-06T08:06:17.973+0000][14025.871s][info ][gc,heap     ] GC(205) Eden regions: 24->0(314)
[2025-12-06T08:06:17.973+0000][14025.871s][info ][gc,heap     ] GC(205) Survivor regions: 2->2(4)
[2025-12-06T08:06:17.973+0000][14025.871s][info ][gc,heap     ] GC(205) Old regions: 148->148
[2025-12-06T08:06:17.973+0000][14025.871s][info ][gc,heap     ] GC(205) Archive regions: 2->2
[2025-12-06T08:06:17.973+0000][14025.871s][info ][gc,heap     ] GC(205) Humongous regions: 0->0
[2025-12-06T08:06:17.973+0000][14025.871s][info ][gc,metaspace] GC(205) Metaspace: 207535K(208960K)->207535K(208960K) NonClass: 182749K(183488K)->182749K(183488K) Class: 24786K(25472K)->24786K(25472K)
[2025-12-06T08:06:17.973+0000][14025.871s][info ][gc          ] GC(205) Pause Young (Mixed) (G1 Evacuation Pause) 173M->149M(527M) 22.611ms
[2025-12-06T08:06:17.974+0000][14025.871s][info ][gc,cpu      ] GC(205) User=0.21s Sys=0.03s Real=0.03s
[2025-12-06T08:06:17.974+0000][14025.871s][info ][safepoint   ] Safepoint "G1CollectForAllocation", Time since last: 18776545712 ns, Reaching safepoint: 152845 ns, Cleanup: 5490 ns, At safepoint: 23129696 ns, Total: 23288031 ns
[2025-12-06T08:06:59.787+0000][14067.686s][debug][safepoint   ] Safepoint synchronization initiated using futex wait barrier. (264 threads)
[2025-12-06T08:06:59.787+0000][14067.687s][info ][safepoint   ] Safepoint "Cleanup", Time since last: 41815189087 ns, Reaching safepoint: 90575 ns, Cleanup: 12564 ns, At safepoint: 3908 ns, Total: 107047 ns
[2025-12-06T08:07:07.787+0000][14075.688s][debug][safepoint   ] Safepoint synchronization initiated using futex wait barrier. (264 threads)
[2025-12-06T08:07:07.787+0000][14075.688s][info ][safepoint   ] Safepoint "Cleanup", Time since last: 8001311956 ns, Reaching safepoint: 141212 ns, Cleanup: 22564 ns, At safepoint: 6903 ns, Total: 170679 ns
[2025-12-06T08:08:07.829+0000][14135.735s][debug][safepoint   ] Safepoint synchronization initiated using futex wait barrier. (265 threads)
[2025-12-06T08:08:07.830+0000][14135.736s][info ][safepoint   ] Safepoint "Cleanup", Time since last: 60046856465 ns, Reaching safepoint: 1377830 ns, Cleanup: 25179 ns, At safepoint: 37091 ns, Total: 1440100 ns
[2025-12-06T08:08:18.831+0000][14146.738s][debug][safepoint   ] Safepoint synchronization initiated using futex wait barrier. (267 threads)
[2025-12-06T08:08:18.831+0000][14146.738s][info ][safepoint   ] Safepoint "Cleanup", Time since last: 11001388947 ns, Reaching safepoint: 73322 ns, Cleanup: 11933 ns, At safepoint: 3066 ns, Total: 88321 ns
[2025-12-06T08:09:06.838+0000][14194.748s][debug][safepoint   ] Safepoint synchronization initiated using futex wait barrier. (267 threads)
[2025-12-06T08:09:06.838+0000][14194.748s][info ][safepoint   ] Safepoint "Cleanup", Time since last: 48010551222 ns, Reaching safepoint: 85445 ns, Cleanup: 12144 ns, At safepoint: 3557 ns, Total: 101146 ns
[2025-12-06T08:09:10.839+0000][14198.749s][debug][safepoint   ] Safepoint synchronization initiated using futex wait barrier. (267 threads)
[2025-12-06T08:09:10.839+0000][14198.749s][info ][safepoint   ] Safepoint "Cleanup", Time since last: 4000490782 ns, Reaching safepoint: 74414 ns, Cleanup: 12554 ns, At safepoint: 3517 ns, Total: 90485 ns
[2025-12-06T08:09:43.842+0000][14231.754s][debug][safepoint   ] Safepoint synchronization initiated using futex wait barrier. (268 threads)
[2025-12-06T08:09:43.842+0000][14231.754s][info ][safepoint   ] Safepoint "Cleanup", Time since last: 33004990154 ns, Reaching safepoint: 74504 ns, Cleanup: 11812 ns, At safepoint: 3197 ns, Total: 89513 ns
[2025-12-06T08:09:53.844+0000][14241.756s][debug][safepoint   ] Safepoint synchronization initiated using futex wait barrier. (267 threads)
[2025-12-06T08:09:53.848+0000][14241.760s][info ][safepoint   ] Safepoint "Cleanup", Time since last: 10001703590 ns, Reaching safepoint: 3474144 ns, Cleanup: 12834 ns, At safepoint: 753725 ns, Total: 4240703 ns
[2025-12-06T08:10:41.348+0000][14289.264s][debug][safepoint   ] Safepoint synchronization initiated using futex wait barrier. (263 threads)
[2025-12-06T08:10:41.348+0000][14289.264s][info ][gc,start    ] GC(206) Pause Young (Concurrent Start) (G1 Evacuation Pause)
[2025-12-06T08:10:41.348+0000][14289.264s][info ][gc,task     ] GC(206) Using 13 workers of 13 for evacuation
[2025-12-06T08:10:41.360+0000][14289.276s][info ][gc,phases   ] GC(206)   Pre Evacuate Collection Set: 0.9ms
[2025-12-06T08:10:41.360+0000][14289.276s][info ][gc,phases   ] GC(206)   Merge Heap Roots: 0.3ms
[2025-12-06T08:10:41.360+0000][14289.276s][info ][gc,phases   ] GC(206)   Evacuate Collection Set: 7.3ms
[2025-12-06T08:10:41.360+0000][14289.276s][info ][gc,phases   ] GC(206)   Post Evacuate Collection Set: 2.0ms
[2025-12-06T08:10:41.360+0000][14289.276s][info ][gc,phases   ] GC(206)   Other: 1.6ms
[2025-12-06T08:10:41.360+0000][14289.276s][info ][gc,heap     ] GC(206) Eden regions: 314->0(314)
[2025-12-06T08:10:41.360+0000][14289.276s][info ][gc,heap     ] GC(206) Survivor regions: 2->2(40)
[2025-12-06T08:10:41.360+0000][14289.276s][info ][gc,heap     ] GC(206) Old regions: 148->148
[2025-12-06T08:10:41.360+0000][14289.276s][info ][gc,heap     ] GC(206) Archive regions: 2->2
[2025-12-06T08:10:41.360+0000][14289.276s][info ][gc,heap     ] GC(206) Humongous regions: 0->0
[2025-12-06T08:10:41.360+0000][14289.276s][info ][gc,metaspace] GC(206) Metaspace: 207542K(208960K)->207542K(208960K) NonClass: 182756K(183488K)->182756K(183488K) Class: 24786K(25472K)->24786K(25472K)
[2025-12-06T08:10:41.360+0000][14289.276s][info ][gc          ] GC(206) Pause Young (Concurrent Start) (G1 Evacuation Pause) 463M->150M(527M) 12.286ms
[2025-12-06T08:10:41.360+0000][14289.277s][info ][gc,cpu      ] GC(206) User=0.06s Sys=0.00s Real=0.01s
[2025-12-06T08:10:41.361+0000][14289.277s][info ][gc          ] GC(207) Concurrent Mark Cycle
[2025-12-06T08:10:41.361+0000][14289.277s][info ][gc,marking  ] GC(207) Concurrent Clear Claimed Marks
[2025-12-06T08:10:41.361+0000][14289.277s][info ][gc,marking  ] GC(207) Concurrent Clear Claimed Marks 0.216ms
[2025-12-06T08:10:41.361+0000][14289.277s][info ][gc,marking  ] GC(207) Concurrent Scan Root Regions
[2025-12-06T08:10:41.361+0000][14289.277s][info ][safepoint   ] Safepoint "G1CollectForAllocation", Time since last: 47503917718 ns, Reaching safepoint: 123808 ns, Cleanup: 5962 ns, At safepoint: 12885958 ns, Total: 13015728 ns
[2025-12-06T08:10:41.368+0000][14289.284s][info ][gc,marking  ] GC(207) Concurrent Scan Root Regions 7.554ms
[2025-12-06T08:10:41.368+0000][14289.284s][info ][gc,marking  ] GC(207) Concurrent Mark
[2025-12-06T08:10:41.368+0000][14289.284s][info ][gc,marking  ] GC(207) Concurrent Mark From Roots
[2025-12-06T08:10:41.368+0000][14289.285s][info ][gc,task     ] GC(207) Using 3 workers of 3 for marking
[2025-12-06T08:10:41.454+0000][14289.370s][info ][gc,marking  ] GC(207) Concurrent Mark From Roots 85.403ms
[2025-12-06T08:10:41.454+0000][14289.370s][info ][gc,marking  ] GC(207) Concurrent Preclean
[2025-12-06T08:10:41.454+0000][14289.370s][info ][gc,marking  ] GC(207) Concurrent Preclean 0.386ms
[2025-12-06T08:10:41.454+0000][14289.370s][debug][safepoint   ] Safepoint synchronization initiated using futex wait barrier. (263 threads)
[2025-12-06T08:10:41.454+0000][14289.371s][info ][gc,start    ] GC(207) Pause Remark
[2025-12-06T08:10:41.468+0000][14289.384s][info ][gc          ] GC(207) Pause Remark 155M->155M(527M) 13.197ms
[2025-12-06T08:10:41.468+0000][14289.384s][info ][gc,cpu      ] GC(207) User=0.08s Sys=0.00s Real=0.01s
[2025-12-06T08:10:41.469+0000][14289.385s][info ][safepoint   ] Safepoint "G1PauseRemark", Time since last: 93416267 ns, Reaching safepoint: 37933 ns, Cleanup: 3657 ns, At safepoint: 14315351 ns, Total: 14356941 ns
[2025-12-06T08:10:41.469+0000][14289.385s][info ][gc,marking  ] GC(207) Concurrent Mark 100.391ms
[2025-12-06T08:10:41.469+0000][14289.385s][info ][gc,marking  ] GC(207) Concurrent Rebuild Remembered Sets
[2025-12-06T08:10:41.511+0000][14289.428s][info ][gc,marking  ] GC(207) Concurrent Rebuild Remembered Sets 42.667ms
[2025-12-06T08:10:41.512+0000][14289.428s][debug][safepoint   ] Safepoint synchronization initiated using futex wait barrier. (263 threads)
[2025-12-06T08:10:41.512+0000][14289.428s][info ][gc,start    ] GC(207) Pause Cleanup
[2025-12-06T08:10:41.512+0000][14289.428s][info ][gc          ] GC(207) Pause Cleanup 156M->156M(527M) 0.376ms
[2025-12-06T08:10:41.512+0000][14289.428s][info ][gc,cpu      ] GC(207) User=0.00s Sys=0.00s Real=0.00s
[2025-12-06T08:10:41.512+0000][14289.428s][info ][safepoint   ] Safepoint "G1PauseCleanup", Time since last: 42911356 ns, Reaching safepoint: 36821 ns, Cleanup: 28635 ns, At safepoint: 509542 ns, Total: 574998 ns
[2025-12-06T08:10:41.512+0000][14289.428s][info ][gc,marking  ] GC(207) Concurrent Cleanup for Next Mark
[2025-12-06T08:10:41.523+0000][14289.439s][info ][gc,marking  ] GC(207) Concurrent Cleanup for Next Mark 10.782ms
[2025-12-06T08:10:41.523+0000][14289.439s][info ][gc          ] GC(207) Concurrent Mark Cycle 162.510ms
[2025-12-06T08:11:38.976+0000][14346.897s][debug][safepoint   ] Safepoint synchronization initiated using futex wait barrier. (264 threads)
[2025-12-06T08:11:38.977+0000][14346.897s][info ][safepoint   ] Safepoint "Cleanup", Time since last: 57468801925 ns, Reaching safepoint: 97608 ns, Cleanup: 14758 ns, At safepoint: 4098 ns, Total: 116464 ns
[2025-12-06T08:13:22.023+0000][14449.950s][debug][safepoint   ] Safepoint synchronization initiated using futex wait barrier. (264 threads)
[2025-12-06T08:13:22.023+0000][14449.950s][info ][safepoint   ] Safepoint "Cleanup", Time since last: 103052399820 ns, Reaching safepoint: 160569 ns, Cleanup: 26772 ns, At safepoint: 4949 ns, Total: 192290 ns
[2025-12-06T08:14:20.110+0000][14508.040s][debug][safepoint   ] Safepoint synchronization initiated using futex wait barrier. (263 threads)
[2025-12-06T08:14:20.110+0000][14508.040s][info ][safepoint   ] Safepoint "Cleanup", Time since last: 58090387454 ns, Reaching safepoint: 141467 ns, Cleanup: 19989 ns, At safepoint: 4910 ns, Total: 166366 ns
[2025-12-06T08:15:03.540+0000][14551.473s][debug][safepoint   ] Safepoint synchronization initiated using futex wait barrier. (263 threads)
[2025-12-06T08:15:03.540+0000][14551.474s][info ][gc,start    ] GC(208) Pause Young (Prepare Mixed) (G1 Evacuation Pause)
[2025-12-06T08:15:03.540+0000][14551.474s][info ][gc,task     ] GC(208) Using 13 workers of 13 for evacuation
[2025-12-06T08:15:03.547+0000][14551.480s][info ][gc,phases   ] GC(208)   Pre Evacuate Collection Set: 1.0ms
[2025-12-06T08:15:03.547+0000][14551.480s][info ][gc,phases   ] GC(208)   Merge Heap Roots: 0.3ms
[2025-12-06T08:15:03.547+0000][14551.480s][info ][gc,phases   ] GC(208)   Evacuate Collection Set: 3.2ms
[2025-12-06T08:15:03.547+0000][14551.480s][info ][gc,phases   ] GC(208)   Post Evacuate Collection Set: 1.8ms
[2025-12-06T08:15:03.547+0000][14551.480s][info ][gc,phases   ] GC(208)   Other: 0.3ms
[2025-12-06T08:15:03.547+0000][14551.480s][info ][gc,heap     ] GC(208) Eden regions: 314->0(24)
[2025-12-06T08:15:03.547+0000][14551.480s][info ][gc,heap     ] GC(208) Survivor regions: 2->2(40)
[2025-12-06T08:15:03.547+0000][14551.480s][info ][gc,heap     ] GC(208) Old regions: 148->149
[2025-12-06T08:15:03.547+0000][14551.480s][info ][gc,heap     ] GC(208) Archive regions: 2->2
[2025-12-06T08:15:03.547+0000][14551.480s][info ][gc,heap     ] GC(208) Humongous regions: 0->0
[2025-12-06T08:15:03.547+0000][14551.480s][info ][gc,metaspace] GC(208) Metaspace: 207545K(208960K)->207545K(208960K) NonClass: 182759K(183488K)->182759K(183488K) Class: 24786K(25472K)->24786K(25472K)
[2025-12-06T08:15:03.547+0000][14551.480s][info ][gc          ] GC(208) Pause Young (Prepare Mixed) (G1 Evacuation Pause) 464M->150M(527M) 6.605ms
[2025-12-06T08:15:03.547+0000][14551.480s][info ][gc,cpu      ] GC(208) User=0.03s Sys=0.00s Real=0.00s
[2025-12-06T08:15:03.548+0000][14551.481s][info ][safepoint   ] Safepoint "G1CollectForAllocation", Time since last: 43433067164 ns, Reaching safepoint: 172813 ns, Cleanup: 6513 ns, At safepoint: 7912910 ns, Total: 8092236 ns
[2025-12-06T08:15:22.357+0000][14570.292s][debug][safepoint   ] Safepoint synchronization initiated using futex wait barrier. (265 threads)
[2025-12-06T08:15:22.357+0000][14570.292s][info ][gc,start    ] GC(209) Pause Young (Mixed) (G1 Evacuation Pause)
[2025-12-06T08:15:22.357+0000][14570.292s][info ][gc,task     ] GC(209) Using 13 workers of 13 for evacuation
[2025-12-06T08:15:22.388+0000][14570.323s][info ][gc,phases   ] GC(209)   Pre Evacuate Collection Set: 0.4ms
[2025-12-06T08:15:22.388+0000][14570.323s][info ][gc,phases   ] GC(209)   Merge Heap Roots: 0.4ms
[2025-12-06T08:15:22.388+0000][14570.323s][info ][gc,phases   ] GC(209)   Evacuate Collection Set: 27.9ms
[2025-12-06T08:15:22.388+0000][14570.323s][info ][gc,phases   ] GC(209)   Post Evacuate Collection Set: 2.2ms
[2025-12-06T08:15:22.388+0000][14570.323s][info ][gc,phases   ] GC(209)   Other: 0.3ms
[2025-12-06T08:15:22.388+0000][14570.323s][info ][gc,heap     ] GC(209) Eden regions: 24->0(314)
[2025-12-06T08:15:22.388+0000][14570.323s][info ][gc,heap     ] GC(209) Survivor regions: 2->2(4)
[2025-12-06T08:15:22.388+0000][14570.323s][info ][gc,heap     ] GC(209) Old regions: 149->147
[2025-12-06T08:15:22.388+0000][14570.323s][info ][gc,heap     ] GC(209) Archive regions: 2->2
[2025-12-06T08:15:22.388+0000][14570.323s][info ][gc,heap     ] GC(209) Humongous regions: 0->0
[2025-12-06T08:15:22.388+0000][14570.323s][info ][gc,metaspace] GC(209) Metaspace: 207545K(208960K)->207545K(208960K) NonClass: 182759K(183488K)->182759K(183488K) Class: 24786K(25472K)->24786K(25472K)
[2025-12-06T08:15:22.388+0000][14570.323s][info ][gc          ] GC(209) Pause Young (Mixed) (G1 Evacuation Pause) 174M->149M(527M) 31.250ms
[2025-12-06T08:15:22.388+0000][14570.323s][info ][gc,cpu      ] GC(209) User=0.34s Sys=0.02s Real=0.03s
[2025-12-06T08:15:22.390+0000][14570.324s][info ][safepoint   ] Safepoint "G1CollectForAllocation", Time since last: 18810262518 ns, Reaching safepoint: 77610 ns, Cleanup: 4879 ns, At safepoint: 32484167 ns, Total: 32566656 ns
[2025-12-06T08:19:47.371+0000][14835.323s][debug][safepoint   ] Safepoint synchronization initiated using futex wait barrier. (264 threads)
[2025-12-06T08:19:47.371+0000][14835.323s][info ][gc,start    ] GC(210) Pause Young (Concurrent Start) (G1 Evacuation Pause)
[2025-12-06T08:19:47.371+0000][14835.323s][info ][gc,task     ] GC(210) Using 13 workers of 13 for evacuation
[2025-12-06T08:19:47.404+0000][14835.356s][info ][gc,phases   ] GC(210)   Pre Evacuate Collection Set: 2.2ms
[2025-12-06T08:19:47.404+0000][14835.356s][info ][gc,phases   ] GC(210)   Merge Heap Roots: 1.0ms
[2025-12-06T08:19:47.404+0000][14835.356s][info ][gc,phases   ] GC(210)   Evacuate Collection Set: 16.6ms
[2025-12-06T08:19:47.404+0000][14835.356s][info ][gc,phases   ] GC(210)   Post Evacuate Collection Set: 12.7ms
[2025-12-06T08:19:47.404+0000][14835.356s][info ][gc,phases   ] GC(210)   Other: 0.7ms
[2025-12-06T08:19:47.404+0000][14835.356s][info ][gc,heap     ] GC(210) Eden regions: 314->0(314)
[2025-12-06T08:19:47.404+0000][14835.356s][info ][gc,heap     ] GC(210) Survivor regions: 2->2(40)
[2025-12-06T08:19:47.404+0000][14835.356s][info ][gc,heap     ] GC(210) Old regions: 147->147
[2025-12-06T08:19:47.404+0000][14835.356s][info ][gc,heap     ] GC(210) Archive regions: 2->2
[2025-12-06T08:19:47.404+0000][14835.356s][info ][gc,heap     ] GC(210) Humongous regions: 0->0
[2025-12-06T08:19:47.404+0000][14835.356s][info ][gc,metaspace] GC(210) Metaspace: 207545K(208960K)->207545K(208960K) NonClass: 182759K(183488K)->182759K(183488K) Class: 24786K(25472K)->24786K(25472K)
[2025-12-06T08:19:47.404+0000][14835.356s][info ][gc          ] GC(210) Pause Young (Concurrent Start) (G1 Evacuation Pause) 463M->149M(527M) 33.267ms
[2025-12-06T08:19:47.404+0000][14835.356s][info ][gc,cpu      ] GC(210) User=0.13s Sys=0.03s Real=0.03s
[2025-12-06T08:19:47.404+0000][14835.356s][info ][gc          ] GC(211) Concurrent Mark Cycle
[2025-12-06T08:19:47.404+0000][14835.356s][info ][gc,marking  ] GC(211) Concurrent Clear Claimed Marks
[2025-12-06T08:19:47.404+0000][14835.357s][info ][gc,marking  ] GC(211) Concurrent Clear Claimed Marks 0.139ms
[2025-12-06T08:19:47.404+0000][14835.357s][info ][gc,marking  ] GC(211) Concurrent Scan Root Regions
[2025-12-06T08:19:47.407+0000][14835.359s][info ][safepoint   ] Safepoint "G1CollectForAllocation", Time since last: 264998157649 ns, Reaching safepoint: 383136 ns, Cleanup: 6162 ns, At safepoint: 36508978 ns, Total: 36898276 ns
[2025-12-06T08:19:47.412+0000][14835.364s][info ][gc,marking  ] GC(211) Concurrent Scan Root Regions 7.188ms
[2025-12-06T08:19:47.412+0000][14835.364s][info ][gc,marking  ] GC(211) Concurrent Mark
[2025-12-06T08:19:47.412+0000][14835.364s][info ][gc,marking  ] GC(211) Concurrent Mark From Roots
[2025-12-06T08:19:47.412+0000][14835.364s][info ][gc,task     ] GC(211) Using 3 workers of 3 for marking
[2025-12-06T08:19:47.527+0000][14835.479s][info ][gc,marking  ] GC(211) Concurrent Mark From Roots 115.232ms
[2025-12-06T08:19:47.527+0000][14835.479s][info ][gc,marking  ] GC(211) Concurrent Preclean
[2025-12-06T08:19:47.527+0000][14835.479s][info ][gc,marking  ] GC(211) Concurrent Preclean 0.357ms
[2025-12-06T08:19:47.527+0000][14835.480s][debug][safepoint   ] Safepoint synchronization initiated using futex wait barrier. (264 threads)
[2025-12-06T08:19:47.527+0000][14835.480s][info ][gc,start    ] GC(211) Pause Remark
[2025-12-06T08:19:47.552+0000][14835.504s][info ][gc          ] GC(211) Pause Remark 155M->155M(527M) 24.031ms
[2025-12-06T08:19:47.552+0000][14835.504s][info ][gc,cpu      ] GC(211) User=0.27s Sys=0.00s Real=0.03s
[2025-12-06T08:19:47.553+0000][14835.505s][info ][safepoint   ] Safepoint "G1PauseRemark", Time since last: 120162067 ns, Reaching safepoint: 37152 ns, Cleanup: 29466 ns, At safepoint: 25382405 ns, Total: 25449023 ns
[2025-12-06T08:19:47.553+0000][14835.505s][info ][gc,marking  ] GC(211) Concurrent Mark 141.246ms
[2025-12-06T08:19:47.553+0000][14835.505s][info ][gc,marking  ] GC(211) Concurrent Rebuild Remembered Sets
[2025-12-06T08:19:47.600+0000][14835.552s][info ][gc,marking  ] GC(211) Concurrent Rebuild Remembered Sets 47.133ms
[2025-12-06T08:19:47.600+0000][14835.552s][debug][safepoint   ] Safepoint synchronization initiated using futex wait barrier. (264 threads)
[2025-12-06T08:19:47.600+0000][14835.552s][info ][gc,start    ] GC(211) Pause Cleanup
[2025-12-06T08:19:47.601+0000][14835.553s][info ][gc          ] GC(211) Pause Cleanup 155M->155M(527M) 0.536ms
[2025-12-06T08:19:47.601+0000][14835.553s][info ][gc,cpu      ] GC(211) User=0.01s Sys=0.00s Real=0.00s
[2025-12-06T08:19:47.601+0000][14835.553s][info ][safepoint   ] Safepoint "G1PauseCleanup", Time since last: 47330574 ns, Reaching safepoint: 45667 ns, Cleanup: 3397 ns, At safepoint: 669808 ns, Total: 718872 ns
[2025-12-06T08:19:47.601+0000][14835.553s][info ][gc,marking  ] GC(211) Concurrent Cleanup for Next Mark
[2025-12-06T08:19:47.613+0000][14835.565s][info ][gc,marking  ] GC(211) Concurrent Cleanup for Next Mark 12.387ms
[2025-12-06T08:19:47.613+0000][14835.565s][info ][gc          ] GC(211) Concurrent Mark Cycle 209.081ms
[2025-12-06T08:21:08.414+0000][14916.372s][debug][safepoint   ] Safepoint synchronization initiated using futex wait barrier. (263 threads)
[2025-12-06T08:21:08.417+0000][14916.374s][info ][safepoint   ] Safepoint "Cleanup", Time since last: 80818705634 ns, Reaching safepoint: 2494558 ns, Cleanup: 11753 ns, At safepoint: 4358 ns, Total: 2510669 ns
[2025-12-06T08:23:13.468+0000][15041.433s][debug][safepoint   ] Safepoint synchronization initiated using futex wait barrier. (265 threads)
[2025-12-06T08:23:13.468+0000][15041.433s][info ][safepoint   ] Safepoint "Cleanup", Time since last: 125058920850 ns, Reaching safepoint: 116273 ns, Cleanup: 23034 ns, At safepoint: 50247 ns, Total: 189554 ns
[2025-12-06T08:23:14.468+0000][15042.434s][debug][safepoint   ] Safepoint synchronization initiated using futex wait barrier. (265 threads)
[2025-12-06T08:23:14.468+0000][15042.434s][info ][safepoint   ] Safepoint "Cleanup", Time since last: 1000161914 ns, Reaching safepoint: 84482 ns, Cleanup: 53944 ns, At safepoint: 5190 ns, Total: 143616 ns
[2025-12-06T08:23:14.572+0000][15042.537s][debug][safepoint   ] Safepoint synchronization initiated using futex wait barrier. (265 threads)
[2025-12-06T08:23:14.572+0000][15042.537s][info ][gc,start    ] GC(212) Pause Young (Prepare Mixed) (G1 Evacuation Pause)
[2025-12-06T08:23:14.572+0000][15042.537s][info ][gc,task     ] GC(212) Using 13 workers of 13 for evacuation
[2025-12-06T08:23:14.577+0000][15042.543s][info ][gc,phases   ] GC(212)   Pre Evacuate Collection Set: 0.5ms
[2025-12-06T08:23:14.578+0000][15042.543s][info ][gc,phases   ] GC(212)   Merge Heap Roots: 0.4ms
[2025-12-06T08:23:14.578+0000][15042.543s][info ][gc,phases   ] GC(212)   Evacuate Collection Set: 2.9ms
[2025-12-06T08:23:14.578+0000][15042.543s][info ][gc,phases   ] GC(212)   Post Evacuate Collection Set: 1.6ms
[2025-12-06T08:23:14.578+0000][15042.543s][info ][gc,phases   ] GC(212)   Other: 0.3ms
[2025-12-06T08:23:14.578+0000][15042.543s][info ][gc,heap     ] GC(212) Eden regions: 314->0(23)
[2025-12-06T08:23:14.578+0000][15042.543s][info ][gc,heap     ] GC(212) Survivor regions: 2->3(40)
[2025-12-06T08:23:14.578+0000][15042.543s][info ][gc,heap     ] GC(212) Old regions: 147->148
[2025-12-06T08:23:14.578+0000][15042.543s][info ][gc,heap     ] GC(212) Archive regions: 2->2
[2025-12-06T08:23:14.578+0000][15042.543s][info ][gc,heap     ] GC(212) Humongous regions: 17->0
[2025-12-06T08:23:14.578+0000][15042.543s][info ][gc,metaspace] GC(212) Metaspace: 207551K(208960K)->207551K(208960K) NonClass: 182764K(183488K)->182764K(183488K) Class: 24786K(25472K)->24786K(25472K)
[2025-12-06T08:23:14.578+0000][15042.543s][info ][gc          ] GC(212) Pause Young (Prepare Mixed) (G1 Evacuation Pause) 480M->149M(527M) 5.901ms
[2025-12-06T08:23:14.578+0000][15042.543s][info ][gc,cpu      ] GC(212) User=0.01s Sys=0.02s Real=0.01s
[2025-12-06T08:23:14.579+0000][15042.544s][info ][safepoint   ] Safepoint "G1CollectForAllocation", Time since last: 103206898 ns, Reaching safepoint: 80034 ns, Cleanup: 3817 ns, At safepoint: 7166017 ns, Total: 7249868 ns
[2025-12-06T08:23:15.579+0000][15043.544s][debug][safepoint   ] Safepoint synchronization initiated using futex wait barrier. (267 threads)
[2025-12-06T08:23:15.579+0000][15043.545s][info ][safepoint   ] Safepoint "Cleanup", Time since last: 1000242901 ns, Reaching safepoint: 129549 ns, Cleanup: 63031 ns, At safepoint: 10370 ns, Total: 202950 ns
[2025-12-06T08:23:16.579+0000][15044.545s][debug][safepoint   ] Safepoint synchronization initiated using futex wait barrier. (268 threads)
[2025-12-06T08:23:16.580+0000][15044.545s][info ][safepoint   ] Safepoint "Cleanup", Time since last: 1000169095 ns, Reaching safepoint: 105012 ns, Cleanup: 31000 ns, At safepoint: 4909 ns, Total: 140921 ns
[2025-12-06T08:23:17.580+0000][15045.545s][debug][safepoint   ] Safepoint synchronization initiated using futex wait barrier. (278 threads)
[2025-12-06T08:23:17.580+0000][15045.545s][info ][safepoint   ] Safepoint "Cleanup", Time since last: 1000117851 ns, Reaching safepoint: 68612 ns, Cleanup: 9659 ns, At safepoint: 2805 ns, Total: 81076 ns
[2025-12-06T08:23:22.105+0000][15050.071s][debug][safepoint   ] Safepoint synchronization initiated using futex wait barrier. (277 threads)
[2025-12-06T08:23:22.106+0000][15050.071s][info ][gc,start    ] GC(213) Pause Young (Mixed) (G1 Evacuation Pause)
[2025-12-06T08:23:22.106+0000][15050.071s][info ][gc,task     ] GC(213) Using 13 workers of 13 for evacuation
[2025-12-06T08:23:22.130+0000][15050.095s][info ][gc,phases   ] GC(213)   Pre Evacuate Collection Set: 0.6ms
[2025-12-06T08:23:22.130+0000][15050.095s][info ][gc,phases   ] GC(213)   Merge Heap Roots: 0.6ms
[2025-12-06T08:23:22.130+0000][15050.095s][info ][gc,phases   ] GC(213)   Evacuate Collection Set: 19.8ms
[2025-12-06T08:23:22.130+0000][15050.095s][info ][gc,phases   ] GC(213)   Post Evacuate Collection Set: 2.7ms
[2025-12-06T08:23:22.130+0000][15050.095s][info ][gc,phases   ] GC(213)   Other: 0.6ms
[2025-12-06T08:23:22.130+0000][15050.095s][info ][gc,heap     ] GC(213) Eden regions: 23->0(314)
[2025-12-06T08:23:22.130+0000][15050.095s][info ][gc,heap     ] GC(213) Survivor regions: 3->2(4)
[2025-12-06T08:23:22.130+0000][15050.095s][info ][gc,heap     ] GC(213) Old regions: 148->148
[2025-12-06T08:23:22.130+0000][15050.095s][info ][gc,heap     ] GC(213) Archive regions: 2->2
[2025-12-06T08:23:22.130+0000][15050.095s][info ][gc,heap     ] GC(213) Humongous regions: 0->0
[2025-12-06T08:23:22.130+0000][15050.095s][info ][gc,metaspace] GC(213) Metaspace: 207557K(208960K)->207557K(208960K) NonClass: 182770K(183488K)->182770K(183488K) Class: 24787K(25472K)->24787K(25472K)
[2025-12-06T08:23:22.130+0000][15050.095s][info ][gc          ] GC(213) Pause Young (Mixed) (G1 Evacuation Pause) 172M->149M(527M) 24.392ms
[2025-12-06T08:23:22.130+0000][15050.095s][info ][gc,cpu      ] GC(213) User=0.22s Sys=0.00s Real=0.02s
[2025-12-06T08:23:22.131+0000][15050.097s][info ][safepoint   ] Safepoint "G1CollectForAllocation", Time since last: 4525507933 ns, Reaching safepoint: 223940 ns, Cleanup: 5300 ns, At safepoint: 25830524 ns, Total: 26059764 ns
[2025-12-06T08:23:27.593+0000][15055.558s][debug][safepoint   ] Safepoint synchronization initiated using futex wait barrier. (276 threads)
[2025-12-06T08:23:27.593+0000][15055.558s][debug][safepoint   ] ... found polling page loop exception at pc = 0x000074aabdc9005b, stub =0x000074aabca04400
[2025-12-06T08:23:27.599+0000][15055.564s][info ][safepoint   ] Safepoint "Cleanup", Time since last: 5461490283 ns, Reaching safepoint: 5601147 ns, Cleanup: 22032 ns, At safepoint: 247606 ns, Total: 5870785 ns
[2025-12-06T08:23:28.599+0000][15056.564s][debug][safepoint   ] Safepoint synchronization initiated using futex wait barrier. (277 threads)
[2025-12-06T08:23:28.599+0000][15056.564s][info ][safepoint   ] Safepoint "Cleanup", Time since last: 1000274484 ns, Reaching safepoint: 136994 ns, Cleanup: 45267 ns, At safepoint: 7254 ns, Total: 189515 ns
[2025-12-06T08:23:47.542+0000][15075.511s][debug][safepoint   ] Safepoint synchronization initiated using futex wait barrier. (276 threads)
[2025-12-06T08:23:47.542+0000][15075.511s][info ][safepoint   ] Safepoint "Cleanup", Time since last: 18946289740 ns, Reaching safepoint: 68792 ns, Cleanup: 40508 ns, At safepoint: 29898 ns, Total: 139198 ns
[2025-12-06T08:23:49.542+0000][15077.511s][debug][safepoint   ] Safepoint synchronization initiated using futex wait barrier. (276 threads)
[2025-12-06T08:23:49.542+0000][15077.511s][info ][safepoint   ] Safepoint "Cleanup", Time since last: 2000325764 ns, Reaching safepoint: 74864 ns, Cleanup: 33164 ns, At safepoint: 2855 ns, Total: 110883 ns
[2025-12-06T08:23:50.542+0000][15078.511s][debug][safepoint   ] Safepoint synchronization initiated using futex wait barrier. (276 threads)
[2025-12-06T08:23:50.543+0000][15078.512s][info ][safepoint   ] Safepoint "Cleanup", Time since last: 1000132436 ns, Reaching safepoint: 83892 ns, Cleanup: 33765 ns, At safepoint: 3998 ns, Total: 121655 ns
[2025-12-06T08:23:51.543+0000][15079.512s][debug][safepoint   ] Safepoint synchronization initiated using futex wait barrier. (276 threads)
[2025-12-06T08:23:51.543+0000][15079.512s][info ][safepoint   ] Safepoint "Cleanup", Time since last: 1000333743 ns, Reaching safepoint: 342333 ns, Cleanup: 46991 ns, At safepoint: 6091 ns, Total: 395415 ns
[2025-12-06T08:24:03.545+0000][15091.514s][debug][safepoint   ] Safepoint synchronization initiated using futex wait barrier. (276 threads)
[2025-12-06T08:24:03.545+0000][15091.514s][info ][safepoint   ] Safepoint "Cleanup", Time since last: 12001387449 ns, Reaching safepoint: 106987 ns, Cleanup: 13586 ns, At safepoint: 4750 ns, Total: 125323 ns
[2025-12-06T08:24:10.546+0000][15098.515s][debug][safepoint   ] Safepoint synchronization initiated using futex wait barrier. (276 threads)
[2025-12-06T08:24:10.546+0000][15098.515s][info ][safepoint   ] Safepoint "Cleanup", Time since last: 7001058250 ns, Reaching safepoint: 82459 ns, Cleanup: 27673 ns, At safepoint: 3808 ns, Total: 113940 ns
[2025-12-06T08:24:12.546+0000][15100.515s][debug][safepoint   ] Safepoint synchronization initiated using futex wait barrier. (279 threads)
[2025-12-06T08:24:12.546+0000][15100.515s][info ][safepoint   ] Safepoint "Cleanup", Time since last: 2000222192 ns, Reaching safepoint: 70146 ns, Cleanup: 15550 ns, At safepoint: 3106 ns, Total: 88802 ns
[2025-12-06T08:24:13.546+0000][15101.515s][debug][safepoint   ] Safepoint synchronization initiated using futex wait barrier. (278 threads)
[2025-12-06T08:24:13.546+0000][15101.516s][info ][safepoint   ] Safepoint "Cleanup", Time since last: 1000123592 ns, Reaching safepoint: 84263 ns, Cleanup: 11191 ns, At safepoint: 3267 ns, Total: 98721 ns
[2025-12-06T08:24:29.548+0000][15117.517s][debug][safepoint   ] Safepoint synchronization initiated using futex wait barrier. (279 threads)
[2025-12-06T08:24:29.548+0000][15117.517s][info ][safepoint   ] Safepoint "Cleanup", Time since last: 16001775797 ns, Reaching safepoint: 80835 ns, Cleanup: 12294 ns, At safepoint: 3086 ns, Total: 96215 ns
[2025-12-06T08:24:42.548+0000][15130.519s][debug][safepoint   ] Safepoint synchronization initiated using futex wait barrier. (279 threads)
[2025-12-06T08:24:42.548+0000][15130.519s][info ][safepoint   ] Safepoint "Cleanup", Time since last: 13001699564 ns, Reaching safepoint: 107497 ns, Cleanup: 16251 ns, At safepoint: 3687 ns, Total: 127435 ns
[2025-12-06T08:24:43.580+0000][15131.551s][debug][safepoint   ] Safepoint synchronization initiated using futex wait barrier. (281 threads)
[2025-12-06T08:24:43.580+0000][15131.551s][info ][safepoint   ] Safepoint "Cleanup", Time since last: 1031367120 ns, Reaching safepoint: 185106 ns, Cleanup: 23415 ns, At safepoint: 5911 ns, Total: 214432 ns
[2025-12-06T08:24:50.581+0000][15138.552s][debug][safepoint   ] Safepoint synchronization initiated using futex wait barrier. (281 threads)
[2025-12-06T08:24:50.581+0000][15138.552s][info ][safepoint   ] Safepoint "Cleanup", Time since last: 7001234085 ns, Reaching safepoint: 158435 ns, Cleanup: 22894 ns, At safepoint: 5701 ns, Total: 187030 ns
[2025-12-06T08:24:51.582+0000][15139.553s][debug][safepoint   ] Safepoint synchronization initiated using futex wait barrier. (281 threads)
[2025-12-06T08:24:51.582+0000][15139.553s][info ][safepoint   ] Safepoint "Cleanup", Time since last: 1000280592 ns, Reaching safepoint: 150319 ns, Cleanup: 147975 ns, At safepoint: 12253 ns, Total: 310547 ns
[2025-12-06T08:25:04.583+0000][15152.554s][debug][safepoint   ] Safepoint synchronization initiated using futex wait barrier. (281 threads)
[2025-12-06T08:25:04.584+0000][15152.554s][info ][safepoint   ] Safepoint "Cleanup", Time since last: 13001501737 ns, Reaching safepoint: 97066 ns, Cleanup: 13706 ns, At safepoint: 4418 ns, Total: 115190 ns
[2025-12-06T08:25:07.582+0000][15155.555s][debug][safepoint   ] Safepoint synchronization initiated using futex wait barrier. (281 threads)
[2025-12-06T08:25:07.582+0000][15155.555s][info ][safepoint   ] Safepoint "Cleanup", Time since last: 3000387216 ns, Reaching safepoint: 71827 ns, Cleanup: 11973 ns, At safepoint: 4619 ns, Total: 88419 ns
[2025-12-06T08:25:14.583+0000][15162.556s][debug][safepoint   ] Safepoint synchronization initiated using futex wait barrier. (281 threads)
[2025-12-06T08:25:14.583+0000][15162.556s][info ][safepoint   ] Safepoint "Cleanup", Time since last: 7000892089 ns, Reaching safepoint: 190346 ns, Cleanup: 29697 ns, At safepoint: 5170 ns, Total: 225213 ns
[2025-12-06T08:25:19.584+0000][15167.557s][debug][safepoint   ] Safepoint synchronization initiated using futex wait barrier. (281 threads)
[2025-12-06T08:25:19.584+0000][15167.557s][info ][safepoint   ] Safepoint "Cleanup", Time since last: 5000986127 ns, Reaching safepoint: 91476 ns, Cleanup: 13365 ns, At safepoint: 5621 ns, Total: 110462 ns
[2025-12-06T08:25:44.619+0000][15192.594s][debug][safepoint   ] Safepoint synchronization initiated using futex wait barrier. (279 threads)
[2025-12-06T08:25:44.619+0000][15192.595s][info ][safepoint   ] Safepoint "Cleanup", Time since last: 25037307304 ns, Reaching safepoint: 116624 ns, Cleanup: 18866 ns, At safepoint: 4940 ns, Total: 140430 ns
[2025-12-06T08:26:08.946+0000][15216.923s][debug][safepoint   ] Safepoint synchronization initiated using futex wait barrier. (278 threads)
[2025-12-06T08:26:08.947+0000][15216.923s][info ][gc,start    ] GC(214) Pause Young (Concurrent Start) (G1 Evacuation Pause)
[2025-12-06T08:26:08.947+0000][15216.923s][info ][gc,task     ] GC(214) Using 13 workers of 13 for evacuation
[2025-12-06T08:26:08.959+0000][15216.936s][info ][gc,phases   ] GC(214)   Pre Evacuate Collection Set: 1.4ms
[2025-12-06T08:26:08.959+0000][15216.936s][info ][gc,phases   ] GC(214)   Merge Heap Roots: 0.3ms
[2025-12-06T08:26:08.959+0000][15216.936s][info ][gc,phases   ] GC(214)   Evacuate Collection Set: 7.4ms
[2025-12-06T08:26:08.959+0000][15216.936s][info ][gc,phases   ] GC(214)   Post Evacuate Collection Set: 2.8ms
[2025-12-06T08:26:08.959+0000][15216.936s][info ][gc,phases   ] GC(214)   Other: 0.4ms
[2025-12-06T08:26:08.959+0000][15216.936s][info ][gc,heap     ] GC(214) Eden regions: 314->0(313)
[2025-12-06T08:26:08.959+0000][15216.936s][info ][gc,heap     ] GC(214) Survivor regions: 2->3(40)
[2025-12-06T08:26:08.959+0000][15216.936s][info ][gc,heap     ] GC(214) Old regions: 148->148
[2025-12-06T08:26:08.959+0000][15216.936s][info ][gc,heap     ] GC(214) Archive regions: 2->2
[2025-12-06T08:26:08.959+0000][15216.936s][info ][gc,heap     ] GC(214) Humongous regions: 0->0
[2025-12-06T08:26:08.959+0000][15216.936s][info ][gc,metaspace] GC(214) Metaspace: 207631K(209024K)->207631K(209024K) NonClass: 182842K(183552K)->182842K(183552K) Class: 24789K(25472K)->24789K(25472K)
[2025-12-06T08:26:08.959+0000][15216.936s][info ][gc          ] GC(214) Pause Young (Concurrent Start) (G1 Evacuation Pause) 463M->150M(527M) 12.346ms
[2025-12-06T08:26:08.959+0000][15216.936s][info ][gc,cpu      ] GC(214) User=0.07s Sys=0.00s Real=0.01s
[2025-12-06T08:26:08.959+0000][15216.936s][info ][gc          ] GC(215) Concurrent Mark Cycle
[2025-12-06T08:26:08.959+0000][15216.936s][info ][gc,marking  ] GC(215) Concurrent Clear Claimed Marks
[2025-12-06T08:26:08.959+0000][15216.936s][info ][gc,marking  ] GC(215) Concurrent Clear Claimed Marks 0.082ms
[2025-12-06T08:26:08.959+0000][15216.936s][info ][gc,marking  ] GC(215) Concurrent Scan Root Regions
[2025-12-06T08:26:08.959+0000][15216.936s][info ][safepoint   ] Safepoint "G1CollectForAllocation", Time since last: 24328611057 ns, Reaching safepoint: 127796 ns, Cleanup: 7645 ns, At safepoint: 12945592 ns, Total: 13081033 ns
[2025-12-06T08:26:08.965+0000][15216.942s][info ][gc,marking  ] GC(215) Concurrent Scan Root Regions 5.819ms
[2025-12-06T08:26:08.965+0000][15216.942s][info ][gc,marking  ] GC(215) Concurrent Mark
[2025-12-06T08:26:08.965+0000][15216.942s][info ][gc,marking  ] GC(215) Concurrent Mark From Roots
[2025-12-06T08:26:08.965+0000][15216.942s][info ][gc,task     ] GC(215) Using 3 workers of 3 for marking
[2025-12-06T08:26:09.049+0000][15217.026s][info ][gc,marking  ] GC(215) Concurrent Mark From Roots 83.689ms
[2025-12-06T08:26:09.049+0000][15217.026s][info ][gc,marking  ] GC(215) Concurrent Preclean
[2025-12-06T08:26:09.049+0000][15217.026s][info ][gc,marking  ] GC(215) Concurrent Preclean 0.374ms
[2025-12-06T08:26:09.049+0000][15217.026s][debug][safepoint   ] Safepoint synchronization initiated using futex wait barrier. (278 threads)
[2025-12-06T08:26:09.049+0000][15217.026s][info ][gc,start    ] GC(215) Pause Remark
[2025-12-06T08:26:09.067+0000][15217.044s][info ][gc          ] GC(215) Pause Remark 154M->154M(527M) 17.751ms
[2025-12-06T08:26:09.067+0000][15217.044s][info ][gc,cpu      ] GC(215) User=0.12s Sys=0.00s Real=0.02s
[2025-12-06T08:26:09.068+0000][15217.045s][info ][safepoint   ] Safepoint "G1PauseRemark", Time since last: 89903515 ns, Reaching safepoint: 47672 ns, Cleanup: 25609 ns, At safepoint: 18968017 ns, Total: 19041298 ns
[2025-12-06T08:26:09.068+0000][15217.045s][info ][gc,marking  ] GC(215) Concurrent Mark 103.346ms
[2025-12-06T08:26:09.068+0000][15217.045s][info ][gc,marking  ] GC(215) Concurrent Rebuild Remembered Sets
[2025-12-06T08:26:09.107+0000][15217.084s][info ][gc,marking  ] GC(215) Concurrent Rebuild Remembered Sets 38.890ms
[2025-12-06T08:26:09.107+0000][15217.084s][debug][safepoint   ] Safepoint synchronization initiated using futex wait barrier. (278 threads)
[2025-12-06T08:26:09.108+0000][15217.084s][info ][gc,start    ] GC(215) Pause Cleanup
[2025-12-06T08:26:09.108+0000][15217.085s][info ][gc          ] GC(215) Pause Cleanup 154M->154M(527M) 0.382ms
[2025-12-06T08:26:09.108+0000][15217.085s][info ][gc,cpu      ] GC(215) User=0.00s Sys=0.00s Real=0.00s
[2025-12-06T08:26:09.108+0000][15217.085s][info ][safepoint   ] Safepoint "G1PauseCleanup", Time since last: 39177043 ns, Reaching safepoint: 43774 ns, Cleanup: 3336 ns, At safepoint: 498679 ns, Total: 545789 ns
[2025-12-06T08:26:09.108+0000][15217.085s][info ][gc,marking  ] GC(215) Concurrent Cleanup for Next Mark
[2025-12-06T08:26:09.109+0000][15217.086s][info ][gc,marking  ] GC(215) Concurrent Cleanup for Next Mark 1.335ms
[2025-12-06T08:26:09.109+0000][15217.086s][info ][gc          ] GC(215) Concurrent Mark Cycle 150.401ms
[2025-12-06T08:26:17.110+0000][15225.087s][debug][safepoint   ] Safepoint synchronization initiated using futex wait barrier. (278 threads)
[2025-12-06T08:26:17.110+0000][15225.087s][info ][safepoint   ] Safepoint "Cleanup", Time since last: 8001998253 ns, Reaching safepoint: 78972 ns, Cleanup: 12213 ns, At safepoint: 4108 ns, Total: 95293 ns
[2025-12-06T08:30:07.761+0000][15455.753s][debug][safepoint   ] Safepoint synchronization initiated using futex wait barrier. (275 threads)
[2025-12-06T08:30:07.761+0000][15455.753s][info ][safepoint   ] Safepoint "Cleanup", Time since last: 230665964729 ns, Reaching safepoint: 134248 ns, Cleanup: 16512 ns, At safepoint: 5892 ns, Total: 156652 ns
[2025-12-06T08:30:32.019+0000][15480.011s][debug][safepoint   ] Safepoint synchronization initiated using futex wait barrier. (273 threads)
[2025-12-06T08:30:32.019+0000][15480.012s][info ][gc,start    ] GC(216) Pause Young (Prepare Mixed) (G1 Evacuation Pause)
[2025-12-06T08:30:32.019+0000][15480.012s][info ][gc,task     ] GC(216) Using 13 workers of 13 for evacuation
[2025-12-06T08:30:32.031+0000][15480.024s][info ][gc,phases   ] GC(216)   Pre Evacuate Collection Set: 0.5ms
[2025-12-06T08:30:32.031+0000][15480.024s][info ][gc,phases   ] GC(216)   Merge Heap Roots: 1.7ms
[2025-12-06T08:30:32.031+0000][15480.024s][info ][gc,phases   ] GC(216)   Evacuate Collection Set: 4.9ms
[2025-12-06T08:30:32.031+0000][15480.024s][info ][gc,phases   ] GC(216)   Post Evacuate Collection Set: 4.9ms
[2025-12-06T08:30:32.031+0000][15480.024s][info ][gc,phases   ] GC(216)   Other: 0.3ms
[2025-12-06T08:30:32.031+0000][15480.024s][info ][gc,heap     ] GC(216) Eden regions: 313->0(24)
[2025-12-06T08:30:32.031+0000][15480.024s][info ][gc,heap     ] GC(216) Survivor regions: 3->2(40)
[2025-12-06T08:30:32.031+0000][15480.024s][info ][gc,heap     ] GC(216) Old regions: 148->149
[2025-12-06T08:30:32.031+0000][15480.024s][info ][gc,heap     ] GC(216) Archive regions: 2->2
[2025-12-06T08:30:32.031+0000][15480.024s][info ][gc,heap     ] GC(216) Humongous regions: 0->0
[2025-12-06T08:30:32.031+0000][15480.024s][info ][gc,metaspace] GC(216) Metaspace: 207683K(209024K)->207683K(209024K) NonClass: 182893K(183552K)->182893K(183552K) Class: 24789K(25472K)->24789K(25472K)
[2025-12-06T08:30:32.032+0000][15480.024s][info ][gc          ] GC(216) Pause Young (Prepare Mixed) (G1 Evacuation Pause) 463M->150M(527M) 12.445ms
[2025-12-06T08:30:32.032+0000][15480.024s][info ][gc,cpu      ] GC(216) User=0.08s Sys=0.00s Real=0.01s
[2025-12-06T08:30:32.032+0000][15480.025s][info ][safepoint   ] Safepoint "G1CollectForAllocation", Time since last: 24257855841 ns, Reaching safepoint: 345775 ns, Cleanup: 7885 ns, At safepoint: 13542901 ns, Total: 13896561 ns
[2025-12-06T08:30:44.032+0000][15492.027s][debug][safepoint   ] Safepoint synchronization initiated using futex wait barrier. (273 threads)
[2025-12-06T08:30:44.032+0000][15492.027s][info ][safepoint   ] Safepoint "Cleanup", Time since last: 12001808468 ns, Reaching safepoint: 104892 ns, Cleanup: 15760 ns, At safepoint: 5741 ns, Total: 126393 ns
[2025-12-06T08:30:50.655+0000][15498.650s][debug][safepoint   ] Safepoint synchronization initiated using futex wait barrier. (273 threads)
[2025-12-06T08:30:50.656+0000][15498.651s][info ][gc,start    ] GC(217) Pause Young (Mixed) (G1 Evacuation Pause)
[2025-12-06T08:30:50.656+0000][15498.651s][info ][gc,task     ] GC(217) Using 13 workers of 13 for evacuation
[2025-12-06T08:30:50.667+0000][15498.662s][info ][gc,phases   ] GC(217)   Pre Evacuate Collection Set: 0.4ms
[2025-12-06T08:30:50.667+0000][15498.662s][info ][gc,phases   ] GC(217)   Merge Heap Roots: 0.5ms
[2025-12-06T08:30:50.667+0000][15498.662s][info ][gc,phases   ] GC(217)   Evacuate Collection Set: 8.1ms
[2025-12-06T08:30:50.667+0000][15498.662s][info ][gc,phases   ] GC(217)   Post Evacuate Collection Set: 2.2ms
[2025-12-06T08:30:50.667+0000][15498.662s][info ][gc,phases   ] GC(217)   Other: 0.2ms
[2025-12-06T08:30:50.667+0000][15498.662s][info ][gc,heap     ] GC(217) Eden regions: 24->0(313)
[2025-12-06T08:30:50.667+0000][15498.662s][info ][gc,heap     ] GC(217) Survivor regions: 2->3(4)
[2025-12-06T08:30:50.667+0000][15498.662s][info ][gc,heap     ] GC(217) Old regions: 149->147
[2025-12-06T08:30:50.667+0000][15498.662s][info ][gc,heap     ] GC(217) Archive regions: 2->2
[2025-12-06T08:30:50.667+0000][15498.662s][info ][gc,heap     ] GC(217) Humongous regions: 0->0
[2025-12-06T08:30:50.667+0000][15498.662s][info ][gc,metaspace] GC(217) Metaspace: 207683K(209024K)->207683K(209024K) NonClass: 182893K(183552K)->182893K(183552K) Class: 24789K(25472K)->24789K(25472K)
[2025-12-06T08:30:50.668+0000][15498.662s][info ][gc          ] GC(217) Pause Young (Mixed) (G1 Evacuation Pause) 174M->149M(527M) 11.402ms
[2025-12-06T08:30:50.668+0000][15498.662s][info ][gc,cpu      ] GC(217) User=0.09s Sys=0.00s Real=0.01s
[2025-12-06T08:30:50.668+0000][15498.663s][info ][safepoint   ] Safepoint "G1CollectForAllocation", Time since last: 6623006732 ns, Reaching safepoint: 755995 ns, Cleanup: 5250 ns, At safepoint: 12130154 ns, Total: 12891399 ns
[2025-12-06T08:33:37.933+0000][15665.938s][debug][safepoint   ] Safepoint synchronization initiated using futex wait barrier. (272 threads)
[2025-12-06T08:33:37.933+0000][15665.938s][info ][safepoint   ] Safepoint "Cleanup", Time since last: 167275441896 ns, Reaching safepoint: 94589 ns, Cleanup: 14157 ns, At safepoint: 4258 ns, Total: 113004 ns
[2025-12-06T08:35:14.301+0000][15762.313s][debug][safepoint   ] Safepoint synchronization initiated using futex wait barrier. (269 threads)
[2025-12-06T08:35:14.302+0000][15762.313s][info ][gc,start    ] GC(218) Pause Young (Concurrent Start) (G1 Evacuation Pause)
[2025-12-06T08:35:14.302+0000][15762.313s][info ][gc,task     ] GC(218) Using 13 workers of 13 for evacuation
[2025-12-06T08:35:14.329+0000][15762.341s][info ][gc,phases   ] GC(218)   Pre Evacuate Collection Set: 1.6ms
[2025-12-06T08:35:14.329+0000][15762.341s][info ][gc,phases   ] GC(218)   Merge Heap Roots: 0.4ms
[2025-12-06T08:35:14.329+0000][15762.341s][info ][gc,phases   ] GC(218)   Evacuate Collection Set: 18.7ms
[2025-12-06T08:35:14.329+0000][15762.341s][info ][gc,phases   ] GC(218)   Post Evacuate Collection Set: 5.8ms
[2025-12-06T08:35:14.329+0000][15762.341s][info ][gc,phases   ] GC(218)   Other: 1.2ms
[2025-12-06T08:35:14.329+0000][15762.341s][info ][gc,heap     ] GC(218) Eden regions: 313->0(314)
[2025-12-06T08:35:14.329+0000][15762.341s][info ][gc,heap     ] GC(218) Survivor regions: 3->2(40)
[2025-12-06T08:35:14.329+0000][15762.341s][info ][gc,heap     ] GC(218) Old regions: 147->147
[2025-12-06T08:35:14.329+0000][15762.341s][info ][gc,heap     ] GC(218) Archive regions: 2->2
[2025-12-06T08:35:14.330+0000][15762.341s][info ][gc,heap     ] GC(218) Humongous regions: 0->0
[2025-12-06T08:35:14.330+0000][15762.341s][info ][gc,metaspace] GC(218) Metaspace: 207705K(209088K)->207705K(209088K) NonClass: 182915K(183616K)->182915K(183616K) Class: 24789K(25472K)->24789K(25472K)
[2025-12-06T08:35:14.330+0000][15762.341s][info ][gc          ] GC(218) Pause Young (Concurrent Start) (G1 Evacuation Pause) 462M->149M(527M) 27.933ms
[2025-12-06T08:35:14.330+0000][15762.341s][info ][gc,cpu      ] GC(218) User=0.17s Sys=0.00s Real=0.03s
[2025-12-06T08:35:14.330+0000][15762.341s][info ][gc          ] GC(219) Concurrent Mark Cycle
[2025-12-06T08:35:14.330+0000][15762.341s][info ][gc,marking  ] GC(219) Concurrent Clear Claimed Marks
[2025-12-06T08:35:14.330+0000][15762.341s][info ][gc,marking  ] GC(219) Concurrent Clear Claimed Marks 0.204ms
[2025-12-06T08:35:14.330+0000][15762.341s][info ][gc,marking  ] GC(219) Concurrent Scan Root Regions
[2025-12-06T08:35:14.330+0000][15762.341s][info ][safepoint   ] Safepoint "G1CollectForAllocation", Time since last: 96374503464 ns, Reaching safepoint: 100193 ns, Cleanup: 5120 ns, At safepoint: 28501501 ns, Total: 28606814 ns
[2025-12-06T08:35:14.340+0000][15762.352s][info ][gc,marking  ] GC(219) Concurrent Scan Root Regions 10.274ms
[2025-12-06T08:35:14.340+0000][15762.352s][info ][gc,marking  ] GC(219) Concurrent Mark
[2025-12-06T08:35:14.340+0000][15762.352s][info ][gc,marking  ] GC(219) Concurrent Mark From Roots
[2025-12-06T08:35:14.340+0000][15762.352s][info ][gc,task     ] GC(219) Using 3 workers of 3 for marking
[2025-12-06T08:35:14.434+0000][15762.445s][info ][gc,marking  ] GC(219) Concurrent Mark From Roots 93.249ms
[2025-12-06T08:35:14.434+0000][15762.445s][info ][gc,marking  ] GC(219) Concurrent Preclean
[2025-12-06T08:35:14.434+0000][15762.445s][info ][gc,marking  ] GC(219) Concurrent Preclean 0.350ms
[2025-12-06T08:35:14.434+0000][15762.445s][debug][safepoint   ] Safepoint synchronization initiated using futex wait barrier. (269 threads)
[2025-12-06T08:35:14.434+0000][15762.445s][info ][gc,start    ] GC(219) Pause Remark
[2025-12-06T08:35:14.450+0000][15762.462s][info ][gc          ] GC(219) Pause Remark 155M->155M(524M) 16.181ms
[2025-12-06T08:35:14.450+0000][15762.462s][info ][gc,cpu      ] GC(219) User=0.17s Sys=0.00s Real=0.02s
[2025-12-06T08:35:14.451+0000][15762.462s][info ][safepoint   ] Safepoint "G1PauseRemark", Time since last: 103904417 ns, Reaching safepoint: 53964 ns, Cleanup: 4098 ns, At safepoint: 16850300 ns, Total: 16908362 ns
[2025-12-06T08:35:14.451+0000][15762.462s][info ][gc,marking  ] GC(219) Concurrent Mark 110.685ms
[2025-12-06T08:35:14.451+0000][15762.462s][info ][gc,marking  ] GC(219) Concurrent Rebuild Remembered Sets
[2025-12-06T08:35:14.493+0000][15762.504s][info ][gc,marking  ] GC(219) Concurrent Rebuild Remembered Sets 41.895ms
[2025-12-06T08:35:14.493+0000][15762.504s][debug][safepoint   ] Safepoint synchronization initiated using futex wait barrier. (269 threads)
[2025-12-06T08:35:14.493+0000][15762.504s][info ][gc,start    ] GC(219) Pause Cleanup
[2025-12-06T08:35:14.494+0000][15762.505s][info ][gc          ] GC(219) Pause Cleanup 155M->155M(524M) 0.550ms
[2025-12-06T08:35:14.494+0000][15762.505s][info ][gc,cpu      ] GC(219) User=0.00s Sys=0.00s Real=0.00s
[2025-12-06T08:35:14.494+0000][15762.505s][info ][safepoint   ] Safepoint "G1PauseCleanup", Time since last: 42079917 ns, Reaching safepoint: 38744 ns, Cleanup: 26892 ns, At safepoint: 718310 ns, Total: 783946 ns
[2025-12-06T08:35:14.494+0000][15762.505s][info ][gc,marking  ] GC(219) Concurrent Cleanup for Next Mark
[2025-12-06T08:35:14.505+0000][15762.516s][info ][gc,marking  ] GC(219) Concurrent Cleanup for Next Mark 11.076ms
[2025-12-06T08:35:14.505+0000][15762.516s][info ][gc          ] GC(219) Concurrent Mark Cycle 175.209ms
[2025-12-06T08:37:21.092+0000][15889.111s][debug][safepoint   ] Safepoint synchronization initiated using futex wait barrier. (266 threads)
[2025-12-06T08:37:21.093+0000][15889.111s][info ][safepoint   ] Safepoint "Cleanup", Time since last: 126605716985 ns, Reaching safepoint: 413135 ns, Cleanup: 23835 ns, At safepoint: 96245 ns, Total: 533215 ns
[2025-12-06T08:37:22.093+0000][15890.111s][debug][safepoint   ] Safepoint synchronization initiated using futex wait barrier. (269 threads)
[2025-12-06T08:37:22.093+0000][15890.112s][info ][safepoint   ] Safepoint "Cleanup", Time since last: 1000118760 ns, Reaching safepoint: 82338 ns, Cleanup: 16642 ns, At safepoint: 4048 ns, Total: 103028 ns
[2025-12-06T08:37:23.093+0000][15891.112s][debug][safepoint   ] Safepoint synchronization initiated using futex wait barrier. (269 threads)
[2025-12-06T08:37:23.093+0000][15891.112s][info ][safepoint   ] Safepoint "Cleanup", Time since last: 1000186578 ns, Reaching safepoint: 114710 ns, Cleanup: 32483 ns, At safepoint: 5791 ns, Total: 152984 ns
[2025-12-06T08:37:29.094+0000][15897.113s][debug][safepoint   ] Safepoint synchronization initiated using futex wait barrier. (269 threads)
[2025-12-06T08:37:29.095+0000][15897.113s][info ][safepoint   ] Safepoint "Cleanup", Time since last: 6001218280 ns, Reaching safepoint: 267775 ns, Cleanup: 29216 ns, At safepoint: 6973 ns, Total: 303964 ns
[2025-12-06T08:37:31.095+0000][15899.114s][debug][safepoint   ] Safepoint synchronization initiated using futex wait barrier. (270 threads)
[2025-12-06T08:37:31.095+0000][15899.114s][info ][safepoint   ] Safepoint "Cleanup", Time since last: 2000448258 ns, Reaching safepoint: 143275 ns, Cleanup: 50357 ns, At safepoint: 6993 ns, Total: 200625 ns
[2025-12-06T08:37:40.095+0000][15908.115s][debug][safepoint   ] Safepoint synchronization initiated using futex wait barrier. (270 threads)
[2025-12-06T08:37:40.095+0000][15908.115s][info ][safepoint   ] Safepoint "Cleanup", Time since last: 9001216577 ns, Reaching safepoint: 108878 ns, Cleanup: 15980 ns, At safepoint: 5931 ns, Total: 130789 ns
[2025-12-06T08:37:46.125+0000][15914.146s][debug][safepoint   ] Safepoint synchronization initiated using futex wait barrier. (270 threads)
[2025-12-06T08:37:46.125+0000][15914.146s][info ][safepoint   ] Safepoint "Cleanup", Time since last: 6030564676 ns, Reaching safepoint: 92428 ns, Cleanup: 25981 ns, At safepoint: 4428 ns, Total: 122837 ns
[2025-12-06T08:37:47.126+0000][15915.146s][debug][safepoint   ] Safepoint synchronization initiated using futex wait barrier. (272 threads)
[2025-12-06T08:37:47.126+0000][15915.146s][info ][safepoint   ] Safepoint "Cleanup", Time since last: 1000161851 ns, Reaching safepoint: 130503 ns, Cleanup: 18045 ns, At safepoint: 4929 ns, Total: 153477 ns
[2025-12-06T08:38:06.127+0000][15934.149s][debug][safepoint   ] Safepoint synchronization initiated using futex wait barrier. (272 threads)
[2025-12-06T08:38:06.127+0000][15934.150s][info ][safepoint   ] Safepoint "Cleanup", Time since last: 19002908937 ns, Reaching safepoint: 169425 ns, Cleanup: 27172 ns, At safepoint: 118698 ns, Total: 315295 ns
[2025-12-06T08:38:14.129+0000][15942.151s][debug][safepoint   ] Safepoint synchronization initiated using futex wait barrier. (272 threads)
[2025-12-06T08:38:14.129+0000][15942.152s][info ][safepoint   ] Safepoint "Cleanup", Time since last: 8001787190 ns, Reaching safepoint: 101555 ns, Cleanup: 13466 ns, At safepoint: 4278 ns, Total: 119299 ns
[2025-12-06T08:38:20.130+0000][15948.152s][debug][safepoint   ] Safepoint synchronization initiated using futex wait barrier. (270 threads)
[2025-12-06T08:38:20.130+0000][15948.153s][info ][safepoint   ] Safepoint "Cleanup", Time since last: 6000923876 ns, Reaching safepoint: 132274 ns, Cleanup: 25219 ns, At safepoint: 4839 ns, Total: 162332 ns
[2025-12-06T08:39:04.935+0000][15992.961s][debug][safepoint   ] Safepoint synchronization initiated using futex wait barrier. (272 threads)
[2025-12-06T08:39:04.935+0000][15992.961s][info ][gc,start    ] GC(220) Pause Young (Prepare Mixed) (G1 Evacuation Pause)
[2025-12-06T08:39:04.935+0000][15992.961s][info ][gc,task     ] GC(220) Using 13 workers of 13 for evacuation
[2025-12-06T08:39:04.944+0000][15992.970s][info ][gc,phases   ] GC(220)   Pre Evacuate Collection Set: 0.4ms
[2025-12-06T08:39:04.944+0000][15992.970s][info ][gc,phases   ] GC(220)   Merge Heap Roots: 0.4ms
[2025-12-06T08:39:04.944+0000][15992.970s][info ][gc,phases   ] GC(220)   Evacuate Collection Set: 5.5ms
[2025-12-06T08:39:04.944+0000][15992.970s][info ][gc,phases   ] GC(220)   Post Evacuate Collection Set: 2.0ms
[2025-12-06T08:39:04.944+0000][15992.970s][info ][gc,phases   ] GC(220)   Other: 0.2ms
[2025-12-06T08:39:04.944+0000][15992.970s][info ][gc,heap     ] GC(220) Eden regions: 312->0(24)
[2025-12-06T08:39:04.944+0000][15992.970s][info ][gc,heap     ] GC(220) Survivor regions: 2->2(40)
[2025-12-06T08:39:04.944+0000][15992.970s][info ][gc,heap     ] GC(220) Old regions: 147->148
[2025-12-06T08:39:04.944+0000][15992.970s][info ][gc,heap     ] GC(220) Archive regions: 2->2
[2025-12-06T08:39:04.944+0000][15992.970s][info ][gc,heap     ] GC(220) Humongous regions: 0->0
[2025-12-06T08:39:04.944+0000][15992.970s][info ][gc,metaspace] GC(220) Metaspace: 207731K(209152K)->207731K(209152K) NonClass: 182941K(183680K)->182941K(183680K) Class: 24789K(25472K)->24789K(25472K)
[2025-12-06T08:39:04.944+0000][15992.970s][info ][gc          ] GC(220) Pause Young (Prepare Mixed) (G1 Evacuation Pause) 461M->150M(524M) 8.666ms
[2025-12-06T08:39:04.944+0000][15992.970s][info ][gc,cpu      ] GC(220) User=0.06s Sys=0.00s Real=0.01s
[2025-12-06T08:39:04.945+0000][15992.971s][info ][safepoint   ] Safepoint "G1CollectForAllocation", Time since last: 44808521292 ns, Reaching safepoint: 143155 ns, Cleanup: 5290 ns, At safepoint: 9412536 ns, Total: 9560981 ns
[2025-12-06T08:39:10.946+0000][15998.972s][debug][safepoint   ] Safepoint synchronization initiated using futex wait barrier. (272 threads)
[2025-12-06T08:39:10.946+0000][15998.972s][info ][safepoint   ] Safepoint "Cleanup", Time since last: 6000845864 ns, Reaching safepoint: 77739 ns, Cleanup: 42933 ns, At safepoint: 5049 ns, Total: 125721 ns
[2025-12-06T08:39:23.639+0000][16011.665s][debug][safepoint   ] Safepoint synchronization initiated using futex wait barrier. (267 threads)
[2025-12-06T08:39:23.640+0000][16011.666s][info ][gc,start    ] GC(221) Pause Young (Mixed) (G1 Evacuation Pause)
[2025-12-06T08:39:23.640+0000][16011.666s][info ][gc,task     ] GC(221) Using 13 workers of 13 for evacuation
[2025-12-06T08:39:23.662+0000][16011.688s][info ][gc,phases   ] GC(221)   Pre Evacuate Collection Set: 0.6ms
[2025-12-06T08:39:23.662+0000][16011.688s][info ][gc,phases   ] GC(221)   Merge Heap Roots: 0.5ms
[2025-12-06T08:39:23.662+0000][16011.688s][info ][gc,phases   ] GC(221)   Evacuate Collection Set: 18.4ms
[2025-12-06T08:39:23.662+0000][16011.688s][info ][gc,phases   ] GC(221)   Post Evacuate Collection Set: 3.1ms
[2025-12-06T08:39:23.662+0000][16011.688s][info ][gc,phases   ] GC(221)   Other: 0.2ms
[2025-12-06T08:39:23.662+0000][16011.688s][info ][gc,heap     ] GC(221) Eden regions: 24->0(312)
[2025-12-06T08:39:23.662+0000][16011.688s][info ][gc,heap     ] GC(221) Survivor regions: 2->2(4)
[2025-12-06T08:39:23.662+0000][16011.688s][info ][gc,heap     ] GC(221) Old regions: 148->148
[2025-12-06T08:39:23.662+0000][16011.688s][info ][gc,heap     ] GC(221) Archive regions: 2->2
[2025-12-06T08:39:23.662+0000][16011.688s][info ][gc,heap     ] GC(221) Humongous regions: 0->0
[2025-12-06T08:39:23.662+0000][16011.688s][info ][gc,metaspace] GC(221) Metaspace: 207737K(209152K)->207737K(209152K) NonClass: 182947K(183680K)->182947K(183680K) Class: 24789K(25472K)->24789K(25472K)
[2025-12-06T08:39:23.662+0000][16011.689s][info ][gc          ] GC(221) Pause Young (Mixed) (G1 Evacuation Pause) 174M->149M(524M) 22.892ms
[2025-12-06T08:39:23.663+0000][16011.689s][info ][gc,cpu      ] GC(221) User=0.19s Sys=0.04s Real=0.02s
[2025-12-06T08:39:23.663+0000][16011.689s][info ][safepoint   ] Safepoint "G1CollectForAllocation", Time since last: 12693780490 ns, Reaching safepoint: 109460 ns, Cleanup: 5631 ns, At safepoint: 23474443 ns, Total: 23589534 ns
[2025-12-06T08:39:59.199+0000][16047.227s][debug][safepoint   ] Safepoint synchronization initiated using futex wait barrier. (266 threads)
[2025-12-06T08:39:59.199+0000][16047.227s][info ][safepoint   ] Safepoint "Cleanup", Time since last: 35538058343 ns, Reaching safepoint: 86046 ns, Cleanup: 14217 ns, At safepoint: 3457 ns, Total: 103720 ns
[2025-12-06T08:40:22.201+0000][16070.230s][debug][safepoint   ] Safepoint synchronization initiated using futex wait barrier. (268 threads)
[2025-12-06T08:40:22.201+0000][16070.231s][info ][safepoint   ] Safepoint "Cleanup", Time since last: 23003170806 ns, Reaching safepoint: 134608 ns, Cleanup: 59875 ns, At safepoint: 5070 ns, Total: 199553 ns
[2025-12-06T08:40:27.201+0000][16075.231s][debug][safepoint   ] Safepoint synchronization initiated using futex wait barrier. (268 threads)
[2025-12-06T08:40:27.202+0000][16075.231s][info ][safepoint   ] Safepoint "Cleanup", Time since last: 5000626380 ns, Reaching safepoint: 133636 ns, Cleanup: 14739 ns, At safepoint: 5320 ns, Total: 153695 ns
[2025-12-06T08:40:32.203+0000][16080.233s][debug][safepoint   ] Safepoint synchronization initiated using futex wait barrier. (270 threads)
[2025-12-06T08:40:32.203+0000][16080.233s][info ][safepoint   ] Safepoint "Cleanup", Time since last: 5001339473 ns, Reaching safepoint: 186047 ns, Cleanup: 32172 ns, At safepoint: 29166 ns, Total: 247385 ns
[2025-12-06T08:40:39.203+0000][16087.235s][debug][safepoint   ] Safepoint synchronization initiated using futex wait barrier. (282 threads)
[2025-12-06T08:40:39.203+0000][16087.235s][info ][safepoint   ] Safepoint "Cleanup", Time since last: 7001767669 ns, Reaching safepoint: 93208 ns, Cleanup: 15450 ns, At safepoint: 4559 ns, Total: 113217 ns
[2025-12-06T08:40:46.205+0000][16094.237s][debug][safepoint   ] Safepoint synchronization initiated using futex wait barrier. (282 threads)
[2025-12-06T08:40:46.205+0000][16094.237s][info ][safepoint   ] Safepoint "Cleanup", Time since last: 7001817593 ns, Reaching safepoint: 234951 ns, Cleanup: 44456 ns, At safepoint: 7494 ns, Total: 286901 ns
[2025-12-06T08:40:49.206+0000][16097.237s][debug][safepoint   ] Safepoint synchronization initiated using futex wait barrier. (282 threads)
[2025-12-06T08:40:49.206+0000][16097.238s][info ][safepoint   ] Safepoint "Cleanup", Time since last: 3000422862 ns, Reaching safepoint: 107537 ns, Cleanup: 115532 ns, At safepoint: 33143 ns, Total: 256212 ns
[2025-12-06T08:40:53.206+0000][16101.238s][debug][safepoint   ] Safepoint synchronization initiated using futex wait barrier. (282 threads)
[2025-12-06T08:40:53.207+0000][16101.238s][info ][safepoint   ] Safepoint "Cleanup", Time since last: 4000642105 ns, Reaching safepoint: 152222 ns, Cleanup: 19818 ns, At safepoint: 4729 ns, Total: 176769 ns
[2025-12-06T08:41:18.211+0000][16126.244s][debug][safepoint   ] Safepoint synchronization initiated using futex wait barrier. (287 threads)
[2025-12-06T08:41:18.211+0000][16126.244s][info ][safepoint   ] Safepoint "Cleanup", Time since last: 25005556616 ns, Reaching safepoint: 129249 ns, Cleanup: 107867 ns, At safepoint: 8236 ns, Total: 245352 ns
[2025-12-06T08:41:20.211+0000][16128.245s][debug][safepoint   ] Safepoint synchronization initiated using futex wait barrier. (285 threads)
[2025-12-06T08:41:20.211+0000][16128.245s][info ][safepoint   ] Safepoint "Cleanup", Time since last: 2000280472 ns, Reaching safepoint: 83000 ns, Cleanup: 13185 ns, At safepoint: 3807 ns, Total: 99992 ns
[2025-12-06T08:41:28.212+0000][16136.246s][debug][safepoint   ] Safepoint synchronization initiated using futex wait barrier. (285 threads)
[2025-12-06T08:41:28.213+0000][16136.246s][info ][safepoint   ] Safepoint "Cleanup", Time since last: 8001175206 ns, Reaching safepoint: 108428 ns, Cleanup: 14428 ns, At safepoint: 4419 ns, Total: 127275 ns
[2025-12-06T08:41:48.270+0000][16156.305s][debug][safepoint   ] Safepoint synchronization initiated using futex wait barrier. (286 threads)
[2025-12-06T08:41:48.270+0000][16156.305s][info ][safepoint   ] Safepoint "Cleanup", Time since last: 20059355482 ns, Reaching safepoint: 149628 ns, Cleanup: 19187 ns, At safepoint: 4528 ns, Total: 173343 ns
[2025-12-06T08:41:50.270+0000][16158.306s][debug][safepoint   ] Safepoint synchronization initiated using futex wait barrier. (286 threads)
[2025-12-06T08:41:50.270+0000][16158.306s][info ][safepoint   ] Safepoint "Cleanup", Time since last: 2000296213 ns, Reaching safepoint: 84703 ns, Cleanup: 12514 ns, At safepoint: 3247 ns, Total: 100464 ns
[2025-12-06T08:41:53.271+0000][16161.306s][debug][safepoint   ] Safepoint synchronization initiated using futex wait barrier. (286 threads)
[2025-12-06T08:41:53.271+0000][16161.307s][info ][safepoint   ] Safepoint "Cleanup", Time since last: 3000442434 ns, Reaching safepoint: 250483 ns, Cleanup: 48764 ns, At safepoint: 7885 ns, Total: 307132 ns
[2025-12-06T08:41:54.271+0000][16162.307s][debug][safepoint   ] Safepoint synchronization initiated using futex wait barrier. (286 threads)
[2025-12-06T08:41:54.271+0000][16162.307s][info ][safepoint   ] Safepoint "Cleanup", Time since last: 1000146434 ns, Reaching safepoint: 98289 ns, Cleanup: 15670 ns, At safepoint: 4870 ns, Total: 118829 ns
[2025-12-06T08:42:16.273+0000][16184.310s][debug][safepoint   ] Safepoint synchronization initiated using futex wait barrier. (294 threads)
[2025-12-06T08:42:16.273+0000][16184.310s][info ][safepoint   ] Safepoint "Cleanup", Time since last: 22003263591 ns, Reaching safepoint: 84453 ns, Cleanup: 22823 ns, At safepoint: 3237 ns, Total: 110513 ns
[2025-12-06T08:42:24.275+0000][16192.312s][debug][safepoint   ] Safepoint synchronization initiated using futex wait barrier. (294 threads)
[2025-12-06T08:42:24.275+0000][16192.312s][info ][safepoint   ] Safepoint "Cleanup", Time since last: 8001832911 ns, Reaching safepoint: 195015 ns, Cleanup: 21882 ns, At safepoint: 6032 ns, Total: 222929 ns
[2025-12-06T08:42:26.275+0000][16194.313s][debug][safepoint   ] Safepoint synchronization initiated using futex wait barrier. (294 threads)
[2025-12-06T08:42:26.275+0000][16194.313s][info ][safepoint   ] Safepoint "Cleanup", Time since last: 2000300874 ns, Reaching safepoint: 199344 ns, Cleanup: 38093 ns, At safepoint: 75435 ns, Total: 312872 ns
[2025-12-06T08:42:36.275+0000][16204.315s][debug][safepoint   ] Safepoint synchronization initiated using futex wait barrier. (295 threads)
[2025-12-06T08:42:36.275+0000][16204.315s][info ][safepoint   ] Safepoint "Cleanup", Time since last: 10001636566 ns, Reaching safepoint: 149917 ns, Cleanup: 26030 ns, At safepoint: 7404 ns, Total: 183351 ns
[2025-12-06T08:42:42.276+0000][16210.316s][debug][safepoint   ] Safepoint synchronization initiated using futex wait barrier. (300 threads)
[2025-12-06T08:42:42.276+0000][16210.316s][info ][safepoint   ] Safepoint "Cleanup", Time since last: 6001029502 ns, Reaching safepoint: 90012 ns, Cleanup: 11242 ns, At safepoint: 3897 ns, Total: 105151 ns
[2025-12-06T08:42:44.271+0000][16212.310s][debug][safepoint   ] Safepoint synchronization initiated using futex wait barrier. (300 threads)
[2025-12-06T08:42:44.271+0000][16212.311s][info ][gc,start    ] GC(222) Pause Young (Concurrent Start) (G1 Evacuation Pause)
[2025-12-06T08:42:44.271+0000][16212.311s][info ][gc,task     ] GC(222) Using 13 workers of 13 for evacuation
[2025-12-06T08:42:44.290+0000][16212.329s][info ][gc,phases   ] GC(222)   Pre Evacuate Collection Set: 1.0ms
[2025-12-06T08:42:44.290+0000][16212.329s][info ][gc,phases   ] GC(222)   Merge Heap Roots: 0.4ms
[2025-12-06T08:42:44.290+0000][16212.329s][info ][gc,phases   ] GC(222)   Evacuate Collection Set: 14.3ms
[2025-12-06T08:42:44.290+0000][16212.329s][info ][gc,phases   ] GC(222)   Post Evacuate Collection Set: 2.2ms
[2025-12-06T08:42:44.290+0000][16212.329s][info ][gc,phases   ] GC(222)   Other: 0.7ms
[2025-12-06T08:42:44.290+0000][16212.329s][info ][gc,heap     ] GC(222) Eden regions: 312->0(309)
[2025-12-06T08:42:44.290+0000][16212.329s][info ][gc,heap     ] GC(222) Survivor regions: 2->5(40)
[2025-12-06T08:42:44.290+0000][16212.329s][info ][gc,heap     ] GC(222) Old regions: 148->148
[2025-12-06T08:42:44.290+0000][16212.329s][info ][gc,heap     ] GC(222) Archive regions: 2->2
[2025-12-06T08:42:44.290+0000][16212.329s][info ][gc,heap     ] GC(222) Humongous regions: 0->0
[2025-12-06T08:42:44.290+0000][16212.329s][info ][gc,metaspace] GC(222) Metaspace: 208065K(209536K)->208065K(209536K) NonClass: 183223K(184000K)->183223K(184000K) Class: 24842K(25536K)->24842K(25536K)
[2025-12-06T08:42:44.290+0000][16212.329s][info ][gc          ] GC(222) Pause Young (Concurrent Start) (G1 Evacuation Pause) 461M->152M(524M) 18.731ms
[2025-12-06T08:42:44.290+0000][16212.329s][info ][gc,cpu      ] GC(222) User=0.18s Sys=0.00s Real=0.02s
[2025-12-06T08:42:44.290+0000][16212.330s][info ][gc          ] GC(223) Concurrent Mark Cycle
[2025-12-06T08:42:44.290+0000][16212.330s][info ][gc,marking  ] GC(223) Concurrent Clear Claimed Marks
[2025-12-06T08:42:44.290+0000][16212.330s][info ][gc,marking  ] GC(223) Concurrent Clear Claimed Marks 0.206ms
[2025-12-06T08:42:44.290+0000][16212.330s][info ][gc,marking  ] GC(223) Concurrent Scan Root Regions
[2025-12-06T08:42:44.290+0000][16212.330s][info ][safepoint   ] Safepoint "G1CollectForAllocation", Time since last: 1994624837 ns, Reaching safepoint: 102597 ns, Cleanup: 5160 ns, At safepoint: 19282482 ns, Total: 19390239 ns
[2025-12-06T08:42:44.294+0000][16212.334s][info ][gc,marking  ] GC(223) Concurrent Scan Root Regions 3.848ms
[2025-12-06T08:42:44.294+0000][16212.334s][info ][gc,marking  ] GC(223) Concurrent Mark
[2025-12-06T08:42:44.294+0000][16212.334s][info ][gc,marking  ] GC(223) Concurrent Mark From Roots
[2025-12-06T08:42:44.294+0000][16212.334s][info ][gc,task     ] GC(223) Using 3 workers of 3 for marking
[2025-12-06T08:42:44.379+0000][16212.418s][info ][gc,marking  ] GC(223) Concurrent Mark From Roots 84.627ms
[2025-12-06T08:42:44.379+0000][16212.418s][info ][gc,marking  ] GC(223) Concurrent Preclean
[2025-12-06T08:42:44.379+0000][16212.419s][info ][gc,marking  ] GC(223) Concurrent Preclean 0.355ms
[2025-12-06T08:42:44.379+0000][16212.419s][debug][safepoint   ] Safepoint synchronization initiated using futex wait barrier. (300 threads)
[2025-12-06T08:42:44.379+0000][16212.419s][info ][gc,start    ] GC(223) Pause Remark
[2025-12-06T08:42:44.396+0000][16212.435s][info ][gc          ] GC(223) Pause Remark 157M->157M(524M) 16.390ms
[2025-12-06T08:42:44.396+0000][16212.435s][info ][gc,cpu      ] GC(223) User=0.17s Sys=0.00s Real=0.02s
[2025-12-06T08:42:44.397+0000][16212.436s][info ][safepoint   ] Safepoint "G1PauseRemark", Time since last: 88951281 ns, Reaching safepoint: 47652 ns, Cleanup: 36971 ns, At safepoint: 17438235 ns, Total: 17522858 ns
[2025-12-06T08:42:44.397+0000][16212.436s][info ][gc,marking  ] GC(223) Concurrent Mark 102.737ms
[2025-12-06T08:42:44.397+0000][16212.436s][info ][gc,marking  ] GC(223) Concurrent Rebuild Remembered Sets
[2025-12-06T08:42:44.442+0000][16212.481s][info ][gc,marking  ] GC(223) Concurrent Rebuild Remembered Sets 44.745ms
[2025-12-06T08:42:44.442+0000][16212.481s][debug][safepoint   ] Safepoint synchronization initiated using futex wait barrier. (300 threads)
[2025-12-06T08:42:44.442+0000][16212.481s][info ][gc,start    ] GC(223) Pause Cleanup
[2025-12-06T08:42:44.442+0000][16212.482s][info ][gc          ] GC(223) Pause Cleanup 157M->157M(524M) 0.375ms
[2025-12-06T08:42:44.442+0000][16212.482s][info ][gc,cpu      ] GC(223) User=0.00s Sys=0.00s Real=0.00s
[2025-12-06T08:42:44.442+0000][16212.482s][info ][safepoint   ] Safepoint "G1PauseCleanup", Time since last: 45021899 ns, Reaching safepoint: 43664 ns, Cleanup: 3256 ns, At safepoint: 490632 ns, Total: 537552 ns
[2025-12-06T08:42:44.442+0000][16212.482s][info ][gc,marking  ] GC(223) Concurrent Cleanup for Next Mark
[2025-12-06T08:42:44.454+0000][16212.493s][info ][gc,marking  ] GC(223) Concurrent Cleanup for Next Mark 11.499ms
[2025-12-06T08:42:44.454+0000][16212.493s][info ][gc          ] GC(223) Concurrent Mark Cycle 163.925ms
[2025-12-06T08:42:47.443+0000][16215.482s][debug][safepoint   ] Safepoint synchronization initiated using futex wait barrier. (297 threads)
[2025-12-06T08:42:47.443+0000][16215.482s][info ][safepoint   ] Safepoint "Cleanup", Time since last: 3000488121 ns, Reaching safepoint: 74944 ns, Cleanup: 14288 ns, At safepoint: 3136 ns, Total: 92368 ns
[2025-12-06T08:42:50.443+0000][16218.483s][debug][safepoint   ] Safepoint synchronization initiated using futex wait barrier. (294 threads)
[2025-12-06T08:42:50.444+0000][16218.483s][info ][safepoint   ] Safepoint "Cleanup", Time since last: 3000489796 ns, Reaching safepoint: 220643 ns, Cleanup: 55377 ns, At safepoint: 6542 ns, Total: 282562 ns
[2025-12-06T08:42:52.444+0000][16220.483s][debug][safepoint   ] Safepoint synchronization initiated using futex wait barrier. (296 threads)
[2025-12-06T08:42:52.444+0000][16220.484s][info ][safepoint   ] Safepoint "Cleanup", Time since last: 2000219848 ns, Reaching safepoint: 85103 ns, Cleanup: 13496 ns, At safepoint: 3978 ns, Total: 102577 ns
[2025-12-06T08:43:13.446+0000][16241.487s][debug][safepoint   ] Safepoint synchronization initiated using futex wait barrier. (295 threads)
[2025-12-06T08:43:13.446+0000][16241.487s][info ][safepoint   ] Safepoint "Cleanup", Time since last: 21003006006 ns, Reaching safepoint: 240823 ns, Cleanup: 22653 ns, At safepoint: 85544 ns, Total: 349020 ns
[2025-12-06T08:44:08.359+0000][16296.403s][debug][safepoint   ] Safepoint synchronization initiated using futex wait barrier. (288 threads)
[2025-12-06T08:44:08.361+0000][16296.406s][info ][safepoint   ] Safepoint "Cleanup", Time since last: 54916482329 ns, Reaching safepoint: 2423141 ns, Cleanup: 10881 ns, At safepoint: 4529 ns, Total: 2438551 ns
[2025-12-06T08:44:15.363+0000][16303.407s][debug][safepoint   ] Safepoint synchronization initiated using futex wait barrier. (286 threads)
[2025-12-06T08:44:15.363+0000][16303.408s][info ][safepoint   ] Safepoint "Cleanup", Time since last: 7001310760 ns, Reaching safepoint: 294205 ns, Cleanup: 22924 ns, At safepoint: 42562 ns, Total: 359691 ns
[2025-12-06T08:46:45.072+0000][16453.125s][debug][safepoint   ] Safepoint synchronization initiated using futex wait barrier. (281 threads)
[2025-12-06T08:46:45.073+0000][16453.127s][info ][gc,start    ] GC(224) Pause Young (Prepare Mixed) (G1 Evacuation Pause)
[2025-12-06T08:46:45.073+0000][16453.127s][info ][gc,task     ] GC(224) Using 13 workers of 13 for evacuation
[2025-12-06T08:46:45.084+0000][16453.138s][info ][gc,phases   ] GC(224)   Pre Evacuate Collection Set: 0.4ms
[2025-12-06T08:46:45.084+0000][16453.138s][info ][gc,phases   ] GC(224)   Merge Heap Roots: 0.4ms
[2025-12-06T08:46:45.084+0000][16453.138s][info ][gc,phases   ] GC(224)   Evacuate Collection Set: 7.9ms
[2025-12-06T08:46:45.084+0000][16453.138s][info ][gc,phases   ] GC(224)   Post Evacuate Collection Set: 2.2ms
[2025-12-06T08:46:45.084+0000][16453.138s][info ][gc,phases   ] GC(224)   Other: 0.2ms
[2025-12-06T08:46:45.084+0000][16453.138s][info ][gc,heap     ] GC(224) Eden regions: 309->0(21)
[2025-12-06T08:46:45.084+0000][16453.138s][info ][gc,heap     ] GC(224) Survivor regions: 5->5(40)
[2025-12-06T08:46:45.084+0000][16453.138s][info ][gc,heap     ] GC(224) Old regions: 148->148
[2025-12-06T08:46:45.084+0000][16453.138s][info ][gc,heap     ] GC(224) Archive regions: 2->2
[2025-12-06T08:46:45.084+0000][16453.138s][info ][gc,heap     ] GC(224) Humongous regions: 0->0
[2025-12-06T08:46:45.084+0000][16453.138s][info ][gc,metaspace] GC(224) Metaspace: 208091K(209536K)->208091K(209536K) NonClass: 183246K(184000K)->183246K(184000K) Class: 24844K(25536K)->24844K(25536K)
[2025-12-06T08:46:45.084+0000][16453.138s][info ][gc          ] GC(224) Pause Young (Prepare Mixed) (G1 Evacuation Pause) 461M->152M(524M) 11.290ms
[2025-12-06T08:46:45.084+0000][16453.138s][info ][gc,cpu      ] GC(224) User=0.09s Sys=0.00s Real=0.01s
[2025-12-06T08:46:45.085+0000][16453.138s][info ][safepoint   ] Safepoint "G1CollectForAllocation", Time since last: 149717928239 ns, Reaching safepoint: 1353451 ns, Cleanup: 6012 ns, At safepoint: 11638717 ns, Total: 12998180 ns
[2025-12-06T08:47:01.363+0000][16469.417s][debug][safepoint   ] Safepoint synchronization initiated using futex wait barrier. (280 threads)
[2025-12-06T08:47:01.364+0000][16469.418s][info ][gc,start    ] GC(225) Pause Young (Mixed) (G1 Evacuation Pause)
[2025-12-06T08:47:01.364+0000][16469.418s][info ][gc,task     ] GC(225) Using 13 workers of 13 for evacuation
[2025-12-06T08:47:01.392+0000][16469.446s][info ][gc,phases   ] GC(225)   Pre Evacuate Collection Set: 0.6ms
[2025-12-06T08:47:01.392+0000][16469.446s][info ][gc,phases   ] GC(225)   Merge Heap Roots: 0.3ms
[2025-12-06T08:47:01.392+0000][16469.446s][info ][gc,phases   ] GC(225)   Evacuate Collection Set: 25.5ms
[2025-12-06T08:47:01.392+0000][16469.446s][info ][gc,phases   ] GC(225)   Post Evacuate Collection Set: 1.9ms
[2025-12-06T08:47:01.392+0000][16469.446s][info ][gc,phases   ] GC(225)   Other: 0.3ms
[2025-12-06T08:47:01.392+0000][16469.446s][info ][gc,heap     ] GC(225) Eden regions: 21->0(313)
[2025-12-06T08:47:01.393+0000][16469.446s][info ][gc,heap     ] GC(225) Survivor regions: 5->1(4)
[2025-12-06T08:47:01.393+0000][16469.446s][info ][gc,heap     ] GC(225) Old regions: 148->151
[2025-12-06T08:47:01.393+0000][16469.446s][info ][gc,heap     ] GC(225) Archive regions: 2->2
[2025-12-06T08:47:01.393+0000][16469.446s][info ][gc,heap     ] GC(225) Humongous regions: 0->0
[2025-12-06T08:47:01.393+0000][16469.446s][info ][gc,metaspace] GC(225) Metaspace: 208093K(209536K)->208093K(209536K) NonClass: 183248K(184000K)->183248K(184000K) Class: 24844K(25536K)->24844K(25536K)
[2025-12-06T08:47:01.393+0000][16469.446s][info ][gc          ] GC(225) Pause Young (Mixed) (G1 Evacuation Pause) 173M->151M(524M) 28.650ms
[2025-12-06T08:47:01.393+0000][16469.447s][info ][gc,cpu      ] GC(225) User=0.32s Sys=0.00s Real=0.03s
[2025-12-06T08:47:01.394+0000][16469.447s][info ][safepoint   ] Safepoint "G1CollectForAllocation", Time since last: 16278748187 ns, Reaching safepoint: 484069 ns, Cleanup: 5721 ns, At safepoint: 29671026 ns, Total: 30160816 ns
[2025-12-06T08:51:24.385+0000][16732.456s][debug][safepoint   ] Safepoint synchronization initiated using futex wait barrier. (275 threads)
[2025-12-06T08:51:24.386+0000][16732.456s][info ][gc,start    ] GC(226) Pause Young (Concurrent Start) (G1 Evacuation Pause)
[2025-12-06T08:51:24.386+0000][16732.456s][info ][gc,task     ] GC(226) Using 13 workers of 13 for evacuation
[2025-12-06T08:51:24.394+0000][16732.465s][info ][gc,phases   ] GC(226)   Pre Evacuate Collection Set: 0.9ms
[2025-12-06T08:51:24.394+0000][16732.465s][info ][gc,phases   ] GC(226)   Merge Heap Roots: 0.5ms
[2025-12-06T08:51:24.395+0000][16732.465s][info ][gc,phases   ] GC(226)   Evacuate Collection Set: 4.8ms
[2025-12-06T08:51:24.395+0000][16732.465s][info ][gc,phases   ] GC(226)   Post Evacuate Collection Set: 2.2ms
[2025-12-06T08:51:24.395+0000][16732.465s][info ][gc,phases   ] GC(226)   Other: 0.5ms
[2025-12-06T08:51:24.395+0000][16732.465s][info ][gc,heap     ] GC(226) Eden regions: 313->0(313)
[2025-12-06T08:51:24.395+0000][16732.465s][info ][gc,heap     ] GC(226) Survivor regions: 1->1(40)
[2025-12-06T08:51:24.395+0000][16732.465s][info ][gc,heap     ] GC(226) Old regions: 151->151
[2025-12-06T08:51:24.395+0000][16732.465s][info ][gc,heap     ] GC(226) Archive regions: 2->2
[2025-12-06T08:51:24.395+0000][16732.465s][info ][gc,heap     ] GC(226) Humongous regions: 0->0
[2025-12-06T08:51:24.395+0000][16732.465s][info ][gc,metaspace] GC(226) Metaspace: 208093K(209536K)->208093K(209536K) NonClass: 183248K(184000K)->183248K(184000K) Class: 24844K(25536K)->24844K(25536K)
[2025-12-06T08:51:24.395+0000][16732.465s][info ][gc          ] GC(226) Pause Young (Concurrent Start) (G1 Evacuation Pause) 464M->151M(524M) 9.063ms
[2025-12-06T08:51:24.395+0000][16732.465s][info ][gc,cpu      ] GC(226) User=0.07s Sys=0.00s Real=0.01s
[2025-12-06T08:51:24.395+0000][16732.465s][info ][gc          ] GC(227) Concurrent Mark Cycle
[2025-12-06T08:51:24.395+0000][16732.465s][info ][gc,marking  ] GC(227) Concurrent Clear Claimed Marks
[2025-12-06T08:51:24.395+0000][16732.466s][info ][safepoint   ] Safepoint "G1CollectForAllocation", Time since last: 263008299549 ns, Reaching safepoint: 413590 ns, Cleanup: 6282 ns, At safepoint: 9508246 ns, Total: 9928118 ns
[2025-12-06T08:51:24.395+0000][16732.466s][info ][gc,marking  ] GC(227) Concurrent Clear Claimed Marks 0.316ms
[2025-12-06T08:51:24.395+0000][16732.466s][info ][gc,marking  ] GC(227) Concurrent Scan Root Regions
[2025-12-06T08:51:24.400+0000][16732.471s][info ][gc,marking  ] GC(227) Concurrent Scan Root Regions 4.870ms
[2025-12-06T08:51:24.400+0000][16732.471s][info ][gc,marking  ] GC(227) Concurrent Mark
[2025-12-06T08:51:24.400+0000][16732.471s][info ][gc,marking  ] GC(227) Concurrent Mark From Roots
[2025-12-06T08:51:24.400+0000][16732.471s][info ][gc,task     ] GC(227) Using 3 workers of 3 for marking
[2025-12-06T08:51:24.496+0000][16732.567s][info ][gc,marking  ] GC(227) Concurrent Mark From Roots 95.806ms
[2025-12-06T08:51:24.496+0000][16732.567s][info ][gc,marking  ] GC(227) Concurrent Preclean
[2025-12-06T08:51:24.497+0000][16732.567s][info ][gc,marking  ] GC(227) Concurrent Preclean 0.756ms
[2025-12-06T08:51:24.497+0000][16732.568s][debug][safepoint   ] Safepoint synchronization initiated using futex wait barrier. (275 threads)
[2025-12-06T08:51:24.497+0000][16732.568s][info ][gc,start    ] GC(227) Pause Remark
[2025-12-06T08:51:24.520+0000][16732.591s][info ][gc          ] GC(227) Pause Remark 157M->157M(524M) 22.543ms
[2025-12-06T08:51:24.520+0000][16732.591s][info ][gc,cpu      ] GC(227) User=0.23s Sys=0.00s Real=0.03s
[2025-12-06T08:51:24.521+0000][16732.592s][info ][safepoint   ] Safepoint "G1PauseRemark", Time since last: 102382544 ns, Reaching safepoint: 54825 ns, Cleanup: 4789 ns, At safepoint: 23919151 ns, Total: 23978765 ns
[2025-12-06T08:51:24.521+0000][16732.592s][info ][gc,marking  ] GC(227) Concurrent Mark 121.323ms
[2025-12-06T08:51:24.521+0000][16732.592s][info ][gc,marking  ] GC(227) Concurrent Rebuild Remembered Sets
[2025-12-06T08:51:24.592+0000][16732.663s][info ][gc,marking  ] GC(227) Concurrent Rebuild Remembered Sets 70.683ms
[2025-12-06T08:51:24.592+0000][16732.663s][debug][safepoint   ] Safepoint synchronization initiated using futex wait barrier. (275 threads)
[2025-12-06T08:51:24.592+0000][16732.663s][info ][gc,start    ] GC(227) Pause Cleanup
[2025-12-06T08:51:24.593+0000][16732.664s][info ][gc          ] GC(227) Pause Cleanup 157M->157M(524M) 0.755ms
[2025-12-06T08:51:24.593+0000][16732.664s][info ][gc,cpu      ] GC(227) User=0.00s Sys=0.00s Real=0.00s
[2025-12-06T08:51:24.593+0000][16732.664s][info ][safepoint   ] Safepoint "G1PauseCleanup", Time since last: 71045321 ns, Reaching safepoint: 58662 ns, Cleanup: 36020 ns, At safepoint: 935969 ns, Total: 1030651 ns
[2025-12-06T08:51:24.593+0000][16732.664s][info ][gc,marking  ] GC(227) Concurrent Cleanup for Next Mark
[2025-12-06T08:51:24.598+0000][16732.669s][info ][gc,marking  ] GC(227) Concurrent Cleanup for Next Mark 4.934ms
[2025-12-06T08:51:24.599+0000][16732.669s][info ][gc          ] GC(227) Concurrent Mark Cycle 203.859ms
[2025-12-06T08:52:45.722+0000][16813.799s][debug][safepoint   ] Safepoint synchronization initiated using futex wait barrier. (277 threads)
[2025-12-06T08:52:45.722+0000][16813.799s][info ][safepoint   ] Safepoint "Cleanup", Time since last: 81134569770 ns, Reaching safepoint: 153796 ns, Cleanup: 79613 ns, At safepoint: 7645 ns, Total: 241054 ns
[2025-12-06T08:55:47.644+0000][16995.732s][debug][safepoint   ] Safepoint synchronization initiated using futex wait barrier. (272 threads)
[2025-12-06T08:55:47.647+0000][16995.735s][info ][gc,start    ] GC(228) Pause Young (Prepare Mixed) (G1 Evacuation Pause)
[2025-12-06T08:55:47.647+0000][16995.735s][info ][gc,task     ] GC(228) Using 13 workers of 13 for evacuation
[2025-12-06T08:55:47.655+0000][16995.743s][info ][gc,phases   ] GC(228)   Pre Evacuate Collection Set: 0.6ms
[2025-12-06T08:55:47.655+0000][16995.743s][info ][gc,phases   ] GC(228)   Merge Heap Roots: 0.5ms
[2025-12-06T08:55:47.655+0000][16995.743s][info ][gc,phases   ] GC(228)   Evacuate Collection Set: 3.5ms
[2025-12-06T08:55:47.655+0000][16995.743s][info ][gc,phases   ] GC(228)   Post Evacuate Collection Set: 2.9ms
[2025-12-06T08:55:47.655+0000][16995.743s][info ][gc,phases   ] GC(228)   Other: 0.7ms
[2025-12-06T08:55:47.655+0000][16995.743s][info ][gc,heap     ] GC(228) Eden regions: 313->0(25)
[2025-12-06T08:55:47.655+0000][16995.743s][info ][gc,heap     ] GC(228) Survivor regions: 1->1(40)
[2025-12-06T08:55:47.655+0000][16995.743s][info ][gc,heap     ] GC(228) Old regions: 151->151
[2025-12-06T08:55:47.655+0000][16995.743s][info ][gc,heap     ] GC(228) Archive regions: 2->2
[2025-12-06T08:55:47.655+0000][16995.743s][info ][gc,heap     ] GC(228) Humongous regions: 0->0
[2025-12-06T08:55:47.655+0000][16995.743s][info ][gc,metaspace] GC(228) Metaspace: 208093K(209536K)->208093K(209536K) NonClass: 183248K(184000K)->183248K(184000K) Class: 24844K(25536K)->24844K(25536K)
[2025-12-06T08:55:47.655+0000][16995.743s][info ][gc          ] GC(228) Pause Young (Prepare Mixed) (G1 Evacuation Pause) 464M->151M(524M) 8.042ms
[2025-12-06T08:55:47.655+0000][16995.743s][info ][gc,cpu      ] GC(228) User=0.06s Sys=0.00s Real=0.01s
[2025-12-06T08:55:47.655+0000][16995.743s][info ][safepoint   ] Safepoint "G1CollectForAllocation", Time since last: 181932975415 ns, Reaching safepoint: 2854652 ns, Cleanup: 60897 ns, At safepoint: 8713878 ns, Total: 11629427 ns
[2025-12-06T08:56:07.383+0000][17015.474s][debug][safepoint   ] Safepoint synchronization initiated using futex wait barrier. (271 threads)
[2025-12-06T08:56:07.384+0000][17015.475s][info ][gc,start    ] GC(229) Pause Young (Mixed) (G1 Evacuation Pause)
[2025-12-06T08:56:07.384+0000][17015.475s][info ][gc,task     ] GC(229) Using 13 workers of 13 for evacuation
[2025-12-06T08:56:07.416+0000][17015.506s][info ][gc,phases   ] GC(229)   Pre Evacuate Collection Set: 0.4ms
[2025-12-06T08:56:07.416+0000][17015.507s][info ][gc,phases   ] GC(229)   Merge Heap Roots: 0.6ms
[2025-12-06T08:56:07.416+0000][17015.507s][info ][gc,phases   ] GC(229)   Evacuate Collection Set: 27.5ms
[2025-12-06T08:56:07.416+0000][17015.507s][info ][gc,phases   ] GC(229)   Post Evacuate Collection Set: 3.2ms
[2025-12-06T08:56:07.416+0000][17015.507s][info ][gc,phases   ] GC(229)   Other: 0.4ms
[2025-12-06T08:56:07.416+0000][17015.507s][info ][gc,heap     ] GC(229) Eden regions: 25->0(313)
[2025-12-06T08:56:07.416+0000][17015.507s][info ][gc,heap     ] GC(229) Survivor regions: 1->1(4)
[2025-12-06T08:56:07.416+0000][17015.507s][info ][gc,heap     ] GC(229) Old regions: 151->150
[2025-12-06T08:56:07.416+0000][17015.507s][info ][gc,heap     ] GC(229) Archive regions: 2->2
[2025-12-06T08:56:07.416+0000][17015.507s][info ][gc,heap     ] GC(229) Humongous regions: 0->0
[2025-12-06T08:56:07.416+0000][17015.507s][info ][gc,metaspace] GC(229) Metaspace: 208093K(209536K)->208093K(209536K) NonClass: 183248K(184000K)->183248K(184000K) Class: 24844K(25536K)->24844K(25536K)
[2025-12-06T08:56:07.416+0000][17015.507s][info ][gc          ] GC(229) Pause Young (Mixed) (G1 Evacuation Pause) 176M->150M(524M) 32.163ms
[2025-12-06T08:56:07.416+0000][17015.507s][info ][gc,cpu      ] GC(229) User=0.34s Sys=0.00s Real=0.03s
[2025-12-06T08:56:07.417+0000][17015.508s][info ][safepoint   ] Safepoint "G1CollectForAllocation", Time since last: 19730751160 ns, Reaching safepoint: 176208 ns, Cleanup: 7765 ns, At safepoint: 33703417 ns, Total: 33887390 ns
[2025-12-06T09:00:30.922+0000][17279.030s][debug][safepoint   ] Safepoint synchronization initiated using futex wait barrier. (268 threads)
[2025-12-06T09:00:30.923+0000][17279.030s][info ][gc,start    ] GC(230) Pause Young (Concurrent Start) (G1 Evacuation Pause)
[2025-12-06T09:00:30.923+0000][17279.030s][info ][gc,task     ] GC(230) Using 13 workers of 13 for evacuation
[2025-12-06T09:00:30.934+0000][17279.042s][info ][gc,phases   ] GC(230)   Pre Evacuate Collection Set: 1.4ms
[2025-12-06T09:00:30.934+0000][17279.042s][info ][gc,phases   ] GC(230)   Merge Heap Roots: 0.5ms
[2025-12-06T09:00:30.934+0000][17279.042s][info ][gc,phases   ] GC(230)   Evacuate Collection Set: 5.9ms
[2025-12-06T09:00:30.935+0000][17279.042s][info ][gc,phases   ] GC(230)   Post Evacuate Collection Set: 3.6ms
[2025-12-06T09:00:30.935+0000][17279.042s][info ][gc,phases   ] GC(230)   Other: 0.5ms
[2025-12-06T09:00:30.935+0000][17279.042s][info ][gc,heap     ] GC(230) Eden regions: 313->0(313)
[2025-12-06T09:00:30.935+0000][17279.042s][info ][gc,heap     ] GC(230) Survivor regions: 1->1(40)
[2025-12-06T09:00:30.935+0000][17279.042s][info ][gc,heap     ] GC(230) Old regions: 150->150
[2025-12-06T09:00:30.935+0000][17279.042s][info ][gc,heap     ] GC(230) Archive regions: 2->2
[2025-12-06T09:00:30.935+0000][17279.042s][info ][gc,heap     ] GC(230) Humongous regions: 0->0
[2025-12-06T09:00:30.935+0000][17279.042s][info ][gc,metaspace] GC(230) Metaspace: 208093K(209536K)->208093K(209536K) NonClass: 183248K(184000K)->183248K(184000K) Class: 24844K(25536K)->24844K(25536K)
[2025-12-06T09:00:30.935+0000][17279.042s][info ][gc          ] GC(230) Pause Young (Concurrent Start) (G1 Evacuation Pause) 463M->150M(524M) 11.938ms
[2025-12-06T09:00:30.935+0000][17279.042s][info ][gc,cpu      ] GC(230) User=0.07s Sys=0.00s Real=0.01s
[2025-12-06T09:00:30.935+0000][17279.042s][info ][gc          ] GC(231) Concurrent Mark Cycle
[2025-12-06T09:00:30.935+0000][17279.042s][info ][gc,marking  ] GC(231) Concurrent Clear Claimed Marks
[2025-12-06T09:00:30.935+0000][17279.042s][info ][safepoint   ] Safepoint "G1CollectForAllocation", Time since last: 263521640274 ns, Reaching safepoint: 228130 ns, Cleanup: 11883 ns, At safepoint: 12264102 ns, Total: 12504115 ns
[2025-12-06T09:00:30.935+0000][17279.043s][info ][gc,marking  ] GC(231) Concurrent Clear Claimed Marks 0.294ms
[2025-12-06T09:00:30.935+0000][17279.043s][info ][gc,marking  ] GC(231) Concurrent Scan Root Regions
[2025-12-06T09:00:30.947+0000][17279.054s][info ][gc,marking  ] GC(231) Concurrent Scan Root Regions 11.418ms
[2025-12-06T09:00:30.947+0000][17279.054s][info ][gc,marking  ] GC(231) Concurrent Mark
[2025-12-06T09:00:30.947+0000][17279.054s][info ][gc,marking  ] GC(231) Concurrent Mark From Roots
[2025-12-06T09:00:30.947+0000][17279.054s][info ][gc,task     ] GC(231) Using 3 workers of 3 for marking
[2025-12-06T09:00:31.055+0000][17279.162s][info ][gc,marking  ] GC(231) Concurrent Mark From Roots 108.108ms
[2025-12-06T09:00:31.055+0000][17279.162s][info ][gc,marking  ] GC(231) Concurrent Preclean
[2025-12-06T09:00:31.055+0000][17279.163s][info ][gc,marking  ] GC(231) Concurrent Preclean 0.421ms
[2025-12-06T09:00:31.055+0000][17279.163s][debug][safepoint   ] Safepoint synchronization initiated using futex wait barrier. (268 threads)
[2025-12-06T09:00:31.056+0000][17279.163s][info ][gc,start    ] GC(231) Pause Remark
[2025-12-06T09:00:31.080+0000][17279.187s][info ][gc          ] GC(231) Pause Remark 156M->156M(524M) 23.979ms
[2025-12-06T09:00:31.080+0000][17279.187s][info ][gc,cpu      ] GC(231) User=0.27s Sys=0.00s Real=0.02s
[2025-12-06T09:00:31.081+0000][17279.188s][info ][safepoint   ] Safepoint "G1PauseRemark", Time since last: 120579826 ns, Reaching safepoint: 40588 ns, Cleanup: 3998 ns, At safepoint: 25214095 ns, Total: 25258681 ns
[2025-12-06T09:00:31.081+0000][17279.188s][info ][gc,marking  ] GC(231) Concurrent Mark 134.074ms
[2025-12-06T09:00:31.081+0000][17279.188s][info ][gc,marking  ] GC(231) Concurrent Rebuild Remembered Sets
[2025-12-06T09:00:31.128+0000][17279.236s][info ][gc,marking  ] GC(231) Concurrent Rebuild Remembered Sets 47.584ms
[2025-12-06T09:00:31.129+0000][17279.236s][debug][safepoint   ] Safepoint synchronization initiated using futex wait barrier. (268 threads)
[2025-12-06T09:00:31.129+0000][17279.236s][info ][gc,start    ] GC(231) Pause Cleanup
[2025-12-06T09:00:31.129+0000][17279.237s][info ][gc          ] GC(231) Pause Cleanup 156M->156M(524M) 0.483ms
[2025-12-06T09:00:31.129+0000][17279.237s][info ][gc,cpu      ] GC(231) User=0.00s Sys=0.00s Real=0.00s
[2025-12-06T09:00:31.129+0000][17279.237s][info ][safepoint   ] Safepoint "G1PauseCleanup", Time since last: 47870231 ns, Reaching safepoint: 62531 ns, Cleanup: 48093 ns, At safepoint: 683057 ns, Total: 793681 ns
[2025-12-06T09:00:31.129+0000][17279.237s][info ][gc,marking  ] GC(231) Concurrent Cleanup for Next Mark
[2025-12-06T09:00:31.136+0000][17279.243s][info ][gc,marking  ] GC(231) Concurrent Cleanup for Next Mark 6.009ms
[2025-12-06T09:00:31.136+0000][17279.243s][info ][gc          ] GC(231) Concurrent Mark Cycle 200.717ms
[2025-12-06T09:02:08.049+0000][17376.164s][debug][safepoint   ] Safepoint synchronization initiated using futex wait barrier. (265 threads)
[2025-12-06T09:02:08.050+0000][17376.165s][info ][safepoint   ] Safepoint "Cleanup", Time since last: 96927758631 ns, Reaching safepoint: 768671 ns, Cleanup: 29286 ns, At safepoint: 8677 ns, Total: 806634 ns
[2025-12-06T09:04:54.389+0000][17542.514s][debug][safepoint   ] Safepoint synchronization initiated using futex wait barrier. (266 threads)
[2025-12-06T09:04:54.389+0000][17542.514s][info ][gc,start    ] GC(232) Pause Young (Prepare Mixed) (G1 Evacuation Pause)
[2025-12-06T09:04:54.389+0000][17542.514s][info ][gc,task     ] GC(232) Using 13 workers of 13 for evacuation
[2025-12-06T09:04:54.397+0000][17542.522s][info ][gc,phases   ] GC(232)   Pre Evacuate Collection Set: 0.6ms
[2025-12-06T09:04:54.397+0000][17542.522s][info ][gc,phases   ] GC(232)   Merge Heap Roots: 0.3ms
[2025-12-06T09:04:54.397+0000][17542.522s][info ][gc,phases   ] GC(232)   Evacuate Collection Set: 3.3ms
[2025-12-06T09:04:54.397+0000][17542.522s][info ][gc,phases   ] GC(232)   Post Evacuate Collection Set: 3.0ms
[2025-12-06T09:04:54.397+0000][17542.522s][info ][gc,phases   ] GC(232)   Other: 0.3ms
[2025-12-06T09:04:54.397+0000][17542.522s][info ][gc,heap     ] GC(232) Eden regions: 313->0(25)
[2025-12-06T09:04:54.397+0000][17542.522s][info ][gc,heap     ] GC(232) Survivor regions: 1->1(40)
[2025-12-06T09:04:54.397+0000][17542.522s][info ][gc,heap     ] GC(232) Old regions: 150->150
[2025-12-06T09:04:54.397+0000][17542.522s][info ][gc,heap     ] GC(232) Archive regions: 2->2
[2025-12-06T09:04:54.397+0000][17542.522s][info ][gc,heap     ] GC(232) Humongous regions: 0->0
[2025-12-06T09:04:54.397+0000][17542.522s][info ][gc,metaspace] GC(232) Metaspace: 208094K(209536K)->208094K(209536K) NonClass: 183249K(184000K)->183249K(184000K) Class: 24844K(25536K)->24844K(25536K)
[2025-12-06T09:04:54.397+0000][17542.522s][info ][gc          ] GC(232) Pause Young (Prepare Mixed) (G1 Evacuation Pause) 463M->150M(524M) 7.740ms
[2025-12-06T09:04:54.397+0000][17542.522s][info ][gc,cpu      ] GC(232) User=0.02s Sys=0.00s Real=0.01s
[2025-12-06T09:04:54.397+0000][17542.522s][info ][safepoint   ] Safepoint "G1CollectForAllocation", Time since last: 166348509533 ns, Reaching safepoint: 104782 ns, Cleanup: 7885 ns, At safepoint: 8117032 ns, Total: 8229699 ns
[2025-12-06T09:05:14.094+0000][17562.221s][debug][safepoint   ] Safepoint synchronization initiated using futex wait barrier. (265 threads)
[2025-12-06T09:05:14.094+0000][17562.222s][info ][gc,start    ] GC(233) Pause Young (Mixed) (G1 Evacuation Pause)
[2025-12-06T09:05:14.094+0000][17562.222s][info ][gc,task     ] GC(233) Using 13 workers of 13 for evacuation
[2025-12-06T09:05:14.117+0000][17562.245s][info ][gc,phases   ] GC(233)   Pre Evacuate Collection Set: 0.7ms
[2025-12-06T09:05:14.117+0000][17562.245s][info ][gc,phases   ] GC(233)   Merge Heap Roots: 0.3ms
[2025-12-06T09:05:14.117+0000][17562.245s][info ][gc,phases   ] GC(233)   Evacuate Collection Set: 19.3ms
[2025-12-06T09:05:14.117+0000][17562.245s][info ][gc,phases   ] GC(233)   Post Evacuate Collection Set: 2.4ms
[2025-12-06T09:05:14.117+0000][17562.245s][info ][gc,phases   ] GC(233)   Other: 0.3ms
[2025-12-06T09:05:14.117+0000][17562.245s][info ][gc,heap     ] GC(233) Eden regions: 25->0(313)
[2025-12-06T09:05:14.117+0000][17562.245s][info ][gc,heap     ] GC(233) Survivor regions: 1->1(4)
[2025-12-06T09:05:14.117+0000][17562.245s][info ][gc,heap     ] GC(233) Old regions: 150->150
[2025-12-06T09:05:14.118+0000][17562.245s][info ][gc,heap     ] GC(233) Archive regions: 2->2
[2025-12-06T09:05:14.118+0000][17562.245s][info ][gc,heap     ] GC(233) Humongous regions: 0->0
[2025-12-06T09:05:14.118+0000][17562.245s][info ][gc,metaspace] GC(233) Metaspace: 208094K(209536K)->208094K(209536K) NonClass: 183249K(184000K)->183249K(184000K) Class: 24844K(25536K)->24844K(25536K)
[2025-12-06T09:05:14.118+0000][17562.245s][info ][gc          ] GC(233) Pause Young (Mixed) (G1 Evacuation Pause) 175M->150M(524M) 23.265ms
[2025-12-06T09:05:14.118+0000][17562.245s][info ][gc,cpu      ] GC(233) User=0.23s Sys=0.00s Real=0.02s
[2025-12-06T09:05:14.119+0000][17562.246s][info ][safepoint   ] Safepoint "G1CollectForAllocation", Time since last: 19699268830 ns, Reaching safepoint: 194814 ns, Cleanup: 5150 ns, At safepoint: 24210632 ns, Total: 24410596 ns
[2025-12-06T09:07:04.214+0000][17672.347s][debug][safepoint   ] Safepoint synchronization initiated using futex wait barrier. (267 threads)
[2025-12-06T09:07:04.215+0000][17672.347s][info ][safepoint   ] Safepoint "Cleanup", Time since last: 110101502890 ns, Reaching safepoint: 94141 ns, Cleanup: 12674 ns, At safepoint: 3377 ns, Total: 110192 ns
[2025-12-06T09:09:04.283+0000][17792.424s][debug][safepoint   ] Safepoint synchronization initiated using futex wait barrier. (268 threads)
[2025-12-06T09:09:04.283+0000][17792.424s][info ][safepoint   ] Safepoint "Cleanup", Time since last: 120076337493 ns, Reaching safepoint: 88501 ns, Cleanup: 14658 ns, At safepoint: 3767 ns, Total: 106926 ns
[2025-12-06T09:09:05.281+0000][17793.424s][debug][safepoint   ] Safepoint synchronization initiated using futex wait barrier. (268 threads)
[2025-12-06T09:09:05.281+0000][17793.424s][info ][safepoint   ] Safepoint "Cleanup", Time since last: 1000138129 ns, Reaching safepoint: 98589 ns, Cleanup: 17203 ns, At safepoint: 4118 ns, Total: 119910 ns
[2025-12-06T09:09:36.059+0000][17824.203s][debug][safepoint   ] Safepoint synchronization initiated using futex wait barrier. (265 threads)
[2025-12-06T09:09:36.059+0000][17824.204s][info ][gc,start    ] GC(234) Pause Young (Concurrent Start) (G1 Evacuation Pause)
[2025-12-06T09:09:36.059+0000][17824.204s][info ][gc,task     ] GC(234) Using 13 workers of 13 for evacuation
[2025-12-06T09:09:36.066+0000][17824.210s][info ][gc,phases   ] GC(234)   Pre Evacuate Collection Set: 0.9ms
[2025-12-06T09:09:36.066+0000][17824.210s][info ][gc,phases   ] GC(234)   Merge Heap Roots: 0.4ms
[2025-12-06T09:09:36.066+0000][17824.210s][info ][gc,phases   ] GC(234)   Evacuate Collection Set: 2.9ms
[2025-12-06T09:09:36.066+0000][17824.210s][info ][gc,phases   ] GC(234)   Post Evacuate Collection Set: 1.7ms
[2025-12-06T09:09:36.066+0000][17824.210s][info ][gc,phases   ] GC(234)   Other: 0.4ms
[2025-12-06T09:09:36.066+0000][17824.210s][info ][gc,heap     ] GC(234) Eden regions: 313->0(313)
[2025-12-06T09:09:36.066+0000][17824.210s][info ][gc,heap     ] GC(234) Survivor regions: 1->1(40)
[2025-12-06T09:09:36.066+0000][17824.210s][info ][gc,heap     ] GC(234) Old regions: 150->150
[2025-12-06T09:09:36.066+0000][17824.210s][info ][gc,heap     ] GC(234) Archive regions: 2->2
[2025-12-06T09:09:36.066+0000][17824.210s][info ][gc,heap     ] GC(234) Humongous regions: 0->0
[2025-12-06T09:09:36.066+0000][17824.210s][info ][gc,metaspace] GC(234) Metaspace: 208124K(209536K)->208124K(209536K) NonClass: 183280K(184000K)->183280K(184000K) Class: 24844K(25536K)->24844K(25536K)
[2025-12-06T09:09:36.066+0000][17824.210s][info ][gc          ] GC(234) Pause Young (Concurrent Start) (G1 Evacuation Pause) 463M->151M(524M) 6.246ms
[2025-12-06T09:09:36.066+0000][17824.210s][info ][gc,cpu      ] GC(234) User=0.02s Sys=0.02s Real=0.01s
[2025-12-06T09:09:36.066+0000][17824.210s][info ][gc          ] GC(235) Concurrent Mark Cycle
[2025-12-06T09:09:36.066+0000][17824.210s][info ][gc,marking  ] GC(235) Concurrent Clear Claimed Marks
[2025-12-06T09:09:36.066+0000][17824.210s][info ][safepoint   ] Safepoint "G1CollectForAllocation", Time since last: 30779274159 ns, Reaching safepoint: 99121 ns, Cleanup: 5851 ns, At safepoint: 6613915 ns, Total: 6718887 ns
[2025-12-06T09:09:36.066+0000][17824.210s][info ][gc,marking  ] GC(235) Concurrent Clear Claimed Marks 0.263ms
[2025-12-06T09:09:36.066+0000][17824.210s][info ][gc,marking  ] GC(235) Concurrent Scan Root Regions
[2025-12-06T09:09:36.071+0000][17824.215s][info ][gc,marking  ] GC(235) Concurrent Scan Root Regions 4.732ms
[2025-12-06T09:09:36.071+0000][17824.215s][info ][gc,marking  ] GC(235) Concurrent Mark
[2025-12-06T09:09:36.071+0000][17824.215s][info ][gc,marking  ] GC(235) Concurrent Mark From Roots
[2025-12-06T09:09:36.071+0000][17824.215s][info ][gc,task     ] GC(235) Using 3 workers of 3 for marking
[2025-12-06T09:09:36.161+0000][17824.305s][info ][gc,marking  ] GC(235) Concurrent Mark From Roots 89.511ms
[2025-12-06T09:09:36.161+0000][17824.305s][info ][gc,marking  ] GC(235) Concurrent Preclean
[2025-12-06T09:09:36.161+0000][17824.305s][info ][gc,marking  ] GC(235) Concurrent Preclean 0.597ms
[2025-12-06T09:09:36.161+0000][17824.306s][debug][safepoint   ] Safepoint synchronization initiated using futex wait barrier. (265 threads)
[2025-12-06T09:09:36.162+0000][17824.306s][info ][gc,start    ] GC(235) Pause Remark
[2025-12-06T09:09:36.405+0000][17824.549s][info ][gc          ] GC(235) Pause Remark 156M->156M(524M) 243.428ms
[2025-12-06T09:09:36.405+0000][17824.549s][info ][gc,cpu      ] GC(235) User=2.48s Sys=0.00s Real=0.25s
[2025-12-06T09:09:36.407+0000][17824.551s][info ][safepoint   ] Safepoint "G1PauseRemark", Time since last: 95516980 ns, Reaching safepoint: 46439 ns, Cleanup: 11102 ns, At safepoint: 245262916 ns, Total: 245320457 ns
[2025-12-06T09:09:36.407+0000][17824.551s][info ][gc,marking  ] GC(235) Concurrent Mark 335.727ms
[2025-12-06T09:09:36.407+0000][17824.551s][info ][gc,marking  ] GC(235) Concurrent Rebuild Remembered Sets
[2025-12-06T09:09:36.454+0000][17824.598s][info ][gc,marking  ] GC(235) Concurrent Rebuild Remembered Sets 46.993ms
[2025-12-06T09:09:36.454+0000][17824.598s][debug][safepoint   ] Safepoint synchronization initiated using futex wait barrier. (265 threads)
[2025-12-06T09:09:36.665+0000][17824.809s][info ][gc,start    ] GC(235) Pause Cleanup
[2025-12-06T09:09:36.666+0000][17824.810s][info ][gc          ] GC(235) Pause Cleanup 156M->156M(524M) 0.595ms
[2025-12-06T09:09:36.666+0000][17824.810s][info ][gc,cpu      ] GC(235) User=0.00s Sys=0.00s Real=0.00s
[2025-12-06T09:09:36.667+0000][17824.811s][info ][safepoint   ] Safepoint "G1PauseCleanup", Time since last: 47287684 ns, Reaching safepoint: 210835382 ns, Cleanup: 11452 ns, At safepoint: 2376553 ns, Total: 213223387 ns
[2025-12-06T09:09:36.667+0000][17824.811s][info ][gc,marking  ] GC(235) Concurrent Cleanup for Next Mark
[2025-12-06T09:09:36.669+0000][17824.813s][info ][gc,marking  ] GC(235) Concurrent Cleanup for Next Mark 1.918ms
[2025-12-06T09:09:36.669+0000][17824.813s][info ][gc          ] GC(235) Concurrent Mark Cycle 603.472ms
[2025-12-06T09:12:16.384+0000][17984.538s][debug][safepoint   ] Safepoint synchronization initiated using futex wait barrier. (266 threads)
[2025-12-06T09:12:16.385+0000][17984.539s][info ][safepoint   ] Safepoint "Cleanup", Time since last: 159726586121 ns, Reaching safepoint: 1346539 ns, Cleanup: 30870 ns, At safepoint: 9007 ns, Total: 1386416 ns
[2025-12-06T09:13:22.392+0000][18050.549s][debug][safepoint   ] Safepoint synchronization initiated using futex wait barrier. (264 threads)
[2025-12-06T09:13:22.392+0000][18050.549s][info ][safepoint   ] Safepoint "Cleanup", Time since last: 66009818608 ns, Reaching safepoint: 95414 ns, Cleanup: 15790 ns, At safepoint: 4118 ns, Total: 115322 ns
[2025-12-06T09:13:59.415+0000][18087.575s][debug][safepoint   ] Safepoint synchronization initiated using futex wait barrier. (264 threads)
[2025-12-06T09:13:59.415+0000][18087.576s][info ][gc,start    ] GC(236) Pause Young (Prepare Mixed) (G1 Evacuation Pause)
[2025-12-06T09:13:59.415+0000][18087.576s][info ][gc,task     ] GC(236) Using 13 workers of 13 for evacuation
[2025-12-06T09:13:59.420+0000][18087.581s][info ][gc,phases   ] GC(236)   Pre Evacuate Collection Set: 0.4ms
[2025-12-06T09:13:59.421+0000][18087.581s][info ][gc,phases   ] GC(236)   Merge Heap Roots: 0.3ms
[2025-12-06T09:13:59.421+0000][18087.581s][info ][gc,phases   ] GC(236)   Evacuate Collection Set: 2.5ms
[2025-12-06T09:13:59.421+0000][18087.581s][info ][gc,phases   ] GC(236)   Post Evacuate Collection Set: 2.0ms
[2025-12-06T09:13:59.421+0000][18087.581s][info ][gc,phases   ] GC(236)   Other: 0.3ms
[2025-12-06T09:13:59.421+0000][18087.581s][info ][gc,heap     ] GC(236) Eden regions: 313->0(24)
[2025-12-06T09:13:59.421+0000][18087.581s][info ][gc,heap     ] GC(236) Survivor regions: 1->2(40)
[2025-12-06T09:13:59.421+0000][18087.581s][info ][gc,heap     ] GC(236) Old regions: 150->150
[2025-12-06T09:13:59.421+0000][18087.581s][info ][gc,heap     ] GC(236) Archive regions: 2->2
[2025-12-06T09:13:59.421+0000][18087.581s][info ][gc,heap     ] GC(236) Humongous regions: 0->0
[2025-12-06T09:13:59.421+0000][18087.581s][info ][gc,metaspace] GC(236) Metaspace: 208117K(209536K)->208117K(209536K) NonClass: 183275K(184000K)->183275K(184000K) Class: 24842K(25536K)->24842K(25536K)
[2025-12-06T09:13:59.421+0000][18087.581s][info ][gc          ] GC(236) Pause Young (Prepare Mixed) (G1 Evacuation Pause) 464M->151M(524M) 5.593ms
[2025-12-06T09:13:59.421+0000][18087.581s][info ][gc,cpu      ] GC(236) User=0.03s Sys=0.00s Real=0.01s
[2025-12-06T09:13:59.421+0000][18087.581s][info ][safepoint   ] Safepoint "G1CollectForAllocation", Time since last: 37025966319 ns, Reaching safepoint: 209112 ns, Cleanup: 5921 ns, At safepoint: 5931871 ns, Total: 6146904 ns
[2025-12-06T09:14:18.307+0000][18106.469s][debug][safepoint   ] Safepoint synchronization initiated using futex wait barrier. (265 threads)
[2025-12-06T09:14:18.308+0000][18106.469s][info ][gc,start    ] GC(237) Pause Young (Mixed) (G1 Evacuation Pause)
[2025-12-06T09:14:18.308+0000][18106.469s][info ][gc,task     ] GC(237) Using 13 workers of 13 for evacuation
[2025-12-06T09:14:18.314+0000][18106.476s][info ][gc,phases   ] GC(237)   Pre Evacuate Collection Set: 0.4ms
[2025-12-06T09:14:18.314+0000][18106.476s][info ][gc,phases   ] GC(237)   Merge Heap Roots: 0.3ms
[2025-12-06T09:14:18.314+0000][18106.476s][info ][gc,phases   ] GC(237)   Evacuate Collection Set: 4.2ms
[2025-12-06T09:14:18.314+0000][18106.476s][info ][gc,phases   ] GC(237)   Post Evacuate Collection Set: 1.5ms
[2025-12-06T09:14:18.314+0000][18106.476s][info ][gc,phases   ] GC(237)   Other: 0.2ms
[2025-12-06T09:14:18.314+0000][18106.476s][info ][gc,heap     ] GC(237) Eden regions: 24->0(313)
[2025-12-06T09:14:18.314+0000][18106.476s][info ][gc,heap     ] GC(237) Survivor regions: 2->1(4)
[2025-12-06T09:14:18.314+0000][18106.476s][info ][gc,heap     ] GC(237) Old regions: 150->149
[2025-12-06T09:14:18.314+0000][18106.476s][info ][gc,heap     ] GC(237) Archive regions: 2->2
[2025-12-06T09:14:18.314+0000][18106.476s][info ][gc,heap     ] GC(237) Humongous regions: 0->0
[2025-12-06T09:14:18.314+0000][18106.476s][info ][gc,metaspace] GC(237) Metaspace: 208117K(209536K)->208117K(209536K) NonClass: 183275K(184000K)->183275K(184000K) Class: 24842K(25536K)->24842K(25536K)
[2025-12-06T09:14:18.314+0000][18106.476s][info ][gc          ] GC(237) Pause Young (Mixed) (G1 Evacuation Pause) 175M->150M(524M) 6.661ms
[2025-12-06T09:14:18.314+0000][18106.476s][info ][gc,cpu      ] GC(237) User=0.05s Sys=0.00s Real=0.00s
[2025-12-06T09:14:18.315+0000][18106.476s][info ][safepoint   ] Safepoint "G1CollectForAllocation", Time since last: 18887680497 ns, Reaching safepoint: 311114 ns, Cleanup: 5881 ns, At safepoint: 6868858 ns, Total: 7185853 ns
[2025-12-06T09:14:19.315+0000][18107.477s][debug][safepoint   ] Safepoint synchronization initiated using futex wait barrier. (265 threads)
[2025-12-06T09:14:19.315+0000][18107.477s][info ][safepoint   ] Safepoint "Cleanup", Time since last: 1000326916 ns, Reaching safepoint: 191999 ns, Cleanup: 20009 ns, At safepoint: 69243 ns, Total: 281251 ns
[2025-12-06T09:18:42.322+0000][18370.500s][debug][safepoint   ] Safepoint synchronization initiated using futex wait barrier. (266 threads)
[2025-12-06T09:18:42.322+0000][18370.500s][info ][gc,start    ] GC(238) Pause Young (Concurrent Start) (G1 Evacuation Pause)
[2025-12-06T09:18:42.322+0000][18370.500s][info ][gc,task     ] GC(238) Using 13 workers of 13 for evacuation
[2025-12-06T09:18:42.328+0000][18370.507s][info ][gc,phases   ] GC(238)   Pre Evacuate Collection Set: 1.5ms
[2025-12-06T09:18:42.328+0000][18370.507s][info ][gc,phases   ] GC(238)   Merge Heap Roots: 0.5ms
[2025-12-06T09:18:42.328+0000][18370.507s][info ][gc,phases   ] GC(238)   Evacuate Collection Set: 2.6ms
[2025-12-06T09:18:42.329+0000][18370.507s][info ][gc,phases   ] GC(238)   Post Evacuate Collection Set: 1.5ms
[2025-12-06T09:18:42.329+0000][18370.507s][info ][gc,phases   ] GC(238)   Other: 0.5ms
[2025-12-06T09:18:42.329+0000][18370.507s][info ][gc,heap     ] GC(238) Eden regions: 313->0(313)
[2025-12-06T09:18:42.329+0000][18370.507s][info ][gc,heap     ] GC(238) Survivor regions: 1->1(40)
[2025-12-06T09:18:42.329+0000][18370.507s][info ][gc,heap     ] GC(238) Old regions: 149->149
[2025-12-06T09:18:42.329+0000][18370.507s][info ][gc,heap     ] GC(238) Archive regions: 2->2
[2025-12-06T09:18:42.329+0000][18370.507s][info ][gc,heap     ] GC(238) Humongous regions: 0->0
[2025-12-06T09:18:42.329+0000][18370.507s][info ][gc,metaspace] GC(238) Metaspace: 208117K(209536K)->208117K(209536K) NonClass: 183275K(184000K)->183275K(184000K) Class: 24842K(25536K)->24842K(25536K)
[2025-12-06T09:18:42.329+0000][18370.507s][info ][gc          ] GC(238) Pause Young (Concurrent Start) (G1 Evacuation Pause) 463M->150M(524M) 6.833ms
[2025-12-06T09:18:42.329+0000][18370.507s][info ][gc,cpu      ] GC(238) User=0.01s Sys=0.02s Real=0.01s
[2025-12-06T09:18:42.329+0000][18370.507s][info ][gc          ] GC(239) Concurrent Mark Cycle
[2025-12-06T09:18:42.329+0000][18370.507s][info ][gc,marking  ] GC(239) Concurrent Clear Claimed Marks
[2025-12-06T09:18:42.329+0000][18370.507s][info ][safepoint   ] Safepoint "G1CollectForAllocation", Time since last: 263022883352 ns, Reaching safepoint: 169606 ns, Cleanup: 10480 ns, At safepoint: 7273001 ns, Total: 7453087 ns
[2025-12-06T09:18:42.329+0000][18370.507s][info ][gc,marking  ] GC(239) Concurrent Clear Claimed Marks 0.314ms
[2025-12-06T09:18:42.329+0000][18370.507s][info ][gc,marking  ] GC(239) Concurrent Scan Root Regions
[2025-12-06T09:18:42.334+0000][18370.512s][info ][gc,marking  ] GC(239) Concurrent Scan Root Regions 4.471ms
[2025-12-06T09:18:42.334+0000][18370.512s][info ][gc,marking  ] GC(239) Concurrent Mark
[2025-12-06T09:18:42.334+0000][18370.512s][info ][gc,marking  ] GC(239) Concurrent Mark From Roots
[2025-12-06T09:18:42.334+0000][18370.512s][info ][gc,task     ] GC(239) Using 3 workers of 3 for marking
[2025-12-06T09:18:42.422+0000][18370.600s][info ][gc,marking  ] GC(239) Concurrent Mark From Roots 87.924ms
[2025-12-06T09:18:42.422+0000][18370.600s][info ][gc,marking  ] GC(239) Concurrent Preclean
[2025-12-06T09:18:42.422+0000][18370.601s][info ][gc,marking  ] GC(239) Concurrent Preclean 0.572ms
[2025-12-06T09:18:42.422+0000][18370.601s][debug][safepoint   ] Safepoint synchronization initiated using futex wait barrier. (266 threads)
[2025-12-06T09:18:42.423+0000][18370.601s][info ][gc,start    ] GC(239) Pause Remark
[2025-12-06T09:18:42.435+0000][18370.614s][info ][gc          ] GC(239) Pause Remark 156M->156M(524M) 12.712ms
[2025-12-06T09:18:42.435+0000][18370.614s][info ][gc,cpu      ] GC(239) User=0.12s Sys=0.00s Real=0.01s
[2025-12-06T09:18:42.436+0000][18370.614s][info ][safepoint   ] Safepoint "G1PauseRemark", Time since last: 93430838 ns, Reaching safepoint: 97738 ns, Cleanup: 32011 ns, At safepoint: 12995740 ns, Total: 13125489 ns
[2025-12-06T09:18:42.436+0000][18370.614s][info ][gc,marking  ] GC(239) Concurrent Mark 101.886ms
[2025-12-06T09:18:42.436+0000][18370.614s][info ][gc,marking  ] GC(239) Concurrent Rebuild Remembered Sets
[2025-12-06T09:18:42.486+0000][18370.664s][info ][gc,marking  ] GC(239) Concurrent Rebuild Remembered Sets 50.505ms
[2025-12-06T09:18:42.486+0000][18370.665s][debug][safepoint   ] Safepoint synchronization initiated using futex wait barrier. (266 threads)
[2025-12-06T09:18:42.486+0000][18370.665s][info ][gc,start    ] GC(239) Pause Cleanup
[2025-12-06T09:18:42.487+0000][18370.665s][info ][gc          ] GC(239) Pause Cleanup 156M->156M(524M) 0.437ms
[2025-12-06T09:18:42.487+0000][18370.665s][info ][gc,cpu      ] GC(239) User=0.01s Sys=0.00s Real=0.00s
[2025-12-06T09:18:42.487+0000][18370.665s][info ][safepoint   ] Safepoint "G1PauseCleanup", Time since last: 50747421 ns, Reaching safepoint: 59094 ns, Cleanup: 4589 ns, At safepoint: 609841 ns, Total: 673524 ns
[2025-12-06T09:18:42.487+0000][18370.665s][info ][gc,marking  ] GC(239) Concurrent Cleanup for Next Mark
[2025-12-06T09:18:42.488+0000][18370.666s][info ][gc,marking  ] GC(239) Concurrent Cleanup for Next Mark 1.087ms
[2025-12-06T09:18:42.488+0000][18370.666s][info ][gc          ] GC(239) Concurrent Mark Cycle 159.288ms
[2025-12-06T09:23:06.632+0000][18634.827s][debug][safepoint   ] Safepoint synchronization initiated using futex wait barrier. (265 threads)
[2025-12-06T09:23:06.633+0000][18634.828s][info ][gc,start    ] GC(240) Pause Young (Prepare Mixed) (G1 Evacuation Pause)
[2025-12-06T09:23:06.633+0000][18634.828s][info ][gc,task     ] GC(240) Using 13 workers of 13 for evacuation
[2025-12-06T09:23:06.640+0000][18634.834s][info ][gc,phases   ] GC(240)   Pre Evacuate Collection Set: 0.7ms
[2025-12-06T09:23:06.640+0000][18634.835s][info ][gc,phases   ] GC(240)   Merge Heap Roots: 0.3ms
[2025-12-06T09:23:06.640+0000][18634.835s][info ][gc,phases   ] GC(240)   Evacuate Collection Set: 3.0ms
[2025-12-06T09:23:06.640+0000][18634.835s][info ][gc,phases   ] GC(240)   Post Evacuate Collection Set: 2.3ms
[2025-12-06T09:23:06.640+0000][18634.835s][info ][gc,phases   ] GC(240)   Other: 0.5ms
[2025-12-06T09:23:06.640+0000][18634.835s][info ][gc,heap     ] GC(240) Eden regions: 313->0(25)
[2025-12-06T09:23:06.640+0000][18634.835s][info ][gc,heap     ] GC(240) Survivor regions: 1->1(40)
[2025-12-06T09:23:06.640+0000][18634.835s][info ][gc,heap     ] GC(240) Old regions: 149->149
[2025-12-06T09:23:06.640+0000][18634.835s][info ][gc,heap     ] GC(240) Archive regions: 2->2
[2025-12-06T09:23:06.640+0000][18634.835s][info ][gc,heap     ] GC(240) Humongous regions: 0->0
[2025-12-06T09:23:06.640+0000][18634.835s][info ][gc,metaspace] GC(240) Metaspace: 208117K(209536K)->208117K(209536K) NonClass: 183275K(184000K)->183275K(184000K) Class: 24842K(25536K)->24842K(25536K)
[2025-12-06T09:23:06.640+0000][18634.835s][info ][gc          ] GC(240) Pause Young (Prepare Mixed) (G1 Evacuation Pause) 463M->150M(524M) 6.817ms
[2025-12-06T09:23:06.640+0000][18634.835s][info ][gc,cpu      ] GC(240) User=0.04s Sys=0.00s Real=0.01s
[2025-12-06T09:23:06.640+0000][18634.835s][info ][safepoint   ] Safepoint "G1CollectForAllocation", Time since last: 264161499605 ns, Reaching safepoint: 883576 ns, Cleanup: 14858 ns, At safepoint: 7204520 ns, Total: 8102954 ns
[2025-12-06T09:23:26.392+0000][18654.586s][debug][safepoint   ] Safepoint synchronization initiated using futex wait barrier. (264 threads)
[2025-12-06T09:23:26.392+0000][18654.587s][info ][gc,start    ] GC(241) Pause Young (Mixed) (G1 Evacuation Pause)
[2025-12-06T09:23:26.392+0000][18654.587s][info ][gc,task     ] GC(241) Using 13 workers of 13 for evacuation
[2025-12-06T09:23:26.406+0000][18654.601s][info ][gc,phases   ] GC(241)   Pre Evacuate Collection Set: 0.6ms
[2025-12-06T09:23:26.406+0000][18654.601s][info ][gc,phases   ] GC(241)   Merge Heap Roots: 0.4ms
[2025-12-06T09:23:26.406+0000][18654.601s][info ][gc,phases   ] GC(241)   Evacuate Collection Set: 11.0ms
[2025-12-06T09:23:26.406+0000][18654.601s][info ][gc,phases   ] GC(241)   Post Evacuate Collection Set: 2.3ms
[2025-12-06T09:23:26.406+0000][18654.601s][info ][gc,phases   ] GC(241)   Other: 0.3ms
[2025-12-06T09:23:26.406+0000][18654.601s][info ][gc,heap     ] GC(241) Eden regions: 25->0(313)
[2025-12-06T09:23:26.406+0000][18654.601s][info ][gc,heap     ] GC(241) Survivor regions: 1->1(4)
[2025-12-06T09:23:26.406+0000][18654.601s][info ][gc,heap     ] GC(241) Old regions: 149->148
[2025-12-06T09:23:26.406+0000][18654.601s][info ][gc,heap     ] GC(241) Archive regions: 2->2
[2025-12-06T09:23:26.406+0000][18654.601s][info ][gc,heap     ] GC(241) Humongous regions: 0->0
[2025-12-06T09:23:26.407+0000][18654.601s][info ][gc,metaspace] GC(241) Metaspace: 208119K(209536K)->208119K(209536K) NonClass: 183276K(184000K)->183276K(184000K) Class: 24842K(25536K)->24842K(25536K)
[2025-12-06T09:23:26.407+0000][18654.601s][info ][gc          ] GC(241) Pause Young (Mixed) (G1 Evacuation Pause) 175M->149M(524M) 14.621ms
[2025-12-06T09:23:26.407+0000][18654.601s][info ][gc,cpu      ] GC(241) User=0.11s Sys=0.00s Real=0.02s
[2025-12-06T09:23:26.407+0000][18654.602s][info ][safepoint   ] Safepoint "G1CollectForAllocation", Time since last: 19751654978 ns, Reaching safepoint: 157433 ns, Cleanup: 9267 ns, At safepoint: 14973688 ns, Total: 15140388 ns
[2025-12-06T09:25:02.817+0000][18751.017s][debug][safepoint   ] Safepoint synchronization initiated using futex wait barrier. (267 threads)
[2025-12-06T09:25:02.818+0000][18751.018s][info ][safepoint   ] Safepoint "Cleanup", Time since last: 96415042471 ns, Reaching safepoint: 1191504 ns, Cleanup: 32192 ns, At safepoint: 8626 ns, Total: 1232322 ns
[2025-12-06T09:27:50.365+0000][18918.576s][debug][safepoint   ] Safepoint synchronization initiated using futex wait barrier. (266 threads)
[2025-12-06T09:27:50.369+0000][18918.580s][info ][gc,start    ] GC(242) Pause Young (Concurrent Start) (G1 Evacuation Pause)
[2025-12-06T09:27:50.369+0000][18918.580s][info ][gc,task     ] GC(242) Using 13 workers of 13 for evacuation
[2025-12-06T09:27:50.378+0000][18918.588s][info ][gc,phases   ] GC(242)   Pre Evacuate Collection Set: 1.2ms
[2025-12-06T09:27:50.378+0000][18918.588s][info ][gc,phases   ] GC(242)   Merge Heap Roots: 0.3ms
[2025-12-06T09:27:50.378+0000][18918.588s][info ][gc,phases   ] GC(242)   Evacuate Collection Set: 4.2ms
[2025-12-06T09:27:50.378+0000][18918.588s][info ][gc,phases   ] GC(242)   Post Evacuate Collection Set: 2.3ms
[2025-12-06T09:27:50.378+0000][18918.588s][info ][gc,phases   ] GC(242)   Other: 0.7ms
[2025-12-06T09:27:50.378+0000][18918.588s][info ][gc,heap     ] GC(242) Eden regions: 313->0(313)
[2025-12-06T09:27:50.378+0000][18918.588s][info ][gc,heap     ] GC(242) Survivor regions: 1->1(40)
[2025-12-06T09:27:50.378+0000][18918.588s][info ][gc,heap     ] GC(242) Old regions: 148->148
[2025-12-06T09:27:50.378+0000][18918.588s][info ][gc,heap     ] GC(242) Archive regions: 2->2
[2025-12-06T09:27:50.378+0000][18918.588s][info ][gc,heap     ] GC(242) Humongous regions: 0->0
[2025-12-06T09:27:50.378+0000][18918.588s][info ][gc,metaspace] GC(242) Metaspace: 208127K(209536K)->208127K(209536K) NonClass: 183284K(184000K)->183284K(184000K) Class: 24842K(25536K)->24842K(25536K)
[2025-12-06T09:27:50.378+0000][18918.588s][info ][gc          ] GC(242) Pause Young (Concurrent Start) (G1 Evacuation Pause) 462M->149M(524M) 8.654ms
[2025-12-06T09:27:50.378+0000][18918.588s][info ][gc,cpu      ] GC(242) User=0.03s Sys=0.01s Real=0.01s
[2025-12-06T09:27:50.378+0000][18918.589s][info ][gc          ] GC(243) Concurrent Mark Cycle
[2025-12-06T09:27:50.378+0000][18918.589s][info ][gc,marking  ] GC(243) Concurrent Clear Claimed Marks
[2025-12-06T09:27:50.378+0000][18918.589s][info ][safepoint   ] Safepoint "G1CollectForAllocation", Time since last: 167558155972 ns, Reaching safepoint: 3494050 ns, Cleanup: 10881 ns, At safepoint: 9132882 ns, Total: 12637813 ns
[2025-12-06T09:27:50.378+0000][18918.589s][info ][gc,marking  ] GC(243) Concurrent Clear Claimed Marks 0.269ms
[2025-12-06T09:27:50.378+0000][18918.589s][info ][gc,marking  ] GC(243) Concurrent Scan Root Regions
[2025-12-06T09:27:50.384+0000][18918.595s][info ][gc,marking  ] GC(243) Concurrent Scan Root Regions 5.687ms
[2025-12-06T09:27:50.384+0000][18918.595s][info ][gc,marking  ] GC(243) Concurrent Mark
[2025-12-06T09:27:50.384+0000][18918.595s][info ][gc,marking  ] GC(243) Concurrent Mark From Roots
[2025-12-06T09:27:50.384+0000][18918.595s][info ][gc,task     ] GC(243) Using 3 workers of 3 for marking
[2025-12-06T09:27:50.474+0000][18918.685s][info ][gc,marking  ] GC(243) Concurrent Mark From Roots 90.526ms
[2025-12-06T09:27:50.474+0000][18918.685s][info ][gc,marking  ] GC(243) Concurrent Preclean
[2025-12-06T09:27:50.475+0000][18918.686s][info ][gc,marking  ] GC(243) Concurrent Preclean 0.563ms
[2025-12-06T09:27:50.475+0000][18918.686s][debug][safepoint   ] Safepoint synchronization initiated using futex wait barrier. (266 threads)
[2025-12-06T09:27:50.475+0000][18918.686s][info ][gc,start    ] GC(243) Pause Remark
[2025-12-06T09:27:50.490+0000][18918.701s][info ][gc          ] GC(243) Pause Remark 154M->154M(524M) 14.812ms
[2025-12-06T09:27:50.490+0000][18918.701s][info ][gc,cpu      ] GC(243) User=0.14s Sys=0.00s Real=0.02s
[2025-12-06T09:27:50.491+0000][18918.702s][info ][safepoint   ] Safepoint "G1PauseRemark", Time since last: 97240308 ns, Reaching safepoint: 54154 ns, Cleanup: 39196 ns, At safepoint: 15635188 ns, Total: 15728538 ns
[2025-12-06T09:27:50.491+0000][18918.702s][info ][gc,marking  ] GC(243) Concurrent Mark 107.162ms
[2025-12-06T09:27:50.491+0000][18918.702s][info ][gc,marking  ] GC(243) Concurrent Rebuild Remembered Sets
[2025-12-06T09:27:50.546+0000][18918.756s][info ][gc,marking  ] GC(243) Concurrent Rebuild Remembered Sets 54.467ms
[2025-12-06T09:27:50.546+0000][18918.756s][debug][safepoint   ] Safepoint synchronization initiated using futex wait barrier. (266 threads)
[2025-12-06T09:27:50.546+0000][18918.757s][info ][gc,start    ] GC(243) Pause Cleanup
[2025-12-06T09:27:50.546+0000][18918.757s][info ][gc          ] GC(243) Pause Cleanup 155M->155M(524M) 0.461ms
[2025-12-06T09:27:50.546+0000][18918.757s][info ][gc,cpu      ] GC(243) User=0.00s Sys=0.00s Real=0.00s
[2025-12-06T09:27:50.546+0000][18918.757s][info ][safepoint   ] Safepoint "G1PauseCleanup", Time since last: 54786958 ns, Reaching safepoint: 42932 ns, Cleanup: 4258 ns, At safepoint: 593800 ns, Total: 640990 ns
[2025-12-06T09:27:50.546+0000][18918.757s][info ][gc,marking  ] GC(243) Concurrent Cleanup for Next Mark
[2025-12-06T09:27:50.548+0000][18918.758s][info ][gc,marking  ] GC(243) Concurrent Cleanup for Next Mark 1.348ms
[2025-12-06T09:27:50.548+0000][18918.758s][info ][gc          ] GC(243) Concurrent Mark Cycle 169.942ms
[2025-12-06T09:29:08.007+0000][18996.223s][debug][safepoint   ] Safepoint synchronization initiated using futex wait barrier. (265 threads)
[2025-12-06T09:29:08.007+0000][18996.223s][info ][safepoint   ] Safepoint "Cleanup", Time since last: 77465981123 ns, Reaching safepoint: 96194 ns, Cleanup: 13306 ns, At safepoint: 3887 ns, Total: 113387 ns
[2025-12-06T09:29:44.011+0000][19032.229s][debug][safepoint   ] Safepoint synchronization initiated using futex wait barrier. (266 threads)
[2025-12-06T09:29:44.012+0000][19032.230s][info ][safepoint   ] Safepoint "Cleanup", Time since last: 36006177771 ns, Reaching safepoint: 325905 ns, Cleanup: 17454 ns, At safepoint: 129328 ns, Total: 472687 ns
[2025-12-06T09:31:47.101+0000][19155.327s][debug][safepoint   ] Safepoint synchronization initiated using futex wait barrier. (266 threads)
[2025-12-06T09:31:47.101+0000][19155.327s][info ][safepoint   ] Safepoint "Cleanup", Time since last: 123096945287 ns, Reaching safepoint: 112146 ns, Cleanup: 26981 ns, At safepoint: 3908 ns, Total: 143035 ns
[2025-12-06T09:32:00.103+0000][19168.329s][debug][safepoint   ] Safepoint synchronization initiated using futex wait barrier. (268 threads)
[2025-12-06T09:32:00.103+0000][19168.329s][info ][safepoint   ] Safepoint "Cleanup", Time since last: 13002087388 ns, Reaching safepoint: 130320 ns, Cleanup: 66578 ns, At safepoint: 5521 ns, Total: 202419 ns
[2025-12-06T09:32:04.944+0000][19173.170s][debug][safepoint   ] Safepoint synchronization initiated using futex wait barrier. (268 threads)
[2025-12-06T09:32:04.944+0000][19173.170s][info ][gc,start    ] GC(244) Pause Young (Prepare Mixed) (G1 Evacuation Pause)
[2025-12-06T09:32:04.945+0000][19173.170s][info ][gc,task     ] GC(244) Using 13 workers of 13 for evacuation
[2025-12-06T09:32:04.958+0000][19173.183s][info ][gc,phases   ] GC(244)   Pre Evacuate Collection Set: 0.5ms
[2025-12-06T09:32:04.958+0000][19173.184s][info ][gc,phases   ] GC(244)   Merge Heap Roots: 0.3ms
[2025-12-06T09:32:04.958+0000][19173.184s][info ][gc,phases   ] GC(244)   Evacuate Collection Set: 9.8ms
[2025-12-06T09:32:04.958+0000][19173.184s][info ][gc,phases   ] GC(244)   Post Evacuate Collection Set: 2.2ms
[2025-12-06T09:32:04.958+0000][19173.184s][info ][gc,phases   ] GC(244)   Other: 0.9ms
[2025-12-06T09:32:04.958+0000][19173.184s][info ][gc,heap     ] GC(244) Eden regions: 313->0(23)
[2025-12-06T09:32:04.958+0000][19173.184s][info ][gc,heap     ] GC(244) Survivor regions: 1->3(40)
[2025-12-06T09:32:04.958+0000][19173.184s][info ][gc,heap     ] GC(244) Old regions: 148->149
[2025-12-06T09:32:04.958+0000][19173.184s][info ][gc,heap     ] GC(244) Archive regions: 2->2
[2025-12-06T09:32:04.958+0000][19173.184s][info ][gc,heap     ] GC(244) Humongous regions: 0->0
[2025-12-06T09:32:04.958+0000][19173.184s][info ][gc,metaspace] GC(244) Metaspace: 208136K(209600K)->208136K(209600K) NonClass: 183293K(184064K)->183293K(184064K) Class: 24842K(25536K)->24842K(25536K)
[2025-12-06T09:32:04.958+0000][19173.184s][info ][gc          ] GC(244) Pause Young (Prepare Mixed) (G1 Evacuation Pause) 462M->150M(524M) 13.754ms
[2025-12-06T09:32:04.958+0000][19173.184s][info ][gc,cpu      ] GC(244) User=0.12s Sys=0.00s Real=0.01s
[2025-12-06T09:32:04.958+0000][19173.184s][info ][safepoint   ] Safepoint "G1CollectForAllocation", Time since last: 4840341156 ns, Reaching safepoint: 178452 ns, Cleanup: 13536 ns, At safepoint: 14209554 ns, Total: 14401542 ns
[2025-12-06T09:32:05.957+0000][19174.184s][debug][safepoint   ] Safepoint synchronization initiated using futex wait barrier. (273 threads)
[2025-12-06T09:32:05.957+0000][19174.184s][info ][safepoint   ] Safepoint "Cleanup", Time since last: 1000288344 ns, Reaching safepoint: 150248 ns, Cleanup: 74803 ns, At safepoint: 5641 ns, Total: 230692 ns
[2025-12-06T09:32:12.042+0000][19180.269s][debug][safepoint   ] Safepoint synchronization initiated using futex wait barrier. (271 threads)
[2025-12-06T09:32:12.042+0000][19180.270s][info ][gc,start    ] GC(245) Pause Young (Mixed) (G1 Evacuation Pause)
[2025-12-06T09:32:12.042+0000][19180.270s][info ][gc,task     ] GC(245) Using 13 workers of 13 for evacuation
[2025-12-06T09:32:12.068+0000][19180.295s][info ][gc,phases   ] GC(245)   Pre Evacuate Collection Set: 0.5ms
[2025-12-06T09:32:12.068+0000][19180.295s][info ][gc,phases   ] GC(245)   Merge Heap Roots: 0.4ms
[2025-12-06T09:32:12.068+0000][19180.295s][info ][gc,phases   ] GC(245)   Evacuate Collection Set: 20.8ms
[2025-12-06T09:32:12.068+0000][19180.295s][info ][gc,phases   ] GC(245)   Post Evacuate Collection Set: 3.6ms
[2025-12-06T09:32:12.068+0000][19180.296s][info ][gc,phases   ] GC(245)   Other: 0.3ms
[2025-12-06T09:32:12.068+0000][19180.296s][info ][gc,heap     ] GC(245) Eden regions: 23->0(312)
[2025-12-06T09:32:12.068+0000][19180.296s][info ][gc,heap     ] GC(245) Survivor regions: 3->2(4)
[2025-12-06T09:32:12.068+0000][19180.296s][info ][gc,heap     ] GC(245) Old regions: 149->148
[2025-12-06T09:32:12.068+0000][19180.296s][info ][gc,heap     ] GC(245) Archive regions: 2->2
[2025-12-06T09:32:12.068+0000][19180.296s][info ][gc,heap     ] GC(245) Humongous regions: 0->0
[2025-12-06T09:32:12.068+0000][19180.296s][info ][gc,metaspace] GC(245) Metaspace: 208144K(209600K)->208144K(209600K) NonClass: 183301K(184064K)->183301K(184064K) Class: 24842K(25536K)->24842K(25536K)
[2025-12-06T09:32:12.068+0000][19180.296s][info ][gc          ] GC(245) Pause Young (Mixed) (G1 Evacuation Pause) 173M->149M(524M) 26.028ms
[2025-12-06T09:32:12.069+0000][19180.296s][info ][gc,cpu      ] GC(245) User=0.22s Sys=0.00s Real=0.02s
[2025-12-06T09:32:12.070+0000][19180.297s][info ][safepoint   ] Safepoint "G1CollectForAllocation", Time since last: 6085042824 ns, Reaching safepoint: 129108 ns, Cleanup: 5852 ns, At safepoint: 27795036 ns, Total: 27929996 ns
[2025-12-06T09:32:20.071+0000][19188.299s][debug][safepoint   ] Safepoint synchronization initiated using futex wait barrier. (270 threads)
[2025-12-06T09:32:20.071+0000][19188.299s][info ][safepoint   ] Safepoint "Cleanup", Time since last: 8001117643 ns, Reaching safepoint: 113898 ns, Cleanup: 18716 ns, At safepoint: 4599 ns, Total: 137213 ns
[2025-12-06T09:32:29.073+0000][19197.300s][debug][safepoint   ] Safepoint synchronization initiated using futex wait barrier. (273 threads)
[2025-12-06T09:32:29.073+0000][19197.301s][info ][safepoint   ] Safepoint "Cleanup", Time since last: 9001565505 ns, Reaching safepoint: 207107 ns, Cleanup: 56499 ns, At safepoint: 35949 ns, Total: 299555 ns
[2025-12-06T09:32:38.073+0000][19206.302s][debug][safepoint   ] Safepoint synchronization initiated using futex wait barrier. (273 threads)
[2025-12-06T09:32:38.074+0000][19206.303s][info ][safepoint   ] Safepoint "Cleanup", Time since last: 9001431673 ns, Reaching safepoint: 1136229 ns, Cleanup: 26802 ns, At safepoint: 174094 ns, Total: 1337125 ns
[2025-12-06T09:36:29.349+0000][19437.592s][debug][safepoint   ] Safepoint synchronization initiated using futex wait barrier. (266 threads)
[2025-12-06T09:36:29.350+0000][19437.592s][info ][gc,start    ] GC(246) Pause Young (Concurrent Start) (G1 Evacuation Pause)
[2025-12-06T09:36:29.350+0000][19437.592s][info ][gc,task     ] GC(246) Using 13 workers of 13 for evacuation
[2025-12-06T09:36:29.360+0000][19437.602s][info ][gc,phases   ] GC(246)   Pre Evacuate Collection Set: 1.3ms
[2025-12-06T09:36:29.360+0000][19437.602s][info ][gc,phases   ] GC(246)   Merge Heap Roots: 0.4ms
[2025-12-06T09:36:29.360+0000][19437.602s][info ][gc,phases   ] GC(246)   Evacuate Collection Set: 5.6ms
[2025-12-06T09:36:29.360+0000][19437.602s][info ][gc,phases   ] GC(246)   Post Evacuate Collection Set: 2.4ms
[2025-12-06T09:36:29.360+0000][19437.602s][info ][gc,phases   ] GC(246)   Other: 0.5ms
[2025-12-06T09:36:29.360+0000][19437.602s][info ][gc,heap     ] GC(246) Eden regions: 312->0(312)
[2025-12-06T09:36:29.360+0000][19437.602s][info ][gc,heap     ] GC(246) Survivor regions: 2->2(40)
[2025-12-06T09:36:29.360+0000][19437.602s][info ][gc,heap     ] GC(246) Old regions: 148->148
[2025-12-06T09:36:29.360+0000][19437.602s][info ][gc,heap     ] GC(246) Archive regions: 2->2
[2025-12-06T09:36:29.360+0000][19437.602s][info ][gc,heap     ] GC(246) Humongous regions: 0->0
[2025-12-06T09:36:29.360+0000][19437.602s][info ][gc,metaspace] GC(246) Metaspace: 208188K(209664K)->208188K(209664K) NonClass: 183339K(184128K)->183339K(184128K) Class: 24849K(25536K)->24849K(25536K)
[2025-12-06T09:36:29.360+0000][19437.602s][info ][gc          ] GC(246) Pause Young (Concurrent Start) (G1 Evacuation Pause) 461M->150M(524M) 10.143ms
[2025-12-06T09:36:29.360+0000][19437.602s][info ][gc,cpu      ] GC(246) User=0.05s Sys=0.00s Real=0.01s
[2025-12-06T09:36:29.360+0000][19437.602s][info ][gc          ] GC(247) Concurrent Mark Cycle
[2025-12-06T09:36:29.360+0000][19437.602s][info ][gc,marking  ] GC(247) Concurrent Clear Claimed Marks
[2025-12-06T09:36:29.360+0000][19437.603s][info ][gc,marking  ] GC(247) Concurrent Clear Claimed Marks 0.384ms
[2025-12-06T09:36:29.360+0000][19437.603s][info ][gc,marking  ] GC(247) Concurrent Scan Root Regions
[2025-12-06T09:36:29.361+0000][19437.603s][info ][safepoint   ] Safepoint "G1CollectForAllocation", Time since last: 231288406428 ns, Reaching safepoint: 183112 ns, Cleanup: 13395 ns, At safepoint: 11069972 ns, Total: 11266479 ns
[2025-12-06T09:36:29.367+0000][19437.609s][info ][gc,marking  ] GC(247) Concurrent Scan Root Regions 6.206ms
[2025-12-06T09:36:29.367+0000][19437.609s][info ][gc,marking  ] GC(247) Concurrent Mark
[2025-12-06T09:36:29.367+0000][19437.609s][info ][gc,marking  ] GC(247) Concurrent Mark From Roots
[2025-12-06T09:36:29.367+0000][19437.609s][info ][gc,task     ] GC(247) Using 3 workers of 3 for marking
[2025-12-06T09:36:29.465+0000][19437.708s][info ][gc,marking  ] GC(247) Concurrent Mark From Roots 98.569ms
[2025-12-06T09:36:29.465+0000][19437.708s][info ][gc,marking  ] GC(247) Concurrent Preclean
[2025-12-06T09:36:29.466+0000][19437.708s][info ][gc,marking  ] GC(247) Concurrent Preclean 0.529ms
[2025-12-06T09:36:29.466+0000][19437.708s][debug][safepoint   ] Safepoint synchronization initiated using futex wait barrier. (266 threads)
[2025-12-06T09:36:29.466+0000][19437.709s][info ][gc,start    ] GC(247) Pause Remark
[2025-12-06T09:36:29.483+0000][19437.725s][info ][gc          ] GC(247) Pause Remark 155M->155M(524M) 16.752ms
[2025-12-06T09:36:29.483+0000][19437.726s][info ][gc,cpu      ] GC(247) User=0.18s Sys=0.00s Real=0.02s
[2025-12-06T09:36:29.484+0000][19437.726s][info ][safepoint   ] Safepoint "G1PauseRemark", Time since last: 105437343 ns, Reaching safepoint: 84132 ns, Cleanup: 42912 ns, At safepoint: 17633521 ns, Total: 17760565 ns
[2025-12-06T09:36:29.484+0000][19437.726s][info ][gc,marking  ] GC(247) Concurrent Mark 117.137ms
[2025-12-06T09:36:29.484+0000][19437.726s][info ][gc,marking  ] GC(247) Concurrent Rebuild Remembered Sets
[2025-12-06T09:36:29.533+0000][19437.775s][info ][gc,marking  ] GC(247) Concurrent Rebuild Remembered Sets 49.127ms
[2025-12-06T09:36:29.533+0000][19437.776s][debug][safepoint   ] Safepoint synchronization initiated using futex wait barrier. (266 threads)
[2025-12-06T09:36:29.533+0000][19437.776s][info ][gc,start    ] GC(247) Pause Cleanup
[2025-12-06T09:36:29.534+0000][19437.776s][info ][gc          ] GC(247) Pause Cleanup 155M->155M(524M) 0.447ms
[2025-12-06T09:36:29.534+0000][19437.776s][info ][gc,cpu      ] GC(247) User=0.00s Sys=0.00s Real=0.00s
[2025-12-06T09:36:29.534+0000][19437.776s][info ][safepoint   ] Safepoint "G1PauseCleanup", Time since last: 49360505 ns, Reaching safepoint: 38915 ns, Cleanup: 3076 ns, At safepoint: 736814 ns, Total: 778805 ns
[2025-12-06T09:36:29.534+0000][19437.776s][info ][gc,marking  ] GC(247) Concurrent Cleanup for Next Mark
[2025-12-06T09:36:29.535+0000][19437.778s][info ][gc,marking  ] GC(247) Concurrent Cleanup for Next Mark 1.455ms
[2025-12-06T09:36:29.535+0000][19437.778s][info ][gc          ] GC(247) Concurrent Mark Cycle 175.466ms
[2025-12-06T09:40:50.388+0000][19698.647s][debug][safepoint   ] Safepoint synchronization initiated using futex wait barrier. (264 threads)
[2025-12-06T09:40:50.389+0000][19698.648s][info ][gc,start    ] GC(248) Pause Young (Prepare Mixed) (G1 Evacuation Pause)
[2025-12-06T09:40:50.389+0000][19698.648s][info ][gc,task     ] GC(248) Using 13 workers of 13 for evacuation
[2025-12-06T09:40:50.403+0000][19698.661s][info ][gc,phases   ] GC(248)   Pre Evacuate Collection Set: 0.7ms
[2025-12-06T09:40:50.403+0000][19698.662s][info ][gc,phases   ] GC(248)   Merge Heap Roots: 1.0ms
[2025-12-06T09:40:50.403+0000][19698.662s][info ][gc,phases   ] GC(248)   Evacuate Collection Set: 7.8ms
[2025-12-06T09:40:50.403+0000][19698.662s][info ][gc,phases   ] GC(248)   Post Evacuate Collection Set: 3.6ms
[2025-12-06T09:40:50.403+0000][19698.662s][info ][gc,phases   ] GC(248)   Other: 0.4ms
[2025-12-06T09:40:50.403+0000][19698.662s][info ][gc,heap     ] GC(248) Eden regions: 312->0(23)
[2025-12-06T09:40:50.403+0000][19698.662s][info ][gc,heap     ] GC(248) Survivor regions: 2->3(40)
[2025-12-06T09:40:50.403+0000][19698.662s][info ][gc,heap     ] GC(248) Old regions: 148->148
[2025-12-06T09:40:50.403+0000][19698.662s][info ][gc,heap     ] GC(248) Archive regions: 2->2
[2025-12-06T09:40:50.403+0000][19698.662s][info ][gc,heap     ] GC(248) Humongous regions: 0->0
[2025-12-06T09:40:50.403+0000][19698.662s][info ][gc,metaspace] GC(248) Metaspace: 208195K(209664K)->208195K(209664K) NonClass: 183345K(184128K)->183345K(184128K) Class: 24849K(25536K)->24849K(25536K)
[2025-12-06T09:40:50.403+0000][19698.662s][info ][gc          ] GC(248) Pause Young (Prepare Mixed) (G1 Evacuation Pause) 462M->151M(524M) 13.707ms
[2025-12-06T09:40:50.403+0000][19698.662s][info ][gc,cpu      ] GC(248) User=0.12s Sys=0.00s Real=0.02s
[2025-12-06T09:40:50.403+0000][19698.662s][info ][safepoint   ] Safepoint "G1CollectForAllocation", Time since last: 260870199542 ns, Reaching safepoint: 1367265 ns, Cleanup: 13807 ns, At safepoint: 14054336 ns, Total: 15435408 ns
[2025-12-06T09:41:08.398+0000][19716.658s][debug][safepoint   ] Safepoint synchronization initiated using futex wait barrier. (265 threads)
[2025-12-06T09:41:08.398+0000][19716.659s][info ][gc,start    ] GC(249) Pause Young (Mixed) (G1 Evacuation Pause)
[2025-12-06T09:41:08.398+0000][19716.659s][info ][gc,task     ] GC(249) Using 13 workers of 13 for evacuation
[2025-12-06T09:41:08.421+0000][19716.681s][info ][gc,phases   ] GC(249)   Pre Evacuate Collection Set: 0.3ms
[2025-12-06T09:41:08.421+0000][19716.681s][info ][gc,phases   ] GC(249)   Merge Heap Roots: 0.5ms
[2025-12-06T09:41:08.421+0000][19716.681s][info ][gc,phases   ] GC(249)   Evacuate Collection Set: 19.6ms
[2025-12-06T09:41:08.421+0000][19716.681s][info ][gc,phases   ] GC(249)   Post Evacuate Collection Set: 2.1ms
[2025-12-06T09:41:08.421+0000][19716.681s][info ][gc,phases   ] GC(249)   Other: 0.2ms
[2025-12-06T09:41:08.421+0000][19716.681s][info ][gc,heap     ] GC(249) Eden regions: 23->0(312)
[2025-12-06T09:41:08.421+0000][19716.681s][info ][gc,heap     ] GC(249) Survivor regions: 3->2(4)
[2025-12-06T09:41:08.421+0000][19716.681s][info ][gc,heap     ] GC(249) Old regions: 148->148
[2025-12-06T09:41:08.421+0000][19716.681s][info ][gc,heap     ] GC(249) Archive regions: 2->2
[2025-12-06T09:41:08.421+0000][19716.681s][info ][gc,heap     ] GC(249) Humongous regions: 0->0
[2025-12-06T09:41:08.421+0000][19716.681s][info ][gc,metaspace] GC(249) Metaspace: 208195K(209664K)->208195K(209664K) NonClass: 183345K(184128K)->183345K(184128K) Class: 24849K(25536K)->24849K(25536K)
[2025-12-06T09:41:08.421+0000][19716.681s][info ][gc          ] GC(249) Pause Young (Mixed) (G1 Evacuation Pause) 174M->150M(524M) 22.848ms
[2025-12-06T09:41:08.421+0000][19716.682s][info ][gc,cpu      ] GC(249) User=0.20s Sys=0.00s Real=0.03s
[2025-12-06T09:41:08.422+0000][19716.682s][info ][safepoint   ] Safepoint "G1CollectForAllocation", Time since last: 17996477302 ns, Reaching safepoint: 130049 ns, Cleanup: 4920 ns, At safepoint: 23264084 ns, Total: 23399053 ns
[2025-12-06T09:41:45.425+0000][19753.688s][debug][safepoint   ] Safepoint synchronization initiated using futex wait barrier. (265 threads)
[2025-12-06T09:41:45.425+0000][19753.688s][info ][safepoint   ] Safepoint "Cleanup", Time since last: 37005964410 ns, Reaching safepoint: 141372 ns, Cleanup: 20499 ns, At safepoint: 4930 ns, Total: 166801 ns
[2025-12-06T09:45:30.564+0000][19978.844s][debug][safepoint   ] Safepoint synchronization initiated using futex wait barrier. (265 threads)
[2025-12-06T09:45:30.565+0000][19978.844s][info ][gc,start    ] GC(250) Pause Young (Concurrent Start) (G1 Evacuation Pause)
[2025-12-06T09:45:30.565+0000][19978.844s][info ][gc,task     ] GC(250) Using 13 workers of 13 for evacuation
[2025-12-06T09:45:30.581+0000][19978.860s][info ][gc,phases   ] GC(250)   Pre Evacuate Collection Set: 2.0ms
[2025-12-06T09:45:30.581+0000][19978.860s][info ][gc,phases   ] GC(250)   Merge Heap Roots: 0.5ms
[2025-12-06T09:45:30.581+0000][19978.860s][info ][gc,phases   ] GC(250)   Evacuate Collection Set: 9.3ms
[2025-12-06T09:45:30.581+0000][19978.860s][info ][gc,phases   ] GC(250)   Post Evacuate Collection Set: 2.5ms
[2025-12-06T09:45:30.581+0000][19978.860s][info ][gc,phases   ] GC(250)   Other: 2.1ms
[2025-12-06T09:45:30.581+0000][19978.860s][info ][gc,heap     ] GC(250) Eden regions: 312->0(312)
[2025-12-06T09:45:30.581+0000][19978.860s][info ][gc,heap     ] GC(250) Survivor regions: 2->2(40)
[2025-12-06T09:45:30.581+0000][19978.860s][info ][gc,heap     ] GC(250) Old regions: 148->148
[2025-12-06T09:45:30.581+0000][19978.860s][info ][gc,heap     ] GC(250) Archive regions: 2->2
[2025-12-06T09:45:30.581+0000][19978.860s][info ][gc,heap     ] GC(250) Humongous regions: 0->0
[2025-12-06T09:45:30.581+0000][19978.860s][info ][gc,metaspace] GC(250) Metaspace: 208195K(209664K)->208195K(209664K) NonClass: 183345K(184128K)->183345K(184128K) Class: 24849K(25536K)->24849K(25536K)
[2025-12-06T09:45:30.581+0000][19978.860s][info ][gc          ] GC(250) Pause Young (Concurrent Start) (G1 Evacuation Pause) 462M->150M(524M) 16.302ms
[2025-12-06T09:45:30.581+0000][19978.860s][info ][gc,cpu      ] GC(250) User=0.07s Sys=0.00s Real=0.01s
[2025-12-06T09:45:30.581+0000][19978.860s][info ][gc          ] GC(251) Concurrent Mark Cycle
[2025-12-06T09:45:30.581+0000][19978.861s][info ][gc,marking  ] GC(251) Concurrent Clear Claimed Marks
[2025-12-06T09:45:30.582+0000][19978.861s][info ][gc,marking  ] GC(251) Concurrent Clear Claimed Marks 0.335ms
[2025-12-06T09:45:30.582+0000][19978.861s][info ][gc,marking  ] GC(251) Concurrent Scan Root Regions
[2025-12-06T09:45:30.582+0000][19978.861s][info ][safepoint   ] Safepoint "G1CollectForAllocation", Time since last: 225155594352 ns, Reaching safepoint: 271981 ns, Cleanup: 12845 ns, At safepoint: 17338109 ns, Total: 17622935 ns
[2025-12-06T09:45:30.592+0000][19978.871s][info ][gc,marking  ] GC(251) Concurrent Scan Root Regions 10.241ms
[2025-12-06T09:45:30.592+0000][19978.871s][info ][gc,marking  ] GC(251) Concurrent Mark
[2025-12-06T09:45:30.592+0000][19978.871s][info ][gc,marking  ] GC(251) Concurrent Mark From Roots
[2025-12-06T09:45:30.592+0000][19978.871s][info ][gc,task     ] GC(251) Using 3 workers of 3 for marking
[2025-12-06T09:45:30.688+0000][19978.967s][info ][gc,marking  ] GC(251) Concurrent Mark From Roots 95.681ms
[2025-12-06T09:45:30.688+0000][19978.967s][info ][gc,marking  ] GC(251) Concurrent Preclean
[2025-12-06T09:45:30.688+0000][19978.967s][info ][gc,marking  ] GC(251) Concurrent Preclean 0.460ms
[2025-12-06T09:45:30.688+0000][19978.967s][debug][safepoint   ] Safepoint synchronization initiated using futex wait barrier. (265 threads)
[2025-12-06T09:45:30.688+0000][19978.968s][info ][gc,start    ] GC(251) Pause Remark
[2025-12-06T09:45:30.704+0000][19978.983s][info ][gc          ] GC(251) Pause Remark 156M->156M(524M) 15.528ms
[2025-12-06T09:45:30.704+0000][19978.983s][info ][gc,cpu      ] GC(251) User=0.15s Sys=0.00s Real=0.02s
[2025-12-06T09:45:30.705+0000][19978.984s][info ][safepoint   ] Safepoint "G1PauseRemark", Time since last: 106331871 ns, Reaching safepoint: 36802 ns, Cleanup: 3778 ns, At safepoint: 16226363 ns, Total: 16266943 ns
[2025-12-06T09:45:30.705+0000][19978.984s][info ][gc,marking  ] GC(251) Concurrent Mark 112.659ms
[2025-12-06T09:45:30.705+0000][19978.984s][info ][gc,marking  ] GC(251) Concurrent Rebuild Remembered Sets
[2025-12-06T09:45:30.751+0000][19979.030s][info ][gc,marking  ] GC(251) Concurrent Rebuild Remembered Sets 46.286ms
[2025-12-06T09:45:30.751+0000][19979.030s][debug][safepoint   ] Safepoint synchronization initiated using futex wait barrier. (265 threads)
[2025-12-06T09:45:30.751+0000][19979.030s][info ][gc,start    ] GC(251) Pause Cleanup
[2025-12-06T09:45:30.752+0000][19979.031s][info ][gc          ] GC(251) Pause Cleanup 156M->156M(524M) 0.370ms
[2025-12-06T09:45:30.752+0000][19979.031s][info ][gc,cpu      ] GC(251) User=0.00s Sys=0.00s Real=0.00s
[2025-12-06T09:45:30.752+0000][19979.031s][info ][safepoint   ] Safepoint "G1PauseCleanup", Time since last: 46529777 ns, Reaching safepoint: 38735 ns, Cleanup: 28196 ns, At safepoint: 503002 ns, Total: 569933 ns
[2025-12-06T09:45:30.752+0000][19979.031s][info ][gc,marking  ] GC(251) Concurrent Cleanup for Next Mark
[2025-12-06T09:45:30.763+0000][19979.042s][info ][gc,marking  ] GC(251) Concurrent Cleanup for Next Mark 10.985ms
[2025-12-06T09:45:30.763+0000][19979.042s][info ][gc          ] GC(251) Concurrent Mark Cycle 181.457ms
[2025-12-06T09:46:39.756+0000][20048.042s][debug][safepoint   ] Safepoint synchronization initiated using futex wait barrier. (266 threads)
[2025-12-06T09:46:39.756+0000][20048.042s][info ][safepoint   ] Safepoint "Cleanup", Time since last: 69011387347 ns, Reaching safepoint: 84524 ns, Cleanup: 11082 ns, At safepoint: 3617 ns, Total: 99223 ns
[2025-12-06T09:49:27.797+0000][20216.096s][debug][safepoint   ] Safepoint synchronization initiated using futex wait barrier. (265 threads)
[2025-12-06T09:49:27.797+0000][20216.096s][info ][safepoint   ] Safepoint "Cleanup", Time since last: 168053661921 ns, Reaching safepoint: 198365 ns, Cleanup: 34026 ns, At safepoint: 11612 ns, Total: 244003 ns
[2025-12-06T09:49:53.109+0000][20241.410s][debug][safepoint   ] Safepoint synchronization initiated using futex wait barrier. (267 threads)
[2025-12-06T09:49:53.109+0000][20241.411s][info ][gc,start    ] GC(252) Pause Young (Prepare Mixed) (G1 Evacuation Pause)
[2025-12-06T09:49:53.109+0000][20241.411s][info ][gc,task     ] GC(252) Using 13 workers of 13 for evacuation
[2025-12-06T09:49:53.121+0000][20241.422s][info ][gc,phases   ] GC(252)   Pre Evacuate Collection Set: 0.6ms
[2025-12-06T09:49:53.121+0000][20241.422s][info ][gc,phases   ] GC(252)   Merge Heap Roots: 0.6ms
[2025-12-06T09:49:53.121+0000][20241.423s][info ][gc,phases   ] GC(252)   Evacuate Collection Set: 7.2ms
[2025-12-06T09:49:53.121+0000][20241.423s][info ][gc,phases   ] GC(252)   Post Evacuate Collection Set: 2.6ms
[2025-12-06T09:49:53.121+0000][20241.423s][info ][gc,phases   ] GC(252)   Other: 0.9ms
[2025-12-06T09:49:53.121+0000][20241.423s][info ][gc,heap     ] GC(252) Eden regions: 312->0(24)
[2025-12-06T09:49:53.121+0000][20241.423s][info ][gc,heap     ] GC(252) Survivor regions: 2->2(40)
[2025-12-06T09:49:53.121+0000][20241.423s][info ][gc,heap     ] GC(252) Old regions: 148->148
[2025-12-06T09:49:53.121+0000][20241.423s][info ][gc,heap     ] GC(252) Archive regions: 2->2
[2025-12-06T09:49:53.121+0000][20241.423s][info ][gc,heap     ] GC(252) Humongous regions: 0->0
[2025-12-06T09:49:53.121+0000][20241.423s][info ][gc,metaspace] GC(252) Metaspace: 208195K(209664K)->208195K(209664K) NonClass: 183345K(184128K)->183345K(184128K) Class: 24849K(25536K)->24849K(25536K)
[2025-12-06T09:49:53.121+0000][20241.423s][info ][gc          ] GC(252) Pause Young (Prepare Mixed) (G1 Evacuation Pause) 462M->150M(524M) 11.507ms
[2025-12-06T09:49:53.121+0000][20241.423s][info ][gc,cpu      ] GC(252) User=0.11s Sys=0.00s Real=0.01s
[2025-12-06T09:49:53.121+0000][20241.423s][info ][safepoint   ] Safepoint "G1CollectForAllocation", Time since last: 25314108169 ns, Reaching safepoint: 186603 ns, Cleanup: 10069 ns, At safepoint: 12512510 ns, Total: 12709182 ns
[2025-12-06T09:50:12.052+0000][20260.356s][debug][safepoint   ] Safepoint synchronization initiated using futex wait barrier. (267 threads)
[2025-12-06T09:50:12.054+0000][20260.358s][info ][gc,start    ] GC(253) Pause Young (Mixed) (G1 Evacuation Pause)
[2025-12-06T09:50:12.054+0000][20260.358s][info ][gc,task     ] GC(253) Using 13 workers of 13 for evacuation
[2025-12-06T09:50:12.088+0000][20260.392s][info ][gc,phases   ] GC(253)   Pre Evacuate Collection Set: 0.4ms
[2025-12-06T09:50:12.088+0000][20260.392s][info ][gc,phases   ] GC(253)   Merge Heap Roots: 2.3ms
[2025-12-06T09:50:12.088+0000][20260.392s][info ][gc,phases   ] GC(253)   Evacuate Collection Set: 27.3ms
[2025-12-06T09:50:12.088+0000][20260.392s][info ][gc,phases   ] GC(253)   Post Evacuate Collection Set: 2.3ms
[2025-12-06T09:50:12.088+0000][20260.392s][info ][gc,phases   ] GC(253)   Other: 1.5ms
[2025-12-06T09:50:12.088+0000][20260.392s][info ][gc,heap     ] GC(253) Eden regions: 24->0(312)
[2025-12-06T09:50:12.088+0000][20260.392s][info ][gc,heap     ] GC(253) Survivor regions: 2->2(4)
[2025-12-06T09:50:12.088+0000][20260.392s][info ][gc,heap     ] GC(253) Old regions: 148->148
[2025-12-06T09:50:12.088+0000][20260.392s][info ][gc,heap     ] GC(253) Archive regions: 2->2
[2025-12-06T09:50:12.088+0000][20260.392s][info ][gc,heap     ] GC(253) Humongous regions: 0->0
[2025-12-06T09:50:12.088+0000][20260.392s][info ][gc,metaspace] GC(253) Metaspace: 208195K(209664K)->208195K(209664K) NonClass: 183345K(184128K)->183345K(184128K) Class: 24849K(25536K)->24849K(25536K)
[2025-12-06T09:50:12.088+0000][20260.392s][info ][gc          ] GC(253) Pause Young (Mixed) (G1 Evacuation Pause) 174M->150M(524M) 33.907ms
[2025-12-06T09:50:12.088+0000][20260.392s][info ][gc,cpu      ] GC(253) User=0.30s Sys=0.00s Real=0.04s
[2025-12-06T09:50:12.090+0000][20260.394s][info ][safepoint   ] Safepoint "G1CollectForAllocation", Time since last: 18932568465 ns, Reaching safepoint: 2255147 ns, Cleanup: 6132 ns, At safepoint: 35633873 ns, Total: 37895152 ns
[2025-12-06T09:53:08.104+0000][20436.422s][debug][safepoint   ] Safepoint synchronization initiated using futex wait barrier. (265 threads)
[2025-12-06T09:53:08.104+0000][20436.423s][info ][safepoint   ] Safepoint "Cleanup", Time since last: 176028542138 ns, Reaching safepoint: 314764 ns, Cleanup: 19217 ns, At safepoint: 141382 ns, Total: 475363 ns
[2025-12-06T09:54:34.850+0000][20523.173s][debug][safepoint   ] Safepoint synchronization initiated using futex wait barrier. (266 threads)
[2025-12-06T09:54:34.851+0000][20523.174s][info ][gc,start    ] GC(254) Pause Young (Concurrent Start) (G1 Evacuation Pause)
[2025-12-06T09:54:34.851+0000][20523.174s][info ][gc,task     ] GC(254) Using 13 workers of 13 for evacuation
[2025-12-06T09:54:34.861+0000][20523.185s][info ][gc,phases   ] GC(254)   Pre Evacuate Collection Set: 1.3ms
[2025-12-06T09:54:34.861+0000][20523.185s][info ][gc,phases   ] GC(254)   Merge Heap Roots: 0.5ms
[2025-12-06T09:54:34.861+0000][20523.185s][info ][gc,phases   ] GC(254)   Evacuate Collection Set: 5.8ms
[2025-12-06T09:54:34.861+0000][20523.185s][info ][gc,phases   ] GC(254)   Post Evacuate Collection Set: 2.5ms
[2025-12-06T09:54:34.861+0000][20523.185s][info ][gc,phases   ] GC(254)   Other: 0.8ms
[2025-12-06T09:54:34.861+0000][20523.185s][info ][gc,heap     ] GC(254) Eden regions: 312->0(312)
[2025-12-06T09:54:34.861+0000][20523.185s][info ][gc,heap     ] GC(254) Survivor regions: 2->2(40)
[2025-12-06T09:54:34.861+0000][20523.185s][info ][gc,heap     ] GC(254) Old regions: 148->148
[2025-12-06T09:54:34.861+0000][20523.185s][info ][gc,heap     ] GC(254) Archive regions: 2->2
[2025-12-06T09:54:34.861+0000][20523.185s][info ][gc,heap     ] GC(254) Humongous regions: 0->0
[2025-12-06T09:54:34.861+0000][20523.185s][info ][gc,metaspace] GC(254) Metaspace: 208195K(209664K)->208195K(209664K) NonClass: 183345K(184128K)->183345K(184128K) Class: 24849K(25536K)->24849K(25536K)
[2025-12-06T09:54:34.862+0000][20523.185s][info ][gc          ] GC(254) Pause Young (Concurrent Start) (G1 Evacuation Pause) 462M->150M(524M) 10.989ms
[2025-12-06T09:54:34.862+0000][20523.185s][info ][gc,cpu      ] GC(254) User=0.06s Sys=0.00s Real=0.01s
[2025-12-06T09:54:34.862+0000][20523.185s][info ][gc          ] GC(255) Concurrent Mark Cycle
[2025-12-06T09:54:34.862+0000][20523.185s][info ][safepoint   ] Safepoint "G1CollectForAllocation", Time since last: 86750813690 ns, Reaching safepoint: 266427 ns, Cleanup: 9027 ns, At safepoint: 11405985 ns, Total: 11681439 ns
[2025-12-06T09:54:34.862+0000][20523.185s][info ][gc,marking  ] GC(255) Concurrent Clear Claimed Marks
[2025-12-06T09:54:34.862+0000][20523.185s][info ][gc,marking  ] GC(255) Concurrent Clear Claimed Marks 0.380ms
[2025-12-06T09:54:34.862+0000][20523.185s][info ][gc,marking  ] GC(255) Concurrent Scan Root Regions
[2025-12-06T09:54:34.870+0000][20523.193s][info ][gc,marking  ] GC(255) Concurrent Scan Root Regions 7.415ms
[2025-12-06T09:54:34.870+0000][20523.193s][info ][gc,marking  ] GC(255) Concurrent Mark
[2025-12-06T09:54:34.870+0000][20523.193s][info ][gc,marking  ] GC(255) Concurrent Mark From Roots
[2025-12-06T09:54:34.870+0000][20523.193s][info ][gc,task     ] GC(255) Using 3 workers of 3 for marking
[2025-12-06T09:54:34.967+0000][20523.290s][info ][gc,marking  ] GC(255) Concurrent Mark From Roots 97.006ms
[2025-12-06T09:54:34.967+0000][20523.290s][info ][gc,marking  ] GC(255) Concurrent Preclean
[2025-12-06T09:54:34.967+0000][20523.290s][info ][gc,marking  ] GC(255) Concurrent Preclean 0.375ms
[2025-12-06T09:54:34.967+0000][20523.290s][debug][safepoint   ] Safepoint synchronization initiated using futex wait barrier. (266 threads)
[2025-12-06T09:54:34.967+0000][20523.291s][info ][gc,start    ] GC(255) Pause Remark
[2025-12-06T09:54:34.985+0000][20523.309s][info ][gc          ] GC(255) Pause Remark 155M->155M(524M) 18.185ms
[2025-12-06T09:54:34.986+0000][20523.309s][info ][gc,cpu      ] GC(255) User=0.19s Sys=0.00s Real=0.02s
[2025-12-06T09:54:34.987+0000][20523.310s][info ][safepoint   ] Safepoint "G1PauseRemark", Time since last: 105371630 ns, Reaching safepoint: 47262 ns, Cleanup: 3937 ns, At safepoint: 19485340 ns, Total: 19536539 ns
[2025-12-06T09:54:34.987+0000][20523.310s][info ][gc,marking  ] GC(255) Concurrent Mark 117.159ms
[2025-12-06T09:54:34.987+0000][20523.310s][info ][gc,marking  ] GC(255) Concurrent Rebuild Remembered Sets
[2025-12-06T09:54:35.034+0000][20523.357s][info ][gc,marking  ] GC(255) Concurrent Rebuild Remembered Sets 47.337ms
[2025-12-06T09:54:35.034+0000][20523.358s][debug][safepoint   ] Safepoint synchronization initiated using futex wait barrier. (266 threads)
[2025-12-06T09:54:35.034+0000][20523.358s][info ][gc,start    ] GC(255) Pause Cleanup
[2025-12-06T09:54:35.035+0000][20523.358s][info ][gc          ] GC(255) Pause Cleanup 155M->155M(524M) 0.368ms
[2025-12-06T09:54:35.035+0000][20523.358s][info ][gc,cpu      ] GC(255) User=0.00s Sys=0.00s Real=0.00s
[2025-12-06T09:54:35.035+0000][20523.358s][info ][safepoint   ] Safepoint "G1PauseCleanup", Time since last: 47625892 ns, Reaching safepoint: 40228 ns, Cleanup: 3397 ns, At safepoint: 470591 ns, Total: 514216 ns
[2025-12-06T09:54:35.035+0000][20523.358s][info ][gc,marking  ] GC(255) Concurrent Cleanup for Next Mark
[2025-12-06T09:54:35.047+0000][20523.370s][info ][gc,marking  ] GC(255) Concurrent Cleanup for Next Mark 11.773ms
[2025-12-06T09:54:35.047+0000][20523.370s][info ][gc          ] GC(255) Concurrent Mark Cycle 184.987ms
[2025-12-06T09:58:57.504+0000][20785.848s][debug][safepoint   ] Safepoint synchronization initiated using futex wait barrier. (265 threads)
[2025-12-06T09:58:57.505+0000][20785.849s][info ][gc,start    ] GC(256) Pause Young (Prepare Mixed) (G1 Evacuation Pause)
[2025-12-06T09:58:57.505+0000][20785.849s][info ][gc,task     ] GC(256) Using 13 workers of 13 for evacuation
[2025-12-06T09:58:57.511+0000][20785.855s][info ][gc,phases   ] GC(256)   Pre Evacuate Collection Set: 0.4ms
[2025-12-06T09:58:57.511+0000][20785.855s][info ][gc,phases   ] GC(256)   Merge Heap Roots: 0.3ms
[2025-12-06T09:58:57.511+0000][20785.855s][info ][gc,phases   ] GC(256)   Evacuate Collection Set: 2.9ms
[2025-12-06T09:58:57.511+0000][20785.855s][info ][gc,phases   ] GC(256)   Post Evacuate Collection Set: 2.1ms
[2025-12-06T09:58:57.511+0000][20785.855s][info ][gc,phases   ] GC(256)   Other: 0.2ms
[2025-12-06T09:58:57.511+0000][20785.855s][info ][gc,heap     ] GC(256) Eden regions: 312->0(24)
[2025-12-06T09:58:57.511+0000][20785.855s][info ][gc,heap     ] GC(256) Survivor regions: 2->2(40)
[2025-12-06T09:58:57.511+0000][20785.855s][info ][gc,heap     ] GC(256) Old regions: 148->148
[2025-12-06T09:58:57.511+0000][20785.855s][info ][gc,heap     ] GC(256) Archive regions: 2->2
[2025-12-06T09:58:57.511+0000][20785.855s][info ][gc,heap     ] GC(256) Humongous regions: 0->0
[2025-12-06T09:58:57.511+0000][20785.855s][info ][gc,metaspace] GC(256) Metaspace: 208195K(209664K)->208195K(209664K) NonClass: 183345K(184128K)->183345K(184128K) Class: 24849K(25536K)->24849K(25536K)
[2025-12-06T09:58:57.511+0000][20785.855s][info ][gc          ] GC(256) Pause Young (Prepare Mixed) (G1 Evacuation Pause) 462M->150M(524M) 5.958ms
[2025-12-06T09:58:57.512+0000][20785.855s][info ][gc,cpu      ] GC(256) User=0.02s Sys=0.01s Real=0.00s
[2025-12-06T09:58:57.512+0000][20785.855s][info ][safepoint   ] Safepoint "G1CollectForAllocation", Time since last: 262489573111 ns, Reaching safepoint: 1145463 ns, Cleanup: 6262 ns, At safepoint: 6205993 ns, Total: 7357718 ns
[2025-12-06T09:59:16.315+0000][20804.661s][debug][safepoint   ] Safepoint synchronization initiated using futex wait barrier. (266 threads)
[2025-12-06T09:59:16.315+0000][20804.661s][info ][gc,start    ] GC(257) Pause Young (Mixed) (G1 Evacuation Pause)
[2025-12-06T09:59:16.315+0000][20804.661s][info ][gc,task     ] GC(257) Using 13 workers of 13 for evacuation
[2025-12-06T09:59:16.334+0000][20804.680s][info ][gc,phases   ] GC(257)   Pre Evacuate Collection Set: 0.4ms
[2025-12-06T09:59:16.334+0000][20804.680s][info ][gc,phases   ] GC(257)   Merge Heap Roots: 0.3ms
[2025-12-06T09:59:16.334+0000][20804.680s][info ][gc,phases   ] GC(257)   Evacuate Collection Set: 15.0ms
[2025-12-06T09:59:16.334+0000][20804.680s][info ][gc,phases   ] GC(257)   Post Evacuate Collection Set: 2.8ms
[2025-12-06T09:59:16.334+0000][20804.680s][info ][gc,phases   ] GC(257)   Other: 0.3ms
[2025-12-06T09:59:16.334+0000][20804.680s][info ][gc,heap     ] GC(257) Eden regions: 24->0(312)
[2025-12-06T09:59:16.334+0000][20804.680s][info ][gc,heap     ] GC(257) Survivor regions: 2->2(4)
[2025-12-06T09:59:16.334+0000][20804.680s][info ][gc,heap     ] GC(257) Old regions: 148->148
[2025-12-06T09:59:16.334+0000][20804.680s][info ][gc,heap     ] GC(257) Archive regions: 2->2
[2025-12-06T09:59:16.334+0000][20804.680s][info ][gc,heap     ] GC(257) Humongous regions: 0->0
[2025-12-06T09:59:16.334+0000][20804.680s][info ][gc,metaspace] GC(257) Metaspace: 208195K(209664K)->208195K(209664K) NonClass: 183345K(184128K)->183345K(184128K) Class: 24849K(25536K)->24849K(25536K)
[2025-12-06T09:59:16.334+0000][20804.680s][info ][gc          ] GC(257) Pause Young (Mixed) (G1 Evacuation Pause) 174M->149M(524M) 18.942ms
[2025-12-06T09:59:16.334+0000][20804.680s][info ][gc,cpu      ] GC(257) User=0.15s Sys=0.00s Real=0.01s
[2025-12-06T09:59:16.335+0000][20804.681s][info ][safepoint   ] Safepoint "G1CollectForAllocation", Time since last: 18805523811 ns, Reaching safepoint: 198524 ns, Cleanup: 5992 ns, At safepoint: 19997629 ns, Total: 20202145 ns
[2025-12-06T10:03:38.779+0000][21067.145s][debug][safepoint   ] Safepoint synchronization initiated using futex wait barrier. (265 threads)
[2025-12-06T10:03:38.779+0000][21067.145s][info ][gc,start    ] GC(258) Pause Young (Concurrent Start) (G1 Evacuation Pause)
[2025-12-06T10:03:38.779+0000][21067.145s][info ][gc,task     ] GC(258) Using 13 workers of 13 for evacuation
[2025-12-06T10:03:38.789+0000][21067.154s][info ][gc,phases   ] GC(258)   Pre Evacuate Collection Set: 1.1ms
[2025-12-06T10:03:38.789+0000][21067.154s][info ][gc,phases   ] GC(258)   Merge Heap Roots: 0.3ms
[2025-12-06T10:03:38.789+0000][21067.154s][info ][gc,phases   ] GC(258)   Evacuate Collection Set: 4.7ms
[2025-12-06T10:03:38.789+0000][21067.154s][info ][gc,phases   ] GC(258)   Post Evacuate Collection Set: 2.8ms
[2025-12-06T10:03:38.789+0000][21067.154s][info ][gc,phases   ] GC(258)   Other: 0.4ms
[2025-12-06T10:03:38.789+0000][21067.154s][info ][gc,heap     ] GC(258) Eden regions: 312->0(312)
[2025-12-06T10:03:38.789+0000][21067.154s][info ][gc,heap     ] GC(258) Survivor regions: 2->2(40)
[2025-12-06T10:03:38.789+0000][21067.154s][info ][gc,heap     ] GC(258) Old regions: 148->148
[2025-12-06T10:03:38.789+0000][21067.154s][info ][gc,heap     ] GC(258) Archive regions: 2->2
[2025-12-06T10:03:38.789+0000][21067.154s][info ][gc,heap     ] GC(258) Humongous regions: 0->0
[2025-12-06T10:03:38.789+0000][21067.154s][info ][gc,metaspace] GC(258) Metaspace: 208195K(209664K)->208195K(209664K) NonClass: 183345K(184128K)->183345K(184128K) Class: 24849K(25536K)->24849K(25536K)
[2025-12-06T10:03:38.789+0000][21067.155s][info ][gc          ] GC(258) Pause Young (Concurrent Start) (G1 Evacuation Pause) 461M->149M(524M) 9.371ms
[2025-12-06T10:03:38.789+0000][21067.155s][info ][gc,cpu      ] GC(258) User=0.05s Sys=0.00s Real=0.01s
[2025-12-06T10:03:38.789+0000][21067.155s][info ][gc          ] GC(259) Concurrent Mark Cycle
[2025-12-06T10:03:38.789+0000][21067.155s][info ][gc,marking  ] GC(259) Concurrent Clear Claimed Marks
[2025-12-06T10:03:38.789+0000][21067.155s][info ][safepoint   ] Safepoint "G1CollectForAllocation", Time since last: 262464067769 ns, Reaching safepoint: 202128 ns, Cleanup: 11292 ns, At safepoint: 9787007 ns, Total: 10000427 ns
[2025-12-06T10:03:38.789+0000][21067.155s][info ][gc,marking  ] GC(259) Concurrent Clear Claimed Marks 0.187ms
[2025-12-06T10:03:38.789+0000][21067.155s][info ][gc,marking  ] GC(259) Concurrent Scan Root Regions
[2025-12-06T10:03:38.792+0000][21067.158s][info ][gc,marking  ] GC(259) Concurrent Scan Root Regions 3.422ms
[2025-12-06T10:03:38.793+0000][21067.158s][info ][gc,marking  ] GC(259) Concurrent Mark
[2025-12-06T10:03:38.793+0000][21067.158s][info ][gc,marking  ] GC(259) Concurrent Mark From Roots
[2025-12-06T10:03:38.793+0000][21067.158s][info ][gc,task     ] GC(259) Using 3 workers of 3 for marking
[2025-12-06T10:03:38.875+0000][21067.241s][info ][gc,marking  ] GC(259) Concurrent Mark From Roots 82.333ms
[2025-12-06T10:03:38.875+0000][21067.241s][info ][gc,marking  ] GC(259) Concurrent Preclean
[2025-12-06T10:03:38.875+0000][21067.241s][info ][gc,marking  ] GC(259) Concurrent Preclean 0.406ms
[2025-12-06T10:03:38.875+0000][21067.241s][debug][safepoint   ] Safepoint synchronization initiated using futex wait barrier. (265 threads)
[2025-12-06T10:03:38.875+0000][21067.241s][info ][gc,start    ] GC(259) Pause Remark
[2025-12-06T10:03:38.893+0000][21067.259s][info ][gc          ] GC(259) Pause Remark 155M->155M(524M) 17.282ms
[2025-12-06T10:03:38.893+0000][21067.259s][info ][gc,cpu      ] GC(259) User=0.18s Sys=0.00s Real=0.01s
[2025-12-06T10:03:38.894+0000][21067.260s][info ][safepoint   ] Safepoint "G1PauseRemark", Time since last: 86431726 ns, Reaching safepoint: 36450 ns, Cleanup: 3617 ns, At safepoint: 18490125 ns, Total: 18530192 ns
[2025-12-06T10:03:38.894+0000][21067.260s][info ][gc,marking  ] GC(259) Concurrent Mark 101.509ms
[2025-12-06T10:03:38.894+0000][21067.260s][info ][gc,marking  ] GC(259) Concurrent Rebuild Remembered Sets
[2025-12-06T10:03:38.940+0000][21067.306s][info ][gc,marking  ] GC(259) Concurrent Rebuild Remembered Sets 45.665ms
[2025-12-06T10:03:38.940+0000][21067.306s][debug][safepoint   ] Safepoint synchronization initiated using futex wait barrier. (265 threads)
[2025-12-06T10:03:38.940+0000][21067.306s][info ][gc,start    ] GC(259) Pause Cleanup
[2025-12-06T10:03:38.940+0000][21067.306s][info ][gc          ] GC(259) Pause Cleanup 155M->155M(524M) 0.363ms
[2025-12-06T10:03:38.940+0000][21067.306s][info ][gc,cpu      ] GC(259) User=0.00s Sys=0.00s Real=0.00s
[2025-12-06T10:03:38.940+0000][21067.306s][info ][safepoint   ] Safepoint "G1PauseCleanup", Time since last: 45896234 ns, Reaching safepoint: 41690 ns, Cleanup: 29156 ns, At safepoint: 484649 ns, Total: 555495 ns
[2025-12-06T10:03:38.940+0000][21067.306s][info ][gc,marking  ] GC(259) Concurrent Cleanup for Next Mark
[2025-12-06T10:03:38.942+0000][21067.308s][info ][gc,marking  ] GC(259) Concurrent Cleanup for Next Mark 1.741ms
[2025-12-06T10:03:38.942+0000][21067.308s][info ][gc          ] GC(259) Concurrent Mark Cycle 153.388ms
[2025-12-06T10:07:19.233+0000][21287.614s][debug][safepoint   ] Safepoint synchronization initiated using futex wait barrier. (267 threads)
[2025-12-06T10:07:19.233+0000][21287.614s][info ][safepoint   ] Safepoint "Cleanup", Time since last: 220307336089 ns, Reaching safepoint: 166982 ns, Cleanup: 20780 ns, At safepoint: 4699 ns, Total: 192461 ns
[2025-12-06T10:08:00.420+0000][21328.803s][debug][safepoint   ] Safepoint synchronization initiated using futex wait barrier. (265 threads)
[2025-12-06T10:08:00.420+0000][21328.804s][info ][gc,start    ] GC(260) Pause Young (Prepare Mixed) (G1 Evacuation Pause)
[2025-12-06T10:08:00.420+0000][21328.804s][info ][gc,task     ] GC(260) Using 13 workers of 13 for evacuation
[2025-12-06T10:08:00.429+0000][21328.812s][info ][gc,phases   ] GC(260)   Pre Evacuate Collection Set: 0.5ms
[2025-12-06T10:08:00.429+0000][21328.812s][info ][gc,phases   ] GC(260)   Merge Heap Roots: 0.3ms
[2025-12-06T10:08:00.429+0000][21328.812s][info ][gc,phases   ] GC(260)   Evacuate Collection Set: 5.1ms
[2025-12-06T10:08:00.429+0000][21328.812s][info ][gc,phases   ] GC(260)   Post Evacuate Collection Set: 2.4ms
[2025-12-06T10:08:00.429+0000][21328.812s][info ][gc,phases   ] GC(260)   Other: 0.2ms
[2025-12-06T10:08:00.429+0000][21328.812s][info ][gc,heap     ] GC(260) Eden regions: 312->0(25)
[2025-12-06T10:08:00.429+0000][21328.812s][info ][gc,heap     ] GC(260) Survivor regions: 2->1(40)
[2025-12-06T10:08:00.429+0000][21328.812s][info ][gc,heap     ] GC(260) Old regions: 148->148
[2025-12-06T10:08:00.429+0000][21328.812s][info ][gc,heap     ] GC(260) Archive regions: 2->2
[2025-12-06T10:08:00.429+0000][21328.812s][info ][gc,heap     ] GC(260) Humongous regions: 0->0
[2025-12-06T10:08:00.429+0000][21328.812s][info ][gc,metaspace] GC(260) Metaspace: 208200K(209664K)->208200K(209664K) NonClass: 183350K(184128K)->183350K(184128K) Class: 24849K(25536K)->24849K(25536K)
[2025-12-06T10:08:00.429+0000][21328.812s][info ][gc          ] GC(260) Pause Young (Prepare Mixed) (G1 Evacuation Pause) 461M->149M(524M) 8.596ms
[2025-12-06T10:08:00.429+0000][21328.812s][info ][gc,cpu      ] GC(260) User=0.04s Sys=0.01s Real=0.01s
[2025-12-06T10:08:00.429+0000][21328.812s][info ][safepoint   ] Safepoint "G1CollectForAllocation", Time since last: 41189647076 ns, Reaching safepoint: 101265 ns, Cleanup: 5751 ns, At safepoint: 8909843 ns, Total: 9016859 ns
[2025-12-06T10:08:19.804+0000][21348.191s][debug][safepoint   ] Safepoint synchronization initiated using futex wait barrier. (268 threads)
[2025-12-06T10:08:19.805+0000][21348.191s][info ][gc,start    ] GC(261) Pause Young (Mixed) (G1 Evacuation Pause)
[2025-12-06T10:08:19.805+0000][21348.191s][info ][gc,task     ] GC(261) Using 13 workers of 13 for evacuation
[2025-12-06T10:08:19.821+0000][21348.207s][info ][gc,phases   ] GC(261)   Pre Evacuate Collection Set: 1.0ms
[2025-12-06T10:08:19.821+0000][21348.208s][info ][gc,phases   ] GC(261)   Merge Heap Roots: 0.3ms
[2025-12-06T10:08:19.821+0000][21348.208s][info ][gc,phases   ] GC(261)   Evacuate Collection Set: 11.8ms
[2025-12-06T10:08:19.821+0000][21348.208s][info ][gc,phases   ] GC(261)   Post Evacuate Collection Set: 3.0ms
[2025-12-06T10:08:19.821+0000][21348.208s][info ][gc,phases   ] GC(261)   Other: 0.3ms
[2025-12-06T10:08:19.821+0000][21348.208s][info ][gc,heap     ] GC(261) Eden regions: 25->0(313)
[2025-12-06T10:08:19.821+0000][21348.208s][info ][gc,heap     ] GC(261) Survivor regions: 1->1(4)
[2025-12-06T10:08:19.821+0000][21348.208s][info ][gc,heap     ] GC(261) Old regions: 148->148
[2025-12-06T10:08:19.821+0000][21348.208s][info ][gc,heap     ] GC(261) Archive regions: 2->2
[2025-12-06T10:08:19.821+0000][21348.208s][info ][gc,heap     ] GC(261) Humongous regions: 0->0
[2025-12-06T10:08:19.821+0000][21348.208s][info ][gc,metaspace] GC(261) Metaspace: 208203K(209664K)->208203K(209664K) NonClass: 183353K(184128K)->183353K(184128K) Class: 24849K(25536K)->24849K(25536K)
[2025-12-06T10:08:19.821+0000][21348.208s][info ][gc          ] GC(261) Pause Young (Mixed) (G1 Evacuation Pause) 174M->149M(524M) 16.422ms
[2025-12-06T10:08:19.821+0000][21348.208s][info ][gc,cpu      ] GC(261) User=0.14s Sys=0.00s Real=0.01s
[2025-12-06T10:08:19.822+0000][21348.209s][info ][safepoint   ] Safepoint "G1CollectForAllocation", Time since last: 19378369411 ns, Reaching safepoint: 210437 ns, Cleanup: 9007 ns, At safepoint: 17587772 ns, Total: 17807216 ns
[2025-12-06T10:09:07.826+0000][21396.216s][debug][safepoint   ] Safepoint synchronization initiated using futex wait barrier. (266 threads)
[2025-12-06T10:09:07.827+0000][21396.216s][info ][safepoint   ] Safepoint "Cleanup", Time since last: 48007025449 ns, Reaching safepoint: 133969 ns, Cleanup: 17243 ns, At safepoint: 4809 ns, Total: 156021 ns
[2025-12-06T10:09:24.829+0000][21413.218s][debug][safepoint   ] Safepoint synchronization initiated using futex wait barrier. (267 threads)
[2025-12-06T10:09:24.829+0000][21413.218s][info ][safepoint   ] Safepoint "Cleanup", Time since last: 17002401404 ns, Reaching safepoint: 159889 ns, Cleanup: 15670 ns, At safepoint: 4529 ns, Total: 180088 ns
[2025-12-06T10:12:42.847+0000][21611.251s][debug][safepoint   ] Safepoint synchronization initiated using futex wait barrier. (265 threads)
[2025-12-06T10:12:42.847+0000][21611.251s][info ][gc,start    ] GC(262) Pause Young (Concurrent Start) (G1 Evacuation Pause)
[2025-12-06T10:12:42.847+0000][21611.251s][info ][gc,task     ] GC(262) Using 13 workers of 13 for evacuation
[2025-12-06T10:12:42.855+0000][21611.259s][info ][gc,phases   ] GC(262)   Pre Evacuate Collection Set: 1.0ms
[2025-12-06T10:12:42.855+0000][21611.259s][info ][gc,phases   ] GC(262)   Merge Heap Roots: 0.3ms
[2025-12-06T10:12:42.855+0000][21611.259s][info ][gc,phases   ] GC(262)   Evacuate Collection Set: 4.2ms
[2025-12-06T10:12:42.855+0000][21611.259s][info ][gc,phases   ] GC(262)   Post Evacuate Collection Set: 2.1ms
[2025-12-06T10:12:42.855+0000][21611.259s][info ][gc,phases   ] GC(262)   Other: 0.5ms
[2025-12-06T10:12:42.855+0000][21611.259s][info ][gc,heap     ] GC(262) Eden regions: 313->0(313)
[2025-12-06T10:12:42.855+0000][21611.259s][info ][gc,heap     ] GC(262) Survivor regions: 1->1(40)
[2025-12-06T10:12:42.855+0000][21611.259s][info ][gc,heap     ] GC(262) Old regions: 148->148
[2025-12-06T10:12:42.855+0000][21611.259s][info ][gc,heap     ] GC(262) Archive regions: 2->2
[2025-12-06T10:12:42.855+0000][21611.259s][info ][gc,heap     ] GC(262) Humongous regions: 0->0
[2025-12-06T10:12:42.855+0000][21611.259s][info ][gc,metaspace] GC(262) Metaspace: 208204K(209664K)->208204K(209664K) NonClass: 183355K(184128K)->183355K(184128K) Class: 24849K(25536K)->24849K(25536K)
[2025-12-06T10:12:42.855+0000][21611.259s][info ][gc          ] GC(262) Pause Young (Concurrent Start) (G1 Evacuation Pause) 462M->149M(524M) 8.145ms
[2025-12-06T10:12:42.855+0000][21611.259s][info ][gc,cpu      ] GC(262) User=0.04s Sys=0.00s Real=0.00s
[2025-12-06T10:12:42.855+0000][21611.259s][info ][gc          ] GC(263) Concurrent Mark Cycle
[2025-12-06T10:12:42.855+0000][21611.259s][info ][gc,marking  ] GC(263) Concurrent Clear Claimed Marks
[2025-12-06T10:12:42.855+0000][21611.259s][info ][safepoint   ] Safepoint "G1CollectForAllocation", Time since last: 198032171109 ns, Reaching safepoint: 110944 ns, Cleanup: 6282 ns, At safepoint: 8705897 ns, Total: 8823123 ns
[2025-12-06T10:12:42.856+0000][21611.260s][info ][gc,marking  ] GC(263) Concurrent Clear Claimed Marks 0.443ms
[2025-12-06T10:12:42.856+0000][21611.260s][info ][gc,marking  ] GC(263) Concurrent Scan Root Regions
[2025-12-06T10:12:42.859+0000][21611.263s][info ][gc,marking  ] GC(263) Concurrent Scan Root Regions 3.178ms
[2025-12-06T10:12:42.859+0000][21611.263s][info ][gc,marking  ] GC(263) Concurrent Mark
[2025-12-06T10:12:42.859+0000][21611.263s][info ][gc,marking  ] GC(263) Concurrent Mark From Roots
[2025-12-06T10:12:42.859+0000][21611.263s][info ][gc,task     ] GC(263) Using 3 workers of 3 for marking
[2025-12-06T10:12:42.957+0000][21611.361s][info ][gc,marking  ] GC(263) Concurrent Mark From Roots 98.399ms
[2025-12-06T10:12:42.957+0000][21611.361s][info ][gc,marking  ] GC(263) Concurrent Preclean
[2025-12-06T10:12:42.958+0000][21611.362s][info ][gc,marking  ] GC(263) Concurrent Preclean 0.571ms
[2025-12-06T10:12:42.958+0000][21611.362s][debug][safepoint   ] Safepoint synchronization initiated using futex wait barrier. (265 threads)
[2025-12-06T10:12:42.958+0000][21611.362s][info ][gc,start    ] GC(263) Pause Remark
[2025-12-06T10:12:42.976+0000][21611.379s][info ][gc          ] GC(263) Pause Remark 155M->155M(524M) 17.351ms
[2025-12-06T10:12:42.976+0000][21611.380s][info ][gc,cpu      ] GC(263) User=0.17s Sys=0.00s Real=0.01s
[2025-12-06T10:12:42.977+0000][21611.381s][info ][safepoint   ] Safepoint "G1PauseRemark", Time since last: 102629731 ns, Reaching safepoint: 47922 ns, Cleanup: 4298 ns, At safepoint: 18472631 ns, Total: 18524851 ns
[2025-12-06T10:12:42.977+0000][21611.381s][info ][gc,marking  ] GC(263) Concurrent Mark 117.767ms
[2025-12-06T10:12:42.977+0000][21611.381s][info ][gc,marking  ] GC(263) Concurrent Rebuild Remembered Sets
[2025-12-06T10:12:43.019+0000][21611.423s][info ][gc,marking  ] GC(263) Concurrent Rebuild Remembered Sets 42.158ms
[2025-12-06T10:12:43.019+0000][21611.423s][debug][safepoint   ] Safepoint synchronization initiated using futex wait barrier. (265 threads)
[2025-12-06T10:12:43.019+0000][21611.423s][info ][gc,start    ] GC(263) Pause Cleanup
[2025-12-06T10:12:43.020+0000][21611.424s][info ][gc          ] GC(263) Pause Cleanup 155M->155M(524M) 0.509ms
[2025-12-06T10:12:43.020+0000][21611.424s][info ][gc,cpu      ] GC(263) User=0.01s Sys=0.00s Real=0.00s
[2025-12-06T10:12:43.020+0000][21611.424s][info ][safepoint   ] Safepoint "G1PauseCleanup", Time since last: 42426496 ns, Reaching safepoint: 46229 ns, Cleanup: 40378 ns, At safepoint: 640084 ns, Total: 726691 ns
[2025-12-06T10:12:43.020+0000][21611.424s][info ][gc,marking  ] GC(263) Concurrent Cleanup for Next Mark
[2025-12-06T10:12:43.023+0000][21611.427s][info ][gc,marking  ] GC(263) Concurrent Cleanup for Next Mark 3.502ms
[2025-12-06T10:12:43.023+0000][21611.427s][info ][gc          ] GC(263) Concurrent Mark Cycle 168.109ms
[2025-12-06T10:17:05.776+0000][21874.199s][debug][safepoint   ] Safepoint synchronization initiated using futex wait barrier. (265 threads)
[2025-12-06T10:17:05.777+0000][21874.200s][info ][gc,start    ] GC(264) Pause Young (Prepare Mixed) (G1 Evacuation Pause)
[2025-12-06T10:17:05.777+0000][21874.200s][info ][gc,task     ] GC(264) Using 13 workers of 13 for evacuation
[2025-12-06T10:17:05.784+0000][21874.208s][info ][gc,phases   ] GC(264)   Pre Evacuate Collection Set: 0.7ms
[2025-12-06T10:17:05.784+0000][21874.208s][info ][gc,phases   ] GC(264)   Merge Heap Roots: 0.3ms
[2025-12-06T10:17:05.784+0000][21874.208s][info ][gc,phases   ] GC(264)   Evacuate Collection Set: 2.8ms
[2025-12-06T10:17:05.784+0000][21874.208s][info ][gc,phases   ] GC(264)   Post Evacuate Collection Set: 3.3ms
[2025-12-06T10:17:05.784+0000][21874.208s][info ][gc,phases   ] GC(264)   Other: 0.5ms
[2025-12-06T10:17:05.784+0000][21874.208s][info ][gc,heap     ] GC(264) Eden regions: 313->0(25)
[2025-12-06T10:17:05.784+0000][21874.208s][info ][gc,heap     ] GC(264) Survivor regions: 1->1(40)
[2025-12-06T10:17:05.784+0000][21874.208s][info ][gc,heap     ] GC(264) Old regions: 148->148
[2025-12-06T10:17:05.784+0000][21874.208s][info ][gc,heap     ] GC(264) Archive regions: 2->2
[2025-12-06T10:17:05.784+0000][21874.208s][info ][gc,heap     ] GC(264) Humongous regions: 0->0
[2025-12-06T10:17:05.784+0000][21874.208s][info ][gc,metaspace] GC(264) Metaspace: 208204K(209664K)->208204K(209664K) NonClass: 183355K(184128K)->183355K(184128K) Class: 24849K(25536K)->24849K(25536K)
[2025-12-06T10:17:05.784+0000][21874.208s][info ][gc          ] GC(264) Pause Young (Prepare Mixed) (G1 Evacuation Pause) 462M->149M(524M) 7.461ms
[2025-12-06T10:17:05.784+0000][21874.208s][info ][gc,cpu      ] GC(264) User=0.04s Sys=0.01s Real=0.01s
[2025-12-06T10:17:05.784+0000][21874.208s][info ][safepoint   ] Safepoint "G1CollectForAllocation", Time since last: 262775367785 ns, Reaching safepoint: 849071 ns, Cleanup: 11422 ns, At safepoint: 7880118 ns, Total: 8740611 ns
[2025-12-06T10:17:25.370+0000][21893.793s][debug][safepoint   ] Safepoint synchronization initiated using futex wait barrier. (264 threads)
[2025-12-06T10:17:25.370+0000][21893.793s][info ][gc,start    ] GC(265) Pause Young (Mixed) (G1 Evacuation Pause)
[2025-12-06T10:17:25.370+0000][21893.793s][info ][gc,task     ] GC(265) Using 13 workers of 13 for evacuation
[2025-12-06T10:17:25.380+0000][21893.803s][info ][gc,phases   ] GC(265)   Pre Evacuate Collection Set: 0.5ms
[2025-12-06T10:17:25.380+0000][21893.803s][info ][gc,phases   ] GC(265)   Merge Heap Roots: 0.3ms
[2025-12-06T10:17:25.380+0000][21893.803s][info ][gc,phases   ] GC(265)   Evacuate Collection Set: 6.8ms
[2025-12-06T10:17:25.380+0000][21893.803s][info ][gc,phases   ] GC(265)   Post Evacuate Collection Set: 2.2ms
[2025-12-06T10:17:25.380+0000][21893.803s][info ][gc,phases   ] GC(265)   Other: 0.2ms
[2025-12-06T10:17:25.380+0000][21893.803s][info ][gc,heap     ] GC(265) Eden regions: 25->0(313)
[2025-12-06T10:17:25.380+0000][21893.803s][info ][gc,heap     ] GC(265) Survivor regions: 1->1(4)
[2025-12-06T10:17:25.380+0000][21893.803s][info ][gc,heap     ] GC(265) Old regions: 148->147
[2025-12-06T10:17:25.380+0000][21893.803s][info ][gc,heap     ] GC(265) Archive regions: 2->2
[2025-12-06T10:17:25.380+0000][21893.803s][info ][gc,heap     ] GC(265) Humongous regions: 0->0
[2025-12-06T10:17:25.380+0000][21893.803s][info ][gc,metaspace] GC(265) Metaspace: 208204K(209664K)->208204K(209664K) NonClass: 183355K(184128K)->183355K(184128K) Class: 24849K(25536K)->24849K(25536K)
[2025-12-06T10:17:25.380+0000][21893.803s][info ][gc          ] GC(265) Pause Young (Mixed) (G1 Evacuation Pause) 174M->148M(524M) 10.132ms
[2025-12-06T10:17:25.380+0000][21893.804s][info ][gc,cpu      ] GC(265) User=0.03s Sys=0.01s Real=0.01s
[2025-12-06T10:17:25.382+0000][21893.805s][info ][safepoint   ] Safepoint "G1CollectForAllocation", Time since last: 19585362976 ns, Reaching safepoint: 93802 ns, Cleanup: 5681 ns, At safepoint: 11618191 ns, Total: 11717674 ns
[2025-12-06T10:21:48.924+0000][22157.366s][debug][safepoint   ] Safepoint synchronization initiated using futex wait barrier. (265 threads)
[2025-12-06T10:21:48.925+0000][22157.366s][info ][gc,start    ] GC(266) Pause Young (Concurrent Start) (G1 Evacuation Pause)
[2025-12-06T10:21:48.925+0000][22157.366s][info ][gc,task     ] GC(266) Using 13 workers of 13 for evacuation
[2025-12-06T10:21:48.935+0000][22157.377s][info ][gc,phases   ] GC(266)   Pre Evacuate Collection Set: 1.0ms
[2025-12-06T10:21:48.936+0000][22157.377s][info ][gc,phases   ] GC(266)   Merge Heap Roots: 0.3ms
[2025-12-06T10:21:48.936+0000][22157.377s][info ][gc,phases   ] GC(266)   Evacuate Collection Set: 6.8ms
[2025-12-06T10:21:48.936+0000][22157.377s][info ][gc,phases   ] GC(266)   Post Evacuate Collection Set: 2.5ms
[2025-12-06T10:21:48.936+0000][22157.377s][info ][gc,phases   ] GC(266)   Other: 0.4ms
[2025-12-06T10:21:48.936+0000][22157.377s][info ][gc,heap     ] GC(266) Eden regions: 313->0(313)
[2025-12-06T10:21:48.936+0000][22157.377s][info ][gc,heap     ] GC(266) Survivor regions: 1->1(40)
[2025-12-06T10:21:48.936+0000][22157.377s][info ][gc,heap     ] GC(266) Old regions: 147->147
[2025-12-06T10:21:48.936+0000][22157.377s][info ][gc,heap     ] GC(266) Archive regions: 2->2
[2025-12-06T10:21:48.936+0000][22157.377s][info ][gc,heap     ] GC(266) Humongous regions: 0->0
[2025-12-06T10:21:48.936+0000][22157.377s][info ][gc,metaspace] GC(266) Metaspace: 208204K(209664K)->208204K(209664K) NonClass: 183355K(184128K)->183355K(184128K) Class: 24849K(25536K)->24849K(25536K)
[2025-12-06T10:21:48.936+0000][22157.378s][info ][gc          ] GC(266) Pause Young (Concurrent Start) (G1 Evacuation Pause) 461M->148M(524M) 11.105ms
[2025-12-06T10:21:48.936+0000][22157.378s][info ][gc,cpu      ] GC(266) User=0.06s Sys=0.00s Real=0.01s
[2025-12-06T10:21:48.936+0000][22157.378s][info ][gc          ] GC(267) Concurrent Mark Cycle
[2025-12-06T10:21:48.936+0000][22157.378s][info ][gc,marking  ] GC(267) Concurrent Clear Claimed Marks
[2025-12-06T10:21:48.936+0000][22157.378s][info ][gc,marking  ] GC(267) Concurrent Clear Claimed Marks 0.186ms
[2025-12-06T10:21:48.936+0000][22157.378s][info ][gc,marking  ] GC(267) Concurrent Scan Root Regions
[2025-12-06T10:21:48.937+0000][22157.379s][info ][safepoint   ] Safepoint "G1CollectForAllocation", Time since last: 263561287005 ns, Reaching safepoint: 129710 ns, Cleanup: 6803 ns, At safepoint: 12413320 ns, Total: 12549833 ns
[2025-12-06T10:21:48.942+0000][22157.383s][info ][gc,marking  ] GC(267) Concurrent Scan Root Regions 5.512ms
[2025-12-06T10:21:48.942+0000][22157.384s][info ][gc,marking  ] GC(267) Concurrent Mark
[2025-12-06T10:21:48.942+0000][22157.384s][info ][gc,marking  ] GC(267) Concurrent Mark From Roots
[2025-12-06T10:21:48.942+0000][22157.384s][info ][gc,task     ] GC(267) Using 3 workers of 3 for marking
[2025-12-06T10:21:49.037+0000][22157.479s][info ][gc,marking  ] GC(267) Concurrent Mark From Roots 95.299ms
[2025-12-06T10:21:49.037+0000][22157.479s][info ][gc,marking  ] GC(267) Concurrent Preclean
[2025-12-06T10:21:49.037+0000][22157.479s][info ][gc,marking  ] GC(267) Concurrent Preclean 0.450ms
[2025-12-06T10:21:49.038+0000][22157.479s][debug][safepoint   ] Safepoint synchronization initiated using futex wait barrier. (265 threads)
[2025-12-06T10:21:49.040+0000][22157.482s][info ][gc,start    ] GC(267) Pause Remark
[2025-12-06T10:21:49.058+0000][22157.500s][info ][gc          ] GC(267) Pause Remark 155M->155M(524M) 18.520ms
[2025-12-06T10:21:49.058+0000][22157.500s][info ][gc,cpu      ] GC(267) User=0.20s Sys=0.00s Real=0.01s
[2025-12-06T10:21:49.059+0000][22157.501s][info ][safepoint   ] Safepoint "G1PauseRemark", Time since last: 100729583 ns, Reaching safepoint: 2246613 ns, Cleanup: 4829 ns, At safepoint: 19491711 ns, Total: 21743153 ns
[2025-12-06T10:21:49.059+0000][22157.501s][info ][gc,marking  ] GC(267) Concurrent Mark 117.733ms
[2025-12-06T10:21:49.059+0000][22157.501s][info ][gc,marking  ] GC(267) Concurrent Rebuild Remembered Sets
[2025-12-06T10:21:49.109+0000][22157.551s][info ][gc,marking  ] GC(267) Concurrent Rebuild Remembered Sets 49.388ms
[2025-12-06T10:21:49.109+0000][22157.551s][debug][safepoint   ] Safepoint synchronization initiated using futex wait barrier. (265 threads)
[2025-12-06T10:21:49.109+0000][22157.551s][info ][gc,start    ] GC(267) Pause Cleanup
[2025-12-06T10:21:49.109+0000][22157.551s][info ][gc          ] GC(267) Pause Cleanup 155M->155M(524M) 0.285ms
[2025-12-06T10:21:49.109+0000][22157.551s][info ][gc,cpu      ] GC(267) User=0.00s Sys=0.00s Real=0.00s
[2025-12-06T10:21:49.109+0000][22157.551s][info ][safepoint   ] Safepoint "G1PauseCleanup", Time since last: 49616918 ns, Reaching safepoint: 70806 ns, Cleanup: 34597 ns, At safepoint: 462262 ns, Total: 567665 ns
[2025-12-06T10:21:49.109+0000][22157.551s][info ][gc,marking  ] GC(267) Concurrent Cleanup for Next Mark
[2025-12-06T10:21:49.121+0000][22157.563s][info ][gc,marking  ] GC(267) Concurrent Cleanup for Next Mark 11.186ms
[2025-12-06T10:21:49.121+0000][22157.563s][info ][gc          ] GC(267) Concurrent Mark Cycle 184.883ms
[2025-12-06T10:24:08.121+0000][22296.573s][debug][safepoint   ] Safepoint synchronization initiated using futex wait barrier. (265 threads)
[2025-12-06T10:24:08.121+0000][22296.573s][info ][safepoint   ] Safepoint "Cleanup", Time since last: 139021940558 ns, Reaching safepoint: 123428 ns, Cleanup: 16642 ns, At safepoint: 5150 ns, Total: 145220 ns
[2025-12-06T10:26:12.141+0000][22420.602s][debug][safepoint   ] Safepoint synchronization initiated using futex wait barrier. (265 threads)
[2025-12-06T10:26:12.141+0000][22420.603s][info ][gc,start    ] GC(268) Pause Young (Prepare Mixed) (G1 Evacuation Pause)
[2025-12-06T10:26:12.141+0000][22420.603s][info ][gc,task     ] GC(268) Using 13 workers of 13 for evacuation
[2025-12-06T10:26:12.147+0000][22420.609s][info ][gc,phases   ] GC(268)   Pre Evacuate Collection Set: 0.6ms
[2025-12-06T10:26:12.147+0000][22420.609s][info ][gc,phases   ] GC(268)   Merge Heap Roots: 0.3ms
[2025-12-06T10:26:12.147+0000][22420.609s][info ][gc,phases   ] GC(268)   Evacuate Collection Set: 2.9ms
[2025-12-06T10:26:12.147+0000][22420.609s][info ][gc,phases   ] GC(268)   Post Evacuate Collection Set: 1.9ms
[2025-12-06T10:26:12.147+0000][22420.609s][info ][gc,phases   ] GC(268)   Other: 0.6ms
[2025-12-06T10:26:12.147+0000][22420.609s][info ][gc,heap     ] GC(268) Eden regions: 313->0(25)
[2025-12-06T10:26:12.147+0000][22420.609s][info ][gc,heap     ] GC(268) Survivor regions: 1->1(40)
[2025-12-06T10:26:12.147+0000][22420.609s][info ][gc,heap     ] GC(268) Old regions: 147->147
[2025-12-06T10:26:12.147+0000][22420.609s][info ][gc,heap     ] GC(268) Archive regions: 2->2
[2025-12-06T10:26:12.147+0000][22420.609s][info ][gc,heap     ] GC(268) Humongous regions: 0->0
[2025-12-06T10:26:12.147+0000][22420.609s][info ][gc,metaspace] GC(268) Metaspace: 208204K(209664K)->208204K(209664K) NonClass: 183355K(184128K)->183355K(184128K) Class: 24849K(25536K)->24849K(25536K)
[2025-12-06T10:26:12.147+0000][22420.609s][info ][gc          ] GC(268) Pause Young (Prepare Mixed) (G1 Evacuation Pause) 461M->148M(524M) 6.353ms
[2025-12-06T10:26:12.147+0000][22420.609s][info ][gc,cpu      ] GC(268) User=0.03s Sys=0.00s Real=0.01s
[2025-12-06T10:26:12.148+0000][22420.609s][info ][safepoint   ] Safepoint "G1CollectForAllocation", Time since last: 124028915442 ns, Reaching safepoint: 157924 ns, Cleanup: 6763 ns, At safepoint: 6625404 ns, Total: 6790091 ns
[2025-12-06T10:26:31.824+0000][22440.286s][debug][safepoint   ] Safepoint synchronization initiated using futex wait barrier. (266 threads)
[2025-12-06T10:26:31.824+0000][22440.286s][info ][gc,start    ] GC(269) Pause Young (Mixed) (G1 Evacuation Pause)
[2025-12-06T10:26:31.824+0000][22440.286s][info ][gc,task     ] GC(269) Using 13 workers of 13 for evacuation
[2025-12-06T10:26:31.854+0000][22440.315s][info ][gc,phases   ] GC(269)   Pre Evacuate Collection Set: 0.5ms
[2025-12-06T10:26:31.854+0000][22440.315s][info ][gc,phases   ] GC(269)   Merge Heap Roots: 0.6ms
[2025-12-06T10:26:31.854+0000][22440.315s][info ][gc,phases   ] GC(269)   Evacuate Collection Set: 26.2ms
[2025-12-06T10:26:31.854+0000][22440.315s][info ][gc,phases   ] GC(269)   Post Evacuate Collection Set: 1.7ms
[2025-12-06T10:26:31.854+0000][22440.315s][info ][gc,phases   ] GC(269)   Other: 0.4ms
[2025-12-06T10:26:31.854+0000][22440.315s][info ][gc,heap     ] GC(269) Eden regions: 25->0(313)
[2025-12-06T10:26:31.854+0000][22440.315s][info ][gc,heap     ] GC(269) Survivor regions: 1->1(4)
[2025-12-06T10:26:31.854+0000][22440.315s][info ][gc,heap     ] GC(269) Old regions: 147->147
[2025-12-06T10:26:31.854+0000][22440.315s][info ][gc,heap     ] GC(269) Archive regions: 2->2
[2025-12-06T10:26:31.854+0000][22440.315s][info ][gc,heap     ] GC(269) Humongous regions: 0->0
[2025-12-06T10:26:31.854+0000][22440.315s][info ][gc,metaspace] GC(269) Metaspace: 208204K(209664K)->208204K(209664K) NonClass: 183355K(184128K)->183355K(184128K) Class: 24849K(25536K)->24849K(25536K)
[2025-12-06T10:26:31.854+0000][22440.315s][info ][gc          ] GC(269) Pause Young (Mixed) (G1 Evacuation Pause) 173M->148M(524M) 29.484ms
[2025-12-06T10:26:31.854+0000][22440.316s][info ][gc,cpu      ] GC(269) User=0.21s Sys=0.00s Real=0.03s
[2025-12-06T10:26:31.855+0000][22440.317s][info ][safepoint   ] Safepoint "G1CollectForAllocation", Time since last: 19676532521 ns, Reaching safepoint: 101216 ns, Cleanup: 5691 ns, At safepoint: 31030466 ns, Total: 31137373 ns
[2025-12-06T10:30:55.244+0000][22703.725s][debug][safepoint   ] Safepoint synchronization initiated using futex wait barrier. (265 threads)
[2025-12-06T10:30:55.244+0000][22703.725s][info ][gc,start    ] GC(270) Pause Young (Concurrent Start) (G1 Evacuation Pause)
[2025-12-06T10:30:55.244+0000][22703.725s][info ][gc,task     ] GC(270) Using 13 workers of 13 for evacuation
[2025-12-06T10:30:55.250+0000][22703.731s][info ][gc,phases   ] GC(270)   Pre Evacuate Collection Set: 0.7ms
[2025-12-06T10:30:55.250+0000][22703.731s][info ][gc,phases   ] GC(270)   Merge Heap Roots: 0.3ms
[2025-12-06T10:30:55.250+0000][22703.731s][info ][gc,phases   ] GC(270)   Evacuate Collection Set: 2.9ms
[2025-12-06T10:30:55.250+0000][22703.731s][info ][gc,phases   ] GC(270)   Post Evacuate Collection Set: 2.0ms
[2025-12-06T10:30:55.250+0000][22703.731s][info ][gc,phases   ] GC(270)   Other: 0.2ms
[2025-12-06T10:30:55.250+0000][22703.731s][info ][gc,heap     ] GC(270) Eden regions: 313->0(313)
[2025-12-06T10:30:55.250+0000][22703.731s][info ][gc,heap     ] GC(270) Survivor regions: 1->1(40)
[2025-12-06T10:30:55.250+0000][22703.731s][info ][gc,heap     ] GC(270) Old regions: 147->147
[2025-12-06T10:30:55.250+0000][22703.731s][info ][gc,heap     ] GC(270) Archive regions: 2->2
[2025-12-06T10:30:55.250+0000][22703.731s][info ][gc,heap     ] GC(270) Humongous regions: 0->0
[2025-12-06T10:30:55.250+0000][22703.732s][info ][gc,metaspace] GC(270) Metaspace: 208204K(209664K)->208204K(209664K) NonClass: 183355K(184128K)->183355K(184128K) Class: 24849K(25536K)->24849K(25536K)
[2025-12-06T10:30:55.250+0000][22703.732s][info ][gc          ] GC(270) Pause Young (Concurrent Start) (G1 Evacuation Pause) 461M->148M(524M) 6.185ms
[2025-12-06T10:30:55.250+0000][22703.732s][info ][gc,cpu      ] GC(270) User=0.02s Sys=0.00s Real=0.01s
[2025-12-06T10:30:55.251+0000][22703.732s][info ][gc          ] GC(271) Concurrent Mark Cycle
[2025-12-06T10:30:55.251+0000][22703.732s][info ][gc,marking  ] GC(271) Concurrent Clear Claimed Marks
[2025-12-06T10:30:55.251+0000][22703.732s][info ][safepoint   ] Safepoint "G1CollectForAllocation", Time since last: 263408306613 ns, Reaching safepoint: 164458 ns, Cleanup: 6422 ns, At safepoint: 6551094 ns, Total: 6721974 ns
[2025-12-06T10:30:55.251+0000][22703.732s][info ][gc,marking  ] GC(271) Concurrent Clear Claimed Marks 0.181ms
[2025-12-06T10:30:55.251+0000][22703.732s][info ][gc,marking  ] GC(271) Concurrent Scan Root Regions
[2025-12-06T10:30:55.254+0000][22703.735s][info ][gc,marking  ] GC(271) Concurrent Scan Root Regions 3.591ms
[2025-12-06T10:30:55.254+0000][22703.736s][info ][gc,marking  ] GC(271) Concurrent Mark
[2025-12-06T10:30:55.254+0000][22703.736s][info ][gc,marking  ] GC(271) Concurrent Mark From Roots
[2025-12-06T10:30:55.254+0000][22703.736s][info ][gc,task     ] GC(271) Using 3 workers of 3 for marking
[2025-12-06T10:30:55.338+0000][22703.819s][info ][gc,marking  ] GC(271) Concurrent Mark From Roots 83.872ms
[2025-12-06T10:30:55.338+0000][22703.819s][info ][gc,marking  ] GC(271) Concurrent Preclean
[2025-12-06T10:30:55.339+0000][22703.820s][info ][gc,marking  ] GC(271) Concurrent Preclean 0.380ms
[2025-12-06T10:30:55.339+0000][22703.820s][debug][safepoint   ] Safepoint synchronization initiated using futex wait barrier. (265 threads)
[2025-12-06T10:30:55.339+0000][22703.820s][info ][gc,start    ] GC(271) Pause Remark
[2025-12-06T10:30:55.353+0000][22703.834s][info ][gc          ] GC(271) Pause Remark 154M->154M(520M) 13.758ms
[2025-12-06T10:30:55.353+0000][22703.834s][info ][gc,cpu      ] GC(271) User=0.13s Sys=0.00s Real=0.02s
[2025-12-06T10:30:55.354+0000][22703.835s][info ][safepoint   ] Safepoint "G1PauseRemark", Time since last: 88066666 ns, Reaching safepoint: 38564 ns, Cleanup: 3517 ns, At safepoint: 14972057 ns, Total: 15014138 ns
[2025-12-06T10:30:55.354+0000][22703.835s][info ][gc,marking  ] GC(271) Concurrent Mark 99.459ms
[2025-12-06T10:30:55.354+0000][22703.835s][info ][gc,marking  ] GC(271) Concurrent Rebuild Remembered Sets
[2025-12-06T10:30:55.398+0000][22703.879s][info ][gc,marking  ] GC(271) Concurrent Rebuild Remembered Sets 43.794ms
[2025-12-06T10:30:55.398+0000][22703.879s][debug][safepoint   ] Safepoint synchronization initiated using futex wait barrier. (265 threads)
[2025-12-06T10:30:55.398+0000][22703.879s][info ][gc,start    ] GC(271) Pause Cleanup
[2025-12-06T10:30:55.398+0000][22703.879s][info ][gc          ] GC(271) Pause Cleanup 154M->154M(520M) 0.349ms
[2025-12-06T10:30:55.398+0000][22703.879s][info ][gc,cpu      ] GC(271) User=0.00s Sys=0.00s Real=0.00s
[2025-12-06T10:30:55.398+0000][22703.879s][info ][safepoint   ] Safepoint "G1PauseCleanup", Time since last: 43993174 ns, Reaching safepoint: 38495 ns, Cleanup: 3176 ns, At safepoint: 448857 ns, Total: 490528 ns
[2025-12-06T10:30:55.398+0000][22703.879s][info ][gc,marking  ] GC(271) Concurrent Cleanup for Next Mark
[2025-12-06T10:30:55.410+0000][22703.892s][info ][gc,marking  ] GC(271) Concurrent Cleanup for Next Mark 12.093ms
[2025-12-06T10:30:55.410+0000][22703.892s][info ][gc          ] GC(271) Concurrent Mark Cycle 159.925ms
[2025-12-06T10:35:17.254+0000][22965.754s][debug][safepoint   ] Safepoint synchronization initiated using futex wait barrier. (265 threads)
[2025-12-06T10:35:17.256+0000][22965.756s][info ][gc,start    ] GC(272) Pause Young (Prepare Mixed) (G1 Evacuation Pause)
[2025-12-06T10:35:17.256+0000][22965.756s][info ][gc,task     ] GC(272) Using 13 workers of 13 for evacuation
[2025-12-06T10:35:17.269+0000][22965.768s][info ][gc,phases   ] GC(272)   Pre Evacuate Collection Set: 1.6ms
[2025-12-06T10:35:17.269+0000][22965.768s][info ][gc,phases   ] GC(272)   Merge Heap Roots: 0.5ms
[2025-12-06T10:35:17.269+0000][22965.768s][info ][gc,phases   ] GC(272)   Evacuate Collection Set: 6.4ms
[2025-12-06T10:35:17.269+0000][22965.768s][info ][gc,phases   ] GC(272)   Post Evacuate Collection Set: 3.6ms
[2025-12-06T10:35:17.269+0000][22965.768s][info ][gc,phases   ] GC(272)   Other: 0.8ms
[2025-12-06T10:35:17.269+0000][22965.768s][info ][gc,heap     ] GC(272) Eden regions: 311->0(25)
[2025-12-06T10:35:17.269+0000][22965.768s][info ][gc,heap     ] GC(272) Survivor regions: 1->1(39)
[2025-12-06T10:35:17.269+0000][22965.768s][info ][gc,heap     ] GC(272) Old regions: 147->148
[2025-12-06T10:35:17.269+0000][22965.768s][info ][gc,heap     ] GC(272) Archive regions: 2->2
[2025-12-06T10:35:17.269+0000][22965.768s][info ][gc,heap     ] GC(272) Humongous regions: 0->0
[2025-12-06T10:35:17.269+0000][22965.768s][info ][gc,metaspace] GC(272) Metaspace: 208204K(209664K)->208204K(209664K) NonClass: 183355K(184128K)->183355K(184128K) Class: 24849K(25536K)->24849K(25536K)
[2025-12-06T10:35:17.269+0000][22965.768s][info ][gc          ] GC(272) Pause Young (Prepare Mixed) (G1 Evacuation Pause) 459M->148M(520M) 12.648ms
[2025-12-06T10:35:17.269+0000][22965.768s][info ][gc,cpu      ] GC(272) User=0.11s Sys=0.00s Real=0.01s
[2025-12-06T10:35:17.269+0000][22965.769s][info ][safepoint   ] Safepoint "G1CollectForAllocation", Time since last: 261874235991 ns, Reaching safepoint: 1364270 ns, Cleanup: 9618 ns, At safepoint: 13875312 ns, Total: 15249200 ns
[2025-12-06T10:35:37.068+0000][22985.570s][debug][safepoint   ] Safepoint synchronization initiated using futex wait barrier. (264 threads)
[2025-12-06T10:35:37.068+0000][22985.570s][info ][gc,start    ] GC(273) Pause Young (Mixed) (G1 Evacuation Pause)
[2025-12-06T10:35:37.068+0000][22985.570s][info ][gc,task     ] GC(273) Using 13 workers of 13 for evacuation
[2025-12-06T10:35:37.106+0000][22985.607s][info ][gc,phases   ] GC(273)   Pre Evacuate Collection Set: 0.4ms
[2025-12-06T10:35:37.106+0000][22985.607s][info ][gc,phases   ] GC(273)   Merge Heap Roots: 0.5ms
[2025-12-06T10:35:37.106+0000][22985.607s][info ][gc,phases   ] GC(273)   Evacuate Collection Set: 31.5ms
[2025-12-06T10:35:37.106+0000][22985.607s][info ][gc,phases   ] GC(273)   Post Evacuate Collection Set: 4.8ms
[2025-12-06T10:35:37.106+0000][22985.607s][info ][gc,phases   ] GC(273)   Other: 0.3ms
[2025-12-06T10:35:37.106+0000][22985.607s][info ][gc,heap     ] GC(273) Eden regions: 25->0(311)
[2025-12-06T10:35:37.106+0000][22985.607s][info ][gc,heap     ] GC(273) Survivor regions: 1->1(4)
[2025-12-06T10:35:37.106+0000][22985.607s][info ][gc,heap     ] GC(273) Old regions: 148->147
[2025-12-06T10:35:37.106+0000][22985.607s][info ][gc,heap     ] GC(273) Archive regions: 2->2
[2025-12-06T10:35:37.106+0000][22985.607s][info ][gc,heap     ] GC(273) Humongous regions: 0->0
[2025-12-06T10:35:37.106+0000][22985.607s][info ][gc,metaspace] GC(273) Metaspace: 208204K(209664K)->208204K(209664K) NonClass: 183355K(184128K)->183355K(184128K) Class: 24849K(25536K)->24849K(25536K)
[2025-12-06T10:35:37.106+0000][22985.607s][info ][gc          ] GC(273) Pause Young (Mixed) (G1 Evacuation Pause) 173M->147M(520M) 37.546ms
[2025-12-06T10:35:37.106+0000][22985.608s][info ][gc,cpu      ] GC(273) User=0.25s Sys=0.00s Real=0.03s
[2025-12-06T10:35:37.107+0000][22985.609s][info ][safepoint   ] Safepoint "G1CollectForAllocation", Time since last: 19800833088 ns, Reaching safepoint: 107516 ns, Cleanup: 6633 ns, At safepoint: 38894262 ns, Total: 39008411 ns
[2025-12-06T10:37:07.112+0000][23075.620s][debug][safepoint   ] Safepoint synchronization initiated using futex wait barrier. (265 threads)
[2025-12-06T10:37:07.112+0000][23075.620s][info ][safepoint   ] Safepoint "Cleanup", Time since last: 90011153765 ns, Reaching safepoint: 86376 ns, Cleanup: 13977 ns, At safepoint: 3517 ns, Total: 103870 ns
[2025-12-06T10:39:42.122+0000][23230.639s][debug][safepoint   ] Safepoint synchronization initiated using futex wait barrier. (264 threads)
[2025-12-06T10:39:42.122+0000][23230.640s][info ][safepoint   ] Safepoint "Cleanup", Time since last: 155019467670 ns, Reaching safepoint: 161140 ns, Cleanup: 20910 ns, At safepoint: 5761 ns, Total: 187811 ns
[2025-12-06T10:39:56.686+0000][23245.203s][debug][safepoint   ] Safepoint synchronization initiated using futex wait barrier. (264 threads)
[2025-12-06T10:39:56.686+0000][23245.204s][info ][gc,start    ] GC(274) Pause Young (Concurrent Start) (G1 Evacuation Pause)
[2025-12-06T10:39:56.686+0000][23245.204s][info ][gc,task     ] GC(274) Using 13 workers of 13 for evacuation
[2025-12-06T10:39:56.703+0000][23245.220s][info ][gc,phases   ] GC(274)   Pre Evacuate Collection Set: 0.8ms
[2025-12-06T10:39:56.703+0000][23245.220s][info ][gc,phases   ] GC(274)   Merge Heap Roots: 0.9ms
[2025-12-06T10:39:56.703+0000][23245.220s][info ][gc,phases   ] GC(274)   Evacuate Collection Set: 9.5ms
[2025-12-06T10:39:56.703+0000][23245.220s][info ][gc,phases   ] GC(274)   Post Evacuate Collection Set: 4.2ms
[2025-12-06T10:39:56.703+0000][23245.220s][info ][gc,phases   ] GC(274)   Other: 1.5ms
[2025-12-06T10:39:56.703+0000][23245.220s][info ][gc,heap     ] GC(274) Eden regions: 311->0(311)
[2025-12-06T10:39:56.703+0000][23245.220s][info ][gc,heap     ] GC(274) Survivor regions: 1->1(39)
[2025-12-06T10:39:56.703+0000][23245.220s][info ][gc,heap     ] GC(274) Old regions: 147->147
[2025-12-06T10:39:56.703+0000][23245.220s][info ][gc,heap     ] GC(274) Archive regions: 2->2
[2025-12-06T10:39:56.703+0000][23245.220s][info ][gc,heap     ] GC(274) Humongous regions: 0->0
[2025-12-06T10:39:56.703+0000][23245.221s][info ][gc,metaspace] GC(274) Metaspace: 208223K(209664K)->208223K(209664K) NonClass: 183373K(184128K)->183373K(184128K) Class: 24849K(25536K)->24849K(25536K)
[2025-12-06T10:39:56.703+0000][23245.221s][info ][gc          ] GC(274) Pause Young (Concurrent Start) (G1 Evacuation Pause) 458M->148M(520M) 17.006ms
[2025-12-06T10:39:56.703+0000][23245.221s][info ][gc,cpu      ] GC(274) User=0.10s Sys=0.00s Real=0.01s
[2025-12-06T10:39:56.703+0000][23245.221s][info ][gc          ] GC(275) Concurrent Mark Cycle
[2025-12-06T10:39:56.703+0000][23245.221s][info ][gc,marking  ] GC(275) Concurrent Clear Claimed Marks
[2025-12-06T10:39:56.703+0000][23245.221s][info ][gc,marking  ] GC(275) Concurrent Clear Claimed Marks 0.312ms
[2025-12-06T10:39:56.703+0000][23245.221s][info ][gc,marking  ] GC(275) Concurrent Scan Root Regions
[2025-12-06T10:39:56.704+0000][23245.222s][info ][safepoint   ] Safepoint "G1CollectForAllocation", Time since last: 14563667130 ns, Reaching safepoint: 148716 ns, Cleanup: 5801 ns, At safepoint: 18321585 ns, Total: 18476102 ns
[2025-12-06T10:39:56.718+0000][23245.235s][info ][gc,marking  ] GC(275) Concurrent Scan Root Regions 14.304ms
[2025-12-06T10:39:56.718+0000][23245.235s][info ][gc,marking  ] GC(275) Concurrent Mark
[2025-12-06T10:39:56.718+0000][23245.235s][info ][gc,marking  ] GC(275) Concurrent Mark From Roots
[2025-12-06T10:39:56.718+0000][23245.235s][info ][gc,task     ] GC(275) Using 3 workers of 3 for marking
[2025-12-06T10:39:56.845+0000][23245.363s][info ][gc,marking  ] GC(275) Concurrent Mark From Roots 127.450ms
[2025-12-06T10:39:56.845+0000][23245.363s][info ][gc,marking  ] GC(275) Concurrent Preclean
[2025-12-06T10:39:56.846+0000][23245.363s][info ][gc,marking  ] GC(275) Concurrent Preclean 0.393ms
[2025-12-06T10:39:56.846+0000][23245.363s][debug][safepoint   ] Safepoint synchronization initiated using futex wait barrier. (264 threads)
[2025-12-06T10:39:56.846+0000][23245.364s][info ][gc,start    ] GC(275) Pause Remark
[2025-12-06T10:39:56.870+0000][23245.388s][info ][gc          ] GC(275) Pause Remark 155M->155M(520M) 24.304ms
[2025-12-06T10:39:56.870+0000][23245.388s][info ][gc,cpu      ] GC(275) User=0.28s Sys=0.00s Real=0.02s
[2025-12-06T10:39:56.871+0000][23245.389s][info ][safepoint   ] Safepoint "G1PauseRemark", Time since last: 141636742 ns, Reaching safepoint: 41851 ns, Cleanup: 3586 ns, At safepoint: 25692970 ns, Total: 25738407 ns
[2025-12-06T10:39:56.871+0000][23245.389s][info ][gc,marking  ] GC(275) Concurrent Mark 153.834ms
[2025-12-06T10:39:56.872+0000][23245.389s][info ][gc,marking  ] GC(275) Concurrent Rebuild Remembered Sets
[2025-12-06T10:39:56.918+0000][23245.436s][info ][gc,marking  ] GC(275) Concurrent Rebuild Remembered Sets 46.561ms
[2025-12-06T10:39:56.918+0000][23245.436s][debug][safepoint   ] Safepoint synchronization initiated using futex wait barrier. (264 threads)
[2025-12-06T10:39:56.918+0000][23245.436s][info ][gc,start    ] GC(275) Pause Cleanup
[2025-12-06T10:39:56.919+0000][23245.437s][info ][gc          ] GC(275) Pause Cleanup 155M->155M(520M) 0.516ms
[2025-12-06T10:39:56.919+0000][23245.437s][info ][gc,cpu      ] GC(275) User=0.00s Sys=0.00s Real=0.00s
[2025-12-06T10:39:56.919+0000][23245.437s][info ][safepoint   ] Safepoint "G1PauseCleanup", Time since last: 46815977 ns, Reaching safepoint: 51149 ns, Cleanup: 40447 ns, At safepoint: 741629 ns, Total: 833225 ns
[2025-12-06T10:39:56.919+0000][23245.437s][info ][gc,marking  ] GC(275) Concurrent Cleanup for Next Mark
[2025-12-06T10:39:56.931+0000][23245.448s][info ][gc,marking  ] GC(275) Concurrent Cleanup for Next Mark 11.583ms
[2025-12-06T10:39:56.931+0000][23245.449s][info ][gc          ] GC(275) Concurrent Mark Cycle 227.803ms
[2025-12-06T10:41:07.928+0000][23316.452s][debug][safepoint   ] Safepoint synchronization initiated using futex wait barrier. (265 threads)
[2025-12-06T10:41:07.928+0000][23316.452s][info ][safepoint   ] Safepoint "Cleanup", Time since last: 71014823840 ns, Reaching safepoint: 94381 ns, Cleanup: 15831 ns, At safepoint: 4398 ns, Total: 114610 ns
[2025-12-06T10:43:45.942+0000][23474.475s][debug][safepoint   ] Safepoint synchronization initiated using futex wait barrier. (264 threads)
[2025-12-06T10:43:45.945+0000][23474.478s][info ][safepoint   ] Safepoint "Cleanup", Time since last: 158023741746 ns, Reaching safepoint: 2418011 ns, Cleanup: 17403 ns, At safepoint: 432043 ns, Total: 2867457 ns
[2025-12-06T10:44:18.126+0000][23506.662s][debug][safepoint   ] Safepoint synchronization initiated using futex wait barrier. (264 threads)
[2025-12-06T10:44:18.126+0000][23506.662s][info ][gc,start    ] GC(276) Pause Young (Prepare Mixed) (G1 Evacuation Pause)
[2025-12-06T10:44:18.126+0000][23506.662s][info ][gc,task     ] GC(276) Using 13 workers of 13 for evacuation
[2025-12-06T10:44:18.134+0000][23506.670s][info ][gc,phases   ] GC(276)   Pre Evacuate Collection Set: 0.4ms
[2025-12-06T10:44:18.134+0000][23506.670s][info ][gc,phases   ] GC(276)   Merge Heap Roots: 0.3ms
[2025-12-06T10:44:18.134+0000][23506.670s][info ][gc,phases   ] GC(276)   Evacuate Collection Set: 5.0ms
[2025-12-06T10:44:18.134+0000][23506.670s][info ][gc,phases   ] GC(276)   Post Evacuate Collection Set: 2.1ms
[2025-12-06T10:44:18.134+0000][23506.670s][info ][gc,phases   ] GC(276)   Other: 0.3ms
[2025-12-06T10:44:18.134+0000][23506.670s][info ][gc,heap     ] GC(276) Eden regions: 311->0(25)
[2025-12-06T10:44:18.134+0000][23506.670s][info ][gc,heap     ] GC(276) Survivor regions: 1->1(39)
[2025-12-06T10:44:18.134+0000][23506.670s][info ][gc,heap     ] GC(276) Old regions: 147->147
[2025-12-06T10:44:18.134+0000][23506.670s][info ][gc,heap     ] GC(276) Archive regions: 2->2
[2025-12-06T10:44:18.134+0000][23506.670s][info ][gc,heap     ] GC(276) Humongous regions: 0->0
[2025-12-06T10:44:18.134+0000][23506.670s][info ][gc,metaspace] GC(276) Metaspace: 208225K(209664K)->208225K(209664K) NonClass: 183375K(184128K)->183375K(184128K) Class: 24849K(25536K)->24849K(25536K)
[2025-12-06T10:44:18.134+0000][23506.670s][info ][gc          ] GC(276) Pause Young (Prepare Mixed) (G1 Evacuation Pause) 459M->148M(520M) 8.189ms
[2025-12-06T10:44:18.134+0000][23506.671s][info ][gc,cpu      ] GC(276) User=0.05s Sys=0.00s Real=0.01s
[2025-12-06T10:44:18.135+0000][23506.671s][info ][safepoint   ] Safepoint "G1CollectForAllocation", Time since last: 32183730731 ns, Reaching safepoint: 94061 ns, Cleanup: 5360 ns, At safepoint: 9286525 ns, Total: 9385946 ns
[2025-12-06T10:44:37.923+0000][23526.461s][debug][safepoint   ] Safepoint synchronization initiated using futex wait barrier. (264 threads)
[2025-12-06T10:44:37.923+0000][23526.461s][info ][gc,start    ] GC(277) Pause Young (Mixed) (G1 Evacuation Pause)
[2025-12-06T10:44:37.923+0000][23526.461s][info ][gc,task     ] GC(277) Using 13 workers of 13 for evacuation
[2025-12-06T10:44:37.935+0000][23526.473s][info ][gc,phases   ] GC(277)   Pre Evacuate Collection Set: 0.6ms
[2025-12-06T10:44:37.936+0000][23526.473s][info ][gc,phases   ] GC(277)   Merge Heap Roots: 0.5ms
[2025-12-06T10:44:37.936+0000][23526.473s][info ][gc,phases   ] GC(277)   Evacuate Collection Set: 9.1ms
[2025-12-06T10:44:37.936+0000][23526.473s][info ][gc,phases   ] GC(277)   Post Evacuate Collection Set: 1.8ms
[2025-12-06T10:44:37.936+0000][23526.473s][info ][gc,phases   ] GC(277)   Other: 0.3ms
[2025-12-06T10:44:37.936+0000][23526.473s][info ][gc,heap     ] GC(277) Eden regions: 25->0(311)
[2025-12-06T10:44:37.936+0000][23526.473s][info ][gc,heap     ] GC(277) Survivor regions: 1->1(4)
[2025-12-06T10:44:37.936+0000][23526.473s][info ][gc,heap     ] GC(277) Old regions: 147->147
[2025-12-06T10:44:37.936+0000][23526.473s][info ][gc,heap     ] GC(277) Archive regions: 2->2
[2025-12-06T10:44:37.936+0000][23526.473s][info ][gc,heap     ] GC(277) Humongous regions: 0->0
[2025-12-06T10:44:37.936+0000][23526.474s][info ][gc,metaspace] GC(277) Metaspace: 208225K(209664K)->208225K(209664K) NonClass: 183375K(184128K)->183375K(184128K) Class: 24849K(25536K)->24849K(25536K)
[2025-12-06T10:44:37.936+0000][23526.474s][info ][gc          ] GC(277) Pause Young (Mixed) (G1 Evacuation Pause) 173M->148M(520M) 12.376ms
[2025-12-06T10:44:37.936+0000][23526.474s][info ][gc,cpu      ] GC(277) User=0.09s Sys=0.00s Real=0.01s
[2025-12-06T10:44:37.936+0000][23526.474s][info ][safepoint   ] Safepoint "G1CollectForAllocation", Time since last: 19789364643 ns, Reaching safepoint: 155980 ns, Cleanup: 42772 ns, At safepoint: 13365422 ns, Total: 13564174 ns
[2025-12-06T10:48:59.443+0000][23787.997s][debug][safepoint   ] Safepoint synchronization initiated using futex wait barrier. (265 threads)
[2025-12-06T10:48:59.443+0000][23787.998s][info ][gc,start    ] GC(278) Pause Young (Concurrent Start) (G1 Evacuation Pause)
[2025-12-06T10:48:59.443+0000][23787.998s][info ][gc,task     ] GC(278) Using 13 workers of 13 for evacuation
[2025-12-06T10:48:59.453+0000][23788.007s][info ][gc,phases   ] GC(278)   Pre Evacuate Collection Set: 1.4ms
[2025-12-06T10:48:59.453+0000][23788.007s][info ][gc,phases   ] GC(278)   Merge Heap Roots: 0.4ms
[2025-12-06T10:48:59.453+0000][23788.007s][info ][gc,phases   ] GC(278)   Evacuate Collection Set: 4.7ms
[2025-12-06T10:48:59.453+0000][23788.007s][info ][gc,phases   ] GC(278)   Post Evacuate Collection Set: 2.7ms
[2025-12-06T10:48:59.453+0000][23788.007s][info ][gc,phases   ] GC(278)   Other: 0.6ms
[2025-12-06T10:48:59.453+0000][23788.007s][info ][gc,heap     ] GC(278) Eden regions: 311->0(311)
[2025-12-06T10:48:59.453+0000][23788.007s][info ][gc,heap     ] GC(278) Survivor regions: 1->1(39)
[2025-12-06T10:48:59.453+0000][23788.008s][info ][gc,heap     ] GC(278) Old regions: 147->147
[2025-12-06T10:48:59.453+0000][23788.008s][info ][gc,heap     ] GC(278) Archive regions: 2->2
[2025-12-06T10:48:59.453+0000][23788.008s][info ][gc,heap     ] GC(278) Humongous regions: 0->0
[2025-12-06T10:48:59.453+0000][23788.008s][info ][gc,metaspace] GC(278) Metaspace: 208225K(209664K)->208225K(209664K) NonClass: 183375K(184128K)->183375K(184128K) Class: 24849K(25536K)->24849K(25536K)
[2025-12-06T10:48:59.453+0000][23788.008s][info ][gc          ] GC(278) Pause Young (Concurrent Start) (G1 Evacuation Pause) 459M->148M(520M) 9.752ms
[2025-12-06T10:48:59.453+0000][23788.008s][info ][gc,cpu      ] GC(278) User=0.05s Sys=0.00s Real=0.01s
[2025-12-06T10:48:59.453+0000][23788.008s][info ][gc          ] GC(279) Concurrent Mark Cycle
[2025-12-06T10:48:59.453+0000][23788.008s][info ][gc,marking  ] GC(279) Concurrent Clear Claimed Marks
[2025-12-06T10:48:59.453+0000][23788.008s][info ][gc,marking  ] GC(279) Concurrent Clear Claimed Marks 0.242ms
[2025-12-06T10:48:59.454+0000][23788.008s][info ][gc,marking  ] GC(279) Concurrent Scan Root Regions
[2025-12-06T10:48:59.454+0000][23788.008s][info ][safepoint   ] Safepoint "G1CollectForAllocation", Time since last: 261522840058 ns, Reaching safepoint: 354536 ns, Cleanup: 14769 ns, At safepoint: 10740903 ns, Total: 11110208 ns
[2025-12-06T10:48:59.461+0000][23788.016s][info ][gc,marking  ] GC(279) Concurrent Scan Root Regions 7.862ms
[2025-12-06T10:48:59.461+0000][23788.016s][info ][gc,marking  ] GC(279) Concurrent Mark
[2025-12-06T10:48:59.461+0000][23788.016s][info ][gc,marking  ] GC(279) Concurrent Mark From Roots
[2025-12-06T10:48:59.461+0000][23788.016s][info ][gc,task     ] GC(279) Using 3 workers of 3 for marking
[2025-12-06T10:48:59.556+0000][23788.110s][info ][gc,marking  ] GC(279) Concurrent Mark From Roots 94.245ms
[2025-12-06T10:48:59.556+0000][23788.110s][info ][gc,marking  ] GC(279) Concurrent Preclean
[2025-12-06T10:48:59.556+0000][23788.111s][info ][gc,marking  ] GC(279) Concurrent Preclean 0.448ms
[2025-12-06T10:48:59.556+0000][23788.111s][debug][safepoint   ] Safepoint synchronization initiated using futex wait barrier. (265 threads)
[2025-12-06T10:48:59.556+0000][23788.111s][info ][gc,start    ] GC(279) Pause Remark
[2025-12-06T10:48:59.571+0000][23788.126s][info ][gc          ] GC(279) Pause Remark 154M->154M(520M) 14.689ms
[2025-12-06T10:48:59.571+0000][23788.126s][info ][gc,cpu      ] GC(279) User=0.15s Sys=0.00s Real=0.01s
[2025-12-06T10:48:59.572+0000][23788.126s][info ][safepoint   ] Safepoint "G1PauseRemark", Time since last: 102527022 ns, Reaching safepoint: 52171 ns, Cleanup: 43955 ns, At safepoint: 15359425 ns, Total: 15455551 ns
[2025-12-06T10:48:59.572+0000][23788.126s][info ][gc,marking  ] GC(279) Concurrent Mark 110.386ms
[2025-12-06T10:48:59.572+0000][23788.126s][info ][gc,marking  ] GC(279) Concurrent Rebuild Remembered Sets
[2025-12-06T10:48:59.613+0000][23788.167s][info ][gc,marking  ] GC(279) Concurrent Rebuild Remembered Sets 40.857ms
[2025-12-06T10:48:59.613+0000][23788.167s][debug][safepoint   ] Safepoint synchronization initiated using futex wait barrier. (265 threads)
[2025-12-06T10:48:59.613+0000][23788.168s][info ][gc,start    ] GC(279) Pause Cleanup
[2025-12-06T10:48:59.613+0000][23788.168s][info ][gc          ] GC(279) Pause Cleanup 154M->154M(520M) 0.347ms
[2025-12-06T10:48:59.613+0000][23788.168s][info ][gc,cpu      ] GC(279) User=0.00s Sys=0.00s Real=0.00s
[2025-12-06T10:48:59.613+0000][23788.168s][info ][safepoint   ] Safepoint "G1PauseCleanup", Time since last: 41091647 ns, Reaching safepoint: 40028 ns, Cleanup: 3006 ns, At safepoint: 449991 ns, Total: 493025 ns
[2025-12-06T10:48:59.613+0000][23788.168s][info ][gc,marking  ] GC(279) Concurrent Cleanup for Next Mark
[2025-12-06T10:48:59.624+0000][23788.179s][info ][gc,marking  ] GC(279) Concurrent Cleanup for Next Mark 10.730ms
[2025-12-06T10:48:59.624+0000][23788.179s][info ][gc          ] GC(279) Concurrent Mark Cycle 170.958ms
[2025-12-06T10:49:14.614+0000][23803.170s][debug][safepoint   ] Safepoint synchronization initiated using futex wait barrier. (265 threads)
[2025-12-06T10:49:14.614+0000][23803.170s][info ][safepoint   ] Safepoint "Cleanup", Time since last: 15001908316 ns, Reaching safepoint: 154918 ns, Cleanup: 20650 ns, At safepoint: 5511 ns, Total: 181079 ns
[2025-12-06T10:49:52.620+0000][23841.178s][debug][safepoint   ] Safepoint synchronization initiated using futex wait barrier. (264 threads)
[2025-12-06T10:49:52.620+0000][23841.178s][info ][safepoint   ] Safepoint "Cleanup", Time since last: 38008251601 ns, Reaching safepoint: 163805 ns, Cleanup: 16783 ns, At safepoint: 6813 ns, Total: 187401 ns
[2025-12-06T10:53:21.065+0000][24049.638s][debug][safepoint   ] Safepoint synchronization initiated using futex wait barrier. (265 threads)
[2025-12-06T10:53:21.066+0000][24049.639s][info ][gc,start    ] GC(280) Pause Young (Prepare Mixed) (G1 Evacuation Pause)
[2025-12-06T10:53:21.066+0000][24049.639s][info ][gc,task     ] GC(280) Using 13 workers of 13 for evacuation
[2025-12-06T10:53:21.072+0000][24049.645s][info ][gc,phases   ] GC(280)   Pre Evacuate Collection Set: 0.4ms
[2025-12-06T10:53:21.073+0000][24049.646s][info ][gc,phases   ] GC(280)   Merge Heap Roots: 0.8ms
[2025-12-06T10:53:21.073+0000][24049.646s][info ][gc,phases   ] GC(280)   Evacuate Collection Set: 3.4ms
[2025-12-06T10:53:21.073+0000][24049.646s][info ][gc,phases   ] GC(280)   Post Evacuate Collection Set: 2.2ms
[2025-12-06T10:53:21.073+0000][24049.646s][info ][gc,phases   ] GC(280)   Other: 0.3ms
[2025-12-06T10:53:21.073+0000][24049.646s][info ][gc,heap     ] GC(280) Eden regions: 311->0(25)
[2025-12-06T10:53:21.073+0000][24049.646s][info ][gc,heap     ] GC(280) Survivor regions: 1->1(39)
[2025-12-06T10:53:21.073+0000][24049.646s][info ][gc,heap     ] GC(280) Old regions: 147->147
[2025-12-06T10:53:21.073+0000][24049.646s][info ][gc,heap     ] GC(280) Archive regions: 2->2
[2025-12-06T10:53:21.073+0000][24049.646s][info ][gc,heap     ] GC(280) Humongous regions: 0->0
[2025-12-06T10:53:21.073+0000][24049.646s][info ][gc,metaspace] GC(280) Metaspace: 208225K(209664K)->208225K(209664K) NonClass: 183375K(184128K)->183375K(184128K) Class: 24849K(25536K)->24849K(25536K)
[2025-12-06T10:53:21.073+0000][24049.646s][info ][gc          ] GC(280) Pause Young (Prepare Mixed) (G1 Evacuation Pause) 459M->148M(520M) 7.088ms
[2025-12-06T10:53:21.073+0000][24049.646s][info ][gc,cpu      ] GC(280) User=0.04s Sys=0.00s Real=0.01s
[2025-12-06T10:53:21.073+0000][24049.646s][info ][safepoint   ] Safepoint "G1CollectForAllocation", Time since last: 208459929194 ns, Reaching safepoint: 85575 ns, Cleanup: 5039 ns, At safepoint: 7836413 ns, Total: 7927027 ns
[2025-12-06T10:53:40.886+0000][24069.462s][debug][safepoint   ] Safepoint synchronization initiated using futex wait barrier. (265 threads)
[2025-12-06T10:53:40.887+0000][24069.462s][info ][gc,start    ] GC(281) Pause Young (Mixed) (G1 Evacuation Pause)
[2025-12-06T10:53:40.887+0000][24069.462s][info ][gc,task     ] GC(281) Using 13 workers of 13 for evacuation
[2025-12-06T10:53:40.900+0000][24069.475s][info ][gc,phases   ] GC(281)   Pre Evacuate Collection Set: 0.7ms
[2025-12-06T10:53:40.900+0000][24069.475s][info ][gc,phases   ] GC(281)   Merge Heap Roots: 0.5ms
[2025-12-06T10:53:40.900+0000][24069.475s][info ][gc,phases   ] GC(281)   Evacuate Collection Set: 9.9ms
[2025-12-06T10:53:40.900+0000][24069.475s][info ][gc,phases   ] GC(281)   Post Evacuate Collection Set: 1.9ms
[2025-12-06T10:53:40.900+0000][24069.475s][info ][gc,phases   ] GC(281)   Other: 0.2ms
[2025-12-06T10:53:40.900+0000][24069.475s][info ][gc,heap     ] GC(281) Eden regions: 25->0(311)
[2025-12-06T10:53:40.900+0000][24069.475s][info ][gc,heap     ] GC(281) Survivor regions: 1->1(4)
[2025-12-06T10:53:40.900+0000][24069.475s][info ][gc,heap     ] GC(281) Old regions: 147->147
[2025-12-06T10:53:40.900+0000][24069.475s][info ][gc,heap     ] GC(281) Archive regions: 2->2
[2025-12-06T10:53:40.900+0000][24069.475s][info ][gc,heap     ] GC(281) Humongous regions: 0->0
[2025-12-06T10:53:40.900+0000][24069.475s][info ][gc,metaspace] GC(281) Metaspace: 208225K(209664K)->208225K(209664K) NonClass: 183375K(184128K)->183375K(184128K) Class: 24849K(25536K)->24849K(25536K)
[2025-12-06T10:53:40.900+0000][24069.475s][info ][gc          ] GC(281) Pause Young (Mixed) (G1 Evacuation Pause) 173M->148M(520M) 13.220ms
[2025-12-06T10:53:40.900+0000][24069.475s][info ][gc,cpu      ] GC(281) User=0.10s Sys=0.00s Real=0.01s
[2025-12-06T10:53:40.901+0000][24069.476s][info ][safepoint   ] Safepoint "G1CollectForAllocation", Time since last: 19815389045 ns, Reaching safepoint: 128467 ns, Cleanup: 7164 ns, At safepoint: 13946163 ns, Total: 14081794 ns
[2025-12-06T10:53:41.901+0000][24070.476s][debug][safepoint   ] Safepoint synchronization initiated using futex wait barrier. (265 threads)
[2025-12-06T10:53:41.901+0000][24070.476s][info ][safepoint   ] Safepoint "Cleanup", Time since last: 1000170982 ns, Reaching safepoint: 85785 ns, Cleanup: 48584 ns, At safepoint: 5170 ns, Total: 139539 ns
[2025-12-06T10:56:18.913+0000][24227.497s][debug][safepoint   ] Safepoint synchronization initiated using futex wait barrier. (265 threads)
[2025-12-06T10:56:18.913+0000][24227.497s][info ][safepoint   ] Safepoint "Cleanup", Time since last: 157021128116 ns, Reaching safepoint: 106184 ns, Cleanup: 11662 ns, At safepoint: 30810 ns, Total: 148656 ns
